MemTotal:        4016004 kB
MemFree:         3235680 kB
Active:           426728 kB
Mem:          3.8G       762M       3.1G       5.7M        52M       322M

MemTotal:        4016004 kB
MemFree:         3235152 kB
Active:           427140 kB
Mem:          3.8G       762M       3.1G       5.7M        52M       322M

MemTotal:        4016004 kB
MemFree:         3235012 kB
Active:           427172 kB
Mem:          3.8G       762M       3.1G       5.7M        52M       322M

MemTotal:        4016004 kB
MemFree:         3234996 kB
Active:           427196 kB
Mem:          3.8G       762M       3.1G       5.7M        52M       322M

MemTotal:        4016004 kB
MemFree:         3234980 kB
Active:           427188 kB
Mem:          3.8G       762M       3.1G       5.7M        52M       322M

MemTotal:        4016004 kB
MemFree:         3234344 kB
Active:           427240 kB
Mem:          3.8G       763M       3.1G       5.7M        52M       322M

MemTotal:        4016004 kB
MemFree:         3234096 kB
Active:           427212 kB
Mem:          3.8G       763M       3.1G       5.7M        52M       322M

MemTotal:        4016004 kB
MemFree:         3234204 kB
Active:           427212 kB
Mem:          3.8G       763M       3.1G       5.7M        52M       322M

MemTotal:        4016004 kB
MemFree:         3233940 kB
Active:           427256 kB
Mem:          3.8G       763M       3.1G       5.7M        52M       322M

MemTotal:        4016004 kB
MemFree:         3234436 kB
Active:           427252 kB
Mem:          3.8G       763M       3.1G       5.7M        52M       322M

MemTotal:        4016004 kB
MemFree:         3234312 kB
Active:           427248 kB
Mem:          3.8G       763M       3.1G       5.7M        52M       322M

MemTotal:        4016004 kB
MemFree:         3234436 kB
Active:           427252 kB
Mem:          3.8G       763M       3.1G       5.7M        52M       322M

MemTotal:        4016004 kB
MemFree:         3233868 kB
Active:           425364 kB
Mem:          3.8G       763M       3.1G       5.7M        52M       322M

MemTotal:        4016004 kB
MemFree:         3233628 kB
Active:           427296 kB
Mem:          3.8G       763M       3.1G       5.7M        52M       322M

MemTotal:        4016004 kB
MemFree:         3235968 kB
Active:           425308 kB
Mem:          3.8G       762M       3.1G       5.7M        52M       322M

MemTotal:        4016004 kB
MemFree:         3235860 kB
Active:           425260 kB
Mem:          3.8G       761M       3.1G       5.7M        52M       322M

MemTotal:        4016004 kB
MemFree:         3235984 kB
Active:           425272 kB
Mem:          3.8G       761M       3.1G       5.7M        52M       322M

MemTotal:        4016004 kB
MemFree:         3235612 kB
Active:           425276 kB
Mem:          3.8G       761M       3.1G       5.7M        52M       322M

MemTotal:        4016004 kB
MemFree:         3235844 kB
Active:           425252 kB
Mem:          3.8G       762M       3.1G       5.7M        52M       322M

MemTotal:        4016004 kB
MemFree:         3235844 kB
Active:           425256 kB
Mem:          3.8G       761M       3.1G       5.7M        52M       322M

MemTotal:        4016004 kB
MemFree:         3235844 kB
Active:           425232 kB
Mem:          3.8G       761M       3.1G       5.7M        52M       322M

MemTotal:        4016004 kB
MemFree:         3236216 kB
Active:           425236 kB
Mem:          3.8G       761M       3.1G       5.7M        52M       322M

MemTotal:        4016004 kB
MemFree:         3236448 kB
Active:           425284 kB
Mem:          3.8G       761M       3.1G       5.7M        52M       322M

MemTotal:        4016004 kB
MemFree:         3236420 kB
Active:           425236 kB
Mem:          3.8G       761M       3.1G       5.7M        52M       322M

MemTotal:        4016004 kB
MemFree:         3236296 kB
Active:           425236 kB
Mem:          3.8G       761M       3.1G       5.7M        52M       322M

MemTotal:        4016004 kB
MemFree:         3236296 kB
Active:           425248 kB
Mem:          3.8G       761M       3.1G       5.7M        52M       322M

MemTotal:        4016004 kB
MemFree:         3236420 kB
Active:           425284 kB
Mem:          3.8G       761M       3.1G       5.7M        52M       322M

MemTotal:        4016004 kB
MemFree:         3236172 kB
Active:           425272 kB
Mem:          3.8G       761M       3.1G       5.7M        52M       322M

MemTotal:        4016004 kB
MemFree:         3236204 kB
Active:           425240 kB
Mem:          3.8G       761M       3.1G       5.7M        52M       322M

MemTotal:        4016004 kB
MemFree:         3236452 kB
Active:           425236 kB
Mem:          3.8G       761M       3.1G       5.7M        52M       322M

MemTotal:        4016004 kB
MemFree:         3236204 kB
Active:           425264 kB
Mem:          3.8G       761M       3.1G       5.7M        52M       322M

MemTotal:        4016004 kB
MemFree:         3236468 kB
Active:           425240 kB
Mem:          3.8G       761M       3.1G       5.7M        52M       322M

MemTotal:        4016004 kB
MemFree:         3235348 kB
Active:           425400 kB
Mem:          3.8G       761M       3.1G       5.7M        52M       322M

MemTotal:        4016004 kB
MemFree:         3235968 kB
Active:           425392 kB
Mem:          3.8G       761M       3.1G       5.7M        52M       322M

MemTotal:        4016004 kB
MemFree:         3236108 kB
Active:           425372 kB
Mem:          3.8G       761M       3.1G       5.7M        52M       322M

MemTotal:        4016004 kB
MemFree:         3235364 kB
Active:           425412 kB
Mem:          3.8G       762M       3.1G       5.7M        52M       322M

MemTotal:        4016004 kB
MemFree:         3235612 kB
Active:           425412 kB
Mem:          3.8G       762M       3.1G       5.7M        52M       322M

MemTotal:        4016004 kB
MemFree:         3235612 kB
Active:           425392 kB
Mem:          3.8G       762M       3.1G       5.7M        52M       322M

MemTotal:        4016004 kB
MemFree:         3235720 kB
Active:           425372 kB
Mem:          3.8G       762M       3.1G       5.7M        52M       322M

MemTotal:        4016004 kB
MemFree:         3236092 kB
Active:           425360 kB
Mem:          3.8G       761M       3.1G       5.7M        52M       322M

MemTotal:        4016004 kB
MemFree:         3236076 kB
Active:           425388 kB
Mem:          3.8G       761M       3.1G       5.7M        52M       322M

MemTotal:        4016004 kB
MemFree:         3236076 kB
Active:           425372 kB
Mem:          3.8G       761M       3.1G       5.7M        52M       322M

MemTotal:        4016004 kB
MemFree:         3235828 kB
Active:           425396 kB
Mem:          3.8G       762M       3.1G       5.7M        52M       322M

MemTotal:        4016004 kB
MemFree:         3235828 kB
Active:           425380 kB
Mem:          3.8G       761M       3.1G       5.7M        52M       322M

MemTotal:        4016004 kB
MemFree:         3235952 kB
Active:           425416 kB
Mem:          3.8G       761M       3.1G       5.7M        52M       322M

MemTotal:        4016004 kB
MemFree:         3236076 kB
Active:           425372 kB
Mem:          3.8G       761M       3.1G       5.7M        52M       322M

MemTotal:        4016004 kB
MemFree:         3236000 kB
Active:           425400 kB
Mem:          3.8G       762M       3.1G       5.7M        52M       322M

MemTotal:        4016004 kB
MemFree:         3236124 kB
Active:           425424 kB
Mem:          3.8G       761M       3.1G       5.7M        52M       322M

MemTotal:        4016004 kB
MemFree:         3236496 kB
Active:           425396 kB
Mem:          3.8G       761M       3.1G       5.7M        52M       322M

MemTotal:        4016004 kB
MemFree:         3236356 kB
Active:           425384 kB
Mem:          3.8G       761M       3.1G       5.7M        52M       322M

MemTotal:        4016004 kB
MemFree:         3236356 kB
Active:           425412 kB
Mem:          3.8G       761M       3.1G       5.7M        52M       322M

MemTotal:        4016004 kB
MemFree:         3236356 kB
Active:           425404 kB
Mem:          3.8G       761M       3.1G       5.7M        52M       322M

MemTotal:        4016004 kB
MemFree:         3235344 kB
Active:           425456 kB
Mem:          3.8G       762M       3.1G       5.7M        52M       322M

MemTotal:        4016004 kB
MemFree:         3235948 kB
Active:           425404 kB
Mem:          3.8G       762M       3.1G       5.7M        52M       322M

MemTotal:        4016004 kB
MemFree:         3236056 kB
Active:           425420 kB
Mem:          3.8G       761M       3.1G       5.7M        52M       322M

MemTotal:        4016004 kB
MemFree:         3236320 kB
Active:           425408 kB
Mem:          3.8G       761M       3.1G       5.7M        52M       322M

MemTotal:        4016004 kB
MemFree:         3235824 kB
Active:           425468 kB
Mem:          3.8G       761M       3.1G       5.7M        52M       322M

MemTotal:        4016004 kB
MemFree:         3235948 kB
Active:           425412 kB
Mem:          3.8G       762M       3.1G       5.7M        52M       322M

MemTotal:        4016004 kB
MemFree:         3236072 kB
Active:           425424 kB
Mem:          3.8G       761M       3.1G       5.7M        52M       322M

MemTotal:        4016004 kB
MemFree:         3235832 kB
Active:           425468 kB
Mem:          3.8G       761M       3.1G       5.7M        52M       322M

MemTotal:        4016004 kB
MemFree:         3236328 kB
Active:           425452 kB
Mem:          3.8G       761M       3.1G       5.7M        52M       322M

MemTotal:        4016004 kB
MemFree:         3235004 kB
Active:           423500 kB
Mem:          3.8G       762M       3.1G       5.7M        52M       322M

MemTotal:        4016004 kB
MemFree:         3234992 kB
Active:           425476 kB
Mem:          3.8G       762M       3.1G       5.7M        52M       322M

MemTotal:        4016004 kB
MemFree:         3235348 kB
Active:           425452 kB
Mem:          3.8G       762M       3.1G       5.7M        52M       322M

MemTotal:        4016004 kB
MemFree:         3235332 kB
Active:           425424 kB
Mem:          3.8G       762M       3.1G       5.7M        52M       322M

MemTotal:        4016004 kB
MemFree:         3235316 kB
Active:           425460 kB
Mem:          3.8G       762M       3.1G       5.7M        52M       322M

MemTotal:        4016004 kB
MemFree:         3235176 kB
Active:           425444 kB
Mem:          3.8G       762M       3.1G       5.7M        52M       322M

MemTotal:        4016004 kB
MemFree:         3235396 kB
Active:           425472 kB
Mem:          3.8G       762M       3.1G       5.7M        52M       322M

MemTotal:        4016004 kB
MemFree:         3236016 kB
Active:           425448 kB
Mem:          3.8G       762M       3.1G       5.7M        52M       322M

MemTotal:        4016004 kB
MemFree:         3235768 kB
Active:           425436 kB
Mem:          3.8G       761M       3.1G       5.7M        52M       322M

MemTotal:        4016004 kB
MemFree:         3235892 kB
Active:           425464 kB
Mem:          3.8G       761M       3.1G       5.7M        52M       322M

MemTotal:        4016004 kB
MemFree:         3235712 kB
Active:           423484 kB
Mem:          3.8G       762M       3.1G       5.7M        52M       322M

MemTotal:        4016004 kB
MemFree:         3235764 kB
Active:           425460 kB
Mem:          3.8G       762M       3.1G       5.7M        52M       322M

MemTotal:        4016004 kB
MemFree:         3235764 kB
Active:           425444 kB
Mem:          3.8G       762M       3.1G       5.7M        52M       322M

MemTotal:        4016004 kB
MemFree:         3235408 kB
Active:           425480 kB
Mem:          3.8G       762M       3.1G       5.7M        52M       322M

MemTotal:        4016004 kB
MemFree:         3235656 kB
Active:           425480 kB
Mem:          3.8G       761M       3.1G       5.7M        52M       322M

MemTotal:        4016004 kB
MemFree:         3235904 kB
Active:           425480 kB
Mem:          3.8G       761M       3.1G       5.7M        52M       322M

MemTotal:        4016004 kB
MemFree:         3236276 kB
Active:           425464 kB
Mem:          3.8G       761M       3.1G       5.7M        52M       322M

MemTotal:        4016004 kB
MemFree:         3236028 kB
Active:           425460 kB
Mem:          3.8G       761M       3.1G       5.7M        52M       322M

MemTotal:        4016004 kB
MemFree:         3236120 kB
Active:           425444 kB
Mem:          3.8G       761M       3.1G       5.7M        52M       322M

MemTotal:        4016004 kB
MemFree:         3236228 kB
Active:           425472 kB
Mem:          3.8G       761M       3.1G       5.7M        52M       322M

MemTotal:        4016004 kB
MemFree:         3235832 kB
Active:           423560 kB
Mem:          3.8G       762M       3.1G       5.7M        52M       322M

MemTotal:        4016004 kB
MemFree:         3235668 kB
Active:           425448 kB
Mem:          3.8G       761M       3.1G       5.7M        52M       322M

MemTotal:        4016004 kB
MemFree:         3235916 kB
Active:           425476 kB
Mem:          3.8G       761M       3.1G       5.7M        52M       322M

MemTotal:        4016004 kB
MemFree:         3235916 kB
Active:           425456 kB
Mem:          3.8G       761M       3.1G       5.7M        52M       322M

MemTotal:        4016004 kB
MemFree:         3235668 kB
Active:           425456 kB
Mem:          3.8G       761M       3.1G       5.7M        52M       322M

MemTotal:        4016004 kB
MemFree:         3236164 kB
Active:           425492 kB
Mem:          3.8G       761M       3.1G       5.7M        52M       322M

MemTotal:        4016004 kB
MemFree:         3236132 kB
Active:           425476 kB
Mem:          3.8G       761M       3.1G       5.7M        52M       322M

MemTotal:        4016004 kB
MemFree:         3236084 kB
Active:           425468 kB
Mem:          3.8G       761M       3.1G       5.7M        52M       322M

MemTotal:        4016004 kB
MemFree:         3235884 kB
Active:           425472 kB
Mem:          3.8G       761M       3.1G       5.7M        52M       322M

MemTotal:        4016004 kB
MemFree:         3235636 kB
Active:           425512 kB
Mem:          3.8G       762M       3.1G       5.7M        52M       322M

MemTotal:        4016004 kB
MemFree:         3235552 kB
Active:           423452 kB
Mem:          3.8G       761M       3.1G       5.7M        52M       322M

MemTotal:        4016004 kB
MemFree:         3236172 kB
Active:           425464 kB
Mem:          3.8G       761M       3.1G       5.7M        52M       322M

MemTotal:        4016004 kB
MemFree:         3236156 kB
Active:           425504 kB
Mem:          3.8G       761M       3.1G       5.7M        52M       322M

MemTotal:        4016004 kB
MemFree:         3236016 kB
Active:           425472 kB
Mem:          3.8G       761M       3.1G       5.7M        52M       322M

MemTotal:        4016004 kB
MemFree:         3235752 kB
Active:           425516 kB
Mem:          3.8G       761M       3.1G       5.7M        52M       322M

MemTotal:        4016004 kB
MemFree:         3235752 kB
Active:           425516 kB
Mem:          3.8G       762M       3.1G       5.7M        52M       322M

MemTotal:        4016004 kB
MemFree:         3235628 kB
Active:           425496 kB
Mem:          3.8G       762M       3.1G       5.7M        52M       322M

MemTotal:        4016004 kB
MemFree:         3235752 kB
Active:           425472 kB
Mem:          3.8G       762M       3.1G       5.7M        52M       322M

MemTotal:        4016004 kB
MemFree:         3236000 kB
Active:           425500 kB
Mem:          3.8G       761M       3.1G       5.7M        52M       322M

MemTotal:        4016004 kB
MemFree:         3236356 kB
Active:           425520 kB
Mem:          3.8G       761M       3.1G       5.7M        52M       322M

MemTotal:        4016004 kB
MemFree:         2952328 kB
Active:           425792 kB
Mem:          3.8G       1.0G       2.8G       5.7M        52M       589M

MemTotal:        4016004 kB
MemFree:         2953168 kB
Active:           427800 kB
Mem:          3.8G       1.0G       2.8G       5.7M        52M       589M

MemTotal:        4016004 kB
MemFree:         2953588 kB
Active:           427828 kB
Mem:          3.8G       1.0G       2.8G       5.7M        52M       589M

MemTotal:        4016004 kB
MemFree:         2897868 kB
Active:           428092 kB
Mem:          3.8G       1.1G       2.8G       5.7M        52M       642M

MemTotal:        4016004 kB
MemFree:         2881620 kB
Active:           428180 kB
Mem:          3.8G       1.1G       2.7G       5.7M        52M       658M

MemTotal:        4016004 kB
MemFree:         2875388 kB
Active:           428220 kB
Mem:          3.8G       1.1G       2.7G       5.7M        52M       663M

MemTotal:        4016004 kB
MemFree:         2584584 kB
Active:           429236 kB
Mem:          3.8G       1.4G       2.5G       5.7M        52M       939M

MemTotal:        4016004 kB
MemFree:         2550356 kB
Active:           429484 kB
Mem:          3.8G       1.4G       2.4G       5.7M        52M       972M

MemTotal:        4016004 kB
MemFree:         2550108 kB
Active:           429464 kB
Mem:          3.8G       1.4G       2.4G       5.7M        52M       972M

MemTotal:        4016004 kB
MemFree:         2550184 kB
Active:           429448 kB
Mem:          3.8G       1.4G       2.4G       5.7M        52M       972M

MemTotal:        4016004 kB
MemFree:         2532280 kB
Active:           429596 kB
Mem:          3.8G       1.4G       2.4G       5.7M        52M       991M

MemTotal:        4016004 kB
MemFree:         2503200 kB
Active:           429744 kB
Mem:          3.8G       1.4G       2.4G       5.7M        52M       1.0G

MemTotal:        4016004 kB
MemFree:         2497480 kB
Active:           429748 kB
Mem:          3.8G       1.4G       2.4G       5.7M        52M       1.0G

MemTotal:        4016004 kB
MemFree:         2489160 kB
Active:           429796 kB
Mem:          3.8G       1.5G       2.4G       5.7M        52M       1.0G

MemTotal:        4016004 kB
MemFree:         2472760 kB
Active:           429904 kB
Mem:          3.8G       1.5G       2.4G       5.7M        52M       1.0G

MemTotal:        4016004 kB
MemFree:         2466016 kB
Active:           429920 kB
Mem:          3.8G       1.5G       2.4G       5.7M        52M       1.0G

MemTotal:        4016004 kB
MemFree:         2457948 kB
Active:           430004 kB
Mem:          3.8G       1.5G       2.3G       5.7M        52M       1.0G

MemTotal:        4016004 kB
MemFree:         2988896 kB
Active:           427920 kB
Mem:          3.8G       1.0G       2.9G       5.7M        52M       556M

MemTotal:        4016004 kB
MemFree:         2860836 kB
Active:           428172 kB
Mem:          3.8G       1.1G       2.7G       5.7M        52M       678M

MemTotal:        4016004 kB
MemFree:         2760432 kB
Active:           428840 kB
Mem:          3.8G       1.2G       2.6G       5.7M        52M       773M

MemTotal:        4016004 kB
MemFree:         2721724 kB
Active:           428984 kB
Mem:          3.8G       1.2G       2.6G       5.7M        52M       809M

MemTotal:        4016004 kB
MemFree:         2707144 kB
Active:           429136 kB
Mem:          3.8G       1.2G       2.6G       5.7M        52M       823M

MemTotal:        4016004 kB
MemFree:         2706772 kB
Active:           429148 kB
Mem:          3.8G       1.2G       2.6G       5.7M        52M       823M

MemTotal:        4016004 kB
MemFree:         2707116 kB
Active:           429132 kB
Mem:          3.8G       1.2G       2.6G       5.7M        52M       823M

MemTotal:        4016004 kB
MemFree:         2706508 kB
Active:           429160 kB
Mem:          3.8G       1.2G       2.6G       5.7M        52M       823M

MemTotal:        4016004 kB
MemFree:         2668668 kB
Active:           429312 kB
Mem:          3.8G       1.3G       2.5G       5.7M        52M       859M

MemTotal:        4016004 kB
MemFree:         2475024 kB
Active:           429816 kB
Mem:          3.8G       1.5G       2.4G       5.7M        52M       1.0G

MemTotal:        4016004 kB
MemFree:         2436240 kB
Active:           430192 kB
Mem:          3.8G       1.5G       2.3G       5.7M        52M       1.1G

MemTotal:        4016004 kB
MemFree:         2435900 kB
Active:           430212 kB
Mem:          3.8G       1.5G       2.3G       5.7M        52M       1.1G

MemTotal:        4016004 kB
MemFree:         2435876 kB
Active:           430212 kB
Mem:          3.8G       1.5G       2.3G       5.7M        52M       1.1G

MemTotal:        4016004 kB
MemFree:         2431600 kB
Active:           430188 kB
Mem:          3.8G       1.5G       2.3G       5.7M        52M       1.1G

MemTotal:        4016004 kB
MemFree:         2401460 kB
Active:           430324 kB
Mem:          3.8G       1.5G       2.3G       5.7M        52M       1.1G

MemTotal:        4016004 kB
MemFree:         2400964 kB
Active:           430376 kB
Mem:          3.8G       1.5G       2.3G       5.7M        52M       1.1G

MemTotal:        4016004 kB
MemFree:         2298132 kB
Active:           430536 kB
Mem:          3.8G       1.6G       2.2G       5.7M        52M       1.2G

MemTotal:        4016004 kB
MemFree:         2673636 kB
Active:           429476 kB
Mem:          3.8G       1.3G       2.6G       5.7M        52M       844M

MemTotal:        4016004 kB
MemFree:         3155840 kB
Active:           427668 kB
Mem:          3.8G       839M       3.0G       5.7M        52M       394M

MemTotal:        4016004 kB
MemFree:         3201672 kB
Active:           427460 kB
Mem:          3.8G       795M       3.1G       5.7M        52M       352M

MemTotal:        4016004 kB
MemFree:         2993340 kB
Active:           427988 kB
Mem:          3.8G       998M       2.9G       5.7M        52M       551M

MemTotal:        4016004 kB
MemFree:         2756712 kB
Active:           428928 kB
Mem:          3.8G       1.2G       2.6G       5.7M        52M       776M

MemTotal:        4016004 kB
MemFree:         2713772 kB
Active:           429208 kB
Mem:          3.8G       1.2G       2.6G       5.7M        52M       817M

MemTotal:        4016004 kB
MemFree:         2684676 kB
Active:           429336 kB
Mem:          3.8G       1.3G       2.6G       5.7M        52M       844M

MemTotal:        4016004 kB
MemFree:         2684724 kB
Active:           429336 kB
Mem:          3.8G       1.3G       2.6G       5.7M        52M       844M

MemTotal:        4016004 kB
MemFree:         2684064 kB
Active:           429380 kB
Mem:          3.8G       1.3G       2.6G       5.7M        52M       845M

MemTotal:        4016004 kB
MemFree:         2656728 kB
Active:           429368 kB
Mem:          3.8G       1.3G       2.5G       5.7M        52M       870M

MemTotal:        4016004 kB
MemFree:         2510216 kB
Active:           429952 kB
Mem:          3.8G       1.4G       2.4G       5.7M        52M       1.0G

MemTotal:        4016004 kB
MemFree:         2453280 kB
Active:           430212 kB
Mem:          3.8G       1.5G       2.3G       5.7M        52M       1.0G

MemTotal:        4016004 kB
MemFree:         2433104 kB
Active:           430376 kB
Mem:          3.8G       1.5G       2.3G       5.7M        52M       1.1G

MemTotal:        4016004 kB
MemFree:         2433012 kB
Active:           430388 kB
Mem:          3.8G       1.5G       2.3G       5.7M        52M       1.1G

MemTotal:        4016004 kB
MemFree:         2431248 kB
Active:           430368 kB
Mem:          3.8G       1.5G       2.3G       5.7M        52M       1.1G

MemTotal:        4016004 kB
MemFree:         2430880 kB
Active:           432368 kB
Mem:          3.8G       1.5G       2.3G       5.7M        52M       1.1G

MemTotal:        4016004 kB
MemFree:         2288324 kB
Active:           432732 kB
Mem:          3.8G       1.6G       2.2G       5.7M        52M       1.2G

MemTotal:        4016004 kB
MemFree:         2192388 kB
Active:           433176 kB
Mem:          3.8G       1.7G       2.1G       5.7M        52M       1.3G

MemTotal:        4016004 kB
MemFree:         2181324 kB
Active:           433396 kB
Mem:          3.8G       1.7G       2.1G       5.7M        52M       1.3G

MemTotal:        4016004 kB
MemFree:         2181264 kB
Active:           433348 kB
Mem:          3.8G       1.7G       2.1G       5.7M        52M       1.3G

MemTotal:        4016004 kB
MemFree:         2181084 kB
Active:           433356 kB
Mem:          3.8G       1.7G       2.1G       5.7M        52M       1.3G

MemTotal:        4016004 kB
MemFree:         3209740 kB
Active:           429712 kB
Mem:          3.8G       787M       3.1G       5.7M        52M       343M

MemTotal:        4016004 kB
MemFree:         2920444 kB
Active:           430424 kB
Mem:          3.8G       1.0G       2.8G       5.7M        52M       619M

MemTotal:        4016004 kB
MemFree:         2902084 kB
Active:           430700 kB
Mem:          3.8G       1.1G       2.8G       5.7M        52M       636M

MemTotal:        4016004 kB
MemFree:         2902180 kB
Active:           430652 kB
Mem:          3.8G       1.1G       2.8G       5.7M        52M       636M

MemTotal:        4016004 kB
MemFree:         2845652 kB
Active:           430824 kB
Mem:          3.8G       1.1G       2.7G       5.7M        52M       692M

MemTotal:        4016004 kB
MemFree:         2733688 kB
Active:           431152 kB
Mem:          3.8G       1.2G       2.6G       5.7M        52M       797M

MemTotal:        4016004 kB
MemFree:         2675716 kB
Active:           431508 kB
Mem:          3.8G       1.3G       2.6G       5.7M        52M       852M

MemTotal:        4016004 kB
MemFree:         2675212 kB
Active:           431540 kB
Mem:          3.8G       1.3G       2.6G       5.7M        52M       851M

MemTotal:        4016004 kB
MemFree:         2675244 kB
Active:           431576 kB
Mem:          3.8G       1.3G       2.6G       5.7M        52M       852M

MemTotal:        4016004 kB
MemFree:         2674724 kB
Active:           431596 kB
Mem:          3.8G       1.3G       2.6G       5.7M        52M       852M

MemTotal:        4016004 kB
MemFree:         2483052 kB
Active:           432208 kB
Mem:          3.8G       1.5G       2.4G       5.7M        52M       1.0G

MemTotal:        4016004 kB
MemFree:         2425208 kB
Active:           432332 kB
Mem:          3.8G       1.5G       2.3G       5.7M        52M       1.1G

MemTotal:        4016004 kB
MemFree:         2409676 kB
Active:           432560 kB
Mem:          3.8G       1.5G       2.3G       5.7M        52M       1.1G

MemTotal:        4016004 kB
MemFree:         2409180 kB
Active:           432600 kB
Mem:          3.8G       1.5G       2.3G       5.7M        52M       1.1G

MemTotal:        4016004 kB
MemFree:         2409388 kB
Active:           432592 kB
Mem:          3.8G       1.5G       2.3G       5.7M        52M       1.1G

MemTotal:        4016004 kB
MemFree:         2363016 kB
Active:           432824 kB
Mem:          3.8G       1.6G       2.3G       5.7M        52M       1.1G

MemTotal:        4016004 kB
MemFree:         2362512 kB
Active:           432784 kB
Mem:          3.8G       1.6G       2.3G       5.7M        52M       1.1G

MemTotal:        4016004 kB
MemFree:         2198560 kB
Active:           433308 kB
Mem:          3.8G       1.7G       2.1G       5.7M        52M       1.3G

MemTotal:        4016004 kB
MemFree:         2197568 kB
Active:           433312 kB
Mem:          3.8G       1.7G       2.1G       5.7M        52M       1.3G

MemTotal:        4016004 kB
MemFree:         2197552 kB
Active:           433304 kB
Mem:          3.8G       1.7G       2.1G       5.7M        52M       1.3G

MemTotal:        4016004 kB
MemFree:         2197556 kB
Active:           433272 kB
Mem:          3.8G       1.7G       2.1G       5.7M        52M       1.3G

MemTotal:        4016004 kB
MemFree:         3222556 kB
Active:           429444 kB
Mem:          3.8G       774M       3.1G       5.7M        52M       330M

MemTotal:        4016004 kB
MemFree:         2908832 kB
Active:           430660 kB
Mem:          3.8G       1.1G       2.8G       5.7M        52M       630M

MemTotal:        4016004 kB
MemFree:         2876192 kB
Active:           430844 kB
Mem:          3.8G       1.1G       2.7G       5.7M        52M       660M

MemTotal:        4016004 kB
MemFree:         2875776 kB
Active:           430852 kB
Mem:          3.8G       1.1G       2.7G       5.7M        52M       660M

MemTotal:        4016004 kB
MemFree:         2875840 kB
Active:           430796 kB
Mem:          3.8G       1.1G       2.7G       5.7M        52M       660M

MemTotal:        4016004 kB
MemFree:         2720976 kB
Active:           431288 kB
Mem:          3.8G       1.2G       2.6G       5.7M        52M       807M

MemTotal:        4016004 kB
MemFree:         2661692 kB
Active:           431592 kB
Mem:          3.8G       1.3G       2.5G       5.7M        52M       864M

MemTotal:        4016004 kB
MemFree:         2661196 kB
Active:           431700 kB
Mem:          3.8G       1.3G       2.5G       5.7M        52M       864M

MemTotal:        4016004 kB
MemFree:         2660920 kB
Active:           431680 kB
Mem:          3.8G       1.3G       2.5G       5.7M        52M       864M

MemTotal:        4016004 kB
MemFree:         2559608 kB
Active:           431828 kB
Mem:          3.8G       1.4G       2.4G       5.7M        52M       962M

MemTotal:        4016004 kB
MemFree:         2465136 kB
Active:           432400 kB
Mem:          3.8G       1.5G       2.4G       5.7M        52M       1.0G

MemTotal:        4016004 kB
MemFree:         2410128 kB
Active:           432596 kB
Mem:          3.8G       1.5G       2.3G       5.7M        52M       1.1G

MemTotal:        4016004 kB
MemFree:         2400796 kB
Active:           432784 kB
Mem:          3.8G       1.5G       2.3G       5.7M        52M       1.1G

MemTotal:        4016004 kB
MemFree:         2400836 kB
Active:           432764 kB
Mem:          3.8G       1.5G       2.3G       5.7M        52M       1.1G

MemTotal:        4016004 kB
MemFree:         2400964 kB
Active:           432788 kB
Mem:          3.8G       1.5G       2.3G       5.7M        52M       1.1G

MemTotal:        4016004 kB
MemFree:         2296084 kB
Active:           432904 kB
Mem:          3.8G       1.6G       2.2G       5.7M        52M       1.2G

MemTotal:        4016004 kB
MemFree:         2196332 kB
Active:           433456 kB
Mem:          3.8G       1.7G       2.1G       5.7M        52M       1.3G

MemTotal:        4016004 kB
MemFree:         2155160 kB
Active:           433640 kB
Mem:          3.8G       1.8G       2.1G       5.7M        52M       1.3G

MemTotal:        4016004 kB
MemFree:         2154944 kB
Active:           433768 kB
Mem:          3.8G       1.8G       2.1G       5.7M        52M       1.3G

MemTotal:        4016004 kB
MemFree:         2155008 kB
Active:           433740 kB
Mem:          3.8G       1.8G       2.1G       5.7M        52M       1.3G

MemTotal:        4016004 kB
MemFree:         2155136 kB
Active:           433740 kB
Mem:          3.8G       1.8G       2.1G       5.7M        52M       1.3G

MemTotal:        4016004 kB
MemFree:         2954188 kB
Active:           430708 kB
Mem:          3.8G       1.0G       2.8G       5.7M        52M       587M

MemTotal:        4016004 kB
MemFree:         2928580 kB
Active:           430836 kB
Mem:          3.8G       1.0G       2.8G       5.7M        52M       612M

MemTotal:        4016004 kB
MemFree:         2927744 kB
Active:           430860 kB
Mem:          3.8G       1.0G       2.8G       5.7M        52M       612M

MemTotal:        4016004 kB
MemFree:         2898172 kB
Active:           430820 kB
Mem:          3.8G       1.1G       2.8G       5.7M        52M       642M

MemTotal:        4016004 kB
MemFree:         2770116 kB
Active:           431328 kB
Mem:          3.8G       1.2G       2.6G       5.7M        52M       762M

MemTotal:        4016004 kB
MemFree:         2674664 kB
Active:           431692 kB
Mem:          3.8G       1.3G       2.6G       5.7M        52M       853M

MemTotal:        4016004 kB
MemFree:         2641468 kB
Active:           431832 kB
Mem:          3.8G       1.3G       2.5G       5.7M        52M       884M

MemTotal:        4016004 kB
MemFree:         2640476 kB
Active:           431976 kB
Mem:          3.8G       1.3G       2.5G       5.7M        52M       885M

MemTotal:        4016004 kB
MemFree:         2640500 kB
Active:           431968 kB
Mem:          3.8G       1.3G       2.5G       5.7M        52M       885M

MemTotal:        4016004 kB
MemFree:         2638600 kB
Active:           431652 kB
Mem:          3.8G       1.3G       2.5G       5.7M        52M       885M

MemTotal:        4016004 kB
MemFree:         2498060 kB
Active:           434248 kB
Mem:          3.8G       1.4G       2.4G       5.7M        52M       1.0G

MemTotal:        4016004 kB
MemFree:         2406944 kB
Active:           434568 kB
Mem:          3.8G       1.5G       2.3G       5.7M        52M       1.1G

MemTotal:        4016004 kB
MemFree:         2389676 kB
Active:           434668 kB
Mem:          3.8G       1.6G       2.3G       5.7M        52M       1.1G

MemTotal:        4016004 kB
MemFree:         2389556 kB
Active:           434652 kB
Mem:          3.8G       1.6G       2.3G       5.7M        52M       1.1G

MemTotal:        4016004 kB
MemFree:         2389652 kB
Active:           434668 kB
Mem:          3.8G       1.6G       2.3G       5.7M        52M       1.1G

MemTotal:        4016004 kB
MemFree:         2389316 kB
Active:           434672 kB
Mem:          3.8G       1.6G       2.3G       5.7M        52M       1.1G

MemTotal:        4016004 kB
MemFree:         2361768 kB
Active:           434788 kB
Mem:          3.8G       1.6G       2.3G       5.7M        52M       1.1G

MemTotal:        4016004 kB
MemFree:         2712384 kB
Active:           433644 kB
Mem:          3.8G       1.2G       2.6G       5.7M        52M       804M

MemTotal:        4016004 kB
MemFree:         3137764 kB
Active:           431860 kB
Mem:          3.8G       856M       3.0G       5.7M        52M       407M

MemTotal:        4016004 kB
MemFree:         3181944 kB
Active:           431684 kB
Mem:          3.8G       814M       3.0G       5.7M        52M       366M

MemTotal:        4016004 kB
MemFree:         3224416 kB
Active:           431520 kB
Mem:          3.8G       773M       3.1G       5.7M        52M       327M

MemTotal:        4016004 kB
MemFree:         2910080 kB
Active:           432664 kB
Mem:          3.8G       1.1G       2.8G       5.7M        52M       628M

MemTotal:        4016004 kB
MemFree:         2897932 kB
Active:           432792 kB
Mem:          3.8G       1.1G       2.8G       5.7M        52M       639M

MemTotal:        4016004 kB
MemFree:         2898144 kB
Active:           432792 kB
Mem:          3.8G       1.1G       2.8G       5.7M        52M       639M

MemTotal:        4016004 kB
MemFree:         2898368 kB
Active:           432808 kB
Mem:          3.8G       1.1G       2.8G       5.7M        52M       639M

MemTotal:        4016004 kB
MemFree:         2876056 kB
Active:           432908 kB
Mem:          3.8G       1.1G       2.7G       5.7M        52M       660M

MemTotal:        4016004 kB
MemFree:         2649348 kB
Active:           433680 kB
Mem:          3.8G       1.3G       2.5G       5.7M        52M       875M

MemTotal:        4016004 kB
MemFree:         2604892 kB
Active:           433944 kB
Mem:          3.8G       1.3G       2.5G       5.7M        52M       916M

MemTotal:        4016004 kB
MemFree:         2604212 kB
Active:           433964 kB
Mem:          3.8G       1.3G       2.5G       5.7M        52M       917M

MemTotal:        4016004 kB
MemFree:         2604408 kB
Active:           433948 kB
Mem:          3.8G       1.3G       2.5G       5.7M        52M       917M

MemTotal:        4016004 kB
MemFree:         2604100 kB
Active:           433968 kB
Mem:          3.8G       1.3G       2.5G       5.7M        52M       917M

MemTotal:        4016004 kB
MemFree:         2433304 kB
Active:           434504 kB
Mem:          3.8G       1.5G       2.3G       5.7M        52M       1.1G

MemTotal:        4016004 kB
MemFree:         2374648 kB
Active:           434788 kB
Mem:          3.8G       1.6G       2.3G       5.7M        52M       1.1G

MemTotal:        4016004 kB
MemFree:         2356760 kB
Active:           434896 kB
Mem:          3.8G       1.6G       2.2G       5.7M        52M       1.1G

MemTotal:        4016004 kB
MemFree:         2356388 kB
Active:           434904 kB
Mem:          3.8G       1.6G       2.2G       5.7M        52M       1.1G

MemTotal:        4016004 kB
MemFree:         2356492 kB
Active:           434896 kB
Mem:          3.8G       1.6G       2.2G       5.7M        52M       1.1G

MemTotal:        4016004 kB
MemFree:         2332552 kB
Active:           434936 kB
Mem:          3.8G       1.6G       2.2G       5.7M        52M       1.1G

MemTotal:        4016004 kB
MemFree:         2194604 kB
Active:           435448 kB
Mem:          3.8G       1.7G       2.1G       5.7M        52M       1.3G

MemTotal:        4016004 kB
MemFree:         3095644 kB
Active:           432156 kB
Mem:          3.8G       898M       3.0G       5.7M        52M       448M

MemTotal:        4016004 kB
MemFree:         3095616 kB
Active:           432144 kB
Mem:          3.8G       898M       3.0G       5.7M        52M       448M

MemTotal:        4016004 kB
MemFree:         3095596 kB
Active:           432136 kB
Mem:          3.8G       898M       3.0G       5.7M        52M       448M

MemTotal:        4016004 kB
MemFree:         2937612 kB
Active:           432608 kB
Mem:          3.8G       1.0G       2.8G       5.7M        52M       600M

MemTotal:        4016004 kB
MemFree:         2874612 kB
Active:           432996 kB
Mem:          3.8G       1.1G       2.7G       5.7M        52M       660M

MemTotal:        4016004 kB
MemFree:         2825364 kB
Active:           432980 kB
Mem:          3.8G       1.1G       2.7G       5.7M        52M       707M

MemTotal:        4016004 kB
MemFree:         2748476 kB
Active:           433396 kB
Mem:          3.8G       1.2G       2.6G       5.7M        52M       781M

MemTotal:        4016004 kB
MemFree:         2708344 kB
Active:           433612 kB
Mem:          3.8G       1.2G       2.6G       5.7M        52M       818M

MemTotal:        4016004 kB
MemFree:         2708068 kB
Active:           433668 kB
Mem:          3.8G       1.2G       2.6G       5.7M        52M       819M

MemTotal:        4016004 kB
MemFree:         2708132 kB
Active:           433684 kB
Mem:          3.8G       1.2G       2.6G       5.7M        52M       819M

MemTotal:        4016004 kB
MemFree:         2707704 kB
Active:           433688 kB
Mem:          3.8G       1.2G       2.6G       5.7M        52M       819M

MemTotal:        4016004 kB
MemFree:         2575648 kB
Active:           434016 kB
Mem:          3.8G       1.4G       2.5G       5.7M        52M       945M

MemTotal:        4016004 kB
MemFree:         2483096 kB
Active:           434376 kB
Mem:          3.8G       1.5G       2.4G       5.7M        52M       1.0G

MemTotal:        4016004 kB
MemFree:         2467316 kB
Active:           434628 kB
Mem:          3.8G       1.5G       2.4G       5.7M        52M       1.0G

MemTotal:        4016004 kB
MemFree:         2467444 kB
Active:           434588 kB
Mem:          3.8G       1.5G       2.4G       5.7M        52M       1.0G

MemTotal:        4016004 kB
MemFree:         2467692 kB
Active:           434592 kB
Mem:          3.8G       1.5G       2.4G       5.7M        52M       1.0G

MemTotal:        4016004 kB
MemFree:         2357748 kB
Active:           434912 kB
Mem:          3.8G       1.6G       2.2G       5.7M        52M       1.1G

MemTotal:        4016004 kB
MemFree:         2278212 kB
Active:           435156 kB
Mem:          3.8G       1.7G       2.2G       5.7M        52M       1.2G

MemTotal:        4016004 kB
MemFree:         2210668 kB
Active:           435512 kB
Mem:          3.8G       1.7G       2.1G       5.7M        52M       1.3G

MemTotal:        4016004 kB
MemFree:         2210444 kB
Active:           435616 kB
Mem:          3.8G       1.7G       2.1G       5.7M        52M       1.3G

MemTotal:        4016004 kB
MemFree:         2210036 kB
Active:           433644 kB
Mem:          3.8G       1.7G       2.1G       5.7M        52M       1.3G

MemTotal:        4016004 kB
MemFree:         2209924 kB
Active:           433564 kB
Mem:          3.8G       1.7G       2.1G       5.7M        52M       1.3G

MemTotal:        4016004 kB
MemFree:         3147792 kB
Active:           432236 kB
Mem:          3.8G       847M       3.0G       5.7M        52M       399M

MemTotal:        4016004 kB
MemFree:         3193228 kB
Active:           432048 kB
Mem:          3.8G       803M       3.0G       5.7M        52M       355M

MemTotal:        4016004 kB
MemFree:         2961160 kB
Active:           432692 kB
Mem:          3.8G       1.0G       2.8G       5.7M        52M       578M

MemTotal:        4016004 kB
MemFree:         2899904 kB
Active:           432948 kB
Mem:          3.8G       1.1G       2.8G       5.7M        52M       636M

MemTotal:        4016004 kB
MemFree:         2853756 kB
Active:           433096 kB
Mem:          3.8G       1.1G       2.7G       5.7M        52M       680M

MemTotal:        4016004 kB
MemFree:         2766760 kB
Active:           433364 kB
Mem:          3.8G       1.2G       2.6G       5.7M        52M       764M

MemTotal:        4016004 kB
MemFree:         2749040 kB
Active:           433620 kB
Mem:          3.8G       1.2G       2.6G       5.7M        52M       780M

MemTotal:        4016004 kB
MemFree:         2666964 kB
Active:           433836 kB
Mem:          3.8G       1.3G       2.5G       5.7M        52M       858M

MemTotal:        4016004 kB
MemFree:         2667112 kB
Active:           433984 kB
Mem:          3.8G       1.3G       2.5G       5.7M        52M       858M

MemTotal:        4016004 kB
MemFree:         2667116 kB
Active:           433964 kB
Mem:          3.8G       1.3G       2.5G       5.7M        52M       858M

MemTotal:        4016004 kB
MemFree:         2591740 kB
Active:           434148 kB
Mem:          3.8G       1.4G       2.5G       5.7M        52M       930M

MemTotal:        4016004 kB
MemFree:         2499668 kB
Active:           434488 kB
Mem:          3.8G       1.4G       2.4G       5.7M        52M       1.0G

MemTotal:        4016004 kB
MemFree:         2472200 kB
Active:           434688 kB
Mem:          3.8G       1.5G       2.4G       5.7M        53M       1.0G

MemTotal:        4016004 kB
MemFree:         2471776 kB
Active:           434768 kB
Mem:          3.8G       1.5G       2.4G       5.7M        53M       1.0G

MemTotal:        4016004 kB
MemFree:         2471876 kB
Active:           434752 kB
Mem:          3.8G       1.5G       2.4G       5.7M        53M       1.0G

MemTotal:        4016004 kB
MemFree:         2378360 kB
Active:           434888 kB
Mem:          3.8G       1.6G       2.3G       5.7M        53M       1.1G

MemTotal:        4016004 kB
MemFree:         2293316 kB
Active:           435276 kB
Mem:          3.8G       1.6G       2.2G       5.7M        53M       1.2G

MemTotal:        4016004 kB
MemFree:         2225392 kB
Active:           435496 kB
Mem:          3.8G       1.7G       2.1G       5.7M        53M       1.2G

MemTotal:        4016004 kB
MemFree:         2224112 kB
Active:           435724 kB
Mem:          3.8G       1.7G       2.1G       5.7M        53M       1.2G

MemTotal:        4016004 kB
MemFree:         2224052 kB
Active:           435768 kB
Mem:          3.8G       1.7G       2.1G       5.7M        53M       1.2G

MemTotal:        4016004 kB
MemFree:         2224044 kB
Active:           435760 kB
Mem:          3.8G       1.7G       2.1G       5.7M        53M       1.2G

MemTotal:        4016004 kB
MemFree:         3152480 kB
Active:           432220 kB
Mem:          3.8G       843M       3.0G       5.7M        53M       395M

MemTotal:        4016004 kB
MemFree:         3198720 kB
Active:           432076 kB
Mem:          3.8G       797M       3.1G       5.7M        53M       350M

MemTotal:        4016004 kB
MemFree:         2939812 kB
Active:           433052 kB
Mem:          3.8G       1.0G       2.8G       5.7M        53M       599M

MemTotal:        4016004 kB
MemFree:         2924312 kB
Active:           433132 kB
Mem:          3.8G       1.0G       2.8G       5.7M        53M       612M

MemTotal:        4016004 kB
MemFree:         2808876 kB
Active:           433556 kB
Mem:          3.8G       1.2G       2.7G       5.7M        53M       723M

MemTotal:        4016004 kB
MemFree:         2787160 kB
Active:           433664 kB
Mem:          3.8G       1.2G       2.7G       5.7M        53M       743M

MemTotal:        4016004 kB
MemFree:         2694632 kB
Active:           434008 kB
Mem:          3.8G       1.3G       2.6G       5.7M        53M       830M

MemTotal:        4016004 kB
MemFree:         2669084 kB
Active:           434264 kB
Mem:          3.8G       1.3G       2.5G       5.7M        53M       854M

MemTotal:        4016004 kB
MemFree:         2668968 kB
Active:           434236 kB
Mem:          3.8G       1.3G       2.5G       5.7M        53M       854M

MemTotal:        4016004 kB
MemFree:         2519596 kB
Active:           434624 kB
Mem:          3.8G       1.4G       2.4G       5.7M        53M       997M

MemTotal:        4016004 kB
MemFree:         2456056 kB
Active:           435068 kB
Mem:          3.8G       1.5G       2.3G       5.7M        53M       1.0G

MemTotal:        4016004 kB
MemFree:         2456056 kB
Active:           435096 kB
Mem:          3.8G       1.5G       2.3G       5.7M        53M       1.0G

MemTotal:        4016004 kB
MemFree:         2456108 kB
Active:           435096 kB
Mem:          3.8G       1.5G       2.3G       5.7M        53M       1.0G

MemTotal:        4016004 kB
MemFree:         2423144 kB
Active:           443072 kB
Mem:          3.8G       1.5G       2.3G       5.7M        60M       1.1G

MemTotal:        4016004 kB
MemFree:         2345412 kB
Active:           443356 kB
Mem:          3.8G       1.6G       2.2G       5.7M        60M       1.1G

MemTotal:        4016004 kB
MemFree:         2247368 kB
Active:           443624 kB
Mem:          3.8G       1.7G       2.1G       5.7M        60M       1.2G

MemTotal:        4016004 kB
MemFree:         2184480 kB
Active:           444032 kB
Mem:          3.8G       1.7G       2.1G       5.7M        60M       1.3G

MemTotal:        4016004 kB
MemFree:         2184792 kB
Active:           444068 kB
Mem:          3.8G       1.7G       2.1G       5.7M        60M       1.3G

MemTotal:        4016004 kB
MemFree:         2184984 kB
Active:           444088 kB
Mem:          3.8G       1.7G       2.1G       5.7M        60M       1.3G

MemTotal:        4016004 kB
MemFree:         3158868 kB
Active:           440444 kB
Mem:          3.8G       836M       3.0G       5.7M        60M       379M

MemTotal:        4016004 kB
MemFree:         3206068 kB
Active:           440284 kB
Mem:          3.8G       791M       3.1G       5.7M        60M       335M

MemTotal:        4016004 kB
MemFree:         2915544 kB
Active:           441148 kB
Mem:          3.8G       1.0G       2.8G       5.7M        60M       613M

MemTotal:        4016004 kB
MemFree:         2857752 kB
Active:           441332 kB
Mem:          3.8G       1.1G       2.7G       5.7M        60M       667M

MemTotal:        4016004 kB
MemFree:         2784436 kB
Active:           441752 kB
Mem:          3.8G       1.2G       2.7G       5.7M        60M       737M

MemTotal:        4016004 kB
MemFree:         2775236 kB
Active:           441884 kB
Mem:          3.8G       1.2G       2.6G       5.7M        60M       745M

MemTotal:        4016004 kB
MemFree:         2672460 kB
Active:           444220 kB
Mem:          3.8G       1.3G       2.5G       5.7M        60M       843M

MemTotal:        4016004 kB
MemFree:         2662648 kB
Active:           444348 kB
Mem:          3.8G       1.3G       2.5G       5.7M        60M       852M

MemTotal:        4016004 kB
MemFree:         2662488 kB
Active:           444376 kB
Mem:          3.8G       1.3G       2.5G       5.7M        60M       852M

MemTotal:        4016004 kB
MemFree:         2662556 kB
Active:           444356 kB
Mem:          3.8G       1.3G       2.5G       5.7M        60M       852M

MemTotal:        4016004 kB
MemFree:         2657536 kB
Active:           444356 kB
Mem:          3.8G       1.3G       2.5G       5.7M        60M       857M

MemTotal:        4016004 kB
MemFree:         2631132 kB
Active:           444396 kB
Mem:          3.8G       1.3G       2.5G       5.7M        60M       881M

MemTotal:        4016004 kB
MemFree:         2630412 kB
Active:           444472 kB
Mem:          3.8G       1.3G       2.5G       5.7M        60M       881M

MemTotal:        4016004 kB
MemFree:         2630476 kB
Active:           444532 kB
Mem:          3.8G       1.3G       2.5G       5.7M        60M       881M

MemTotal:        4016004 kB
MemFree:         2369132 kB
Active:           445364 kB
Mem:          3.8G       1.6G       2.3G       5.7M        60M       1.1G

MemTotal:        4016004 kB
MemFree:         2300032 kB
Active:           443752 kB
Mem:          3.8G       1.6G       2.2G       5.7M        60M       1.2G

MemTotal:        4016004 kB
MemFree:         2235352 kB
Active:           445880 kB
Mem:          3.8G       1.7G       2.1G       5.7M        60M       1.2G

MemTotal:        4016004 kB
MemFree:         2232740 kB
Active:           446056 kB
Mem:          3.8G       1.7G       2.1G       5.7M        60M       1.2G

MemTotal:        4016004 kB
MemFree:         2232956 kB
Active:           446112 kB
Mem:          3.8G       1.7G       2.1G       5.7M        60M       1.2G

MemTotal:        4016004 kB
MemFree:         2232680 kB
Active:           446116 kB
Mem:          3.8G       1.7G       2.1G       5.7M        60M       1.2G

MemTotal:        4016004 kB
MemFree:         2141060 kB
Active:           446268 kB
Mem:          3.8G       1.8G       2.0G       5.7M        60M       1.3G

MemTotal:        4016004 kB
MemFree:         3087204 kB
Active:           443096 kB
Mem:          3.8G       906M       2.9G       5.7M        60M       445M

MemTotal:        4016004 kB
MemFree:         3133832 kB
Active:           442852 kB
Mem:          3.8G       860M       3.0G       5.7M        60M       400M

MemTotal:        4016004 kB
MemFree:         3181320 kB
Active:           442672 kB
Mem:          3.8G       815M       3.0G       5.7M        60M       355M

MemTotal:        4016004 kB
MemFree:         2989068 kB
Active:           443056 kB
Mem:          3.8G       1.0G       2.8G       5.7M        60M       541M

MemTotal:        4016004 kB
MemFree:         2909492 kB
Active:           443368 kB
Mem:          3.8G       1.1G       2.8G       5.7M        60M       616M

MemTotal:        4016004 kB
MemFree:         2837732 kB
Active:           443628 kB
Mem:          3.8G       1.1G       2.7G       5.7M        60M       684M

MemTotal:        4016004 kB
MemFree:         2805040 kB
Active:           443840 kB
Mem:          3.8G       1.2G       2.7G       5.7M        60M       715M

MemTotal:        4016004 kB
MemFree:         2717392 kB
Active:           444148 kB
Mem:          3.8G       1.2G       2.6G       5.7M        60M       798M

MemTotal:        4016004 kB
MemFree:         2702216 kB
Active:           444332 kB
Mem:          3.8G       1.3G       2.6G       5.7M        60M       812M

MemTotal:        4016004 kB
MemFree:         2702124 kB
Active:           444352 kB
Mem:          3.8G       1.3G       2.6G       5.7M        60M       813M

MemTotal:        4016004 kB
MemFree:         2702156 kB
Active:           444380 kB
Mem:          3.8G       1.3G       2.6G       5.7M        60M       813M

MemTotal:        4016004 kB
MemFree:         2660244 kB
Active:           444404 kB
Mem:          3.8G       1.3G       2.5G       5.7M        60M       852M

MemTotal:        4016004 kB
MemFree:         2501108 kB
Active:           445168 kB
Mem:          3.8G       1.4G       2.4G       5.7M        60M       1.0G

MemTotal:        4016004 kB
MemFree:         2445820 kB
Active:           445384 kB
Mem:          3.8G       1.5G       2.3G       5.7M        60M       1.0G

MemTotal:        4016004 kB
MemFree:         2433356 kB
Active:           445408 kB
Mem:          3.8G       1.5G       2.3G       5.7M        60M       1.0G

MemTotal:        4016004 kB
MemFree:         2433268 kB
Active:           447444 kB
Mem:          3.8G       1.5G       2.3G       5.7M        60M       1.0G

MemTotal:        4016004 kB
MemFree:         2433404 kB
Active:           447420 kB
Mem:          3.8G       1.5G       2.3G       5.7M        60M       1.0G

MemTotal:        4016004 kB
MemFree:         2392744 kB
Active:           447636 kB
Mem:          3.8G       1.5G       2.3G       5.7M        60M       1.1G

MemTotal:        4016004 kB
MemFree:         2244564 kB
Active:           448196 kB
Mem:          3.8G       1.7G       2.1G       5.7M        60M       1.2G

MemTotal:        4016004 kB
MemFree:         2180576 kB
Active:           448468 kB
Mem:          3.8G       1.8G       2.1G       5.7M        60M       1.3G

MemTotal:        4016004 kB
MemFree:         2180796 kB
Active:           448460 kB
Mem:          3.8G       1.8G       2.1G       5.7M        60M       1.3G

MemTotal:        4016004 kB
MemFree:         2180304 kB
Active:           448468 kB
Mem:          3.8G       1.8G       2.1G       5.7M        60M       1.3G

MemTotal:        4016004 kB
MemFree:         2533212 kB
Active:           447212 kB
Mem:          3.8G       1.4G       2.4G       5.7M        60M       962M

MemTotal:        4016004 kB
MemFree:         3101816 kB
Active:           445004 kB
Mem:          3.8G       892M       3.0G       5.7M        60M       429M

MemTotal:        4016004 kB
MemFree:         3147344 kB
Active:           444832 kB
Mem:          3.8G       847M       3.0G       5.7M        60M       385M

MemTotal:        4016004 kB
MemFree:         3195616 kB
Active:           444652 kB
Mem:          3.8G       801M       3.0G       5.7M        60M       340M

MemTotal:        4016004 kB
MemFree:         2911376 kB
Active:           445680 kB
Mem:          3.8G       1.1G       2.8G       5.7M        60M       612M

MemTotal:        4016004 kB
MemFree:         2881120 kB
Active:           445724 kB
Mem:          3.8G       1.1G       2.7G       5.7M        60M       641M

MemTotal:        4016004 kB
MemFree:         2791388 kB
Active:           446144 kB
Mem:          3.8G       1.2G       2.7G       5.7M        60M       726M

MemTotal:        4016004 kB
MemFree:         2766260 kB
Active:           446260 kB
Mem:          3.8G       1.2G       2.6G       5.7M        60M       750M

MemTotal:        4016004 kB
MemFree:         2711980 kB
Active:           446452 kB
Mem:          3.8G       1.2G       2.6G       5.7M        60M       801M

MemTotal:        4016004 kB
MemFree:         2692080 kB
Active:           446588 kB
Mem:          3.8G       1.3G       2.6G       5.7M        60M       820M

MemTotal:        4016004 kB
MemFree:         2692424 kB
Active:           446560 kB
Mem:          3.8G       1.3G       2.6G       5.7M        60M       820M

MemTotal:        4016004 kB
MemFree:         2692500 kB
Active:           446592 kB
Mem:          3.8G       1.3G       2.6G       5.7M        60M       820M

MemTotal:        4016004 kB
MemFree:         2682348 kB
Active:           446660 kB
Mem:          3.8G       1.3G       2.6G       5.7M        60M       831M

MemTotal:        4016004 kB
MemFree:         2597684 kB
Active:           447004 kB
Mem:          3.8G       1.4G       2.5G       5.7M        60M       911M

MemTotal:        4016004 kB
MemFree:         2597088 kB
Active:           446992 kB
Mem:          3.8G       1.4G       2.5G       5.7M        60M       911M

MemTotal:        4016004 kB
MemFree:         2597280 kB
Active:           446964 kB
Mem:          3.8G       1.4G       2.5G       5.7M        60M       911M

MemTotal:        4016004 kB
MemFree:         2394648 kB
Active:           447576 kB
Mem:          3.8G       1.5G       2.3G       5.7M        60M       1.1G

MemTotal:        4016004 kB
MemFree:         2330220 kB
Active:           447916 kB
Mem:          3.8G       1.6G       2.2G       5.7M        60M       1.1G

MemTotal:        4016004 kB
MemFree:         2257596 kB
Active:           448216 kB
Mem:          3.8G       1.7G       2.2G       5.7M        60M       1.2G

MemTotal:        4016004 kB
MemFree:         2137536 kB
Active:           448608 kB
Mem:          3.8G       1.8G       2.0G       5.7M        60M       1.3G

MemTotal:        4016004 kB
MemFree:         3106264 kB
Active:           445228 kB
Mem:          3.8G       888M       3.0G       5.7M        60M       424M

MemTotal:        4016004 kB
MemFree:         3147276 kB
Active:           445064 kB
Mem:          3.8G       848M       3.0G       5.7M        60M       385M

MemTotal:        4016004 kB
MemFree:         3188204 kB
Active:           444916 kB
Mem:          3.8G       808M       3.0G       5.7M        60M       346M

MemTotal:        4016004 kB
MemFree:         2926188 kB
Active:           445740 kB
Mem:          3.8G       1.0G       2.8G       5.7M        60M       597M

MemTotal:        4016004 kB
MemFree:         2836412 kB
Active:           446000 kB
Mem:          3.8G       1.1G       2.7G       5.7M        60M       683M

MemTotal:        4016004 kB
MemFree:         2809672 kB
Active:           446260 kB
Mem:          3.8G       1.2G       2.7G       5.7M        60M       708M

MemTotal:        4016004 kB
MemFree:         2721960 kB
Active:           446440 kB
Mem:          3.8G       1.2G       2.6G       5.7M        60M       792M

MemTotal:        4016004 kB
MemFree:         2682224 kB
Active:           446652 kB
Mem:          3.8G       1.3G       2.6G       5.7M        60M       830M

MemTotal:        4016004 kB
MemFree:         2681480 kB
Active:           446792 kB
Mem:          3.8G       1.3G       2.6G       5.7M        60M       830M

MemTotal:        4016004 kB
MemFree:         2681172 kB
Active:           446792 kB
Mem:          3.8G       1.3G       2.6G       5.7M        60M       830M

MemTotal:        4016004 kB
MemFree:         2681300 kB
Active:           446792 kB
Mem:          3.8G       1.3G       2.6G       5.7M        60M       830M

MemTotal:        4016004 kB
MemFree:         2562028 kB
Active:           447220 kB
Mem:          3.8G       1.4G       2.4G       5.7M        60M       944M

MemTotal:        4016004 kB
MemFree:         2478632 kB
Active:           447468 kB
Mem:          3.8G       1.5G       2.4G       5.7M        60M       1.0G

MemTotal:        4016004 kB
MemFree:         2467208 kB
Active:           447640 kB
Mem:          3.8G       1.5G       2.4G       5.7M        60M       1.0G

MemTotal:        4016004 kB
MemFree:         2467432 kB
Active:           447608 kB
Mem:          3.8G       1.5G       2.4G       5.7M        60M       1.0G

MemTotal:        4016004 kB
MemFree:         2467156 kB
Active:           447644 kB
Mem:          3.8G       1.5G       2.4G       5.7M        60M       1.0G

MemTotal:        4016004 kB
MemFree:         2312684 kB
Active:           447976 kB
Mem:          3.8G       1.6G       2.2G       5.7M        60M       1.2G

MemTotal:        4016004 kB
MemFree:         2240292 kB
Active:           448312 kB
Mem:          3.8G       1.7G       2.1G       5.7M        60M       1.2G

MemTotal:        4016004 kB
MemFree:         2194028 kB
Active:           448540 kB
Mem:          3.8G       1.7G       2.1G       5.7M        60M       1.3G

MemTotal:        4016004 kB
MemFree:         2152700 kB
Active:           448752 kB
Mem:          3.8G       1.8G       2.1G       5.7M        60M       1.3G

MemTotal:        4016004 kB
MemFree:         2137508 kB
Active:           448880 kB
Mem:          3.8G       1.8G       2.0G       5.7M        60M       1.3G

MemTotal:        4016004 kB
MemFree:         3090544 kB
Active:           445560 kB
Mem:          3.8G       903M       2.9G       5.7M        60M       440M

MemTotal:        4016004 kB
MemFree:         3138076 kB
Active:           445268 kB
Mem:          3.8G       857M       3.0G       5.7M        60M       394M

MemTotal:        4016004 kB
MemFree:         3184468 kB
Active:           445084 kB
Mem:          3.8G       812M       3.0G       5.7M        60M       350M

MemTotal:        4016004 kB
MemFree:         2959920 kB
Active:           445740 kB
Mem:          3.8G       1.0G       2.8G       5.7M        60M       566M

MemTotal:        4016004 kB
MemFree:         2881496 kB
Active:           445952 kB
Mem:          3.8G       1.1G       2.7G       5.7M        60M       641M

MemTotal:        4016004 kB
MemFree:         2835016 kB
Active:           446184 kB
Mem:          3.8G       1.1G       2.7G       5.7M        60M       685M

MemTotal:        4016004 kB
MemFree:         2774808 kB
Active:           446332 kB
Mem:          3.8G       1.2G       2.6G       5.7M        60M       742M

MemTotal:        4016004 kB
MemFree:         2704288 kB
Active:           446568 kB
Mem:          3.8G       1.3G       2.6G       5.7M        60M       809M

MemTotal:        4016004 kB
MemFree:         2683708 kB
Active:           446848 kB
Mem:          3.8G       1.3G       2.6G       5.7M        60M       828M

MemTotal:        4016004 kB
MemFree:         2683088 kB
Active:           446860 kB
Mem:          3.8G       1.3G       2.6G       5.7M        60M       828M

MemTotal:        4016004 kB
MemFree:         2682628 kB
Active:           446924 kB
Mem:          3.8G       1.3G       2.6G       5.7M        60M       828M

MemTotal:        4016004 kB
MemFree:         2638580 kB
Active:           446916 kB
Mem:          3.8G       1.3G       2.5G       5.7M        60M       871M

MemTotal:        4016004 kB
MemFree:         2567112 kB
Active:           447264 kB
Mem:          3.8G       1.4G       2.4G       5.7M        60M       940M

MemTotal:        4016004 kB
MemFree:         2448520 kB
Active:           447604 kB
Mem:          3.8G       1.5G       2.3G       5.7M        60M       1.0G

MemTotal:        4016004 kB
MemFree:         2417364 kB
Active:           447892 kB
Mem:          3.8G       1.5G       2.3G       5.7M        60M       1.1G

MemTotal:        4016004 kB
MemFree:         2416912 kB
Active:           447988 kB
Mem:          3.8G       1.5G       2.3G       5.7M        60M       1.1G

MemTotal:        4016004 kB
MemFree:         2417460 kB
Active:           447988 kB
Mem:          3.8G       1.5G       2.3G       5.7M        60M       1.1G

MemTotal:        4016004 kB
MemFree:         2280652 kB
Active:           448512 kB
Mem:          3.8G       1.7G       2.2G       5.7M        60M       1.2G

MemTotal:        4016004 kB
MemFree:         2203084 kB
Active:           448816 kB
Mem:          3.8G       1.7G       2.1G       5.7M        60M       1.3G

MemTotal:        4016004 kB
MemFree:         2197380 kB
Active:           448852 kB
Mem:          3.8G       1.7G       2.1G       5.7M        60M       1.3G

MemTotal:        4016004 kB
MemFree:         2196888 kB
Active:           448844 kB
Mem:          3.8G       1.7G       2.1G       5.7M        60M       1.3G

MemTotal:        4016004 kB
MemFree:         2196736 kB
Active:           448828 kB
Mem:          3.8G       1.7G       2.1G       5.7M        60M       1.3G

MemTotal:        4016004 kB
MemFree:         2891120 kB
Active:           446344 kB
Mem:          3.8G       1.1G       2.8G       5.7M        60M       622M

MemTotal:        4016004 kB
MemFree:         3012372 kB
Active:           445596 kB
Mem:          3.8G       981M       2.9G       5.7M        60M       517M

MemTotal:        4016004 kB
MemFree:         2910396 kB
Active:           446080 kB
Mem:          3.8G       1.1G       2.8G       5.7M        60M       613M

MemTotal:        4016004 kB
MemFree:         2910432 kB
Active:           446140 kB
Mem:          3.8G       1.1G       2.8G       5.7M        60M       613M

MemTotal:        4016004 kB
MemFree:         2806032 kB
Active:           446388 kB
Mem:          3.8G       1.2G       2.7G       5.7M        60M       712M

MemTotal:        4016004 kB
MemFree:         2723196 kB
Active:           446868 kB
Mem:          3.8G       1.2G       2.6G       5.7M        60M       791M

MemTotal:        4016004 kB
MemFree:         2669368 kB
Active:           447092 kB
Mem:          3.8G       1.3G       2.5G       5.7M        60M       842M

MemTotal:        4016004 kB
MemFree:         2654580 kB
Active:           447100 kB
Mem:          3.8G       1.3G       2.5G       5.7M        60M       857M

MemTotal:        4016004 kB
MemFree:         2653804 kB
Active:           447160 kB
Mem:          3.8G       1.3G       2.5G       5.7M        60M       857M

MemTotal:        4016004 kB
MemFree:         2653992 kB
Active:           447200 kB
Mem:          3.8G       1.3G       2.5G       5.7M        60M       857M

MemTotal:        4016004 kB
MemFree:         2653964 kB
Active:           447180 kB
Mem:          3.8G       1.3G       2.5G       5.7M        60M       857M

MemTotal:        4016004 kB
MemFree:         2447712 kB
Active:           447624 kB
Mem:          3.8G       1.5G       2.3G       5.7M        60M       1.0G

MemTotal:        4016004 kB
MemFree:         2387188 kB
Active:           448048 kB
Mem:          3.8G       1.6G       2.3G       5.7M        60M       1.1G

MemTotal:        4016004 kB
MemFree:         2386560 kB
Active:           448232 kB
Mem:          3.8G       1.6G       2.3G       5.7M        60M       1.1G

MemTotal:        4016004 kB
MemFree:         2386316 kB
Active:           448244 kB
Mem:          3.8G       1.6G       2.3G       5.7M        60M       1.1G

MemTotal:        4016004 kB
MemFree:         2340524 kB
Active:           448236 kB
Mem:          3.8G       1.6G       2.2G       5.7M        60M       1.1G

MemTotal:        4016004 kB
MemFree:         2232964 kB
Active:           448656 kB
Mem:          3.8G       1.7G       2.1G       5.7M        60M       1.2G

MemTotal:        4016004 kB
MemFree:         2149040 kB
Active:           449040 kB
Mem:          3.8G       1.8G       2.0G       5.7M        60M       1.3G

MemTotal:        4016004 kB
MemFree:         2138236 kB
Active:           449164 kB
Mem:          3.8G       1.8G       2.0G       5.7M        60M       1.3G

MemTotal:        4016004 kB
MemFree:         2137492 kB
Active:           449228 kB
Mem:          3.8G       1.8G       2.0G       5.7M        60M       1.3G

MemTotal:        4016004 kB
MemFree:         2137716 kB
Active:           449192 kB
Mem:          3.8G       1.8G       2.0G       5.7M        60M       1.3G

MemTotal:        4016004 kB
MemFree:         2214348 kB
Active:           449048 kB
Mem:          3.8G       1.7G       2.1G       5.7M        60M       1.2G

MemTotal:        4016004 kB
MemFree:         3132932 kB
Active:           445396 kB
Mem:          3.8G       864M       3.0G       5.7M        60M       402M

MemTotal:        4016004 kB
MemFree:         2899620 kB
Active:           446148 kB
Mem:          3.8G       1.1G       2.8G       5.7M        60M       622M

MemTotal:        4016004 kB
MemFree:         2885116 kB
Active:           446336 kB
Mem:          3.8G       1.1G       2.8G       5.7M        60M       637M

MemTotal:        4016004 kB
MemFree:         2884992 kB
Active:           446396 kB
Mem:          3.8G       1.1G       2.8G       5.7M        60M       637M

MemTotal:        4016004 kB
MemFree:         2764488 kB
Active:           446896 kB
Mem:          3.8G       1.2G       2.6G       5.7M        60M       752M

MemTotal:        4016004 kB
MemFree:         2682968 kB
Active:           447212 kB
Mem:          3.8G       1.3G       2.6G       5.7M        60M       828M

MemTotal:        4016004 kB
MemFree:         2682536 kB
Active:           447212 kB
Mem:          3.8G       1.3G       2.6G       5.7M        60M       828M

MemTotal:        4016004 kB
MemFree:         2682696 kB
Active:           447208 kB
Mem:          3.8G       1.3G       2.6G       5.7M        60M       828M

MemTotal:        4016004 kB
MemFree:         2682948 kB
Active:           447196 kB
Mem:          3.8G       1.3G       2.6G       5.7M        60M       828M

MemTotal:        4016004 kB
MemFree:         2516076 kB
Active:           447840 kB
Mem:          3.8G       1.4G       2.4G       5.7M        60M       986M

MemTotal:        4016004 kB
MemFree:         2451960 kB
Active:           448108 kB
Mem:          3.8G       1.5G       2.3G       5.7M        60M       1.0G

MemTotal:        4016004 kB
MemFree:         2432800 kB
Active:           448196 kB
Mem:          3.8G       1.5G       2.3G       5.7M        60M       1.0G

MemTotal:        4016004 kB
MemFree:         2432864 kB
Active:           448220 kB
Mem:          3.8G       1.5G       2.3G       5.7M        60M       1.0G

MemTotal:        4016004 kB
MemFree:         2432752 kB
Active:           448208 kB
Mem:          3.8G       1.5G       2.3G       5.7M        60M       1.0G

MemTotal:        4016004 kB
MemFree:         2432536 kB
Active:           448228 kB
Mem:          3.8G       1.5G       2.3G       5.7M        60M       1.0G

MemTotal:        4016004 kB
MemFree:         2255164 kB
Active:           448868 kB
Mem:          3.8G       1.7G       2.2G       5.7M        60M       1.2G

MemTotal:        4016004 kB
MemFree:         2179008 kB
Active:           449176 kB
Mem:          3.8G       1.8G       2.1G       5.7M        60M       1.3G

MemTotal:        4016004 kB
MemFree:         2151804 kB
Active:           449320 kB
Mem:          3.8G       1.8G       2.1G       5.7M        60M       1.3G

MemTotal:        4016004 kB
MemFree:         2150968 kB
Active:           449284 kB
Mem:          3.8G       1.8G       2.1G       5.7M        60M       1.3G

MemTotal:        4016004 kB
MemFree:         2151200 kB
Active:           449312 kB
Mem:          3.8G       1.8G       2.1G       5.7M        60M       1.3G

MemTotal:        4016004 kB
MemFree:         2433216 kB
Active:           448308 kB
Mem:          3.8G       1.5G       2.3G       5.7M        60M       1.0G

MemTotal:        4016004 kB
MemFree:         2895888 kB
Active:           446448 kB
Mem:          3.8G       1.1G       2.8G       5.7M        60M       626M

MemTotal:        4016004 kB
MemFree:         2823156 kB
Active:           446756 kB
Mem:          3.8G       1.1G       2.7G       5.7M        60M       695M

MemTotal:        4016004 kB
MemFree:         2778436 kB
Active:           446928 kB
Mem:          3.8G       1.2G       2.6G       5.7M        60M       738M

MemTotal:        4016004 kB
MemFree:         2734436 kB
Active:           447080 kB
Mem:          3.8G       1.2G       2.6G       5.7M        60M       780M

MemTotal:        4016004 kB
MemFree:         2734080 kB
Active:           447140 kB
Mem:          3.8G       1.2G       2.6G       5.7M        60M       780M

MemTotal:        4016004 kB
MemFree:         2734300 kB
Active:           447116 kB
Mem:          3.8G       1.2G       2.6G       5.7M        60M       780M

MemTotal:        4016004 kB
MemFree:         2708280 kB
Active:           447160 kB
Mem:          3.8G       1.2G       2.6G       5.7M        61M       806M

MemTotal:        4016004 kB
MemFree:         2562644 kB
Active:           447692 kB
Mem:          3.8G       1.4G       2.4G       5.7M        61M       944M

MemTotal:        4016004 kB
MemFree:         2523108 kB
Active:           447964 kB
Mem:          3.8G       1.4G       2.4G       5.7M        61M       980M

MemTotal:        4016004 kB
MemFree:         2522984 kB
Active:           447932 kB
Mem:          3.8G       1.4G       2.4G       5.7M        61M       980M

MemTotal:        4016004 kB
MemFree:         2522680 kB
Active:           447980 kB
Mem:          3.8G       1.4G       2.4G       5.7M        61M       980M

MemTotal:        4016004 kB
MemFree:         2522972 kB
Active:           447944 kB
Mem:          3.8G       1.4G       2.4G       5.7M        61M       980M

MemTotal:        4016004 kB
MemFree:         2358244 kB
Active:           448476 kB
Mem:          3.8G       1.6G       2.2G       5.7M        61M       1.1G

MemTotal:        4016004 kB
MemFree:         2281320 kB
Active:           448792 kB
Mem:          3.8G       1.7G       2.2G       5.7M        61M       1.2G

MemTotal:        4016004 kB
MemFree:         2274912 kB
Active:           448932 kB
Mem:          3.8G       1.7G       2.2G       5.7M        61M       1.2G

MemTotal:        4016004 kB
MemFree:         2275196 kB
Active:           448884 kB
Mem:          3.8G       1.7G       2.2G       5.7M        61M       1.2G

MemTotal:        4016004 kB
MemFree:         2274688 kB
Active:           448880 kB
Mem:          3.8G       1.7G       2.2G       5.7M        61M       1.2G

MemTotal:        4016004 kB
MemFree:         2140728 kB
Active:           449352 kB
Mem:          3.8G       1.8G       2.0G       5.7M        61M       1.3G

MemTotal:        4016004 kB
MemFree:         2135932 kB
Active:           449460 kB
Mem:          3.8G       1.8G       2.0G       5.7M        61M       1.3G

MemTotal:        4016004 kB
MemFree:         2135980 kB
Active:           449484 kB
Mem:          3.8G       1.8G       2.0G       5.7M        61M       1.3G

MemTotal:        4016004 kB
MemFree:         2136200 kB
Active:           449484 kB
Mem:          3.8G       1.8G       2.0G       5.7M        61M       1.3G

MemTotal:        4016004 kB
MemFree:         3168540 kB
Active:           445572 kB
Mem:          3.8G       829M       3.0G       5.7M        61M       368M

MemTotal:        4016004 kB
MemFree:         2933708 kB
Active:           446460 kB
Mem:          3.8G       1.0G       2.8G       5.7M        61M       590M

MemTotal:        4016004 kB
MemFree:         2933988 kB
Active:           446444 kB
Mem:          3.8G       1.0G       2.8G       5.7M        61M       590M

MemTotal:        4016004 kB
MemFree:         2742516 kB
Active:           447052 kB
Mem:          3.8G       1.2G       2.6G       5.7M        61M       771M

MemTotal:        4016004 kB
MemFree:         2685876 kB
Active:           447376 kB
Mem:          3.8G       1.3G       2.6G       5.7M        61M       826M

MemTotal:        4016004 kB
MemFree:         2644240 kB
Active:           447496 kB
Mem:          3.8G       1.3G       2.5G       5.7M        61M       865M

MemTotal:        4016004 kB
MemFree:         2597272 kB
Active:           447692 kB
Mem:          3.8G       1.4G       2.5G       5.7M        61M       911M

MemTotal:        4016004 kB
MemFree:         2551328 kB
Active:           447876 kB
Mem:          3.8G       1.4G       2.4G       5.7M        61M       953M

MemTotal:        4016004 kB
MemFree:         2550992 kB
Active:           447940 kB
Mem:          3.8G       1.4G       2.4G       5.7M        61M       953M

MemTotal:        4016004 kB
MemFree:         2490836 kB
Active:           447936 kB
Mem:          3.8G       1.5G       2.4G       5.7M        61M       1.0G

MemTotal:        4016004 kB
MemFree:         2419968 kB
Active:           448292 kB
Mem:          3.8G       1.5G       2.3G       5.7M        61M       1.1G

MemTotal:        4016004 kB
MemFree:         2370736 kB
Active:           448544 kB
Mem:          3.8G       1.6G       2.3G       5.7M        61M       1.1G

MemTotal:        4016004 kB
MemFree:         2324452 kB
Active:           448728 kB
Mem:          3.8G       1.6G       2.2G       5.7M        61M       1.1G

MemTotal:        4016004 kB
MemFree:         2282584 kB
Active:           448896 kB
Mem:          3.8G       1.7G       2.2G       5.7M        61M       1.2G

MemTotal:        4016004 kB
MemFree:         2264680 kB
Active:           449052 kB
Mem:          3.8G       1.7G       2.2G       5.7M        61M       1.2G

MemTotal:        4016004 kB
MemFree:         2264752 kB
Active:           449080 kB
Mem:          3.8G       1.7G       2.2G       5.7M        61M       1.2G

MemTotal:        4016004 kB
MemFree:         2264784 kB
Active:           449052 kB
Mem:          3.8G       1.7G       2.2G       5.7M        61M       1.2G

MemTotal:        4016004 kB
MemFree:         2140440 kB
Active:           449468 kB
Mem:          3.8G       1.8G       2.0G       5.7M        61M       1.3G

MemTotal:        4016004 kB
MemFree:         3102396 kB
Active:           445952 kB
Mem:          3.8G       892M       3.0G       5.7M        61M       428M

MemTotal:        4016004 kB
MemFree:         3149016 kB
Active:           445876 kB
Mem:          3.8G       846M       3.0G       5.7M        61M       383M

MemTotal:        4016004 kB
MemFree:         3197056 kB
Active:           445680 kB
Mem:          3.8G       799M       3.0G       5.7M        61M       338M

MemTotal:        4016004 kB
MemFree:         2901900 kB
Active:           446496 kB
Mem:          3.8G       1.1G       2.8G       5.7M        61M       620M

MemTotal:        4016004 kB
MemFree:         2831936 kB
Active:           446668 kB
Mem:          3.8G       1.1G       2.7G       5.7M        61M       687M

MemTotal:        4016004 kB
MemFree:         2790636 kB
Active:           446912 kB
Mem:          3.8G       1.2G       2.7G       5.7M        61M       727M

MemTotal:        4016004 kB
MemFree:         2744304 kB
Active:           447084 kB
Mem:          3.8G       1.2G       2.6G       5.7M        61M       771M

MemTotal:        4016004 kB
MemFree:         2696028 kB
Active:           447256 kB
Mem:          3.8G       1.3G       2.6G       5.7M        61M       816M

MemTotal:        4016004 kB
MemFree:         2684728 kB
Active:           447468 kB
Mem:          3.8G       1.3G       2.6G       5.7M        61M       826M

MemTotal:        4016004 kB
MemFree:         2684744 kB
Active:           447468 kB
Mem:          3.8G       1.3G       2.6G       5.7M        61M       826M

MemTotal:        4016004 kB
MemFree:         2684436 kB
Active:           447508 kB
Mem:          3.8G       1.3G       2.6G       5.7M        61M       826M

MemTotal:        4016004 kB
MemFree:         2534700 kB
Active:           448056 kB
Mem:          3.8G       1.4G       2.4G       5.7M        61M       969M

MemTotal:        4016004 kB
MemFree:         2464196 kB
Active:           448352 kB
Mem:          3.8G       1.5G       2.3G       5.7M        61M       1.0G

MemTotal:        4016004 kB
MemFree:         2457112 kB
Active:           448388 kB
Mem:          3.8G       1.5G       2.3G       5.7M        61M       1.0G

MemTotal:        4016004 kB
MemFree:         2457396 kB
Active:           448376 kB
Mem:          3.8G       1.5G       2.3G       5.7M        61M       1.0G

MemTotal:        4016004 kB
MemFree:         2457524 kB
Active:           448368 kB
Mem:          3.8G       1.5G       2.3G       5.7M        61M       1.0G

MemTotal:        4016004 kB
MemFree:         2327608 kB
Active:           448856 kB
Mem:          3.8G       1.6G       2.2G       5.7M        61M       1.1G

MemTotal:        4016004 kB
MemFree:         2243716 kB
Active:           449168 kB
Mem:          3.8G       1.7G       2.1G       5.7M        61M       1.2G

MemTotal:        4016004 kB
MemFree:         2217256 kB
Active:           449300 kB
Mem:          3.8G       1.7G       2.1G       5.7M        61M       1.2G

MemTotal:        4016004 kB
MemFree:         2217476 kB
Active:           449308 kB
Mem:          3.8G       1.7G       2.1G       5.7M        61M       1.2G

MemTotal:        4016004 kB
MemFree:         2217604 kB
Active:           449300 kB
Mem:          3.8G       1.7G       2.1G       5.7M        61M       1.2G

MemTotal:        4016004 kB
MemFree:         2776484 kB
Active:           447308 kB
Mem:          3.8G       1.2G       2.7G       5.7M        61M       729M

MemTotal:        4016004 kB
MemFree:         3139768 kB
Active:           445788 kB
Mem:          3.8G       855M       3.0G       5.7M        61M       392M

MemTotal:        4016004 kB
MemFree:         3181512 kB
Active:           445676 kB
Mem:          3.8G       815M       3.0G       5.7M        61M       352M

MemTotal:        4016004 kB
MemFree:         2927436 kB
Active:           446584 kB
Mem:          3.8G       1.0G       2.8G       5.7M        61M       596M

MemTotal:        4016004 kB
MemFree:         2847368 kB
Active:           446888 kB
Mem:          3.8G       1.1G       2.7G       5.7M        61M       673M

MemTotal:        4016004 kB
MemFree:         2804432 kB
Active:           447052 kB
Mem:          3.8G       1.2G       2.7G       5.7M        61M       713M

MemTotal:        4016004 kB
MemFree:         2758404 kB
Active:           447244 kB
Mem:          3.8G       1.2G       2.6G       5.7M        61M       757M

MemTotal:        4016004 kB
MemFree:         2712524 kB
Active:           447416 kB
Mem:          3.8G       1.2G       2.6G       5.7M        61M       801M

MemTotal:        4016004 kB
MemFree:         2683412 kB
Active:           447572 kB
Mem:          3.8G       1.3G       2.6G       5.7M        61M       828M

MemTotal:        4016004 kB
MemFree:         2682608 kB
Active:           447556 kB
Mem:          3.8G       1.3G       2.6G       5.7M        61M       828M

MemTotal:        4016004 kB
MemFree:         2682952 kB
Active:           447544 kB
Mem:          3.8G       1.3G       2.6G       5.7M        61M       828M

MemTotal:        4016004 kB
MemFree:         2580664 kB
Active:           447728 kB
Mem:          3.8G       1.4G       2.5G       5.7M        61M       926M

MemTotal:        4016004 kB
MemFree:         2496140 kB
Active:           448204 kB
Mem:          3.8G       1.4G       2.4G       5.7M        61M       1.0G

MemTotal:        4016004 kB
MemFree:         2466472 kB
Active:           448400 kB
Mem:          3.8G       1.5G       2.4G       5.7M        61M       1.0G

MemTotal:        4016004 kB
MemFree:         2466100 kB
Active:           448400 kB
Mem:          3.8G       1.5G       2.4G       5.7M        61M       1.0G

MemTotal:        4016004 kB
MemFree:         2465832 kB
Active:           448420 kB
Mem:          3.8G       1.5G       2.4G       5.7M        61M       1.0G

MemTotal:        4016004 kB
MemFree:         2466116 kB
Active:           448404 kB
Mem:          3.8G       1.5G       2.4G       5.7M        61M       1.0G

MemTotal:        4016004 kB
MemFree:         2280380 kB
Active:           449016 kB
Mem:          3.8G       1.7G       2.2G       5.7M        61M       1.2G

MemTotal:        4016004 kB
MemFree:         2211152 kB
Active:           449320 kB
Mem:          3.8G       1.7G       2.1G       5.7M        61M       1.2G

MemTotal:        4016004 kB
MemFree:         2210532 kB
Active:           449368 kB
Mem:          3.8G       1.7G       2.1G       5.7M        61M       1.2G

MemTotal:        4016004 kB
MemFree:         2210200 kB
Active:           449404 kB
Mem:          3.8G       1.7G       2.1G       5.7M        61M       1.2G

MemTotal:        4016004 kB
MemFree:         2210232 kB
Active:           449384 kB
Mem:          3.8G       1.7G       2.1G       5.7M        61M       1.2G

MemTotal:        4016004 kB
MemFree:         3180408 kB
Active:           445920 kB
Mem:          3.8G       815M       3.0G       5.7M        61M       353M

MemTotal:        4016004 kB
MemFree:         2934292 kB
Active:           446528 kB
Mem:          3.8G       1.0G       2.8G       5.7M        61M       589M

MemTotal:        4016004 kB
MemFree:         2934724 kB
Active:           446620 kB
Mem:          3.8G       1.0G       2.8G       5.7M        61M       589M

MemTotal:        4016004 kB
MemFree:         2908600 kB
Active:           446616 kB
Mem:          3.8G       1.1G       2.8G       5.7M        61M       615M

MemTotal:        4016004 kB
MemFree:         2763932 kB
Active:           447184 kB
Mem:          3.8G       1.2G       2.6G       5.7M        61M       752M

MemTotal:        4016004 kB
MemFree:         2699668 kB
Active:           447316 kB
Mem:          3.8G       1.3G       2.6G       5.7M        61M       813M

MemTotal:        4016004 kB
MemFree:         2663956 kB
Active:           447572 kB
Mem:          3.8G       1.3G       2.5G       5.7M        61M       847M

MemTotal:        4016004 kB
MemFree:         2663428 kB
Active:           447652 kB
Mem:          3.8G       1.3G       2.5G       5.7M        61M       847M

MemTotal:        4016004 kB
MemFree:         2663296 kB
Active:           447688 kB
Mem:          3.8G       1.3G       2.5G       5.7M        61M       847M

MemTotal:        4016004 kB
MemFree:         2663240 kB
Active:           447668 kB
Mem:          3.8G       1.3G       2.5G       5.7M        61M       847M

MemTotal:        4016004 kB
MemFree:         2502068 kB
Active:           448320 kB
Mem:          3.8G       1.4G       2.4G       5.7M        61M       1.0G

MemTotal:        4016004 kB
MemFree:         2435404 kB
Active:           448360 kB
Mem:          3.8G       1.5G       2.3G       5.7M        61M       1.0G

MemTotal:        4016004 kB
MemFree:         2414948 kB
Active:           448644 kB
Mem:          3.8G       1.5G       2.3G       5.7M        61M       1.1G

MemTotal:        4016004 kB
MemFree:         2414644 kB
Active:           448632 kB
Mem:          3.8G       1.5G       2.3G       5.7M        61M       1.1G

MemTotal:        4016004 kB
MemFree:         2414532 kB
Active:           448624 kB
Mem:          3.8G       1.5G       2.3G       5.7M        61M       1.1G

MemTotal:        4016004 kB
MemFree:         2285088 kB
Active:           449140 kB
Mem:          3.8G       1.7G       2.2G       5.7M        61M       1.2G

MemTotal:        4016004 kB
MemFree:         2215192 kB
Active:           449420 kB
Mem:          3.8G       1.7G       2.1G       5.7M        61M       1.2G

MemTotal:        4016004 kB
MemFree:         2200956 kB
Active:           449484 kB
Mem:          3.8G       1.7G       2.1G       5.7M        61M       1.3G

MemTotal:        4016004 kB
MemFree:         2200092 kB
Active:           449476 kB
Mem:          3.8G       1.7G       2.1G       5.7M        61M       1.3G

MemTotal:        4016004 kB
MemFree:         2199972 kB
Active:           449448 kB
Mem:          3.8G       1.7G       2.1G       5.7M        61M       1.3G

MemTotal:        4016004 kB
MemFree:         2760792 kB
Active:           447544 kB
Mem:          3.8G       1.2G       2.6G       5.7M        61M       744M

MemTotal:        4016004 kB
MemFree:         3209500 kB
Active:           445656 kB
Mem:          3.8G       787M       3.1G       5.7M        61M       326M

MemTotal:        4016004 kB
MemFree:         2883744 kB
Active:           446864 kB
Mem:          3.8G       1.1G       2.8G       5.7M        61M       637M

MemTotal:        4016004 kB
MemFree:         2883792 kB
Active:           446900 kB
Mem:          3.8G       1.1G       2.7G       5.7M        61M       637M

MemTotal:        4016004 kB
MemFree:         2883496 kB
Active:           446908 kB
Mem:          3.8G       1.1G       2.8G       5.7M        61M       637M

MemTotal:        4016004 kB
MemFree:         2716068 kB
Active:           447472 kB
Mem:          3.8G       1.2G       2.6G       5.7M        61M       796M

MemTotal:        4016004 kB
MemFree:         2653472 kB
Active:           447572 kB
Mem:          3.8G       1.3G       2.5G       5.7M        61M       857M

MemTotal:        4016004 kB
MemFree:         2649628 kB
Active:           447772 kB
Mem:          3.8G       1.3G       2.5G       5.7M        61M       861M

MemTotal:        4016004 kB
MemFree:         2648760 kB
Active:           447820 kB
Mem:          3.8G       1.3G       2.5G       5.7M        61M       861M

MemTotal:        4016004 kB
MemFree:         2648520 kB
Active:           447808 kB
Mem:          3.8G       1.3G       2.5G       5.7M        61M       861M

MemTotal:        4016004 kB
MemFree:         2519404 kB
Active:           448068 kB
Mem:          3.8G       1.4G       2.4G       5.7M        61M       984M

MemTotal:        4016004 kB
MemFree:         2437368 kB
Active:           448308 kB
Mem:          3.8G       1.5G       2.3G       5.7M        61M       1.0G

MemTotal:        4016004 kB
MemFree:         2397772 kB
Active:           448660 kB
Mem:          3.8G       1.5G       2.3G       5.7M        61M       1.1G

MemTotal:        4016004 kB
MemFree:         2397300 kB
Active:           448756 kB
Mem:          3.8G       1.5G       2.3G       5.7M        61M       1.1G

MemTotal:        4016004 kB
MemFree:         2397384 kB
Active:           448732 kB
Mem:          3.8G       1.5G       2.3G       5.7M        61M       1.1G

MemTotal:        4016004 kB
MemFree:         2294676 kB
Active:           448928 kB
Mem:          3.8G       1.6G       2.2G       5.7M        61M       1.2G

MemTotal:        4016004 kB
MemFree:         2212660 kB
Active:           449340 kB
Mem:          3.8G       1.7G       2.1G       5.7M        61M       1.2G

MemTotal:        4016004 kB
MemFree:         2169412 kB
Active:           449508 kB
Mem:          3.8G       1.8G       2.1G       5.7M        61M       1.3G

MemTotal:        4016004 kB
MemFree:         2160840 kB
Active:           449640 kB
Mem:          3.8G       1.8G       2.1G       5.7M        61M       1.3G

MemTotal:        4016004 kB
MemFree:         2161096 kB
Active:           449684 kB
Mem:          3.8G       1.8G       2.1G       5.7M        61M       1.3G

MemTotal:        4016004 kB
MemFree:         2151184 kB
Active:           449704 kB
Mem:          3.8G       1.8G       2.0G       5.7M        61M       1.3G

MemTotal:        4016004 kB
MemFree:         3167048 kB
Active:           445780 kB
Mem:          3.8G       830M       3.0G       5.7M        61M       370M

MemTotal:        4016004 kB
MemFree:         2909764 kB
Active:           446816 kB
Mem:          3.8G       1.1G       2.8G       5.7M        61M       613M

MemTotal:        4016004 kB
MemFree:         2909440 kB
Active:           446872 kB
Mem:          3.8G       1.1G       2.8G       5.7M        61M       613M

MemTotal:        4016004 kB
MemFree:         2803000 kB
Active:           447268 kB
Mem:          3.8G       1.2G       2.7G       5.7M        61M       714M

MemTotal:        4016004 kB
MemFree:         2720312 kB
Active:           447576 kB
Mem:          3.8G       1.2G       2.6G       5.7M        61M       793M

MemTotal:        4016004 kB
MemFree:         2676288 kB
Active:           447704 kB
Mem:          3.8G       1.3G       2.6G       5.7M        61M       835M

MemTotal:        4016004 kB
MemFree:         2659168 kB
Active:           447776 kB
Mem:          3.8G       1.3G       2.5G       5.7M        61M       852M

MemTotal:        4016004 kB
MemFree:         2658956 kB
Active:           447824 kB
Mem:          3.8G       1.3G       2.5G       5.7M        61M       852M

MemTotal:        4016004 kB
MemFree:         2659188 kB
Active:           447800 kB
Mem:          3.8G       1.3G       2.5G       5.7M        61M       852M

MemTotal:        4016004 kB
MemFree:         2510716 kB
Active:           448368 kB
Mem:          3.8G       1.4G       2.4G       5.7M        61M       993M

MemTotal:        4016004 kB
MemFree:         2448672 kB
Active:           448624 kB
Mem:          3.8G       1.5G       2.3G       5.7M        61M       1.0G

MemTotal:        4016004 kB
MemFree:         2433312 kB
Active:           448708 kB
Mem:          3.8G       1.5G       2.3G       5.7M        61M       1.0G

MemTotal:        4016004 kB
MemFree:         2433440 kB
Active:           448652 kB
Mem:          3.8G       1.5G       2.3G       5.7M        61M       1.0G

MemTotal:        4016004 kB
MemFree:         2433512 kB
Active:           448712 kB
Mem:          3.8G       1.5G       2.3G       5.7M        61M       1.0G

MemTotal:        4016004 kB
MemFree:         3213184 kB
Active:           444528 kB
Mem:          3.8G       783M       3.1G       5.7M        61M       324M

MemTotal:        4016004 kB
MemFree:         3213804 kB
Active:           444480 kB
Mem:          3.8G       783M       3.1G       5.7M        61M       324M

MemTotal:        4016004 kB
MemFree:         3213680 kB
Active:           444480 kB
Mem:          3.8G       783M       3.1G       5.7M        61M       324M

MemTotal:        4016004 kB
MemFree:         3213556 kB
Active:           444544 kB
Mem:          3.8G       783M       3.1G       5.7M        61M       324M

MemTotal:        4016004 kB
MemFree:         3213928 kB
Active:           444496 kB
Mem:          3.8G       783M       3.1G       5.7M        61M       324M

MemTotal:        4016004 kB
MemFree:         3214052 kB
Active:           444504 kB
Mem:          3.8G       783M       3.1G       5.7M        61M       324M

MemTotal:        4016004 kB
MemFree:         3213928 kB
Active:           444540 kB
Mem:          3.8G       783M       3.1G       5.7M        61M       324M

MemTotal:        4016004 kB
MemFree:         3213432 kB
Active:           444504 kB
Mem:          3.8G       783M       3.1G       5.7M        61M       324M

MemTotal:        4016004 kB
MemFree:         3213556 kB
Active:           444488 kB
Mem:          3.8G       783M       3.1G       5.7M        61M       324M

MemTotal:        4016004 kB
MemFree:         3213432 kB
Active:           444492 kB
Mem:          3.8G       784M       3.1G       5.7M        61M       324M

MemTotal:        4016004 kB
MemFree:         3213680 kB
Active:           444524 kB
Mem:          3.8G       783M       3.1G       5.7M        61M       324M

MemTotal:        4016004 kB
MemFree:         3213308 kB
Active:           444548 kB
Mem:          3.8G       783M       3.1G       5.7M        61M       324M

MemTotal:        4016004 kB
MemFree:         3213680 kB
Active:           444540 kB
Mem:          3.8G       783M       3.1G       5.7M        61M       324M

MemTotal:        4016004 kB
MemFree:         3213680 kB
Active:           444528 kB
Mem:          3.8G       783M       3.1G       5.7M        61M       324M

MemTotal:        4016004 kB
MemFree:         3213680 kB
Active:           444500 kB
Mem:          3.8G       783M       3.1G       5.7M        61M       324M

MemTotal:        4016004 kB
MemFree:         3213680 kB
Active:           444492 kB
Mem:          3.8G       783M       3.1G       5.7M        61M       324M

MemTotal:        4016004 kB
MemFree:         3213804 kB
Active:           444496 kB
Mem:          3.8G       783M       3.1G       5.7M        61M       324M

MemTotal:        4016004 kB
MemFree:         3213804 kB
Active:           444536 kB
Mem:          3.8G       783M       3.1G       5.7M        61M       324M

MemTotal:        4016004 kB
MemFree:         3213804 kB
Active:           444512 kB
Mem:          3.8G       783M       3.1G       5.7M        61M       324M

MemTotal:        4016004 kB
MemFree:         3213804 kB
Active:           444556 kB
Mem:          3.8G       783M       3.1G       5.7M        61M       324M

MemTotal:        4016004 kB
MemFree:         3213556 kB
Active:           444564 kB
Mem:          3.8G       783M       3.1G       5.7M        61M       324M

MemTotal:        4016004 kB
MemFree:         3213928 kB
Active:           444560 kB
Mem:          3.8G       783M       3.1G       5.7M        61M       324M

MemTotal:        4016004 kB
MemFree:         3213556 kB
Active:           444568 kB
Mem:          3.8G       783M       3.1G       5.7M        61M       324M

MemTotal:        4016004 kB
MemFree:         3213432 kB
Active:           444572 kB
Mem:          3.8G       783M       3.1G       5.7M        61M       324M

MemTotal:        4016004 kB
MemFree:         3213556 kB
Active:           444540 kB
Mem:          3.8G       783M       3.1G       5.7M        61M       324M

MemTotal:        4016004 kB
MemFree:         3213432 kB
Active:           444532 kB
Mem:          3.8G       783M       3.1G       5.7M        61M       324M

MemTotal:        4016004 kB
MemFree:         3213680 kB
Active:           444572 kB
Mem:          3.8G       783M       3.1G       5.7M        61M       324M

MemTotal:        4016004 kB
MemFree:         3213680 kB
Active:           444584 kB
Mem:          3.8G       783M       3.1G       5.7M        61M       324M

MemTotal:        4016004 kB
MemFree:         3214052 kB
Active:           444568 kB
Mem:          3.8G       783M       3.1G       5.7M        61M       324M

MemTotal:        4016004 kB
MemFree:         3214052 kB
Active:           444560 kB
Mem:          3.8G       783M       3.1G       5.7M        61M       324M

MemTotal:        4016004 kB
MemFree:         3214052 kB
Active:           444588 kB
Mem:          3.8G       783M       3.1G       5.7M        61M       324M

MemTotal:        4016004 kB
MemFree:         3214052 kB
Active:           444580 kB
Mem:          3.8G       783M       3.1G       5.7M        61M       324M

MemTotal:        4016004 kB
MemFree:         3214052 kB
Active:           444556 kB
Mem:          3.8G       783M       3.1G       5.7M        61M       324M

MemTotal:        4016004 kB
MemFree:         3213680 kB
Active:           444588 kB
Mem:          3.8G       783M       3.1G       5.7M        61M       324M

MemTotal:        4016004 kB
MemFree:         3213804 kB
Active:           444592 kB
Mem:          3.8G       783M       3.1G       5.7M        61M       324M

MemTotal:        4016004 kB
MemFree:         3213680 kB
Active:           444540 kB
Mem:          3.8G       783M       3.1G       5.7M        61M       324M

MemTotal:        4016004 kB
MemFree:         3213804 kB
Active:           444568 kB
Mem:          3.8G       783M       3.1G       5.7M        61M       324M

MemTotal:        4016004 kB
MemFree:         3213680 kB
Active:           444560 kB
Mem:          3.8G       783M       3.1G       5.7M        61M       324M

MemTotal:        4016004 kB
MemFree:         3213804 kB
Active:           444596 kB
Mem:          3.8G       783M       3.1G       5.7M        61M       324M

MemTotal:        4016004 kB
MemFree:         3213308 kB
Active:           444568 kB
Mem:          3.8G       783M       3.1G       5.7M        61M       324M

MemTotal:        4016004 kB
MemFree:         3213308 kB
Active:           444572 kB
Mem:          3.8G       784M       3.1G       5.7M        61M       324M

MemTotal:        4016004 kB
MemFree:         3213680 kB
Active:           444560 kB
Mem:          3.8G       783M       3.1G       5.7M        61M       324M

MemTotal:        4016004 kB
MemFree:         3213804 kB
Active:           444584 kB
Mem:          3.8G       783M       3.1G       5.7M        61M       324M

MemTotal:        4016004 kB
MemFree:         3213440 kB
Active:           444620 kB
Mem:          3.8G       783M       3.1G       5.7M        61M       324M

MemTotal:        4016004 kB
MemFree:         3213564 kB
Active:           444576 kB
