MemTotal:        4016004 kB
MemFree:         3229936 kB
Active:           428444 kB
Mem:          3.8G       767M       3.1G       5.7M        55M       318M

MemTotal:        4016004 kB
MemFree:         3230876 kB
Active:           428400 kB
Mem:          3.8G       766M       3.1G       5.7M        55M       318M

MemTotal:        4016004 kB
MemFree:         3230752 kB
Active:           428508 kB
Mem:          3.8G       766M       3.1G       5.7M        55M       318M

MemTotal:        4016004 kB
MemFree:         3231124 kB
Active:           428484 kB
Mem:          3.8G       766M       3.1G       5.7M        55M       318M

MemTotal:        4016004 kB
MemFree:         3231216 kB
Active:           428512 kB
Mem:          3.8G       766M       3.1G       5.7M        55M       318M

MemTotal:        4016004 kB
MemFree:         3230596 kB
Active:           428512 kB
Mem:          3.8G       766M       3.1G       5.7M        55M       318M

MemTotal:        4016004 kB
MemFree:         3231092 kB
Active:           428472 kB
Mem:          3.8G       766M       3.1G       5.7M        55M       318M

MemTotal:        4016004 kB
MemFree:         3231200 kB
Active:           428460 kB
Mem:          3.8G       766M       3.1G       5.7M        55M       318M

MemTotal:        4016004 kB
MemFree:         3231308 kB
Active:           428476 kB
Mem:          3.8G       766M       3.1G       5.7M        55M       318M

MemTotal:        4016004 kB
MemFree:         3230920 kB
Active:           428520 kB
Mem:          3.8G       766M       3.1G       5.7M        55M       318M

MemTotal:        4016004 kB
MemFree:         3231044 kB
Active:           428512 kB
Mem:          3.8G       766M       3.1G       5.7M        55M       318M

MemTotal:        4016004 kB
MemFree:         3231276 kB
Active:           428484 kB
Mem:          3.8G       766M       3.1G       5.7M        55M       318M

MemTotal:        4016004 kB
MemFree:         3231384 kB
Active:           428504 kB
Mem:          3.8G       766M       3.1G       5.7M        55M       318M

MemTotal:        4016004 kB
MemFree:         3231260 kB
Active:           428492 kB
Mem:          3.8G       766M       3.1G       5.7M        55M       318M

MemTotal:        4016004 kB
MemFree:         3230888 kB
Active:           428504 kB
Mem:          3.8G       766M       3.1G       5.7M        55M       318M

MemTotal:        4016004 kB
MemFree:         3230748 kB
Active:           426728 kB
Mem:          3.8G       766M       3.1G       5.7M        55M       318M

MemTotal:        4016004 kB
MemFree:         3230592 kB
Active:           428628 kB
Mem:          3.8G       766M       3.1G       5.7M        55M       318M

MemTotal:        4016004 kB
MemFree:         3230592 kB
Active:           428580 kB
Mem:          3.8G       767M       3.1G       5.7M        55M       318M

MemTotal:        4016004 kB
MemFree:         3230700 kB
Active:           428624 kB
Mem:          3.8G       766M       3.1G       5.7M        55M       318M

MemTotal:        4016004 kB
MemFree:         3230700 kB
Active:           428584 kB
Mem:          3.8G       766M       3.1G       5.7M        55M       318M

MemTotal:        4016004 kB
MemFree:         3230824 kB
Active:           428588 kB
Mem:          3.8G       766M       3.1G       5.7M        55M       318M

MemTotal:        4016004 kB
MemFree:         3230808 kB
Active:           428584 kB
Mem:          3.8G       767M       3.1G       5.7M        55M       318M

MemTotal:        4016004 kB
MemFree:         3230792 kB
Active:           428596 kB
Mem:          3.8G       766M       3.1G       5.7M        55M       318M

MemTotal:        4016004 kB
MemFree:         3231164 kB
Active:           428592 kB
Mem:          3.8G       766M       3.1G       5.7M        55M       318M

MemTotal:        4016004 kB
MemFree:         3231164 kB
Active:           428596 kB
Mem:          3.8G       766M       3.1G       5.7M        55M       318M

MemTotal:        4016004 kB
MemFree:         3231076 kB
Active:           426600 kB
Mem:          3.8G       766M       3.1G       5.7M        55M       318M

MemTotal:        4016004 kB
MemFree:         3231084 kB
Active:           428616 kB
Mem:          3.8G       766M       3.1G       5.7M        55M       318M

MemTotal:        4016004 kB
MemFree:         3231396 kB
Active:           428624 kB
Mem:          3.8G       766M       3.1G       5.7M        55M       318M

MemTotal:        4016004 kB
MemFree:         3231148 kB
Active:           428616 kB
Mem:          3.8G       766M       3.1G       5.7M        55M       318M

MemTotal:        4016004 kB
MemFree:         3231148 kB
Active:           428616 kB
Mem:          3.8G       766M       3.1G       5.7M        55M       318M

MemTotal:        4016004 kB
MemFree:         3230900 kB
Active:           428656 kB
Mem:          3.8G       766M       3.1G       5.7M        55M       318M

MemTotal:        4016004 kB
MemFree:         3231148 kB
Active:           428620 kB
Mem:          3.8G       766M       3.1G       5.7M        55M       318M

MemTotal:        4016004 kB
MemFree:         3231520 kB
Active:           428652 kB
Mem:          3.8G       766M       3.1G       5.7M        55M       318M

MemTotal:        4016004 kB
MemFree:         3231024 kB
Active:           428656 kB
Mem:          3.8G       766M       3.1G       5.7M        55M       318M

MemTotal:        4016004 kB
MemFree:         3231272 kB
Active:           428640 kB
Mem:          3.8G       766M       3.1G       5.7M        55M       318M

MemTotal:        4016004 kB
MemFree:         3231024 kB
Active:           428660 kB
Mem:          3.8G       766M       3.1G       5.7M        55M       318M

MemTotal:        4016004 kB
MemFree:         3231256 kB
Active:           428612 kB
Mem:          3.8G       766M       3.1G       5.7M        55M       318M

MemTotal:        4016004 kB
MemFree:         3231240 kB
Active:           428616 kB
Mem:          3.8G       766M       3.1G       5.7M        55M       318M

MemTotal:        4016004 kB
MemFree:         3230868 kB
Active:           428672 kB
Mem:          3.8G       766M       3.1G       5.7M        55M       318M

MemTotal:        4016004 kB
MemFree:         3230976 kB
Active:           428648 kB
Mem:          3.8G       766M       3.1G       5.7M        55M       318M

MemTotal:        4016004 kB
MemFree:         3231208 kB
Active:           428648 kB
Mem:          3.8G       766M       3.1G       5.7M        55M       318M

MemTotal:        4016004 kB
MemFree:         3231456 kB
Active:           428660 kB
Mem:          3.8G       766M       3.1G       5.7M        55M       318M

MemTotal:        4016004 kB
MemFree:         3231456 kB
Active:           428656 kB
Mem:          3.8G       766M       3.1G       5.7M        55M       318M

MemTotal:        4016004 kB
MemFree:         3231316 kB
Active:           428656 kB
Mem:          3.8G       766M       3.1G       5.7M        55M       318M

MemTotal:        4016004 kB
MemFree:         3231364 kB
Active:           428648 kB
Mem:          3.8G       766M       3.1G       5.7M        55M       318M

MemTotal:        4016004 kB
MemFree:         3231396 kB
Active:           426724 kB
Mem:          3.8G       766M       3.1G       5.7M        55M       318M

MemTotal:        4016004 kB
MemFree:         3231424 kB
Active:           428684 kB
Mem:          3.8G       766M       3.1G       5.7M        55M       318M

MemTotal:        4016004 kB
MemFree:         3230928 kB
Active:           428696 kB
Mem:          3.8G       766M       3.1G       5.7M        55M       318M

MemTotal:        4016004 kB
MemFree:         3230432 kB
Active:           428700 kB
Mem:          3.8G       767M       3.1G       5.7M        55M       318M

MemTotal:        4016004 kB
MemFree:         3230556 kB
Active:           428696 kB
Mem:          3.8G       767M       3.1G       5.7M        55M       318M

MemTotal:        4016004 kB
MemFree:         3230680 kB
Active:           428688 kB
Mem:          3.8G       766M       3.1G       5.7M        55M       318M

MemTotal:        4016004 kB
MemFree:         3230928 kB
Active:           428676 kB
Mem:          3.8G       766M       3.1G       5.7M        55M       318M

MemTotal:        4016004 kB
MemFree:         3231052 kB
Active:           428692 kB
Mem:          3.8G       766M       3.1G       5.7M        55M       318M

MemTotal:        4016004 kB
MemFree:         3231024 kB
Active:           428724 kB
Mem:          3.8G       766M       3.1G       5.7M        55M       318M

MemTotal:        4016004 kB
MemFree:         3221084 kB
Active:           436660 kB
Mem:          3.8G       775M       3.1G       5.7M        62M       318M

MemTotal:        4016004 kB
MemFree:         3221476 kB
Active:           436524 kB
Mem:          3.8G       775M       3.1G       5.7M        62M       318M

MemTotal:        4016004 kB
MemFree:         3221972 kB
Active:           436476 kB
Mem:          3.8G       775M       3.1G       5.7M        63M       318M

MemTotal:        4016004 kB
MemFree:         3221972 kB
Active:           436472 kB
Mem:          3.8G       775M       3.1G       5.7M        63M       318M

MemTotal:        4016004 kB
MemFree:         3221600 kB
Active:           436536 kB
Mem:          3.8G       775M       3.1G       5.7M        63M       318M

MemTotal:        4016004 kB
MemFree:         3221972 kB
Active:           436532 kB
Mem:          3.8G       775M       3.1G       5.7M        63M       318M

MemTotal:        4016004 kB
MemFree:         3221724 kB
Active:           436528 kB
Mem:          3.8G       775M       3.1G       5.7M        63M       318M

MemTotal:        4016004 kB
MemFree:         3222096 kB
Active:           436524 kB
Mem:          3.8G       775M       3.1G       5.7M        63M       318M

MemTotal:        4016004 kB
MemFree:         3221832 kB
Active:           436536 kB
Mem:          3.8G       775M       3.1G       5.7M        63M       318M

MemTotal:        4016004 kB
MemFree:         3222328 kB
Active:           436512 kB
Mem:          3.8G       775M       3.1G       5.7M        63M       318M

MemTotal:        4016004 kB
MemFree:         3222312 kB
Active:           436544 kB
Mem:          3.8G       775M       3.1G       5.7M        63M       318M

MemTotal:        4016004 kB
MemFree:         3222188 kB
Active:           434616 kB
Mem:          3.8G       775M       3.1G       5.7M        63M       318M

MemTotal:        4016004 kB
MemFree:         3222248 kB
Active:           436536 kB
Mem:          3.8G       775M       3.1G       5.7M        63M       318M

MemTotal:        4016004 kB
MemFree:         3222124 kB
Active:           436532 kB
Mem:          3.8G       775M       3.1G       5.7M        63M       318M

MemTotal:        4016004 kB
MemFree:         3221876 kB
Active:           436552 kB
Mem:          3.8G       775M       3.1G       5.7M        63M       318M

MemTotal:        4016004 kB
MemFree:         3222496 kB
Active:           436512 kB
Mem:          3.8G       775M       3.1G       5.7M        63M       318M

MemTotal:        4016004 kB
MemFree:         3222000 kB
Active:           436516 kB
Mem:          3.8G       775M       3.1G       5.7M        63M       318M

MemTotal:        4016004 kB
MemFree:         3221984 kB
Active:           436520 kB
Mem:          3.8G       775M       3.1G       5.7M        63M       318M

MemTotal:        4016004 kB
MemFree:         3221968 kB
Active:           436524 kB
Mem:          3.8G       775M       3.1G       5.7M        63M       318M

MemTotal:        4016004 kB
MemFree:         3221704 kB
Active:           436524 kB
Mem:          3.8G       775M       3.1G       5.7M        63M       318M

MemTotal:        4016004 kB
MemFree:         3221828 kB
Active:           436544 kB
Mem:          3.8G       775M       3.1G       5.7M        63M       318M

MemTotal:        4016004 kB
MemFree:         3221828 kB
Active:           436552 kB
Mem:          3.8G       775M       3.1G       5.7M        63M       318M

MemTotal:        4016004 kB
MemFree:         3221704 kB
Active:           436512 kB
Mem:          3.8G       775M       3.1G       5.7M        63M       318M

MemTotal:        4016004 kB
MemFree:         3221316 kB
Active:           436560 kB
Mem:          3.8G       775M       3.1G       5.7M        63M       318M

MemTotal:        4016004 kB
MemFree:         3221612 kB
Active:           436560 kB
Mem:          3.8G       775M       3.1G       5.7M        63M       318M

MemTotal:        4016004 kB
MemFree:         3221736 kB
Active:           436516 kB
Mem:          3.8G       775M       3.1G       5.7M        63M       318M

MemTotal:        4016004 kB
MemFree:         3221240 kB
Active:           436564 kB
Mem:          3.8G       775M       3.1G       5.7M        63M       318M

MemTotal:        4016004 kB
MemFree:         3221612 kB
Active:           436564 kB
Mem:          3.8G       775M       3.1G       5.7M        63M       318M

MemTotal:        4016004 kB
MemFree:         3221240 kB
Active:           436568 kB
Mem:          3.8G       775M       3.1G       5.7M        63M       318M

MemTotal:        4016004 kB
MemFree:         3221612 kB
Active:           436576 kB
Mem:          3.8G       775M       3.1G       5.7M        63M       318M

MemTotal:        4016004 kB
MemFree:         3221612 kB
Active:           436532 kB
Mem:          3.8G       775M       3.1G       5.7M        63M       318M

MemTotal:        4016004 kB
MemFree:         3221612 kB
Active:           436556 kB
Mem:          3.8G       775M       3.1G       5.7M        63M       318M

MemTotal:        4016004 kB
MemFree:         3221860 kB
Active:           436552 kB
Mem:          3.8G       775M       3.1G       5.7M        63M       318M

MemTotal:        4016004 kB
MemFree:         3221612 kB
Active:           436556 kB
Mem:          3.8G       775M       3.1G       5.7M        63M       318M

MemTotal:        4016004 kB
MemFree:         3221736 kB
Active:           436568 kB
Mem:          3.8G       775M       3.1G       5.7M        63M       318M

MemTotal:        4016004 kB
MemFree:         3221968 kB
Active:           436564 kB
Mem:          3.8G       775M       3.1G       5.7M        63M       318M

MemTotal:        4016004 kB
MemFree:         3221520 kB
Active:           436596 kB
Mem:          3.8G       775M       3.1G       5.7M        63M       318M

MemTotal:        4016004 kB
MemFree:         3221876 kB
Active:           436596 kB
Mem:          3.8G       775M       3.1G       5.7M        63M       318M

MemTotal:        4016004 kB
MemFree:         3221752 kB
Active:           436592 kB
Mem:          3.8G       775M       3.1G       5.7M        63M       318M

MemTotal:        4016004 kB
MemFree:         3221876 kB
Active:           436564 kB
Mem:          3.8G       775M       3.1G       5.7M        63M       318M

MemTotal:        4016004 kB
MemFree:         3221504 kB
Active:           436596 kB
Mem:          3.8G       775M       3.1G       5.7M        63M       318M

MemTotal:        4016004 kB
MemFree:         3221936 kB
Active:           434700 kB
Mem:          3.8G       775M       3.1G       5.7M        63M       318M

MemTotal:        4016004 kB
MemFree:         3222088 kB
Active:           434576 kB
Mem:          3.8G       775M       3.1G       5.7M        63M       318M

MemTotal:        4016004 kB
MemFree:         3221344 kB
Active:           436652 kB
Mem:          3.8G       775M       3.1G       5.7M        63M       318M

MemTotal:        4016004 kB
MemFree:         3221840 kB
Active:           436648 kB
Mem:          3.8G       776M       3.1G       5.7M        63M       318M

MemTotal:        4016004 kB
MemFree:         3221796 kB
Active:           436632 kB
Mem:          3.8G       775M       3.1G       5.7M        63M       318M

MemTotal:        4016004 kB
MemFree:         3220988 kB
Active:           437024 kB
Mem:          3.8G       776M       3.1G       5.7M        63M       318M

MemTotal:        4016004 kB
MemFree:         3177116 kB
Active:           437800 kB
Mem:          3.8G       819M       3.0G       5.7M        63M       360M

MemTotal:        4016004 kB
MemFree:         3130512 kB
Active:           437808 kB
Mem:          3.8G       865M       3.0G       5.7M        63M       405M

MemTotal:        4016004 kB
MemFree:         3084164 kB
Active:           437832 kB
Mem:          3.8G       911M       2.9G       5.7M        63M       450M

MemTotal:        4016004 kB
MemFree:         3035940 kB
Active:           437848 kB
Mem:          3.8G       957M       2.9G       5.7M        63M       495M

MemTotal:        4016004 kB
MemFree:         2990076 kB
Active:           437860 kB
Mem:          3.8G       1.0G       2.9G       5.7M        63M       540M

MemTotal:        4016004 kB
MemFree:         2943836 kB
Active:           437848 kB
Mem:          3.8G       1.0G       2.8G       5.7M        63M       585M

MemTotal:        4016004 kB
MemFree:         2895612 kB
Active:           437856 kB
Mem:          3.8G       1.1G       2.8G       5.7M        63M       631M

MemTotal:        4016004 kB
MemFree:         2848912 kB
Active:           437856 kB
Mem:          3.8G       1.1G       2.7G       5.7M        63M       676M

MemTotal:        4016004 kB
MemFree:         2801152 kB
Active:           437860 kB
Mem:          3.8G       1.2G       2.7G       5.7M        63M       721M

MemTotal:        4016004 kB
MemFree:         2754420 kB
Active:           437868 kB
Mem:          3.8G       1.2G       2.6G       5.7M        63M       765M

MemTotal:        4016004 kB
MemFree:         2707516 kB
Active:           437868 kB
Mem:          3.8G       1.2G       2.6G       5.7M        63M       811M

MemTotal:        4016004 kB
MemFree:         2661592 kB
Active:           437892 kB
Mem:          3.8G       1.3G       2.5G       5.7M        63M       856M

MemTotal:        4016004 kB
MemFree:         2614796 kB
Active:           437900 kB
Mem:          3.8G       1.3G       2.5G       5.7M        63M       901M

MemTotal:        4016004 kB
MemFree:         2568412 kB
Active:           437868 kB
Mem:          3.8G       1.4G       2.4G       5.7M        63M       946M

MemTotal:        4016004 kB
MemFree:         2521472 kB
Active:           437868 kB
Mem:          3.8G       1.4G       2.4G       5.7M        63M       991M

MemTotal:        4016004 kB
MemFree:         2476412 kB
Active:           437916 kB
Mem:          3.8G       1.5G       2.4G       5.7M        63M       1.0G

MemTotal:        4016004 kB
MemFree:         2428184 kB
Active:           437936 kB
Mem:          3.8G       1.5G       2.3G       5.7M        63M       1.1G

MemTotal:        4016004 kB
MemFree:         2381368 kB
Active:           437928 kB
Mem:          3.8G       1.6G       2.3G       5.7M        63M       1.1G

MemTotal:        4016004 kB
MemFree:         2334504 kB
Active:           437956 kB
Mem:          3.8G       1.6G       2.2G       5.7M        63M       1.1G

MemTotal:        4016004 kB
MemFree:         2287324 kB
Active:           437956 kB
Mem:          3.8G       1.6G       2.2G       5.7M        63M       1.2G

MemTotal:        4016004 kB
MemFree:         2241420 kB
Active:           437960 kB
Mem:          3.8G       1.7G       2.1G       5.7M        63M       1.2G

MemTotal:        4016004 kB
MemFree:         2193848 kB
Active:           437932 kB
Mem:          3.8G       1.7G       2.1G       5.7M        63M       1.3G

MemTotal:        4016004 kB
MemFree:         2146228 kB
Active:           437968 kB
Mem:          3.8G       1.8G       2.0G       5.7M        63M       1.3G

MemTotal:        4016004 kB
MemFree:         2099988 kB
Active:           437968 kB
Mem:          3.8G       1.8G       2.0G       5.7M        63M       1.4G

MemTotal:        4016004 kB
MemFree:         2053816 kB
Active:           437988 kB
Mem:          3.8G       1.9G       2.0G       5.7M        63M       1.4G

MemTotal:        4016004 kB
MemFree:         2006696 kB
Active:           437996 kB
Mem:          3.8G       1.9G       1.9G       5.7M        63M       1.5G

MemTotal:        4016004 kB
MemFree:         1982584 kB
Active:           437964 kB
Mem:          3.8G       1.9G       1.9G       5.7M        63M       1.5G

MemTotal:        4016004 kB
MemFree:         1936608 kB
Active:           438012 kB
Mem:          3.8G       2.0G       1.8G       5.7M        63M       1.5G

MemTotal:        4016004 kB
MemFree:         1889952 kB
Active:           438012 kB
Mem:          3.8G       2.0G       1.8G       5.7M        63M       1.6G

MemTotal:        4016004 kB
MemFree:         1842908 kB
Active:           438012 kB
Mem:          3.8G       2.1G       1.8G       5.7M        63M       1.6G

MemTotal:        4016004 kB
MemFree:         1794764 kB
Active:           438012 kB
Mem:          3.8G       2.1G       1.7G       5.7M        63M       1.7G

MemTotal:        4016004 kB
MemFree:         1792980 kB
Active:           438024 kB
Mem:          3.8G       2.1G       1.7G       5.7M        63M       1.7G

MemTotal:        4016004 kB
MemFree:         1792424 kB
Active:           437992 kB
Mem:          3.8G       2.1G       1.7G       5.7M        63M       1.7G

MemTotal:        4016004 kB
MemFree:         1792088 kB
Active:           438028 kB
Mem:          3.8G       2.1G       1.7G       5.7M        63M       1.7G

MemTotal:        4016004 kB
MemFree:         1750968 kB
Active:           438040 kB
Mem:          3.8G       2.2G       1.7G       5.7M        63M       1.7G

MemTotal:        4016004 kB
MemFree:         1703504 kB
Active:           438044 kB
Mem:          3.8G       2.2G       1.6G       5.7M        63M       1.7G

MemTotal:        4016004 kB
MemFree:         1657264 kB
Active:           438044 kB
Mem:          3.8G       2.2G       1.6G       5.7M        63M       1.8G

MemTotal:        4016004 kB
MemFree:         1610048 kB
Active:           438028 kB
Mem:          3.8G       2.3G       1.5G       5.7M        63M       1.8G

MemTotal:        4016004 kB
MemFree:         1563080 kB
Active:           438052 kB
Mem:          3.8G       2.3G       1.5G       5.7M        63M       1.9G

MemTotal:        4016004 kB
MemFree:         1516096 kB
Active:           438056 kB
Mem:          3.8G       2.4G       1.4G       5.7M        63M       1.9G

MemTotal:        4016004 kB
MemFree:         1469236 kB
Active:           438056 kB
Mem:          3.8G       2.4G       1.4G       5.7M        63M       2.0G

MemTotal:        4016004 kB
MemFree:         1423384 kB
Active:           438064 kB
Mem:          3.8G       2.5G       1.4G       5.7M        63M       2.0G

MemTotal:        4016004 kB
MemFree:         1375784 kB
Active:           438076 kB
Mem:          3.8G       2.5G       1.3G       5.7M        63M       2.0G

MemTotal:        4016004 kB
MemFree:         1328048 kB
Active:           438076 kB
Mem:          3.8G       2.6G       1.3G       5.7M        63M       2.1G

MemTotal:        4016004 kB
MemFree:         1281952 kB
Active:           438080 kB
Mem:          3.8G       2.6G       1.2G       5.7M        63M       2.1G

MemTotal:        4016004 kB
MemFree:         1235548 kB
Active:           438080 kB
Mem:          3.8G       2.7G       1.2G       5.7M        63M       2.2G

MemTotal:        4016004 kB
MemFree:         1188192 kB
Active:           438088 kB
Mem:          3.8G       2.7G       1.1G       5.7M        63M       2.2G

MemTotal:        4016004 kB
MemFree:         1141968 kB
Active:           438088 kB
Mem:          3.8G       2.7G       1.1G       5.7M        63M       2.3G

MemTotal:        4016004 kB
MemFree:         1095100 kB
Active:           438100 kB
Mem:          3.8G       2.8G       1.0G       5.7M        63M       2.3G

MemTotal:        4016004 kB
MemFree:         1047328 kB
Active:           438112 kB
Mem:          3.8G       2.8G       1.0G       5.7M        63M       2.4G

MemTotal:        4016004 kB
MemFree:         1000936 kB
Active:           438120 kB
Mem:          3.8G       2.9G       977M       5.7M        63M       2.4G

MemTotal:        4016004 kB
MemFree:         1000012 kB
Active:           438124 kB
Mem:          3.8G       2.9G       976M       5.7M        63M       2.4G

MemTotal:        4016004 kB
MemFree:          961544 kB
Active:           438084 kB
Mem:          3.8G       2.9G       938M       5.7M        63M       2.4G

MemTotal:        4016004 kB
MemFree:          913444 kB
Active:           438136 kB
Mem:          3.8G       3.0G       891M       5.7M        63M       2.5G

MemTotal:        4016004 kB
MemFree:          867416 kB
Active:           436308 kB
Mem:          3.8G       3.0G       846M       5.7M        63M       2.5G

MemTotal:        4016004 kB
MemFree:          820436 kB
Active:           438148 kB
Mem:          3.8G       3.0G       800M       5.7M        63M       2.6G

MemTotal:        4016004 kB
MemFree:          774336 kB
Active:           438156 kB
Mem:          3.8G       3.1G       755M       5.7M        63M       2.6G

MemTotal:        4016004 kB
MemFree:          727840 kB
Active:           438156 kB
Mem:          3.8G       3.1G       710M       5.7M        63M       2.7G

MemTotal:        4016004 kB
MemFree:          679640 kB
Active:           438176 kB
Mem:          3.8G       3.2G       663M       5.7M        63M       2.7G

MemTotal:        4016004 kB
MemFree:          634612 kB
Active:           438180 kB
Mem:          3.8G       3.2G       618M       5.7M        63M       2.7G

MemTotal:        4016004 kB
MemFree:          587028 kB
Active:           438140 kB
Mem:          3.8G       3.3G       572M       5.7M        63M       2.8G

MemTotal:        4016004 kB
MemFree:          539752 kB
Active:           438188 kB
Mem:          3.8G       3.3G       526M       5.7M        63M       2.8G

MemTotal:        4016004 kB
MemFree:          493016 kB
Active:           438188 kB
Mem:          3.8G       3.4G       481M       5.7M        63M       2.9G

MemTotal:        4016004 kB
MemFree:          446372 kB
Active:           438200 kB
Mem:          3.8G       3.4G       435M       5.7M        63M       2.9G

MemTotal:        4016004 kB
MemFree:          397664 kB
Active:           438300 kB
Mem:          3.8G       3.5G       388M       5.7M        63M       3.0G

MemTotal:        4016004 kB
MemFree:          350852 kB
Active:           438216 kB
Mem:          3.8G       3.5G       342M       5.7M        63M       3.0G

MemTotal:        4016004 kB
MemFree:          350536 kB
Active:           438180 kB
Mem:          3.8G       3.5G       342M       5.7M        63M       3.0G

MemTotal:        4016004 kB
MemFree:          326124 kB
Active:           438180 kB
Mem:          3.8G       3.5G       318M       5.7M        63M       3.0G

MemTotal:        4016004 kB
MemFree:          280660 kB
Active:           438224 kB
Mem:          3.8G       3.6G       273M       5.7M        63M       3.1G

MemTotal:        4016004 kB
MemFree:          233196 kB
Active:           438224 kB
Mem:          3.8G       3.6G       227M       5.7M        63M       3.1G

MemTotal:        4016004 kB
MemFree:          185840 kB
Active:           438228 kB
Mem:          3.8G       3.7G       181M       5.7M        63M       3.2G

MemTotal:        4016004 kB
MemFree:          139864 kB
Active:           438228 kB
Mem:          3.8G       3.7G       136M       5.7M        63M       3.2G

MemTotal:        4016004 kB
MemFree:          128524 kB
Active:           435500 kB
Mem:          3.8G       3.7G       116M       5.7M        28M       3.3G

MemTotal:        4016004 kB
MemFree:          119088 kB
Active:           479308 kB
Mem:          3.8G       3.7G       116M       5.7M        28M       3.3G

MemTotal:        4016004 kB
MemFree:          152408 kB
Active:           498380 kB
Mem:          3.8G       3.7G       147M       5.7M        28M       3.2G

MemTotal:        4016004 kB
MemFree:          137800 kB
Active:           498396 kB
Mem:          3.8G       3.7G       134M       5.7M        28M       3.2G

MemTotal:        4016004 kB
MemFree:          137700 kB
Active:           498408 kB
Mem:          3.8G       3.7G       134M       5.7M        28M       3.2G

MemTotal:        4016004 kB
MemFree:          137332 kB
Active:           498264 kB
Mem:          3.8G       3.7G       134M       5.7M        28M       3.2G

MemTotal:        4016004 kB
MemFree:          120524 kB
Active:           498244 kB
Mem:          3.8G       3.7G       117M       5.7M        28M       3.3G

MemTotal:        4016004 kB
MemFree:          128964 kB
Active:           492232 kB
Mem:          3.8G       3.7G       125M       5.7M        28M       3.3G

MemTotal:        4016004 kB
MemFree:          118324 kB
Active:           488280 kB
Mem:          3.8G       3.7G       115M       5.7M        28M       3.3G

MemTotal:        4016004 kB
MemFree:          108048 kB
Active:           484836 kB
Mem:          3.8G       3.7G       104M       5.7M        28M       3.3G

MemTotal:        4016004 kB
MemFree:          110664 kB
Active:           475868 kB
Mem:          3.8G       3.7G       107M       5.7M        28M       3.3G

MemTotal:        4016004 kB
MemFree:          122644 kB
Active:           468472 kB
Mem:          3.8G       3.7G       119M       5.7M        28M       3.3G

MemTotal:        4016004 kB
MemFree:          112692 kB
Active:           467036 kB
Mem:          3.8G       3.7G       109M       5.7M        28M       3.3G

MemTotal:        4016004 kB
MemFree:          125552 kB
Active:           459868 kB
Mem:          3.8G       3.7G       122M       5.7M        28M       3.3G

MemTotal:        4016004 kB
MemFree:          137592 kB
Active:           457056 kB
Mem:          3.8G       3.7G       134M       5.7M        28M       3.2G

MemTotal:        4016004 kB
MemFree:          137504 kB
Active:           457064 kB
Mem:          3.8G       3.7G       134M       5.7M        28M       3.2G

MemTotal:        4016004 kB
MemFree:          129052 kB
Active:           455280 kB
Mem:          3.8G       3.7G       125M       5.7M        28M       3.3G

MemTotal:        4016004 kB
MemFree:          129236 kB
Active:           449520 kB
Mem:          3.8G       3.7G       125M       5.7M        28M       3.2G

MemTotal:        4016004 kB
MemFree:          112452 kB
Active:           446068 kB
Mem:          3.8G       3.7G       109M       5.7M        28M       3.3G

MemTotal:        4016004 kB
MemFree:          106528 kB
Active:           444536 kB
Mem:          3.8G       3.7G       103M       5.7M        28M       3.3G

MemTotal:        4016004 kB
MemFree:          132980 kB
Active:           440332 kB
Mem:          3.8G       3.7G       129M       5.7M        28M       3.2G

MemTotal:        4016004 kB
MemFree:          128816 kB
Active:           440440 kB
Mem:          3.8G       3.7G       125M       5.7M        28M       3.2G

MemTotal:        4016004 kB
MemFree:          129012 kB
Active:           436612 kB
Mem:          3.8G       3.7G       125M       5.7M        28M       3.2G

MemTotal:        4016004 kB
MemFree:          118844 kB
Active:           435552 kB
Mem:          3.8G       3.7G       115M       5.7M        28M       3.3G

MemTotal:        4016004 kB
MemFree:          127572 kB
Active:           433928 kB
Mem:          3.8G       3.7G       123M       5.7M        28M       3.3G

MemTotal:        4016004 kB
MemFree:          116052 kB
Active:           433804 kB
Mem:          3.8G       3.7G       113M       5.7M        28M       3.3G

MemTotal:        4016004 kB
MemFree:          115992 kB
Active:           432784 kB
Mem:          3.8G       3.7G       112M       5.7M        28M       3.3G

MemTotal:        4016004 kB
MemFree:          122840 kB
Active:           428652 kB
Mem:          3.8G       3.7G       119M       5.7M        28M       3.3G

MemTotal:        4016004 kB
MemFree:          125472 kB
Active:           427500 kB
Mem:          3.8G       3.7G       122M       5.7M        28M       3.3G

MemTotal:        4016004 kB
MemFree:          114836 kB
Active:           426348 kB
Mem:          3.8G       3.7G       111M       5.7M        28M       3.3G

MemTotal:        4016004 kB
MemFree:          122272 kB
Active:           424556 kB
Mem:          3.8G       3.7G       124M       5.7M        28M       3.2G

MemTotal:        4016004 kB
MemFree:          124832 kB
Active:           425400 kB
Mem:          3.8G       3.7G       121M       5.7M        28M       3.3G

MemTotal:        4016004 kB
MemFree:          112548 kB
Active:           424300 kB
Mem:          3.8G       3.7G       109M       5.7M        28M       3.3G

MemTotal:        4016004 kB
MemFree:          127116 kB
Active:           422640 kB
Mem:          3.8G       3.7G       123M       5.7M        28M       3.2G

MemTotal:        4016004 kB
MemFree:          128392 kB
Active:           420728 kB
Mem:          3.8G       3.7G       125M       5.7M        28M       3.2G

MemTotal:        4016004 kB
MemFree:          128604 kB
Active:           416784 kB
Mem:          3.8G       3.7G       125M       5.7M        28M       3.2G

MemTotal:        4016004 kB
MemFree:          123228 kB
Active:           415648 kB
Mem:          3.8G       3.7G       120M       5.7M        28M       3.3G

MemTotal:        4016004 kB
MemFree:          122640 kB
Active:           415632 kB
Mem:          3.8G       3.7G       119M       5.7M        28M       3.3G

MemTotal:        4016004 kB
MemFree:          122584 kB
Active:           415612 kB
Mem:          3.8G       3.7G       119M       5.7M        28M       3.3G

MemTotal:        4016004 kB
MemFree:          109196 kB
Active:           415660 kB
Mem:          3.8G       3.7G       106M       5.7M        28M       3.3G

MemTotal:        4016004 kB
MemFree:          128688 kB
Active:           411648 kB
Mem:          3.8G       3.7G       125M       5.7M        28M       3.2G

MemTotal:        4016004 kB
MemFree:          118184 kB
Active:           410496 kB
Mem:          3.8G       3.7G       115M       5.7M        28M       3.3G

MemTotal:        4016004 kB
MemFree:          107312 kB
Active:           409224 kB
Mem:          3.8G       3.7G       104M       5.7M        28M       3.3G

MemTotal:        4016004 kB
MemFree:          115136 kB
Active:           407176 kB
Mem:          3.8G       3.7G       111M       5.7M        28M       3.3G

MemTotal:        4016004 kB
MemFree:          105012 kB
Active:           406024 kB
Mem:          3.8G       3.7G       102M       5.7M        28M       3.3G

MemTotal:        4016004 kB
MemFree:          129520 kB
Active:           401428 kB
Mem:          3.8G       3.7G       126M       5.7M        28M       3.2G

MemTotal:        4016004 kB
MemFree:          127100 kB
Active:           400024 kB
Mem:          3.8G       3.7G       123M       5.7M        28M       3.2G

MemTotal:        4016004 kB
MemFree:          126356 kB
Active:           399900 kB
Mem:          3.8G       3.7G       123M       5.7M        28M       3.2G

MemTotal:        4016004 kB
MemFree:          121632 kB
Active:           399904 kB
Mem:          3.8G       3.7G       117M       5.7M        28M       3.3G

MemTotal:        4016004 kB
MemFree:          123484 kB
Active:           396648 kB
Mem:          3.8G       3.7G       120M       5.7M        28M       3.3G

MemTotal:        4016004 kB
MemFree:          124204 kB
Active:           395112 kB
Mem:          3.8G       3.7G       121M       5.7M        28M       3.2G

MemTotal:        4016004 kB
MemFree:          128556 kB
Active:           392936 kB
Mem:          3.8G       3.7G       125M       5.7M        28M       3.2G

MemTotal:        4016004 kB
MemFree:          127172 kB
Active:           392044 kB
Mem:          3.8G       3.7G       123M       5.7M        28M       3.2G

MemTotal:        4016004 kB
MemFree:          118688 kB
Active:           390908 kB
Mem:          3.8G       3.7G       115M       5.7M        28M       3.3G

MemTotal:        4016004 kB
MemFree:          107000 kB
Active:           389628 kB
Mem:          3.8G       3.7G       104M       5.7M        28M       3.3G

MemTotal:        4016004 kB
MemFree:          108692 kB
Active:           387968 kB
Mem:          3.8G       3.7G       105M       5.7M        28M       3.3G

MemTotal:        4016004 kB
MemFree:          116332 kB
Active:           384000 kB
Mem:          3.8G       3.7G       113M       5.7M        28M       3.3G

MemTotal:        4016004 kB
MemFree:          116624 kB
Active:           382720 kB
Mem:          3.8G       3.7G       113M       5.7M        28M       3.3G

MemTotal:        4016004 kB
MemFree:          105724 kB
Active:           381580 kB
Mem:          3.8G       3.7G       102M       5.7M        28M       3.3G

MemTotal:        4016004 kB
MemFree:          132792 kB
Active:           380556 kB
Mem:          3.8G       3.7G       128M       5.7M        28M       3.2G

MemTotal:        4016004 kB
MemFree:          133148 kB
Active:           380560 kB
Mem:          3.8G       3.7G       129M       5.7M        28M       3.2G

MemTotal:        4016004 kB
MemFree:          130860 kB
Active:           380568 kB
Mem:          3.8G       3.7G       128M       5.7M        28M       3.2G

MemTotal:        4016004 kB
MemFree:          131792 kB
Active:           380568 kB
Mem:          3.8G       3.7G       128M       5.7M        28M       3.2G

MemTotal:        4016004 kB
MemFree:          131576 kB
Active:           380580 kB
Mem:          3.8G       3.7G       128M       5.7M        28M       3.2G

MemTotal:        4016004 kB
MemFree:          121604 kB
Active:           380576 kB
Mem:          3.8G       3.7G       118M       5.7M        28M       3.3G

MemTotal:        4016004 kB
MemFree:          136780 kB
Active:           380592 kB
Mem:          3.8G       3.7G       132M       5.7M        28M       3.2G

MemTotal:        4016004 kB
MemFree:          146980 kB
Active:           380584 kB
Mem:          3.8G       3.7G       143M       5.7M        28M       3.2G

MemTotal:        4016004 kB
MemFree:          126628 kB
Active:           380616 kB
Mem:          3.8G       3.7G       123M       5.7M        28M       3.2G

MemTotal:        4016004 kB
MemFree:          133496 kB
Active:           380620 kB
Mem:          3.8G       3.7G       129M       5.7M        28M       3.2G

MemTotal:        4016004 kB
MemFree:          128796 kB
Active:           380624 kB
Mem:          3.8G       3.7G       125M       5.7M        28M       3.2G

MemTotal:        4016004 kB
MemFree:          138300 kB
Active:           377464 kB
Mem:          3.8G       3.7G       135M       5.7M        28M       3.2G

MemTotal:        4016004 kB
MemFree:          128232 kB
Active:           377368 kB
Mem:          3.8G       3.7G       125M       5.7M        28M       3.2G

MemTotal:        4016004 kB
MemFree:          117572 kB
Active:           377368 kB
Mem:          3.8G       3.7G       114M       5.7M        28M       3.3G

MemTotal:        4016004 kB
MemFree:          121292 kB
Active:           377384 kB
Mem:          3.8G       3.7G       118M       5.7M        28M       3.3G

MemTotal:        4016004 kB
MemFree:          123168 kB
Active:           377392 kB
Mem:          3.8G       3.7G       119M       5.7M        28M       3.2G

MemTotal:        4016004 kB
MemFree:          134844 kB
Active:           377392 kB
Mem:          3.8G       3.7G       131M       5.7M        28M       3.2G

MemTotal:        4016004 kB
MemFree:          151624 kB
Active:           377352 kB
Mem:          3.8G       3.7G       148M       5.7M        28M       3.2G

MemTotal:        4016004 kB
MemFree:          106144 kB
Active:           377360 kB
Mem:          3.8G       3.7G       103M       5.7M        28M       3.3G

MemTotal:        4016004 kB
MemFree:          154908 kB
Active:           377320 kB
Mem:          3.8G       3.7G       151M       5.7M        28M       3.2G

MemTotal:        4016004 kB
MemFree:          154840 kB
Active:           377324 kB
Mem:          3.8G       3.7G       150M       5.7M        28M       3.2G

MemTotal:        4016004 kB
MemFree:          154488 kB
Active:           377324 kB
Mem:          3.8G       3.7G       150M       5.7M        28M       3.2G

MemTotal:        4016004 kB
MemFree:          149128 kB
Active:           379372 kB
Mem:          3.8G       3.7G       145M       5.7M        28M       3.2G

MemTotal:        4016004 kB
MemFree:          125924 kB
Active:           378840 kB
Mem:          3.8G       3.7G       122M       5.7M        28M       3.2G

MemTotal:        4016004 kB
MemFree:          110452 kB
Active:           378468 kB
Mem:          3.8G       3.7G       107M       5.7M        28M       3.3G

MemTotal:        4016004 kB
MemFree:          124108 kB
Active:           378340 kB
Mem:          3.8G       3.7G       121M       5.7M        28M       3.2G

MemTotal:        4016004 kB
MemFree:          108012 kB
Active:           378340 kB
Mem:          3.8G       3.7G       104M       5.7M        28M       3.3G

MemTotal:        4016004 kB
MemFree:          132192 kB
Active:           378344 kB
Mem:          3.8G       3.7G       129M       5.7M        28M       3.2G

MemTotal:        4016004 kB
MemFree:          133072 kB
Active:           378308 kB
Mem:          3.8G       3.7G       129M       5.7M        28M       3.2G

MemTotal:        4016004 kB
MemFree:          140700 kB
Active:           378284 kB
Mem:          3.8G       3.7G       136M       5.7M        28M       3.2G

MemTotal:        4016004 kB
MemFree:          128684 kB
Active:           378256 kB
Mem:          3.8G       3.7G       125M       5.7M        28M       3.2G

MemTotal:        4016004 kB
MemFree:          118440 kB
Active:           378252 kB
Mem:          3.8G       3.7G       115M       5.7M        28M       3.2G

MemTotal:        4016004 kB
MemFree:          124776 kB
Active:           378300 kB
Mem:          3.8G       3.7G       121M       5.7M        28M       3.2G

MemTotal:        4016004 kB
MemFree:          113680 kB
Active:           378300 kB
Mem:          3.8G       3.7G       110M       5.7M        28M       3.3G

MemTotal:        4016004 kB
MemFree:          135804 kB
Active:           378304 kB
Mem:          3.8G       3.7G       132M       5.7M        28M       3.2G

MemTotal:        4016004 kB
MemFree:          135964 kB
Active:           378284 kB
Mem:          3.8G       3.7G       132M       5.7M        28M       3.2G

MemTotal:        4016004 kB
MemFree:          123240 kB
Active:           377752 kB
Mem:          3.8G       3.7G       120M       5.7M        28M       3.2G

MemTotal:        4016004 kB
MemFree:          124960 kB
Active:           377272 kB
Mem:          3.8G       3.7G       121M       5.7M        28M       3.2G

MemTotal:        4016004 kB
MemFree:          128028 kB
Active:           377272 kB
Mem:          3.8G       3.7G       124M       5.7M        28M       3.2G

MemTotal:        4016004 kB
MemFree:          133628 kB
Active:           377272 kB
Mem:          3.8G       3.7G       129M       5.7M        28M       3.2G

MemTotal:        4016004 kB
MemFree:          111180 kB
Active:           376996 kB
Mem:          3.8G       3.7G       108M       5.7M        28M       3.3G

MemTotal:        4016004 kB
MemFree:          119932 kB
Active:           376996 kB
Mem:          3.8G       3.7G       116M       5.7M        28M       3.2G

MemTotal:        4016004 kB
MemFree:          111080 kB
Active:           377000 kB
Mem:          3.8G       3.7G       108M       5.7M        28M       3.3G

MemTotal:        4016004 kB
MemFree:          113728 kB
Active:           374848 kB
Mem:          3.8G       3.7G       110M       5.7M        28M       3.3G

MemTotal:        4016004 kB
MemFree:          127444 kB
Active:           374740 kB
Mem:          3.8G       3.7G       124M       5.7M        28M       3.2G

MemTotal:        4016004 kB
MemFree:          122664 kB
Active:           374748 kB
Mem:          3.8G       3.7G       119M       5.7M        28M       3.2G

MemTotal:        4016004 kB
MemFree:          126800 kB
Active:           374748 kB
Mem:          3.8G       3.7G       123M       5.7M        28M       3.2G

MemTotal:        4016004 kB
MemFree:          122000 kB
Active:           374748 kB
Mem:          3.8G       3.7G       118M       5.7M        28M       3.2G

MemTotal:        4016004 kB
MemFree:          124204 kB
Active:           374748 kB
Mem:          3.8G       3.7G       121M       5.7M        28M       3.2G

MemTotal:        4016004 kB
MemFree:          115112 kB
Active:           374748 kB
Mem:          3.8G       3.7G       112M       5.7M        28M       3.3G

MemTotal:        4016004 kB
MemFree:          115944 kB
Active:           374724 kB
Mem:          3.8G       3.7G       113M       5.7M        28M       3.3G

MemTotal:        4016004 kB
MemFree:          106588 kB
Active:           374736 kB
Mem:          3.8G       3.7G       103M       5.7M        28M       3.3G

MemTotal:        4016004 kB
MemFree:          119320 kB
Active:           374324 kB
Mem:          3.8G       3.7G       116M       5.7M        28M       3.2G

MemTotal:        4016004 kB
MemFree:          128504 kB
Active:           374324 kB
Mem:          3.8G       3.7G       124M       5.7M        28M       3.2G

MemTotal:        4016004 kB
MemFree:          121344 kB
Active:           374324 kB
Mem:          3.8G       3.7G       117M       5.7M        28M       3.2G

MemTotal:        4016004 kB
MemFree:          128072 kB
Active:           374332 kB
Mem:          3.8G       3.7G       124M       5.7M        28M       3.2G

MemTotal:        4016004 kB
MemFree:          118620 kB
Active:           374332 kB
Mem:          3.8G       3.7G       115M       5.7M        28M       3.2G

MemTotal:        4016004 kB
MemFree:          108176 kB
Active:           374336 kB
Mem:          3.8G       3.7G       104M       5.7M        28M       3.3G

MemTotal:        4016004 kB
MemFree:          129304 kB
Active:           372880 kB
Mem:          3.8G       3.7G       125M       5.7M        28M       3.2G

MemTotal:        4016004 kB
MemFree:          110452 kB
Active:           372780 kB
Mem:          3.8G       3.7G       107M       5.7M        28M       3.3G

MemTotal:        4016004 kB
MemFree:          122676 kB
Active:           372788 kB
Mem:          3.8G       3.7G       119M       5.7M        28M       3.2G

MemTotal:        4016004 kB
MemFree:          113316 kB
Active:           372792 kB
Mem:          3.8G       3.7G       110M       5.7M        28M       3.3G

MemTotal:        4016004 kB
MemFree:          109776 kB
Active:           372792 kB
Mem:          3.8G       3.7G       107M       5.7M        28M       3.3G

MemTotal:        4016004 kB
MemFree:          108000 kB
Active:           372796 kB
Mem:          3.8G       3.7G       105M       5.7M        28M       3.3G

MemTotal:        4016004 kB
MemFree:          107472 kB
Active:           372808 kB
Mem:          3.8G       3.7G       104M       5.7M        28M       3.3G

MemTotal:        4016004 kB
MemFree:          107164 kB
Active:           372816 kB
Mem:          3.8G       3.7G       104M       5.7M        28M       3.3G

MemTotal:        4016004 kB
MemFree:          105300 kB
Active:           372788 kB
Mem:          3.8G       3.7G       102M       5.7M        28M       3.3G

MemTotal:        4016004 kB
MemFree:          130264 kB
Active:           372824 kB
Mem:          3.8G       3.7G       126M       5.7M        28M       3.2G

MemTotal:        4016004 kB
MemFree:          108100 kB
Active:           372824 kB
Mem:          3.8G       3.7G       105M       5.7M        28M       3.3G

MemTotal:        4016004 kB
MemFree:          134140 kB
Active:           372824 kB
Mem:          3.8G       3.7G       130M       5.7M        28M       3.2G

MemTotal:        4016004 kB
MemFree:          134120 kB
Active:           372832 kB
Mem:          3.8G       3.7G       130M       5.7M        28M       3.2G

MemTotal:        4016004 kB
MemFree:          125608 kB
Active:           371304 kB
Mem:          3.8G       3.7G       122M       5.7M        28M       3.2G

MemTotal:        4016004 kB
MemFree:          115884 kB
Active:           371072 kB
Mem:          3.8G       3.7G       112M       5.7M        28M       3.3G

MemTotal:        4016004 kB
MemFree:          128556 kB
Active:           371068 kB
Mem:          3.8G       3.7G       125M       5.7M        28M       3.2G

MemTotal:        4016004 kB
MemFree:          127008 kB
Active:           371032 kB
Mem:          3.8G       3.7G       123M       5.7M        28M       3.2G

MemTotal:        4016004 kB
MemFree:          120024 kB
Active:           371056 kB
Mem:          3.8G       3.7G       116M       5.7M        28M       3.2G

MemTotal:        4016004 kB
MemFree:          128580 kB
Active:           371076 kB
Mem:          3.8G       3.7G       125M       5.7M        28M       3.2G

MemTotal:        4016004 kB
MemFree:          137928 kB
Active:           371040 kB
Mem:          3.8G       3.7G       134M       5.7M        28M       3.2G

MemTotal:        4016004 kB
MemFree:          120392 kB
Active:           371052 kB
Mem:          3.8G       3.7G       117M       5.7M        28M       3.2G

MemTotal:        4016004 kB
MemFree:          129240 kB
Active:           371092 kB
Mem:          3.8G       3.7G       125M       5.7M        28M       3.2G

MemTotal:        4016004 kB
MemFree:          129120 kB
Active:           371096 kB
Mem:          3.8G       3.7G       125M       5.7M        28M       3.2G

MemTotal:        4016004 kB
MemFree:          129316 kB
Active:           371060 kB
Mem:          3.8G       3.7G       126M       5.7M        28M       3.2G

MemTotal:        4016004 kB
MemFree:          127716 kB
Active:           371080 kB
Mem:          3.8G       3.7G       124M       5.7M        28M       3.2G

MemTotal:        4016004 kB
MemFree:          111316 kB
Active:           365776 kB
Mem:          3.8G       3.7G       108M       5.7M        28M       3.3G

MemTotal:        4016004 kB
MemFree:          118412 kB
Active:           365564 kB
Mem:          3.8G       3.7G       114M       5.7M        28M       3.2G

MemTotal:        4016004 kB
MemFree:          114476 kB
Active:           365572 kB
Mem:          3.8G       3.7G       111M       5.7M        28M       3.3G

MemTotal:        4016004 kB
MemFree:          126748 kB
Active:           365572 kB
Mem:          3.8G       3.7G       123M       5.7M        28M       3.2G

MemTotal:        4016004 kB
MemFree:          127312 kB
Active:           365576 kB
Mem:          3.8G       3.7G       124M       5.7M        28M       3.2G

MemTotal:        4016004 kB
MemFree:          108824 kB
Active:           365576 kB
Mem:          3.8G       3.7G       106M       5.7M        28M       3.3G

MemTotal:        4016004 kB
MemFree:          107156 kB
Active:           365592 kB
Mem:          3.8G       3.7G       104M       5.7M        28M       3.3G

MemTotal:        4016004 kB
MemFree:          126648 kB
Active:           365612 kB
Mem:          3.8G       3.7G       123M       5.7M        28M       3.2G

MemTotal:        4016004 kB
MemFree:          127848 kB
Active:           365612 kB
Mem:          3.8G       3.7G       124M       5.7M        28M       3.2G

MemTotal:        4016004 kB
MemFree:          108356 kB
Active:           362788 kB
Mem:          3.8G       3.7G       106M       5.7M        28M       3.3G

MemTotal:        4016004 kB
MemFree:          127692 kB
Active:           362736 kB
Mem:          3.8G       3.7G       124M       5.7M        28M       3.2G

MemTotal:        4016004 kB
MemFree:          121344 kB
Active:           362708 kB
Mem:          3.8G       3.7G       118M       5.7M        28M       3.2G

MemTotal:        4016004 kB
MemFree:          118264 kB
Active:           362724 kB
Mem:          3.8G       3.7G       115M       5.7M        28M       3.2G

MemTotal:        4016004 kB
MemFree:          120132 kB
Active:           362760 kB
Mem:          3.8G       3.7G       117M       5.7M        28M       3.2G

MemTotal:        4016004 kB
MemFree:          133624 kB
Active:           362740 kB
Mem:          3.8G       3.7G       130M       5.7M        28M       3.2G

MemTotal:        4016004 kB
MemFree:          140884 kB
Active:           362748 kB
Mem:          3.8G       3.7G       137M       5.7M        28M       3.2G

MemTotal:        4016004 kB
MemFree:          130056 kB
Active:           362744 kB
Mem:          3.8G       3.7G       126M       5.7M        28M       3.2G

MemTotal:        4016004 kB
MemFree:          119468 kB
Active:           362796 kB
Mem:          3.8G       3.7G       116M       5.7M        28M       3.2G

MemTotal:        4016004 kB
MemFree:          121492 kB
Active:           362760 kB
Mem:          3.8G       3.7G       118M       5.7M        28M       3.2G

MemTotal:        4016004 kB
MemFree:          129664 kB
Active:           362796 kB
Mem:          3.8G       3.7G       126M       5.7M        28M       3.2G

MemTotal:        4016004 kB
MemFree:          121704 kB
Active:           360448 kB
Mem:          3.8G       3.7G       117M       5.7M        28M       3.2G

MemTotal:        4016004 kB
MemFree:          127984 kB
Active:           360380 kB
Mem:          3.8G       3.7G       124M       5.7M        28M       3.2G

MemTotal:        4016004 kB
MemFree:          117448 kB
Active:           360388 kB
Mem:          3.8G       3.7G       114M       5.7M        28M       3.2G

MemTotal:        4016004 kB
MemFree:          127500 kB
Active:           360352 kB
Mem:          3.8G       3.7G       124M       5.7M        28M       3.2G

MemTotal:        4016004 kB
MemFree:          126648 kB
Active:           360392 kB
Mem:          3.8G       3.7G       123M       5.7M        28M       3.2G

MemTotal:        4016004 kB
MemFree:          122740 kB
Active:           360420 kB
Mem:          3.8G       3.7G       120M       5.7M        28M       3.2G

MemTotal:        4016004 kB
MemFree:          106436 kB
Active:           360428 kB
Mem:          3.8G       3.7G       104M       5.7M        28M       3.3G

MemTotal:        4016004 kB
MemFree:          126252 kB
Active:           360436 kB
Mem:          3.8G       3.7G       122M       5.7M        28M       3.2G

MemTotal:        4016004 kB
MemFree:          109484 kB
Active:           360440 kB
Mem:          3.8G       3.7G       106M       5.7M        28M       3.3G

MemTotal:        4016004 kB
MemFree:          122596 kB
Active:           360444 kB
Mem:          3.8G       3.7G       131M       5.7M        28M       3.2G

MemTotal:        4016004 kB
MemFree:          105216 kB
Active:           360412 kB
Mem:          3.8G       3.7G       102M       5.7M        28M       3.3G

MemTotal:        4016004 kB
MemFree:          132116 kB
Active:           360456 kB
Mem:          3.8G       3.7G       128M       5.7M        28M       3.2G

MemTotal:        4016004 kB
MemFree:          118072 kB
Active:           358032 kB
Mem:          3.8G       3.7G       114M       5.7M        28M       3.2G

MemTotal:        4016004 kB
MemFree:          132180 kB
Active:           357944 kB
Mem:          3.8G       3.7G       128M       5.7M        28M       3.2G

MemTotal:        4016004 kB
MemFree:          120628 kB
Active:           357956 kB
Mem:          3.8G       3.7G       117M       5.7M        28M       3.2G

MemTotal:        4016004 kB
MemFree:          128068 kB
Active:           357916 kB
Mem:          3.8G       3.7G       124M       5.7M        28M       3.2G

MemTotal:        4016004 kB
MemFree:          112284 kB
Active:           357928 kB
Mem:          3.8G       3.7G       109M       5.7M        28M       3.2G

MemTotal:        4016004 kB
MemFree:          125620 kB
Active:           357932 kB
Mem:          3.8G       3.7G       122M       5.7M        28M       3.2G

MemTotal:        4016004 kB
MemFree:          121484 kB
Active:           357972 kB
Mem:          3.8G       3.7G       118M       5.7M        28M       3.2G

MemTotal:        4016004 kB
MemFree:          111224 kB
Active:           357972 kB
Mem:          3.8G       3.7G       108M       5.7M        28M       3.3G

MemTotal:        4016004 kB
MemFree:          118804 kB
Active:           357936 kB
Mem:          3.8G       3.7G       115M       5.7M        28M       3.2G

MemTotal:        4016004 kB
MemFree:          108392 kB
Active:           357976 kB
Mem:          3.8G       3.7G       105M       5.7M        28M       3.3G

MemTotal:        4016004 kB
MemFree:          134664 kB
Active:           357984 kB
Mem:          3.8G       3.7G       131M       5.7M        28M       3.2G

MemTotal:        4016004 kB
MemFree:          132628 kB
Active:           353560 kB
Mem:          3.8G       3.7G       129M       5.7M        28M       3.2G

MemTotal:        4016004 kB
MemFree:          127880 kB
Active:           353436 kB
Mem:          3.8G       3.7G       124M       5.7M        28M       3.2G

MemTotal:        4016004 kB
MemFree:          116348 kB
Active:           353444 kB
Mem:          3.8G       3.7G       113M       5.7M        28M       3.2G

MemTotal:        4016004 kB
MemFree:          137000 kB
Active:           353456 kB
Mem:          3.8G       3.7G       132M       5.7M        28M       3.2G

MemTotal:        4016004 kB
MemFree:          136320 kB
Active:           353584 kB
Mem:          3.8G       3.7G       132M       5.7M        28M       3.2G

MemTotal:        4016004 kB
MemFree:          123524 kB
Active:           353476 kB
Mem:          3.8G       3.7G       120M       5.7M        28M       3.2G

MemTotal:        4016004 kB
MemFree:          137016 kB
Active:           353468 kB
Mem:          3.8G       3.7G       133M       5.7M        28M       3.2G

MemTotal:        4016004 kB
MemFree:          132880 kB
Active:           353484 kB
Mem:          3.8G       3.7G       133M       5.7M        28M       3.2G

MemTotal:        4016004 kB
MemFree:          110412 kB
Active:           353484 kB
Mem:          3.8G       3.7G       107M       5.7M        28M       3.3G

MemTotal:        4016004 kB
MemFree:          135788 kB
Active:           353488 kB
Mem:          3.8G       3.7G       131M       5.7M        28M       3.2G

MemTotal:        4016004 kB
MemFree:          124972 kB
Active:           353492 kB
Mem:          3.8G       3.7G       121M       5.7M        28M       3.2G

MemTotal:        4016004 kB
MemFree:          127296 kB
Active:           353492 kB
Mem:          3.8G       3.7G       123M       5.7M        28M       3.2G

MemTotal:        4016004 kB
MemFree:          141340 kB
Active:           353464 kB
Mem:          3.8G       3.7G       137M       5.7M        28M       3.2G

MemTotal:        4016004 kB
MemFree:          130756 kB
Active:           353492 kB
Mem:          3.8G       3.7G       127M       5.7M        28M       3.2G

MemTotal:        4016004 kB
MemFree:          127988 kB
Active:           353500 kB
Mem:          3.8G       3.7G       124M       5.7M        28M       3.2G

MemTotal:        4016004 kB
MemFree:          123468 kB
Active:           353376 kB
Mem:          3.8G       3.7G       127M       5.7M        28M       3.2G

MemTotal:        4016004 kB
MemFree:          133624 kB
Active:           353264 kB
Mem:          3.8G       3.7G       130M       5.7M        28M       3.2G

MemTotal:        4016004 kB
MemFree:          141804 kB
Active:           353232 kB
Mem:          3.8G       3.7G       138M       5.7M        28M       3.2G

MemTotal:        4016004 kB
MemFree:          134316 kB
Active:           353276 kB
Mem:          3.8G       3.7G       130M       5.7M        28M       3.2G

MemTotal:        4016004 kB
MemFree:          123396 kB
Active:           353280 kB
Mem:          3.8G       3.7G       120M       5.7M        28M       3.2G

MemTotal:        4016004 kB
MemFree:          126004 kB
Active:           353280 kB
Mem:          3.8G       3.7G       122M       5.7M        28M       3.2G

MemTotal:        4016004 kB
MemFree:          126060 kB
Active:           353284 kB
Mem:          3.8G       3.7G       122M       5.7M        28M       3.2G

MemTotal:        4016004 kB
MemFree:          109612 kB
Active:           353284 kB
Mem:          3.8G       3.7G       106M       5.7M        28M       3.3G

MemTotal:        4016004 kB
MemFree:          130024 kB
Active:           353284 kB
Mem:          3.8G       3.7G       126M       5.7M        28M       3.2G

MemTotal:        4016004 kB
MemFree:          119512 kB
Active:           353292 kB
Mem:          3.8G       3.7G       116M       5.7M        28M       3.2G

MemTotal:        4016004 kB
MemFree:          137888 kB
Active:           352960 kB
Mem:          3.8G       3.7G       134M       5.7M        28M       3.2G

MemTotal:        4016004 kB
MemFree:          137532 kB
Active:           352984 kB
Mem:          3.8G       3.7G       134M       5.7M        28M       3.2G

MemTotal:        4016004 kB
MemFree:          137796 kB
Active:           352956 kB
Mem:          3.8G       3.7G       134M       5.7M        28M       3.2G

MemTotal:        4016004 kB
MemFree:          137844 kB
Active:           352952 kB
Mem:          3.8G       3.7G       134M       5.7M        28M       3.2G

MemTotal:        4016004 kB
MemFree:          137192 kB
Active:           352984 kB
Mem:          3.8G       3.7G       133M       5.7M        28M       3.2G

MemTotal:        4016004 kB
MemFree:          137192 kB
Active:           352996 kB
Mem:          3.8G       3.7G       133M       5.7M        28M       3.2G

MemTotal:        4016004 kB
MemFree:          136508 kB
Active:           353000 kB
Mem:          3.8G       3.7G       133M       5.7M        28M       3.2G

MemTotal:        4016004 kB
MemFree:          136664 kB
Active:           353008 kB
Mem:          3.8G       3.7G       133M       5.7M        28M       3.2G

MemTotal:        4016004 kB
MemFree:          136812 kB
Active:           353008 kB
Mem:          3.8G       3.7G       133M       5.7M        28M       3.2G

MemTotal:        4016004 kB
MemFree:          137388 kB
Active:           352960 kB
Mem:          3.8G       3.7G       133M       5.7M        28M       3.2G

MemTotal:        4016004 kB
MemFree:          137172 kB
Active:           353012 kB
Mem:          3.8G       3.7G       133M       5.7M        28M       3.2G

MemTotal:        4016004 kB
MemFree:          137420 kB
Active:           353004 kB
Mem:          3.8G       3.7G       133M       5.7M        28M       3.2G

MemTotal:        4016004 kB
MemFree:          137048 kB
Active:           353024 kB
Mem:          3.8G       3.7G       133M       5.7M        28M       3.2G

MemTotal:        4016004 kB
MemFree:          137172 kB
Active:           352992 kB
Mem:          3.8G       3.7G       133M       5.7M        28M       3.2G

MemTotal:        4016004 kB
MemFree:          136800 kB
Active:           353024 kB
Mem:          3.8G       3.7G       133M       5.7M        28M       3.2G

MemTotal:        4016004 kB
MemFree:          137296 kB
Active:           352996 kB
Mem:          3.8G       3.7G       133M       5.7M        28M       3.2G

MemTotal:        4016004 kB
MemFree:          137296 kB
Active:           352988 kB
Mem:          3.8G       3.7G       133M       5.7M        28M       3.2G

MemTotal:        4016004 kB
MemFree:          137296 kB
Active:           352980 kB
Mem:          3.8G       3.7G       133M       5.7M        28M       3.2G

MemTotal:        4016004 kB
MemFree:          137420 kB
Active:           353000 kB
Mem:          3.8G       3.7G       133M       5.7M        28M       3.2G

MemTotal:        4016004 kB
MemFree:          137048 kB
Active:           353044 kB
Mem:          3.8G       3.7G       133M       5.7M        28M       3.2G

MemTotal:        4016004 kB
MemFree:          137420 kB
Active:           353008 kB
Mem:          3.8G       3.7G       133M       5.7M        28M       3.2G

MemTotal:        4016004 kB
MemFree:          137296 kB
Active:           353024 kB
Mem:          3.8G       3.7G       133M       5.7M        28M       3.2G

MemTotal:        4016004 kB
MemFree:          136800 kB
Active:           353152 kB
Mem:          3.8G       3.7G       133M       5.7M        28M       3.2G

MemTotal:        4016004 kB
MemFree:          137296 kB
Active:           353036 kB
Mem:          3.8G       3.7G       134M       5.7M        28M       3.2G

MemTotal:        4016004 kB
MemFree:          137188 kB
Active:           353056 kB
Mem:          3.8G       3.7G       133M       5.7M        28M       3.2G

MemTotal:        4016004 kB
MemFree:          137328 kB
Active:           352940 kB
Mem:          3.8G       3.7G       133M       5.7M        28M       3.2G

MemTotal:        4016004 kB
MemFree:          136972 kB
Active:           353056 kB
Mem:          3.8G       3.7G       133M       5.7M        28M       3.2G

MemTotal:        4016004 kB
MemFree:          137344 kB
Active:           353024 kB
Mem:          3.8G       3.7G       133M       5.7M        28M       3.2G

MemTotal:        4016004 kB
MemFree:          137096 kB
Active:           353056 kB
Mem:          3.8G       3.7G       133M       5.7M        28M       3.2G

MemTotal:        4016004 kB
MemFree:          137096 kB
Active:           353060 kB
Mem:          3.8G       3.7G       133M       5.7M        28M       3.2G

MemTotal:        4016004 kB
MemFree:          137096 kB
Active:           353060 kB
Mem:          3.8G       3.7G       133M       5.7M        28M       3.2G

MemTotal:        4016004 kB
MemFree:          136972 kB
Active:           353064 kB
Mem:          3.8G       3.7G       133M       5.7M        28M       3.2G

MemTotal:        4016004 kB
MemFree:          137220 kB
Active:           353064 kB
Mem:          3.8G       3.7G       133M       5.7M        28M       3.2G

MemTotal:        4016004 kB
MemFree:          136972 kB
Active:           353068 kB
Mem:          3.8G       3.7G       133M       5.7M        28M       3.2G

MemTotal:        4016004 kB
MemFree:          137220 kB
Active:           353040 kB
Mem:          3.8G       3.7G       133M       5.7M        28M       3.2G

MemTotal:        4016004 kB
MemFree:          136972 kB
Active:           353076 kB
Mem:          3.8G       3.7G       133M       5.7M        28M       3.2G

MemTotal:        4016004 kB
MemFree:          136980 kB
Active:           353076 kB
Mem:          3.8G       3.7G       133M       5.7M        28M       3.2G

MemTotal:        4016004 kB
MemFree:          136980 kB
Active:           353076 kB
Mem:          3.8G       3.7G       133M       5.7M        28M       3.2G

MemTotal:        4016004 kB
MemFree:          136980 kB
Active:           353076 kB
Mem:          3.8G       3.7G       133M       5.7M        28M       3.2G

MemTotal:        4016004 kB
MemFree:          137352 kB
Active:           353076 kB
Mem:          3.8G       3.7G       133M       5.7M        28M       3.2G

MemTotal:        4016004 kB
MemFree:          136980 kB
Active:           353076 kB
Mem:          3.8G       3.7G       133M       5.7M        28M       3.2G

MemTotal:        4016004 kB
MemFree:          137352 kB
Active:           353048 kB
Mem:          3.8G       3.7G       133M       5.7M        28M       3.2G

MemTotal:        4016004 kB
MemFree:          136856 kB
Active:           353084 kB
Mem:          3.8G       3.7G       133M       5.7M        28M       3.2G

MemTotal:        4016004 kB
MemFree:          137104 kB
Active:           353056 kB
Mem:          3.8G       3.7G       133M       5.7M        28M       3.2G

MemTotal:        4016004 kB
MemFree:          136856 kB
Active:           353084 kB
Mem:          3.8G       3.7G       133M       5.7M        28M       3.2G

MemTotal:        4016004 kB
MemFree:          136856 kB
Active:           353084 kB
Mem:          3.8G       3.7G       133M       5.7M        28M       3.2G

MemTotal:        4016004 kB
MemFree:          136856 kB
Active:           353096 kB
Mem:          3.8G       3.7G       133M       5.7M        28M       3.2G

MemTotal:        4016004 kB
MemFree:          136856 kB
Active:           353096 kB
Mem:          3.8G       3.7G       133M       5.7M        28M       3.2G

MemTotal:        4016004 kB
MemFree:          136608 kB
Active:           353096 kB
Mem:          3.8G       3.7G       133M       5.7M        28M       3.2G

MemTotal:        4016004 kB
MemFree:          136856 kB
Active:           353104 kB
Mem:          3.8G       3.7G       133M       5.7M        28M       3.2G

MemTotal:        4016004 kB
MemFree:          137228 kB
Active:           353064 kB
Mem:          3.8G       3.7G       133M       5.7M        28M       3.2G

MemTotal:        4016004 kB
MemFree:          136856 kB
Active:           353104 kB
Mem:          3.8G       3.7G       133M       5.7M        28M       3.2G

MemTotal:        4016004 kB
MemFree:          137228 kB
Active:           353068 kB
Mem:          3.8G       3.7G       133M       5.7M        28M       3.2G

MemTotal:        4016004 kB
MemFree:          136856 kB
Active:           353104 kB
Mem:          3.8G       3.7G       133M       5.7M        28M       3.2G

MemTotal:        4016004 kB
MemFree:          136856 kB
Active:           353104 kB
Mem:          3.8G       3.7G       133M       5.7M        28M       3.2G

MemTotal:        4016004 kB
MemFree:          136980 kB
Active:           353068 kB
Mem:          3.8G       3.7G       133M       5.7M        28M       3.2G

MemTotal:        4016004 kB
MemFree:          137236 kB
Active:           353076 kB
Mem:          3.8G       3.7G       133M       5.7M        28M       3.2G

MemTotal:        4016004 kB
MemFree:          137112 kB
Active:           353072 kB
Mem:          3.8G       3.7G       133M       5.7M        28M       3.2G

MemTotal:        4016004 kB
MemFree:          136864 kB
Active:           353120 kB
Mem:          3.8G       3.7G       133M       5.7M        28M       3.2G

MemTotal:        4016004 kB
MemFree:          137112 kB
Active:           353096 kB
Mem:          3.8G       3.7G       133M       5.7M        28M       3.2G

MemTotal:        4016004 kB
MemFree:          136864 kB
Active:           353124 kB
Mem:          3.8G       3.7G       133M       5.7M        28M       3.2G

MemTotal:        4016004 kB
MemFree:          136864 kB
Active:           353124 kB
Mem:          3.8G       3.7G       133M       5.7M        28M       3.2G

MemTotal:        4016004 kB
MemFree:          136864 kB
Active:           353124 kB
Mem:          3.8G       3.7G       133M       5.7M        28M       3.2G

MemTotal:        4016004 kB
MemFree:          136864 kB
Active:           353124 kB
Mem:          3.8G       3.7G       133M       5.7M        28M       3.2G

MemTotal:        4016004 kB
MemFree:          137112 kB
Active:           353080 kB
Mem:          3.8G       3.7G       133M       5.7M        28M       3.2G

MemTotal:        4016004 kB
MemFree:          136740 kB
Active:           353136 kB
Mem:          3.8G       3.7G       133M       5.7M        28M       3.2G

MemTotal:        4016004 kB
MemFree:          136740 kB
Active:           353136 kB
Mem:          3.8G       3.7G       133M       5.7M        28M       3.2G

MemTotal:        4016004 kB
MemFree:          136740 kB
Active:           353140 kB
Mem:          3.8G       3.7G       133M       5.7M        28M       3.2G

MemTotal:        4016004 kB
MemFree:          136740 kB
Active:           353140 kB
Mem:          3.8G       3.7G       133M       5.7M        28M       3.2G

MemTotal:        4016004 kB
MemFree:          136988 kB
Active:           353100 kB
Mem:          3.8G       3.7G       133M       5.7M        28M       3.2G

MemTotal:        4016004 kB
MemFree:          136988 kB
Active:           353112 kB
Mem:          3.8G       3.7G       133M       5.7M        28M       3.2G

MemTotal:        4016004 kB
MemFree:          136740 kB
Active:           353144 kB
Mem:          3.8G       3.7G       133M       5.7M        28M       3.2G

MemTotal:        4016004 kB
MemFree:          137112 kB
Active:           353112 kB
Mem:          3.8G       3.7G       133M       5.7M        28M       3.2G

MemTotal:        4016004 kB
MemFree:          137360 kB
Active:           353116 kB
Mem:          3.8G       3.7G       133M       5.7M        28M       3.2G

MemTotal:        4016004 kB
MemFree:          136988 kB
Active:           353164 kB
Mem:          3.8G       3.7G       133M       5.7M        28M       3.2G

MemTotal:        4016004 kB
MemFree:          137236 kB
Active:           353124 kB
Mem:          3.8G       3.7G       133M       5.7M        28M       3.2G

MemTotal:        4016004 kB
MemFree:          136864 kB
Active:           353164 kB
Mem:          3.8G       3.7G       133M       5.7M        28M       3.2G

MemTotal:        4016004 kB
MemFree:          136864 kB
Active:           353164 kB
Mem:          3.8G       3.7G       133M       5.7M        28M       3.2G

MemTotal:        4016004 kB
MemFree:          137236 kB
Active:           353132 kB
Mem:          3.8G       3.7G       133M       5.7M        28M       3.2G

MemTotal:        4016004 kB
MemFree:          136864 kB
Active:           353168 kB
Mem:          3.8G       3.7G       133M       5.7M        28M       3.2G

MemTotal:        4016004 kB
MemFree:          137236 kB
Active:           353140 kB
Mem:          3.8G       3.7G       133M       5.7M        28M       3.2G

MemTotal:        4016004 kB
MemFree:          136864 kB
Active:           353176 kB
Mem:          3.8G       3.7G       133M       5.7M        28M       3.2G

MemTotal:        4016004 kB
MemFree:          137112 kB
Active:           353144 kB
Mem:          3.8G       3.7G       133M       5.7M        28M       3.2G

MemTotal:        4016004 kB
MemFree:          136740 kB
Active:           353180 kB
Mem:          3.8G       3.7G       133M       5.7M        28M       3.2G

MemTotal:        4016004 kB
MemFree:          136740 kB
Active:           353180 kB
Mem:          3.8G       3.7G       133M       5.7M        28M       3.2G

MemTotal:        4016004 kB
MemFree:          136864 kB
Active:           353144 kB
Mem:          3.8G       3.7G       133M       5.7M        28M       3.2G

MemTotal:        4016004 kB
MemFree:          136616 kB
Active:           353180 kB
Mem:          3.8G       3.7G       133M       5.7M        28M       3.2G

MemTotal:        4016004 kB
MemFree:          136616 kB
Active:           353180 kB
Mem:          3.8G       3.7G       133M       5.7M        28M       3.2G

MemTotal:        4016004 kB
MemFree:          136616 kB
Active:           353192 kB
Mem:          3.8G       3.7G       133M       5.7M        28M       3.2G

MemTotal:        4016004 kB
MemFree:          137112 kB
Active:           353192 kB
Mem:          3.8G       3.7G       133M       5.7M        28M       3.2G

MemTotal:        4016004 kB
MemFree:          136864 kB
Active:           353192 kB
Mem:          3.8G       3.7G       133M       5.7M        28M       3.2G

MemTotal:        4016004 kB
MemFree:          137236 kB
Active:           353164 kB
Mem:          3.8G       3.7G       133M       5.7M        28M       3.2G

MemTotal:        4016004 kB
MemFree:          136864 kB
Active:           353192 kB
Mem:          3.8G       3.7G       133M       5.7M        28M       3.2G

MemTotal:        4016004 kB
MemFree:          136740 kB
Active:           353192 kB
Mem:          3.8G       3.7G       133M       5.7M        28M       3.2G

MemTotal:        4016004 kB
MemFree:          137112 kB
Active:           353164 kB
Mem:          3.8G       3.7G       133M       5.7M        28M       3.2G

MemTotal:        4016004 kB
MemFree:          136600 kB
Active:           353208 kB
Mem:          3.8G       3.7G       133M       5.7M        28M       3.2G

MemTotal:        4016004 kB
MemFree:          136724 kB
Active:           353204 kB
Mem:          3.8G       3.7G       133M       5.7M        28M       3.2G

MemTotal:        4016004 kB
MemFree:          136336 kB
Active:           353260 kB
Mem:          3.8G       3.7G       133M       5.7M        28M       3.2G

MemTotal:        4016004 kB
MemFree:          136832 kB
Active:           353216 kB
Mem:          3.8G       3.7G       133M       5.7M        28M       3.2G

MemTotal:        4016004 kB
MemFree:          136336 kB
Active:           353260 kB
Mem:          3.8G       3.7G       133M       5.7M        28M       3.2G

MemTotal:        4016004 kB
MemFree:          136460 kB
Active:           353260 kB
Mem:          3.8G       3.7G       133M       5.7M        28M       3.2G

MemTotal:        4016004 kB
MemFree:          136708 kB
Active:           353268 kB
Mem:          3.8G       3.7G       133M       5.7M        28M       3.2G

MemTotal:        4016004 kB
MemFree:          136336 kB
Active:           353272 kB
Mem:          3.8G       3.7G       133M       5.7M        28M       3.2G

MemTotal:        4016004 kB
MemFree:          136336 kB
Active:           353272 kB
Mem:          3.8G       3.7G       133M       5.7M        28M       3.2G

MemTotal:        4016004 kB
MemFree:          136460 kB
Active:           353272 kB
Mem:          3.8G       3.7G       133M       5.7M        28M       3.2G

MemTotal:        4016004 kB
MemFree:          136832 kB
Active:           353236 kB
Mem:          3.8G       3.7G       133M       5.7M        28M       3.2G

MemTotal:        4016004 kB
MemFree:          136708 kB
Active:           353276 kB
Mem:          3.8G       3.7G       133M       5.7M        28M       3.2G

MemTotal:        4016004 kB
MemFree:          136584 kB
Active:           353276 kB
Mem:          3.8G       3.7G       133M       5.7M        28M       3.2G

MemTotal:        4016004 kB
MemFree:          136460 kB
Active:           353276 kB
Mem:          3.8G       3.7G       133M       5.7M        28M       3.2G

MemTotal:        4016004 kB
MemFree:          136460 kB
Active:           353276 kB
Mem:          3.8G       3.7G       133M       5.7M        28M       3.2G

MemTotal:        4016004 kB
MemFree:          136460 kB
Active:           353276 kB
Mem:          3.8G       3.7G       133M       5.7M        28M       3.2G

MemTotal:        4016004 kB
MemFree:          136460 kB
Active:           353276 kB
Mem:          3.8G       3.7G       133M       5.7M        28M       3.2G

MemTotal:        4016004 kB
MemFree:          136832 kB
Active:           353244 kB
Mem:          3.8G       3.7G       133M       5.7M        28M       3.2G

MemTotal:        4016004 kB
MemFree:          136848 kB
Active:           353228 kB
Mem:          3.8G       3.7G       133M       5.7M        28M       3.2G

MemTotal:        4016004 kB
MemFree:          136724 kB
Active:           353244 kB
Mem:          3.8G       3.7G       133M       5.7M        28M       3.2G

MemTotal:        4016004 kB
MemFree:          136848 kB
Active:           353244 kB
Mem:          3.8G       3.7G       133M       5.7M        28M       3.2G

MemTotal:        4016004 kB
MemFree:          136476 kB
Active:           353284 kB
Mem:          3.8G       3.7G       133M       5.7M        28M       3.2G

MemTotal:        4016004 kB
MemFree:          136476 kB
Active:           353284 kB
Mem:          3.8G       3.7G       133M       5.7M        28M       3.2G

MemTotal:        4016004 kB
MemFree:          136352 kB
Active:           353284 kB
Mem:          3.8G       3.7G       133M       5.7M        28M       3.2G

MemTotal:        4016004 kB
MemFree:          136352 kB
Active:           353284 kB
Mem:          3.8G       3.7G       133M       5.7M        28M       3.2G

MemTotal:        4016004 kB
MemFree:          136352 kB
Active:           353284 kB
Mem:          3.8G       3.7G       133M       5.7M        28M       3.2G

MemTotal:        4016004 kB
MemFree:          136600 kB
Active:           353292 kB
Mem:          3.8G       3.7G       133M       5.7M        28M       3.2G

MemTotal:        4016004 kB
MemFree:          136228 kB
Active:           353296 kB
Mem:          3.8G       3.7G       133M       5.7M        28M       3.2G

MemTotal:        4016004 kB
MemFree:          136600 kB
Active:           353276 kB
Mem:          3.8G       3.7G       133M       5.7M        28M       3.2G

MemTotal:        4016004 kB
MemFree:          136476 kB
Active:           353308 kB
Mem:          3.8G       3.7G       133M       5.7M        28M       3.2G

MemTotal:        4016004 kB
MemFree:          136724 kB
Active:           353268 kB
Mem:          3.8G       3.7G       133M       5.7M        28M       3.2G

MemTotal:        4016004 kB
MemFree:          136972 kB
Active:           353308 kB
Mem:          3.8G       3.7G       133M       5.7M        28M       3.2G

MemTotal:        4016004 kB
MemFree:          136600 kB
Active:           353320 kB
Mem:          3.8G       3.7G       133M       5.7M        28M       3.2G

MemTotal:        4016004 kB
MemFree:          136848 kB
Active:           353276 kB
Mem:          3.8G       3.7G       133M       5.7M        28M       3.2G

MemTotal:        4016004 kB
MemFree:          136600 kB
Active:           353324 kB
Mem:          3.8G       3.7G       133M       5.7M        28M       3.2G

MemTotal:        4016004 kB
MemFree:          136972 kB
Active:           353272 kB
Mem:          3.8G       3.7G       133M       5.7M        28M       3.2G

MemTotal:        4016004 kB
MemFree:          136972 kB
Active:           353280 kB
Mem:          3.8G       3.7G       133M       5.7M        28M       3.2G

MemTotal:        4016004 kB
MemFree:          136600 kB
Active:           353324 kB
Mem:          3.8G       3.7G       133M       5.7M        28M       3.2G

MemTotal:        4016004 kB
MemFree:          136476 kB
Active:           353332 kB
Mem:          3.8G       3.7G       133M       5.7M        28M       3.2G

MemTotal:        4016004 kB
MemFree:          136476 kB
Active:           353336 kB
Mem:          3.8G       3.7G       133M       5.7M        28M       3.2G

MemTotal:        4016004 kB
MemFree:          136476 kB
Active:           353336 kB
Mem:          3.8G       3.7G       133M       5.7M        28M       3.2G

MemTotal:        4016004 kB
MemFree:          136352 kB
Active:           353340 kB
Mem:          3.8G       3.7G       133M       5.7M        28M       3.2G

MemTotal:        4016004 kB
MemFree:          136600 kB
Active:           353340 kB
Mem:          3.8G       3.7G       133M       5.7M        28M       3.2G

MemTotal:        4016004 kB
MemFree:          136228 kB
Active:           353340 kB
Mem:          3.8G       3.7G       133M       5.7M        28M       3.2G

MemTotal:        4016004 kB
MemFree:          136600 kB
Active:           353308 kB
Mem:          3.8G       3.7G       133M       5.7M        28M       3.2G

MemTotal:        4016004 kB
MemFree:          136228 kB
Active:           353348 kB
Mem:          3.8G       3.7G       133M       5.7M        28M       3.2G

MemTotal:        4016004 kB
MemFree:          136724 kB
Active:           353348 kB
Mem:          3.8G       3.7G       133M       5.7M        28M       3.2G

MemTotal:        4016004 kB
MemFree:          136740 kB
Active:           353308 kB
Mem:          3.8G       3.7G       133M       5.7M        28M       3.2G

MemTotal:        4016004 kB
MemFree:          136616 kB
Active:           353352 kB
Mem:          3.8G       3.7G       133M       5.7M        28M       3.2G

MemTotal:        4016004 kB
MemFree:          136864 kB
Active:           353316 kB
Mem:          3.8G       3.7G       133M       5.7M        28M       3.2G

MemTotal:        4016004 kB
MemFree:          136492 kB
Active:           353352 kB
Mem:          3.8G       3.7G       133M       5.7M        28M       3.2G

MemTotal:        4016004 kB
MemFree:          136864 kB
Active:           353352 kB
Mem:          3.8G       3.7G       133M       5.7M        28M       3.2G

MemTotal:        4016004 kB
MemFree:          136616 kB
Active:           353360 kB
Mem:          3.8G       3.7G       133M       5.7M        28M       3.2G

MemTotal:        4016004 kB
MemFree:          136616 kB
Active:           353360 kB
Mem:          3.8G       3.7G       133M       5.7M        28M       3.2G

MemTotal:        4016004 kB
MemFree:          136616 kB
Active:           353360 kB
Mem:          3.8G       3.7G       133M       5.7M        28M       3.2G

MemTotal:        4016004 kB
MemFree:          136368 kB
Active:           353360 kB
Mem:          3.8G       3.7G       133M       5.7M        28M       3.2G

MemTotal:        4016004 kB
MemFree:          136244 kB
Active:           353360 kB
Mem:          3.8G       3.7G       133M       5.7M        28M       3.2G

MemTotal:        4016004 kB
MemFree:          136740 kB
Active:           353312 kB
Mem:          3.8G       3.7G       133M       5.7M        28M       3.2G

MemTotal:        4016004 kB
MemFree:          136616 kB
Active:           353368 kB
Mem:          3.8G       3.7G       133M       5.7M        28M       3.2G

MemTotal:        4016004 kB
MemFree:          136244 kB
Active:           353368 kB
Mem:          3.8G       3.7G       133M       5.7M        28M       3.2G

MemTotal:        4016004 kB
MemFree:          136616 kB
Active:           353332 kB
Mem:          3.8G       3.7G       133M       5.7M        28M       3.2G

MemTotal:        4016004 kB
MemFree:          136368 kB
Active:           353372 kB
Mem:          3.8G       3.7G       133M       5.7M        28M       3.2G

MemTotal:        4016004 kB
MemFree:          136616 kB
Active:           353372 kB
Mem:          3.8G       3.7G       133M       5.7M        28M       3.2G

MemTotal:        4016004 kB
MemFree:          136864 kB
Active:           353376 kB
Mem:          3.8G       3.7G       133M       5.7M        28M       3.2G

MemTotal:        4016004 kB
MemFree:          136492 kB
Active:           353376 kB
Mem:          3.8G       3.7G       133M       5.7M        28M       3.2G

MemTotal:        4016004 kB
MemFree:          136368 kB
Active:           353376 kB
Mem:          3.8G       3.7G       133M       5.7M        28M       3.2G

MemTotal:        4016004 kB
MemFree:          136244 kB
Active:           353384 kB
Mem:          3.8G       3.7G       133M       5.7M        28M       3.2G

MemTotal:        4016004 kB
MemFree:          136244 kB
Active:           353384 kB
Mem:          3.8G       3.7G       133M       5.7M        28M       3.2G

MemTotal:        4016004 kB
MemFree:          136492 kB
Active:           353340 kB
Mem:          3.8G       3.7G       133M       5.7M        28M       3.2G

MemTotal:        4016004 kB
MemFree:          136492 kB
Active:           353356 kB
Mem:          3.8G       3.7G       133M       5.7M        28M       3.2G

MemTotal:        4016004 kB
MemFree:          136616 kB
Active:           353364 kB
Mem:          3.8G       3.7G       133M       5.7M        28M       3.2G

MemTotal:        4016004 kB
MemFree:          136244 kB
Active:           353392 kB
Mem:          3.8G       3.7G       133M       5.7M        28M       3.2G

MemTotal:        4016004 kB
MemFree:          136120 kB
Active:           353400 kB
Mem:          3.8G       3.7G       132M       5.7M        28M       3.2G

MemTotal:        4016004 kB
MemFree:          136244 kB
Active:           353408 kB
Mem:          3.8G       3.7G       133M       5.7M        28M       3.2G

MemTotal:        4016004 kB
MemFree:          136368 kB
Active:           353376 kB
Mem:          3.8G       3.7G       132M       5.7M        28M       3.2G

MemTotal:        4016004 kB
MemFree:          136492 kB
Active:           353364 kB
Mem:          3.8G       3.7G       133M       5.7M        28M       3.2G

MemTotal:        4016004 kB
MemFree:          136616 kB
Active:           353372 kB
Mem:          3.8G       3.7G       133M       5.7M        28M       3.2G

MemTotal:        4016004 kB
MemFree:          136244 kB
Active:           353412 kB
Mem:          3.8G       3.7G       133M       5.7M        28M       3.2G

MemTotal:        4016004 kB
MemFree:          136492 kB
Active:           353380 kB
Mem:          3.8G       3.7G       133M       5.7M        28M       3.2G

MemTotal:        4016004 kB
MemFree:          136368 kB
Active:           353420 kB
Mem:          3.8G       3.7G       133M       5.7M        28M       3.2G

MemTotal:        4016004 kB
MemFree:          136368 kB
Active:           353420 kB
Mem:          3.8G       3.7G       133M       5.7M        28M       3.2G

MemTotal:        4016004 kB
MemFree:          136616 kB
Active:           353420 kB
Mem:          3.8G       3.7G       133M       5.7M        28M       3.2G

MemTotal:        4016004 kB
MemFree:          136244 kB
Active:           353420 kB
Mem:          3.8G       3.7G       133M       5.7M        28M       3.2G

MemTotal:        4016004 kB
MemFree:          136492 kB
Active:           353384 kB
Mem:          3.8G       3.7G       133M       5.7M        28M       3.2G

MemTotal:        4016004 kB
MemFree:          136616 kB
Active:           353380 kB
Mem:          3.8G       3.7G       133M       5.7M        28M       3.2G

MemTotal:        4016004 kB
MemFree:          136492 kB
Active:           353384 kB
Mem:          3.8G       3.7G       133M       5.7M        28M       3.2G

MemTotal:        4016004 kB
MemFree:          136120 kB
Active:           353428 kB
Mem:          3.8G       3.7G       132M       5.7M        28M       3.2G

MemTotal:        4016004 kB
MemFree:          136120 kB
Active:           353432 kB
Mem:          3.8G       3.7G       132M       5.7M        28M       3.2G

MemTotal:        4016004 kB
MemFree:          136120 kB
Active:           353432 kB
Mem:          3.8G       3.7G       132M       5.7M        28M       3.2G

MemTotal:        4016004 kB
MemFree:          136616 kB
Active:           353384 kB
Mem:          3.8G       3.7G       132M       5.7M        28M       3.2G

MemTotal:        4016004 kB
MemFree:          136492 kB
Active:           353436 kB
Mem:          3.8G       3.7G       133M       5.7M        28M       3.2G

MemTotal:        4016004 kB
MemFree:          136244 kB
Active:           353444 kB
Mem:          3.8G       3.7G       133M       5.7M        28M       3.2G

MemTotal:        4016004 kB
MemFree:          136616 kB
Active:           353404 kB
Mem:          3.8G       3.7G       133M       5.7M        28M       3.2G

MemTotal:        4016004 kB
MemFree:          136616 kB
Active:           353396 kB
Mem:          3.8G       3.7G       133M       5.7M        28M       3.2G

MemTotal:        4016004 kB
MemFree:          136616 kB
Active:           353452 kB
Mem:          3.8G       3.7G       132M       5.7M        28M       3.2G

MemTotal:        4016004 kB
MemFree:          136368 kB
Active:           353408 kB
Mem:          3.8G       3.7G       132M       5.7M        28M       3.2G

MemTotal:        4016004 kB
MemFree:          136120 kB
Active:           353452 kB
Mem:          3.8G       3.7G       133M       5.7M        28M       3.2G

MemTotal:        4016004 kB
MemFree:          136368 kB
Active:           353412 kB
Mem:          3.8G       3.7G       132M       5.7M        28M       3.2G

MemTotal:        4016004 kB
MemFree:          135996 kB
Active:           353456 kB
Mem:          3.8G       3.7G       132M       5.7M        28M       3.2G

MemTotal:        4016004 kB
MemFree:          136244 kB
Active:           353420 kB
Mem:          3.8G       3.7G       133M       5.7M        28M       3.2G

MemTotal:        4016004 kB
MemFree:          136492 kB
Active:           353416 kB
Mem:          3.8G       3.7G       133M       5.7M        28M       3.2G

MemTotal:        4016004 kB
MemFree:          136244 kB
Active:           353456 kB
Mem:          3.8G       3.7G       133M       5.7M        28M       3.2G

MemTotal:        4016004 kB
MemFree:          136492 kB
Active:           353456 kB
Mem:          3.8G       3.7G       133M       5.7M        29M       3.2G

MemTotal:        4016004 kB
MemFree:          136120 kB
Active:           353468 kB
Mem:          3.8G       3.7G       132M       5.7M        29M       3.2G

MemTotal:        4016004 kB
MemFree:          136120 kB
Active:           353468 kB
Mem:          3.8G       3.7G       132M       5.7M        29M       3.2G

MemTotal:        4016004 kB
MemFree:          136120 kB
Active:           353468 kB
Mem:          3.8G       3.7G       132M       5.7M        29M       3.2G

MemTotal:        4016004 kB
MemFree:          136492 kB
Active:           353468 kB
Mem:          3.8G       3.7G       132M       5.7M        29M       3.2G

MemTotal:        4016004 kB
MemFree:          136120 kB
Active:           353468 kB
Mem:          3.8G       3.7G       132M       5.7M        29M       3.2G

MemTotal:        4016004 kB
MemFree:          136368 kB
Active:           353436 kB
Mem:          3.8G       3.7G       132M       5.7M        29M       3.2G

MemTotal:        4016004 kB
MemFree:          136492 kB
Active:           353440 kB
Mem:          3.8G       3.7G       133M       5.7M        29M       3.2G

MemTotal:        4016004 kB
MemFree:          136368 kB
Active:           353436 kB
Mem:          3.8G       3.7G       132M       5.7M        29M       3.2G

MemTotal:        4016004 kB
MemFree:          135872 kB
Active:           353476 kB
Mem:          3.8G       3.7G       132M       5.7M        29M       3.2G

MemTotal:        4016004 kB
MemFree:          135872 kB
Active:           353476 kB
Mem:          3.8G       3.7G       132M       5.7M        29M       3.2G

MemTotal:        4016004 kB
MemFree:          136244 kB
Active:           353440 kB
Mem:          3.8G       3.7G       132M       5.7M        29M       3.2G

MemTotal:        4016004 kB
MemFree:          136120 kB
Active:           353484 kB
Mem:          3.8G       3.7G       132M       5.7M        29M       3.2G

MemTotal:        4016004 kB
MemFree:          136120 kB
Active:           353484 kB
Mem:          3.8G       3.7G       132M       5.7M        29M       3.2G

MemTotal:        4016004 kB
MemFree:          136368 kB
Active:           353456 kB
Mem:          3.8G       3.7G       133M       5.7M        29M       3.2G

MemTotal:        4016004 kB
MemFree:          136120 kB
Active:           353496 kB
Mem:          3.8G       3.7G       132M       5.7M        29M       3.2G

MemTotal:        4016004 kB
MemFree:          136492 kB
Active:           353496 kB
Mem:          3.8G       3.7G       133M       5.7M        29M       3.2G

MemTotal:        4016004 kB
MemFree:          136120 kB
Active:           353496 kB
Mem:          3.8G       3.7G       132M       5.7M        29M       3.2G

MemTotal:        4016004 kB
MemFree:          136492 kB
Active:           353464 kB
Mem:          3.8G       3.7G       133M       5.7M        29M       3.2G

MemTotal:        4016004 kB
MemFree:          136184 kB
Active:           353260 kB
Mem:          3.8G       3.7G       133M       5.7M        29M       3.2G

MemTotal:        4016004 kB
MemFree:          136432 kB
Active:           353260 kB
Mem:          3.8G       3.7G       132M       5.7M        29M       3.2G

MemTotal:        4016004 kB
MemFree:          136432 kB
Active:           353256 kB
Mem:          3.8G       3.7G       132M       5.7M        29M       3.2G

MemTotal:        4016004 kB
MemFree:          135812 kB
Active:           353276 kB
Mem:          3.8G       3.7G       132M       5.7M        29M       3.2G

MemTotal:        4016004 kB
MemFree:          136184 kB
Active:           353256 kB
Mem:          3.8G       3.7G       132M       5.7M        29M       3.2G

MemTotal:        4016004 kB
MemFree:          136060 kB
Active:           353224 kB
Mem:          3.8G       3.7G       132M       5.7M        29M       3.2G

MemTotal:        4016004 kB
MemFree:          136308 kB
Active:           353244 kB
Mem:          3.8G       3.7G       133M       5.7M        29M       3.2G

MemTotal:        4016004 kB
MemFree:          136328 kB
Active:           353244 kB
Mem:          3.8G       3.7G       133M       5.7M        29M       3.2G

MemTotal:        4016004 kB
MemFree:          136204 kB
Active:           353244 kB
Mem:          3.8G       3.7G       133M       5.7M        29M       3.2G

MemTotal:        4016004 kB
MemFree:          136328 kB
Active:           353268 kB
Mem:          3.8G       3.7G       133M       5.7M        29M       3.2G

MemTotal:        4016004 kB
MemFree:          136700 kB
Active:           353256 kB
Mem:          3.8G       3.7G       133M       5.7M        29M       3.2G

MemTotal:        4016004 kB
MemFree:          136700 kB
Active:           353252 kB
Mem:          3.8G       3.7G       133M       5.7M        29M       3.2G

MemTotal:        4016004 kB
MemFree:          136452 kB
Active:           353296 kB
Mem:          3.8G       3.7G       133M       5.7M        29M       3.2G

MemTotal:        4016004 kB
MemFree:          136452 kB
Active:           353240 kB
Mem:          3.8G       3.7G       133M       5.7M        29M       3.2G

MemTotal:        4016004 kB
MemFree:          136576 kB
Active:           353280 kB
Mem:          3.8G       3.7G       133M       5.7M        29M       3.2G

MemTotal:        4016004 kB
MemFree:          136204 kB
Active:           353296 kB
Mem:          3.8G       3.7G       132M       5.7M        29M       3.2G

MemTotal:        4016004 kB
MemFree:          136080 kB
Active:           353292 kB
Mem:          3.8G       3.7G       132M       5.7M        29M       3.2G

MemTotal:        4016004 kB
MemFree:          136080 kB
Active:           353260 kB
Mem:          3.8G       3.7G       132M       5.7M        29M       3.2G

MemTotal:        4016004 kB
MemFree:          136204 kB
Active:           353272 kB
Mem:          3.8G       3.7G       133M       5.7M        29M       3.2G

MemTotal:        4016004 kB
MemFree:          136204 kB
Active:           353304 kB
Mem:          3.8G       3.7G       133M       5.7M        29M       3.2G

MemTotal:        4016004 kB
MemFree:          136328 kB
Active:           353296 kB
Mem:          3.8G       3.7G       132M       5.7M        29M       3.2G

MemTotal:        4016004 kB
MemFree:          136080 kB
Active:           353300 kB
Mem:          3.8G       3.7G       133M       5.7M        29M       3.2G

MemTotal:        4016004 kB
MemFree:          136452 kB
Active:           353308 kB
Mem:          3.8G       3.7G       133M       5.7M        29M       3.2G

MemTotal:        4016004 kB
MemFree:          136328 kB
Active:           353312 kB
Mem:          3.8G       3.7G       133M       5.7M        29M       3.2G

MemTotal:        4016004 kB
MemFree:          136204 kB
Active:           353284 kB
Mem:          3.8G       3.7G       133M       5.7M        29M       3.2G

MemTotal:        4016004 kB
MemFree:          136204 kB
Active:           353268 kB
Mem:          3.8G       3.7G       132M       5.7M        29M       3.2G

MemTotal:        4016004 kB
MemFree:          136204 kB
Active:           353316 kB
Mem:          3.8G       3.7G       133M       5.7M        29M       3.2G

MemTotal:        4016004 kB
MemFree:          136204 kB
Active:           353320 kB
Mem:          3.8G       3.7G       133M       5.7M        29M       3.2G

MemTotal:        4016004 kB
MemFree:          136328 kB
Active:           353308 kB
Mem:          3.8G       3.7G       133M       5.7M        29M       3.2G

MemTotal:        4016004 kB
MemFree:          136452 kB
Active:           353312 kB
