MemTotal:        4016004 kB
MemFree:         3238516 kB
Active:           418680 kB
Mem:          3.8G       759M       3.1G       5.7M        55M       316M

MemTotal:        4016004 kB
MemFree:         3238772 kB
Active:           418820 kB
Mem:          3.8G       759M       3.1G       5.7M        55M       316M

MemTotal:        4016004 kB
MemFree:         3238788 kB
Active:           418928 kB
Mem:          3.8G       759M       3.1G       5.7M        55M       316M

MemTotal:        4016004 kB
MemFree:         3238648 kB
Active:           418936 kB
Mem:          3.8G       759M       3.1G       5.7M        55M       316M

MemTotal:        4016004 kB
MemFree:         3238772 kB
Active:           418916 kB
Mem:          3.8G       758M       3.1G       5.7M        55M       316M

MemTotal:        4016004 kB
MemFree:         3238756 kB
Active:           418908 kB
Mem:          3.8G       759M       3.1G       5.7M        55M       316M

MemTotal:        4016004 kB
MemFree:         3238880 kB
Active:           418896 kB
Mem:          3.8G       758M       3.1G       5.7M        55M       316M

MemTotal:        4016004 kB
MemFree:         3239068 kB
Active:           417040 kB
Mem:          3.8G       758M       3.1G       5.7M        55M       316M

MemTotal:        4016004 kB
MemFree:         3238536 kB
Active:           418968 kB
Mem:          3.8G       759M       3.1G       5.7M        55M       316M

MemTotal:        4016004 kB
MemFree:         3238892 kB
Active:           418964 kB
Mem:          3.8G       759M       3.1G       5.7M        55M       316M

MemTotal:        4016004 kB
MemFree:         3238628 kB
Active:           418940 kB
Mem:          3.8G       759M       3.1G       5.7M        55M       316M

MemTotal:        4016004 kB
MemFree:         3238488 kB
Active:           418972 kB
Mem:          3.8G       759M       3.1G       5.7M        55M       316M

MemTotal:        4016004 kB
MemFree:         3238472 kB
Active:           418976 kB
Mem:          3.8G       759M       3.1G       5.7M        55M       316M

MemTotal:        4016004 kB
MemFree:         3238472 kB
Active:           418952 kB
Mem:          3.8G       759M       3.1G       5.7M        55M       316M

MemTotal:        4016004 kB
MemFree:         3238720 kB
Active:           418964 kB
Mem:          3.8G       759M       3.1G       5.7M        55M       316M

MemTotal:        4016004 kB
MemFree:         3238828 kB
Active:           418932 kB
Mem:          3.8G       759M       3.1G       5.7M        55M       316M

MemTotal:        4016004 kB
MemFree:         3238812 kB
Active:           418972 kB
Mem:          3.8G       758M       3.1G       5.7M        55M       316M

MemTotal:        4016004 kB
MemFree:         3237168 kB
Active:           418948 kB
Mem:          3.8G       760M       3.1G       5.7M        55M       316M

MemTotal:        4016004 kB
MemFree:         3236672 kB
Active:           418952 kB
Mem:          3.8G       760M       3.1G       5.7M        55M       316M

MemTotal:        4016004 kB
MemFree:         3236796 kB
Active:           420964 kB
Mem:          3.8G       760M       3.1G       5.7M        55M       316M

MemTotal:        4016004 kB
MemFree:         3236920 kB
Active:           420960 kB
Mem:          3.8G       760M       3.1G       5.7M        55M       316M

MemTotal:        4016004 kB
MemFree:         3236920 kB
Active:           421000 kB
Mem:          3.8G       760M       3.1G       5.7M        55M       316M

MemTotal:        4016004 kB
MemFree:         3237152 kB
Active:           420976 kB
Mem:          3.8G       760M       3.1G       5.7M        55M       316M

MemTotal:        4016004 kB
MemFree:         3237028 kB
Active:           420956 kB
Mem:          3.8G       761M       3.1G       5.7M        55M       316M

MemTotal:        4016004 kB
MemFree:         3236516 kB
Active:           420992 kB
Mem:          3.8G       760M       3.1G       5.7M        55M       316M

MemTotal:        4016004 kB
MemFree:         3236252 kB
Active:           421008 kB
Mem:          3.8G       761M       3.1G       5.7M        55M       316M

MemTotal:        4016004 kB
MemFree:         3236624 kB
Active:           420960 kB
Mem:          3.8G       761M       3.1G       5.7M        55M       316M

MemTotal:        4016004 kB
MemFree:         3236500 kB
Active:           420976 kB
Mem:          3.8G       761M       3.1G       5.7M        55M       316M

MemTotal:        4016004 kB
MemFree:         3236624 kB
Active:           420964 kB
Mem:          3.8G       761M       3.1G       5.7M        55M       316M

MemTotal:        4016004 kB
MemFree:         3236624 kB
Active:           420984 kB
Mem:          3.8G       761M       3.1G       5.7M        55M       316M

MemTotal:        4016004 kB
MemFree:         3236252 kB
Active:           421016 kB
Mem:          3.8G       761M       3.1G       5.7M        55M       316M

MemTotal:        4016004 kB
MemFree:         3236112 kB
Active:           421016 kB
Mem:          3.8G       761M       3.1G       5.7M        55M       316M

MemTotal:        4016004 kB
MemFree:         3236220 kB
Active:           420968 kB
Mem:          3.8G       761M       3.1G       5.7M        55M       316M

MemTotal:        4016004 kB
MemFree:         3236548 kB
Active:           420984 kB
Mem:          3.8G       761M       3.1G       5.7M        55M       316M

MemTotal:        4016004 kB
MemFree:         3236300 kB
Active:           421024 kB
Mem:          3.8G       761M       3.1G       5.7M        55M       316M

MemTotal:        4016004 kB
MemFree:         3236672 kB
Active:           420972 kB
Mem:          3.8G       761M       3.1G       5.7M        55M       316M

MemTotal:        4016004 kB
MemFree:         3236796 kB
Active:           420992 kB
Mem:          3.8G       761M       3.1G       5.7M        55M       316M

MemTotal:        4016004 kB
MemFree:         3236672 kB
Active:           420972 kB
Mem:          3.8G       761M       3.1G       5.7M        55M       316M

MemTotal:        4016004 kB
MemFree:         3236424 kB
Active:           421028 kB
Mem:          3.8G       761M       3.1G       5.7M        55M       316M

MemTotal:        4016004 kB
MemFree:         3236796 kB
Active:           420988 kB
Mem:          3.8G       761M       3.1G       5.7M        55M       316M

MemTotal:        4016004 kB
MemFree:         3236920 kB
Active:           421008 kB
Mem:          3.8G       761M       3.1G       5.7M        55M       316M

MemTotal:        4016004 kB
MemFree:         3236548 kB
Active:           421036 kB
Mem:          3.8G       760M       3.1G       5.7M        55M       316M

MemTotal:        4016004 kB
MemFree:         3236548 kB
Active:           421048 kB
Mem:          3.8G       760M       3.1G       5.7M        55M       316M

MemTotal:        4016004 kB
MemFree:         3236920 kB
Active:           421012 kB
Mem:          3.8G       761M       3.1G       5.7M        55M       316M

MemTotal:        4016004 kB
MemFree:         3236796 kB
Active:           421036 kB
Mem:          3.8G       760M       3.1G       5.7M        55M       316M

MemTotal:        4016004 kB
MemFree:         3236796 kB
Active:           421004 kB
Mem:          3.8G       761M       3.1G       5.7M        55M       316M

MemTotal:        4016004 kB
MemFree:         3236796 kB
Active:           421028 kB
Mem:          3.8G       761M       3.1G       5.7M        55M       316M

MemTotal:        4016004 kB
MemFree:         3234748 kB
Active:           421008 kB
Mem:          3.8G       763M       3.1G       5.7M        55M       316M

MemTotal:        4016004 kB
MemFree:         3234376 kB
Active:           421032 kB
Mem:          3.8G       763M       3.1G       5.7M        55M       316M

MemTotal:        4016004 kB
MemFree:         3234624 kB
Active:           423068 kB
Mem:          3.8G       762M       3.1G       5.7M        55M       316M

MemTotal:        4016004 kB
MemFree:         3234376 kB
Active:           423084 kB
Mem:          3.8G       763M       3.1G       5.7M        55M       316M

MemTotal:        4016004 kB
MemFree:         3234004 kB
Active:           423084 kB
Mem:          3.8G       763M       3.1G       5.7M        55M       316M

MemTotal:        4016004 kB
MemFree:         3234004 kB
Active:           423104 kB
Mem:          3.8G       763M       3.1G       5.7M        55M       316M

MemTotal:        4016004 kB
MemFree:         3234592 kB
Active:           423056 kB
Mem:          3.8G       763M       3.1G       5.7M        55M       316M

MemTotal:        4016004 kB
MemFree:         3234220 kB
Active:           423104 kB
Mem:          3.8G       763M       3.1G       5.7M        55M       316M

MemTotal:        4016004 kB
MemFree:         3234004 kB
Active:           423104 kB
Mem:          3.8G       763M       3.1G       5.7M        55M       316M

MemTotal:        4016004 kB
MemFree:         3234252 kB
Active:           423096 kB
Mem:          3.8G       763M       3.1G       5.7M        55M       316M

MemTotal:        4016004 kB
MemFree:         3234700 kB
Active:           421072 kB
Mem:          3.8G       762M       3.1G       5.7M        55M       316M

MemTotal:        4016004 kB
MemFree:         3234312 kB
Active:           421072 kB
Mem:          3.8G       763M       3.1G       5.7M        55M       316M

MemTotal:        4016004 kB
MemFree:         3234312 kB
Active:           423124 kB
Mem:          3.8G       763M       3.1G       5.7M        55M       316M

MemTotal:        4016004 kB
MemFree:         3234652 kB
Active:           423116 kB
Mem:          3.8G       762M       3.1G       5.7M        55M       316M

MemTotal:        4016004 kB
MemFree:         3121520 kB
Active:           423840 kB
Mem:          3.8G       875M       3.0G       5.7M        55M       426M

MemTotal:        4016004 kB
MemFree:         3008656 kB
Active:           424128 kB
Mem:          3.8G       984M       2.9G       5.7M        55M       534M

MemTotal:        4016004 kB
MemFree:         2889592 kB
Active:           423984 kB
Mem:          3.8G       1.1G       2.8G       5.7M        55M       650M

MemTotal:        4016004 kB
MemFree:         2860228 kB
Active:           423992 kB
Mem:          3.8G       1.1G       2.7G       5.7M        55M       678M

MemTotal:        4016004 kB
MemFree:         2780116 kB
Active:           424000 kB
Mem:          3.8G       1.2G       2.7G       5.7M        55M       752M

MemTotal:        4016004 kB
MemFree:         2778952 kB
Active:           424100 kB
Mem:          3.8G       1.2G       2.7G       5.7M        55M       753M

MemTotal:        4016004 kB
MemFree:         2740856 kB
Active:           424096 kB
Mem:          3.8G       1.2G       2.6G       5.7M        55M       791M

MemTotal:        4016004 kB
MemFree:         2680928 kB
Active:           424044 kB
Mem:          3.8G       1.3G       2.6G       5.7M        55M       848M

MemTotal:        4016004 kB
MemFree:         2679384 kB
Active:           424120 kB
Mem:          3.8G       1.3G       2.6G       5.7M        55M       849M

MemTotal:        4016004 kB
MemFree:         2678152 kB
Active:           424160 kB
Mem:          3.8G       1.3G       2.6G       5.7M        55M       850M

MemTotal:        4016004 kB
MemFree:         2676440 kB
Active:           424064 kB
Mem:          3.8G       1.3G       2.6G       5.7M        55M       851M

MemTotal:        4016004 kB
MemFree:         2596304 kB
Active:           424100 kB
Mem:          3.8G       1.4G       2.5G       5.7M        55M       929M

MemTotal:        4016004 kB
MemFree:         2556828 kB
Active:           424056 kB
Mem:          3.8G       1.4G       2.4G       5.7M        55M       969M

MemTotal:        4016004 kB
MemFree:         2423084 kB
Active:           424068 kB
Mem:          3.8G       1.5G       2.3G       5.7M        55M       1.1G

MemTotal:        4016004 kB
MemFree:         2324440 kB
Active:           424172 kB
Mem:          3.8G       1.6G       2.2G       5.7M        55M       1.2G

MemTotal:        4016004 kB
MemFree:         2323780 kB
Active:           424204 kB
Mem:          3.8G       1.6G       2.2G       5.7M        55M       1.2G

MemTotal:        4016004 kB
MemFree:         2225632 kB
Active:           424220 kB
Mem:          3.8G       1.7G       2.1G       5.7M        55M       1.3G

MemTotal:        4016004 kB
MemFree:         2224884 kB
Active:           424212 kB
Mem:          3.8G       1.7G       2.1G       5.7M        55M       1.3G

MemTotal:        4016004 kB
MemFree:         2153284 kB
Active:           424324 kB
Mem:          3.8G       1.8G       2.1G       5.7M        55M       1.3G

MemTotal:        4016004 kB
MemFree:         2127276 kB
Active:           424128 kB
Mem:          3.8G       1.8G       2.0G       5.7M        55M       1.3G

MemTotal:        4016004 kB
MemFree:         2071984 kB
Active:           424232 kB
Mem:          3.8G       1.9G       2.0G       5.7M        55M       1.4G

MemTotal:        4016004 kB
MemFree:         2026824 kB
Active:           424212 kB
Mem:          3.8G       1.9G       1.9G       5.7M        55M       1.4G

MemTotal:        4016004 kB
MemFree:         2025436 kB
Active:           424260 kB
Mem:          3.8G       1.9G       1.9G       5.7M        55M       1.4G

MemTotal:        4016004 kB
MemFree:         2024892 kB
Active:           424108 kB
Mem:          3.8G       1.9G       1.9G       5.7M        55M       1.4G

MemTotal:        4016004 kB
MemFree:         2025056 kB
Active:           424168 kB
Mem:          3.8G       1.9G       1.9G       5.7M        55M       1.4G

MemTotal:        4016004 kB
MemFree:         1985388 kB
Active:           424292 kB
Mem:          3.8G       1.9G       1.9G       5.7M        55M       1.5G

MemTotal:        4016004 kB
MemFree:         1848008 kB
Active:           422224 kB
Mem:          3.8G       2.1G       1.8G       5.7M        55M       1.6G

MemTotal:        4016004 kB
MemFree:         1721876 kB
Active:           424132 kB
Mem:          3.8G       2.2G       1.6G       5.7M        55M       1.7G

MemTotal:        4016004 kB
MemFree:         1674316 kB
Active:           424148 kB
Mem:          3.8G       2.2G       1.6G       5.7M        55M       1.8G

MemTotal:        4016004 kB
MemFree:         1619476 kB
Active:           424292 kB
Mem:          3.8G       2.3G       1.5G       5.7M        55M       1.8G

MemTotal:        4016004 kB
MemFree:         1580872 kB
Active:           424176 kB
Mem:          3.8G       2.3G       1.5G       5.7M        55M       1.9G

MemTotal:        4016004 kB
MemFree:         1516776 kB
Active:           424404 kB
Mem:          3.8G       2.4G       1.4G       5.7M        55M       1.9G

MemTotal:        4016004 kB
MemFree:         1491572 kB
Active:           424300 kB
Mem:          3.8G       2.4G       1.4G       5.7M        55M       1.9G

MemTotal:        4016004 kB
MemFree:         1445488 kB
Active:           424172 kB
Mem:          3.8G       2.5G       1.4G       5.7M        55M       2.0G

MemTotal:        4016004 kB
MemFree:         1399204 kB
Active:           424204 kB
Mem:          3.8G       2.5G       1.3G       5.7M        55M       2.0G

MemTotal:        4016004 kB
MemFree:         1398088 kB
Active:           424252 kB
Mem:          3.8G       2.5G       1.3G       5.7M        55M       2.0G

MemTotal:        4016004 kB
MemFree:         1396896 kB
Active:           422136 kB
Mem:          3.8G       2.5G       1.3G       5.7M        55M       2.0G

MemTotal:        4016004 kB
MemFree:         1395848 kB
Active:           422024 kB
Mem:          3.8G       2.5G       1.3G       5.7M        55M       2.0G

MemTotal:        4016004 kB
MemFree:         1370744 kB
Active:           424232 kB
Mem:          3.8G       2.5G       1.3G       5.7M        55M       2.1G

MemTotal:        4016004 kB
MemFree:         1233528 kB
Active:           424092 kB
Mem:          3.8G       2.7G       1.2G       5.7M        55M       2.2G

MemTotal:        4016004 kB
MemFree:         1107172 kB
Active:           424380 kB
Mem:          3.8G       2.8G       1.1G       5.7M        55M       2.3G

MemTotal:        4016004 kB
MemFree:         1046208 kB
Active:           424244 kB
Mem:          3.8G       2.8G       1.0G       5.7M        55M       2.4G

MemTotal:        4016004 kB
MemFree:         1015196 kB
Active:           424356 kB
Mem:          3.8G       2.9G       989M       5.7M        55M       2.4G

MemTotal:        4016004 kB
MemFree:          955736 kB
Active:           424500 kB
Mem:          3.8G       2.9G       933M       5.7M        55M       2.4G

MemTotal:        4016004 kB
MemFree:          925524 kB
Active:           424356 kB
Mem:          3.8G       2.9G       902M       5.7M        55M       2.5G

MemTotal:        4016004 kB
MemFree:          840768 kB
Active:           424156 kB
Mem:          3.8G       3.0G       820M       5.7M        55M       2.6G

MemTotal:        4016004 kB
MemFree:          839328 kB
Active:           422320 kB
Mem:          3.8G       3.0G       819M       5.7M        55M       2.6G

MemTotal:        4016004 kB
MemFree:          838628 kB
Active:           422204 kB
Mem:          3.8G       3.0G       818M       5.7M        55M       2.6G

MemTotal:        4016004 kB
MemFree:          838864 kB
Active:           424404 kB
Mem:          3.8G       3.0G       818M       5.7M        55M       2.6G

MemTotal:        4016004 kB
MemFree:          762600 kB
Active:           424544 kB
Mem:          3.8G       3.1G       742M       5.7M        55M       2.6G

MemTotal:        4016004 kB
MemFree:          625548 kB
Active:           424556 kB
Mem:          3.8G       3.2G       609M       5.7M        55M       2.8G

MemTotal:        4016004 kB
MemFree:          604808 kB
Active:           424392 kB
Mem:          3.8G       3.3G       588M       5.7M        55M       2.8G

MemTotal:        4016004 kB
MemFree:          478268 kB
Active:           424256 kB
Mem:          3.8G       3.4G       465M       5.7M        55M       2.9G

MemTotal:        4016004 kB
MemFree:          406296 kB
Active:           424416 kB
Mem:          3.8G       3.4G       396M       5.7M        55M       3.0G

MemTotal:        4016004 kB
MemFree:          404280 kB
Active:           424512 kB
Mem:          3.8G       3.4G       394M       5.7M        55M       3.0G

MemTotal:        4016004 kB
MemFree:          383696 kB
Active:           424160 kB
Mem:          3.8G       3.5G       374M       5.7M        55M       3.0G

MemTotal:        4016004 kB
MemFree:          347084 kB
Active:           424368 kB
Mem:          3.8G       3.5G       336M       5.7M        55M       3.0G

MemTotal:        4016004 kB
MemFree:          315116 kB
Active:           424348 kB
Mem:          3.8G       3.5G       307M       5.7M        55M       3.1G

MemTotal:        4016004 kB
MemFree:          313420 kB
Active:           424556 kB
Mem:          3.8G       3.5G       305M       5.7M        55M       3.1G

MemTotal:        4016004 kB
MemFree:          313048 kB
Active:           424536 kB
Mem:          3.8G       3.5G       305M       5.7M        55M       3.1G

MemTotal:        4016004 kB
MemFree:          313208 kB
Active:           424444 kB
Mem:          3.8G       3.5G       305M       5.7M        55M       3.1G

MemTotal:        4016004 kB
MemFree:          277284 kB
Active:           424508 kB
Mem:          3.8G       3.6G       268M       5.7M        55M       3.1G

MemTotal:        4016004 kB
MemFree:          158704 kB
Active:           424468 kB
Mem:          3.8G       3.7G       152M       5.7M        55M       3.2G

MemTotal:        4016004 kB
MemFree:          138464 kB
Active:           463028 kB
Mem:          3.8G       3.7G       139M       5.7M        19M       3.2G

MemTotal:        4016004 kB
MemFree:          104776 kB
Active:           481584 kB
Mem:          3.8G       3.7G       124M       5.7M        19M       3.3G

MemTotal:        4016004 kB
MemFree:          123916 kB
Active:           477164 kB
Mem:          3.8G       3.7G       119M       5.7M        19M       3.3G

MemTotal:        4016004 kB
MemFree:          124128 kB
Active:           470624 kB
Mem:          3.8G       3.7G       119M       5.7M        19M       3.3G

MemTotal:        4016004 kB
MemFree:          129348 kB
Active:           468636 kB
Mem:          3.8G       3.7G       126M       5.7M        20M       3.3G

MemTotal:        4016004 kB
MemFree:          121256 kB
Active:           461660 kB
Mem:          3.8G       3.7G       141M       5.7M        20M       3.2G

MemTotal:        4016004 kB
MemFree:          117704 kB
Active:           459796 kB
Mem:          3.8G       3.7G       112M       5.7M        20M       3.3G

MemTotal:        4016004 kB
MemFree:          132960 kB
Active:           452880 kB
Mem:          3.8G       3.7G       129M       5.7M        20M       3.3G

MemTotal:        4016004 kB
MemFree:          131876 kB
Active:           452896 kB
Mem:          3.8G       3.7G       128M       5.7M        20M       3.3G

MemTotal:        4016004 kB
MemFree:          130204 kB
Active:           452868 kB
Mem:          3.8G       3.7G       127M       5.7M        20M       3.3G

MemTotal:        4016004 kB
MemFree:          128000 kB
Active:           452884 kB
Mem:          3.8G       3.7G       125M       5.7M        20M       3.3G

MemTotal:        4016004 kB
MemFree:          129120 kB
Active:           449064 kB
Mem:          3.8G       3.7G       125M       5.7M        20M       3.3G

MemTotal:        4016004 kB
MemFree:          130444 kB
Active:           438180 kB
Mem:          3.8G       3.7G       126M       5.7M        20M       3.3G

MemTotal:        4016004 kB
MemFree:          144540 kB
Active:           430676 kB
Mem:          3.8G       3.7G       138M       5.7M        20M       3.2G

MemTotal:        4016004 kB
MemFree:          110684 kB
Active:           430292 kB
Mem:          3.8G       3.7G       108M       5.7M        20M       3.3G

MemTotal:        4016004 kB
MemFree:          142508 kB
Active:           421848 kB
Mem:          3.8G       3.7G       139M       5.7M        20M       3.2G

MemTotal:        4016004 kB
MemFree:          118196 kB
Active:           421852 kB
Mem:          3.8G       3.7G       115M       5.7M        20M       3.3G

MemTotal:        4016004 kB
MemFree:          125896 kB
Active:           420536 kB
Mem:          3.8G       3.7G       122M       5.7M        20M       3.3G

MemTotal:        4016004 kB
MemFree:          145120 kB
Active:           418240 kB
Mem:          3.8G       3.7G       141M       5.7M        20M       3.2G

MemTotal:        4016004 kB
MemFree:          144252 kB
Active:           418136 kB
Mem:          3.8G       3.7G       140M       5.7M        20M       3.2G

MemTotal:        4016004 kB
MemFree:          142904 kB
Active:           418152 kB
Mem:          3.8G       3.7G       139M       5.7M        20M       3.2G

MemTotal:        4016004 kB
MemFree:          141916 kB
Active:           418176 kB
Mem:          3.8G       3.7G       138M       5.7M        20M       3.2G

MemTotal:        4016004 kB
MemFree:          141676 kB
Active:           418148 kB
Mem:          3.8G       3.7G       137M       5.7M        20M       3.2G

MemTotal:        4016004 kB
MemFree:          141312 kB
Active:           410732 kB
Mem:          3.8G       3.7G       136M       5.7M        20M       3.2G

MemTotal:        4016004 kB
MemFree:          113620 kB
Active:           409192 kB
Mem:          3.8G       3.7G       109M       5.7M        20M       3.3G

MemTotal:        4016004 kB
MemFree:          137280 kB
Active:           404340 kB
Mem:          3.8G       3.7G       132M       5.7M        20M       3.3G

MemTotal:        4016004 kB
MemFree:          140064 kB
Active:           403060 kB
Mem:          3.8G       3.7G       136M       5.7M        20M       3.2G

MemTotal:        4016004 kB
MemFree:          116412 kB
Active:           402944 kB
Mem:          3.8G       3.7G       112M       5.7M        20M       3.3G

MemTotal:        4016004 kB
MemFree:          141828 kB
Active:           398656 kB
Mem:          3.8G       3.7G       136M       5.7M        20M       3.2G

MemTotal:        4016004 kB
MemFree:          116604 kB
Active:           398720 kB
Mem:          3.8G       3.7G       113M       5.7M        20M       3.3G

MemTotal:        4016004 kB
MemFree:          107588 kB
Active:           398684 kB
Mem:          3.8G       3.7G       103M       5.7M        20M       3.3G

MemTotal:        4016004 kB
MemFree:          135868 kB
Active:           392788 kB
Mem:          3.8G       3.7G       130M       5.7M        20M       3.3G

MemTotal:        4016004 kB
MemFree:          132264 kB
Active:           392260 kB
Mem:          3.8G       3.7G       129M       5.7M        20M       3.3G

MemTotal:        4016004 kB
MemFree:          131684 kB
Active:           390216 kB
Mem:          3.8G       3.7G       128M       5.7M        20M       3.3G

MemTotal:        4016004 kB
MemFree:          129596 kB
Active:           392260 kB
Mem:          3.8G       3.7G       126M       5.7M        20M       3.3G

MemTotal:        4016004 kB
MemFree:          128576 kB
Active:           392300 kB
Mem:          3.8G       3.7G       125M       5.7M        20M       3.3G

MemTotal:        4016004 kB
MemFree:          135440 kB
Active:           389092 kB
Mem:          3.8G       3.7G       134M       5.7M        20M       3.2G

MemTotal:        4016004 kB
MemFree:          150504 kB
Active:           381592 kB
Mem:          3.8G       3.7G       147M       5.7M        20M       3.2G

MemTotal:        4016004 kB
MemFree:          142776 kB
Active:           378400 kB
Mem:          3.8G       3.7G       136M       5.7M        20M       3.2G

MemTotal:        4016004 kB
MemFree:          141296 kB
Active:           376740 kB
Mem:          3.8G       3.7G       137M       5.7M        20M       3.2G

MemTotal:        4016004 kB
MemFree:          139432 kB
Active:           374692 kB
Mem:          3.8G       3.7G       136M       5.7M        20M       3.2G

MemTotal:        4016004 kB
MemFree:          128196 kB
Active:           374192 kB
Mem:          3.8G       3.7G       123M       5.7M        20M       3.3G

MemTotal:        4016004 kB
MemFree:          145368 kB
Active:           372360 kB
Mem:          3.8G       3.7G       141M       5.7M        20M       3.2G

MemTotal:        4016004 kB
MemFree:          124992 kB
Active:           368696 kB
Mem:          3.8G       3.7G       121M       5.7M        20M       3.3G

MemTotal:        4016004 kB
MemFree:          128292 kB
Active:           368936 kB
Mem:          3.8G       3.7G       122M       5.7M        20M       3.3G

MemTotal:        4016004 kB
MemFree:          127696 kB
Active:           368568 kB
Mem:          3.8G       3.7G       124M       5.7M        20M       3.3G

MemTotal:        4016004 kB
MemFree:          126792 kB
Active:           368568 kB
Mem:          3.8G       3.7G       123M       5.7M        20M       3.3G

MemTotal:        4016004 kB
MemFree:          125648 kB
Active:           368576 kB
Mem:          3.8G       3.7G       122M       5.7M        20M       3.3G

MemTotal:        4016004 kB
MemFree:          125652 kB
Active:           368584 kB
Mem:          3.8G       3.7G       122M       5.7M        20M       3.3G

MemTotal:        4016004 kB
MemFree:          125580 kB
Active:           367312 kB
Mem:          3.8G       3.7G       124M       5.7M        20M       3.3G

MemTotal:        4016004 kB
MemFree:          107064 kB
Active:           363860 kB
Mem:          3.8G       3.7G       108M       5.7M        20M       3.3G

MemTotal:        4016004 kB
MemFree:          125376 kB
Active:           363476 kB
Mem:          3.8G       3.7G       120M       5.7M        20M       3.3G

MemTotal:        4016004 kB
MemFree:          145556 kB
Active:           363484 kB
Mem:          3.8G       3.7G       142M       5.7M        20M       3.2G

MemTotal:        4016004 kB
MemFree:          129116 kB
Active:           363492 kB
Mem:          3.8G       3.7G       125M       5.7M        20M       3.3G

MemTotal:        4016004 kB
MemFree:          117780 kB
Active:           363496 kB
Mem:          3.8G       3.7G       114M       5.7M        20M       3.3G

MemTotal:        4016004 kB
MemFree:          116540 kB
Active:           363496 kB
Mem:          3.8G       3.7G       113M       5.7M        20M       3.3G

MemTotal:        4016004 kB
MemFree:          134672 kB
Active:           362820 kB
Mem:          3.8G       3.7G       131M       5.7M        20M       3.3G

MemTotal:        4016004 kB
MemFree:          134652 kB
Active:           362816 kB
Mem:          3.8G       3.7G       130M       5.7M        20M       3.3G

MemTotal:        4016004 kB
MemFree:          131348 kB
Active:           362852 kB
Mem:          3.8G       3.7G       128M       5.7M        20M       3.3G

MemTotal:        4016004 kB
MemFree:          128984 kB
Active:           362872 kB
Mem:          3.8G       3.7G       125M       5.7M        20M       3.3G

MemTotal:        4016004 kB
MemFree:          128056 kB
Active:           362872 kB
Mem:          3.8G       3.7G       125M       5.7M        20M       3.3G

MemTotal:        4016004 kB
MemFree:          127360 kB
Active:           362860 kB
Mem:          3.8G       3.7G       124M       5.7M        20M       3.3G

MemTotal:        4016004 kB
MemFree:          132660 kB
Active:           362864 kB
Mem:          3.8G       3.7G       127M       5.7M        20M       3.3G

MemTotal:        4016004 kB
MemFree:          122936 kB
Active:           360912 kB
Mem:          3.8G       3.7G       117M       5.7M        20M       3.3G

MemTotal:        4016004 kB
MemFree:          136076 kB
Active:           360936 kB
Mem:          3.8G       3.7G       130M       5.7M        20M       3.3G

MemTotal:        4016004 kB
MemFree:          140784 kB
Active:           360944 kB
Mem:          3.8G       3.7G       137M       5.7M        20M       3.2G

MemTotal:        4016004 kB
MemFree:          127108 kB
Active:           360952 kB
Mem:          3.8G       3.7G       126M       5.7M        20M       3.3G

MemTotal:        4016004 kB
MemFree:          113076 kB
Active:           360976 kB
Mem:          3.8G       3.7G       110M       5.7M        20M       3.3G

MemTotal:        4016004 kB
MemFree:          124548 kB
Active:           360980 kB
Mem:          3.8G       3.7G       120M       5.7M        20M       3.3G

MemTotal:        4016004 kB
MemFree:          136604 kB
Active:           360988 kB
Mem:          3.8G       3.7G       133M       5.7M        20M       3.2G

MemTotal:        4016004 kB
MemFree:          130372 kB
Active:           360992 kB
Mem:          3.8G       3.7G       127M       5.7M        20M       3.3G

MemTotal:        4016004 kB
MemFree:          127628 kB
Active:           361004 kB
Mem:          3.8G       3.7G       124M       5.7M        20M       3.3G

MemTotal:        4016004 kB
MemFree:          126080 kB
Active:           361016 kB
Mem:          3.8G       3.7G       123M       5.7M        20M       3.3G

MemTotal:        4016004 kB
MemFree:          125464 kB
Active:           360976 kB
Mem:          3.8G       3.7G       122M       5.7M        20M       3.3G

MemTotal:        4016004 kB
MemFree:          124604 kB
Active:           360968 kB
Mem:          3.8G       3.7G       120M       5.7M        20M       3.3G

MemTotal:        4016004 kB
MemFree:          119808 kB
Active:           361000 kB
Mem:          3.8G       3.7G       115M       5.7M        20M       3.3G

MemTotal:        4016004 kB
MemFree:          123496 kB
Active:           360832 kB
Mem:          3.8G       3.7G       116M       5.7M        20M       3.3G

MemTotal:        4016004 kB
MemFree:          134508 kB
Active:           360852 kB
Mem:          3.8G       3.7G       131M       5.7M        20M       3.2G

MemTotal:        4016004 kB
MemFree:          128512 kB
Active:           360852 kB
Mem:          3.8G       3.7G       125M       5.7M        20M       3.3G

MemTotal:        4016004 kB
MemFree:          124528 kB
Active:           360848 kB
Mem:          3.8G       3.7G       121M       5.7M        20M       3.3G

MemTotal:        4016004 kB
MemFree:          131364 kB
Active:           359884 kB
Mem:          3.8G       3.7G       138M       5.7M        20M       3.2G

MemTotal:        4016004 kB
MemFree:          140996 kB
Active:           359608 kB
Mem:          3.8G       3.7G       137M       5.7M        20M       3.2G

MemTotal:        4016004 kB
MemFree:          138908 kB
Active:           359628 kB
Mem:          3.8G       3.7G       133M       5.7M        20M       3.2G

MemTotal:        4016004 kB
MemFree:          130952 kB
Active:           359608 kB
Mem:          3.8G       3.7G       127M       5.7M        20M       3.3G

MemTotal:        4016004 kB
MemFree:          128752 kB
Active:           361652 kB
Mem:          3.8G       3.7G       125M       5.7M        20M       3.3G

MemTotal:        4016004 kB
MemFree:          128256 kB
Active:           361660 kB
Mem:          3.8G       3.7G       124M       5.7M        20M       3.3G

MemTotal:        4016004 kB
MemFree:          127796 kB
Active:           360896 kB
Mem:          3.8G       3.7G       133M       5.7M        20M       3.2G

MemTotal:        4016004 kB
MemFree:          124356 kB
Active:           360656 kB
Mem:          3.8G       3.7G       118M       5.7M        20M       3.3G

MemTotal:        4016004 kB
MemFree:          122892 kB
Active:           360648 kB
Mem:          3.8G       3.7G       117M       5.7M        20M       3.3G

MemTotal:        4016004 kB
MemFree:          147840 kB
Active:           358368 kB
Mem:          3.8G       3.7G       141M       5.7M        20M       3.2G

MemTotal:        4016004 kB
MemFree:          141280 kB
Active:           358364 kB
Mem:          3.8G       3.7G       136M       5.7M        20M       3.2G

MemTotal:        4016004 kB
MemFree:          140324 kB
Active:           358328 kB
Mem:          3.8G       3.7G       137M       5.7M        20M       3.2G

MemTotal:        4016004 kB
MemFree:          132516 kB
Active:           358364 kB
Mem:          3.8G       3.7G       127M       5.7M        20M       3.3G

MemTotal:        4016004 kB
MemFree:          137936 kB
Active:           357812 kB
Mem:          3.8G       3.7G       134M       5.7M        20M       3.2G

MemTotal:        4016004 kB
MemFree:          125992 kB
Active:           358452 kB
Mem:          3.8G       3.7G       122M       5.7M        20M       3.3G

MemTotal:        4016004 kB
MemFree:          125168 kB
Active:           358416 kB
Mem:          3.8G       3.7G       121M       5.7M        20M       3.3G

MemTotal:        4016004 kB
MemFree:          124736 kB
Active:           358432 kB
Mem:          3.8G       3.7G       121M       5.7M        20M       3.3G

MemTotal:        4016004 kB
MemFree:          123796 kB
Active:           358432 kB
Mem:          3.8G       3.7G       120M       5.7M        20M       3.3G

MemTotal:        4016004 kB
MemFree:          122120 kB
Active:           358464 kB
Mem:          3.8G       3.7G       118M       5.7M        20M       3.3G

MemTotal:        4016004 kB
MemFree:          126860 kB
Active:           356856 kB
Mem:          3.8G       3.7G       125M       5.7M        20M       3.2G

MemTotal:        4016004 kB
MemFree:          139948 kB
Active:           356728 kB
Mem:          3.8G       3.7G       134M       5.7M        20M       3.2G

MemTotal:        4016004 kB
MemFree:          129684 kB
Active:           356728 kB
Mem:          3.8G       3.7G       126M       5.7M        20M       3.2G

MemTotal:        4016004 kB
MemFree:          128288 kB
Active:           356728 kB
Mem:          3.8G       3.7G       121M       5.7M        20M       3.3G

MemTotal:        4016004 kB
MemFree:          115816 kB
Active:           354256 kB
Mem:          3.8G       3.7G       121M       5.7M        20M       3.3G

MemTotal:        4016004 kB
MemFree:          141180 kB
Active:           355420 kB
Mem:          3.8G       3.7G       138M       5.7M        20M       3.2G

MemTotal:        4016004 kB
MemFree:          117376 kB
Active:           355408 kB
Mem:          3.8G       3.7G       123M       5.7M        20M       3.3G

MemTotal:        4016004 kB
MemFree:          122952 kB
Active:           355420 kB
Mem:          3.8G       3.7G       120M       5.7M        20M       3.3G

MemTotal:        4016004 kB
MemFree:          121892 kB
Active:           355420 kB
Mem:          3.8G       3.7G       119M       5.7M        20M       3.3G

MemTotal:        4016004 kB
MemFree:          121120 kB
Active:           355416 kB
Mem:          3.8G       3.7G       118M       5.7M        20M       3.3G

MemTotal:        4016004 kB
MemFree:          121404 kB
Active:           355396 kB
Mem:          3.8G       3.7G       118M       5.7M        20M       3.3G

MemTotal:        4016004 kB
MemFree:          121500 kB
Active:           355384 kB
Mem:          3.8G       3.7G       118M       5.7M        20M       3.3G

MemTotal:        4016004 kB
MemFree:          135776 kB
Active:           355400 kB
Mem:          3.8G       3.7G       130M       5.7M        20M       3.2G

MemTotal:        4016004 kB
MemFree:          104544 kB
Active:           355388 kB
Mem:          3.8G       3.7G       125M       5.7M        20M       3.3G

MemTotal:        4016004 kB
MemFree:          126304 kB
Active:           350096 kB
Mem:          3.8G       3.7G       121M       5.7M        20M       3.3G

MemTotal:        4016004 kB
MemFree:          127808 kB
Active:           351072 kB
Mem:          3.8G       3.7G       124M       5.7M        20M       3.3G

MemTotal:        4016004 kB
MemFree:          133652 kB
Active:           351104 kB
Mem:          3.8G       3.7G       130M       5.7M        20M       3.2G

MemTotal:        4016004 kB
MemFree:          119848 kB
Active:           351104 kB
Mem:          3.8G       3.7G       115M       5.7M        20M       3.3G

MemTotal:        4016004 kB
MemFree:          129144 kB
Active:           351128 kB
Mem:          3.8G       3.7G       130M       5.7M        20M       3.2G

MemTotal:        4016004 kB
MemFree:          136920 kB
Active:           351096 kB
Mem:          3.8G       3.7G       133M       5.7M        20M       3.2G

MemTotal:        4016004 kB
MemFree:          134376 kB
Active:           347908 kB
Mem:          3.8G       3.7G       131M       5.7M        20M       3.2G

MemTotal:        4016004 kB
MemFree:          133900 kB
Active:           347860 kB
Mem:          3.8G       3.7G       130M       5.7M        20M       3.2G

MemTotal:        4016004 kB
MemFree:          133220 kB
Active:           347920 kB
Mem:          3.8G       3.7G       129M       5.7M        20M       3.2G

MemTotal:        4016004 kB
MemFree:          132356 kB
Active:           347872 kB
Mem:          3.8G       3.7G       129M       5.7M        20M       3.2G

MemTotal:        4016004 kB
MemFree:          119656 kB
Active:           347924 kB
Mem:          3.8G       3.7G       114M       5.7M        20M       3.3G

MemTotal:        4016004 kB
MemFree:          119088 kB
Active:           349432 kB
Mem:          3.8G       3.7G       112M       5.7M        20M       3.3G

MemTotal:        4016004 kB
MemFree:          126628 kB
Active:           348784 kB
Mem:          3.8G       3.7G       122M       5.7M        20M       3.3G

MemTotal:        4016004 kB
MemFree:          125692 kB
Active:           348808 kB
Mem:          3.8G       3.7G       122M       5.7M        20M       3.3G

MemTotal:        4016004 kB
MemFree:          144936 kB
Active:           348804 kB
Mem:          3.8G       3.7G       141M       5.7M        20M       3.2G

MemTotal:        4016004 kB
MemFree:          125112 kB
Active:           348820 kB
Mem:          3.8G       3.7G       120M       5.7M        20M       3.3G

MemTotal:        4016004 kB
MemFree:          138624 kB
Active:           347132 kB
Mem:          3.8G       3.7G       135M       5.7M        20M       3.2G

MemTotal:        4016004 kB
MemFree:          106532 kB
Active:           347152 kB
Mem:          3.8G       3.7G       103M       5.7M        20M       3.3G

MemTotal:        4016004 kB
MemFree:          106660 kB
Active:           347156 kB
Mem:          3.8G       3.7G       104M       5.7M        20M       3.3G

MemTotal:        4016004 kB
MemFree:          105712 kB
Active:           347168 kB
Mem:          3.8G       3.7G       103M       5.7M        20M       3.3G

MemTotal:        4016004 kB
MemFree:          128144 kB
Active:           347192 kB
Mem:          3.8G       3.7G       125M       5.7M        20M       3.2G

MemTotal:        4016004 kB
MemFree:          116164 kB
Active:           347192 kB
Mem:          3.8G       3.7G       122M       5.7M        20M       3.3G

MemTotal:        4016004 kB
MemFree:          128816 kB
Active:           347176 kB
Mem:          3.8G       3.7G       123M       5.7M        20M       3.2G

MemTotal:        4016004 kB
MemFree:          134740 kB
Active:           347208 kB
Mem:          3.8G       3.7G       129M       5.7M        20M       3.2G

MemTotal:        4016004 kB
MemFree:          131760 kB
Active:           347212 kB
Mem:          3.8G       3.7G       127M       5.7M        20M       3.2G

MemTotal:        4016004 kB
MemFree:          119932 kB
Active:           347212 kB
Mem:          3.8G       3.7G       118M       5.7M        20M       3.3G

MemTotal:        4016004 kB
MemFree:          125896 kB
Active:           347228 kB
Mem:          3.8G       3.7G       122M       5.7M        20M       3.2G

MemTotal:        4016004 kB
MemFree:          123496 kB
Active:           344216 kB
Mem:          3.8G       3.7G       117M       5.7M        20M       3.3G

MemTotal:        4016004 kB
MemFree:          130324 kB
Active:           344216 kB
Mem:          3.8G       3.7G       127M       5.7M        20M       3.2G

MemTotal:        4016004 kB
MemFree:          133316 kB
Active:           344216 kB
Mem:          3.8G       3.7G       130M       5.7M        20M       3.2G

MemTotal:        4016004 kB
MemFree:          132644 kB
Active:           342924 kB
Mem:          3.8G       3.7G       129M       5.7M        20M       3.2G

MemTotal:        4016004 kB
MemFree:          131520 kB
Active:           344904 kB
Mem:          3.8G       3.7G       128M       5.7M        20M       3.2G

MemTotal:        4016004 kB
MemFree:          131740 kB
Active:           344944 kB
Mem:          3.8G       3.7G       128M       5.7M        20M       3.2G

MemTotal:        4016004 kB
MemFree:          131900 kB
Active:           344936 kB
Mem:          3.8G       3.7G       128M       5.7M        20M       3.2G

MemTotal:        4016004 kB
MemFree:          143072 kB
Active:           344952 kB
Mem:          3.8G       3.7G       137M       5.7M        20M       3.2G

MemTotal:        4016004 kB
MemFree:          143032 kB
Active:           344952 kB
Mem:          3.8G       3.7G       138M       5.7M        20M       3.2G

MemTotal:        4016004 kB
MemFree:          139644 kB
Active:           344948 kB
Mem:          3.8G       3.7G       134M       5.7M        20M       3.2G

MemTotal:        4016004 kB
MemFree:          142340 kB
Active:           344968 kB
Mem:          3.8G       3.7G       139M       5.7M        20M       3.2G

MemTotal:        4016004 kB
MemFree:          120952 kB
Active:           344976 kB
Mem:          3.8G       3.7G       115M       5.7M        20M       3.3G

MemTotal:        4016004 kB
MemFree:          129308 kB
Active:           344196 kB
Mem:          3.8G       3.7G       125M       5.7M        20M       3.2G

MemTotal:        4016004 kB
MemFree:          148136 kB
Active:           344140 kB
Mem:          3.8G       3.7G       144M       5.7M        20M       3.2G

MemTotal:        4016004 kB
MemFree:          117616 kB
Active:           344192 kB
Mem:          3.8G       3.7G       113M       5.7M        20M       3.3G

MemTotal:        4016004 kB
MemFree:          113232 kB
Active:           344192 kB
Mem:          3.8G       3.7G       110M       5.7M        20M       3.3G

MemTotal:        4016004 kB
MemFree:          113012 kB
Active:           344208 kB
Mem:          3.8G       3.7G       110M       5.7M        20M       3.3G

MemTotal:        4016004 kB
MemFree:          112736 kB
Active:           344160 kB
Mem:          3.8G       3.7G       109M       5.7M        20M       3.3G

MemTotal:        4016004 kB
MemFree:          112868 kB
Active:           344212 kB
Mem:          3.8G       3.7G       110M       5.7M        20M       3.3G

MemTotal:        4016004 kB
MemFree:          129200 kB
Active:           344220 kB
Mem:          3.8G       3.7G       127M       5.7M        20M       3.2G

MemTotal:        4016004 kB
MemFree:          105780 kB
Active:           344220 kB
Mem:          3.8G       3.7G       106M       5.7M        20M       3.3G

MemTotal:        4016004 kB
MemFree:          133012 kB
Active:           344220 kB
Mem:          3.8G       3.7G       127M       5.7M        20M       3.2G

MemTotal:        4016004 kB
MemFree:          123584 kB
Active:           344192 kB
Mem:          3.8G       3.7G       117M       5.7M        20M       3.3G

MemTotal:        4016004 kB
MemFree:          121164 kB
Active:           344200 kB
Mem:          3.8G       3.7G       118M       5.7M        20M       3.3G

MemTotal:        4016004 kB
MemFree:          144460 kB
Active:           344240 kB
Mem:          3.8G       3.7G       141M       5.7M        20M       3.2G

MemTotal:        4016004 kB
MemFree:          136404 kB
Active:           344120 kB
Mem:          3.8G       3.7G       133M       5.7M        20M       3.2G

MemTotal:        4016004 kB
MemFree:          126364 kB
Active:           344104 kB
Mem:          3.8G       3.7G       122M       5.7M        20M       3.2G

MemTotal:        4016004 kB
MemFree:          106680 kB
Active:           344048 kB
Mem:          3.8G       3.7G       103M       5.7M        20M       3.3G

MemTotal:        4016004 kB
MemFree:          106088 kB
Active:           344168 kB
Mem:          3.8G       3.7G       103M       5.7M        20M       3.3G

MemTotal:        4016004 kB
MemFree:          105036 kB
Active:           344144 kB
Mem:          3.8G       3.7G       125M       5.7M        20M       3.2G

MemTotal:        4016004 kB
MemFree:          128180 kB
Active:           344244 kB
Mem:          3.8G       3.7G       125M       5.7M        20M       3.2G

MemTotal:        4016004 kB
MemFree:          127348 kB
Active:           344248 kB
Mem:          3.8G       3.7G       124M       5.7M        20M       3.2G

MemTotal:        4016004 kB
MemFree:          124040 kB
Active:           344324 kB
Mem:          3.8G       3.7G       118M       5.7M        20M       3.2G

MemTotal:        4016004 kB
MemFree:          112016 kB
Active:           344336 kB
Mem:          3.8G       3.7G       106M       5.7M        20M       3.3G

MemTotal:        4016004 kB
MemFree:          142072 kB
Active:           347232 kB
Mem:          3.8G       3.7G       138M       5.7M        23M       3.2G

MemTotal:        4016004 kB
MemFree:          136516 kB
Active:           351624 kB
Mem:          3.8G       3.7G       133M       5.7M        27M       3.2G

MemTotal:        4016004 kB
MemFree:          136516 kB
Active:           351580 kB
Mem:          3.8G       3.7G       133M       5.7M        27M       3.2G

MemTotal:        4016004 kB
MemFree:          136764 kB
Active:           351580 kB
Mem:          3.8G       3.7G       133M       5.7M        27M       3.2G

MemTotal:        4016004 kB
MemFree:          137260 kB
Active:           351624 kB
Mem:          3.8G       3.7G       133M       5.7M        27M       3.2G

MemTotal:        4016004 kB
MemFree:          136764 kB
Active:           351632 kB
Mem:          3.8G       3.7G       133M       5.7M        27M       3.2G

MemTotal:        4016004 kB
MemFree:          136764 kB
Active:           351632 kB
Mem:          3.8G       3.7G       133M       5.7M        27M       3.2G

MemTotal:        4016004 kB
MemFree:          136872 kB
Active:           351624 kB
Mem:          3.8G       3.7G       133M       5.7M        27M       3.2G

MemTotal:        4016004 kB
MemFree:          136748 kB
Active:           351596 kB
Mem:          3.8G       3.7G       133M       5.7M        27M       3.2G

MemTotal:        4016004 kB
MemFree:          134700 kB
Active:           351604 kB
Mem:          3.8G       3.7G       131M       5.7M        27M       3.2G

MemTotal:        4016004 kB
MemFree:          134700 kB
Active:           353624 kB
Mem:          3.8G       3.7G       131M       5.7M        27M       3.2G

MemTotal:        4016004 kB
MemFree:          134700 kB
Active:           353608 kB
Mem:          3.8G       3.7G       131M       5.7M        27M       3.2G

MemTotal:        4016004 kB
MemFree:          135464 kB
Active:           353380 kB
Mem:          3.8G       3.7G       132M       5.7M        27M       3.2G

MemTotal:        4016004 kB
MemFree:          135992 kB
Active:           353252 kB
Mem:          3.8G       3.7G       132M       5.7M        27M       3.2G

MemTotal:        4016004 kB
MemFree:          135744 kB
Active:           353264 kB
Mem:          3.8G       3.7G       132M       5.7M        27M       3.2G

MemTotal:        4016004 kB
MemFree:          136116 kB
Active:           353264 kB
Mem:          3.8G       3.7G       132M       5.7M        27M       3.2G

MemTotal:        4016004 kB
MemFree:          135496 kB
Active:           353264 kB
Mem:          3.8G       3.7G       132M       5.7M        27M       3.2G

MemTotal:        4016004 kB
MemFree:          135372 kB
Active:           353264 kB
Mem:          3.8G       3.7G       132M       5.7M        27M       3.2G

MemTotal:        4016004 kB
MemFree:          135280 kB
Active:           353280 kB
Mem:          3.8G       3.7G       132M       5.7M        27M       3.2G

MemTotal:        4016004 kB
MemFree:          135652 kB
Active:           353268 kB
Mem:          3.8G       3.7G       132M       5.7M        27M       3.2G

MemTotal:        4016004 kB
MemFree:          135776 kB
Active:           353236 kB
Mem:          3.8G       3.7G       132M       5.7M        27M       3.2G

MemTotal:        4016004 kB
MemFree:          135776 kB
Active:           353244 kB
Mem:          3.8G       3.7G       132M       5.7M        27M       3.2G

MemTotal:        4016004 kB
MemFree:          135776 kB
Active:           353252 kB
Mem:          3.8G       3.7G       132M       5.7M        27M       3.2G

MemTotal:        4016004 kB
MemFree:          136148 kB
Active:           353276 kB
Mem:          3.8G       3.7G       132M       5.7M        27M       3.2G

MemTotal:        4016004 kB
MemFree:          136148 kB
Active:           353276 kB
Mem:          3.8G       3.7G       132M       5.7M        27M       3.2G

MemTotal:        4016004 kB
MemFree:          136272 kB
Active:           353280 kB
Mem:          3.8G       3.7G       132M       5.7M        27M       3.2G

MemTotal:        4016004 kB
MemFree:          136272 kB
Active:           353252 kB
Mem:          3.8G       3.7G       133M       5.7M        27M       3.2G

MemTotal:        4016004 kB
MemFree:          136396 kB
Active:           353272 kB
Mem:          3.8G       3.7G       133M       5.7M        27M       3.2G

MemTotal:        4016004 kB
MemFree:          136396 kB
Active:           353288 kB
Mem:          3.8G       3.7G       133M       5.7M        27M       3.2G

MemTotal:        4016004 kB
MemFree:          135768 kB
Active:           353276 kB
Mem:          3.8G       3.7G       132M       5.7M        27M       3.2G

MemTotal:        4016004 kB
MemFree:          136140 kB
Active:           353284 kB
Mem:          3.8G       3.7G       132M       5.7M        27M       3.2G

MemTotal:        4016004 kB
MemFree:          136576 kB
Active:           353276 kB
Mem:          3.8G       3.7G       133M       5.7M        27M       3.2G

MemTotal:        4016004 kB
MemFree:          136280 kB
Active:           353268 kB
Mem:          3.8G       3.7G       133M       5.7M        27M       3.2G

MemTotal:        4016004 kB
MemFree:          136376 kB
Active:           353284 kB
Mem:          3.8G       3.7G       133M       5.7M        27M       3.2G

MemTotal:        4016004 kB
MemFree:          136500 kB
Active:           353264 kB
Mem:          3.8G       3.7G       133M       5.7M        27M       3.2G

MemTotal:        4016004 kB
MemFree:          136376 kB
Active:           353296 kB
Mem:          3.8G       3.7G       133M       5.7M        27M       3.2G

MemTotal:        4016004 kB
MemFree:          136376 kB
Active:           353296 kB
Mem:          3.8G       3.7G       133M       5.7M        27M       3.2G

MemTotal:        4016004 kB
MemFree:          136624 kB
Active:           353308 kB
Mem:          3.8G       3.7G       133M       5.7M        27M       3.2G

MemTotal:        4016004 kB
MemFree:          136500 kB
Active:           353320 kB
Mem:          3.8G       3.7G       133M       5.7M        27M       3.2G

MemTotal:        4016004 kB
MemFree:          136252 kB
Active:           353284 kB
Mem:          3.8G       3.7G       133M       5.7M        27M       3.2G

MemTotal:        4016004 kB
MemFree:          136252 kB
Active:           353300 kB
Mem:          3.8G       3.7G       133M       5.7M        27M       3.2G

MemTotal:        4016004 kB
MemFree:          135880 kB
Active:           353332 kB
Mem:          3.8G       3.7G       132M       5.7M        27M       3.2G

MemTotal:        4016004 kB
MemFree:          136004 kB
Active:           353300 kB
Mem:          3.8G       3.7G       132M       5.7M        27M       3.2G

MemTotal:        4016004 kB
MemFree:          136004 kB
Active:           353320 kB
Mem:          3.8G       3.7G       132M       5.7M        27M       3.2G

MemTotal:        4016004 kB
MemFree:          136004 kB
Active:           353340 kB
Mem:          3.8G       3.7G       132M       5.7M        27M       3.2G

MemTotal:        4016004 kB
MemFree:          136128 kB
Active:           353304 kB
Mem:          3.8G       3.7G       133M       5.7M        27M       3.2G

MemTotal:        4016004 kB
MemFree:          136376 kB
Active:           353348 kB
Mem:          3.8G       3.7G       133M       5.7M        27M       3.2G

MemTotal:        4016004 kB
MemFree:          136252 kB
Active:           353320 kB
Mem:          3.8G       3.7G       132M       5.7M        27M       3.2G

MemTotal:        4016004 kB
MemFree:          136376 kB
Active:           353348 kB
Mem:          3.8G       3.7G       133M       5.7M        27M       3.2G

MemTotal:        4016004 kB
MemFree:          134328 kB
Active:           353308 kB
Mem:          3.8G       3.7G       131M       5.7M        27M       3.2G

MemTotal:        4016004 kB
MemFree:          134328 kB
Active:           353312 kB
Mem:          3.8G       3.7G       131M       5.7M        27M       3.2G

MemTotal:        4016004 kB
MemFree:          134452 kB
Active:           355332 kB
Mem:          3.8G       3.7G       131M       5.7M        27M       3.2G

MemTotal:        4016004 kB
MemFree:          134468 kB
Active:           355372 kB
Mem:          3.8G       3.7G       131M       5.7M        27M       3.2G

MemTotal:        4016004 kB
MemFree:          134096 kB
Active:           355392 kB
Mem:          3.8G       3.7G       131M       5.7M        27M       3.2G

MemTotal:        4016004 kB
MemFree:          134468 kB
Active:           355380 kB
Mem:          3.8G       3.7G       131M       5.7M        27M       3.2G

MemTotal:        4016004 kB
MemFree:          134096 kB
Active:           355392 kB
Mem:          3.8G       3.7G       130M       5.7M        27M       3.2G

MemTotal:        4016004 kB
MemFree:          133476 kB
Active:           355392 kB
Mem:          3.8G       3.7G       130M       5.7M        27M       3.2G

MemTotal:        4016004 kB
MemFree:          133848 kB
Active:           355344 kB
Mem:          3.8G       3.7G       130M       5.7M        27M       3.2G

MemTotal:        4016004 kB
MemFree:          133972 kB
Active:           355356 kB
Mem:          3.8G       3.7G       130M       5.7M        27M       3.2G

MemTotal:        4016004 kB
MemFree:          133724 kB
Active:           355364 kB
Mem:          3.8G       3.7G       130M       5.7M        27M       3.2G

MemTotal:        4016004 kB
MemFree:          133848 kB
Active:           355380 kB
Mem:          3.8G       3.7G       130M       5.7M        27M       3.2G

MemTotal:        4016004 kB
MemFree:          134096 kB
Active:           355380 kB
Mem:          3.8G       3.7G       130M       5.7M        27M       3.2G

MemTotal:        4016004 kB
MemFree:          134096 kB
Active:           355384 kB
Mem:          3.8G       3.7G       131M       5.7M        27M       3.2G

MemTotal:        4016004 kB
MemFree:          133848 kB
Active:           355396 kB
Mem:          3.8G       3.7G       130M       5.7M        27M       3.2G

MemTotal:        4016004 kB
MemFree:          134220 kB
Active:           355372 kB
Mem:          3.8G       3.7G       131M       5.7M        27M       3.2G

MemTotal:        4016004 kB
MemFree:          133972 kB
Active:           355400 kB
Mem:          3.8G       3.7G       130M       5.7M        27M       3.2G

MemTotal:        4016004 kB
MemFree:          133972 kB
Active:           355396 kB
Mem:          3.8G       3.7G       130M       5.7M        27M       3.2G

MemTotal:        4016004 kB
MemFree:          133972 kB
Active:           355356 kB
Mem:          3.8G       3.7G       130M       5.7M        27M       3.2G

MemTotal:        4016004 kB
MemFree:          134220 kB
Active:           355380 kB
Mem:          3.8G       3.7G       130M       5.7M        27M       3.2G

MemTotal:        4016004 kB
MemFree:          131800 kB
Active:           355388 kB
Mem:          3.8G       3.7G       128M       5.7M        27M       3.2G

MemTotal:        4016004 kB
MemFree:          132172 kB
Active:           357408 kB
Mem:          3.8G       3.7G       128M       5.7M        27M       3.2G

MemTotal:        4016004 kB
MemFree:          132048 kB
Active:           357448 kB
Mem:          3.8G       3.7G       128M       5.7M        27M       3.2G

MemTotal:        4016004 kB
MemFree:          131676 kB
Active:           357460 kB
Mem:          3.8G       3.7G       128M       5.7M        27M       3.2G

MemTotal:        4016004 kB
MemFree:          131924 kB
Active:           357448 kB
Mem:          3.8G       3.7G       128M       5.7M        27M       3.2G

MemTotal:        4016004 kB
MemFree:          131924 kB
Active:           357424 kB
Mem:          3.8G       3.7G       128M       5.7M        27M       3.2G

MemTotal:        4016004 kB
MemFree:          131924 kB
Active:           357444 kB
Mem:          3.8G       3.7G       128M       5.7M        27M       3.2G

MemTotal:        4016004 kB
MemFree:          131924 kB
Active:           357432 kB
Mem:          3.8G       3.7G       128M       5.7M        27M       3.2G

MemTotal:        4016004 kB
MemFree:          132420 kB
Active:           357456 kB
Mem:          3.8G       3.7G       129M       5.7M        27M       3.2G

MemTotal:        4016004 kB
MemFree:          132544 kB
Active:           357404 kB
Mem:          3.8G       3.7G       129M       5.7M        27M       3.2G

MemTotal:        4016004 kB
MemFree:          132048 kB
Active:           357464 kB
Mem:          3.8G       3.7G       129M       5.7M        27M       3.2G

MemTotal:        4016004 kB
MemFree:          132296 kB
Active:           357428 kB
Mem:          3.8G       3.7G       128M       5.7M        27M       3.2G

MemTotal:        4016004 kB
MemFree:          132048 kB
Active:           357452 kB
Mem:          3.8G       3.7G       128M       5.7M        27M       3.2G

MemTotal:        4016004 kB
MemFree:          131924 kB
Active:           357428 kB
Mem:          3.8G       3.7G       128M       5.7M        27M       3.2G

MemTotal:        4016004 kB
MemFree:          131676 kB
Active:           357468 kB
Mem:          3.8G       3.7G       128M       5.7M        27M       3.2G

MemTotal:        4016004 kB
MemFree:          132172 kB
Active:           357456 kB
Mem:          3.8G       3.7G       129M       5.7M        27M       3.2G

MemTotal:        4016004 kB
MemFree:          132172 kB
Active:           357420 kB
Mem:          3.8G       3.7G       129M       5.7M        27M       3.2G

MemTotal:        4016004 kB
MemFree:          132048 kB
Active:           357472 kB
Mem:          3.8G       3.7G       128M       5.7M        27M       3.2G

MemTotal:        4016004 kB
MemFree:          131924 kB
Active:           357440 kB
Mem:          3.8G       3.7G       128M       5.7M        27M       3.2G

MemTotal:        4016004 kB
MemFree:          132420 kB
Active:           357420 kB
Mem:          3.8G       3.7G       129M       5.7M        27M       3.2G

MemTotal:        4016004 kB
MemFree:          132420 kB
Active:           357436 kB
Mem:          3.8G       3.7G       129M       5.7M        27M       3.2G

MemTotal:        4016004 kB
MemFree:          131924 kB
Active:           357440 kB
Mem:          3.8G       3.7G       128M       5.7M        27M       3.2G

MemTotal:        4016004 kB
MemFree:          132048 kB
Active:           357420 kB
Mem:          3.8G       3.7G       128M       5.7M        27M       3.2G

MemTotal:        4016004 kB
MemFree:          132048 kB
Active:           357440 kB
Mem:          3.8G       3.7G       128M       5.7M        27M       3.2G

MemTotal:        4016004 kB
MemFree:          131924 kB
Active:           357452 kB
Mem:          3.8G       3.7G       128M       5.7M        27M       3.2G

MemTotal:        4016004 kB
MemFree:          131924 kB
Active:           357464 kB
Mem:          3.8G       3.7G       128M       5.7M        27M       3.2G

MemTotal:        4016004 kB
MemFree:          131924 kB
Active:           357428 kB
Mem:          3.8G       3.7G       128M       5.7M        27M       3.2G

MemTotal:        4016004 kB
MemFree:          131924 kB
Active:           357440 kB
Mem:          3.8G       3.7G       128M       5.7M        27M       3.2G

MemTotal:        4016004 kB
MemFree:          131924 kB
Active:           357448 kB
Mem:          3.8G       3.7G       128M       5.7M        27M       3.2G

MemTotal:        4016004 kB
MemFree:          132048 kB
Active:           357472 kB
Mem:          3.8G       3.7G       128M       5.7M        27M       3.2G

MemTotal:        4016004 kB
MemFree:          131924 kB
Active:           357488 kB
Mem:          3.8G       3.7G       128M       5.7M        27M       3.2G

MemTotal:        4016004 kB
MemFree:          131552 kB
Active:           357496 kB
Mem:          3.8G       3.7G       128M       5.7M        27M       3.2G

MemTotal:        4016004 kB
MemFree:          131924 kB
Active:           357484 kB
Mem:          3.8G       3.7G       128M       5.7M        27M       3.2G

MemTotal:        4016004 kB
MemFree:          132048 kB
Active:           357496 kB
Mem:          3.8G       3.7G       129M       5.7M        27M       3.2G

MemTotal:        4016004 kB
MemFree:          132048 kB
Active:           357508 kB
Mem:          3.8G       3.7G       128M       5.7M        27M       3.2G

MemTotal:        4016004 kB
MemFree:          132048 kB
Active:           357452 kB
Mem:          3.8G       3.7G       129M       5.7M        27M       3.2G

MemTotal:        4016004 kB
MemFree:          132668 kB
Active:           357468 kB
Mem:          3.8G       3.7G       129M       5.7M        27M       3.2G

MemTotal:        4016004 kB
MemFree:          132792 kB
Active:           357472 kB
Mem:          3.8G       3.7G       129M       5.7M        27M       3.2G

MemTotal:        4016004 kB
MemFree:          132048 kB
Active:           357516 kB
Mem:          3.8G       3.7G       128M       5.7M        27M       3.2G

MemTotal:        4016004 kB
MemFree:          132172 kB
Active:           357504 kB
Mem:          3.8G       3.7G       129M       5.7M        27M       3.2G

MemTotal:        4016004 kB
MemFree:          132172 kB
Active:           357508 kB
Mem:          3.8G       3.7G       128M       5.7M        27M       3.2G

MemTotal:        4016004 kB
MemFree:          132172 kB
Active:           357500 kB
Mem:          3.8G       3.7G       128M       5.7M        27M       3.2G

MemTotal:        4016004 kB
MemFree:          131800 kB
Active:           357524 kB
Mem:          3.8G       3.7G       128M       5.7M        27M       3.2G

MemTotal:        4016004 kB
MemFree:          132296 kB
Active:           357508 kB
Mem:          3.8G       3.7G       129M       5.7M        27M       3.2G

MemTotal:        4016004 kB
MemFree:          132296 kB
Active:           357472 kB
Mem:          3.8G       3.7G       129M       5.7M        27M       3.2G

MemTotal:        4016004 kB
MemFree:          132172 kB
Active:           357524 kB
Mem:          3.8G       3.7G       128M       5.7M        27M       3.2G

MemTotal:        4016004 kB
MemFree:          132172 kB
Active:           357508 kB
Mem:          3.8G       3.7G       129M       5.7M        27M       3.2G

MemTotal:        4016004 kB
MemFree:          132180 kB
Active:           357516 kB
Mem:          3.8G       3.7G       128M       5.7M        27M       3.2G

MemTotal:        4016004 kB
MemFree:          131932 kB
Active:           357512 kB
Mem:          3.8G       3.7G       128M       5.7M        27M       3.2G

MemTotal:        4016004 kB
MemFree:          132180 kB
Active:           357528 kB
Mem:          3.8G       3.7G       129M       5.7M        27M       3.2G

MemTotal:        4016004 kB
MemFree:          132180 kB
Active:           357508 kB
Mem:          3.8G       3.7G       128M       5.7M        27M       3.2G

MemTotal:        4016004 kB
MemFree:          131684 kB
Active:           357540 kB
Mem:          3.8G       3.7G       128M       5.7M        27M       3.2G

MemTotal:        4016004 kB
MemFree:          132056 kB
Active:           357520 kB
Mem:          3.8G       3.7G       128M       5.7M        27M       3.2G

MemTotal:        4016004 kB
MemFree:          132180 kB
Active:           357536 kB
Mem:          3.8G       3.7G       129M       5.7M        27M       3.2G

MemTotal:        4016004 kB
MemFree:          132180 kB
Active:           357548 kB
Mem:          3.8G       3.7G       129M       5.7M        27M       3.2G

MemTotal:        4016004 kB
MemFree:          132304 kB
Active:           357532 kB
Mem:          3.8G       3.7G       128M       5.7M        27M       3.2G

MemTotal:        4016004 kB
MemFree:          132180 kB
Active:           357492 kB
Mem:          3.8G       3.7G       128M       5.7M        27M       3.2G

MemTotal:        4016004 kB
MemFree:          132056 kB
Active:           357496 kB
Mem:          3.8G       3.7G       128M       5.7M        27M       3.2G

MemTotal:        4016004 kB
MemFree:          131684 kB
Active:           357548 kB
Mem:          3.8G       3.7G       128M       5.7M        27M       3.2G

MemTotal:        4016004 kB
MemFree:          132056 kB
Active:           357504 kB
Mem:          3.8G       3.7G       128M       5.7M        27M       3.2G

MemTotal:        4016004 kB
MemFree:          131932 kB
Active:           357536 kB
Mem:          3.8G       3.7G       128M       5.7M        27M       3.2G

MemTotal:        4016004 kB
MemFree:          131684 kB
Active:           357552 kB
Mem:          3.8G       3.7G       128M       5.7M        27M       3.2G

MemTotal:        4016004 kB
MemFree:          132304 kB
Active:           357520 kB
Mem:          3.8G       3.7G       128M       5.7M        27M       3.2G

MemTotal:        4016004 kB
MemFree:          132056 kB
Active:           357500 kB
Mem:          3.8G       3.7G       128M       5.7M        27M       3.2G

MemTotal:        4016004 kB
MemFree:          132180 kB
Active:           357524 kB
Mem:          3.8G       3.7G       128M       5.7M        27M       3.2G

MemTotal:        4016004 kB
MemFree:          132180 kB
Active:           357540 kB
Mem:          3.8G       3.7G       129M       5.7M        27M       3.2G

MemTotal:        4016004 kB
MemFree:          131684 kB
Active:           357560 kB
Mem:          3.8G       3.7G       128M       5.7M        27M       3.2G

MemTotal:        4016004 kB
MemFree:          131684 kB
Active:           357540 kB
Mem:          3.8G       3.7G       128M       5.7M        27M       3.2G

MemTotal:        4016004 kB
MemFree:          131932 kB
Active:           357516 kB
Mem:          3.8G       3.7G       128M       5.7M        27M       3.2G

MemTotal:        4016004 kB
MemFree:          132180 kB
Active:           357552 kB
Mem:          3.8G       3.7G       128M       5.7M        27M       3.2G

MemTotal:        4016004 kB
MemFree:          132304 kB
Active:           357528 kB
Mem:          3.8G       3.7G       129M       5.7M        27M       3.2G

MemTotal:        4016004 kB
MemFree:          132304 kB
Active:           357556 kB
Mem:          3.8G       3.7G       129M       5.7M        27M       3.2G

MemTotal:        4016004 kB
MemFree:          132304 kB
Active:           357536 kB
Mem:          3.8G       3.7G       129M       5.7M        27M       3.2G

MemTotal:        4016004 kB
MemFree:          132180 kB
Active:           357564 kB
Mem:          3.8G       3.7G       128M       5.7M        27M       3.2G

MemTotal:        4016004 kB
MemFree:          132304 kB
Active:           357544 kB
Mem:          3.8G       3.7G       129M       5.7M        27M       3.2G

MemTotal:        4016004 kB
MemFree:          131932 kB
Active:           357572 kB
Mem:          3.8G       3.7G       128M       5.7M        27M       3.2G

MemTotal:        4016004 kB
MemFree:          131808 kB
Active:           357576 kB
Mem:          3.8G       3.7G       128M       5.7M        27M       3.2G

MemTotal:        4016004 kB
MemFree:          131560 kB
Active:           357576 kB
Mem:          3.8G       3.7G       128M       5.7M        27M       3.2G

MemTotal:        4016004 kB
MemFree:          131808 kB
Active:           357536 kB
Mem:          3.8G       3.7G       128M       5.7M        27M       3.2G

MemTotal:        4016004 kB
MemFree:          131684 kB
Active:           357576 kB
Mem:          3.8G       3.7G       128M       5.7M        27M       3.2G

MemTotal:        4016004 kB
MemFree:          132180 kB
Active:           357532 kB
Mem:          3.8G       3.7G       129M       5.7M        27M       3.2G

MemTotal:        4016004 kB
MemFree:          132180 kB
Active:           357524 kB
Mem:          3.8G       3.7G       129M       5.7M        27M       3.2G

MemTotal:        4016004 kB
MemFree:          131808 kB
Active:           357584 kB
Mem:          3.8G       3.7G       128M       5.7M        27M       3.2G

MemTotal:        4016004 kB
MemFree:          131808 kB
Active:           357592 kB
Mem:          3.8G       3.7G       129M       5.7M        27M       3.2G

MemTotal:        4016004 kB
MemFree:          132180 kB
Active:           357536 kB
Mem:          3.8G       3.7G       128M       5.7M        27M       3.2G

MemTotal:        4016004 kB
MemFree:          132056 kB
Active:           357556 kB
Mem:          3.8G       3.7G       128M       5.7M        27M       3.2G

MemTotal:        4016004 kB
MemFree:          131808 kB
Active:           357596 kB
Mem:          3.8G       3.7G       128M       5.7M        27M       3.2G

MemTotal:        4016004 kB
MemFree:          132304 kB
Active:           357596 kB
Mem:          3.8G       3.7G       129M       5.7M        27M       3.2G

MemTotal:        4016004 kB
MemFree:          132428 kB
Active:           357572 kB
Mem:          3.8G       3.7G       129M       5.7M        27M       3.2G

MemTotal:        4016004 kB
MemFree:          132056 kB
Active:           357612 kB
Mem:          3.8G       3.7G       128M       5.7M        27M       3.2G

MemTotal:        4016004 kB
MemFree:          132056 kB
Active:           357596 kB
Mem:          3.8G       3.7G       128M       5.7M        27M       3.2G

MemTotal:        4016004 kB
MemFree:          132180 kB
Active:           357572 kB
Mem:          3.8G       3.7G       129M       5.7M        27M       3.2G

MemTotal:        4016004 kB
MemFree:          132180 kB
Active:           357556 kB
Mem:          3.8G       3.7G       128M       5.7M        27M       3.2G

MemTotal:        4016004 kB
MemFree:          131808 kB
Active:           357576 kB
Mem:          3.8G       3.7G       128M       5.7M        27M       3.2G

MemTotal:        4016004 kB
MemFree:          131560 kB
Active:           357620 kB
Mem:          3.8G       3.7G       128M       5.7M        27M       3.2G

MemTotal:        4016004 kB
MemFree:          131808 kB
Active:           357616 kB
Mem:          3.8G       3.7G       128M       5.7M        27M       3.2G

MemTotal:        4016004 kB
MemFree:          132180 kB
Active:           357580 kB
Mem:          3.8G       3.7G       129M       5.7M        27M       3.2G

MemTotal:        4016004 kB
MemFree:          132304 kB
Active:           357600 kB
Mem:          3.8G       3.7G       129M       5.7M        27M       3.2G

MemTotal:        4016004 kB
MemFree:          132304 kB
Active:           357616 kB
Mem:          3.8G       3.7G       128M       5.7M        27M       3.2G

MemTotal:        4016004 kB
MemFree:          132180 kB
Active:           357588 kB
Mem:          3.8G       3.7G       129M       5.7M        27M       3.2G

MemTotal:        4016004 kB
MemFree:          132056 kB
Active:           357600 kB
Mem:          3.8G       3.7G       128M       5.7M        27M       3.2G

MemTotal:        4016004 kB
MemFree:          132056 kB
Active:           357628 kB
Mem:          3.8G       3.7G       129M       5.7M        27M       3.2G

MemTotal:        4016004 kB
MemFree:          132304 kB
Active:           357608 kB
Mem:          3.8G       3.7G       129M       5.7M        27M       3.2G

MemTotal:        4016004 kB
MemFree:          132056 kB
Active:           357612 kB
Mem:          3.8G       3.7G       128M       5.7M        27M       3.2G

MemTotal:        4016004 kB
MemFree:          132056 kB
Active:           357640 kB
Mem:          3.8G       3.7G       128M       5.7M        27M       3.2G

MemTotal:        4016004 kB
MemFree:          132056 kB
Active:           357588 kB
Mem:          3.8G       3.7G       128M       5.7M        27M       3.2G

MemTotal:        4016004 kB
MemFree:          131560 kB
Active:           357644 kB
Mem:          3.8G       3.7G       128M       5.7M        27M       3.2G

MemTotal:        4016004 kB
MemFree:          131808 kB
Active:           357596 kB
Mem:          3.8G       3.7G       128M       5.7M        27M       3.2G

MemTotal:        4016004 kB
MemFree:          132304 kB
Active:           357628 kB
Mem:          3.8G       3.7G       129M       5.7M        27M       3.2G

MemTotal:        4016004 kB
MemFree:          132180 kB
Active:           357604 kB
Mem:          3.8G       3.7G       129M       5.7M        28M       3.2G

MemTotal:        4016004 kB
MemFree:          132676 kB
Active:           357588 kB
Mem:          3.8G       3.7G       129M       5.7M        28M       3.2G

MemTotal:        4016004 kB
MemFree:          132180 kB
Active:           357752 kB
Mem:          3.8G       3.7G       129M       5.7M        28M       3.2G

MemTotal:        4016004 kB
MemFree:          131684 kB
Active:           357820 kB
Mem:          3.8G       3.7G       128M       5.7M        28M       3.2G

