MemTotal:        4016004 kB
MemFree:         3220812 kB
Active:           437252 kB
Mem:          3.8G       776M       3.1G       5.7M        63M       317M

MemTotal:        4016004 kB
MemFree:         3220996 kB
Active:           437044 kB
Mem:          3.8G       776M       3.1G       5.7M        63M       317M

MemTotal:        4016004 kB
MemFree:         3220872 kB
Active:           437148 kB
Mem:          3.8G       776M       3.1G       5.7M        63M       317M

MemTotal:        4016004 kB
MemFree:         3221368 kB
Active:           437096 kB
Mem:          3.8G       776M       3.1G       5.7M        63M       317M

MemTotal:        4016004 kB
MemFree:         3221368 kB
Active:           437096 kB
Mem:          3.8G       775M       3.1G       5.7M        63M       317M

MemTotal:        4016004 kB
MemFree:         3221460 kB
Active:           437092 kB
Mem:          3.8G       775M       3.1G       5.7M        63M       317M

MemTotal:        4016004 kB
MemFree:         3221444 kB
Active:           437148 kB
Mem:          3.8G       775M       3.1G       5.7M        63M       317M

MemTotal:        4016004 kB
MemFree:         3221924 kB
Active:           437136 kB
Mem:          3.8G       775M       3.1G       5.7M        63M       317M

MemTotal:        4016004 kB
MemFree:         3222172 kB
Active:           437132 kB
Mem:          3.8G       775M       3.1G       5.7M        63M       317M

MemTotal:        4016004 kB
MemFree:         3222048 kB
Active:           437124 kB
Mem:          3.8G       775M       3.1G       5.7M        63M       317M

MemTotal:        4016004 kB
MemFree:         3222296 kB
Active:           437100 kB
Mem:          3.8G       775M       3.1G       5.7M        63M       317M

MemTotal:        4016004 kB
MemFree:         3222048 kB
Active:           437156 kB
Mem:          3.8G       775M       3.1G       5.7M        63M       317M

MemTotal:        4016004 kB
MemFree:         3222048 kB
Active:           437104 kB
Mem:          3.8G       775M       3.1G       5.7M        63M       317M

MemTotal:        4016004 kB
MemFree:         3221676 kB
Active:           437160 kB
Mem:          3.8G       775M       3.1G       5.7M        63M       317M

MemTotal:        4016004 kB
MemFree:         3221676 kB
Active:           437160 kB
Mem:          3.8G       775M       3.1G       5.7M        63M       317M

MemTotal:        4016004 kB
MemFree:         3221676 kB
Active:           437160 kB
Mem:          3.8G       775M       3.1G       5.7M        63M       317M

MemTotal:        4016004 kB
MemFree:         3221832 kB
Active:           437116 kB
Mem:          3.8G       775M       3.1G       5.7M        63M       317M

MemTotal:        4016004 kB
MemFree:         3222080 kB
Active:           437124 kB
Mem:          3.8G       775M       3.1G       5.7M        63M       317M

MemTotal:        4016004 kB
MemFree:         3222080 kB
Active:           437112 kB
Mem:          3.8G       775M       3.1G       5.7M        63M       317M

MemTotal:        4016004 kB
MemFree:         3222064 kB
Active:           437116 kB
Mem:          3.8G       775M       3.1G       5.7M        63M       317M

MemTotal:        4016004 kB
MemFree:         3222048 kB
Active:           437132 kB
Mem:          3.8G       775M       3.1G       5.7M        63M       317M

MemTotal:        4016004 kB
MemFree:         3222172 kB
Active:           437172 kB
Mem:          3.8G       775M       3.1G       5.7M        63M       317M

MemTotal:        4016004 kB
MemFree:         3221924 kB
Active:           437152 kB
Mem:          3.8G       775M       3.1G       5.7M        63M       317M

MemTotal:        4016004 kB
MemFree:         3222048 kB
Active:           437136 kB
Mem:          3.8G       775M       3.1G       5.7M        63M       317M

MemTotal:        4016004 kB
MemFree:         3221676 kB
Active:           437176 kB
Mem:          3.8G       775M       3.1G       5.7M        63M       317M

MemTotal:        4016004 kB
MemFree:         3221460 kB
Active:           437176 kB
Mem:          3.8G       775M       3.1G       5.7M        63M       317M

MemTotal:        4016004 kB
MemFree:         3221832 kB
Active:           437160 kB
Mem:          3.8G       775M       3.1G       5.7M        63M       317M

MemTotal:        4016004 kB
MemFree:         3219660 kB
Active:           437136 kB
Mem:          3.8G       777M       3.1G       5.7M        63M       317M

MemTotal:        4016004 kB
MemFree:         3219412 kB
Active:           439212 kB
Mem:          3.8G       778M       3.1G       5.7M        63M       317M

MemTotal:        4016004 kB
MemFree:         3219412 kB
Active:           439156 kB
Mem:          3.8G       777M       3.1G       5.7M        63M       317M

MemTotal:        4016004 kB
MemFree:         3219164 kB
Active:           439216 kB
Mem:          3.8G       778M       3.1G       5.7M        63M       317M

MemTotal:        4016004 kB
MemFree:         3219396 kB
Active:           439188 kB
Mem:          3.8G       777M       3.1G       5.7M        63M       317M

MemTotal:        4016004 kB
MemFree:         3219568 kB
Active:           439184 kB
Mem:          3.8G       777M       3.1G       5.7M        63M       317M

MemTotal:        4016004 kB
MemFree:         3219816 kB
Active:           439220 kB
Mem:          3.8G       777M       3.1G       5.7M        63M       317M

MemTotal:        4016004 kB
MemFree:         3219816 kB
Active:           439212 kB
Mem:          3.8G       777M       3.1G       5.7M        63M       317M

MemTotal:        4016004 kB
MemFree:         3219692 kB
Active:           439176 kB
Mem:          3.8G       777M       3.1G       5.7M        63M       317M

MemTotal:        4016004 kB
MemFree:         3219568 kB
Active:           439216 kB
Mem:          3.8G       777M       3.1G       5.7M        63M       317M

MemTotal:        4016004 kB
MemFree:         3219444 kB
Active:           439224 kB
Mem:          3.8G       777M       3.1G       5.7M        63M       317M

MemTotal:        4016004 kB
MemFree:         3219444 kB
Active:           439224 kB
Mem:          3.8G       777M       3.1G       5.7M        63M       317M

MemTotal:        4016004 kB
MemFree:         3219940 kB
Active:           439220 kB
Mem:          3.8G       777M       3.1G       5.7M        63M       317M

MemTotal:        4016004 kB
MemFree:         3219692 kB
Active:           439192 kB
Mem:          3.8G       777M       3.1G       5.7M        63M       317M

MemTotal:        4016004 kB
MemFree:         3219692 kB
Active:           439192 kB
Mem:          3.8G       777M       3.1G       5.7M        63M       317M

MemTotal:        4016004 kB
MemFree:         3219568 kB
Active:           439220 kB
Mem:          3.8G       777M       3.1G       5.7M        63M       317M

MemTotal:        4016004 kB
MemFree:         3219568 kB
Active:           439204 kB
Mem:          3.8G       777M       3.1G       5.7M        63M       317M

MemTotal:        4016004 kB
MemFree:         3219692 kB
Active:           439228 kB
Mem:          3.8G       777M       3.1G       5.7M        63M       317M

MemTotal:        4016004 kB
MemFree:         3219320 kB
Active:           439252 kB
Mem:          3.8G       777M       3.1G       5.7M        63M       317M

MemTotal:        4016004 kB
MemFree:         3219568 kB
Active:           439244 kB
Mem:          3.8G       777M       3.1G       5.7M        63M       317M

MemTotal:        4016004 kB
MemFree:         3219692 kB
Active:           439240 kB
Mem:          3.8G       778M       3.1G       5.7M        63M       317M

MemTotal:        4016004 kB
MemFree:         3219724 kB
Active:           439224 kB
Mem:          3.8G       777M       3.1G       5.7M        63M       317M

MemTotal:        4016004 kB
MemFree:         3219600 kB
Active:           439208 kB
Mem:          3.8G       777M       3.1G       5.7M        63M       317M

MemTotal:        4016004 kB
MemFree:         3219848 kB
Active:           439208 kB
Mem:          3.8G       777M       3.1G       5.7M        63M       317M

MemTotal:        4016004 kB
MemFree:         3219848 kB
Active:           439248 kB
Mem:          3.8G       777M       3.1G       5.7M        63M       317M

MemTotal:        4016004 kB
MemFree:         3219848 kB
Active:           439268 kB
Mem:          3.8G       777M       3.1G       5.7M        63M       317M

MemTotal:        4016004 kB
MemFree:         3219740 kB
Active:           439260 kB
Mem:          3.8G       777M       3.1G       5.7M        63M       317M

MemTotal:        4016004 kB
MemFree:         3219864 kB
Active:           439228 kB
Mem:          3.8G       777M       3.1G       5.7M        63M       317M

MemTotal:        4016004 kB
MemFree:         3219740 kB
Active:           439260 kB
Mem:          3.8G       777M       3.1G       5.7M        63M       317M

MemTotal:        4016004 kB
MemFree:         3219864 kB
Active:           439244 kB
Mem:          3.8G       777M       3.1G       5.7M        63M       317M

MemTotal:        4016004 kB
MemFree:         3217692 kB
Active:           439280 kB
Mem:          3.8G       779M       3.1G       5.7M        63M       317M

MemTotal:        4016004 kB
MemFree:         3217444 kB
Active:           441320 kB
Mem:          3.8G       779M       3.1G       5.7M        63M       317M

MemTotal:        4016004 kB
MemFree:         3217320 kB
Active:           441280 kB
Mem:          3.8G       780M       3.1G       5.7M        63M       317M

MemTotal:        4016004 kB
MemFree:         3217196 kB
Active:           441308 kB
Mem:          3.8G       780M       3.1G       5.7M        63M       317M

MemTotal:        4016004 kB
MemFree:         3217196 kB
Active:           441276 kB
Mem:          3.8G       780M       3.1G       5.7M        63M       317M

MemTotal:        4016004 kB
MemFree:         3217320 kB
Active:           441304 kB
Mem:          3.8G       780M       3.1G       5.7M        63M       317M

MemTotal:        4016004 kB
MemFree:         3216948 kB
Active:           441272 kB
Mem:          3.8G       780M       3.1G       5.7M        63M       317M

MemTotal:        4016004 kB
MemFree:         3217180 kB
Active:           441328 kB
Mem:          3.8G       780M       3.1G       5.7M        63M       317M

MemTotal:        4016004 kB
MemFree:         3217288 kB
Active:           441316 kB
Mem:          3.8G       780M       3.1G       5.7M        63M       317M

MemTotal:        4016004 kB
MemFree:         3217148 kB
Active:           441316 kB
Mem:          3.8G       779M       3.1G       5.7M        63M       317M

MemTotal:        4016004 kB
MemFree:         3216684 kB
Active:           439652 kB
Mem:          3.8G       780M       3.1G       5.7M        63M       317M

MemTotal:        4016004 kB
MemFree:         3216712 kB
Active:           439400 kB
Mem:          3.8G       780M       3.1G       5.7M        63M       317M

MemTotal:        4016004 kB
MemFree:         3216712 kB
Active:           441488 kB
Mem:          3.8G       780M       3.1G       5.7M        63M       317M

MemTotal:        4016004 kB
MemFree:         3216604 kB
Active:           441452 kB
Mem:          3.8G       780M       3.1G       5.7M        63M       317M

MemTotal:        4016004 kB
MemFree:         3216852 kB
Active:           441500 kB
Mem:          3.8G       780M       3.1G       5.7M        63M       317M

MemTotal:        4016004 kB
MemFree:         3216976 kB
Active:           441488 kB
Mem:          3.8G       780M       3.1G       5.7M        63M       317M

MemTotal:        4016004 kB
MemFree:         3217224 kB
Active:           441472 kB
Mem:          3.8G       779M       3.1G       5.7M        63M       317M

MemTotal:        4016004 kB
MemFree:         3217472 kB
Active:           441452 kB
Mem:          3.8G       779M       3.1G       5.7M        63M       317M

MemTotal:        4016004 kB
MemFree:         3217472 kB
Active:           441508 kB
Mem:          3.8G       780M       3.1G       5.7M        63M       317M

MemTotal:        4016004 kB
MemFree:         3217380 kB
Active:           441480 kB
Mem:          3.8G       779M       3.1G       5.7M        63M       317M

MemTotal:        4016004 kB
MemFree:         3216668 kB
Active:           439684 kB
Mem:          3.8G       780M       3.1G       5.7M        63M       317M

MemTotal:        4016004 kB
MemFree:         3217192 kB
Active:           441492 kB
Mem:          3.8G       780M       3.1G       5.7M        63M       317M

MemTotal:        4016004 kB
MemFree:         3217176 kB
Active:           441492 kB
Mem:          3.8G       780M       3.1G       5.7M        63M       317M

MemTotal:        4016004 kB
MemFree:         3216812 kB
Active:           441528 kB
Mem:          3.8G       780M       3.1G       5.7M        63M       317M

MemTotal:        4016004 kB
MemFree:         3217416 kB
Active:           441532 kB
Mem:          3.8G       779M       3.1G       5.7M        63M       317M

MemTotal:        4016004 kB
MemFree:         3217152 kB
Active:           441532 kB
Mem:          3.8G       779M       3.1G       5.7M        63M       317M

MemTotal:        4016004 kB
MemFree:         3217532 kB
Active:           441488 kB
Mem:          3.8G       780M       3.1G       5.7M        63M       317M

MemTotal:        4016004 kB
MemFree:         3217408 kB
Active:           441488 kB
Mem:          3.8G       779M       3.1G       5.7M        63M       317M

MemTotal:        4016004 kB
MemFree:         3217284 kB
Active:           441536 kB
Mem:          3.8G       779M       3.1G       5.7M        63M       317M

MemTotal:        4016004 kB
MemFree:         3217316 kB
Active:           441520 kB
Mem:          3.8G       780M       3.1G       5.7M        63M       317M

MemTotal:        4016004 kB
MemFree:         3216424 kB
Active:           439576 kB
Mem:          3.8G       780M       3.1G       5.7M        63M       317M

MemTotal:        4016004 kB
MemFree:         3216756 kB
Active:           441492 kB
Mem:          3.8G       780M       3.1G       5.7M        63M       317M

MemTotal:        4016004 kB
MemFree:         3217004 kB
Active:           441556 kB
Mem:          3.8G       779M       3.1G       5.7M        63M       317M

MemTotal:        4016004 kB
MemFree:         3217128 kB
Active:           441560 kB
Mem:          3.8G       780M       3.1G       5.7M        63M       317M

MemTotal:        4016004 kB
MemFree:         3217360 kB
Active:           441516 kB
Mem:          3.8G       779M       3.1G       5.7M        63M       317M

MemTotal:        4016004 kB
MemFree:         3217360 kB
Active:           441540 kB
Mem:          3.8G       779M       3.1G       5.7M        63M       317M

MemTotal:        4016004 kB
MemFree:         3217096 kB
Active:           441560 kB
Mem:          3.8G       780M       3.1G       5.7M        63M       317M

MemTotal:        4016004 kB
MemFree:         3216848 kB
Active:           441564 kB
Mem:          3.8G       780M       3.1G       5.7M        63M       317M

MemTotal:        4016004 kB
MemFree:         3216848 kB
Active:           441516 kB
Mem:          3.8G       780M       3.1G       5.7M        63M       317M

MemTotal:        4016004 kB
MemFree:         3217096 kB
Active:           441548 kB
Mem:          3.8G       780M       3.1G       5.7M        63M       317M

MemTotal:        4016004 kB
MemFree:         3216848 kB
Active:           441564 kB
Mem:          3.8G       780M       3.1G       5.7M        63M       317M

MemTotal:        4016004 kB
MemFree:         3216972 kB
Active:           441540 kB
Mem:          3.8G       780M       3.1G       5.7M        63M       317M

MemTotal:        4016004 kB
MemFree:         3216972 kB
Active:           441568 kB
Mem:          3.8G       780M       3.1G       5.7M        63M       317M

MemTotal:        4016004 kB
MemFree:         3216396 kB
Active:           441844 kB
Mem:          3.8G       781M       3.1G       5.7M        63M       317M

MemTotal:        4016004 kB
MemFree:         3172396 kB
Active:           442928 kB
Mem:          3.8G       824M       3.0G       5.7M        63M       361M

MemTotal:        4016004 kB
MemFree:         3125412 kB
Active:           442900 kB
Mem:          3.8G       870M       3.0G       5.7M        63M       406M

MemTotal:        4016004 kB
MemFree:         3079296 kB
Active:           442916 kB
Mem:          3.8G       916M       2.9G       5.7M        63M       451M

MemTotal:        4016004 kB
MemFree:         3031336 kB
Active:           442900 kB
Mem:          3.8G       962M       2.9G       5.7M        63M       496M

MemTotal:        4016004 kB
MemFree:         2983732 kB
Active:           442932 kB
Mem:          3.8G       1.0G       2.8G       5.7M        63M       542M

MemTotal:        4016004 kB
MemFree:         2937880 kB
Active:           442912 kB
Mem:          3.8G       1.0G       2.8G       5.7M        63M       586M

MemTotal:        4016004 kB
MemFree:         2889160 kB
Active:           442920 kB
Mem:          3.8G       1.1G       2.8G       5.7M        63M       632M

MemTotal:        4016004 kB
MemFree:         2842488 kB
Active:           442912 kB
Mem:          3.8G       1.1G       2.7G       5.7M        63M       676M

MemTotal:        4016004 kB
MemFree:         2795304 kB
Active:           442944 kB
Mem:          3.8G       1.2G       2.7G       5.7M        63M       722M

MemTotal:        4016004 kB
MemFree:         2748632 kB
Active:           442944 kB
Mem:          3.8G       1.2G       2.6G       5.7M        63M       767M

MemTotal:        4016004 kB
MemFree:         2701884 kB
Active:           442936 kB
Mem:          3.8G       1.3G       2.6G       5.7M        63M       811M

MemTotal:        4016004 kB
MemFree:         2667924 kB
Active:           442932 kB
Mem:          3.8G       1.3G       2.5G       5.7M        63M       844M

MemTotal:        4016004 kB
MemFree:         2621064 kB
Active:           442960 kB
Mem:          3.8G       1.3G       2.5G       5.7M        63M       888M

MemTotal:        4016004 kB
MemFree:         2575208 kB
Active:           442956 kB
Mem:          3.8G       1.4G       2.5G       5.7M        63M       933M

MemTotal:        4016004 kB
MemFree:         2529508 kB
Active:           442980 kB
Mem:          3.8G       1.4G       2.4G       5.7M        63M       978M

MemTotal:        4016004 kB
MemFree:         2481356 kB
Active:           443008 kB
Mem:          3.8G       1.5G       2.4G       5.7M        63M       1.0G

MemTotal:        4016004 kB
MemFree:         2480860 kB
Active:           443016 kB
Mem:          3.8G       1.5G       2.4G       5.7M        63M       1.0G

MemTotal:        4016004 kB
MemFree:         2481016 kB
Active:           443036 kB
Mem:          3.8G       1.5G       2.4G       5.7M        63M       1.0G

MemTotal:        4016004 kB
MemFree:         2481120 kB
Active:           443012 kB
Mem:          3.8G       1.5G       2.4G       5.7M        63M       1.0G

MemTotal:        4016004 kB
MemFree:         2438352 kB
Active:           443036 kB
Mem:          3.8G       1.5G       2.3G       5.7M        63M       1.0G

MemTotal:        4016004 kB
MemFree:         2390624 kB
Active:           443040 kB
Mem:          3.8G       1.6G       2.3G       5.7M        63M       1.1G

MemTotal:        4016004 kB
MemFree:         2344524 kB
Active:           443044 kB
Mem:          3.8G       1.6G       2.2G       5.7M        63M       1.1G

MemTotal:        4016004 kB
MemFree:         2297292 kB
Active:           443052 kB
Mem:          3.8G       1.6G       2.2G       5.7M        63M       1.2G

MemTotal:        4016004 kB
MemFree:         2250448 kB
Active:           443052 kB
Mem:          3.8G       1.7G       2.1G       5.7M        63M       1.2G

MemTotal:        4016004 kB
MemFree:         2204084 kB
Active:           443052 kB
Mem:          3.8G       1.7G       2.1G       5.7M        63M       1.3G

MemTotal:        4016004 kB
MemFree:         2156248 kB
Active:           443052 kB
Mem:          3.8G       1.8G       2.1G       5.7M        63M       1.3G

MemTotal:        4016004 kB
MemFree:         2116984 kB
Active:           441108 kB
Mem:          3.8G       1.8G       2.0G       5.7M        63M       1.3G

MemTotal:        4016004 kB
MemFree:         2116868 kB
Active:           443136 kB
Mem:          3.8G       1.8G       2.0G       5.7M        63M       1.3G

MemTotal:        4016004 kB
MemFree:         2117008 kB
Active:           443168 kB
Mem:          3.8G       1.8G       2.0G       5.7M        63M       1.3G

MemTotal:        4016004 kB
MemFree:         2087612 kB
Active:           443184 kB
Mem:          3.8G       1.8G       2.0G       5.7M        63M       1.4G

MemTotal:        4016004 kB
MemFree:         2041372 kB
Active:           443192 kB
Mem:          3.8G       1.9G       1.9G       5.7M        63M       1.4G

MemTotal:        4016004 kB
MemFree:         1994280 kB
Active:           443192 kB
Mem:          3.8G       1.9G       1.9G       5.7M        63M       1.5G

MemTotal:        4016004 kB
MemFree:         1946924 kB
Active:           443192 kB
Mem:          3.8G       2.0G       1.9G       5.7M        63M       1.5G

MemTotal:        4016004 kB
MemFree:         1900684 kB
Active:           443200 kB
Mem:          3.8G       2.0G       1.8G       5.7M        63M       1.5G

MemTotal:        4016004 kB
MemFree:         1854280 kB
Active:           443208 kB
Mem:          3.8G       2.1G       1.8G       5.7M        63M       1.6G

MemTotal:        4016004 kB
MemFree:         1807480 kB
Active:           443216 kB
Mem:          3.8G       2.1G       1.7G       5.7M        63M       1.6G

MemTotal:        4016004 kB
MemFree:         1759208 kB
Active:           441308 kB
Mem:          3.8G       2.2G       1.7G       5.7M        63M       1.7G

MemTotal:        4016004 kB
MemFree:         1743004 kB
Active:           441176 kB
Mem:          3.8G       2.2G       1.7G       5.7M        63M       1.7G

MemTotal:        4016004 kB
MemFree:         1704768 kB
Active:           443196 kB
Mem:          3.8G       2.2G       1.6G       5.7M        63M       1.7G

MemTotal:        4016004 kB
MemFree:         1658156 kB
Active:           443232 kB
Mem:          3.8G       2.2G       1.6G       5.7M        63M       1.8G

MemTotal:        4016004 kB
MemFree:         1612056 kB
Active:           443232 kB
Mem:          3.8G       2.3G       1.5G       5.7M        63M       1.8G

MemTotal:        4016004 kB
MemFree:         1564452 kB
Active:           443232 kB
Mem:          3.8G       2.3G       1.5G       5.7M        63M       1.9G

MemTotal:        4016004 kB
MemFree:         1518352 kB
Active:           443236 kB
Mem:          3.8G       2.4G       1.4G       5.7M        63M       1.9G

MemTotal:        4016004 kB
MemFree:         1472168 kB
Active:           443244 kB
Mem:          3.8G       2.4G       1.4G       5.7M        63M       1.9G

MemTotal:        4016004 kB
MemFree:         1424472 kB
Active:           443260 kB
Mem:          3.8G       2.5G       1.4G       5.7M        63M       2.0G

MemTotal:        4016004 kB
MemFree:         1377508 kB
Active:           443260 kB
Mem:          3.8G       2.5G       1.3G       5.7M        63M       2.0G

MemTotal:        4016004 kB
MemFree:         1330772 kB
Active:           443260 kB
Mem:          3.8G       2.6G       1.3G       5.7M        63M       2.1G

MemTotal:        4016004 kB
MemFree:         1315016 kB
Active:           443224 kB
Mem:          3.8G       2.6G       1.3G       5.7M        63M       2.1G

MemTotal:        4016004 kB
MemFree:         1314828 kB
Active:           443232 kB
Mem:          3.8G       2.6G       1.3G       5.7M        63M       2.1G

MemTotal:        4016004 kB
MemFree:         1310152 kB
Active:           443276 kB
Mem:          3.8G       2.6G       1.2G       5.7M        63M       2.1G

MemTotal:        4016004 kB
MemFree:         1264100 kB
Active:           443284 kB
Mem:          3.8G       2.6G       1.2G       5.7M        63M       2.1G

MemTotal:        4016004 kB
MemFree:         1216576 kB
Active:           443288 kB
Mem:          3.8G       2.7G       1.2G       5.7M        63M       2.2G

MemTotal:        4016004 kB
MemFree:         1170356 kB
Active:           443292 kB
Mem:          3.8G       2.7G       1.1G       5.7M        63M       2.2G

MemTotal:        4016004 kB
MemFree:         1123744 kB
Active:           443292 kB
Mem:          3.8G       2.8G       1.1G       5.7M        63M       2.3G

MemTotal:        4016004 kB
MemFree:         1076652 kB
Active:           443300 kB
Mem:          3.8G       2.8G       1.0G       5.7M        63M       2.3G

MemTotal:        4016004 kB
MemFree:         1029916 kB
Active:           443260 kB
Mem:          3.8G       2.8G       1.0G       5.7M        63M       2.4G

MemTotal:        4016004 kB
MemFree:          982824 kB
Active:           443284 kB
Mem:          3.8G       2.9G       959M       5.7M        63M       2.4G

MemTotal:        4016004 kB
MemFree:          937356 kB
Active:           443280 kB
Mem:          3.8G       2.9G       914M       5.7M        63M       2.5G

MemTotal:        4016004 kB
MemFree:          932768 kB
Active:           443300 kB
Mem:          3.8G       2.9G       910M       5.7M        63M       2.5G

MemTotal:        4016004 kB
MemFree:          886532 kB
Active:           443308 kB
Mem:          3.8G       3.0G       865M       5.7M        63M       2.5G

MemTotal:        4016004 kB
MemFree:          839068 kB
Active:           443296 kB
Mem:          3.8G       3.0G       818M       5.7M        63M       2.5G

MemTotal:        4016004 kB
MemFree:          792828 kB
Active:           443308 kB
Mem:          3.8G       3.1G       773M       5.7M        63M       2.6G

MemTotal:        4016004 kB
MemFree:          745644 kB
Active:           443312 kB
Mem:          3.8G       3.1G       726M       5.7M        63M       2.6G

MemTotal:        4016004 kB
MemFree:          707532 kB
Active:           443328 kB
Mem:          3.8G       3.2G       690M       5.7M        63M       2.7G

MemTotal:        4016004 kB
MemFree:          660672 kB
Active:           443336 kB
Mem:          3.8G       3.2G       644M       5.7M        63M       2.7G

MemTotal:        4016004 kB
MemFree:          613876 kB
Active:           443460 kB
Mem:          3.8G       3.2G       599M       5.7M        63M       2.8G

MemTotal:        4016004 kB
MemFree:          567356 kB
Active:           443348 kB
Mem:          3.8G       3.3G       553M       5.7M        63M       2.8G

MemTotal:        4016004 kB
MemFree:          519988 kB
Active:           443332 kB
Mem:          3.8G       3.3G       507M       5.7M        63M       2.8G

MemTotal:        4016004 kB
MemFree:          473764 kB
Active:           443352 kB
Mem:          3.8G       3.4G       461M       5.7M        63M       2.9G

MemTotal:        4016004 kB
MemFree:          425788 kB
Active:           443352 kB
Mem:          3.8G       3.4G       415M       5.7M        63M       2.9G

MemTotal:        4016004 kB
MemFree:          379836 kB
Active:           443388 kB
Mem:          3.8G       3.5G       370M       5.7M        63M       3.0G

MemTotal:        4016004 kB
MemFree:          332976 kB
Active:           443372 kB
Mem:          3.8G       3.5G       324M       5.7M        63M       3.0G

MemTotal:        4016004 kB
MemFree:          285716 kB
Active:           443396 kB
Mem:          3.8G       3.6G       278M       5.7M        63M       3.1G

MemTotal:        4016004 kB
MemFree:          259508 kB
Active:           443380 kB
Mem:          3.8G       3.6G       252M       5.7M        63M       3.1G

MemTotal:        4016004 kB
MemFree:          213500 kB
Active:           443492 kB
Mem:          3.8G       3.6G       207M       5.7M        63M       3.1G

MemTotal:        4016004 kB
MemFree:          165432 kB
Active:           443376 kB
Mem:          3.8G       3.7G       160M       5.7M        63M       3.2G

MemTotal:        4016004 kB
MemFree:          118476 kB
Active:           441628 kB
Mem:          3.8G       3.7G       115M       5.7M        63M       3.2G

MemTotal:        4016004 kB
MemFree:          106584 kB
Active:           440920 kB
Mem:          3.8G       3.7G       120M       5.7M        28M       3.2G

MemTotal:        4016004 kB
MemFree:          123524 kB
Active:           452448 kB
Mem:          3.8G       3.7G       120M       5.7M        28M       3.2G

MemTotal:        4016004 kB
MemFree:          120160 kB
Active:           452256 kB
Mem:          3.8G       3.7G       116M       5.7M        28M       3.3G

MemTotal:        4016004 kB
MemFree:          123212 kB
Active:           494216 kB
Mem:          3.8G       3.7G       134M       5.7M        28M       3.2G

MemTotal:        4016004 kB
MemFree:          142824 kB
Active:           499136 kB
Mem:          3.8G       3.7G       137M       5.7M        28M       3.2G

MemTotal:        4016004 kB
MemFree:          135900 kB
Active:           494668 kB
Mem:          3.8G       3.7G       132M       5.7M        28M       3.2G

MemTotal:        4016004 kB
MemFree:          126184 kB
Active:           491340 kB
Mem:          3.8G       3.7G       122M       5.7M        28M       3.2G

MemTotal:        4016004 kB
MemFree:          126692 kB
Active:           484408 kB
Mem:          3.8G       3.7G       123M       5.7M        28M       3.2G

MemTotal:        4016004 kB
MemFree:          122416 kB
Active:           477624 kB
Mem:          3.8G       3.7G       118M       5.7M        28M       3.2G

MemTotal:        4016004 kB
MemFree:          123328 kB
Active:           476216 kB
Mem:          3.8G       3.7G       120M       5.7M        28M       3.2G

MemTotal:        4016004 kB
MemFree:          130952 kB
Active:           472904 kB
Mem:          3.8G       3.7G       126M       5.7M        28M       3.2G

MemTotal:        4016004 kB
MemFree:          120596 kB
Active:           469452 kB
Mem:          3.8G       3.7G       116M       5.7M        28M       3.3G

MemTotal:        4016004 kB
MemFree:          127552 kB
Active:           461232 kB
Mem:          3.8G       3.7G       123M       5.7M        28M       3.2G

MemTotal:        4016004 kB
MemFree:          117116 kB
Active:           457904 kB
Mem:          3.8G       3.7G       113M       5.7M        28M       3.3G

MemTotal:        4016004 kB
MemFree:          107208 kB
Active:           454324 kB
Mem:          3.8G       3.7G       103M       5.7M        28M       3.3G

MemTotal:        4016004 kB
MemFree:          114024 kB
Active:           445296 kB
Mem:          3.8G       3.7G       110M       5.7M        28M       3.3G

MemTotal:        4016004 kB
MemFree:          127484 kB
Active:           443648 kB
Mem:          3.8G       3.7G       123M       5.7M        28M       3.2G

MemTotal:        4016004 kB
MemFree:          122128 kB
Active:           441992 kB
Mem:          3.8G       3.7G       117M       5.7M        28M       3.2G

MemTotal:        4016004 kB
MemFree:          110968 kB
Active:           441040 kB
Mem:          3.8G       3.7G       107M       5.7M        28M       3.3G

MemTotal:        4016004 kB
MemFree:          124756 kB
Active:           437348 kB
Mem:          3.8G       3.7G       121M       5.7M        28M       3.2G

MemTotal:        4016004 kB
MemFree:          120372 kB
Active:           438256 kB
Mem:          3.8G       3.7G       116M       5.7M        28M       3.3G

MemTotal:        4016004 kB
MemFree:          128032 kB
Active:           436600 kB
Mem:          3.8G       3.7G       124M       5.7M        28M       3.2G

MemTotal:        4016004 kB
MemFree:          124256 kB
Active:           435068 kB
Mem:          3.8G       3.7G       120M       5.7M        28M       3.2G

MemTotal:        4016004 kB
MemFree:          124460 kB
Active:           431688 kB
Mem:          3.8G       3.7G       125M       5.7M        28M       3.2G

MemTotal:        4016004 kB
MemFree:          127364 kB
Active:           430028 kB
Mem:          3.8G       3.7G       123M       5.7M        28M       3.2G

MemTotal:        4016004 kB
MemFree:          105184 kB
Active:           429396 kB
Mem:          3.8G       3.7G       124M       5.7M        28M       3.2G

MemTotal:        4016004 kB
MemFree:          116240 kB
Active:           428244 kB
Mem:          3.8G       3.7G       112M       5.7M        28M       3.3G

MemTotal:        4016004 kB
MemFree:          135652 kB
Active:           426208 kB
Mem:          3.8G       3.7G       131M       5.7M        28M       3.2G

MemTotal:        4016004 kB
MemFree:          136920 kB
Active:           421580 kB
Mem:          3.8G       3.7G       132M       5.7M        28M       3.2G

MemTotal:        4016004 kB
MemFree:          139060 kB
Active:           422988 kB
Mem:          3.8G       3.7G       136M       5.7M        28M       3.2G

MemTotal:        4016004 kB
MemFree:          154636 kB
Active:           418936 kB
Mem:          3.8G       3.7G       150M       5.7M        28M       3.2G

MemTotal:        4016004 kB
MemFree:          144732 kB
Active:           418820 kB
Mem:          3.8G       3.7G       141M       5.7M        28M       3.2G

MemTotal:        4016004 kB
MemFree:          144704 kB
Active:           418824 kB
Mem:          3.8G       3.7G       141M       5.7M        28M       3.2G

MemTotal:        4016004 kB
MemFree:          144988 kB
Active:           418784 kB
Mem:          3.8G       3.7G       141M       5.7M        28M       3.2G

MemTotal:        4016004 kB
MemFree:          106948 kB
Active:           418828 kB
Mem:          3.8G       3.7G       103M       5.7M        28M       3.3G

MemTotal:        4016004 kB
MemFree:          132040 kB
Active:           416652 kB
Mem:          3.8G       3.7G       127M       5.7M        28M       3.2G

MemTotal:        4016004 kB
MemFree:          122488 kB
Active:           415508 kB
Mem:          3.8G       3.7G       118M       5.7M        28M       3.2G

MemTotal:        4016004 kB
MemFree:          122764 kB
Active:           413716 kB
Mem:          3.8G       3.7G       119M       5.7M        28M       3.2G

MemTotal:        4016004 kB
MemFree:          130216 kB
Active:           411796 kB
Mem:          3.8G       3.7G       126M       5.7M        28M       3.2G

MemTotal:        4016004 kB
MemFree:          118960 kB
Active:           410644 kB
Mem:          3.8G       3.7G       115M       5.7M        28M       3.2G

MemTotal:        4016004 kB
MemFree:          108804 kB
Active:           409364 kB
Mem:          3.8G       3.7G       105M       5.7M        28M       3.3G

MemTotal:        4016004 kB
MemFree:          134972 kB
Active:           408220 kB
Mem:          3.8G       3.7G       131M       5.7M        28M       3.2G

MemTotal:        4016004 kB
MemFree:          114528 kB
Active:           408176 kB
Mem:          3.8G       3.7G       111M       5.7M        28M       3.3G

MemTotal:        4016004 kB
MemFree:          105256 kB
Active:           407080 kB
Mem:          3.8G       3.7G       125M       5.7M        28M       3.2G

MemTotal:        4016004 kB
MemFree:          136004 kB
Active:           402268 kB
Mem:          3.8G       3.7G       131M       5.7M        28M       3.2G

MemTotal:        4016004 kB
MemFree:          124980 kB
Active:           401188 kB
Mem:          3.8G       3.7G       121M       5.7M        28M       3.2G

MemTotal:        4016004 kB
MemFree:          108656 kB
Active:           400060 kB
Mem:          3.8G       3.7G       106M       5.7M        28M       3.3G

MemTotal:        4016004 kB
MemFree:          133552 kB
Active:           397904 kB
Mem:          3.8G       3.7G       129M       5.7M        28M       3.2G

MemTotal:        4016004 kB
MemFree:          125868 kB
Active:           396508 kB
Mem:          3.8G       3.7G       122M       5.7M        28M       3.2G

MemTotal:        4016004 kB
MemFree:          125296 kB
Active:           394580 kB
Mem:          3.8G       3.7G       122M       5.7M        28M       3.2G

MemTotal:        4016004 kB
MemFree:          126492 kB
Active:           392684 kB
Mem:          3.8G       3.7G       123M       5.7M        28M       3.2G

MemTotal:        4016004 kB
MemFree:          134144 kB
Active:           390512 kB
Mem:          3.8G       3.7G       130M       5.7M        28M       3.2G

MemTotal:        4016004 kB
MemFree:          128368 kB
Active:           386996 kB
Mem:          3.8G       3.7G       124M       5.7M        28M       3.2G

MemTotal:        4016004 kB
MemFree:          129636 kB
Active:           383460 kB
Mem:          3.8G       3.7G       125M       5.7M        28M       3.2G

MemTotal:        4016004 kB
MemFree:          137584 kB
Active:           381780 kB
Mem:          3.8G       3.7G       133M       5.7M        28M       3.2G

MemTotal:        4016004 kB
MemFree:          126824 kB
Active:           381160 kB
Mem:          3.8G       3.7G       122M       5.7M        28M       3.2G

MemTotal:        4016004 kB
MemFree:          116964 kB
Active:           381020 kB
Mem:          3.8G       3.7G       113M       5.7M        28M       3.3G

MemTotal:        4016004 kB
MemFree:          133268 kB
Active:           380880 kB
Mem:          3.8G       3.7G       129M       5.7M        28M       3.2G

MemTotal:        4016004 kB
MemFree:          123532 kB
Active:           380900 kB
Mem:          3.8G       3.7G       119M       5.7M        28M       3.2G

MemTotal:        4016004 kB
MemFree:          125012 kB
Active:           380916 kB
Mem:          3.8G       3.7G       121M       5.7M        28M       3.2G

MemTotal:        4016004 kB
MemFree:          131816 kB
Active:           380820 kB
Mem:          3.8G       3.7G       127M       5.7M        28M       3.2G

MemTotal:        4016004 kB
MemFree:          121708 kB
Active:           380776 kB
Mem:          3.8G       3.7G       118M       5.7M        28M       3.2G

MemTotal:        4016004 kB
MemFree:          120980 kB
Active:           380820 kB
Mem:          3.8G       3.7G       117M       5.7M        28M       3.2G

MemTotal:        4016004 kB
MemFree:          121508 kB
Active:           380816 kB
Mem:          3.8G       3.7G       117M       5.7M        28M       3.2G

MemTotal:        4016004 kB
MemFree:          123068 kB
Active:           380808 kB
Mem:          3.8G       3.7G       119M       5.7M        28M       3.2G

MemTotal:        4016004 kB
MemFree:          129420 kB
Active:           380836 kB
Mem:          3.8G       3.7G       125M       5.7M        28M       3.2G

MemTotal:        4016004 kB
MemFree:          119264 kB
Active:           380824 kB
Mem:          3.8G       3.7G       115M       5.7M        28M       3.2G

MemTotal:        4016004 kB
MemFree:          108752 kB
Active:           380844 kB
Mem:          3.8G       3.7G       105M       5.7M        28M       3.3G

MemTotal:        4016004 kB
MemFree:          116440 kB
Active:           380792 kB
Mem:          3.8G       3.7G       113M       5.7M        28M       3.3G

MemTotal:        4016004 kB
MemFree:          105172 kB
Active:           380856 kB
Mem:          3.8G       3.7G       127M       5.7M        28M       3.2G

MemTotal:        4016004 kB
MemFree:          127276 kB
Active:           377812 kB
Mem:          3.8G       3.7G       123M       5.7M        28M       3.2G

MemTotal:        4016004 kB
MemFree:          128400 kB
Active:           377820 kB
Mem:          3.8G       3.7G       125M       5.7M        28M       3.2G

MemTotal:        4016004 kB
MemFree:          127656 kB
Active:           377792 kB
Mem:          3.8G       3.7G       124M       5.7M        28M       3.2G

MemTotal:        4016004 kB
MemFree:          127756 kB
Active:           377820 kB
Mem:          3.8G       3.7G       124M       5.7M        28M       3.2G

MemTotal:        4016004 kB
MemFree:          109148 kB
Active:           377780 kB
Mem:          3.8G       3.7G       105M       5.7M        28M       3.3G

MemTotal:        4016004 kB
MemFree:          134676 kB
Active:           377824 kB
Mem:          3.8G       3.7G       131M       5.7M        28M       3.2G

MemTotal:        4016004 kB
MemFree:          124816 kB
Active:           377832 kB
Mem:          3.8G       3.7G       120M       5.7M        28M       3.2G

MemTotal:        4016004 kB
MemFree:          132408 kB
Active:           377848 kB
Mem:          3.8G       3.7G       127M       5.7M        28M       3.2G

MemTotal:        4016004 kB
MemFree:          121024 kB
Active:           377156 kB
Mem:          3.8G       3.7G       117M       5.7M        28M       3.2G

MemTotal:        4016004 kB
MemFree:          111116 kB
Active:           378052 kB
Mem:          3.8G       3.7G       107M       5.7M        28M       3.3G

MemTotal:        4016004 kB
MemFree:          111888 kB
Active:           378060 kB
Mem:          3.8G       3.7G       108M       5.7M        28M       3.3G

MemTotal:        4016004 kB
MemFree:          125504 kB
Active:           378032 kB
Mem:          3.8G       3.7G       121M       5.7M        28M       3.2G

MemTotal:        4016004 kB
MemFree:          133936 kB
Active:           378040 kB
Mem:          3.8G       3.7G       130M       5.7M        28M       3.2G

MemTotal:        4016004 kB
MemFree:          124672 kB
Active:           378040 kB
Mem:          3.8G       3.7G       120M       5.7M        28M       3.2G

MemTotal:        4016004 kB
MemFree:          131892 kB
Active:           378072 kB
Mem:          3.8G       3.7G       127M       5.7M        28M       3.2G

MemTotal:        4016004 kB
MemFree:          120248 kB
Active:           378092 kB
Mem:          3.8G       3.7G       116M       5.7M        28M       3.2G

MemTotal:        4016004 kB
MemFree:          110588 kB
Active:           378040 kB
Mem:          3.8G       3.7G       107M       5.7M        28M       3.3G

MemTotal:        4016004 kB
MemFree:          128504 kB
Active:           378036 kB
Mem:          3.8G       3.7G       124M       5.7M        28M       3.2G

MemTotal:        4016004 kB
MemFree:          135576 kB
Active:           377972 kB
Mem:          3.8G       3.7G       132M       5.7M        28M       3.2G

MemTotal:        4016004 kB
MemFree:          135888 kB
Active:           377984 kB
Mem:          3.8G       3.7G       132M       5.7M        28M       3.2G

MemTotal:        4016004 kB
MemFree:          115644 kB
Active:           377944 kB
Mem:          3.8G       3.7G       112M       5.7M        28M       3.3G

MemTotal:        4016004 kB
MemFree:          121412 kB
Active:           377740 kB
Mem:          3.8G       3.7G       118M       5.7M        28M       3.2G

MemTotal:        4016004 kB
MemFree:          121860 kB
Active:           377664 kB
Mem:          3.8G       3.7G       118M       5.7M        28M       3.2G

MemTotal:        4016004 kB
MemFree:          124028 kB
Active:           377544 kB
Mem:          3.8G       3.7G       120M       5.7M        28M       3.2G

MemTotal:        4016004 kB
MemFree:          113128 kB
Active:           377372 kB
Mem:          3.8G       3.7G       109M       5.7M        28M       3.3G

MemTotal:        4016004 kB
MemFree:          127508 kB
Active:           376240 kB
Mem:          3.8G       3.7G       123M       5.7M        28M       3.2G

MemTotal:        4016004 kB
MemFree:          127148 kB
Active:           376248 kB
Mem:          3.8G       3.7G       122M       5.7M        28M       3.2G

MemTotal:        4016004 kB
MemFree:          122680 kB
Active:           376248 kB
Mem:          3.8G       3.7G       119M       5.7M        28M       3.2G

MemTotal:        4016004 kB
MemFree:          122152 kB
Active:           376224 kB
Mem:          3.8G       3.7G       119M       5.7M        28M       3.2G

MemTotal:        4016004 kB
MemFree:          127672 kB
Active:           376264 kB
Mem:          3.8G       3.7G       123M       5.7M        28M       3.2G

MemTotal:        4016004 kB
MemFree:          127900 kB
Active:           376268 kB
Mem:          3.8G       3.7G       124M       5.7M        28M       3.2G

MemTotal:        4016004 kB
MemFree:          127912 kB
Active:           376268 kB
Mem:          3.8G       3.7G       123M       5.7M        28M       3.2G

MemTotal:        4016004 kB
MemFree:          128560 kB
Active:           376268 kB
Mem:          3.8G       3.7G       124M       5.7M        28M       3.2G

MemTotal:        4016004 kB
MemFree:          109152 kB
Active:           376280 kB
Mem:          3.8G       3.7G       105M       5.7M        28M       3.3G

MemTotal:        4016004 kB
MemFree:          130032 kB
Active:           374052 kB
Mem:          3.8G       3.7G       126M       5.7M        28M       3.2G

MemTotal:        4016004 kB
MemFree:          130036 kB
Active:           374016 kB
Mem:          3.8G       3.7G       127M       5.7M        28M       3.2G

MemTotal:        4016004 kB
MemFree:          130488 kB
Active:           374024 kB
Mem:          3.8G       3.7G       127M       5.7M        28M       3.2G

MemTotal:        4016004 kB
MemFree:          125604 kB
Active:           374060 kB
Mem:          3.8G       3.7G       121M       5.7M        28M       3.2G

MemTotal:        4016004 kB
MemFree:          124700 kB
Active:           374060 kB
Mem:          3.8G       3.7G       121M       5.7M        28M       3.2G

MemTotal:        4016004 kB
MemFree:          131532 kB
Active:           375348 kB
Mem:          3.8G       3.7G       127M       5.7M        28M       3.2G

MemTotal:        4016004 kB
MemFree:          120648 kB
Active:           375220 kB
Mem:          3.8G       3.7G       117M       5.7M        28M       3.2G

MemTotal:        4016004 kB
MemFree:          110120 kB
Active:           375224 kB
Mem:          3.8G       3.7G       106M       5.7M        28M       3.3G

MemTotal:        4016004 kB
MemFree:          116472 kB
Active:           375224 kB
Mem:          3.8G       3.7G       112M       5.7M        28M       3.2G

MemTotal:        4016004 kB
MemFree:          111276 kB
Active:           374936 kB
Mem:          3.8G       3.7G       108M       5.7M        28M       3.3G

MemTotal:        4016004 kB
MemFree:          107848 kB
Active:           374936 kB
Mem:          3.8G       3.7G       104M       5.7M        28M       3.3G

MemTotal:        4016004 kB
MemFree:          108884 kB
Active:           374948 kB
Mem:          3.8G       3.7G       105M       5.7M        28M       3.3G

MemTotal:        4016004 kB
MemFree:          116352 kB
Active:           374960 kB
Mem:          3.8G       3.7G       112M       5.7M        28M       3.2G

MemTotal:        4016004 kB
MemFree:          105420 kB
Active:           374960 kB
Mem:          3.8G       3.7G       102M       5.7M        28M       3.3G

MemTotal:        4016004 kB
MemFree:          128528 kB
Active:           374832 kB
Mem:          3.8G       3.7G       125M       5.7M        28M       3.2G

MemTotal:        4016004 kB
MemFree:          128092 kB
Active:           374804 kB
Mem:          3.8G       3.7G       124M       5.7M        28M       3.2G

MemTotal:        4016004 kB
MemFree:          127972 kB
Active:           374792 kB
Mem:          3.8G       3.7G       124M       5.7M        28M       3.2G

MemTotal:        4016004 kB
MemFree:          128228 kB
Active:           374836 kB
Mem:          3.8G       3.7G       124M       5.7M        28M       3.2G

MemTotal:        4016004 kB
MemFree:          126968 kB
Active:           374812 kB
Mem:          3.8G       3.7G       123M       5.7M        28M       3.2G

MemTotal:        4016004 kB
MemFree:          118084 kB
Active:           374852 kB
Mem:          3.8G       3.7G       114M       5.7M        28M       3.2G

MemTotal:        4016004 kB
MemFree:          108548 kB
Active:           374844 kB
Mem:          3.8G       3.7G       105M       5.7M        28M       3.3G

MemTotal:        4016004 kB
MemFree:          108052 kB
Active:           372212 kB
Mem:          3.8G       3.7G       104M       5.7M        28M       3.3G

MemTotal:        4016004 kB
MemFree:          133980 kB
Active:           372172 kB
Mem:          3.8G       3.7G       129M       5.7M        28M       3.2G

MemTotal:        4016004 kB
MemFree:          133636 kB
Active:           372220 kB
Mem:          3.8G       3.7G       130M       5.7M        28M       3.2G

MemTotal:        4016004 kB
MemFree:          126020 kB
Active:           371108 kB
Mem:          3.8G       3.7G       122M       5.7M        28M       3.2G

MemTotal:        4016004 kB
MemFree:          109680 kB
Active:           371088 kB
Mem:          3.8G       3.7G       105M       5.7M        28M       3.3G

MemTotal:        4016004 kB
MemFree:          128448 kB
Active:           372652 kB
Mem:          3.8G       3.7G       124M       5.7M        28M       3.2G

MemTotal:        4016004 kB
MemFree:          135164 kB
Active:           372636 kB
Mem:          3.8G       3.7G       131M       5.7M        28M       3.2G

MemTotal:        4016004 kB
MemFree:          130116 kB
Active:           372536 kB
Mem:          3.8G       3.7G       126M       5.7M        28M       3.2G

MemTotal:        4016004 kB
MemFree:          106884 kB
Active:           372508 kB
Mem:          3.8G       3.7G       103M       5.7M        28M       3.3G

MemTotal:        4016004 kB
MemFree:          114528 kB
Active:           370820 kB
Mem:          3.8G       3.7G       111M       5.7M        28M       3.2G

MemTotal:        4016004 kB
MemFree:          113848 kB
Active:           370804 kB
Mem:          3.8G       3.7G       111M       5.7M        28M       3.2G

MemTotal:        4016004 kB
MemFree:          114196 kB
Active:           370824 kB
Mem:          3.8G       3.7G       111M       5.7M        28M       3.2G

MemTotal:        4016004 kB
MemFree:          105376 kB
Active:           370840 kB
Mem:          3.8G       3.7G       125M       5.7M        28M       3.2G

MemTotal:        4016004 kB
MemFree:          106024 kB
Active:           370844 kB
Mem:          3.8G       3.7G       102M       5.7M        28M       3.3G

MemTotal:        4016004 kB
MemFree:          124884 kB
Active:           370800 kB
Mem:          3.8G       3.7G       131M       5.7M        28M       3.2G

MemTotal:        4016004 kB
MemFree:          126400 kB
Active:           370684 kB
Mem:          3.8G       3.7G       122M       5.7M        28M       3.2G

MemTotal:        4016004 kB
MemFree:          109300 kB
Active:           370728 kB
Mem:          3.8G       3.7G       105M       5.7M        28M       3.3G

MemTotal:        4016004 kB
MemFree:          128300 kB
Active:           370688 kB
Mem:          3.8G       3.7G       124M       5.7M        28M       3.2G

MemTotal:        4016004 kB
MemFree:          118424 kB
Active:           370672 kB
Mem:          3.8G       3.7G       114M       5.7M        28M       3.2G

MemTotal:        4016004 kB
MemFree:          125800 kB
Active:           365848 kB
Mem:          3.8G       3.7G       122M       5.7M        28M       3.2G

MemTotal:        4016004 kB
MemFree:          125208 kB
Active:           365892 kB
Mem:          3.8G       3.7G       121M       5.7M        28M       3.2G

MemTotal:        4016004 kB
MemFree:          115288 kB
Active:           365876 kB
Mem:          3.8G       3.7G       112M       5.7M        28M       3.2G

MemTotal:        4016004 kB
MemFree:          122896 kB
Active:           365872 kB
Mem:          3.8G       3.7G       119M       5.7M        28M       3.2G

MemTotal:        4016004 kB
MemFree:          113100 kB
Active:           365888 kB
Mem:          3.8G       3.7G       109M       5.7M        28M       3.2G

MemTotal:        4016004 kB
MemFree:          131464 kB
Active:           365904 kB
Mem:          3.8G       3.7G       127M       5.7M        28M       3.2G

MemTotal:        4016004 kB
MemFree:          121680 kB
Active:           365864 kB
Mem:          3.8G       3.7G       117M       5.7M        28M       3.2G

MemTotal:        4016004 kB
MemFree:          128404 kB
Active:           365912 kB
Mem:          3.8G       3.7G       124M       5.7M        28M       3.2G

MemTotal:        4016004 kB
MemFree:          117752 kB
Active:           365920 kB
Mem:          3.8G       3.7G       114M       5.7M        28M       3.2G

MemTotal:        4016004 kB
MemFree:          107240 kB
Active:           365864 kB
Mem:          3.8G       3.7G       103M       5.7M        28M       3.3G

MemTotal:        4016004 kB
MemFree:          126704 kB
Active:           365932 kB
Mem:          3.8G       3.7G       122M       5.7M        28M       3.2G

MemTotal:        4016004 kB
MemFree:          107268 kB
Active:           363520 kB
Mem:          3.8G       3.7G       103M       5.7M        28M       3.3G

MemTotal:        4016004 kB
MemFree:          132484 kB
Active:           363536 kB
Mem:          3.8G       3.7G       128M       5.7M        28M       3.2G

MemTotal:        4016004 kB
MemFree:          112328 kB
Active:           363532 kB
Mem:          3.8G       3.7G       109M       5.7M        28M       3.2G

MemTotal:        4016004 kB
MemFree:          105296 kB
Active:           363552 kB
Mem:          3.8G       3.7G       125M       5.7M        28M       3.2G

MemTotal:        4016004 kB
MemFree:          113276 kB
Active:           363552 kB
Mem:          3.8G       3.7G       110M       5.7M        28M       3.2G

MemTotal:        4016004 kB
MemFree:          126592 kB
Active:           363536 kB
Mem:          3.8G       3.7G       123M       5.7M        28M       3.2G

MemTotal:        4016004 kB
MemFree:          126440 kB
Active:           363532 kB
Mem:          3.8G       3.7G       123M       5.7M        28M       3.2G

MemTotal:        4016004 kB
MemFree:          129868 kB
Active:           363544 kB
Mem:          3.8G       3.7G       125M       5.7M        28M       3.2G

MemTotal:        4016004 kB
MemFree:          113760 kB
Active:           363536 kB
Mem:          3.8G       3.7G       110M       5.7M        28M       3.2G

MemTotal:        4016004 kB
MemFree:          126628 kB
Active:           363576 kB
Mem:          3.8G       3.7G       122M       5.7M        28M       3.2G

MemTotal:        4016004 kB
MemFree:          127376 kB
Active:           363560 kB
Mem:          3.8G       3.7G       123M       5.7M        28M       3.2G

MemTotal:        4016004 kB
MemFree:          125032 kB
Active:           363588 kB
Mem:          3.8G       3.7G       131M       5.7M        28M       3.2G

MemTotal:        4016004 kB
MemFree:          126472 kB
Active:           363552 kB
Mem:          3.8G       3.7G       122M       5.7M        28M       3.2G

MemTotal:        4016004 kB
MemFree:          138776 kB
Active:           360808 kB
Mem:          3.8G       3.7G       134M       5.7M        28M       3.2G

MemTotal:        4016004 kB
MemFree:          128204 kB
Active:           360652 kB
Mem:          3.8G       3.7G       124M       5.7M        28M       3.2G

MemTotal:        4016004 kB
MemFree:          117976 kB
Active:           360668 kB
Mem:          3.8G       3.7G       115M       5.7M        28M       3.2G

MemTotal:        4016004 kB
MemFree:          117916 kB
Active:           360640 kB
Mem:          3.8G       3.7G       115M       5.7M        28M       3.2G

MemTotal:        4016004 kB
MemFree:          117920 kB
Active:           360624 kB
Mem:          3.8G       3.7G       115M       5.7M        28M       3.2G

MemTotal:        4016004 kB
MemFree:          108704 kB
Active:           360628 kB
Mem:          3.8G       3.7G       104M       5.7M        28M       3.3G

MemTotal:        4016004 kB
MemFree:          127192 kB
Active:           360660 kB
Mem:          3.8G       3.7G       123M       5.7M        28M       3.2G

MemTotal:        4016004 kB
MemFree:          117548 kB
Active:           360680 kB
Mem:          3.8G       3.7G       113M       5.7M        28M       3.2G

MemTotal:        4016004 kB
MemFree:          106400 kB
Active:           360708 kB
Mem:          3.8G       3.7G       103M       5.7M        28M       3.3G

MemTotal:        4016004 kB
MemFree:          107172 kB
Active:           360692 kB
Mem:          3.8G       3.7G       104M       5.7M        28M       3.3G

MemTotal:        4016004 kB
MemFree:          107244 kB
Active:           360680 kB
Mem:          3.8G       3.7G       103M       5.7M        28M       3.2G

MemTotal:        4016004 kB
MemFree:          114216 kB
Active:           361964 kB
Mem:          3.8G       3.7G       110M       5.7M        28M       3.2G

MemTotal:        4016004 kB
MemFree:          127704 kB
Active:           361940 kB
Mem:          3.8G       3.7G       123M       5.7M        28M       3.2G

MemTotal:        4016004 kB
MemFree:          123496 kB
Active:           361840 kB
Mem:          3.8G       3.7G       119M       5.7M        28M       3.2G

MemTotal:        4016004 kB
MemFree:          105716 kB
Active:           361844 kB
Mem:          3.8G       3.7G       102M       5.7M        28M       3.3G

MemTotal:        4016004 kB
MemFree:          105436 kB
Active:           359252 kB
Mem:          3.8G       3.7G       102M       5.7M        28M       3.2G

MemTotal:        4016004 kB
MemFree:          126384 kB
Active:           359260 kB
Mem:          3.8G       3.7G       122M       5.7M        28M       3.2G

MemTotal:        4016004 kB
MemFree:          129996 kB
Active:           359268 kB
Mem:          3.8G       3.7G       127M       5.7M        28M       3.2G

MemTotal:        4016004 kB
MemFree:          130632 kB
Active:           359240 kB
Mem:          3.8G       3.7G       127M       5.7M        28M       3.2G

MemTotal:        4016004 kB
MemFree:          131168 kB
Active:           359240 kB
Mem:          3.8G       3.7G       128M       5.7M        28M       3.2G

MemTotal:        4016004 kB
MemFree:          146072 kB
Active:           359276 kB
Mem:          3.8G       3.7G       142M       5.7M        28M       3.2G

MemTotal:        4016004 kB
MemFree:          134716 kB
Active:           359280 kB
Mem:          3.8G       3.7G       131M       5.7M        28M       3.2G

MemTotal:        4016004 kB
MemFree:          125280 kB
Active:           359280 kB
Mem:          3.8G       3.7G       121M       5.7M        28M       3.2G

MemTotal:        4016004 kB
MemFree:          126780 kB
Active:           359288 kB
Mem:          3.8G       3.7G       122M       5.7M        28M       3.2G

MemTotal:        4016004 kB
MemFree:          130528 kB
Active:           359288 kB
Mem:          3.8G       3.7G       125M       5.7M        28M       3.2G

MemTotal:        4016004 kB
MemFree:          132152 kB
Active:           359288 kB
Mem:          3.8G       3.7G       127M       5.7M        28M       3.2G

MemTotal:        4016004 kB
MemFree:          132088 kB
Active:           359288 kB
Mem:          3.8G       3.7G       127M       5.7M        28M       3.2G

MemTotal:        4016004 kB
MemFree:          134116 kB
Active:           359300 kB
Mem:          3.8G       3.7G       129M       5.7M        28M       3.2G

MemTotal:        4016004 kB
MemFree:          134872 kB
Active:           359184 kB
Mem:          3.8G       3.7G       130M       5.7M        28M       3.2G

MemTotal:        4016004 kB
MemFree:          142620 kB
Active:           359184 kB
Mem:          3.8G       3.7G       138M       5.7M        28M       3.2G

MemTotal:        4016004 kB
MemFree:          136300 kB
Active:           355676 kB
Mem:          3.8G       3.7G       132M       5.7M        28M       3.2G

MemTotal:        4016004 kB
MemFree:          137584 kB
Active:           355544 kB
Mem:          3.8G       3.7G       132M       5.7M        28M       3.2G

MemTotal:        4016004 kB
MemFree:          133368 kB
Active:           355556 kB
Mem:          3.8G       3.7G       130M       5.7M        28M       3.2G

MemTotal:        4016004 kB
MemFree:          133244 kB
Active:           355520 kB
Mem:          3.8G       3.7G       129M       5.7M        28M       3.2G

MemTotal:        4016004 kB
MemFree:          133184 kB
Active:           355536 kB
Mem:          3.8G       3.7G       129M       5.7M        28M       3.2G

MemTotal:        4016004 kB
MemFree:          133096 kB
Active:           355572 kB
Mem:          3.8G       3.7G       130M       5.7M        28M       3.2G

MemTotal:        4016004 kB
MemFree:          128364 kB
Active:           355556 kB
Mem:          3.8G       3.7G       125M       5.7M        28M       3.2G

MemTotal:        4016004 kB
MemFree:          124076 kB
Active:           355576 kB
Mem:          3.8G       3.7G       120M       5.7M        28M       3.2G

MemTotal:        4016004 kB
MemFree:          107612 kB
Active:           355584 kB
Mem:          3.8G       3.7G       103M       5.7M        28M       3.2G

MemTotal:        4016004 kB
MemFree:          127092 kB
Active:           355584 kB
Mem:          3.8G       3.7G       123M       5.7M        28M       3.2G

MemTotal:        4016004 kB
MemFree:          110736 kB
Active:           355584 kB
Mem:          3.8G       3.7G       107M       5.7M        28M       3.2G

MemTotal:        4016004 kB
MemFree:          124900 kB
Active:           355584 kB
Mem:          3.8G       3.7G       122M       5.7M        28M       3.2G

MemTotal:        4016004 kB
MemFree:          110280 kB
Active:           355588 kB
Mem:          3.8G       3.7G       107M       5.7M        28M       3.2G

MemTotal:        4016004 kB
MemFree:          135544 kB
Active:           355596 kB
Mem:          3.8G       3.7G       131M       5.7M        28M       3.2G

MemTotal:        4016004 kB
MemFree:          125480 kB
Active:           355596 kB
Mem:          3.8G       3.7G       122M       5.7M        28M       3.2G

MemTotal:        4016004 kB
MemFree:          127152 kB
Active:           355572 kB
Mem:          3.8G       3.7G       123M       5.7M        28M       3.2G

MemTotal:        4016004 kB
MemFree:          129272 kB
Active:           355560 kB
Mem:          3.8G       3.7G       125M       5.7M        28M       3.2G

MemTotal:        4016004 kB
MemFree:          138244 kB
Active:           355564 kB
Mem:          3.8G       3.7G       134M       5.7M        28M       3.2G

MemTotal:        4016004 kB
MemFree:          127184 kB
Active:           355576 kB
Mem:          3.8G       3.7G       124M       5.7M        28M       3.2G

MemTotal:        4016004 kB
MemFree:          112224 kB
Active:           355624 kB
Mem:          3.8G       3.7G       108M       5.7M        28M       3.2G

MemTotal:        4016004 kB
MemFree:          125988 kB
Active:           355480 kB
Mem:          3.8G       3.7G       122M       5.7M        28M       3.2G

MemTotal:        4016004 kB
MemFree:          127152 kB
Active:           355496 kB
Mem:          3.8G       3.7G       123M       5.7M        28M       3.2G

MemTotal:        4016004 kB
MemFree:          111516 kB
Active:           355500 kB
Mem:          3.8G       3.7G       107M       5.7M        28M       3.2G

MemTotal:        4016004 kB
MemFree:          105316 kB
Active:           355480 kB
Mem:          3.8G       3.7G       102M       5.7M        28M       3.2G

MemTotal:        4016004 kB
MemFree:          128660 kB
Active:           355192 kB
Mem:          3.8G       3.7G       125M       5.7M        28M       3.2G

MemTotal:        4016004 kB
MemFree:          128660 kB
Active:           355192 kB
Mem:          3.8G       3.7G       125M       5.7M        28M       3.2G

MemTotal:        4016004 kB
MemFree:          128536 kB
Active:           355208 kB
Mem:          3.8G       3.7G       125M       5.7M        28M       3.2G

MemTotal:        4016004 kB
MemFree:          128660 kB
Active:           355208 kB
Mem:          3.8G       3.7G       125M       5.7M        28M       3.2G

MemTotal:        4016004 kB
MemFree:          128536 kB
Active:           355152 kB
Mem:          3.8G       3.7G       125M       5.7M        28M       3.2G

MemTotal:        4016004 kB
MemFree:          128536 kB
Active:           355180 kB
Mem:          3.8G       3.7G       125M       5.7M        28M       3.2G

MemTotal:        4016004 kB
MemFree:          126364 kB
Active:           355176 kB
Mem:          3.8G       3.7G       123M       5.7M        28M       3.2G

MemTotal:        4016004 kB
MemFree:          126488 kB
Active:           357236 kB
Mem:          3.8G       3.7G       123M       5.7M        28M       3.2G

MemTotal:        4016004 kB
MemFree:          126612 kB
Active:           357236 kB
Mem:          3.8G       3.7G       123M       5.7M        28M       3.2G

MemTotal:        4016004 kB
MemFree:          126736 kB
Active:           357220 kB
Mem:          3.8G       3.7G       123M       5.7M        28M       3.2G

MemTotal:        4016004 kB
MemFree:          126860 kB
Active:           357240 kB
Mem:          3.8G       3.7G       123M       5.7M        28M       3.2G

MemTotal:        4016004 kB
MemFree:          126860 kB
Active:           357240 kB
Mem:          3.8G       3.7G       123M       5.7M        28M       3.2G

MemTotal:        4016004 kB
MemFree:          126736 kB
Active:           357236 kB
Mem:          3.8G       3.7G       123M       5.7M        28M       3.2G

MemTotal:        4016004 kB
MemFree:          126736 kB
Active:           357232 kB
Mem:          3.8G       3.7G       123M       5.7M        28M       3.2G

MemTotal:        4016004 kB
MemFree:          126488 kB
Active:           357224 kB
Mem:          3.8G       3.7G       123M       5.7M        28M       3.2G

MemTotal:        4016004 kB
MemFree:          126736 kB
Active:           357240 kB
Mem:          3.8G       3.7G       123M       5.7M        28M       3.2G

MemTotal:        4016004 kB
MemFree:          126612 kB
Active:           357248 kB
Mem:          3.8G       3.7G       123M       5.7M        28M       3.2G

MemTotal:        4016004 kB
MemFree:          126612 kB
Active:           357236 kB
Mem:          3.8G       3.7G       123M       5.7M        28M       3.2G

MemTotal:        4016004 kB
MemFree:          126612 kB
Active:           357256 kB
Mem:          3.8G       3.7G       123M       5.7M        28M       3.2G

MemTotal:        4016004 kB
MemFree:          126736 kB
Active:           357264 kB
Mem:          3.8G       3.7G       123M       5.7M        28M       3.2G

MemTotal:        4016004 kB
MemFree:          126860 kB
Active:           357260 kB
Mem:          3.8G       3.7G       123M       5.7M        28M       3.2G

MemTotal:        4016004 kB
MemFree:          126860 kB
Active:           357248 kB
Mem:          3.8G       3.7G       123M       5.7M        28M       3.2G

MemTotal:        4016004 kB
MemFree:          126612 kB
Active:           357248 kB
Mem:          3.8G       3.7G       123M       5.7M        28M       3.2G

MemTotal:        4016004 kB
MemFree:          126860 kB
Active:           357268 kB
Mem:          3.8G       3.7G       123M       5.7M        28M       3.2G

MemTotal:        4016004 kB
MemFree:          126736 kB
Active:           357228 kB
Mem:          3.8G       3.7G       123M       5.7M        28M       3.2G

MemTotal:        4016004 kB
MemFree:          126576 kB
Active:           357240 kB
Mem:          3.8G       3.7G       123M       5.7M        28M       3.2G

MemTotal:        4016004 kB
MemFree:          126452 kB
Active:           357276 kB
Mem:          3.8G       3.7G       123M       5.7M        28M       3.2G

MemTotal:        4016004 kB
MemFree:          126236 kB
Active:           357288 kB
Mem:          3.8G       3.7G       123M       5.7M        28M       3.2G

MemTotal:        4016004 kB
MemFree:          126488 kB
Active:           357256 kB
Mem:          3.8G       3.7G       123M       5.7M        28M       3.2G

MemTotal:        4016004 kB
MemFree:          126488 kB
Active:           357256 kB
Mem:          3.8G       3.7G       123M       5.7M        28M       3.2G

MemTotal:        4016004 kB
MemFree:          126488 kB
Active:           357300 kB
Mem:          3.8G       3.7G       123M       5.7M        28M       3.2G

MemTotal:        4016004 kB
MemFree:          126736 kB
Active:           357296 kB
Mem:          3.8G       3.7G       123M       5.7M        28M       3.2G

MemTotal:        4016004 kB
MemFree:          126612 kB
Active:           357268 kB
Mem:          3.8G       3.7G       123M       5.7M        28M       3.2G

MemTotal:        4016004 kB
MemFree:          126736 kB
Active:           357300 kB
Mem:          3.8G       3.7G       123M       5.7M        28M       3.2G

MemTotal:        4016004 kB
MemFree:          126612 kB
Active:           357280 kB
Mem:          3.8G       3.7G       123M       5.7M        28M       3.2G

MemTotal:        4016004 kB
MemFree:          126612 kB
Active:           357296 kB
Mem:          3.8G       3.7G       123M       5.7M        28M       3.2G

MemTotal:        4016004 kB
MemFree:          126736 kB
Active:           357260 kB
Mem:          3.8G       3.7G       123M       5.7M        28M       3.2G

MemTotal:        4016004 kB
MemFree:          126612 kB
Active:           357288 kB
Mem:          3.8G       3.7G       123M       5.7M        28M       3.2G

MemTotal:        4016004 kB
MemFree:          126612 kB
Active:           357344 kB
Mem:          3.8G       3.7G       123M       5.7M        28M       3.2G

MemTotal:        4016004 kB
MemFree:          126612 kB
Active:           357344 kB
Mem:          3.8G       3.7G       123M       5.7M        28M       3.2G

MemTotal:        4016004 kB
MemFree:          126364 kB
Active:           357336 kB
Mem:          3.8G       3.7G       123M       5.7M        28M       3.2G

MemTotal:        4016004 kB
MemFree:          126488 kB
Active:           357336 kB
Mem:          3.8G       3.7G       123M       5.7M        28M       3.2G

MemTotal:        4016004 kB
MemFree:          126488 kB
Active:           357348 kB
Mem:          3.8G       3.7G       123M       5.7M        28M       3.2G

MemTotal:        4016004 kB
MemFree:          126364 kB
Active:           357292 kB
Mem:          3.8G       3.7G       123M       5.7M        28M       3.2G

MemTotal:        4016004 kB
MemFree:          126488 kB
Active:           357308 kB
Mem:          3.8G       3.7G       123M       5.7M        28M       3.2G

MemTotal:        4016004 kB
MemFree:          126736 kB
Active:           357324 kB
Mem:          3.8G       3.7G       123M       5.7M        28M       3.2G

MemTotal:        4016004 kB
MemFree:          126596 kB
Active:           357356 kB
Mem:          3.8G       3.7G       123M       5.7M        28M       3.2G

MemTotal:        4016004 kB
MemFree:          126472 kB
Active:           357356 kB
Mem:          3.8G       3.7G       123M       5.7M        28M       3.2G

MemTotal:        4016004 kB
MemFree:          126720 kB
Active:           357348 kB
Mem:          3.8G       3.7G       123M       5.7M        28M       3.2G

MemTotal:        4016004 kB
MemFree:          126100 kB
Active:           357364 kB
Mem:          3.8G       3.7G       123M       5.7M        28M       3.2G

MemTotal:        4016004 kB
MemFree:          126472 kB
Active:           357312 kB
Mem:          3.8G       3.7G       123M       5.7M        28M       3.2G

MemTotal:        4016004 kB
MemFree:          126472 kB
Active:           357340 kB
Mem:          3.8G       3.7G       123M       5.7M        28M       3.2G

MemTotal:        4016004 kB
MemFree:          126472 kB
Active:           357328 kB
Mem:          3.8G       3.7G       123M       5.7M        28M       3.2G

MemTotal:        4016004 kB
MemFree:          126472 kB
Active:           357336 kB
Mem:          3.8G       3.7G       123M       5.7M        28M       3.2G

MemTotal:        4016004 kB
MemFree:          126472 kB
Active:           357348 kB
Mem:          3.8G       3.7G       123M       5.7M        28M       3.2G

MemTotal:        4016004 kB
MemFree:          126472 kB
Active:           357368 kB
Mem:          3.8G       3.7G       123M       5.7M        28M       3.2G

MemTotal:        4016004 kB
MemFree:          126348 kB
Active:           357332 kB
Mem:          3.8G       3.7G       123M       5.7M        28M       3.2G

MemTotal:        4016004 kB
MemFree:          125852 kB
Active:           357392 kB
Mem:          3.8G       3.7G       123M       5.7M        28M       3.2G

MemTotal:        4016004 kB
MemFree:          126348 kB
Active:           357336 kB
Mem:          3.8G       3.7G       123M       5.7M        28M       3.2G

MemTotal:        4016004 kB
MemFree:          126472 kB
Active:           357348 kB
Mem:          3.8G       3.7G       123M       5.7M        28M       3.2G

MemTotal:        4016004 kB
MemFree:          126348 kB
Active:           357380 kB
Mem:          3.8G       3.7G       123M       5.7M        28M       3.2G

MemTotal:        4016004 kB
MemFree:          126596 kB
Active:           357392 kB
Mem:          3.8G       3.7G       123M       5.7M        28M       3.2G

MemTotal:        4016004 kB
MemFree:          126844 kB
Active:           357404 kB
Mem:          3.8G       3.7G       123M       5.7M        28M       3.2G

MemTotal:        4016004 kB
MemFree:          126844 kB
Active:           357388 kB
Mem:          3.8G       3.7G       123M       5.7M        28M       3.2G

MemTotal:        4016004 kB
MemFree:          127216 kB
Active:           357380 kB
Mem:          3.8G       3.7G       123M       5.7M        28M       3.2G

MemTotal:        4016004 kB
MemFree:          126844 kB
Active:           357404 kB
Mem:          3.8G       3.7G       123M       5.7M        28M       3.2G

MemTotal:        4016004 kB
MemFree:          126844 kB
Active:           357416 kB
Mem:          3.8G       3.7G       123M       5.7M        28M       3.2G

MemTotal:        4016004 kB
MemFree:          126720 kB
Active:           357360 kB
Mem:          3.8G       3.7G       123M       5.7M        28M       3.2G

MemTotal:        4016004 kB
MemFree:          126720 kB
Active:           357388 kB
Mem:          3.8G       3.7G       123M       5.7M        28M       3.2G

MemTotal:        4016004 kB
MemFree:          126596 kB
Active:           357372 kB
Mem:          3.8G       3.7G       123M       5.7M        28M       3.2G

MemTotal:        4016004 kB
MemFree:          126596 kB
Active:           357384 kB
Mem:          3.8G       3.7G       123M       5.7M        28M       3.2G

MemTotal:        4016004 kB
MemFree:          126472 kB
Active:           357408 kB
Mem:          3.8G       3.7G       123M       5.7M        28M       3.2G

MemTotal:        4016004 kB
MemFree:          126596 kB
Active:           357412 kB
Mem:          3.8G       3.7G       123M       5.7M        28M       3.2G

MemTotal:        4016004 kB
MemFree:          126472 kB
Active:           357416 kB
Mem:          3.8G       3.7G       123M       5.7M        28M       3.2G

MemTotal:        4016004 kB
MemFree:          126596 kB
Active:           357380 kB
Mem:          3.8G       3.7G       123M       5.7M        28M       3.2G

MemTotal:        4016004 kB
MemFree:          126472 kB
Active:           357424 kB
Mem:          3.8G       3.7G       123M       5.7M        28M       3.2G

MemTotal:        4016004 kB
MemFree:          126596 kB
Active:           357396 kB
Mem:          3.8G       3.7G       123M       5.7M        28M       3.2G

MemTotal:        4016004 kB
MemFree:          126488 kB
Active:           357432 kB
Mem:          3.8G       3.7G       123M       5.7M        28M       3.2G

MemTotal:        4016004 kB
MemFree:          126364 kB
Active:           357388 kB
Mem:          3.8G       3.7G       123M       5.7M        28M       3.2G

MemTotal:        4016004 kB
MemFree:          126224 kB
Active:           357540 kB
Mem:          3.8G       3.7G       123M       5.7M        28M       3.2G

MemTotal:        4016004 kB
MemFree:          126224 kB
Active:           357536 kB
Mem:          3.8G       3.7G       123M       5.7M        28M       3.2G

MemTotal:        4016004 kB
MemFree:          126224 kB
Active:           357688 kB
Mem:          3.8G       3.7G       123M       5.7M        28M       3.2G

MemTotal:        4016004 kB
MemFree:          126952 kB
Active:           357576 kB
Mem:          3.8G       3.7G       124M       5.7M        28M       3.2G

MemTotal:        4016004 kB
MemFree:          126828 kB
Active:           357584 kB
Mem:          3.8G       3.7G       123M       5.7M        28M       3.2G

MemTotal:        4016004 kB
MemFree:          126828 kB
Active:           357604 kB
Mem:          3.8G       3.7G       124M       5.7M        28M       3.2G

MemTotal:        4016004 kB
MemFree:          127200 kB
Active:           357604 kB
Mem:          3.8G       3.7G       124M       5.7M        28M       3.2G

MemTotal:        4016004 kB
MemFree:          126952 kB
Active:           357608 kB
Mem:          3.8G       3.7G       123M       5.7M        28M       3.2G

MemTotal:        4016004 kB
MemFree:          126704 kB
Active:           357592 kB
Mem:          3.8G       3.7G       123M       5.7M        28M       3.2G

MemTotal:        4016004 kB
MemFree:          126456 kB
Active:           357576 kB
Mem:          3.8G       3.7G       123M       5.7M        28M       3.2G

MemTotal:        4016004 kB
MemFree:          126464 kB
Active:           357576 kB
Mem:          3.8G       3.7G       123M       5.7M        28M       3.2G

MemTotal:        4016004 kB
MemFree:          126588 kB
Active:           357580 kB
Mem:          3.8G       3.7G       123M       5.7M        28M       3.2G

MemTotal:        4016004 kB
MemFree:          126588 kB
Active:           357580 kB
Mem:          3.8G       3.7G       123M       5.7M        28M       3.2G

MemTotal:        4016004 kB
MemFree:          126216 kB
Active:           357576 kB
Mem:          3.8G       3.7G       123M       5.7M        28M       3.2G

MemTotal:        4016004 kB
MemFree:          126588 kB
Active:           357596 kB
Mem:          3.8G       3.7G       123M       5.7M        28M       3.2G

MemTotal:        4016004 kB
MemFree:          126340 kB
Active:           357624 kB
Mem:          3.8G       3.7G       123M       5.7M        28M       3.2G

MemTotal:        4016004 kB
MemFree:          126340 kB
Active:           357612 kB
Mem:          3.8G       3.7G       123M       5.7M        28M       3.2G

MemTotal:        4016004 kB
MemFree:          126340 kB
Active:           357616 kB
Mem:          3.8G       3.7G       123M       5.7M        28M       3.2G

MemTotal:        4016004 kB
MemFree:          126092 kB
Active:           357620 kB
Mem:          3.8G       3.7G       123M       5.7M        28M       3.2G

MemTotal:        4016004 kB
MemFree:          126108 kB
Active:           357576 kB
Mem:          3.8G       3.7G       122M       5.7M        28M       3.2G

MemTotal:        4016004 kB
MemFree:          125984 kB
Active:           357592 kB
Mem:          3.8G       3.7G       123M       5.7M        28M       3.2G

MemTotal:        4016004 kB
MemFree:          126108 kB
Active:           357604 kB
Mem:          3.8G       3.7G       122M       5.7M        28M       3.2G

MemTotal:        4016004 kB
MemFree:          126108 kB
Active:           357592 kB
Mem:          3.8G       3.7G       123M       5.7M        28M       3.2G

MemTotal:        4016004 kB
MemFree:          126232 kB
Active:           357588 kB
Mem:          3.8G       3.7G       123M       5.7M        28M       3.2G

MemTotal:        4016004 kB
MemFree:          126232 kB
Active:           357592 kB
Mem:          3.8G       3.7G       123M       5.7M        28M       3.2G

MemTotal:        4016004 kB
MemFree:          126108 kB
Active:           357584 kB
Mem:          3.8G       3.7G       123M       5.7M        28M       3.2G

MemTotal:        4016004 kB
MemFree:          126108 kB
Active:           357616 kB
Mem:          3.8G       3.7G       123M       5.7M        28M       3.2G

MemTotal:        4016004 kB
MemFree:          126108 kB
Active:           357636 kB
Mem:          3.8G       3.7G       123M       5.7M        28M       3.2G

MemTotal:        4016004 kB
MemFree:          126232 kB
Active:           357644 kB
Mem:          3.8G       3.7G       123M       5.7M        28M       3.2G

MemTotal:        4016004 kB
MemFree:          126108 kB
Active:           357612 kB
Mem:          3.8G       3.7G       123M       5.7M        28M       3.2G

MemTotal:        4016004 kB
MemFree:          126232 kB
Active:           357628 kB
Mem:          3.8G       3.7G       123M       5.7M        28M       3.2G

MemTotal:        4016004 kB
MemFree:          125860 kB
Active:           357632 kB
Mem:          3.8G       3.7G       123M       5.7M        28M       3.2G

MemTotal:        4016004 kB
MemFree:          125860 kB
Active:           357656 kB
Mem:          3.8G       3.7G       123M       5.7M        28M       3.2G

MemTotal:        4016004 kB
MemFree:          126232 kB
Active:           357660 kB
Mem:          3.8G       3.7G       123M       5.7M        28M       3.2G

MemTotal:        4016004 kB
MemFree:          126232 kB
Active:           357608 kB
Mem:          3.8G       3.7G       123M       5.7M        28M       3.2G

MemTotal:        4016004 kB
MemFree:          126232 kB
Active:           357648 kB
Mem:          3.8G       3.7G       123M       5.7M        28M       3.2G

MemTotal:        4016004 kB
MemFree:          126232 kB
Active:           357640 kB
Mem:          3.8G       3.7G       123M       5.7M        28M       3.2G

MemTotal:        4016004 kB
MemFree:          126108 kB
Active:           357644 kB
Mem:          3.8G       3.7G       123M       5.7M        28M       3.2G

MemTotal:        4016004 kB
MemFree:          126604 kB
Active:           357652 kB
Mem:          3.8G       3.7G       123M       5.7M        28M       3.2G

MemTotal:        4016004 kB
MemFree:          126604 kB
Active:           357656 kB
Mem:          3.8G       3.7G       123M       5.7M        28M       3.2G

MemTotal:        4016004 kB
MemFree:          127100 kB
Active:           357656 kB
Mem:          3.8G       3.7G       124M       5.7M        28M       3.2G

MemTotal:        4016004 kB
MemFree:          126852 kB
Active:           357656 kB
Mem:          3.8G       3.7G       123M       5.7M        28M       3.2G

MemTotal:        4016004 kB
MemFree:          126356 kB
Active:           357668 kB
Mem:          3.8G       3.7G       123M       5.7M        28M       3.2G

MemTotal:        4016004 kB
MemFree:          126232 kB
Active:           357628 kB
Mem:          3.8G       3.7G       123M       5.7M        28M       3.2G

MemTotal:        4016004 kB
MemFree:          126232 kB
Active:           357660 kB
Mem:          3.8G       3.7G       123M       5.7M        28M       3.2G

MemTotal:        4016004 kB
MemFree:          126108 kB
Active:           357684 kB
Mem:          3.8G       3.7G       123M       5.7M        28M       3.2G

MemTotal:        4016004 kB
MemFree:          125984 kB
Active:           357668 kB
Mem:          3.8G       3.7G       123M       5.7M        28M       3.2G

MemTotal:        4016004 kB
MemFree:          126108 kB
Active:           357676 kB
Mem:          3.8G       3.7G       123M       5.7M        28M       3.2G

MemTotal:        4016004 kB
MemFree:          126232 kB
Active:           357684 kB
Mem:          3.8G       3.7G       123M       5.7M        28M       3.2G

MemTotal:        4016004 kB
MemFree:          126356 kB
Active:           357640 kB
Mem:          3.8G       3.7G       123M       5.7M        28M       3.2G

MemTotal:        4016004 kB
MemFree:          125984 kB
Active:           357640 kB
Mem:          3.8G       3.7G       123M       5.7M        28M       3.2G

MemTotal:        4016004 kB
MemFree:          125984 kB
Active:           357660 kB
Mem:          3.8G       3.7G       123M       5.7M        28M       3.2G

MemTotal:        4016004 kB
MemFree:          125984 kB
Active:           357656 kB
Mem:          3.8G       3.7G       123M       5.7M        28M       3.2G

MemTotal:        4016004 kB
MemFree:          126604 kB
Active:           357652 kB
Mem:          3.8G       3.7G       123M       5.7M        28M       3.2G

MemTotal:        4016004 kB
MemFree:          126232 kB
Active:           357700 kB
Mem:          3.8G       3.7G       123M       5.7M        28M       3.2G

MemTotal:        4016004 kB
MemFree:          126356 kB
Active:           357700 kB
Mem:          3.8G       3.7G       123M       5.7M        28M       3.2G

MemTotal:        4016004 kB
MemFree:          126232 kB
Active:           357660 kB
Mem:          3.8G       3.7G       122M       5.7M        28M       3.2G

MemTotal:        4016004 kB
MemFree:          126232 kB
Active:           357648 kB
Mem:          3.8G       3.7G       123M       5.7M        28M       3.2G

MemTotal:        4016004 kB
MemFree:          126108 kB
Active:           357680 kB
Mem:          3.8G       3.7G       123M       5.7M        28M       3.2G

MemTotal:        4016004 kB
MemFree:          126232 kB
Active:           357680 kB
Mem:          3.8G       3.7G       123M       5.7M        28M       3.2G

MemTotal:        4016004 kB
MemFree:          126108 kB
Active:           357712 kB
Mem:          3.8G       3.7G       123M       5.7M        28M       3.2G

MemTotal:        4016004 kB
MemFree:          125984 kB
Active:           357692 kB
Mem:          3.8G       3.7G       123M       5.7M        28M       3.2G

MemTotal:        4016004 kB
MemFree:          125984 kB
Active:           357704 kB
Mem:          3.8G       3.7G       123M       5.7M        28M       3.2G

MemTotal:        4016004 kB
MemFree:          125984 kB
Active:           357712 kB
Mem:          3.8G       3.7G       122M       5.7M        28M       3.2G

MemTotal:        4016004 kB
MemFree:          125984 kB
Active:           357704 kB
Mem:          3.8G       3.7G       123M       5.7M        28M       3.2G

MemTotal:        4016004 kB
MemFree:          126232 kB
Active:           357680 kB
Mem:          3.8G       3.7G       123M       5.7M        28M       3.2G

MemTotal:        4016004 kB
MemFree:          126356 kB
Active:           357684 kB
Mem:          3.8G       3.7G       123M       5.7M        28M       3.2G

MemTotal:        4016004 kB
MemFree:          125984 kB
Active:           357700 kB
Mem:          3.8G       3.7G       122M       5.7M        28M       3.2G

MemTotal:        4016004 kB
MemFree:          126108 kB
Active:           357696 kB
Mem:          3.8G       3.7G       123M       5.7M        28M       3.2G

MemTotal:        4016004 kB
MemFree:          125984 kB
Active:           357692 kB
Mem:          3.8G       3.7G       122M       5.7M        28M       3.2G

MemTotal:        4016004 kB
MemFree:          125984 kB
Active:           357688 kB
Mem:          3.8G       3.7G       123M       5.7M        28M       3.2G

MemTotal:        4016004 kB
MemFree:          126108 kB
Active:           357724 kB
Mem:          3.8G       3.7G       123M       5.7M        28M       3.2G

MemTotal:        4016004 kB
MemFree:          126232 kB
Active:           357724 kB
Mem:          3.8G       3.7G       123M       5.7M        28M       3.2G

MemTotal:        4016004 kB
MemFree:          126232 kB
Active:           357736 kB
Mem:          3.8G       3.7G       123M       5.7M        28M       3.2G

MemTotal:        4016004 kB
MemFree:          126108 kB
Active:           357700 kB
Mem:          3.8G       3.7G       122M       5.7M        28M       3.2G

MemTotal:        4016004 kB
MemFree:          126108 kB
Active:           357696 kB
Mem:          3.8G       3.7G       123M       5.7M        28M       3.2G

MemTotal:        4016004 kB
MemFree:          125984 kB
Active:           357684 kB
Mem:          3.8G       3.7G       122M       5.7M        28M       3.2G

MemTotal:        4016004 kB
MemFree:          125984 kB
Active:           357688 kB
Mem:          3.8G       3.7G       123M       5.7M        28M       3.2G

MemTotal:        4016004 kB
MemFree:          126604 kB
Active:           357716 kB
Mem:          3.8G       3.7G       123M       5.7M        28M       3.2G

MemTotal:        4016004 kB
MemFree:          126356 kB
Active:           357740 kB
Mem:          3.8G       3.7G       123M       5.7M        28M       3.2G

MemTotal:        4016004 kB
MemFree:          125232 kB
Active:           357716 kB
Mem:          3.8G       3.7G       122M       5.7M        28M       3.2G

MemTotal:        4016004 kB
MemFree:          125720 kB
Active:           357860 kB
Mem:          3.8G       3.7G       122M       5.7M        28M       3.2G

MemTotal:        4016004 kB
MemFree:          125720 kB
Active:           357856 kB
Mem:          3.8G       3.7G       123M       5.7M        28M       3.2G

MemTotal:        4016004 kB
MemFree:          125720 kB
Active:           357864 kB
Mem:          3.8G       3.7G       122M       5.7M        28M       3.2G

MemTotal:        4016004 kB
MemFree:          125596 kB
Active:           357840 kB
Mem:          3.8G       3.7G       122M       5.7M        28M       3.2G

MemTotal:        4016004 kB
MemFree:          125596 kB
Active:           357828 kB
Mem:          3.8G       3.7G       122M       5.7M        28M       3.2G

MemTotal:        4016004 kB
MemFree:          125348 kB
Active:           357828 kB
Mem:          3.8G       3.7G       122M       5.7M        28M       3.2G

MemTotal:        4016004 kB
MemFree:          125472 kB
Active:           357824 kB
Mem:          3.8G       3.7G       122M       5.7M        28M       3.2G

MemTotal:        4016004 kB
MemFree:          125224 kB
Active:           357880 kB
Mem:          3.8G       3.7G       122M       5.7M        28M       3.2G

MemTotal:        4016004 kB
MemFree:          125472 kB
Active:           357836 kB
Mem:          3.8G       3.7G       122M       5.7M        28M       3.2G

MemTotal:        4016004 kB
MemFree:          125596 kB
Active:           357884 kB
Mem:          3.8G       3.7G       122M       5.7M        28M       3.2G

MemTotal:        4016004 kB
MemFree:          125844 kB
Active:           357828 kB
Mem:          3.8G       3.7G       122M       5.7M        28M       3.2G

MemTotal:        4016004 kB
MemFree:          125720 kB
Active:           357844 kB
Mem:          3.8G       3.7G       122M       5.7M        28M       3.2G

MemTotal:        4016004 kB
MemFree:          125844 kB
Active:           357864 kB
Mem:          3.8G       3.7G       122M       5.7M        28M       3.2G

MemTotal:        4016004 kB
MemFree:          125844 kB
Active:           357868 kB
Mem:          3.8G       3.7G       122M       5.7M        28M       3.2G

MemTotal:        4016004 kB
MemFree:          125844 kB
Active:           357856 kB
Mem:          3.8G       3.7G       122M       5.7M        28M       3.2G

MemTotal:        4016004 kB
MemFree:          125720 kB
Active:           357888 kB
Mem:          3.8G       3.7G       122M       5.7M        28M       3.2G

MemTotal:        4016004 kB
MemFree:          125348 kB
Active:           357896 kB
Mem:          3.8G       3.7G       122M       5.7M        28M       3.2G

MemTotal:        4016004 kB
MemFree:          125720 kB
Active:           357848 kB
Mem:          3.8G       3.7G       122M       5.7M        28M       3.2G

MemTotal:        4016004 kB
MemFree:          125596 kB
Active:           357852 kB
Mem:          3.8G       3.7G       122M       5.7M        28M       3.2G

MemTotal:        4016004 kB
MemFree:          125596 kB
Active:           357840 kB
Mem:          3.8G       3.7G       122M       5.7M        28M       3.2G

MemTotal:        4016004 kB
MemFree:          125720 kB
Active:           357880 kB
Mem:          3.8G       3.7G       122M       5.7M        28M       3.2G

MemTotal:        4016004 kB
MemFree:          125348 kB
Active:           357872 kB
Mem:          3.8G       3.7G       122M       5.7M        28M       3.2G

MemTotal:        4016004 kB
MemFree:          125348 kB
Active:           357900 kB
Mem:          3.8G       3.7G       122M       5.7M        28M       3.2G

MemTotal:        4016004 kB
MemFree:          125472 kB
Active:           357872 kB
Mem:          3.8G       3.7G       122M       5.7M        28M       3.2G

MemTotal:        4016004 kB
MemFree:          125348 kB
Active:           357888 kB
Mem:          3.8G       3.7G       122M       5.7M        28M       3.2G

MemTotal:        4016004 kB
MemFree:          125224 kB
Active:           357896 kB
Mem:          3.8G       3.7G       122M       5.7M        28M       3.2G

MemTotal:        4016004 kB
MemFree:          125348 kB
Active:           357880 kB
Mem:          3.8G       3.7G       122M       5.7M        28M       3.2G

MemTotal:        4016004 kB
MemFree:          125472 kB
Active:           357872 kB
Mem:          3.8G       3.7G       122M       5.7M        28M       3.2G

MemTotal:        4016004 kB
MemFree:          125596 kB
Active:           357856 kB
Mem:          3.8G       3.7G       122M       5.7M        28M       3.2G

MemTotal:        4016004 kB
MemFree:          125596 kB
Active:           357884 kB
Mem:          3.8G       3.7G       122M       5.7M        28M       3.2G

MemTotal:        4016004 kB
MemFree:          125596 kB
Active:           357904 kB
Mem:          3.8G       3.7G       122M       5.7M        28M       3.2G

MemTotal:        4016004 kB
MemFree:          125596 kB
Active:           357908 kB
Mem:          3.8G       3.7G       122M       5.7M        28M       3.2G

MemTotal:        4016004 kB
MemFree:          125720 kB
Active:           357892 kB
Mem:          3.8G       3.7G       122M       5.7M        28M       3.2G

MemTotal:        4016004 kB
MemFree:          125472 kB
Active:           357904 kB
Mem:          3.8G       3.7G       122M       5.7M        28M       3.2G

MemTotal:        4016004 kB
MemFree:          125472 kB
Active:           357908 kB
Mem:          3.8G       3.7G       122M       5.7M        28M       3.2G

MemTotal:        4016004 kB
MemFree:          125348 kB
Active:           357868 kB
Mem:          3.8G       3.7G       122M       5.7M        28M       3.2G

MemTotal:        4016004 kB
MemFree:          125348 kB
Active:           357904 kB
Mem:          3.8G       3.7G       122M       5.7M        28M       3.2G

MemTotal:        4016004 kB
MemFree:          125596 kB
Active:           357912 kB
Mem:          3.8G       3.7G       122M       5.7M        28M       3.2G

MemTotal:        4016004 kB
MemFree:          125596 kB
Active:           357912 kB
Mem:          3.8G       3.7G       122M       5.7M        28M       3.2G

MemTotal:        4016004 kB
MemFree:          126624 kB
Active:           357504 kB
Mem:          3.8G       3.7G       123M       5.7M        28M       3.2G

MemTotal:        4016004 kB
MemFree:          126748 kB
Active:           357492 kB
Mem:          3.8G       3.7G       123M       5.7M        28M       3.2G

MemTotal:        4016004 kB
MemFree:          127244 kB
Active:           357500 kB
Mem:          3.8G       3.7G       124M       5.7M        28M       3.2G

MemTotal:        4016004 kB
MemFree:          127368 kB
Active:           357500 kB
Mem:          3.8G       3.7G       124M       5.7M        28M       3.2G

MemTotal:        4016004 kB
MemFree:          126872 kB
Active:           357548 kB
Mem:          3.8G       3.7G       124M       5.7M        28M       3.2G

MemTotal:        4016004 kB
MemFree:          126872 kB
Active:           357548 kB
Mem:          3.8G       3.7G       123M       5.7M        28M       3.2G

MemTotal:        4016004 kB
MemFree:          126872 kB
Active:           357524 kB
Mem:          3.8G       3.7G       123M       5.7M        28M       3.2G

MemTotal:        4016004 kB
MemFree:          126748 kB
Active:           357516 kB
Mem:          3.8G       3.7G       123M       5.7M        28M       3.2G

MemTotal:        4016004 kB
MemFree:          126996 kB
Active:           357560 kB
Mem:          3.8G       3.7G       123M       5.7M        28M       3.2G

MemTotal:        4016004 kB
MemFree:          126500 kB
Active:           357564 kB
Mem:          3.8G       3.7G       123M       5.7M        28M       3.2G

MemTotal:        4016004 kB
MemFree:          126748 kB
Active:           357552 kB
Mem:          3.8G       3.7G       123M       5.7M        28M       3.2G

MemTotal:        4016004 kB
MemFree:          126872 kB
Active:           357520 kB
Mem:          3.8G       3.7G       124M       5.7M        28M       3.2G

MemTotal:        4016004 kB
MemFree:          127120 kB
Active:           357516 kB
Mem:          3.8G       3.7G       124M       5.7M        28M       3.2G

MemTotal:        4016004 kB
MemFree:          127244 kB
Active:           357548 kB
Mem:          3.8G       3.7G       124M       5.7M        28M       3.2G

MemTotal:        4016004 kB
MemFree:          127120 kB
Active:           357540 kB
Mem:          3.8G       3.7G       124M       5.7M        28M       3.2G

MemTotal:        4016004 kB
MemFree:          127120 kB
Active:           357532 kB
Mem:          3.8G       3.7G       124M       5.7M        28M       3.2G

MemTotal:        4016004 kB
MemFree:          126996 kB
Active:           357548 kB
Mem:          3.8G       3.7G       124M       5.7M        28M       3.2G

MemTotal:        4016004 kB
MemFree:          127244 kB
Active:           357540 kB
Mem:          3.8G       3.7G       124M       5.7M        28M       3.2G

MemTotal:        4016004 kB
MemFree:          126748 kB
Active:           357576 kB
Mem:          3.8G       3.7G       123M       5.7M        28M       3.2G

MemTotal:        4016004 kB
MemFree:          126872 kB
Active:           357524 kB
Mem:          3.8G       3.7G       123M       5.7M        28M       3.2G

MemTotal:        4016004 kB
MemFree:          126892 kB
Active:           357568 kB
Mem:          3.8G       3.7G       123M       5.7M        28M       3.2G

MemTotal:        4016004 kB
MemFree:          127016 kB
Active:           357556 kB
Mem:          3.8G       3.7G       124M       5.7M        28M       3.2G

MemTotal:        4016004 kB
MemFree:          127016 kB
Active:           357584 kB
Mem:          3.8G       3.7G       124M       5.7M        28M       3.2G

MemTotal:        4016004 kB
MemFree:          127264 kB
Active:           357540 kB
Mem:          3.8G       3.7G       124M       5.7M        28M       3.2G

MemTotal:        4016004 kB
MemFree:          127388 kB
Active:           357576 kB
Mem:          3.8G       3.7G       124M       5.7M        28M       3.2G

MemTotal:        4016004 kB
MemFree:          126892 kB
Active:           357600 kB
Mem:          3.8G       3.7G       124M       5.7M        28M       3.2G

MemTotal:        4016004 kB
MemFree:          126892 kB
Active:           357552 kB
Mem:          3.8G       3.7G       123M       5.7M        28M       3.2G

MemTotal:        4016004 kB
MemFree:          126892 kB
Active:           357584 kB
Mem:          3.8G       3.7G       123M       5.7M        28M       3.2G

MemTotal:        4016004 kB
MemFree:          127016 kB
Active:           357580 kB
Mem:          3.8G       3.7G       123M       5.7M        28M       3.2G

MemTotal:        4016004 kB
MemFree:          126520 kB
Active:           357600 kB
