MemTotal:        4016004 kB
MemFree:         3229880 kB
Active:           431088 kB
Mem:          3.8G       767M       3.1G       5.7M        52M       322M

MemTotal:        4016004 kB
MemFree:         3229600 kB
Active:           431344 kB
Mem:          3.8G       768M       3.1G       5.7M        52M       322M

MemTotal:        4016004 kB
MemFree:         3229088 kB
Active:           431436 kB
Mem:          3.8G       768M       3.1G       5.7M        52M       322M

MemTotal:        4016004 kB
MemFree:         3229072 kB
Active:           431440 kB
Mem:          3.8G       768M       3.1G       5.7M        52M       322M

MemTotal:        4016004 kB
MemFree:         3229056 kB
Active:           431444 kB
Mem:          3.8G       768M       3.1G       5.7M        52M       322M

MemTotal:        4016004 kB
MemFree:         3228560 kB
Active:           431460 kB
Mem:          3.8G       769M       3.1G       5.7M        52M       322M

MemTotal:        4016004 kB
MemFree:         3228932 kB
Active:           431436 kB
Mem:          3.8G       768M       3.1G       5.7M        52M       322M

MemTotal:        4016004 kB
MemFree:         3228684 kB
Active:           431468 kB
Mem:          3.8G       769M       3.1G       5.7M        52M       322M

MemTotal:        4016004 kB
MemFree:         3228436 kB
Active:           431468 kB
Mem:          3.8G       768M       3.1G       5.7M        52M       322M

MemTotal:        4016004 kB
MemFree:         3228436 kB
Active:           431416 kB
Mem:          3.8G       769M       3.1G       5.7M        52M       322M

MemTotal:        4016004 kB
MemFree:         3228436 kB
Active:           431432 kB
Mem:          3.8G       769M       3.1G       5.7M        52M       322M

MemTotal:        4016004 kB
MemFree:         3228436 kB
Active:           431440 kB
Mem:          3.8G       769M       3.1G       5.7M        52M       322M

MemTotal:        4016004 kB
MemFree:         3228080 kB
Active:           431468 kB
Mem:          3.8G       769M       3.1G       5.7M        52M       322M

MemTotal:        4016004 kB
MemFree:         3228576 kB
Active:           431440 kB
Mem:          3.8G       768M       3.1G       5.7M        52M       322M

MemTotal:        4016004 kB
MemFree:         3230716 kB
Active:           429444 kB
Mem:          3.8G       767M       3.1G       5.7M        52M       322M

MemTotal:        4016004 kB
MemFree:         3230840 kB
Active:           429412 kB
Mem:          3.8G       766M       3.1G       5.7M        52M       322M

MemTotal:        4016004 kB
MemFree:         3230716 kB
Active:           429424 kB
Mem:          3.8G       766M       3.1G       5.7M        52M       322M

MemTotal:        4016004 kB
MemFree:         3231196 kB
Active:           429424 kB
Mem:          3.8G       766M       3.1G       5.7M        52M       322M

MemTotal:        4016004 kB
MemFree:         3231072 kB
Active:           429404 kB
Mem:          3.8G       766M       3.1G       5.7M        52M       322M

MemTotal:        4016004 kB
MemFree:         3230824 kB
Active:           429416 kB
Mem:          3.8G       766M       3.1G       5.7M        52M       322M

MemTotal:        4016004 kB
MemFree:         3230560 kB
Active:           429404 kB
Mem:          3.8G       767M       3.1G       5.7M        52M       322M

MemTotal:        4016004 kB
MemFree:         3230792 kB
Active:           429396 kB
Mem:          3.8G       766M       3.1G       5.7M        52M       322M

MemTotal:        4016004 kB
MemFree:         3230776 kB
Active:           429448 kB
Mem:          3.8G       766M       3.1G       5.7M        52M       322M

MemTotal:        4016004 kB
MemFree:         3230084 kB
Active:           427604 kB
Mem:          3.8G       767M       3.1G       5.7M        52M       322M

MemTotal:        4016004 kB
MemFree:         3230448 kB
Active:           429428 kB
Mem:          3.8G       767M       3.1G       5.7M        52M       322M

MemTotal:        4016004 kB
MemFree:         3231052 kB
Active:           429432 kB
Mem:          3.8G       766M       3.1G       5.7M        52M       322M

MemTotal:        4016004 kB
MemFree:         3230912 kB
Active:           429420 kB
Mem:          3.8G       766M       3.1G       5.7M        52M       322M

MemTotal:        4016004 kB
MemFree:         3231160 kB
Active:           429416 kB
Mem:          3.8G       766M       3.1G       5.7M        52M       322M

MemTotal:        4016004 kB
MemFree:         3230788 kB
Active:           429472 kB
Mem:          3.8G       766M       3.1G       5.7M        52M       322M

MemTotal:        4016004 kB
MemFree:         3230912 kB
Active:           429464 kB
Mem:          3.8G       766M       3.1G       5.7M        52M       322M

MemTotal:        4016004 kB
MemFree:         3231160 kB
Active:           429436 kB
Mem:          3.8G       766M       3.1G       5.7M        52M       322M

MemTotal:        4016004 kB
MemFree:         3231224 kB
Active:           429468 kB
Mem:          3.8G       766M       3.1G       5.7M        52M       322M

MemTotal:        4016004 kB
MemFree:         3231224 kB
Active:           429464 kB
Mem:          3.8G       766M       3.1G       5.7M        52M       322M

MemTotal:        4016004 kB
MemFree:         3229300 kB
Active:           429448 kB
Mem:          3.8G       768M       3.1G       5.7M        52M       322M

MemTotal:        4016004 kB
MemFree:         3228944 kB
Active:           431472 kB
Mem:          3.8G       768M       3.1G       5.7M        52M       322M

MemTotal:        4016004 kB
MemFree:         3228804 kB
Active:           431468 kB
Mem:          3.8G       768M       3.1G       5.7M        52M       322M

MemTotal:        4016004 kB
MemFree:         3228772 kB
Active:           431452 kB
Mem:          3.8G       768M       3.1G       5.7M        52M       322M

MemTotal:        4016004 kB
MemFree:         3228772 kB
Active:           431464 kB
Mem:          3.8G       768M       3.1G       5.7M        52M       322M

MemTotal:        4016004 kB
MemFree:         3228276 kB
Active:           431508 kB
Mem:          3.8G       769M       3.1G       5.7M        52M       322M

MemTotal:        4016004 kB
MemFree:         3228508 kB
Active:           431488 kB
Mem:          3.8G       769M       3.1G       5.7M        52M       322M

MemTotal:        4016004 kB
MemFree:         3228260 kB
Active:           431472 kB
Mem:          3.8G       769M       3.1G       5.7M        52M       322M

MemTotal:        4016004 kB
MemFree:         3228740 kB
Active:           431464 kB
Mem:          3.8G       768M       3.1G       5.7M        52M       322M

MemTotal:        4016004 kB
MemFree:         3228352 kB
Active:           431528 kB
Mem:          3.8G       769M       3.1G       5.7M        52M       322M

MemTotal:        4016004 kB
MemFree:         3228584 kB
Active:           431492 kB
Mem:          3.8G       769M       3.1G       5.7M        52M       322M

MemTotal:        4016004 kB
MemFree:         3228460 kB
Active:           431496 kB
Mem:          3.8G       769M       3.1G       5.7M        52M       322M

MemTotal:        4016004 kB
MemFree:         3228088 kB
Active:           431528 kB
Mem:          3.8G       769M       3.1G       5.7M        52M       322M

MemTotal:        4016004 kB
MemFree:         3228444 kB
Active:           431512 kB
Mem:          3.8G       769M       3.1G       5.7M        52M       322M

MemTotal:        4016004 kB
MemFree:         3229048 kB
Active:           431528 kB
Mem:          3.8G       768M       3.1G       5.7M        52M       322M

MemTotal:        4016004 kB
MemFree:         3228924 kB
Active:           431496 kB
Mem:          3.8G       768M       3.1G       5.7M        52M       322M

MemTotal:        4016004 kB
MemFree:         3228428 kB
Active:           431536 kB
Mem:          3.8G       768M       3.1G       5.7M        52M       322M

MemTotal:        4016004 kB
MemFree:         3228784 kB
Active:           431532 kB
Mem:          3.8G       768M       3.1G       5.7M        52M       322M

MemTotal:        4016004 kB
MemFree:         3228768 kB
Active:           431512 kB
Mem:          3.8G       768M       3.1G       5.7M        52M       322M

MemTotal:        4016004 kB
MemFree:         3228460 kB
Active:           431556 kB
Mem:          3.8G       769M       3.1G       5.7M        52M       322M

MemTotal:        4016004 kB
MemFree:         3228664 kB
Active:           431536 kB
Mem:          3.8G       768M       3.1G       5.7M        52M       322M

MemTotal:        4016004 kB
MemFree:         3228788 kB
Active:           431520 kB
Mem:          3.8G       768M       3.1G       5.7M        52M       322M

MemTotal:        4016004 kB
MemFree:         3228540 kB
Active:           431520 kB
Mem:          3.8G       769M       3.1G       5.7M        52M       322M

MemTotal:        4016004 kB
MemFree:         3228880 kB
Active:           431544 kB
Mem:          3.8G       768M       3.1G       5.7M        52M       322M

MemTotal:        4016004 kB
MemFree:         3228756 kB
Active:           431520 kB
Mem:          3.8G       768M       3.1G       5.7M        52M       322M

MemTotal:        4016004 kB
MemFree:         3228988 kB
Active:           431548 kB
Mem:          3.8G       768M       3.1G       5.7M        52M       322M

MemTotal:        4016004 kB
MemFree:         3229036 kB
Active:           431536 kB
Mem:          3.8G       768M       3.1G       5.7M        52M       322M

MemTotal:        4016004 kB
MemFree:         3228788 kB
Active:           431536 kB
Mem:          3.8G       769M       3.1G       5.7M        52M       322M

MemTotal:        4016004 kB
MemFree:         3228540 kB
Active:           431548 kB
Mem:          3.8G       768M       3.1G       5.7M        52M       322M

MemTotal:        4016004 kB
MemFree:         3228292 kB
Active:           431576 kB
Mem:          3.8G       769M       3.1G       5.7M        52M       322M

MemTotal:        4016004 kB
MemFree:         3226616 kB
Active:           431496 kB
Mem:          3.8G       770M       3.1G       5.7M        52M       322M

MemTotal:        4016004 kB
MemFree:         3226864 kB
Active:           431512 kB
Mem:          3.8G       770M       3.1G       5.7M        52M       322M

MemTotal:        4016004 kB
MemFree:         3226740 kB
Active:           431540 kB
Mem:          3.8G       770M       3.1G       5.7M        52M       322M

MemTotal:        4016004 kB
MemFree:         3226848 kB
Active:           431500 kB
Mem:          3.8G       770M       3.1G       5.7M        52M       322M

MemTotal:        4016004 kB
MemFree:         3227004 kB
Active:           433584 kB
Mem:          3.8G       770M       3.1G       5.7M        52M       322M

MemTotal:        4016004 kB
MemFree:         3227128 kB
Active:           433548 kB
Mem:          3.8G       770M       3.1G       5.7M        52M       322M

MemTotal:        4016004 kB
MemFree:         3227128 kB
Active:           433552 kB
Mem:          3.8G       770M       3.1G       5.7M        52M       322M

MemTotal:        4016004 kB
MemFree:         3227004 kB
Active:           433552 kB
Mem:          3.8G       770M       3.1G       5.7M        52M       322M

MemTotal:        4016004 kB
MemFree:         3227036 kB
Active:           433556 kB
Mem:          3.8G       770M       3.1G       5.7M        52M       322M

MemTotal:        4016004 kB
MemFree:         3227160 kB
Active:           433588 kB
Mem:          3.8G       770M       3.1G       5.7M        52M       322M

MemTotal:        4016004 kB
MemFree:         3226600 kB
Active:           431512 kB
Mem:          3.8G       770M       3.1G       5.7M        52M       322M

MemTotal:        4016004 kB
MemFree:         3226600 kB
Active:           433592 kB
Mem:          3.8G       770M       3.1G       5.7M        52M       322M

MemTotal:        4016004 kB
MemFree:         3226632 kB
Active:           433584 kB
Mem:          3.8G       770M       3.1G       5.7M        52M       322M

MemTotal:        4016004 kB
MemFree:         3226508 kB
Active:           433600 kB
Mem:          3.8G       770M       3.1G       5.7M        52M       322M

MemTotal:        4016004 kB
MemFree:         3226508 kB
Active:           433616 kB
Mem:          3.8G       770M       3.1G       5.7M        52M       322M

MemTotal:        4016004 kB
MemFree:         3226632 kB
Active:           433588 kB
Mem:          3.8G       770M       3.1G       5.7M        52M       322M

MemTotal:        4016004 kB
MemFree:         3226632 kB
Active:           433612 kB
Mem:          3.8G       770M       3.1G       5.7M        52M       322M

MemTotal:        4016004 kB
MemFree:         3226756 kB
Active:           433620 kB
Mem:          3.8G       770M       3.1G       5.7M        52M       322M

MemTotal:        4016004 kB
MemFree:         3226864 kB
Active:           433608 kB
Mem:          3.8G       770M       3.1G       5.7M        52M       322M

MemTotal:        4016004 kB
MemFree:         3225188 kB
Active:           433584 kB
Mem:          3.8G       772M       3.1G       5.7M        52M       322M

MemTotal:        4016004 kB
MemFree:         3224676 kB
Active:           435620 kB
Mem:          3.8G       772M       3.1G       5.7M        52M       322M

MemTotal:        4016004 kB
MemFree:         3224288 kB
Active:           435660 kB
Mem:          3.8G       772M       3.1G       5.7M        52M       322M

MemTotal:        4016004 kB
MemFree:         3224644 kB
Active:           435648 kB
Mem:          3.8G       772M       3.1G       5.7M        52M       322M

MemTotal:        4016004 kB
MemFree:         3224628 kB
Active:           435624 kB
Mem:          3.8G       772M       3.1G       5.7M        52M       322M

MemTotal:        4016004 kB
MemFree:         3225124 kB
Active:           435612 kB
Mem:          3.8G       772M       3.1G       5.7M        52M       322M

MemTotal:        4016004 kB
MemFree:         3224504 kB
Active:           435616 kB
Mem:          3.8G       773M       3.1G       5.7M        52M       322M

MemTotal:        4016004 kB
MemFree:         3224488 kB
Active:           435656 kB
Mem:          3.8G       772M       3.1G       5.7M        52M       322M

MemTotal:        4016004 kB
MemFree:         3224844 kB
Active:           435640 kB
Mem:          3.8G       772M       3.1G       5.7M        52M       322M

MemTotal:        4016004 kB
MemFree:         3224968 kB
Active:           435628 kB
Mem:          3.8G       772M       3.1G       5.7M        52M       322M

MemTotal:        4016004 kB
MemFree:         3224828 kB
Active:           435644 kB
Mem:          3.8G       772M       3.1G       5.7M        52M       322M

MemTotal:        4016004 kB
MemFree:         3224828 kB
Active:           435648 kB
Mem:          3.8G       772M       3.1G       5.7M        52M       322M

MemTotal:        4016004 kB
MemFree:         3224704 kB
Active:           435640 kB
Mem:          3.8G       772M       3.1G       5.7M        52M       322M

MemTotal:        4016004 kB
MemFree:         3224456 kB
Active:           435652 kB
Mem:          3.8G       773M       3.1G       5.7M        52M       322M

MemTotal:        4016004 kB
MemFree:         3223944 kB
Active:           435672 kB
Mem:          3.8G       773M       3.1G       5.7M        52M       322M

MemTotal:        4016004 kB
MemFree:         3224332 kB
Active:           435648 kB
Mem:          3.8G       773M       3.1G       5.7M        52M       322M

MemTotal:        4016004 kB
MemFree:         3224580 kB
Active:           435636 kB
Mem:          3.8G       772M       3.1G       5.7M        52M       322M

MemTotal:        4016004 kB
MemFree:         3224704 kB
Active:           435636 kB
Mem:          3.8G       772M       3.1G       5.7M        52M       322M

MemTotal:        4016004 kB
MemFree:         3224532 kB
Active:           435636 kB
Mem:          3.8G       772M       3.1G       5.7M        52M       322M

MemTotal:        4016004 kB
MemFree:         2812696 kB
Active:           445848 kB
Mem:          3.8G       1.1G       2.7G       5.7M        52M       707M

MemTotal:        4016004 kB
MemFree:         2764124 kB
Active:           448008 kB
Mem:          3.8G       1.2G       2.6G       5.7M        52M       751M

MemTotal:        4016004 kB
MemFree:         2717248 kB
Active:           448268 kB
Mem:          3.8G       1.2G       2.6G       5.7M        52M       796M

MemTotal:        4016004 kB
MemFree:         2675272 kB
Active:           448456 kB
Mem:          3.8G       1.3G       2.6G       5.7M        52M       835M

MemTotal:        4016004 kB
MemFree:         2630764 kB
Active:           448628 kB
Mem:          3.8G       1.3G       2.5G       5.7M        52M       877M

MemTotal:        4016004 kB
MemFree:         2579912 kB
Active:           448824 kB
Mem:          3.8G       1.4G       2.5G       5.7M        52M       925M

MemTotal:        4016004 kB
MemFree:         2536840 kB
Active:           449016 kB
Mem:          3.8G       1.4G       2.4G       5.7M        52M       966M

MemTotal:        4016004 kB
MemFree:         2501464 kB
Active:           449172 kB
Mem:          3.8G       1.4G       2.4G       5.7M        52M       999M

MemTotal:        4016004 kB
MemFree:         2460944 kB
Active:           449304 kB
Mem:          3.8G       1.5G       2.3G       5.7M        52M       1.0G

MemTotal:        4016004 kB
MemFree:         2418348 kB
Active:           449448 kB
Mem:          3.8G       1.5G       2.3G       5.7M        52M       1.1G

MemTotal:        4016004 kB
MemFree:         2361632 kB
Active:           449672 kB
Mem:          3.8G       1.6G       2.3G       5.7M        52M       1.1G

MemTotal:        4016004 kB
MemFree:         2325980 kB
Active:           449848 kB
Mem:          3.8G       1.6G       2.2G       5.7M        52M       1.1G

MemTotal:        4016004 kB
MemFree:         2292700 kB
Active:           449956 kB
Mem:          3.8G       1.6G       2.2G       5.7M        52M       1.2G

MemTotal:        4016004 kB
MemFree:         2259856 kB
Active:           450112 kB
Mem:          3.8G       1.7G       2.2G       5.7M        52M       1.2G

MemTotal:        4016004 kB
MemFree:         2185276 kB
Active:           450500 kB
Mem:          3.8G       1.7G       2.1G       5.7M        52M       1.3G

MemTotal:        4016004 kB
MemFree:         2145640 kB
Active:           450664 kB
Mem:          3.8G       1.8G       2.0G       5.7M        52M       1.3G

MemTotal:        4016004 kB
MemFree:         2106608 kB
Active:           450848 kB
Mem:          3.8G       1.8G       2.0G       5.7M        52M       1.3G

MemTotal:        4016004 kB
MemFree:         2080716 kB
Active:           450956 kB
Mem:          3.8G       1.8G       2.0G       5.7M        52M       1.4G

MemTotal:        4016004 kB
MemFree:         2053328 kB
Active:           451060 kB
Mem:          3.8G       1.9G       2.0G       5.7M        52M       1.4G

MemTotal:        4016004 kB
MemFree:         2014432 kB
Active:           451172 kB
Mem:          3.8G       1.9G       1.9G       5.7M        52M       1.4G

MemTotal:        4016004 kB
MemFree:         1940644 kB
Active:           451496 kB
Mem:          3.8G       2.0G       1.8G       5.7M        52M       1.5G

MemTotal:        4016004 kB
MemFree:         1881936 kB
Active:           451720 kB
Mem:          3.8G       2.0G       1.8G       5.7M        52M       1.6G

MemTotal:        4016004 kB
MemFree:         1869088 kB
Active:           451824 kB
Mem:          3.8G       2.0G       1.8G       5.7M        52M       1.6G

MemTotal:        4016004 kB
MemFree:         1847164 kB
Active:           451860 kB
Mem:          3.8G       2.1G       1.8G       5.7M        52M       1.6G

MemTotal:        4016004 kB
MemFree:         1783820 kB
Active:           452116 kB
Mem:          3.8G       2.1G       1.7G       5.7M        52M       1.6G

MemTotal:        4016004 kB
MemFree:         1724116 kB
Active:           452352 kB
Mem:          3.8G       2.2G       1.6G       5.7M        52M       1.7G

MemTotal:        4016004 kB
MemFree:         1670748 kB
Active:           452568 kB
Mem:          3.8G       2.2G       1.6G       5.7M        52M       1.7G

MemTotal:        4016004 kB
MemFree:         1639764 kB
Active:           452780 kB
Mem:          3.8G       2.3G       1.6G       5.7M        52M       1.8G

MemTotal:        4016004 kB
MemFree:         1574752 kB
Active:           453020 kB
Mem:          3.8G       2.3G       1.5G       5.7M        52M       1.8G

MemTotal:        4016004 kB
MemFree:         1533588 kB
Active:           453144 kB
Mem:          3.8G       2.4G       1.5G       5.7M        52M       1.9G

MemTotal:        4016004 kB
MemFree:         1489920 kB
Active:           453380 kB
Mem:          3.8G       2.4G       1.4G       5.7M        52M       1.9G

MemTotal:        4016004 kB
MemFree:         1442516 kB
Active:           453572 kB
Mem:          3.8G       2.5G       1.4G       5.7M        52M       2.0G

MemTotal:        4016004 kB
MemFree:         1400232 kB
Active:           453776 kB
Mem:          3.8G       2.5G       1.3G       5.7M        52M       2.0G

MemTotal:        4016004 kB
MemFree:         1356396 kB
Active:           453960 kB
Mem:          3.8G       2.5G       1.3G       5.7M        52M       2.0G

MemTotal:        4016004 kB
MemFree:         1308012 kB
Active:           454160 kB
Mem:          3.8G       2.6G       1.2G       5.7M        52M       2.1G

MemTotal:        4016004 kB
MemFree:         1263528 kB
Active:           454320 kB
Mem:          3.8G       2.6G       1.2G       5.7M        52M       2.1G

MemTotal:        4016004 kB
MemFree:         1217708 kB
Active:           454484 kB
Mem:          3.8G       2.7G       1.2G       5.7M        52M       2.2G

MemTotal:        4016004 kB
MemFree:         1177320 kB
Active:           454644 kB
Mem:          3.8G       2.7G       1.1G       5.7M        52M       2.2G

MemTotal:        4016004 kB
MemFree:         1145332 kB
Active:           454800 kB
Mem:          3.8G       2.7G       1.1G       5.7M        52M       2.2G

MemTotal:        4016004 kB
MemFree:         1122704 kB
Active:           454916 kB
Mem:          3.8G       2.8G       1.1G       5.7M        52M       2.3G

MemTotal:        4016004 kB
MemFree:         1094368 kB
Active:           452992 kB
Mem:          3.8G       2.8G       1.0G       5.7M        52M       2.3G

MemTotal:        4016004 kB
MemFree:         1054424 kB
Active:           455104 kB
Mem:          3.8G       2.8G       1.0G       5.7M        52M       2.3G

MemTotal:        4016004 kB
MemFree:          982568 kB
Active:           455384 kB
Mem:          3.8G       2.9G       959M       5.7M        52M       2.4G

MemTotal:        4016004 kB
MemFree:          931880 kB
Active:           455632 kB
Mem:          3.8G       2.9G       909M       5.7M        52M       2.4G

MemTotal:        4016004 kB
MemFree:          906264 kB
Active:           455720 kB
Mem:          3.8G       3.0G       884M       5.7M        52M       2.5G

MemTotal:        4016004 kB
MemFree:          869376 kB
Active:           455876 kB
Mem:          3.8G       3.0G       848M       5.7M        52M       2.5G

MemTotal:        4016004 kB
MemFree:          796220 kB
Active:           456088 kB
Mem:          3.8G       3.1G       776M       5.7M        52M       2.6G

MemTotal:        4016004 kB
MemFree:          734216 kB
Active:           456380 kB
Mem:          3.8G       3.1G       716M       5.7M        52M       2.6G

MemTotal:        4016004 kB
MemFree:          688976 kB
Active:           456588 kB
Mem:          3.8G       3.2G       672M       5.7M        52M       2.7G

MemTotal:        4016004 kB
MemFree:          650612 kB
Active:           456744 kB
Mem:          3.8G       3.2G       634M       5.7M        52M       2.7G

MemTotal:        4016004 kB
MemFree:          608052 kB
Active:           456904 kB
Mem:          3.8G       3.3G       593M       5.7M        52M       2.7G

MemTotal:        4016004 kB
MemFree:          554356 kB
Active:           457048 kB
Mem:          3.8G       3.3G       541M       5.7M        52M       2.8G

MemTotal:        4016004 kB
MemFree:          373860 kB
Active:           457736 kB
Mem:          3.8G       3.5G       364M       5.7M        52M       3.0G

MemTotal:        4016004 kB
MemFree:          290944 kB
Active:           458020 kB
Mem:          3.8G       3.6G       283M       5.7M        52M       3.0G

MemTotal:        4016004 kB
MemFree:          231684 kB
Active:           458332 kB
Mem:          3.8G       3.6G       225M       5.7M        52M       3.1G

MemTotal:        4016004 kB
MemFree:          194960 kB
Active:           447524 kB
Mem:          3.8G       3.6G       190M       5.7M        43M       3.1G

MemTotal:        4016004 kB
MemFree:          160596 kB
Active:           442624 kB
Mem:          3.8G       3.7G       156M       5.7M        42M       3.2G

MemTotal:        4016004 kB
MemFree:          123644 kB
Active:           442736 kB
Mem:          3.8G       3.7G       120M       5.7M        42M       3.2G

MemTotal:        4016004 kB
MemFree:          125292 kB
Active:           449468 kB
Mem:          3.8G       3.7G       119M       5.7M        19M       3.2G

MemTotal:        4016004 kB
MemFree:          137608 kB
Active:           500348 kB
Mem:          3.8G       3.7G       127M       5.7M        19M       3.2G

MemTotal:        4016004 kB
MemFree:          126872 kB
Active:           488908 kB
Mem:          3.8G       3.7G       123M       5.7M        19M       3.2G

MemTotal:        4016004 kB
MemFree:          133184 kB
Active:           484200 kB
Mem:          3.8G       3.7G       129M       5.7M        19M       3.2G

MemTotal:        4016004 kB
MemFree:          144132 kB
Active:           478108 kB
Mem:          3.8G       3.7G       140M       5.7M        19M       3.2G

MemTotal:        4016004 kB
MemFree:          124516 kB
Active:           479484 kB
Mem:          3.8G       3.7G       121M       5.7M        19M       3.2G

MemTotal:        4016004 kB
MemFree:          108072 kB
Active:           478140 kB
Mem:          3.8G       3.7G       105M       5.7M        19M       3.2G

MemTotal:        4016004 kB
MemFree:          142080 kB
Active:           477040 kB
Mem:          3.8G       3.7G       138M       5.7M        19M       3.2G

MemTotal:        4016004 kB
MemFree:          127656 kB
Active:           476464 kB
Mem:          3.8G       3.7G       124M       5.7M        19M       3.2G

MemTotal:        4016004 kB
MemFree:          121488 kB
Active:           475352 kB
Mem:          3.8G       3.7G       117M       5.7M        19M       3.2G

MemTotal:        4016004 kB
MemFree:          114972 kB
Active:           472092 kB
Mem:          3.8G       3.7G       112M       5.7M        19M       3.2G

MemTotal:        4016004 kB
MemFree:          109608 kB
Active:           470916 kB
Mem:          3.8G       3.7G       106M       5.7M        19M       3.2G

MemTotal:        4016004 kB
MemFree:          126888 kB
Active:           469920 kB
Mem:          3.8G       3.7G       122M       5.7M        19M       3.2G

MemTotal:        4016004 kB
MemFree:          116708 kB
Active:           468644 kB
Mem:          3.8G       3.7G       113M       5.7M        19M       3.2G

MemTotal:        4016004 kB
MemFree:          118972 kB
Active:           463708 kB
Mem:          3.8G       3.7G       115M       5.7M        19M       3.2G

MemTotal:        4016004 kB
MemFree:          121080 kB
Active:           463104 kB
Mem:          3.8G       3.7G       117M       5.7M        19M       3.2G

MemTotal:        4016004 kB
MemFree:          120296 kB
Active:           463384 kB
Mem:          3.8G       3.7G       117M       5.7M        19M       3.2G

MemTotal:        4016004 kB
MemFree:          126380 kB
Active:           468052 kB
Mem:          3.8G       3.7G       122M       5.7M        26M       3.2G

MemTotal:        4016004 kB
MemFree:          126724 kB
Active:           466872 kB
Mem:          3.8G       3.7G       122M       5.7M        27M       3.2G

MemTotal:        4016004 kB
MemFree:          124016 kB
Active:           462544 kB
Mem:          3.8G       3.7G       120M       5.7M        27M       3.2G

MemTotal:        4016004 kB
MemFree:          107148 kB
Active:           461696 kB
Mem:          3.8G       3.7G       103M       5.7M        27M       3.2G

MemTotal:        4016004 kB
MemFree:          122168 kB
Active:           457952 kB
Mem:          3.8G       3.7G       119M       5.7M        27M       3.2G

MemTotal:        4016004 kB
MemFree:          125784 kB
Active:           457484 kB
Mem:          3.8G       3.7G       122M       5.7M        27M       3.2G

MemTotal:        4016004 kB
MemFree:          125104 kB
Active:           457500 kB
Mem:          3.8G       3.7G       121M       5.7M        27M       3.2G

MemTotal:        4016004 kB
MemFree:          119532 kB
Active:           454912 kB
Mem:          3.8G       3.7G       116M       5.7M        27M       3.2G

MemTotal:        4016004 kB
MemFree:          118932 kB
Active:           451320 kB
Mem:          3.8G       3.7G       115M       5.7M        27M       3.2G

MemTotal:        4016004 kB
MemFree:          122624 kB
Active:           449884 kB
Mem:          3.8G       3.7G       122M       5.7M        27M       3.2G

MemTotal:        4016004 kB
MemFree:          116724 kB
Active:           449492 kB
Mem:          3.8G       3.7G       113M       5.7M        27M       3.2G

MemTotal:        4016004 kB
MemFree:          121208 kB
Active:           448528 kB
Mem:          3.8G       3.7G       118M       5.7M        27M       3.2G

MemTotal:        4016004 kB
MemFree:          127616 kB
Active:           446872 kB
Mem:          3.8G       3.7G       124M       5.7M        27M       3.2G

MemTotal:        4016004 kB
MemFree:          133624 kB
Active:           444036 kB
Mem:          3.8G       3.7G       129M       5.7M        27M       3.2G

MemTotal:        4016004 kB
MemFree:          136012 kB
Active:           440564 kB
Mem:          3.8G       3.7G       132M       5.7M        27M       3.2G

MemTotal:        4016004 kB
MemFree:          104996 kB
Active:           440096 kB
Mem:          3.8G       3.7G       107M       5.7M        27M       3.2G

MemTotal:        4016004 kB
MemFree:          129800 kB
Active:           438068 kB
Mem:          3.8G       3.7G       126M       5.7M        27M       3.2G

MemTotal:        4016004 kB
MemFree:          111996 kB
Active:           437656 kB
Mem:          3.8G       3.7G       108M       5.7M        27M       3.2G

MemTotal:        4016004 kB
MemFree:          109272 kB
Active:           436520 kB
Mem:          3.8G       3.7G       106M       5.7M        27M       3.2G

MemTotal:        4016004 kB
MemFree:          121460 kB
Active:           435296 kB
Mem:          3.8G       3.7G       118M       5.7M        27M       3.2G

MemTotal:        4016004 kB
MemFree:          112152 kB
Active:           434792 kB
Mem:          3.8G       3.7G       109M       5.7M        27M       3.2G

MemTotal:        4016004 kB
MemFree:          126296 kB
Active:           433036 kB
Mem:          3.8G       3.7G       122M       5.7M        27M       3.2G

MemTotal:        4016004 kB
MemFree:          125580 kB
Active:           431428 kB
Mem:          3.8G       3.7G       122M       5.7M        27M       3.2G

MemTotal:        4016004 kB
MemFree:          127656 kB
Active:           430096 kB
Mem:          3.8G       3.7G       123M       5.7M        27M       3.2G

MemTotal:        4016004 kB
MemFree:          107748 kB
Active:           430136 kB
Mem:          3.8G       3.7G       104M       5.7M        27M       3.2G

MemTotal:        4016004 kB
MemFree:          113048 kB
Active:           431516 kB
Mem:          3.8G       3.7G       109M       5.7M        27M       3.2G

MemTotal:        4016004 kB
MemFree:          124592 kB
Active:           429660 kB
Mem:          3.8G       3.7G       121M       5.7M        27M       3.2G

MemTotal:        4016004 kB
MemFree:          124860 kB
Active:           428240 kB
Mem:          3.8G       3.7G       121M       5.7M        27M       3.2G

MemTotal:        4016004 kB
MemFree:          113580 kB
Active:           424476 kB
Mem:          3.8G       3.7G       110M       5.7M        27M       3.2G

MemTotal:        4016004 kB
MemFree:          126612 kB
Active:           422780 kB
Mem:          3.8G       3.7G       122M       5.7M        27M       3.2G

MemTotal:        4016004 kB
MemFree:          138516 kB
Active:           421276 kB
Mem:          3.8G       3.7G       135M       5.7M        27M       3.2G

MemTotal:        4016004 kB
MemFree:          106788 kB
Active:           421412 kB
Mem:          3.8G       3.7G       103M       5.7M        27M       3.2G

MemTotal:        4016004 kB
MemFree:          107332 kB
Active:           420384 kB
Mem:          3.8G       3.7G       104M       5.7M        27M       3.2G

MemTotal:        4016004 kB
MemFree:          123916 kB
Active:           418100 kB
Mem:          3.8G       3.7G       120M       5.7M        27M       3.2G

MemTotal:        4016004 kB
MemFree:          138548 kB
Active:           415916 kB
Mem:          3.8G       3.7G       135M       5.7M        27M       3.2G

MemTotal:        4016004 kB
MemFree:          118040 kB
Active:           415608 kB
Mem:          3.8G       3.7G       114M       5.7M        27M       3.2G

MemTotal:        4016004 kB
MemFree:          117516 kB
Active:           415200 kB
Mem:          3.8G       3.7G       114M       5.7M        27M       3.2G

MemTotal:        4016004 kB
MemFree:          127668 kB
Active:           413384 kB
Mem:          3.8G       3.7G       124M       5.7M        27M       3.2G

MemTotal:        4016004 kB
MemFree:          119312 kB
Active:           411604 kB
Mem:          3.8G       3.7G       125M       5.7M        27M       3.2G

MemTotal:        4016004 kB
MemFree:          132180 kB
Active:           409576 kB
Mem:          3.8G       3.7G       134M       5.7M        27M       3.2G

MemTotal:        4016004 kB
MemFree:          120360 kB
Active:           409408 kB
Mem:          3.8G       3.7G       124M       5.7M        27M       3.2G

MemTotal:        4016004 kB
MemFree:          118448 kB
Active:           409568 kB
Mem:          3.8G       3.7G       115M       5.7M        27M       3.2G

MemTotal:        4016004 kB
MemFree:          139264 kB
Active:           409672 kB
Mem:          3.8G       3.7G       136M       5.7M        27M       3.2G

MemTotal:        4016004 kB
MemFree:          121472 kB
Active:           409788 kB
Mem:          3.8G       3.7G       118M       5.7M        27M       3.2G

MemTotal:        4016004 kB
MemFree:          123076 kB
Active:           409988 kB
Mem:          3.8G       3.7G       119M       5.7M        27M       3.2G

MemTotal:        4016004 kB
MemFree:          131720 kB
Active:           410264 kB
Mem:          3.8G       3.7G       128M       5.7M        27M       3.2G

MemTotal:        4016004 kB
MemFree:          135556 kB
Active:           410528 kB
Mem:          3.8G       3.7G       132M       5.7M        27M       3.2G

MemTotal:        4016004 kB
MemFree:          143688 kB
Active:           410660 kB
Mem:          3.8G       3.7G       139M       5.7M        27M       3.2G

MemTotal:        4016004 kB
MemFree:          125396 kB
Active:           410856 kB
Mem:          3.8G       3.7G       122M       5.7M        27M       3.2G

MemTotal:        4016004 kB
MemFree:          128052 kB
Active:           411056 kB
Mem:          3.8G       3.7G       124M       5.7M        27M       3.2G

MemTotal:        4016004 kB
MemFree:          112600 kB
Active:           411220 kB
Mem:          3.8G       3.7G       109M       5.7M        27M       3.2G

MemTotal:        4016004 kB
MemFree:          111952 kB
Active:           411196 kB
Mem:          3.8G       3.7G       109M       5.7M        27M       3.2G

MemTotal:        4016004 kB
MemFree:          111696 kB
Active:           411340 kB
Mem:          3.8G       3.7G       108M       5.7M        27M       3.2G

MemTotal:        4016004 kB
MemFree:          131576 kB
Active:           411624 kB
Mem:          3.8G       3.7G       127M       5.7M        27M       3.2G

MemTotal:        4016004 kB
MemFree:          134448 kB
Active:           411884 kB
Mem:          3.8G       3.7G       131M       5.7M        27M       3.2G

MemTotal:        4016004 kB
MemFree:          140536 kB
Active:           412568 kB
Mem:          3.8G       3.7G       136M       5.7M        27M       3.2G

MemTotal:        4016004 kB
MemFree:          125096 kB
Active:           412328 kB
Mem:          3.8G       3.7G       121M       5.7M        27M       3.2G

MemTotal:        4016004 kB
MemFree:          113612 kB
Active:           412456 kB
Mem:          3.8G       3.7G       110M       5.7M        27M       3.2G

MemTotal:        4016004 kB
MemFree:          135664 kB
Active:           412540 kB
Mem:          3.8G       3.7G       132M       5.7M        27M       3.2G

MemTotal:        4016004 kB
MemFree:          120432 kB
Active:           412648 kB
Mem:          3.8G       3.7G       117M       5.7M        27M       3.2G

MemTotal:        4016004 kB
MemFree:          136708 kB
Active:           412924 kB
Mem:          3.8G       3.7G       133M       5.7M        27M       3.2G

MemTotal:        4016004 kB
MemFree:          122740 kB
Active:           413044 kB
Mem:          3.8G       3.7G       118M       5.7M        27M       3.2G

MemTotal:        4016004 kB
MemFree:          138880 kB
Active:           413168 kB
Mem:          3.8G       3.7G       135M       5.7M        27M       3.2G

MemTotal:        4016004 kB
MemFree:          113640 kB
Active:           413272 kB
Mem:          3.8G       3.7G       110M       5.7M        27M       3.2G

MemTotal:        4016004 kB
MemFree:          113400 kB
Active:           415068 kB
Mem:          3.8G       3.7G       110M       5.7M        27M       3.2G

MemTotal:        4016004 kB
MemFree:          111860 kB
Active:           413300 kB
Mem:          3.8G       3.7G       108M       5.7M        27M       3.2G

MemTotal:        4016004 kB
MemFree:          139928 kB
Active:           412704 kB
Mem:          3.8G       3.7G       136M       5.7M        27M       3.2G

MemTotal:        4016004 kB
MemFree:          122128 kB
Active:           412940 kB
Mem:          3.8G       3.7G       118M       5.7M        27M       3.2G

MemTotal:        4016004 kB
MemFree:          127764 kB
Active:           413048 kB
Mem:          3.8G       3.7G       124M       5.7M        27M       3.2G

MemTotal:        4016004 kB
MemFree:          133144 kB
Active:           409408 kB
Mem:          3.8G       3.7G       130M       5.7M        27M       3.2G

MemTotal:        4016004 kB
MemFree:          136452 kB
Active:           409404 kB
Mem:          3.8G       3.7G       132M       5.7M        27M       3.2G

MemTotal:        4016004 kB
MemFree:          114956 kB
Active:           409688 kB
Mem:          3.8G       3.7G       111M       5.7M        27M       3.2G

MemTotal:        4016004 kB
MemFree:          119448 kB
Active:           409924 kB
Mem:          3.8G       3.7G       116M       5.7M        27M       3.2G

MemTotal:        4016004 kB
MemFree:          134908 kB
Active:           408900 kB
Mem:          3.8G       3.7G       131M       5.7M        27M       3.2G

MemTotal:        4016004 kB
MemFree:          115980 kB
Active:           406304 kB
Mem:          3.8G       3.7G       112M       5.7M        27M       3.2G

MemTotal:        4016004 kB
MemFree:          114760 kB
Active:           406452 kB
Mem:          3.8G       3.7G       111M       5.7M        27M       3.2G

MemTotal:        4016004 kB
MemFree:          127512 kB
Active:           406560 kB
Mem:          3.8G       3.7G       123M       5.7M        27M       3.2G

MemTotal:        4016004 kB
MemFree:          129304 kB
Active:           406656 kB
Mem:          3.8G       3.7G       126M       5.7M        27M       3.2G

MemTotal:        4016004 kB
MemFree:          131544 kB
Active:           406920 kB
Mem:          3.8G       3.7G       128M       5.7M        27M       3.2G

MemTotal:        4016004 kB
MemFree:          122928 kB
Active:           407144 kB
Mem:          3.8G       3.7G       119M       5.7M        27M       3.2G

MemTotal:        4016004 kB
MemFree:          127748 kB
Active:           407328 kB
Mem:          3.8G       3.7G       124M       5.7M        27M       3.2G

MemTotal:        4016004 kB
MemFree:          133656 kB
Active:           407444 kB
Mem:          3.8G       3.7G       129M       5.7M        27M       3.2G

MemTotal:        4016004 kB
MemFree:          129480 kB
Active:           408576 kB
Mem:          3.8G       3.7G       119M       5.7M        27M       3.2G

MemTotal:        4016004 kB
MemFree:          114852 kB
Active:           407096 kB
Mem:          3.8G       3.7G       110M       5.7M        27M       3.2G

MemTotal:        4016004 kB
MemFree:          110120 kB
Active:           407352 kB
Mem:          3.8G       3.7G       107M       5.7M        27M       3.2G

MemTotal:        4016004 kB
MemFree:          109408 kB
Active:           407412 kB
Mem:          3.8G       3.7G       106M       5.7M        27M       3.2G

MemTotal:        4016004 kB
MemFree:          109572 kB
Active:           407396 kB
Mem:          3.8G       3.7G       107M       5.7M        27M       3.2G

MemTotal:        4016004 kB
MemFree:          104724 kB
Active:           407768 kB
Mem:          3.8G       3.7G       104M       5.7M        27M       3.2G

MemTotal:        4016004 kB
MemFree:          108292 kB
Active:           408024 kB
Mem:          3.8G       3.7G       104M       5.7M        27M       3.2G

MemTotal:        4016004 kB
MemFree:          123400 kB
Active:           408252 kB
Mem:          3.8G       3.7G       120M       5.7M        27M       3.2G

MemTotal:        4016004 kB
MemFree:          126752 kB
Active:           407072 kB
Mem:          3.8G       3.7G       123M       5.7M        27M       3.2G

MemTotal:        4016004 kB
MemFree:          133820 kB
Active:           407144 kB
Mem:          3.8G       3.7G       130M       5.7M        27M       3.2G

MemTotal:        4016004 kB
MemFree:          132544 kB
Active:           407252 kB
Mem:          3.8G       3.7G       129M       5.7M        27M       3.2G

MemTotal:        4016004 kB
MemFree:          122708 kB
Active:           407312 kB
Mem:          3.8G       3.7G       119M       5.7M        27M       3.2G

MemTotal:        4016004 kB
MemFree:          113936 kB
Active:           407496 kB
Mem:          3.8G       3.7G       111M       5.7M        27M       3.2G

MemTotal:        4016004 kB
MemFree:          124640 kB
Active:           407744 kB
Mem:          3.8G       3.7G       121M       5.7M        27M       3.2G

MemTotal:        4016004 kB
MemFree:          131376 kB
Active:           407980 kB
Mem:          3.8G       3.7G       128M       5.7M        27M       3.2G

MemTotal:        4016004 kB
MemFree:          126040 kB
Active:           408364 kB
Mem:          3.8G       3.7G       122M       5.7M        27M       3.2G

MemTotal:        4016004 kB
MemFree:          110016 kB
Active:           408460 kB
Mem:          3.8G       3.7G       106M       5.7M        27M       3.2G

MemTotal:        4016004 kB
MemFree:          105272 kB
Active:           410560 kB
Mem:          3.8G       3.7G       103M       5.7M        27M       3.2G

MemTotal:        4016004 kB
MemFree:          138408 kB
Active:           399780 kB
Mem:          3.8G       3.7G       134M       5.7M        27M       3.2G

MemTotal:        4016004 kB
MemFree:          131212 kB
Active:           399812 kB
Mem:          3.8G       3.7G       127M       5.7M        27M       3.2G

MemTotal:        4016004 kB
MemFree:          138760 kB
Active:           399964 kB
Mem:          3.8G       3.7G       135M       5.7M        27M       3.2G

MemTotal:        4016004 kB
MemFree:          137500 kB
Active:           400108 kB
Mem:          3.8G       3.7G       134M       5.7M        27M       3.2G

MemTotal:        4016004 kB
MemFree:          137272 kB
Active:           400088 kB
Mem:          3.8G       3.7G       133M       5.7M        27M       3.2G

MemTotal:        4016004 kB
MemFree:          156820 kB
Active:           400080 kB
Mem:          3.8G       3.7G       152M       5.7M        27M       3.2G

MemTotal:        4016004 kB
MemFree:          133252 kB
Active:           400460 kB
Mem:          3.8G       3.7G       129M       5.7M        27M       3.2G

MemTotal:        4016004 kB
MemFree:          110408 kB
Active:           400844 kB
Mem:          3.8G       3.7G       107M       5.7M        27M       3.2G

MemTotal:        4016004 kB
MemFree:          143376 kB
Active:           401112 kB
Mem:          3.8G       3.7G       139M       5.7M        27M       3.2G

MemTotal:        4016004 kB
MemFree:          124592 kB
Active:           401344 kB
Mem:          3.8G       3.7G       120M       5.7M        27M       3.2G

MemTotal:        4016004 kB
MemFree:          107084 kB
Active:           401504 kB
Mem:          3.8G       3.7G       104M       5.7M        27M       3.2G

MemTotal:        4016004 kB
MemFree:          123164 kB
Active:           400552 kB
Mem:          3.8G       3.7G       120M       5.7M        27M       3.2G

MemTotal:        4016004 kB
MemFree:          141260 kB
Active:           400912 kB
Mem:          3.8G       3.7G       137M       5.7M        27M       3.2G

MemTotal:        4016004 kB
MemFree:          117752 kB
Active:           401108 kB
Mem:          3.8G       3.7G       114M       5.7M        27M       3.2G

MemTotal:        4016004 kB
MemFree:          116364 kB
Active:           401300 kB
Mem:          3.8G       3.7G       113M       5.7M        27M       3.2G

MemTotal:        4016004 kB
MemFree:          108816 kB
Active:           401428 kB
Mem:          3.8G       3.7G       105M       5.7M        27M       3.2G

MemTotal:        4016004 kB
MemFree:          125960 kB
Active:           401540 kB
Mem:          3.8G       3.7G       122M       5.7M        27M       3.2G

MemTotal:        4016004 kB
MemFree:          130244 kB
Active:           401660 kB
Mem:          3.8G       3.7G       132M       5.7M        27M       3.2G

MemTotal:        4016004 kB
MemFree:          135224 kB
Active:           402480 kB
Mem:          3.8G       3.7G       131M       5.7M        27M       3.2G

MemTotal:        4016004 kB
MemFree:          114312 kB
Active:           402704 kB
Mem:          3.8G       3.7G       110M       5.7M        27M       3.2G

MemTotal:        4016004 kB
MemFree:          124368 kB
Active:           402884 kB
Mem:          3.8G       3.7G       121M       5.7M        27M       3.2G

MemTotal:        4016004 kB
MemFree:          122252 kB
Active:           402968 kB
Mem:          3.8G       3.7G       119M       5.7M        27M       3.2G

MemTotal:        4016004 kB
MemFree:          127476 kB
Active:           403048 kB
Mem:          3.8G       3.7G       131M       5.7M        27M       3.2G

MemTotal:        4016004 kB
MemFree:          131908 kB
Active:           400508 kB
Mem:          3.8G       3.7G       128M       5.7M        27M       3.2G

MemTotal:        4016004 kB
MemFree:          124828 kB
Active:           400828 kB
Mem:          3.8G       3.7G       120M       5.7M        27M       3.2G

MemTotal:        4016004 kB
MemFree:          116864 kB
Active:           401060 kB
Mem:          3.8G       3.7G       113M       5.7M        27M       3.2G

MemTotal:        4016004 kB
MemFree:          121780 kB
Active:           401148 kB
Mem:          3.8G       3.7G       118M       5.7M        27M       3.2G

MemTotal:        4016004 kB
MemFree:          125972 kB
Active:           401228 kB
Mem:          3.8G       3.7G       122M       5.7M        27M       3.2G

MemTotal:        4016004 kB
MemFree:          123360 kB
Active:           403400 kB
Mem:          3.8G       3.7G       119M       5.7M        27M       3.2G

MemTotal:        4016004 kB
MemFree:          125340 kB
Active:           403680 kB
Mem:          3.8G       3.7G       121M       5.7M        27M       3.2G

MemTotal:        4016004 kB
MemFree:          133564 kB
Active:           403904 kB
Mem:          3.8G       3.7G       129M       5.7M        27M       3.2G

MemTotal:        4016004 kB
MemFree:          134300 kB
Active:           404120 kB
Mem:          3.8G       3.7G       130M       5.7M        27M       3.2G

MemTotal:        4016004 kB
MemFree:          133732 kB
Active:           404268 kB
Mem:          3.8G       3.7G       128M       5.7M        27M       3.2G

MemTotal:        4016004 kB
MemFree:          125484 kB
Active:           404412 kB
Mem:          3.8G       3.7G       122M       5.7M        27M       3.2G

MemTotal:        4016004 kB
MemFree:          106156 kB
Active:           404612 kB
Mem:          3.8G       3.7G       103M       5.7M        27M       3.2G

MemTotal:        4016004 kB
MemFree:          111880 kB
Active:           404780 kB
Mem:          3.8G       3.7G       108M       5.7M        27M       3.2G

MemTotal:        4016004 kB
MemFree:          127992 kB
Active:           402344 kB
Mem:          3.8G       3.7G       124M       5.7M        27M       3.2G

MemTotal:        4016004 kB
MemFree:          105928 kB
Active:           402440 kB
Mem:          3.8G       3.7G       103M       5.7M        27M       3.2G

MemTotal:        4016004 kB
MemFree:          105500 kB
Active:           402528 kB
Mem:          3.8G       3.7G       102M       5.7M        27M       3.2G

MemTotal:        4016004 kB
MemFree:          108096 kB
Active:           402696 kB
Mem:          3.8G       3.7G       105M       5.7M        27M       3.2G

MemTotal:        4016004 kB
MemFree:          113700 kB
Active:           402972 kB
Mem:          3.8G       3.7G       109M       5.7M        27M       3.2G

MemTotal:        4016004 kB
MemFree:          109768 kB
Active:           403180 kB
Mem:          3.8G       3.7G       106M       5.7M        27M       3.2G

MemTotal:        4016004 kB
MemFree:          124928 kB
Active:           403316 kB
Mem:          3.8G       3.7G       121M       5.7M        27M       3.2G

MemTotal:        4016004 kB
MemFree:          139940 kB
Active:           403824 kB
Mem:          3.8G       3.7G       136M       5.7M        27M       3.2G

MemTotal:        4016004 kB
MemFree:          127232 kB
Active:           404080 kB
Mem:          3.8G       3.7G       124M       5.7M        27M       3.2G

MemTotal:        4016004 kB
MemFree:          129984 kB
Active:           406284 kB
Mem:          3.8G       3.7G       126M       5.7M        27M       3.2G

MemTotal:        4016004 kB
MemFree:          120584 kB
Active:           406388 kB
Mem:          3.8G       3.7G       117M       5.7M        27M       3.2G

MemTotal:        4016004 kB
MemFree:          119200 kB
Active:           406516 kB
Mem:          3.8G       3.7G       115M       5.7M        27M       3.2G

MemTotal:        4016004 kB
MemFree:          118536 kB
Active:           406732 kB
Mem:          3.8G       3.7G       114M       5.7M        27M       3.2G

MemTotal:        4016004 kB
MemFree:          114312 kB
Active:           406952 kB
Mem:          3.8G       3.7G       111M       5.7M        27M       3.2G

MemTotal:        4016004 kB
MemFree:          138800 kB
Active:           404232 kB
Mem:          3.8G       3.7G       135M       5.7M        27M       3.2G

MemTotal:        4016004 kB
MemFree:          127924 kB
Active:           404452 kB
Mem:          3.8G       3.7G       124M       5.7M        27M       3.2G

MemTotal:        4016004 kB
MemFree:          106492 kB
Active:           404632 kB
Mem:          3.8G       3.7G       103M       5.7M        27M       3.2G

MemTotal:        4016004 kB
MemFree:          125768 kB
Active:           404796 kB
Mem:          3.8G       3.7G       122M       5.7M        27M       3.2G

MemTotal:        4016004 kB
MemFree:          118824 kB
Active:           404964 kB
Mem:          3.8G       3.7G       115M       5.7M        27M       3.2G

MemTotal:        4016004 kB
MemFree:          115560 kB
Active:           405132 kB
Mem:          3.8G       3.7G       112M       5.7M        27M       3.2G

MemTotal:        4016004 kB
MemFree:          111224 kB
Active:           405632 kB
Mem:          3.8G       3.7G       108M       5.7M        27M       3.2G

MemTotal:        4016004 kB
MemFree:          124684 kB
Active:           405824 kB
Mem:          3.8G       3.7G       121M       5.7M        27M       3.2G

MemTotal:        4016004 kB
MemFree:          113960 kB
Active:           405940 kB
Mem:          3.8G       3.7G       111M       5.7M        27M       3.2G

MemTotal:        4016004 kB
MemFree:          142404 kB
Active:           406048 kB
Mem:          3.8G       3.7G       138M       5.7M        27M       3.2G

MemTotal:        4016004 kB
MemFree:          122460 kB
Active:           406140 kB
Mem:          3.8G       3.7G       119M       5.7M        27M       3.2G

MemTotal:        4016004 kB
MemFree:          123864 kB
Active:           406376 kB
Mem:          3.8G       3.7G       120M       5.7M        27M       3.2G

MemTotal:        4016004 kB
MemFree:          129716 kB
Active:           406656 kB
Mem:          3.8G       3.7G       125M       5.7M        27M       3.2G

MemTotal:        4016004 kB
MemFree:          126732 kB
Active:           406864 kB
Mem:          3.8G       3.7G       123M       5.7M        27M       3.2G

MemTotal:        4016004 kB
MemFree:          128660 kB
Active:           406984 kB
Mem:          3.8G       3.7G       125M       5.7M        27M       3.2G

MemTotal:        4016004 kB
MemFree:          125008 kB
Active:           407108 kB
Mem:          3.8G       3.7G       121M       5.7M        27M       3.2G

MemTotal:        4016004 kB
MemFree:          128360 kB
Active:           407248 kB
Mem:          3.8G       3.7G       124M       5.7M        27M       3.2G

MemTotal:        4016004 kB
MemFree:          118700 kB
Active:           407500 kB
Mem:          3.8G       3.7G       115M       5.7M        27M       3.2G

MemTotal:        4016004 kB
MemFree:          118560 kB
Active:           407716 kB
Mem:          3.8G       3.7G       115M       5.7M        27M       3.2G

MemTotal:        4016004 kB
MemFree:          113444 kB
Active:           407904 kB
Mem:          3.8G       3.7G       109M       5.7M        27M       3.2G

MemTotal:        4016004 kB
MemFree:          125120 kB
Active:           407932 kB
Mem:          3.8G       3.7G       122M       5.7M        27M       3.2G

MemTotal:        4016004 kB
MemFree:          114832 kB
Active:           407908 kB
Mem:          3.8G       3.7G       111M       5.7M        27M       3.2G

MemTotal:        4016004 kB
MemFree:          124860 kB
Active:           408096 kB
Mem:          3.8G       3.7G       121M       5.7M        27M       3.2G

MemTotal:        4016004 kB
MemFree:          121724 kB
Active:           408284 kB
Mem:          3.8G       3.7G       118M       5.7M        27M       3.2G

MemTotal:        4016004 kB
MemFree:          135640 kB
Active:           408452 kB
Mem:          3.8G       3.7G       132M       5.7M        27M       3.2G

MemTotal:        4016004 kB
MemFree:          112096 kB
Active:           408536 kB
Mem:          3.8G       3.7G       109M       5.7M        27M       3.2G

MemTotal:        4016004 kB
MemFree:          111232 kB
Active:           408628 kB
Mem:          3.8G       3.7G       107M       5.7M        27M       3.2G

MemTotal:        4016004 kB
MemFree:          106500 kB
Active:           408804 kB
Mem:          3.8G       3.7G       103M       5.7M        27M       3.2G

MemTotal:        4016004 kB
MemFree:          123976 kB
Active:           409060 kB
Mem:          3.8G       3.7G       120M       5.7M        27M       3.2G

MemTotal:        4016004 kB
MemFree:          119916 kB
Active:           409224 kB
Mem:          3.8G       3.7G       116M       5.7M        27M       3.2G

MemTotal:        4016004 kB
MemFree:          123796 kB
Active:           409384 kB
Mem:          3.8G       3.7G       120M       5.7M        27M       3.2G

MemTotal:        4016004 kB
MemFree:          119892 kB
Active:           409504 kB
Mem:          3.8G       3.7G       116M       5.7M        27M       3.2G

MemTotal:        4016004 kB
MemFree:          126796 kB
Active:           409672 kB
Mem:          3.8G       3.7G       123M       5.7M        27M       3.2G

MemTotal:        4016004 kB
MemFree:          124652 kB
Active:           409932 kB
Mem:          3.8G       3.7G       120M       5.7M        27M       3.2G

MemTotal:        4016004 kB
MemFree:          125364 kB
Active:           410156 kB
Mem:          3.8G       3.7G       121M       5.7M        27M       3.2G

MemTotal:        4016004 kB
MemFree:          113620 kB
Active:           410148 kB
Mem:          3.8G       3.7G       102M       5.7M        27M       3.2G

MemTotal:        4016004 kB
MemFree:          131096 kB
Active:           410892 kB
Mem:          3.8G       3.7G       127M       5.7M        27M       3.2G

MemTotal:        4016004 kB
MemFree:          134560 kB
Active:           411076 kB
Mem:          3.8G       3.7G       131M       5.7M        27M       3.2G

MemTotal:        4016004 kB
MemFree:          133564 kB
Active:           411332 kB
Mem:          3.8G       3.7G       130M       5.7M        27M       3.2G

MemTotal:        4016004 kB
MemFree:          110064 kB
Active:           411476 kB
Mem:          3.8G       3.7G       106M       5.7M        27M       3.2G

MemTotal:        4016004 kB
MemFree:          129964 kB
Active:           411728 kB
Mem:          3.8G       3.7G       126M       5.7M        27M       3.2G

MemTotal:        4016004 kB
MemFree:          132648 kB
Active:           411908 kB
Mem:          3.8G       3.7G       129M       5.7M        27M       3.2G

MemTotal:        4016004 kB
MemFree:          134868 kB
Active:           411996 kB
Mem:          3.8G       3.7G       131M       5.7M        27M       3.2G

MemTotal:        4016004 kB
MemFree:          133632 kB
Active:           411952 kB
Mem:          3.8G       3.7G       130M       5.7M        27M       3.2G

MemTotal:        4016004 kB
MemFree:          123932 kB
Active:           411996 kB
Mem:          3.8G       3.7G       120M       5.7M        27M       3.2G

MemTotal:        4016004 kB
MemFree:          108148 kB
Active:           412456 kB
Mem:          3.8G       3.7G       104M       5.7M        27M       3.2G

MemTotal:        4016004 kB
MemFree:          115896 kB
Active:           412756 kB
Mem:          3.8G       3.7G       112M       5.7M        27M       3.2G

MemTotal:        4016004 kB
MemFree:          131872 kB
Active:           412964 kB
Mem:          3.8G       3.7G       128M       5.7M        27M       3.2G

MemTotal:        4016004 kB
MemFree:          128076 kB
Active:           413120 kB
Mem:          3.8G       3.7G       124M       5.7M        27M       3.2G

MemTotal:        4016004 kB
MemFree:          127648 kB
Active:           413264 kB
Mem:          3.8G       3.7G       124M       5.7M        27M       3.2G

MemTotal:        4016004 kB
MemFree:          134348 kB
Active:           415472 kB
Mem:          3.8G       3.7G       130M       5.7M        27M       3.2G

MemTotal:        4016004 kB
MemFree:          131328 kB
Active:           415080 kB
Mem:          3.8G       3.7G       127M       5.7M        27M       3.2G

MemTotal:        4016004 kB
MemFree:          123600 kB
Active:           415228 kB
Mem:          3.8G       3.7G       120M       5.7M        27M       3.2G

MemTotal:        4016004 kB
MemFree:          132956 kB
Active:           415448 kB
Mem:          3.8G       3.7G       129M       5.7M        27M       3.2G

MemTotal:        4016004 kB
MemFree:          125336 kB
Active:           415636 kB
Mem:          3.8G       3.7G       121M       5.7M        27M       3.2G

MemTotal:        4016004 kB
MemFree:          156944 kB
Active:           415648 kB
Mem:          3.8G       3.7G       153M       5.7M        27M       3.1G

MemTotal:        4016004 kB
MemFree:          120112 kB
Active:           415624 kB
Mem:          3.8G       3.7G       116M       5.7M        27M       3.2G

MemTotal:        4016004 kB
MemFree:          128644 kB
Active:           415936 kB
Mem:          3.8G       3.7G       124M       5.7M        27M       3.2G

MemTotal:        4016004 kB
MemFree:          129188 kB
Active:           416152 kB
Mem:          3.8G       3.7G       125M       5.7M        27M       3.2G

MemTotal:        4016004 kB
MemFree:          119700 kB
Active:           416376 kB
Mem:          3.8G       3.7G       116M       5.7M        27M       3.2G

MemTotal:        4016004 kB
MemFree:          108752 kB
Active:           416552 kB
Mem:          3.8G       3.7G       105M       5.7M        27M       3.2G

MemTotal:        4016004 kB
MemFree:          106000 kB
Active:           416736 kB
Mem:          3.8G       3.7G       103M       5.7M        27M       3.2G

MemTotal:        4016004 kB
MemFree:          121684 kB
Active:           417372 kB
Mem:          3.8G       3.7G       118M       5.7M        27M       3.2G

MemTotal:        4016004 kB
MemFree:          137820 kB
Active:           417528 kB
Mem:          3.8G       3.7G       134M       5.7M        27M       3.2G

MemTotal:        4016004 kB
MemFree:          109176 kB
Active:           417712 kB
Mem:          3.8G       3.7G       105M       5.7M        27M       3.2G

MemTotal:        4016004 kB
MemFree:          122524 kB
Active:           417800 kB
Mem:          3.8G       3.7G       119M       5.7M        27M       3.2G

MemTotal:        4016004 kB
MemFree:          123588 kB
Active:           417916 kB
Mem:          3.8G       3.7G       119M       5.7M        27M       3.2G

MemTotal:        4016004 kB
MemFree:          117272 kB
Active:           418200 kB
Mem:          3.8G       3.7G       113M       5.7M        27M       3.2G

MemTotal:        4016004 kB
MemFree:          114324 kB
Active:           418424 kB
Mem:          3.8G       3.7G       110M       5.7M        27M       3.2G

MemTotal:        4016004 kB
MemFree:          132444 kB
Active:           418512 kB
Mem:          3.8G       3.7G       129M       5.7M        27M       3.2G

MemTotal:        4016004 kB
MemFree:          123924 kB
Active:           418644 kB
Mem:          3.8G       3.7G       120M       5.7M        27M       3.2G

MemTotal:        4016004 kB
MemFree:          123648 kB
Active:           418904 kB
Mem:          3.8G       3.7G       120M       5.7M        27M       3.2G

MemTotal:        4016004 kB
MemFree:          139992 kB
Active:           419164 kB
Mem:          3.8G       3.7G       136M       5.7M        27M       3.2G

MemTotal:        4016004 kB
MemFree:          108656 kB
Active:           419376 kB
Mem:          3.8G       3.7G       105M       5.7M        27M       3.2G

MemTotal:        4016004 kB
MemFree:          133876 kB
Active:           419568 kB
Mem:          3.8G       3.7G       130M       5.7M        27M       3.2G

MemTotal:        4016004 kB
MemFree:          110376 kB
Active:           419708 kB
Mem:          3.8G       3.7G       107M       5.7M        27M       3.2G

MemTotal:        4016004 kB
MemFree:          114704 kB
Active:           420176 kB
Mem:          3.8G       3.7G       110M       5.7M        27M       3.2G

MemTotal:        4016004 kB
MemFree:          105972 kB
Active:           420396 kB
Mem:          3.8G       3.7G       102M       5.7M        27M       3.2G

MemTotal:        4016004 kB
MemFree:          110720 kB
Active:           420560 kB
Mem:          3.8G       3.7G       107M       5.7M        27M       3.2G

MemTotal:        4016004 kB
MemFree:          121828 kB
Active:           420708 kB
Mem:          3.8G       3.7G       118M       5.7M        27M       3.2G

MemTotal:        4016004 kB
MemFree:          119660 kB
Active:           420820 kB
Mem:          3.8G       3.7G       116M       5.7M        27M       3.2G

MemTotal:        4016004 kB
MemFree:          120448 kB
Active:           421036 kB
Mem:          3.8G       3.7G       117M       5.7M        27M       3.2G

MemTotal:        4016004 kB
MemFree:          114196 kB
Active:           421260 kB
Mem:          3.8G       3.7G       111M       5.7M        27M       3.2G

MemTotal:        4016004 kB
MemFree:          123120 kB
Active:           421452 kB
Mem:          3.8G       3.7G       119M       5.7M        27M       3.2G

MemTotal:        4016004 kB
MemFree:          123664 kB
Active:           421588 kB
Mem:          3.8G       3.7G       120M       5.7M        27M       3.2G

MemTotal:        4016004 kB
MemFree:          116132 kB
Active:           421748 kB
Mem:          3.8G       3.7G       112M       5.7M        27M       3.2G

MemTotal:        4016004 kB
MemFree:          133076 kB
Active:           421956 kB
Mem:          3.8G       3.7G       128M       5.7M        27M       3.2G

MemTotal:        4016004 kB
MemFree:          138820 kB
Active:           422112 kB
Mem:          3.8G       3.7G       134M       5.7M        27M       3.2G

MemTotal:        4016004 kB
MemFree:          125580 kB
Active:           422292 kB
Mem:          3.8G       3.7G       122M       5.7M        27M       3.2G

MemTotal:        4016004 kB
MemFree:          124380 kB
Active:           422296 kB
Mem:          3.8G       3.7G       121M       5.7M        27M       3.2G

MemTotal:        4016004 kB
MemFree:          124196 kB
Active:           422280 kB
Mem:          3.8G       3.7G       121M       5.7M        27M       3.2G

MemTotal:        4016004 kB
MemFree:          120516 kB
Active:           422288 kB
Mem:          3.8G       3.7G       117M       5.7M        27M       3.2G

MemTotal:        4016004 kB
MemFree:          115568 kB
Active:           422848 kB
Mem:          3.8G       3.7G       112M       5.7M        27M       3.2G

MemTotal:        4016004 kB
MemFree:          117936 kB
Active:           423080 kB
Mem:          3.8G       3.7G       114M       5.7M        27M       3.2G

MemTotal:        4016004 kB
MemFree:          128416 kB
Active:           423244 kB
Mem:          3.8G       3.7G       124M       5.7M        27M       3.2G

MemTotal:        4016004 kB
MemFree:          141284 kB
Active:           423356 kB
Mem:          3.8G       3.7G       137M       5.7M        27M       3.2G

MemTotal:        4016004 kB
MemFree:          131176 kB
Active:           423488 kB
Mem:          3.8G       3.7G       127M       5.7M        27M       3.2G

MemTotal:        4016004 kB
MemFree:          115660 kB
Active:           423720 kB
Mem:          3.8G       3.7G       112M       5.7M        27M       3.2G

MemTotal:        4016004 kB
MemFree:          120524 kB
Active:           423952 kB
Mem:          3.8G       3.7G       117M       5.7M        27M       3.2G

MemTotal:        4016004 kB
MemFree:          114536 kB
Active:           424144 kB
Mem:          3.8G       3.7G       111M       5.7M        27M       3.2G

MemTotal:        4016004 kB
MemFree:          106180 kB
Active:           424308 kB
Mem:          3.8G       3.7G       103M       5.7M        27M       3.2G

MemTotal:        4016004 kB
MemFree:          129624 kB
Active:           424480 kB
Mem:          3.8G       3.7G       134M       5.7M        28M       3.2G

MemTotal:        4016004 kB
MemFree:          133168 kB
Active:           424540 kB
Mem:          3.8G       3.7G       129M       5.7M        28M       3.2G

MemTotal:        4016004 kB
MemFree:          134272 kB
Active:           424760 kB
Mem:          3.8G       3.7G       130M       5.7M        28M       3.2G

MemTotal:        4016004 kB
MemFree:          132508 kB
Active:           424912 kB
Mem:          3.8G       3.7G       128M       5.7M        28M       3.2G

MemTotal:        4016004 kB
MemFree:          133252 kB
Active:           425064 kB
Mem:          3.8G       3.7G       130M       5.7M        28M       3.2G

MemTotal:        4016004 kB
MemFree:          120396 kB
Active:           425196 kB
Mem:          3.8G       3.7G       117M       5.7M        28M       3.2G

MemTotal:        4016004 kB
MemFree:          125484 kB
Active:           425356 kB
Mem:          3.8G       3.7G       121M       5.7M        28M       3.2G

MemTotal:        4016004 kB
MemFree:          128680 kB
Active:           425596 kB
Mem:          3.8G       3.7G       125M       5.7M        28M       3.2G

MemTotal:        4016004 kB
MemFree:          126216 kB
Active:           425788 kB
Mem:          3.8G       3.7G       123M       5.7M        28M       3.2G

MemTotal:        4016004 kB
MemFree:          125996 kB
Active:           425908 kB
Mem:          3.8G       3.7G       123M       5.7M        28M       3.2G

MemTotal:        4016004 kB
MemFree:          134196 kB
Active:           425992 kB
Mem:          3.8G       3.7G       131M       5.7M        28M       3.2G

MemTotal:        4016004 kB
MemFree:          123332 kB
Active:           426112 kB
Mem:          3.8G       3.7G       120M       5.7M        28M       3.2G

MemTotal:        4016004 kB
MemFree:          131580 kB
Active:           426388 kB
Mem:          3.8G       3.7G       128M       5.7M        28M       3.2G

MemTotal:        4016004 kB
MemFree:          133652 kB
Active:           426668 kB
Mem:          3.8G       3.7G       130M       5.7M        28M       3.2G

MemTotal:        4016004 kB
MemFree:          133368 kB
Active:           426700 kB
Mem:          3.8G       3.7G       129M       5.7M        28M       3.2G

MemTotal:        4016004 kB
MemFree:          122204 kB
Active:           426748 kB
Mem:          3.8G       3.7G       118M       5.7M        28M       3.2G

MemTotal:        4016004 kB
MemFree:          131752 kB
Active:           427084 kB
Mem:          3.8G       3.7G       127M       5.7M        28M       3.2G

MemTotal:        4016004 kB
MemFree:          127344 kB
Active:           427332 kB
Mem:          3.8G       3.7G       123M       5.7M        28M       3.2G

MemTotal:        4016004 kB
MemFree:          121892 kB
Active:           427560 kB
Mem:          3.8G       3.7G       118M       5.7M        28M       3.2G

MemTotal:        4016004 kB
MemFree:          128576 kB
Active:           427768 kB
Mem:          3.8G       3.7G       124M       5.7M        28M       3.2G

MemTotal:        4016004 kB
MemFree:          120484 kB
Active:           427928 kB
Mem:          3.8G       3.7G       117M       5.7M        28M       3.2G

MemTotal:        4016004 kB
MemFree:          120008 kB
Active:           427940 kB
Mem:          3.8G       3.7G       117M       5.7M        28M       3.2G

MemTotal:        4016004 kB
MemFree:          119652 kB
Active:           427960 kB
Mem:          3.8G       3.7G       116M       5.7M        28M       3.2G

MemTotal:        4016004 kB
MemFree:          110368 kB
Active:           427920 kB
Mem:          3.8G       3.7G       106M       5.7M        28M       3.2G

MemTotal:        4016004 kB
MemFree:          124616 kB
Active:           428468 kB
Mem:          3.8G       3.7G       121M       5.7M        28M       3.2G

MemTotal:        4016004 kB
MemFree:          129824 kB
Active:           428676 kB
Mem:          3.8G       3.7G       126M       5.7M        28M       3.2G

MemTotal:        4016004 kB
MemFree:          115792 kB
Active:           428876 kB
Mem:          3.8G       3.7G       112M       5.7M        28M       3.2G

MemTotal:        4016004 kB
MemFree:          128460 kB
Active:           429384 kB
Mem:          3.8G       3.7G       125M       5.7M        28M       3.2G

MemTotal:        4016004 kB
MemFree:          105836 kB
Active:           429220 kB
Mem:          3.8G       3.7G       102M       5.7M        28M       3.2G

MemTotal:        4016004 kB
MemFree:          138456 kB
Active:           429492 kB
Mem:          3.8G       3.7G       135M       5.7M        28M       3.2G

MemTotal:        4016004 kB
MemFree:          130176 kB
Active:           429800 kB
Mem:          3.8G       3.7G       126M       5.7M        28M       3.2G

MemTotal:        4016004 kB
MemFree:          125836 kB
Active:           430008 kB
Mem:          3.8G       3.7G       122M       5.7M        28M       3.2G

MemTotal:        4016004 kB
MemFree:          125436 kB
Active:           430000 kB
Mem:          3.8G       3.7G       122M       5.7M        28M       3.2G

MemTotal:        4016004 kB
MemFree:          139880 kB
Active:           430284 kB
Mem:          3.8G       3.7G       136M       5.7M        28M       3.2G

MemTotal:        4016004 kB
MemFree:          130068 kB
Active:           430744 kB
Mem:          3.8G       3.7G       126M       5.7M        28M       3.2G

MemTotal:        4016004 kB
MemFree:          126376 kB
Active:           430960 kB
Mem:          3.8G       3.7G       122M       5.7M        28M       3.2G

MemTotal:        4016004 kB
MemFree:          121328 kB
Active:           431148 kB
Mem:          3.8G       3.7G       118M       5.7M        28M       3.2G

MemTotal:        4016004 kB
MemFree:          131292 kB
Active:           431316 kB
Mem:          3.8G       3.7G       127M       5.7M        28M       3.2G

MemTotal:        4016004 kB
MemFree:          129708 kB
Active:           431524 kB
Mem:          3.8G       3.7G       126M       5.7M        28M       3.2G

MemTotal:        4016004 kB
MemFree:          121404 kB
Active:           431692 kB
Mem:          3.8G       3.7G       118M       5.7M        28M       3.2G

MemTotal:        4016004 kB
MemFree:          129888 kB
Active:           431864 kB
Mem:          3.8G       3.7G       126M       5.7M        28M       3.2G

MemTotal:        4016004 kB
MemFree:          115136 kB
Active:           431924 kB
Mem:          3.8G       3.7G       112M       5.7M        28M       3.2G

MemTotal:        4016004 kB
MemFree:          116444 kB
Active:           434020 kB
Mem:          3.8G       3.7G       113M       5.7M        28M       3.2G

MemTotal:        4016004 kB
MemFree:          129740 kB
Active:           433368 kB
Mem:          3.8G       3.7G       126M       5.7M        28M       3.2G

MemTotal:        4016004 kB
MemFree:          140656 kB
Active:           433656 kB
Mem:          3.8G       3.7G       136M       5.7M        28M       3.1G

MemTotal:        4016004 kB
MemFree:          132272 kB
Active:           433856 kB
Mem:          3.8G       3.7G       128M       5.7M        28M       3.2G

MemTotal:        4016004 kB
MemFree:          126772 kB
Active:           433936 kB
Mem:          3.8G       3.7G       123M       5.7M        28M       3.2G

MemTotal:        4016004 kB
MemFree:          111192 kB
Active:           434076 kB
Mem:          3.8G       3.7G       108M       5.7M        28M       3.2G

MemTotal:        4016004 kB
MemFree:          126288 kB
Active:           434180 kB
Mem:          3.8G       3.7G       123M       5.7M        28M       3.2G

MemTotal:        4016004 kB
MemFree:          112252 kB
Active:           434480 kB
Mem:          3.8G       3.7G       108M       5.7M        28M       3.2G

MemTotal:        4016004 kB
MemFree:          126896 kB
Active:           434696 kB
Mem:          3.8G       3.7G       123M       5.7M        28M       3.2G

MemTotal:        4016004 kB
MemFree:          128120 kB
Active:           434828 kB
Mem:          3.8G       3.7G       124M       5.7M        28M       3.2G

MemTotal:        4016004 kB
MemFree:          136924 kB
Active:           434964 kB
Mem:          3.8G       3.7G       133M       5.7M        28M       3.2G

MemTotal:        4016004 kB
MemFree:          136644 kB
Active:           435152 kB
Mem:          3.8G       3.7G       133M       5.7M        28M       3.1G

MemTotal:        4016004 kB
MemFree:          136116 kB
Active:           435360 kB
Mem:          3.8G       3.7G       132M       5.7M        28M       3.2G

MemTotal:        4016004 kB
MemFree:          136164 kB
Active:           435552 kB
Mem:          3.8G       3.7G       132M       5.7M        28M       3.1G

MemTotal:        4016004 kB
MemFree:          112704 kB
Active:           435672 kB
Mem:          3.8G       3.7G       109M       5.7M        28M       3.2G

MemTotal:        4016004 kB
MemFree:          112676 kB
Active:           435756 kB
Mem:          3.8G       3.7G       109M       5.7M        28M       3.2G

MemTotal:        4016004 kB
MemFree:          134760 kB
Active:           435868 kB
Mem:          3.8G       3.7G       131M       5.7M        28M       3.2G

MemTotal:        4016004 kB
MemFree:          124408 kB
Active:           436064 kB
Mem:          3.8G       3.7G       120M       5.7M        28M       3.2G

MemTotal:        4016004 kB
MemFree:          123576 kB
Active:           436340 kB
Mem:          3.8G       3.7G       120M       5.7M        28M       3.2G

MemTotal:        4016004 kB
MemFree:          108212 kB
Active:           436488 kB
Mem:          3.8G       3.7G       105M       5.7M        28M       3.2G

MemTotal:        4016004 kB
MemFree:          126924 kB
Active:           436584 kB
Mem:          3.8G       3.7G       123M       5.7M        28M       3.2G

MemTotal:        4016004 kB
MemFree:          106696 kB
Active:           436740 kB
Mem:          3.8G       3.7G       103M       5.7M        28M       3.2G

MemTotal:        4016004 kB
MemFree:          139228 kB
Active:           437032 kB
Mem:          3.8G       3.7G       135M       5.7M        28M       3.1G

MemTotal:        4016004 kB
MemFree:          121460 kB
Active:           437252 kB
Mem:          3.8G       3.7G       117M       5.7M        28M       3.2G

MemTotal:        4016004 kB
MemFree:          121848 kB
Active:           437384 kB
Mem:          3.8G       3.7G       118M       5.7M        28M       3.2G

MemTotal:        4016004 kB
MemFree:          126388 kB
Active:           437444 kB
Mem:          3.8G       3.7G       123M       5.7M        28M       3.2G

MemTotal:        4016004 kB
MemFree:          126812 kB
Active:           437584 kB
Mem:          3.8G       3.7G       127M       5.7M        28M       3.2G

MemTotal:        4016004 kB
MemFree:          121420 kB
Active:           437872 kB
Mem:          3.8G       3.7G       118M       5.7M        28M       3.2G

MemTotal:        4016004 kB
MemFree:          133072 kB
Active:           438080 kB
Mem:          3.8G       3.7G       129M       5.7M        28M       3.2G

MemTotal:        4016004 kB
MemFree:          113260 kB
Active:           438268 kB
Mem:          3.8G       3.7G       110M       5.7M        28M       3.2G

MemTotal:        4016004 kB
MemFree:          125476 kB
Active:           438304 kB
Mem:          3.8G       3.7G       122M       5.7M        28M       3.2G

MemTotal:        4016004 kB
MemFree:          124612 kB
Active:           438388 kB
Mem:          3.8G       3.7G       121M       5.7M        28M       3.2G

MemTotal:        4016004 kB
MemFree:          125292 kB
Active:           438736 kB
Mem:          3.8G       3.7G       121M       5.7M        28M       3.2G

MemTotal:        4016004 kB
MemFree:          121892 kB
Active:           439036 kB
Mem:          3.8G       3.7G       118M       5.7M        28M       3.2G

MemTotal:        4016004 kB
MemFree:          124340 kB
Active:           439204 kB
Mem:          3.8G       3.7G       121M       5.7M        28M       3.2G

MemTotal:        4016004 kB
MemFree:          127772 kB
Active:           439304 kB
Mem:          3.8G       3.7G       124M       5.7M        28M       3.2G

MemTotal:        4016004 kB
MemFree:          129996 kB
Active:           439372 kB
Mem:          3.8G       3.7G       126M       5.7M        28M       3.2G

MemTotal:        4016004 kB
MemFree:          128168 kB
Active:           439496 kB
Mem:          3.8G       3.7G       124M       5.7M        28M       3.2G

MemTotal:        4016004 kB
MemFree:          108444 kB
Active:           439832 kB
Mem:          3.8G       3.7G       105M       5.7M        28M       3.2G

MemTotal:        4016004 kB
MemFree:          114892 kB
Active:           440048 kB
Mem:          3.8G       3.7G       111M       5.7M        28M       3.2G

MemTotal:        4016004 kB
MemFree:          139112 kB
Active:           440168 kB
Mem:          3.8G       3.7G       135M       5.7M        28M       3.1G

MemTotal:        4016004 kB
MemFree:          132892 kB
Active:           440268 kB
Mem:          3.8G       3.7G       129M       5.7M        28M       3.2G

MemTotal:        4016004 kB
MemFree:          127148 kB
Active:           440552 kB
Mem:          3.8G       3.7G       123M       5.7M        28M       3.2G

MemTotal:        4016004 kB
MemFree:          119456 kB
Active:           440736 kB
Mem:          3.8G       3.7G       116M       5.7M        28M       3.2G

MemTotal:        4016004 kB
MemFree:          125424 kB
Active:           440900 kB
Mem:          3.8G       3.7G       121M       5.7M        28M       3.2G

MemTotal:        4016004 kB
MemFree:          117276 kB
Active:           441056 kB
Mem:          3.8G       3.7G       114M       5.7M        28M       3.2G

MemTotal:        4016004 kB
MemFree:          124680 kB
Active:           441088 kB
Mem:          3.8G       3.7G       121M       5.7M        28M       3.2G

MemTotal:        4016004 kB
MemFree:          125184 kB
Active:           441196 kB
Mem:          3.8G       3.7G       123M       5.7M        28M       3.2G

MemTotal:        4016004 kB
MemFree:          142560 kB
Active:           441664 kB
Mem:          3.8G       3.7G       138M       5.7M        28M       3.1G

MemTotal:        4016004 kB
MemFree:          130076 kB
Active:           441936 kB
Mem:          3.8G       3.7G       126M       5.7M        28M       3.2G

MemTotal:        4016004 kB
MemFree:          137008 kB
Active:           442052 kB
Mem:          3.8G       3.7G       133M       5.7M        28M       3.1G

MemTotal:        4016004 kB
MemFree:          131928 kB
Active:           442276 kB
Mem:          3.8G       3.7G       128M       5.7M        28M       3.2G

MemTotal:        4016004 kB
MemFree:          109048 kB
Active:           442432 kB
Mem:          3.8G       3.7G       105M       5.7M        28M       3.2G

MemTotal:        4016004 kB
MemFree:          125456 kB
Active:           442604 kB
Mem:          3.8G       3.7G       122M       5.7M        28M       3.2G

MemTotal:        4016004 kB
MemFree:          130432 kB
Active:           442768 kB
Mem:          3.8G       3.7G       126M       5.7M        28M       3.2G

MemTotal:        4016004 kB
MemFree:          141136 kB
Active:           442876 kB
Mem:          3.8G       3.7G       136M       5.7M        28M       3.1G

MemTotal:        4016004 kB
MemFree:          107688 kB
Active:           443064 kB
Mem:          3.8G       3.7G       104M       5.7M        28M       3.2G

MemTotal:        4016004 kB
MemFree:          104892 kB
Active:           443204 kB
Mem:          3.8G       3.7G       106M       5.7M        28M       3.2G

MemTotal:        4016004 kB
MemFree:          114584 kB
Active:           443384 kB
Mem:          3.8G       3.7G       111M       5.7M        28M       3.2G

MemTotal:        4016004 kB
MemFree:          129576 kB
Active:           443600 kB
Mem:          3.8G       3.7G       126M       5.7M        28M       3.2G

MemTotal:        4016004 kB
MemFree:          130324 kB
Active:           443792 kB
Mem:          3.8G       3.7G       126M       5.7M        28M       3.2G

MemTotal:        4016004 kB
MemFree:          122320 kB
Active:           443852 kB
Mem:          3.8G       3.7G       119M       5.7M        28M       3.2G

MemTotal:        4016004 kB
MemFree:          131544 kB
Active:           443896 kB
Mem:          3.8G       3.7G       128M       5.7M        28M       3.1G

MemTotal:        4016004 kB
MemFree:          132704 kB
Active:           444156 kB
Mem:          3.8G       3.7G       128M       5.7M        28M       3.1G

MemTotal:        4016004 kB
MemFree:          125364 kB
Active:           444540 kB
Mem:          3.8G       3.7G       121M       5.7M        28M       3.2G

MemTotal:        4016004 kB
MemFree:          125100 kB
Active:           444708 kB
Mem:          3.8G       3.7G       121M       5.7M        28M       3.2G

MemTotal:        4016004 kB
MemFree:          108948 kB
Active:           444804 kB
Mem:          3.8G       3.7G       106M       5.7M        28M       3.2G

MemTotal:        4016004 kB
MemFree:          112916 kB
Active:           444888 kB
Mem:          3.8G       3.7G       110M       5.7M        28M       3.2G

MemTotal:        4016004 kB
MemFree:          118116 kB
Active:           445060 kB
Mem:          3.8G       3.7G       113M       5.7M        28M       3.2G

MemTotal:        4016004 kB
MemFree:          132520 kB
Active:           445368 kB
Mem:          3.8G       3.7G       128M       5.7M        28M       3.1G

MemTotal:        4016004 kB
MemFree:          128880 kB
Active:           445548 kB
Mem:          3.8G       3.7G       125M       5.7M        28M       3.2G

MemTotal:        4016004 kB
MemFree:          134780 kB
Active:           445928 kB
Mem:          3.8G       3.7G       130M       5.7M        28M       3.1G

MemTotal:        4016004 kB
MemFree:          109640 kB
Active:           446224 kB
Mem:          3.8G       3.7G       106M       5.7M        28M       3.2G

MemTotal:        4016004 kB
MemFree:          109304 kB
Active:           446428 kB
Mem:          3.8G       3.7G       106M       5.7M        28M       3.2G

MemTotal:        4016004 kB
MemFree:          121472 kB
Active:           446608 kB
Mem:          3.8G       3.7G       118M       5.7M        28M       3.2G

MemTotal:        4016004 kB
MemFree:          119808 kB
Active:           446744 kB
Mem:          3.8G       3.7G       116M       5.7M        28M       3.2G

MemTotal:        4016004 kB
MemFree:          115720 kB
Active:           446884 kB
Mem:          3.8G       3.7G       113M       5.7M        28M       3.2G

MemTotal:        4016004 kB
MemFree:          122896 kB
Active:           447256 kB
Mem:          3.8G       3.7G       119M       5.7M        28M       3.2G

MemTotal:        4016004 kB
MemFree:          121096 kB
Active:           447440 kB
Mem:          3.8G       3.7G       118M       5.7M        28M       3.2G

MemTotal:        4016004 kB
MemFree:          120108 kB
Active:           447444 kB
Mem:          3.8G       3.7G       117M       5.7M        28M       3.2G

MemTotal:        4016004 kB
MemFree:          128112 kB
Active:           447568 kB
Mem:          3.8G       3.7G       124M       5.7M        28M       3.2G

MemTotal:        4016004 kB
MemFree:          116768 kB
Active:           447864 kB
Mem:          3.8G       3.7G       113M       5.7M        28M       3.2G

MemTotal:        4016004 kB
MemFree:          124856 kB
Active:           448096 kB
Mem:          3.8G       3.7G       121M       5.7M        28M       3.2G

MemTotal:        4016004 kB
MemFree:          123404 kB
Active:           448336 kB
Mem:          3.8G       3.7G       120M       5.7M        28M       3.2G

MemTotal:        4016004 kB
MemFree:          107932 kB
Active:           448508 kB
Mem:          3.8G       3.7G       104M       5.7M        28M       3.2G

MemTotal:        4016004 kB
MemFree:          147656 kB
Active:           448564 kB
Mem:          3.8G       3.7G       143M       5.7M        28M       3.1G

MemTotal:        4016004 kB
MemFree:          116484 kB
Active:           448772 kB
Mem:          3.8G       3.7G       113M       5.7M        28M       3.2G

MemTotal:        4016004 kB
MemFree:          135176 kB
Active:           448872 kB
Mem:          3.8G       3.7G       131M       5.7M        28M       3.1G

MemTotal:        4016004 kB
MemFree:          122628 kB
Active:           449040 kB
Mem:          3.8G       3.7G       119M       5.7M        28M       3.2G

MemTotal:        4016004 kB
MemFree:          112564 kB
Active:           449336 kB
Mem:          3.8G       3.7G       109M       5.7M        28M       3.2G

MemTotal:        4016004 kB
MemFree:          107236 kB
Active:           449508 kB
Mem:          3.8G       3.7G       104M       5.7M        28M       3.2G

MemTotal:        4016004 kB
MemFree:          121404 kB
Active:           449636 kB
Mem:          3.8G       3.7G       117M       5.7M        28M       3.2G

MemTotal:        4016004 kB
MemFree:          125896 kB
Active:           449752 kB
Mem:          3.8G       3.7G       122M       5.7M        28M       3.2G

MemTotal:        4016004 kB
MemFree:          118164 kB
Active:           449884 kB
Mem:          3.8G       3.7G       115M       5.7M        28M       3.2G

MemTotal:        4016004 kB
MemFree:         3373328 kB
Active:           357780 kB
Mem:          3.8G       627M       3.2G       5.7M        28M       184M

MemTotal:        4016004 kB
MemFree:         3374392 kB
Active:           357408 kB
Mem:          3.8G       626M       3.2G       5.7M        28M       184M

MemTotal:        4016004 kB
MemFree:         3374524 kB
Active:           357392 kB
Mem:          3.8G       626M       3.2G       5.7M        28M       183M

MemTotal:        4016004 kB
MemFree:         3374524 kB
Active:           357436 kB
Mem:          3.8G       626M       3.2G       5.7M        28M       184M

MemTotal:        4016004 kB
MemFree:         3375020 kB
Active:           357436 kB
Mem:          3.8G       626M       3.2G       5.7M        28M       184M

MemTotal:        4016004 kB
MemFree:         3374772 kB
Active:           357408 kB
Mem:          3.8G       626M       3.2G       5.7M        28M       184M

MemTotal:        4016004 kB
MemFree:         3375020 kB
Active:           357416 kB
Mem:          3.8G       625M       3.2G       5.7M        28M       184M

MemTotal:        4016004 kB
MemFree:         3375144 kB
Active:           357440 kB
Mem:          3.8G       625M       3.2G       5.7M        28M       184M

MemTotal:        4016004 kB
MemFree:         3375020 kB
Active:           357440 kB
Mem:          3.8G       625M       3.2G       5.7M        28M       184M

MemTotal:        4016004 kB
MemFree:         3375144 kB
Active:           357452 kB
Mem:          3.8G       625M       3.2G       5.7M        28M       184M

MemTotal:        4016004 kB
MemFree:         3375020 kB
Active:           357428 kB
Mem:          3.8G       625M       3.2G       5.7M        28M       184M

MemTotal:        4016004 kB
MemFree:         3374772 kB
Active:           357464 kB
Mem:          3.8G       626M       3.2G       5.7M        28M       184M

MemTotal:        4016004 kB
MemFree:         3375144 kB
Active:           357456 kB
Mem:          3.8G       625M       3.2G       5.7M        28M       184M

MemTotal:        4016004 kB
MemFree:         3375640 kB
Active:           357452 kB
Mem:          3.8G       625M       3.2G       5.7M        28M       184M

MemTotal:        4016004 kB
MemFree:         3375516 kB
Active:           357448 kB
Mem:          3.8G       625M       3.2G       5.7M        28M       184M

MemTotal:        4016004 kB
MemFree:         3375392 kB
Active:           357472 kB
Mem:          3.8G       625M       3.2G       5.7M        28M       184M

MemTotal:        4016004 kB
MemFree:         3375392 kB
Active:           357416 kB
Mem:          3.8G       625M       3.2G       5.7M        28M       184M

MemTotal:        4016004 kB
MemFree:         3375392 kB
Active:           357464 kB
Mem:          3.8G       625M       3.2G       5.7M        28M       184M

MemTotal:        4016004 kB
MemFree:         3375144 kB
Active:           357484 kB
Mem:          3.8G       625M       3.2G       5.7M        28M       184M

MemTotal:        4016004 kB
MemFree:         3375516 kB
Active:           357456 kB
Mem:          3.8G       625M       3.2G       5.7M        28M       184M

MemTotal:        4016004 kB
MemFree:         3375516 kB
Active:           357448 kB
Mem:          3.8G       625M       3.2G       5.7M        28M       184M

MemTotal:        4016004 kB
MemFree:         3375516 kB
Active:           357448 kB
Mem:          3.8G       625M       3.2G       5.7M        28M       184M

MemTotal:        4016004 kB
MemFree:         3375144 kB
Active:           357484 kB
Mem:          3.8G       625M       3.2G       5.7M        28M       184M

MemTotal:        4016004 kB
MemFree:         3375392 kB
Active:           357468 kB
Mem:          3.8G       625M       3.2G       5.7M        28M       184M

MemTotal:        4016004 kB
MemFree:         3375764 kB
Active:           357456 kB
Mem:          3.8G       625M       3.2G       5.7M        28M       184M

MemTotal:        4016004 kB
MemFree:         3375764 kB
Active:           357480 kB
Mem:          3.8G       625M       3.2G       5.7M        28M       184M

MemTotal:        4016004 kB
MemFree:         3375392 kB
Active:           357476 kB
Mem:          3.8G       625M       3.2G       5.7M        28M       184M

MemTotal:        4016004 kB
MemFree:         3375144 kB
Active:           357492 kB
Mem:          3.8G       625M       3.2G       5.7M        28M       184M

MemTotal:        4016004 kB
MemFree:         3376260 kB
Active:           356956 kB
Mem:          3.8G       624M       3.2G       5.7M        28M       184M

MemTotal:        4016004 kB
MemFree:         3375904 kB
Active:           356952 kB
Mem:          3.8G       625M       3.2G       5.7M        28M       184M

MemTotal:        4016004 kB
MemFree:         3376276 kB
Active:           356928 kB
Mem:          3.8G       625M       3.2G       5.7M        28M       184M

MemTotal:        4016004 kB
MemFree:         3376028 kB
Active:           356948 kB
Mem:          3.8G       624M       3.2G       5.7M        28M       184M

MemTotal:        4016004 kB
MemFree:         3376276 kB
Active:           356920 kB
Mem:          3.8G       624M       3.2G       5.7M        28M       184M

MemTotal:        4016004 kB
MemFree:         3376524 kB
Active:           356948 kB
Mem:          3.8G       624M       3.2G       5.7M        28M       184M

MemTotal:        4016004 kB
MemFree:         3376524 kB
Active:           356948 kB
Mem:          3.8G       624M       3.2G       5.7M        28M       184M

MemTotal:        4016004 kB
MemFree:         3376648 kB
Active:           356920 kB
Mem:          3.8G       624M       3.2G       5.7M        28M       184M

MemTotal:        4016004 kB
MemFree:         3376632 kB
Active:           356956 kB
Mem:          3.8G       624M       3.2G       5.7M        28M       184M

MemTotal:        4016004 kB
MemFree:         3376508 kB
Active:           356944 kB
Mem:          3.8G       624M       3.2G       5.7M        28M       184M

MemTotal:        4016004 kB
MemFree:         3376632 kB
Active:           356940 kB
Mem:          3.8G       624M       3.2G       5.7M        28M       184M

MemTotal:        4016004 kB
MemFree:         3376756 kB
Active:           356968 kB
Mem:          3.8G       624M       3.2G       5.7M        28M       184M

MemTotal:        4016004 kB
MemFree:         3376632 kB
Active:           356972 kB
Mem:          3.8G       624M       3.2G       5.7M        28M       184M

MemTotal:        4016004 kB
MemFree:         3376260 kB
Active:           356992 kB
Mem:          3.8G       624M       3.2G       5.7M        28M       184M

MemTotal:        4016004 kB
MemFree:         3376508 kB
Active:           356972 kB
Mem:          3.8G       624M       3.2G       5.7M        28M       184M

MemTotal:        4016004 kB
MemFree:         3376244 kB
Active:           356996 kB
Mem:          3.8G       624M       3.2G       5.7M        28M       184M

MemTotal:        4016004 kB
MemFree:         3376632 kB
Active:           356944 kB
Mem:          3.8G       624M       3.2G       5.7M        28M       184M

MemTotal:        4016004 kB
MemFree:         3376508 kB
Active:           356976 kB
Mem:          3.8G       624M       3.2G       5.7M        28M       184M

MemTotal:        4016004 kB
MemFree:         3376508 kB
Active:           356952 kB
Mem:          3.8G       624M       3.2G       5.7M        28M       184M

MemTotal:        4016004 kB
MemFree:         3376632 kB
Active:           356988 kB
Mem:          3.8G       624M       3.2G       5.7M        28M       184M

MemTotal:        4016004 kB
MemFree:         3376136 kB
Active:           357008 kB
Mem:          3.8G       625M       3.2G       5.7M        28M       184M

MemTotal:        4016004 kB
MemFree:         3376508 kB
Active:           356984 kB
Mem:          3.8G       624M       3.2G       5.7M        28M       184M

MemTotal:        4016004 kB
MemFree:         3376384 kB
Active:           356992 kB
Mem:          3.8G       624M       3.2G       5.7M        28M       184M

MemTotal:        4016004 kB
MemFree:         3376136 kB
Active:           357016 kB
Mem:          3.8G       624M       3.2G       5.7M        28M       184M

MemTotal:        4016004 kB
MemFree:         3375764 kB
Active:           357016 kB
Mem:          3.8G       625M       3.2G       5.7M        28M       184M

MemTotal:        4016004 kB
MemFree:         3376136 kB
Active:           356964 kB
Mem:          3.8G       624M       3.2G       5.7M        28M       184M

MemTotal:        4016004 kB
MemFree:         3376012 kB
Active:           357004 kB
Mem:          3.8G       624M       3.2G       5.7M        28M       184M

MemTotal:        4016004 kB
MemFree:         3375764 kB
Active:           356960 kB
Mem:          3.8G       625M       3.2G       5.7M        28M       184M

MemTotal:        4016004 kB
MemFree:         3375764 kB
Active:           357016 kB
Mem:          3.8G       625M       3.2G       5.7M        28M       184M

MemTotal:        4016004 kB
MemFree:         3375764 kB
Active:           357012 kB
Mem:          3.8G       625M       3.2G       5.7M        28M       184M

MemTotal:        4016004 kB
MemFree:         3375268 kB
Active:           357024 kB
Mem:          3.8G       625M       3.2G       5.7M        28M       184M

MemTotal:        4016004 kB
MemFree:         3375640 kB
Active:           356984 kB
Mem:          3.8G       625M       3.2G       5.7M        28M       184M

MemTotal:        4016004 kB
MemFree:         3375764 kB
Active:           357024 kB
Mem:          3.8G       625M       3.2G       5.7M        28M       184M

MemTotal:        4016004 kB
MemFree:         3375640 kB
Active:           357000 kB
Mem:          3.8G       625M       3.2G       5.7M        28M       184M

MemTotal:        4016004 kB
MemFree:         3375764 kB
Active:           357012 kB
Mem:          3.8G       625M       3.2G       5.7M        28M       184M

MemTotal:        4016004 kB
MemFree:         3375888 kB
Active:           356992 kB
Mem:          3.8G       625M       3.2G       5.7M        28M       184M

MemTotal:        4016004 kB
MemFree:         3376012 kB
Active:           357024 kB
Mem:          3.8G       625M       3.2G       5.7M        28M       184M

MemTotal:        4016004 kB
MemFree:         3376012 kB
Active:           357000 kB
