MemTotal:        4016004 kB
MemFree:         3225920 kB
Active:           435204 kB
Mem:          3.8G       772M       3.1G       5.7M        52M       322M

MemTotal:        4016004 kB
MemFree:         3225096 kB
Active:           435360 kB
Mem:          3.8G       772M       3.1G       5.7M        52M       322M

MemTotal:        4016004 kB
MemFree:         3225328 kB
Active:           435488 kB
Mem:          3.8G       772M       3.1G       5.7M        52M       322M

MemTotal:        4016004 kB
MemFree:         3223264 kB
Active:           435468 kB
Mem:          3.8G       774M       3.1G       5.7M        52M       322M

MemTotal:        4016004 kB
MemFree:         3222892 kB
Active:           437520 kB
Mem:          3.8G       774M       3.1G       5.7M        52M       322M

MemTotal:        4016004 kB
MemFree:         3223000 kB
Active:           437548 kB
Mem:          3.8G       774M       3.1G       5.7M        52M       322M

MemTotal:        4016004 kB
MemFree:         3222860 kB
Active:           437564 kB
Mem:          3.8G       774M       3.1G       5.7M        52M       322M

MemTotal:        4016004 kB
MemFree:         3223232 kB
Active:           437544 kB
Mem:          3.8G       774M       3.1G       5.7M        52M       322M

MemTotal:        4016004 kB
MemFree:         3223216 kB
Active:           437540 kB
Mem:          3.8G       774M       3.1G       5.7M        52M       322M

MemTotal:        4016004 kB
MemFree:         3223340 kB
Active:           437576 kB
Mem:          3.8G       774M       3.1G       5.7M        52M       322M

MemTotal:        4016004 kB
MemFree:         3223572 kB
Active:           437556 kB
Mem:          3.8G       773M       3.1G       5.7M        52M       322M

MemTotal:        4016004 kB
MemFree:         3223432 kB
Active:           437556 kB
Mem:          3.8G       774M       3.1G       5.7M        52M       322M

MemTotal:        4016004 kB
MemFree:         3223556 kB
Active:           437536 kB
Mem:          3.8G       773M       3.1G       5.7M        52M       322M

MemTotal:        4016004 kB
MemFree:         3223680 kB
Active:           437576 kB
Mem:          3.8G       773M       3.1G       5.7M        52M       322M

MemTotal:        4016004 kB
MemFree:         3223464 kB
Active:           437544 kB
Mem:          3.8G       774M       3.1G       5.7M        52M       322M

MemTotal:        4016004 kB
MemFree:         3223464 kB
Active:           437540 kB
Mem:          3.8G       773M       3.1G       5.7M        52M       322M

MemTotal:        4016004 kB
MemFree:         3223448 kB
Active:           437524 kB
Mem:          3.8G       773M       3.1G       5.7M        52M       322M

MemTotal:        4016004 kB
MemFree:         3223496 kB
Active:           437524 kB
Mem:          3.8G       774M       3.1G       5.7M        52M       322M

MemTotal:        4016004 kB
MemFree:         3223496 kB
Active:           437548 kB
Mem:          3.8G       774M       3.1G       5.7M        52M       322M

MemTotal:        4016004 kB
MemFree:         3223124 kB
Active:           437540 kB
Mem:          3.8G       774M       3.1G       5.7M        52M       322M

MemTotal:        4016004 kB
MemFree:         3223248 kB
Active:           437528 kB
Mem:          3.8G       773M       3.1G       5.7M        52M       322M

MemTotal:        4016004 kB
MemFree:         3223744 kB
Active:           437564 kB
Mem:          3.8G       773M       3.1G       5.7M        52M       322M

MemTotal:        4016004 kB
MemFree:         3223248 kB
Active:           437588 kB
Mem:          3.8G       774M       3.1G       5.7M        52M       322M

MemTotal:        4016004 kB
MemFree:         3223180 kB
Active:           435516 kB
Mem:          3.8G       774M       3.1G       5.7M        52M       322M

MemTotal:        4016004 kB
MemFree:         3223304 kB
Active:           437568 kB
Mem:          3.8G       774M       3.1G       5.7M        52M       322M

MemTotal:        4016004 kB
MemFree:         3223304 kB
Active:           437544 kB
Mem:          3.8G       774M       3.1G       5.7M        52M       322M

MemTotal:        4016004 kB
MemFree:         3223180 kB
Active:           437572 kB
Mem:          3.8G       774M       3.1G       5.7M        52M       322M

MemTotal:        4016004 kB
MemFree:         3223304 kB
Active:           437556 kB
Mem:          3.8G       774M       3.1G       5.7M        52M       322M

MemTotal:        4016004 kB
MemFree:         3223352 kB
Active:           437564 kB
Mem:          3.8G       774M       3.1G       5.7M        52M       322M

MemTotal:        4016004 kB
MemFree:         3223228 kB
Active:           437548 kB
Mem:          3.8G       774M       3.1G       5.7M        52M       322M

MemTotal:        4016004 kB
MemFree:         3223352 kB
Active:           437540 kB
Mem:          3.8G       774M       3.1G       5.7M        52M       322M

MemTotal:        4016004 kB
MemFree:         3222964 kB
Active:           437596 kB
Mem:          3.8G       774M       3.1G       5.7M        52M       322M

MemTotal:        4016004 kB
MemFree:         3222824 kB
Active:           437580 kB
Mem:          3.8G       774M       3.1G       5.7M        52M       322M

MemTotal:        4016004 kB
MemFree:         3222948 kB
Active:           437560 kB
Mem:          3.8G       774M       3.1G       5.7M        52M       322M

MemTotal:        4016004 kB
MemFree:         3222312 kB
Active:           437604 kB
Mem:          3.8G       774M       3.1G       5.7M        52M       322M

MemTotal:        4016004 kB
MemFree:         3222932 kB
Active:           437572 kB
Mem:          3.8G       774M       3.1G       5.7M        52M       322M

MemTotal:        4016004 kB
MemFree:         3222684 kB
Active:           437588 kB
Mem:          3.8G       774M       3.1G       5.7M        52M       322M

MemTotal:        4016004 kB
MemFree:         3222560 kB
Active:           437548 kB
Mem:          3.8G       774M       3.1G       5.7M        52M       322M

MemTotal:        4016004 kB
MemFree:         3222684 kB
Active:           437588 kB
Mem:          3.8G       774M       3.1G       5.7M        52M       322M

MemTotal:        4016004 kB
MemFree:         3222560 kB
Active:           437552 kB
Mem:          3.8G       774M       3.1G       5.7M        52M       322M

MemTotal:        4016004 kB
MemFree:         3222560 kB
Active:           437616 kB
Mem:          3.8G       774M       3.1G       5.7M        52M       322M

MemTotal:        4016004 kB
MemFree:         3222700 kB
Active:           437620 kB
Mem:          3.8G       774M       3.1G       5.7M        52M       322M

MemTotal:        4016004 kB
MemFree:         3222576 kB
Active:           437628 kB
Mem:          3.8G       774M       3.1G       5.7M        52M       322M

MemTotal:        4016004 kB
MemFree:         3223056 kB
Active:           437604 kB
Mem:          3.8G       774M       3.1G       5.7M        52M       322M

MemTotal:        4016004 kB
MemFree:         3223180 kB
Active:           437604 kB
Mem:          3.8G       774M       3.1G       5.7M        52M       322M

MemTotal:        4016004 kB
MemFree:         3223180 kB
Active:           437580 kB
Mem:          3.8G       774M       3.1G       5.7M        52M       322M

MemTotal:        4016004 kB
MemFree:         3222792 kB
Active:           437588 kB
Mem:          3.8G       774M       3.1G       5.7M        52M       322M

MemTotal:        4016004 kB
MemFree:         3222760 kB
Active:           437600 kB
Mem:          3.8G       774M       3.1G       5.7M        52M       322M

MemTotal:        4016004 kB
MemFree:         3223008 kB
Active:           437600 kB
Mem:          3.8G       774M       3.1G       5.7M        52M       322M

MemTotal:        4016004 kB
MemFree:         3223132 kB
Active:           437588 kB
Mem:          3.8G       774M       3.1G       5.7M        52M       322M

MemTotal:        4016004 kB
MemFree:         3223380 kB
Active:           437612 kB
Mem:          3.8G       774M       3.1G       5.7M        52M       322M

MemTotal:        4016004 kB
MemFree:         3223488 kB
Active:           437592 kB
Mem:          3.8G       774M       3.1G       5.7M        52M       322M

MemTotal:        4016004 kB
MemFree:         3221440 kB
Active:           437624 kB
Mem:          3.8G       775M       3.1G       5.7M        52M       322M

MemTotal:        4016004 kB
MemFree:         3221440 kB
Active:           439628 kB
Mem:          3.8G       775M       3.1G       5.7M        52M       322M

MemTotal:        4016004 kB
MemFree:         3221440 kB
Active:           439656 kB
Mem:          3.8G       775M       3.1G       5.7M        52M       322M

MemTotal:        4016004 kB
MemFree:         3221672 kB
Active:           439640 kB
Mem:          3.8G       775M       3.1G       5.7M        52M       322M

MemTotal:        4016004 kB
MemFree:         3221736 kB
Active:           439672 kB
Mem:          3.8G       775M       3.1G       5.7M        52M       322M

MemTotal:        4016004 kB
MemFree:         3221736 kB
Active:           439672 kB
Mem:          3.8G       775M       3.1G       5.7M        52M       322M

MemTotal:        4016004 kB
MemFree:         3221736 kB
Active:           439684 kB
Mem:          3.8G       776M       3.1G       5.7M        52M       322M

MemTotal:        4016004 kB
MemFree:         3221488 kB
Active:           439656 kB
Mem:          3.8G       776M       3.1G       5.7M        52M       322M

MemTotal:        4016004 kB
MemFree:         3221596 kB
Active:           439660 kB
Mem:          3.8G       775M       3.1G       5.7M        52M       322M

MemTotal:        4016004 kB
MemFree:         3221224 kB
Active:           439688 kB
Mem:          3.8G       776M       3.1G       5.7M        52M       322M

MemTotal:        4016004 kB
MemFree:         3221116 kB
Active:           439692 kB
Mem:          3.8G       776M       3.1G       5.7M        52M       322M

MemTotal:        4016004 kB
MemFree:         3221364 kB
Active:           439636 kB
Mem:          3.8G       775M       3.1G       5.7M        52M       322M

MemTotal:        4016004 kB
MemFree:         3221180 kB
Active:           439664 kB
Mem:          3.8G       776M       3.1G       5.7M        52M       322M

MemTotal:        4016004 kB
MemFree:         3220684 kB
Active:           439696 kB
Mem:          3.8G       776M       3.1G       5.7M        52M       322M

MemTotal:        4016004 kB
MemFree:         3220808 kB
Active:           439684 kB
Mem:          3.8G       776M       3.1G       5.7M        52M       322M

MemTotal:        4016004 kB
MemFree:         3221040 kB
Active:           439656 kB
Mem:          3.8G       776M       3.1G       5.7M        52M       322M

MemTotal:        4016004 kB
MemFree:         3221164 kB
Active:           439672 kB
Mem:          3.8G       776M       3.1G       5.7M        52M       322M

MemTotal:        4016004 kB
MemFree:         3221040 kB
Active:           439664 kB
Mem:          3.8G       776M       3.1G       5.7M        52M       322M

MemTotal:        4016004 kB
MemFree:         3221040 kB
Active:           439684 kB
Mem:          3.8G       776M       3.1G       5.7M        52M       322M

MemTotal:        4016004 kB
MemFree:         3221272 kB
Active:           439648 kB
Mem:          3.8G       776M       3.1G       5.7M        52M       322M

MemTotal:        4016004 kB
MemFree:         3221332 kB
Active:           437604 kB
Mem:          3.8G       776M       3.1G       5.7M        52M       322M

MemTotal:        4016004 kB
MemFree:         3221456 kB
Active:           439672 kB
Mem:          3.8G       776M       3.1G       5.7M        52M       322M

MemTotal:        4016004 kB
MemFree:         3220960 kB
Active:           439656 kB
Mem:          3.8G       776M       3.1G       5.7M        52M       322M

MemTotal:        4016004 kB
MemFree:         3220836 kB
Active:           439656 kB
Mem:          3.8G       776M       3.1G       5.7M        52M       322M

MemTotal:        4016004 kB
MemFree:         3220712 kB
Active:           439688 kB
Mem:          3.8G       776M       3.1G       5.7M        52M       322M

MemTotal:        4016004 kB
MemFree:         3220340 kB
Active:           439720 kB
Mem:          3.8G       776M       3.1G       5.7M        52M       322M

MemTotal:        4016004 kB
MemFree:         3220464 kB
Active:           439672 kB
Mem:          3.8G       776M       3.1G       5.7M        52M       322M

MemTotal:        4016004 kB
MemFree:         3220464 kB
Active:           439700 kB
Mem:          3.8G       776M       3.1G       5.7M        52M       322M

MemTotal:        4016004 kB
MemFree:         3220960 kB
Active:           439664 kB
Mem:          3.8G       776M       3.1G       5.7M        52M       322M

MemTotal:        4016004 kB
MemFree:         3220696 kB
Active:           439720 kB
Mem:          3.8G       776M       3.1G       5.7M        52M       322M

MemTotal:        4016004 kB
MemFree:         3221424 kB
Active:           439700 kB
Mem:          3.8G       775M       3.1G       5.7M        52M       322M

MemTotal:        4016004 kB
MemFree:         3221780 kB
Active:           439736 kB
Mem:          3.8G       775M       3.1G       5.7M        52M       322M

MemTotal:        4016004 kB
MemFree:         3221516 kB
Active:           439724 kB
Mem:          3.8G       775M       3.1G       5.7M        52M       322M

MemTotal:        4016004 kB
MemFree:         3221500 kB
Active:           439712 kB
Mem:          3.8G       775M       3.1G       5.7M        52M       322M

MemTotal:        4016004 kB
MemFree:         3221484 kB
Active:           439688 kB
Mem:          3.8G       775M       3.1G       5.7M        52M       322M

MemTotal:        4016004 kB
MemFree:         3221484 kB
Active:           439704 kB
Mem:          3.8G       776M       3.1G       5.7M        52M       322M

MemTotal:        4016004 kB
MemFree:         3220848 kB
Active:           439696 kB
Mem:          3.8G       776M       3.1G       5.7M        52M       322M

MemTotal:        4016004 kB
MemFree:         3220972 kB
Active:           439720 kB
Mem:          3.8G       776M       3.1G       5.7M        52M       322M

MemTotal:        4016004 kB
MemFree:         3221452 kB
Active:           439696 kB
Mem:          3.8G       776M       3.1G       5.7M        52M       322M

MemTotal:        4016004 kB
MemFree:         3221312 kB
Active:           439716 kB
Mem:          3.8G       776M       3.1G       5.7M        52M       322M

MemTotal:        4016004 kB
MemFree:         3218892 kB
Active:           439676 kB
Mem:          3.8G       778M       3.1G       5.7M        52M       322M

MemTotal:        4016004 kB
MemFree:         3218768 kB
Active:           441724 kB
Mem:          3.8G       778M       3.1G       5.7M        52M       322M

MemTotal:        4016004 kB
MemFree:         3218628 kB
Active:           441760 kB
Mem:          3.8G       778M       3.1G       5.7M        52M       322M

MemTotal:        4016004 kB
MemFree:         3218736 kB
Active:           441728 kB
Mem:          3.8G       778M       3.1G       5.7M        52M       322M

MemTotal:        4016004 kB
MemFree:         3218844 kB
Active:           441768 kB
Mem:          3.8G       778M       3.1G       5.7M        52M       322M

MemTotal:        4016004 kB
MemFree:         3218596 kB
Active:           441760 kB
Mem:          3.8G       778M       3.1G       5.7M        52M       322M

MemTotal:        4016004 kB
MemFree:         3218956 kB
Active:           441728 kB
Mem:          3.8G       778M       3.1G       5.7M        52M       322M

MemTotal:        4016004 kB
MemFree:         3219204 kB
Active:           441760 kB
Mem:          3.8G       778M       3.1G       5.7M        52M       322M

MemTotal:        4016004 kB
MemFree:         3218708 kB
Active:           441732 kB
Mem:          3.8G       778M       3.1G       5.7M        52M       322M

MemTotal:        4016004 kB
MemFree:         2816216 kB
Active:           451912 kB
Mem:          3.8G       1.1G       2.7G       5.7M        52M       698M

MemTotal:        4016004 kB
MemFree:         2764768 kB
Active:           451984 kB
Mem:          3.8G       1.2G       2.6G       5.7M        52M       747M

MemTotal:        4016004 kB
MemFree:         2718704 kB
Active:           452288 kB
Mem:          3.8G       1.2G       2.6G       5.7M        52M       791M

MemTotal:        4016004 kB
MemFree:         2678664 kB
Active:           452476 kB
Mem:          3.8G       1.3G       2.6G       5.7M        52M       829M

MemTotal:        4016004 kB
MemFree:         2630864 kB
Active:           452656 kB
Mem:          3.8G       1.3G       2.5G       5.7M        52M       874M

MemTotal:        4016004 kB
MemFree:         2585416 kB
Active:           452852 kB
Mem:          3.8G       1.4G       2.5G       5.7M        52M       917M

MemTotal:        4016004 kB
MemFree:         2545100 kB
Active:           453028 kB
Mem:          3.8G       1.4G       2.4G       5.7M        52M       956M

MemTotal:        4016004 kB
MemFree:         2507284 kB
Active:           453184 kB
Mem:          3.8G       1.4G       2.4G       5.7M        52M       992M

MemTotal:        4016004 kB
MemFree:         2467508 kB
Active:           453312 kB
Mem:          3.8G       1.5G       2.4G       5.7M        52M       1.0G

MemTotal:        4016004 kB
MemFree:         2414420 kB
Active:           453528 kB
Mem:          3.8G       1.5G       2.3G       5.7M        52M       1.1G

MemTotal:        4016004 kB
MemFree:         2267496 kB
Active:           454040 kB
Mem:          3.8G       1.7G       2.2G       5.7M        52M       1.2G

MemTotal:        4016004 kB
MemFree:         2208212 kB
Active:           454316 kB
Mem:          3.8G       1.7G       2.1G       5.7M        52M       1.2G

MemTotal:        4016004 kB
MemFree:         2168048 kB
Active:           454516 kB
Mem:          3.8G       1.8G       2.1G       5.7M        52M       1.3G

MemTotal:        4016004 kB
MemFree:         2126256 kB
Active:           454676 kB
Mem:          3.8G       1.8G       2.0G       5.7M        52M       1.3G

MemTotal:        4016004 kB
MemFree:         2090380 kB
Active:           454824 kB
Mem:          3.8G       1.8G       2.0G       5.7M        52M       1.4G

MemTotal:        4016004 kB
MemFree:         2062696 kB
Active:           454908 kB
Mem:          3.8G       1.9G       2.0G       5.7M        52M       1.4G

MemTotal:        4016004 kB
MemFree:         2037544 kB
Active:           455072 kB
Mem:          3.8G       1.9G       1.9G       5.7M        52M       1.4G

MemTotal:        4016004 kB
MemFree:         1994288 kB
Active:           455140 kB
Mem:          3.8G       1.9G       1.9G       5.7M        52M       1.4G

MemTotal:        4016004 kB
MemFree:         1927668 kB
Active:           455400 kB
Mem:          3.8G       2.0G       1.8G       5.7M        52M       1.5G

MemTotal:        4016004 kB
MemFree:         1873688 kB
Active:           455692 kB
Mem:          3.8G       2.0G       1.8G       5.7M        52M       1.6G

MemTotal:        4016004 kB
MemFree:         1858256 kB
Active:           455904 kB
Mem:          3.8G       2.1G       1.8G       5.7M        52M       1.6G

MemTotal:        4016004 kB
MemFree:         1806452 kB
Active:           455984 kB
Mem:          3.8G       2.1G       1.7G       5.7M        52M       1.6G

MemTotal:        4016004 kB
MemFree:         1754152 kB
Active:           456176 kB
Mem:          3.8G       2.2G       1.7G       5.7M        52M       1.7G

MemTotal:        4016004 kB
MemFree:         1703608 kB
Active:           456372 kB
Mem:          3.8G       2.2G       1.6G       5.7M        52M       1.7G

MemTotal:        4016004 kB
MemFree:         1654628 kB
Active:           456560 kB
Mem:          3.8G       2.3G       1.6G       5.7M        52M       1.8G

MemTotal:        4016004 kB
MemFree:         1606204 kB
Active:           456780 kB
Mem:          3.8G       2.3G       1.5G       5.7M        52M       1.8G

MemTotal:        4016004 kB
MemFree:         1584192 kB
Active:           456964 kB
Mem:          3.8G       2.3G       1.5G       5.7M        52M       1.8G

MemTotal:        4016004 kB
MemFree:         1516112 kB
Active:           459248 kB
Mem:          3.8G       2.4G       1.4G       5.7M        52M       1.9G

MemTotal:        4016004 kB
MemFree:         1471156 kB
Active:           459396 kB
Mem:          3.8G       2.4G       1.4G       5.7M        52M       1.9G

MemTotal:        4016004 kB
MemFree:         1428404 kB
Active:           459584 kB
Mem:          3.8G       2.5G       1.4G       5.7M        52M       2.0G

MemTotal:        4016004 kB
MemFree:         1381172 kB
Active:           459764 kB
Mem:          3.8G       2.5G       1.3G       5.7M        52M       2.0G

MemTotal:        4016004 kB
MemFree:         1359160 kB
Active:           459952 kB
Mem:          3.8G       2.5G       1.3G       5.7M        52M       2.0G

MemTotal:        4016004 kB
MemFree:         1294400 kB
Active:           460220 kB
Mem:          3.8G       2.6G       1.2G       5.7M        52M       2.1G

MemTotal:        4016004 kB
MemFree:         1250920 kB
Active:           460408 kB
Mem:          3.8G       2.6G       1.2G       5.7M        52M       2.1G

MemTotal:        4016004 kB
MemFree:         1209516 kB
Active:           460628 kB
Mem:          3.8G       2.7G       1.2G       5.7M        52M       2.2G

MemTotal:        4016004 kB
MemFree:         1160920 kB
Active:           460832 kB
Mem:          3.8G       2.7G       1.1G       5.7M        52M       2.2G

MemTotal:        4016004 kB
MemFree:         1124012 kB
Active:           460944 kB
Mem:          3.8G       2.8G       1.1G       5.7M        52M       2.2G

MemTotal:        4016004 kB
MemFree:         1095688 kB
Active:           459040 kB
Mem:          3.8G       2.8G       1.0G       5.7M        52M       2.3G

MemTotal:        4016004 kB
MemFree:          966156 kB
Active:           461564 kB
Mem:          3.8G       2.9G       943M       5.7M        52M       2.4G

MemTotal:        4016004 kB
MemFree:          919640 kB
Active:           461788 kB
Mem:          3.8G       3.0G       897M       5.7M        52M       2.4G

MemTotal:        4016004 kB
MemFree:          898828 kB
Active:           461852 kB
Mem:          3.8G       3.0G       877M       5.7M        52M       2.5G

MemTotal:        4016004 kB
MemFree:          860004 kB
Active:           461976 kB
Mem:          3.8G       3.0G       839M       5.7M        52M       2.5G

MemTotal:        4016004 kB
MemFree:          767744 kB
Active:           462288 kB
Mem:          3.8G       3.1G       749M       5.7M        52M       2.6G

MemTotal:        4016004 kB
MemFree:          701004 kB
Active:           462592 kB
Mem:          3.8G       3.2G       684M       5.7M        52M       2.6G

MemTotal:        4016004 kB
MemFree:          656540 kB
Active:           462780 kB
Mem:          3.8G       3.2G       640M       5.7M        52M       2.7G

MemTotal:        4016004 kB
MemFree:          655380 kB
Active:           460756 kB
Mem:          3.8G       3.2G       640M       5.7M        52M       2.7G

MemTotal:        4016004 kB
MemFree:          654936 kB
Active:           460740 kB
Mem:          3.8G       3.2G       639M       5.7M        52M       2.7G

MemTotal:        4016004 kB
MemFree:          550372 kB
Active:           463144 kB
Mem:          3.8G       3.3G       536M       5.7M        52M       2.8G

MemTotal:        4016004 kB
MemFree:          478060 kB
Active:           463456 kB
Mem:          3.8G       3.4G       465M       5.7M        52M       2.8G

MemTotal:        4016004 kB
MemFree:          430208 kB
Active:           463648 kB
Mem:          3.8G       3.4G       419M       5.7M        52M       2.9G

MemTotal:        4016004 kB
MemFree:          388092 kB
Active:           463828 kB
Mem:          3.8G       3.5G       378M       5.7M        52M       2.9G

MemTotal:        4016004 kB
MemFree:          348332 kB
Active:           463988 kB
Mem:          3.8G       3.5G       340M       5.7M        52M       3.0G

MemTotal:        4016004 kB
MemFree:          333160 kB
Active:           464092 kB
Mem:          3.8G       3.5G       324M       5.7M        52M       3.0G

MemTotal:        4016004 kB
MemFree:          314700 kB
Active:           464156 kB
Mem:          3.8G       3.5G       307M       5.7M        52M       3.0G

MemTotal:        4016004 kB
MemFree:          275396 kB
Active:           464256 kB
Mem:          3.8G       3.6G       268M       5.7M        52M       3.0G

MemTotal:        4016004 kB
MemFree:          167836 kB
Active:           464608 kB
Mem:          3.8G       3.7G       163M       5.7M        52M       3.1G

MemTotal:        4016004 kB
MemFree:          143912 kB
Active:           429312 kB
Mem:          3.8G       3.7G       140M       5.7M        43M       3.2G

MemTotal:        4016004 kB
MemFree:          143512 kB
Active:           429520 kB
Mem:          3.8G       3.7G       140M       5.7M        43M       3.2G

MemTotal:        4016004 kB
MemFree:          143176 kB
Active:           429532 kB
Mem:          3.8G       3.7G       139M       5.7M        43M       3.2G

MemTotal:        4016004 kB
MemFree:          116144 kB
Active:           486676 kB
Mem:          3.8G       3.7G       128M       5.7M        20M       3.2G

MemTotal:        4016004 kB
MemFree:          122144 kB
Active:           483600 kB
Mem:          3.8G       3.7G       125M       5.7M        20M       3.2G

MemTotal:        4016004 kB
MemFree:          111644 kB
Active:           484452 kB
Mem:          3.8G       3.7G       108M       5.7M        20M       3.2G

MemTotal:        4016004 kB
MemFree:          138260 kB
Active:           482248 kB
Mem:          3.8G       3.7G       134M       5.7M        20M       3.2G

MemTotal:        4016004 kB
MemFree:          143648 kB
Active:           480280 kB
Mem:          3.8G       3.7G       139M       5.7M        20M       3.2G

MemTotal:        4016004 kB
MemFree:          147264 kB
Active:           477776 kB
Mem:          3.8G       3.7G       143M       5.7M        20M       3.2G

MemTotal:        4016004 kB
MemFree:          110780 kB
Active:           477972 kB
Mem:          3.8G       3.7G       107M       5.7M        20M       3.2G

MemTotal:        4016004 kB
MemFree:          122872 kB
Active:           476668 kB
Mem:          3.8G       3.7G       119M       5.7M        20M       3.2G

MemTotal:        4016004 kB
MemFree:          138976 kB
Active:           474984 kB
Mem:          3.8G       3.7G       136M       5.7M        20M       3.2G

MemTotal:        4016004 kB
MemFree:          118496 kB
Active:           473924 kB
Mem:          3.8G       3.7G       115M       5.7M        20M       3.2G

MemTotal:        4016004 kB
MemFree:          125940 kB
Active:           467816 kB
Mem:          3.8G       3.7G       122M       5.7M        20M       3.2G

MemTotal:        4016004 kB
MemFree:          114848 kB
Active:           466884 kB
Mem:          3.8G       3.7G       111M       5.7M        20M       3.2G

MemTotal:        4016004 kB
MemFree:          129452 kB
Active:           465080 kB
Mem:          3.8G       3.7G       126M       5.7M        20M       3.2G

MemTotal:        4016004 kB
MemFree:          142676 kB
Active:           461132 kB
Mem:          3.8G       3.7G       138M       5.7M        20M       3.2G

MemTotal:        4016004 kB
MemFree:          124768 kB
Active:           460288 kB
Mem:          3.8G       3.7G       121M       5.7M        20M       3.2G

MemTotal:        4016004 kB
MemFree:          119376 kB
Active:           457936 kB
Mem:          3.8G       3.7G       115M       5.7M        20M       3.2G

MemTotal:        4016004 kB
MemFree:          129424 kB
Active:           456992 kB
Mem:          3.8G       3.7G       126M       5.7M        20M       3.2G

MemTotal:        4016004 kB
MemFree:          130584 kB
Active:           455716 kB
Mem:          3.8G       3.7G       127M       5.7M        20M       3.2G

MemTotal:        4016004 kB
MemFree:          141428 kB
Active:           452260 kB
Mem:          3.8G       3.7G       137M       5.7M        20M       3.2G

MemTotal:        4016004 kB
MemFree:          108888 kB
Active:           451336 kB
Mem:          3.8G       3.7G       105M       5.7M        20M       3.2G

MemTotal:        4016004 kB
MemFree:          141812 kB
Active:           449376 kB
Mem:          3.8G       3.7G       137M       5.7M        20M       3.2G

MemTotal:        4016004 kB
MemFree:          126828 kB
Active:           449420 kB
Mem:          3.8G       3.7G       123M       5.7M        20M       3.2G

MemTotal:        4016004 kB
MemFree:          123248 kB
Active:           444584 kB
Mem:          3.8G       3.7G       124M       5.7M        20M       3.2G

MemTotal:        4016004 kB
MemFree:          132072 kB
Active:           441272 kB
Mem:          3.8G       3.7G       128M       5.7M        20M       3.2G

MemTotal:        4016004 kB
MemFree:          116900 kB
Active:           440544 kB
Mem:          3.8G       3.7G       113M       5.7M        20M       3.2G

MemTotal:        4016004 kB
MemFree:          110484 kB
Active:           439448 kB
Mem:          3.8G       3.7G       107M       5.7M        20M       3.2G

MemTotal:        4016004 kB
MemFree:          125032 kB
Active:           438908 kB
Mem:          3.8G       3.7G       121M       5.7M        20M       3.2G

MemTotal:        4016004 kB
MemFree:          113124 kB
Active:           438848 kB
Mem:          3.8G       3.7G       110M       5.7M        20M       3.2G

MemTotal:        4016004 kB
MemFree:          139204 kB
Active:           436084 kB
Mem:          3.8G       3.7G       135M       5.7M        20M       3.2G

MemTotal:        4016004 kB
MemFree:          113180 kB
Active:           432888 kB
Mem:          3.8G       3.7G       110M       5.7M        20M       3.2G

MemTotal:        4016004 kB
MemFree:          125248 kB
Active:           431508 kB
Mem:          3.8G       3.7G       121M       5.7M        20M       3.2G

MemTotal:        4016004 kB
MemFree:          121212 kB
Active:           430408 kB
Mem:          3.8G       3.7G       117M       5.7M        20M       3.2G

MemTotal:        4016004 kB
MemFree:          142364 kB
Active:           428216 kB
Mem:          3.8G       3.7G       138M       5.7M        20M       3.2G

MemTotal:        4016004 kB
MemFree:          105660 kB
Active:           428376 kB
Mem:          3.8G       3.7G       102M       5.7M        20M       3.2G

MemTotal:        4016004 kB
MemFree:          136292 kB
Active:           425560 kB
Mem:          3.8G       3.7G       131M       5.7M        20M       3.2G

MemTotal:        4016004 kB
MemFree:          109336 kB
Active:           424988 kB
Mem:          3.8G       3.7G       106M       5.7M        20M       3.2G

MemTotal:        4016004 kB
MemFree:          130776 kB
Active:           424028 kB
Mem:          3.8G       3.7G       127M       5.7M        20M       3.2G

MemTotal:        4016004 kB
MemFree:          127156 kB
Active:           424048 kB
Mem:          3.8G       3.7G       123M       5.7M        20M       3.2G

MemTotal:        4016004 kB
MemFree:          115420 kB
Active:           424480 kB
Mem:          3.8G       3.7G       112M       5.7M        20M       3.2G

MemTotal:        4016004 kB
MemFree:          127168 kB
Active:           421944 kB
Mem:          3.8G       3.7G       123M       5.7M        20M       3.2G

MemTotal:        4016004 kB
MemFree:          115092 kB
Active:           420980 kB
Mem:          3.8G       3.7G       111M       5.7M        20M       3.2G

MemTotal:        4016004 kB
MemFree:          127200 kB
Active:           419496 kB
Mem:          3.8G       3.7G       123M       5.7M        20M       3.2G

MemTotal:        4016004 kB
MemFree:          118404 kB
Active:           418212 kB
Mem:          3.8G       3.7G       115M       5.7M        20M       3.2G

MemTotal:        4016004 kB
MemFree:          138060 kB
Active:           417564 kB
Mem:          3.8G       3.7G       134M       5.7M        20M       3.2G

MemTotal:        4016004 kB
MemFree:          112256 kB
Active:           417656 kB
Mem:          3.8G       3.7G       109M       5.7M        20M       3.2G

MemTotal:        4016004 kB
MemFree:          108292 kB
Active:           416756 kB
Mem:          3.8G       3.7G       105M       5.7M        20M       3.2G

MemTotal:        4016004 kB
MemFree:          140528 kB
Active:           413800 kB
Mem:          3.8G       3.7G       136M       5.7M        20M       3.2G

MemTotal:        4016004 kB
MemFree:          124164 kB
Active:           411920 kB
Mem:          3.8G       3.7G       120M       5.7M        20M       3.2G

MemTotal:        4016004 kB
MemFree:          130204 kB
Active:           411340 kB
Mem:          3.8G       3.7G       126M       5.7M        20M       3.2G

MemTotal:        4016004 kB
MemFree:          132044 kB
Active:           410436 kB
Mem:          3.8G       3.7G       128M       5.7M        20M       3.2G

MemTotal:        4016004 kB
MemFree:          126496 kB
Active:           408928 kB
Mem:          3.8G       3.7G       123M       5.7M        20M       3.2G

MemTotal:        4016004 kB
MemFree:          149484 kB
Active:           406968 kB
Mem:          3.8G       3.7G       145M       5.7M        20M       3.2G

MemTotal:        4016004 kB
MemFree:          126632 kB
Active:           406760 kB
Mem:          3.8G       3.7G       123M       5.7M        20M       3.2G

MemTotal:        4016004 kB
MemFree:          114580 kB
Active:           406888 kB
Mem:          3.8G       3.7G       111M       5.7M        20M       3.2G

MemTotal:        4016004 kB
MemFree:          130988 kB
Active:           406976 kB
Mem:          3.8G       3.7G       127M       5.7M        20M       3.2G

MemTotal:        4016004 kB
MemFree:          108324 kB
Active:           407060 kB
Mem:          3.8G       3.7G       105M       5.7M        20M       3.2G

MemTotal:        4016004 kB
MemFree:          122076 kB
Active:           407252 kB
Mem:          3.8G       3.7G       119M       5.7M        20M       3.2G

MemTotal:        4016004 kB
MemFree:          111696 kB
Active:           407516 kB
Mem:          3.8G       3.7G       108M       5.7M        20M       3.2G

MemTotal:        4016004 kB
MemFree:          113272 kB
Active:           407700 kB
Mem:          3.8G       3.7G       110M       5.7M        20M       3.2G

MemTotal:        4016004 kB
MemFree:          120528 kB
Active:           407040 kB
Mem:          3.8G       3.7G       117M       5.7M        20M       3.2G

MemTotal:        4016004 kB
MemFree:          147636 kB
Active:           407340 kB
Mem:          3.8G       3.7G       143M       5.7M        20M       3.2G

MemTotal:        4016004 kB
MemFree:          137336 kB
Active:           407540 kB
Mem:          3.8G       3.7G       133M       5.7M        20M       3.2G

MemTotal:        4016004 kB
MemFree:          114764 kB
Active:           407764 kB
Mem:          3.8G       3.7G       111M       5.7M        20M       3.2G

MemTotal:        4016004 kB
MemFree:          128396 kB
Active:           407920 kB
Mem:          3.8G       3.7G       124M       5.7M        20M       3.2G

MemTotal:        4016004 kB
MemFree:          133912 kB
Active:           407944 kB
Mem:          3.8G       3.7G       130M       5.7M        20M       3.2G

MemTotal:        4016004 kB
MemFree:          123156 kB
Active:           407924 kB
Mem:          3.8G       3.7G       119M       5.7M        20M       3.2G

MemTotal:        4016004 kB
MemFree:          128636 kB
Active:           408052 kB
Mem:          3.8G       3.7G       125M       5.7M        20M       3.2G

MemTotal:        4016004 kB
MemFree:          127244 kB
Active:           408228 kB
Mem:          3.8G       3.7G       123M       5.7M        20M       3.2G

MemTotal:        4016004 kB
MemFree:          111044 kB
Active:           408704 kB
Mem:          3.8G       3.7G       107M       5.7M        20M       3.2G

MemTotal:        4016004 kB
MemFree:          130532 kB
Active:           408848 kB
Mem:          3.8G       3.7G       126M       5.7M        20M       3.2G

MemTotal:        4016004 kB
MemFree:          130384 kB
Active:           409012 kB
Mem:          3.8G       3.7G       127M       5.7M        20M       3.2G

MemTotal:        4016004 kB
MemFree:          130524 kB
Active:           409004 kB
Mem:          3.8G       3.7G       127M       5.7M        20M       3.2G

MemTotal:        4016004 kB
MemFree:          129720 kB
Active:           409036 kB
Mem:          3.8G       3.7G       126M       5.7M        20M       3.2G

MemTotal:        4016004 kB
MemFree:          127884 kB
Active:           409232 kB
Mem:          3.8G       3.7G       124M       5.7M        20M       3.2G

MemTotal:        4016004 kB
MemFree:          113068 kB
Active:           409564 kB
Mem:          3.8G       3.7G       109M       5.7M        20M       3.2G

MemTotal:        4016004 kB
MemFree:          114344 kB
Active:           409760 kB
Mem:          3.8G       3.7G       110M       5.7M        20M       3.2G

MemTotal:        4016004 kB
MemFree:          131416 kB
Active:           409920 kB
Mem:          3.8G       3.7G       128M       5.7M        20M       3.2G

MemTotal:        4016004 kB
MemFree:          136440 kB
Active:           410060 kB
Mem:          3.8G       3.7G       132M       5.7M        20M       3.2G

MemTotal:        4016004 kB
MemFree:          121256 kB
Active:           410188 kB
Mem:          3.8G       3.7G       117M       5.7M        20M       3.2G

MemTotal:        4016004 kB
MemFree:          112952 kB
Active:           407764 kB
Mem:          3.8G       3.7G       109M       5.7M        20M       3.2G

MemTotal:        4016004 kB
MemFree:          118172 kB
Active:           407960 kB
Mem:          3.8G       3.7G       114M       5.7M        20M       3.2G

MemTotal:        4016004 kB
MemFree:          108824 kB
Active:           408124 kB
Mem:          3.8G       3.7G       105M       5.7M        20M       3.2G

MemTotal:        4016004 kB
MemFree:          112692 kB
Active:           408236 kB
Mem:          3.8G       3.7G       109M       5.7M        20M       3.2G

MemTotal:        4016004 kB
MemFree:          116984 kB
Active:           408328 kB
Mem:          3.8G       3.7G       113M       5.7M        20M       3.2G

MemTotal:        4016004 kB
MemFree:          110988 kB
Active:           408592 kB
Mem:          3.8G       3.7G       106M       5.7M        20M       3.2G

MemTotal:        4016004 kB
MemFree:          110120 kB
Active:           408808 kB
Mem:          3.8G       3.7G       107M       5.7M        20M       3.2G

MemTotal:        4016004 kB
MemFree:          110336 kB
Active:           408992 kB
Mem:          3.8G       3.7G       106M       5.7M        20M       3.2G

MemTotal:        4016004 kB
MemFree:          135344 kB
Active:           404644 kB
Mem:          3.8G       3.7G       131M       5.7M        20M       3.2G

MemTotal:        4016004 kB
MemFree:          117604 kB
Active:           406304 kB
Mem:          3.8G       3.7G       114M       5.7M        20M       3.2G

MemTotal:        4016004 kB
MemFree:          134392 kB
Active:           405196 kB
Mem:          3.8G       3.7G       130M       5.7M        20M       3.2G

MemTotal:        4016004 kB
MemFree:          122548 kB
Active:           405604 kB
Mem:          3.8G       3.7G       119M       5.7M        20M       3.2G

MemTotal:        4016004 kB
MemFree:          126420 kB
Active:           405792 kB
Mem:          3.8G       3.7G       122M       5.7M        20M       3.2G

MemTotal:        4016004 kB
MemFree:          104688 kB
Active:           405944 kB
Mem:          3.8G       3.7G       107M       5.7M        20M       3.2G

MemTotal:        4016004 kB
MemFree:          108628 kB
Active:           406052 kB
Mem:          3.8G       3.7G       106M       5.7M        20M       3.2G

MemTotal:        4016004 kB
MemFree:          124396 kB
Active:           405508 kB
Mem:          3.8G       3.7G       120M       5.7M        20M       3.2G

MemTotal:        4016004 kB
MemFree:          130672 kB
Active:           405772 kB
Mem:          3.8G       3.7G       126M       5.7M        20M       3.2G

MemTotal:        4016004 kB
MemFree:          122288 kB
Active:           405572 kB
Mem:          3.8G       3.7G       118M       5.7M        20M       3.2G

MemTotal:        4016004 kB
MemFree:          123160 kB
Active:           405704 kB
Mem:          3.8G       3.7G       119M       5.7M        20M       3.2G

MemTotal:        4016004 kB
MemFree:          115196 kB
Active:           405848 kB
Mem:          3.8G       3.7G       111M       5.7M        20M       3.2G

MemTotal:        4016004 kB
MemFree:          126504 kB
Active:           406096 kB
Mem:          3.8G       3.7G       122M       5.7M        20M       3.2G

MemTotal:        4016004 kB
MemFree:          130560 kB
Active:           406292 kB
Mem:          3.8G       3.7G       127M       5.7M        20M       3.2G

MemTotal:        4016004 kB
MemFree:          120904 kB
Active:           404300 kB
Mem:          3.8G       3.7G       117M       5.7M        20M       3.2G

MemTotal:        4016004 kB
MemFree:          126452 kB
Active:           404448 kB
Mem:          3.8G       3.7G       123M       5.7M        20M       3.2G

MemTotal:        4016004 kB
MemFree:          105568 kB
Active:           404688 kB
Mem:          3.8G       3.7G       102M       5.7M        20M       3.2G

MemTotal:        4016004 kB
MemFree:          106720 kB
Active:           404800 kB
Mem:          3.8G       3.7G       103M       5.7M        20M       3.2G

MemTotal:        4016004 kB
MemFree:          117412 kB
Active:           404996 kB
Mem:          3.8G       3.7G       114M       5.7M        20M       3.2G

MemTotal:        4016004 kB
MemFree:          134244 kB
Active:           405124 kB
Mem:          3.8G       3.7G       130M       5.7M        20M       3.2G

MemTotal:        4016004 kB
MemFree:          132256 kB
Active:           405296 kB
Mem:          3.8G       3.7G       128M       5.7M        20M       3.2G

MemTotal:        4016004 kB
MemFree:          145164 kB
Active:           405508 kB
Mem:          3.8G       3.7G       142M       5.7M        20M       3.2G

MemTotal:        4016004 kB
MemFree:          136268 kB
Active:           397704 kB
Mem:          3.8G       3.7G       132M       5.7M        20M       3.2G

MemTotal:        4016004 kB
MemFree:          111020 kB
Active:           397872 kB
Mem:          3.8G       3.7G       107M       5.7M        20M       3.2G

MemTotal:        4016004 kB
MemFree:          126444 kB
Active:           397908 kB
Mem:          3.8G       3.7G       123M       5.7M        20M       3.2G

MemTotal:        4016004 kB
MemFree:          117012 kB
Active:           397880 kB
Mem:          3.8G       3.7G       112M       5.7M        20M       3.2G

MemTotal:        4016004 kB
MemFree:          142928 kB
Active:           398240 kB
Mem:          3.8G       3.7G       139M       5.7M        20M       3.2G

MemTotal:        4016004 kB
MemFree:          120856 kB
Active:           398484 kB
Mem:          3.8G       3.7G       117M       5.7M        20M       3.2G

MemTotal:        4016004 kB
MemFree:          115728 kB
Active:           398724 kB
Mem:          3.8G       3.7G       112M       5.7M        20M       3.2G

MemTotal:        4016004 kB
MemFree:          113756 kB
Active:           398924 kB
Mem:          3.8G       3.7G       111M       5.7M        20M       3.2G

MemTotal:        4016004 kB
MemFree:          143824 kB
Active:           399092 kB
Mem:          3.8G       3.7G       140M       5.7M        20M       3.2G

MemTotal:        4016004 kB
MemFree:          111460 kB
Active:           399180 kB
Mem:          3.8G       3.7G       108M       5.7M        20M       3.2G

MemTotal:        4016004 kB
MemFree:          109504 kB
Active:           399376 kB
Mem:          3.8G       3.7G       106M       5.7M        20M       3.2G

MemTotal:        4016004 kB
MemFree:          111620 kB
Active:           396884 kB
Mem:          3.8G       3.7G       108M       5.7M        20M       3.2G

MemTotal:        4016004 kB
MemFree:          114132 kB
Active:           397056 kB
Mem:          3.8G       3.7G       111M       5.7M        20M       3.2G

MemTotal:        4016004 kB
MemFree:          129948 kB
Active:           397224 kB
Mem:          3.8G       3.7G       126M       5.7M        20M       3.2G

MemTotal:        4016004 kB
MemFree:          131788 kB
Active:           397332 kB
Mem:          3.8G       3.7G       128M       5.7M        20M       3.2G

MemTotal:        4016004 kB
MemFree:          125348 kB
Active:           398092 kB
Mem:          3.8G       3.7G       121M       5.7M        20M       3.2G

MemTotal:        4016004 kB
MemFree:          150540 kB
Active:           398120 kB
Mem:          3.8G       3.7G       146M       5.7M        20M       3.2G

MemTotal:        4016004 kB
MemFree:          110632 kB
Active:           398272 kB
Mem:          3.8G       3.7G       108M       5.7M        20M       3.2G

MemTotal:        4016004 kB
MemFree:          107204 kB
Active:           398424 kB
Mem:          3.8G       3.7G       104M       5.7M        20M       3.2G

MemTotal:        4016004 kB
MemFree:          123656 kB
Active:           398560 kB
Mem:          3.8G       3.7G       120M       5.7M        20M       3.2G

MemTotal:        4016004 kB
MemFree:          104964 kB
Active:           398616 kB
Mem:          3.8G       3.7G       106M       5.7M        20M       3.2G

MemTotal:        4016004 kB
MemFree:          136740 kB
Active:           398692 kB
Mem:          3.8G       3.7G       133M       5.7M        20M       3.2G

MemTotal:        4016004 kB
MemFree:          120072 kB
Active:           397460 kB
Mem:          3.8G       3.7G       116M       5.7M        20M       3.2G

MemTotal:        4016004 kB
MemFree:          121984 kB
Active:           397468 kB
Mem:          3.8G       3.7G       118M       5.7M        20M       3.2G

MemTotal:        4016004 kB
MemFree:          132676 kB
Active:           397620 kB
Mem:          3.8G       3.7G       129M       5.7M        20M       3.2G

MemTotal:        4016004 kB
MemFree:          132724 kB
Active:           397776 kB
Mem:          3.8G       3.7G       129M       5.7M        20M       3.2G

MemTotal:        4016004 kB
MemFree:          109932 kB
Active:           397928 kB
Mem:          3.8G       3.7G       106M       5.7M        20M       3.2G

MemTotal:        4016004 kB
MemFree:          115136 kB
Active:           398064 kB
Mem:          3.8G       3.7G       111M       5.7M        20M       3.2G

MemTotal:        4016004 kB
MemFree:          105136 kB
Active:           398312 kB
Mem:          3.8G       3.7G       106M       5.7M        20M       3.2G

MemTotal:        4016004 kB
MemFree:          126140 kB
Active:           398504 kB
Mem:          3.8G       3.7G       122M       5.7M        20M       3.2G

MemTotal:        4016004 kB
MemFree:          111752 kB
Active:           398604 kB
Mem:          3.8G       3.7G       108M       5.7M        20M       3.2G

MemTotal:        4016004 kB
MemFree:          112972 kB
Active:           398672 kB
Mem:          3.8G       3.7G       110M       5.7M        20M       3.2G

MemTotal:        4016004 kB
MemFree:          136956 kB
Active:           398752 kB
Mem:          3.8G       3.7G       133M       5.7M        20M       3.2G

MemTotal:        4016004 kB
MemFree:          112624 kB
Active:           399132 kB
Mem:          3.8G       3.7G       109M       5.7M        20M       3.2G

MemTotal:        4016004 kB
MemFree:          118308 kB
Active:           399364 kB
Mem:          3.8G       3.7G       115M       5.7M        20M       3.2G

MemTotal:        4016004 kB
MemFree:          105056 kB
Active:           401552 kB
Mem:          3.8G       3.7G       109M       5.7M        20M       3.2G

MemTotal:        4016004 kB
MemFree:          124260 kB
Active:           397816 kB
Mem:          3.8G       3.7G       120M       5.7M        20M       3.2G

MemTotal:        4016004 kB
MemFree:          124732 kB
Active:           398072 kB
Mem:          3.8G       3.7G       121M       5.7M        20M       3.2G

MemTotal:        4016004 kB
MemFree:          139584 kB
Active:           398248 kB
Mem:          3.8G       3.7G       136M       5.7M        20M       3.2G

MemTotal:        4016004 kB
MemFree:          138540 kB
Active:           398192 kB
Mem:          3.8G       3.7G       135M       5.7M        20M       3.2G

MemTotal:        4016004 kB
MemFree:          117344 kB
Active:           398216 kB
Mem:          3.8G       3.7G       111M       5.7M        20M       3.2G

MemTotal:        4016004 kB
MemFree:          135580 kB
Active:           398904 kB
Mem:          3.8G       3.7G       132M       5.7M        20M       3.2G

MemTotal:        4016004 kB
MemFree:          109652 kB
Active:           399104 kB
Mem:          3.8G       3.7G       106M       5.7M        20M       3.2G

MemTotal:        4016004 kB
MemFree:          121564 kB
Active:           399264 kB
Mem:          3.8G       3.7G       118M       5.7M        20M       3.2G

MemTotal:        4016004 kB
MemFree:          114124 kB
Active:           399440 kB
Mem:          3.8G       3.7G       110M       5.7M        20M       3.2G

MemTotal:        4016004 kB
MemFree:          110512 kB
Active:           399432 kB
Mem:          3.8G       3.7G       107M       5.7M        20M       3.2G

MemTotal:        4016004 kB
MemFree:          129068 kB
Active:           399448 kB
Mem:          3.8G       3.7G       126M       5.7M        20M       3.2G

MemTotal:        4016004 kB
MemFree:          127552 kB
Active:           399528 kB
Mem:          3.8G       3.7G       124M       5.7M        20M       3.2G

MemTotal:        4016004 kB
MemFree:          111252 kB
Active:           397376 kB
Mem:          3.8G       3.7G       107M       5.7M        20M       3.2G

MemTotal:        4016004 kB
MemFree:          132360 kB
Active:           397684 kB
Mem:          3.8G       3.7G       128M       5.7M        20M       3.2G

MemTotal:        4016004 kB
MemFree:          140580 kB
Active:           397880 kB
Mem:          3.8G       3.7G       137M       5.7M        20M       3.2G

MemTotal:        4016004 kB
MemFree:          110636 kB
Active:           397992 kB
Mem:          3.8G       3.7G       107M       5.7M        20M       3.2G

MemTotal:        4016004 kB
MemFree:          114684 kB
Active:           398124 kB
Mem:          3.8G       3.7G       111M       5.7M        20M       3.2G

MemTotal:        4016004 kB
MemFree:          109352 kB
Active:           398336 kB
Mem:          3.8G       3.7G       106M       5.7M        20M       3.2G

MemTotal:        4016004 kB
MemFree:          133836 kB
Active:           398584 kB
Mem:          3.8G       3.7G       130M       5.7M        20M       3.2G

MemTotal:        4016004 kB
MemFree:          106780 kB
Active:           398744 kB
Mem:          3.8G       3.7G       104M       5.7M        20M       3.2G

MemTotal:        4016004 kB
MemFree:          106396 kB
Active:           398740 kB
Mem:          3.8G       3.7G       103M       5.7M        20M       3.2G

MemTotal:        4016004 kB
MemFree:          123564 kB
Active:           398944 kB
Mem:          3.8G       3.7G       119M       5.7M        20M       3.2G

MemTotal:        4016004 kB
MemFree:          106012 kB
Active:           399216 kB
Mem:          3.8G       3.7G       103M       5.7M        20M       3.2G

MemTotal:        4016004 kB
MemFree:          125256 kB
Active:           399440 kB
Mem:          3.8G       3.7G       121M       5.7M        20M       3.2G

MemTotal:        4016004 kB
MemFree:          152004 kB
Active:           399612 kB
Mem:          3.8G       3.7G       147M       5.7M        20M       3.2G

MemTotal:        4016004 kB
MemFree:          110852 kB
Active:           399784 kB
Mem:          3.8G       3.7G       107M       5.7M        20M       3.2G

MemTotal:        4016004 kB
MemFree:          106020 kB
Active:           399924 kB
Mem:          3.8G       3.7G       103M       5.7M        20M       3.2G

MemTotal:        4016004 kB
MemFree:          107404 kB
Active:           398488 kB
Mem:          3.8G       3.7G       103M       5.7M        20M       3.2G

MemTotal:        4016004 kB
MemFree:          145024 kB
Active:           398704 kB
Mem:          3.8G       3.7G       141M       5.7M        20M       3.2G

MemTotal:        4016004 kB
MemFree:          114976 kB
Active:           398872 kB
Mem:          3.8G       3.7G       112M       5.7M        20M       3.2G

MemTotal:        4016004 kB
MemFree:          128620 kB
Active:           398952 kB
Mem:          3.8G       3.7G       125M       5.7M        20M       3.2G

MemTotal:        4016004 kB
MemFree:          132040 kB
Active:           399056 kB
Mem:          3.8G       3.7G       128M       5.7M        20M       3.2G

MemTotal:        4016004 kB
MemFree:          110604 kB
Active:           399308 kB
Mem:          3.8G       3.7G       107M       5.7M        20M       3.2G

MemTotal:        4016004 kB
MemFree:          121840 kB
Active:           399580 kB
Mem:          3.8G       3.7G       126M       5.7M        20M       3.2G

MemTotal:        4016004 kB
MemFree:          108104 kB
Active:           399668 kB
Mem:          3.8G       3.7G       105M       5.7M        20M       3.2G

MemTotal:        4016004 kB
MemFree:          110708 kB
Active:           399792 kB
Mem:          3.8G       3.7G       108M       5.7M        20M       3.2G

MemTotal:        4016004 kB
MemFree:          111020 kB
Active:           399932 kB
Mem:          3.8G       3.7G       108M       5.7M        20M       3.2G

MemTotal:        4016004 kB
MemFree:          135772 kB
Active:           400112 kB
Mem:          3.8G       3.7G       131M       5.7M        20M       3.2G

MemTotal:        4016004 kB
MemFree:          110260 kB
Active:           400356 kB
Mem:          3.8G       3.7G       107M       5.7M        20M       3.2G

MemTotal:        4016004 kB
MemFree:          123760 kB
Active:           400528 kB
Mem:          3.8G       3.7G       120M       5.7M        20M       3.2G

MemTotal:        4016004 kB
MemFree:          123092 kB
Active:           400504 kB
Mem:          3.8G       3.7G       119M       5.7M        20M       3.2G

MemTotal:        4016004 kB
MemFree:          136396 kB
Active:           400496 kB
Mem:          3.8G       3.7G       138M       5.7M        20M       3.2G

MemTotal:        4016004 kB
MemFree:          125204 kB
Active:           400948 kB
Mem:          3.8G       3.7G       121M       5.7M        20M       3.2G

MemTotal:        4016004 kB
MemFree:          110240 kB
Active:           401200 kB
Mem:          3.8G       3.7G       106M       5.7M        20M       3.2G

MemTotal:        4016004 kB
MemFree:          105436 kB
Active:           401416 kB
Mem:          3.8G       3.7G       102M       5.7M        20M       3.2G

MemTotal:        4016004 kB
MemFree:          127356 kB
Active:           401472 kB
Mem:          3.8G       3.7G       124M       5.7M        20M       3.2G

MemTotal:        4016004 kB
MemFree:          127188 kB
Active:           401476 kB
Mem:          3.8G       3.7G       124M       5.7M        20M       3.2G

MemTotal:        4016004 kB
MemFree:          113504 kB
Active:           401420 kB
Mem:          3.8G       3.7G       125M       5.7M        20M       3.2G

MemTotal:        4016004 kB
MemFree:          115028 kB
Active:           401912 kB
Mem:          3.8G       3.7G       111M       5.7M        20M       3.2G

MemTotal:        4016004 kB
MemFree:          105672 kB
Active:           402148 kB
Mem:          3.8G       3.7G       102M       5.7M        20M       3.2G

MemTotal:        4016004 kB
MemFree:          127404 kB
Active:           402296 kB
Mem:          3.8G       3.7G       124M       5.7M        20M       3.2G

MemTotal:        4016004 kB
MemFree:          116620 kB
Active:           402396 kB
Mem:          3.8G       3.7G       113M       5.7M        20M       3.2G

MemTotal:        4016004 kB
MemFree:          123348 kB
Active:           402716 kB
Mem:          3.8G       3.7G       128M       5.7M        20M       3.2G

MemTotal:        4016004 kB
MemFree:          124896 kB
Active:           403012 kB
Mem:          3.8G       3.7G       121M       5.7M        20M       3.2G

MemTotal:        4016004 kB
MemFree:          125656 kB
Active:           403192 kB
Mem:          3.8G       3.7G       122M       5.7M        20M       3.2G

MemTotal:        4016004 kB
MemFree:          128636 kB
Active:           403396 kB
Mem:          3.8G       3.7G       125M       5.7M        20M       3.2G

MemTotal:        4016004 kB
MemFree:          109368 kB
Active:           403540 kB
Mem:          3.8G       3.7G       117M       5.7M        20M       3.2G

MemTotal:        4016004 kB
MemFree:          125936 kB
Active:           403992 kB
Mem:          3.8G       3.7G       122M       5.7M        20M       3.2G

MemTotal:        4016004 kB
MemFree:          113788 kB
Active:           404244 kB
Mem:          3.8G       3.7G       110M       5.7M        20M       3.2G

MemTotal:        4016004 kB
MemFree:          129880 kB
Active:           404900 kB
Mem:          3.8G       3.7G       126M       5.7M        20M       3.2G

MemTotal:        4016004 kB
MemFree:          136084 kB
Active:           405144 kB
Mem:          3.8G       3.7G       132M       5.7M        20M       3.2G

MemTotal:        4016004 kB
MemFree:          132104 kB
Active:           405372 kB
Mem:          3.8G       3.7G       128M       5.7M        20M       3.2G

MemTotal:        4016004 kB
MemFree:          148152 kB
Active:           405548 kB
Mem:          3.8G       3.7G       143M       5.7M        20M       3.2G

MemTotal:        4016004 kB
MemFree:          108268 kB
Active:           405760 kB
Mem:          3.8G       3.7G       105M       5.7M        20M       3.2G

MemTotal:        4016004 kB
MemFree:          126852 kB
Active:           405888 kB
Mem:          3.8G       3.7G       123M       5.7M        20M       3.2G

MemTotal:        4016004 kB
MemFree:          121528 kB
Active:           406000 kB
Mem:          3.8G       3.7G       118M       5.7M        20M       3.2G

MemTotal:        4016004 kB
MemFree:          121036 kB
Active:           406148 kB
Mem:          3.8G       3.7G       118M       5.7M        20M       3.2G

MemTotal:        4016004 kB
MemFree:          116868 kB
Active:           406372 kB
Mem:          3.8G       3.7G       113M       5.7M        20M       3.2G

MemTotal:        4016004 kB
MemFree:          113780 kB
Active:           406680 kB
Mem:          3.8G       3.7G       110M       5.7M        20M       3.2G

MemTotal:        4016004 kB
MemFree:          134380 kB
Active:           406776 kB
Mem:          3.8G       3.7G       130M       5.7M        20M       3.2G

MemTotal:        4016004 kB
MemFree:          111876 kB
Active:           407000 kB
Mem:          3.8G       3.7G       108M       5.7M        20M       3.2G

MemTotal:        4016004 kB
MemFree:          141668 kB
Active:           407176 kB
Mem:          3.8G       3.7G       137M       5.7M        20M       3.2G

MemTotal:        4016004 kB
MemFree:          125704 kB
Active:           406312 kB
Mem:          3.8G       3.7G       122M       5.7M        20M       3.2G

MemTotal:        4016004 kB
MemFree:          107928 kB
Active:           406640 kB
Mem:          3.8G       3.7G       104M       5.7M        20M       3.2G

MemTotal:        4016004 kB
MemFree:          133440 kB
Active:           406700 kB
Mem:          3.8G       3.7G       130M       5.7M        20M       3.2G

MemTotal:        4016004 kB
MemFree:          120748 kB
Active:           406740 kB
Mem:          3.8G       3.7G       117M       5.7M        20M       3.2G

MemTotal:        4016004 kB
MemFree:          117484 kB
Active:           406896 kB
Mem:          3.8G       3.7G       114M       5.7M        20M       3.2G

MemTotal:        4016004 kB
MemFree:          138876 kB
Active:           414972 kB
Mem:          3.8G       3.7G       135M       5.7M        28M       3.2G

MemTotal:        4016004 kB
MemFree:          134376 kB
Active:           415472 kB
Mem:          3.8G       3.7G       129M       5.7M        28M       3.2G

MemTotal:        4016004 kB
MemFree:          121856 kB
Active:           414736 kB
Mem:          3.8G       3.7G       118M       5.7M        28M       3.2G

MemTotal:        4016004 kB
MemFree:          121744 kB
Active:           414708 kB
Mem:          3.8G       3.7G       118M       5.7M        28M       3.2G

MemTotal:        4016004 kB
MemFree:          127728 kB
Active:           414932 kB
Mem:          3.8G       3.7G       124M       5.7M        28M       3.2G

MemTotal:        4016004 kB
MemFree:          132172 kB
Active:           415264 kB
Mem:          3.8G       3.7G       128M       5.7M        28M       3.2G

MemTotal:        4016004 kB
MemFree:          146732 kB
Active:           415456 kB
Mem:          3.8G       3.7G       142M       5.7M        28M       3.2G

MemTotal:        4016004 kB
MemFree:          125592 kB
Active:           415624 kB
Mem:          3.8G       3.7G       122M       5.7M        28M       3.2G

MemTotal:        4016004 kB
MemFree:          129196 kB
Active:           415804 kB
Mem:          3.8G       3.7G       125M       5.7M        28M       3.2G

MemTotal:        4016004 kB
MemFree:          107372 kB
Active:           415936 kB
Mem:          3.8G       3.7G       104M       5.7M        28M       3.2G

MemTotal:        4016004 kB
MemFree:          114424 kB
Active:           416004 kB
Mem:          3.8G       3.7G       111M       5.7M        28M       3.2G

MemTotal:        4016004 kB
MemFree:          114492 kB
Active:           416076 kB
Mem:          3.8G       3.7G       110M       5.7M        28M       3.2G

MemTotal:        4016004 kB
MemFree:          117160 kB
Active:           416312 kB
Mem:          3.8G       3.7G       113M       5.7M        28M       3.2G

MemTotal:        4016004 kB
MemFree:          109848 kB
Active:           416580 kB
Mem:          3.8G       3.7G       106M       5.7M        28M       3.2G

MemTotal:        4016004 kB
MemFree:          122404 kB
Active:           416784 kB
Mem:          3.8G       3.7G       119M       5.7M        28M       3.2G

MemTotal:        4016004 kB
MemFree:          137088 kB
Active:           416896 kB
Mem:          3.8G       3.7G       133M       5.7M        28M       3.2G

MemTotal:        4016004 kB
MemFree:          133868 kB
Active:           416996 kB
Mem:          3.8G       3.7G       130M       5.7M        28M       3.2G

MemTotal:        4016004 kB
MemFree:          128200 kB
Active:           417268 kB
Mem:          3.8G       3.7G       124M       5.7M        28M       3.2G

MemTotal:        4016004 kB
MemFree:          123532 kB
Active:           417492 kB
Mem:          3.8G       3.7G       119M       5.7M        28M       3.2G

MemTotal:        4016004 kB
MemFree:          126752 kB
Active:           417692 kB
Mem:          3.8G       3.7G       123M       5.7M        28M       3.2G

MemTotal:        4016004 kB
MemFree:          110372 kB
Active:           417776 kB
Mem:          3.8G       3.7G       107M       5.7M        28M       3.2G

MemTotal:        4016004 kB
MemFree:          119292 kB
Active:           417848 kB
Mem:          3.8G       3.7G       115M       5.7M        28M       3.2G

MemTotal:        4016004 kB
MemFree:          136236 kB
Active:           417988 kB
Mem:          3.8G       3.7G       132M       5.7M        28M       3.2G

MemTotal:        4016004 kB
MemFree:          124452 kB
Active:           418400 kB
Mem:          3.8G       3.7G       121M       5.7M        28M       3.2G

MemTotal:        4016004 kB
MemFree:          134036 kB
Active:           418604 kB
Mem:          3.8G       3.7G       130M       5.7M        28M       3.2G

MemTotal:        4016004 kB
MemFree:          133556 kB
Active:           418612 kB
Mem:          3.8G       3.7G       130M       5.7M        28M       3.2G

MemTotal:        4016004 kB
MemFree:          108356 kB
Active:           418640 kB
Mem:          3.8G       3.7G       105M       5.7M        28M       3.2G

MemTotal:        4016004 kB
MemFree:          126664 kB
Active:           418824 kB
Mem:          3.8G       3.7G       123M       5.7M        28M       3.2G

MemTotal:        4016004 kB
MemFree:          118220 kB
Active:           419248 kB
Mem:          3.8G       3.7G       114M       5.7M        28M       3.2G

MemTotal:        4016004 kB
MemFree:          108856 kB
Active:           419424 kB
Mem:          3.8G       3.7G       105M       5.7M        28M       3.2G

MemTotal:        4016004 kB
MemFree:          134364 kB
Active:           419612 kB
Mem:          3.8G       3.7G       130M       5.7M        28M       3.2G

MemTotal:        4016004 kB
MemFree:          125896 kB
Active:           419776 kB
Mem:          3.8G       3.7G       109M       5.7M        28M       3.2G

MemTotal:        4016004 kB
MemFree:          130716 kB
Active:           420252 kB
Mem:          3.8G       3.7G       126M       5.7M        28M       3.2G

MemTotal:        4016004 kB
MemFree:          131072 kB
Active:           420444 kB
Mem:          3.8G       3.7G       127M       5.7M        28M       3.2G

MemTotal:        4016004 kB
MemFree:          134064 kB
Active:           420632 kB
Mem:          3.8G       3.7G       130M       5.7M        28M       3.2G

MemTotal:        4016004 kB
MemFree:          116688 kB
Active:           420708 kB
Mem:          3.8G       3.7G       113M       5.7M        28M       3.2G

MemTotal:        4016004 kB
MemFree:          105280 kB
Active:           420744 kB
Mem:          3.8G       3.7G       106M       5.7M        28M       3.2G

MemTotal:        4016004 kB
MemFree:          106072 kB
Active:           420868 kB
Mem:          3.8G       3.7G       103M       5.7M        28M       3.2G

MemTotal:        4016004 kB
MemFree:          121988 kB
Active:           421340 kB
Mem:          3.8G       3.7G       118M       5.7M        28M       3.2G

MemTotal:        4016004 kB
MemFree:          132948 kB
Active:           421540 kB
Mem:          3.8G       3.7G       129M       5.7M        28M       3.2G

MemTotal:        4016004 kB
MemFree:          108088 kB
Active:           421644 kB
Mem:          3.8G       3.7G       105M       5.7M        28M       3.2G

MemTotal:        4016004 kB
MemFree:          135572 kB
Active:           421728 kB
Mem:          3.8G       3.7G       131M       5.7M        28M       3.2G

MemTotal:        4016004 kB
MemFree:          111596 kB
Active:           421780 kB
Mem:          3.8G       3.7G       108M       5.7M        28M       3.2G

MemTotal:        4016004 kB
MemFree:          138800 kB
Active:           422084 kB
Mem:          3.8G       3.7G       135M       5.7M        28M       3.2G

MemTotal:        4016004 kB
MemFree:          129736 kB
Active:           422344 kB
Mem:          3.8G       3.7G       125M       5.7M        28M       3.2G

MemTotal:        4016004 kB
MemFree:          128888 kB
Active:           422492 kB
Mem:          3.8G       3.7G       125M       5.7M        28M       3.2G

MemTotal:        4016004 kB
MemFree:          116452 kB
Active:           422632 kB
Mem:          3.8G       3.7G       113M       5.7M        28M       3.2G

MemTotal:        4016004 kB
MemFree:          105604 kB
Active:           422788 kB
Mem:          3.8G       3.7G       102M       5.7M        28M       3.2G

MemTotal:        4016004 kB
MemFree:          111980 kB
Active:           423048 kB
Mem:          3.8G       3.7G       109M       5.7M        28M       3.2G

MemTotal:        4016004 kB
MemFree:          122088 kB
Active:           423248 kB
Mem:          3.8G       3.7G       118M       5.7M        28M       3.2G

MemTotal:        4016004 kB
MemFree:          118592 kB
Active:           423372 kB
Mem:          3.8G       3.7G       115M       5.7M        28M       3.2G

MemTotal:        4016004 kB
MemFree:          118380 kB
Active:           423324 kB
Mem:          3.8G       3.7G       115M       5.7M        28M       3.2G

MemTotal:        4016004 kB
MemFree:          135488 kB
Active:           423512 kB
Mem:          3.8G       3.7G       131M       5.7M        28M       3.2G

MemTotal:        4016004 kB
MemFree:          116432 kB
Active:           423776 kB
Mem:          3.8G       3.7G       112M       5.7M        28M       3.2G

MemTotal:        4016004 kB
MemFree:          104796 kB
Active:           424024 kB
Mem:          3.8G       3.7G       106M       5.7M        28M       3.2G

MemTotal:        4016004 kB
MemFree:          121268 kB
Active:           424256 kB
Mem:          3.8G       3.7G       117M       5.7M        28M       3.2G

MemTotal:        4016004 kB
MemFree:          111600 kB
Active:           424416 kB
Mem:          3.8G       3.7G       107M       5.7M        28M       3.2G

MemTotal:        4016004 kB
MemFree:          127300 kB
Active:           424572 kB
Mem:          3.8G       3.7G       123M       5.7M        28M       3.2G

MemTotal:        4016004 kB
MemFree:          126768 kB
Active:           424644 kB
Mem:          3.8G       3.7G       123M       5.7M        28M       3.2G

MemTotal:        4016004 kB
MemFree:          112800 kB
Active:           424752 kB
Mem:          3.8G       3.7G       109M       5.7M        28M       3.2G

MemTotal:        4016004 kB
MemFree:          126324 kB
Active:           424928 kB
Mem:          3.8G       3.7G       122M       5.7M        28M       3.2G

MemTotal:        4016004 kB
MemFree:          138572 kB
Active:           425256 kB
Mem:          3.8G       3.7G       135M       5.7M        28M       3.2G

MemTotal:        4016004 kB
MemFree:          153880 kB
Active:           425492 kB
Mem:          3.8G       3.7G       149M       5.7M        28M       3.1G

MemTotal:        4016004 kB
MemFree:          123788 kB
Active:           425640 kB
Mem:          3.8G       3.7G       120M       5.7M        28M       3.2G

MemTotal:        4016004 kB
MemFree:          138144 kB
Active:           425756 kB
Mem:          3.8G       3.7G       134M       5.7M        28M       3.2G

MemTotal:        4016004 kB
MemFree:          111752 kB
Active:           425880 kB
Mem:          3.8G       3.7G       108M       5.7M        28M       3.2G

MemTotal:        4016004 kB
MemFree:          139612 kB
Active:           426000 kB
Mem:          3.8G       3.7G       136M       5.7M        28M       3.2G

MemTotal:        4016004 kB
MemFree:          149008 kB
Active:           426296 kB
Mem:          3.8G       3.7G       145M       5.7M        28M       3.1G

MemTotal:        4016004 kB
MemFree:          113740 kB
Active:           426432 kB
Mem:          3.8G       3.7G       110M       5.7M        28M       3.2G

MemTotal:        4016004 kB
MemFree:          130892 kB
Active:           426572 kB
Mem:          3.8G       3.7G       127M       5.7M        28M       3.2G

MemTotal:        4016004 kB
MemFree:          131528 kB
Active:           426748 kB
Mem:          3.8G       3.7G       128M       5.7M        28M       3.2G

MemTotal:        4016004 kB
MemFree:          124848 kB
Active:           427016 kB
Mem:          3.8G       3.7G       121M       5.7M        28M       3.2G

MemTotal:        4016004 kB
MemFree:          114584 kB
Active:           427344 kB
Mem:          3.8G       3.7G       111M       5.7M        28M       3.2G

MemTotal:        4016004 kB
MemFree:          136776 kB
Active:           427412 kB
Mem:          3.8G       3.7G       133M       5.7M        28M       3.2G

MemTotal:        4016004 kB
MemFree:          144352 kB
Active:           427732 kB
Mem:          3.8G       3.7G       140M       5.7M        28M       3.1G

MemTotal:        4016004 kB
MemFree:          127084 kB
Active:           428452 kB
Mem:          3.8G       3.7G       123M       5.7M        28M       3.2G

MemTotal:        4016004 kB
MemFree:          130920 kB
Active:           428708 kB
Mem:          3.8G       3.7G       127M       5.7M        28M       3.2G

MemTotal:        4016004 kB
MemFree:          109044 kB
Active:           428944 kB
Mem:          3.8G       3.7G       105M       5.7M        28M       3.2G

MemTotal:        4016004 kB
MemFree:          106888 kB
Active:           429120 kB
Mem:          3.8G       3.7G       103M       5.7M        28M       3.2G

MemTotal:        4016004 kB
MemFree:          112608 kB
Active:           429280 kB
Mem:          3.8G       3.7G       109M       5.7M        28M       3.2G

MemTotal:        4016004 kB
MemFree:          112028 kB
Active:           429340 kB
Mem:          3.8G       3.7G       109M       5.7M        28M       3.2G

MemTotal:        4016004 kB
MemFree:          137988 kB
Active:           429436 kB
Mem:          3.8G       3.7G       134M       5.7M        28M       3.2G

MemTotal:        4016004 kB
MemFree:          137036 kB
Active:           429700 kB
Mem:          3.8G       3.7G       132M       5.7M        28M       3.2G

MemTotal:        4016004 kB
MemFree:          116928 kB
Active:           429908 kB
Mem:          3.8G       3.7G       113M       5.7M        28M       3.2G

MemTotal:        4016004 kB
MemFree:          115748 kB
Active:           430200 kB
Mem:          3.8G       3.7G       112M       5.7M        28M       3.2G

MemTotal:        4016004 kB
MemFree:          134732 kB
Active:           430408 kB
Mem:          3.8G       3.7G       131M       5.7M        28M       3.2G

MemTotal:        4016004 kB
MemFree:          113420 kB
Active:           430604 kB
Mem:          3.8G       3.7G       110M       5.7M        28M       3.2G

MemTotal:        4016004 kB
MemFree:          126860 kB
Active:           430696 kB
Mem:          3.8G       3.7G       123M       5.7M        28M       3.2G

MemTotal:        4016004 kB
MemFree:          116648 kB
Active:           430792 kB
Mem:          3.8G       3.7G       113M       5.7M        28M       3.2G

MemTotal:        4016004 kB
MemFree:          125052 kB
Active:           430988 kB
Mem:          3.8G       3.7G       121M       5.7M        28M       3.2G

MemTotal:        4016004 kB
MemFree:          104984 kB
Active:           431248 kB
Mem:          3.8G       3.7G       105M       5.7M        28M       3.2G

MemTotal:        4016004 kB
MemFree:          129000 kB
Active:           431440 kB
Mem:          3.8G       3.7G       125M       5.7M        28M       3.2G

MemTotal:        4016004 kB
MemFree:          128424 kB
Active:           431436 kB
Mem:          3.8G       3.7G       125M       5.7M        28M       3.2G

MemTotal:        4016004 kB
MemFree:          127232 kB
Active:           431508 kB
Mem:          3.8G       3.7G       123M       5.7M        28M       3.2G

MemTotal:        4016004 kB
MemFree:          114688 kB
Active:           431888 kB
Mem:          3.8G       3.7G       111M       5.7M        28M       3.2G

MemTotal:        4016004 kB
MemFree:          111600 kB
Active:           432124 kB
Mem:          3.8G       3.7G       108M       5.7M        28M       3.2G

MemTotal:        4016004 kB
MemFree:          118472 kB
Active:           432348 kB
Mem:          3.8G       3.7G       123M       5.7M        28M       3.2G

MemTotal:        4016004 kB
MemFree:          131776 kB
Active:           432636 kB
Mem:          3.8G       3.7G       128M       5.7M        28M       3.2G

MemTotal:        4016004 kB
MemFree:          130564 kB
Active:           432700 kB
Mem:          3.8G       3.7G       127M       5.7M        28M       3.2G

MemTotal:        4016004 kB
MemFree:          130152 kB
Active:           432740 kB
Mem:          3.8G       3.7G       126M       5.7M        28M       3.2G

MemTotal:        4016004 kB
MemFree:          130252 kB
Active:           432788 kB
Mem:          3.8G       3.7G       126M       5.7M        28M       3.2G

MemTotal:        4016004 kB
MemFree:          124320 kB
Active:           433396 kB
Mem:          3.8G       3.7G       120M       5.7M        28M       3.2G

MemTotal:        4016004 kB
MemFree:          113836 kB
Active:           433532 kB
Mem:          3.8G       3.7G       110M       5.7M        28M       3.2G

MemTotal:        4016004 kB
MemFree:          126420 kB
Active:           433740 kB
Mem:          3.8G       3.7G       123M       5.7M        28M       3.2G

MemTotal:        4016004 kB
MemFree:          116872 kB
Active:           433940 kB
Mem:          3.8G       3.7G       113M       5.7M        28M       3.2G

MemTotal:        4016004 kB
MemFree:          107420 kB
Active:           433580 kB
Mem:          3.8G       3.7G       104M       5.7M        28M       3.2G

MemTotal:        4016004 kB
MemFree:          108716 kB
Active:           433760 kB
Mem:          3.8G       3.7G       105M       5.7M        28M       3.2G

MemTotal:        4016004 kB
MemFree:          135892 kB
Active:           434124 kB
Mem:          3.8G       3.7G       132M       5.7M        28M       3.2G

MemTotal:        4016004 kB
MemFree:          138396 kB
Active:           434368 kB
Mem:          3.8G       3.7G       134M       5.7M        28M       3.1G

MemTotal:        4016004 kB
MemFree:          138444 kB
Active:           434360 kB
Mem:          3.8G       3.7G       135M       5.7M        28M       3.1G

MemTotal:        4016004 kB
MemFree:          138296 kB
Active:           434396 kB
Mem:          3.8G       3.7G       134M       5.7M        28M       3.1G

MemTotal:        4016004 kB
MemFree:          132400 kB
Active:           434592 kB
Mem:          3.8G       3.7G       127M       5.7M        28M       3.2G

MemTotal:        4016004 kB
MemFree:          138348 kB
Active:           434960 kB
Mem:          3.8G       3.7G       134M       5.7M        28M       3.1G

MemTotal:        4016004 kB
MemFree:          130212 kB
Active:           435196 kB
Mem:          3.8G       3.7G       126M       5.7M        28M       3.2G

MemTotal:        4016004 kB
MemFree:          147636 kB
Active:           435376 kB
Mem:          3.8G       3.7G       144M       5.7M        28M       3.1G

MemTotal:        4016004 kB
MemFree:          127448 kB
Active:           435548 kB
Mem:          3.8G       3.7G       123M       5.7M        28M       3.2G

MemTotal:        4016004 kB
MemFree:          126080 kB
Active:           435708 kB
Mem:          3.8G       3.7G       122M       5.7M        28M       3.2G

MemTotal:        4016004 kB
MemFree:          124640 kB
Active:           435808 kB
Mem:          3.8G       3.7G       121M       5.7M        28M       3.2G

MemTotal:        4016004 kB
MemFree:          134180 kB
Active:           435908 kB
Mem:          3.8G       3.7G       131M       5.7M        28M       3.2G

MemTotal:        4016004 kB
MemFree:          122800 kB
Active:           436100 kB
Mem:          3.8G       3.7G       119M       5.7M        28M       3.2G

MemTotal:        4016004 kB
MemFree:          132880 kB
Active:           436340 kB
Mem:          3.8G       3.7G       129M       5.7M        28M       3.2G

MemTotal:        4016004 kB
MemFree:          137364 kB
Active:           436556 kB
Mem:          3.8G       3.7G       133M       5.7M        28M       3.1G

MemTotal:        4016004 kB
MemFree:          122528 kB
Active:           436572 kB
Mem:          3.8G       3.7G       119M       5.7M        28M       3.2G

MemTotal:        4016004 kB
MemFree:          124744 kB
Active:           436744 kB
Mem:          3.8G       3.7G       121M       5.7M        28M       3.2G

MemTotal:        4016004 kB
MemFree:          105532 kB
Active:           437008 kB
Mem:          3.8G       3.7G       102M       5.7M        28M       3.2G

MemTotal:        4016004 kB
MemFree:          131984 kB
Active:           437240 kB
Mem:          3.8G       3.7G       128M       5.7M        28M       3.2G

MemTotal:        4016004 kB
MemFree:          125976 kB
Active:           437444 kB
Mem:          3.8G       3.7G       122M       5.7M        28M       3.2G

MemTotal:        4016004 kB
MemFree:          117064 kB
Active:           437476 kB
Mem:          3.8G       3.7G       114M       5.7M        28M       3.2G

MemTotal:        4016004 kB
MemFree:          105704 kB
Active:           437540 kB
Mem:          3.8G       3.7G       103M       5.7M        28M       3.2G

MemTotal:        4016004 kB
MemFree:          129032 kB
Active:           437792 kB
Mem:          3.8G       3.7G       125M       5.7M        28M       3.2G

MemTotal:        4016004 kB
MemFree:          131612 kB
Active:           438184 kB
Mem:          3.8G       3.7G       127M       5.7M        28M       3.2G

MemTotal:        4016004 kB
MemFree:          110128 kB
Active:           438340 kB
Mem:          3.8G       3.7G       106M       5.7M        28M       3.2G

MemTotal:        4016004 kB
MemFree:          106312 kB
Active:           438488 kB
Mem:          3.8G       3.7G       103M       5.7M        28M       3.2G

MemTotal:        4016004 kB
MemFree:          124112 kB
Active:           438632 kB
Mem:          3.8G       3.7G       120M       5.7M        28M       3.2G

MemTotal:        4016004 kB
MemFree:          146160 kB
Active:           438792 kB
Mem:          3.8G       3.7G       142M       5.7M        28M       3.1G

MemTotal:        4016004 kB
MemFree:          124948 kB
Active:           439040 kB
Mem:          3.8G       3.7G       121M       5.7M        28M       3.2G

MemTotal:        4016004 kB
MemFree:          116860 kB
Active:           439212 kB
Mem:          3.8G       3.7G       113M       5.7M        28M       3.2G

MemTotal:        4016004 kB
MemFree:          112848 kB
Active:           439348 kB
Mem:          3.8G       3.7G       110M       5.7M        28M       3.2G

MemTotal:        4016004 kB
MemFree:          120320 kB
Active:           439452 kB
Mem:          3.8G       3.7G       117M       5.7M        28M       3.2G

MemTotal:        4016004 kB
MemFree:          123796 kB
Active:           439536 kB
Mem:          3.8G       3.7G       120M       5.7M        28M       3.2G

MemTotal:        4016004 kB
MemFree:          124188 kB
Active:           439780 kB
Mem:          3.8G       3.7G       119M       5.7M        28M       3.2G

MemTotal:        4016004 kB
MemFree:          110632 kB
Active:           440020 kB
Mem:          3.8G       3.7G       107M       5.7M        28M       3.2G

MemTotal:        4016004 kB
MemFree:          125136 kB
Active:           440204 kB
Mem:          3.8G       3.7G       121M       5.7M        28M       3.2G

MemTotal:        4016004 kB
MemFree:          106012 kB
Active:           440260 kB
Mem:          3.8G       3.7G       103M       5.7M        28M       3.2G

MemTotal:        4016004 kB
MemFree:          133280 kB
Active:           440612 kB
Mem:          3.8G       3.7G       129M       5.7M        28M       3.1G

MemTotal:        4016004 kB
MemFree:          125512 kB
Active:           440928 kB
Mem:          3.8G       3.7G       122M       5.7M        28M       3.2G

MemTotal:        4016004 kB
MemFree:          132784 kB
Active:           441064 kB
Mem:          3.8G       3.7G       129M       5.7M        28M       3.2G

MemTotal:        4016004 kB
MemFree:          132496 kB
Active:           441044 kB
Mem:          3.8G       3.7G       129M       5.7M        28M       3.2G

MemTotal:        4016004 kB
MemFree:          132540 kB
Active:           441072 kB
Mem:          3.8G       3.7G       128M       5.7M        28M       3.2G

MemTotal:        4016004 kB
MemFree:          121660 kB
Active:           441392 kB
Mem:          3.8G       3.7G       118M       5.7M        28M       3.2G

MemTotal:        4016004 kB
MemFree:          144088 kB
Active:           441760 kB
Mem:          3.8G       3.7G       140M       5.7M        28M       3.1G

MemTotal:        4016004 kB
MemFree:          109444 kB
Active:           441972 kB
Mem:          3.8G       3.7G       106M       5.7M        28M       3.2G

MemTotal:        4016004 kB
MemFree:          122264 kB
Active:           442084 kB
Mem:          3.8G       3.7G       118M       5.7M        28M       3.2G

MemTotal:        4016004 kB
MemFree:          126808 kB
Active:           442240 kB
Mem:          3.8G       3.7G       123M       5.7M        28M       3.2G

MemTotal:        4016004 kB
MemFree:          128996 kB
Active:           442472 kB
Mem:          3.8G       3.7G       124M       5.7M        28M       3.2G

MemTotal:        4016004 kB
MemFree:          130884 kB
Active:           442660 kB
Mem:          3.8G       3.7G       127M       5.7M        28M       3.2G

MemTotal:        4016004 kB
MemFree:          126024 kB
Active:           442832 kB
Mem:          3.8G       3.7G       122M       5.7M        28M       3.2G

MemTotal:        4016004 kB
MemFree:          106632 kB
Active:           442936 kB
Mem:          3.8G       3.7G       103M       5.7M        28M       3.2G

MemTotal:        4016004 kB
MemFree:          126452 kB
Active:           443008 kB
Mem:          3.8G       3.7G       123M       5.7M        28M       3.2G

MemTotal:        4016004 kB
MemFree:          116608 kB
Active:           443104 kB
Mem:          3.8G       3.7G       113M       5.7M        28M       3.2G

MemTotal:        4016004 kB
MemFree:          119920 kB
Active:           443464 kB
Mem:          3.8G       3.7G       116M       5.7M        28M       3.2G

MemTotal:        4016004 kB
MemFree:          121604 kB
Active:           443760 kB
Mem:          3.8G       3.7G       118M       5.7M        28M       3.2G

MemTotal:        4016004 kB
MemFree:          131344 kB
Active:           443852 kB
Mem:          3.8G       3.7G       128M       5.7M        28M       3.1G

MemTotal:        4016004 kB
MemFree:          131284 kB
Active:           444044 kB
Mem:          3.8G       3.7G       128M       5.7M        28M       3.2G

MemTotal:        4016004 kB
MemFree:          142716 kB
Active:           444340 kB
Mem:          3.8G       3.7G       138M       5.7M        28M       3.1G

MemTotal:        4016004 kB
MemFree:          125820 kB
Active:           444572 kB
Mem:          3.8G       3.7G       122M       5.7M        28M       3.2G

MemTotal:        4016004 kB
MemFree:          120992 kB
Active:           444764 kB
Mem:          3.8G       3.7G       118M       5.7M        28M       3.2G

MemTotal:        4016004 kB
MemFree:          140328 kB
Active:           444912 kB
Mem:          3.8G       3.7G       136M       5.7M        28M       3.1G

MemTotal:        4016004 kB
MemFree:          126260 kB
Active:           445032 kB
Mem:          3.8G       3.7G       122M       5.7M        28M       3.2G

MemTotal:        4016004 kB
MemFree:          126328 kB
Active:           445188 kB
Mem:          3.8G       3.7G       122M       5.7M        28M       3.2G

MemTotal:        4016004 kB
MemFree:          122348 kB
Active:           445448 kB
Mem:          3.8G       3.7G       118M       5.7M        28M       3.2G

MemTotal:        4016004 kB
MemFree:          127912 kB
Active:           445628 kB
Mem:          3.8G       3.7G       124M       5.7M        28M       3.2G

MemTotal:        4016004 kB
MemFree:          104816 kB
Active:           445816 kB
Mem:          3.8G       3.7G       106M       5.7M        28M       3.2G

MemTotal:        4016004 kB
MemFree:          105752 kB
Active:           445896 kB
Mem:          3.8G       3.7G       103M       5.7M        28M       3.2G

MemTotal:        4016004 kB
MemFree:          120216 kB
Active:           446120 kB
Mem:          3.8G       3.7G       117M       5.7M        28M       3.2G

MemTotal:        4016004 kB
MemFree:          112752 kB
Active:           446508 kB
Mem:          3.8G       3.7G       108M       5.7M        28M       3.2G

MemTotal:        4016004 kB
MemFree:          125912 kB
Active:           446688 kB
Mem:          3.8G       3.7G       122M       5.7M        28M       3.2G

MemTotal:        4016004 kB
MemFree:          130840 kB
Active:           446816 kB
Mem:          3.8G       3.7G       127M       5.7M        28M       3.1G

MemTotal:        4016004 kB
MemFree:          127232 kB
Active:           446940 kB
Mem:          3.8G       3.7G       123M       5.7M        28M       3.2G

MemTotal:        4016004 kB
MemFree:          119584 kB
Active:           447112 kB
Mem:          3.8G       3.7G       116M       5.7M        28M       3.2G

MemTotal:        4016004 kB
MemFree:         2925448 kB
Active:           365780 kB
Mem:          3.8G       1.0G       2.8G       5.7M        28M       580M

MemTotal:        4016004 kB
MemFree:         2967212 kB
Active:           365632 kB
Mem:          3.8G       1.0G       2.8G       5.7M        28M       541M

MemTotal:        4016004 kB
MemFree:         2977924 kB
Active:           365536 kB
Mem:          3.8G       1.0G       2.8G       5.7M        28M       531M

MemTotal:        4016004 kB
MemFree:         3375904 kB
Active:           354864 kB
Mem:          3.8G       624M       3.2G       5.7M        28M       183M

MemTotal:        4016004 kB
MemFree:         3376904 kB
Active:           354632 kB
Mem:          3.8G       624M       3.2G       5.7M        28M       183M

MemTotal:        4016004 kB
MemFree:         3377400 kB
Active:           354628 kB
Mem:          3.8G       623M       3.2G       5.7M        28M       183M

MemTotal:        4016004 kB
MemFree:         3377524 kB
Active:           354644 kB
Mem:          3.8G       624M       3.2G       5.7M        28M       183M

MemTotal:        4016004 kB
MemFree:         3377648 kB
Active:           354680 kB
Mem:          3.8G       623M       3.2G       5.7M        28M       183M

MemTotal:        4016004 kB
MemFree:         3377532 kB
Active:           354668 kB
Mem:          3.8G       623M       3.2G       5.7M        28M       183M

MemTotal:        4016004 kB
MemFree:         3377408 kB
Active:           354636 kB
Mem:          3.8G       623M       3.2G       5.7M        28M       183M

MemTotal:        4016004 kB
MemFree:         3377408 kB
Active:           354676 kB
Mem:          3.8G       623M       3.2G       5.7M        28M       183M

MemTotal:        4016004 kB
MemFree:         3377284 kB
Active:           354652 kB
Mem:          3.8G       623M       3.2G       5.7M        28M       183M

MemTotal:        4016004 kB
MemFree:         3377284 kB
Active:           354680 kB
Mem:          3.8G       623M       3.2G       5.7M        28M       183M

MemTotal:        4016004 kB
MemFree:         3377160 kB
Active:           354700 kB
Mem:          3.8G       623M       3.2G       5.7M        28M       183M

MemTotal:        4016004 kB
MemFree:         3377532 kB
Active:           354696 kB
Mem:          3.8G       623M       3.2G       5.7M        28M       183M

MemTotal:        4016004 kB
MemFree:         3377408 kB
Active:           354676 kB
Mem:          3.8G       623M       3.2G       5.7M        28M       183M

MemTotal:        4016004 kB
MemFree:         3377036 kB
Active:           354700 kB
Mem:          3.8G       623M       3.2G       5.7M        28M       183M

MemTotal:        4016004 kB
MemFree:         3377408 kB
Active:           354684 kB
Mem:          3.8G       623M       3.2G       5.7M        28M       183M

MemTotal:        4016004 kB
MemFree:         3377408 kB
Active:           354676 kB
Mem:          3.8G       623M       3.2G       5.7M        28M       183M

MemTotal:        4016004 kB
MemFree:         3376920 kB
Active:           354716 kB
Mem:          3.8G       624M       3.2G       5.7M        28M       183M

MemTotal:        4016004 kB
MemFree:         3377044 kB
Active:           354700 kB
Mem:          3.8G       623M       3.2G       5.7M        28M       183M

MemTotal:        4016004 kB
MemFree:         3377292 kB
Active:           354688 kB
Mem:          3.8G       623M       3.2G       5.7M        28M       183M

MemTotal:        4016004 kB
MemFree:         3376672 kB
Active:           354716 kB
Mem:          3.8G       624M       3.2G       5.7M        28M       183M

MemTotal:        4016004 kB
MemFree:         3377044 kB
Active:           354672 kB
Mem:          3.8G       623M       3.2G       5.7M        28M       183M

MemTotal:        4016004 kB
MemFree:         3377416 kB
Active:           354688 kB
Mem:          3.8G       623M       3.2G       5.7M        28M       183M

MemTotal:        4016004 kB
MemFree:         3377540 kB
Active:           354672 kB
Mem:          3.8G       623M       3.2G       5.7M        28M       183M

MemTotal:        4016004 kB
MemFree:         3377540 kB
Active:           354712 kB
Mem:          3.8G       623M       3.2G       5.7M        28M       183M

MemTotal:        4016004 kB
MemFree:         3377664 kB
Active:           354692 kB
Mem:          3.8G       623M       3.2G       5.7M        28M       183M

MemTotal:        4016004 kB
MemFree:         3377540 kB
Active:           354704 kB
Mem:          3.8G       623M       3.2G       5.7M        28M       183M

MemTotal:        4016004 kB
MemFree:         3377416 kB
Active:           354724 kB
Mem:          3.8G       623M       3.2G       5.7M        28M       183M

MemTotal:        4016004 kB
MemFree:         3377540 kB
Active:           354716 kB
Mem:          3.8G       623M       3.2G       5.7M        28M       183M

MemTotal:        4016004 kB
MemFree:         3377664 kB
Active:           354696 kB
Mem:          3.8G       623M       3.2G       5.7M        28M       183M

MemTotal:        4016004 kB
MemFree:         3377540 kB
Active:           354676 kB
Mem:          3.8G       623M       3.2G       5.7M        28M       183M

MemTotal:        4016004 kB
MemFree:         3377680 kB
Active:           354688 kB
Mem:          3.8G       623M       3.2G       5.7M        28M       183M

MemTotal:        4016004 kB
MemFree:         3377184 kB
Active:           354728 kB
Mem:          3.8G       623M       3.2G       5.7M        28M       183M

MemTotal:        4016004 kB
MemFree:         3377680 kB
Active:           354716 kB
Mem:          3.8G       623M       3.2G       5.7M        28M       183M

MemTotal:        4016004 kB
MemFree:         3377680 kB
Active:           354672 kB
Mem:          3.8G       623M       3.2G       5.7M        28M       183M

MemTotal:        4016004 kB
MemFree:         3377308 kB
Active:           354728 kB
Mem:          3.8G       623M       3.2G       5.7M        28M       183M

MemTotal:        4016004 kB
MemFree:         3377308 kB
Active:           354728 kB
Mem:          3.8G       624M       3.2G       5.7M        28M       183M

MemTotal:        4016004 kB
MemFree:         3377060 kB
Active:           354684 kB
Mem:          3.8G       624M       3.2G       5.7M        28M       183M

MemTotal:        4016004 kB
MemFree:         3377680 kB
Active:           354704 kB
Mem:          3.8G       623M       3.2G       5.7M        28M       183M

MemTotal:        4016004 kB
MemFree:         3377556 kB
Active:           354700 kB
Mem:          3.8G       623M       3.2G       5.7M        28M       183M

MemTotal:        4016004 kB
MemFree:         3377680 kB
Active:           354720 kB
Mem:          3.8G       623M       3.2G       5.7M        28M       183M

MemTotal:        4016004 kB
MemFree:         3377804 kB
Active:           354724 kB
Mem:          3.8G       623M       3.2G       5.7M        28M       183M

MemTotal:        4016004 kB
MemFree:         3377308 kB
Active:           354752 kB
Mem:          3.8G       623M       3.2G       5.7M        28M       183M

MemTotal:        4016004 kB
MemFree:         3377308 kB
Active:           354756 kB
Mem:          3.8G       623M       3.2G       5.7M        28M       183M

MemTotal:        4016004 kB
MemFree:         3377432 kB
Active:           354756 kB
Mem:          3.8G       623M       3.2G       5.7M        28M       183M

MemTotal:        4016004 kB
MemFree:         3377432 kB
Active:           354736 kB
Mem:          3.8G       623M       3.2G       5.7M        28M       183M

MemTotal:        4016004 kB
MemFree:         3377804 kB
Active:           354736 kB
Mem:          3.8G       623M       3.2G       5.7M        28M       183M

MemTotal:        4016004 kB
MemFree:         3377680 kB
Active:           354724 kB
Mem:          3.8G       623M       3.2G       5.7M        28M       183M

MemTotal:        4016004 kB
MemFree:         3377308 kB
Active:           354764 kB
Mem:          3.8G       623M       3.2G       5.7M        28M       183M

MemTotal:        4016004 kB
MemFree:         3377556 kB
Active:           354760 kB
Mem:          3.8G       623M       3.2G       5.7M        28M       183M

MemTotal:        4016004 kB
MemFree:         3377308 kB
Active:           354724 kB
Mem:          3.8G       623M       3.2G       5.7M        28M       183M

MemTotal:        4016004 kB
MemFree:         3377432 kB
Active:           354744 kB
Mem:          3.8G       623M       3.2G       5.7M        28M       183M

MemTotal:        4016004 kB
MemFree:         3377680 kB
Active:           354740 kB
Mem:          3.8G       623M       3.2G       5.7M        28M       183M

MemTotal:        4016004 kB
MemFree:         3377680 kB
Active:           354716 kB
Mem:          3.8G       623M       3.2G       5.7M        28M       183M

MemTotal:        4016004 kB
MemFree:         3377664 kB
Active:           354756 kB
Mem:          3.8G       623M       3.2G       5.7M        28M       183M

MemTotal:        4016004 kB
MemFree:         3377308 kB
Active:           354772 kB
Mem:          3.8G       623M       3.2G       5.7M        28M       183M

MemTotal:        4016004 kB
MemFree:         3377556 kB
Active:           354768 kB
Mem:          3.8G       623M       3.2G       5.7M        28M       183M

MemTotal:        4016004 kB
MemFree:         3377556 kB
Active:           354752 kB
Mem:          3.8G       623M       3.2G       5.7M        28M       183M

MemTotal:        4016004 kB
MemFree:         3377432 kB
Active:           354784 kB
Mem:          3.8G       623M       3.2G       5.7M        28M       183M

MemTotal:        4016004 kB
MemFree:         3377556 kB
Active:           354744 kB
Mem:          3.8G       623M       3.2G       5.7M        28M       183M

MemTotal:        4016004 kB
MemFree:         3377928 kB
Active:           354752 kB
Mem:          3.8G       623M       3.2G       5.7M        28M       183M

MemTotal:        4016004 kB
MemFree:         3377928 kB
Active:           354772 kB
Mem:          3.8G       623M       3.2G       5.7M        28M       183M

MemTotal:        4016004 kB
MemFree:         3377556 kB
Active:           354804 kB
Mem:          3.8G       623M       3.2G       5.7M        28M       183M

MemTotal:        4016004 kB
MemFree:         3376936 kB
Active:           354804 kB
Mem:          3.8G       623M       3.2G       5.7M        28M       183M

MemTotal:        4016004 kB
MemFree:         3377556 kB
Active:           354756 kB
