MemTotal:        4016004 kB
MemFree:         3231388 kB
Active:           427540 kB
Mem:          3.8G       766M       3.1G       5.7M        62M       316M

MemTotal:        4016004 kB
MemFree:         3230516 kB
Active:           427516 kB
Mem:          3.8G       767M       3.1G       5.7M        62M       317M

MemTotal:        4016004 kB
MemFree:         3230376 kB
Active:           427584 kB
Mem:          3.8G       767M       3.1G       5.7M        62M       317M

MemTotal:        4016004 kB
MemFree:         3230112 kB
Active:           427636 kB
Mem:          3.8G       767M       3.1G       5.7M        62M       317M

MemTotal:        4016004 kB
MemFree:         3230112 kB
Active:           427612 kB
Mem:          3.8G       767M       3.1G       5.7M        62M       317M

MemTotal:        4016004 kB
MemFree:         3230112 kB
Active:           427640 kB
Mem:          3.8G       767M       3.1G       5.7M        62M       317M

MemTotal:        4016004 kB
MemFree:         3230484 kB
Active:           427616 kB
Mem:          3.8G       767M       3.1G       5.7M        62M       317M

MemTotal:        4016004 kB
MemFree:         3230344 kB
Active:           427600 kB
Mem:          3.8G       767M       3.1G       5.7M        62M       317M

MemTotal:        4016004 kB
MemFree:         3230328 kB
Active:           427600 kB
Mem:          3.8G       767M       3.1G       5.7M        62M       317M

MemTotal:        4016004 kB
MemFree:         3230188 kB
Active:           427588 kB
Mem:          3.8G       767M       3.1G       5.7M        62M       317M

MemTotal:        4016004 kB
MemFree:         3230188 kB
Active:           427604 kB
Mem:          3.8G       767M       3.1G       5.7M        62M       317M

MemTotal:        4016004 kB
MemFree:         3230064 kB
Active:           427644 kB
Mem:          3.8G       767M       3.1G       5.7M        62M       317M

MemTotal:        4016004 kB
MemFree:         3230436 kB
Active:           427640 kB
Mem:          3.8G       767M       3.1G       5.7M        62M       317M

MemTotal:        4016004 kB
MemFree:         3230436 kB
Active:           427620 kB
Mem:          3.8G       767M       3.1G       5.7M        62M       317M

MemTotal:        4016004 kB
MemFree:         3230188 kB
Active:           427624 kB
Mem:          3.8G       767M       3.1G       5.7M        62M       317M

MemTotal:        4016004 kB
MemFree:         3230048 kB
Active:           427640 kB
Mem:          3.8G       767M       3.1G       5.7M        62M       317M

MemTotal:        4016004 kB
MemFree:         3230204 kB
Active:           427616 kB
Mem:          3.8G       767M       3.1G       5.7M        62M       317M

MemTotal:        4016004 kB
MemFree:         3230700 kB
Active:           427644 kB
Mem:          3.8G       767M       3.1G       5.7M        62M       317M

MemTotal:        4016004 kB
MemFree:         3230204 kB
Active:           427652 kB
Mem:          3.8G       767M       3.1G       5.7M        62M       317M

MemTotal:        4016004 kB
MemFree:         3230204 kB
Active:           427648 kB
Mem:          3.8G       767M       3.1G       5.7M        62M       317M

MemTotal:        4016004 kB
MemFree:         3230236 kB
Active:           427640 kB
Mem:          3.8G       767M       3.1G       5.7M        62M       317M

MemTotal:        4016004 kB
MemFree:         3230236 kB
Active:           427616 kB
Mem:          3.8G       767M       3.1G       5.7M        62M       317M

MemTotal:        4016004 kB
MemFree:         3229988 kB
Active:           427660 kB
Mem:          3.8G       767M       3.1G       5.7M        62M       317M

MemTotal:        4016004 kB
MemFree:         3230112 kB
Active:           427624 kB
Mem:          3.8G       767M       3.1G       5.7M        62M       317M

MemTotal:        4016004 kB
MemFree:         3229740 kB
Active:           427664 kB
Mem:          3.8G       767M       3.1G       5.7M        62M       317M

MemTotal:        4016004 kB
MemFree:         3229864 kB
Active:           427664 kB
Mem:          3.8G       767M       3.1G       5.7M        62M       317M

MemTotal:        4016004 kB
MemFree:         3230360 kB
Active:           427624 kB
Mem:          3.8G       767M       3.1G       5.7M        62M       317M

MemTotal:        4016004 kB
MemFree:         3230360 kB
Active:           427612 kB
Mem:          3.8G       767M       3.1G       5.7M        62M       317M

MemTotal:        4016004 kB
MemFree:         3229988 kB
Active:           427676 kB
Mem:          3.8G       767M       3.1G       5.7M        62M       317M

MemTotal:        4016004 kB
MemFree:         3230360 kB
Active:           427652 kB
Mem:          3.8G       767M       3.1G       5.7M        62M       317M

MemTotal:        4016004 kB
MemFree:         3230360 kB
Active:           427664 kB
Mem:          3.8G       767M       3.1G       5.7M        62M       317M

MemTotal:        4016004 kB
MemFree:         3230592 kB
Active:           427624 kB
Mem:          3.8G       767M       3.1G       5.7M        62M       317M

MemTotal:        4016004 kB
MemFree:         3230576 kB
Active:           427664 kB
Mem:          3.8G       767M       3.1G       5.7M        62M       317M

MemTotal:        4016004 kB
MemFree:         3230452 kB
Active:           427656 kB
Mem:          3.8G       766M       3.1G       5.7M        62M       317M

MemTotal:        4016004 kB
MemFree:         3230312 kB
Active:           427680 kB
Mem:          3.8G       766M       3.1G       5.7M        62M       317M

MemTotal:        4016004 kB
MemFree:         3230684 kB
Active:           427680 kB
Mem:          3.8G       767M       3.1G       5.7M        62M       317M

MemTotal:        4016004 kB
MemFree:         3229648 kB
Active:           425828 kB
Mem:          3.8G       767M       3.1G       5.7M        62M       317M

MemTotal:        4016004 kB
MemFree:         3230356 kB
Active:           427688 kB
Mem:          3.8G       767M       3.1G       5.7M        62M       317M

MemTotal:        4016004 kB
MemFree:         3229968 kB
Active:           427700 kB
Mem:          3.8G       767M       3.1G       5.7M        62M       317M

MemTotal:        4016004 kB
MemFree:         3229952 kB
Active:           427652 kB
Mem:          3.8G       767M       3.1G       5.7M        62M       317M

MemTotal:        4016004 kB
MemFree:         3229952 kB
Active:           427676 kB
Mem:          3.8G       767M       3.1G       5.7M        62M       317M

MemTotal:        4016004 kB
MemFree:         3230324 kB
Active:           427652 kB
Mem:          3.8G       767M       3.1G       5.7M        62M       317M

MemTotal:        4016004 kB
MemFree:         3230200 kB
Active:           427688 kB
Mem:          3.8G       767M       3.1G       5.7M        62M       317M

MemTotal:        4016004 kB
MemFree:         3230076 kB
Active:           427696 kB
Mem:          3.8G       767M       3.1G       5.7M        62M       317M

MemTotal:        4016004 kB
MemFree:         3230200 kB
Active:           427660 kB
Mem:          3.8G       767M       3.1G       5.7M        62M       317M

MemTotal:        4016004 kB
MemFree:         3229828 kB
Active:           427712 kB
Mem:          3.8G       767M       3.1G       5.7M        62M       317M

MemTotal:        4016004 kB
MemFree:         3228400 kB
Active:           427684 kB
Mem:          3.8G       769M       3.1G       5.7M        62M       317M

MemTotal:        4016004 kB
MemFree:         3228276 kB
Active:           429728 kB
Mem:          3.8G       769M       3.1G       5.7M        62M       317M

MemTotal:        4016004 kB
MemFree:         3228276 kB
Active:           429704 kB
Mem:          3.8G       769M       3.1G       5.7M        62M       317M

MemTotal:        4016004 kB
MemFree:         3227656 kB
Active:           429748 kB
Mem:          3.8G       769M       3.1G       5.7M        62M       317M

MemTotal:        4016004 kB
MemFree:         3227532 kB
Active:           429712 kB
Mem:          3.8G       769M       3.1G       5.7M        62M       317M

MemTotal:        4016004 kB
MemFree:         3227532 kB
Active:           429716 kB
Mem:          3.8G       770M       3.1G       5.7M        62M       317M

MemTotal:        4016004 kB
MemFree:         3227532 kB
Active:           429760 kB
Mem:          3.8G       769M       3.1G       5.7M        62M       317M

MemTotal:        4016004 kB
MemFree:         3227780 kB
Active:           429712 kB
Mem:          3.8G       769M       3.1G       5.7M        62M       317M

MemTotal:        4016004 kB
MemFree:         3227888 kB
Active:           429744 kB
Mem:          3.8G       769M       3.1G       5.7M        62M       317M

MemTotal:        4016004 kB
MemFree:         3228244 kB
Active:           429728 kB
Mem:          3.8G       769M       3.1G       5.7M        62M       317M

MemTotal:        4016004 kB
MemFree:         3227792 kB
Active:           427820 kB
Mem:          3.8G       769M       3.1G       5.7M        62M       317M

MemTotal:        4016004 kB
MemFree:         3227588 kB
Active:           427728 kB
Mem:          3.8G       769M       3.1G       5.7M        62M       317M

MemTotal:        4016004 kB
MemFree:         3228068 kB
Active:           429772 kB
Mem:          3.8G       769M       3.1G       5.7M        62M       317M

MemTotal:        4016004 kB
MemFree:         3228192 kB
Active:           429744 kB
Mem:          3.8G       769M       3.1G       5.7M        62M       317M

MemTotal:        4016004 kB
MemFree:         3227664 kB
Active:           429884 kB
Mem:          3.8G       769M       3.1G       5.7M        62M       317M

MemTotal:        4016004 kB
MemFree:         3118456 kB
Active:           430264 kB
Mem:          3.8G       877M       3.0G       5.7M        62M       423M

MemTotal:        4016004 kB
MemFree:         3003748 kB
Active:           430284 kB
Mem:          3.8G       988M       2.9G       5.7M        62M       532M

MemTotal:        4016004 kB
MemFree:         2878112 kB
Active:           430284 kB
Mem:          3.8G       1.1G       2.7G       5.7M        62M       653M

MemTotal:        4016004 kB
MemFree:         2869868 kB
Active:           430284 kB
Mem:          3.8G       1.1G       2.7G       5.7M        62M       661M

MemTotal:        4016004 kB
MemFree:         2811556 kB
Active:           430284 kB
Mem:          3.8G       1.1G       2.7G       5.7M        62M       717M

MemTotal:        4016004 kB
MemFree:         2771248 kB
Active:           428368 kB
Mem:          3.8G       1.2G       2.6G       5.7M        62M       755M

MemTotal:        4016004 kB
MemFree:         2741504 kB
Active:           430296 kB
Mem:          3.8G       1.2G       2.6G       5.7M        62M       785M

MemTotal:        4016004 kB
MemFree:         2673828 kB
Active:           430296 kB
Mem:          3.8G       1.3G       2.5G       5.7M        62M       850M

MemTotal:        4016004 kB
MemFree:         2667912 kB
Active:           430324 kB
Mem:          3.8G       1.3G       2.5G       5.7M        62M       856M

MemTotal:        4016004 kB
MemFree:         2666300 kB
Active:           430336 kB
Mem:          3.8G       1.3G       2.5G       5.7M        62M       857M

MemTotal:        4016004 kB
MemFree:         2665836 kB
Active:           430328 kB
Mem:          3.8G       1.3G       2.5G       5.7M        62M       858M

MemTotal:        4016004 kB
MemFree:         2663764 kB
Active:           430288 kB
Mem:          3.8G       1.3G       2.5G       5.7M        62M       860M

MemTotal:        4016004 kB
MemFree:         2542688 kB
Active:           430328 kB
Mem:          3.8G       1.4G       2.4G       5.7M        62M       976M

MemTotal:        4016004 kB
MemFree:         2409084 kB
Active:           430344 kB
Mem:          3.8G       1.5G       2.3G       5.7M        62M       1.1G

MemTotal:        4016004 kB
MemFree:         2281836 kB
Active:           430344 kB
Mem:          3.8G       1.7G       2.2G       5.7M        62M       1.2G

MemTotal:        4016004 kB
MemFree:         2152696 kB
Active:           430344 kB
Mem:          3.8G       1.8G       2.1G       5.7M        62M       1.3G

MemTotal:        4016004 kB
MemFree:         2045708 kB
Active:           430344 kB
Mem:          3.8G       1.9G       2.0G       5.7M        62M       1.4G

MemTotal:        4016004 kB
MemFree:         1948748 kB
Active:           430344 kB
Mem:          3.8G       2.0G       1.9G       5.7M        62M       1.5G

MemTotal:        4016004 kB
MemFree:         1946076 kB
Active:           430348 kB
Mem:          3.8G       2.0G       1.9G       5.7M        62M       1.5G

MemTotal:        4016004 kB
MemFree:         1945596 kB
Active:           430360 kB
Mem:          3.8G       2.0G       1.9G       5.7M        62M       1.5G

MemTotal:        4016004 kB
MemFree:         1943156 kB
Active:           430372 kB
Mem:          3.8G       2.0G       1.9G       5.7M        62M       1.5G

MemTotal:        4016004 kB
MemFree:         1941888 kB
Active:           430392 kB
Mem:          3.8G       2.0G       1.9G       5.7M        62M       1.5G

MemTotal:        4016004 kB
MemFree:         1941144 kB
Active:           430400 kB
Mem:          3.8G       2.0G       1.9G       5.7M        62M       1.5G

MemTotal:        4016004 kB
MemFree:         1940368 kB
Active:           430344 kB
Mem:          3.8G       2.0G       1.9G       5.7M        62M       1.5G

MemTotal:        4016004 kB
MemFree:         1939904 kB
Active:           430412 kB
Mem:          3.8G       2.0G       1.9G       5.7M        62M       1.5G

MemTotal:        4016004 kB
MemFree:         1940436 kB
Active:           430376 kB
Mem:          3.8G       2.0G       1.9G       5.7M        62M       1.5G

MemTotal:        4016004 kB
MemFree:         1939932 kB
Active:           430388 kB
Mem:          3.8G       2.0G       1.8G       5.7M        62M       1.5G

MemTotal:        4016004 kB
MemFree:         1828776 kB
Active:           430420 kB
Mem:          3.8G       2.1G       1.7G       5.7M        62M       1.6G

MemTotal:        4016004 kB
MemFree:         1701512 kB
Active:           430420 kB
Mem:          3.8G       2.2G       1.6G       5.7M        62M       1.7G

MemTotal:        4016004 kB
MemFree:         1586572 kB
Active:           430420 kB
Mem:          3.8G       2.3G       1.5G       5.7M        62M       1.9G

MemTotal:        4016004 kB
MemFree:         1569504 kB
Active:           430412 kB
Mem:          3.8G       2.3G       1.5G       5.7M        62M       1.9G

MemTotal:        4016004 kB
MemFree:         1519560 kB
Active:           430428 kB
Mem:          3.8G       2.4G       1.4G       5.7M        62M       1.9G

MemTotal:        4016004 kB
MemFree:         1453604 kB
Active:           430388 kB
Mem:          3.8G       2.4G       1.4G       5.7M        62M       2.0G

MemTotal:        4016004 kB
MemFree:         1443296 kB
Active:           430380 kB
Mem:          3.8G       2.5G       1.4G       5.7M        62M       2.0G

MemTotal:        4016004 kB
MemFree:         1388640 kB
Active:           430436 kB
Mem:          3.8G       2.5G       1.3G       5.7M        62M       2.0G

MemTotal:        4016004 kB
MemFree:         1318328 kB
Active:           430448 kB
Mem:          3.8G       2.6G       1.3G       5.7M        62M       2.1G

MemTotal:        4016004 kB
MemFree:         1316824 kB
Active:           432460 kB
Mem:          3.8G       2.6G       1.3G       5.7M        62M       2.1G

MemTotal:        4016004 kB
MemFree:         1316264 kB
Active:           432480 kB
Mem:          3.8G       2.6G       1.3G       5.7M        62M       2.1G

MemTotal:        4016004 kB
MemFree:         1314812 kB
Active:           432488 kB
Mem:          3.8G       2.6G       1.3G       5.7M        62M       2.1G

MemTotal:        4016004 kB
MemFree:         1313620 kB
Active:           432488 kB
Mem:          3.8G       2.6G       1.3G       5.7M        62M       2.1G

MemTotal:        4016004 kB
MemFree:         1217828 kB
Active:           432460 kB
Mem:          3.8G       2.7G       1.2G       5.7M        62M       2.2G

MemTotal:        4016004 kB
MemFree:         1091432 kB
Active:           432496 kB
Mem:          3.8G       2.8G       1.0G       5.7M        62M       2.3G

MemTotal:        4016004 kB
MemFree:          969996 kB
Active:           432496 kB
Mem:          3.8G       2.9G       946M       5.7M        62M       2.4G

MemTotal:        4016004 kB
MemFree:          964152 kB
Active:           432652 kB
Mem:          3.8G       2.9G       941M       5.7M        62M       2.4G

MemTotal:        4016004 kB
MemFree:          891424 kB
Active:           432632 kB
Mem:          3.8G       3.0G       870M       5.7M        62M       2.5G

MemTotal:        4016004 kB
MemFree:          888504 kB
Active:           432896 kB
Mem:          3.8G       3.0G       867M       5.7M        62M       2.5G

MemTotal:        4016004 kB
MemFree:          817200 kB
Active:           432796 kB
Mem:          3.8G       3.1G       797M       5.7M        62M       2.6G

MemTotal:        4016004 kB
MemFree:          691708 kB
Active:           432796 kB
Mem:          3.8G       3.2G       674M       5.7M        62M       2.7G

MemTotal:        4016004 kB
MemFree:          559716 kB
Active:           432796 kB
Mem:          3.8G       3.3G       545M       5.7M        62M       2.8G

MemTotal:        4016004 kB
MemFree:          431336 kB
Active:           432796 kB
Mem:          3.8G       3.4G       420M       5.7M        62M       2.9G

MemTotal:        4016004 kB
MemFree:          399720 kB
Active:           432816 kB
Mem:          3.8G       3.4G       390M       5.7M        62M       3.0G

MemTotal:        4016004 kB
MemFree:          399600 kB
Active:           432816 kB
Mem:          3.8G       3.4G       390M       5.7M        62M       3.0G

MemTotal:        4016004 kB
MemFree:          399628 kB
Active:           432812 kB
Mem:          3.8G       3.4G       390M       5.7M        62M       3.0G

MemTotal:        4016004 kB
MemFree:          400004 kB
Active:           432780 kB
Mem:          3.8G       3.4G       390M       5.7M        62M       3.0G

MemTotal:        4016004 kB
MemFree:          397612 kB
Active:           432824 kB
Mem:          3.8G       3.5G       388M       5.7M        62M       3.0G

MemTotal:        4016004 kB
MemFree:          396116 kB
Active:           432904 kB
Mem:          3.8G       3.5G       386M       5.7M        62M       3.0G

MemTotal:        4016004 kB
MemFree:          395676 kB
Active:           432788 kB
Mem:          3.8G       3.5G       386M       5.7M        62M       3.0G

MemTotal:        4016004 kB
MemFree:          283996 kB
Active:           432784 kB
Mem:          3.8G       3.6G       276M       5.7M        62M       3.1G

MemTotal:        4016004 kB
MemFree:          239476 kB
Active:           432848 kB
Mem:          3.8G       3.6G       233M       5.7M        62M       3.1G

MemTotal:        4016004 kB
MemFree:          238640 kB
Active:           432836 kB
Mem:          3.8G       3.6G       232M       5.7M        62M       3.1G

MemTotal:        4016004 kB
MemFree:          237092 kB
Active:           432864 kB
Mem:          3.8G       3.6G       231M       5.7M        62M       3.1G

MemTotal:        4016004 kB
MemFree:          236692 kB
Active:           432816 kB
Mem:          3.8G       3.6G       230M       5.7M        62M       3.1G

MemTotal:        4016004 kB
MemFree:          233084 kB
Active:           432864 kB
Mem:          3.8G       3.6G       227M       5.7M        62M       3.1G

MemTotal:        4016004 kB
MemFree:          128364 kB
Active:           432872 kB
Mem:          3.8G       3.7G       124M       5.7M        62M       3.2G

MemTotal:        4016004 kB
MemFree:          131212 kB
Active:           495544 kB
Mem:          3.8G       3.7G       112M       5.7M        27M       3.3G

MemTotal:        4016004 kB
MemFree:          113368 kB
Active:           479732 kB
Mem:          3.8G       3.7G       123M       5.7M        27M       3.3G

MemTotal:        4016004 kB
MemFree:          131376 kB
Active:           469220 kB
Mem:          3.8G       3.7G       127M       5.7M        27M       3.2G

MemTotal:        4016004 kB
MemFree:          130180 kB
Active:           469256 kB
Mem:          3.8G       3.7G       126M       5.7M        27M       3.3G

MemTotal:        4016004 kB
MemFree:          141540 kB
Active:           463892 kB
Mem:          3.8G       3.7G       138M       5.7M        27M       3.2G

MemTotal:        4016004 kB
MemFree:          140144 kB
Active:           463904 kB
Mem:          3.8G       3.7G       136M       5.7M        27M       3.2G

MemTotal:        4016004 kB
MemFree:          139188 kB
Active:           463904 kB
Mem:          3.8G       3.7G       135M       5.7M        27M       3.2G

MemTotal:        4016004 kB
MemFree:          138120 kB
Active:           463908 kB
Mem:          3.8G       3.7G       134M       5.7M        27M       3.2G

MemTotal:        4016004 kB
MemFree:          107716 kB
Active:           463908 kB
Mem:          3.8G       3.7G       104M       5.7M        27M       3.3G

MemTotal:        4016004 kB
MemFree:          117604 kB
Active:           452136 kB
Mem:          3.8G       3.7G       114M       5.7M        27M       3.3G

MemTotal:        4016004 kB
MemFree:          134544 kB
Active:           441116 kB
Mem:          3.8G       3.7G       130M       5.7M        27M       3.2G

MemTotal:        4016004 kB
MemFree:          120936 kB
Active:           438688 kB
Mem:          3.8G       3.7G       118M       5.7M        27M       3.3G

MemTotal:        4016004 kB
MemFree:          118976 kB
Active:           438568 kB
Mem:          3.8G       3.7G       116M       5.7M        27M       3.3G

MemTotal:        4016004 kB
MemFree:          133760 kB
Active:           435880 kB
Mem:          3.8G       3.7G       129M       5.7M        27M       3.2G

MemTotal:        4016004 kB
MemFree:          126488 kB
Active:           435876 kB
Mem:          3.8G       3.7G       123M       5.7M        27M       3.3G

MemTotal:        4016004 kB
MemFree:          128672 kB
Active:           432948 kB
Mem:          3.8G       3.7G       125M       5.7M        27M       3.3G

MemTotal:        4016004 kB
MemFree:          129688 kB
Active:           431928 kB
Mem:          3.8G       3.7G       126M       5.7M        27M       3.3G

MemTotal:        4016004 kB
MemFree:          129816 kB
Active:           431932 kB
Mem:          3.8G       3.7G       126M       5.7M        27M       3.3G

MemTotal:        4016004 kB
MemFree:          129604 kB
Active:           431944 kB
Mem:          3.8G       3.7G       126M       5.7M        27M       3.3G

MemTotal:        4016004 kB
MemFree:          127504 kB
Active:           431948 kB
Mem:          3.8G       3.7G       124M       5.7M        27M       3.3G

MemTotal:        4016004 kB
MemFree:          125508 kB
Active:           431952 kB
Mem:          3.8G       3.7G       122M       5.7M        27M       3.3G

MemTotal:        4016004 kB
MemFree:          132484 kB
Active:           421736 kB
Mem:          3.8G       3.7G       129M       5.7M        27M       3.2G

MemTotal:        4016004 kB
MemFree:          130372 kB
Active:           416632 kB
Mem:          3.8G       3.7G       127M       5.7M        27M       3.3G

MemTotal:        4016004 kB
MemFree:          114392 kB
Active:           413688 kB
Mem:          3.8G       3.7G       111M       5.7M        27M       3.3G

MemTotal:        4016004 kB
MemFree:          132152 kB
Active:           411772 kB
Mem:          3.8G       3.7G       129M       5.7M        27M       3.2G

MemTotal:        4016004 kB
MemFree:          134908 kB
Active:           410500 kB
Mem:          3.8G       3.7G       131M       5.7M        27M       3.2G

MemTotal:        4016004 kB
MemFree:          112240 kB
Active:           409360 kB
Mem:          3.8G       3.7G       109M       5.7M        27M       3.3G

MemTotal:        4016004 kB
MemFree:          127236 kB
Active:           408044 kB
Mem:          3.8G       3.7G       124M       5.7M        27M       3.3G

MemTotal:        4016004 kB
MemFree:          132492 kB
Active:           406548 kB
Mem:          3.8G       3.7G       133M       5.7M        27M       3.2G

MemTotal:        4016004 kB
MemFree:          132408 kB
Active:           405796 kB
Mem:          3.8G       3.7G       129M       5.7M        27M       3.2G

MemTotal:        4016004 kB
MemFree:          131192 kB
Active:           405816 kB
Mem:          3.8G       3.7G       127M       5.7M        27M       3.2G

MemTotal:        4016004 kB
MemFree:          130452 kB
Active:           405812 kB
Mem:          3.8G       3.7G       127M       5.7M        27M       3.3G

MemTotal:        4016004 kB
MemFree:          128752 kB
Active:           405816 kB
Mem:          3.8G       3.7G       125M       5.7M        27M       3.3G

MemTotal:        4016004 kB
MemFree:          119992 kB
Active:           404796 kB
Mem:          3.8G       3.7G       116M       5.7M        27M       3.3G

MemTotal:        4016004 kB
MemFree:          121256 kB
Active:           401220 kB
Mem:          3.8G       3.7G       117M       5.7M        27M       3.3G

MemTotal:        4016004 kB
MemFree:          127752 kB
Active:           397380 kB
Mem:          3.8G       3.7G       124M       5.7M        27M       3.3G

MemTotal:        4016004 kB
MemFree:          139560 kB
Active:           393796 kB
Mem:          3.8G       3.7G       136M       5.7M        27M       3.2G

MemTotal:        4016004 kB
MemFree:          106160 kB
Active:           393680 kB
Mem:          3.8G       3.7G       103M       5.7M        27M       3.3G

MemTotal:        4016004 kB
MemFree:          140044 kB
Active:           391128 kB
Mem:          3.8G       3.7G       136M       5.7M        27M       3.2G

MemTotal:        4016004 kB
MemFree:          119624 kB
Active:           392796 kB
Mem:          3.8G       3.7G       116M       5.7M        27M       3.3G

MemTotal:        4016004 kB
MemFree:          132140 kB
Active:           388472 kB
Mem:          3.8G       3.7G       129M       5.7M        27M       3.2G

MemTotal:        4016004 kB
MemFree:          130828 kB
Active:           388488 kB
Mem:          3.8G       3.7G       127M       5.7M        27M       3.2G

MemTotal:        4016004 kB
MemFree:          130520 kB
Active:           388488 kB
Mem:          3.8G       3.7G       127M       5.7M        27M       3.2G

MemTotal:        4016004 kB
MemFree:          130276 kB
Active:           388492 kB
Mem:          3.8G       3.7G       127M       5.7M        27M       3.2G

MemTotal:        4016004 kB
MemFree:          130936 kB
Active:           388456 kB
Mem:          3.8G       3.7G       127M       5.7M        27M       3.2G

MemTotal:        4016004 kB
MemFree:          140820 kB
Active:           385296 kB
Mem:          3.8G       3.7G       136M       5.7M        27M       3.2G

MemTotal:        4016004 kB
MemFree:          147164 kB
Active:           380176 kB
Mem:          3.8G       3.7G       143M       5.7M        27M       3.2G

MemTotal:        4016004 kB
MemFree:          127448 kB
Active:           377232 kB
Mem:          3.8G       3.7G       123M       5.7M        27M       3.3G

MemTotal:        4016004 kB
MemFree:          132168 kB
Active:           374948 kB
Mem:          3.8G       3.7G       129M       5.7M        27M       3.2G

MemTotal:        4016004 kB
MemFree:          128528 kB
Active:           374436 kB
Mem:          3.8G       3.7G       124M       5.7M        27M       3.3G

MemTotal:        4016004 kB
MemFree:          116032 kB
Active:           373672 kB
Mem:          3.8G       3.7G       113M       5.7M        27M       3.3G

MemTotal:        4016004 kB
MemFree:          130612 kB
Active:           372392 kB
Mem:          3.8G       3.7G       127M       5.7M        27M       3.2G

MemTotal:        4016004 kB
MemFree:          130656 kB
Active:           372412 kB
Mem:          3.8G       3.7G       127M       5.7M        27M       3.2G

MemTotal:        4016004 kB
MemFree:          130372 kB
Active:           372428 kB
Mem:          3.8G       3.7G       127M       5.7M        27M       3.2G

MemTotal:        4016004 kB
MemFree:          127960 kB
Active:           372436 kB
Mem:          3.8G       3.7G       125M       5.7M        27M       3.3G

MemTotal:        4016004 kB
MemFree:          109152 kB
Active:           372440 kB
Mem:          3.8G       3.7G       105M       5.7M        27M       3.3G

MemTotal:        4016004 kB
MemFree:          121640 kB
Active:           369376 kB
Mem:          3.8G       3.7G       118M       5.7M        27M       3.3G

MemTotal:        4016004 kB
MemFree:          109896 kB
Active:           369272 kB
Mem:          3.8G       3.7G       107M       5.7M        27M       3.3G

MemTotal:        4016004 kB
MemFree:          109356 kB
Active:           369272 kB
Mem:          3.8G       3.7G       106M       5.7M        27M       3.3G

MemTotal:        4016004 kB
MemFree:          127752 kB
Active:           369280 kB
Mem:          3.8G       3.7G       124M       5.7M        27M       3.3G

MemTotal:        4016004 kB
MemFree:          132400 kB
Active:           370280 kB
Mem:          3.8G       3.7G       128M       5.7M        27M       3.2G

MemTotal:        4016004 kB
MemFree:          111236 kB
Active:           370216 kB
Mem:          3.8G       3.7G       107M       5.7M        27M       3.3G

MemTotal:        4016004 kB
MemFree:          139332 kB
Active:           370216 kB
Mem:          3.8G       3.7G       135M       5.7M        27M       3.2G

MemTotal:        4016004 kB
MemFree:          105616 kB
Active:           370216 kB
Mem:          3.8G       3.7G       102M       5.7M        27M       3.3G

MemTotal:        4016004 kB
MemFree:          128492 kB
Active:           370092 kB
Mem:          3.8G       3.7G       125M       5.7M        27M       3.2G

MemTotal:        4016004 kB
MemFree:          128620 kB
Active:           370064 kB
Mem:          3.8G       3.7G       125M       5.7M        27M       3.2G

MemTotal:        4016004 kB
MemFree:          125284 kB
Active:           370108 kB
Mem:          3.8G       3.7G       122M       5.7M        27M       3.3G

MemTotal:        4016004 kB
MemFree:          126340 kB
Active:           370084 kB
Mem:          3.8G       3.7G       122M       5.7M        27M       3.3G

MemTotal:        4016004 kB
MemFree:          119412 kB
Active:           370112 kB
Mem:          3.8G       3.7G       116M       5.7M        27M       3.3G

MemTotal:        4016004 kB
MemFree:          123708 kB
Active:           371312 kB
Mem:          3.8G       3.7G       134M       5.7M        27M       3.2G

MemTotal:        4016004 kB
MemFree:          136044 kB
Active:           371300 kB
Mem:          3.8G       3.7G       132M       5.7M        27M       3.2G

MemTotal:        4016004 kB
MemFree:          132184 kB
Active:           371236 kB
Mem:          3.8G       3.7G       129M       5.7M        27M       3.2G

MemTotal:        4016004 kB
MemFree:          122220 kB
Active:           371248 kB
Mem:          3.8G       3.7G       119M       5.7M        27M       3.3G

MemTotal:        4016004 kB
MemFree:          130924 kB
Active:           371272 kB
Mem:          3.8G       3.7G       127M       5.7M        27M       3.2G

MemTotal:        4016004 kB
MemFree:          131668 kB
Active:           370188 kB
Mem:          3.8G       3.7G       128M       5.7M        27M       3.2G

MemTotal:        4016004 kB
MemFree:          109004 kB
Active:           370188 kB
Mem:          3.8G       3.7G       105M       5.7M        27M       3.3G

MemTotal:        4016004 kB
MemFree:          128140 kB
Active:           370192 kB
Mem:          3.8G       3.7G       124M       5.7M        27M       3.2G

MemTotal:        4016004 kB
MemFree:          125076 kB
Active:           370200 kB
Mem:          3.8G       3.7G       122M       5.7M        27M       3.2G

MemTotal:        4016004 kB
MemFree:          124112 kB
Active:           370160 kB
Mem:          3.8G       3.7G       121M       5.7M        27M       3.2G

MemTotal:        4016004 kB
MemFree:          122184 kB
Active:           368228 kB
Mem:          3.8G       3.7G       119M       5.7M        27M       3.3G

MemTotal:        4016004 kB
MemFree:          116780 kB
Active:           368872 kB
Mem:          3.8G       3.7G       113M       5.7M        27M       3.3G

MemTotal:        4016004 kB
MemFree:          116268 kB
Active:           368936 kB
Mem:          3.8G       3.7G       118M       5.7M        27M       3.3G

MemTotal:        4016004 kB
MemFree:          115384 kB
Active:           366268 kB
Mem:          3.8G       3.7G       112M       5.7M        27M       3.3G

MemTotal:        4016004 kB
MemFree:          120848 kB
Active:           366232 kB
Mem:          3.8G       3.7G       116M       5.7M        27M       3.3G

MemTotal:        4016004 kB
MemFree:          128100 kB
Active:           366120 kB
Mem:          3.8G       3.7G       125M       5.7M        27M       3.2G

MemTotal:        4016004 kB
MemFree:          114528 kB
Active:           366124 kB
Mem:          3.8G       3.7G       111M       5.7M        27M       3.3G

MemTotal:        4016004 kB
MemFree:          121724 kB
Active:           366124 kB
Mem:          3.8G       3.7G       118M       5.7M        27M       3.3G

MemTotal:        4016004 kB
MemFree:          124324 kB
Active:           366128 kB
Mem:          3.8G       3.7G       119M       5.7M        27M       3.2G

MemTotal:        4016004 kB
MemFree:          121520 kB
Active:           366136 kB
Mem:          3.8G       3.7G       118M       5.7M        27M       3.2G

MemTotal:        4016004 kB
MemFree:          121012 kB
Active:           364116 kB
Mem:          3.8G       3.7G       118M       5.7M        27M       3.3G

MemTotal:        4016004 kB
MemFree:          121756 kB
Active:           366116 kB
Mem:          3.8G       3.7G       118M       5.7M        27M       3.3G

MemTotal:        4016004 kB
MemFree:          118800 kB
Active:           366140 kB
Mem:          3.8G       3.7G       115M       5.7M        27M       3.3G

MemTotal:        4016004 kB
MemFree:          131140 kB
Active:           363532 kB
Mem:          3.8G       3.7G       127M       5.7M        27M       3.2G

MemTotal:        4016004 kB
MemFree:          136396 kB
Active:           363532 kB
Mem:          3.8G       3.7G       132M       5.7M        27M       3.2G

MemTotal:        4016004 kB
MemFree:          128844 kB
Active:           363536 kB
Mem:          3.8G       3.7G       125M       5.7M        27M       3.2G

MemTotal:        4016004 kB
MemFree:          134632 kB
Active:           359484 kB
Mem:          3.8G       3.7G       131M       5.7M        27M       3.2G

MemTotal:        4016004 kB
MemFree:          111572 kB
Active:           359344 kB
Mem:          3.8G       3.7G       108M       5.7M        27M       3.3G

MemTotal:        4016004 kB
MemFree:          107648 kB
Active:           359348 kB
Mem:          3.8G       3.7G       104M       5.7M        27M       3.3G

MemTotal:        4016004 kB
MemFree:          119144 kB
Active:           359348 kB
Mem:          3.8G       3.7G       126M       5.7M        27M       3.2G

MemTotal:        4016004 kB
MemFree:          141628 kB
Active:           357312 kB
Mem:          3.8G       3.7G       138M       5.7M        27M       3.2G

MemTotal:        4016004 kB
MemFree:          141836 kB
Active:           359328 kB
Mem:          3.8G       3.7G       138M       5.7M        27M       3.2G

MemTotal:        4016004 kB
MemFree:          141340 kB
Active:           359380 kB
Mem:          3.8G       3.7G       137M       5.7M        27M       3.2G

MemTotal:        4016004 kB
MemFree:          132832 kB
Active:           359380 kB
Mem:          3.8G       3.7G       129M       5.7M        27M       3.2G

MemTotal:        4016004 kB
MemFree:          131976 kB
Active:           359380 kB
Mem:          3.8G       3.7G       128M       5.7M        27M       3.2G

MemTotal:        4016004 kB
MemFree:          125580 kB
Active:           357972 kB
Mem:          3.8G       3.7G       122M       5.7M        27M       3.2G

MemTotal:        4016004 kB
MemFree:          132612 kB
Active:           357768 kB
Mem:          3.8G       3.7G       129M       5.7M        27M       3.2G

MemTotal:        4016004 kB
MemFree:          118824 kB
Active:           357772 kB
Mem:          3.8G       3.7G       115M       5.7M        27M       3.3G

MemTotal:        4016004 kB
MemFree:          133040 kB
Active:           357772 kB
Mem:          3.8G       3.7G       129M       5.7M        27M       3.2G

MemTotal:        4016004 kB
MemFree:          120288 kB
Active:           357728 kB
Mem:          3.8G       3.7G       117M       5.7M        27M       3.3G

MemTotal:        4016004 kB
MemFree:          108608 kB
Active:           357756 kB
Mem:          3.8G       3.7G       105M       5.7M        27M       3.3G

MemTotal:        4016004 kB
MemFree:          123808 kB
Active:           357780 kB
Mem:          3.8G       3.7G       120M       5.7M        27M       3.2G

MemTotal:        4016004 kB
MemFree:          129148 kB
Active:           357780 kB
Mem:          3.8G       3.7G       126M       5.7M        27M       3.2G

MemTotal:        4016004 kB
MemFree:          128160 kB
Active:           357808 kB
Mem:          3.8G       3.7G       125M       5.7M        27M       3.2G

MemTotal:        4016004 kB
MemFree:          127388 kB
Active:           357752 kB
Mem:          3.8G       3.7G       123M       5.7M        27M       3.2G

MemTotal:        4016004 kB
MemFree:          126216 kB
Active:           357808 kB
Mem:          3.8G       3.7G       123M       5.7M        27M       3.2G

MemTotal:        4016004 kB
MemFree:          125260 kB
Active:           357808 kB
Mem:          3.8G       3.7G       122M       5.7M        27M       3.2G

MemTotal:        4016004 kB
MemFree:          122948 kB
Active:           353472 kB
Mem:          3.8G       3.7G       119M       5.7M        27M       3.2G

MemTotal:        4016004 kB
MemFree:          123080 kB
Active:           353472 kB
Mem:          3.8G       3.7G       118M       5.7M        27M       3.2G

MemTotal:        4016004 kB
MemFree:          118788 kB
Active:           353472 kB
Mem:          3.8G       3.7G       115M       5.7M        27M       3.3G

MemTotal:        4016004 kB
MemFree:          133436 kB
Active:           353476 kB
Mem:          3.8G       3.7G       129M       5.7M        27M       3.2G

MemTotal:        4016004 kB
MemFree:          146408 kB
Active:           353480 kB
Mem:          3.8G       3.7G       142M       5.7M        27M       3.2G

MemTotal:        4016004 kB
MemFree:          141676 kB
Active:           353336 kB
Mem:          3.8G       3.7G       138M       5.7M        27M       3.2G

MemTotal:        4016004 kB
MemFree:          134664 kB
Active:           353164 kB
Mem:          3.8G       3.7G       131M       5.7M        27M       3.2G

MemTotal:        4016004 kB
MemFree:          107072 kB
Active:           353200 kB
Mem:          3.8G       3.7G       104M       5.7M        27M       3.3G

MemTotal:        4016004 kB
MemFree:          106888 kB
Active:           353188 kB
Mem:          3.8G       3.7G       103M       5.7M        27M       3.3G

MemTotal:        4016004 kB
MemFree:          105960 kB
Active:           353228 kB
Mem:          3.8G       3.7G       103M       5.7M        27M       3.3G

MemTotal:        4016004 kB
MemFree:          105780 kB
Active:           353224 kB
Mem:          3.8G       3.7G       103M       5.7M        27M       3.3G

MemTotal:        4016004 kB
MemFree:          126856 kB
Active:           353188 kB
Mem:          3.8G       3.7G       123M       5.7M        27M       3.2G

MemTotal:        4016004 kB
MemFree:          117572 kB
Active:           353236 kB
Mem:          3.8G       3.7G       114M       5.7M        27M       3.3G

MemTotal:        4016004 kB
MemFree:          120896 kB
Active:           353320 kB
Mem:          3.8G       3.7G       117M       5.7M        27M       3.2G

MemTotal:        4016004 kB
MemFree:          131784 kB
Active:           352980 kB
Mem:          3.8G       3.7G       128M       5.7M        27M       3.2G

MemTotal:        4016004 kB
MemFree:          120192 kB
Active:           350412 kB
Mem:          3.8G       3.7G       116M       5.7M        27M       3.2G

MemTotal:        4016004 kB
MemFree:          135528 kB
Active:           350276 kB
Mem:          3.8G       3.7G       132M       5.7M        27M       3.2G

MemTotal:        4016004 kB
MemFree:          134196 kB
Active:           350276 kB
Mem:          3.8G       3.7G       131M       5.7M        27M       3.2G

MemTotal:        4016004 kB
MemFree:          133024 kB
Active:           350240 kB
Mem:          3.8G       3.7G       136M       5.7M        27M       3.2G

MemTotal:        4016004 kB
MemFree:          136068 kB
Active:           350152 kB
Mem:          3.8G       3.7G       132M       5.7M        27M       3.2G

MemTotal:        4016004 kB
MemFree:          108852 kB
Active:           350176 kB
Mem:          3.8G       3.7G       105M       5.7M        27M       3.3G

MemTotal:        4016004 kB
MemFree:          107456 kB
Active:           350188 kB
Mem:          3.8G       3.7G       104M       5.7M        27M       3.3G

MemTotal:        4016004 kB
MemFree:          105444 kB
Active:           350144 kB
Mem:          3.8G       3.7G       102M       5.7M        27M       3.3G

MemTotal:        4016004 kB
MemFree:          128236 kB
Active:           350192 kB
Mem:          3.8G       3.7G       124M       5.7M        27M       3.2G

MemTotal:        4016004 kB
MemFree:          126216 kB
Active:           350192 kB
Mem:          3.8G       3.7G       122M       5.7M        27M       3.2G

MemTotal:        4016004 kB
MemFree:          126036 kB
Active:           350196 kB
Mem:          3.8G       3.7G       122M       5.7M        27M       3.2G

MemTotal:        4016004 kB
MemFree:          141980 kB
Active:           347132 kB
Mem:          3.8G       3.7G       138M       5.7M        27M       3.2G

MemTotal:        4016004 kB
MemFree:          122980 kB
Active:           347076 kB
Mem:          3.8G       3.7G       119M       5.7M        27M       3.2G

MemTotal:        4016004 kB
MemFree:          129440 kB
Active:           347076 kB
Mem:          3.8G       3.7G       126M       5.7M        27M       3.2G

MemTotal:        4016004 kB
MemFree:          149988 kB
Active:           347076 kB
Mem:          3.8G       3.7G       145M       5.7M        27M       3.2G

MemTotal:        4016004 kB
MemFree:          147056 kB
Active:           347092 kB
Mem:          3.8G       3.7G       143M       5.7M        27M       3.2G

MemTotal:        4016004 kB
MemFree:          147120 kB
Active:           347056 kB
Mem:          3.8G       3.7G       143M       5.7M        27M       3.2G

MemTotal:        4016004 kB
MemFree:          147200 kB
Active:           347048 kB
Mem:          3.8G       3.7G       143M       5.7M        27M       3.2G

MemTotal:        4016004 kB
MemFree:          127724 kB
Active:           347104 kB
Mem:          3.8G       3.7G       124M       5.7M        27M       3.2G

MemTotal:        4016004 kB
MemFree:          124768 kB
Active:           347116 kB
Mem:          3.8G       3.7G       121M       5.7M        27M       3.2G

MemTotal:        4016004 kB
MemFree:          123964 kB
Active:           347120 kB
Mem:          3.8G       3.7G       121M       5.7M        27M       3.2G

MemTotal:        4016004 kB
MemFree:          123680 kB
Active:           347120 kB
Mem:          3.8G       3.7G       120M       5.7M        27M       3.2G

MemTotal:        4016004 kB
MemFree:          145820 kB
Active:           347128 kB
Mem:          3.8G       3.7G       142M       5.7M        27M       3.2G

MemTotal:        4016004 kB
MemFree:          133160 kB
Active:           345424 kB
Mem:          3.8G       3.7G       129M       5.7M        27M       3.2G

MemTotal:        4016004 kB
MemFree:          150884 kB
Active:           345208 kB
Mem:          3.8G       3.7G       146M       5.7M        27M       3.2G

MemTotal:        4016004 kB
MemFree:          105156 kB
Active:           345184 kB
Mem:          3.8G       3.7G       106M       5.7M        27M       3.3G

MemTotal:        4016004 kB
MemFree:          121800 kB
Active:           345184 kB
Mem:          3.8G       3.7G       118M       5.7M        27M       3.2G

MemTotal:        4016004 kB
MemFree:          135904 kB
Active:           345228 kB
Mem:          3.8G       3.7G       132M       5.7M        27M       3.2G

MemTotal:        4016004 kB
MemFree:          130628 kB
Active:           345212 kB
Mem:          3.8G       3.7G       127M       5.7M        27M       3.2G

MemTotal:        4016004 kB
MemFree:          127980 kB
Active:           345192 kB
Mem:          3.8G       3.7G       124M       5.7M        27M       3.2G

MemTotal:        4016004 kB
MemFree:          127268 kB
Active:           345204 kB
Mem:          3.8G       3.7G       124M       5.7M        27M       3.2G

MemTotal:        4016004 kB
MemFree:          127240 kB
Active:           345176 kB
Mem:          3.8G       3.7G       124M       5.7M        27M       3.2G

MemTotal:        4016004 kB
MemFree:          125668 kB
Active:           345176 kB
Mem:          3.8G       3.7G       122M       5.7M        27M       3.2G

MemTotal:        4016004 kB
MemFree:          125004 kB
Active:           345240 kB
Mem:          3.8G       3.7G       121M       5.7M        27M       3.2G

MemTotal:        4016004 kB
MemFree:          128964 kB
Active:           345240 kB
Mem:          3.8G       3.7G       125M       5.7M        27M       3.2G

MemTotal:        4016004 kB
MemFree:          107468 kB
Active:           344996 kB
Mem:          3.8G       3.7G       104M       5.7M        27M       3.3G

MemTotal:        4016004 kB
MemFree:          108040 kB
Active:           344896 kB
Mem:          3.8G       3.7G       105M       5.7M        27M       3.3G

MemTotal:        4016004 kB
MemFree:          107916 kB
Active:           344900 kB
Mem:          3.8G       3.7G       105M       5.7M        27M       3.3G

MemTotal:        4016004 kB
MemFree:          108164 kB
Active:           344888 kB
Mem:          3.8G       3.7G       105M       5.7M        27M       3.3G

MemTotal:        4016004 kB
MemFree:          108164 kB
Active:           344892 kB
Mem:          3.8G       3.7G       105M       5.7M        27M       3.3G

MemTotal:        4016004 kB
MemFree:          108288 kB
Active:           344892 kB
Mem:          3.8G       3.7G       105M       5.7M        27M       3.3G

MemTotal:        4016004 kB
MemFree:          108164 kB
Active:           344900 kB
Mem:          3.8G       3.7G       105M       5.7M        27M       3.3G

MemTotal:        4016004 kB
MemFree:          108040 kB
Active:           344904 kB
Mem:          3.8G       3.7G       105M       5.7M        27M       3.3G

MemTotal:        4016004 kB
MemFree:          107916 kB
Active:           344904 kB
Mem:          3.8G       3.7G       105M       5.7M        27M       3.3G

MemTotal:        4016004 kB
MemFree:          107668 kB
Active:           344896 kB
Mem:          3.8G       3.7G       105M       5.7M        27M       3.3G

MemTotal:        4016004 kB
MemFree:          107916 kB
Active:           344920 kB
Mem:          3.8G       3.7G       105M       5.7M        27M       3.3G

MemTotal:        4016004 kB
MemFree:          107228 kB
Active:           343832 kB
Mem:          3.8G       3.7G       104M       5.7M        27M       3.3G

MemTotal:        4016004 kB
MemFree:          108100 kB
Active:           345792 kB
Mem:          3.8G       3.7G       105M       5.7M        27M       3.3G

MemTotal:        4016004 kB
MemFree:          107976 kB
Active:           345792 kB
Mem:          3.8G       3.7G       105M       5.7M        27M       3.3G

MemTotal:        4016004 kB
MemFree:          108348 kB
Active:           345788 kB
Mem:          3.8G       3.7G       105M       5.7M        27M       3.3G

MemTotal:        4016004 kB
MemFree:          108472 kB
Active:           345740 kB
Mem:          3.8G       3.7G       105M       5.7M        27M       3.3G

MemTotal:        4016004 kB
MemFree:          108272 kB
Active:           345636 kB
Mem:          3.8G       3.7G       105M       5.7M        27M       3.3G

MemTotal:        4016004 kB
MemFree:          107528 kB
Active:           345612 kB
Mem:          3.8G       3.7G       105M       5.7M        27M       3.3G

MemTotal:        4016004 kB
MemFree:          107652 kB
Active:           345636 kB
Mem:          3.8G       3.7G       105M       5.7M        27M       3.3G

MemTotal:        4016004 kB
MemFree:          107652 kB
Active:           345636 kB
Mem:          3.8G       3.7G       105M       5.7M        27M       3.3G

MemTotal:        4016004 kB
MemFree:          107776 kB
Active:           345632 kB
Mem:          3.8G       3.7G       104M       5.7M        27M       3.3G

MemTotal:        4016004 kB
MemFree:          107652 kB
Active:           345632 kB
Mem:          3.8G       3.7G       105M       5.7M        27M       3.3G

MemTotal:        4016004 kB
MemFree:          107776 kB
Active:           345652 kB
Mem:          3.8G       3.7G       105M       5.7M        27M       3.3G

MemTotal:        4016004 kB
MemFree:          108024 kB
Active:           345652 kB
Mem:          3.8G       3.7G       105M       5.7M        27M       3.3G

MemTotal:        4016004 kB
MemFree:          107528 kB
Active:           345656 kB
Mem:          3.8G       3.7G       105M       5.7M        27M       3.3G

MemTotal:        4016004 kB
MemFree:          108148 kB
Active:           345628 kB
Mem:          3.8G       3.7G       105M       5.7M        27M       3.3G

MemTotal:        4016004 kB
MemFree:          108024 kB
Active:           345616 kB
Mem:          3.8G       3.7G       105M       5.7M        27M       3.3G

MemTotal:        4016004 kB
MemFree:          107652 kB
Active:           345628 kB
Mem:          3.8G       3.7G       104M       5.7M        27M       3.3G

MemTotal:        4016004 kB
MemFree:          107300 kB
Active:           345624 kB
Mem:          3.8G       3.7G       104M       5.7M        27M       3.3G

MemTotal:        4016004 kB
MemFree:          107300 kB
Active:           345692 kB
Mem:          3.8G       3.7G       104M       5.7M        27M       3.3G

MemTotal:        4016004 kB
MemFree:          107148 kB
Active:           345696 kB
Mem:          3.8G       3.7G       104M       5.7M        27M       3.3G

MemTotal:        4016004 kB
MemFree:          105480 kB
Active:           345640 kB
Mem:          3.8G       3.7G       103M       5.7M        27M       3.3G

MemTotal:        4016004 kB
MemFree:          105916 kB
Active:           347676 kB
Mem:          3.8G       3.7G       103M       5.7M        27M       3.3G

MemTotal:        4016004 kB
MemFree:          105916 kB
Active:           347668 kB
Mem:          3.8G       3.7G       103M       5.7M        27M       3.3G

MemTotal:        4016004 kB
MemFree:          105420 kB
Active:           347728 kB
Mem:          3.8G       3.7G       102M       5.7M        27M       3.3G

MemTotal:        4016004 kB
MemFree:          105792 kB
Active:           347676 kB
Mem:          3.8G       3.7G       103M       5.7M        27M       3.3G

MemTotal:        4016004 kB
MemFree:          105420 kB
Active:           347728 kB
Mem:          3.8G       3.7G       103M       5.7M        27M       3.3G

MemTotal:        4016004 kB
MemFree:          106040 kB
Active:           347680 kB
Mem:          3.8G       3.7G       103M       5.7M        27M       3.3G

MemTotal:        4016004 kB
MemFree:          106244 kB
Active:           347720 kB
Mem:          3.8G       3.7G       103M       5.7M        27M       3.3G

MemTotal:        4016004 kB
MemFree:          105996 kB
Active:           347724 kB
Mem:          3.8G       3.7G       103M       5.7M        27M       3.3G

MemTotal:        4016004 kB
MemFree:          106120 kB
Active:           347716 kB
Mem:          3.8G       3.7G       103M       5.7M        27M       3.3G

MemTotal:        4016004 kB
MemFree:          105996 kB
Active:           347688 kB
Mem:          3.8G       3.7G       103M       5.7M        27M       3.3G

MemTotal:        4016004 kB
MemFree:          106120 kB
Active:           347728 kB
Mem:          3.8G       3.7G       103M       5.7M        27M       3.3G

MemTotal:        4016004 kB
MemFree:          106136 kB
Active:           347704 kB
Mem:          3.8G       3.7G       103M       5.7M        27M       3.3G

MemTotal:        4016004 kB
MemFree:          105640 kB
Active:           347752 kB
Mem:          3.8G       3.7G       103M       5.7M        27M       3.3G

MemTotal:        4016004 kB
MemFree:          105888 kB
Active:           347728 kB
Mem:          3.8G       3.7G       103M       5.7M        27M       3.3G

MemTotal:        4016004 kB
MemFree:          106012 kB
Active:           347752 kB
Mem:          3.8G       3.7G       103M       5.7M        27M       3.3G

MemTotal:        4016004 kB
MemFree:          105516 kB
Active:           347760 kB
Mem:          3.8G       3.7G       103M       5.7M        27M       3.3G

MemTotal:        4016004 kB
MemFree:          105888 kB
Active:           347756 kB
Mem:          3.8G       3.7G       103M       5.7M        27M       3.3G

MemTotal:        4016004 kB
MemFree:          105764 kB
Active:           347724 kB
Mem:          3.8G       3.7G       103M       5.7M        27M       3.3G

MemTotal:        4016004 kB
MemFree:          105888 kB
Active:           347764 kB
Mem:          3.8G       3.7G       103M       5.7M        27M       3.3G

MemTotal:        4016004 kB
MemFree:          105888 kB
Active:           347732 kB
Mem:          3.8G       3.7G       103M       5.7M        27M       3.3G

MemTotal:        4016004 kB
MemFree:          106012 kB
Active:           347760 kB
Mem:          3.8G       3.7G       103M       5.7M        27M       3.3G

MemTotal:        4016004 kB
MemFree:          106012 kB
Active:           347736 kB
Mem:          3.8G       3.7G       103M       5.7M        27M       3.3G

MemTotal:        4016004 kB
MemFree:          106012 kB
Active:           347760 kB
Mem:          3.8G       3.7G       103M       5.7M        27M       3.3G

MemTotal:        4016004 kB
MemFree:          106012 kB
Active:           347736 kB
Mem:          3.8G       3.7G       103M       5.7M        27M       3.3G

MemTotal:        4016004 kB
MemFree:          106012 kB
Active:           347724 kB
Mem:          3.8G       3.7G       103M       5.7M        27M       3.3G

MemTotal:        4016004 kB
MemFree:          105888 kB
Active:           347792 kB
Mem:          3.8G       3.7G       103M       5.7M        27M       3.3G

MemTotal:        4016004 kB
MemFree:          105888 kB
Active:           347768 kB
Mem:          3.8G       3.7G       103M       5.7M        27M       3.3G

MemTotal:        4016004 kB
MemFree:          105888 kB
Active:           347764 kB
Mem:          3.8G       3.7G       103M       5.7M        27M       3.3G

MemTotal:        4016004 kB
MemFree:          105888 kB
Active:           347748 kB
Mem:          3.8G       3.7G       103M       5.7M        27M       3.3G

MemTotal:        4016004 kB
MemFree:          105516 kB
Active:           347804 kB
Mem:          3.8G       3.7G       103M       5.7M        27M       3.3G

MemTotal:        4016004 kB
MemFree:          105764 kB
Active:           347756 kB
Mem:          3.8G       3.7G       103M       5.7M        27M       3.3G

MemTotal:        4016004 kB
MemFree:          106012 kB
Active:           347784 kB
Mem:          3.8G       3.7G       103M       5.7M        27M       3.3G

MemTotal:        4016004 kB
MemFree:          106012 kB
Active:           347756 kB
Mem:          3.8G       3.7G       103M       5.7M        27M       3.3G

MemTotal:        4016004 kB
MemFree:          105888 kB
Active:           347784 kB
Mem:          3.8G       3.7G       103M       5.7M        27M       3.3G

MemTotal:        4016004 kB
MemFree:          105888 kB
Active:           347760 kB
Mem:          3.8G       3.7G       103M       5.7M        27M       3.3G

MemTotal:        4016004 kB
MemFree:          106012 kB
Active:           347784 kB
Mem:          3.8G       3.7G       103M       5.7M        27M       3.3G

MemTotal:        4016004 kB
MemFree:          106012 kB
Active:           347796 kB
Mem:          3.8G       3.7G       103M       5.7M        27M       3.3G

MemTotal:        4016004 kB
MemFree:          106136 kB
Active:           347764 kB
Mem:          3.8G       3.7G       103M       5.7M        27M       3.3G

MemTotal:        4016004 kB
MemFree:          106136 kB
Active:           347760 kB
Mem:          3.8G       3.7G       103M       5.7M        27M       3.3G

MemTotal:        4016004 kB
MemFree:          105764 kB
Active:           347812 kB
Mem:          3.8G       3.7G       103M       5.7M        27M       3.3G

MemTotal:        4016004 kB
MemFree:          106136 kB
Active:           347808 kB
Mem:          3.8G       3.7G       103M       5.7M        27M       3.3G

MemTotal:        4016004 kB
MemFree:          105888 kB
Active:           347800 kB
Mem:          3.8G       3.7G       103M       5.7M        27M       3.3G

MemTotal:        4016004 kB
MemFree:          106012 kB
Active:           347764 kB
Mem:          3.8G       3.7G       103M       5.7M        27M       3.3G

MemTotal:        4016004 kB
MemFree:          106012 kB
Active:           347800 kB
Mem:          3.8G       3.7G       103M       5.7M        27M       3.3G

MemTotal:        4016004 kB
MemFree:          105888 kB
Active:           347784 kB
Mem:          3.8G       3.7G       103M       5.7M        27M       3.3G

MemTotal:        4016004 kB
MemFree:          105764 kB
Active:           347812 kB
Mem:          3.8G       3.7G       103M       5.7M        27M       3.3G

MemTotal:        4016004 kB
MemFree:          105888 kB
Active:           347804 kB
Mem:          3.8G       3.7G       103M       5.7M        27M       3.3G

MemTotal:        4016004 kB
MemFree:          105516 kB
Active:           347824 kB
Mem:          3.8G       3.7G       103M       5.7M        27M       3.3G

MemTotal:        4016004 kB
MemFree:          106012 kB
Active:           347804 kB
Mem:          3.8G       3.7G       103M       5.7M        27M       3.3G

MemTotal:        4016004 kB
MemFree:          105764 kB
Active:           347784 kB
Mem:          3.8G       3.7G       103M       5.7M        27M       3.3G

MemTotal:        4016004 kB
MemFree:          105888 kB
Active:           347776 kB
Mem:          3.8G       3.7G       103M       5.7M        27M       3.3G

MemTotal:        4016004 kB
MemFree:          105888 kB
Active:           347816 kB
Mem:          3.8G       3.7G       103M       5.7M        27M       3.3G

MemTotal:        4016004 kB
MemFree:          105904 kB
Active:           347828 kB
Mem:          3.8G       3.7G       103M       5.7M        27M       3.3G

MemTotal:        4016004 kB
MemFree:          105656 kB
Active:           347828 kB
Mem:          3.8G       3.7G       103M       5.7M        27M       3.3G

MemTotal:        4016004 kB
MemFree:          105532 kB
Active:           347828 kB
Mem:          3.8G       3.7G       103M       5.7M        27M       3.3G

MemTotal:        4016004 kB
MemFree:          105780 kB
Active:           347804 kB
Mem:          3.8G       3.7G       103M       5.7M        27M       3.3G

MemTotal:        4016004 kB
MemFree:          105780 kB
Active:           347780 kB
Mem:          3.8G       3.7G       103M       5.7M        27M       3.3G

MemTotal:        4016004 kB
MemFree:          105408 kB
Active:           347832 kB
Mem:          3.8G       3.7G       103M       5.7M        27M       3.3G

MemTotal:        4016004 kB
MemFree:          105904 kB
Active:           347832 kB
Mem:          3.8G       3.7G       103M       5.7M        27M       3.3G

MemTotal:        4016004 kB
MemFree:          106028 kB
Active:           347800 kB
Mem:          3.8G       3.7G       103M       5.7M        27M       3.3G

MemTotal:        4016004 kB
MemFree:          106028 kB
Active:           347792 kB
Mem:          3.8G       3.7G       103M       5.7M        27M       3.3G

MemTotal:        4016004 kB
MemFree:          105656 kB
Active:           347836 kB
Mem:          3.8G       3.7G       103M       5.7M        27M       3.3G

MemTotal:        4016004 kB
MemFree:          105904 kB
Active:           347804 kB
Mem:          3.8G       3.7G       103M       5.7M        27M       3.3G

MemTotal:        4016004 kB
MemFree:          106276 kB
Active:           347812 kB
Mem:          3.8G       3.7G       103M       5.7M        27M       3.3G

MemTotal:        4016004 kB
MemFree:          106276 kB
Active:           347780 kB
Mem:          3.8G       3.7G       103M       5.7M        27M       3.3G

MemTotal:        4016004 kB
MemFree:          105904 kB
Active:           347804 kB
Mem:          3.8G       3.7G       103M       5.7M        27M       3.3G

MemTotal:        4016004 kB
MemFree:          105920 kB
Active:           347812 kB
Mem:          3.8G       3.7G       103M       5.7M        27M       3.3G

MemTotal:        4016004 kB
MemFree:          105920 kB
Active:           347792 kB
Mem:          3.8G       3.7G       103M       5.7M        27M       3.3G

MemTotal:        4016004 kB
MemFree:          106044 kB
Active:           347812 kB
Mem:          3.8G       3.7G       103M       5.7M        27M       3.3G

MemTotal:        4016004 kB
MemFree:          105672 kB
Active:           347832 kB
Mem:          3.8G       3.7G       103M       5.7M        27M       3.3G

MemTotal:        4016004 kB
MemFree:          105796 kB
Active:           347800 kB
Mem:          3.8G       3.7G       103M       5.7M        27M       3.3G

MemTotal:        4016004 kB
MemFree:          105796 kB
Active:           347832 kB
Mem:          3.8G       3.7G       103M       5.7M        27M       3.3G

MemTotal:        4016004 kB
MemFree:          105796 kB
Active:           347796 kB
Mem:          3.8G       3.7G       103M       5.7M        27M       3.3G

MemTotal:        4016004 kB
MemFree:          105796 kB
Active:           347816 kB
Mem:          3.8G       3.7G       102M       5.7M        27M       3.3G

MemTotal:        4016004 kB
MemFree:          105920 kB
Active:           347808 kB
Mem:          3.8G       3.7G       103M       5.7M        27M       3.3G

MemTotal:        4016004 kB
MemFree:          105920 kB
Active:           347840 kB
Mem:          3.8G       3.7G       103M       5.7M        27M       3.3G

MemTotal:        4016004 kB
MemFree:          106028 kB
Active:           347860 kB
Mem:          3.8G       3.7G       103M       5.7M        27M       3.3G

MemTotal:        4016004 kB
MemFree:          105888 kB
Active:           347828 kB
Mem:          3.8G       3.7G       103M       5.7M        27M       3.3G

MemTotal:        4016004 kB
MemFree:          105888 kB
Active:           347844 kB
Mem:          3.8G       3.7G       103M       5.7M        27M       3.3G

MemTotal:        4016004 kB
MemFree:          105996 kB
Active:           347860 kB
Mem:          3.8G       3.7G       103M       5.7M        27M       3.3G

MemTotal:        4016004 kB
MemFree:          105780 kB
Active:           347964 kB
Mem:          3.8G       3.7G       103M       5.7M        27M       3.3G

MemTotal:        4016004 kB
MemFree:          105764 kB
Active:           347964 kB
Mem:          3.8G       3.7G       103M       5.7M        27M       3.3G

MemTotal:        4016004 kB
MemFree:          105516 kB
Active:           347872 kB
Mem:          3.8G       3.7G       103M       5.7M        27M       3.3G

MemTotal:        4016004 kB
MemFree:          105624 kB
Active:           347708 kB
Mem:          3.8G       3.7G       103M       5.7M        27M       3.3G

MemTotal:        4016004 kB
MemFree:          105624 kB
Active:           347728 kB
Mem:          3.8G       3.7G       103M       5.7M        27M       3.3G

MemTotal:        4016004 kB
MemFree:          105656 kB
Active:           347916 kB
Mem:          3.8G       3.7G       103M       5.7M        27M       3.3G

MemTotal:        4016004 kB
MemFree:          106044 kB
Active:           347836 kB
Mem:          3.8G       3.7G       103M       5.7M        27M       3.3G

MemTotal:        4016004 kB
MemFree:          105920 kB
Active:           347864 kB
Mem:          3.8G       3.7G       103M       5.7M        27M       3.3G

MemTotal:        4016004 kB
MemFree:          105920 kB
Active:           347872 kB
Mem:          3.8G       3.7G       103M       5.7M        27M       3.3G

MemTotal:        4016004 kB
MemFree:          103360 kB
Active:           347888 kB
Mem:          3.8G       3.7G       100M       5.7M        27M       3.3G

MemTotal:        4016004 kB
MemFree:          103748 kB
Active:           349920 kB
Mem:          3.8G       3.7G       101M       5.7M        27M       3.3G

MemTotal:        4016004 kB
MemFree:          103708 kB
Active:           349900 kB
Mem:          3.8G       3.7G       101M       5.7M        27M       3.3G

MemTotal:        4016004 kB
MemFree:          103352 kB
Active:           349984 kB
Mem:          3.8G       3.7G       101M       5.7M        27M       3.3G

MemTotal:        4016004 kB
MemFree:          103492 kB
Active:           349944 kB
Mem:          3.8G       3.7G       101M       5.7M        27M       3.3G

MemTotal:        4016004 kB
MemFree:          103832 kB
Active:           349776 kB
Mem:          3.8G       3.7G       101M       5.7M        27M       3.3G

MemTotal:        4016004 kB
MemFree:          103724 kB
Active:           350084 kB
Mem:          3.8G       3.7G       101M       5.7M        27M       3.3G

MemTotal:        4016004 kB
MemFree:          103600 kB
Active:           350016 kB
Mem:          3.8G       3.7G       101M       5.7M        27M       3.3G

MemTotal:        4016004 kB
MemFree:          103632 kB
Active:           349944 kB
Mem:          3.8G       3.7G       101M       5.7M        27M       3.3G

MemTotal:        4016004 kB
MemFree:          103740 kB
Active:           349836 kB
Mem:          3.8G       3.7G       101M       5.7M        27M       3.3G

MemTotal:        4016004 kB
MemFree:          101412 kB
Active:           349972 kB
Mem:          3.8G       3.7G        99M       5.7M        27M       3.3G

MemTotal:        4016004 kB
MemFree:          101800 kB
Active:           351956 kB
Mem:          3.8G       3.7G        99M       5.7M        27M       3.3G

MemTotal:        4016004 kB
MemFree:          101536 kB
Active:           352128 kB
Mem:          3.8G       3.7G        99M       5.7M        27M       3.3G

MemTotal:        4016004 kB
MemFree:          101692 kB
Active:           351984 kB
Mem:          3.8G       3.7G        99M       5.7M        27M       3.3G

MemTotal:        4016004 kB
MemFree:          101444 kB
Active:           352000 kB
Mem:          3.8G       3.7G        99M       5.7M        27M       3.3G

MemTotal:        4016004 kB
MemFree:          101800 kB
Active:           351980 kB
Mem:          3.8G       3.7G        99M       5.7M        27M       3.3G

MemTotal:        4016004 kB
MemFree:          101428 kB
Active:           352132 kB
Mem:          3.8G       3.7G        99M       5.7M        27M       3.3G

MemTotal:        4016004 kB
MemFree:          101832 kB
Active:           351988 kB
Mem:          3.8G       3.7G        99M       5.7M        27M       3.3G

MemTotal:        4016004 kB
MemFree:          101832 kB
Active:           351956 kB
Mem:          3.8G       3.7G        99M       5.7M        27M       3.3G

MemTotal:        4016004 kB
MemFree:          101832 kB
Active:           351988 kB
Mem:          3.8G       3.7G        99M       5.7M        27M       3.3G

MemTotal:        4016004 kB
MemFree:          101832 kB
Active:           351976 kB
Mem:          3.8G       3.7G        99M       5.7M        27M       3.3G

MemTotal:        4016004 kB
MemFree:          101832 kB
Active:           351964 kB
Mem:          3.8G       3.7G        99M       5.7M        27M       3.3G

MemTotal:        4016004 kB
MemFree:          101956 kB
Active:           352000 kB
Mem:          3.8G       3.7G        99M       5.7M        27M       3.3G

MemTotal:        4016004 kB
MemFree:          101568 kB
Active:           352012 kB
Mem:          3.8G       3.7G        99M       5.7M        28M       3.3G

MemTotal:        4016004 kB
MemFree:          101428 kB
Active:           352096 kB
Mem:          3.8G       3.7G        99M       5.7M        28M       3.3G

MemTotal:        4016004 kB
MemFree:          101832 kB
Active:           351988 kB
Mem:          3.8G       3.7G        99M       5.7M        28M       3.3G

MemTotal:        4016004 kB
MemFree:          101832 kB
Active:           351980 kB
Mem:          3.8G       3.7G        99M       5.7M        28M       3.3G

MemTotal:        4016004 kB
MemFree:          101320 kB
Active:           352020 kB
Mem:          3.8G       3.7G        99M       5.7M        28M       3.3G

MemTotal:        4016004 kB
MemFree:          101552 kB
Active:           352152 kB
Mem:          3.8G       3.7G        99M       5.7M        28M       3.3G

MemTotal:        4016004 kB
MemFree:          101956 kB
Active:           351996 kB
Mem:          3.8G       3.7G        99M       5.7M        28M       3.3G

MemTotal:        4016004 kB
MemFree:          101568 kB
Active:           352024 kB
Mem:          3.8G       3.7G        99M       5.7M        28M       3.3G

MemTotal:        4016004 kB
MemFree:          101536 kB
Active:           351904 kB
Mem:          3.8G       3.7G        99M       5.7M        28M       3.3G

MemTotal:        4016004 kB
MemFree:          101660 kB
Active:           351968 kB
Mem:          3.8G       3.7G        99M       5.7M        28M       3.3G

MemTotal:        4016004 kB
MemFree:          101708 kB
Active:           352036 kB
Mem:          3.8G       3.7G        99M       5.7M        28M       3.3G

MemTotal:        4016004 kB
MemFree:          101708 kB
Active:           352016 kB
Mem:          3.8G       3.7G        99M       5.7M        28M       3.3G

MemTotal:        4016004 kB
MemFree:          101212 kB
Active:           352040 kB
Mem:          3.8G       3.7G        98M       5.7M        28M       3.3G

MemTotal:        4016004 kB
MemFree:          101832 kB
Active:           352012 kB
Mem:          3.8G       3.7G        99M       5.7M        28M       3.3G

MemTotal:        4016004 kB
MemFree:          101708 kB
Active:           351988 kB
Mem:          3.8G       3.7G        99M       5.7M        28M       3.3G

MemTotal:        4016004 kB
MemFree:          101708 kB
Active:           352040 kB
Mem:          3.8G       3.7G        99M       5.7M        28M       3.3G

MemTotal:        4016004 kB
MemFree:          101336 kB
Active:           352052 kB
Mem:          3.8G       3.7G        99M       5.7M        28M       3.3G

MemTotal:        4016004 kB
MemFree:          101708 kB
Active:           352032 kB
Mem:          3.8G       3.7G        99M       5.7M        28M       3.3G

MemTotal:        4016004 kB
MemFree:          101584 kB
Active:           352012 kB
Mem:          3.8G       3.7G        99M       5.7M        28M       3.3G

MemTotal:        4016004 kB
MemFree:          101708 kB
Active:           352036 kB
Mem:          3.8G       3.7G        99M       5.7M        28M       3.3G

MemTotal:        4016004 kB
MemFree:          101708 kB
Active:           352060 kB
Mem:          3.8G       3.7G        99M       5.7M        28M       3.3G

MemTotal:        4016004 kB
MemFree:          101708 kB
Active:           352032 kB
Mem:          3.8G       3.7G        99M       5.7M        28M       3.3G

MemTotal:        4016004 kB
MemFree:          101584 kB
Active:           352012 kB
Mem:          3.8G       3.7G        98M       5.7M        28M       3.3G

MemTotal:        4016004 kB
MemFree:          101460 kB
Active:           352064 kB
Mem:          3.8G       3.7G        99M       5.7M        28M       3.3G

MemTotal:        4016004 kB
MemFree:          101584 kB
Active:           352044 kB
Mem:          3.8G       3.7G        98M       5.7M        28M       3.3G

MemTotal:        4016004 kB
MemFree:          101088 kB
Active:           352072 kB
Mem:          3.8G       3.7G        99M       5.7M        28M       3.3G

MemTotal:        4016004 kB
MemFree:          101708 kB
Active:           352056 kB
Mem:          3.8G       3.7G        99M       5.7M        28M       3.3G

MemTotal:        4016004 kB
MemFree:          101584 kB
Active:           352040 kB
Mem:          3.8G       3.7G        99M       5.7M        28M       3.3G

MemTotal:        4016004 kB
MemFree:          101708 kB
Active:           352072 kB
Mem:          3.8G       3.7G        99M       5.7M        28M       3.3G

MemTotal:        4016004 kB
MemFree:          101228 kB
Active:           352084 kB
Mem:          3.8G       3.7G        99M       5.7M        28M       3.3G

MemTotal:        4016004 kB
MemFree:          101228 kB
Active:           352088 kB
Mem:          3.8G       3.7G        99M       5.7M        28M       3.3G

MemTotal:        4016004 kB
MemFree:          101724 kB
Active:           352088 kB
Mem:          3.8G       3.7G        99M       5.7M        28M       3.3G

MemTotal:        4016004 kB
MemFree:          101600 kB
Active:           352048 kB
Mem:          3.8G       3.7G        99M       5.7M        28M       3.3G

MemTotal:        4016004 kB
MemFree:          101352 kB
Active:           352096 kB
Mem:          3.8G       3.7G        99M       5.7M        28M       3.3G

MemTotal:        4016004 kB
MemFree:          101724 kB
Active:           352048 kB
Mem:          3.8G       3.7G        99M       5.7M        28M       3.3G

MemTotal:        4016004 kB
MemFree:          101600 kB
Active:           352064 kB
Mem:          3.8G       3.7G        99M       5.7M        28M       3.3G

MemTotal:        4016004 kB
MemFree:          101600 kB
Active:           352080 kB
Mem:          3.8G       3.7G        99M       5.7M        28M       3.3G

MemTotal:        4016004 kB
MemFree:          101600 kB
Active:           352084 kB
Mem:          3.8G       3.7G        99M       5.7M        28M       3.3G

MemTotal:        4016004 kB
MemFree:          101724 kB
Active:           352068 kB
Mem:          3.8G       3.7G        99M       5.7M        28M       3.3G

MemTotal:        4016004 kB
MemFree:          101352 kB
Active:           352100 kB
Mem:          3.8G       3.7G        99M       5.7M        28M       3.3G

MemTotal:        4016004 kB
MemFree:          101600 kB
Active:           352132 kB
Mem:          3.8G       3.7G        99M       5.7M        28M       3.3G

MemTotal:        4016004 kB
MemFree:          101724 kB
Active:           352084 kB
Mem:          3.8G       3.7G        99M       5.7M        28M       3.3G

MemTotal:        4016004 kB
MemFree:          101600 kB
Active:           352120 kB
Mem:          3.8G       3.7G        99M       5.7M        28M       3.3G

MemTotal:        4016004 kB
MemFree:          101708 kB
Active:           352152 kB
Mem:          3.8G       3.7G        99M       5.7M        28M       3.3G

MemTotal:        4016004 kB
MemFree:          101708 kB
Active:           352184 kB
Mem:          3.8G       3.7G        99M       5.7M        28M       3.3G

