MemTotal:        4016004 kB
MemFree:         3236036 kB
Active:           424772 kB
Mem:          3.8G       762M       3.1G       5.7M        52M       322M

MemTotal:        4016004 kB
MemFree:         3235524 kB
Active:           425156 kB
Mem:          3.8G       762M       3.1G       5.7M        52M       322M

MemTotal:        4016004 kB
MemFree:         3234996 kB
Active:           425264 kB
Mem:          3.8G       762M       3.1G       5.7M        52M       322M

MemTotal:        4016004 kB
MemFree:         3234716 kB
Active:           425268 kB
Mem:          3.8G       763M       3.1G       5.7M        52M       322M

MemTotal:        4016004 kB
MemFree:         3234344 kB
Active:           425316 kB
Mem:          3.8G       763M       3.1G       5.7M        52M       322M

MemTotal:        4016004 kB
MemFree:         3234576 kB
Active:           425260 kB
Mem:          3.8G       763M       3.1G       5.7M        52M       322M

MemTotal:        4016004 kB
MemFree:         3234808 kB
Active:           425276 kB
Mem:          3.8G       762M       3.1G       5.7M        52M       322M

MemTotal:        4016004 kB
MemFree:         3235056 kB
Active:           425300 kB
Mem:          3.8G       762M       3.1G       5.7M        52M       322M

MemTotal:        4016004 kB
MemFree:         3235056 kB
Active:           425268 kB
Mem:          3.8G       763M       3.1G       5.7M        52M       322M

MemTotal:        4016004 kB
MemFree:         3234808 kB
Active:           425272 kB
Mem:          3.8G       762M       3.1G       5.7M        52M       322M

MemTotal:        4016004 kB
MemFree:         3235056 kB
Active:           425296 kB
Mem:          3.8G       762M       3.1G       5.7M        52M       322M

MemTotal:        4016004 kB
MemFree:         3235056 kB
Active:           425280 kB
Mem:          3.8G       762M       3.1G       5.7M        52M       322M

MemTotal:        4016004 kB
MemFree:         3235288 kB
Active:           425272 kB
Mem:          3.8G       762M       3.1G       5.7M        52M       322M

MemTotal:        4016004 kB
MemFree:         3234916 kB
Active:           425272 kB
Mem:          3.8G       762M       3.1G       5.7M        52M       322M

MemTotal:        4016004 kB
MemFree:         3234948 kB
Active:           425304 kB
Mem:          3.8G       762M       3.1G       5.7M        52M       322M

MemTotal:        4016004 kB
MemFree:         3235196 kB
Active:           425308 kB
Mem:          3.8G       762M       3.1G       5.7M        52M       322M

MemTotal:        4016004 kB
MemFree:         3234856 kB
Active:           425304 kB
Mem:          3.8G       762M       3.1G       5.7M        52M       322M

MemTotal:        4016004 kB
MemFree:         3234856 kB
Active:           425276 kB
Mem:          3.8G       762M       3.1G       5.7M        52M       322M

MemTotal:        4016004 kB
MemFree:         3234856 kB
Active:           425296 kB
Mem:          3.8G       762M       3.1G       5.7M        52M       322M

MemTotal:        4016004 kB
MemFree:         3234980 kB
Active:           425316 kB
Mem:          3.8G       762M       3.1G       5.7M        52M       322M

MemTotal:        4016004 kB
MemFree:         3234856 kB
Active:           425316 kB
Mem:          3.8G       763M       3.1G       5.7M        52M       322M

MemTotal:        4016004 kB
MemFree:         3234932 kB
Active:           425280 kB
Mem:          3.8G       762M       3.1G       5.7M        52M       322M

MemTotal:        4016004 kB
MemFree:         3234236 kB
Active:           425328 kB
Mem:          3.8G       763M       3.1G       5.7M        52M       322M

MemTotal:        4016004 kB
MemFree:         3233180 kB
Active:           425284 kB
Mem:          3.8G       764M       3.1G       5.7M        52M       322M

MemTotal:        4016004 kB
MemFree:         3233180 kB
Active:           427332 kB
Mem:          3.8G       764M       3.1G       5.7M        52M       322M

MemTotal:        4016004 kB
MemFree:         3233180 kB
Active:           427340 kB
Mem:          3.8G       764M       3.1G       5.7M        52M       322M

MemTotal:        4016004 kB
MemFree:         3233288 kB
Active:           427324 kB
Mem:          3.8G       764M       3.1G       5.7M        52M       322M

MemTotal:        4016004 kB
MemFree:         3233024 kB
Active:           427308 kB
Mem:          3.8G       764M       3.1G       5.7M        52M       322M

MemTotal:        4016004 kB
MemFree:         3232900 kB
Active:           427332 kB
Mem:          3.8G       764M       3.1G       5.7M        52M       322M

MemTotal:        4016004 kB
MemFree:         3233024 kB
Active:           427328 kB
Mem:          3.8G       764M       3.1G       5.7M        52M       322M

MemTotal:        4016004 kB
MemFree:         3233024 kB
Active:           427300 kB
Mem:          3.8G       764M       3.1G       5.7M        52M       322M

MemTotal:        4016004 kB
MemFree:         3233024 kB
Active:           427316 kB
Mem:          3.8G       764M       3.1G       5.7M        52M       322M

MemTotal:        4016004 kB
MemFree:         3233148 kB
Active:           427336 kB
Mem:          3.8G       764M       3.1G       5.7M        52M       322M

MemTotal:        4016004 kB
MemFree:         3230852 kB
Active:           427304 kB
Mem:          3.8G       766M       3.1G       5.7M        52M       322M

MemTotal:        4016004 kB
MemFree:         3230604 kB
Active:           429392 kB
Mem:          3.8G       766M       3.1G       5.7M        52M       322M

MemTotal:        4016004 kB
MemFree:         3231100 kB
Active:           429388 kB
Mem:          3.8G       766M       3.1G       5.7M        52M       322M

MemTotal:        4016004 kB
MemFree:         3230960 kB
Active:           429384 kB
Mem:          3.8G       766M       3.1G       5.7M        52M       322M

MemTotal:        4016004 kB
MemFree:         3230820 kB
Active:           429364 kB
Mem:          3.8G       766M       3.1G       5.7M        52M       322M

MemTotal:        4016004 kB
MemFree:         3230804 kB
Active:           429336 kB
Mem:          3.8G       766M       3.1G       5.7M        52M       322M

MemTotal:        4016004 kB
MemFree:         3230836 kB
Active:           429388 kB
Mem:          3.8G       766M       3.1G       5.7M        52M       322M

MemTotal:        4016004 kB
MemFree:         3230960 kB
Active:           429360 kB
Mem:          3.8G       766M       3.1G       5.7M        52M       322M

MemTotal:        4016004 kB
MemFree:         3230836 kB
Active:           429404 kB
Mem:          3.8G       766M       3.1G       5.7M        52M       322M

MemTotal:        4016004 kB
MemFree:         3230960 kB
Active:           429408 kB
Mem:          3.8G       766M       3.1G       5.7M        52M       322M

MemTotal:        4016004 kB
MemFree:         3230836 kB
Active:           429400 kB
Mem:          3.8G       766M       3.1G       5.7M        52M       322M

MemTotal:        4016004 kB
MemFree:         3230960 kB
Active:           429376 kB
Mem:          3.8G       766M       3.1G       5.7M        52M       322M

MemTotal:        4016004 kB
MemFree:         3231084 kB
Active:           429408 kB
Mem:          3.8G       766M       3.1G       5.7M        52M       322M

MemTotal:        4016004 kB
MemFree:         3230712 kB
Active:           429416 kB
Mem:          3.8G       766M       3.1G       5.7M        52M       322M

MemTotal:        4016004 kB
MemFree:         3230960 kB
Active:           429380 kB
Mem:          3.8G       766M       3.1G       5.7M        52M       322M

MemTotal:        4016004 kB
MemFree:         3231084 kB
Active:           429404 kB
Mem:          3.8G       766M       3.1G       5.7M        52M       322M

MemTotal:        4016004 kB
MemFree:         3230588 kB
Active:           429424 kB
Mem:          3.8G       766M       3.1G       5.7M        52M       322M

MemTotal:        4016004 kB
MemFree:         3230960 kB
Active:           429412 kB
Mem:          3.8G       766M       3.1G       5.7M        52M       322M

MemTotal:        4016004 kB
MemFree:         3230928 kB
Active:           429376 kB
Mem:          3.8G       766M       3.1G       5.7M        52M       322M

MemTotal:        4016004 kB
MemFree:         3231160 kB
Active:           429392 kB
Mem:          3.8G       766M       3.1G       5.7M        52M       322M

MemTotal:        4016004 kB
MemFree:         3231128 kB
Active:           427388 kB
Mem:          3.8G       766M       3.1G       5.7M        52M       322M

MemTotal:        4016004 kB
MemFree:         3230880 kB
Active:           429416 kB
Mem:          3.8G       766M       3.1G       5.7M        52M       322M

MemTotal:        4016004 kB
MemFree:         3230880 kB
Active:           429408 kB
Mem:          3.8G       766M       3.1G       5.7M        52M       322M

MemTotal:        4016004 kB
MemFree:         3230880 kB
Active:           429428 kB
Mem:          3.8G       766M       3.1G       5.7M        52M       322M

MemTotal:        4016004 kB
MemFree:         3231004 kB
Active:           429412 kB
Mem:          3.8G       766M       3.1G       5.7M        52M       322M

MemTotal:        4016004 kB
MemFree:         3230880 kB
Active:           429456 kB
Mem:          3.8G       766M       3.1G       5.7M        52M       322M

MemTotal:        4016004 kB
MemFree:         3230260 kB
Active:           429456 kB
Mem:          3.8G       767M       3.1G       5.7M        52M       322M

MemTotal:        4016004 kB
MemFree:         3230012 kB
Active:           429456 kB
Mem:          3.8G       767M       3.1G       5.7M        52M       322M

MemTotal:        4016004 kB
MemFree:         3230136 kB
Active:           429440 kB
Mem:          3.8G       767M       3.1G       5.7M        52M       322M

MemTotal:        4016004 kB
MemFree:         3230368 kB
Active:           429456 kB
Mem:          3.8G       766M       3.1G       5.7M        52M       322M

MemTotal:        4016004 kB
MemFree:         3230656 kB
Active:           427356 kB
Mem:          3.8G       767M       3.1G       5.7M        52M       322M

MemTotal:        4016004 kB
MemFree:         3230532 kB
Active:           429432 kB
Mem:          3.8G       767M       3.1G       5.7M        52M       322M

MemTotal:        4016004 kB
MemFree:         3230564 kB
Active:           429448 kB
Mem:          3.8G       767M       3.1G       5.7M        52M       322M

MemTotal:        4016004 kB
MemFree:         3230688 kB
Active:           429424 kB
Mem:          3.8G       767M       3.1G       5.7M        52M       322M

MemTotal:        4016004 kB
MemFree:         3230564 kB
Active:           429428 kB
Mem:          3.8G       767M       3.1G       5.7M        52M       322M

MemTotal:        4016004 kB
MemFree:         3230440 kB
Active:           429440 kB
Mem:          3.8G       767M       3.1G       5.7M        52M       322M

MemTotal:        4016004 kB
MemFree:         3230564 kB
Active:           429444 kB
Mem:          3.8G       767M       3.1G       5.7M        52M       322M

MemTotal:        4016004 kB
MemFree:         3230564 kB
Active:           429432 kB
Mem:          3.8G       767M       3.1G       5.7M        52M       322M

MemTotal:        4016004 kB
MemFree:         3230564 kB
Active:           429452 kB
Mem:          3.8G       767M       3.1G       5.7M        52M       322M

MemTotal:        4016004 kB
MemFree:         3230688 kB
Active:           429428 kB
Mem:          3.8G       766M       3.1G       5.7M        52M       322M

MemTotal:        4016004 kB
MemFree:         3230688 kB
Active:           429448 kB
Mem:          3.8G       766M       3.1G       5.7M        52M       322M

MemTotal:        4016004 kB
MemFree:         3231124 kB
Active:           429408 kB
Mem:          3.8G       766M       3.1G       5.7M        52M       322M

MemTotal:        4016004 kB
MemFree:         3230628 kB
Active:           429432 kB
Mem:          3.8G       766M       3.1G       5.7M        52M       322M

MemTotal:        4016004 kB
MemFree:         3230628 kB
Active:           429412 kB
Mem:          3.8G       766M       3.1G       5.7M        52M       322M

MemTotal:        4016004 kB
MemFree:         3230628 kB
Active:           429412 kB
Mem:          3.8G       766M       3.1G       5.7M        52M       322M

MemTotal:        4016004 kB
MemFree:         3230628 kB
Active:           429452 kB
Mem:          3.8G       767M       3.1G       5.7M        52M       322M

MemTotal:        4016004 kB
MemFree:         3230132 kB
Active:           429472 kB
Mem:          3.8G       767M       3.1G       5.7M        52M       322M

MemTotal:        4016004 kB
MemFree:         3230380 kB
Active:           429432 kB
Mem:          3.8G       767M       3.1G       5.7M        52M       322M

MemTotal:        4016004 kB
MemFree:         3230256 kB
Active:           429448 kB
Mem:          3.8G       767M       3.1G       5.7M        52M       322M

MemTotal:        4016004 kB
MemFree:         3230380 kB
Active:           429472 kB
Mem:          3.8G       767M       3.1G       5.7M        52M       322M

MemTotal:        4016004 kB
MemFree:         3230364 kB
Active:           429472 kB
Mem:          3.8G       767M       3.1G       5.7M        52M       322M

MemTotal:        4016004 kB
MemFree:         3229992 kB
Active:           429492 kB
Mem:          3.8G       767M       3.1G       5.7M        52M       322M

MemTotal:        4016004 kB
MemFree:         3230348 kB
Active:           429472 kB
Mem:          3.8G       767M       3.1G       5.7M        52M       322M

MemTotal:        4016004 kB
MemFree:         3230348 kB
Active:           429440 kB
Mem:          3.8G       767M       3.1G       5.7M        52M       322M

MemTotal:        4016004 kB
MemFree:         3230332 kB
Active:           429480 kB
Mem:          3.8G       767M       3.1G       5.7M        52M       322M

MemTotal:        4016004 kB
MemFree:         3229604 kB
Active:           429500 kB
Mem:          3.8G       767M       3.1G       5.7M        52M       322M

MemTotal:        4016004 kB
MemFree:         3230084 kB
Active:           429488 kB
Mem:          3.8G       767M       3.1G       5.7M        52M       322M

MemTotal:        4016004 kB
MemFree:         3230348 kB
Active:           429460 kB
Mem:          3.8G       767M       3.1G       5.7M        52M       322M

MemTotal:        4016004 kB
MemFree:         3230348 kB
Active:           429484 kB
Mem:          3.8G       767M       3.1G       5.7M        52M       322M

MemTotal:        4016004 kB
MemFree:         3229760 kB
Active:           429504 kB
Mem:          3.8G       767M       3.1G       5.7M        52M       322M

MemTotal:        4016004 kB
MemFree:         3230256 kB
Active:           429456 kB
Mem:          3.8G       767M       3.1G       5.7M        52M       322M

MemTotal:        4016004 kB
MemFree:         3230380 kB
Active:           429468 kB
Mem:          3.8G       767M       3.1G       5.7M        52M       322M

MemTotal:        4016004 kB
MemFree:         3229884 kB
Active:           429480 kB
Mem:          3.8G       767M       3.1G       5.7M        52M       322M

MemTotal:        4016004 kB
MemFree:         3230008 kB
Active:           429476 kB
Mem:          3.8G       767M       3.1G       5.7M        52M       322M

MemTotal:        4016004 kB
MemFree:         3230132 kB
Active:           429476 kB
Mem:          3.8G       767M       3.1G       5.7M        52M       322M

MemTotal:        4016004 kB
MemFree:         3230256 kB
Active:           429464 kB
Mem:          3.8G       767M       3.1G       5.7M        52M       322M

MemTotal:        4016004 kB
MemFree:         3230256 kB
Active:           429504 kB
Mem:          3.8G       767M       3.1G       5.7M        52M       322M

MemTotal:        4016004 kB
MemFree:         3230256 kB
Active:           429604 kB
Mem:          3.8G       767M       3.1G       5.7M        52M       322M

MemTotal:        4016004 kB
MemFree:         2948928 kB
Active:           431832 kB
Mem:          3.8G       1.0G       2.8G       5.7M        52M       588M

MemTotal:        4016004 kB
MemFree:         2949364 kB
Active:           431848 kB
Mem:          3.8G       1.0G       2.8G       5.7M        52M       588M

MemTotal:        4016004 kB
MemFree:         2948964 kB
Active:           431828 kB
Mem:          3.8G       1.0G       2.8G       5.7M        52M       588M

MemTotal:        4016004 kB
MemFree:         2893784 kB
Active:           432060 kB
Mem:          3.8G       1.1G       2.8G       5.7M        52M       642M

MemTotal:        4016004 kB
MemFree:         2877968 kB
Active:           432136 kB
Mem:          3.8G       1.1G       2.7G       5.7M        52M       657M

MemTotal:        4016004 kB
MemFree:         2870884 kB
Active:           432224 kB
Mem:          3.8G       1.1G       2.7G       5.7M        52M       663M

MemTotal:        4016004 kB
MemFree:         2575016 kB
Active:           433244 kB
Mem:          3.8G       1.4G       2.5G       5.7M        52M       943M

MemTotal:        4016004 kB
MemFree:         2548580 kB
Active:           433472 kB
Mem:          3.8G       1.4G       2.4G       5.7M        52M       968M

MemTotal:        4016004 kB
MemFree:         2548636 kB
Active:           433464 kB
Mem:          3.8G       1.4G       2.4G       5.7M        52M       968M

MemTotal:        4016004 kB
MemFree:         2539028 kB
Active:           433484 kB
Mem:          3.8G       1.4G       2.4G       5.7M        52M       978M

MemTotal:        4016004 kB
MemFree:         2523328 kB
Active:           433520 kB
Mem:          3.8G       1.4G       2.4G       5.7M        52M       993M

MemTotal:        4016004 kB
MemFree:         2523108 kB
Active:           431656 kB
Mem:          3.8G       1.4G       2.4G       5.7M        52M       993M

MemTotal:        4016004 kB
MemFree:         2518396 kB
Active:           433712 kB
Mem:          3.8G       1.4G       2.4G       5.7M        52M       998M

MemTotal:        4016004 kB
MemFree:         2510168 kB
Active:           433800 kB
Mem:          3.8G       1.4G       2.4G       5.7M        52M       1.0G

MemTotal:        4016004 kB
MemFree:         2493844 kB
Active:           433868 kB
Mem:          3.8G       1.5G       2.4G       5.7M        52M       1.0G

MemTotal:        4016004 kB
MemFree:         2487860 kB
Active:           433896 kB
Mem:          3.8G       1.5G       2.4G       5.7M        52M       1.0G

MemTotal:        4016004 kB
MemFree:         2182596 kB
Active:           434872 kB
Mem:          3.8G       1.7G       2.1G       5.7M        52M       1.3G

MemTotal:        4016004 kB
MemFree:         3108044 kB
Active:           431744 kB
Mem:          3.8G       886M       3.0G       5.7M        52M       434M

MemTotal:        4016004 kB
MemFree:         3153788 kB
Active:           431528 kB
Mem:          3.8G       841M       3.0G       5.7M        52M       391M

MemTotal:        4016004 kB
MemFree:         3200956 kB
Active:           431304 kB
Mem:          3.8G       795M       3.1G       5.7M        52M       346M

MemTotal:        4016004 kB
MemFree:         3012024 kB
Active:           431780 kB
Mem:          3.8G       980M       2.9G       5.7M        52M       528M

MemTotal:        4016004 kB
MemFree:         2982564 kB
Active:           432088 kB
Mem:          3.8G       1.0G       2.8G       5.7M        52M       556M

MemTotal:        4016004 kB
MemFree:         2929072 kB
Active:           432304 kB
Mem:          3.8G       1.0G       2.8G       5.7M        52M       609M

MemTotal:        4016004 kB
MemFree:         2734376 kB
Active:           432908 kB
Mem:          3.8G       1.2G       2.6G       5.7M        52M       794M

MemTotal:        4016004 kB
MemFree:         2705264 kB
Active:           433136 kB
Mem:          3.8G       1.3G       2.6G       5.7M        52M       821M

MemTotal:        4016004 kB
MemFree:         2638996 kB
Active:           433400 kB
Mem:          3.8G       1.3G       2.5G       5.7M        52M       884M

MemTotal:        4016004 kB
MemFree:         2594740 kB
Active:           433500 kB
Mem:          3.8G       1.4G       2.5G       5.7M        52M       926M

MemTotal:        4016004 kB
MemFree:         2549628 kB
Active:           433724 kB
Mem:          3.8G       1.4G       2.4G       5.7M        52M       968M

MemTotal:        4016004 kB
MemFree:         2507608 kB
Active:           433864 kB
Mem:          3.8G       1.4G       2.4G       5.7M        52M       1.0G

MemTotal:        4016004 kB
MemFree:         2486764 kB
Active:           434048 kB
Mem:          3.8G       1.5G       2.4G       5.7M        52M       1.0G

MemTotal:        4016004 kB
MemFree:         2460744 kB
Active:           434180 kB
Mem:          3.8G       1.5G       2.3G       5.7M        52M       1.0G

MemTotal:        4016004 kB
MemFree:         2435644 kB
Active:           434320 kB
Mem:          3.8G       1.5G       2.3G       5.7M        52M       1.1G

MemTotal:        4016004 kB
MemFree:         2435724 kB
Active:           434268 kB
Mem:          3.8G       1.5G       2.3G       5.7M        52M       1.1G

MemTotal:        4016004 kB
MemFree:         2435792 kB
Active:           434268 kB
Mem:          3.8G       1.5G       2.3G       5.7M        52M       1.1G

MemTotal:        4016004 kB
MemFree:         2304684 kB
Active:           434684 kB
Mem:          3.8G       1.6G       2.2G       5.7M        52M       1.2G

MemTotal:        4016004 kB
MemFree:         2212924 kB
Active:           434908 kB
Mem:          3.8G       1.7G       2.1G       5.7M        52M       1.3G

MemTotal:        4016004 kB
MemFree:         2200616 kB
Active:           435220 kB
Mem:          3.8G       1.7G       2.1G       5.7M        52M       1.3G

MemTotal:        4016004 kB
MemFree:         2200396 kB
Active:           435240 kB
Mem:          3.8G       1.7G       2.1G       5.7M        52M       1.3G

MemTotal:        4016004 kB
MemFree:         2200828 kB
Active:           435236 kB
Mem:          3.8G       1.7G       2.1G       5.7M        52M       1.3G

MemTotal:        4016004 kB
MemFree:         2175992 kB
Active:           435244 kB
Mem:          3.8G       1.8G       2.1G       5.7M        52M       1.3G

MemTotal:        4016004 kB
MemFree:         2150064 kB
Active:           435316 kB
Mem:          3.8G       1.8G       2.1G       5.7M        52M       1.3G

MemTotal:        4016004 kB
MemFree:         3123632 kB
Active:           429888 kB
Mem:          3.8G       870M       3.0G       5.7M        52M       419M

MemTotal:        4016004 kB
MemFree:         3170116 kB
Active:           431716 kB
Mem:          3.8G       825M       3.0G       5.7M        52M       375M

MemTotal:        4016004 kB
MemFree:         3218316 kB
Active:           431524 kB
Mem:          3.8G       778M       3.1G       5.7M        52M       329M

MemTotal:        4016004 kB
MemFree:         2997712 kB
Active:           431992 kB
Mem:          3.8G       994M       2.9G       5.7M        52M       542M

MemTotal:        4016004 kB
MemFree:         2874752 kB
Active:           432392 kB
Mem:          3.8G       1.1G       2.7G       5.7M        52M       660M

MemTotal:        4016004 kB
MemFree:         2829456 kB
Active:           432708 kB
Mem:          3.8G       1.1G       2.7G       5.7M        52M       703M

MemTotal:        4016004 kB
MemFree:         2742376 kB
Active:           432980 kB
Mem:          3.8G       1.2G       2.6G       5.7M        52M       786M

MemTotal:        4016004 kB
MemFree:         2723100 kB
Active:           433240 kB
Mem:          3.8G       1.2G       2.6G       5.7M        52M       803M

MemTotal:        4016004 kB
MemFree:         2722604 kB
Active:           433340 kB
Mem:          3.8G       1.2G       2.6G       5.7M        52M       804M

MemTotal:        4016004 kB
MemFree:         2722048 kB
Active:           433332 kB
Mem:          3.8G       1.2G       2.6G       5.7M        52M       804M

MemTotal:        4016004 kB
MemFree:         2675216 kB
Active:           431372 kB
Mem:          3.8G       1.3G       2.6G       5.7M        52M       848M

MemTotal:        4016004 kB
MemFree:         2546088 kB
Active:           433980 kB
Mem:          3.8G       1.4G       2.4G       5.7M        52M       971M

MemTotal:        4016004 kB
MemFree:         2466072 kB
Active:           434228 kB
Mem:          3.8G       1.5G       2.4G       5.7M        52M       1.0G

MemTotal:        4016004 kB
MemFree:         2465668 kB
Active:           434420 kB
Mem:          3.8G       1.5G       2.4G       5.7M        52M       1.0G

MemTotal:        4016004 kB
MemFree:         2465856 kB
Active:           434380 kB
Mem:          3.8G       1.5G       2.4G       5.7M        52M       1.0G

MemTotal:        4016004 kB
MemFree:         2466048 kB
Active:           434400 kB
Mem:          3.8G       1.5G       2.4G       5.7M        52M       1.0G

MemTotal:        4016004 kB
MemFree:         2409900 kB
Active:           434652 kB
Mem:          3.8G       1.5G       2.3G       5.7M        52M       1.1G

MemTotal:        4016004 kB
MemFree:         2248592 kB
Active:           435256 kB
Mem:          3.8G       1.7G       2.1G       5.7M        52M       1.2G

MemTotal:        4016004 kB
MemFree:         2214800 kB
Active:           435412 kB
Mem:          3.8G       1.7G       2.1G       5.7M        52M       1.3G

MemTotal:        4016004 kB
MemFree:         2214108 kB
Active:           433440 kB
Mem:          3.8G       1.7G       2.1G       5.7M        52M       1.3G

MemTotal:        4016004 kB
MemFree:         2213400 kB
Active:           435468 kB
Mem:          3.8G       1.7G       2.1G       5.7M        52M       1.3G

MemTotal:        4016004 kB
MemFree:         2213352 kB
Active:           435492 kB
Mem:          3.8G       1.7G       2.1G       5.7M        52M       1.3G

MemTotal:        4016004 kB
MemFree:         3107384 kB
Active:           432136 kB
Mem:          3.8G       886M       3.0G       5.7M        52M       435M

MemTotal:        4016004 kB
MemFree:         3148224 kB
Active:           431984 kB
Mem:          3.8G       846M       3.0G       5.7M        52M       396M

MemTotal:        4016004 kB
MemFree:         3190864 kB
Active:           431820 kB
Mem:          3.8G       805M       3.0G       5.7M        52M       356M

MemTotal:        4016004 kB
MemFree:         2951916 kB
Active:           432544 kB
Mem:          3.8G       1.0G       2.8G       5.7M        52M       585M

MemTotal:        4016004 kB
MemFree:         2923684 kB
Active:           432840 kB
Mem:          3.8G       1.0G       2.8G       5.7M        52M       612M

MemTotal:        4016004 kB
MemFree:         2815288 kB
Active:           433176 kB
Mem:          3.8G       1.1G       2.7G       5.7M        52M       714M

MemTotal:        4016004 kB
MemFree:         2814668 kB
Active:           433256 kB
Mem:          3.8G       1.1G       2.7G       5.7M        52M       715M

MemTotal:        4016004 kB
MemFree:         2717468 kB
Active:           432036 kB
Mem:          3.8G       1.2G       2.6G       5.7M        52M       807M

MemTotal:        4016004 kB
MemFree:         2662660 kB
Active:           434288 kB
Mem:          3.8G       1.3G       2.5G       5.7M        52M       860M

MemTotal:        4016004 kB
MemFree:         2653220 kB
Active:           434348 kB
Mem:          3.8G       1.3G       2.5G       5.7M        52M       869M

MemTotal:        4016004 kB
MemFree:         2652916 kB
Active:           434360 kB
Mem:          3.8G       1.3G       2.5G       5.7M        52M       869M

MemTotal:        4016004 kB
MemFree:         2653120 kB
Active:           434172 kB
Mem:          3.8G       1.3G       2.5G       5.7M        52M       869M

MemTotal:        4016004 kB
MemFree:         2611040 kB
Active:           434220 kB
Mem:          3.8G       1.3G       2.5G       5.7M        52M       910M

MemTotal:        4016004 kB
MemFree:         2585440 kB
Active:           434448 kB
Mem:          3.8G       1.4G       2.5G       5.7M        52M       933M

MemTotal:        4016004 kB
MemFree:         2585316 kB
Active:           434456 kB
Mem:          3.8G       1.4G       2.5G       5.7M        52M       933M

MemTotal:        4016004 kB
MemFree:         2585128 kB
Active:           434492 kB
Mem:          3.8G       1.4G       2.5G       5.7M        52M       933M

MemTotal:        4016004 kB
MemFree:         2585552 kB
Active:           434512 kB
Mem:          3.8G       1.4G       2.5G       5.7M        52M       933M

MemTotal:        4016004 kB
MemFree:         2299536 kB
Active:           435424 kB
Mem:          3.8G       1.6G       2.2G       5.7M        52M       1.2G

MemTotal:        4016004 kB
MemFree:         2253580 kB
Active:           435780 kB
Mem:          3.8G       1.7G       2.1G       5.7M        52M       1.2G

MemTotal:        4016004 kB
MemFree:         2252960 kB
Active:           435756 kB
Mem:          3.8G       1.7G       2.1G       5.7M        52M       1.2G

MemTotal:        4016004 kB
MemFree:         2252500 kB
Active:           435780 kB
Mem:          3.8G       1.7G       2.1G       5.7M        52M       1.2G

MemTotal:        4016004 kB
MemFree:         2150032 kB
Active:           435928 kB
Mem:          3.8G       1.8G       2.1G       5.7M        52M       1.3G

MemTotal:        4016004 kB
MemFree:         3100016 kB
Active:           432804 kB
Mem:          3.8G       894M       3.0G       5.7M        52M       442M

MemTotal:        4016004 kB
MemFree:         3148028 kB
Active:           432488 kB
Mem:          3.8G       847M       3.0G       5.7M        52M       396M

MemTotal:        4016004 kB
MemFree:         3187112 kB
Active:           437256 kB
Mem:          3.8G       809M       3.0G       5.7M        56M       354M

MemTotal:        4016004 kB
MemFree:         2962344 kB
Active:           440936 kB
Mem:          3.8G       1.0G       2.8G       5.7M        60M       565M

MemTotal:        4016004 kB
MemFree:         2875204 kB
Active:           441236 kB
Mem:          3.8G       1.1G       2.7G       5.7M        60M       649M

MemTotal:        4016004 kB
MemFree:         2825724 kB
Active:           441600 kB
Mem:          3.8G       1.1G       2.7G       5.7M        60M       696M

MemTotal:        4016004 kB
MemFree:         2741036 kB
Active:           441792 kB
Mem:          3.8G       1.2G       2.6G       5.7M        60M       776M

MemTotal:        4016004 kB
MemFree:         2713340 kB
Active:           442036 kB
Mem:          3.8G       1.2G       2.6G       5.7M        60M       802M

MemTotal:        4016004 kB
MemFree:         2713156 kB
Active:           442060 kB
Mem:          3.8G       1.2G       2.6G       5.7M        60M       803M

MemTotal:        4016004 kB
MemFree:         2712880 kB
Active:           442060 kB
Mem:          3.8G       1.2G       2.6G       5.7M        60M       803M

MemTotal:        4016004 kB
MemFree:         2713048 kB
Active:           442080 kB
Mem:          3.8G       1.2G       2.6G       5.7M        60M       803M

MemTotal:        4016004 kB
MemFree:         2560980 kB
Active:           442564 kB
Mem:          3.8G       1.4G       2.4G       5.7M        60M       947M

MemTotal:        4016004 kB
MemFree:         2561108 kB
Active:           442660 kB
Mem:          3.8G       1.4G       2.4G       5.7M        60M       947M

MemTotal:        4016004 kB
MemFree:         2561140 kB
Active:           442640 kB
Mem:          3.8G       1.4G       2.4G       5.7M        60M       947M

MemTotal:        4016004 kB
MemFree:         2504288 kB
Active:           442700 kB
Mem:          3.8G       1.4G       2.4G       5.7M        60M       1.0G

MemTotal:        4016004 kB
MemFree:         2360552 kB
Active:           441488 kB
Mem:          3.8G       1.6G       2.3G       5.7M        60M       1.1G

MemTotal:        4016004 kB
MemFree:         2324888 kB
Active:           443540 kB
Mem:          3.8G       1.6G       2.2G       5.7M        60M       1.1G

MemTotal:        4016004 kB
MemFree:         2325664 kB
Active:           443620 kB
Mem:          3.8G       1.6G       2.2G       5.7M        60M       1.1G

MemTotal:        4016004 kB
MemFree:         2325636 kB
Active:           443616 kB
Mem:          3.8G       1.6G       2.2G       5.7M        60M       1.1G

MemTotal:        4016004 kB
MemFree:         2233820 kB
Active:           443724 kB
Mem:          3.8G       1.7G       2.1G       5.7M        60M       1.2G

MemTotal:        4016004 kB
MemFree:         2170064 kB
Active:           444100 kB
Mem:          3.8G       1.8G       2.1G       5.7M        60M       1.3G

MemTotal:        4016004 kB
MemFree:         2141124 kB
Active:           444196 kB
Mem:          3.8G       1.8G       2.0G       5.7M        60M       1.3G

MemTotal:        4016004 kB
MemFree:         3108800 kB
Active:           440844 kB
Mem:          3.8G       885M       3.0G       5.7M        60M       425M

MemTotal:        4016004 kB
MemFree:         3153568 kB
Active:           440600 kB
Mem:          3.8G       842M       3.0G       5.7M        60M       383M

MemTotal:        4016004 kB
MemFree:         3201036 kB
Active:           440456 kB
Mem:          3.8G       796M       3.1G       5.7M        60M       338M

MemTotal:        4016004 kB
MemFree:         2963724 kB
Active:           441196 kB
Mem:          3.8G       1.0G       2.8G       5.7M        60M       564M

MemTotal:        4016004 kB
MemFree:         2937548 kB
Active:           441232 kB
Mem:          3.8G       1.0G       2.8G       5.7M        60M       589M

MemTotal:        4016004 kB
MemFree:         2812816 kB
Active:           441528 kB
Mem:          3.8G       1.1G       2.7G       5.7M        60M       708M

MemTotal:        4016004 kB
MemFree:         2775852 kB
Active:           441820 kB
Mem:          3.8G       1.2G       2.6G       5.7M        60M       743M

MemTotal:        4016004 kB
MemFree:         2697032 kB
Active:           442212 kB
Mem:          3.8G       1.3G       2.6G       5.7M        60M       818M

MemTotal:        4016004 kB
MemFree:         2684072 kB
Active:           442340 kB
Mem:          3.8G       1.3G       2.6G       5.7M        60M       830M

MemTotal:        4016004 kB
MemFree:         2684072 kB
Active:           442320 kB
Mem:          3.8G       1.3G       2.6G       5.7M        60M       830M

MemTotal:        4016004 kB
MemFree:         2684480 kB
Active:           442336 kB
Mem:          3.8G       1.3G       2.6G       5.7M        60M       830M

MemTotal:        4016004 kB
MemFree:         2622924 kB
Active:           442476 kB
Mem:          3.8G       1.3G       2.5G       5.7M        60M       891M

MemTotal:        4016004 kB
MemFree:         2476480 kB
Active:           443016 kB
Mem:          3.8G       1.5G       2.4G       5.7M        60M       1.0G

MemTotal:        4016004 kB
MemFree:         2451312 kB
Active:           443220 kB
Mem:          3.8G       1.5G       2.3G       5.7M        60M       1.0G

MemTotal:        4016004 kB
MemFree:         2450788 kB
Active:           445272 kB
Mem:          3.8G       1.5G       2.3G       5.7M        60M       1.0G

MemTotal:        4016004 kB
MemFree:         2450980 kB
Active:           445280 kB
Mem:          3.8G       1.5G       2.3G       5.7M        60M       1.0G

MemTotal:        4016004 kB
MemFree:         2375060 kB
Active:           445460 kB
Mem:          3.8G       1.6G       2.3G       5.7M        60M       1.1G

MemTotal:        4016004 kB
MemFree:         2269388 kB
Active:           445744 kB
Mem:          3.8G       1.7G       2.2G       5.7M        60M       1.2G

MemTotal:        4016004 kB
MemFree:         2205712 kB
Active:           446264 kB
Mem:          3.8G       1.7G       2.1G       5.7M        60M       1.3G

MemTotal:        4016004 kB
MemFree:         2204768 kB
Active:           446264 kB
Mem:          3.8G       1.7G       2.1G       5.7M        60M       1.3G

MemTotal:        4016004 kB
MemFree:         2204960 kB
Active:           446240 kB
Mem:          3.8G       1.7G       2.1G       5.7M        60M       1.3G

MemTotal:        4016004 kB
MemFree:         2144204 kB
Active:           446460 kB
Mem:          3.8G       1.8G       2.0G       5.7M        60M       1.3G

MemTotal:        4016004 kB
MemFree:         3175956 kB
Active:           442588 kB
Mem:          3.8G       820M       3.0G       5.7M        60M       361M

MemTotal:        4016004 kB
MemFree:         2999032 kB
Active:           443160 kB
Mem:          3.8G       995M       2.9G       5.7M        60M       532M

MemTotal:        4016004 kB
MemFree:         2853616 kB
Active:           443848 kB
Mem:          3.8G       1.1G       2.7G       5.7M        60M       668M

MemTotal:        4016004 kB
MemFree:         2800688 kB
Active:           444024 kB
Mem:          3.8G       1.2G       2.7G       5.7M        60M       719M

MemTotal:        4016004 kB
MemFree:         2747488 kB
Active:           444248 kB
Mem:          3.8G       1.2G       2.6G       5.7M        60M       769M

MemTotal:        4016004 kB
MemFree:         2696552 kB
Active:           444444 kB
Mem:          3.8G       1.3G       2.6G       5.7M        60M       818M

MemTotal:        4016004 kB
MemFree:         2659024 kB
Active:           444608 kB
Mem:          3.8G       1.3G       2.5G       5.7M        60M       853M

MemTotal:        4016004 kB
MemFree:         2658280 kB
Active:           444580 kB
Mem:          3.8G       1.3G       2.5G       5.7M        60M       853M

MemTotal:        4016004 kB
MemFree:         2657880 kB
Active:           444612 kB
Mem:          3.8G       1.3G       2.5G       5.7M        60M       853M

MemTotal:        4016004 kB
MemFree:         2658288 kB
Active:           444596 kB
Mem:          3.8G       1.3G       2.5G       5.7M        60M       853M

MemTotal:        4016004 kB
MemFree:         2517668 kB
Active:           445080 kB
Mem:          3.8G       1.4G       2.4G       5.7M        60M       988M

MemTotal:        4016004 kB
MemFree:         2446176 kB
Active:           445384 kB
Mem:          3.8G       1.5G       2.3G       5.7M        60M       1.0G

MemTotal:        4016004 kB
MemFree:         2416880 kB
Active:           445536 kB
Mem:          3.8G       1.5G       2.3G       5.7M        60M       1.1G

MemTotal:        4016004 kB
MemFree:         2415860 kB
Active:           445536 kB
Mem:          3.8G       1.5G       2.3G       5.7M        60M       1.1G

MemTotal:        4016004 kB
MemFree:         2415864 kB
Active:           445540 kB
Mem:          3.8G       1.5G       2.3G       5.7M        60M       1.1G

MemTotal:        4016004 kB
MemFree:         2289476 kB
Active:           445940 kB
Mem:          3.8G       1.6G       2.2G       5.7M        60M       1.2G

MemTotal:        4016004 kB
MemFree:         2212900 kB
Active:           446280 kB
Mem:          3.8G       1.7G       2.1G       5.7M        60M       1.2G

MemTotal:        4016004 kB
MemFree:         2212280 kB
Active:           446324 kB
Mem:          3.8G       1.7G       2.1G       5.7M        60M       1.2G

MemTotal:        4016004 kB
MemFree:         2212408 kB
Active:           446304 kB
Mem:          3.8G       1.7G       2.1G       5.7M        60M       1.2G

MemTotal:        4016004 kB
MemFree:         2212628 kB
Active:           446276 kB
Mem:          3.8G       1.7G       2.1G       5.7M        60M       1.2G

MemTotal:        4016004 kB
MemFree:         3151864 kB
Active:           440896 kB
Mem:          3.8G       843M       3.0G       5.7M        60M       383M

MemTotal:        4016004 kB
MemFree:         3196160 kB
Active:           442668 kB
Mem:          3.8G       800M       3.0G       5.7M        60M       340M

MemTotal:        4016004 kB
MemFree:         3009476 kB
Active:           443316 kB
Mem:          3.8G       983M       2.9G       5.7M        60M       519M

MemTotal:        4016004 kB
MemFree:         2876572 kB
Active:           443788 kB
Mem:          3.8G       1.1G       2.7G       5.7M        60M       647M

MemTotal:        4016004 kB
MemFree:         2793244 kB
Active:           444060 kB
Mem:          3.8G       1.2G       2.7G       5.7M        60M       725M

MemTotal:        4016004 kB
MemFree:         2744400 kB
Active:           444288 kB
Mem:          3.8G       1.2G       2.6G       5.7M        60M       771M

MemTotal:        4016004 kB
MemFree:         2697804 kB
Active:           444464 kB
Mem:          3.8G       1.3G       2.6G       5.7M        60M       817M

MemTotal:        4016004 kB
MemFree:         2672056 kB
Active:           444608 kB
Mem:          3.8G       1.3G       2.5G       5.7M        60M       840M

MemTotal:        4016004 kB
MemFree:         2671604 kB
Active:           444632 kB
Mem:          3.8G       1.3G       2.5G       5.7M        60M       841M

MemTotal:        4016004 kB
MemFree:         2609552 kB
Active:           444792 kB
Mem:          3.8G       1.3G       2.5G       5.7M        60M       900M

MemTotal:        4016004 kB
MemFree:         2520200 kB
Active:           445076 kB
Mem:          3.8G       1.4G       2.4G       5.7M        60M       984M

MemTotal:        4016004 kB
MemFree:         2473216 kB
Active:           445288 kB
Mem:          3.8G       1.5G       2.4G       5.7M        60M       1.0G

MemTotal:        4016004 kB
MemFree:         2445344 kB
Active:           445504 kB
Mem:          3.8G       1.5G       2.3G       5.7M        60M       1.0G

MemTotal:        4016004 kB
MemFree:         2444012 kB
Active:           445488 kB
Mem:          3.8G       1.5G       2.3G       5.7M        60M       1.0G

MemTotal:        4016004 kB
MemFree:         2443612 kB
Active:           445524 kB
Mem:          3.8G       1.5G       2.3G       5.7M        60M       1.0G

MemTotal:        4016004 kB
MemFree:         2397748 kB
Active:           445488 kB
Mem:          3.8G       1.5G       2.3G       5.7M        60M       1.1G

MemTotal:        4016004 kB
MemFree:         2249908 kB
Active:           446008 kB
Mem:          3.8G       1.7G       2.1G       5.7M        60M       1.2G

MemTotal:        4016004 kB
MemFree:         2200800 kB
Active:           446344 kB
Mem:          3.8G       1.7G       2.1G       5.7M        60M       1.3G

MemTotal:        4016004 kB
MemFree:         2200676 kB
Active:           446412 kB
Mem:          3.8G       1.7G       2.1G       5.7M        60M       1.3G

MemTotal:        4016004 kB
MemFree:         2200868 kB
Active:           446440 kB
Mem:          3.8G       1.7G       2.1G       5.7M        60M       1.3G

MemTotal:        4016004 kB
MemFree:         2197764 kB
Active:           446720 kB
Mem:          3.8G       1.7G       2.1G       5.7M        60M       1.3G

MemTotal:        4016004 kB
MemFree:         3177040 kB
Active:           445148 kB
Mem:          3.8G       819M       3.0G       5.7M        60M       356M

MemTotal:        4016004 kB
MemFree:         2936004 kB
Active:           445724 kB
Mem:          3.8G       1.0G       2.8G       5.7M        60M       587M

MemTotal:        4016004 kB
MemFree:         2909612 kB
Active:           445940 kB
Mem:          3.8G       1.1G       2.8G       5.7M        60M       612M

MemTotal:        4016004 kB
MemFree:         2909832 kB
Active:           445908 kB
Mem:          3.8G       1.1G       2.8G       5.7M        60M       612M

MemTotal:        4016004 kB
MemFree:         2791032 kB
Active:           446348 kB
Mem:          3.8G       1.2G       2.7G       5.7M        60M       726M

MemTotal:        4016004 kB
MemFree:         2707488 kB
Active:           446636 kB
Mem:          3.8G       1.2G       2.6G       5.7M        60M       805M

MemTotal:        4016004 kB
MemFree:         2467192 kB
Active:           447476 kB
Mem:          3.8G       1.5G       2.4G       5.7M        60M       1.0G

MemTotal:        4016004 kB
MemFree:         2412636 kB
Active:           447772 kB
Mem:          3.8G       1.5G       2.3G       5.7M        60M       1.1G

MemTotal:        4016004 kB
MemFree:         2366032 kB
Active:           447956 kB
Mem:          3.8G       1.6G       2.3G       5.7M        60M       1.1G

MemTotal:        4016004 kB
MemFree:         2318056 kB
Active:           448132 kB
Mem:          3.8G       1.6G       2.2G       5.7M        60M       1.1G

MemTotal:        4016004 kB
MemFree:         2270096 kB
Active:           448272 kB
Mem:          3.8G       1.7G       2.2G       5.7M        60M       1.2G

MemTotal:        4016004 kB
MemFree:         2263168 kB
Active:           448408 kB
Mem:          3.8G       1.7G       2.2G       5.7M        60M       1.2G

MemTotal:        4016004 kB
MemFree:         2263324 kB
Active:           448420 kB
Mem:          3.8G       1.7G       2.2G       5.7M        60M       1.2G

MemTotal:        4016004 kB
MemFree:         2263640 kB
Active:           448416 kB
Mem:          3.8G       1.7G       2.2G       5.7M        60M       1.2G

MemTotal:        4016004 kB
MemFree:         2136832 kB
Active:           448812 kB
Mem:          3.8G       1.8G       2.0G       5.7M        60M       1.3G

MemTotal:        4016004 kB
MemFree:         3099260 kB
Active:           445488 kB
Mem:          3.8G       894M       3.0G       5.7M        60M       429M

MemTotal:        4016004 kB
MemFree:         3147384 kB
Active:           445204 kB
Mem:          3.8G       848M       3.0G       5.7M        60M       384M

MemTotal:        4016004 kB
MemFree:         3192440 kB
Active:           445052 kB
Mem:          3.8G       803M       3.0G       5.7M        60M       341M

MemTotal:        4016004 kB
MemFree:         2910192 kB
Active:           445880 kB
Mem:          3.8G       1.1G       2.8G       5.7M        60M       611M

MemTotal:        4016004 kB
MemFree:         2837060 kB
Active:           446104 kB
Mem:          3.8G       1.1G       2.7G       5.7M        60M       681M

MemTotal:        4016004 kB
MemFree:         2790216 kB
Active:           446324 kB
Mem:          3.8G       1.2G       2.7G       5.7M        60M       727M

MemTotal:        4016004 kB
MemFree:         2745760 kB
Active:           446520 kB
Mem:          3.8G       1.2G       2.6G       5.7M        60M       769M

MemTotal:        4016004 kB
MemFree:         2745264 kB
Active:           446624 kB
Mem:          3.8G       1.2G       2.6G       5.7M        60M       769M

MemTotal:        4016004 kB
MemFree:         2744432 kB
Active:           446644 kB
Mem:          3.8G       1.2G       2.6G       5.7M        60M       769M

MemTotal:        4016004 kB
MemFree:         2744312 kB
Active:           446604 kB
Mem:          3.8G       1.2G       2.6G       5.7M        60M       769M

MemTotal:        4016004 kB
MemFree:         2595704 kB
Active:           447064 kB
Mem:          3.8G       1.4G       2.5G       5.7M        60M       911M

MemTotal:        4016004 kB
MemFree:         2512256 kB
Active:           447268 kB
Mem:          3.8G       1.4G       2.4G       5.7M        60M       990M

MemTotal:        4016004 kB
MemFree:         2488896 kB
Active:           447544 kB
Mem:          3.8G       1.5G       2.4G       5.7M        60M       1.0G

MemTotal:        4016004 kB
MemFree:         2488680 kB
Active:           447636 kB
Mem:          3.8G       1.5G       2.4G       5.7M        60M       1.0G

MemTotal:        4016004 kB
MemFree:         2488372 kB
Active:           447640 kB
Mem:          3.8G       1.5G       2.4G       5.7M        60M       1.0G

MemTotal:        4016004 kB
MemFree:         2487476 kB
Active:           447608 kB
Mem:          3.8G       1.5G       2.4G       5.7M        60M       1.0G

MemTotal:        4016004 kB
MemFree:         2298576 kB
Active:           448240 kB
Mem:          3.8G       1.6G       2.2G       5.7M        60M       1.2G

MemTotal:        4016004 kB
MemFree:         2247096 kB
Active:           448396 kB
Mem:          3.8G       1.7G       2.1G       5.7M        60M       1.2G

MemTotal:        4016004 kB
MemFree:         2245964 kB
Active:           448536 kB
Mem:          3.8G       1.7G       2.1G       5.7M        60M       1.2G

MemTotal:        4016004 kB
MemFree:         2246092 kB
Active:           448540 kB
Mem:          3.8G       1.7G       2.1G       5.7M        60M       1.2G

MemTotal:        4016004 kB
MemFree:         2245880 kB
Active:           448572 kB
Mem:          3.8G       1.7G       2.1G       5.7M        60M       1.2G

MemTotal:        4016004 kB
MemFree:         2136312 kB
Active:           448868 kB
Mem:          3.8G       1.8G       2.0G       5.7M        60M       1.3G

MemTotal:        4016004 kB
MemFree:         3086652 kB
Active:           445368 kB
Mem:          3.8G       907M       2.9G       5.7M        60M       443M

MemTotal:        4016004 kB
MemFree:         3134320 kB
Active:           445156 kB
Mem:          3.8G       861M       3.0G       5.7M        60M       397M

MemTotal:        4016004 kB
MemFree:         3181368 kB
Active:           445024 kB
Mem:          3.8G       814M       3.0G       5.7M        60M       352M

MemTotal:        4016004 kB
MemFree:         2931120 kB
Active:           445968 kB
Mem:          3.8G       1.0G       2.8G       5.7M        60M       592M

MemTotal:        4016004 kB
MemFree:         2844576 kB
Active:           446300 kB
Mem:          3.8G       1.1G       2.7G       5.7M        60M       673M

MemTotal:        4016004 kB
MemFree:         2797140 kB
Active:           446476 kB
Mem:          3.8G       1.2G       2.7G       5.7M        60M       718M

MemTotal:        4016004 kB
MemFree:         2750976 kB
Active:           448688 kB
Mem:          3.8G       1.2G       2.6G       5.7M        60M       760M

MemTotal:        4016004 kB
MemFree:         2750356 kB
Active:           448688 kB
Mem:          3.8G       1.2G       2.6G       5.7M        60M       761M

MemTotal:        4016004 kB
MemFree:         2750020 kB
Active:           448688 kB
Mem:          3.8G       1.2G       2.6G       5.7M        60M       761M

MemTotal:        4016004 kB
MemFree:         2750428 kB
Active:           448692 kB
Mem:          3.8G       1.2G       2.6G       5.7M        60M       761M

MemTotal:        4016004 kB
MemFree:         2605160 kB
Active:           449204 kB
Mem:          3.8G       1.3G       2.5G       5.7M        60M       900M

MemTotal:        4016004 kB
MemFree:         2528120 kB
Active:           449528 kB
Mem:          3.8G       1.4G       2.4G       5.7M        60M       973M

MemTotal:        4016004 kB
MemFree:         2522244 kB
Active:           449580 kB
Mem:          3.8G       1.4G       2.4G       5.7M        60M       979M

MemTotal:        4016004 kB
MemFree:         2521908 kB
Active:           449548 kB
Mem:          3.8G       1.4G       2.4G       5.7M        60M       979M

MemTotal:        4016004 kB
MemFree:         2522036 kB
Active:           449572 kB
Mem:          3.8G       1.4G       2.4G       5.7M        60M       979M

MemTotal:        4016004 kB
MemFree:         2465892 kB
Active:           449532 kB
Mem:          3.8G       1.5G       2.3G       5.7M        60M       1.0G

MemTotal:        4016004 kB
MemFree:         2311908 kB
Active:           450296 kB
Mem:          3.8G       1.6G       2.2G       5.7M        60M       1.2G

MemTotal:        4016004 kB
MemFree:         2279960 kB
Active:           450524 kB
Mem:          3.8G       1.7G       2.2G       5.7M        60M       1.2G

MemTotal:        4016004 kB
MemFree:         2278968 kB
Active:           450524 kB
Mem:          3.8G       1.7G       2.2G       5.7M        60M       1.2G

MemTotal:        4016004 kB
MemFree:         2279096 kB
Active:           450476 kB
Mem:          3.8G       1.7G       2.2G       5.7M        60M       1.2G

MemTotal:        4016004 kB
MemFree:         2279164 kB
Active:           450504 kB
Mem:          3.8G       1.7G       2.2G       5.7M        60M       1.2G

MemTotal:        4016004 kB
MemFree:         2134188 kB
Active:           451068 kB
Mem:          3.8G       1.8G       2.0G       5.7M        60M       1.3G

MemTotal:        4016004 kB
MemFree:         3088240 kB
Active:           447496 kB
Mem:          3.8G       906M       2.9G       5.7M        60M       439M

MemTotal:        4016004 kB
MemFree:         3135356 kB
Active:           447332 kB
Mem:          3.8G       860M       3.0G       5.7M        60M       394M

MemTotal:        4016004 kB
MemFree:         3181984 kB
Active:           447160 kB
Mem:          3.8G       813M       3.0G       5.7M        60M       348M

MemTotal:        4016004 kB
MemFree:         2919644 kB
Active:           447876 kB
Mem:          3.8G       1.0G       2.8G       5.7M        60M       600M

MemTotal:        4016004 kB
MemFree:         2838124 kB
Active:           448280 kB
Mem:          3.8G       1.1G       2.7G       5.7M        60M       679M

MemTotal:        4016004 kB
MemFree:         2791360 kB
Active:           448488 kB
Mem:          3.8G       1.2G       2.7G       5.7M        60M       723M

MemTotal:        4016004 kB
MemFree:         2746300 kB
Active:           448692 kB
Mem:          3.8G       1.2G       2.6G       5.7M        60M       766M

MemTotal:        4016004 kB
MemFree:         2745184 kB
Active:           448780 kB
Mem:          3.8G       1.2G       2.6G       5.7M        60M       766M

MemTotal:        4016004 kB
MemFree:         2745344 kB
Active:           448740 kB
Mem:          3.8G       1.2G       2.6G       5.7M        60M       766M

MemTotal:        4016004 kB
MemFree:         2745292 kB
Active:           448732 kB
Mem:          3.8G       1.2G       2.6G       5.7M        60M       766M

MemTotal:        4016004 kB
MemFree:         2599316 kB
Active:           449032 kB
Mem:          3.8G       1.4G       2.5G       5.7M        60M       906M

MemTotal:        4016004 kB
MemFree:         2520552 kB
Active:           449552 kB
Mem:          3.8G       1.4G       2.4G       5.7M        60M       980M

MemTotal:        4016004 kB
MemFree:         2520088 kB
Active:           449648 kB
Mem:          3.8G       1.4G       2.4G       5.7M        60M       981M

MemTotal:        4016004 kB
MemFree:         2519316 kB
Active:           449680 kB
Mem:          3.8G       1.4G       2.4G       5.7M        60M       981M

MemTotal:        4016004 kB
MemFree:         2518516 kB
Active:           449684 kB
Mem:          3.8G       1.4G       2.4G       5.7M        60M       981M

MemTotal:        4016004 kB
MemFree:         2397964 kB
Active:           450108 kB
Mem:          3.8G       1.5G       2.3G       5.7M        60M       1.1G

MemTotal:        4016004 kB
MemFree:         2313628 kB
Active:           450304 kB
Mem:          3.8G       1.6G       2.2G       5.7M        60M       1.1G

MemTotal:        4016004 kB
MemFree:         2250228 kB
Active:           450652 kB
Mem:          3.8G       1.7G       2.1G       5.7M        60M       1.2G

MemTotal:        4016004 kB
MemFree:         2250476 kB
Active:           450728 kB
Mem:          3.8G       1.7G       2.1G       5.7M        60M       1.2G

MemTotal:        4016004 kB
MemFree:         2250604 kB
Active:           450712 kB
Mem:          3.8G       1.7G       2.1G       5.7M        60M       1.2G

MemTotal:        4016004 kB
MemFree:         2249740 kB
Active:           450748 kB
Mem:          3.8G       1.7G       2.1G       5.7M        60M       1.2G

MemTotal:        4016004 kB
MemFree:         2134484 kB
Active:           451116 kB
Mem:          3.8G       1.8G       2.0G       5.7M        60M       1.3G

MemTotal:        4016004 kB
MemFree:         3105636 kB
Active:           447808 kB
Mem:          3.8G       888M       3.0G       5.7M        60M       422M

MemTotal:        4016004 kB
MemFree:         3152436 kB
Active:           447432 kB
Mem:          3.8G       843M       3.0G       5.7M        60M       378M

MemTotal:        4016004 kB
MemFree:         3199716 kB
Active:           447284 kB
Mem:          3.8G       797M       3.1G       5.7M        60M       333M

MemTotal:        4016004 kB
MemFree:         2932372 kB
Active:           448040 kB
Mem:          3.8G       1.0G       2.8G       5.7M        60M       588M

MemTotal:        4016004 kB
MemFree:         2859544 kB
Active:           448204 kB
Mem:          3.8G       1.1G       2.7G       5.7M        60M       657M

MemTotal:        4016004 kB
MemFree:         2819164 kB
Active:           448612 kB
Mem:          3.8G       1.1G       2.7G       5.7M        60M       695M

MemTotal:        4016004 kB
MemFree:         2725644 kB
Active:           448896 kB
Mem:          3.8G       1.2G       2.6G       5.7M        60M       785M

MemTotal:        4016004 kB
MemFree:         2679736 kB
Active:           449064 kB
Mem:          3.8G       1.3G       2.6G       5.7M        60M       828M

MemTotal:        4016004 kB
MemFree:         2671784 kB
Active:           449220 kB
Mem:          3.8G       1.3G       2.5G       5.7M        60M       835M

MemTotal:        4016004 kB
MemFree:         2672004 kB
Active:           449224 kB
Mem:          3.8G       1.3G       2.5G       5.7M        60M       835M

MemTotal:        4016004 kB
MemFree:         2672228 kB
Active:           449184 kB
Mem:          3.8G       1.3G       2.5G       5.7M        60M       835M

MemTotal:        4016004 kB
MemFree:         2550116 kB
Active:           449608 kB
Mem:          3.8G       1.4G       2.4G       5.7M        60M       951M

MemTotal:        4016004 kB
MemFree:         2464976 kB
Active:           449792 kB
Mem:          3.8G       1.5G       2.4G       5.7M        60M       1.0G

MemTotal:        4016004 kB
MemFree:         2454436 kB
Active:           450040 kB
Mem:          3.8G       1.5G       2.3G       5.7M        60M       1.0G

MemTotal:        4016004 kB
MemFree:         2454776 kB
Active:           450092 kB
Mem:          3.8G       1.5G       2.3G       5.7M        60M       1.0G

MemTotal:        4016004 kB
MemFree:         2454440 kB
Active:           450096 kB
Mem:          3.8G       1.5G       2.3G       5.7M        60M       1.0G

MemTotal:        4016004 kB
MemFree:         2311608 kB
Active:           450492 kB
Mem:          3.8G       1.6G       2.2G       5.7M        60M       1.2G

MemTotal:        4016004 kB
MemFree:         2300088 kB
Active:           450696 kB
Mem:          3.8G       1.6G       2.2G       5.7M        60M       1.2G

MemTotal:        4016004 kB
MemFree:         2299256 kB
Active:           450700 kB
Mem:          3.8G       1.6G       2.2G       5.7M        60M       1.2G

MemTotal:        4016004 kB
MemFree:         2299260 kB
Active:           450704 kB
Mem:          3.8G       1.6G       2.2G       5.7M        60M       1.2G

MemTotal:        4016004 kB
MemFree:         2146476 kB
Active:           451144 kB
Mem:          3.8G       1.8G       2.0G       5.7M        60M       1.3G

MemTotal:        4016004 kB
MemFree:         3119140 kB
Active:           447988 kB
Mem:          3.8G       875M       3.0G       5.7M        60M       408M

MemTotal:        4016004 kB
MemFree:         3165804 kB
Active:           447608 kB
Mem:          3.8G       829M       3.0G       5.7M        60M       364M

MemTotal:        4016004 kB
MemFree:         3130060 kB
Active:           447436 kB
Mem:          3.8G       867M       3.0G       5.7M        60M       401M

MemTotal:        4016004 kB
MemFree:         2906936 kB
Active:           448320 kB
Mem:          3.8G       1.1G       2.8G       5.7M        60M       612M

MemTotal:        4016004 kB
MemFree:         2837620 kB
Active:           448592 kB
Mem:          3.8G       1.1G       2.7G       5.7M        60M       678M

MemTotal:        4016004 kB
MemFree:         2772916 kB
Active:           448908 kB
Mem:          3.8G       1.2G       2.6G       5.7M        60M       739M

MemTotal:        4016004 kB
MemFree:         2695876 kB
Active:           449232 kB
Mem:          3.8G       1.3G       2.6G       5.7M        60M       813M

MemTotal:        4016004 kB
MemFree:         2661912 kB
Active:           449384 kB
Mem:          3.8G       1.3G       2.5G       5.7M        60M       846M

MemTotal:        4016004 kB
MemFree:         2660176 kB
Active:           449420 kB
Mem:          3.8G       1.3G       2.5G       5.7M        60M       847M

MemTotal:        4016004 kB
MemFree:         2660272 kB
Active:           449368 kB
Mem:          3.8G       1.3G       2.5G       5.7M        60M       847M

MemTotal:        4016004 kB
MemFree:         2660464 kB
Active:           449384 kB
Mem:          3.8G       1.3G       2.5G       5.7M        60M       847M

MemTotal:        4016004 kB
MemFree:         2630352 kB
Active:           449544 kB
Mem:          3.8G       1.3G       2.5G       5.7M        60M       875M

MemTotal:        4016004 kB
MemFree:         2470564 kB
Active:           450132 kB
Mem:          3.8G       1.5G       2.4G       5.7M        60M       1.0G

MemTotal:        4016004 kB
MemFree:         2434836 kB
Active:           450300 kB
Mem:          3.8G       1.5G       2.3G       5.7M        60M       1.0G

MemTotal:        4016004 kB
MemFree:         2434780 kB
Active:           450284 kB
Mem:          3.8G       1.5G       2.3G       5.7M        60M       1.0G

MemTotal:        4016004 kB
MemFree:         2434624 kB
Active:           450272 kB
Mem:          3.8G       1.5G       2.3G       5.7M        60M       1.0G

MemTotal:        4016004 kB
MemFree:         2388100 kB
Active:           450488 kB
Mem:          3.8G       1.6G       2.3G       5.7M        60M       1.1G

MemTotal:        4016004 kB
MemFree:         2362016 kB
Active:           450568 kB
Mem:          3.8G       1.6G       2.3G       5.7M        60M       1.1G

MemTotal:        4016004 kB
MemFree:         2351800 kB
Active:           450632 kB
Mem:          3.8G       1.6G       2.2G       5.7M        60M       1.1G

MemTotal:        4016004 kB
MemFree:         2351492 kB
Active:           450652 kB
Mem:          3.8G       1.6G       2.2G       5.7M        60M       1.1G

MemTotal:        4016004 kB
MemFree:         2349604 kB
Active:           450600 kB
Mem:          3.8G       1.6G       2.2G       5.7M        60M       1.1G

MemTotal:        4016004 kB
MemFree:         2349796 kB
Active:           450596 kB
Mem:          3.8G       1.6G       2.2G       5.7M        60M       1.1G

MemTotal:        4016004 kB
MemFree:         3188860 kB
Active:           449528 kB
Mem:          3.8G       807M       3.0G       5.7M        60M       340M

MemTotal:        4016004 kB
MemFree:         3005668 kB
Active:           450196 kB
Mem:          3.8G       987M       2.9G       5.7M        60M       516M

MemTotal:        4016004 kB
MemFree:         2929964 kB
Active:           450516 kB
Mem:          3.8G       1.0G       2.8G       5.7M        60M       589M

MemTotal:        4016004 kB
MemFree:         2879684 kB
Active:           450472 kB
Mem:          3.8G       1.1G       2.7G       5.7M        60M       637M

MemTotal:        4016004 kB
MemFree:         2777820 kB
Active:           451024 kB
Mem:          3.8G       1.2G       2.6G       5.7M        60M       734M

MemTotal:        4016004 kB
MemFree:         2745388 kB
Active:           451164 kB
Mem:          3.8G       1.2G       2.6G       5.7M        60M       765M

MemTotal:        4016004 kB
MemFree:         2660540 kB
Active:           451436 kB
Mem:          3.8G       1.3G       2.5G       5.7M        60M       845M

MemTotal:        4016004 kB
MemFree:         2505400 kB
Active:           452100 kB
Mem:          3.8G       1.4G       2.4G       5.7M        60M       992M

MemTotal:        4016004 kB
MemFree:         2421592 kB
Active:           452356 kB
Mem:          3.8G       1.5G       2.3G       5.7M        60M       1.0G

MemTotal:        4016004 kB
MemFree:         2374572 kB
Active:           452604 kB
Mem:          3.8G       1.6G       2.3G       5.7M        60M       1.1G

MemTotal:        4016004 kB
MemFree:         2359040 kB
Active:           452784 kB
Mem:          3.8G       1.6G       2.2G       5.7M        60M       1.1G

MemTotal:        4016004 kB
MemFree:         2275428 kB
Active:           453028 kB
Mem:          3.8G       1.7G       2.2G       5.7M        60M       1.2G

MemTotal:        4016004 kB
MemFree:         2274808 kB
Active:           453132 kB
Mem:          3.8G       1.7G       2.2G       5.7M        60M       1.2G

MemTotal:        4016004 kB
MemFree:         2274780 kB
Active:           453136 kB
Mem:          3.8G       1.7G       2.2G       5.7M        60M       1.2G

MemTotal:        4016004 kB
MemFree:         2275064 kB
Active:           453108 kB
Mem:          3.8G       1.7G       2.2G       5.7M        60M       1.2G

MemTotal:        4016004 kB
MemFree:         2176320 kB
Active:           453436 kB
Mem:          3.8G       1.8G       2.1G       5.7M        60M       1.3G

MemTotal:        4016004 kB
MemFree:         3089784 kB
Active:           450028 kB
Mem:          3.8G       904M       2.9G       5.7M        60M       435M

MemTotal:        4016004 kB
MemFree:         3130868 kB
Active:           450020 kB
Mem:          3.8G       864M       3.0G       5.7M        60M       395M

MemTotal:        4016004 kB
MemFree:         3171852 kB
Active:           449864 kB
Mem:          3.8G       824M       3.0G       5.7M        60M       356M

MemTotal:        4016004 kB
MemFree:         2983584 kB
Active:           450284 kB
Mem:          3.8G       1.0G       2.8G       5.7M        60M       539M

MemTotal:        4016004 kB
MemFree:         2893404 kB
Active:           450720 kB
Mem:          3.8G       1.1G       2.8G       5.7M        60M       623M

MemTotal:        4016004 kB
MemFree:         2808988 kB
Active:           450936 kB
Mem:          3.8G       1.2G       2.7G       5.7M        60M       703M

MemTotal:        4016004 kB
MemFree:         2781116 kB
Active:           451208 kB
Mem:          3.8G       1.2G       2.7G       5.7M        60M       729M

MemTotal:        4016004 kB
MemFree:         2694544 kB
Active:           451500 kB
Mem:          3.8G       1.3G       2.6G       5.7M        60M       812M

MemTotal:        4016004 kB
MemFree:         2667292 kB
Active:           451664 kB
Mem:          3.8G       1.3G       2.5G       5.7M        60M       838M

MemTotal:        4016004 kB
MemFree:         2666688 kB
Active:           451744 kB
Mem:          3.8G       1.3G       2.5G       5.7M        60M       838M

MemTotal:        4016004 kB
MemFree:         2667004 kB
Active:           451692 kB
Mem:          3.8G       1.3G       2.5G       5.7M        60M       838M

MemTotal:        4016004 kB
MemFree:         2570400 kB
Active:           451868 kB
Mem:          3.8G       1.4G       2.5G       5.7M        60M       931M

MemTotal:        4016004 kB
MemFree:         2533688 kB
Active:           452144 kB
Mem:          3.8G       1.4G       2.4G       5.7M        60M       966M

MemTotal:        4016004 kB
MemFree:         2533600 kB
Active:           452220 kB
Mem:          3.8G       1.4G       2.4G       5.7M        60M       966M

MemTotal:        4016004 kB
MemFree:         2533628 kB
Active:           452216 kB
Mem:          3.8G       1.4G       2.4G       5.7M        60M       966M

MemTotal:        4016004 kB
MemFree:         2521600 kB
Active:           452264 kB
Mem:          3.8G       1.4G       2.4G       5.7M        60M       978M

MemTotal:        4016004 kB
MemFree:         2343684 kB
Active:           452960 kB
Mem:          3.8G       1.6G       2.2G       5.7M        60M       1.1G

MemTotal:        4016004 kB
MemFree:         2260212 kB
Active:           453152 kB
Mem:          3.8G       1.7G       2.2G       5.7M        60M       1.2G

MemTotal:        4016004 kB
MemFree:         2385008 kB
Active:           453012 kB
Mem:          3.8G       1.5G       2.3G       5.7M        60M       1.1G

MemTotal:        4016004 kB
MemFree:         3105036 kB
Active:           450144 kB
Mem:          3.8G       889M       3.0G       5.7M        60M       419M

MemTotal:        4016004 kB
MemFree:         3151660 kB
Active:           449960 kB
Mem:          3.8G       843M       3.0G       5.7M        60M       374M

MemTotal:        4016004 kB
MemFree:         3199964 kB
Active:           449824 kB
Mem:          3.8G       796M       3.1G       5.7M        60M       329M

MemTotal:        4016004 kB
MemFree:         2930152 kB
Active:           450828 kB
Mem:          3.8G       1.0G       2.8G       5.7M        60M       588M

MemTotal:        4016004 kB
MemFree:         2904688 kB
Active:           450940 kB
Mem:          3.8G       1.1G       2.8G       5.7M        60M       612M

MemTotal:        4016004 kB
MemFree:         2904288 kB
Active:           450948 kB
Mem:          3.8G       1.1G       2.8G       5.7M        60M       612M

MemTotal:        4016004 kB
MemFree:         2775280 kB
Active:           451268 kB
Mem:          3.8G       1.2G       2.6G       5.7M        60M       735M

MemTotal:        4016004 kB
MemFree:         2693636 kB
Active:           451700 kB
Mem:          3.8G       1.3G       2.6G       5.7M        60M       814M

MemTotal:        4016004 kB
MemFree:         2626984 kB
Active:           451852 kB
Mem:          3.8G       1.3G       2.5G       5.7M        60M       879M

MemTotal:        4016004 kB
MemFree:         2615344 kB
Active:           452084 kB
Mem:          3.8G       1.3G       2.5G       5.7M        60M       888M

MemTotal:        4016004 kB
MemFree:         2615068 kB
Active:           452056 kB
Mem:          3.8G       1.3G       2.5G       5.7M        60M       888M

MemTotal:        4016004 kB
MemFree:         2615352 kB
Active:           452080 kB
Mem:          3.8G       1.3G       2.5G       5.7M        60M       888M

MemTotal:        4016004 kB
MemFree:         2573792 kB
Active:           452252 kB
Mem:          3.8G       1.4G       2.5G       5.7M        60M       927M

MemTotal:        4016004 kB
MemFree:         2414464 kB
Active:           452668 kB
Mem:          3.8G       1.5G       2.3G       5.7M        60M       1.1G

MemTotal:        4016004 kB
MemFree:         2396328 kB
Active:           452944 kB
Mem:          3.8G       1.5G       2.3G       5.7M        60M       1.1G

MemTotal:        4016004 kB
MemFree:         2395832 kB
Active:           452936 kB
Mem:          3.8G       1.5G       2.3G       5.7M        60M       1.1G

MemTotal:        4016004 kB
MemFree:         2395900 kB
Active:           452912 kB
Mem:          3.8G       1.5G       2.3G       5.7M        60M       1.1G

MemTotal:        4016004 kB
MemFree:         2310060 kB
Active:           453076 kB
Mem:          3.8G       1.6G       2.2G       5.7M        60M       1.1G

MemTotal:        4016004 kB
MemFree:         2203432 kB
Active:           453384 kB
Mem:          3.8G       1.7G       2.1G       5.7M        60M       1.2G

MemTotal:        4016004 kB
MemFree:         2136048 kB
Active:           453800 kB
Mem:          3.8G       1.8G       2.0G       5.7M        60M       1.3G

MemTotal:        4016004 kB
MemFree:         2134808 kB
Active:           453976 kB
Mem:          3.8G       1.8G       2.0G       5.7M        60M       1.3G

MemTotal:        4016004 kB
MemFree:         2134564 kB
Active:           453952 kB
Mem:          3.8G       1.8G       2.0G       5.7M        60M       1.3G

MemTotal:        4016004 kB
MemFree:         2391356 kB
Active:           453088 kB
Mem:          3.8G       1.5G       2.3G       5.7M        60M       1.1G

MemTotal:        4016004 kB
MemFree:         3103692 kB
Active:           450176 kB
Mem:          3.8G       892M       3.0G       5.7M        60M       424M

MemTotal:        4016004 kB
MemFree:         2879368 kB
Active:           450972 kB
Mem:          3.8G       1.1G       2.7G       5.7M        60M       636M

MemTotal:        4016004 kB
MemFree:         2879484 kB
Active:           451132 kB
Mem:          3.8G       1.1G       2.7G       5.7M        60M       636M

MemTotal:        4016004 kB
MemFree:         2879612 kB
Active:           451152 kB
Mem:          3.8G       1.1G       2.7G       5.7M        60M       636M

MemTotal:        4016004 kB
MemFree:         2711204 kB
Active:           451788 kB
Mem:          3.8G       1.2G       2.6G       5.7M        60M       796M

MemTotal:        4016004 kB
MemFree:         2645612 kB
Active:           452024 kB
Mem:          3.8G       1.3G       2.5G       5.7M        60M       858M

MemTotal:        4016004 kB
MemFree:         2636436 kB
Active:           452076 kB
Mem:          3.8G       1.3G       2.5G       5.7M        60M       867M

MemTotal:        4016004 kB
MemFree:         2479620 kB
Active:           452540 kB
Mem:          3.8G       1.5G       2.4G       5.7M        60M       1.0G

MemTotal:        4016004 kB
MemFree:         2423840 kB
Active:           452828 kB
Mem:          3.8G       1.5G       2.3G       5.7M        60M       1.0G

MemTotal:        4016004 kB
MemFree:         2377888 kB
Active:           452988 kB
Mem:          3.8G       1.6G       2.3G       5.7M        60M       1.1G

MemTotal:        4016004 kB
MemFree:         2328732 kB
Active:           453184 kB
Mem:          3.8G       1.6G       2.2G       5.7M        60M       1.1G

MemTotal:        4016004 kB
MemFree:         2289928 kB
Active:           455356 kB
Mem:          3.8G       1.6G       2.2G       5.7M        60M       1.2G

MemTotal:        4016004 kB
MemFree:         2288672 kB
Active:           455524 kB
Mem:          3.8G       1.6G       2.2G       5.7M        60M       1.2G

MemTotal:        4016004 kB
MemFree:         2147608 kB
Active:           456028 kB
Mem:          3.8G       1.8G       2.0G       5.7M        60M       1.3G

MemTotal:        4016004 kB
MemFree:         3081044 kB
Active:           452684 kB
Mem:          3.8G       912M       2.9G       5.7M        60M       440M

MemTotal:        4016004 kB
MemFree:         3128592 kB
Active:           452420 kB
Mem:          3.8G       866M       3.0G       5.7M        60M       394M

MemTotal:        4016004 kB
MemFree:         3173052 kB
Active:           452188 kB
Mem:          3.8G       822M       3.0G       5.7M        60M       352M

MemTotal:        4016004 kB
MemFree:         2932348 kB
Active:           452924 kB
Mem:          3.8G       1.0G       2.8G       5.7M        60M       584M

MemTotal:        4016004 kB
MemFree:         2849468 kB
Active:           453268 kB
Mem:          3.8G       1.1G       2.7G       5.7M        60M       662M

MemTotal:        4016004 kB
MemFree:         2796724 kB
Active:           453528 kB
Mem:          3.8G       1.2G       2.7G       5.7M        60M       712M

MemTotal:        4016004 kB
MemFree:         2749516 kB
Active:           453704 kB
Mem:          3.8G       1.2G       2.6G       5.7M        60M       758M

MemTotal:        4016004 kB
MemFree:         2703276 kB
Active:           453880 kB
Mem:          3.8G       1.3G       2.6G       5.7M        60M       802M

MemTotal:        4016004 kB
MemFree:         2668848 kB
Active:           454036 kB
Mem:          3.8G       1.3G       2.5G       5.7M        60M       834M

MemTotal:        4016004 kB
MemFree:         2668456 kB
Active:           454084 kB
Mem:          3.8G       1.3G       2.5G       5.7M        60M       834M

MemTotal:        4016004 kB
MemFree:         2668656 kB
Active:           454116 kB
Mem:          3.8G       1.3G       2.5G       5.7M        60M       834M

MemTotal:        4016004 kB
MemFree:         2569128 kB
Active:           454232 kB
Mem:          3.8G       1.4G       2.4G       5.7M        60M       930M

MemTotal:        4016004 kB
MemFree:         2485620 kB
Active:           454604 kB
Mem:          3.8G       1.5G       2.4G       5.7M        60M       1.0G

MemTotal:        4016004 kB
MemFree:         2436776 kB
Active:           454888 kB
Mem:          3.8G       1.5G       2.3G       5.7M        60M       1.0G

MemTotal:        4016004 kB
MemFree:         2423756 kB
Active:           455040 kB
Mem:          3.8G       1.5G       2.3G       5.7M        60M       1.0G

MemTotal:        4016004 kB
MemFree:         2423480 kB
Active:           455048 kB
Mem:          3.8G       1.5G       2.3G       5.7M        60M       1.0G

MemTotal:        4016004 kB
MemFree:         2423640 kB
Active:           455048 kB
Mem:          3.8G       1.5G       2.3G       5.7M        60M       1.0G

MemTotal:        4016004 kB
MemFree:         2271924 kB
Active:           455508 kB
Mem:          3.8G       1.7G       2.2G       5.7M        60M       1.2G

MemTotal:        4016004 kB
MemFree:         2214724 kB
Active:           455724 kB
Mem:          3.8G       1.7G       2.1G       5.7M        60M       1.2G

MemTotal:        4016004 kB
MemFree:         2214476 kB
Active:           455836 kB
Mem:          3.8G       1.7G       2.1G       5.7M        60M       1.2G

MemTotal:        4016004 kB
MemFree:         2215068 kB
Active:           455832 kB
Mem:          3.8G       1.7G       2.1G       5.7M        60M       1.2G

MemTotal:        4016004 kB
MemFree:         2215244 kB
Active:           455800 kB
Mem:          3.8G       1.7G       2.1G       5.7M        60M       1.2G

MemTotal:        4016004 kB
MemFree:         3120980 kB
Active:           452476 kB
Mem:          3.8G       874M       3.0G       5.7M        60M       403M

MemTotal:        4016004 kB
MemFree:         3168700 kB
Active:           452332 kB
Mem:          3.8G       827M       3.0G       5.7M        60M       357M

MemTotal:        4016004 kB
MemFree:         2935636 kB
Active:           452984 kB
Mem:          3.8G       1.0G       2.8G       5.7M        60M       581M

MemTotal:        4016004 kB
MemFree:         2852544 kB
Active:           453200 kB
Mem:          3.8G       1.1G       2.7G       5.7M        60M       660M

MemTotal:        4016004 kB
MemFree:         2793856 kB
Active:           453504 kB
Mem:          3.8G       1.2G       2.7G       5.7M        60M       716M

MemTotal:        4016004 kB
MemFree:         2746412 kB
Active:           453704 kB
Mem:          3.8G       1.2G       2.6G       5.7M        60M       760M

MemTotal:        4016004 kB
MemFree:         2700320 kB
Active:           453844 kB
Mem:          3.8G       1.3G       2.6G       5.7M        60M       804M

MemTotal:        4016004 kB
MemFree:         2659336 kB
Active:           454052 kB
Mem:          3.8G       1.3G       2.5G       5.7M        60M       844M

MemTotal:        4016004 kB
MemFree:         2659088 kB
Active:           454152 kB
Mem:          3.8G       1.3G       2.5G       5.7M        60M       844M

MemTotal:        4016004 kB
MemFree:         2482932 kB
Active:           454780 kB
Mem:          3.8G       1.5G       2.4G       5.7M        60M       1.0G

MemTotal:        4016004 kB
MemFree:         2441948 kB
Active:           455028 kB
Mem:          3.8G       1.5G       2.3G       5.7M        60M       1.0G

MemTotal:        4016004 kB
MemFree:         2442108 kB
Active:           455008 kB
Mem:          3.8G       1.5G       2.3G       5.7M        60M       1.0G

MemTotal:        4016004 kB
MemFree:         2441708 kB
Active:           455028 kB
Mem:          3.8G       1.5G       2.3G       5.7M        60M       1.0G

MemTotal:        4016004 kB
MemFree:         2308748 kB
Active:           455432 kB
Mem:          3.8G       1.6G       2.2G       5.7M        60M       1.1G

MemTotal:        4016004 kB
MemFree:         2228684 kB
Active:           455748 kB
Mem:          3.8G       1.7G       2.1G       5.7M        60M       1.2G

MemTotal:        4016004 kB
MemFree:         2218036 kB
Active:           455852 kB
Mem:          3.8G       1.7G       2.1G       5.7M        60M       1.2G

MemTotal:        4016004 kB
MemFree:         2217388 kB
Active:           455888 kB
Mem:          3.8G       1.7G       2.1G       5.7M        60M       1.2G

MemTotal:        4016004 kB
MemFree:         2217764 kB
Active:           455880 kB
Mem:          3.8G       1.7G       2.1G       5.7M        60M       1.2G

MemTotal:        4016004 kB
MemFree:         2612248 kB
Active:           454464 kB
Mem:          3.8G       1.3G       2.5G       5.7M        60M       877M

MemTotal:        4016004 kB
MemFree:         3156780 kB
Active:           452364 kB
Mem:          3.8G       839M       3.0G       5.7M        60M       368M

MemTotal:        4016004 kB
MemFree:         3187364 kB
Active:           452212 kB
Mem:          3.8G       811M       3.0G       5.7M        60M       343M

MemTotal:        4016004 kB
MemFree:         2867260 kB
Active:           453304 kB
Mem:          3.8G       1.1G       2.7G       5.7M        60M       646M

MemTotal:        4016004 kB
MemFree:         2808140 kB
Active:           453596 kB
Mem:          3.8G       1.2G       2.7G       5.7M        60M       702M

MemTotal:        4016004 kB
MemFree:         2767328 kB
Active:           453756 kB
Mem:          3.8G       1.2G       2.6G       5.7M        60M       742M

MemTotal:        4016004 kB
MemFree:         2719752 kB
Active:           453872 kB
Mem:          3.8G       1.2G       2.6G       5.7M        60M       786M

MemTotal:        4016004 kB
MemFree:         2671544 kB
Active:           454100 kB
Mem:          3.8G       1.3G       2.5G       5.7M        60M       832M

MemTotal:        4016004 kB
MemFree:         2666740 kB
Active:           454216 kB
Mem:          3.8G       1.3G       2.5G       5.7M        60M       836M

MemTotal:        4016004 kB
MemFree:         2666464 kB
Active:           454200 kB
Mem:          3.8G       1.3G       2.5G       5.7M        60M       836M

MemTotal:        4016004 kB
MemFree:         2634144 kB
Active:           454196 kB
Mem:          3.8G       1.3G       2.5G       5.7M        60M       868M

MemTotal:        4016004 kB
MemFree:         2503340 kB
Active:           454668 kB
Mem:          3.8G       1.4G       2.4G       5.7M        60M       991M

MemTotal:        4016004 kB
MemFree:         2442808 kB
Active:           454980 kB
Mem:          3.8G       1.5G       2.3G       5.7M        60M       1.0G

MemTotal:        4016004 kB
MemFree:         2432128 kB
Active:           455064 kB
Mem:          3.8G       1.5G       2.3G       5.7M        60M       1.0G

MemTotal:        4016004 kB
MemFree:         2432628 kB
Active:           455064 kB
Mem:          3.8G       1.5G       2.3G       5.7M        60M       1.0G

MemTotal:        4016004 kB
MemFree:         2433068 kB
Active:           455088 kB
Mem:          3.8G       1.5G       2.3G       5.7M        60M       1.0G

MemTotal:        4016004 kB
MemFree:         2297564 kB
Active:           455292 kB
Mem:          3.8G       1.6G       2.2G       5.7M        60M       1.2G

MemTotal:        4016004 kB
MemFree:         2231824 kB
Active:           455756 kB
Mem:          3.8G       1.7G       2.1G       5.7M        60M       1.2G

MemTotal:        4016004 kB
MemFree:         2231328 kB
Active:           455860 kB
Mem:          3.8G       1.7G       2.1G       5.7M        60M       1.2G

MemTotal:        4016004 kB
MemFree:         2231240 kB
Active:           455856 kB
Mem:          3.8G       1.7G       2.1G       5.7M        60M       1.2G

MemTotal:        4016004 kB
MemFree:         2129644 kB
Active:           456012 kB
Mem:          3.8G       1.8G       2.0G       5.7M        60M       1.3G

MemTotal:        4016004 kB
MemFree:         3082088 kB
Active:           452788 kB
Mem:          3.8G       912M       2.9G       5.7M        60M       439M

MemTotal:        4016004 kB
MemFree:         3123124 kB
Active:           452612 kB
Mem:          3.8G       871M       3.0G       5.7M        60M       401M

MemTotal:        4016004 kB
MemFree:         3165104 kB
Active:           452428 kB
Mem:          3.8G       831M       3.0G       5.7M        60M       360M

MemTotal:        4016004 kB
MemFree:         2962408 kB
Active:           452948 kB
Mem:          3.8G       1.0G       2.8G       5.7M        60M       557M

MemTotal:        4016004 kB
MemFree:         2854908 kB
Active:           453452 kB
Mem:          3.8G       1.1G       2.7G       5.7M        60M       657M

MemTotal:        4016004 kB
MemFree:         2793892 kB
Active:           453588 kB
Mem:          3.8G       1.2G       2.7G       5.7M        60M       717M

MemTotal:        4016004 kB
MemFree:         2747328 kB
Active:           453764 kB
Mem:          3.8G       1.2G       2.6G       5.7M        60M       760M

MemTotal:        4016004 kB
MemFree:         2699972 kB
Active:           453992 kB
Mem:          3.8G       1.3G       2.6G       5.7M        60M       805M

MemTotal:        4016004 kB
MemFree:         2658520 kB
Active:           454176 kB
Mem:          3.8G       1.3G       2.5G       5.7M        60M       845M

MemTotal:        4016004 kB
MemFree:         2657032 kB
Active:           454292 kB
Mem:          3.8G       1.3G       2.5G       5.7M        60M       845M

MemTotal:        4016004 kB
MemFree:         2656728 kB
Active:           454272 kB
Mem:          3.8G       1.3G       2.5G       5.7M        60M       845M

MemTotal:        4016004 kB
MemFree:         2656700 kB
Active:           454284 kB
Mem:          3.8G       1.3G       2.5G       5.7M        60M       845M

MemTotal:        4016004 kB
MemFree:         2482124 kB
Active:           454908 kB
Mem:          3.8G       1.5G       2.4G       5.7M        61M       1.0G

MemTotal:        4016004 kB
MemFree:         2442136 kB
Active:           455080 kB
Mem:          3.8G       1.5G       2.3G       5.7M        61M       1.0G

MemTotal:        4016004 kB
MemFree:         2441984 kB
Active:           455092 kB
Mem:          3.8G       1.5G       2.3G       5.7M        61M       1.0G

MemTotal:        4016004 kB
MemFree:         2442052 kB
Active:           455120 kB
Mem:          3.8G       1.5G       2.3G       5.7M        61M       1.0G

MemTotal:        4016004 kB
MemFree:         2320252 kB
Active:           455520 kB
Mem:          3.8G       1.6G       2.2G       5.7M        61M       1.1G

MemTotal:        4016004 kB
MemFree:         2245148 kB
Active:           455784 kB
Mem:          3.8G       1.7G       2.1G       5.7M        61M       1.2G

MemTotal:        4016004 kB
MemFree:         2233724 kB
Active:           455912 kB
Mem:          3.8G       1.7G       2.1G       5.7M        61M       1.2G

MemTotal:        4016004 kB
MemFree:         2233724 kB
Active:           455924 kB
Mem:          3.8G       1.7G       2.1G       5.7M        61M       1.2G

MemTotal:        4016004 kB
MemFree:         2234040 kB
Active:           455884 kB
Mem:          3.8G       1.7G       2.1G       5.7M        61M       1.2G

MemTotal:        4016004 kB
MemFree:         2184240 kB
Active:           455944 kB
Mem:          3.8G       1.7G       2.1G       5.7M        61M       1.3G

MemTotal:        4016004 kB
MemFree:         3164176 kB
Active:           452456 kB
Mem:          3.8G       831M       3.0G       5.7M        61M       360M

MemTotal:        4016004 kB
MemFree:         3153804 kB
Active:           452300 kB
Mem:          3.8G       843M       3.0G       5.7M        61M       374M

MemTotal:        4016004 kB
MemFree:         2866068 kB
Active:           453440 kB
Mem:          3.8G       1.1G       2.7G       5.7M        61M       647M

MemTotal:        4016004 kB
MemFree:         2810784 kB
Active:           453712 kB
Mem:          3.8G       1.1G       2.7G       5.7M        61M       699M

MemTotal:        4016004 kB
MemFree:         2769312 kB
Active:           453868 kB
Mem:          3.8G       1.2G       2.6G       5.7M        61M       739M

MemTotal:        4016004 kB
MemFree:         2720484 kB
Active:           454044 kB
Mem:          3.8G       1.2G       2.6G       5.7M        61M       785M

MemTotal:        4016004 kB
MemFree:         2674864 kB
Active:           454200 kB
Mem:          3.8G       1.3G       2.6G       5.7M        61M       828M

MemTotal:        4016004 kB
MemFree:         2675084 kB
Active:           454256 kB
Mem:          3.8G       1.3G       2.6G       5.7M        61M       828M

MemTotal:        4016004 kB
MemFree:         2675148 kB
Active:           454240 kB
Mem:          3.8G       1.3G       2.6G       5.7M        61M       828M

MemTotal:        4016004 kB
MemFree:         2675432 kB
Active:           454272 kB
Mem:          3.8G       1.3G       2.6G       5.7M        61M       828M

MemTotal:        4016004 kB
MemFree:         2508180 kB
Active:           454776 kB
Mem:          3.8G       1.4G       2.4G       5.7M        61M       987M

MemTotal:        4016004 kB
MemFree:         2445836 kB
Active:           455084 kB
Mem:          3.8G       1.5G       2.3G       5.7M        61M       1.0G

MemTotal:        4016004 kB
MemFree:         2430832 kB
Active:           455224 kB
Mem:          3.8G       1.5G       2.3G       5.7M        61M       1.0G

MemTotal:        4016004 kB
MemFree:         2431020 kB
Active:           455212 kB
Mem:          3.8G       1.5G       2.3G       5.7M        61M       1.0G

MemTotal:        4016004 kB
MemFree:         2431148 kB
Active:           455208 kB
Mem:          3.8G       1.5G       2.3G       5.7M        61M       1.0G

MemTotal:        4016004 kB
MemFree:         2296932 kB
Active:           455516 kB
Mem:          3.8G       1.6G       2.2G       5.7M        61M       1.2G

MemTotal:        4016004 kB
MemFree:         2229828 kB
Active:           455876 kB
Mem:          3.8G       1.7G       2.1G       5.7M        61M       1.2G

MemTotal:        4016004 kB
MemFree:         2229768 kB
Active:           455980 kB
Mem:          3.8G       1.7G       2.1G       5.7M        61M       1.2G

MemTotal:        4016004 kB
MemFree:         2229928 kB
Active:           455992 kB
Mem:          3.8G       1.7G       2.1G       5.7M        61M       1.2G

MemTotal:        4016004 kB
MemFree:         2475452 kB
Active:           455164 kB
Mem:          3.8G       1.5G       2.4G       5.7M        61M       1.0G

MemTotal:        4016004 kB
MemFree:         3140884 kB
Active:           452644 kB
Mem:          3.8G       854M       3.0G       5.7M        61M       382M

MemTotal:        4016004 kB
MemFree:         3182552 kB
Active:           452480 kB
Mem:          3.8G       814M       3.0G       5.7M        61M       343M

MemTotal:        4016004 kB
MemFree:         2910740 kB
Active:           453140 kB
Mem:          3.8G       1.1G       2.8G       5.7M        61M       604M

MemTotal:        4016004 kB
MemFree:         2828292 kB
Active:           453692 kB
Mem:          3.8G       1.1G       2.7G       5.7M        61M       683M

MemTotal:        4016004 kB
MemFree:         2776640 kB
Active:           453836 kB
Mem:          3.8G       1.2G       2.6G       5.7M        61M       732M

MemTotal:        4016004 kB
MemFree:         3082044 kB
Active:           451988 kB
Mem:          3.8G       911M       2.9G       5.7M        61M       439M

MemTotal:        4016004 kB
MemFree:         3128752 kB
Active:           451680 kB
Mem:          3.8G       866M       3.0G       5.7M        61M       396M

MemTotal:        4016004 kB
MemFree:         3175804 kB
Active:           451500 kB
Mem:          3.8G       820M       3.0G       5.7M        61M       350M

MemTotal:        4016004 kB
MemFree:         3204588 kB
Active:           451284 kB
Mem:          3.8G       792M       3.1G       5.7M        61M       323M

MemTotal:        4016004 kB
MemFree:         3204988 kB
Active:           451108 kB
Mem:          3.8G       791M       3.1G       5.7M        61M       323M

MemTotal:        4016004 kB
MemFree:         3205484 kB
Active:           451088 kB
Mem:          3.8G       791M       3.1G       5.7M        61M       323M

MemTotal:        4016004 kB
MemFree:         3205608 kB
Active:           451100 kB
Mem:          3.8G       791M       3.1G       5.7M        61M       323M

MemTotal:        4016004 kB
MemFree:         3205608 kB
Active:           451080 kB
Mem:          3.8G       791M       3.1G       5.7M        61M       323M

MemTotal:        4016004 kB
MemFree:         3205484 kB
Active:           451068 kB
Mem:          3.8G       791M       3.1G       5.7M        61M       323M

MemTotal:        4016004 kB
MemFree:         3205360 kB
Active:           451108 kB
Mem:          3.8G       791M       3.1G       5.7M        61M       323M

MemTotal:        4016004 kB
MemFree:         3205484 kB
Active:           451096 kB
Mem:          3.8G       791M       3.1G       5.7M        61M       323M

MemTotal:        4016004 kB
MemFree:         3205484 kB
Active:           451084 kB
Mem:          3.8G       791M       3.1G       5.7M        61M       323M

MemTotal:        4016004 kB
MemFree:         3205360 kB
Active:           451076 kB
Mem:          3.8G       791M       3.1G       5.7M        61M       323M

MemTotal:        4016004 kB
MemFree:         3205732 kB
Active:           451104 kB
Mem:          3.8G       791M       3.1G       5.7M        61M       323M

MemTotal:        4016004 kB
MemFree:         3205608 kB
Active:           451112 kB
Mem:          3.8G       791M       3.1G       5.7M        61M       323M

MemTotal:        4016004 kB
MemFree:         3205484 kB
Active:           451120 kB
Mem:          3.8G       791M       3.1G       5.7M        61M       323M

MemTotal:        4016004 kB
MemFree:         3205484 kB
Active:           451088 kB
Mem:          3.8G       791M       3.1G       5.7M        61M       323M

MemTotal:        4016004 kB
MemFree:         3205112 kB
Active:           451128 kB
Mem:          3.8G       791M       3.1G       5.7M        61M       323M

MemTotal:        4016004 kB
MemFree:         3205360 kB
Active:           451108 kB
Mem:          3.8G       791M       3.1G       5.7M        61M       323M

MemTotal:        4016004 kB
MemFree:         3205360 kB
Active:           451120 kB
Mem:          3.8G       791M       3.1G       5.7M        61M       323M

MemTotal:        4016004 kB
MemFree:         3205064 kB
Active:           451116 kB
Mem:          3.8G       792M       3.1G       5.7M        61M       323M

MemTotal:        4016004 kB
MemFree:         3205112 kB
Active:           451084 kB
Mem:          3.8G       791M       3.1G       5.7M        61M       323M

MemTotal:        4016004 kB
MemFree:         3204864 kB
Active:           451132 kB
Mem:          3.8G       791M       3.1G       5.7M        61M       323M

MemTotal:        4016004 kB
MemFree:         3205360 kB
Active:           451128 kB
Mem:          3.8G       791M       3.1G       5.7M        61M       323M

MemTotal:        4016004 kB
MemFree:         3205360 kB
Active:           451088 kB
Mem:          3.8G       791M       3.1G       5.7M        61M       323M

MemTotal:        4016004 kB
MemFree:         3205360 kB
Active:           451092 kB
Mem:          3.8G       791M       3.1G       5.7M        61M       323M

MemTotal:        4016004 kB
MemFree:         3205360 kB
Active:           451112 kB
Mem:          3.8G       791M       3.1G       5.7M        61M       323M

MemTotal:        4016004 kB
MemFree:         3205360 kB
Active:           451116 kB
Mem:          3.8G       791M       3.1G       5.7M        61M       323M

MemTotal:        4016004 kB
MemFree:         3205236 kB
Active:           451112 kB
Mem:          3.8G       791M       3.1G       5.7M        61M       323M

MemTotal:        4016004 kB
MemFree:         3204988 kB
Active:           451096 kB
Mem:          3.8G       792M       3.1G       5.7M        61M       323M

MemTotal:        4016004 kB
MemFree:         3204988 kB
Active:           451116 kB
Mem:          3.8G       791M       3.1G       5.7M        61M       323M

MemTotal:        4016004 kB
MemFree:         3204988 kB
Active:           451092 kB
Mem:          3.8G       792M       3.1G       5.7M        61M       323M

MemTotal:        4016004 kB
MemFree:         3204864 kB
Active:           451132 kB
Mem:          3.8G       791M       3.1G       5.7M        61M       323M

MemTotal:        4016004 kB
MemFree:         3204740 kB
Active:           451160 kB
Mem:          3.8G       791M       3.1G       5.7M        61M       323M

MemTotal:        4016004 kB
MemFree:         3204988 kB
Active:           451120 kB
Mem:          3.8G       791M       3.1G       5.7M        61M       323M

MemTotal:        4016004 kB
MemFree:         3205484 kB
Active:           451148 kB
Mem:          3.8G       791M       3.1G       5.7M        61M       323M

MemTotal:        4016004 kB
MemFree:         3205732 kB
Active:           451112 kB
Mem:          3.8G       791M       3.1G       5.7M        61M       323M

MemTotal:        4016004 kB
MemFree:         3205608 kB
Active:           451136 kB
Mem:          3.8G       791M       3.1G       5.7M        61M       323M

MemTotal:        4016004 kB
MemFree:         3205608 kB
Active:           451136 kB
Mem:          3.8G       791M       3.1G       5.7M        61M       323M

MemTotal:        4016004 kB
MemFree:         3205484 kB
Active:           451152 kB
Mem:          3.8G       791M       3.1G       5.7M        61M       323M

MemTotal:        4016004 kB
MemFree:         3205484 kB
Active:           451116 kB
Mem:          3.8G       791M       3.1G       5.7M        61M       323M

MemTotal:        4016004 kB
MemFree:         3205484 kB
Active:           451140 kB
Mem:          3.8G       791M       3.1G       5.7M        61M       323M

MemTotal:        4016004 kB
MemFree:         3205484 kB
Active:           451168 kB
Mem:          3.8G       791M       3.1G       5.7M        61M       323M

MemTotal:        4016004 kB
MemFree:         3205112 kB
Active:           451176 kB
Mem:          3.8G       791M       3.1G       5.7M        61M       323M

MemTotal:        4016004 kB
MemFree:         3205252 kB
Active:           451164 kB
Mem:          3.8G       791M       3.1G       5.7M        61M       323M

MemTotal:        4016004 kB
MemFree:         3205128 kB
Active:           451172 kB
Mem:          3.8G       791M       3.1G       5.7M        61M       323M

MemTotal:        4016004 kB
MemFree:         3205624 kB
Active:           451168 kB
Mem:          3.8G       791M       3.1G       5.7M        61M       323M

MemTotal:        4016004 kB
MemFree:         3205500 kB
Active:           451140 kB
Mem:          3.8G       791M       3.1G       5.7M        61M       323M

MemTotal:        4016004 kB
MemFree:         3205500 kB
Active:           451188 kB
Mem:          3.8G       791M       3.1G       5.7M        61M       323M

MemTotal:        4016004 kB
MemFree:         3205500 kB
Active:           451160 kB
Mem:          3.8G       791M       3.1G       5.7M        61M       323M

MemTotal:        4016004 kB
MemFree:         3205624 kB
Active:           451180 kB
Mem:          3.8G       791M       3.1G       5.7M        61M       323M

MemTotal:        4016004 kB
MemFree:         3205004 kB
Active:           451200 kB
Mem:          3.8G       791M       3.1G       5.7M        61M       323M

MemTotal:        4016004 kB
MemFree:         3205500 kB
Active:           451172 kB
Mem:          3.8G       791M       3.1G       5.7M        61M       323M

MemTotal:        4016004 kB
MemFree:         3205376 kB
Active:           451188 kB
