MemTotal:        4016004 kB
MemFree:         3256288 kB
Active:           406400 kB
Mem:          3.8G       741M       3.1G       5.7M        54M       314M

MemTotal:        4016004 kB
MemFree:         3256184 kB
Active:           406648 kB
Mem:          3.8G       742M       3.1G       5.7M        54M       314M

MemTotal:        4016004 kB
MemFree:         3256664 kB
Active:           406480 kB
Mem:          3.8G       741M       3.1G       5.7M        54M       314M

MemTotal:        4016004 kB
MemFree:         3256352 kB
Active:           406500 kB
Mem:          3.8G       742M       3.1G       5.7M        54M       314M

MemTotal:        4016004 kB
MemFree:         3256212 kB
Active:           406512 kB
Mem:          3.8G       741M       3.1G       5.7M        54M       314M

MemTotal:        4016004 kB
MemFree:         3256244 kB
Active:           406568 kB
Mem:          3.8G       742M       3.1G       5.7M        54M       314M

MemTotal:        4016004 kB
MemFree:         3255708 kB
Active:           406620 kB
Mem:          3.8G       742M       3.1G       5.7M        54M       314M

MemTotal:        4016004 kB
MemFree:         3255816 kB
Active:           406584 kB
Mem:          3.8G       742M       3.1G       5.7M        54M       314M

MemTotal:        4016004 kB
MemFree:         3256296 kB
Active:           406612 kB
Mem:          3.8G       742M       3.1G       5.7M        54M       314M

MemTotal:        4016004 kB
MemFree:         3256048 kB
Active:           406568 kB
Mem:          3.8G       741M       3.1G       5.7M        54M       314M

MemTotal:        4016004 kB
MemFree:         3256420 kB
Active:           406596 kB
Mem:          3.8G       741M       3.1G       5.7M        54M       314M

MemTotal:        4016004 kB
MemFree:         3256296 kB
Active:           406620 kB
Mem:          3.8G       741M       3.1G       5.7M        54M       314M

MemTotal:        4016004 kB
MemFree:         3256296 kB
Active:           406580 kB
Mem:          3.8G       742M       3.1G       5.7M        54M       314M

MemTotal:        4016004 kB
MemFree:         3256172 kB
Active:           406620 kB
Mem:          3.8G       741M       3.1G       5.7M        54M       314M

MemTotal:        4016004 kB
MemFree:         3256172 kB
Active:           406628 kB
Mem:          3.8G       741M       3.1G       5.7M        54M       314M

MemTotal:        4016004 kB
MemFree:         3255692 kB
Active:           406628 kB
Mem:          3.8G       742M       3.1G       5.7M        54M       314M

MemTotal:        4016004 kB
MemFree:         3254032 kB
Active:           406568 kB
Mem:          3.8G       744M       3.1G       5.7M        54M       314M

MemTotal:        4016004 kB
MemFree:         3254528 kB
Active:           408648 kB
Mem:          3.8G       743M       3.1G       5.7M        54M       314M

MemTotal:        4016004 kB
MemFree:         3254624 kB
Active:           408616 kB
Mem:          3.8G       743M       3.1G       5.7M        54M       314M

MemTotal:        4016004 kB
MemFree:         3254624 kB
Active:           408636 kB
Mem:          3.8G       743M       3.1G       5.7M        54M       314M

MemTotal:        4016004 kB
MemFree:         3254624 kB
Active:           408628 kB
Mem:          3.8G       743M       3.1G       5.7M        54M       314M

MemTotal:        4016004 kB
MemFree:         3254252 kB
Active:           408660 kB
Mem:          3.8G       743M       3.1G       5.7M        54M       314M

MemTotal:        4016004 kB
MemFree:         3254236 kB
Active:           408660 kB
Mem:          3.8G       743M       3.1G       5.7M        54M       314M

MemTotal:        4016004 kB
MemFree:         3254468 kB
Active:           408616 kB
Mem:          3.8G       743M       3.1G       5.7M        54M       314M

MemTotal:        4016004 kB
MemFree:         3254328 kB
Active:           408640 kB
Mem:          3.8G       743M       3.1G       5.7M        54M       314M

MemTotal:        4016004 kB
MemFree:         3254188 kB
Active:           408652 kB
Mem:          3.8G       744M       3.1G       5.7M        54M       314M

MemTotal:        4016004 kB
MemFree:         3253736 kB
Active:           406624 kB
Mem:          3.8G       744M       3.1G       5.7M        54M       314M

MemTotal:        4016004 kB
MemFree:         3253968 kB
Active:           408628 kB
Mem:          3.8G       743M       3.1G       5.7M        54M       314M

MemTotal:        4016004 kB
MemFree:         3253860 kB
Active:           408680 kB
Mem:          3.8G       744M       3.1G       5.7M        54M       314M

MemTotal:        4016004 kB
MemFree:         3253860 kB
Active:           408680 kB
Mem:          3.8G       743M       3.1G       5.7M        54M       314M

MemTotal:        4016004 kB
MemFree:         3254232 kB
Active:           408680 kB
Mem:          3.8G       743M       3.1G       5.7M        54M       314M

MemTotal:        4016004 kB
MemFree:         3254604 kB
Active:           408628 kB
Mem:          3.8G       743M       3.1G       5.7M        54M       314M

MemTotal:        4016004 kB
MemFree:         3254604 kB
Active:           408644 kB
Mem:          3.8G       743M       3.1G       5.7M        54M       314M

MemTotal:        4016004 kB
MemFree:         3254728 kB
Active:           408652 kB
Mem:          3.8G       743M       3.1G       5.7M        54M       314M

MemTotal:        4016004 kB
MemFree:         3254604 kB
Active:           408668 kB
Mem:          3.8G       743M       3.1G       5.7M        54M       314M

MemTotal:        4016004 kB
MemFree:         3254356 kB
Active:           408688 kB
Mem:          3.8G       743M       3.1G       5.7M        54M       314M

MemTotal:        4016004 kB
MemFree:         3254340 kB
Active:           408692 kB
Mem:          3.8G       743M       3.1G       5.7M        54M       314M

MemTotal:        4016004 kB
MemFree:         3254596 kB
Active:           408652 kB
Mem:          3.8G       743M       3.1G       5.7M        54M       314M

MemTotal:        4016004 kB
MemFree:         3254800 kB
Active:           408676 kB
Mem:          3.8G       743M       3.1G       5.7M        54M       314M

MemTotal:        4016004 kB
MemFree:         3254552 kB
Active:           408688 kB
Mem:          3.8G       743M       3.1G       5.7M        54M       314M

MemTotal:        4016004 kB
MemFree:         3254552 kB
Active:           408640 kB
Mem:          3.8G       743M       3.1G       5.7M        54M       314M

MemTotal:        4016004 kB
MemFree:         3254056 kB
Active:           408700 kB
Mem:          3.8G       743M       3.1G       5.7M        54M       314M

MemTotal:        4016004 kB
MemFree:         3254164 kB
Active:           408656 kB
Mem:          3.8G       743M       3.1G       5.7M        54M       314M

MemTotal:        4016004 kB
MemFree:         3254148 kB
Active:           408652 kB
Mem:          3.8G       743M       3.1G       5.7M        54M       314M

MemTotal:        4016004 kB
MemFree:         3254132 kB
Active:           408676 kB
Mem:          3.8G       743M       3.1G       5.7M        54M       314M

MemTotal:        4016004 kB
MemFree:         3253744 kB
Active:           408704 kB
Mem:          3.8G       744M       3.1G       5.7M        54M       314M

MemTotal:        4016004 kB
MemFree:         3253636 kB
Active:           408704 kB
Mem:          3.8G       744M       3.1G       5.7M        54M       314M

MemTotal:        4016004 kB
MemFree:         3254008 kB
Active:           408648 kB
Mem:          3.8G       744M       3.1G       5.7M        54M       314M

MemTotal:        4016004 kB
MemFree:         3253884 kB
Active:           408712 kB
Mem:          3.8G       744M       3.1G       5.7M        54M       314M

MemTotal:        4016004 kB
MemFree:         3253760 kB
Active:           408716 kB
Mem:          3.8G       744M       3.1G       5.7M        54M       314M

MemTotal:        4016004 kB
MemFree:         3253884 kB
Active:           408716 kB
Mem:          3.8G       743M       3.1G       5.7M        54M       314M

MemTotal:        4016004 kB
MemFree:         3254008 kB
Active:           408668 kB
Mem:          3.8G       744M       3.1G       5.7M        54M       314M

MemTotal:        4016004 kB
MemFree:         3253636 kB
Active:           408736 kB
Mem:          3.8G       744M       3.1G       5.7M        54M       314M

MemTotal:        4016004 kB
MemFree:         3253868 kB
Active:           408696 kB
Mem:          3.8G       744M       3.1G       5.7M        54M       314M

MemTotal:        4016004 kB
MemFree:         3253700 kB
Active:           408720 kB
Mem:          3.8G       744M       3.1G       5.7M        54M       314M

MemTotal:        4016004 kB
MemFree:         3253452 kB
Active:           408736 kB
Mem:          3.8G       744M       3.1G       5.7M        54M       314M

MemTotal:        4016004 kB
MemFree:         3253948 kB
Active:           408692 kB
Mem:          3.8G       744M       3.1G       5.7M        54M       314M

MemTotal:        4016004 kB
MemFree:         3253808 kB
Active:           408700 kB
Mem:          3.8G       744M       3.1G       5.7M        55M       314M

MemTotal:        4016004 kB
MemFree:         3253792 kB
Active:           408712 kB
Mem:          3.8G       744M       3.1G       5.7M        55M       314M

MemTotal:        4016004 kB
MemFree:         3253652 kB
Active:           408756 kB
Mem:          3.8G       744M       3.1G       5.7M        55M       314M

MemTotal:        4016004 kB
MemFree:         3253900 kB
Active:           408716 kB
Mem:          3.8G       744M       3.1G       5.7M        55M       314M

MemTotal:        4016004 kB
MemFree:         3254024 kB
Active:           408740 kB
Mem:          3.8G       743M       3.1G       5.7M        55M       314M

MemTotal:        4016004 kB
MemFree:         3254272 kB
Active:           408708 kB
Mem:          3.8G       743M       3.1G       5.7M        55M       314M

MemTotal:        4016004 kB
MemFree:         3253900 kB
Active:           408756 kB
Mem:          3.8G       744M       3.1G       5.7M        55M       314M

MemTotal:        4016004 kB
MemFree:         3253776 kB
Active:           408764 kB
Mem:          3.8G       744M       3.1G       5.7M        55M       314M

MemTotal:        4016004 kB
MemFree:         3253900 kB
Active:           408724 kB
Mem:          3.8G       744M       3.1G       5.7M        55M       314M

MemTotal:        4016004 kB
MemFree:         3253760 kB
Active:           408732 kB
Mem:          3.8G       744M       3.1G       5.7M        55M       314M

MemTotal:        4016004 kB
MemFree:         3254116 kB
Active:           408736 kB
Mem:          3.8G       744M       3.1G       5.7M        55M       314M

MemTotal:        4016004 kB
MemFree:         3254180 kB
Active:           408744 kB
Mem:          3.8G       743M       3.1G       5.7M        55M       314M

MemTotal:        4016004 kB
MemFree:         3254304 kB
Active:           408740 kB
Mem:          3.8G       743M       3.1G       5.7M        55M       314M

MemTotal:        4016004 kB
MemFree:         3253932 kB
Active:           408768 kB
Mem:          3.8G       744M       3.1G       5.7M        55M       314M

MemTotal:        4016004 kB
MemFree:         3254180 kB
Active:           408732 kB
Mem:          3.8G       744M       3.1G       5.7M        55M       314M

MemTotal:        4016004 kB
MemFree:         3253792 kB
Active:           408768 kB
Mem:          3.8G       744M       3.1G       5.7M        55M       314M

MemTotal:        4016004 kB
MemFree:         3254272 kB
Active:           408720 kB
Mem:          3.8G       744M       3.1G       5.7M        55M       314M

MemTotal:        4016004 kB
MemFree:         3253760 kB
Active:           408732 kB
Mem:          3.8G       744M       3.1G       5.7M        55M       314M

MemTotal:        4016004 kB
MemFree:         3253868 kB
Active:           408748 kB
Mem:          3.8G       744M       3.1G       5.7M        55M       314M

MemTotal:        4016004 kB
MemFree:         3251368 kB
Active:           406716 kB
Mem:          3.8G       746M       3.1G       5.7M        55M       314M

MemTotal:        4016004 kB
MemFree:         3251540 kB
Active:           410812 kB
Mem:          3.8G       746M       3.1G       5.7M        55M       314M

MemTotal:        4016004 kB
MemFree:         3251788 kB
Active:           410804 kB
Mem:          3.8G       746M       3.1G       5.7M        55M       314M

MemTotal:        4016004 kB
MemFree:         3252036 kB
Active:           410756 kB
Mem:          3.8G       746M       3.1G       5.7M        55M       314M

MemTotal:        4016004 kB
MemFree:         3251540 kB
Active:           410812 kB
Mem:          3.8G       746M       3.1G       5.7M        55M       314M

MemTotal:        4016004 kB
MemFree:         3251912 kB
Active:           410768 kB
Mem:          3.8G       746M       3.1G       5.7M        55M       314M

MemTotal:        4016004 kB
MemFree:         3252036 kB
Active:           410816 kB
Mem:          3.8G       746M       3.1G       5.7M        55M       314M

MemTotal:        4016004 kB
MemFree:         3251756 kB
Active:           410832 kB
Mem:          3.8G       746M       3.1G       5.7M        55M       314M

MemTotal:        4016004 kB
MemFree:         3251820 kB
Active:           410832 kB
Mem:          3.8G       745M       3.1G       5.7M        55M       314M

MemTotal:        4016004 kB
MemFree:         3252192 kB
Active:           410788 kB
Mem:          3.8G       745M       3.1G       5.7M        55M       314M

MemTotal:        4016004 kB
MemFree:         3251944 kB
Active:           410832 kB
Mem:          3.8G       746M       3.1G       5.7M        55M       314M

MemTotal:        4016004 kB
MemFree:         3251944 kB
Active:           410796 kB
Mem:          3.8G       746M       3.1G       5.7M        55M       314M

MemTotal:        4016004 kB
MemFree:         3251448 kB
Active:           410840 kB
Mem:          3.8G       746M       3.1G       5.7M        55M       314M

MemTotal:        4016004 kB
MemFree:         3251820 kB
Active:           410792 kB
Mem:          3.8G       746M       3.1G       5.7M        55M       314M

MemTotal:        4016004 kB
MemFree:         3251432 kB
Active:           410840 kB
Mem:          3.8G       746M       3.1G       5.7M        55M       314M

MemTotal:        4016004 kB
MemFree:         3251664 kB
Active:           410828 kB
Mem:          3.8G       746M       3.1G       5.7M        55M       314M

MemTotal:        4016004 kB
MemFree:         3251648 kB
Active:           410796 kB
Mem:          3.8G       746M       3.1G       5.7M        55M       314M

MemTotal:        4016004 kB
MemFree:         3251416 kB
Active:           410840 kB
Mem:          3.8G       746M       3.1G       5.7M        55M       314M

MemTotal:        4016004 kB
MemFree:         3251788 kB
Active:           410788 kB
Mem:          3.8G       746M       3.1G       5.7M        55M       314M

MemTotal:        4016004 kB
MemFree:         3251788 kB
Active:           410792 kB
Mem:          3.8G       746M       3.1G       5.7M        55M       314M

MemTotal:        4016004 kB
MemFree:         3249864 kB
Active:           410760 kB
Mem:          3.8G       748M       3.1G       5.7M        55M       314M

MemTotal:        4016004 kB
MemFree:         3249616 kB
Active:           412876 kB
Mem:          3.8G       748M       3.1G       5.7M        55M       314M

MemTotal:        4016004 kB
MemFree:         3249244 kB
Active:           412876 kB
Mem:          3.8G       748M       3.1G       5.7M        55M       314M

MemTotal:        4016004 kB
MemFree:         3249492 kB
Active:           412852 kB
Mem:          3.8G       748M       3.1G       5.7M        55M       314M

MemTotal:        4016004 kB
MemFree:         3248932 kB
Active:           413024 kB
Mem:          3.8G       749M       3.1G       5.7M        55M       314M

MemTotal:        4016004 kB
MemFree:         3208240 kB
Active:           413412 kB
Mem:          3.8G       789M       3.1G       5.7M        55M       353M

MemTotal:        4016004 kB
MemFree:         3164728 kB
Active:           413440 kB
Mem:          3.8G       831M       3.0G       5.7M        55M       396M

MemTotal:        4016004 kB
MemFree:         3120612 kB
Active:           413452 kB
Mem:          3.8G       874M       3.0G       5.7M        55M       438M

MemTotal:        4016004 kB
MemFree:         3076884 kB
Active:           413464 kB
Mem:          3.8G       917M       2.9G       5.7M        55M       481M

MemTotal:        4016004 kB
MemFree:         3032644 kB
Active:           413496 kB
Mem:          3.8G       960M       2.9G       5.7M        55M       523M

MemTotal:        4016004 kB
MemFree:         2988464 kB
Active:           413596 kB
Mem:          3.8G       1.0G       2.8G       5.7M        55M       565M

MemTotal:        4016004 kB
MemFree:         2944332 kB
Active:           413576 kB
Mem:          3.8G       1.0G       2.8G       5.7M        55M       608M

MemTotal:        4016004 kB
MemFree:         2899844 kB
Active:           413592 kB
Mem:          3.8G       1.1G       2.8G       5.7M        55M       650M

MemTotal:        4016004 kB
MemFree:         2856580 kB
Active:           413628 kB
Mem:          3.8G       1.1G       2.7G       5.7M        55M       692M

MemTotal:        4016004 kB
MemFree:         2812528 kB
Active:           413652 kB
Mem:          3.8G       1.1G       2.7G       5.7M        55M       734M

MemTotal:        4016004 kB
MemFree:         2769480 kB
Active:           413712 kB
Mem:          3.8G       1.2G       2.6G       5.7M        55M       776M

MemTotal:        4016004 kB
MemFree:         2748540 kB
Active:           413724 kB
Mem:          3.8G       1.2G       2.6G       5.7M        55M       796M

MemTotal:        4016004 kB
MemFree:         2704300 kB
Active:           413756 kB
Mem:          3.8G       1.3G       2.6G       5.7M        55M       838M

MemTotal:        4016004 kB
MemFree:         2693728 kB
Active:           413748 kB
Mem:          3.8G       1.3G       2.6G       5.7M        55M       848M

MemTotal:        4016004 kB
MemFree:         2654208 kB
Active:           413792 kB
Mem:          3.8G       1.3G       2.5G       5.7M        55M       886M

MemTotal:        4016004 kB
MemFree:         2610536 kB
Active:           413780 kB
Mem:          3.8G       1.3G       2.5G       5.7M        55M       928M

MemTotal:        4016004 kB
MemFree:         2610044 kB
Active:           413804 kB
Mem:          3.8G       1.3G       2.5G       5.7M        55M       928M

MemTotal:        4016004 kB
MemFree:         2591092 kB
Active:           413832 kB
Mem:          3.8G       1.4G       2.5G       5.7M        55M       947M

MemTotal:        4016004 kB
MemFree:         2547100 kB
Active:           413820 kB
Mem:          3.8G       1.4G       2.4G       5.7M        55M       989M

MemTotal:        4016004 kB
MemFree:         2502488 kB
Active:           413860 kB
Mem:          3.8G       1.4G       2.4G       5.7M        55M       1.0G

MemTotal:        4016004 kB
MemFree:         2458852 kB
Active:           413884 kB
Mem:          3.8G       1.5G       2.3G       5.7M        55M       1.0G

MemTotal:        4016004 kB
MemFree:         2414844 kB
Active:           413896 kB
Mem:          3.8G       1.5G       2.3G       5.7M        55M       1.1G

MemTotal:        4016004 kB
MemFree:         2370868 kB
Active:           413900 kB
Mem:          3.8G       1.6G       2.3G       5.7M        55M       1.1G

MemTotal:        4016004 kB
MemFree:         2338872 kB
Active:           413960 kB
Mem:          3.8G       1.6G       2.2G       5.7M        55M       1.2G

MemTotal:        4016004 kB
MemFree:         2316236 kB
Active:           413944 kB
Mem:          3.8G       1.6G       2.2G       5.7M        55M       1.2G

MemTotal:        4016004 kB
MemFree:         2272028 kB
Active:           413992 kB
Mem:          3.8G       1.7G       2.2G       5.7M        55M       1.2G

MemTotal:        4016004 kB
MemFree:         2237508 kB
Active:           414016 kB
Mem:          3.8G       1.7G       2.1G       5.7M        55M       1.3G

MemTotal:        4016004 kB
MemFree:         2236244 kB
Active:           414044 kB
Mem:          3.8G       1.7G       2.1G       5.7M        55M       1.3G

MemTotal:        4016004 kB
MemFree:         2204924 kB
Active:           414040 kB
Mem:          3.8G       1.7G       2.1G       5.7M        55M       1.3G

MemTotal:        4016004 kB
MemFree:         2161504 kB
Active:           414068 kB
Mem:          3.8G       1.8G       2.1G       5.7M        55M       1.3G

MemTotal:        4016004 kB
MemFree:         2118928 kB
Active:           414100 kB
Mem:          3.8G       1.8G       2.0G       5.7M        55M       1.4G

MemTotal:        4016004 kB
MemFree:         2075820 kB
Active:           414096 kB
Mem:          3.8G       1.9G       2.0G       5.7M        55M       1.4G

MemTotal:        4016004 kB
MemFree:         2031440 kB
Active:           414140 kB
Mem:          3.8G       1.9G       1.9G       5.7M        55M       1.5G

MemTotal:        4016004 kB
MemFree:         1987216 kB
Active:           414184 kB
Mem:          3.8G       1.9G       1.9G       5.7M        55M       1.5G

MemTotal:        4016004 kB
MemFree:         1943224 kB
Active:           414172 kB
Mem:          3.8G       2.0G       1.9G       5.7M        55M       1.5G

MemTotal:        4016004 kB
MemFree:         1899480 kB
Active:           414216 kB
Mem:          3.8G       2.0G       1.8G       5.7M        55M       1.6G

MemTotal:        4016004 kB
MemFree:         1855780 kB
Active:           414276 kB
Mem:          3.8G       2.1G       1.8G       5.7M        55M       1.6G

MemTotal:        4016004 kB
MemFree:         1812164 kB
Active:           414260 kB
Mem:          3.8G       2.1G       1.7G       5.7M        55M       1.7G

MemTotal:        4016004 kB
MemFree:         1784076 kB
Active:           414280 kB
Mem:          3.8G       2.1G       1.7G       5.7M        55M       1.7G

MemTotal:        4016004 kB
MemFree:         1779932 kB
Active:           414352 kB
Mem:          3.8G       2.1G       1.7G       5.7M        55M       1.7G

MemTotal:        4016004 kB
MemFree:         1737136 kB
Active:           414380 kB
Mem:          3.8G       2.2G       1.7G       5.7M        55M       1.7G

MemTotal:        4016004 kB
MemFree:         1736752 kB
Active:           414388 kB
Mem:          3.8G       2.2G       1.7G       5.7M        55M       1.7G

MemTotal:        4016004 kB
MemFree:         1727448 kB
Active:           414392 kB
Mem:          3.8G       2.2G       1.6G       5.7M        55M       1.7G

MemTotal:        4016004 kB
MemFree:         1683580 kB
Active:           414412 kB
Mem:          3.8G       2.2G       1.6G       5.7M        55M       1.8G

MemTotal:        4016004 kB
MemFree:         1639076 kB
Active:           414440 kB
Mem:          3.8G       2.3G       1.6G       5.7M        55M       1.8G

MemTotal:        4016004 kB
MemFree:         1593344 kB
Active:           416484 kB
Mem:          3.8G       2.3G       1.5G       5.7M        55M       1.9G

MemTotal:        4016004 kB
MemFree:         1548856 kB
Active:           416512 kB
Mem:          3.8G       2.4G       1.5G       5.7M        55M       1.9G

MemTotal:        4016004 kB
MemFree:         1504864 kB
Active:           416532 kB
Mem:          3.8G       2.4G       1.4G       5.7M        55M       1.9G

MemTotal:        4016004 kB
MemFree:         1460500 kB
Active:           416556 kB
Mem:          3.8G       2.4G       1.4G       5.7M        55M       2.0G

MemTotal:        4016004 kB
MemFree:         1416276 kB
Active:           416580 kB
Mem:          3.8G       2.5G       1.4G       5.7M        56M       2.0G

MemTotal:        4016004 kB
MemFree:         1372740 kB
Active:           416600 kB
Mem:          3.8G       2.5G       1.3G       5.7M        56M       2.1G

MemTotal:        4016004 kB
MemFree:         1329200 kB
Active:           416636 kB
Mem:          3.8G       2.6G       1.3G       5.7M        56M       2.1G

MemTotal:        4016004 kB
MemFree:         1317964 kB
Active:           416644 kB
Mem:          3.8G       2.6G       1.3G       5.7M        56M       2.1G

MemTotal:        4016004 kB
MemFree:         1274296 kB
Active:           416676 kB
Mem:          3.8G       2.6G       1.2G       5.7M        56M       2.2G

MemTotal:        4016004 kB
MemFree:         1230060 kB
Active:           416700 kB
Mem:          3.8G       2.7G       1.2G       5.7M        56M       2.2G

MemTotal:        4016004 kB
MemFree:         1187924 kB
Active:           416724 kB
Mem:          3.8G       2.7G       1.1G       5.7M        56M       2.2G

MemTotal:        4016004 kB
MemFree:         1163964 kB
Active:           416740 kB
Mem:          3.8G       2.7G       1.1G       5.7M        56M       2.3G

MemTotal:        4016004 kB
MemFree:         1119600 kB
Active:           416764 kB
Mem:          3.8G       2.8G       1.1G       5.7M        56M       2.3G

MemTotal:        4016004 kB
MemFree:         1075360 kB
Active:           416784 kB
Mem:          3.8G       2.8G       1.0G       5.7M        56M       2.3G

MemTotal:        4016004 kB
MemFree:         1031120 kB
Active:           416804 kB
Mem:          3.8G       2.8G       1.0G       5.7M        56M       2.4G

MemTotal:        4016004 kB
MemFree:          987468 kB
Active:           416832 kB
Mem:          3.8G       2.9G       963M       5.7M        56M       2.4G

MemTotal:        4016004 kB
MemFree:          943040 kB
Active:           416872 kB
Mem:          3.8G       2.9G       920M       5.7M        56M       2.5G

MemTotal:        4016004 kB
MemFree:          898988 kB
Active:           416892 kB
Mem:          3.8G       3.0G       877M       5.7M        56M       2.5G

MemTotal:        4016004 kB
MemFree:          870072 kB
Active:           416920 kB
Mem:          3.8G       3.0G       849M       5.7M        56M       2.5G

MemTotal:        4016004 kB
MemFree:          869236 kB
Active:           416920 kB
Mem:          3.8G       3.0G       848M       5.7M        56M       2.5G

MemTotal:        4016004 kB
MemFree:          850052 kB
Active:           416952 kB
Mem:          3.8G       3.0G       829M       5.7M        56M       2.6G

MemTotal:        4016004 kB
MemFree:          849712 kB
Active:           416968 kB
Mem:          3.8G       3.0G       829M       5.7M        56M       2.6G

MemTotal:        4016004 kB
MemFree:          812668 kB
Active:           416988 kB
Mem:          3.8G       3.1G       793M       5.7M        56M       2.6G

MemTotal:        4016004 kB
MemFree:          768428 kB
Active:           417008 kB
Mem:          3.8G       3.1G       749M       5.7M        56M       2.6G

MemTotal:        4016004 kB
MemFree:          724312 kB
Active:           417028 kB
Mem:          3.8G       3.1G       706M       5.7M        56M       2.7G

MemTotal:        4016004 kB
MemFree:          680056 kB
Active:           417048 kB
Mem:          3.8G       3.2G       663M       5.7M        56M       2.7G

MemTotal:        4016004 kB
MemFree:          635700 kB
Active:           417080 kB
Mem:          3.8G       3.2G       620M       5.7M        56M       2.8G

MemTotal:        4016004 kB
MemFree:          591708 kB
Active:           417100 kB
Mem:          3.8G       3.3G       577M       5.7M        56M       2.8G

MemTotal:        4016004 kB
MemFree:          547344 kB
Active:           417124 kB
Mem:          3.8G       3.3G       533M       5.7M        56M       2.8G

MemTotal:        4016004 kB
MemFree:          503164 kB
Active:           417148 kB
Mem:          3.8G       3.4G       490M       5.7M        56M       2.9G

MemTotal:        4016004 kB
MemFree:          458444 kB
Active:           417168 kB
Mem:          3.8G       3.4G       447M       5.7M        56M       2.9G

MemTotal:        4016004 kB
MemFree:          415196 kB
Active:           417196 kB
Mem:          3.8G       3.4G       404M       5.7M        56M       3.0G

MemTotal:        4016004 kB
MemFree:          371080 kB
Active:           417220 kB
Mem:          3.8G       3.5G       361M       5.7M        56M       3.0G

MemTotal:        4016004 kB
MemFree:          334604 kB
Active:           417240 kB
Mem:          3.8G       3.5G       326M       5.7M        56M       3.0G

MemTotal:        4016004 kB
MemFree:          330384 kB
Active:           417088 kB
Mem:          3.8G       3.5G       321M       5.7M        56M       3.0G

MemTotal:        4016004 kB
MemFree:          286448 kB
Active:           417124 kB
Mem:          3.8G       3.6G       279M       5.7M        56M       3.1G

MemTotal:        4016004 kB
MemFree:          264160 kB
Active:           417140 kB
Mem:          3.8G       3.6G       257M       5.7M        56M       3.1G

MemTotal:        4016004 kB
MemFree:          263700 kB
Active:           417148 kB
Mem:          3.8G       3.6G       257M       5.7M        56M       3.1G

MemTotal:        4016004 kB
MemFree:          225120 kB
Active:           417164 kB
Mem:          3.8G       3.6G       219M       5.7M        56M       3.1G

MemTotal:        4016004 kB
MemFree:          181252 kB
Active:           417184 kB
Mem:          3.8G       3.7G       176M       5.7M        56M       3.2G

MemTotal:        4016004 kB
MemFree:          137260 kB
Active:           417208 kB
Mem:          3.8G       3.7G       134M       5.7M        56M       3.2G

MemTotal:        4016004 kB
MemFree:          129952 kB
Active:           413848 kB
Mem:          3.8G       3.7G       125M       5.7M        23M       3.3G

MemTotal:        4016004 kB
MemFree:          119708 kB
Active:           427740 kB
Mem:          3.8G       3.7G       117M       5.7M        21M       3.3G

MemTotal:        4016004 kB
MemFree:          107584 kB
Active:           444284 kB
Mem:          3.8G       3.7G       104M       5.7M        21M       3.3G

MemTotal:        4016004 kB
MemFree:          125652 kB
Active:           474260 kB
Mem:          3.8G       3.7G       128M       5.7M        21M       3.3G

MemTotal:        4016004 kB
MemFree:          108876 kB
Active:           469584 kB
Mem:          3.8G       3.7G       106M       5.7M        21M       3.3G

MemTotal:        4016004 kB
MemFree:          127300 kB
Active:           462176 kB
Mem:          3.8G       3.7G       124M       5.7M        21M       3.3G

MemTotal:        4016004 kB
MemFree:          121628 kB
Active:           462192 kB
Mem:          3.8G       3.7G       118M       5.7M        21M       3.3G

MemTotal:        4016004 kB
MemFree:          125592 kB
Active:           456460 kB
Mem:          3.8G       3.7G       122M       5.7M        21M       3.3G

MemTotal:        4016004 kB
MemFree:          112260 kB
Active:           453408 kB
Mem:          3.8G       3.7G       109M       5.7M        21M       3.3G

MemTotal:        4016004 kB
MemFree:          105256 kB
Active:           447928 kB
Mem:          3.8G       3.7G       102M       5.7M        21M       3.3G

MemTotal:        4016004 kB
MemFree:          116196 kB
Active:           445004 kB
Mem:          3.8G       3.7G       113M       5.7M        21M       3.3G

MemTotal:        4016004 kB
MemFree:          108768 kB
Active:           441576 kB
Mem:          3.8G       3.7G       105M       5.7M        21M       3.3G

MemTotal:        4016004 kB
MemFree:          118344 kB
Active:           435452 kB
Mem:          3.8G       3.7G       114M       5.7M        21M       3.3G

MemTotal:        4016004 kB
MemFree:          109692 kB
Active:           432016 kB
Mem:          3.8G       3.7G       106M       5.7M        21M       3.3G

MemTotal:        4016004 kB
MemFree:          127092 kB
Active:           426800 kB
Mem:          3.8G       3.7G       123M       5.7M        21M       3.3G

MemTotal:        4016004 kB
MemFree:          105036 kB
Active:           422864 kB
Mem:          3.8G       3.7G       106M       5.7M        21M       3.3G

MemTotal:        4016004 kB
MemFree:          104892 kB
Active:           417660 kB
Mem:          3.8G       3.7G       108M       5.7M        21M       3.3G

MemTotal:        4016004 kB
MemFree:          126728 kB
Active:           415380 kB
Mem:          3.8G       3.7G       123M       5.7M        21M       3.3G

MemTotal:        4016004 kB
MemFree:          127352 kB
Active:           414632 kB
Mem:          3.8G       3.7G       124M       5.7M        21M       3.3G

MemTotal:        4016004 kB
MemFree:          126912 kB
Active:           414652 kB
Mem:          3.8G       3.7G       122M       5.7M        21M       3.3G

MemTotal:        4016004 kB
MemFree:          118024 kB
Active:           414948 kB
Mem:          3.8G       3.7G       115M       5.7M        21M       3.3G

MemTotal:        4016004 kB
MemFree:          109856 kB
Active:           413532 kB
Mem:          3.8G       3.7G       106M       5.7M        21M       3.3G

MemTotal:        4016004 kB
MemFree:          118740 kB
Active:           411508 kB
Mem:          3.8G       3.7G       115M       5.7M        21M       3.3G

MemTotal:        4016004 kB
MemFree:          110816 kB
Active:           410376 kB
Mem:          3.8G       3.7G       108M       5.7M        21M       3.3G

MemTotal:        4016004 kB
MemFree:          128132 kB
Active:           408740 kB
Mem:          3.8G       3.7G       124M       5.7M        21M       3.3G

MemTotal:        4016004 kB
MemFree:          127692 kB
Active:           406972 kB
Mem:          3.8G       3.7G       124M       5.7M        22M       3.3G

MemTotal:        4016004 kB
MemFree:          124912 kB
Active:           403300 kB
Mem:          3.8G       3.7G       121M       5.7M        22M       3.3G

MemTotal:        4016004 kB
MemFree:          104728 kB
Active:           402684 kB
Mem:          3.8G       3.7G       104M       5.7M        22M       3.3G

MemTotal:        4016004 kB
MemFree:          128008 kB
Active:           400540 kB
Mem:          3.8G       3.7G       124M       5.7M        22M       3.3G

MemTotal:        4016004 kB
MemFree:          122040 kB
Active:           401464 kB
Mem:          3.8G       3.7G       118M       5.7M        22M       3.3G

MemTotal:        4016004 kB
MemFree:          124228 kB
Active:           399564 kB
Mem:          3.8G       3.7G       120M       5.7M        22M       3.3G

MemTotal:        4016004 kB
MemFree:          126864 kB
Active:           397664 kB
Mem:          3.8G       3.7G       123M       5.7M        22M       3.3G

MemTotal:        4016004 kB
MemFree:          115812 kB
Active:           397680 kB
Mem:          3.8G       3.7G       112M       5.7M        22M       3.3G

MemTotal:        4016004 kB
MemFree:          118568 kB
Active:           395788 kB
Mem:          3.8G       3.7G       115M       5.7M        22M       3.3G

MemTotal:        4016004 kB
MemFree:          135356 kB
Active:           394656 kB
Mem:          3.8G       3.7G       131M       5.7M        22M       3.3G

MemTotal:        4016004 kB
MemFree:          135236 kB
Active:           394664 kB
Mem:          3.8G       3.7G       131M       5.7M        22M       3.3G

MemTotal:        4016004 kB
MemFree:          114052 kB
Active:           394672 kB
Mem:          3.8G       3.7G       110M       5.7M        22M       3.3G

MemTotal:        4016004 kB
MemFree:          105524 kB
Active:           391576 kB
Mem:          3.8G       3.7G       102M       5.7M        22M       3.3G

MemTotal:        4016004 kB
MemFree:          118680 kB
Active:           389676 kB
Mem:          3.8G       3.7G       115M       5.7M        22M       3.3G

MemTotal:        4016004 kB
MemFree:          111264 kB
Active:           391088 kB
Mem:          3.8G       3.7G       108M       5.7M        22M       3.3G

MemTotal:        4016004 kB
MemFree:          121688 kB
Active:           388424 kB
Mem:          3.8G       3.7G       118M       5.7M        22M       3.3G

MemTotal:        4016004 kB
MemFree:          107972 kB
Active:           387292 kB
Mem:          3.8G       3.7G       104M       5.7M        22M       3.3G

MemTotal:        4016004 kB
MemFree:          125068 kB
Active:           385648 kB
Mem:          3.8G       3.7G       121M       5.7M        22M       3.3G

MemTotal:        4016004 kB
MemFree:          123216 kB
Active:           384144 kB
Mem:          3.8G       3.7G       119M       5.7M        22M       3.3G

MemTotal:        4016004 kB
MemFree:          110652 kB
Active:           383408 kB
Mem:          3.8G       3.7G       107M       5.7M        22M       3.3G

MemTotal:        4016004 kB
MemFree:          127764 kB
Active:           381764 kB
Mem:          3.8G       3.7G       123M       5.7M        22M       3.3G

MemTotal:        4016004 kB
MemFree:          114708 kB
Active:           381268 kB
Mem:          3.8G       3.7G       111M       5.7M        22M       3.3G

MemTotal:        4016004 kB
MemFree:          109028 kB
Active:           381280 kB
Mem:          3.8G       3.7G       106M       5.7M        22M       3.3G

MemTotal:        4016004 kB
MemFree:          126104 kB
Active:           379644 kB
Mem:          3.8G       3.7G       122M       5.7M        22M       3.3G

MemTotal:        4016004 kB
MemFree:          125236 kB
Active:           378364 kB
Mem:          3.8G       3.7G       121M       5.7M        22M       3.3G

MemTotal:        4016004 kB
MemFree:          128896 kB
Active:           379908 kB
Mem:          3.8G       3.7G       125M       5.7M        22M       3.3G

MemTotal:        4016004 kB
MemFree:          121356 kB
Active:           378652 kB
Mem:          3.8G       3.7G       118M       5.7M        22M       3.3G

MemTotal:        4016004 kB
MemFree:          127368 kB
Active:           377392 kB
Mem:          3.8G       3.7G       123M       5.7M        22M       3.3G

MemTotal:        4016004 kB
MemFree:          125600 kB
Active:           375492 kB
Mem:          3.8G       3.7G       122M       5.7M        22M       3.3G

MemTotal:        4016004 kB
MemFree:          118108 kB
Active:           374368 kB
Mem:          3.8G       3.7G       115M       5.7M        22M       3.3G

MemTotal:        4016004 kB
MemFree:          111564 kB
Active:           373240 kB
Mem:          3.8G       3.7G       109M       5.7M        22M       3.3G

MemTotal:        4016004 kB
MemFree:          112460 kB
Active:           371468 kB
Mem:          3.8G       3.7G       109M       5.7M        22M       3.3G

MemTotal:        4016004 kB
MemFree:          105536 kB
Active:           370344 kB
Mem:          3.8G       3.7G       103M       5.7M        22M       3.3G

MemTotal:        4016004 kB
MemFree:          129116 kB
Active:           368268 kB
Mem:          3.8G       3.7G       125M       5.7M        22M       3.3G

MemTotal:        4016004 kB
MemFree:          126692 kB
Active:           368312 kB
Mem:          3.8G       3.7G       123M       5.7M        22M       3.3G

MemTotal:        4016004 kB
MemFree:          112656 kB
Active:           368320 kB
Mem:          3.8G       3.7G       109M       5.7M        22M       3.3G

MemTotal:        4016004 kB
MemFree:          105936 kB
Active:           367208 kB
Mem:          3.8G       3.7G       102M       5.7M        22M       3.3G

MemTotal:        4016004 kB
MemFree:          111240 kB
Active:           365328 kB
Mem:          3.8G       3.7G       107M       5.7M        22M       3.3G

MemTotal:        4016004 kB
MemFree:          117344 kB
Active:           364968 kB
Mem:          3.8G       3.7G       114M       5.7M        22M       3.3G

MemTotal:        4016004 kB
MemFree:          111172 kB
Active:           364996 kB
Mem:          3.8G       3.7G       108M       5.7M        22M       3.3G

MemTotal:        4016004 kB
MemFree:          128020 kB
Active:           365016 kB
Mem:          3.8G       3.7G       124M       5.7M        22M       3.3G

MemTotal:        4016004 kB
MemFree:          127032 kB
Active:           365036 kB
Mem:          3.8G       3.7G       123M       5.7M        22M       3.3G

MemTotal:        4016004 kB
MemFree:          125124 kB
Active:           365060 kB
Mem:          3.8G       3.7G       121M       5.7M        22M       3.3G

MemTotal:        4016004 kB
MemFree:          106400 kB
Active:           365080 kB
Mem:          3.8G       3.7G       103M       5.7M        22M       3.3G

MemTotal:        4016004 kB
MemFree:          126800 kB
Active:           365644 kB
Mem:          3.8G       3.7G       124M       5.7M        22M       3.3G

MemTotal:        4016004 kB
MemFree:          114072 kB
Active:           365412 kB
Mem:          3.8G       3.7G       111M       5.7M        22M       3.3G

MemTotal:        4016004 kB
MemFree:          107084 kB
Active:           365304 kB
Mem:          3.8G       3.7G       104M       5.7M        22M       3.3G

MemTotal:        4016004 kB
MemFree:          133576 kB
Active:           365256 kB
Mem:          3.8G       3.7G       130M       5.7M        22M       3.3G

MemTotal:        4016004 kB
MemFree:          132028 kB
Active:           365284 kB
Mem:          3.8G       3.7G       128M       5.7M        22M       3.3G

MemTotal:        4016004 kB
MemFree:          112112 kB
Active:           365304 kB
Mem:          3.8G       3.7G       108M       5.7M        22M       3.3G

MemTotal:        4016004 kB
MemFree:          111660 kB
Active:           365308 kB
Mem:          3.8G       3.7G       108M       5.7M        22M       3.3G

MemTotal:        4016004 kB
MemFree:          115864 kB
Active:           365320 kB
Mem:          3.8G       3.7G       112M       5.7M        22M       3.3G

MemTotal:        4016004 kB
MemFree:          108328 kB
Active:           365340 kB
Mem:          3.8G       3.7G       104M       5.7M        22M       3.3G

MemTotal:        4016004 kB
MemFree:          118376 kB
Active:           365360 kB
Mem:          3.8G       3.7G       114M       5.7M        23M       3.3G

MemTotal:        4016004 kB
MemFree:          110460 kB
Active:           365532 kB
Mem:          3.8G       3.7G       106M       5.7M        23M       3.3G

MemTotal:        4016004 kB
MemFree:          114828 kB
Active:           365300 kB
Mem:          3.8G       3.7G       111M       5.7M        23M       3.3G

MemTotal:        4016004 kB
MemFree:          128500 kB
Active:           362472 kB
Mem:          3.8G       3.7G       124M       5.7M        23M       3.3G

MemTotal:        4016004 kB
MemFree:          120484 kB
Active:           362492 kB
Mem:          3.8G       3.7G       117M       5.7M        23M       3.3G

MemTotal:        4016004 kB
MemFree:          132108 kB
Active:           362564 kB
Mem:          3.8G       3.7G       128M       5.7M        23M       3.3G

MemTotal:        4016004 kB
MemFree:          134688 kB
Active:           362596 kB
Mem:          3.8G       3.7G       131M       5.7M        23M       3.3G

MemTotal:        4016004 kB
MemFree:          132296 kB
Active:           362596 kB
Mem:          3.8G       3.7G       128M       5.7M        23M       3.3G

MemTotal:        4016004 kB
MemFree:          120164 kB
Active:           362628 kB
Mem:          3.8G       3.7G       116M       5.7M        23M       3.3G

MemTotal:        4016004 kB
MemFree:          112568 kB
Active:           362652 kB
Mem:          3.8G       3.7G       109M       5.7M        23M       3.3G

MemTotal:        4016004 kB
MemFree:          105736 kB
Active:           362676 kB
Mem:          3.8G       3.7G       102M       5.7M        23M       3.3G

MemTotal:        4016004 kB
MemFree:          116428 kB
Active:           362576 kB
Mem:          3.8G       3.7G       113M       5.7M        23M       3.3G

MemTotal:        4016004 kB
MemFree:          108768 kB
Active:           362600 kB
Mem:          3.8G       3.7G       105M       5.7M        23M       3.3G

MemTotal:        4016004 kB
MemFree:          125148 kB
Active:           362620 kB
Mem:          3.8G       3.7G       121M       5.7M        23M       3.3G

MemTotal:        4016004 kB
MemFree:          110684 kB
Active:           362644 kB
Mem:          3.8G       3.7G       107M       5.7M        23M       3.3G

MemTotal:        4016004 kB
MemFree:          127312 kB
Active:           362664 kB
Mem:          3.8G       3.7G       123M       5.7M        23M       3.3G

MemTotal:        4016004 kB
MemFree:          109348 kB
Active:           362680 kB
Mem:          3.8G       3.7G       105M       5.7M        23M       3.3G

MemTotal:        4016004 kB
MemFree:          125984 kB
Active:           362704 kB
Mem:          3.8G       3.7G       122M       5.7M        23M       3.3G

MemTotal:        4016004 kB
MemFree:          127936 kB
Active:           362532 kB
Mem:          3.8G       3.7G       124M       5.7M        23M       3.3G

MemTotal:        4016004 kB
MemFree:          112436 kB
Active:           362544 kB
Mem:          3.8G       3.7G       109M       5.7M        23M       3.3G

MemTotal:        4016004 kB
MemFree:          129400 kB
Active:           362576 kB
Mem:          3.8G       3.7G       126M       5.7M        23M       3.3G

MemTotal:        4016004 kB
MemFree:          113904 kB
Active:           362592 kB
Mem:          3.8G       3.7G       110M       5.7M        23M       3.3G

MemTotal:        4016004 kB
MemFree:          114156 kB
Active:           362604 kB
Mem:          3.8G       3.7G       110M       5.7M        23M       3.3G

MemTotal:        4016004 kB
MemFree:          106620 kB
Active:           362632 kB
Mem:          3.8G       3.7G       103M       5.7M        23M       3.3G

MemTotal:        4016004 kB
MemFree:          110864 kB
Active:           362652 kB
Mem:          3.8G       3.7G       107M       5.7M        23M       3.3G

MemTotal:        4016004 kB
MemFree:          120424 kB
Active:           362672 kB
Mem:          3.8G       3.7G       116M       5.7M        23M       3.3G

MemTotal:        4016004 kB
MemFree:          113012 kB
Active:           362708 kB
Mem:          3.8G       3.7G       109M       5.7M        23M       3.3G

MemTotal:        4016004 kB
MemFree:          105228 kB
Active:           362728 kB
Mem:          3.8G       3.7G       125M       5.7M        23M       3.3G

MemTotal:        4016004 kB
MemFree:          109564 kB
Active:           361992 kB
Mem:          3.8G       3.7G       106M       5.7M        23M       3.3G

MemTotal:        4016004 kB
MemFree:          113840 kB
Active:           362016 kB
Mem:          3.8G       3.7G       110M       5.7M        23M       3.3G

MemTotal:        4016004 kB
MemFree:          131160 kB
Active:           362028 kB
Mem:          3.8G       3.7G       128M       5.7M        23M       3.3G

MemTotal:        4016004 kB
MemFree:          129340 kB
Active:           362044 kB
Mem:          3.8G       3.7G       126M       5.7M        23M       3.3G

MemTotal:        4016004 kB
MemFree:          129032 kB
Active:           362048 kB
Mem:          3.8G       3.7G       126M       5.7M        23M       3.3G

MemTotal:        4016004 kB
MemFree:          129192 kB
Active:           362048 kB
Mem:          3.8G       3.7G       125M       5.7M        23M       3.3G

MemTotal:        4016004 kB
MemFree:          127604 kB
Active:           362056 kB
Mem:          3.8G       3.7G       124M       5.7M        23M       3.3G

MemTotal:        4016004 kB
MemFree:          132460 kB
Active:           362076 kB
Mem:          3.8G       3.7G       128M       5.7M        23M       3.3G

MemTotal:        4016004 kB
MemFree:          113516 kB
Active:           362108 kB
Mem:          3.8G       3.7G       110M       5.7M        23M       3.3G

MemTotal:        4016004 kB
MemFree:          105856 kB
Active:           362128 kB
Mem:          3.8G       3.7G       102M       5.7M        23M       3.3G

MemTotal:        4016004 kB
MemFree:          136708 kB
Active:           359704 kB
Mem:          3.8G       3.7G       132M       5.7M        23M       3.3G

MemTotal:        4016004 kB
MemFree:          134696 kB
Active:           359580 kB
Mem:          3.8G       3.7G       130M       5.7M        23M       3.3G

MemTotal:        4016004 kB
MemFree:          107940 kB
Active:           359604 kB
Mem:          3.8G       3.7G       105M       5.7M        23M       3.3G

MemTotal:        4016004 kB
MemFree:          124568 kB
Active:           359632 kB
Mem:          3.8G       3.7G       121M       5.7M        23M       3.3G

MemTotal:        4016004 kB
MemFree:          130084 kB
Active:           359652 kB
Mem:          3.8G       3.7G       126M       5.7M        23M       3.3G

MemTotal:        4016004 kB
MemFree:          139972 kB
Active:           359676 kB
Mem:          3.8G       3.7G       136M       5.7M        23M       3.2G

MemTotal:        4016004 kB
MemFree:          133584 kB
Active:           359708 kB
Mem:          3.8G       3.7G       129M       5.7M        23M       3.3G

MemTotal:        4016004 kB
MemFree:          125816 kB
Active:           359732 kB
Mem:          3.8G       3.7G       122M       5.7M        23M       3.3G

MemTotal:        4016004 kB
MemFree:          134348 kB
Active:           359488 kB
Mem:          3.8G       3.7G       131M       5.7M        23M       3.3G

MemTotal:        4016004 kB
MemFree:          125856 kB
Active:           359380 kB
Mem:          3.8G       3.7G       123M       5.7M        23M       3.3G

MemTotal:        4016004 kB
MemFree:          123988 kB
Active:           359404 kB
Mem:          3.8G       3.7G       121M       5.7M        23M       3.3G

MemTotal:        4016004 kB
MemFree:          111392 kB
Active:           359424 kB
Mem:          3.8G       3.7G       109M       5.7M        23M       3.3G

MemTotal:        4016004 kB
MemFree:          104780 kB
Active:           359448 kB
Mem:          3.8G       3.7G       102M       5.7M        23M       3.3G

MemTotal:        4016004 kB
MemFree:          114192 kB
Active:           359476 kB
Mem:          3.8G       3.7G       111M       5.7M        24M       3.3G

MemTotal:        4016004 kB
MemFree:          107276 kB
Active:           359500 kB
Mem:          3.8G       3.7G       104M       5.7M        24M       3.3G

MemTotal:        4016004 kB
MemFree:          117968 kB
Active:           359520 kB
Mem:          3.8G       3.7G       114M       5.7M        24M       3.3G

MemTotal:        4016004 kB
MemFree:          110928 kB
Active:           359544 kB
Mem:          3.8G       3.7G       108M       5.7M        24M       3.3G

MemTotal:        4016004 kB
MemFree:          128124 kB
Active:           359564 kB
Mem:          3.8G       3.7G       125M       5.7M        24M       3.3G

MemTotal:        4016004 kB
MemFree:          124028 kB
Active:           359592 kB
Mem:          3.8G       3.7G       120M       5.7M        24M       3.3G

MemTotal:        4016004 kB
MemFree:          107972 kB
Active:           356924 kB
Mem:          3.8G       3.7G       105M       5.7M        24M       3.3G

MemTotal:        4016004 kB
MemFree:          126812 kB
Active:           356940 kB
Mem:          3.8G       3.7G       123M       5.7M        24M       3.3G

MemTotal:        4016004 kB
MemFree:          105584 kB
Active:           356952 kB
Mem:          3.8G       3.7G       102M       5.7M        24M       3.3G

MemTotal:        4016004 kB
MemFree:          129004 kB
Active:           356972 kB
Mem:          3.8G       3.7G       125M       5.7M        24M       3.3G

MemTotal:        4016004 kB
MemFree:          125676 kB
Active:           356992 kB
Mem:          3.8G       3.7G       122M       5.7M        24M       3.3G

MemTotal:        4016004 kB
MemFree:          115248 kB
Active:           356996 kB
Mem:          3.8G       3.7G       112M       5.7M        24M       3.3G

MemTotal:        4016004 kB
MemFree:          126112 kB
Active:           357016 kB
Mem:          3.8G       3.7G       122M       5.7M        24M       3.3G

MemTotal:        4016004 kB
MemFree:          124544 kB
Active:           357040 kB
Mem:          3.8G       3.7G       121M       5.7M        24M       3.3G

MemTotal:        4016004 kB
MemFree:          110684 kB
Active:           357064 kB
Mem:          3.8G       3.7G       107M       5.7M        24M       3.3G

MemTotal:        4016004 kB
MemFree:          127536 kB
Active:           357096 kB
Mem:          3.8G       3.7G       123M       5.7M        24M       3.3G

MemTotal:        4016004 kB
MemFree:          120660 kB
Active:           357124 kB
Mem:          3.8G       3.7G       117M       5.7M        24M       3.3G

MemTotal:        4016004 kB
MemFree:          113840 kB
Active:           355992 kB
Mem:          3.8G       3.7G       110M       5.7M        24M       3.3G

MemTotal:        4016004 kB
MemFree:          130928 kB
Active:           356016 kB
Mem:          3.8G       3.7G       128M       5.7M        24M       3.3G

MemTotal:        4016004 kB
MemFree:          112996 kB
Active:           356032 kB
Mem:          3.8G       3.7G       110M       5.7M        24M       3.3G

MemTotal:        4016004 kB
MemFree:          128832 kB
Active:           356048 kB
Mem:          3.8G       3.7G       125M       5.7M        24M       3.3G

MemTotal:        4016004 kB
MemFree:          129044 kB
Active:           356048 kB
Mem:          3.8G       3.7G       126M       5.7M        24M       3.3G

MemTotal:        4016004 kB
MemFree:          129140 kB
Active:           356048 kB
Mem:          3.8G       3.7G       126M       5.7M        24M       3.3G

MemTotal:        4016004 kB
MemFree:          109288 kB
Active:           356048 kB
Mem:          3.8G       3.7G       106M       5.7M        24M       3.3G

MemTotal:        4016004 kB
MemFree:          127224 kB
Active:           356076 kB
Mem:          3.8G       3.7G       124M       5.7M        24M       3.3G

MemTotal:        4016004 kB
MemFree:          121124 kB
Active:           356100 kB
Mem:          3.8G       3.7G       118M       5.7M        24M       3.3G

MemTotal:        4016004 kB
MemFree:          127368 kB
Active:           356132 kB
Mem:          3.8G       3.7G       124M       5.7M        24M       3.3G

MemTotal:        4016004 kB
MemFree:          131844 kB
Active:           356152 kB
Mem:          3.8G       3.7G       128M       5.7M        24M       3.3G

MemTotal:        4016004 kB
MemFree:          141792 kB
Active:           356176 kB
Mem:          3.8G       3.7G       138M       5.7M        24M       3.2G

MemTotal:        4016004 kB
MemFree:          135124 kB
Active:           356204 kB
Mem:          3.8G       3.7G       131M       5.7M        24M       3.2G

MemTotal:        4016004 kB
MemFree:          134736 kB
Active:           353196 kB
Mem:          3.8G       3.7G       131M       5.7M        24M       3.2G

MemTotal:        4016004 kB
MemFree:          128024 kB
Active:           353072 kB
Mem:          3.8G       3.7G       124M       5.7M        24M       3.3G

MemTotal:        4016004 kB
MemFree:          113612 kB
Active:           353092 kB
Mem:          3.8G       3.7G       110M       5.7M        24M       3.3G

MemTotal:        4016004 kB
MemFree:          106436 kB
Active:           353116 kB
Mem:          3.8G       3.7G       103M       5.7M        24M       3.3G

MemTotal:        4016004 kB
MemFree:          130052 kB
Active:           353136 kB
Mem:          3.8G       3.7G       127M       5.7M        24M       3.3G

MemTotal:        4016004 kB
MemFree:          116748 kB
Active:           353164 kB
Mem:          3.8G       3.7G       114M       5.7M        24M       3.3G

MemTotal:        4016004 kB
MemFree:          109844 kB
Active:           353188 kB
Mem:          3.8G       3.7G       107M       5.7M        24M       3.3G

MemTotal:        4016004 kB
MemFree:          127940 kB
Active:           353212 kB
Mem:          3.8G       3.7G       125M       5.7M        24M       3.3G

MemTotal:        4016004 kB
MemFree:          124140 kB
Active:           353232 kB
Mem:          3.8G       3.7G       121M       5.7M        24M       3.3G

MemTotal:        4016004 kB
MemFree:          106044 kB
Active:           353252 kB
Mem:          3.8G       3.7G       103M       5.7M        24M       3.3G

MemTotal:        4016004 kB
MemFree:          136140 kB
Active:           353272 kB
Mem:          3.8G       3.7G       132M       5.7M        24M       3.2G

MemTotal:        4016004 kB
MemFree:          123992 kB
Active:           352144 kB
Mem:          3.8G       3.7G       121M       5.7M        24M       3.3G

MemTotal:        4016004 kB
MemFree:          110504 kB
Active:           352056 kB
Mem:          3.8G       3.7G       108M       5.7M        24M       3.3G

MemTotal:        4016004 kB
MemFree:          106096 kB
Active:           352076 kB
Mem:          3.8G       3.7G       102M       5.7M        24M       3.3G

MemTotal:        4016004 kB
MemFree:          110124 kB
Active:           352112 kB
Mem:          3.8G       3.7G       107M       5.7M        24M       3.3G

MemTotal:        4016004 kB
MemFree:          125040 kB
Active:           352128 kB
Mem:          3.8G       3.7G       121M       5.7M        24M       3.3G

MemTotal:        4016004 kB
MemFree:          117412 kB
Active:           352116 kB
Mem:          3.8G       3.7G       114M       5.7M        24M       3.3G

MemTotal:        4016004 kB
MemFree:          108808 kB
Active:           352128 kB
Mem:          3.8G       3.7G       105M       5.7M        24M       3.3G

MemTotal:        4016004 kB
MemFree:          125624 kB
Active:           352164 kB
Mem:          3.8G       3.7G       122M       5.7M        24M       3.3G

MemTotal:        4016004 kB
MemFree:          105892 kB
Active:           352204 kB
Mem:          3.8G       3.7G       102M       5.7M        24M       3.3G

MemTotal:        4016004 kB
MemFree:          144516 kB
Active:           352204 kB
Mem:          3.8G       3.7G       140M       5.7M        24M       3.2G

MemTotal:        4016004 kB
MemFree:          113496 kB
Active:           352208 kB
Mem:          3.8G       3.7G       110M       5.7M        24M       3.3G

MemTotal:        4016004 kB
MemFree:          105836 kB
Active:           352256 kB
Mem:          3.8G       3.7G       102M       5.7M        24M       3.3G

MemTotal:        4016004 kB
MemFree:          134748 kB
Active:           352232 kB
Mem:          3.8G       3.7G       130M       5.7M        24M       3.2G

MemTotal:        4016004 kB
MemFree:          126944 kB
Active:           352268 kB
Mem:          3.8G       3.7G       123M       5.7M        25M       3.3G

MemTotal:        4016004 kB
MemFree:          107628 kB
Active:           352312 kB
Mem:          3.8G       3.7G       104M       5.7M        25M       3.3G

MemTotal:        4016004 kB
MemFree:          108636 kB
Active:           349228 kB
Mem:          3.8G       3.7G       105M       5.7M        25M       3.3G

MemTotal:        4016004 kB
MemFree:          118460 kB
Active:           349276 kB
Mem:          3.8G       3.7G       115M       5.7M        25M       3.3G

MemTotal:        4016004 kB
MemFree:          111600 kB
Active:           349304 kB
Mem:          3.8G       3.7G       108M       5.7M        25M       3.3G

MemTotal:        4016004 kB
MemFree:          121344 kB
Active:           349328 kB
Mem:          3.8G       3.7G       118M       5.7M        25M       3.3G

MemTotal:        4016004 kB
MemFree:          105928 kB
Active:           349308 kB
Mem:          3.8G       3.7G       102M       5.7M        25M       3.3G

MemTotal:        4016004 kB
MemFree:          105716 kB
Active:           349320 kB
Mem:          3.8G       3.7G       103M       5.7M        25M       3.3G

MemTotal:        4016004 kB
MemFree:          128784 kB
Active:           349356 kB
Mem:          3.8G       3.7G       125M       5.7M        25M       3.3G

MemTotal:        4016004 kB
MemFree:          131664 kB
Active:           349388 kB
Mem:          3.8G       3.7G       128M       5.7M        25M       3.2G

MemTotal:        4016004 kB
MemFree:          141488 kB
Active:           349404 kB
Mem:          3.8G       3.7G       137M       5.7M        25M       3.2G

MemTotal:        4016004 kB
MemFree:          134572 kB
Active:           349400 kB
Mem:          3.8G       3.7G       130M       5.7M        25M       3.2G

MemTotal:        4016004 kB
MemFree:          126772 kB
Active:           349452 kB
Mem:          3.8G       3.7G       123M       5.7M        25M       3.3G

MemTotal:        4016004 kB
MemFree:          129900 kB
Active:           349472 kB
Mem:          3.8G       3.7G       126M       5.7M        25M       3.2G

MemTotal:        4016004 kB
MemFree:          122984 kB
Active:           349452 kB
Mem:          3.8G       3.7G       119M       5.7M        25M       3.3G

MemTotal:        4016004 kB
MemFree:          127096 kB
Active:           349524 kB
Mem:          3.8G       3.7G       123M       5.7M        25M       3.3G

MemTotal:        4016004 kB
MemFree:          133852 kB
Active:           349544 kB
Mem:          3.8G       3.7G       130M       5.7M        25M       3.2G

MemTotal:        4016004 kB
MemFree:          130940 kB
Active:           349572 kB
Mem:          3.8G       3.7G       127M       5.7M        25M       3.2G

MemTotal:        4016004 kB
MemFree:          133456 kB
Active:           343884 kB
Mem:          3.8G       3.7G       129M       5.7M        25M       3.2G

MemTotal:        4016004 kB
MemFree:          126584 kB
Active:           343864 kB
Mem:          3.8G       3.7G       123M       5.7M        25M       3.3G

MemTotal:        4016004 kB
MemFree:          112892 kB
Active:           343840 kB
Mem:          3.8G       3.7G       109M       5.7M        25M       3.3G

MemTotal:        4016004 kB
MemFree:          106320 kB
Active:           343876 kB
Mem:          3.8G       3.7G       103M       5.7M        25M       3.3G

MemTotal:        4016004 kB
MemFree:          128280 kB
Active:           343920 kB
Mem:          3.8G       3.7G       125M       5.7M        25M       3.2G

MemTotal:        4016004 kB
MemFree:          133284 kB
Active:           343952 kB
Mem:          3.8G       3.7G       129M       5.7M        25M       3.2G

MemTotal:        4016004 kB
MemFree:          126352 kB
Active:           343980 kB
Mem:          3.8G       3.7G       122M       5.7M        25M       3.3G

MemTotal:        4016004 kB
MemFree:          118940 kB
Active:           344016 kB
Mem:          3.8G       3.7G       115M       5.7M        25M       3.3G

MemTotal:        4016004 kB
MemFree:          123976 kB
Active:           343984 kB
Mem:          3.8G       3.7G       120M       5.7M        25M       3.3G

MemTotal:        4016004 kB
MemFree:          116820 kB
Active:           344012 kB
Mem:          3.8G       3.7G       113M       5.7M        25M       3.3G

MemTotal:        4016004 kB
MemFree:          109128 kB
Active:           344032 kB
Mem:          3.8G       3.7G       106M       5.7M        25M       3.3G

MemTotal:        4016004 kB
MemFree:          133456 kB
Active:           344064 kB
Mem:          3.8G       3.7G       129M       5.7M        25M       3.2G

MemTotal:        4016004 kB
MemFree:          126200 kB
Active:           344136 kB
Mem:          3.8G       3.7G       122M       5.7M        25M       3.3G

MemTotal:        4016004 kB
MemFree:          111600 kB
Active:           344156 kB
Mem:          3.8G       3.7G       108M       5.7M        25M       3.3G

MemTotal:        4016004 kB
MemFree:          111176 kB
Active:           344164 kB
Mem:          3.8G       3.7G       108M       5.7M        25M       3.3G

MemTotal:        4016004 kB
MemFree:          105100 kB
Active:           344172 kB
Mem:          3.8G       3.7G       125M       5.7M        25M       3.2G

MemTotal:        4016004 kB
MemFree:          127448 kB
Active:           344196 kB
Mem:          3.8G       3.7G       124M       5.7M        25M       3.2G

MemTotal:        4016004 kB
MemFree:          114208 kB
Active:           344216 kB
Mem:          3.8G       3.7G       110M       5.7M        25M       3.3G

MemTotal:        4016004 kB
MemFree:          107480 kB
Active:           343360 kB
Mem:          3.8G       3.7G       104M       5.7M        25M       3.3G

MemTotal:        4016004 kB
MemFree:          128944 kB
Active:           343380 kB
Mem:          3.8G       3.7G       126M       5.7M        25M       3.2G

MemTotal:        4016004 kB
MemFree:          134816 kB
Active:           343400 kB
Mem:          3.8G       3.7G       130M       5.7M        25M       3.2G

MemTotal:        4016004 kB
MemFree:          128148 kB
Active:           343420 kB
Mem:          3.8G       3.7G       124M       5.7M        25M       3.2G

MemTotal:        4016004 kB
MemFree:          120892 kB
Active:           343456 kB
Mem:          3.8G       3.7G       117M       5.7M        25M       3.3G

MemTotal:        4016004 kB
MemFree:          109240 kB
Active:           343472 kB
Mem:          3.8G       3.7G       106M       5.7M        25M       3.3G

MemTotal:        4016004 kB
MemFree:          108776 kB
Active:           343488 kB
Mem:          3.8G       3.7G       106M       5.7M        25M       3.3G

MemTotal:        4016004 kB
MemFree:          108780 kB
Active:           343488 kB
Mem:          3.8G       3.7G       105M       5.7M        25M       3.3G

MemTotal:        4016004 kB
MemFree:          114916 kB
Active:           343504 kB
Mem:          3.8G       3.7G       111M       5.7M        25M       3.3G

MemTotal:        4016004 kB
MemFree:          124804 kB
Active:           343532 kB
Mem:          3.8G       3.7G       121M       5.7M        25M       3.3G

MemTotal:        4016004 kB
MemFree:          117176 kB
Active:           343552 kB
Mem:          3.8G       3.7G       114M       5.7M        25M       3.3G

MemTotal:        4016004 kB
MemFree:          121328 kB
Active:           343432 kB
Mem:          3.8G       3.7G       118M       5.7M        25M       3.3G

MemTotal:        4016004 kB
MemFree:          121360 kB
Active:           343280 kB
Mem:          3.8G       3.7G       118M       5.7M        25M       3.3G

MemTotal:        4016004 kB
MemFree:          121360 kB
Active:           343280 kB
Mem:          3.8G       3.7G       118M       5.7M        25M       3.3G

MemTotal:        4016004 kB
MemFree:          121360 kB
Active:           343280 kB
Mem:          3.8G       3.7G       118M       5.7M        25M       3.3G

MemTotal:        4016004 kB
MemFree:          120988 kB
Active:           343280 kB
Mem:          3.8G       3.7G       118M       5.7M        25M       3.3G

MemTotal:        4016004 kB
MemFree:          120988 kB
Active:           343280 kB
Mem:          3.8G       3.7G       118M       5.7M        25M       3.3G

MemTotal:        4016004 kB
MemFree:          120988 kB
Active:           343288 kB
Mem:          3.8G       3.7G       118M       5.7M        25M       3.3G

MemTotal:        4016004 kB
MemFree:          120864 kB
Active:           343288 kB
Mem:          3.8G       3.7G       118M       5.7M        25M       3.3G

MemTotal:        4016004 kB
MemFree:          120864 kB
Active:           343288 kB
Mem:          3.8G       3.7G       118M       5.7M        25M       3.3G

MemTotal:        4016004 kB
MemFree:          120864 kB
Active:           343288 kB
Mem:          3.8G       3.7G       118M       5.7M        25M       3.3G

MemTotal:        4016004 kB
MemFree:          120864 kB
Active:           343288 kB
Mem:          3.8G       3.7G       118M       5.7M        25M       3.3G

MemTotal:        4016004 kB
MemFree:          120864 kB
Active:           343292 kB
Mem:          3.8G       3.7G       118M       5.7M        25M       3.3G

MemTotal:        4016004 kB
MemFree:          120864 kB
Active:           343300 kB
Mem:          3.8G       3.7G       118M       5.7M        25M       3.3G

MemTotal:        4016004 kB
MemFree:          120864 kB
Active:           343300 kB
Mem:          3.8G       3.7G       118M       5.7M        25M       3.3G

MemTotal:        4016004 kB
MemFree:          120988 kB
Active:           343300 kB
Mem:          3.8G       3.7G       118M       5.7M        25M       3.3G

MemTotal:        4016004 kB
MemFree:          120988 kB
Active:           343300 kB
Mem:          3.8G       3.7G       118M       5.7M        25M       3.3G

MemTotal:        4016004 kB
MemFree:          120864 kB
Active:           343300 kB
Mem:          3.8G       3.7G       118M       5.7M        25M       3.3G

MemTotal:        4016004 kB
MemFree:          120864 kB
Active:           343300 kB
Mem:          3.8G       3.7G       118M       5.7M        25M       3.3G

MemTotal:        4016004 kB
MemFree:          120864 kB
Active:           343308 kB
Mem:          3.8G       3.7G       118M       5.7M        25M       3.3G

MemTotal:        4016004 kB
MemFree:          120864 kB
Active:           343308 kB
Mem:          3.8G       3.7G       118M       5.7M        25M       3.3G

MemTotal:        4016004 kB
MemFree:          120864 kB
Active:           343308 kB
Mem:          3.8G       3.7G       118M       5.7M        25M       3.3G

MemTotal:        4016004 kB
MemFree:          120864 kB
Active:           343308 kB
Mem:          3.8G       3.7G       118M       5.7M        25M       3.3G

MemTotal:        4016004 kB
MemFree:          120740 kB
Active:           343308 kB
Mem:          3.8G       3.7G       117M       5.7M        25M       3.3G

MemTotal:        4016004 kB
MemFree:          120864 kB
Active:           343308 kB
Mem:          3.8G       3.7G       118M       5.7M        25M       3.3G

MemTotal:        4016004 kB
MemFree:          120988 kB
Active:           343312 kB
Mem:          3.8G       3.7G       118M       5.7M        25M       3.3G

MemTotal:        4016004 kB
MemFree:          120864 kB
Active:           343312 kB
Mem:          3.8G       3.7G       118M       5.7M        25M       3.3G

MemTotal:        4016004 kB
MemFree:          120864 kB
Active:           343316 kB
Mem:          3.8G       3.7G       118M       5.7M        25M       3.3G

MemTotal:        4016004 kB
MemFree:          120680 kB
Active:           343316 kB
Mem:          3.8G       3.7G       117M       5.7M        25M       3.3G

MemTotal:        4016004 kB
MemFree:          120768 kB
Active:           343328 kB
Mem:          3.8G       3.7G       117M       5.7M        25M       3.3G

MemTotal:        4016004 kB
MemFree:          120896 kB
Active:           343328 kB
Mem:          3.8G       3.7G       118M       5.7M        25M       3.3G

MemTotal:        4016004 kB
MemFree:          120896 kB
Active:           343332 kB
Mem:          3.8G       3.7G       118M       5.7M        25M       3.3G

MemTotal:        4016004 kB
MemFree:          120896 kB
Active:           343332 kB
Mem:          3.8G       3.7G       118M       5.7M        25M       3.3G

MemTotal:        4016004 kB
MemFree:          120772 kB
Active:           343340 kB
Mem:          3.8G       3.7G       118M       5.7M        25M       3.3G

MemTotal:        4016004 kB
MemFree:          120896 kB
Active:           343344 kB
Mem:          3.8G       3.7G       118M       5.7M        25M       3.3G

MemTotal:        4016004 kB
MemFree:          117548 kB
Active:           345436 kB
Mem:          3.8G       3.7G       114M       5.7M        28M       3.3G

MemTotal:        4016004 kB
MemFree:          117772 kB
Active:           345604 kB
Mem:          3.8G       3.7G       114M       5.7M        28M       3.3G

MemTotal:        4016004 kB
MemFree:          117648 kB
Active:           345608 kB
Mem:          3.8G       3.7G       114M       5.7M        28M       3.3G

MemTotal:        4016004 kB
MemFree:          117772 kB
Active:           345608 kB
Mem:          3.8G       3.7G       115M       5.7M        28M       3.3G

MemTotal:        4016004 kB
MemFree:          117772 kB
Active:           345612 kB
Mem:          3.8G       3.7G       115M       5.7M        28M       3.3G

MemTotal:        4016004 kB
MemFree:          117772 kB
Active:           345624 kB
Mem:          3.8G       3.7G       115M       5.7M        28M       3.3G

MemTotal:        4016004 kB
MemFree:          117772 kB
Active:           345628 kB
Mem:          3.8G       3.7G       115M       5.7M        28M       3.3G

MemTotal:        4016004 kB
MemFree:          117772 kB
Active:           345628 kB
Mem:          3.8G       3.7G       115M       5.7M        28M       3.3G

MemTotal:        4016004 kB
MemFree:          117648 kB
Active:           345628 kB
Mem:          3.8G       3.7G       114M       5.7M        28M       3.3G

MemTotal:        4016004 kB
MemFree:          117772 kB
Active:           345628 kB
Mem:          3.8G       3.7G       114M       5.7M        28M       3.3G

MemTotal:        4016004 kB
MemFree:          117648 kB
Active:           345632 kB
Mem:          3.8G       3.7G       114M       5.7M        28M       3.3G

MemTotal:        4016004 kB
MemFree:          117772 kB
Active:           345632 kB
Mem:          3.8G       3.7G       115M       5.7M        28M       3.3G

MemTotal:        4016004 kB
MemFree:          117648 kB
Active:           345640 kB
Mem:          3.8G       3.7G       114M       5.7M        28M       3.3G

MemTotal:        4016004 kB
MemFree:          117648 kB
Active:           345640 kB
Mem:          3.8G       3.7G       115M       5.7M        28M       3.3G

MemTotal:        4016004 kB
MemFree:          117772 kB
Active:           345644 kB
Mem:          3.8G       3.7G       115M       5.7M        28M       3.3G

MemTotal:        4016004 kB
MemFree:          117772 kB
Active:           345644 kB
Mem:          3.8G       3.7G       115M       5.7M        28M       3.3G

MemTotal:        4016004 kB
MemFree:          117772 kB
Active:           345644 kB
Mem:          3.8G       3.7G       115M       5.7M        28M       3.3G

MemTotal:        4016004 kB
MemFree:          117772 kB
Active:           345644 kB
Mem:          3.8G       3.7G       114M       5.7M        28M       3.3G

MemTotal:        4016004 kB
MemFree:          117648 kB
Active:           345644 kB
Mem:          3.8G       3.7G       114M       5.7M        28M       3.3G

MemTotal:        4016004 kB
MemFree:          117648 kB
Active:           345644 kB
Mem:          3.8G       3.7G       114M       5.7M        28M       3.3G

MemTotal:        4016004 kB
MemFree:          117648 kB
Active:           345656 kB
Mem:          3.8G       3.7G       114M       5.7M        28M       3.3G

MemTotal:        4016004 kB
MemFree:          117648 kB
Active:           345656 kB
Mem:          3.8G       3.7G       114M       5.7M        28M       3.3G

MemTotal:        4016004 kB
MemFree:          117648 kB
Active:           345656 kB
Mem:          3.8G       3.7G       114M       5.7M        28M       3.3G

MemTotal:        4016004 kB
MemFree:          117772 kB
Active:           345656 kB
Mem:          3.8G       3.7G       115M       5.7M        28M       3.3G

MemTotal:        4016004 kB
MemFree:          117772 kB
Active:           345656 kB
Mem:          3.8G       3.7G       115M       5.7M        28M       3.3G

MemTotal:        4016004 kB
MemFree:          117772 kB
Active:           345656 kB
Mem:          3.8G       3.7G       115M       5.7M        28M       3.3G

MemTotal:        4016004 kB
MemFree:          117772 kB
Active:           345664 kB
Mem:          3.8G       3.7G       115M       5.7M        28M       3.3G

MemTotal:        4016004 kB
MemFree:          117648 kB
Active:           345664 kB
Mem:          3.8G       3.7G       114M       5.7M        28M       3.3G

MemTotal:        4016004 kB
MemFree:          117648 kB
Active:           345812 kB
Mem:          3.8G       3.7G       114M       5.7M        28M       3.3G

MemTotal:        4016004 kB
MemFree:          117324 kB
Active:           345820 kB
Mem:          3.8G       3.7G       114M       5.7M        28M       3.3G

MemTotal:        4016004 kB
MemFree:          117324 kB
Active:           345820 kB
Mem:          3.8G       3.7G       114M       5.7M        28M       3.3G

MemTotal:        4016004 kB
MemFree:          117324 kB
Active:           345968 kB
Mem:          3.8G       3.7G       114M       5.7M        28M       3.3G

MemTotal:        4016004 kB
MemFree:          117432 kB
Active:           345864 kB
Mem:          3.8G       3.7G       114M       5.7M        28M       3.3G

MemTotal:        4016004 kB
MemFree:          118176 kB
Active:           345820 kB
Mem:          3.8G       3.7G       115M       5.7M        28M       3.3G

MemTotal:        4016004 kB
MemFree:          118068 kB
Active:           345844 kB
Mem:          3.8G       3.7G       115M       5.7M        28M       3.3G

MemTotal:        4016004 kB
MemFree:          118192 kB
Active:           345856 kB
Mem:          3.8G       3.7G       115M       5.7M        28M       3.3G

MemTotal:        4016004 kB
MemFree:          118192 kB
Active:           345832 kB
Mem:          3.8G       3.7G       115M       5.7M        28M       3.3G

MemTotal:        4016004 kB
MemFree:          118192 kB
Active:           345856 kB
Mem:          3.8G       3.7G       115M       5.7M        28M       3.3G

MemTotal:        4016004 kB
MemFree:          118068 kB
Active:           345872 kB
Mem:          3.8G       3.7G       115M       5.7M        28M       3.3G

MemTotal:        4016004 kB
MemFree:          118316 kB
Active:           345872 kB
Mem:          3.8G       3.7G       115M       5.7M        28M       3.3G

MemTotal:        4016004 kB
MemFree:          118316 kB
Active:           345876 kB
Mem:          3.8G       3.7G       115M       5.7M        28M       3.3G

MemTotal:        4016004 kB
MemFree:          118192 kB
Active:           345836 kB
Mem:          3.8G       3.7G       115M       5.7M        28M       3.3G

MemTotal:        4016004 kB
MemFree:          118192 kB
Active:           345848 kB
Mem:          3.8G       3.7G       115M       5.7M        28M       3.3G

MemTotal:        4016004 kB
MemFree:          118192 kB
Active:           345868 kB
Mem:          3.8G       3.7G       115M       5.7M        28M       3.3G

MemTotal:        4016004 kB
MemFree:          118192 kB
Active:           345876 kB
Mem:          3.8G       3.7G       115M       5.7M        28M       3.3G

MemTotal:        4016004 kB
MemFree:          118316 kB
Active:           345828 kB
Mem:          3.8G       3.7G       115M       5.7M        28M       3.3G

MemTotal:        4016004 kB
MemFree:          118316 kB
Active:           345868 kB
Mem:          3.8G       3.7G       115M       5.7M        28M       3.3G

MemTotal:        4016004 kB
MemFree:          120176 kB
Active:           343896 kB
Mem:          3.8G       3.7G       117M       5.7M        28M       3.3G

MemTotal:        4016004 kB
MemFree:          120192 kB
Active:           343860 kB
Mem:          3.8G       3.7G       117M       5.7M        28M       3.3G

MemTotal:        4016004 kB
MemFree:          120192 kB
Active:           343844 kB
Mem:          3.8G       3.7G       117M       5.7M        28M       3.3G

MemTotal:        4016004 kB
MemFree:          120192 kB
Active:           343820 kB
Mem:          3.8G       3.7G       117M       5.7M        28M       3.3G

MemTotal:        4016004 kB
MemFree:          120192 kB
Active:           343856 kB
Mem:          3.8G       3.7G       117M       5.7M        28M       3.3G

MemTotal:        4016004 kB
MemFree:          120068 kB
Active:           343836 kB
Mem:          3.8G       3.7G       117M       5.7M        28M       3.3G

MemTotal:        4016004 kB
MemFree:          120192 kB
Active:           343860 kB
Mem:          3.8G       3.7G       117M       5.7M        28M       3.3G

MemTotal:        4016004 kB
MemFree:          120068 kB
Active:           343828 kB
Mem:          3.8G       3.7G       117M       5.7M        28M       3.3G

MemTotal:        4016004 kB
MemFree:          120068 kB
Active:           343856 kB
Mem:          3.8G       3.7G       117M       5.7M        28M       3.3G

MemTotal:        4016004 kB
MemFree:          120068 kB
Active:           343836 kB
Mem:          3.8G       3.7G       117M       5.7M        28M       3.3G

MemTotal:        4016004 kB
MemFree:          120068 kB
Active:           343872 kB
Mem:          3.8G       3.7G       117M       5.7M        28M       3.3G

MemTotal:        4016004 kB
MemFree:          120068 kB
Active:           343844 kB
Mem:          3.8G       3.7G       117M       5.7M        28M       3.3G

MemTotal:        4016004 kB
MemFree:          120324 kB
Active:           343860 kB
Mem:          3.8G       3.7G       117M       5.7M        28M       3.3G

MemTotal:        4016004 kB
MemFree:          120200 kB
Active:           343864 kB
Mem:          3.8G       3.7G       117M       5.7M        28M       3.3G

MemTotal:        4016004 kB
MemFree:          120076 kB
Active:           343888 kB
Mem:          3.8G       3.7G       117M       5.7M        28M       3.3G

MemTotal:        4016004 kB
MemFree:          120076 kB
Active:           343864 kB
Mem:          3.8G       3.7G       117M       5.7M        28M       3.3G

MemTotal:        4016004 kB
MemFree:          120324 kB
Active:           343872 kB
Mem:          3.8G       3.7G       117M       5.7M        28M       3.3G

MemTotal:        4016004 kB
MemFree:          120324 kB
Active:           343844 kB
Mem:          3.8G       3.7G       117M       5.7M        28M       3.3G

MemTotal:        4016004 kB
MemFree:          120200 kB
Active:           343860 kB
Mem:          3.8G       3.7G       117M       5.7M        28M       3.3G

MemTotal:        4016004 kB
MemFree:          120200 kB
Active:           343864 kB
Mem:          3.8G       3.7G       117M       5.7M        28M       3.3G

MemTotal:        4016004 kB
MemFree:          120076 kB
Active:           343864 kB
Mem:          3.8G       3.7G       117M       5.7M        28M       3.3G

MemTotal:        4016004 kB
MemFree:          120076 kB
Active:           343868 kB
Mem:          3.8G       3.7G       117M       5.7M        28M       3.3G

MemTotal:        4016004 kB
MemFree:          120200 kB
Active:           343880 kB
Mem:          3.8G       3.7G       117M       5.7M        28M       3.3G

MemTotal:        4016004 kB
MemFree:          120076 kB
Active:           343884 kB
Mem:          3.8G       3.7G       117M       5.7M        28M       3.3G

MemTotal:        4016004 kB
MemFree:          120076 kB
Active:           343868 kB
Mem:          3.8G       3.7G       117M       5.7M        28M       3.3G

MemTotal:        4016004 kB
MemFree:          120200 kB
Active:           343896 kB
Mem:          3.8G       3.7G       117M       5.7M        28M       3.3G

MemTotal:        4016004 kB
MemFree:          120200 kB
Active:           343888 kB
Mem:          3.8G       3.7G       117M       5.7M        28M       3.3G

MemTotal:        4016004 kB
MemFree:          120076 kB
Active:           343880 kB
Mem:          3.8G       3.7G       117M       5.7M        28M       3.3G

MemTotal:        4016004 kB
MemFree:          120200 kB
Active:           343880 kB
Mem:          3.8G       3.7G       117M       5.7M        28M       3.3G

MemTotal:        4016004 kB
MemFree:          120076 kB
Active:           343900 kB
Mem:          3.8G       3.7G       117M       5.7M        28M       3.3G

MemTotal:        4016004 kB
MemFree:          120076 kB
Active:           343856 kB
Mem:          3.8G       3.7G       117M       5.7M        28M       3.3G

MemTotal:        4016004 kB
MemFree:          120076 kB
Active:           343900 kB
Mem:          3.8G       3.7G       117M       5.7M        28M       3.3G

MemTotal:        4016004 kB
MemFree:          120200 kB
Active:           343904 kB
Mem:          3.8G       3.7G       117M       5.7M        28M       3.3G

MemTotal:        4016004 kB
MemFree:          120200 kB
Active:           343852 kB
Mem:          3.8G       3.7G       117M       5.7M        28M       3.3G

MemTotal:        4016004 kB
MemFree:          120076 kB
Active:           343872 kB
Mem:          3.8G       3.7G       117M       5.7M        28M       3.3G

MemTotal:        4016004 kB
MemFree:          120076 kB
Active:           343872 kB
Mem:          3.8G       3.7G       117M       5.7M        28M       3.3G

MemTotal:        4016004 kB
MemFree:          120076 kB
Active:           343860 kB
Mem:          3.8G       3.7G       117M       5.7M        28M       3.3G

MemTotal:        4016004 kB
MemFree:          120200 kB
Active:           343888 kB
Mem:          3.8G       3.7G       117M       5.7M        28M       3.3G

MemTotal:        4016004 kB
MemFree:          120076 kB
Active:           343908 kB
Mem:          3.8G       3.7G       117M       5.7M        28M       3.3G

MemTotal:        4016004 kB
MemFree:          119952 kB
Active:           343876 kB
Mem:          3.8G       3.7G       117M       5.7M        28M       3.3G

MemTotal:        4016004 kB
MemFree:          120076 kB
Active:           343900 kB
Mem:          3.8G       3.7G       117M       5.7M        28M       3.3G

MemTotal:        4016004 kB
MemFree:          119952 kB
Active:           343868 kB
Mem:          3.8G       3.7G       117M       5.7M        28M       3.3G

MemTotal:        4016004 kB
MemFree:          119952 kB
Active:           343888 kB
Mem:          3.8G       3.7G       117M       5.7M        28M       3.3G

MemTotal:        4016004 kB
MemFree:          120076 kB
Active:           343916 kB
Mem:          3.8G       3.7G       116M       5.7M        28M       3.3G

MemTotal:        4016004 kB
MemFree:          119952 kB
Active:           343924 kB
Mem:          3.8G       3.7G       117M       5.7M        28M       3.3G

MemTotal:        4016004 kB
MemFree:          120076 kB
Active:           343920 kB
Mem:          3.8G       3.7G       116M       5.7M        28M       3.3G

MemTotal:        4016004 kB
MemFree:          120076 kB
Active:           343904 kB
Mem:          3.8G       3.7G       117M       5.7M        28M       3.3G

MemTotal:        4016004 kB
MemFree:          119952 kB
Active:           343912 kB
Mem:          3.8G       3.7G       117M       5.7M        28M       3.3G

MemTotal:        4016004 kB
MemFree:          120076 kB
Active:           343924 kB
Mem:          3.8G       3.7G       117M       5.7M        28M       3.3G

MemTotal:        4016004 kB
MemFree:          119952 kB
Active:           343940 kB
Mem:          3.8G       3.7G       117M       5.7M        28M       3.3G

MemTotal:        4016004 kB
MemFree:          120076 kB
Active:           343920 kB
Mem:          3.8G       3.7G       117M       5.7M        28M       3.3G

MemTotal:        4016004 kB
MemFree:          120076 kB
Active:           343940 kB
Mem:          3.8G       3.7G       117M       5.7M        28M       3.3G

MemTotal:        4016004 kB
MemFree:          120076 kB
Active:           343916 kB
Mem:          3.8G       3.7G       117M       5.7M        28M       3.3G

MemTotal:        4016004 kB
MemFree:          120076 kB
Active:           343948 kB
Mem:          3.8G       3.7G       117M       5.7M        28M       3.3G

MemTotal:        4016004 kB
MemFree:          119952 kB
Active:           343932 kB
Mem:          3.8G       3.7G       117M       5.7M        28M       3.3G

MemTotal:        4016004 kB
MemFree:          119952 kB
Active:           343952 kB
Mem:          3.8G       3.7G       117M       5.7M        28M       3.3G

MemTotal:        4016004 kB
MemFree:          119952 kB
Active:           343964 kB
Mem:          3.8G       3.7G       117M       5.7M        28M       3.3G

MemTotal:        4016004 kB
MemFree:          119828 kB
Active:           343936 kB
Mem:          3.8G       3.7G       117M       5.7M        28M       3.3G

MemTotal:        4016004 kB
MemFree:          120076 kB
Active:           343960 kB
Mem:          3.8G       3.7G       117M       5.7M        28M       3.3G

MemTotal:        4016004 kB
MemFree:          119952 kB
Active:           343924 kB
Mem:          3.8G       3.7G       117M       5.7M        28M       3.3G

MemTotal:        4016004 kB
MemFree:          119952 kB
Active:           343940 kB
Mem:          3.8G       3.7G       116M       5.7M        28M       3.3G

MemTotal:        4016004 kB
MemFree:          119828 kB
Active:           343916 kB
Mem:          3.8G       3.7G       117M       5.7M        28M       3.3G

MemTotal:        4016004 kB
MemFree:          119828 kB
Active:           343940 kB
Mem:          3.8G       3.7G       117M       5.7M        28M       3.3G

MemTotal:        4016004 kB
MemFree:          119952 kB
Active:           343964 kB
Mem:          3.8G       3.7G       117M       5.7M        28M       3.3G

MemTotal:        4016004 kB
MemFree:          119952 kB
Active:           343972 kB
Mem:          3.8G       3.7G       117M       5.7M        28M       3.3G

MemTotal:        4016004 kB
MemFree:          120076 kB
Active:           343948 kB
Mem:          3.8G       3.7G       117M       5.7M        28M       3.3G

MemTotal:        4016004 kB
MemFree:          120076 kB
Active:           343960 kB
Mem:          3.8G       3.7G       117M       5.7M        28M       3.3G

MemTotal:        4016004 kB
MemFree:          119952 kB
Active:           343952 kB
Mem:          3.8G       3.7G       117M       5.7M        28M       3.3G

MemTotal:        4016004 kB
MemFree:          119952 kB
Active:           343968 kB
Mem:          3.8G       3.7G       117M       5.7M        28M       3.3G

MemTotal:        4016004 kB
MemFree:          120076 kB
Active:           343976 kB
Mem:          3.8G       3.7G       117M       5.7M        28M       3.3G

MemTotal:        4016004 kB
MemFree:          119952 kB
Active:           343984 kB
Mem:          3.8G       3.7G       117M       5.7M        28M       3.3G

MemTotal:        4016004 kB
MemFree:          119828 kB
Active:           343940 kB
Mem:          3.8G       3.7G       117M       5.7M        28M       3.3G

MemTotal:        4016004 kB
MemFree:          119952 kB
Active:           343972 kB
Mem:          3.8G       3.7G       117M       5.7M        28M       3.3G

MemTotal:        4016004 kB
MemFree:          119828 kB
Active:           343988 kB
Mem:          3.8G       3.7G       117M       5.7M        28M       3.3G

MemTotal:        4016004 kB
MemFree:          119828 kB
Active:           343936 kB
Mem:          3.8G       3.7G       117M       5.7M        28M       3.3G

MemTotal:        4016004 kB
MemFree:          119704 kB
Active:           343936 kB
Mem:          3.8G       3.7G       116M       5.7M        28M       3.3G

MemTotal:        4016004 kB
MemFree:          119952 kB
Active:           343964 kB
Mem:          3.8G       3.7G       117M       5.7M        28M       3.3G

MemTotal:        4016004 kB
MemFree:          119828 kB
Active:           343988 kB
Mem:          3.8G       3.7G       117M       5.7M        28M       3.3G

MemTotal:        4016004 kB
MemFree:          119828 kB
Active:           343964 kB
Mem:          3.8G       3.7G       116M       5.7M        28M       3.3G

MemTotal:        4016004 kB
MemFree:          119952 kB
Active:           343984 kB
Mem:          3.8G       3.7G       116M       5.7M        28M       3.3G

MemTotal:        4016004 kB
MemFree:          120076 kB
Active:           343968 kB
Mem:          3.8G       3.7G       117M       5.7M        28M       3.3G

MemTotal:        4016004 kB
MemFree:          119952 kB
Active:           343944 kB
Mem:          3.8G       3.7G       117M       5.7M        28M       3.3G

MemTotal:        4016004 kB
MemFree:          120076 kB
Active:           343988 kB
Mem:          3.8G       3.7G       117M       5.7M        28M       3.3G

MemTotal:        4016004 kB
MemFree:          119952 kB
Active:           343976 kB
Mem:          3.8G       3.7G       117M       5.7M        28M       3.3G

MemTotal:        4016004 kB
MemFree:          119952 kB
Active:           343968 kB
Mem:          3.8G       3.7G       117M       5.7M        28M       3.3G

MemTotal:        4016004 kB
MemFree:          119828 kB
Active:           343984 kB
Mem:          3.8G       3.7G       117M       5.7M        28M       3.3G

MemTotal:        4016004 kB
MemFree:          119952 kB
Active:           343960 kB
Mem:          3.8G       3.7G       117M       5.7M        28M       3.3G

MemTotal:        4016004 kB
MemFree:          119952 kB
Active:           343980 kB
Mem:          3.8G       3.7G       117M       5.7M        28M       3.3G

MemTotal:        4016004 kB
MemFree:          119952 kB
Active:           343964 kB
Mem:          3.8G       3.7G       117M       5.7M        28M       3.3G

MemTotal:        4016004 kB
MemFree:          119952 kB
Active:           344000 kB
Mem:          3.8G       3.7G       117M       5.7M        28M       3.3G

MemTotal:        4016004 kB
MemFree:          119828 kB
Active:           343972 kB
Mem:          3.8G       3.7G       117M       5.7M        28M       3.3G

MemTotal:        4016004 kB
MemFree:          119828 kB
Active:           343992 kB
Mem:          3.8G       3.7G       117M       5.7M        28M       3.3G

MemTotal:        4016004 kB
MemFree:          119952 kB
Active:           344000 kB
Mem:          3.8G       3.7G       117M       5.7M        28M       3.3G

MemTotal:        4016004 kB
MemFree:          119952 kB
Active:           343972 kB
Mem:          3.8G       3.7G       117M       5.7M        28M       3.3G

MemTotal:        4016004 kB
MemFree:          119952 kB
Active:           343960 kB
Mem:          3.8G       3.7G       117M       5.7M        28M       3.3G

MemTotal:        4016004 kB
MemFree:          119828 kB
Active:           343996 kB
Mem:          3.8G       3.7G       117M       5.7M        28M       3.3G

MemTotal:        4016004 kB
MemFree:          119952 kB
Active:           343968 kB
Mem:          3.8G       3.7G       117M       5.7M        28M       3.3G

MemTotal:        4016004 kB
MemFree:          120076 kB
Active:           343996 kB
Mem:          3.8G       3.7G       117M       5.7M        28M       3.3G

MemTotal:        4016004 kB
MemFree:          119952 kB
Active:           344012 kB
Mem:          3.8G       3.7G       117M       5.7M        28M       3.3G

MemTotal:        4016004 kB
MemFree:          120076 kB
Active:           343968 kB
Mem:          3.8G       3.7G       117M       5.7M        28M       3.3G

MemTotal:        4016004 kB
MemFree:          119952 kB
Active:           343984 kB
Mem:          3.8G       3.7G       117M       5.7M        28M       3.3G

MemTotal:        4016004 kB
MemFree:          119952 kB
Active:           343960 kB
Mem:          3.8G       3.7G       117M       5.7M        28M       3.3G

MemTotal:        4016004 kB
MemFree:          119952 kB
Active:           343980 kB
Mem:          3.8G       3.7G       117M       5.7M        28M       3.3G

MemTotal:        4016004 kB
MemFree:          119876 kB
Active:           343880 kB
Mem:          3.8G       3.7G       117M       5.7M        28M       3.3G

MemTotal:        4016004 kB
MemFree:          120000 kB
Active:           343888 kB
Mem:          3.8G       3.7G       117M       5.7M        28M       3.3G

MemTotal:        4016004 kB
MemFree:          120248 kB
Active:           343840 kB
Mem:          3.8G       3.7G       117M       5.7M        28M       3.3G

MemTotal:        4016004 kB
MemFree:          120248 kB
Active:           343852 kB
Mem:          3.8G       3.7G       117M       5.7M        28M       3.3G

MemTotal:        4016004 kB
MemFree:          119628 kB
Active:           343888 kB
Mem:          3.8G       3.7G       116M       5.7M        28M       3.3G

MemTotal:        4016004 kB
MemFree:          120248 kB
Active:           343856 kB
Mem:          3.8G       3.7G       117M       5.7M        28M       3.3G

MemTotal:        4016004 kB
MemFree:          120124 kB
Active:           343896 kB
Mem:          3.8G       3.7G       117M       5.7M        28M       3.3G

MemTotal:        4016004 kB
MemFree:          120124 kB
Active:           343884 kB
Mem:          3.8G       3.7G       117M       5.7M        28M       3.3G

MemTotal:        4016004 kB
MemFree:          120124 kB
Active:           343896 kB
Mem:          3.8G       3.7G       117M       5.7M        28M       3.3G

MemTotal:        4016004 kB
MemFree:          120156 kB
Active:           343864 kB
Mem:          3.8G       3.7G       117M       5.7M        28M       3.3G

MemTotal:        4016004 kB
MemFree:          120156 kB
Active:           343888 kB
Mem:          3.8G       3.7G       117M       5.7M        28M       3.3G

MemTotal:        4016004 kB
MemFree:          120652 kB
Active:           343880 kB
Mem:          3.8G       3.7G       117M       5.7M        28M       3.3G

MemTotal:        4016004 kB
MemFree:          120900 kB
Active:           343900 kB
Mem:          3.8G       3.7G       117M       5.7M        28M       3.3G

MemTotal:        4016004 kB
MemFree:          120776 kB
Active:           343876 kB
Mem:          3.8G       3.7G       117M       5.7M        28M       3.3G

MemTotal:        4016004 kB
MemFree:          120776 kB
Active:           343892 kB
Mem:          3.8G       3.7G       117M       5.7M        28M       3.3G

MemTotal:        4016004 kB
MemFree:          118604 kB
Active:           343888 kB
Mem:          3.8G       3.7G       115M       5.7M        28M       3.3G

MemTotal:        4016004 kB
MemFree:          118356 kB
Active:           345940 kB
Mem:          3.8G       3.7G       115M       5.7M        28M       3.3G

MemTotal:        4016004 kB
MemFree:          118480 kB
Active:           345888 kB
Mem:          3.8G       3.7G       115M       5.7M        28M       3.3G

MemTotal:        4016004 kB
MemFree:          118232 kB
Active:           345912 kB
Mem:          3.8G       3.7G       115M       5.7M        28M       3.3G

MemTotal:        4016004 kB
MemFree:          118232 kB
Active:           345892 kB
Mem:          3.8G       3.7G       115M       5.7M        28M       3.3G

MemTotal:        4016004 kB
MemFree:          117984 kB
Active:           345948 kB
Mem:          3.8G       3.7G       115M       5.7M        28M       3.3G

MemTotal:        4016004 kB
MemFree:          118108 kB
Active:           345940 kB
Mem:          3.8G       3.7G       115M       5.7M        28M       3.3G

MemTotal:        4016004 kB
MemFree:          118108 kB
Active:           345912 kB
Mem:          3.8G       3.7G       115M       5.7M        28M       3.3G

MemTotal:        4016004 kB
MemFree:          117736 kB
Active:           345964 kB
Mem:          3.8G       3.7G       115M       5.7M        28M       3.3G

MemTotal:        4016004 kB
MemFree:          117736 kB
Active:           345964 kB
Mem:          3.8G       3.7G       114M       5.7M        28M       3.3G

MemTotal:        4016004 kB
MemFree:          117984 kB
Active:           345920 kB
Mem:          3.8G       3.7G       115M       5.7M        28M       3.3G

MemTotal:        4016004 kB
MemFree:          118232 kB
Active:           345948 kB
Mem:          3.8G       3.7G       115M       5.7M        28M       3.3G

MemTotal:        4016004 kB
MemFree:          118232 kB
Active:           345964 kB
