MemTotal:        4016004 kB
MemFree:         3246280 kB
Active:           415228 kB
Mem:          3.8G       751M       3.1G       5.7M        55M       314M

MemTotal:        4016004 kB
MemFree:         3246304 kB
Active:           415304 kB
Mem:          3.8G       751M       3.1G       5.7M        55M       314M

MemTotal:        4016004 kB
MemFree:         3246304 kB
Active:           415376 kB
Mem:          3.8G       751M       3.1G       5.7M        55M       314M

MemTotal:        4016004 kB
MemFree:         3246800 kB
Active:           415372 kB
Mem:          3.8G       751M       3.1G       5.7M        55M       314M

MemTotal:        4016004 kB
MemFree:         3246536 kB
Active:           415332 kB
Mem:          3.8G       751M       3.1G       5.7M        55M       314M

MemTotal:        4016004 kB
MemFree:         3246644 kB
Active:           415328 kB
Mem:          3.8G       751M       3.1G       5.7M        55M       314M

MemTotal:        4016004 kB
MemFree:         3246812 kB
Active:           415384 kB
Mem:          3.8G       751M       3.1G       5.7M        55M       314M

MemTotal:        4016004 kB
MemFree:         3247168 kB
Active:           415360 kB
Mem:          3.8G       751M       3.1G       5.7M        55M       314M

MemTotal:        4016004 kB
MemFree:         3246656 kB
Active:           415384 kB
Mem:          3.8G       751M       3.1G       5.7M        55M       314M

MemTotal:        4016004 kB
MemFree:         3246764 kB
Active:           415380 kB
Mem:          3.8G       751M       3.1G       5.7M        55M       314M

MemTotal:        4016004 kB
MemFree:         3246376 kB
Active:           415384 kB
Mem:          3.8G       751M       3.1G       5.7M        55M       314M

MemTotal:        4016004 kB
MemFree:         3246252 kB
Active:           415388 kB
Mem:          3.8G       751M       3.1G       5.7M        55M       314M

MemTotal:        4016004 kB
MemFree:         3246532 kB
Active:           415368 kB
Mem:          3.8G       751M       3.1G       5.7M        55M       314M

MemTotal:        4016004 kB
MemFree:         3246408 kB
Active:           415364 kB
Mem:          3.8G       751M       3.1G       5.7M        55M       314M

MemTotal:        4016004 kB
MemFree:         3247028 kB
Active:           415352 kB
Mem:          3.8G       750M       3.1G       5.7M        55M       314M

MemTotal:        4016004 kB
MemFree:         3247060 kB
Active:           415336 kB
Mem:          3.8G       750M       3.1G       5.7M        55M       314M

MemTotal:        4016004 kB
MemFree:         3246520 kB
Active:           413464 kB
Mem:          3.8G       751M       3.1G       5.7M        55M       314M

MemTotal:        4016004 kB
MemFree:         3246624 kB
Active:           415348 kB
Mem:          3.8G       751M       3.1G       5.7M        55M       314M

MemTotal:        4016004 kB
MemFree:         3246624 kB
Active:           415352 kB
Mem:          3.8G       751M       3.1G       5.7M        55M       314M

MemTotal:        4016004 kB
MemFree:         3246624 kB
Active:           415352 kB
Mem:          3.8G       751M       3.1G       5.7M        55M       314M

MemTotal:        4016004 kB
MemFree:         3246220 kB
Active:           415412 kB
Mem:          3.8G       751M       3.1G       5.7M        55M       314M

MemTotal:        4016004 kB
MemFree:         3246964 kB
Active:           415400 kB
Mem:          3.8G       751M       3.1G       5.7M        55M       314M

MemTotal:        4016004 kB
MemFree:         3246564 kB
Active:           415412 kB
Mem:          3.8G       751M       3.1G       5.7M        55M       314M

MemTotal:        4016004 kB
MemFree:         3246944 kB
Active:           415400 kB
Mem:          3.8G       750M       3.1G       5.7M        55M       314M

MemTotal:        4016004 kB
MemFree:         3247068 kB
Active:           415408 kB
Mem:          3.8G       750M       3.1G       5.7M        55M       314M

MemTotal:        4016004 kB
MemFree:         3246944 kB
Active:           415404 kB
Mem:          3.8G       751M       3.1G       5.7M        55M       314M

MemTotal:        4016004 kB
MemFree:         3246660 kB
Active:           413508 kB
Mem:          3.8G       751M       3.1G       5.7M        55M       314M

MemTotal:        4016004 kB
MemFree:         3247112 kB
Active:           415420 kB
Mem:          3.8G       750M       3.1G       5.7M        55M       314M

MemTotal:        4016004 kB
MemFree:         3246848 kB
Active:           415420 kB
Mem:          3.8G       751M       3.1G       5.7M        55M       314M

MemTotal:        4016004 kB
MemFree:         3246460 kB
Active:           415436 kB
Mem:          3.8G       751M       3.1G       5.7M        55M       314M

MemTotal:        4016004 kB
MemFree:         3246940 kB
Active:           415424 kB
Mem:          3.8G       751M       3.1G       5.7M        55M       314M

MemTotal:        4016004 kB
MemFree:         3246924 kB
Active:           415424 kB
Mem:          3.8G       751M       3.1G       5.7M        55M       314M

MemTotal:        4016004 kB
MemFree:         3247080 kB
Active:           415424 kB
Mem:          3.8G       750M       3.1G       5.7M        55M       314M

MemTotal:        4016004 kB
MemFree:         3247204 kB
Active:           415428 kB
Mem:          3.8G       750M       3.1G       5.7M        55M       314M

MemTotal:        4016004 kB
MemFree:         3247080 kB
Active:           415388 kB
Mem:          3.8G       750M       3.1G       5.7M        55M       314M

MemTotal:        4016004 kB
MemFree:         3247080 kB
Active:           415392 kB
Mem:          3.8G       751M       3.1G       5.7M        55M       314M

MemTotal:        4016004 kB
MemFree:         3246708 kB
Active:           415448 kB
Mem:          3.8G       751M       3.1G       5.7M        55M       314M

MemTotal:        4016004 kB
MemFree:         3246460 kB
Active:           415448 kB
Mem:          3.8G       751M       3.1G       5.7M        55M       314M

MemTotal:        4016004 kB
MemFree:         3246336 kB
Active:           415396 kB
Mem:          3.8G       751M       3.1G       5.7M        55M       314M

MemTotal:        4016004 kB
MemFree:         3246584 kB
Active:           415412 kB
Mem:          3.8G       751M       3.1G       5.7M        55M       314M

MemTotal:        4016004 kB
MemFree:         3246832 kB
Active:           415440 kB
Mem:          3.8G       751M       3.1G       5.7M        55M       314M

MemTotal:        4016004 kB
MemFree:         3246568 kB
Active:           415456 kB
Mem:          3.8G       751M       3.1G       5.7M        55M       314M

MemTotal:        4016004 kB
MemFree:         3246940 kB
Active:           415448 kB
Mem:          3.8G       750M       3.1G       5.7M        55M       314M

MemTotal:        4016004 kB
MemFree:         3247160 kB
Active:           415424 kB
Mem:          3.8G       750M       3.1G       5.7M        55M       314M

MemTotal:        4016004 kB
MemFree:         3246912 kB
Active:           415408 kB
Mem:          3.8G       751M       3.1G       5.7M        55M       314M

MemTotal:        4016004 kB
MemFree:         3246912 kB
Active:           415444 kB
Mem:          3.8G       751M       3.1G       5.7M        55M       314M

MemTotal:        4016004 kB
MemFree:         3244724 kB
Active:           417488 kB
Mem:          3.8G       753M       3.1G       5.7M        55M       314M

MemTotal:        4016004 kB
MemFree:         3244460 kB
Active:           417484 kB
Mem:          3.8G       753M       3.1G       5.7M        55M       314M

MemTotal:        4016004 kB
MemFree:         3244940 kB
Active:           417460 kB
Mem:          3.8G       752M       3.1G       5.7M        55M       314M

MemTotal:        4016004 kB
MemFree:         3244924 kB
Active:           417472 kB
Mem:          3.8G       752M       3.1G       5.7M        55M       314M

MemTotal:        4016004 kB
MemFree:         3244536 kB
Active:           417496 kB
Mem:          3.8G       753M       3.1G       5.7M        55M       314M

MemTotal:        4016004 kB
MemFree:         3244908 kB
Active:           417484 kB
Mem:          3.8G       752M       3.1G       5.7M        55M       314M

MemTotal:        4016004 kB
MemFree:         3244288 kB
Active:           417516 kB
Mem:          3.8G       753M       3.1G       5.7M        55M       314M

MemTotal:        4016004 kB
MemFree:         3244536 kB
Active:           417468 kB
Mem:          3.8G       753M       3.1G       5.7M        55M       314M

MemTotal:        4016004 kB
MemFree:         3244040 kB
Active:           417516 kB
Mem:          3.8G       753M       3.1G       5.7M        55M       314M

MemTotal:        4016004 kB
MemFree:         3244536 kB
Active:           417512 kB
Mem:          3.8G       753M       3.1G       5.7M        55M       314M

MemTotal:        4016004 kB
MemFree:         3244660 kB
Active:           417500 kB
Mem:          3.8G       753M       3.1G       5.7M        55M       314M

MemTotal:        4016004 kB
MemFree:         3244660 kB
Active:           417480 kB
Mem:          3.8G       753M       3.1G       5.7M        55M       314M

MemTotal:        4016004 kB
MemFree:         3244536 kB
Active:           417528 kB
Mem:          3.8G       753M       3.1G       5.7M        55M       314M

MemTotal:        4016004 kB
MemFree:         3244660 kB
Active:           417524 kB
Mem:          3.8G       753M       3.1G       5.7M        55M       314M

MemTotal:        4016004 kB
MemFree:         3244644 kB
Active:           417488 kB
Mem:          3.8G       752M       3.1G       5.7M        55M       314M

MemTotal:        4016004 kB
MemFree:         3244832 kB
Active:           417480 kB
Mem:          3.8G       753M       3.1G       5.7M        55M       314M

MemTotal:        4016004 kB
MemFree:         3244708 kB
Active:           417524 kB
Mem:          3.8G       753M       3.1G       5.7M        55M       314M

MemTotal:        4016004 kB
MemFree:         3244708 kB
Active:           417520 kB
Mem:          3.8G       753M       3.1G       5.7M        55M       314M

MemTotal:        4016004 kB
MemFree:         3244584 kB
Active:           417536 kB
Mem:          3.8G       753M       3.1G       5.7M        55M       314M

MemTotal:        4016004 kB
MemFree:         3244832 kB
Active:           417528 kB
Mem:          3.8G       753M       3.1G       5.7M        55M       314M

MemTotal:        4016004 kB
MemFree:         3242396 kB
Active:           417536 kB
Mem:          3.8G       755M       3.1G       5.7M        55M       314M

MemTotal:        4016004 kB
MemFree:         3242628 kB
Active:           419552 kB
Mem:          3.8G       755M       3.1G       5.7M        55M       314M

MemTotal:        4016004 kB
MemFree:         3241992 kB
Active:           419560 kB
Mem:          3.8G       755M       3.1G       5.7M        55M       314M

MemTotal:        4016004 kB
MemFree:         3242148 kB
Active:           419560 kB
Mem:          3.8G       755M       3.1G       5.7M        55M       314M

MemTotal:        4016004 kB
MemFree:         3242024 kB
Active:           419564 kB
Mem:          3.8G       755M       3.1G       5.7M        55M       314M

MemTotal:        4016004 kB
MemFree:         3242396 kB
Active:           419552 kB
Mem:          3.8G       755M       3.1G       5.7M        55M       314M

MemTotal:        4016004 kB
MemFree:         3241900 kB
Active:           419564 kB
Mem:          3.8G       755M       3.1G       5.7M        55M       314M

MemTotal:        4016004 kB
MemFree:         3242272 kB
Active:           419508 kB
Mem:          3.8G       755M       3.1G       5.7M        55M       314M

MemTotal:        4016004 kB
MemFree:         3242396 kB
Active:           419556 kB
Mem:          3.8G       755M       3.1G       5.7M        55M       314M

MemTotal:        4016004 kB
MemFree:         3241776 kB
Active:           419564 kB
Mem:          3.8G       756M       3.1G       5.7M        55M       314M

MemTotal:        4016004 kB
MemFree:         3242204 kB
Active:           417660 kB
Mem:          3.8G       755M       3.1G       5.7M        55M       314M

MemTotal:        4016004 kB
MemFree:         3242440 kB
Active:           419556 kB
Mem:          3.8G       755M       3.1G       5.7M        55M       314M

MemTotal:        4016004 kB
MemFree:         3242688 kB
Active:           419544 kB
Mem:          3.8G       755M       3.1G       5.7M        55M       314M

MemTotal:        4016004 kB
MemFree:         3242256 kB
Active:           419584 kB
Mem:          3.8G       755M       3.1G       5.7M        55M       314M

MemTotal:        4016004 kB
MemFree:         3242752 kB
Active:           419568 kB
Mem:          3.8G       755M       3.1G       5.7M        55M       314M

MemTotal:        4016004 kB
MemFree:         3242752 kB
Active:           419556 kB
Mem:          3.8G       755M       3.1G       5.7M        55M       314M

MemTotal:        4016004 kB
MemFree:         3242720 kB
Active:           419544 kB
Mem:          3.8G       755M       3.1G       5.7M        55M       314M

MemTotal:        4016004 kB
MemFree:         3242580 kB
Active:           419552 kB
Mem:          3.8G       755M       3.1G       5.7M        55M       314M

MemTotal:        4016004 kB
MemFree:         3242564 kB
Active:           419568 kB
Mem:          3.8G       755M       3.1G       5.7M        55M       314M

MemTotal:        4016004 kB
MemFree:         3242564 kB
Active:           419548 kB
Mem:          3.8G       755M       3.1G       5.7M        55M       314M

MemTotal:        4016004 kB
MemFree:         3242564 kB
Active:           419588 kB
Mem:          3.8G       755M       3.1G       5.7M        55M       314M

MemTotal:        4016004 kB
MemFree:         3242192 kB
Active:           419608 kB
Mem:          3.8G       755M       3.1G       5.7M        55M       314M

MemTotal:        4016004 kB
MemFree:         3242440 kB
Active:           419588 kB
Mem:          3.8G       755M       3.1G       5.7M        55M       314M

MemTotal:        4016004 kB
MemFree:         3242564 kB
Active:           419568 kB
Mem:          3.8G       755M       3.1G       5.7M        55M       314M

MemTotal:        4016004 kB
MemFree:         3242316 kB
Active:           419612 kB
Mem:          3.8G       755M       3.1G       5.7M        55M       314M

MemTotal:        4016004 kB
MemFree:         3242688 kB
Active:           419596 kB
Mem:          3.8G       755M       3.1G       5.7M        55M       314M

MemTotal:        4016004 kB
MemFree:         3242812 kB
Active:           419612 kB
Mem:          3.8G       755M       3.1G       5.7M        55M       314M

MemTotal:        4016004 kB
MemFree:         3242132 kB
Active:           419612 kB
Mem:          3.8G       755M       3.1G       5.7M        55M       314M

MemTotal:        4016004 kB
MemFree:         3242256 kB
Active:           419612 kB
Mem:          3.8G       755M       3.1G       5.7M        55M       314M

MemTotal:        4016004 kB
MemFree:         3242380 kB
Active:           419580 kB
Mem:          3.8G       755M       3.1G       5.7M        55M       314M

MemTotal:        4016004 kB
MemFree:         3242380 kB
Active:           419572 kB
Mem:          3.8G       755M       3.1G       5.7M        55M       314M

MemTotal:        4016004 kB
MemFree:         3242256 kB
Active:           419616 kB
Mem:          3.8G       755M       3.1G       5.7M        55M       314M

MemTotal:        4016004 kB
MemFree:         3242100 kB
Active:           419608 kB
Mem:          3.8G       756M       3.1G       5.7M        55M       314M

MemTotal:        4016004 kB
MemFree:         3242208 kB
Active:           419620 kB
Mem:          3.8G       755M       3.1G       5.7M        55M       314M

MemTotal:        4016004 kB
MemFree:         3242284 kB
Active:           419856 kB
Mem:          3.8G       756M       3.1G       5.7M        55M       314M

MemTotal:        4016004 kB
MemFree:         3200940 kB
Active:           420152 kB
Mem:          3.8G       796M       3.1G       5.7M        55M       354M

MemTotal:        4016004 kB
MemFree:         3156824 kB
Active:           420180 kB
Mem:          3.8G       839M       3.0G       5.7M        55M       397M

MemTotal:        4016004 kB
MemFree:         3112460 kB
Active:           420200 kB
Mem:          3.8G       882M       3.0G       5.7M        55M       439M

MemTotal:        4016004 kB
MemFree:         3068840 kB
Active:           420232 kB
Mem:          3.8G       925M       2.9G       5.7M        55M       482M

MemTotal:        4016004 kB
MemFree:         3024708 kB
Active:           420252 kB
Mem:          3.8G       969M       2.9G       5.7M        55M       524M

MemTotal:        4016004 kB
MemFree:         2978420 kB
Active:           422320 kB
Mem:          3.8G       1.0G       2.8G       5.7M        55M       566M

MemTotal:        4016004 kB
MemFree:         2933732 kB
Active:           422328 kB
Mem:          3.8G       1.0G       2.8G       5.7M        55M       609M

MemTotal:        4016004 kB
MemFree:         2890332 kB
Active:           422348 kB
Mem:          3.8G       1.1G       2.8G       5.7M        55M       651M

MemTotal:        4016004 kB
MemFree:         2846092 kB
Active:           422368 kB
Mem:          3.8G       1.1G       2.7G       5.7M        55M       694M

MemTotal:        4016004 kB
MemFree:         2802100 kB
Active:           422388 kB
Mem:          3.8G       1.2G       2.7G       5.7M        55M       736M

MemTotal:        4016004 kB
MemFree:         2758600 kB
Active:           422428 kB
Mem:          3.8G       1.2G       2.6G       5.7M        55M       777M

MemTotal:        4016004 kB
MemFree:         2735940 kB
Active:           422444 kB
Mem:          3.8G       1.2G       2.6G       5.7M        55M       799M

MemTotal:        4016004 kB
MemFree:         2692196 kB
Active:           422468 kB
Mem:          3.8G       1.3G       2.6G       5.7M        55M       842M

MemTotal:        4016004 kB
MemFree:         2685484 kB
Active:           422480 kB
Mem:          3.8G       1.3G       2.6G       5.7M        55M       847M

MemTotal:        4016004 kB
MemFree:         2643052 kB
Active:           422504 kB
Mem:          3.8G       1.3G       2.5G       5.7M        55M       888M

MemTotal:        4016004 kB
MemFree:         2599540 kB
Active:           422528 kB
Mem:          3.8G       1.4G       2.5G       5.7M        55M       930M

MemTotal:        4016004 kB
MemFree:         2599140 kB
Active:           422540 kB
Mem:          3.8G       1.4G       2.5G       5.7M        55M       930M

MemTotal:        4016004 kB
MemFree:         2576128 kB
Active:           422548 kB
Mem:          3.8G       1.4G       2.5G       5.7M        55M       953M

MemTotal:        4016004 kB
MemFree:         2532012 kB
Active:           422568 kB
Mem:          3.8G       1.4G       2.4G       5.7M        55M       996M

MemTotal:        4016004 kB
MemFree:         2487648 kB
Active:           422596 kB
Mem:          3.8G       1.5G       2.4G       5.7M        55M       1.0G

MemTotal:        4016004 kB
MemFree:         2443284 kB
Active:           422616 kB
Mem:          3.8G       1.5G       2.3G       5.7M        55M       1.1G

MemTotal:        4016004 kB
MemFree:         2399152 kB
Active:           422648 kB
Mem:          3.8G       1.5G       2.3G       5.7M        55M       1.1G

MemTotal:        4016004 kB
MemFree:         2354912 kB
Active:           422668 kB
Mem:          3.8G       1.6G       2.2G       5.7M        55M       1.1G

MemTotal:        4016004 kB
MemFree:         2331544 kB
Active:           422688 kB
Mem:          3.8G       1.6G       2.2G       5.7M        55M       1.2G

MemTotal:        4016004 kB
MemFree:         2300760 kB
Active:           422712 kB
Mem:          3.8G       1.6G       2.2G       5.7M        55M       1.2G

MemTotal:        4016004 kB
MemFree:         2258256 kB
Active:           422732 kB
Mem:          3.8G       1.7G       2.2G       5.7M        55M       1.2G

MemTotal:        4016004 kB
MemFree:         2230384 kB
Active:           422760 kB
Mem:          3.8G       1.7G       2.1G       5.7M        55M       1.3G

MemTotal:        4016004 kB
MemFree:         2229132 kB
Active:           422776 kB
Mem:          3.8G       1.7G       2.1G       5.7M        55M       1.3G

MemTotal:        4016004 kB
MemFree:         2192844 kB
Active:           422796 kB
Mem:          3.8G       1.7G       2.1G       5.7M        55M       1.3G

MemTotal:        4016004 kB
MemFree:         2148904 kB
Active:           422820 kB
Mem:          3.8G       1.8G       2.0G       5.7M        55M       1.3G

MemTotal:        4016004 kB
MemFree:         2105228 kB
Active:           422840 kB
Mem:          3.8G       1.8G       2.0G       5.7M        55M       1.4G

MemTotal:        4016004 kB
MemFree:         2061284 kB
Active:           422868 kB
Mem:          3.8G       1.9G       2.0G       5.7M        55M       1.4G

MemTotal:        4016004 kB
MemFree:         2016672 kB
Active:           422892 kB
Mem:          3.8G       1.9G       1.9G       5.7M        56M       1.5G

MemTotal:        4016004 kB
MemFree:         1972556 kB
Active:           422912 kB
Mem:          3.8G       1.9G       1.9G       5.7M        56M       1.5G

MemTotal:        4016004 kB
MemFree:         1928316 kB
Active:           422940 kB
Mem:          3.8G       2.0G       1.8G       5.7M        56M       1.5G

MemTotal:        4016004 kB
MemFree:         1886044 kB
Active:           422968 kB
Mem:          3.8G       2.0G       1.8G       5.7M        56M       1.6G

MemTotal:        4016004 kB
MemFree:         1842020 kB
Active:           423028 kB
Mem:          3.8G       2.1G       1.8G       5.7M        56M       1.6G

MemTotal:        4016004 kB
MemFree:         1798356 kB
Active:           423048 kB
Mem:          3.8G       2.1G       1.7G       5.7M        56M       1.7G

MemTotal:        4016004 kB
MemFree:         1774908 kB
Active:           423072 kB
Mem:          3.8G       2.1G       1.7G       5.7M        56M       1.7G

MemTotal:        4016004 kB
MemFree:         1769812 kB
Active:           423040 kB
Mem:          3.8G       2.1G       1.7G       5.7M        56M       1.7G

MemTotal:        4016004 kB
MemFree:         1726084 kB
Active:           423112 kB
Mem:          3.8G       2.2G       1.6G       5.7M        56M       1.7G

MemTotal:        4016004 kB
MemFree:         1682408 kB
Active:           423132 kB
Mem:          3.8G       2.2G       1.6G       5.7M        56M       1.8G

MemTotal:        4016004 kB
MemFree:         1638344 kB
Active:           423152 kB
Mem:          3.8G       2.3G       1.6G       5.7M        56M       1.8G

MemTotal:        4016004 kB
MemFree:         1595104 kB
Active:           423176 kB
Mem:          3.8G       2.3G       1.5G       5.7M        56M       1.9G

MemTotal:        4016004 kB
MemFree:         1551252 kB
Active:           423204 kB
Mem:          3.8G       2.4G       1.5G       5.7M        56M       1.9G

MemTotal:        4016004 kB
MemFree:         1505832 kB
Active:           425272 kB
Mem:          3.8G       2.4G       1.4G       5.7M        56M       1.9G

MemTotal:        4016004 kB
MemFree:         1461328 kB
Active:           425276 kB
Mem:          3.8G       2.4G       1.4G       5.7M        56M       2.0G

MemTotal:        4016004 kB
MemFree:         1417644 kB
Active:           425300 kB
Mem:          3.8G       2.5G       1.4G       5.7M        56M       2.0G

MemTotal:        4016004 kB
MemFree:         1373644 kB
Active:           425320 kB
Mem:          3.8G       2.5G       1.3G       5.7M        56M       2.1G

MemTotal:        4016004 kB
MemFree:         1330248 kB
Active:           425344 kB
Mem:          3.8G       2.6G       1.3G       5.7M        56M       2.1G

MemTotal:        4016004 kB
MemFree:         1321436 kB
Active:           425360 kB
Mem:          3.8G       2.6G       1.3G       5.7M        56M       2.1G

MemTotal:        4016004 kB
MemFree:         1318392 kB
Active:           425352 kB
Mem:          3.8G       2.6G       1.3G       5.7M        56M       2.1G

MemTotal:        4016004 kB
MemFree:         1274432 kB
Active:           425396 kB
Mem:          3.8G       2.6G       1.2G       5.7M        56M       2.2G

MemTotal:        4016004 kB
MemFree:         1230720 kB
Active:           425420 kB
Mem:          3.8G       2.7G       1.2G       5.7M        56M       2.2G

MemTotal:        4016004 kB
MemFree:         1187756 kB
Active:           425444 kB
Mem:          3.8G       2.7G       1.1G       5.7M        56M       2.2G

MemTotal:        4016004 kB
MemFree:         1143780 kB
Active:           425468 kB
Mem:          3.8G       2.7G       1.1G       5.7M        56M       2.3G

MemTotal:        4016004 kB
MemFree:         1100144 kB
Active:           425496 kB
Mem:          3.8G       2.8G       1.0G       5.7M        56M       2.3G

MemTotal:        4016004 kB
MemFree:         1056152 kB
Active:           425520 kB
Mem:          3.8G       2.8G       1.0G       5.7M        56M       2.4G

MemTotal:        4016004 kB
MemFree:         1012268 kB
Active:           425540 kB
Mem:          3.8G       2.9G       988M       5.7M        56M       2.4G

MemTotal:        4016004 kB
MemFree:          968880 kB
Active:           425564 kB
Mem:          3.8G       2.9G       945M       5.7M        56M       2.4G

MemTotal:        4016004 kB
MemFree:          924936 kB
Active:           425600 kB
Mem:          3.8G       2.9G       902M       5.7M        56M       2.5G

MemTotal:        4016004 kB
MemFree:          880884 kB
Active:           425628 kB
Mem:          3.8G       3.0G       859M       5.7M        56M       2.5G

MemTotal:        4016004 kB
MemFree:          875648 kB
Active:           425640 kB
Mem:          3.8G       3.0G       854M       5.7M        56M       2.5G

MemTotal:        4016004 kB
MemFree:          861708 kB
Active:           425636 kB
Mem:          3.8G       3.0G       841M       5.7M        56M       2.5G

MemTotal:        4016004 kB
MemFree:          817140 kB
Active:           425696 kB
Mem:          3.8G       3.1G       797M       5.7M        56M       2.6G

MemTotal:        4016004 kB
MemFree:          771444 kB
Active:           427768 kB
Mem:          3.8G       3.1G       753M       5.7M        56M       2.6G

MemTotal:        4016004 kB
MemFree:          728076 kB
Active:           427768 kB
Mem:          3.8G       3.1G       710M       5.7M        56M       2.7G

MemTotal:        4016004 kB
MemFree:          684092 kB
Active:           427792 kB
Mem:          3.8G       3.2G       667M       5.7M        56M       2.7G

MemTotal:        4016004 kB
MemFree:          639868 kB
Active:           427816 kB
Mem:          3.8G       3.2G       624M       5.7M        56M       2.7G

MemTotal:        4016004 kB
MemFree:          596728 kB
Active:           427836 kB
Mem:          3.8G       3.3G       582M       5.7M        56M       2.8G

MemTotal:        4016004 kB
MemFree:          552504 kB
Active:           427856 kB
Mem:          3.8G       3.3G       538M       5.7M        56M       2.8G

MemTotal:        4016004 kB
MemFree:          509380 kB
Active:           427884 kB
Mem:          3.8G       3.3G       496M       5.7M        56M       2.9G

MemTotal:        4016004 kB
MemFree:          464972 kB
Active:           427912 kB
Mem:          3.8G       3.4G       453M       5.7M        56M       2.9G

MemTotal:        4016004 kB
MemFree:          421560 kB
Active:           427932 kB
Mem:          3.8G       3.4G       411M       5.7M        56M       3.0G

MemTotal:        4016004 kB
MemFree:          377568 kB
Active:           427956 kB
Mem:          3.8G       3.5G       367M       5.7M        56M       3.0G

MemTotal:        4016004 kB
MemFree:          353212 kB
Active:           430016 kB
Mem:          3.8G       3.5G       344M       5.7M        56M       3.0G

MemTotal:        4016004 kB
MemFree:          352504 kB
Active:           430016 kB
Mem:          3.8G       3.5G       344M       5.7M        56M       3.0G

MemTotal:        4016004 kB
MemFree:          352904 kB
Active:           429864 kB
Mem:          3.8G       3.5G       344M       5.7M        56M       3.0G

MemTotal:        4016004 kB
MemFree:          353024 kB
Active:           429836 kB
Mem:          3.8G       3.5G       344M       5.7M        56M       3.0G

MemTotal:        4016004 kB
MemFree:          331684 kB
Active:           429996 kB
Mem:          3.8G       3.5G       322M       5.7M        56M       3.0G

MemTotal:        4016004 kB
MemFree:          286932 kB
Active:           429896 kB
Mem:          3.8G       3.6G       280M       5.7M        56M       3.1G

MemTotal:        4016004 kB
MemFree:          243700 kB
Active:           429916 kB
Mem:          3.8G       3.6G       237M       5.7M        56M       3.1G

MemTotal:        4016004 kB
MemFree:          199940 kB
Active:           429948 kB
Mem:          3.8G       3.6G       194M       5.7M        56M       3.2G

MemTotal:        4016004 kB
MemFree:          156212 kB
Active:           429968 kB
Mem:          3.8G       3.7G       152M       5.7M        57M       3.2G

MemTotal:        4016004 kB
MemFree:          112468 kB
Active:           429992 kB
Mem:          3.8G       3.7G       108M       5.7M        57M       3.2G

MemTotal:        4016004 kB
MemFree:          104912 kB
Active:           426828 kB
Mem:          3.8G       3.7G       133M       5.7M        22M       3.2G

MemTotal:        4016004 kB
MemFree:          143024 kB
Active:           486236 kB
Mem:          3.8G       3.7G       138M       5.7M        22M       3.2G

MemTotal:        4016004 kB
MemFree:          120932 kB
Active:           485692 kB
Mem:          3.8G       3.7G       117M       5.7M        22M       3.3G

MemTotal:        4016004 kB
MemFree:          126248 kB
Active:           482216 kB
Mem:          3.8G       3.7G       122M       5.7M        22M       3.3G

MemTotal:        4016004 kB
MemFree:          130460 kB
Active:           475276 kB
Mem:          3.8G       3.7G       126M       5.7M        22M       3.3G

MemTotal:        4016004 kB
MemFree:          133804 kB
Active:           469536 kB
Mem:          3.8G       3.7G       130M       5.7M        22M       3.3G

MemTotal:        4016004 kB
MemFree:          119632 kB
Active:           469432 kB
Mem:          3.8G       3.7G       116M       5.7M        22M       3.3G

MemTotal:        4016004 kB
MemFree:          119080 kB
Active:           469416 kB
Mem:          3.8G       3.7G       116M       5.7M        22M       3.3G

MemTotal:        4016004 kB
MemFree:          118204 kB
Active:           469460 kB
Mem:          3.8G       3.7G       115M       5.7M        22M       3.3G

MemTotal:        4016004 kB
MemFree:          110204 kB
Active:           468044 kB
Mem:          3.8G       3.7G       106M       5.7M        22M       3.3G

MemTotal:        4016004 kB
MemFree:          126812 kB
Active:           462816 kB
Mem:          3.8G       3.7G       123M       5.7M        22M       3.3G

MemTotal:        4016004 kB
MemFree:          105160 kB
Active:           458868 kB
Mem:          3.8G       3.7G       125M       5.7M        22M       3.3G

MemTotal:        4016004 kB
MemFree:          128748 kB
Active:           450512 kB
Mem:          3.8G       3.7G       125M       5.7M        22M       3.3G

MemTotal:        4016004 kB
MemFree:          108672 kB
Active:           448620 kB
Mem:          3.8G       3.7G       105M       5.7M        22M       3.3G

MemTotal:        4016004 kB
MemFree:          124804 kB
Active:           443268 kB
Mem:          3.8G       3.7G       121M       5.7M        22M       3.3G

MemTotal:        4016004 kB
MemFree:          135024 kB
Active:           434216 kB
Mem:          3.8G       3.7G       131M       5.7M        22M       3.3G

MemTotal:        4016004 kB
MemFree:          126284 kB
Active:           433084 kB
Mem:          3.8G       3.7G       122M       5.7M        22M       3.3G

MemTotal:        4016004 kB
MemFree:          124252 kB
Active:           431188 kB
Mem:          3.8G       3.7G       120M       5.7M        22M       3.3G

MemTotal:        4016004 kB
MemFree:          110136 kB
Active:           430192 kB
Mem:          3.8G       3.7G       106M       5.7M        22M       3.3G

MemTotal:        4016004 kB
MemFree:          125532 kB
Active:           428556 kB
Mem:          3.8G       3.7G       122M       5.7M        22M       3.3G

MemTotal:        4016004 kB
MemFree:          128028 kB
Active:           427556 kB
Mem:          3.8G       3.7G       124M       5.7M        22M       3.3G

MemTotal:        4016004 kB
MemFree:          125500 kB
Active:           427452 kB
Mem:          3.8G       3.7G       122M       5.7M        22M       3.3G

MemTotal:        4016004 kB
MemFree:          127136 kB
Active:           424328 kB
Mem:          3.8G       3.7G       123M       5.7M        22M       3.3G

MemTotal:        4016004 kB
MemFree:          120240 kB
Active:           423072 kB
Mem:          3.8G       3.7G       117M       5.7M        22M       3.3G

MemTotal:        4016004 kB
MemFree:          126332 kB
Active:           421172 kB
Mem:          3.8G       3.7G       123M       5.7M        22M       3.3G

MemTotal:        4016004 kB
MemFree:          117724 kB
Active:           420048 kB
Mem:          3.8G       3.7G       114M       5.7M        22M       3.3G

MemTotal:        4016004 kB
MemFree:          110256 kB
Active:           418788 kB
Mem:          3.8G       3.7G       107M       5.7M        22M       3.3G

MemTotal:        4016004 kB
MemFree:          118824 kB
Active:           414788 kB
Mem:          3.8G       3.7G       115M       5.7M        22M       3.3G

MemTotal:        4016004 kB
MemFree:          110864 kB
Active:           413668 kB
Mem:          3.8G       3.7G       107M       5.7M        22M       3.3G

MemTotal:        4016004 kB
MemFree:          127600 kB
Active:           412044 kB
Mem:          3.8G       3.7G       123M       5.7M        22M       3.3G

MemTotal:        4016004 kB
MemFree:          124732 kB
Active:           410376 kB
Mem:          3.8G       3.7G       121M       5.7M        22M       3.3G

MemTotal:        4016004 kB
MemFree:          116032 kB
Active:           409380 kB
Mem:          3.8G       3.7G       113M       5.7M        22M       3.3G

MemTotal:        4016004 kB
MemFree:          108744 kB
Active:           408120 kB
Mem:          3.8G       3.7G       105M       5.7M        22M       3.3G

MemTotal:        4016004 kB
MemFree:          139776 kB
Active:           406492 kB
Mem:          3.8G       3.7G       136M       5.7M        22M       3.2G

MemTotal:        4016004 kB
MemFree:          134864 kB
Active:           406504 kB
Mem:          3.8G       3.7G       131M       5.7M        22M       3.2G

MemTotal:        4016004 kB
MemFree:          126600 kB
Active:           403448 kB
Mem:          3.8G       3.7G       123M       5.7M        22M       3.3G

MemTotal:        4016004 kB
MemFree:          117572 kB
Active:           402448 kB
Mem:          3.8G       3.7G       114M       5.7M        22M       3.3G

MemTotal:        4016004 kB
MemFree:          129084 kB
Active:           400424 kB
Mem:          3.8G       3.7G       125M       5.7M        22M       3.3G

MemTotal:        4016004 kB
MemFree:          122016 kB
Active:           399300 kB
Mem:          3.8G       3.7G       117M       5.7M        22M       3.3G

MemTotal:        4016004 kB
MemFree:          114076 kB
Active:           398232 kB
Mem:          3.8G       3.7G       111M       5.7M        22M       3.3G

MemTotal:        4016004 kB
MemFree:          131940 kB
Active:           396400 kB
Mem:          3.8G       3.7G       128M       5.7M        22M       3.3G

MemTotal:        4016004 kB
MemFree:          125168 kB
Active:           395140 kB
Mem:          3.8G       3.7G       121M       5.7M        22M       3.3G

MemTotal:        4016004 kB
MemFree:          117680 kB
Active:           394008 kB
Mem:          3.8G       3.7G       114M       5.7M        22M       3.3G

MemTotal:        4016004 kB
MemFree:          121996 kB
Active:           392240 kB
Mem:          3.8G       3.7G       118M       5.7M        22M       3.3G

MemTotal:        4016004 kB
MemFree:          126676 kB
Active:           390728 kB
Mem:          3.8G       3.7G       122M       5.7M        22M       3.3G

MemTotal:        4016004 kB
MemFree:          120668 kB
Active:           389348 kB
Mem:          3.8G       3.7G       117M       5.7M        22M       3.3G

MemTotal:        4016004 kB
MemFree:          116228 kB
Active:           389240 kB
Mem:          3.8G       3.7G       113M       5.7M        22M       3.3G

MemTotal:        4016004 kB
MemFree:          123460 kB
Active:           388228 kB
Mem:          3.8G       3.7G       120M       5.7M        22M       3.3G

MemTotal:        4016004 kB
MemFree:          116612 kB
Active:           387108 kB
Mem:          3.8G       3.7G       113M       5.7M        22M       3.3G

MemTotal:        4016004 kB
MemFree:          109520 kB
Active:           385896 kB
Mem:          3.8G       3.7G       106M       5.7M        22M       3.3G

MemTotal:        4016004 kB
MemFree:          126272 kB
Active:           384216 kB
Mem:          3.8G       3.7G       122M       5.7M        23M       3.3G

MemTotal:        4016004 kB
MemFree:          125264 kB
Active:           382700 kB
Mem:          3.8G       3.7G       121M       5.7M        23M       3.3G

MemTotal:        4016004 kB
MemFree:          111016 kB
Active:           381568 kB
Mem:          3.8G       3.7G       108M       5.7M        23M       3.3G

MemTotal:        4016004 kB
MemFree:          128016 kB
Active:           379936 kB
Mem:          3.8G       3.7G       124M       5.7M        23M       3.3G

MemTotal:        4016004 kB
MemFree:          121116 kB
Active:           378804 kB
Mem:          3.8G       3.7G       117M       5.7M        23M       3.3G

MemTotal:        4016004 kB
MemFree:          112728 kB
Active:           377672 kB
Mem:          3.8G       3.7G       109M       5.7M        23M       3.3G

MemTotal:        4016004 kB
MemFree:          127900 kB
Active:           376416 kB
Mem:          3.8G       3.7G       124M       5.7M        23M       3.3G

MemTotal:        4016004 kB
MemFree:          116436 kB
Active:           375796 kB
Mem:          3.8G       3.7G       112M       5.7M        23M       3.3G

MemTotal:        4016004 kB
MemFree:          120236 kB
Active:           374552 kB
Mem:          3.8G       3.7G       116M       5.7M        23M       3.3G

MemTotal:        4016004 kB
MemFree:          109704 kB
Active:           376612 kB
Mem:          3.8G       3.7G       106M       5.7M        23M       3.3G

MemTotal:        4016004 kB
MemFree:          119328 kB
Active:           374688 kB
Mem:          3.8G       3.7G       116M       5.7M        23M       3.3G

MemTotal:        4016004 kB
MemFree:          123544 kB
Active:           373028 kB
Mem:          3.8G       3.7G       120M       5.7M        23M       3.3G

MemTotal:        4016004 kB
MemFree:          117036 kB
Active:           371916 kB
Mem:          3.8G       3.7G       113M       5.7M        23M       3.3G

MemTotal:        4016004 kB
MemFree:          109628 kB
Active:           370668 kB
Mem:          3.8G       3.7G       106M       5.7M        23M       3.3G

MemTotal:        4016004 kB
MemFree:          119452 kB
Active:           370432 kB
Mem:          3.8G       3.7G       116M       5.7M        23M       3.3G

MemTotal:        4016004 kB
MemFree:          110916 kB
Active:           370452 kB
Mem:          3.8G       3.7G       108M       5.7M        23M       3.3G

MemTotal:        4016004 kB
MemFree:          107676 kB
Active:           370476 kB
Mem:          3.8G       3.7G       111M       5.7M        23M       3.3G

MemTotal:        4016004 kB
MemFree:          105840 kB
Active:           370500 kB
Mem:          3.8G       3.7G       102M       5.7M        23M       3.3G

MemTotal:        4016004 kB
MemFree:          127800 kB
Active:           370528 kB
Mem:          3.8G       3.7G       124M       5.7M        23M       3.3G

MemTotal:        4016004 kB
MemFree:          130120 kB
Active:           371832 kB
Mem:          3.8G       3.7G       126M       5.7M        23M       3.2G

MemTotal:        4016004 kB
MemFree:          127900 kB
Active:           371832 kB
Mem:          3.8G       3.7G       124M       5.7M        23M       3.2G

MemTotal:        4016004 kB
MemFree:          127060 kB
Active:           371704 kB
Mem:          3.8G       3.7G       124M       5.7M        23M       3.2G

MemTotal:        4016004 kB
MemFree:          126244 kB
Active:           371744 kB
Mem:          3.8G       3.7G       123M       5.7M        23M       3.2G

MemTotal:        4016004 kB
MemFree:          126248 kB
Active:           371744 kB
Mem:          3.8G       3.7G       123M       5.7M        23M       3.2G

MemTotal:        4016004 kB
MemFree:          126284 kB
Active:           371728 kB
Mem:          3.8G       3.7G       123M       5.7M        23M       3.2G

MemTotal:        4016004 kB
MemFree:          123340 kB
Active:           371788 kB
Mem:          3.8G       3.7G       119M       5.7M        23M       3.3G

MemTotal:        4016004 kB
MemFree:          115680 kB
Active:           371808 kB
Mem:          3.8G       3.7G       112M       5.7M        23M       3.3G

MemTotal:        4016004 kB
MemFree:          121212 kB
Active:           369456 kB
Mem:          3.8G       3.7G       124M       5.7M        23M       3.2G

MemTotal:        4016004 kB
MemFree:          127088 kB
Active:           369372 kB
Mem:          3.8G       3.7G       123M       5.7M        23M       3.2G

MemTotal:        4016004 kB
MemFree:          134120 kB
Active:           370512 kB
Mem:          3.8G       3.7G       129M       5.7M        23M       3.2G

MemTotal:        4016004 kB
MemFree:          125716 kB
Active:           370276 kB
Mem:          3.8G       3.7G       122M       5.7M        23M       3.3G

MemTotal:        4016004 kB
MemFree:          118552 kB
Active:           370300 kB
Mem:          3.8G       3.7G       115M       5.7M        23M       3.3G

MemTotal:        4016004 kB
MemFree:          111124 kB
Active:           370320 kB
Mem:          3.8G       3.7G       108M       5.7M        23M       3.3G

MemTotal:        4016004 kB
MemFree:          127620 kB
Active:           370356 kB
Mem:          3.8G       3.7G       124M       5.7M        23M       3.2G

MemTotal:        4016004 kB
MemFree:          114340 kB
Active:           370176 kB
Mem:          3.8G       3.7G       111M       5.7M        23M       3.3G

MemTotal:        4016004 kB
MemFree:          107084 kB
Active:           370200 kB
Mem:          3.8G       3.7G       103M       5.7M        23M       3.3G

MemTotal:        4016004 kB
MemFree:          121020 kB
Active:           370216 kB
Mem:          3.8G       3.7G       117M       5.7M        23M       3.3G

MemTotal:        4016004 kB
MemFree:          112764 kB
Active:           370240 kB
Mem:          3.8G       3.7G       109M       5.7M        23M       3.3G

MemTotal:        4016004 kB
MemFree:          128832 kB
Active:           370264 kB
Mem:          3.8G       3.7G       125M       5.7M        23M       3.2G

MemTotal:        4016004 kB
MemFree:          108584 kB
Active:           370292 kB
Mem:          3.8G       3.7G       105M       5.7M        23M       3.3G

MemTotal:        4016004 kB
MemFree:          125772 kB
Active:           370316 kB
Mem:          3.8G       3.7G       122M       5.7M        23M       3.2G

MemTotal:        4016004 kB
MemFree:          105960 kB
Active:           370264 kB
Mem:          3.8G       3.7G       103M       5.7M        23M       3.3G

MemTotal:        4016004 kB
MemFree:          110452 kB
Active:           370288 kB
Mem:          3.8G       3.7G       107M       5.7M        23M       3.3G

MemTotal:        4016004 kB
MemFree:          126584 kB
Active:           370312 kB
Mem:          3.8G       3.7G       123M       5.7M        23M       3.2G

MemTotal:        4016004 kB
MemFree:          108028 kB
Active:           370340 kB
Mem:          3.8G       3.7G       105M       5.7M        23M       3.3G

MemTotal:        4016004 kB
MemFree:          130624 kB
Active:           370372 kB
Mem:          3.8G       3.7G       126M       5.7M        23M       3.2G

MemTotal:        4016004 kB
MemFree:          123156 kB
Active:           370392 kB
Mem:          3.8G       3.7G       120M       5.7M        23M       3.3G

MemTotal:        4016004 kB
MemFree:          121144 kB
Active:           370416 kB
Mem:          3.8G       3.7G       117M       5.7M        23M       3.3G

MemTotal:        4016004 kB
MemFree:          120504 kB
Active:           370400 kB
Mem:          3.8G       3.7G       117M       5.7M        23M       3.3G

MemTotal:        4016004 kB
MemFree:          118224 kB
Active:           370428 kB
Mem:          3.8G       3.7G       115M       5.7M        23M       3.3G

MemTotal:        4016004 kB
MemFree:          111944 kB
Active:           369764 kB
Mem:          3.8G       3.7G       108M       5.7M        24M       3.3G

MemTotal:        4016004 kB
MemFree:          118948 kB
Active:           369652 kB
Mem:          3.8G       3.7G       115M       5.7M        24M       3.3G

MemTotal:        4016004 kB
MemFree:          128820 kB
Active:           369668 kB
Mem:          3.8G       3.7G       125M       5.7M        24M       3.2G

MemTotal:        4016004 kB
MemFree:          121284 kB
Active:           369696 kB
Mem:          3.8G       3.7G       117M       5.7M        24M       3.3G

MemTotal:        4016004 kB
MemFree:          126256 kB
Active:           369728 kB
Mem:          3.8G       3.7G       122M       5.7M        24M       3.2G

MemTotal:        4016004 kB
MemFree:          131012 kB
Active:           369748 kB
Mem:          3.8G       3.7G       126M       5.7M        24M       3.2G

MemTotal:        4016004 kB
MemFree:          111696 kB
Active:           369768 kB
Mem:          3.8G       3.7G       108M       5.7M        24M       3.3G

MemTotal:        4016004 kB
MemFree:          106020 kB
Active:           369792 kB
Mem:          3.8G       3.7G       103M       5.7M        24M       3.3G

MemTotal:        4016004 kB
MemFree:          116396 kB
Active:           367480 kB
Mem:          3.8G       3.7G       113M       5.7M        24M       3.3G

MemTotal:        4016004 kB
MemFree:          127148 kB
Active:           367420 kB
Mem:          3.8G       3.7G       123M       5.7M        24M       3.2G

MemTotal:        4016004 kB
MemFree:          119364 kB
Active:           367440 kB
Mem:          3.8G       3.7G       116M       5.7M        24M       3.3G

MemTotal:        4016004 kB
MemFree:          126556 kB
Active:           367464 kB
Mem:          3.8G       3.7G       122M       5.7M        24M       3.2G

MemTotal:        4016004 kB
MemFree:          124912 kB
Active:           367484 kB
Mem:          3.8G       3.7G       121M       5.7M        24M       3.2G

MemTotal:        4016004 kB
MemFree:          110820 kB
Active:           367504 kB
Mem:          3.8G       3.7G       107M       5.7M        24M       3.3G

MemTotal:        4016004 kB
MemFree:          127252 kB
Active:           367528 kB
Mem:          3.8G       3.7G       123M       5.7M        24M       3.2G

MemTotal:        4016004 kB
MemFree:          127780 kB
Active:           367552 kB
Mem:          3.8G       3.7G       123M       5.7M        24M       3.2G

MemTotal:        4016004 kB
MemFree:          126480 kB
Active:           367576 kB
Mem:          3.8G       3.7G       123M       5.7M        24M       3.2G

MemTotal:        4016004 kB
MemFree:          107412 kB
Active:           367408 kB
Mem:          3.8G       3.7G       104M       5.7M        24M       3.3G

MemTotal:        4016004 kB
MemFree:          135504 kB
Active:           367432 kB
Mem:          3.8G       3.7G       131M       5.7M        24M       3.2G

MemTotal:        4016004 kB
MemFree:          129464 kB
Active:           367736 kB
Mem:          3.8G       3.7G       125M       5.7M        24M       3.2G

MemTotal:        4016004 kB
MemFree:          138316 kB
Active:           367760 kB
Mem:          3.8G       3.7G       134M       5.7M        24M       3.2G

MemTotal:        4016004 kB
MemFree:          111440 kB
Active:           367780 kB
Mem:          3.8G       3.7G       108M       5.7M        24M       3.3G

MemTotal:        4016004 kB
MemFree:          105548 kB
Active:           367548 kB
Mem:          3.8G       3.7G       102M       5.7M        24M       3.3G

MemTotal:        4016004 kB
MemFree:          116844 kB
Active:           367572 kB
Mem:          3.8G       3.7G       113M       5.7M        24M       3.3G

MemTotal:        4016004 kB
MemFree:          116124 kB
Active:           367596 kB
Mem:          3.8G       3.7G       112M       5.7M        24M       3.3G

MemTotal:        4016004 kB
MemFree:          120740 kB
Active:           367616 kB
Mem:          3.8G       3.7G       117M       5.7M        24M       3.3G

MemTotal:        4016004 kB
MemFree:          116868 kB
Active:           364428 kB
Mem:          3.8G       3.7G       113M       5.7M        24M       3.3G

MemTotal:        4016004 kB
MemFree:          109516 kB
Active:           364468 kB
Mem:          3.8G       3.7G       106M       5.7M        24M       3.3G

MemTotal:        4016004 kB
MemFree:          126268 kB
Active:           364476 kB
Mem:          3.8G       3.7G       122M       5.7M        24M       3.2G

MemTotal:        4016004 kB
MemFree:          124824 kB
Active:           364504 kB
Mem:          3.8G       3.7G       121M       5.7M        24M       3.2G

MemTotal:        4016004 kB
MemFree:          111072 kB
Active:           364532 kB
Mem:          3.8G       3.7G       107M       5.7M        24M       3.3G

MemTotal:        4016004 kB
MemFree:          127700 kB
Active:           364556 kB
Mem:          3.8G       3.7G       123M       5.7M        24M       3.2G

MemTotal:        4016004 kB
MemFree:          121512 kB
Active:           364576 kB
Mem:          3.8G       3.7G       118M       5.7M        24M       3.2G

MemTotal:        4016004 kB
MemFree:          127516 kB
Active:           364592 kB
Mem:          3.8G       3.7G       124M       5.7M        24M       3.2G

MemTotal:        4016004 kB
MemFree:          121044 kB
Active:           364616 kB
Mem:          3.8G       3.7G       117M       5.7M        24M       3.2G

MemTotal:        4016004 kB
MemFree:          108976 kB
Active:           364628 kB
Mem:          3.8G       3.7G       106M       5.7M        24M       3.3G

MemTotal:        4016004 kB
MemFree:          127668 kB
Active:           363892 kB
Mem:          3.8G       3.7G       124M       5.7M        24M       3.2G

MemTotal:        4016004 kB
MemFree:          119280 kB
Active:           364792 kB
Mem:          3.8G       3.7G       115M       5.7M        24M       3.2G

MemTotal:        4016004 kB
MemFree:          123544 kB
Active:           364524 kB
Mem:          3.8G       3.7G       119M       5.7M        24M       3.2G

MemTotal:        4016004 kB
MemFree:          133032 kB
Active:           364552 kB
Mem:          3.8G       3.7G       129M       5.7M        24M       3.2G

MemTotal:        4016004 kB
MemFree:          137772 kB
Active:           364444 kB
Mem:          3.8G       3.7G       133M       5.7M        24M       3.2G

MemTotal:        4016004 kB
MemFree:          141892 kB
Active:           364464 kB
Mem:          3.8G       3.7G       138M       5.7M        24M       3.2G

MemTotal:        4016004 kB
MemFree:          135100 kB
Active:           364488 kB
Mem:          3.8G       3.7G       131M       5.7M        24M       3.2G

MemTotal:        4016004 kB
MemFree:          127024 kB
Active:           364516 kB
Mem:          3.8G       3.7G       123M       5.7M        24M       3.2G

MemTotal:        4016004 kB
MemFree:          142668 kB
Active:           362928 kB
Mem:          3.8G       3.7G       138M       5.7M        24M       3.2G

MemTotal:        4016004 kB
MemFree:          134972 kB
Active:           362820 kB
Mem:          3.8G       3.7G       131M       5.7M        24M       3.2G

MemTotal:        4016004 kB
MemFree:          113108 kB
Active:           362848 kB
Mem:          3.8G       3.7G       110M       5.7M        24M       3.3G

MemTotal:        4016004 kB
MemFree:          134908 kB
Active:           362860 kB
Mem:          3.8G       3.7G       131M       5.7M        24M       3.2G

MemTotal:        4016004 kB
MemFree:          127472 kB
Active:           362884 kB
Mem:          3.8G       3.7G       123M       5.7M        24M       3.2G

MemTotal:        4016004 kB
MemFree:          125884 kB
Active:           362908 kB
Mem:          3.8G       3.7G       122M       5.7M        25M       3.2G

MemTotal:        4016004 kB
MemFree:          119300 kB
Active:           362932 kB
Mem:          3.8G       3.7G       116M       5.7M        25M       3.2G

MemTotal:        4016004 kB
MemFree:          111748 kB
Active:           362952 kB
Mem:          3.8G       3.7G       108M       5.7M        25M       3.3G

MemTotal:        4016004 kB
MemFree:          128144 kB
Active:           362976 kB
Mem:          3.8G       3.7G       124M       5.7M        25M       3.2G

MemTotal:        4016004 kB
MemFree:          121352 kB
Active:           363004 kB
Mem:          3.8G       3.7G       118M       5.7M        25M       3.2G

MemTotal:        4016004 kB
MemFree:          113832 kB
Active:           363024 kB
Mem:          3.8G       3.7G       110M       5.7M        25M       3.3G

MemTotal:        4016004 kB
MemFree:          106296 kB
Active:           363044 kB
Mem:          3.8G       3.7G       103M       5.7M        25M       3.3G

MemTotal:        4016004 kB
MemFree:          126900 kB
Active:           360536 kB
Mem:          3.8G       3.7G       123M       5.7M        25M       3.2G

MemTotal:        4016004 kB
MemFree:          119256 kB
Active:           360572 kB
Mem:          3.8G       3.7G       115M       5.7M        25M       3.2G

MemTotal:        4016004 kB
MemFree:          107732 kB
Active:           360596 kB
Mem:          3.8G       3.7G       104M       5.7M        25M       3.3G

MemTotal:        4016004 kB
MemFree:          126840 kB
Active:           360628 kB
Mem:          3.8G       3.7G       122M       5.7M        25M       3.2G

MemTotal:        4016004 kB
MemFree:          125280 kB
Active:           360656 kB
Mem:          3.8G       3.7G       121M       5.7M        25M       3.2G

MemTotal:        4016004 kB
MemFree:          111532 kB
Active:           360672 kB
Mem:          3.8G       3.7G       108M       5.7M        25M       3.3G

MemTotal:        4016004 kB
MemFree:          127916 kB
Active:           360696 kB
Mem:          3.8G       3.7G       124M       5.7M        25M       3.2G

MemTotal:        4016004 kB
MemFree:          120304 kB
Active:           360724 kB
Mem:          3.8G       3.7G       117M       5.7M        25M       3.2G

MemTotal:        4016004 kB
MemFree:          107900 kB
Active:           360748 kB
Mem:          3.8G       3.7G       105M       5.7M        25M       3.3G

MemTotal:        4016004 kB
MemFree:          125412 kB
Active:           360768 kB
Mem:          3.8G       3.7G       126M       5.7M        25M       3.2G

MemTotal:        4016004 kB
MemFree:          123084 kB
Active:           360788 kB
Mem:          3.8G       3.7G       119M       5.7M        25M       3.2G

MemTotal:        4016004 kB
MemFree:          112820 kB
Active:           357732 kB
Mem:          3.8G       3.7G       109M       5.7M        25M       3.3G

MemTotal:        4016004 kB
MemFree:          122424 kB
Active:           357764 kB
Mem:          3.8G       3.7G       119M       5.7M        25M       3.2G

MemTotal:        4016004 kB
MemFree:          126888 kB
Active:           357784 kB
Mem:          3.8G       3.7G       123M       5.7M        25M       3.2G

MemTotal:        4016004 kB
MemFree:          126176 kB
Active:           357748 kB
Mem:          3.8G       3.7G       122M       5.7M        25M       3.2G

MemTotal:        4016004 kB
MemFree:          125604 kB
Active:           357824 kB
Mem:          3.8G       3.7G       122M       5.7M        25M       3.2G

MemTotal:        4016004 kB
MemFree:          105964 kB
Active:           357848 kB
Mem:          3.8G       3.7G       102M       5.7M        25M       3.3G

MemTotal:        4016004 kB
MemFree:          134844 kB
Active:           357872 kB
Mem:          3.8G       3.7G       131M       5.7M        25M       3.2G

MemTotal:        4016004 kB
MemFree:          126928 kB
Active:           357768 kB
Mem:          3.8G       3.7G       123M       5.7M        25M       3.2G

MemTotal:        4016004 kB
MemFree:          125120 kB
Active:           357792 kB
Mem:          3.8G       3.7G       121M       5.7M        25M       3.2G

MemTotal:        4016004 kB
MemFree:          130124 kB
Active:           357820 kB
Mem:          3.8G       3.7G       126M       5.7M        25M       3.2G

MemTotal:        4016004 kB
MemFree:          109008 kB
Active:           359888 kB
Mem:          3.8G       3.7G       105M       5.7M        25M       3.3G

MemTotal:        4016004 kB
MemFree:          125868 kB
Active:           359124 kB
Mem:          3.8G       3.7G       122M       5.7M        25M       3.2G

MemTotal:        4016004 kB
MemFree:          105396 kB
Active:           358892 kB
Mem:          3.8G       3.7G       102M       5.7M        25M       3.3G

MemTotal:        4016004 kB
MemFree:          126912 kB
Active:           356736 kB
Mem:          3.8G       3.7G       123M       5.7M        25M       3.2G

MemTotal:        4016004 kB
MemFree:          131128 kB
Active:           356668 kB
Mem:          3.8G       3.7G       128M       5.7M        25M       3.2G

MemTotal:        4016004 kB
MemFree:          117164 kB
Active:           356692 kB
Mem:          3.8G       3.7G       114M       5.7M        25M       3.2G

MemTotal:        4016004 kB
MemFree:          111212 kB
Active:           356712 kB
Mem:          3.8G       3.7G       108M       5.7M        25M       3.3G

MemTotal:        4016004 kB
MemFree:          110720 kB
Active:           356680 kB
Mem:          3.8G       3.7G       107M       5.7M        25M       3.3G

MemTotal:        4016004 kB
MemFree:          111068 kB
Active:           356700 kB
Mem:          3.8G       3.7G       108M       5.7M        25M       3.3G

MemTotal:        4016004 kB
MemFree:          105548 kB
Active:           356728 kB
Mem:          3.8G       3.7G       103M       5.7M        25M       3.3G

MemTotal:        4016004 kB
MemFree:          135176 kB
Active:           356752 kB
Mem:          3.8G       3.7G       131M       5.7M        25M       3.2G

MemTotal:        4016004 kB
MemFree:          127636 kB
Active:           356776 kB
Mem:          3.8G       3.7G       124M       5.7M        25M       3.2G

MemTotal:        4016004 kB
MemFree:          112948 kB
Active:           356804 kB
Mem:          3.8G       3.7G       110M       5.7M        25M       3.2G

MemTotal:        4016004 kB
MemFree:          106280 kB
Active:           356828 kB
Mem:          3.8G       3.7G       102M       5.7M        25M       3.3G

MemTotal:        4016004 kB
MemFree:          134828 kB
Active:           356848 kB
Mem:          3.8G       3.7G       131M       5.7M        25M       3.2G

MemTotal:        4016004 kB
MemFree:          107824 kB
Active:           356868 kB
Mem:          3.8G       3.7G       105M       5.7M        25M       3.3G

MemTotal:        4016004 kB
MemFree:          125916 kB
Active:           356896 kB
Mem:          3.8G       3.7G       121M       5.7M        25M       3.2G

MemTotal:        4016004 kB
MemFree:          124452 kB
Active:           356920 kB
Mem:          3.8G       3.7G       120M       5.7M        25M       3.2G

MemTotal:        4016004 kB
MemFree:          111180 kB
Active:           356940 kB
Mem:          3.8G       3.7G       107M       5.7M        25M       3.3G

MemTotal:        4016004 kB
MemFree:          118184 kB
Active:           356952 kB
Mem:          3.8G       3.7G       114M       5.7M        25M       3.2G

MemTotal:        4016004 kB
MemFree:          128172 kB
Active:           351684 kB
Mem:          3.8G       3.7G       125M       5.7M        25M       3.2G

MemTotal:        4016004 kB
MemFree:          127380 kB
Active:           351700 kB
Mem:          3.8G       3.7G       124M       5.7M        25M       3.2G

MemTotal:        4016004 kB
MemFree:          127180 kB
Active:           351744 kB
Mem:          3.8G       3.7G       124M       5.7M        25M       3.2G

MemTotal:        4016004 kB
MemFree:          127124 kB
Active:           351752 kB
Mem:          3.8G       3.7G       123M       5.7M        25M       3.2G

MemTotal:        4016004 kB
MemFree:          133496 kB
Active:           351852 kB
Mem:          3.8G       3.7G       129M       5.7M        25M       3.2G

MemTotal:        4016004 kB
MemFree:          136492 kB
Active:           352996 kB
Mem:          3.8G       3.7G       133M       5.7M        26M       3.2G

MemTotal:        4016004 kB
MemFree:          135304 kB
Active:           354884 kB
Mem:          3.8G       3.7G       131M       5.7M        28M       3.2G

MemTotal:        4016004 kB
MemFree:          127064 kB
Active:           354104 kB
Mem:          3.8G       3.7G       123M       5.7M        28M       3.2G

MemTotal:        4016004 kB
MemFree:          124364 kB
Active:           354104 kB
Mem:          3.8G       3.7G       120M       5.7M        28M       3.2G

MemTotal:        4016004 kB
MemFree:          126732 kB
Active:           354104 kB
Mem:          3.8G       3.7G       123M       5.7M        28M       3.2G

MemTotal:        4016004 kB
MemFree:          123676 kB
Active:           354108 kB
Mem:          3.8G       3.7G       120M       5.7M        28M       3.2G

MemTotal:        4016004 kB
MemFree:          126376 kB
Active:           354112 kB
Mem:          3.8G       3.7G       122M       5.7M        28M       3.2G

MemTotal:        4016004 kB
MemFree:          114448 kB
Active:           354112 kB
Mem:          3.8G       3.7G       111M       5.7M        28M       3.2G

MemTotal:        4016004 kB
MemFree:          135308 kB
Active:           354120 kB
Mem:          3.8G       3.7G       131M       5.7M        28M       3.2G

MemTotal:        4016004 kB
MemFree:          125440 kB
Active:           354120 kB
Mem:          3.8G       3.7G       122M       5.7M        28M       3.2G

MemTotal:        4016004 kB
MemFree:          115932 kB
Active:           354136 kB
Mem:          3.8G       3.7G       113M       5.7M        28M       3.2G

MemTotal:        4016004 kB
MemFree:          128992 kB
Active:           354152 kB
Mem:          3.8G       3.7G       125M       5.7M        28M       3.2G

MemTotal:        4016004 kB
MemFree:          116456 kB
Active:           354152 kB
Mem:          3.8G       3.7G       113M       5.7M        28M       3.2G

MemTotal:        4016004 kB
MemFree:          115964 kB
Active:           354104 kB
Mem:          3.8G       3.7G       113M       5.7M        28M       3.2G

MemTotal:        4016004 kB
MemFree:          141232 kB
Active:           354136 kB
Mem:          3.8G       3.7G       137M       5.7M        28M       3.2G

MemTotal:        4016004 kB
MemFree:          146484 kB
Active:           354168 kB
Mem:          3.8G       3.7G       142M       5.7M        28M       3.2G

MemTotal:        4016004 kB
MemFree:          125604 kB
Active:           354020 kB
Mem:          3.8G       3.7G       121M       5.7M        28M       3.2G

MemTotal:        4016004 kB
MemFree:          128772 kB
Active:           354000 kB
Mem:          3.8G       3.7G       125M       5.7M        28M       3.2G

MemTotal:        4016004 kB
MemFree:          109208 kB
Active:           353880 kB
Mem:          3.8G       3.7G       106M       5.7M        28M       3.2G

MemTotal:        4016004 kB
MemFree:          108620 kB
Active:           353664 kB
Mem:          3.8G       3.7G       105M       5.7M        28M       3.2G

MemTotal:        4016004 kB
MemFree:          108744 kB
Active:           353668 kB
Mem:          3.8G       3.7G       106M       5.7M        28M       3.2G

MemTotal:        4016004 kB
MemFree:          108868 kB
Active:           353656 kB
Mem:          3.8G       3.7G       106M       5.7M        28M       3.2G

MemTotal:        4016004 kB
MemFree:          108744 kB
Active:           353648 kB
Mem:          3.8G       3.7G       106M       5.7M        28M       3.2G

MemTotal:        4016004 kB
MemFree:          108992 kB
Active:           353684 kB
Mem:          3.8G       3.7G       106M       5.7M        28M       3.2G

MemTotal:        4016004 kB
MemFree:          108868 kB
Active:           353660 kB
Mem:          3.8G       3.7G       106M       5.7M        28M       3.2G

MemTotal:        4016004 kB
MemFree:          108868 kB
Active:           353680 kB
Mem:          3.8G       3.7G       106M       5.7M        28M       3.2G

MemTotal:        4016004 kB
MemFree:          108372 kB
Active:           353712 kB
Mem:          3.8G       3.7G       105M       5.7M        28M       3.2G

MemTotal:        4016004 kB
MemFree:          108868 kB
Active:           353672 kB
Mem:          3.8G       3.7G       106M       5.7M        28M       3.2G

MemTotal:        4016004 kB
MemFree:          108744 kB
Active:           353660 kB
Mem:          3.8G       3.7G       105M       5.7M        28M       3.2G

MemTotal:        4016004 kB
MemFree:          108744 kB
Active:           353704 kB
Mem:          3.8G       3.7G       106M       5.7M        28M       3.2G

MemTotal:        4016004 kB
MemFree:          108744 kB
Active:           353696 kB
Mem:          3.8G       3.7G       106M       5.7M        28M       3.2G

MemTotal:        4016004 kB
MemFree:          109116 kB
Active:           353672 kB
Mem:          3.8G       3.7G       106M       5.7M        28M       3.2G

MemTotal:        4016004 kB
MemFree:          108992 kB
Active:           353720 kB
Mem:          3.8G       3.7G       106M       5.7M        28M       3.2G

MemTotal:        4016004 kB
MemFree:          109116 kB
Active:           353668 kB
Mem:          3.8G       3.7G       106M       5.7M        28M       3.2G

MemTotal:        4016004 kB
MemFree:          109116 kB
Active:           353712 kB
Mem:          3.8G       3.7G       106M       5.7M        28M       3.2G

MemTotal:        4016004 kB
MemFree:          108992 kB
Active:           353704 kB
Mem:          3.8G       3.7G       106M       5.7M        28M       3.2G

MemTotal:        4016004 kB
MemFree:          108992 kB
Active:           353680 kB
Mem:          3.8G       3.7G       106M       5.7M        28M       3.2G

MemTotal:        4016004 kB
MemFree:          109116 kB
Active:           353672 kB
Mem:          3.8G       3.7G       106M       5.7M        28M       3.2G

MemTotal:        4016004 kB
MemFree:          109116 kB
Active:           353716 kB
Mem:          3.8G       3.7G       106M       5.7M        28M       3.2G

MemTotal:        4016004 kB
MemFree:          108992 kB
Active:           353716 kB
Mem:          3.8G       3.7G       106M       5.7M        28M       3.2G

MemTotal:        4016004 kB
MemFree:          109116 kB
Active:           353704 kB
Mem:          3.8G       3.7G       106M       5.7M        28M       3.2G

MemTotal:        4016004 kB
MemFree:          108708 kB
Active:           353696 kB
Mem:          3.8G       3.7G       105M       5.7M        28M       3.2G

MemTotal:        4016004 kB
MemFree:          108764 kB
Active:           353720 kB
Mem:          3.8G       3.7G       105M       5.7M        28M       3.2G

MemTotal:        4016004 kB
MemFree:          108924 kB
Active:           353712 kB
Mem:          3.8G       3.7G       106M       5.7M        28M       3.2G

MemTotal:        4016004 kB
MemFree:          109116 kB
Active:           353716 kB
Mem:          3.8G       3.7G       106M       5.7M        28M       3.2G

MemTotal:        4016004 kB
MemFree:          108992 kB
Active:           353724 kB
Mem:          3.8G       3.7G       106M       5.7M        28M       3.2G

MemTotal:        4016004 kB
MemFree:          108992 kB
Active:           353728 kB
Mem:          3.8G       3.7G       106M       5.7M        28M       3.2G

MemTotal:        4016004 kB
MemFree:          108992 kB
Active:           353728 kB
Mem:          3.8G       3.7G       106M       5.7M        28M       3.2G

MemTotal:        4016004 kB
MemFree:          108992 kB
Active:           353728 kB
Mem:          3.8G       3.7G       106M       5.7M        28M       3.2G

MemTotal:        4016004 kB
MemFree:          108992 kB
Active:           353728 kB
Mem:          3.8G       3.7G       106M       5.7M        28M       3.2G

MemTotal:        4016004 kB
MemFree:          108992 kB
Active:           353724 kB
Mem:          3.8G       3.7G       106M       5.7M        28M       3.2G

MemTotal:        4016004 kB
MemFree:          108992 kB
Active:           353744 kB
Mem:          3.8G       3.7G       106M       5.7M        28M       3.2G

MemTotal:        4016004 kB
MemFree:          108992 kB
Active:           353740 kB
Mem:          3.8G       3.7G       106M       5.7M        28M       3.2G

MemTotal:        4016004 kB
MemFree:          108992 kB
Active:           353744 kB
Mem:          3.8G       3.7G       106M       5.7M        28M       3.2G

MemTotal:        4016004 kB
MemFree:          108744 kB
Active:           353732 kB
Mem:          3.8G       3.7G       106M       5.7M        28M       3.2G

MemTotal:        4016004 kB
MemFree:          108992 kB
Active:           353724 kB
Mem:          3.8G       3.7G       105M       5.7M        28M       3.2G

MemTotal:        4016004 kB
MemFree:          108372 kB
Active:           353752 kB
Mem:          3.8G       3.7G       105M       5.7M        28M       3.2G

MemTotal:        4016004 kB
MemFree:          108496 kB
Active:           353744 kB
Mem:          3.8G       3.7G       105M       5.7M        28M       3.2G

MemTotal:        4016004 kB
MemFree:          108496 kB
Active:           353732 kB
Mem:          3.8G       3.7G       105M       5.7M        28M       3.2G

MemTotal:        4016004 kB
MemFree:          108372 kB
Active:           353736 kB
Mem:          3.8G       3.7G       105M       5.7M        28M       3.2G

MemTotal:        4016004 kB
MemFree:          108372 kB
Active:           353736 kB
Mem:          3.8G       3.7G       105M       5.7M        28M       3.2G

MemTotal:        4016004 kB
MemFree:          108248 kB
Active:           353736 kB
Mem:          3.8G       3.7G       105M       5.7M        28M       3.2G

MemTotal:        4016004 kB
MemFree:          108496 kB
Active:           353752 kB
Mem:          3.8G       3.7G       105M       5.7M        28M       3.2G

MemTotal:        4016004 kB
MemFree:          108496 kB
Active:           353740 kB
Mem:          3.8G       3.7G       105M       5.7M        28M       3.2G

MemTotal:        4016004 kB
MemFree:          108744 kB
Active:           353748 kB
Mem:          3.8G       3.7G       106M       5.7M        28M       3.2G

MemTotal:        4016004 kB
MemFree:          108868 kB
Active:           353744 kB
Mem:          3.8G       3.7G       106M       5.7M        28M       3.2G

MemTotal:        4016004 kB
MemFree:          108868 kB
Active:           353752 kB
Mem:          3.8G       3.7G       106M       5.7M        28M       3.2G

MemTotal:        4016004 kB
MemFree:          108868 kB
Active:           353764 kB
Mem:          3.8G       3.7G       106M       5.7M        28M       3.2G

MemTotal:        4016004 kB
MemFree:          108868 kB
Active:           353772 kB
Mem:          3.8G       3.7G       106M       5.7M        28M       3.2G

MemTotal:        4016004 kB
MemFree:          108868 kB
Active:           353772 kB
Mem:          3.8G       3.7G       106M       5.7M        28M       3.2G

MemTotal:        4016004 kB
MemFree:          108744 kB
Active:           353776 kB
Mem:          3.8G       3.7G       105M       5.7M        28M       3.2G

MemTotal:        4016004 kB
MemFree:          108868 kB
Active:           353776 kB
Mem:          3.8G       3.7G       106M       5.7M        28M       3.2G

MemTotal:        4016004 kB
MemFree:          108744 kB
Active:           353760 kB
Mem:          3.8G       3.7G       106M       5.7M        28M       3.2G

MemTotal:        4016004 kB
MemFree:          108496 kB
Active:           353776 kB
Mem:          3.8G       3.7G       105M       5.7M        28M       3.2G

MemTotal:        4016004 kB
MemFree:          108620 kB
Active:           353780 kB
Mem:          3.8G       3.7G       105M       5.7M        28M       3.2G

MemTotal:        4016004 kB
MemFree:          108512 kB
Active:           353792 kB
Mem:          3.8G       3.7G       105M       5.7M        28M       3.2G

MemTotal:        4016004 kB
MemFree:          108512 kB
Active:           353788 kB
Mem:          3.8G       3.7G       106M       5.7M        28M       3.2G

MemTotal:        4016004 kB
MemFree:          108512 kB
Active:           353776 kB
Mem:          3.8G       3.7G       106M       5.7M        28M       3.2G

MemTotal:        4016004 kB
MemFree:          108884 kB
Active:           353768 kB
Mem:          3.8G       3.7G       106M       5.7M        28M       3.2G

MemTotal:        4016004 kB
MemFree:          108884 kB
Active:           353760 kB
Mem:          3.8G       3.7G       105M       5.7M        28M       3.2G

MemTotal:        4016004 kB
MemFree:          108884 kB
Active:           353780 kB
Mem:          3.8G       3.7G       105M       5.7M        28M       3.2G

MemTotal:        4016004 kB
MemFree:          108636 kB
Active:           353760 kB
Mem:          3.8G       3.7G       106M       5.7M        28M       3.2G

MemTotal:        4016004 kB
MemFree:          108760 kB
Active:           353756 kB
Mem:          3.8G       3.7G       106M       5.7M        28M       3.2G

MemTotal:        4016004 kB
MemFree:          108760 kB
Active:           353808 kB
Mem:          3.8G       3.7G       106M       5.7M        28M       3.2G

MemTotal:        4016004 kB
MemFree:          108760 kB
Active:           353792 kB
Mem:          3.8G       3.7G       106M       5.7M        28M       3.2G

MemTotal:        4016004 kB
MemFree:          108760 kB
Active:           353788 kB
Mem:          3.8G       3.7G       106M       5.7M        28M       3.2G

MemTotal:        4016004 kB
MemFree:          108760 kB
Active:           353788 kB
Mem:          3.8G       3.7G       105M       5.7M        28M       3.2G

MemTotal:        4016004 kB
MemFree:          108620 kB
Active:           353836 kB
Mem:          3.8G       3.7G       105M       5.7M        28M       3.2G

MemTotal:        4016004 kB
MemFree:          108620 kB
Active:           353820 kB
Mem:          3.8G       3.7G       105M       5.7M        28M       3.2G

MemTotal:        4016004 kB
MemFree:          108496 kB
Active:           353808 kB
Mem:          3.8G       3.7G       105M       5.7M        28M       3.2G

MemTotal:        4016004 kB
MemFree:          108496 kB
Active:           353796 kB
Mem:          3.8G       3.7G       105M       5.7M        28M       3.2G

MemTotal:        4016004 kB
MemFree:          107984 kB
Active:           353896 kB
Mem:          3.8G       3.7G       105M       5.7M        28M       3.2G

MemTotal:        4016004 kB
MemFree:          108356 kB
Active:           353892 kB
Mem:          3.8G       3.7G       105M       5.7M        28M       3.2G

MemTotal:        4016004 kB
MemFree:          108480 kB
Active:           353860 kB
Mem:          3.8G       3.7G       105M       5.7M        28M       3.2G

MemTotal:        4016004 kB
MemFree:          108604 kB
Active:           353856 kB
Mem:          3.8G       3.7G       105M       5.7M        28M       3.2G

MemTotal:        4016004 kB
MemFree:          108480 kB
Active:           353892 kB
Mem:          3.8G       3.7G       105M       5.7M        28M       3.2G

MemTotal:        4016004 kB
MemFree:          108604 kB
Active:           353896 kB
Mem:          3.8G       3.7G       106M       5.7M        28M       3.2G

MemTotal:        4016004 kB
MemFree:          108604 kB
Active:           353884 kB
Mem:          3.8G       3.7G       106M       5.7M        28M       3.2G

MemTotal:        4016004 kB
MemFree:          108604 kB
Active:           353884 kB
Mem:          3.8G       3.7G       106M       5.7M        28M       3.2G

MemTotal:        4016004 kB
MemFree:          108728 kB
Active:           353868 kB
Mem:          3.8G       3.7G       105M       5.7M        28M       3.2G

MemTotal:        4016004 kB
MemFree:          108728 kB
Active:           353872 kB
Mem:          3.8G       3.7G       105M       5.7M        28M       3.2G

MemTotal:        4016004 kB
MemFree:          108728 kB
Active:           353888 kB
Mem:          3.8G       3.7G       105M       5.7M        28M       3.2G

MemTotal:        4016004 kB
MemFree:          108480 kB
Active:           353900 kB
Mem:          3.8G       3.7G       105M       5.7M        28M       3.2G

MemTotal:        4016004 kB
MemFree:          108480 kB
Active:           353916 kB
Mem:          3.8G       3.7G       105M       5.7M        28M       3.2G

MemTotal:        4016004 kB
MemFree:          108480 kB
Active:           353912 kB
Mem:          3.8G       3.7G       106M       5.7M        28M       3.2G

MemTotal:        4016004 kB
MemFree:          108604 kB
Active:           353892 kB
Mem:          3.8G       3.7G       105M       5.7M        28M       3.2G

MemTotal:        4016004 kB
MemFree:          110552 kB
Active:           351960 kB
Mem:          3.8G       3.7G       107M       5.7M        28M       3.2G

MemTotal:        4016004 kB
MemFree:          110604 kB
Active:           351892 kB
Mem:          3.8G       3.7G       108M       5.7M        28M       3.2G

MemTotal:        4016004 kB
MemFree:          110480 kB
Active:           351880 kB
Mem:          3.8G       3.7G       107M       5.7M        28M       3.2G

MemTotal:        4016004 kB
MemFree:          110604 kB
Active:           351872 kB
Mem:          3.8G       3.7G       108M       5.7M        28M       3.2G

MemTotal:        4016004 kB
MemFree:          110604 kB
Active:           351864 kB
Mem:          3.8G       3.7G       107M       5.7M        28M       3.2G

MemTotal:        4016004 kB
MemFree:          110480 kB
Active:           351872 kB
Mem:          3.8G       3.7G       107M       5.7M        28M       3.2G

MemTotal:        4016004 kB
MemFree:          110604 kB
Active:           351864 kB
Mem:          3.8G       3.7G       108M       5.7M        28M       3.2G

MemTotal:        4016004 kB
MemFree:          110604 kB
Active:           351868 kB
Mem:          3.8G       3.7G       108M       5.7M        28M       3.2G

MemTotal:        4016004 kB
MemFree:          110604 kB
Active:           351868 kB
Mem:          3.8G       3.7G       107M       5.7M        28M       3.2G

MemTotal:        4016004 kB
MemFree:          110604 kB
Active:           351872 kB
Mem:          3.8G       3.7G       108M       5.7M        28M       3.2G

MemTotal:        4016004 kB
MemFree:          110604 kB
Active:           351908 kB
Mem:          3.8G       3.7G       107M       5.7M        28M       3.2G

MemTotal:        4016004 kB
MemFree:          110480 kB
Active:           351976 kB
Mem:          3.8G       3.7G       107M       5.7M        28M       3.2G

MemTotal:        4016004 kB
MemFree:          110480 kB
Active:           351968 kB
Mem:          3.8G       3.7G       107M       5.7M        28M       3.2G

MemTotal:        4016004 kB
MemFree:          110480 kB
Active:           351968 kB
Mem:          3.8G       3.7G       107M       5.7M        28M       3.2G

MemTotal:        4016004 kB
MemFree:          110728 kB
Active:           351964 kB
Mem:          3.8G       3.7G       108M       5.7M        28M       3.2G

MemTotal:        4016004 kB
MemFree:          110604 kB
Active:           351964 kB
Mem:          3.8G       3.7G       108M       5.7M        28M       3.2G

MemTotal:        4016004 kB
MemFree:          110604 kB
Active:           351972 kB
Mem:          3.8G       3.7G       108M       5.7M        28M       3.2G

MemTotal:        4016004 kB
MemFree:          110604 kB
Active:           351972 kB
Mem:          3.8G       3.7G       107M       5.7M        28M       3.2G

MemTotal:        4016004 kB
MemFree:          110604 kB
Active:           351948 kB
Mem:          3.8G       3.7G       108M       5.7M        28M       3.2G

MemTotal:        4016004 kB
MemFree:          110604 kB
Active:           351940 kB
Mem:          3.8G       3.7G       107M       5.7M        28M       3.2G

MemTotal:        4016004 kB
MemFree:          110356 kB
Active:           351980 kB
Mem:          3.8G       3.7G       107M       5.7M        28M       3.2G

MemTotal:        4016004 kB
MemFree:          110480 kB
Active:           351964 kB
Mem:          3.8G       3.7G       107M       5.7M        28M       3.2G

MemTotal:        4016004 kB
MemFree:          110480 kB
Active:           351948 kB
Mem:          3.8G       3.7G       107M       5.7M        28M       3.2G

MemTotal:        4016004 kB
MemFree:          110356 kB
Active:           351976 kB
Mem:          3.8G       3.7G       107M       5.7M        28M       3.2G

MemTotal:        4016004 kB
MemFree:          110356 kB
Active:           351980 kB
Mem:          3.8G       3.7G       107M       5.7M        28M       3.2G

MemTotal:        4016004 kB
MemFree:          110356 kB
Active:           351972 kB
Mem:          3.8G       3.7G       107M       5.7M        28M       3.2G

MemTotal:        4016004 kB
MemFree:          110232 kB
Active:           352004 kB
Mem:          3.8G       3.7G       107M       5.7M        28M       3.2G

MemTotal:        4016004 kB
MemFree:          110232 kB
Active:           352000 kB
Mem:          3.8G       3.7G       107M       5.7M        28M       3.2G

MemTotal:        4016004 kB
MemFree:          110480 kB
Active:           351996 kB
Mem:          3.8G       3.7G       107M       5.7M        28M       3.2G

MemTotal:        4016004 kB
MemFree:          110356 kB
Active:           351956 kB
Mem:          3.8G       3.7G       107M       5.7M        28M       3.2G

MemTotal:        4016004 kB
MemFree:          110356 kB
Active:           352016 kB
Mem:          3.8G       3.7G       108M       5.7M        28M       3.2G

MemTotal:        4016004 kB
MemFree:          110356 kB
Active:           352008 kB
Mem:          3.8G       3.7G       107M       5.7M        28M       3.2G

MemTotal:        4016004 kB
MemFree:          110356 kB
Active:           351988 kB
Mem:          3.8G       3.7G       107M       5.7M        28M       3.2G

MemTotal:        4016004 kB
MemFree:          110604 kB
Active:           351968 kB
Mem:          3.8G       3.7G       107M       5.7M        28M       3.2G

MemTotal:        4016004 kB
MemFree:          110604 kB
Active:           351964 kB
Mem:          3.8G       3.7G       107M       5.7M        28M       3.2G

MemTotal:        4016004 kB
MemFree:          110604 kB
Active:           351988 kB
Mem:          3.8G       3.7G       107M       5.7M        28M       3.2G

MemTotal:        4016004 kB
MemFree:          110604 kB
Active:           352012 kB
Mem:          3.8G       3.7G       107M       5.7M        28M       3.2G

MemTotal:        4016004 kB
MemFree:          110604 kB
Active:           351984 kB
Mem:          3.8G       3.7G       107M       5.7M        28M       3.2G

MemTotal:        4016004 kB
MemFree:          110480 kB
Active:           351988 kB
Mem:          3.8G       3.7G       107M       5.7M        28M       3.2G

MemTotal:        4016004 kB
MemFree:          110480 kB
Active:           351976 kB
Mem:          3.8G       3.7G       107M       5.7M        28M       3.2G

MemTotal:        4016004 kB
MemFree:          110480 kB
Active:           352016 kB
Mem:          3.8G       3.7G       107M       5.7M        28M       3.2G

MemTotal:        4016004 kB
MemFree:          110480 kB
Active:           352004 kB
Mem:          3.8G       3.7G       107M       5.7M        28M       3.2G

MemTotal:        4016004 kB
MemFree:          110480 kB
Active:           352004 kB
Mem:          3.8G       3.7G       107M       5.7M        28M       3.2G

MemTotal:        4016004 kB
MemFree:          110480 kB
Active:           351988 kB
Mem:          3.8G       3.7G       107M       5.7M        28M       3.2G

MemTotal:        4016004 kB
MemFree:          110480 kB
Active:           351988 kB
Mem:          3.8G       3.7G       107M       5.7M        28M       3.2G

MemTotal:        4016004 kB
MemFree:          110356 kB
Active:           351976 kB
Mem:          3.8G       3.7G       107M       5.7M        28M       3.2G

MemTotal:        4016004 kB
MemFree:          110480 kB
Active:           352024 kB
Mem:          3.8G       3.7G       107M       5.7M        28M       3.2G

MemTotal:        4016004 kB
MemFree:          110356 kB
Active:           352008 kB
Mem:          3.8G       3.7G       107M       5.7M        28M       3.2G

MemTotal:        4016004 kB
MemFree:          110356 kB
Active:           351992 kB
Mem:          3.8G       3.7G       107M       5.7M        28M       3.2G

MemTotal:        4016004 kB
MemFree:          108184 kB
Active:           352024 kB
Mem:          3.8G       3.7G       105M       5.7M        28M       3.2G

MemTotal:        4016004 kB
MemFree:          108184 kB
Active:           354028 kB
Mem:          3.8G       3.7G       105M       5.7M        28M       3.2G

MemTotal:        4016004 kB
MemFree:          108184 kB
Active:           354056 kB
Mem:          3.8G       3.7G       105M       5.7M        28M       3.2G

MemTotal:        4016004 kB
MemFree:          108432 kB
Active:           354052 kB
Mem:          3.8G       3.7G       105M       5.7M        28M       3.2G

MemTotal:        4016004 kB
MemFree:          108184 kB
Active:           354032 kB
Mem:          3.8G       3.7G       105M       5.7M        28M       3.2G

MemTotal:        4016004 kB
MemFree:          108432 kB
Active:           354028 kB
Mem:          3.8G       3.7G       105M       5.7M        28M       3.2G

MemTotal:        4016004 kB
MemFree:          108432 kB
Active:           354028 kB
Mem:          3.8G       3.7G       105M       5.7M        28M       3.2G

MemTotal:        4016004 kB
MemFree:          108432 kB
Active:           354072 kB
Mem:          3.8G       3.7G       105M       5.7M        28M       3.2G

MemTotal:        4016004 kB
MemFree:          108432 kB
Active:           354060 kB
Mem:          3.8G       3.7G       105M       5.7M        28M       3.2G

MemTotal:        4016004 kB
MemFree:          108432 kB
Active:           354064 kB
Mem:          3.8G       3.7G       105M       5.7M        28M       3.2G

MemTotal:        4016004 kB
MemFree:          108432 kB
Active:           354064 kB
Mem:          3.8G       3.7G       105M       5.7M        28M       3.2G

MemTotal:        4016004 kB
MemFree:          108432 kB
Active:           354048 kB
Mem:          3.8G       3.7G       105M       5.7M        28M       3.2G

MemTotal:        4016004 kB
MemFree:          108308 kB
Active:           354048 kB
Mem:          3.8G       3.7G       105M       5.7M        28M       3.2G

MemTotal:        4016004 kB
MemFree:          108432 kB
Active:           354040 kB
Mem:          3.8G       3.7G       105M       5.7M        28M       3.2G

MemTotal:        4016004 kB
MemFree:          108556 kB
Active:           354092 kB
Mem:          3.8G       3.7G       105M       5.7M        28M       3.2G

MemTotal:        4016004 kB
MemFree:          108432 kB
Active:           354088 kB
Mem:          3.8G       3.7G       105M       5.7M        28M       3.2G

MemTotal:        4016004 kB
MemFree:          108432 kB
Active:           354080 kB
Mem:          3.8G       3.7G       105M       5.7M        28M       3.2G

MemTotal:        4016004 kB
MemFree:          108432 kB
Active:           354076 kB
Mem:          3.8G       3.7G       105M       5.7M        28M       3.2G

MemTotal:        4016004 kB
MemFree:          108308 kB
Active:           354068 kB
Mem:          3.8G       3.7G       105M       5.7M        28M       3.2G

MemTotal:        4016004 kB
MemFree:          108308 kB
Active:           354100 kB
Mem:          3.8G       3.7G       105M       5.7M        28M       3.2G

MemTotal:        4016004 kB
MemFree:          108184 kB
Active:           354096 kB
Mem:          3.8G       3.7G       105M       5.7M        28M       3.2G

MemTotal:        4016004 kB
MemFree:          108184 kB
Active:           354088 kB
Mem:          3.8G       3.7G       105M       5.7M        28M       3.2G

MemTotal:        4016004 kB
MemFree:          108432 kB
Active:           354088 kB
Mem:          3.8G       3.7G       105M       5.7M        28M       3.2G

MemTotal:        4016004 kB
MemFree:          108308 kB
Active:           354112 kB
Mem:          3.8G       3.7G       105M       5.7M        28M       3.2G

MemTotal:        4016004 kB
MemFree:          108308 kB
Active:           354100 kB
Mem:          3.8G       3.7G       105M       5.7M        28M       3.2G

MemTotal:        4016004 kB
MemFree:          108308 kB
Active:           354100 kB
Mem:          3.8G       3.7G       105M       5.7M        28M       3.2G

MemTotal:        4016004 kB
MemFree:          108308 kB
Active:           354084 kB
Mem:          3.8G       3.7G       105M       5.7M        28M       3.2G

MemTotal:        4016004 kB
MemFree:          108308 kB
Active:           354108 kB
Mem:          3.8G       3.7G       105M       5.7M        28M       3.2G

MemTotal:        4016004 kB
MemFree:          108308 kB
Active:           354088 kB
Mem:          3.8G       3.7G       105M       5.7M        28M       3.2G

MemTotal:        4016004 kB
MemFree:          108184 kB
Active:           354076 kB
Mem:          3.8G       3.7G       105M       5.7M        28M       3.2G

MemTotal:        4016004 kB
MemFree:          108184 kB
Active:           354080 kB
Mem:          3.8G       3.7G       105M       5.7M        28M       3.2G

MemTotal:        4016004 kB
MemFree:          107936 kB
Active:           354112 kB
Mem:          3.8G       3.7G       105M       5.7M        28M       3.2G

MemTotal:        4016004 kB
MemFree:          107936 kB
Active:           354100 kB
Mem:          3.8G       3.7G       105M       5.7M        28M       3.2G

MemTotal:        4016004 kB
MemFree:          107936 kB
Active:           354084 kB
Mem:          3.8G       3.7G       105M       5.7M        28M       3.2G

MemTotal:        4016004 kB
MemFree:          107936 kB
Active:           354088 kB
Mem:          3.8G       3.7G       105M       5.7M        28M       3.2G

MemTotal:        4016004 kB
MemFree:          107936 kB
Active:           354132 kB
Mem:          3.8G       3.7G       105M       5.7M        28M       3.2G

MemTotal:        4016004 kB
MemFree:          108308 kB
Active:           354124 kB
Mem:          3.8G       3.7G       105M       5.7M        28M       3.2G

MemTotal:        4016004 kB
MemFree:          108308 kB
Active:           354088 kB
Mem:          3.8G       3.7G       105M       5.7M        28M       3.2G

MemTotal:        4016004 kB
MemFree:          108308 kB
Active:           354132 kB
Mem:          3.8G       3.7G       105M       5.7M        28M       3.2G

MemTotal:        4016004 kB
MemFree:          108184 kB
Active:           354132 kB
Mem:          3.8G       3.7G       105M       5.7M        28M       3.2G

MemTotal:        4016004 kB
MemFree:          108184 kB
Active:           354116 kB
Mem:          3.8G       3.7G       105M       5.7M        28M       3.2G

MemTotal:        4016004 kB
MemFree:          108184 kB
Active:           354112 kB
Mem:          3.8G       3.7G       105M       5.7M        28M       3.2G

MemTotal:        4016004 kB
MemFree:          108184 kB
Active:           354096 kB
Mem:          3.8G       3.7G       105M       5.7M        28M       3.2G

MemTotal:        4016004 kB
MemFree:          108184 kB
Active:           354136 kB
Mem:          3.8G       3.7G       105M       5.7M        28M       3.2G

MemTotal:        4016004 kB
MemFree:          108184 kB
Active:           354136 kB
Mem:          3.8G       3.7G       105M       5.7M        28M       3.2G

MemTotal:        4016004 kB
MemFree:          108308 kB
Active:           354124 kB
Mem:          3.8G       3.7G       105M       5.7M        28M       3.2G

MemTotal:        4016004 kB
MemFree:          108184 kB
Active:           354132 kB
Mem:          3.8G       3.7G       105M       5.7M        28M       3.2G

MemTotal:        4016004 kB
MemFree:          108308 kB
Active:           354116 kB
Mem:          3.8G       3.7G       105M       5.7M        28M       3.2G

MemTotal:        4016004 kB
MemFree:          108308 kB
Active:           354108 kB
Mem:          3.8G       3.7G       105M       5.7M        28M       3.2G

MemTotal:        4016004 kB
MemFree:          108184 kB
Active:           354108 kB
Mem:          3.8G       3.7G       105M       5.7M        28M       3.2G

MemTotal:        4016004 kB
MemFree:          108184 kB
Active:           354140 kB
Mem:          3.8G       3.7G       105M       5.7M        28M       3.2G

MemTotal:        4016004 kB
MemFree:          108184 kB
Active:           354124 kB
Mem:          3.8G       3.7G       105M       5.7M        28M       3.2G

MemTotal:        4016004 kB
MemFree:          108168 kB
Active:           354144 kB
Mem:          3.8G       3.7G       105M       5.7M        28M       3.2G

MemTotal:        4016004 kB
MemFree:          108044 kB
Active:           354132 kB
Mem:          3.8G       3.7G       105M       5.7M        28M       3.2G

MemTotal:        4016004 kB
MemFree:          108292 kB
Active:           354004 kB
Mem:          3.8G       3.7G       105M       5.7M        28M       3.2G

MemTotal:        4016004 kB
MemFree:          107480 kB
Active:           353976 kB
Mem:          3.8G       3.7G       104M       5.7M        28M       3.2G

MemTotal:        4016004 kB
MemFree:          107728 kB
Active:           353944 kB
Mem:          3.8G       3.7G       104M       5.7M        28M       3.2G

MemTotal:        4016004 kB
MemFree:          107728 kB
Active:           353944 kB
Mem:          3.8G       3.7G       105M       5.7M        28M       3.2G

MemTotal:        4016004 kB
MemFree:          107356 kB
Active:           353988 kB
Mem:          3.8G       3.7G       104M       5.7M        28M       3.2G

MemTotal:        4016004 kB
MemFree:          107480 kB
Active:           353980 kB
Mem:          3.8G       3.7G       104M       5.7M        28M       3.2G

MemTotal:        4016004 kB
MemFree:          107480 kB
Active:           353964 kB
Mem:          3.8G       3.7G       104M       5.7M        28M       3.2G

MemTotal:        4016004 kB
MemFree:          107976 kB
Active:           353960 kB
Mem:          3.8G       3.7G       105M       5.7M        28M       3.2G

MemTotal:        4016004 kB
MemFree:          107976 kB
Active:           353960 kB
Mem:          3.8G       3.7G       105M       5.7M        28M       3.2G

MemTotal:        4016004 kB
MemFree:          108100 kB
Active:           353952 kB
Mem:          3.8G       3.7G       105M       5.7M        28M       3.2G

MemTotal:        4016004 kB
MemFree:          107976 kB
Active:           353944 kB
Mem:          3.8G       3.7G       105M       5.7M        28M       3.2G

MemTotal:        4016004 kB
MemFree:          107976 kB
Active:           353996 kB
Mem:          3.8G       3.7G       105M       5.7M        28M       3.2G

MemTotal:        4016004 kB
MemFree:          107976 kB
Active:           353980 kB
Mem:          3.8G       3.7G       105M       5.7M        28M       3.2G

MemTotal:        4016004 kB
MemFree:          107652 kB
Active:           354012 kB
Mem:          3.8G       3.7G       104M       5.7M        28M       3.2G

MemTotal:        4016004 kB
MemFree:          107776 kB
Active:           354008 kB
Mem:          3.8G       3.7G       105M       5.7M        28M       3.2G

MemTotal:        4016004 kB
MemFree:          107900 kB
Active:           353996 kB
Mem:          3.8G       3.7G       105M       5.7M        28M       3.2G

MemTotal:        4016004 kB
MemFree:          107900 kB
Active:           353968 kB
Mem:          3.8G       3.7G       105M       5.7M        28M       3.2G

MemTotal:        4016004 kB
MemFree:          107900 kB
Active:           353996 kB
Mem:          3.8G       3.7G       104M       5.7M        28M       3.2G

MemTotal:        4016004 kB
MemFree:          107404 kB
Active:           354012 kB
Mem:          3.8G       3.7G       104M       5.7M        28M       3.2G

MemTotal:        4016004 kB
MemFree:          107280 kB
Active:           353964 kB
Mem:          3.8G       3.7G       104M       5.7M        28M       3.2G

MemTotal:        4016004 kB
MemFree:          107156 kB
Active:           353996 kB
Mem:          3.8G       3.7G       104M       5.7M        28M       3.2G

MemTotal:        4016004 kB
MemFree:          107404 kB
Active:           353988 kB
Mem:          3.8G       3.7G       104M       5.7M        28M       3.2G

MemTotal:        4016004 kB
MemFree:          107652 kB
Active:           353968 kB
Mem:          3.8G       3.7G       105M       5.7M        28M       3.2G

MemTotal:        4016004 kB
MemFree:          107776 kB
Active:           354012 kB
Mem:          3.8G       3.7G       105M       5.7M        28M       3.2G

MemTotal:        4016004 kB
MemFree:          107652 kB
Active:           354028 kB
Mem:          3.8G       3.7G       105M       5.7M        28M       3.2G

MemTotal:        4016004 kB
MemFree:          107776 kB
Active:           354032 kB
Mem:          3.8G       3.7G       105M       5.7M        28M       3.2G

MemTotal:        4016004 kB
MemFree:          108148 kB
Active:           354004 kB
Mem:          3.8G       3.7G       105M       5.7M        28M       3.2G

MemTotal:        4016004 kB
MemFree:          107652 kB
Active:           354036 kB
Mem:          3.8G       3.7G       105M       5.7M        28M       3.2G

MemTotal:        4016004 kB
MemFree:          108024 kB
Active:           354004 kB
Mem:          3.8G       3.7G       105M       5.7M        28M       3.2G

MemTotal:        4016004 kB
MemFree:          108024 kB
Active:           353988 kB
Mem:          3.8G       3.7G       105M       5.7M        28M       3.2G

MemTotal:        4016004 kB
MemFree:          108148 kB
Active:           353992 kB
Mem:          3.8G       3.7G       105M       5.7M        28M       3.2G

MemTotal:        4016004 kB
MemFree:          107652 kB
Active:           354044 kB
