MemTotal:        4016004 kB
MemFree:         3224556 kB
Active:           436544 kB
Mem:          3.8G       772M       3.1G       5.7M        55M       319M

MemTotal:        4016004 kB
MemFree:         3219456 kB
Active:           441620 kB
Mem:          3.8G       778M       3.1G       5.7M        60M       319M

MemTotal:        4016004 kB
MemFree:         3216212 kB
Active:           444440 kB
Mem:          3.8G       781M       3.1G       5.7M        63M       319M

MemTotal:        4016004 kB
MemFree:         3215584 kB
Active:           444472 kB
Mem:          3.8G       781M       3.1G       5.7M        63M       319M

MemTotal:        4016004 kB
MemFree:         3215692 kB
Active:           444428 kB
Mem:          3.8G       781M       3.1G       5.7M        63M       319M

MemTotal:        4016004 kB
MemFree:         3215768 kB
Active:           444460 kB
Mem:          3.8G       781M       3.1G       5.7M        63M       319M

MemTotal:        4016004 kB
MemFree:         3215860 kB
Active:           444448 kB
Mem:          3.8G       781M       3.1G       5.7M        63M       319M

MemTotal:        4016004 kB
MemFree:         3215720 kB
Active:           444492 kB
Mem:          3.8G       781M       3.1G       5.7M        63M       319M

MemTotal:        4016004 kB
MemFree:         3215580 kB
Active:           444492 kB
Mem:          3.8G       781M       3.1G       5.7M        63M       319M

MemTotal:        4016004 kB
MemFree:         3215440 kB
Active:           444472 kB
Mem:          3.8G       781M       3.1G       5.7M        63M       319M

MemTotal:        4016004 kB
MemFree:         3215424 kB
Active:           444476 kB
Mem:          3.8G       782M       3.1G       5.7M        63M       319M

MemTotal:        4016004 kB
MemFree:         3215408 kB
Active:           444464 kB
Mem:          3.8G       781M       3.1G       5.7M        63M       319M

MemTotal:        4016004 kB
MemFree:         3215532 kB
Active:           444496 kB
Mem:          3.8G       781M       3.1G       5.7M        63M       319M

MemTotal:        4016004 kB
MemFree:         3215688 kB
Active:           444480 kB
Mem:          3.8G       781M       3.1G       5.7M        63M       319M

MemTotal:        4016004 kB
MemFree:         3215440 kB
Active:           444456 kB
Mem:          3.8G       781M       3.1G       5.7M        63M       319M

MemTotal:        4016004 kB
MemFree:         3215564 kB
Active:           444500 kB
Mem:          3.8G       781M       3.1G       5.7M        63M       319M

MemTotal:        4016004 kB
MemFree:         3215720 kB
Active:           444500 kB
Mem:          3.8G       781M       3.1G       5.7M        63M       319M

MemTotal:        4016004 kB
MemFree:         3214912 kB
Active:           442468 kB
Mem:          3.8G       782M       3.1G       5.7M        63M       319M

MemTotal:        4016004 kB
MemFree:         3214788 kB
Active:           444516 kB
Mem:          3.8G       782M       3.1G       5.7M        63M       319M

MemTotal:        4016004 kB
MemFree:         3215284 kB
Active:           444488 kB
Mem:          3.8G       781M       3.1G       5.7M        63M       319M

MemTotal:        4016004 kB
MemFree:         3215160 kB
Active:           444476 kB
Mem:          3.8G       782M       3.1G       5.7M        63M       319M

MemTotal:        4016004 kB
MemFree:         3215268 kB
Active:           444480 kB
Mem:          3.8G       781M       3.1G       5.7M        63M       319M

MemTotal:        4016004 kB
MemFree:         3215500 kB
Active:           444468 kB
Mem:          3.8G       781M       3.1G       5.7M        63M       319M

MemTotal:        4016004 kB
MemFree:         3215456 kB
Active:           444512 kB
Mem:          3.8G       781M       3.1G       5.7M        63M       319M

MemTotal:        4016004 kB
MemFree:         3215580 kB
Active:           444524 kB
Mem:          3.8G       781M       3.1G       5.7M        63M       319M

MemTotal:        4016004 kB
MemFree:         3215456 kB
Active:           444524 kB
Mem:          3.8G       781M       3.1G       5.7M        63M       319M

MemTotal:        4016004 kB
MemFree:         3215704 kB
Active:           444468 kB
Mem:          3.8G       781M       3.1G       5.7M        63M       319M

MemTotal:        4016004 kB
MemFree:         3213268 kB
Active:           444500 kB
Mem:          3.8G       783M       3.1G       5.7M        63M       319M

MemTotal:        4016004 kB
MemFree:         3213252 kB
Active:           446560 kB
Mem:          3.8G       783M       3.1G       5.7M        63M       319M

MemTotal:        4016004 kB
MemFree:         3213360 kB
Active:           446536 kB
Mem:          3.8G       784M       3.1G       5.7M        63M       319M

MemTotal:        4016004 kB
MemFree:         3213360 kB
Active:           446520 kB
Mem:          3.8G       783M       3.1G       5.7M        63M       319M

MemTotal:        4016004 kB
MemFree:         3212848 kB
Active:           446560 kB
Mem:          3.8G       784M       3.1G       5.7M        63M       319M

MemTotal:        4016004 kB
MemFree:         3213204 kB
Active:           446552 kB
Mem:          3.8G       784M       3.1G       5.7M        63M       319M

MemTotal:        4016004 kB
MemFree:         3213128 kB
Active:           446548 kB
Mem:          3.8G       783M       3.1G       5.7M        63M       319M

MemTotal:        4016004 kB
MemFree:         3213500 kB
Active:           446540 kB
Mem:          3.8G       783M       3.1G       5.7M        63M       319M

MemTotal:        4016004 kB
MemFree:         3213376 kB
Active:           446568 kB
Mem:          3.8G       783M       3.1G       5.7M        63M       319M

MemTotal:        4016004 kB
MemFree:         3213500 kB
Active:           446544 kB
Mem:          3.8G       783M       3.1G       5.7M        63M       319M

MemTotal:        4016004 kB
MemFree:         3213500 kB
Active:           446548 kB
Mem:          3.8G       783M       3.1G       5.7M        63M       319M

MemTotal:        4016004 kB
MemFree:         3213500 kB
Active:           446544 kB
Mem:          3.8G       783M       3.1G       5.7M        63M       319M

MemTotal:        4016004 kB
MemFree:         3212988 kB
Active:           446572 kB
Mem:          3.8G       784M       3.1G       5.7M        63M       319M

MemTotal:        4016004 kB
MemFree:         3212724 kB
Active:           446532 kB
Mem:          3.8G       784M       3.1G       5.7M        63M       319M

MemTotal:        4016004 kB
MemFree:         3212848 kB
Active:           446528 kB
Mem:          3.8G       784M       3.1G       5.7M        63M       319M

MemTotal:        4016004 kB
MemFree:         3212584 kB
Active:           446584 kB
Mem:          3.8G       784M       3.1G       5.7M        63M       319M

MemTotal:        4016004 kB
MemFree:         3212648 kB
Active:           446584 kB
Mem:          3.8G       784M       3.1G       5.7M        63M       319M

MemTotal:        4016004 kB
MemFree:         3213268 kB
Active:           446540 kB
Mem:          3.8G       783M       3.1G       5.7M        63M       319M

MemTotal:        4016004 kB
MemFree:         3213144 kB
Active:           446584 kB
Mem:          3.8G       784M       3.1G       5.7M        63M       319M

MemTotal:        4016004 kB
MemFree:         3213020 kB
Active:           446584 kB
Mem:          3.8G       784M       3.1G       5.7M        63M       319M

MemTotal:        4016004 kB
MemFree:         3212396 kB
Active:           444536 kB
Mem:          3.8G       784M       3.1G       5.7M        63M       319M

MemTotal:        4016004 kB
MemFree:         3212396 kB
Active:           446584 kB
Mem:          3.8G       784M       3.1G       5.7M        63M       319M

MemTotal:        4016004 kB
MemFree:         3213140 kB
Active:           446556 kB
Mem:          3.8G       784M       3.1G       5.7M        63M       319M

MemTotal:        4016004 kB
MemFree:         3213264 kB
Active:           446564 kB
Mem:          3.8G       783M       3.1G       5.7M        63M       319M

MemTotal:        4016004 kB
MemFree:         3213372 kB
Active:           446544 kB
Mem:          3.8G       783M       3.1G       5.7M        63M       319M

MemTotal:        4016004 kB
MemFree:         3212968 kB
Active:           446612 kB
Mem:          3.8G       784M       3.1G       5.7M        63M       319M

MemTotal:        4016004 kB
MemFree:         3213324 kB
Active:           446580 kB
Mem:          3.8G       783M       3.1G       5.7M        63M       319M

MemTotal:        4016004 kB
MemFree:         3213184 kB
Active:           446564 kB
Mem:          3.8G       783M       3.1G       5.7M        63M       319M

MemTotal:        4016004 kB
MemFree:         3213496 kB
Active:           446604 kB
Mem:          3.8G       783M       3.1G       5.7M        63M       319M

MemTotal:        4016004 kB
MemFree:         3213124 kB
Active:           446616 kB
Mem:          3.8G       784M       3.1G       5.7M        63M       319M

MemTotal:        4016004 kB
MemFree:         3213496 kB
Active:           446596 kB
Mem:          3.8G       783M       3.1G       5.7M        63M       319M

MemTotal:        4016004 kB
MemFree:         3213620 kB
Active:           446600 kB
Mem:          3.8G       783M       3.1G       5.7M        63M       319M

MemTotal:        4016004 kB
MemFree:         3213620 kB
Active:           446588 kB
Mem:          3.8G       783M       3.1G       5.7M        63M       319M

MemTotal:        4016004 kB
MemFree:         3213248 kB
Active:           446624 kB
Mem:          3.8G       783M       3.1G       5.7M        63M       319M

MemTotal:        4016004 kB
MemFree:         3213356 kB
Active:           446584 kB
Mem:          3.8G       783M       3.1G       5.7M        63M       319M

MemTotal:        4016004 kB
MemFree:         3213588 kB
Active:           446588 kB
Mem:          3.8G       783M       3.1G       5.7M        63M       319M

MemTotal:        4016004 kB
MemFree:         3213572 kB
Active:           446608 kB
Mem:          3.8G       783M       3.1G       5.7M        63M       319M

MemTotal:        4016004 kB
MemFree:         3213060 kB
Active:           446632 kB
Mem:          3.8G       784M       3.1G       5.7M        63M       319M

MemTotal:        4016004 kB
MemFree:         3213620 kB
Active:           446612 kB
Mem:          3.8G       783M       3.1G       5.7M        63M       319M

MemTotal:        4016004 kB
MemFree:         3212876 kB
Active:           446632 kB
Mem:          3.8G       784M       3.1G       5.7M        63M       319M

MemTotal:        4016004 kB
MemFree:         3213124 kB
Active:           446596 kB
Mem:          3.8G       784M       3.1G       5.7M        63M       319M

MemTotal:        4016004 kB
MemFree:         3212752 kB
Active:           446632 kB
Mem:          3.8G       784M       3.1G       5.7M        63M       319M

MemTotal:        4016004 kB
MemFree:         3213124 kB
Active:           446592 kB
Mem:          3.8G       784M       3.1G       5.7M        63M       319M

MemTotal:        4016004 kB
MemFree:         3213108 kB
Active:           446620 kB
Mem:          3.8G       784M       3.1G       5.7M        63M       319M

MemTotal:        4016004 kB
MemFree:         3212720 kB
Active:           446636 kB
Mem:          3.8G       784M       3.1G       5.7M        63M       319M

MemTotal:        4016004 kB
MemFree:         3212952 kB
Active:           446592 kB
Mem:          3.8G       784M       3.1G       5.7M        63M       319M

MemTotal:        4016004 kB
MemFree:         3212456 kB
Active:           446636 kB
Mem:          3.8G       784M       3.1G       5.7M        63M       319M

MemTotal:        4016004 kB
MemFree:         3212688 kB
Active:           446584 kB
Mem:          3.8G       784M       3.1G       5.7M        63M       319M

MemTotal:        4016004 kB
MemFree:         3213480 kB
Active:           446620 kB
Mem:          3.8G       783M       3.1G       5.7M        63M       319M

MemTotal:        4016004 kB
MemFree:         3212860 kB
Active:           446644 kB
Mem:          3.8G       784M       3.1G       5.7M        63M       319M

MemTotal:        4016004 kB
MemFree:         3213108 kB
Active:           446644 kB
Mem:          3.8G       784M       3.1G       5.7M        63M       319M

MemTotal:        4016004 kB
MemFree:         3213356 kB
Active:           446608 kB
Mem:          3.8G       783M       3.1G       5.7M        63M       319M

MemTotal:        4016004 kB
MemFree:         3213232 kB
Active:           446624 kB
Mem:          3.8G       783M       3.1G       5.7M        63M       319M

MemTotal:        4016004 kB
MemFree:         3212984 kB
Active:           446644 kB
Mem:          3.8G       784M       3.1G       5.7M        63M       319M

MemTotal:        4016004 kB
MemFree:         3212860 kB
Active:           446612 kB
Mem:          3.8G       784M       3.1G       5.7M        63M       319M

MemTotal:        4016004 kB
MemFree:         3212968 kB
Active:           446644 kB
Mem:          3.8G       784M       3.1G       5.7M        63M       319M

MemTotal:        4016004 kB
MemFree:         3212704 kB
Active:           446636 kB
Mem:          3.8G       784M       3.1G       5.7M        63M       319M

MemTotal:        4016004 kB
MemFree:         3212812 kB
Active:           446608 kB
Mem:          3.8G       784M       3.1G       5.7M        63M       319M

MemTotal:        4016004 kB
MemFree:         3212936 kB
Active:           446644 kB
Mem:          3.8G       784M       3.1G       5.7M        63M       319M

MemTotal:        4016004 kB
MemFree:         3212876 kB
Active:           446620 kB
Mem:          3.8G       784M       3.1G       5.7M        63M       319M

MemTotal:        4016004 kB
MemFree:         3210952 kB
Active:           446628 kB
Mem:          3.8G       786M       3.1G       5.7M        63M       319M

MemTotal:        4016004 kB
MemFree:         3211200 kB
Active:           448668 kB
Mem:          3.8G       786M       3.1G       5.7M        63M       319M

MemTotal:        4016004 kB
MemFree:         3211076 kB
Active:           448656 kB
Mem:          3.8G       786M       3.1G       5.7M        63M       319M

MemTotal:        4016004 kB
MemFree:         3211324 kB
Active:           448688 kB
Mem:          3.8G       785M       3.1G       5.7M        63M       319M

MemTotal:        4016004 kB
MemFree:         3211076 kB
Active:           448660 kB
Mem:          3.8G       786M       3.1G       5.7M        63M       319M

MemTotal:        4016004 kB
MemFree:         3211060 kB
Active:           448696 kB
Mem:          3.8G       786M       3.1G       5.7M        63M       319M

MemTotal:        4016004 kB
MemFree:         3211416 kB
Active:           448680 kB
Mem:          3.8G       785M       3.1G       5.7M        63M       319M

MemTotal:        4016004 kB
MemFree:         3211276 kB
Active:           448664 kB
Mem:          3.8G       785M       3.1G       5.7M        63M       319M

MemTotal:        4016004 kB
MemFree:         3210888 kB
Active:           448700 kB
Mem:          3.8G       786M       3.1G       5.7M        63M       319M

MemTotal:        4016004 kB
MemFree:         3211244 kB
Active:           448692 kB
Mem:          3.8G       786M       3.1G       5.7M        63M       319M

MemTotal:        4016004 kB
MemFree:         3210484 kB
Active:           448712 kB
Mem:          3.8G       786M       3.1G       5.7M        63M       319M

MemTotal:        4016004 kB
MemFree:         3210920 kB
Active:           448696 kB
Mem:          3.8G       786M       3.1G       5.7M        63M       319M

MemTotal:        4016004 kB
MemFree:         3210920 kB
Active:           448708 kB
Mem:          3.8G       786M       3.1G       5.7M        63M       319M

MemTotal:        4016004 kB
MemFree:         3210452 kB
Active:           449100 kB
Mem:          3.8G       786M       3.1G       5.7M        63M       319M

MemTotal:        4016004 kB
MemFree:         3165972 kB
Active:           450052 kB
Mem:          3.8G       830M       3.0G       5.7M        63M       362M

MemTotal:        4016004 kB
MemFree:         3119500 kB
Active:           450072 kB
Mem:          3.8G       876M       3.0G       5.7M        63M       407M

MemTotal:        4016004 kB
MemFree:         3074292 kB
Active:           450068 kB
Mem:          3.8G       921M       2.9G       5.7M        63M       451M

MemTotal:        4016004 kB
MemFree:         3027472 kB
Active:           450060 kB
Mem:          3.8G       966M       2.9G       5.7M        63M       495M

MemTotal:        4016004 kB
MemFree:         2981236 kB
Active:           450060 kB
Mem:          3.8G       1.0G       2.8G       5.7M        63M       539M

MemTotal:        4016004 kB
MemFree:         2934376 kB
Active:           450076 kB
Mem:          3.8G       1.0G       2.8G       5.7M        63M       585M

MemTotal:        4016004 kB
MemFree:         2888136 kB
Active:           450076 kB
Mem:          3.8G       1.1G       2.8G       5.7M        63M       630M

MemTotal:        4016004 kB
MemFree:         2841524 kB
Active:           450032 kB
Mem:          3.8G       1.1G       2.7G       5.7M        63M       674M

MemTotal:        4016004 kB
MemFree:         2794184 kB
Active:           450056 kB
Mem:          3.8G       1.2G       2.7G       5.7M        63M       719M

MemTotal:        4016004 kB
MemFree:         2748332 kB
Active:           450040 kB
Mem:          3.8G       1.2G       2.6G       5.7M        63M       763M

MemTotal:        4016004 kB
MemFree:         2702028 kB
Active:           450052 kB
Mem:          3.8G       1.3G       2.6G       5.7M        63M       807M

MemTotal:        4016004 kB
MemFree:         2664720 kB
Active:           450100 kB
Mem:          3.8G       1.3G       2.5G       5.7M        63M       843M

MemTotal:        4016004 kB
MemFree:         2617740 kB
Active:           450080 kB
Mem:          3.8G       1.3G       2.5G       5.7M        63M       888M

MemTotal:        4016004 kB
MemFree:         2571796 kB
Active:           450112 kB
Mem:          3.8G       1.4G       2.5G       5.7M        63M       932M

MemTotal:        4016004 kB
MemFree:         2525704 kB
Active:           450112 kB
Mem:          3.8G       1.4G       2.4G       5.7M        63M       977M

MemTotal:        4016004 kB
MemFree:         2478628 kB
Active:           450116 kB
Mem:          3.8G       1.5G       2.4G       5.7M        63M       1.0G

MemTotal:        4016004 kB
MemFree:         2434092 kB
Active:           450224 kB
Mem:          3.8G       1.5G       2.3G       5.7M        63M       1.0G

MemTotal:        4016004 kB
MemFree:         2387908 kB
Active:           450228 kB
Mem:          3.8G       1.6G       2.3G       5.7M        63M       1.1G

MemTotal:        4016004 kB
MemFree:         2340348 kB
Active:           450252 kB
Mem:          3.8G       1.6G       2.2G       5.7M        63M       1.1G

MemTotal:        4016004 kB
MemFree:         2294364 kB
Active:           450268 kB
Mem:          3.8G       1.6G       2.2G       5.7M        63M       1.2G

MemTotal:        4016004 kB
MemFree:         2247724 kB
Active:           450272 kB
Mem:          3.8G       1.7G       2.1G       5.7M        63M       1.2G

MemTotal:        4016004 kB
MemFree:         2233000 kB
Active:           450260 kB
Mem:          3.8G       1.7G       2.1G       5.7M        63M       1.2G

MemTotal:        4016004 kB
MemFree:         2187528 kB
Active:           450284 kB
Mem:          3.8G       1.7G       2.1G       5.7M        63M       1.3G

MemTotal:        4016004 kB
MemFree:         2140048 kB
Active:           450284 kB
Mem:          3.8G       1.8G       2.0G       5.7M        63M       1.3G

MemTotal:        4016004 kB
MemFree:         2093700 kB
Active:           450284 kB
Mem:          3.8G       1.8G       2.0G       5.7M        63M       1.4G

MemTotal:        4016004 kB
MemFree:         2047088 kB
Active:           450284 kB
Mem:          3.8G       1.9G       2.0G       5.7M        63M       1.4G

MemTotal:        4016004 kB
MemFree:         2001784 kB
Active:           448316 kB
Mem:          3.8G       1.9G       1.9G       5.7M        63M       1.4G

MemTotal:        4016004 kB
MemFree:         1954252 kB
Active:           450372 kB
Mem:          3.8G       2.0G       1.9G       5.7M        63M       1.5G

MemTotal:        4016004 kB
MemFree:         1908140 kB
Active:           450380 kB
Mem:          3.8G       2.0G       1.8G       5.7M        63M       1.5G

MemTotal:        4016004 kB
MemFree:         1861956 kB
Active:           450388 kB
Mem:          3.8G       2.1G       1.8G       5.7M        63M       1.6G

MemTotal:        4016004 kB
MemFree:         1815560 kB
Active:           450396 kB
Mem:          3.8G       2.1G       1.7G       5.7M        63M       1.6G

MemTotal:        4016004 kB
MemFree:         1815468 kB
Active:           450360 kB
Mem:          3.8G       2.1G       1.7G       5.7M        63M       1.6G

MemTotal:        4016004 kB
MemFree:         1815564 kB
Active:           450372 kB
Mem:          3.8G       2.1G       1.7G       5.7M        63M       1.6G

MemTotal:        4016004 kB
MemFree:         1783108 kB
Active:           450404 kB
Mem:          3.8G       2.1G       1.7G       5.7M        63M       1.7G

MemTotal:        4016004 kB
MemFree:         1736900 kB
Active:           450412 kB
Mem:          3.8G       2.2G       1.7G       5.7M        63M       1.7G

MemTotal:        4016004 kB
MemFree:         1690056 kB
Active:           450416 kB
Mem:          3.8G       2.2G       1.6G       5.7M        63M       1.7G

MemTotal:        4016004 kB
MemFree:         1643320 kB
Active:           450424 kB
Mem:          3.8G       2.3G       1.6G       5.7M        63M       1.8G

MemTotal:        4016004 kB
MemFree:         1597592 kB
Active:           450424 kB
Mem:          3.8G       2.3G       1.5G       5.7M        63M       1.8G

MemTotal:        4016004 kB
MemFree:         1550732 kB
Active:           450424 kB
Mem:          3.8G       2.4G       1.5G       5.7M        63M       1.9G

MemTotal:        4016004 kB
MemFree:         1504900 kB
Active:           450432 kB
Mem:          3.8G       2.4G       1.4G       5.7M        63M       1.9G

MemTotal:        4016004 kB
MemFree:         1459172 kB
Active:           450432 kB
Mem:          3.8G       2.4G       1.4G       5.7M        63M       2.0G

MemTotal:        4016004 kB
MemFree:         1445668 kB
Active:           450416 kB
Mem:          3.8G       2.5G       1.4G       5.7M        63M       2.0G

MemTotal:        4016004 kB
MemFree:         1399716 kB
Active:           450448 kB
Mem:          3.8G       2.5G       1.3G       5.7M        63M       2.0G

MemTotal:        4016004 kB
MemFree:         1352500 kB
Active:           450448 kB
Mem:          3.8G       2.5G       1.3G       5.7M        63M       2.1G

MemTotal:        4016004 kB
MemFree:         1306412 kB
Active:           450452 kB
Mem:          3.8G       2.6G       1.2G       5.7M        63M       2.1G

MemTotal:        4016004 kB
MemFree:         1262804 kB
Active:           450452 kB
Mem:          3.8G       2.6G       1.2G       5.7M        63M       2.1G

MemTotal:        4016004 kB
MemFree:         1262436 kB
Active:           450412 kB
Mem:          3.8G       2.6G       1.2G       5.7M        63M       2.1G

MemTotal:        4016004 kB
MemFree:         1224432 kB
Active:           450472 kB
Mem:          3.8G       2.7G       1.2G       5.7M        63M       2.2G

MemTotal:        4016004 kB
MemFree:         1177124 kB
Active:           450444 kB
Mem:          3.8G       2.7G       1.1G       5.7M        63M       2.2G

MemTotal:        4016004 kB
MemFree:         1131648 kB
Active:           450448 kB
Mem:          3.8G       2.8G       1.1G       5.7M        63M       2.3G

MemTotal:        4016004 kB
MemFree:         1084712 kB
Active:           450436 kB
Mem:          3.8G       2.8G       1.0G       5.7M        63M       2.3G

MemTotal:        4016004 kB
MemFree:         1038708 kB
Active:           450448 kB
Mem:          3.8G       2.8G       1.0G       5.7M        63M       2.4G

MemTotal:        4016004 kB
MemFree:          991864 kB
Active:           450492 kB
Mem:          3.8G       2.9G       967M       5.7M        63M       2.4G

MemTotal:        4016004 kB
MemFree:          945252 kB
Active:           450476 kB
Mem:          3.8G       2.9G       922M       5.7M        63M       2.4G

MemTotal:        4016004 kB
MemFree:          899980 kB
Active:           450488 kB
Mem:          3.8G       3.0G       878M       5.7M        63M       2.5G

MemTotal:        4016004 kB
MemFree:          852176 kB
Active:           450492 kB
Mem:          3.8G       3.0G       831M       5.7M        63M       2.5G

MemTotal:        4016004 kB
MemFree:          805888 kB
Active:           450576 kB
Mem:          3.8G       3.1G       786M       5.7M        63M       2.6G

MemTotal:        4016004 kB
MemFree:          759896 kB
Active:           450544 kB
Mem:          3.8G       3.1G       741M       5.7M        63M       2.6G

MemTotal:        4016004 kB
MemFree:          713580 kB
Active:           450552 kB
Mem:          3.8G       3.2G       695M       5.7M        63M       2.7G

MemTotal:        4016004 kB
MemFree:          667028 kB
Active:           450552 kB
Mem:          3.8G       3.2G       650M       5.7M        63M       2.7G

MemTotal:        4016004 kB
MemFree:          620868 kB
Active:           450552 kB
Mem:          3.8G       3.2G       604M       5.7M        63M       2.7G

MemTotal:        4016004 kB
MemFree:          592236 kB
Active:           450556 kB
Mem:          3.8G       3.3G       577M       5.7M        63M       2.8G

MemTotal:        4016004 kB
MemFree:          591288 kB
Active:           450568 kB
Mem:          3.8G       3.3G       577M       5.7M        63M       2.8G

MemTotal:        4016004 kB
MemFree:          592012 kB
Active:           450552 kB
Mem:          3.8G       3.3G       578M       5.7M        63M       2.8G

MemTotal:        4016004 kB
MemFree:          559292 kB
Active:           450576 kB
Mem:          3.8G       3.3G       545M       5.7M        63M       2.8G

MemTotal:        4016004 kB
MemFree:          512216 kB
Active:           450576 kB
Mem:          3.8G       3.3G       499M       5.7M        63M       2.8G

MemTotal:        4016004 kB
MemFree:          465348 kB
Active:           448692 kB
Mem:          3.8G       3.4G       453M       5.7M        63M       2.9G

MemTotal:        4016004 kB
MemFree:          418464 kB
Active:           450584 kB
Mem:          3.8G       3.4G       408M       5.7M        63M       2.9G

MemTotal:        4016004 kB
MemFree:          373108 kB
Active:           450584 kB
Mem:          3.8G       3.5G       363M       5.7M        63M       3.0G

MemTotal:        4016004 kB
MemFree:          326248 kB
Active:           450584 kB
Mem:          3.8G       3.5G       317M       5.7M        63M       3.0G

MemTotal:        4016004 kB
MemFree:          279404 kB
Active:           450584 kB
Mem:          3.8G       3.6G       272M       5.7M        63M       3.1G

MemTotal:        4016004 kB
MemFree:          251864 kB
Active:           450592 kB
Mem:          3.8G       3.6G       245M       5.7M        63M       3.1G

MemTotal:        4016004 kB
MemFree:          214616 kB
Active:           450608 kB
Mem:          3.8G       3.6G       208M       5.7M        63M       3.1G

MemTotal:        4016004 kB
MemFree:          167600 kB
Active:           450608 kB
Mem:          3.8G       3.7G       162M       5.7M        63M       3.2G

MemTotal:        4016004 kB
MemFree:          121360 kB
Active:           450572 kB
Mem:          3.8G       3.7G       117M       5.7M        63M       3.2G

MemTotal:        4016004 kB
MemFree:          118164 kB
Active:           451388 kB
Mem:          3.8G       3.7G       130M       5.7M        28M       3.2G

MemTotal:        4016004 kB
MemFree:          113296 kB
Active:           467120 kB
Mem:          3.8G       3.7G       120M       5.7M        28M       3.2G

MemTotal:        4016004 kB
MemFree:          118392 kB
Active:           513500 kB
Mem:          3.8G       3.7G       114M       5.7M        28M       3.2G

MemTotal:        4016004 kB
MemFree:          107220 kB
Active:           511084 kB
Mem:          3.8G       3.7G       107M       5.7M        28M       3.3G

MemTotal:        4016004 kB
MemFree:          133584 kB
Active:           502184 kB
Mem:          3.8G       3.7G       129M       5.7M        28M       3.2G

MemTotal:        4016004 kB
MemFree:          124788 kB
Active:           496768 kB
Mem:          3.8G       3.7G       131M       5.7M        28M       3.2G

MemTotal:        4016004 kB
MemFree:          125732 kB
Active:           491764 kB
Mem:          3.8G       3.7G       121M       5.7M        28M       3.2G

MemTotal:        4016004 kB
MemFree:          107492 kB
Active:           487308 kB
Mem:          3.8G       3.7G       124M       5.7M        28M       3.2G

MemTotal:        4016004 kB
MemFree:          105284 kB
Active:           480644 kB
Mem:          3.8G       3.7G       124M       5.7M        28M       3.2G

MemTotal:        4016004 kB
MemFree:          146652 kB
Active:           472212 kB
Mem:          3.8G       3.7G       142M       5.7M        28M       3.2G

MemTotal:        4016004 kB
MemFree:          126048 kB
Active:           470300 kB
Mem:          3.8G       3.7G       121M       5.7M        28M       3.2G

MemTotal:        4016004 kB
MemFree:          110684 kB
Active:           468636 kB
Mem:          3.8G       3.7G       108M       5.7M        28M       3.3G

MemTotal:        4016004 kB
MemFree:          118096 kB
Active:           465312 kB
Mem:          3.8G       3.7G       114M       5.7M        28M       3.3G

MemTotal:        4016004 kB
MemFree:          125084 kB
Active:           460196 kB
Mem:          3.8G       3.7G       120M       5.7M        28M       3.2G

MemTotal:        4016004 kB
MemFree:          127964 kB
Active:           457124 kB
Mem:          3.8G       3.7G       123M       5.7M        28M       3.2G

MemTotal:        4016004 kB
MemFree:          131296 kB
Active:           454008 kB
Mem:          3.8G       3.7G       127M       5.7M        28M       3.2G

MemTotal:        4016004 kB
MemFree:          126528 kB
Active:           451276 kB
Mem:          3.8G       3.7G       123M       5.7M        28M       3.2G

MemTotal:        4016004 kB
MemFree:          126552 kB
Active:           451272 kB
Mem:          3.8G       3.7G       123M       5.7M        28M       3.2G

MemTotal:        4016004 kB
MemFree:          123292 kB
Active:           451180 kB
Mem:          3.8G       3.7G       119M       5.7M        28M       3.2G

MemTotal:        4016004 kB
MemFree:          114144 kB
Active:           450152 kB
Mem:          3.8G       3.7G       110M       5.7M        28M       3.3G

MemTotal:        4016004 kB
MemFree:          127744 kB
Active:           446432 kB
Mem:          3.8G       3.7G       124M       5.7M        28M       3.2G

MemTotal:        4016004 kB
MemFree:          124696 kB
Active:           446972 kB
Mem:          3.8G       3.7G       131M       5.7M        28M       3.2G

MemTotal:        4016004 kB
MemFree:          126352 kB
Active:           445180 kB
Mem:          3.8G       3.7G       122M       5.7M        28M       3.2G

MemTotal:        4016004 kB
MemFree:          128488 kB
Active:           443532 kB
Mem:          3.8G       3.7G       124M       5.7M        28M       3.2G

MemTotal:        4016004 kB
MemFree:          129864 kB
Active:           441852 kB
Mem:          3.8G       3.7G       126M       5.7M        28M       3.2G

MemTotal:        4016004 kB
MemFree:          130388 kB
Active:           439956 kB
Mem:          3.8G       3.7G       126M       5.7M        28M       3.2G

MemTotal:        4016004 kB
MemFree:          120600 kB
Active:           438820 kB
Mem:          3.8G       3.7G       117M       5.7M        28M       3.2G

MemTotal:        4016004 kB
MemFree:          123732 kB
Active:           437156 kB
Mem:          3.8G       3.7G       120M       5.7M        28M       3.2G

MemTotal:        4016004 kB
MemFree:          125468 kB
Active:           435832 kB
Mem:          3.8G       3.7G       122M       5.7M        28M       3.2G

MemTotal:        4016004 kB
MemFree:          128176 kB
Active:           434596 kB
Mem:          3.8G       3.7G       124M       5.7M        28M       3.2G

MemTotal:        4016004 kB
MemFree:          118188 kB
Active:           433460 kB
Mem:          3.8G       3.7G       114M       5.7M        28M       3.2G

MemTotal:        4016004 kB
MemFree:          107752 kB
Active:           432308 kB
Mem:          3.8G       3.7G       104M       5.7M        28M       3.3G

MemTotal:        4016004 kB
MemFree:          109572 kB
Active:           430528 kB
Mem:          3.8G       3.7G       106M       5.7M        28M       3.3G

MemTotal:        4016004 kB
MemFree:          117428 kB
Active:           428488 kB
Mem:          3.8G       3.7G       114M       5.7M        28M       3.2G

MemTotal:        4016004 kB
MemFree:          113084 kB
Active:           428488 kB
Mem:          3.8G       3.7G       110M       5.7M        28M       3.3G

MemTotal:        4016004 kB
MemFree:          112716 kB
Active:           428480 kB
Mem:          3.8G       3.7G       110M       5.7M        28M       3.3G

MemTotal:        4016004 kB
MemFree:          126564 kB
Active:           425388 kB
Mem:          3.8G       3.7G       122M       5.7M        28M       3.2G

MemTotal:        4016004 kB
MemFree:          131288 kB
Active:           423468 kB
Mem:          3.8G       3.7G       127M       5.7M        28M       3.2G

MemTotal:        4016004 kB
MemFree:          132804 kB
Active:           419816 kB
Mem:          3.8G       3.7G       128M       5.7M        28M       3.2G

MemTotal:        4016004 kB
MemFree:          140148 kB
Active:           418160 kB
Mem:          3.8G       3.7G       135M       5.7M        28M       3.2G

MemTotal:        4016004 kB
MemFree:          130496 kB
Active:           415000 kB
Mem:          3.8G       3.7G       126M       5.7M        28M       3.2G

MemTotal:        4016004 kB
MemFree:          120852 kB
Active:           413848 kB
Mem:          3.8G       3.7G       117M       5.7M        28M       3.2G

MemTotal:        4016004 kB
MemFree:          122208 kB
Active:           412196 kB
Mem:          3.8G       3.7G       118M       5.7M        28M       3.2G

MemTotal:        4016004 kB
MemFree:          129740 kB
Active:           410164 kB
Mem:          3.8G       3.7G       125M       5.7M        28M       3.2G

MemTotal:        4016004 kB
MemFree:          125908 kB
Active:           410160 kB
Mem:          3.8G       3.7G       122M       5.7M        28M       3.2G

MemTotal:        4016004 kB
MemFree:          121744 kB
Active:           410128 kB
Mem:          3.8G       3.7G       117M       5.7M        28M       3.2G

MemTotal:        4016004 kB
MemFree:          112100 kB
Active:           409028 kB
Mem:          3.8G       3.7G       108M       5.7M        28M       3.3G

MemTotal:        4016004 kB
MemFree:          120684 kB
Active:           406932 kB
Mem:          3.8G       3.7G       116M       5.7M        28M       3.2G

MemTotal:        4016004 kB
MemFree:          109368 kB
Active:           405828 kB
Mem:          3.8G       3.7G       105M       5.7M        28M       3.3G

MemTotal:        4016004 kB
MemFree:          104952 kB
Active:           405784 kB
Mem:          3.8G       3.7G       125M       5.7M        28M       3.2G

MemTotal:        4016004 kB
MemFree:          128444 kB
Active:           403268 kB
Mem:          3.8G       3.7G       125M       5.7M        28M       3.2G

MemTotal:        4016004 kB
MemFree:          114416 kB
Active:           405224 kB
Mem:          3.8G       3.7G       111M       5.7M        28M       3.3G

MemTotal:        4016004 kB
MemFree:          105548 kB
Active:           403944 kB
Mem:          3.8G       3.7G       121M       5.7M        28M       3.2G

MemTotal:        4016004 kB
MemFree:          104940 kB
Active:           401896 kB
Mem:          3.8G       3.7G       125M       5.7M        28M       3.2G

MemTotal:        4016004 kB
MemFree:          125428 kB
Active:           399600 kB
Mem:          3.8G       3.7G       131M       5.7M        28M       3.2G

MemTotal:        4016004 kB
MemFree:          126200 kB
Active:           397936 kB
Mem:          3.8G       3.7G       121M       5.7M        28M       3.2G

MemTotal:        4016004 kB
MemFree:          109224 kB
Active:           396912 kB
Mem:          3.8G       3.7G       105M       5.7M        28M       3.3G

MemTotal:        4016004 kB
MemFree:          129092 kB
Active:           394740 kB
Mem:          3.8G       3.7G       124M       5.7M        28M       3.2G

MemTotal:        4016004 kB
MemFree:          118472 kB
Active:           393600 kB
Mem:          3.8G       3.7G       115M       5.7M        28M       3.2G

MemTotal:        4016004 kB
MemFree:          115000 kB
Active:           393604 kB
Mem:          3.8G       3.7G       112M       5.7M        28M       3.2G

MemTotal:        4016004 kB
MemFree:          111352 kB
Active:           393716 kB
Mem:          3.8G       3.7G       108M       5.7M        28M       3.3G

MemTotal:        4016004 kB
MemFree:          113784 kB
Active:           389940 kB
Mem:          3.8G       3.7G       110M       5.7M        28M       3.3G

MemTotal:        4016004 kB
MemFree:          124296 kB
Active:           386308 kB
Mem:          3.8G       3.7G       123M       5.7M        28M       3.2G

MemTotal:        4016004 kB
MemFree:          122828 kB
Active:           385120 kB
Mem:          3.8G       3.7G       119M       5.7M        28M       3.2G

MemTotal:        4016004 kB
MemFree:          106444 kB
Active:           385040 kB
Mem:          3.8G       3.7G       103M       5.7M        28M       3.3G

MemTotal:        4016004 kB
MemFree:          125664 kB
Active:           384872 kB
Mem:          3.8G       3.7G       122M       5.7M        28M       3.2G

MemTotal:        4016004 kB
MemFree:          110056 kB
Active:           384912 kB
Mem:          3.8G       3.7G       107M       5.7M        28M       3.3G

MemTotal:        4016004 kB
MemFree:          124656 kB
Active:           384912 kB
Mem:          3.8G       3.7G       121M       5.7M        28M       3.2G

MemTotal:        4016004 kB
MemFree:          138496 kB
Active:           384748 kB
Mem:          3.8G       3.7G       134M       5.7M        28M       3.2G

MemTotal:        4016004 kB
MemFree:          139128 kB
Active:           384796 kB
Mem:          3.8G       3.7G       135M       5.7M        28M       3.2G

MemTotal:        4016004 kB
MemFree:          137788 kB
Active:           384768 kB
Mem:          3.8G       3.7G       142M       5.7M        28M       3.2G

MemTotal:        4016004 kB
MemFree:          126248 kB
Active:           384808 kB
Mem:          3.8G       3.7G       123M       5.7M        28M       3.2G

MemTotal:        4016004 kB
MemFree:          121596 kB
Active:           384836 kB
Mem:          3.8G       3.7G       117M       5.7M        28M       3.2G

MemTotal:        4016004 kB
MemFree:          126004 kB
Active:           381548 kB
Mem:          3.8G       3.7G       122M       5.7M        28M       3.2G

MemTotal:        4016004 kB
MemFree:          122904 kB
Active:           381560 kB
Mem:          3.8G       3.7G       118M       5.7M        28M       3.2G

MemTotal:        4016004 kB
MemFree:          106372 kB
Active:           381556 kB
Mem:          3.8G       3.7G       110M       5.7M        28M       3.3G

MemTotal:        4016004 kB
MemFree:          124188 kB
Active:           381576 kB
Mem:          3.8G       3.7G       120M       5.7M        28M       3.2G

MemTotal:        4016004 kB
MemFree:          115492 kB
Active:           381576 kB
Mem:          3.8G       3.7G       112M       5.7M        28M       3.2G

MemTotal:        4016004 kB
MemFree:          107036 kB
Active:           381280 kB
Mem:          3.8G       3.7G       103M       5.7M        28M       3.3G

MemTotal:        4016004 kB
MemFree:          126832 kB
Active:           381204 kB
Mem:          3.8G       3.7G       122M       5.7M        28M       3.2G

MemTotal:        4016004 kB
MemFree:          134300 kB
Active:           381208 kB
Mem:          3.8G       3.7G       130M       5.7M        28M       3.2G

MemTotal:        4016004 kB
MemFree:          136172 kB
Active:           381208 kB
Mem:          3.8G       3.7G       132M       5.7M        28M       3.2G

MemTotal:        4016004 kB
MemFree:          131688 kB
Active:           381200 kB
Mem:          3.8G       3.7G       138M       5.7M        28M       3.2G

MemTotal:        4016004 kB
MemFree:          132344 kB
Active:           381212 kB
Mem:          3.8G       3.7G       128M       5.7M        28M       3.2G

MemTotal:        4016004 kB
MemFree:          143440 kB
Active:           381220 kB
Mem:          3.8G       3.7G       142M       5.7M        28M       3.2G

MemTotal:        4016004 kB
MemFree:          124332 kB
Active:           381148 kB
Mem:          3.8G       3.7G       130M       5.7M        28M       3.2G

MemTotal:        4016004 kB
MemFree:          126248 kB
Active:           381204 kB
Mem:          3.8G       3.7G       122M       5.7M        28M       3.2G

MemTotal:        4016004 kB
MemFree:          127704 kB
Active:           381220 kB
Mem:          3.8G       3.7G       123M       5.7M        28M       3.2G

MemTotal:        4016004 kB
MemFree:          111420 kB
Active:           381220 kB
Mem:          3.8G       3.7G       108M       5.7M        28M       3.3G

MemTotal:        4016004 kB
MemFree:          127008 kB
Active:           383224 kB
Mem:          3.8G       3.7G       123M       5.7M        28M       3.2G

MemTotal:        4016004 kB
MemFree:          121328 kB
Active:           381680 kB
Mem:          3.8G       3.7G       118M       5.7M        28M       3.2G

MemTotal:        4016004 kB
MemFree:          120504 kB
Active:           381412 kB
Mem:          3.8G       3.7G       117M       5.7M        28M       3.2G

MemTotal:        4016004 kB
MemFree:          134132 kB
Active:           380416 kB
Mem:          3.8G       3.7G       132M       5.7M        28M       3.2G

MemTotal:        4016004 kB
MemFree:          128164 kB
Active:           380420 kB
Mem:          3.8G       3.7G       125M       5.7M        28M       3.2G

MemTotal:        4016004 kB
MemFree:          108232 kB
Active:           380392 kB
Mem:          3.8G       3.7G       105M       5.7M        28M       3.3G

MemTotal:        4016004 kB
MemFree:          122292 kB
Active:           380400 kB
Mem:          3.8G       3.7G       118M       5.7M        28M       3.2G

MemTotal:        4016004 kB
MemFree:          105204 kB
Active:           380408 kB
Mem:          3.8G       3.7G       125M       5.7M        28M       3.2G

MemTotal:        4016004 kB
MemFree:          125444 kB
Active:           380392 kB
Mem:          3.8G       3.7G       121M       5.7M        28M       3.2G

MemTotal:        4016004 kB
MemFree:          127268 kB
Active:           380428 kB
Mem:          3.8G       3.7G       124M       5.7M        28M       3.2G

MemTotal:        4016004 kB
MemFree:          134612 kB
Active:           377348 kB
Mem:          3.8G       3.7G       130M       5.7M        28M       3.2G

MemTotal:        4016004 kB
MemFree:          127024 kB
Active:           376104 kB
Mem:          3.8G       3.7G       124M       5.7M        28M       3.2G

MemTotal:        4016004 kB
MemFree:          127784 kB
Active:           376104 kB
Mem:          3.8G       3.7G       123M       5.7M        28M       3.2G

MemTotal:        4016004 kB
MemFree:          105000 kB
Active:           376104 kB
Mem:          3.8G       3.7G       125M       5.7M        28M       3.2G

MemTotal:        4016004 kB
MemFree:          124000 kB
Active:           376056 kB
Mem:          3.8G       3.7G       120M       5.7M        28M       3.2G

MemTotal:        4016004 kB
MemFree:          123380 kB
Active:           376120 kB
Mem:          3.8G       3.7G       120M       5.7M        28M       3.2G

MemTotal:        4016004 kB
MemFree:          123660 kB
Active:           376132 kB
Mem:          3.8G       3.7G       120M       5.7M        28M       3.2G

MemTotal:        4016004 kB
MemFree:          121124 kB
Active:           376096 kB
Mem:          3.8G       3.7G       116M       5.7M        28M       3.2G

MemTotal:        4016004 kB
MemFree:          127232 kB
Active:           376140 kB
Mem:          3.8G       3.7G       123M       5.7M        28M       3.2G

MemTotal:        4016004 kB
MemFree:          123912 kB
Active:           376136 kB
Mem:          3.8G       3.7G       119M       5.7M        28M       3.2G

MemTotal:        4016004 kB
MemFree:          107448 kB
Active:           376092 kB
Mem:          3.8G       3.7G       104M       5.7M        28M       3.3G

MemTotal:        4016004 kB
MemFree:          127192 kB
Active:           375852 kB
Mem:          3.8G       3.7G       123M       5.7M        28M       3.2G

MemTotal:        4016004 kB
MemFree:          117904 kB
Active:           375784 kB
Mem:          3.8G       3.7G       113M       5.7M        28M       3.2G

MemTotal:        4016004 kB
MemFree:          107392 kB
Active:           375828 kB
Mem:          3.8G       3.7G       103M       5.7M        28M       3.3G

MemTotal:        4016004 kB
MemFree:          108768 kB
Active:           375828 kB
Mem:          3.8G       3.7G       105M       5.7M        28M       3.3G

MemTotal:        4016004 kB
MemFree:          114444 kB
Active:           375792 kB
Mem:          3.8G       3.7G       111M       5.7M        28M       3.2G

MemTotal:        4016004 kB
MemFree:          146184 kB
Active:           375832 kB
Mem:          3.8G       3.7G       141M       5.7M        28M       3.2G

MemTotal:        4016004 kB
MemFree:          124244 kB
Active:           375836 kB
Mem:          3.8G       3.7G       131M       5.7M        28M       3.2G

MemTotal:        4016004 kB
MemFree:          106756 kB
Active:           375836 kB
Mem:          3.8G       3.7G       103M       5.7M        28M       3.3G

MemTotal:        4016004 kB
MemFree:          136344 kB
Active:           375836 kB
Mem:          3.8G       3.7G       132M       5.7M        28M       3.2G

MemTotal:        4016004 kB
MemFree:          129788 kB
Active:           375856 kB
Mem:          3.8G       3.7G       126M       5.7M        28M       3.2G

MemTotal:        4016004 kB
MemFree:          118320 kB
Active:           377888 kB
Mem:          3.8G       3.7G       115M       5.7M        28M       3.2G

MemTotal:        4016004 kB
MemFree:          118536 kB
Active:           377872 kB
Mem:          3.8G       3.7G       115M       5.7M        28M       3.2G

MemTotal:        4016004 kB
MemFree:          120400 kB
Active:           374960 kB
Mem:          3.8G       3.7G       116M       5.7M        28M       3.2G

MemTotal:        4016004 kB
MemFree:          128976 kB
Active:           374832 kB
Mem:          3.8G       3.7G       124M       5.7M        28M       3.2G

MemTotal:        4016004 kB
MemFree:          130132 kB
Active:           374832 kB
Mem:          3.8G       3.7G       125M       5.7M        28M       3.2G

MemTotal:        4016004 kB
MemFree:          134364 kB
Active:           374840 kB
Mem:          3.8G       3.7G       130M       5.7M        28M       3.2G

MemTotal:        4016004 kB
MemFree:          126272 kB
Active:           374840 kB
Mem:          3.8G       3.7G       122M       5.7M        28M       3.2G

MemTotal:        4016004 kB
MemFree:          111068 kB
Active:           374844 kB
Mem:          3.8G       3.7G       106M       5.7M        28M       3.3G

MemTotal:        4016004 kB
MemFree:          125028 kB
Active:           374824 kB
Mem:          3.8G       3.7G       121M       5.7M        28M       3.2G

MemTotal:        4016004 kB
MemFree:          133336 kB
Active:           374800 kB
Mem:          3.8G       3.7G       128M       5.7M        28M       3.2G

MemTotal:        4016004 kB
MemFree:          131480 kB
Active:           374060 kB
Mem:          3.8G       3.7G       127M       5.7M        28M       3.2G

MemTotal:        4016004 kB
MemFree:          140024 kB
Active:           373924 kB
Mem:          3.8G       3.7G       136M       5.7M        28M       3.2G

MemTotal:        4016004 kB
MemFree:          125068 kB
Active:           373932 kB
Mem:          3.8G       3.7G       121M       5.7M        28M       3.2G

MemTotal:        4016004 kB
MemFree:          127436 kB
Active:           373924 kB
Mem:          3.8G       3.7G       123M       5.7M        28M       3.2G

MemTotal:        4016004 kB
MemFree:          105592 kB
Active:           373964 kB
Mem:          3.8G       3.7G       102M       5.7M        28M       3.3G

MemTotal:        4016004 kB
MemFree:          108912 kB
Active:           373980 kB
Mem:          3.8G       3.7G       106M       5.7M        28M       3.2G

MemTotal:        4016004 kB
MemFree:          117248 kB
Active:           373992 kB
Mem:          3.8G       3.7G       113M       5.7M        28M       3.2G

MemTotal:        4016004 kB
MemFree:          106860 kB
Active:           373944 kB
Mem:          3.8G       3.7G       103M       5.7M        28M       3.3G

MemTotal:        4016004 kB
MemFree:          126500 kB
Active:           374004 kB
Mem:          3.8G       3.7G       122M       5.7M        28M       3.2G

MemTotal:        4016004 kB
MemFree:          127280 kB
Active:           369544 kB
Mem:          3.8G       3.7G       123M       5.7M        28M       3.2G

MemTotal:        4016004 kB
MemFree:          119732 kB
Active:           369420 kB
Mem:          3.8G       3.7G       116M       5.7M        28M       3.2G

MemTotal:        4016004 kB
MemFree:          109700 kB
Active:           369316 kB
Mem:          3.8G       3.7G       106M       5.7M        28M       3.2G

MemTotal:        4016004 kB
MemFree:          121612 kB
Active:           369328 kB
Mem:          3.8G       3.7G       118M       5.7M        28M       3.2G

MemTotal:        4016004 kB
MemFree:          120696 kB
Active:           369356 kB
Mem:          3.8G       3.7G       116M       5.7M        28M       3.2G

MemTotal:        4016004 kB
MemFree:          111300 kB
Active:           369372 kB
Mem:          3.8G       3.7G       107M       5.7M        28M       3.2G

MemTotal:        4016004 kB
MemFree:          128756 kB
Active:           369368 kB
Mem:          3.8G       3.7G       125M       5.7M        28M       3.2G

MemTotal:        4016004 kB
MemFree:          124188 kB
Active:           369352 kB
Mem:          3.8G       3.7G       119M       5.7M        28M       3.2G

MemTotal:        4016004 kB
MemFree:          125984 kB
Active:           369348 kB
Mem:          3.8G       3.7G       121M       5.7M        28M       3.2G

MemTotal:        4016004 kB
MemFree:          128012 kB
Active:           369252 kB
Mem:          3.8G       3.7G       123M       5.7M        28M       3.2G

MemTotal:        4016004 kB
MemFree:          135256 kB
Active:           369252 kB
Mem:          3.8G       3.7G       130M       5.7M        28M       3.2G

MemTotal:        4016004 kB
MemFree:          125284 kB
Active:           369216 kB
Mem:          3.8G       3.7G       122M       5.7M        28M       3.2G

MemTotal:        4016004 kB
MemFree:          112412 kB
Active:           366680 kB
Mem:          3.8G       3.7G       108M       5.7M        28M       3.2G

MemTotal:        4016004 kB
MemFree:          126620 kB
Active:           366648 kB
Mem:          3.8G       3.7G       122M       5.7M        28M       3.2G

MemTotal:        4016004 kB
MemFree:          124712 kB
Active:           366636 kB
Mem:          3.8G       3.7G       120M       5.7M        28M       3.2G

MemTotal:        4016004 kB
MemFree:          118744 kB
Active:           366648 kB
Mem:          3.8G       3.7G       115M       5.7M        28M       3.2G

MemTotal:        4016004 kB
MemFree:          115656 kB
Active:           366692 kB
Mem:          3.8G       3.7G       112M       5.7M        28M       3.2G

MemTotal:        4016004 kB
MemFree:          113792 kB
Active:           366776 kB
Mem:          3.8G       3.7G       110M       5.7M        28M       3.2G

MemTotal:        4016004 kB
MemFree:          116084 kB
Active:           366728 kB
Mem:          3.8G       3.7G       112M       5.7M        28M       3.2G

MemTotal:        4016004 kB
MemFree:          115304 kB
Active:           367988 kB
Mem:          3.8G       3.7G       111M       5.7M        28M       3.2G

MemTotal:        4016004 kB
MemFree:          123376 kB
Active:           367988 kB
Mem:          3.8G       3.7G       119M       5.7M        28M       3.2G

MemTotal:        4016004 kB
MemFree:          112980 kB
Active:           367996 kB
Mem:          3.8G       3.7G       109M       5.7M        28M       3.2G

MemTotal:        4016004 kB
MemFree:          126764 kB
Active:           367872 kB
Mem:          3.8G       3.7G       123M       5.7M        28M       3.2G

MemTotal:        4016004 kB
MemFree:          127116 kB
Active:           367872 kB
Mem:          3.8G       3.7G       123M       5.7M        28M       3.2G

MemTotal:        4016004 kB
MemFree:          126980 kB
Active:           367876 kB
Mem:          3.8G       3.7G       124M       5.7M        28M       3.2G

MemTotal:        4016004 kB
MemFree:          127684 kB
Active:           364972 kB
Mem:          3.8G       3.7G       123M       5.7M        28M       3.2G

MemTotal:        4016004 kB
MemFree:          106436 kB
Active:           365032 kB
Mem:          3.8G       3.7G       102M       5.7M        28M       3.2G

MemTotal:        4016004 kB
MemFree:          131268 kB
Active:           365048 kB
Mem:          3.8G       3.7G       127M       5.7M        28M       3.2G

MemTotal:        4016004 kB
MemFree:          116816 kB
Active:           365048 kB
Mem:          3.8G       3.7G       113M       5.7M        28M       3.2G

MemTotal:        4016004 kB
MemFree:          107896 kB
Active:           365064 kB
Mem:          3.8G       3.7G       104M       5.7M        28M       3.2G

MemTotal:        4016004 kB
MemFree:          110792 kB
Active:           365060 kB
Mem:          3.8G       3.7G       107M       5.7M        28M       3.2G

MemTotal:        4016004 kB
MemFree:          123304 kB
Active:           365048 kB
Mem:          3.8G       3.7G       120M       5.7M        28M       3.2G

MemTotal:        4016004 kB
MemFree:          134852 kB
Active:           365084 kB
Mem:          3.8G       3.7G       130M       5.7M        28M       3.2G

MemTotal:        4016004 kB
MemFree:          125440 kB
Active:           365076 kB
Mem:          3.8G       3.7G       121M       5.7M        28M       3.2G

MemTotal:        4016004 kB
MemFree:          127840 kB
Active:           365048 kB
Mem:          3.8G       3.7G       123M       5.7M        28M       3.2G

MemTotal:        4016004 kB
MemFree:          124360 kB
Active:           365084 kB
Mem:          3.8G       3.7G       120M       5.7M        28M       3.2G

MemTotal:        4016004 kB
MemFree:          114488 kB
Active:           365092 kB
Mem:          3.8G       3.7G       110M       5.7M        28M       3.2G

MemTotal:        4016004 kB
MemFree:          111976 kB
Active:           362076 kB
Mem:          3.8G       3.7G       107M       5.7M        28M       3.2G

MemTotal:        4016004 kB
MemFree:          125412 kB
Active:           362076 kB
Mem:          3.8G       3.7G       121M       5.7M        28M       3.2G

MemTotal:        4016004 kB
MemFree:          107060 kB
Active:           361948 kB
Mem:          3.8G       3.7G       103M       5.7M        28M       3.2G

MemTotal:        4016004 kB
MemFree:          113244 kB
Active:           361960 kB
Mem:          3.8G       3.7G       110M       5.7M        28M       3.2G

MemTotal:        4016004 kB
MemFree:          112624 kB
Active:           361964 kB
Mem:          3.8G       3.7G       110M       5.7M        28M       3.2G

MemTotal:        4016004 kB
MemFree:          112720 kB
Active:           361976 kB
Mem:          3.8G       3.7G       109M       5.7M        28M       3.2G

MemTotal:        4016004 kB
MemFree:          112132 kB
Active:           361976 kB
Mem:          3.8G       3.7G       109M       5.7M        28M       3.2G

MemTotal:        4016004 kB
MemFree:          113916 kB
Active:           361980 kB
Mem:          3.8G       3.7G       110M       5.7M        28M       3.2G

MemTotal:        4016004 kB
MemFree:          127640 kB
Active:           361984 kB
Mem:          3.8G       3.7G       124M       5.7M        28M       3.2G

MemTotal:        4016004 kB
MemFree:          126464 kB
Active:           361984 kB
Mem:          3.8G       3.7G       131M       5.7M        28M       3.2G

MemTotal:        4016004 kB
MemFree:          126680 kB
Active:           361968 kB
Mem:          3.8G       3.7G       122M       5.7M        28M       3.2G

MemTotal:        4016004 kB
MemFree:          128072 kB
Active:           361972 kB
Mem:          3.8G       3.7G       123M       5.7M        28M       3.2G

MemTotal:        4016004 kB
MemFree:          126796 kB
Active:           363256 kB
Mem:          3.8G       3.7G       122M       5.7M        28M       3.2G

MemTotal:        4016004 kB
MemFree:          110316 kB
Active:           363256 kB
Mem:          3.8G       3.7G       106M       5.7M        28M       3.2G

MemTotal:        4016004 kB
MemFree:          117100 kB
Active:           363256 kB
Mem:          3.8G       3.7G       113M       5.7M        28M       3.2G

MemTotal:        4016004 kB
MemFree:          114072 kB
Active:           363136 kB
Mem:          3.8G       3.7G       110M       5.7M        28M       3.2G

MemTotal:        4016004 kB
MemFree:          107960 kB
Active:           359684 kB
Mem:          3.8G       3.7G       104M       5.7M        28M       3.2G

MemTotal:        4016004 kB
MemFree:          120808 kB
Active:           359712 kB
Mem:          3.8G       3.7G       117M       5.7M        28M       3.2G

MemTotal:        4016004 kB
MemFree:          117012 kB
Active:           359724 kB
Mem:          3.8G       3.7G       114M       5.7M        28M       3.2G

MemTotal:        4016004 kB
MemFree:          131008 kB
Active:           359736 kB
Mem:          3.8G       3.7G       126M       5.7M        28M       3.2G

MemTotal:        4016004 kB
MemFree:          107744 kB
Active:           359712 kB
Mem:          3.8G       3.7G       105M       5.7M        28M       3.2G

MemTotal:        4016004 kB
MemFree:          107780 kB
Active:           359720 kB
Mem:          3.8G       3.7G       105M       5.7M        28M       3.2G

MemTotal:        4016004 kB
MemFree:          125044 kB
Active:           359716 kB
Mem:          3.8G       3.7G       121M       5.7M        28M       3.2G

MemTotal:        4016004 kB
MemFree:          127064 kB
Active:           359616 kB
Mem:          3.8G       3.7G       122M       5.7M        28M       3.2G

MemTotal:        4016004 kB
MemFree:          110764 kB
Active:           359608 kB
Mem:          3.8G       3.7G       106M       5.7M        28M       3.2G

MemTotal:        4016004 kB
MemFree:          124376 kB
Active:           359584 kB
Mem:          3.8G       3.7G       131M       5.7M        28M       3.2G

MemTotal:        4016004 kB
MemFree:          127048 kB
Active:           359588 kB
Mem:          3.8G       3.7G       122M       5.7M        28M       3.2G

MemTotal:        4016004 kB
MemFree:          134748 kB
Active:           359596 kB
Mem:          3.8G       3.7G       130M       5.7M        28M       3.2G

MemTotal:        4016004 kB
MemFree:          124600 kB
Active:           359628 kB
Mem:          3.8G       3.7G       120M       5.7M        28M       3.2G

MemTotal:        4016004 kB
MemFree:          127916 kB
Active:           359608 kB
Mem:          3.8G       3.7G       124M       5.7M        28M       3.2G

MemTotal:        4016004 kB
MemFree:          127764 kB
Active:           359640 kB
Mem:          3.8G       3.7G       124M       5.7M        28M       3.2G

MemTotal:        4016004 kB
MemFree:          114456 kB
Active:           359648 kB
Mem:          3.8G       3.7G       111M       5.7M        28M       3.2G

MemTotal:        4016004 kB
MemFree:          127980 kB
Active:           359632 kB
Mem:          3.8G       3.7G       124M       5.7M        28M       3.2G

MemTotal:        4016004 kB
MemFree:          111504 kB
Active:           359648 kB
Mem:          3.8G       3.7G       107M       5.7M        28M       3.2G

MemTotal:        4016004 kB
MemFree:          125980 kB
Active:           359648 kB
Mem:          3.8G       3.7G       122M       5.7M        28M       3.2G

MemTotal:        4016004 kB
MemFree:          126740 kB
Active:           359492 kB
Mem:          3.8G       3.7G       123M       5.7M        28M       3.2G

MemTotal:        4016004 kB
MemFree:          129620 kB
Active:           359500 kB
Mem:          3.8G       3.7G       125M       5.7M        28M       3.2G

MemTotal:        4016004 kB
MemFree:          107204 kB
Active:           359520 kB
Mem:          3.8G       3.7G       103M       5.7M        28M       3.2G

MemTotal:        4016004 kB
MemFree:          132980 kB
Active:           359480 kB
Mem:          3.8G       3.7G       129M       5.7M        28M       3.2G

MemTotal:        4016004 kB
MemFree:          135616 kB
Active:           359488 kB
Mem:          3.8G       3.7G       132M       5.7M        28M       3.2G

MemTotal:        4016004 kB
MemFree:          114660 kB
Active:           359240 kB
Mem:          3.8G       3.7G       111M       5.7M        28M       3.2G

MemTotal:        4016004 kB
MemFree:          114320 kB
Active:           359248 kB
Mem:          3.8G       3.7G       111M       5.7M        28M       3.2G

MemTotal:        4016004 kB
MemFree:          114692 kB
Active:           359260 kB
Mem:          3.8G       3.7G       112M       5.7M        28M       3.2G

MemTotal:        4016004 kB
MemFree:          114320 kB
Active:           359260 kB
Mem:          3.8G       3.7G       111M       5.7M        28M       3.2G

MemTotal:        4016004 kB
MemFree:          114692 kB
Active:           359220 kB
Mem:          3.8G       3.7G       112M       5.7M        28M       3.2G

MemTotal:        4016004 kB
MemFree:          114000 kB
Active:           359260 kB
Mem:          3.8G       3.7G       111M       5.7M        28M       3.2G

MemTotal:        4016004 kB
MemFree:          114372 kB
Active:           359276 kB
Mem:          3.8G       3.7G       111M       5.7M        28M       3.2G

MemTotal:        4016004 kB
MemFree:          114280 kB
Active:           359280 kB
Mem:          3.8G       3.7G       111M       5.7M        28M       3.2G

MemTotal:        4016004 kB
MemFree:          113880 kB
Active:           359280 kB
Mem:          3.8G       3.7G       111M       5.7M        28M       3.2G

MemTotal:        4016004 kB
MemFree:          114008 kB
Active:           359280 kB
Mem:          3.8G       3.7G       111M       5.7M        28M       3.2G

MemTotal:        4016004 kB
MemFree:          114504 kB
Active:           359224 kB
Mem:          3.8G       3.7G       111M       5.7M        28M       3.2G

MemTotal:        4016004 kB
MemFree:          114132 kB
Active:           359292 kB
Mem:          3.8G       3.7G       111M       5.7M        28M       3.2G

MemTotal:        4016004 kB
MemFree:          114504 kB
Active:           359280 kB
Mem:          3.8G       3.7G       111M       5.7M        28M       3.2G

MemTotal:        4016004 kB
MemFree:          114504 kB
Active:           359288 kB
Mem:          3.8G       3.7G       111M       5.7M        28M       3.2G

MemTotal:        4016004 kB
MemFree:          114504 kB
Active:           359292 kB
Mem:          3.8G       3.7G       111M       5.7M        28M       3.2G

MemTotal:        4016004 kB
MemFree:          114504 kB
Active:           359292 kB
Mem:          3.8G       3.7G       111M       5.7M        28M       3.2G

MemTotal:        4016004 kB
MemFree:          114504 kB
Active:           359284 kB
Mem:          3.8G       3.7G       111M       5.7M        28M       3.2G

MemTotal:        4016004 kB
MemFree:          114380 kB
Active:           359292 kB
Mem:          3.8G       3.7G       111M       5.7M        28M       3.2G

MemTotal:        4016004 kB
MemFree:          114504 kB
Active:           359304 kB
Mem:          3.8G       3.7G       111M       5.7M        28M       3.2G

MemTotal:        4016004 kB
MemFree:          114256 kB
Active:           359252 kB
Mem:          3.8G       3.7G       111M       5.7M        28M       3.2G

MemTotal:        4016004 kB
MemFree:          114504 kB
Active:           359304 kB
Mem:          3.8G       3.7G       111M       5.7M        28M       3.2G

MemTotal:        4016004 kB
MemFree:          114380 kB
Active:           359288 kB
Mem:          3.8G       3.7G       111M       5.7M        28M       3.2G

MemTotal:        4016004 kB
MemFree:          114008 kB
Active:           359308 kB
Mem:          3.8G       3.7G       111M       5.7M        28M       3.2G

MemTotal:        4016004 kB
MemFree:          114380 kB
Active:           359260 kB
Mem:          3.8G       3.7G       111M       5.7M        28M       3.2G

MemTotal:        4016004 kB
MemFree:          114388 kB
Active:           359264 kB
Mem:          3.8G       3.7G       111M       5.7M        28M       3.2G

MemTotal:        4016004 kB
MemFree:          114388 kB
Active:           359284 kB
Mem:          3.8G       3.7G       111M       5.7M        28M       3.2G

MemTotal:        4016004 kB
MemFree:          114388 kB
Active:           359316 kB
Mem:          3.8G       3.7G       111M       5.7M        28M       3.2G

MemTotal:        4016004 kB
MemFree:          114388 kB
Active:           359284 kB
Mem:          3.8G       3.7G       111M       5.7M        28M       3.2G

MemTotal:        4016004 kB
MemFree:          114512 kB
Active:           359304 kB
Mem:          3.8G       3.7G       111M       5.7M        28M       3.2G

MemTotal:        4016004 kB
MemFree:          114016 kB
Active:           359324 kB
Mem:          3.8G       3.7G       111M       5.7M        28M       3.2G

MemTotal:        4016004 kB
MemFree:          114388 kB
Active:           359316 kB
Mem:          3.8G       3.7G       111M       5.7M        28M       3.2G

MemTotal:        4016004 kB
MemFree:          114388 kB
Active:           359316 kB
Mem:          3.8G       3.7G       111M       5.7M        28M       3.2G

MemTotal:        4016004 kB
MemFree:          114264 kB
Active:           359276 kB
Mem:          3.8G       3.7G       111M       5.7M        28M       3.2G

MemTotal:        4016004 kB
MemFree:          114388 kB
Active:           359284 kB
Mem:          3.8G       3.7G       111M       5.7M        28M       3.2G

MemTotal:        4016004 kB
MemFree:          114264 kB
Active:           359288 kB
Mem:          3.8G       3.7G       111M       5.7M        28M       3.2G

MemTotal:        4016004 kB
MemFree:          114388 kB
Active:           359268 kB
Mem:          3.8G       3.7G       111M       5.7M        28M       3.2G

MemTotal:        4016004 kB
MemFree:          114388 kB
Active:           359316 kB
Mem:          3.8G       3.7G       111M       5.7M        28M       3.2G

MemTotal:        4016004 kB
MemFree:          113892 kB
Active:           359344 kB
Mem:          3.8G       3.7G       111M       5.7M        28M       3.2G

MemTotal:        4016004 kB
MemFree:          114264 kB
Active:           359308 kB
Mem:          3.8G       3.7G       111M       5.7M        28M       3.2G

MemTotal:        4016004 kB
MemFree:          114264 kB
Active:           359296 kB
Mem:          3.8G       3.7G       111M       5.7M        28M       3.2G

MemTotal:        4016004 kB
MemFree:          114264 kB
Active:           359332 kB
Mem:          3.8G       3.7G       111M       5.7M        28M       3.2G

MemTotal:        4016004 kB
MemFree:          114264 kB
Active:           359336 kB
Mem:          3.8G       3.7G       111M       5.7M        28M       3.2G

MemTotal:        4016004 kB
MemFree:          114264 kB
Active:           359332 kB
Mem:          3.8G       3.7G       111M       5.7M        28M       3.2G

MemTotal:        4016004 kB
MemFree:          114264 kB
Active:           359352 kB
Mem:          3.8G       3.7G       111M       5.7M        28M       3.2G

MemTotal:        4016004 kB
MemFree:          114264 kB
Active:           359352 kB
Mem:          3.8G       3.7G       111M       5.7M        28M       3.2G

MemTotal:        4016004 kB
MemFree:          114388 kB
Active:           359312 kB
Mem:          3.8G       3.7G       111M       5.7M        28M       3.2G

MemTotal:        4016004 kB
MemFree:          114264 kB
Active:           359308 kB
Mem:          3.8G       3.7G       111M       5.7M        28M       3.2G

MemTotal:        4016004 kB
MemFree:          114264 kB
Active:           359348 kB
Mem:          3.8G       3.7G       111M       5.7M        28M       3.2G

MemTotal:        4016004 kB
MemFree:          114388 kB
Active:           359312 kB
Mem:          3.8G       3.7G       111M       5.7M        28M       3.2G

MemTotal:        4016004 kB
MemFree:          114264 kB
Active:           359336 kB
Mem:          3.8G       3.7G       111M       5.7M        28M       3.2G

MemTotal:        4016004 kB
MemFree:          114264 kB
Active:           359336 kB
Mem:          3.8G       3.7G       111M       5.7M        28M       3.2G

MemTotal:        4016004 kB
MemFree:          114140 kB
Active:           359348 kB
Mem:          3.8G       3.7G       111M       5.7M        28M       3.2G

MemTotal:        4016004 kB
MemFree:          113892 kB
Active:           359360 kB
Mem:          3.8G       3.7G       111M       5.7M        28M       3.2G

MemTotal:        4016004 kB
MemFree:          114388 kB
Active:           359320 kB
Mem:          3.8G       3.7G       111M       5.7M        28M       3.2G

MemTotal:        4016004 kB
MemFree:          114264 kB
Active:           359316 kB
Mem:          3.8G       3.7G       111M       5.7M        28M       3.2G

MemTotal:        4016004 kB
MemFree:          113892 kB
Active:           359360 kB
Mem:          3.8G       3.7G       111M       5.7M        28M       3.2G

MemTotal:        4016004 kB
MemFree:          114140 kB
Active:           359360 kB
Mem:          3.8G       3.7G       111M       5.7M        28M       3.2G

MemTotal:        4016004 kB
MemFree:          114264 kB
Active:           359356 kB
Mem:          3.8G       3.7G       111M       5.7M        28M       3.2G

MemTotal:        4016004 kB
MemFree:          114388 kB
Active:           359340 kB
Mem:          3.8G       3.7G       111M       5.7M        28M       3.2G

MemTotal:        4016004 kB
MemFree:          114264 kB
Active:           359340 kB
Mem:          3.8G       3.7G       111M       5.7M        28M       3.2G

MemTotal:        4016004 kB
MemFree:          114388 kB
Active:           359336 kB
Mem:          3.8G       3.7G       111M       5.7M        28M       3.2G

MemTotal:        4016004 kB
MemFree:          114388 kB
Active:           359328 kB
Mem:          3.8G       3.7G       111M       5.7M        28M       3.2G

MemTotal:        4016004 kB
MemFree:          114140 kB
Active:           359344 kB
Mem:          3.8G       3.7G       111M       5.7M        28M       3.2G

MemTotal:        4016004 kB
MemFree:          113892 kB
Active:           359392 kB
Mem:          3.8G       3.7G       111M       5.7M        28M       3.2G

MemTotal:        4016004 kB
MemFree:          113892 kB
Active:           359396 kB
Mem:          3.8G       3.7G       111M       5.7M        28M       3.2G

MemTotal:        4016004 kB
MemFree:          114140 kB
Active:           359392 kB
Mem:          3.8G       3.7G       111M       5.7M        28M       3.2G

MemTotal:        4016004 kB
MemFree:          114140 kB
Active:           359344 kB
Mem:          3.8G       3.7G       111M       5.7M        28M       3.2G

MemTotal:        4016004 kB
MemFree:          114140 kB
Active:           359368 kB
Mem:          3.8G       3.7G       111M       5.7M        28M       3.2G

MemTotal:        4016004 kB
MemFree:          114140 kB
Active:           359396 kB
Mem:          3.8G       3.7G       111M       5.7M        28M       3.2G

MemTotal:        4016004 kB
MemFree:          114264 kB
Active:           359376 kB
Mem:          3.8G       3.7G       111M       5.7M        28M       3.2G

MemTotal:        4016004 kB
MemFree:          113892 kB
Active:           359412 kB
Mem:          3.8G       3.7G       111M       5.7M        28M       3.2G

MemTotal:        4016004 kB
MemFree:          113768 kB
Active:           359412 kB
Mem:          3.8G       3.7G       111M       5.7M        28M       3.2G

MemTotal:        4016004 kB
MemFree:          114140 kB
Active:           359392 kB
Mem:          3.8G       3.7G       111M       5.7M        28M       3.2G

MemTotal:        4016004 kB
MemFree:          114140 kB
Active:           359380 kB
Mem:          3.8G       3.7G       111M       5.7M        28M       3.2G

MemTotal:        4016004 kB
MemFree:          113768 kB
Active:           359420 kB
Mem:          3.8G       3.7G       111M       5.7M        28M       3.2G

MemTotal:        4016004 kB
MemFree:          114140 kB
Active:           359420 kB
Mem:          3.8G       3.7G       111M       5.7M        28M       3.2G

MemTotal:        4016004 kB
MemFree:          114264 kB
Active:           359380 kB
Mem:          3.8G       3.7G       111M       5.7M        28M       3.2G

MemTotal:        4016004 kB
MemFree:          113768 kB
Active:           359420 kB
Mem:          3.8G       3.7G       111M       5.7M        28M       3.2G

MemTotal:        4016004 kB
MemFree:          114264 kB
Active:           359400 kB
Mem:          3.8G       3.7G       111M       5.7M        28M       3.2G

MemTotal:        4016004 kB
MemFree:          114016 kB
Active:           359392 kB
Mem:          3.8G       3.7G       111M       5.7M        28M       3.2G

MemTotal:        4016004 kB
MemFree:          114016 kB
Active:           359428 kB
Mem:          3.8G       3.7G       111M       5.7M        28M       3.2G

MemTotal:        4016004 kB
MemFree:          114140 kB
Active:           359396 kB
Mem:          3.8G       3.7G       111M       5.7M        28M       3.2G

MemTotal:        4016004 kB
MemFree:          113908 kB
Active:           359432 kB
Mem:          3.8G       3.7G       111M       5.7M        28M       3.2G

MemTotal:        4016004 kB
MemFree:          114156 kB
Active:           359432 kB
Mem:          3.8G       3.7G       110M       5.7M        28M       3.2G

MemTotal:        4016004 kB
MemFree:          113660 kB
Active:           359464 kB
Mem:          3.8G       3.7G       111M       5.7M        28M       3.2G

MemTotal:        4016004 kB
MemFree:          114032 kB
Active:           359456 kB
Mem:          3.8G       3.7G       111M       5.7M        28M       3.2G

MemTotal:        4016004 kB
MemFree:          113660 kB
Active:           359472 kB
Mem:          3.8G       3.7G       111M       5.7M        28M       3.2G

MemTotal:        4016004 kB
MemFree:          113768 kB
Active:           359520 kB
Mem:          3.8G       3.7G       111M       5.7M        28M       3.2G

MemTotal:        4016004 kB
MemFree:          114016 kB
Active:           359480 kB
Mem:          3.8G       3.7G       111M       5.7M        28M       3.2G

MemTotal:        4016004 kB
MemFree:          113396 kB
Active:           359520 kB
Mem:          3.8G       3.7G       111M       5.7M        28M       3.2G

MemTotal:        4016004 kB
MemFree:          113892 kB
Active:           359528 kB
Mem:          3.8G       3.7G       111M       5.7M        28M       3.2G

MemTotal:        4016004 kB
MemFree:          113892 kB
Active:           359476 kB
Mem:          3.8G       3.7G       111M       5.7M        28M       3.2G

MemTotal:        4016004 kB
MemFree:          114016 kB
Active:           359524 kB
Mem:          3.8G       3.7G       111M       5.7M        28M       3.2G

MemTotal:        4016004 kB
MemFree:          114016 kB
Active:           359508 kB
Mem:          3.8G       3.7G       111M       5.7M        28M       3.2G

MemTotal:        4016004 kB
MemFree:          113520 kB
Active:           359532 kB
Mem:          3.8G       3.7G       111M       5.7M        28M       3.2G

MemTotal:        4016004 kB
MemFree:          113892 kB
Active:           359476 kB
Mem:          3.8G       3.7G       111M       5.7M        28M       3.2G

MemTotal:        4016004 kB
MemFree:          113768 kB
Active:           359492 kB
Mem:          3.8G       3.7G       111M       5.7M        28M       3.2G

MemTotal:        4016004 kB
MemFree:          113892 kB
Active:           359480 kB
Mem:          3.8G       3.7G       111M       5.7M        28M       3.2G

MemTotal:        4016004 kB
MemFree:          113892 kB
Active:           359536 kB
Mem:          3.8G       3.7G       111M       5.7M        28M       3.2G

MemTotal:        4016004 kB
MemFree:          114016 kB
Active:           359520 kB
Mem:          3.8G       3.7G       110M       5.7M        28M       3.2G

MemTotal:        4016004 kB
MemFree:          113768 kB
Active:           359544 kB
Mem:          3.8G       3.7G       111M       5.7M        28M       3.2G

MemTotal:        4016004 kB
MemFree:          113768 kB
Active:           359536 kB
Mem:          3.8G       3.7G       111M       5.7M        28M       3.2G

MemTotal:        4016004 kB
MemFree:          113892 kB
Active:           359544 kB
Mem:          3.8G       3.7G       111M       5.7M        28M       3.2G

MemTotal:        4016004 kB
MemFree:          113536 kB
Active:           359536 kB
Mem:          3.8G       3.7G       111M       5.7M        28M       3.2G

MemTotal:        4016004 kB
MemFree:          113784 kB
Active:           359532 kB
Mem:          3.8G       3.7G       111M       5.7M        28M       3.2G

MemTotal:        4016004 kB
MemFree:          113908 kB
Active:           359524 kB
Mem:          3.8G       3.7G       111M       5.7M        28M       3.2G

MemTotal:        4016004 kB
MemFree:          113832 kB
Active:           359492 kB
Mem:          3.8G       3.7G       111M       5.7M        28M       3.2G

MemTotal:        4016004 kB
MemFree:          113956 kB
Active:           359500 kB
Mem:          3.8G       3.7G       111M       5.7M        28M       3.2G

MemTotal:        4016004 kB
MemFree:          113460 kB
Active:           359552 kB
Mem:          3.8G       3.7G       111M       5.7M        28M       3.2G

MemTotal:        4016004 kB
MemFree:          113956 kB
Active:           359500 kB
Mem:          3.8G       3.7G       111M       5.7M        28M       3.2G

MemTotal:        4016004 kB
MemFree:          113832 kB
Active:           359504 kB
Mem:          3.8G       3.7G       111M       5.7M        28M       3.2G

MemTotal:        4016004 kB
MemFree:          113956 kB
Active:           359512 kB
Mem:          3.8G       3.7G       111M       5.7M        28M       3.2G

MemTotal:        4016004 kB
MemFree:          113832 kB
Active:           359520 kB
Mem:          3.8G       3.7G       111M       5.7M        28M       3.2G

MemTotal:        4016004 kB
MemFree:          113832 kB
Active:           359556 kB
Mem:          3.8G       3.7G       111M       5.7M        28M       3.2G

MemTotal:        4016004 kB
MemFree:          113832 kB
Active:           359544 kB
Mem:          3.8G       3.7G       111M       5.7M        28M       3.2G

MemTotal:        4016004 kB
MemFree:          113956 kB
Active:           359560 kB
Mem:          3.8G       3.7G       111M       5.7M        28M       3.2G

MemTotal:        4016004 kB
MemFree:          113816 kB
Active:           359552 kB
Mem:          3.8G       3.7G       111M       5.7M        28M       3.2G

MemTotal:        4016004 kB
MemFree:          113940 kB
Active:           359548 kB
Mem:          3.8G       3.7G       110M       5.7M        28M       3.2G

MemTotal:        4016004 kB
MemFree:          114064 kB
Active:           359540 kB
Mem:          3.8G       3.7G       111M       5.7M        28M       3.2G

MemTotal:        4016004 kB
MemFree:          113940 kB
Active:           359564 kB
Mem:          3.8G       3.7G       111M       5.7M        28M       3.2G

MemTotal:        4016004 kB
MemFree:          114064 kB
Active:           359552 kB
Mem:          3.8G       3.7G       111M       5.7M        28M       3.2G

MemTotal:        4016004 kB
MemFree:          114064 kB
Active:           359532 kB
Mem:          3.8G       3.7G       111M       5.7M        28M       3.2G

MemTotal:        4016004 kB
MemFree:          114064 kB
Active:           359568 kB
Mem:          3.8G       3.7G       111M       5.7M        28M       3.2G

MemTotal:        4016004 kB
MemFree:          113940 kB
Active:           359540 kB
Mem:          3.8G       3.7G       111M       5.7M        28M       3.2G

MemTotal:        4016004 kB
MemFree:          113940 kB
Active:           359556 kB
Mem:          3.8G       3.7G       111M       5.7M        28M       3.2G

MemTotal:        4016004 kB
MemFree:          113940 kB
Active:           359576 kB
Mem:          3.8G       3.7G       111M       5.7M        28M       3.2G

MemTotal:        4016004 kB
MemFree:          113568 kB
Active:           359588 kB
Mem:          3.8G       3.7G       111M       5.7M        28M       3.2G

MemTotal:        4016004 kB
MemFree:          113816 kB
Active:           359556 kB
Mem:          3.8G       3.7G       111M       5.7M        28M       3.2G

MemTotal:        4016004 kB
MemFree:          113940 kB
Active:           359548 kB
Mem:          3.8G       3.7G       111M       5.7M        28M       3.2G

MemTotal:        4016004 kB
MemFree:          113816 kB
Active:           359544 kB
Mem:          3.8G       3.7G       111M       5.7M        28M       3.2G

MemTotal:        4016004 kB
MemFree:          113940 kB
Active:           359592 kB
Mem:          3.8G       3.7G       111M       5.7M        28M       3.2G

MemTotal:        4016004 kB
MemFree:          113940 kB
Active:           359576 kB
Mem:          3.8G       3.7G       111M       5.7M        28M       3.2G

MemTotal:        4016004 kB
MemFree:          113568 kB
Active:           359600 kB
Mem:          3.8G       3.7G       111M       5.7M        28M       3.2G

MemTotal:        4016004 kB
MemFree:          113568 kB
Active:           359600 kB
Mem:          3.8G       3.7G       111M       5.7M        28M       3.2G

MemTotal:        4016004 kB
MemFree:          113940 kB
Active:           359592 kB
Mem:          3.8G       3.7G       111M       5.7M        28M       3.2G

MemTotal:        4016004 kB
MemFree:          113940 kB
Active:           359584 kB
Mem:          3.8G       3.7G       111M       5.7M        28M       3.2G

MemTotal:        4016004 kB
MemFree:          113940 kB
Active:           359584 kB
Mem:          3.8G       3.7G       111M       5.7M        28M       3.2G

MemTotal:        4016004 kB
MemFree:          113444 kB
Active:           359604 kB
Mem:          3.8G       3.7G       111M       5.7M        28M       3.2G

MemTotal:        4016004 kB
MemFree:          113940 kB
Active:           359588 kB
Mem:          3.8G       3.7G       111M       5.7M        28M       3.2G

MemTotal:        4016004 kB
MemFree:          113816 kB
Active:           359584 kB
Mem:          3.8G       3.7G       111M       5.7M        28M       3.2G

MemTotal:        4016004 kB
MemFree:          113816 kB
Active:           359608 kB
Mem:          3.8G       3.7G       111M       5.7M        28M       3.2G

MemTotal:        4016004 kB
MemFree:          113816 kB
Active:           359596 kB
Mem:          3.8G       3.7G       111M       5.7M        28M       3.2G

MemTotal:        4016004 kB
MemFree:          113444 kB
Active:           359612 kB
Mem:          3.8G       3.7G       111M       5.7M        28M       3.2G

MemTotal:        4016004 kB
MemFree:          113816 kB
Active:           359592 kB
Mem:          3.8G       3.7G       111M       5.7M        28M       3.2G

MemTotal:        4016004 kB
MemFree:          113816 kB
Active:           359596 kB
Mem:          3.8G       3.7G       111M       5.7M        28M       3.2G

MemTotal:        4016004 kB
MemFree:          113816 kB
Active:           359576 kB
Mem:          3.8G       3.7G       111M       5.7M        28M       3.2G

MemTotal:        4016004 kB
MemFree:          113816 kB
Active:           359580 kB
Mem:          3.8G       3.7G       111M       5.7M        28M       3.2G

MemTotal:        4016004 kB
MemFree:          113940 kB
Active:           359576 kB
Mem:          3.8G       3.7G       111M       5.7M        28M       3.2G

MemTotal:        4016004 kB
MemFree:          113940 kB
Active:           359624 kB
Mem:          3.8G       3.7G       111M       5.7M        28M       3.2G

MemTotal:        4016004 kB
MemFree:          113816 kB
Active:           359624 kB
Mem:          3.8G       3.7G       111M       5.7M        28M       3.2G

MemTotal:        4016004 kB
MemFree:          113816 kB
Active:           359584 kB
Mem:          3.8G       3.7G       111M       5.7M        28M       3.2G

MemTotal:        4016004 kB
MemFree:          113816 kB
Active:           359608 kB
Mem:          3.8G       3.7G       111M       5.7M        28M       3.2G

MemTotal:        4016004 kB
MemFree:          113692 kB
Active:           359620 kB
Mem:          3.8G       3.7G       111M       5.7M        28M       3.2G

MemTotal:        4016004 kB
MemFree:          113568 kB
Active:           359628 kB
Mem:          3.8G       3.7G       111M       5.7M        28M       3.2G

MemTotal:        4016004 kB
MemFree:          113816 kB
Active:           359624 kB
Mem:          3.8G       3.7G       110M       5.7M        28M       3.2G

MemTotal:        4016004 kB
MemFree:          113816 kB
Active:           359612 kB
Mem:          3.8G       3.7G       111M       5.7M        28M       3.2G

MemTotal:        4016004 kB
MemFree:          113816 kB
Active:           359628 kB
Mem:          3.8G       3.7G       111M       5.7M        28M       3.2G

MemTotal:        4016004 kB
MemFree:          113692 kB
Active:           359624 kB
Mem:          3.8G       3.7G       111M       5.7M        28M       3.2G

MemTotal:        4016004 kB
MemFree:          113692 kB
Active:           359604 kB
Mem:          3.8G       3.7G       110M       5.7M        28M       3.2G

MemTotal:        4016004 kB
MemFree:          113940 kB
Active:           359628 kB
Mem:          3.8G       3.7G       110M       5.7M        28M       3.2G

MemTotal:        4016004 kB
MemFree:          113816 kB
Active:           359648 kB
Mem:          3.8G       3.7G       111M       5.7M        28M       3.2G

MemTotal:        4016004 kB
MemFree:          113692 kB
Active:           359616 kB
Mem:          3.8G       3.7G       111M       5.7M        28M       3.2G

MemTotal:        4016004 kB
MemFree:          113692 kB
Active:           359600 kB
Mem:          3.8G       3.7G       111M       5.7M        28M       3.2G

MemTotal:        4016004 kB
MemFree:          113692 kB
Active:           359656 kB
Mem:          3.8G       3.7G       111M       5.7M        28M       3.2G

MemTotal:        4016004 kB
MemFree:          113692 kB
Active:           359656 kB
Mem:          3.8G       3.7G       111M       5.7M        28M       3.2G

MemTotal:        4016004 kB
MemFree:          113692 kB
Active:           359600 kB
Mem:          3.8G       3.7G       111M       5.7M        28M       3.2G

MemTotal:        4016004 kB
MemFree:          113816 kB
Active:           359604 kB
Mem:          3.8G       3.7G       111M       5.7M        28M       3.2G

MemTotal:        4016004 kB
MemFree:          113692 kB
Active:           359624 kB
Mem:          3.8G       3.7G       111M       5.7M        28M       3.2G

MemTotal:        4016004 kB
MemFree:          113444 kB
Active:           359668 kB
Mem:          3.8G       3.7G       111M       5.7M        28M       3.2G

MemTotal:        4016004 kB
MemFree:          113692 kB
Active:           359620 kB
Mem:          3.8G       3.7G       111M       5.7M        28M       3.2G

MemTotal:        4016004 kB
MemFree:          113692 kB
Active:           359668 kB
Mem:          3.8G       3.7G       111M       5.7M        28M       3.2G

MemTotal:        4016004 kB
MemFree:          113692 kB
Active:           359656 kB
Mem:          3.8G       3.7G       111M       5.7M        28M       3.2G

MemTotal:        4016004 kB
MemFree:          113692 kB
Active:           359668 kB
Mem:          3.8G       3.7G       111M       5.7M        28M       3.2G

MemTotal:        4016004 kB
MemFree:          113692 kB
Active:           359664 kB
Mem:          3.8G       3.7G       111M       5.7M        28M       3.2G

MemTotal:        4016004 kB
MemFree:          113692 kB
Active:           359672 kB
Mem:          3.8G       3.7G       111M       5.7M        28M       3.2G

MemTotal:        4016004 kB
MemFree:          113816 kB
Active:           359672 kB
Mem:          3.8G       3.7G       111M       5.7M        28M       3.2G

MemTotal:        4016004 kB
MemFree:          113692 kB
Active:           359668 kB
Mem:          3.8G       3.7G       111M       5.7M        28M       3.2G

MemTotal:        4016004 kB
MemFree:          113692 kB
Active:           359648 kB
Mem:          3.8G       3.7G       111M       5.7M        28M       3.2G

MemTotal:        4016004 kB
MemFree:          113568 kB
Active:           359640 kB
Mem:          3.8G       3.7G       110M       5.7M        28M       3.2G

MemTotal:        4016004 kB
MemFree:          113568 kB
Active:           359684 kB
Mem:          3.8G       3.7G       110M       5.7M        28M       3.2G

MemTotal:        4016004 kB
MemFree:          113692 kB
Active:           359652 kB
Mem:          3.8G       3.7G       111M       5.7M        28M       3.2G

MemTotal:        4016004 kB
MemFree:          113692 kB
Active:           359684 kB
Mem:          3.8G       3.7G       111M       5.7M        28M       3.2G

MemTotal:        4016004 kB
MemFree:          113816 kB
Active:           359660 kB
Mem:          3.8G       3.7G       110M       5.7M        28M       3.2G

MemTotal:        4016004 kB
MemFree:          113444 kB
Active:           359692 kB
Mem:          3.8G       3.7G       111M       5.7M        28M       3.2G

MemTotal:        4016004 kB
MemFree:          113816 kB
Active:           359696 kB
Mem:          3.8G       3.7G       111M       5.7M        28M       3.2G

MemTotal:        4016004 kB
MemFree:          113816 kB
Active:           359680 kB
Mem:          3.8G       3.7G       111M       5.7M        28M       3.2G

MemTotal:        4016004 kB
MemFree:          113816 kB
Active:           359660 kB
Mem:          3.8G       3.7G       111M       5.7M        28M       3.2G

MemTotal:        4016004 kB
MemFree:          113816 kB
Active:           359656 kB
Mem:          3.8G       3.7G       111M       5.7M        28M       3.2G

MemTotal:        4016004 kB
MemFree:          113816 kB
Active:           359672 kB
Mem:          3.8G       3.7G       111M       5.7M        28M       3.2G

MemTotal:        4016004 kB
MemFree:          113816 kB
Active:           359672 kB
Mem:          3.8G       3.7G       110M       5.7M        28M       3.2G

MemTotal:        4016004 kB
MemFree:          113816 kB
Active:           359668 kB
Mem:          3.8G       3.7G       111M       5.7M        28M       3.2G

MemTotal:        4016004 kB
MemFree:          113816 kB
Active:           359684 kB
Mem:          3.8G       3.7G       111M       5.7M        28M       3.2G

MemTotal:        4016004 kB
MemFree:          113692 kB
Active:           359688 kB
Mem:          3.8G       3.7G       110M       5.7M        28M       3.2G

MemTotal:        4016004 kB
MemFree:          113692 kB
Active:           359692 kB
Mem:          3.8G       3.7G       111M       5.7M        28M       3.2G

MemTotal:        4016004 kB
MemFree:          113692 kB
Active:           359696 kB
Mem:          3.8G       3.7G       111M       5.7M        28M       3.2G

MemTotal:        4016004 kB
MemFree:          113816 kB
Active:           359712 kB
Mem:          3.8G       3.7G       111M       5.7M        28M       3.2G

MemTotal:        4016004 kB
MemFree:          113692 kB
Active:           359676 kB
Mem:          3.8G       3.7G       111M       5.7M        28M       3.2G

MemTotal:        4016004 kB
MemFree:          113692 kB
Active:           359668 kB
Mem:          3.8G       3.7G       110M       5.7M        28M       3.2G

MemTotal:        4016004 kB
MemFree:          113816 kB
Active:           359660 kB
Mem:          3.8G       3.7G       111M       5.7M        28M       3.2G

MemTotal:        4016004 kB
MemFree:          113692 kB
Active:           359676 kB
Mem:          3.8G       3.7G       111M       5.7M        28M       3.2G

MemTotal:        4016004 kB
MemFree:          113692 kB
Active:           359696 kB
Mem:          3.8G       3.7G       111M       5.7M        28M       3.2G

MemTotal:        4016004 kB
MemFree:          113692 kB
Active:           359684 kB
Mem:          3.8G       3.7G       111M       5.7M        28M       3.2G

MemTotal:        4016004 kB
MemFree:          113692 kB
Active:           359676 kB
Mem:          3.8G       3.7G       111M       5.7M        28M       3.2G

MemTotal:        4016004 kB
MemFree:          113692 kB
Active:           359712 kB
Mem:          3.8G       3.7G       111M       5.7M        28M       3.2G

MemTotal:        4016004 kB
MemFree:          113816 kB
Active:           359716 kB
Mem:          3.8G       3.7G       110M       5.7M        28M       3.2G

MemTotal:        4016004 kB
MemFree:          113388 kB
Active:           359304 kB
Mem:          3.8G       3.7G       110M       5.7M        28M       3.2G

MemTotal:        4016004 kB
MemFree:          113852 kB
Active:           359416 kB
Mem:          3.8G       3.7G       111M       5.7M        28M       3.2G

MemTotal:        4016004 kB
MemFree:          113356 kB
Active:           359420 kB
Mem:          3.8G       3.7G       110M       5.7M        28M       3.2G

MemTotal:        4016004 kB
MemFree:          113852 kB
Active:           359380 kB
Mem:          3.8G       3.7G       111M       5.7M        28M       3.2G

MemTotal:        4016004 kB
MemFree:          113984 kB
Active:           359380 kB
Mem:          3.8G       3.7G       111M       5.7M        28M       3.2G

MemTotal:        4016004 kB
MemFree:          113984 kB
Active:           359416 kB
Mem:          3.8G       3.7G       111M       5.7M        28M       3.2G

MemTotal:        4016004 kB
MemFree:          113488 kB
Active:           359436 kB
Mem:          3.8G       3.7G       111M       5.7M        28M       3.2G

MemTotal:        4016004 kB
MemFree:          113860 kB
Active:           359416 kB
Mem:          3.8G       3.7G       111M       5.7M        28M       3.2G

MemTotal:        4016004 kB
MemFree:          113860 kB
Active:           359392 kB
Mem:          3.8G       3.7G       111M       5.7M        28M       3.2G

MemTotal:        4016004 kB
MemFree:          114108 kB
Active:           359436 kB
Mem:          3.8G       3.7G       111M       5.7M        28M       3.2G

MemTotal:        4016004 kB
MemFree:          113488 kB
Active:           359444 kB
Mem:          3.8G       3.7G       110M       5.7M        28M       3.2G

MemTotal:        4016004 kB
MemFree:          113860 kB
Active:           359428 kB
Mem:          3.8G       3.7G       111M       5.7M        28M       3.2G

MemTotal:        4016004 kB
MemFree:          113736 kB
Active:           359400 kB
Mem:          3.8G       3.7G       111M       5.7M        28M       3.2G

MemTotal:        4016004 kB
MemFree:          113984 kB
Active:           359440 kB
Mem:          3.8G       3.7G       111M       5.7M        28M       3.2G

MemTotal:        4016004 kB
MemFree:          113488 kB
Active:           359456 kB
Mem:          3.8G       3.7G       111M       5.7M        28M       3.2G

MemTotal:        4016004 kB
MemFree:          113984 kB
Active:           359436 kB
Mem:          3.8G       3.7G       111M       5.7M        28M       3.2G

MemTotal:        4016004 kB
MemFree:          113984 kB
Active:           359404 kB
Mem:          3.8G       3.7G       111M       5.7M        28M       3.2G

MemTotal:        4016004 kB
MemFree:          113860 kB
Active:           359444 kB
Mem:          3.8G       3.7G       111M       5.7M        28M       3.2G

MemTotal:        4016004 kB
MemFree:          113736 kB
Active:           359444 kB
Mem:          3.8G       3.7G       111M       5.7M        28M       3.2G

MemTotal:        4016004 kB
MemFree:          113984 kB
Active:           359416 kB
Mem:          3.8G       3.7G       111M       5.7M        28M       3.2G

MemTotal:        4016004 kB
MemFree:          113736 kB
Active:           359448 kB
Mem:          3.8G       3.7G       111M       5.7M        28M       3.2G

MemTotal:        4016004 kB
MemFree:          113984 kB
Active:           359440 kB
Mem:          3.8G       3.7G       111M       5.7M        28M       3.2G

MemTotal:        4016004 kB
MemFree:          113860 kB
Active:           359416 kB
Mem:          3.8G       3.7G       111M       5.7M        28M       3.2G

MemTotal:        4016004 kB
MemFree:          113488 kB
Active:           359472 kB
Mem:          3.8G       3.7G       110M       5.7M        28M       3.2G

MemTotal:        4016004 kB
MemFree:          113860 kB
Active:           359416 kB
Mem:          3.8G       3.7G       110M       5.7M        28M       3.2G

MemTotal:        4016004 kB
MemFree:          113860 kB
Active:           359436 kB
Mem:          3.8G       3.7G       111M       5.7M        28M       3.2G

MemTotal:        4016004 kB
MemFree:          113736 kB
Active:           359440 kB
Mem:          3.8G       3.7G       111M       5.7M        28M       3.2G

MemTotal:        4016004 kB
MemFree:          113488 kB
Active:           359480 kB
Mem:          3.8G       3.7G       110M       5.7M        28M       3.2G

MemTotal:        4016004 kB
MemFree:          113860 kB
Active:           359448 kB
Mem:          3.8G       3.7G       110M       5.7M        28M       3.2G

MemTotal:        4016004 kB
MemFree:          113736 kB
Active:           359480 kB
Mem:          3.8G       3.7G       111M       5.7M        28M       3.2G

MemTotal:        4016004 kB
MemFree:          113364 kB
Active:           359488 kB
Mem:          3.8G       3.7G       110M       5.7M        28M       3.2G

MemTotal:        4016004 kB
MemFree:          113860 kB
Active:           359460 kB
