MemTotal:        4016004 kB
MemFree:         3236852 kB
Active:           421296 kB
Mem:          3.8G       760M       3.1G       5.7M        55M       318M

MemTotal:        4016004 kB
MemFree:         3237248 kB
Active:           421664 kB
Mem:          3.8G       760M       3.1G       5.7M        55M       318M

MemTotal:        4016004 kB
MemFree:         3237416 kB
Active:           421524 kB
Mem:          3.8G       760M       3.1G       5.7M        55M       318M

MemTotal:        4016004 kB
MemFree:         3237152 kB
Active:           421532 kB
Mem:          3.8G       760M       3.1G       5.7M        55M       318M

MemTotal:        4016004 kB
MemFree:         3237260 kB
Active:           421544 kB
Mem:          3.8G       760M       3.1G       5.7M        55M       318M

MemTotal:        4016004 kB
MemFree:         3237136 kB
Active:           421508 kB
Mem:          3.8G       760M       3.1G       5.7M        55M       318M

MemTotal:        4016004 kB
MemFree:         3235260 kB
Active:           421644 kB
Mem:          3.8G       762M       3.1G       5.7M        55M       318M

MemTotal:        4016004 kB
MemFree:         3235308 kB
Active:           423676 kB
Mem:          3.8G       762M       3.1G       5.7M        55M       318M

MemTotal:        4016004 kB
MemFree:         3234796 kB
Active:           423780 kB
Mem:          3.8G       762M       3.1G       5.7M        55M       318M

MemTotal:        4016004 kB
MemFree:         3235076 kB
Active:           423688 kB
Mem:          3.8G       762M       3.1G       5.7M        55M       318M

MemTotal:        4016004 kB
MemFree:         3235168 kB
Active:           423652 kB
Mem:          3.8G       762M       3.1G       5.7M        55M       318M

MemTotal:        4016004 kB
MemFree:         3235136 kB
Active:           423672 kB
Mem:          3.8G       762M       3.1G       5.7M        55M       318M

MemTotal:        4016004 kB
MemFree:         3234944 kB
Active:           423776 kB
Mem:          3.8G       762M       3.1G       5.7M        55M       318M

MemTotal:        4016004 kB
MemFree:         3235028 kB
Active:           423648 kB
Mem:          3.8G       762M       3.1G       5.7M        55M       318M

MemTotal:        4016004 kB
MemFree:         3235276 kB
Active:           423696 kB
Mem:          3.8G       762M       3.1G       5.7M        55M       318M

MemTotal:        4016004 kB
MemFree:         3235616 kB
Active:           423812 kB
Mem:          3.8G       761M       3.1G       5.7M        55M       318M

MemTotal:        4016004 kB
MemFree:         3235616 kB
Active:           421616 kB
Mem:          3.8G       762M       3.1G       5.7M        55M       318M

MemTotal:        4016004 kB
MemFree:         3235476 kB
Active:           421764 kB
Mem:          3.8G       762M       3.1G       5.7M        55M       318M

MemTotal:        4016004 kB
MemFree:         3235384 kB
Active:           423700 kB
Mem:          3.8G       762M       3.1G       5.7M        55M       318M

MemTotal:        4016004 kB
MemFree:         3235632 kB
Active:           423712 kB
Mem:          3.8G       762M       3.1G       5.7M        55M       318M

MemTotal:        4016004 kB
MemFree:         3235756 kB
Active:           423688 kB
Mem:          3.8G       761M       3.1G       5.7M        55M       318M

MemTotal:        4016004 kB
MemFree:         3236252 kB
Active:           423708 kB
Mem:          3.8G       761M       3.1G       5.7M        55M       318M

MemTotal:        4016004 kB
MemFree:         3236128 kB
Active:           423724 kB
Mem:          3.8G       761M       3.1G       5.7M        55M       318M

MemTotal:        4016004 kB
MemFree:         3236112 kB
Active:           423728 kB
Mem:          3.8G       761M       3.1G       5.7M        55M       318M

MemTotal:        4016004 kB
MemFree:         3236424 kB
Active:           423824 kB
Mem:          3.8G       761M       3.1G       5.7M        55M       318M

MemTotal:        4016004 kB
MemFree:         3236044 kB
Active:           423768 kB
Mem:          3.8G       761M       3.1G       5.7M        55M       318M

MemTotal:        4016004 kB
MemFree:         3236128 kB
Active:           423716 kB
Mem:          3.8G       761M       3.1G       5.7M        55M       318M

MemTotal:        4016004 kB
MemFree:         3236128 kB
Active:           423676 kB
Mem:          3.8G       761M       3.1G       5.7M        55M       318M

MemTotal:        4016004 kB
MemFree:         3235616 kB
Active:           423740 kB
Mem:          3.8G       761M       3.1G       5.7M        55M       318M

MemTotal:        4016004 kB
MemFree:         3235476 kB
Active:           423784 kB
Mem:          3.8G       762M       3.1G       5.7M        55M       318M

MemTotal:        4016004 kB
MemFree:         3235492 kB
Active:           423740 kB
Mem:          3.8G       762M       3.1G       5.7M        55M       318M

MemTotal:        4016004 kB
MemFree:         3235568 kB
Active:           423692 kB
Mem:          3.8G       762M       3.1G       5.7M        55M       318M

MemTotal:        4016004 kB
MemFree:         3235676 kB
Active:           423876 kB
Mem:          3.8G       761M       3.1G       5.7M        55M       318M

MemTotal:        4016004 kB
MemFree:         3235708 kB
Active:           423740 kB
Mem:          3.8G       761M       3.1G       5.7M        55M       318M

MemTotal:        4016004 kB
MemFree:         3236172 kB
Active:           423628 kB
Mem:          3.8G       761M       3.1G       5.7M        55M       318M

MemTotal:        4016004 kB
MemFree:         3236080 kB
Active:           423816 kB
Mem:          3.8G       761M       3.1G       5.7M        55M       318M

MemTotal:        4016004 kB
MemFree:         3232616 kB
Active:           423792 kB
Mem:          3.8G       764M       3.1G       5.7M        55M       318M

MemTotal:        4016004 kB
MemFree:         3233240 kB
Active:           425788 kB
Mem:          3.8G       764M       3.1G       5.7M        55M       318M

MemTotal:        4016004 kB
MemFree:         3232992 kB
Active:           425760 kB
Mem:          3.8G       764M       3.1G       5.7M        55M       318M

MemTotal:        4016004 kB
MemFree:         3233364 kB
Active:           425768 kB
Mem:          3.8G       764M       3.1G       5.7M        55M       318M

MemTotal:        4016004 kB
MemFree:         3233784 kB
Active:           425784 kB
Mem:          3.8G       763M       3.1G       5.7M        55M       318M

MemTotal:        4016004 kB
MemFree:         3233536 kB
Active:           425804 kB
Mem:          3.8G       763M       3.1G       5.7M        55M       318M

MemTotal:        4016004 kB
MemFree:         3233908 kB
Active:           425800 kB
Mem:          3.8G       763M       3.1G       5.7M        55M       318M

MemTotal:        4016004 kB
MemFree:         3233412 kB
Active:           425816 kB
Mem:          3.8G       763M       3.1G       5.7M        55M       318M

MemTotal:        4016004 kB
MemFree:         3233784 kB
Active:           425812 kB
Mem:          3.8G       763M       3.1G       5.7M        55M       318M

MemTotal:        4016004 kB
MemFree:         3234156 kB
Active:           425760 kB
Mem:          3.8G       763M       3.1G       5.7M        55M       318M

MemTotal:        4016004 kB
MemFree:         3231984 kB
Active:           425792 kB
Mem:          3.8G       765M       3.1G       5.7M        55M       318M

MemTotal:        4016004 kB
MemFree:         3231860 kB
Active:           427796 kB
Mem:          3.8G       765M       3.1G       5.7M        55M       318M

MemTotal:        4016004 kB
MemFree:         3231736 kB
Active:           427800 kB
Mem:          3.8G       766M       3.1G       5.7M        55M       318M

MemTotal:        4016004 kB
MemFree:         3231612 kB
Active:           427820 kB
Mem:          3.8G       766M       3.1G       5.7M        55M       318M

MemTotal:        4016004 kB
MemFree:         3231736 kB
Active:           427828 kB
Mem:          3.8G       766M       3.1G       5.7M        55M       318M

MemTotal:        4016004 kB
MemFree:         3231240 kB
Active:           427852 kB
Mem:          3.8G       766M       3.1G       5.7M        55M       318M

MemTotal:        4016004 kB
MemFree:         3231488 kB
Active:           427820 kB
Mem:          3.8G       766M       3.1G       5.7M        55M       318M

MemTotal:        4016004 kB
MemFree:         3231612 kB
Active:           427840 kB
Mem:          3.8G       766M       3.1G       5.7M        55M       318M

MemTotal:        4016004 kB
MemFree:         3231612 kB
Active:           427860 kB
Mem:          3.8G       766M       3.1G       5.7M        55M       318M

MemTotal:        4016004 kB
MemFree:         3231100 kB
Active:           427868 kB
Mem:          3.8G       766M       3.1G       5.7M        55M       318M

MemTotal:        4016004 kB
MemFree:         3231596 kB
Active:           427828 kB
Mem:          3.8G       766M       3.1G       5.7M        55M       318M

MemTotal:        4016004 kB
MemFree:         3231224 kB
Active:           427872 kB
Mem:          3.8G       766M       3.1G       5.7M        55M       318M

MemTotal:        4016004 kB
MemFree:         3231100 kB
Active:           427876 kB
Mem:          3.8G       766M       3.1G       5.7M        55M       318M

MemTotal:        4016004 kB
MemFree:         3231472 kB
Active:           427852 kB
Mem:          3.8G       766M       3.1G       5.7M        55M       318M

MemTotal:        4016004 kB
MemFree:         3231596 kB
Active:           427864 kB
Mem:          3.8G       765M       3.1G       5.7M        55M       318M

MemTotal:        4016004 kB
MemFree:         3231472 kB
Active:           427880 kB
Mem:          3.8G       766M       3.1G       5.7M        55M       318M

MemTotal:        4016004 kB
MemFree:         3231100 kB
Active:           427880 kB
Mem:          3.8G       766M       3.1G       5.7M        55M       318M

MemTotal:        4016004 kB
MemFree:         3231596 kB
Active:           427864 kB
Mem:          3.8G       766M       3.1G       5.7M        55M       318M

MemTotal:        4016004 kB
MemFree:         3231472 kB
Active:           427868 kB
Mem:          3.8G       766M       3.1G       5.7M        55M       318M

MemTotal:        4016004 kB
MemFree:         3231100 kB
Active:           427888 kB
Mem:          3.8G       766M       3.1G       5.7M        55M       318M

MemTotal:        4016004 kB
MemFree:         3230772 kB
Active:           425952 kB
Mem:          3.8G       766M       3.1G       5.7M        55M       318M

MemTotal:        4016004 kB
MemFree:         3230928 kB
Active:           425952 kB
Mem:          3.8G       766M       3.1G       5.7M        55M       318M

MemTotal:        4016004 kB
MemFree:         3231052 kB
Active:           427992 kB
Mem:          3.8G       766M       3.1G       5.7M        55M       318M

MemTotal:        4016004 kB
MemFree:         3231424 kB
Active:           428036 kB
Mem:          3.8G       766M       3.1G       5.7M        55M       318M

MemTotal:        4016004 kB
MemFree:         3231424 kB
Active:           427996 kB
Mem:          3.8G       766M       3.1G       5.7M        55M       318M

MemTotal:        4016004 kB
MemFree:         3230928 kB
Active:           428040 kB
Mem:          3.8G       766M       3.1G       5.7M        55M       318M

MemTotal:        4016004 kB
MemFree:         3231176 kB
Active:           428008 kB
Mem:          3.8G       766M       3.1G       5.7M        55M       318M

MemTotal:        4016004 kB
MemFree:         3230556 kB
Active:           428040 kB
Mem:          3.8G       766M       3.1G       5.7M        55M       318M

MemTotal:        4016004 kB
MemFree:         3231300 kB
Active:           427988 kB
Mem:          3.8G       766M       3.1G       5.7M        55M       318M

MemTotal:        4016004 kB
MemFree:         3231300 kB
Active:           427988 kB
Mem:          3.8G       766M       3.1G       5.7M        55M       318M

MemTotal:        4016004 kB
MemFree:         3231408 kB
Active:           428008 kB
Mem:          3.8G       765M       3.1G       5.7M        55M       318M

MemTotal:        4016004 kB
MemFree:         3231704 kB
Active:           428044 kB
Mem:          3.8G       766M       3.1G       5.7M        55M       318M

MemTotal:        4016004 kB
MemFree:         3231828 kB
Active:           428044 kB
Mem:          3.8G       766M       3.1G       5.7M        55M       318M

MemTotal:        4016004 kB
MemFree:         3231704 kB
Active:           428016 kB
Mem:          3.8G       765M       3.1G       5.7M        55M       318M

MemTotal:        4016004 kB
MemFree:         3231828 kB
Active:           428016 kB
Mem:          3.8G       765M       3.1G       5.7M        55M       318M

MemTotal:        4016004 kB
MemFree:         3231704 kB
Active:           428012 kB
Mem:          3.8G       765M       3.1G       5.7M        55M       318M

MemTotal:        4016004 kB
MemFree:         3231828 kB
Active:           428012 kB
Mem:          3.8G       765M       3.1G       5.7M        55M       318M

MemTotal:        4016004 kB
MemFree:         3231332 kB
Active:           428064 kB
Mem:          3.8G       765M       3.1G       5.7M        55M       318M

MemTotal:        4016004 kB
MemFree:         3231704 kB
Active:           428016 kB
Mem:          3.8G       766M       3.1G       5.7M        55M       318M

MemTotal:        4016004 kB
MemFree:         3231580 kB
Active:           428008 kB
Mem:          3.8G       766M       3.1G       5.7M        55M       318M

MemTotal:        4016004 kB
MemFree:         3231208 kB
Active:           428056 kB
Mem:          3.8G       766M       3.1G       5.7M        55M       318M

MemTotal:        4016004 kB
MemFree:         3230960 kB
Active:           428012 kB
Mem:          3.8G       766M       3.1G       5.7M        55M       318M

MemTotal:        4016004 kB
MemFree:         3231456 kB
Active:           428016 kB
Mem:          3.8G       766M       3.1G       5.7M        55M       318M

MemTotal:        4016004 kB
MemFree:         3231084 kB
Active:           428072 kB
Mem:          3.8G       766M       3.1G       5.7M        55M       318M

MemTotal:        4016004 kB
MemFree:         3231332 kB
Active:           428036 kB
Mem:          3.8G       766M       3.1G       5.7M        55M       318M

MemTotal:        4016004 kB
MemFree:         3231456 kB
Active:           428040 kB
Mem:          3.8G       766M       3.1G       5.7M        55M       318M

MemTotal:        4016004 kB
MemFree:         3231332 kB
Active:           428060 kB
Mem:          3.8G       766M       3.1G       5.7M        55M       318M

MemTotal:        4016004 kB
MemFree:         3230960 kB
Active:           428076 kB
Mem:          3.8G       766M       3.1G       5.7M        55M       318M

MemTotal:        4016004 kB
MemFree:         3231316 kB
Active:           428036 kB
Mem:          3.8G       766M       3.1G       5.7M        55M       318M

MemTotal:        4016004 kB
MemFree:         3231300 kB
Active:           428040 kB
Mem:          3.8G       766M       3.1G       5.7M        55M       318M

MemTotal:        4016004 kB
MemFree:         3231656 kB
Active:           428052 kB
Mem:          3.8G       766M       3.1G       5.7M        55M       318M

MemTotal:        4016004 kB
MemFree:         3231532 kB
Active:           428048 kB
Mem:          3.8G       766M       3.1G       5.7M        55M       318M

MemTotal:        4016004 kB
MemFree:         3231532 kB
Active:           428048 kB
Mem:          3.8G       766M       3.1G       5.7M        55M       318M

MemTotal:        4016004 kB
MemFree:         3231160 kB
Active:           428088 kB
Mem:          3.8G       766M       3.1G       5.7M        55M       318M

MemTotal:        4016004 kB
MemFree:         3231468 kB
Active:           428352 kB
Mem:          3.8G       766M       3.1G       5.7M        55M       318M

MemTotal:        4016004 kB
MemFree:         3187380 kB
Active:           429232 kB
Mem:          3.8G       809M       3.0G       5.7M        55M       360M

MemTotal:        4016004 kB
MemFree:         3142380 kB
Active:           429260 kB
Mem:          3.8G       853M       3.0G       5.7M        55M       403M

MemTotal:        4016004 kB
MemFree:         3095272 kB
Active:           429284 kB
Mem:          3.8G       899M       3.0G       5.7M        55M       447M

MemTotal:        4016004 kB
MemFree:         3051140 kB
Active:           429316 kB
Mem:          3.8G       942M       2.9G       5.7M        55M       490M

MemTotal:        4016004 kB
MemFree:         3005520 kB
Active:           429340 kB
Mem:          3.8G       987M       2.9G       5.7M        55M       534M

MemTotal:        4016004 kB
MemFree:         2961092 kB
Active:           429324 kB
Mem:          3.8G       1.0G       2.8G       5.7M        55M       577M

MemTotal:        4016004 kB
MemFree:         2914356 kB
Active:           429388 kB
Mem:          3.8G       1.1G       2.8G       5.7M        55M       622M

MemTotal:        4016004 kB
MemFree:         2869760 kB
Active:           429416 kB
Mem:          3.8G       1.1G       2.7G       5.7M        55M       664M

MemTotal:        4016004 kB
MemFree:         2823768 kB
Active:           429440 kB
Mem:          3.8G       1.1G       2.7G       5.7M        55M       708M

MemTotal:        4016004 kB
MemFree:         2777924 kB
Active:           429472 kB
Mem:          3.8G       1.2G       2.6G       5.7M        55M       753M

MemTotal:        4016004 kB
MemFree:         2732804 kB
Active:           429496 kB
Mem:          3.8G       1.2G       2.6G       5.7M        55M       796M

MemTotal:        4016004 kB
MemFree:         2712084 kB
Active:           429512 kB
Mem:          3.8G       1.2G       2.6G       5.7M        55M       816M

MemTotal:        4016004 kB
MemFree:         2668340 kB
Active:           429492 kB
Mem:          3.8G       1.3G       2.5G       5.7M        55M       859M

MemTotal:        4016004 kB
MemFree:         2621124 kB
Active:           429560 kB
Mem:          3.8G       1.3G       2.5G       5.7M        55M       903M

MemTotal:        4016004 kB
MemFree:         2576796 kB
Active:           429576 kB
Mem:          3.8G       1.4G       2.5G       5.7M        55M       946M

MemTotal:        4016004 kB
MemFree:         2532124 kB
Active:           429612 kB
Mem:          3.8G       1.4G       2.4G       5.7M        55M       989M

MemTotal:        4016004 kB
MemFree:         2519620 kB
Active:           429648 kB
Mem:          3.8G       1.4G       2.4G       5.7M        55M       1.0G

MemTotal:        4016004 kB
MemFree:         2473244 kB
Active:           429672 kB
Mem:          3.8G       1.5G       2.4G       5.7M        55M       1.0G

MemTotal:        4016004 kB
MemFree:         2427636 kB
Active:           429664 kB
Mem:          3.8G       1.5G       2.3G       5.7M        55M       1.1G

MemTotal:        4016004 kB
MemFree:         2382840 kB
Active:           429720 kB
Mem:          3.8G       1.6G       2.3G       5.7M        55M       1.1G

MemTotal:        4016004 kB
MemFree:         2336848 kB
Active:           429724 kB
Mem:          3.8G       1.6G       2.2G       5.7M        55M       1.2G

MemTotal:        4016004 kB
MemFree:         2292344 kB
Active:           429764 kB
Mem:          3.8G       1.6G       2.2G       5.7M        55M       1.2G

MemTotal:        4016004 kB
MemFree:         2246252 kB
Active:           429776 kB
Mem:          3.8G       1.7G       2.1G       5.7M        55M       1.2G

MemTotal:        4016004 kB
MemFree:         2201392 kB
Active:           429816 kB
Mem:          3.8G       1.7G       2.1G       5.7M        55M       1.3G

MemTotal:        4016004 kB
MemFree:         2155076 kB
Active:           429860 kB
Mem:          3.8G       1.8G       2.1G       5.7M        56M       1.3G

MemTotal:        4016004 kB
MemFree:         2109124 kB
Active:           429892 kB
Mem:          3.8G       1.8G       2.0G       5.7M        56M       1.4G

MemTotal:        4016004 kB
MemFree:         2064488 kB
Active:           429920 kB
Mem:          3.8G       1.9G       2.0G       5.7M        56M       1.4G

MemTotal:        4016004 kB
MemFree:         2018300 kB
Active:           429884 kB
Mem:          3.8G       1.9G       1.9G       5.7M        56M       1.4G

MemTotal:        4016004 kB
MemFree:         1974248 kB
Active:           429920 kB
Mem:          3.8G       1.9G       1.9G       5.7M        56M       1.5G

MemTotal:        4016004 kB
MemFree:         1928148 kB
Active:           429952 kB
Mem:          3.8G       2.0G       1.8G       5.7M        56M       1.5G

MemTotal:        4016004 kB
MemFree:         1882696 kB
Active:           430016 kB
Mem:          3.8G       2.0G       1.8G       5.7M        56M       1.6G

MemTotal:        4016004 kB
MemFree:         1860504 kB
Active:           430040 kB
Mem:          3.8G       2.1G       1.8G       5.7M        56M       1.6G

MemTotal:        4016004 kB
MemFree:         1815392 kB
Active:           430020 kB
Mem:          3.8G       2.1G       1.7G       5.7M        56M       1.6G

MemTotal:        4016004 kB
MemFree:         1769080 kB
Active:           430068 kB
Mem:          3.8G       2.1G       1.7G       5.7M        56M       1.7G

MemTotal:        4016004 kB
MemFree:         1724440 kB
Active:           430116 kB
Mem:          3.8G       2.2G       1.6G       5.7M        56M       1.7G

MemTotal:        4016004 kB
MemFree:         1678292 kB
Active:           430176 kB
Mem:          3.8G       2.2G       1.6G       5.7M        56M       1.8G

MemTotal:        4016004 kB
MemFree:         1632032 kB
Active:           430200 kB
Mem:          3.8G       2.3G       1.6G       5.7M        56M       1.8G

MemTotal:        4016004 kB
MemFree:         1587156 kB
Active:           430228 kB
Mem:          3.8G       2.3G       1.5G       5.7M        56M       1.9G

MemTotal:        4016004 kB
MemFree:         1540932 kB
Active:           430252 kB
Mem:          3.8G       2.4G       1.5G       5.7M        56M       1.9G

MemTotal:        4016004 kB
MemFree:         1494692 kB
Active:           430268 kB
Mem:          3.8G       2.4G       1.4G       5.7M        56M       1.9G

MemTotal:        4016004 kB
MemFree:         1450088 kB
Active:           430292 kB
Mem:          3.8G       2.4G       1.4G       5.7M        56M       2.0G

MemTotal:        4016004 kB
MemFree:         1405864 kB
Active:           430328 kB
Mem:          3.8G       2.5G       1.3G       5.7M        56M       2.0G

MemTotal:        4016004 kB
MemFree:         1359188 kB
Active:           430356 kB
Mem:          3.8G       2.5G       1.3G       5.7M        56M       2.1G

MemTotal:        4016004 kB
MemFree:         1312892 kB
Active:           430376 kB
Mem:          3.8G       2.6G       1.3G       5.7M        56M       2.1G

MemTotal:        4016004 kB
MemFree:         1268004 kB
Active:           430404 kB
Mem:          3.8G       2.6G       1.2G       5.7M        56M       2.2G

MemTotal:        4016004 kB
MemFree:         1222444 kB
Active:           430524 kB
Mem:          3.8G       2.7G       1.2G       5.7M        56M       2.2G

MemTotal:        4016004 kB
MemFree:         1176020 kB
Active:           430548 kB
Mem:          3.8G       2.7G       1.1G       5.7M        56M       2.2G

MemTotal:        4016004 kB
MemFree:         1131300 kB
Active:           430568 kB
Mem:          3.8G       2.8G       1.1G       5.7M        56M       2.3G

MemTotal:        4016004 kB
MemFree:         1085356 kB
Active:           430620 kB
Mem:          3.8G       2.8G       1.0G       5.7M        56M       2.3G

MemTotal:        4016004 kB
MemFree:         1040148 kB
Active:           430648 kB
Mem:          3.8G       2.8G       1.0G       5.7M        56M       2.4G

MemTotal:        4016004 kB
MemFree:          993784 kB
Active:           430696 kB
Mem:          3.8G       2.9G       970M       5.7M        56M       2.4G

MemTotal:        4016004 kB
MemFree:          947188 kB
Active:           430732 kB
Mem:          3.8G       2.9G       924M       5.7M        56M       2.5G

MemTotal:        4016004 kB
MemFree:          901200 kB
Active:           430756 kB
Mem:          3.8G       3.0G       880M       5.7M        56M       2.5G

MemTotal:        4016004 kB
MemFree:          857036 kB
Active:           430776 kB
Mem:          3.8G       3.0G       836M       5.7M        56M       2.5G

MemTotal:        4016004 kB
MemFree:          810936 kB
Active:           430800 kB
Mem:          3.8G       3.1G       791M       5.7M        56M       2.6G

MemTotal:        4016004 kB
MemFree:          765120 kB
Active:           430896 kB
Mem:          3.8G       3.1G       746M       5.7M        56M       2.6G

MemTotal:        4016004 kB
MemFree:          720756 kB
Active:           430904 kB
Mem:          3.8G       3.1G       703M       5.7M        56M       2.7G

MemTotal:        4016004 kB
MemFree:          673912 kB
Active:           430956 kB
Mem:          3.8G       3.2G       658M       5.7M        56M       2.7G

MemTotal:        4016004 kB
MemFree:          630440 kB
Active:           430984 kB
Mem:          3.8G       3.2G       615M       5.7M        56M       2.8G

MemTotal:        4016004 kB
MemFree:          584816 kB
Active:           431012 kB
Mem:          3.8G       3.3G       570M       5.7M        56M       2.8G

MemTotal:        4016004 kB
MemFree:          538008 kB
Active:           431036 kB
Mem:          3.8G       3.3G       524M       5.7M        56M       2.8G

MemTotal:        4016004 kB
MemFree:          491784 kB
Active:           431056 kB
Mem:          3.8G       3.4G       480M       5.7M        56M       2.9G

MemTotal:        4016004 kB
MemFree:          448476 kB
Active:           431088 kB
Mem:          3.8G       3.4G       437M       5.7M        56M       2.9G

MemTotal:        4016004 kB
MemFree:          401572 kB
Active:           431124 kB
Mem:          3.8G       3.4G       392M       5.7M        56M       3.0G

MemTotal:        4016004 kB
MemFree:          355492 kB
Active:           431144 kB
Mem:          3.8G       3.5G       347M       5.7M        56M       3.0G

MemTotal:        4016004 kB
MemFree:          309184 kB
Active:           433128 kB
Mem:          3.8G       3.5G       301M       5.7M        56M       3.1G

MemTotal:        4016004 kB
MemFree:          263144 kB
Active:           433152 kB
Mem:          3.8G       3.6G       256M       5.7M        57M       3.1G

MemTotal:        4016004 kB
MemFree:          219024 kB
Active:           433164 kB
Mem:          3.8G       3.6G       213M       5.7M        57M       3.1G

MemTotal:        4016004 kB
MemFree:          172924 kB
Active:           433200 kB
Mem:          3.8G       3.7G       168M       5.7M        57M       3.2G

MemTotal:        4016004 kB
MemFree:          127924 kB
Active:           433224 kB
Mem:          3.8G       3.7G       124M       5.7M        57M       3.2G

MemTotal:        4016004 kB
MemFree:          138988 kB
Active:           441200 kB
Mem:          3.8G       3.7G       134M       5.7M        22M       3.2G

MemTotal:        4016004 kB
MemFree:          110648 kB
Active:           441304 kB
Mem:          3.8G       3.7G       107M       5.7M        22M       3.3G

MemTotal:        4016004 kB
MemFree:          131296 kB
Active:           450944 kB
Mem:          3.8G       3.7G       146M       5.7M        22M       3.2G

MemTotal:        4016004 kB
MemFree:          137464 kB
Active:           492692 kB
Mem:          3.8G       3.7G       133M       5.7M        22M       3.2G

MemTotal:        4016004 kB
MemFree:          128752 kB
Active:           485976 kB
Mem:          3.8G       3.7G       125M       5.7M        22M       3.3G

MemTotal:        4016004 kB
MemFree:          128060 kB
Active:           478680 kB
Mem:          3.8G       3.7G       124M       5.7M        22M       3.3G

MemTotal:        4016004 kB
MemFree:          119960 kB
Active:           473184 kB
Mem:          3.8G       3.7G       116M       5.7M        22M       3.3G

MemTotal:        4016004 kB
MemFree:          114240 kB
Active:           473204 kB
Mem:          3.8G       3.7G       111M       5.7M        22M       3.3G

MemTotal:        4016004 kB
MemFree:          114284 kB
Active:           473020 kB
Mem:          3.8G       3.7G       111M       5.7M        22M       3.3G

MemTotal:        4016004 kB
MemFree:          112028 kB
Active:           473168 kB
Mem:          3.8G       3.7G       109M       5.7M        22M       3.3G

MemTotal:        4016004 kB
MemFree:          119856 kB
Active:           466128 kB
Mem:          3.8G       3.7G       116M       5.7M        22M       3.3G

MemTotal:        4016004 kB
MemFree:          129032 kB
Active:           459996 kB
Mem:          3.8G       3.7G       125M       5.7M        22M       3.3G

MemTotal:        4016004 kB
MemFree:          117952 kB
Active:           455948 kB
Mem:          3.8G       3.7G       114M       5.7M        22M       3.3G

MemTotal:        4016004 kB
MemFree:          109024 kB
Active:           452492 kB
Mem:          3.8G       3.7G       106M       5.7M        22M       3.3G

MemTotal:        4016004 kB
MemFree:          130648 kB
Active:           445984 kB
Mem:          3.8G       3.7G       127M       5.7M        22M       3.3G

MemTotal:        4016004 kB
MemFree:          109696 kB
Active:           443944 kB
Mem:          3.8G       3.7G       106M       5.7M        22M       3.3G

MemTotal:        4016004 kB
MemFree:          126352 kB
Active:           440004 kB
Mem:          3.8G       3.7G       122M       5.7M        22M       3.3G

MemTotal:        4016004 kB
MemFree:          128488 kB
Active:           437892 kB
Mem:          3.8G       3.7G       125M       5.7M        22M       3.3G

MemTotal:        4016004 kB
MemFree:          118008 kB
Active:           436612 kB
Mem:          3.8G       3.7G       114M       5.7M        22M       3.3G

MemTotal:        4016004 kB
MemFree:          108164 kB
Active:           435504 kB
Mem:          3.8G       3.7G       105M       5.7M        22M       3.3G

MemTotal:        4016004 kB
MemFree:          119016 kB
Active:           433740 kB
Mem:          3.8G       3.7G       115M       5.7M        22M       3.3G

MemTotal:        4016004 kB
MemFree:          109364 kB
Active:           432316 kB
Mem:          3.8G       3.7G       106M       5.7M        22M       3.3G

MemTotal:        4016004 kB
MemFree:          136668 kB
Active:           430052 kB
Mem:          3.8G       3.7G       132M       5.7M        22M       3.2G

MemTotal:        4016004 kB
MemFree:          132260 kB
Active:           428456 kB
Mem:          3.8G       3.7G       128M       5.7M        22M       3.3G

MemTotal:        4016004 kB
MemFree:          141512 kB
Active:           428340 kB
Mem:          3.8G       3.7G       137M       5.7M        22M       3.2G

MemTotal:        4016004 kB
MemFree:          131848 kB
Active:           425044 kB
Mem:          3.8G       3.7G       128M       5.7M        22M       3.2G

MemTotal:        4016004 kB
MemFree:          123100 kB
Active:           424084 kB
Mem:          3.8G       3.7G       120M       5.7M        22M       3.3G

MemTotal:        4016004 kB
MemFree:          114356 kB
Active:           422932 kB
Mem:          3.8G       3.7G       111M       5.7M        22M       3.3G

MemTotal:        4016004 kB
MemFree:          106424 kB
Active:           421832 kB
Mem:          3.8G       3.7G       103M       5.7M        22M       3.3G

MemTotal:        4016004 kB
MemFree:          110148 kB
Active:           419560 kB
Mem:          3.8G       3.7G       107M       5.7M        22M       3.3G

MemTotal:        4016004 kB
MemFree:          126544 kB
Active:           417788 kB
Mem:          3.8G       3.7G       123M       5.7M        22M       3.3G

MemTotal:        4016004 kB
MemFree:          124680 kB
Active:           416160 kB
Mem:          3.8G       3.7G       121M       5.7M        22M       3.3G

MemTotal:        4016004 kB
MemFree:          147280 kB
Active:           413744 kB
Mem:          3.8G       3.7G       143M       5.7M        22M       3.2G

MemTotal:        4016004 kB
MemFree:          126192 kB
Active:           413252 kB
Mem:          3.8G       3.7G       122M       5.7M        22M       3.3G

MemTotal:        4016004 kB
MemFree:          112672 kB
Active:           412388 kB
Mem:          3.8G       3.7G       109M       5.7M        22M       3.3G

MemTotal:        4016004 kB
MemFree:          128104 kB
Active:           410372 kB
Mem:          3.8G       3.7G       124M       5.7M        22M       3.3G

MemTotal:        4016004 kB
MemFree:          119292 kB
Active:           409344 kB
Mem:          3.8G       3.7G       116M       5.7M        22M       3.3G

MemTotal:        4016004 kB
MemFree:          127104 kB
Active:           405596 kB
Mem:          3.8G       3.7G       123M       5.7M        22M       3.3G

MemTotal:        4016004 kB
MemFree:          123480 kB
Active:           404100 kB
Mem:          3.8G       3.7G       120M       5.7M        22M       3.3G

MemTotal:        4016004 kB
MemFree:          107252 kB
Active:           403096 kB
Mem:          3.8G       3.7G       104M       5.7M        22M       3.3G

MemTotal:        4016004 kB
MemFree:          132468 kB
Active:           400668 kB
Mem:          3.8G       3.7G       129M       5.7M        22M       3.2G

MemTotal:        4016004 kB
MemFree:          122800 kB
Active:           397684 kB
Mem:          3.8G       3.7G       119M       5.7M        22M       3.3G

MemTotal:        4016004 kB
MemFree:          124416 kB
Active:           395788 kB
Mem:          3.8G       3.7G       121M       5.7M        22M       3.3G

MemTotal:        4016004 kB
MemFree:          134880 kB
Active:           393836 kB
Mem:          3.8G       3.7G       131M       5.7M        22M       3.2G

MemTotal:        4016004 kB
MemFree:          114512 kB
Active:           393428 kB
Mem:          3.8G       3.7G       111M       5.7M        22M       3.3G

MemTotal:        4016004 kB
MemFree:          105008 kB
Active:           390136 kB
Mem:          3.8G       3.7G       107M       5.7M        23M       3.3G

MemTotal:        4016004 kB
MemFree:          112348 kB
Active:           388516 kB
Mem:          3.8G       3.7G       109M       5.7M        23M       3.3G

MemTotal:        4016004 kB
MemFree:          119676 kB
Active:           386872 kB
Mem:          3.8G       3.7G       116M       5.7M        23M       3.3G

MemTotal:        4016004 kB
MemFree:          116604 kB
Active:           385368 kB
Mem:          3.8G       3.7G       113M       5.7M        23M       3.3G

MemTotal:        4016004 kB
MemFree:          119172 kB
Active:           383604 kB
Mem:          3.8G       3.7G       115M       5.7M        23M       3.3G

MemTotal:        4016004 kB
MemFree:          110156 kB
Active:           382480 kB
Mem:          3.8G       3.7G       107M       5.7M        23M       3.3G

MemTotal:        4016004 kB
MemFree:          125172 kB
Active:           380840 kB
Mem:          3.8G       3.7G       121M       5.7M        23M       3.3G

MemTotal:        4016004 kB
MemFree:          123072 kB
Active:           379084 kB
Mem:          3.8G       3.7G       119M       5.7M        23M       3.3G

MemTotal:        4016004 kB
MemFree:          105688 kB
Active:           378080 kB
Mem:          3.8G       3.7G       102M       5.7M        23M       3.3G

MemTotal:        4016004 kB
MemFree:          117820 kB
Active:           376444 kB
Mem:          3.8G       3.7G       114M       5.7M        23M       3.3G

MemTotal:        4016004 kB
MemFree:          124800 kB
Active:           372788 kB
Mem:          3.8G       3.7G       121M       5.7M        23M       3.3G

MemTotal:        4016004 kB
MemFree:          123140 kB
Active:           372796 kB
Mem:          3.8G       3.7G       119M       5.7M        23M       3.3G

MemTotal:        4016004 kB
MemFree:          125900 kB
Active:           372836 kB
Mem:          3.8G       3.7G       122M       5.7M        23M       3.3G

MemTotal:        4016004 kB
MemFree:          123192 kB
Active:           372856 kB
Mem:          3.8G       3.7G       120M       5.7M        23M       3.3G

MemTotal:        4016004 kB
MemFree:          126424 kB
Active:           372888 kB
Mem:          3.8G       3.7G       123M       5.7M        23M       3.3G

MemTotal:        4016004 kB
MemFree:          125224 kB
Active:           372924 kB
Mem:          3.8G       3.7G       121M       5.7M        23M       3.3G

MemTotal:        4016004 kB
MemFree:          127316 kB
Active:           372948 kB
Mem:          3.8G       3.7G       124M       5.7M        23M       3.3G

MemTotal:        4016004 kB
MemFree:          124184 kB
Active:           372968 kB
Mem:          3.8G       3.7G       120M       5.7M        23M       3.3G

MemTotal:        4016004 kB
MemFree:          127652 kB
Active:           372992 kB
Mem:          3.8G       3.7G       124M       5.7M        23M       3.2G

MemTotal:        4016004 kB
MemFree:          125292 kB
Active:           373024 kB
Mem:          3.8G       3.7G       121M       5.7M        23M       3.3G

MemTotal:        4016004 kB
MemFree:          126884 kB
Active:           373056 kB
Mem:          3.8G       3.7G       123M       5.7M        23M       3.3G

MemTotal:        4016004 kB
MemFree:          125172 kB
Active:           370164 kB
Mem:          3.8G       3.7G       121M       5.7M        23M       3.3G

MemTotal:        4016004 kB
MemFree:          105132 kB
Active:           370052 kB
Mem:          3.8G       3.7G       102M       5.7M        23M       3.3G

MemTotal:        4016004 kB
MemFree:          127824 kB
Active:           370072 kB
Mem:          3.8G       3.7G       123M       5.7M        23M       3.3G

MemTotal:        4016004 kB
MemFree:          106908 kB
Active:           370100 kB
Mem:          3.8G       3.7G       104M       5.7M        23M       3.3G

MemTotal:        4016004 kB
MemFree:          133116 kB
Active:           370128 kB
Mem:          3.8G       3.7G       129M       5.7M        23M       3.2G

MemTotal:        4016004 kB
MemFree:          119668 kB
Active:           370148 kB
Mem:          3.8G       3.7G       116M       5.7M        23M       3.3G

MemTotal:        4016004 kB
MemFree:          109652 kB
Active:           370168 kB
Mem:          3.8G       3.7G       106M       5.7M        23M       3.3G

MemTotal:        4016004 kB
MemFree:          137536 kB
Active:           370196 kB
Mem:          3.8G       3.7G       133M       5.7M        23M       3.2G

MemTotal:        4016004 kB
MemFree:          136808 kB
Active:           370096 kB
Mem:          3.8G       3.7G       133M       5.7M        23M       3.2G

MemTotal:        4016004 kB
MemFree:          136628 kB
Active:           370132 kB
Mem:          3.8G       3.7G       133M       5.7M        23M       3.2G

MemTotal:        4016004 kB
MemFree:          129364 kB
Active:           370080 kB
Mem:          3.8G       3.7G       125M       5.7M        23M       3.2G

MemTotal:        4016004 kB
MemFree:          119924 kB
Active:           370112 kB
Mem:          3.8G       3.7G       116M       5.7M        23M       3.3G

MemTotal:        4016004 kB
MemFree:          138892 kB
Active:           370188 kB
Mem:          3.8G       3.7G       135M       5.7M        23M       3.2G

MemTotal:        4016004 kB
MemFree:          125096 kB
Active:           370204 kB
Mem:          3.8G       3.7G       122M       5.7M        23M       3.3G

MemTotal:        4016004 kB
MemFree:          127944 kB
Active:           370236 kB
Mem:          3.8G       3.7G       124M       5.7M        23M       3.2G

MemTotal:        4016004 kB
MemFree:          129984 kB
Active:           370260 kB
Mem:          3.8G       3.7G       126M       5.7M        23M       3.2G

MemTotal:        4016004 kB
MemFree:          125960 kB
Active:           370284 kB
Mem:          3.8G       3.7G       122M       5.7M        23M       3.3G

MemTotal:        4016004 kB
MemFree:          107824 kB
Active:           370236 kB
Mem:          3.8G       3.7G       105M       5.7M        23M       3.3G

MemTotal:        4016004 kB
MemFree:          128432 kB
Active:           371408 kB
Mem:          3.8G       3.7G       125M       5.7M        23M       3.2G

MemTotal:        4016004 kB
MemFree:          120292 kB
Active:           371360 kB
Mem:          3.8G       3.7G       116M       5.7M        23M       3.3G

MemTotal:        4016004 kB
MemFree:          123028 kB
Active:           371396 kB
Mem:          3.8G       3.7G       119M       5.7M        23M       3.3G

MemTotal:        4016004 kB
MemFree:          113856 kB
Active:           371300 kB
Mem:          3.8G       3.7G       110M       5.7M        23M       3.3G

MemTotal:        4016004 kB
MemFree:          128580 kB
Active:           371244 kB
Mem:          3.8G       3.7G       125M       5.7M        23M       3.2G

MemTotal:        4016004 kB
MemFree:          114656 kB
Active:           370508 kB
Mem:          3.8G       3.7G       111M       5.7M        23M       3.3G

MemTotal:        4016004 kB
MemFree:          104888 kB
Active:           370424 kB
Mem:          3.8G       3.7G       106M       5.7M        23M       3.3G

MemTotal:        4016004 kB
MemFree:          120404 kB
Active:           370208 kB
Mem:          3.8G       3.7G       117M       5.7M        24M       3.3G

MemTotal:        4016004 kB
MemFree:          113720 kB
Active:           370028 kB
Mem:          3.8G       3.7G       110M       5.7M        24M       3.3G

MemTotal:        4016004 kB
MemFree:          128144 kB
Active:           370080 kB
Mem:          3.8G       3.7G       125M       5.7M        24M       3.2G

MemTotal:        4016004 kB
MemFree:          132288 kB
Active:           369804 kB
Mem:          3.8G       3.7G       128M       5.7M        24M       3.2G

MemTotal:        4016004 kB
MemFree:          140812 kB
Active:           369800 kB
Mem:          3.8G       3.7G       137M       5.7M        24M       3.2G

MemTotal:        4016004 kB
MemFree:          133916 kB
Active:           367548 kB
Mem:          3.8G       3.7G       130M       5.7M        24M       3.2G

MemTotal:        4016004 kB
MemFree:          125892 kB
Active:           367452 kB
Mem:          3.8G       3.7G       122M       5.7M        24M       3.2G

MemTotal:        4016004 kB
MemFree:          118304 kB
Active:           367444 kB
Mem:          3.8G       3.7G       115M       5.7M        24M       3.3G

MemTotal:        4016004 kB
MemFree:          127024 kB
Active:           367468 kB
Mem:          3.8G       3.7G       123M       5.7M        24M       3.2G

MemTotal:        4016004 kB
MemFree:          133536 kB
Active:           367520 kB
Mem:          3.8G       3.7G       129M       5.7M        24M       3.2G

MemTotal:        4016004 kB
MemFree:          124376 kB
Active:           367536 kB
Mem:          3.8G       3.7G       120M       5.7M        24M       3.3G

MemTotal:        4016004 kB
MemFree:          123276 kB
Active:           367568 kB
Mem:          3.8G       3.7G       120M       5.7M        24M       3.3G

MemTotal:        4016004 kB
MemFree:          127288 kB
Active:           367592 kB
Mem:          3.8G       3.7G       124M       5.7M        24M       3.2G

MemTotal:        4016004 kB
MemFree:          117956 kB
Active:           367616 kB
Mem:          3.8G       3.7G       115M       5.7M        24M       3.3G

MemTotal:        4016004 kB
MemFree:          128468 kB
Active:           367508 kB
Mem:          3.8G       3.7G       125M       5.7M        24M       3.2G

MemTotal:        4016004 kB
MemFree:          125724 kB
Active:           367284 kB
Mem:          3.8G       3.7G       122M       5.7M        24M       3.2G

MemTotal:        4016004 kB
MemFree:          107252 kB
Active:           367364 kB
Mem:          3.8G       3.7G       104M       5.7M        24M       3.3G

MemTotal:        4016004 kB
MemFree:          123864 kB
Active:           367404 kB
Mem:          3.8G       3.7G       120M       5.7M        24M       3.3G

MemTotal:        4016004 kB
MemFree:          120720 kB
Active:           367460 kB
Mem:          3.8G       3.7G       117M       5.7M        24M       3.3G

MemTotal:        4016004 kB
MemFree:          111900 kB
Active:           367432 kB
Mem:          3.8G       3.7G       109M       5.7M        24M       3.3G

MemTotal:        4016004 kB
MemFree:          128292 kB
Active:           367508 kB
Mem:          3.8G       3.7G       125M       5.7M        24M       3.2G

MemTotal:        4016004 kB
MemFree:          113904 kB
Active:           367532 kB
Mem:          3.8G       3.7G       111M       5.7M        24M       3.3G

MemTotal:        4016004 kB
MemFree:          116200 kB
Active:           367552 kB
Mem:          3.8G       3.7G       113M       5.7M        24M       3.3G

MemTotal:        4016004 kB
MemFree:          112292 kB
Active:           369616 kB
Mem:          3.8G       3.7G       109M       5.7M        24M       3.3G

MemTotal:        4016004 kB
MemFree:          111892 kB
Active:           369596 kB
Mem:          3.8G       3.7G       108M       5.7M        24M       3.3G

MemTotal:        4016004 kB
MemFree:          112084 kB
Active:           369592 kB
Mem:          3.8G       3.7G       109M       5.7M        24M       3.3G

MemTotal:        4016004 kB
MemFree:          119764 kB
Active:           366208 kB
Mem:          3.8G       3.7G       116M       5.7M        24M       3.3G

MemTotal:        4016004 kB
MemFree:          106724 kB
Active:           365936 kB
Mem:          3.8G       3.7G       103M       5.7M        24M       3.3G

MemTotal:        4016004 kB
MemFree:          128188 kB
Active:           366008 kB
Mem:          3.8G       3.7G       124M       5.7M        24M       3.2G

MemTotal:        4016004 kB
MemFree:          112028 kB
Active:           365992 kB
Mem:          3.8G       3.7G       109M       5.7M        24M       3.3G

MemTotal:        4016004 kB
MemFree:          128152 kB
Active:           365888 kB
Mem:          3.8G       3.7G       124M       5.7M        24M       3.2G

MemTotal:        4016004 kB
MemFree:          120136 kB
Active:           365964 kB
Mem:          3.8G       3.7G       116M       5.7M        24M       3.3G

MemTotal:        4016004 kB
MemFree:          105120 kB
Active:           365984 kB
Mem:          3.8G       3.7G       102M       5.7M        24M       3.3G

MemTotal:        4016004 kB
MemFree:          126744 kB
Active:           365932 kB
Mem:          3.8G       3.7G       123M       5.7M        24M       3.2G

MemTotal:        4016004 kB
MemFree:          119232 kB
Active:           365272 kB
Mem:          3.8G       3.7G       115M       5.7M        24M       3.3G

MemTotal:        4016004 kB
MemFree:          128476 kB
Active:           365328 kB
Mem:          3.8G       3.7G       125M       5.7M        24M       3.2G

MemTotal:        4016004 kB
MemFree:          122900 kB
Active:           365328 kB
Mem:          3.8G       3.7G       119M       5.7M        24M       3.2G

MemTotal:        4016004 kB
MemFree:          115256 kB
Active:           365308 kB
Mem:          3.8G       3.7G       112M       5.7M        24M       3.3G

MemTotal:        4016004 kB
MemFree:          113036 kB
Active:           365360 kB
Mem:          3.8G       3.7G       110M       5.7M        24M       3.3G

MemTotal:        4016004 kB
MemFree:          113124 kB
Active:           365380 kB
Mem:          3.8G       3.7G       110M       5.7M        24M       3.3G

MemTotal:        4016004 kB
MemFree:          113100 kB
Active:           365348 kB
Mem:          3.8G       3.7G       110M       5.7M        24M       3.3G

MemTotal:        4016004 kB
MemFree:          126188 kB
Active:           365392 kB
Mem:          3.8G       3.7G       123M       5.7M        24M       3.2G

MemTotal:        4016004 kB
MemFree:          119224 kB
Active:           365412 kB
Mem:          3.8G       3.7G       115M       5.7M        24M       3.3G

MemTotal:        4016004 kB
MemFree:          108508 kB
Active:           366452 kB
Mem:          3.8G       3.7G       105M       5.7M        24M       3.3G

MemTotal:        4016004 kB
MemFree:          109920 kB
Active:           366632 kB
Mem:          3.8G       3.7G       106M       5.7M        24M       3.3G

MemTotal:        4016004 kB
MemFree:          125428 kB
Active:           366640 kB
Mem:          3.8G       3.7G       122M       5.7M        24M       3.2G

MemTotal:        4016004 kB
MemFree:          128092 kB
Active:           366660 kB
Mem:          3.8G       3.7G       125M       5.7M        24M       3.2G

MemTotal:        4016004 kB
MemFree:          107628 kB
Active:           366520 kB
Mem:          3.8G       3.7G       104M       5.7M        24M       3.3G

MemTotal:        4016004 kB
MemFree:          128344 kB
Active:           360728 kB
Mem:          3.8G       3.7G       125M       5.7M        24M       3.2G

MemTotal:        4016004 kB
MemFree:          125728 kB
Active:           360760 kB
Mem:          3.8G       3.7G       122M       5.7M        24M       3.2G

MemTotal:        4016004 kB
MemFree:          110976 kB
Active:           360780 kB
Mem:          3.8G       3.7G       107M       5.7M        24M       3.3G

MemTotal:        4016004 kB
MemFree:          126816 kB
Active:           360808 kB
Mem:          3.8G       3.7G       123M       5.7M        24M       3.2G

MemTotal:        4016004 kB
MemFree:          117448 kB
Active:           360820 kB
Mem:          3.8G       3.7G       114M       5.7M        25M       3.2G

MemTotal:        4016004 kB
MemFree:          107004 kB
Active:           360852 kB
Mem:          3.8G       3.7G       104M       5.7M        25M       3.3G

MemTotal:        4016004 kB
MemFree:          128380 kB
Active:           360884 kB
Mem:          3.8G       3.7G       125M       5.7M        25M       3.2G

MemTotal:        4016004 kB
MemFree:          120228 kB
Active:           360904 kB
Mem:          3.8G       3.7G       117M       5.7M        25M       3.2G

MemTotal:        4016004 kB
MemFree:          127376 kB
Active:           360928 kB
Mem:          3.8G       3.7G       123M       5.7M        25M       3.2G

MemTotal:        4016004 kB
MemFree:          127856 kB
Active:           358688 kB
Mem:          3.8G       3.7G       124M       5.7M        25M       3.2G

MemTotal:        4016004 kB
MemFree:          131108 kB
Active:           358712 kB
Mem:          3.8G       3.7G       127M       5.7M        25M       3.2G

MemTotal:        4016004 kB
MemFree:          121704 kB
Active:           358740 kB
Mem:          3.8G       3.7G       118M       5.7M        25M       3.2G

MemTotal:        4016004 kB
MemFree:          138248 kB
Active:           358760 kB
Mem:          3.8G       3.7G       134M       5.7M        25M       3.2G

MemTotal:        4016004 kB
MemFree:          106704 kB
Active:           358788 kB
Mem:          3.8G       3.7G       103M       5.7M        25M       3.3G

MemTotal:        4016004 kB
MemFree:          133148 kB
Active:           358808 kB
Mem:          3.8G       3.7G       129M       5.7M        25M       3.2G

MemTotal:        4016004 kB
MemFree:          134392 kB
Active:           359832 kB
Mem:          3.8G       3.7G       130M       5.7M        25M       3.2G

MemTotal:        4016004 kB
MemFree:          122432 kB
Active:           359844 kB
Mem:          3.8G       3.7G       119M       5.7M        25M       3.2G

MemTotal:        4016004 kB
MemFree:          121792 kB
Active:           359868 kB
Mem:          3.8G       3.7G       118M       5.7M        25M       3.2G

MemTotal:        4016004 kB
MemFree:          111700 kB
Active:           359888 kB
Mem:          3.8G       3.7G       108M       5.7M        25M       3.3G

MemTotal:        4016004 kB
MemFree:          126764 kB
Active:           359912 kB
Mem:          3.8G       3.7G       123M       5.7M        25M       3.2G

MemTotal:        4016004 kB
MemFree:          124208 kB
Active:           359936 kB
Mem:          3.8G       3.7G       121M       5.7M        25M       3.2G

MemTotal:        4016004 kB
MemFree:          127964 kB
Active:           359968 kB
Mem:          3.8G       3.7G       124M       5.7M        25M       3.2G

MemTotal:        4016004 kB
MemFree:          122528 kB
Active:           359992 kB
Mem:          3.8G       3.7G       119M       5.7M        25M       3.2G

MemTotal:        4016004 kB
MemFree:          117008 kB
Active:           356992 kB
Mem:          3.8G       3.7G       114M       5.7M        25M       3.2G

MemTotal:        4016004 kB
MemFree:          129204 kB
Active:           357012 kB
Mem:          3.8G       3.7G       126M       5.7M        25M       3.2G

MemTotal:        4016004 kB
MemFree:          121464 kB
Active:           357920 kB
Mem:          3.8G       3.7G       118M       5.7M        25M       3.2G

MemTotal:        4016004 kB
MemFree:          113556 kB
Active:           357952 kB
Mem:          3.8G       3.7G       110M       5.7M        25M       3.3G

MemTotal:        4016004 kB
MemFree:          116096 kB
Active:           357972 kB
Mem:          3.8G       3.7G       113M       5.7M        25M       3.2G

MemTotal:        4016004 kB
MemFree:          109056 kB
Active:           357996 kB
Mem:          3.8G       3.7G       106M       5.7M        25M       3.3G

MemTotal:        4016004 kB
MemFree:          120972 kB
Active:           357768 kB
Mem:          3.8G       3.7G       117M       5.7M        25M       3.2G

MemTotal:        4016004 kB
MemFree:          109580 kB
Active:           357788 kB
Mem:          3.8G       3.7G       106M       5.7M        25M       3.3G

MemTotal:        4016004 kB
MemFree:          125644 kB
Active:           357812 kB
Mem:          3.8G       3.7G       122M       5.7M        25M       3.2G

MemTotal:        4016004 kB
MemFree:          110920 kB
Active:           357836 kB
Mem:          3.8G       3.7G       108M       5.7M        25M       3.3G

MemTotal:        4016004 kB
MemFree:          127212 kB
Active:           357864 kB
Mem:          3.8G       3.7G       123M       5.7M        25M       3.2G

MemTotal:        4016004 kB
MemFree:          126000 kB
Active:           357888 kB
Mem:          3.8G       3.7G       122M       5.7M        25M       3.2G

MemTotal:        4016004 kB
MemFree:          127956 kB
Active:           354968 kB
Mem:          3.8G       3.7G       124M       5.7M        25M       3.2G

MemTotal:        4016004 kB
MemFree:          106424 kB
Active:           355000 kB
Mem:          3.8G       3.7G       103M       5.7M        25M       3.3G

MemTotal:        4016004 kB
MemFree:          128772 kB
Active:           355020 kB
Mem:          3.8G       3.7G       125M       5.7M        25M       3.2G

MemTotal:        4016004 kB
MemFree:          120044 kB
Active:           355044 kB
Mem:          3.8G       3.7G       116M       5.7M        25M       3.2G

MemTotal:        4016004 kB
MemFree:          134660 kB
Active:           355064 kB
Mem:          3.8G       3.7G       131M       5.7M        25M       3.2G

MemTotal:        4016004 kB
MemFree:          126620 kB
Active:           355088 kB
Mem:          3.8G       3.7G       123M       5.7M        25M       3.2G

MemTotal:        4016004 kB
MemFree:          113612 kB
Active:           355100 kB
Mem:          3.8G       3.7G       110M       5.7M        25M       3.2G

MemTotal:        4016004 kB
MemFree:          132740 kB
Active:           355132 kB
Mem:          3.8G       3.7G       129M       5.7M        25M       3.2G

MemTotal:        4016004 kB
MemFree:          116960 kB
Active:           355156 kB
Mem:          3.8G       3.7G       114M       5.7M        25M       3.2G

MemTotal:        4016004 kB
MemFree:          108904 kB
Active:           355176 kB
Mem:          3.8G       3.7G       106M       5.7M        25M       3.3G

MemTotal:        4016004 kB
MemFree:          112996 kB
Active:           355192 kB
Mem:          3.8G       3.7G       110M       5.7M        25M       3.2G

MemTotal:        4016004 kB
MemFree:          127440 kB
Active:           355228 kB
Mem:          3.8G       3.7G       124M       5.7M        25M       3.2G

MemTotal:        4016004 kB
MemFree:          119484 kB
Active:           355248 kB
Mem:          3.8G       3.7G       116M       5.7M        25M       3.2G

MemTotal:        4016004 kB
MemFree:          111328 kB
Active:           355272 kB
Mem:          3.8G       3.7G       108M       5.7M        25M       3.2G

MemTotal:        4016004 kB
MemFree:          120748 kB
Active:           351688 kB
Mem:          3.8G       3.7G       117M       5.7M        25M       3.2G

MemTotal:        4016004 kB
MemFree:          112252 kB
Active:           351712 kB
Mem:          3.8G       3.7G       109M       5.7M        25M       3.2G

MemTotal:        4016004 kB
MemFree:          128844 kB
Active:           351744 kB
Mem:          3.8G       3.7G       125M       5.7M        25M       3.2G

MemTotal:        4016004 kB
MemFree:          107280 kB
Active:           351760 kB
Mem:          3.8G       3.7G       104M       5.7M        26M       3.3G

MemTotal:        4016004 kB
MemFree:          127312 kB
Active:           351784 kB
Mem:          3.8G       3.7G       124M       5.7M        26M       3.2G

MemTotal:        4016004 kB
MemFree:          121948 kB
Active:           351812 kB
Mem:          3.8G       3.7G       118M       5.7M        26M       3.2G

MemTotal:        4016004 kB
MemFree:          115060 kB
Active:           351832 kB
Mem:          3.8G       3.7G       111M       5.7M        26M       3.2G

MemTotal:        4016004 kB
MemFree:          126872 kB
Active:           351828 kB
Mem:          3.8G       3.7G       123M       5.7M        26M       3.2G

MemTotal:        4016004 kB
MemFree:          120888 kB
Active:           351868 kB
Mem:          3.8G       3.7G       117M       5.7M        26M       3.2G

MemTotal:        4016004 kB
MemFree:          125380 kB
Active:           351888 kB
Mem:          3.8G       3.7G       122M       5.7M        26M       3.2G

MemTotal:        4016004 kB
MemFree:          122680 kB
Active:           351908 kB
Mem:          3.8G       3.7G       119M       5.7M        26M       3.2G

MemTotal:        4016004 kB
MemFree:          127436 kB
Active:           351932 kB
Mem:          3.8G       3.7G       124M       5.7M        26M       3.2G

MemTotal:        4016004 kB
MemFree:          124892 kB
Active:           351960 kB
Mem:          3.8G       3.7G       121M       5.7M        26M       3.2G

MemTotal:        4016004 kB
MemFree:          128396 kB
Active:           351984 kB
Mem:          3.8G       3.7G       125M       5.7M        26M       3.2G

MemTotal:        4016004 kB
MemFree:          126284 kB
Active:           352016 kB
Mem:          3.8G       3.7G       123M       5.7M        26M       3.2G

MemTotal:        4016004 kB
MemFree:          109492 kB
Active:           352028 kB
Mem:          3.8G       3.7G       106M       5.7M        26M       3.2G

MemTotal:        4016004 kB
MemFree:          123856 kB
Active:           351928 kB
Mem:          3.8G       3.7G       120M       5.7M        26M       3.2G

MemTotal:        4016004 kB
MemFree:          119504 kB
Active:           351932 kB
Mem:          3.8G       3.7G       116M       5.7M        26M       3.2G

MemTotal:        4016004 kB
MemFree:          119384 kB
Active:           351884 kB
Mem:          3.8G       3.7G       116M       5.7M        26M       3.2G

MemTotal:        4016004 kB
MemFree:          121292 kB
Active:           351948 kB
Mem:          3.8G       3.7G       118M       5.7M        26M       3.2G

MemTotal:        4016004 kB
MemFree:          114252 kB
Active:           351972 kB
Mem:          3.8G       3.7G       111M       5.7M        26M       3.2G

MemTotal:        4016004 kB
MemFree:          104980 kB
Active:           351992 kB
Mem:          3.8G       3.7G       102M       5.7M        26M       3.3G

MemTotal:        4016004 kB
MemFree:          128084 kB
Active:           351688 kB
Mem:          3.8G       3.7G       125M       5.7M        26M       3.2G

MemTotal:        4016004 kB
MemFree:          128704 kB
Active:           351676 kB
Mem:          3.8G       3.7G       125M       5.7M        26M       3.2G

MemTotal:        4016004 kB
MemFree:          128580 kB
Active:           351676 kB
Mem:          3.8G       3.7G       125M       5.7M        26M       3.2G

MemTotal:        4016004 kB
MemFree:          129076 kB
Active:           351676 kB
Mem:          3.8G       3.7G       125M       5.7M        26M       3.2G

MemTotal:        4016004 kB
MemFree:          129076 kB
Active:           351684 kB
Mem:          3.8G       3.7G       125M       5.7M        26M       3.2G

MemTotal:        4016004 kB
MemFree:          129076 kB
Active:           351688 kB
Mem:          3.8G       3.7G       125M       5.7M        26M       3.2G

MemTotal:        4016004 kB
MemFree:          128704 kB
Active:           351676 kB
Mem:          3.8G       3.7G       125M       5.7M        26M       3.2G

MemTotal:        4016004 kB
MemFree:          128952 kB
Active:           351672 kB
Mem:          3.8G       3.7G       125M       5.7M        26M       3.2G

MemTotal:        4016004 kB
MemFree:          128952 kB
Active:           351688 kB
Mem:          3.8G       3.7G       125M       5.7M        26M       3.2G

MemTotal:        4016004 kB
MemFree:          128828 kB
Active:           351692 kB
Mem:          3.8G       3.7G       125M       5.7M        26M       3.2G

MemTotal:        4016004 kB
MemFree:          128480 kB
Active:           351700 kB
Mem:          3.8G       3.7G       125M       5.7M        26M       3.2G

MemTotal:        4016004 kB
MemFree:          128604 kB
Active:           351680 kB
Mem:          3.8G       3.7G       125M       5.7M        26M       3.2G

MemTotal:        4016004 kB
MemFree:          128480 kB
Active:           351676 kB
Mem:          3.8G       3.7G       125M       5.7M        26M       3.2G

MemTotal:        4016004 kB
MemFree:          128480 kB
Active:           351704 kB
Mem:          3.8G       3.7G       125M       5.7M        26M       3.2G

MemTotal:        4016004 kB
MemFree:          128728 kB
Active:           351716 kB
Mem:          3.8G       3.7G       125M       5.7M        26M       3.2G

MemTotal:        4016004 kB
MemFree:          128976 kB
Active:           351704 kB
Mem:          3.8G       3.7G       125M       5.7M        26M       3.2G

MemTotal:        4016004 kB
MemFree:          128852 kB
Active:           351700 kB
Mem:          3.8G       3.7G       125M       5.7M        26M       3.2G

MemTotal:        4016004 kB
MemFree:          128976 kB
Active:           351704 kB
Mem:          3.8G       3.7G       125M       5.7M        26M       3.2G

MemTotal:        4016004 kB
MemFree:          128976 kB
Active:           351724 kB
Mem:          3.8G       3.7G       125M       5.7M        26M       3.2G

MemTotal:        4016004 kB
MemFree:          128976 kB
Active:           351724 kB
Mem:          3.8G       3.7G       125M       5.7M        26M       3.2G

MemTotal:        4016004 kB
MemFree:          128604 kB
Active:           351720 kB
Mem:          3.8G       3.7G       125M       5.7M        26M       3.2G

MemTotal:        4016004 kB
MemFree:          128728 kB
Active:           351708 kB
Mem:          3.8G       3.7G       125M       5.7M        26M       3.2G

MemTotal:        4016004 kB
MemFree:          129100 kB
Active:           351700 kB
Mem:          3.8G       3.7G       126M       5.7M        26M       3.2G

MemTotal:        4016004 kB
MemFree:          129100 kB
Active:           351680 kB
Mem:          3.8G       3.7G       126M       5.7M        26M       3.2G

MemTotal:        4016004 kB
MemFree:          129256 kB
Active:           351684 kB
Mem:          3.8G       3.7G       125M       5.7M        26M       3.2G

MemTotal:        4016004 kB
MemFree:          128964 kB
Active:           351744 kB
Mem:          3.8G       3.7G       125M       5.7M        26M       3.2G

MemTotal:        4016004 kB
MemFree:          129524 kB
Active:           351732 kB
Mem:          3.8G       3.7G       125M       5.7M        26M       3.2G

MemTotal:        4016004 kB
MemFree:          129028 kB
Active:           351752 kB
Mem:          3.8G       3.7G       125M       5.7M        26M       3.2G

MemTotal:        4016004 kB
MemFree:          128532 kB
Active:           351732 kB
Mem:          3.8G       3.7G       125M       5.7M        26M       3.2G

MemTotal:        4016004 kB
MemFree:          128780 kB
Active:           351728 kB
Mem:          3.8G       3.7G       125M       5.7M        26M       3.2G

MemTotal:        4016004 kB
MemFree:          128904 kB
Active:           351732 kB
Mem:          3.8G       3.7G       125M       5.7M        26M       3.2G

MemTotal:        4016004 kB
MemFree:          128904 kB
Active:           351736 kB
Mem:          3.8G       3.7G       125M       5.7M        26M       3.2G

MemTotal:        4016004 kB
MemFree:          129152 kB
Active:           351744 kB
Mem:          3.8G       3.7G       125M       5.7M        26M       3.2G

MemTotal:        4016004 kB
MemFree:          129028 kB
Active:           351744 kB
Mem:          3.8G       3.7G       125M       5.7M        26M       3.2G

MemTotal:        4016004 kB
MemFree:          129028 kB
Active:           351728 kB
Mem:          3.8G       3.7G       125M       5.7M        26M       3.2G

MemTotal:        4016004 kB
MemFree:          129028 kB
Active:           351756 kB
Mem:          3.8G       3.7G       125M       5.7M        26M       3.2G

MemTotal:        4016004 kB
MemFree:          128780 kB
Active:           351748 kB
Mem:          3.8G       3.7G       125M       5.7M        26M       3.2G

MemTotal:        4016004 kB
MemFree:          128904 kB
Active:           351752 kB
Mem:          3.8G       3.7G       125M       5.7M        26M       3.2G

MemTotal:        4016004 kB
MemFree:          128904 kB
Active:           351748 kB
Mem:          3.8G       3.7G       125M       5.7M        26M       3.2G

MemTotal:        4016004 kB
MemFree:          129400 kB
Active:           351756 kB
Mem:          3.8G       3.7G       126M       5.7M        26M       3.2G

MemTotal:        4016004 kB
MemFree:          129276 kB
Active:           351748 kB
Mem:          3.8G       3.7G       126M       5.7M        26M       3.2G

MemTotal:        4016004 kB
MemFree:          129400 kB
Active:           351760 kB
Mem:          3.8G       3.7G       126M       5.7M        26M       3.2G

MemTotal:        4016004 kB
MemFree:          129400 kB
Active:           351712 kB
Mem:          3.8G       3.7G       126M       5.7M        26M       3.2G

MemTotal:        4016004 kB
MemFree:          129276 kB
Active:           351748 kB
Mem:          3.8G       3.7G       126M       5.7M        26M       3.2G

MemTotal:        4016004 kB
MemFree:          129400 kB
Active:           351756 kB
Mem:          3.8G       3.7G       125M       5.7M        26M       3.2G

MemTotal:        4016004 kB
MemFree:          128904 kB
Active:           351708 kB
Mem:          3.8G       3.7G       125M       5.7M        26M       3.2G

MemTotal:        4016004 kB
MemFree:          128656 kB
Active:           351760 kB
Mem:          3.8G       3.7G       125M       5.7M        26M       3.2G

MemTotal:        4016004 kB
MemFree:          129028 kB
Active:           351756 kB
Mem:          3.8G       3.7G       125M       5.7M        26M       3.2G

MemTotal:        4016004 kB
MemFree:          128904 kB
Active:           351744 kB
Mem:          3.8G       3.7G       125M       5.7M        26M       3.2G

MemTotal:        4016004 kB
MemFree:          128904 kB
Active:           351756 kB
Mem:          3.8G       3.7G       125M       5.7M        26M       3.2G

MemTotal:        4016004 kB
MemFree:          129028 kB
Active:           351768 kB
Mem:          3.8G       3.7G       126M       5.7M        26M       3.2G

MemTotal:        4016004 kB
MemFree:          128904 kB
Active:           351728 kB
Mem:          3.8G       3.7G       125M       5.7M        26M       3.2G

MemTotal:        4016004 kB
MemFree:          128904 kB
Active:           351760 kB
Mem:          3.8G       3.7G       125M       5.7M        26M       3.2G

MemTotal:        4016004 kB
MemFree:          128532 kB
Active:           351724 kB
Mem:          3.8G       3.7G       125M       5.7M        26M       3.2G

MemTotal:        4016004 kB
MemFree:          128656 kB
Active:           351764 kB
Mem:          3.8G       3.7G       125M       5.7M        26M       3.2G

MemTotal:        4016004 kB
MemFree:          128656 kB
Active:           351776 kB
Mem:          3.8G       3.7G       125M       5.7M        26M       3.2G

MemTotal:        4016004 kB
MemFree:          128904 kB
Active:           351740 kB
Mem:          3.8G       3.7G       125M       5.7M        26M       3.2G

MemTotal:        4016004 kB
MemFree:          128904 kB
Active:           351784 kB
Mem:          3.8G       3.7G       125M       5.7M        26M       3.2G

MemTotal:        4016004 kB
MemFree:          128904 kB
Active:           351740 kB
Mem:          3.8G       3.7G       125M       5.7M        26M       3.2G

MemTotal:        4016004 kB
MemFree:          128904 kB
Active:           351736 kB
Mem:          3.8G       3.7G       125M       5.7M        26M       3.2G

MemTotal:        4016004 kB
MemFree:          128904 kB
Active:           351784 kB
Mem:          3.8G       3.7G       125M       5.7M        26M       3.2G

MemTotal:        4016004 kB
MemFree:          128904 kB
Active:           351744 kB
Mem:          3.8G       3.7G       125M       5.7M        26M       3.2G

MemTotal:        4016004 kB
MemFree:          128904 kB
Active:           351784 kB
Mem:          3.8G       3.7G       125M       5.7M        26M       3.2G

MemTotal:        4016004 kB
MemFree:          128904 kB
Active:           351784 kB
Mem:          3.8G       3.7G       125M       5.7M        26M       3.2G

MemTotal:        4016004 kB
MemFree:          128408 kB
Active:           351796 kB
Mem:          3.8G       3.7G       125M       5.7M        26M       3.2G

MemTotal:        4016004 kB
MemFree:          128408 kB
Active:           351756 kB
Mem:          3.8G       3.7G       125M       5.7M        26M       3.2G

MemTotal:        4016004 kB
MemFree:          128656 kB
Active:           351764 kB
Mem:          3.8G       3.7G       125M       5.7M        26M       3.2G

MemTotal:        4016004 kB
MemFree:          128656 kB
Active:           351752 kB
Mem:          3.8G       3.7G       125M       5.7M        26M       3.2G

MemTotal:        4016004 kB
MemFree:          128656 kB
Active:           351780 kB
Mem:          3.8G       3.7G       125M       5.7M        26M       3.2G

MemTotal:        4016004 kB
MemFree:          128656 kB
Active:           351772 kB
Mem:          3.8G       3.7G       125M       5.7M        26M       3.2G

MemTotal:        4016004 kB
MemFree:          129168 kB
Active:           351772 kB
Mem:          3.8G       3.7G       126M       5.7M        26M       3.2G

MemTotal:        4016004 kB
MemFree:          129168 kB
Active:           351788 kB
Mem:          3.8G       3.7G       125M       5.7M        26M       3.2G

MemTotal:        4016004 kB
MemFree:          129168 kB
Active:           351772 kB
Mem:          3.8G       3.7G       126M       5.7M        26M       3.2G

MemTotal:        4016004 kB
MemFree:          129168 kB
Active:           351780 kB
Mem:          3.8G       3.7G       125M       5.7M        26M       3.2G

MemTotal:        4016004 kB
MemFree:          129168 kB
Active:           351824 kB
Mem:          3.8G       3.7G       125M       5.7M        26M       3.2G

MemTotal:        4016004 kB
MemFree:          129044 kB
Active:           351828 kB
Mem:          3.8G       3.7G       126M       5.7M        26M       3.2G

MemTotal:        4016004 kB
MemFree:          129168 kB
Active:           351828 kB
Mem:          3.8G       3.7G       126M       5.7M        26M       3.2G

MemTotal:        4016004 kB
MemFree:          129168 kB
Active:           351828 kB
Mem:          3.8G       3.7G       126M       5.7M        26M       3.2G

MemTotal:        4016004 kB
MemFree:          128920 kB
Active:           351840 kB
Mem:          3.8G       3.7G       125M       5.7M        26M       3.2G

MemTotal:        4016004 kB
MemFree:          128672 kB
Active:           351848 kB
Mem:          3.8G       3.7G       125M       5.7M        26M       3.2G

MemTotal:        4016004 kB
MemFree:          125664 kB
Active:           354144 kB
Mem:          3.8G       3.7G       122M       5.7M        28M       3.2G

MemTotal:        4016004 kB
MemFree:          125788 kB
Active:           354092 kB
Mem:          3.8G       3.7G       122M       5.7M        28M       3.2G

MemTotal:        4016004 kB
MemFree:          125664 kB
Active:           354092 kB
Mem:          3.8G       3.7G       122M       5.7M        28M       3.2G

MemTotal:        4016004 kB
MemFree:          125664 kB
Active:           354132 kB
Mem:          3.8G       3.7G       122M       5.7M        28M       3.2G

MemTotal:        4016004 kB
MemFree:          125788 kB
Active:           354136 kB
Mem:          3.8G       3.7G       122M       5.7M        28M       3.2G

MemTotal:        4016004 kB
MemFree:          125664 kB
Active:           354108 kB
Mem:          3.8G       3.7G       122M       5.7M        28M       3.2G

MemTotal:        4016004 kB
MemFree:          125664 kB
Active:           354144 kB
Mem:          3.8G       3.7G       122M       5.7M        28M       3.2G

MemTotal:        4016004 kB
MemFree:          125540 kB
Active:           354152 kB
Mem:          3.8G       3.7G       122M       5.7M        28M       3.2G

MemTotal:        4016004 kB
MemFree:          125416 kB
Active:           354136 kB
Mem:          3.8G       3.7G       122M       5.7M        28M       3.2G

MemTotal:        4016004 kB
MemFree:          125416 kB
Active:           354104 kB
Mem:          3.8G       3.7G       122M       5.7M        28M       3.2G

MemTotal:        4016004 kB
MemFree:          125680 kB
Active:           354136 kB
Mem:          3.8G       3.7G       122M       5.7M        28M       3.2G

MemTotal:        4016004 kB
MemFree:          125432 kB
Active:           354156 kB
Mem:          3.8G       3.7G       122M       5.7M        28M       3.2G

MemTotal:        4016004 kB
MemFree:          125928 kB
Active:           354160 kB
Mem:          3.8G       3.7G       122M       5.7M        28M       3.2G

MemTotal:        4016004 kB
MemFree:          125928 kB
Active:           354116 kB
Mem:          3.8G       3.7G       122M       5.7M        28M       3.2G

MemTotal:        4016004 kB
MemFree:          126052 kB
Active:           354136 kB
Mem:          3.8G       3.7G       123M       5.7M        28M       3.2G

MemTotal:        4016004 kB
MemFree:          126176 kB
Active:           354156 kB
Mem:          3.8G       3.7G       122M       5.7M        28M       3.2G

MemTotal:        4016004 kB
MemFree:          126052 kB
Active:           354160 kB
Mem:          3.8G       3.7G       122M       5.7M        28M       3.2G

MemTotal:        4016004 kB
MemFree:          126036 kB
Active:           354184 kB
Mem:          3.8G       3.7G       122M       5.7M        28M       3.2G

MemTotal:        4016004 kB
MemFree:          125912 kB
Active:           354208 kB
Mem:          3.8G       3.7G       122M       5.7M        28M       3.2G

MemTotal:        4016004 kB
MemFree:          125540 kB
Active:           354212 kB
Mem:          3.8G       3.7G       122M       5.7M        28M       3.2G

MemTotal:        4016004 kB
MemFree:          125896 kB
Active:           354204 kB
Mem:          3.8G       3.7G       122M       5.7M        28M       3.2G

MemTotal:        4016004 kB
MemFree:          125648 kB
Active:           354260 kB
Mem:          3.8G       3.7G       122M       5.7M        28M       3.2G

MemTotal:        4016004 kB
MemFree:          125772 kB
Active:           354204 kB
Mem:          3.8G       3.7G       122M       5.7M        28M       3.2G

MemTotal:        4016004 kB
MemFree:          125276 kB
Active:           354268 kB
Mem:          3.8G       3.7G       122M       5.7M        28M       3.2G

MemTotal:        4016004 kB
MemFree:          125648 kB
Active:           354256 kB
Mem:          3.8G       3.7G       122M       5.7M        28M       3.2G

MemTotal:        4016004 kB
MemFree:          125648 kB
Active:           354232 kB
Mem:          3.8G       3.7G       122M       5.7M        28M       3.2G

MemTotal:        4016004 kB
MemFree:          125648 kB
Active:           354236 kB
Mem:          3.8G       3.7G       122M       5.7M        28M       3.2G

MemTotal:        4016004 kB
MemFree:          124904 kB
Active:           354276 kB
Mem:          3.8G       3.7G       121M       5.7M        28M       3.2G

MemTotal:        4016004 kB
MemFree:          125028 kB
Active:           354264 kB
Mem:          3.8G       3.7G       122M       5.7M        28M       3.2G

MemTotal:        4016004 kB
MemFree:          125152 kB
Active:           354224 kB
Mem:          3.8G       3.7G       121M       5.7M        28M       3.2G

MemTotal:        4016004 kB
MemFree:          125144 kB
Active:           354240 kB
Mem:          3.8G       3.7G       122M       5.7M        28M       3.2G

MemTotal:        4016004 kB
MemFree:          125392 kB
Active:           354236 kB
Mem:          3.8G       3.7G       121M       5.7M        28M       3.2G

MemTotal:        4016004 kB
MemFree:          125268 kB
Active:           354228 kB
Mem:          3.8G       3.7G       122M       5.7M        28M       3.2G

MemTotal:        4016004 kB
MemFree:          125392 kB
Active:           354236 kB
Mem:          3.8G       3.7G       122M       5.7M        28M       3.2G

MemTotal:        4016004 kB
MemFree:          125392 kB
Active:           354248 kB
Mem:          3.8G       3.7G       122M       5.7M        28M       3.2G

MemTotal:        4016004 kB
MemFree:          125268 kB
Active:           354268 kB
Mem:          3.8G       3.7G       122M       5.7M        28M       3.2G

MemTotal:        4016004 kB
MemFree:          125780 kB
Active:           354236 kB
Mem:          3.8G       3.7G       122M       5.7M        28M       3.2G

MemTotal:        4016004 kB
MemFree:          125904 kB
Active:           354248 kB
Mem:          3.8G       3.7G       122M       5.7M        28M       3.2G

MemTotal:        4016004 kB
MemFree:          125160 kB
Active:           354284 kB
Mem:          3.8G       3.7G       122M       5.7M        28M       3.2G

MemTotal:        4016004 kB
MemFree:          125284 kB
Active:           354236 kB
Mem:          3.8G       3.7G       122M       5.7M        28M       3.2G

MemTotal:        4016004 kB
MemFree:          125284 kB
Active:           354284 kB
Mem:          3.8G       3.7G       122M       5.7M        28M       3.2G

MemTotal:        4016004 kB
MemFree:          125160 kB
Active:           354236 kB
Mem:          3.8G       3.7G       121M       5.7M        28M       3.2G

MemTotal:        4016004 kB
MemFree:          125160 kB
Active:           354288 kB
Mem:          3.8G       3.7G       121M       5.7M        28M       3.2G

MemTotal:        4016004 kB
MemFree:          125160 kB
Active:           354292 kB
Mem:          3.8G       3.7G       122M       5.7M        28M       3.2G

MemTotal:        4016004 kB
MemFree:          125532 kB
Active:           354264 kB
Mem:          3.8G       3.7G       122M       5.7M        28M       3.2G

MemTotal:        4016004 kB
MemFree:          125532 kB
Active:           354304 kB
Mem:          3.8G       3.7G       122M       5.7M        28M       3.2G

MemTotal:        4016004 kB
MemFree:          125532 kB
Active:           354264 kB
Mem:          3.8G       3.7G       122M       5.7M        28M       3.2G

MemTotal:        4016004 kB
MemFree:          125160 kB
Active:           354260 kB
Mem:          3.8G       3.7G       122M       5.7M        28M       3.2G

MemTotal:        4016004 kB
MemFree:          125160 kB
Active:           354276 kB
Mem:          3.8G       3.7G       121M       5.7M        28M       3.2G

MemTotal:        4016004 kB
MemFree:          125160 kB
Active:           354300 kB
Mem:          3.8G       3.7G       121M       5.7M        28M       3.2G

MemTotal:        4016004 kB
MemFree:          125036 kB
Active:           354296 kB
Mem:          3.8G       3.7G       121M       5.7M        28M       3.2G

MemTotal:        4016004 kB
MemFree:          125160 kB
Active:           354300 kB
Mem:          3.8G       3.7G       121M       5.7M        28M       3.2G

MemTotal:        4016004 kB
MemFree:          125036 kB
Active:           354304 kB
Mem:          3.8G       3.7G       122M       5.7M        28M       3.2G

MemTotal:        4016004 kB
MemFree:          125408 kB
Active:           354312 kB
Mem:          3.8G       3.7G       122M       5.7M        28M       3.2G

MemTotal:        4016004 kB
MemFree:          125284 kB
Active:           354312 kB
Mem:          3.8G       3.7G       121M       5.7M        28M       3.2G

MemTotal:        4016004 kB
MemFree:          125036 kB
Active:           354304 kB
Mem:          3.8G       3.7G       122M       5.7M        28M       3.2G

MemTotal:        4016004 kB
MemFree:          125160 kB
Active:           354308 kB
Mem:          3.8G       3.7G       121M       5.7M        28M       3.2G

MemTotal:        4016004 kB
MemFree:          125036 kB
Active:           354284 kB
Mem:          3.8G       3.7G       122M       5.7M        28M       3.2G

MemTotal:        4016004 kB
MemFree:          124788 kB
Active:           354336 kB
Mem:          3.8G       3.7G       121M       5.7M        28M       3.2G

MemTotal:        4016004 kB
MemFree:          125160 kB
Active:           354340 kB
Mem:          3.8G       3.7G       121M       5.7M        28M       3.2G

MemTotal:        4016004 kB
MemFree:          125036 kB
Active:           354328 kB
Mem:          3.8G       3.7G       121M       5.7M        28M       3.2G

MemTotal:        4016004 kB
MemFree:          125036 kB
Active:           354332 kB
Mem:          3.8G       3.7G       121M       5.7M        28M       3.2G

MemTotal:        4016004 kB
MemFree:          125036 kB
Active:           354336 kB
Mem:          3.8G       3.7G       122M       5.7M        28M       3.2G

MemTotal:        4016004 kB
MemFree:          125036 kB
Active:           354340 kB
Mem:          3.8G       3.7G       122M       5.7M        28M       3.2G

MemTotal:        4016004 kB
MemFree:          125160 kB
Active:           354296 kB
Mem:          3.8G       3.7G       121M       5.7M        28M       3.2G

MemTotal:        4016004 kB
MemFree:          125044 kB
Active:           354336 kB
Mem:          3.8G       3.7G       122M       5.7M        28M       3.2G

MemTotal:        4016004 kB
MemFree:          125044 kB
Active:           354316 kB
Mem:          3.8G       3.7G       121M       5.7M        28M       3.2G

MemTotal:        4016004 kB
MemFree:          125168 kB
Active:           354304 kB
Mem:          3.8G       3.7G       122M       5.7M        28M       3.2G

MemTotal:        4016004 kB
MemFree:          125168 kB
Active:           354304 kB
Mem:          3.8G       3.7G       121M       5.7M        28M       3.2G

MemTotal:        4016004 kB
MemFree:          124920 kB
Active:           354308 kB
Mem:          3.8G       3.7G       122M       5.7M        28M       3.2G

MemTotal:        4016004 kB
MemFree:          125292 kB
Active:           354304 kB
Mem:          3.8G       3.7G       121M       5.7M        28M       3.2G

MemTotal:        4016004 kB
MemFree:          125292 kB
Active:           354352 kB
Mem:          3.8G       3.7G       121M       5.7M        28M       3.2G

MemTotal:        4016004 kB
MemFree:          124920 kB
Active:           354304 kB
Mem:          3.8G       3.7G       122M       5.7M        28M       3.2G

MemTotal:        4016004 kB
MemFree:          125292 kB
Active:           354304 kB
Mem:          3.8G       3.7G       122M       5.7M        28M       3.2G

MemTotal:        4016004 kB
MemFree:          125292 kB
Active:           354356 kB
Mem:          3.8G       3.7G       122M       5.7M        28M       3.2G

MemTotal:        4016004 kB
MemFree:          125292 kB
Active:           354308 kB
Mem:          3.8G       3.7G       122M       5.7M        28M       3.2G

MemTotal:        4016004 kB
MemFree:          125168 kB
Active:           354320 kB
Mem:          3.8G       3.7G       121M       5.7M        28M       3.2G

MemTotal:        4016004 kB
MemFree:          125168 kB
Active:           354324 kB
Mem:          3.8G       3.7G       122M       5.7M        28M       3.2G

MemTotal:        4016004 kB
MemFree:          125664 kB
Active:           354356 kB
Mem:          3.8G       3.7G       122M       5.7M        28M       3.2G

MemTotal:        4016004 kB
MemFree:          125416 kB
Active:           354360 kB
Mem:          3.8G       3.7G       122M       5.7M        28M       3.2G

MemTotal:        4016004 kB
MemFree:          125664 kB
Active:           354316 kB
Mem:          3.8G       3.7G       122M       5.7M        28M       3.2G

MemTotal:        4016004 kB
MemFree:          125292 kB
Active:           354316 kB
Mem:          3.8G       3.7G       122M       5.7M        28M       3.2G

MemTotal:        4016004 kB
MemFree:          125292 kB
Active:           354364 kB
Mem:          3.8G       3.7G       122M       5.7M        28M       3.2G

MemTotal:        4016004 kB
MemFree:          125416 kB
Active:           354364 kB
Mem:          3.8G       3.7G       121M       5.7M        28M       3.2G

MemTotal:        4016004 kB
MemFree:          125292 kB
Active:           354312 kB
Mem:          3.8G       3.7G       122M       5.7M        28M       3.2G

MemTotal:        4016004 kB
MemFree:          124920 kB
Active:           354376 kB
Mem:          3.8G       3.7G       121M       5.7M        28M       3.2G

MemTotal:        4016004 kB
MemFree:          124920 kB
Active:           354376 kB
Mem:          3.8G       3.7G       121M       5.7M        28M       3.2G

MemTotal:        4016004 kB
MemFree:          124920 kB
Active:           354340 kB
Mem:          3.8G       3.7G       121M       5.7M        28M       3.2G

MemTotal:        4016004 kB
MemFree:          124920 kB
Active:           354352 kB
Mem:          3.8G       3.7G       121M       5.7M        28M       3.2G

MemTotal:        4016004 kB
MemFree:          124920 kB
Active:           354328 kB
Mem:          3.8G       3.7G       122M       5.7M        28M       3.2G

MemTotal:        4016004 kB
MemFree:          125044 kB
Active:           354340 kB
Mem:          3.8G       3.7G       121M       5.7M        28M       3.2G

MemTotal:        4016004 kB
MemFree:          124920 kB
Active:           354352 kB
Mem:          3.8G       3.7G       122M       5.7M        28M       3.2G

MemTotal:        4016004 kB
MemFree:          125168 kB
Active:           354384 kB
Mem:          3.8G       3.7G       121M       5.7M        28M       3.2G

MemTotal:        4016004 kB
MemFree:          125044 kB
Active:           354392 kB
Mem:          3.8G       3.7G       121M       5.7M        28M       3.2G

MemTotal:        4016004 kB
MemFree:          125044 kB
Active:           354372 kB
Mem:          3.8G       3.7G       122M       5.7M        28M       3.2G

MemTotal:        4016004 kB
MemFree:          125540 kB
Active:           354352 kB
Mem:          3.8G       3.7G       122M       5.7M        28M       3.2G

MemTotal:        4016004 kB
MemFree:          125540 kB
Active:           354392 kB
Mem:          3.8G       3.7G       122M       5.7M        28M       3.2G

MemTotal:        4016004 kB
MemFree:          125664 kB
Active:           354344 kB
Mem:          3.8G       3.7G       122M       5.7M        28M       3.2G

MemTotal:        4016004 kB
MemFree:          125540 kB
Active:           354396 kB
Mem:          3.8G       3.7G       122M       5.7M        28M       3.2G

MemTotal:        4016004 kB
MemFree:          125416 kB
Active:           354404 kB
Mem:          3.8G       3.7G       122M       5.7M        28M       3.2G

MemTotal:        4016004 kB
MemFree:          125416 kB
Active:           354360 kB
Mem:          3.8G       3.7G       122M       5.7M        28M       3.2G

MemTotal:        4016004 kB
MemFree:          125416 kB
Active:           354404 kB
Mem:          3.8G       3.7G       122M       5.7M        28M       3.2G

MemTotal:        4016004 kB
MemFree:          125416 kB
Active:           354404 kB
Mem:          3.8G       3.7G       122M       5.7M        28M       3.2G

MemTotal:        4016004 kB
MemFree:          125168 kB
Active:           354400 kB
Mem:          3.8G       3.7G       122M       5.7M        28M       3.2G

MemTotal:        4016004 kB
MemFree:          125168 kB
Active:           354404 kB
Mem:          3.8G       3.7G       121M       5.7M        28M       3.2G

MemTotal:        4016004 kB
MemFree:          125168 kB
Active:           354392 kB
Mem:          3.8G       3.7G       122M       5.7M        28M       3.2G

MemTotal:        4016004 kB
MemFree:          125540 kB
Active:           354384 kB
Mem:          3.8G       3.7G       122M       5.7M        28M       3.2G

MemTotal:        4016004 kB
MemFree:          125416 kB
Active:           354376 kB
Mem:          3.8G       3.7G       122M       5.7M        28M       3.2G

MemTotal:        4016004 kB
MemFree:          125416 kB
Active:           354368 kB
Mem:          3.8G       3.7G       122M       5.7M        28M       3.2G

MemTotal:        4016004 kB
MemFree:          125540 kB
Active:           354372 kB
Mem:          3.8G       3.7G       122M       5.7M        28M       3.2G

MemTotal:        4016004 kB
MemFree:          125540 kB
Active:           354368 kB
Mem:          3.8G       3.7G       122M       5.7M        28M       3.2G

MemTotal:        4016004 kB
MemFree:          125416 kB
Active:           354376 kB
Mem:          3.8G       3.7G       122M       5.7M        28M       3.2G

MemTotal:        4016004 kB
MemFree:          125416 kB
Active:           354388 kB
Mem:          3.8G       3.7G       122M       5.7M        28M       3.2G

MemTotal:        4016004 kB
MemFree:          125416 kB
Active:           354424 kB
Mem:          3.8G       3.7G       122M       5.7M        28M       3.2G

MemTotal:        4016004 kB
MemFree:          125416 kB
Active:           354424 kB
Mem:          3.8G       3.7G       122M       5.7M        28M       3.2G

MemTotal:        4016004 kB
MemFree:          125416 kB
Active:           354388 kB
Mem:          3.8G       3.7G       122M       5.7M        28M       3.2G

MemTotal:        4016004 kB
MemFree:          125044 kB
Active:           354436 kB
Mem:          3.8G       3.7G       122M       5.7M        28M       3.2G

MemTotal:        4016004 kB
MemFree:          125416 kB
Active:           354380 kB
Mem:          3.8G       3.7G       122M       5.7M        28M       3.2G

MemTotal:        4016004 kB
MemFree:          125292 kB
Active:           354436 kB
Mem:          3.8G       3.7G       122M       5.7M        28M       3.2G

MemTotal:        4016004 kB
MemFree:          125292 kB
Active:           354436 kB
Mem:          3.8G       3.7G       122M       5.7M        28M       3.2G

MemTotal:        4016004 kB
MemFree:          124672 kB
Active:           354428 kB
Mem:          3.8G       3.7G       122M       5.7M        28M       3.2G

MemTotal:        4016004 kB
MemFree:          124920 kB
Active:           354404 kB
Mem:          3.8G       3.7G       121M       5.7M        28M       3.2G

MemTotal:        4016004 kB
MemFree:          125044 kB
Active:           354440 kB
Mem:          3.8G       3.7G       122M       5.7M        28M       3.2G

MemTotal:        4016004 kB
MemFree:          125540 kB
Active:           354396 kB
Mem:          3.8G       3.7G       122M       5.7M        28M       3.2G

MemTotal:        4016004 kB
MemFree:          124920 kB
Active:           354448 kB
Mem:          3.8G       3.7G       121M       5.7M        28M       3.2G

MemTotal:        4016004 kB
MemFree:          125168 kB
Active:           354392 kB
Mem:          3.8G       3.7G       122M       5.7M        28M       3.2G

MemTotal:        4016004 kB
MemFree:          125292 kB
Active:           354408 kB
Mem:          3.8G       3.7G       122M       5.7M        28M       3.2G

MemTotal:        4016004 kB
MemFree:          125292 kB
Active:           354408 kB
Mem:          3.8G       3.7G       122M       5.7M        28M       3.2G

MemTotal:        4016004 kB
MemFree:          125292 kB
Active:           354408 kB
Mem:          3.8G       3.7G       121M       5.7M        28M       3.2G

MemTotal:        4016004 kB
MemFree:          124920 kB
Active:           354404 kB
Mem:          3.8G       3.7G       121M       5.7M        28M       3.2G

MemTotal:        4016004 kB
MemFree:          124920 kB
Active:           354400 kB
Mem:          3.8G       3.7G       121M       5.7M        28M       3.2G

MemTotal:        4016004 kB
MemFree:          125044 kB
Active:           354416 kB
Mem:          3.8G       3.7G       122M       5.7M        28M       3.2G

MemTotal:        4016004 kB
MemFree:          125292 kB
Active:           354452 kB
Mem:          3.8G       3.7G       122M       5.7M        28M       3.2G

MemTotal:        4016004 kB
MemFree:          125168 kB
Active:           354416 kB
Mem:          3.8G       3.7G       122M       5.7M        28M       3.2G

MemTotal:        4016004 kB
MemFree:          125416 kB
Active:           354444 kB
Mem:          3.8G       3.7G       122M       5.7M        28M       3.2G

MemTotal:        4016004 kB
MemFree:          125292 kB
Active:           354408 kB
Mem:          3.8G       3.7G       122M       5.7M        28M       3.2G

MemTotal:        4016004 kB
MemFree:          124920 kB
Active:           354460 kB
Mem:          3.8G       3.7G       121M       5.7M        28M       3.2G

MemTotal:        4016004 kB
MemFree:          124796 kB
Active:           354424 kB
Mem:          3.8G       3.7G       121M       5.7M        28M       3.2G

MemTotal:        4016004 kB
MemFree:          125044 kB
Active:           354436 kB
Mem:          3.8G       3.7G       122M       5.7M        28M       3.2G

MemTotal:        4016004 kB
MemFree:          125092 kB
Active:           354244 kB
Mem:          3.8G       3.7G       122M       5.7M        28M       3.2G

MemTotal:        4016004 kB
MemFree:          125092 kB
Active:           354216 kB
Mem:          3.8G       3.7G       122M       5.7M        28M       3.2G

MemTotal:        4016004 kB
MemFree:          125216 kB
Active:           354236 kB
Mem:          3.8G       3.7G       122M       5.7M        28M       3.2G

MemTotal:        4016004 kB
MemFree:          124968 kB
Active:           354212 kB
Mem:          3.8G       3.7G       122M       5.7M        28M       3.2G

MemTotal:        4016004 kB
MemFree:          125092 kB
Active:           354240 kB
Mem:          3.8G       3.7G       122M       5.7M        28M       3.2G

MemTotal:        4016004 kB
MemFree:          125216 kB
Active:           354208 kB
Mem:          3.8G       3.7G       122M       5.7M        28M       3.2G

MemTotal:        4016004 kB
MemFree:          124968 kB
Active:           354268 kB
Mem:          3.8G       3.7G       121M       5.7M        28M       3.2G

MemTotal:        4016004 kB
MemFree:          124844 kB
Active:           354268 kB
Mem:          3.8G       3.7G       122M       5.7M        28M       3.2G

MemTotal:        4016004 kB
MemFree:          124968 kB
Active:           354232 kB
Mem:          3.8G       3.7G       121M       5.7M        28M       3.2G

MemTotal:        4016004 kB
MemFree:          125216 kB
Active:           354256 kB
Mem:          3.8G       3.7G       122M       5.7M        28M       3.2G

MemTotal:        4016004 kB
MemFree:          124844 kB
Active:           354288 kB
Mem:          3.8G       3.7G       122M       5.7M        28M       3.2G

MemTotal:        4016004 kB
MemFree:          125216 kB
Active:           354236 kB
Mem:          3.8G       3.7G       122M       5.7M        28M       3.2G

MemTotal:        4016004 kB
MemFree:          125216 kB
Active:           354240 kB
Mem:          3.8G       3.7G       122M       5.7M        28M       3.2G

MemTotal:        4016004 kB
MemFree:          125092 kB
Active:           354272 kB
Mem:          3.8G       3.7G       122M       5.7M        28M       3.2G

MemTotal:        4016004 kB
MemFree:          125092 kB
Active:           354280 kB
Mem:          3.8G       3.7G       122M       5.7M        28M       3.2G

MemTotal:        4016004 kB
MemFree:          125588 kB
Active:           354240 kB
Mem:          3.8G       3.7G       122M       5.7M        28M       3.2G

MemTotal:        4016004 kB
MemFree:          125464 kB
Active:           354260 kB
Mem:          3.8G       3.7G       122M       5.7M        28M       3.2G

MemTotal:        4016004 kB
MemFree:          125092 kB
Active:           354296 kB
Mem:          3.8G       3.7G       122M       5.7M        28M       3.2G

MemTotal:        4016004 kB
MemFree:          124720 kB
Active:           354296 kB
Mem:          3.8G       3.7G       121M       5.7M        28M       3.2G

MemTotal:        4016004 kB
MemFree:          124968 kB
Active:           354288 kB
Mem:          3.8G       3.7G       122M       5.7M        28M       3.2G

MemTotal:        4016004 kB
MemFree:          124644 kB
Active:           354304 kB
Mem:          3.8G       3.7G       122M       5.7M        28M       3.2G

MemTotal:        4016004 kB
MemFree:          125016 kB
Active:           354300 kB
Mem:          3.8G       3.7G       122M       5.7M        28M       3.2G

MemTotal:        4016004 kB
MemFree:          125016 kB
Active:           354296 kB
Mem:          3.8G       3.7G       122M       5.7M        28M       3.2G

MemTotal:        4016004 kB
MemFree:          125264 kB
Active:           354292 kB
Mem:          3.8G       3.7G       121M       5.7M        28M       3.2G

MemTotal:        4016004 kB
MemFree:          125264 kB
Active:           354276 kB
Mem:          3.8G       3.7G       122M       5.7M        28M       3.2G

MemTotal:        4016004 kB
MemFree:          125140 kB
Active:           354292 kB
Mem:          3.8G       3.7G       122M       5.7M        28M       3.2G

MemTotal:        4016004 kB
MemFree:          125140 kB
Active:           354300 kB
Mem:          3.8G       3.7G       122M       5.7M        28M       3.2G

MemTotal:        4016004 kB
MemFree:          125016 kB
Active:           354256 kB
Mem:          3.8G       3.7G       122M       5.7M        28M       3.2G

MemTotal:        4016004 kB
MemFree:          125140 kB
Active:           354320 kB
