MemTotal:        4016004 kB
MemFree:         3254280 kB
Active:           406080 kB
Mem:          3.8G       743M       3.1G       5.7M        50M       319M

MemTotal:        4016004 kB
MemFree:         3254748 kB
Active:           405992 kB
Mem:          3.8G       743M       3.1G       5.7M        50M       319M

MemTotal:        4016004 kB
MemFree:         3254624 kB
Active:           406060 kB
Mem:          3.8G       743M       3.1G       5.7M        50M       319M

MemTotal:        4016004 kB
MemFree:         3252684 kB
Active:           406044 kB
Mem:          3.8G       745M       3.1G       5.7M        50M       319M

MemTotal:        4016004 kB
MemFree:         3253288 kB
Active:           408056 kB
Mem:          3.8G       745M       3.1G       5.7M        50M       319M

MemTotal:        4016004 kB
MemFree:         3253148 kB
Active:           408068 kB
Mem:          3.8G       745M       3.1G       5.7M        50M       319M

MemTotal:        4016004 kB
MemFree:         3253256 kB
Active:           408092 kB
Mem:          3.8G       744M       3.1G       5.7M        50M       319M

MemTotal:        4016004 kB
MemFree:         3252760 kB
Active:           408104 kB
Mem:          3.8G       745M       3.1G       5.7M        50M       319M

MemTotal:        4016004 kB
MemFree:         3252868 kB
Active:           408068 kB
Mem:          3.8G       745M       3.1G       5.7M        50M       319M

MemTotal:        4016004 kB
MemFree:         3253100 kB
Active:           408068 kB
Mem:          3.8G       745M       3.1G       5.7M        50M       319M

MemTotal:        4016004 kB
MemFree:         3252928 kB
Active:           408080 kB
Mem:          3.8G       745M       3.1G       5.7M        50M       319M

MemTotal:        4016004 kB
MemFree:         3253100 kB
Active:           408064 kB
Mem:          3.8G       745M       3.1G       5.7M        50M       319M

MemTotal:        4016004 kB
MemFree:         3253472 kB
Active:           408080 kB
Mem:          3.8G       744M       3.1G       5.7M        50M       319M

MemTotal:        4016004 kB
MemFree:         3253380 kB
Active:           408108 kB
Mem:          3.8G       745M       3.1G       5.7M        50M       319M

MemTotal:        4016004 kB
MemFree:         3253240 kB
Active:           408108 kB
Mem:          3.8G       744M       3.1G       5.7M        50M       319M

MemTotal:        4016004 kB
MemFree:         3253596 kB
Active:           408076 kB
Mem:          3.8G       744M       3.1G       5.7M        50M       319M

MemTotal:        4016004 kB
MemFree:         3253580 kB
Active:           408092 kB
Mem:          3.8G       744M       3.1G       5.7M        50M       319M

MemTotal:        4016004 kB
MemFree:         3253288 kB
Active:           408112 kB
Mem:          3.8G       744M       3.1G       5.7M        50M       319M

MemTotal:        4016004 kB
MemFree:         3253536 kB
Active:           408072 kB
Mem:          3.8G       744M       3.1G       5.7M        50M       319M

MemTotal:        4016004 kB
MemFree:         3253536 kB
Active:           408092 kB
Mem:          3.8G       744M       3.1G       5.7M        50M       319M

MemTotal:        4016004 kB
MemFree:         3253288 kB
Active:           408108 kB
Mem:          3.8G       744M       3.1G       5.7M        50M       319M

MemTotal:        4016004 kB
MemFree:         3253288 kB
Active:           408084 kB
Mem:          3.8G       744M       3.1G       5.7M        50M       319M

MemTotal:        4016004 kB
MemFree:         3253412 kB
Active:           408104 kB
Mem:          3.8G       744M       3.1G       5.7M        50M       319M

MemTotal:        4016004 kB
MemFree:         3252108 kB
Active:           406084 kB
Mem:          3.8G       745M       3.1G       5.7M        50M       319M

MemTotal:        4016004 kB
MemFree:         3252356 kB
Active:           406056 kB
Mem:          3.8G       745M       3.1G       5.7M        50M       319M

MemTotal:        4016004 kB
MemFree:         3252480 kB
Active:           408104 kB
Mem:          3.8G       745M       3.1G       5.7M        50M       319M

MemTotal:        4016004 kB
MemFree:         3252604 kB
Active:           408084 kB
Mem:          3.8G       745M       3.1G       5.7M        50M       319M

MemTotal:        4016004 kB
MemFree:         3252480 kB
Active:           408132 kB
Mem:          3.8G       745M       3.1G       5.7M        50M       319M

MemTotal:        4016004 kB
MemFree:         3252604 kB
Active:           408100 kB
Mem:          3.8G       745M       3.1G       5.7M        50M       319M

MemTotal:        4016004 kB
MemFree:         3252356 kB
Active:           408140 kB
Mem:          3.8G       745M       3.1G       5.7M        50M       319M

MemTotal:        4016004 kB
MemFree:         3252712 kB
Active:           408132 kB
Mem:          3.8G       745M       3.1G       5.7M        50M       319M

MemTotal:        4016004 kB
MemFree:         3252696 kB
Active:           408088 kB
Mem:          3.8G       745M       3.1G       5.7M        50M       319M

MemTotal:        4016004 kB
MemFree:         3252572 kB
Active:           408140 kB
Mem:          3.8G       745M       3.1G       5.7M        50M       319M

MemTotal:        4016004 kB
MemFree:         3252556 kB
Active:           408144 kB
Mem:          3.8G       745M       3.1G       5.7M        50M       319M

MemTotal:        4016004 kB
MemFree:         3252804 kB
Active:           408136 kB
Mem:          3.8G       745M       3.1G       5.7M        50M       319M

MemTotal:        4016004 kB
MemFree:         3252680 kB
Active:           408128 kB
Mem:          3.8G       745M       3.1G       5.7M        50M       319M

MemTotal:        4016004 kB
MemFree:         3252184 kB
Active:           408156 kB
Mem:          3.8G       745M       3.1G       5.7M        50M       319M

MemTotal:        4016004 kB
MemFree:         3252540 kB
Active:           408104 kB
Mem:          3.8G       745M       3.1G       5.7M        50M       319M

MemTotal:        4016004 kB
MemFree:         3252648 kB
Active:           408148 kB
Mem:          3.8G       745M       3.1G       5.7M        50M       319M

MemTotal:        4016004 kB
MemFree:         3252508 kB
Active:           408160 kB
Mem:          3.8G       745M       3.1G       5.7M        50M       319M

MemTotal:        4016004 kB
MemFree:         3252384 kB
Active:           408160 kB
Mem:          3.8G       745M       3.1G       5.7M        50M       319M

MemTotal:        4016004 kB
MemFree:         3252740 kB
Active:           408132 kB
Mem:          3.8G       745M       3.1G       5.7M        50M       319M

MemTotal:        4016004 kB
MemFree:         3252740 kB
Active:           408148 kB
Mem:          3.8G       745M       3.1G       5.7M        50M       319M

MemTotal:        4016004 kB
MemFree:         3250504 kB
Active:           408128 kB
Mem:          3.8G       747M       3.1G       5.7M        50M       319M

MemTotal:        4016004 kB
MemFree:         3250504 kB
Active:           410184 kB
Mem:          3.8G       747M       3.1G       5.7M        50M       319M

MemTotal:        4016004 kB
MemFree:         3250488 kB
Active:           410140 kB
Mem:          3.8G       747M       3.1G       5.7M        50M       319M

MemTotal:        4016004 kB
MemFree:         3250488 kB
Active:           410148 kB
Mem:          3.8G       747M       3.1G       5.7M        50M       319M

MemTotal:        4016004 kB
MemFree:         3250240 kB
Active:           410200 kB
Mem:          3.8G       747M       3.1G       5.7M        50M       319M

MemTotal:        4016004 kB
MemFree:         3250240 kB
Active:           410156 kB
Mem:          3.8G       747M       3.1G       5.7M        50M       319M

MemTotal:        4016004 kB
MemFree:         3250256 kB
Active:           410152 kB
Mem:          3.8G       747M       3.1G       5.7M        50M       319M

MemTotal:        4016004 kB
MemFree:         3249884 kB
Active:           410212 kB
Mem:          3.8G       747M       3.1G       5.7M        50M       319M

MemTotal:        4016004 kB
MemFree:         3250256 kB
Active:           410184 kB
Mem:          3.8G       747M       3.1G       5.7M        50M       319M

MemTotal:        4016004 kB
MemFree:         3250628 kB
Active:           410224 kB
Mem:          3.8G       747M       3.1G       5.7M        50M       319M

MemTotal:        4016004 kB
MemFree:         3250068 kB
Active:           408136 kB
Mem:          3.8G       748M       3.1G       5.7M        50M       319M

MemTotal:        4016004 kB
MemFree:         3250440 kB
Active:           408148 kB
Mem:          3.8G       747M       3.1G       5.7M        50M       319M

MemTotal:        4016004 kB
MemFree:         3250440 kB
Active:           408136 kB
Mem:          3.8G       747M       3.1G       5.7M        50M       319M

MemTotal:        4016004 kB
MemFree:         3250068 kB
Active:           410208 kB
Mem:          3.8G       748M       3.1G       5.7M        50M       319M

MemTotal:        4016004 kB
MemFree:         3250316 kB
Active:           410188 kB
Mem:          3.8G       747M       3.1G       5.7M        50M       319M

MemTotal:        4016004 kB
MemFree:         3250192 kB
Active:           410244 kB
Mem:          3.8G       747M       3.1G       5.7M        50M       319M

MemTotal:        4016004 kB
MemFree:         3250192 kB
Active:           410236 kB
Mem:          3.8G       747M       3.1G       5.7M        50M       319M

MemTotal:        4016004 kB
MemFree:         3250316 kB
Active:           410244 kB
Mem:          3.8G       747M       3.1G       5.7M        50M       319M

MemTotal:        4016004 kB
MemFree:         3250316 kB
Active:           410212 kB
Mem:          3.8G       747M       3.1G       5.7M        50M       319M

MemTotal:        4016004 kB
MemFree:         3249624 kB
Active:           408312 kB
Mem:          3.8G       748M       3.1G       5.7M        50M       319M

MemTotal:        4016004 kB
MemFree:         3250376 kB
Active:           410212 kB
Mem:          3.8G       747M       3.1G       5.7M        50M       319M

MemTotal:        4016004 kB
MemFree:         3250376 kB
Active:           410220 kB
Mem:          3.8G       747M       3.1G       5.7M        50M       319M

MemTotal:        4016004 kB
MemFree:         3250624 kB
Active:           410236 kB
Mem:          3.8G       747M       3.1G       5.7M        50M       319M

MemTotal:        4016004 kB
MemFree:         3250376 kB
Active:           410236 kB
Mem:          3.8G       747M       3.1G       5.7M        50M       319M

MemTotal:        4016004 kB
MemFree:         3250748 kB
Active:           410196 kB
Mem:          3.8G       747M       3.1G       5.7M        50M       319M

MemTotal:        4016004 kB
MemFree:         3250996 kB
Active:           410248 kB
Mem:          3.8G       747M       3.1G       5.7M        50M       319M

MemTotal:        4016004 kB
MemFree:         3250624 kB
Active:           410252 kB
Mem:          3.8G       747M       3.1G       5.7M        50M       319M

MemTotal:        4016004 kB
MemFree:         3250624 kB
Active:           410236 kB
Mem:          3.8G       747M       3.1G       5.7M        50M       319M

MemTotal:        4016004 kB
MemFree:         3250500 kB
Active:           410224 kB
Mem:          3.8G       747M       3.1G       5.7M        50M       319M

MemTotal:        4016004 kB
MemFree:         3248452 kB
Active:           410208 kB
Mem:          3.8G       749M       3.1G       5.7M        50M       319M

MemTotal:        4016004 kB
MemFree:         3248564 kB
Active:           412256 kB
Mem:          3.8G       749M       3.1G       5.7M        50M       319M

MemTotal:        4016004 kB
MemFree:         3248812 kB
Active:           412240 kB
Mem:          3.8G       749M       3.1G       5.7M        50M       319M

MemTotal:        4016004 kB
MemFree:         3248564 kB
Active:           412280 kB
Mem:          3.8G       749M       3.1G       5.7M        50M       319M

MemTotal:        4016004 kB
MemFree:         3248672 kB
Active:           412272 kB
Mem:          3.8G       749M       3.1G       5.7M        50M       319M

MemTotal:        4016004 kB
MemFree:         3248688 kB
Active:           412288 kB
Mem:          3.8G       749M       3.1G       5.7M        50M       319M

MemTotal:        4016004 kB
MemFree:         3248812 kB
Active:           412256 kB
Mem:          3.8G       749M       3.1G       5.7M        50M       319M

MemTotal:        4016004 kB
MemFree:         3248812 kB
Active:           412252 kB
Mem:          3.8G       749M       3.1G       5.7M        50M       319M

MemTotal:        4016004 kB
MemFree:         3249060 kB
Active:           412248 kB
Mem:          3.8G       749M       3.1G       5.7M        50M       319M

MemTotal:        4016004 kB
MemFree:         3249060 kB
Active:           412244 kB
Mem:          3.8G       749M       3.1G       5.7M        50M       319M

MemTotal:        4016004 kB
MemFree:         3247812 kB
Active:           410268 kB
Mem:          3.8G       750M       3.1G       5.7M        50M       319M

MemTotal:        4016004 kB
MemFree:         3248168 kB
Active:           412268 kB
Mem:          3.8G       749M       3.1G       5.7M        50M       319M

MemTotal:        4016004 kB
MemFree:         3248152 kB
Active:           412272 kB
Mem:          3.8G       750M       3.1G       5.7M        50M       319M

MemTotal:        4016004 kB
MemFree:         3248152 kB
Active:           412308 kB
Mem:          3.8G       749M       3.1G       5.7M        50M       319M

MemTotal:        4016004 kB
MemFree:         3247996 kB
Active:           412320 kB
Mem:          3.8G       749M       3.1G       5.7M        50M       319M

MemTotal:        4016004 kB
MemFree:         3247980 kB
Active:           412276 kB
Mem:          3.8G       749M       3.1G       5.7M        50M       319M

MemTotal:        4016004 kB
MemFree:         3248216 kB
Active:           412320 kB
Mem:          3.8G       749M       3.1G       5.7M        50M       319M

MemTotal:        4016004 kB
MemFree:         3248588 kB
Active:           412316 kB
Mem:          3.8G       749M       3.1G       5.7M        50M       319M

MemTotal:        4016004 kB
MemFree:         3248464 kB
Active:           412300 kB
Mem:          3.8G       749M       3.1G       5.7M        50M       319M

MemTotal:        4016004 kB
MemFree:         3248588 kB
Active:           412336 kB
Mem:          3.8G       749M       3.1G       5.7M        50M       319M

MemTotal:        4016004 kB
MemFree:         3248448 kB
Active:           410292 kB
Mem:          3.8G       749M       3.1G       5.7M        50M       319M

MemTotal:        4016004 kB
MemFree:         3248324 kB
Active:           410264 kB
Mem:          3.8G       749M       3.1G       5.7M        50M       319M

MemTotal:        4016004 kB
MemFree:         3248448 kB
Active:           410268 kB
Mem:          3.8G       749M       3.1G       5.7M        50M       319M

MemTotal:        4016004 kB
MemFree:         3247952 kB
Active:           412340 kB
Mem:          3.8G       749M       3.1G       5.7M        50M       319M

MemTotal:        4016004 kB
MemFree:         3248448 kB
Active:           412300 kB
Mem:          3.8G       749M       3.1G       5.7M        50M       319M

MemTotal:        4016004 kB
MemFree:         3248448 kB
Active:           412304 kB
Mem:          3.8G       749M       3.1G       5.7M        50M       319M

MemTotal:        4016004 kB
MemFree:         3248076 kB
Active:           412348 kB
Mem:          3.8G       750M       3.1G       5.7M        50M       319M

MemTotal:        4016004 kB
MemFree:         3247952 kB
Active:           412340 kB
Mem:          3.8G       750M       3.1G       5.7M        50M       319M

MemTotal:        4016004 kB
MemFree:         3248036 kB
Active:           412456 kB
Mem:          3.8G       750M       3.1G       5.7M        50M       319M

MemTotal:        4016004 kB
MemFree:         3203264 kB
Active:           412976 kB
Mem:          3.8G       794M       3.1G       5.7M        50M       363M

MemTotal:        4016004 kB
MemFree:         3152428 kB
Active:           411000 kB
Mem:          3.8G       843M       3.0G       5.7M        50M       411M

MemTotal:        4016004 kB
MemFree:         3104344 kB
Active:           413044 kB
Mem:          3.8G       890M       3.0G       5.7M        50M       457M

MemTotal:        4016004 kB
MemFree:         3054632 kB
Active:           413088 kB
Mem:          3.8G       939M       2.9G       5.7M        50M       505M

MemTotal:        4016004 kB
MemFree:         3004424 kB
Active:           413112 kB
Mem:          3.8G       988M       2.9G       5.7M        50M       553M

MemTotal:        4016004 kB
MemFree:         2955332 kB
Active:           413136 kB
Mem:          3.8G       1.0G       2.8G       5.7M        50M       601M

MemTotal:        4016004 kB
MemFree:         2905868 kB
Active:           413156 kB
Mem:          3.8G       1.1G       2.8G       5.7M        50M       648M

MemTotal:        4016004 kB
MemFree:         2892408 kB
Active:           413144 kB
Mem:          3.8G       1.1G       2.8G       5.7M        50M       660M

MemTotal:        4016004 kB
MemFree:         2851268 kB
Active:           413224 kB
Mem:          3.8G       1.1G       2.7G       5.7M        50M       700M

MemTotal:        4016004 kB
MemFree:         2803680 kB
Active:           413224 kB
Mem:          3.8G       1.2G       2.7G       5.7M        50M       747M

MemTotal:        4016004 kB
MemFree:         2792612 kB
Active:           413264 kB
Mem:          3.8G       1.2G       2.7G       5.7M        50M       756M

MemTotal:        4016004 kB
MemFree:         2750976 kB
Active:           413272 kB
Mem:          3.8G       1.2G       2.6G       5.7M        50M       797M

MemTotal:        4016004 kB
MemFree:         2701512 kB
Active:           413360 kB
Mem:          3.8G       1.3G       2.6G       5.7M        51M       844M

MemTotal:        4016004 kB
MemFree:         2691180 kB
Active:           413356 kB
Mem:          3.8G       1.3G       2.6G       5.7M        51M       853M

MemTotal:        4016004 kB
MemFree:         2653964 kB
Active:           413400 kB
Mem:          3.8G       1.3G       2.5G       5.7M        51M       890M

MemTotal:        4016004 kB
MemFree:         2628020 kB
Active:           413436 kB
Mem:          3.8G       1.3G       2.5G       5.7M        51M       914M

MemTotal:        4016004 kB
MemFree:         2628276 kB
Active:           413408 kB
Mem:          3.8G       1.3G       2.5G       5.7M        51M       916M

MemTotal:        4016004 kB
MemFree:         2579092 kB
Active:           413440 kB
Mem:          3.8G       1.4G       2.5G       5.7M        51M       963M

MemTotal:        4016004 kB
MemFree:         2528884 kB
Active:           413456 kB
Mem:          3.8G       1.4G       2.4G       5.7M        51M       1.0G

MemTotal:        4016004 kB
MemFree:         2480164 kB
Active:           413484 kB
Mem:          3.8G       1.5G       2.4G       5.7M        51M       1.0G

MemTotal:        4016004 kB
MemFree:         2430700 kB
Active:           413524 kB
Mem:          3.8G       1.5G       2.3G       5.7M        51M       1.1G

MemTotal:        4016004 kB
MemFree:         2382120 kB
Active:           413560 kB
Mem:          3.8G       1.6G       2.3G       5.7M        51M       1.1G

MemTotal:        4016004 kB
MemFree:         2334048 kB
Active:           413552 kB
Mem:          3.8G       1.6G       2.2G       5.7M        51M       1.2G

MemTotal:        4016004 kB
MemFree:         2285052 kB
Active:           413604 kB
Mem:          3.8G       1.7G       2.2G       5.7M        51M       1.2G

MemTotal:        4016004 kB
MemFree:         2239200 kB
Active:           413596 kB
Mem:          3.8G       1.7G       2.1G       5.7M        51M       1.3G

MemTotal:        4016004 kB
MemFree:         2237544 kB
Active:           413644 kB
Mem:          3.8G       1.7G       2.1G       5.7M        51M       1.3G

MemTotal:        4016004 kB
MemFree:         2237360 kB
Active:           413648 kB
Mem:          3.8G       1.7G       2.1G       5.7M        51M       1.3G

MemTotal:        4016004 kB
MemFree:         2234596 kB
Active:           413612 kB
Mem:          3.8G       1.7G       2.1G       5.7M        51M       1.3G

MemTotal:        4016004 kB
MemFree:         2185660 kB
Active:           413652 kB
Mem:          3.8G       1.7G       2.1G       5.7M        51M       1.3G

MemTotal:        4016004 kB
MemFree:         2135320 kB
Active:           411916 kB
Mem:          3.8G       1.8G       2.0G       5.7M        51M       1.4G

MemTotal:        4016004 kB
MemFree:         2085624 kB
Active:           413836 kB
Mem:          3.8G       1.8G       2.0G       5.7M        51M       1.4G

MemTotal:        4016004 kB
MemFree:         2036640 kB
Active:           413876 kB
Mem:          3.8G       1.9G       1.9G       5.7M        51M       1.4G

MemTotal:        4016004 kB
MemFree:         1987440 kB
Active:           413900 kB
Mem:          3.8G       1.9G       1.9G       5.7M        51M       1.5G

MemTotal:        4016004 kB
MemFree:         1938224 kB
Active:           413912 kB
Mem:          3.8G       2.0G       1.8G       5.7M        51M       1.5G

MemTotal:        4016004 kB
MemFree:         1889876 kB
Active:           413956 kB
Mem:          3.8G       2.0G       1.8G       5.7M        51M       1.6G

MemTotal:        4016004 kB
MemFree:         1867536 kB
Active:           413944 kB
Mem:          3.8G       2.0G       1.8G       5.7M        51M       1.6G

MemTotal:        4016004 kB
MemFree:         1825376 kB
Active:           413984 kB
Mem:          3.8G       2.1G       1.7G       5.7M        51M       1.6G

MemTotal:        4016004 kB
MemFree:         1785600 kB
Active:           414028 kB
Mem:          3.8G       2.1G       1.7G       5.7M        51M       1.7G

MemTotal:        4016004 kB
MemFree:         1780532 kB
Active:           414036 kB
Mem:          3.8G       2.1G       1.7G       5.7M        51M       1.7G

MemTotal:        4016004 kB
MemFree:         1731004 kB
Active:           412024 kB
Mem:          3.8G       2.2G       1.7G       5.7M        51M       1.7G

MemTotal:        4016004 kB
MemFree:         1722060 kB
Active:           414076 kB
Mem:          3.8G       2.2G       1.6G       5.7M        51M       1.7G

MemTotal:        4016004 kB
MemFree:         1709392 kB
Active:           414072 kB
Mem:          3.8G       2.2G       1.6G       5.7M        51M       1.8G

MemTotal:        4016004 kB
MemFree:         1660628 kB
Active:           414112 kB
Mem:          3.8G       2.2G       1.6G       5.7M        51M       1.8G

MemTotal:        4016004 kB
MemFree:         1612564 kB
Active:           414096 kB
Mem:          3.8G       2.3G       1.5G       5.7M        51M       1.8G

MemTotal:        4016004 kB
MemFree:         1563596 kB
Active:           414144 kB
Mem:          3.8G       2.3G       1.5G       5.7M        51M       1.9G

MemTotal:        4016004 kB
MemFree:         1514892 kB
Active:           414184 kB
Mem:          3.8G       2.4G       1.4G       5.7M        51M       1.9G

MemTotal:        4016004 kB
MemFree:         1465924 kB
Active:           414176 kB
Mem:          3.8G       2.4G       1.4G       5.7M        51M       2.0G

MemTotal:        4016004 kB
MemFree:         1416984 kB
Active:           414196 kB
Mem:          3.8G       2.5G       1.4G       5.7M        51M       2.0G

MemTotal:        4016004 kB
MemFree:         1367648 kB
Active:           414236 kB
Mem:          3.8G       2.5G       1.3G       5.7M        51M       2.1G

MemTotal:        4016004 kB
MemFree:         1333028 kB
Active:           414284 kB
Mem:          3.8G       2.6G       1.3G       5.7M        51M       2.1G

MemTotal:        4016004 kB
MemFree:         1332904 kB
Active:           414288 kB
Mem:          3.8G       2.6G       1.3G       5.7M        51M       2.1G

MemTotal:        4016004 kB
MemFree:         1333048 kB
Active:           414320 kB
Mem:          3.8G       2.6G       1.3G       5.7M        51M       2.1G

MemTotal:        4016004 kB
MemFree:         1311732 kB
Active:           414380 kB
Mem:          3.8G       2.6G       1.2G       5.7M        51M       2.1G

MemTotal:        4016004 kB
MemFree:         1262672 kB
Active:           414388 kB
Mem:          3.8G       2.6G       1.2G       5.7M        51M       2.2G

MemTotal:        4016004 kB
MemFree:         1213828 kB
Active:           414416 kB
Mem:          3.8G       2.7G       1.2G       5.7M        51M       2.2G

MemTotal:        4016004 kB
MemFree:         1163636 kB
Active:           414448 kB
Mem:          3.8G       2.7G       1.1G       5.7M        51M       2.3G

MemTotal:        4016004 kB
MemFree:         1114592 kB
Active:           414484 kB
Mem:          3.8G       2.8G       1.1G       5.7M        51M       2.3G

MemTotal:        4016004 kB
MemFree:         1065624 kB
Active:           414492 kB
Mem:          3.8G       2.8G       1.0G       5.7M        51M       2.4G

MemTotal:        4016004 kB
MemFree:         1016904 kB
Active:           414516 kB
Mem:          3.8G       2.9G       992M       5.7M        51M       2.4G

MemTotal:        4016004 kB
MemFree:          972896 kB
Active:           414516 kB
Mem:          3.8G       2.9G       949M       5.7M        51M       2.4G

MemTotal:        4016004 kB
MemFree:          961768 kB
Active:           414532 kB
Mem:          3.8G       2.9G       938M       5.7M        51M       2.5G

MemTotal:        4016004 kB
MemFree:          912676 kB
Active:           414556 kB
Mem:          3.8G       3.0G       890M       5.7M        51M       2.5G

MemTotal:        4016004 kB
MemFree:          879488 kB
Active:           414584 kB
Mem:          3.8G       3.0G       858M       5.7M        52M       2.5G

MemTotal:        4016004 kB
MemFree:          830368 kB
Active:           414648 kB
Mem:          3.8G       3.0G       810M       5.7M        52M       2.6G

MemTotal:        4016004 kB
MemFree:          782368 kB
Active:           414644 kB
Mem:          3.8G       3.1G       763M       5.7M        52M       2.6G

MemTotal:        4016004 kB
MemFree:          758192 kB
Active:           414696 kB
Mem:          3.8G       3.1G       739M       5.7M        52M       2.6G

MemTotal:        4016004 kB
MemFree:          708372 kB
Active:           414744 kB
Mem:          3.8G       3.2G       691M       5.7M        52M       2.7G

MemTotal:        4016004 kB
MemFree:          660048 kB
Active:           412900 kB
Mem:          3.8G       3.2G       644M       5.7M        52M       2.7G

MemTotal:        4016004 kB
MemFree:          610884 kB
Active:           414856 kB
Mem:          3.8G       3.2G       595M       5.7M        52M       2.8G

MemTotal:        4016004 kB
MemFree:          562040 kB
Active:           414876 kB
Mem:          3.8G       3.3G       547M       5.7M        52M       2.8G

MemTotal:        4016004 kB
MemFree:          539080 kB
Active:           414752 kB
Mem:          3.8G       3.3G       526M       5.7M        52M       2.9G

MemTotal:        4016004 kB
MemFree:          501600 kB
Active:           414776 kB
Mem:          3.8G       3.4G       488M       5.7M        52M       2.9G

MemTotal:        4016004 kB
MemFree:          450616 kB
Active:           414808 kB
Mem:          3.8G       3.4G       439M       5.7M        52M       2.9G

MemTotal:        4016004 kB
MemFree:          401060 kB
Active:           414832 kB
Mem:          3.8G       3.4G       390M       5.7M        52M       3.0G

MemTotal:        4016004 kB
MemFree:          351936 kB
Active:           414880 kB
Mem:          3.8G       3.5G       342M       5.7M        52M       3.0G

MemTotal:        4016004 kB
MemFree:          304860 kB
Active:           414908 kB
Mem:          3.8G       3.5G       297M       5.7M        52M       3.1G

MemTotal:        4016004 kB
MemFree:          297992 kB
Active:           414932 kB
Mem:          3.8G       3.5G       290M       5.7M        52M       3.1G

MemTotal:        4016004 kB
MemFree:          295664 kB
Active:           414936 kB
Mem:          3.8G       3.5G       288M       5.7M        52M       3.1G

MemTotal:        4016004 kB
MemFree:          295448 kB
Active:           416984 kB
Mem:          3.8G       3.5G       288M       5.7M        52M       3.1G

MemTotal:        4016004 kB
MemFree:          268200 kB
Active:           417032 kB
Mem:          3.8G       3.6G       260M       5.7M        52M       3.1G

MemTotal:        4016004 kB
MemFree:          219000 kB
Active:           417060 kB
Mem:          3.8G       3.6G       213M       5.7M        52M       3.2G

MemTotal:        4016004 kB
MemFree:          170652 kB
Active:           417084 kB
Mem:          3.8G       3.7G       165M       5.7M        52M       3.2G

MemTotal:        4016004 kB
MemFree:          121436 kB
Active:           417108 kB
Mem:          3.8G       3.7G       117M       5.7M        52M       3.2G

MemTotal:        4016004 kB
MemFree:          107416 kB
Active:           414056 kB
Mem:          3.8G       3.7G       102M       5.7M        19M       3.3G

MemTotal:        4016004 kB
MemFree:          127536 kB
Active:           438068 kB
Mem:          3.8G       3.7G       123M       5.7M        19M       3.3G

MemTotal:        4016004 kB
MemFree:          135220 kB
Active:           478948 kB
Mem:          3.8G       3.7G       130M       5.7M        19M       3.3G

MemTotal:        4016004 kB
MemFree:          105240 kB
Active:           478988 kB
Mem:          3.8G       3.7G       125M       5.7M        19M       3.3G

MemTotal:        4016004 kB
MemFree:          123232 kB
Active:           472456 kB
Mem:          3.8G       3.7G       119M       5.7M        19M       3.3G

MemTotal:        4016004 kB
MemFree:          127536 kB
Active:           465636 kB
Mem:          3.8G       3.7G       124M       5.7M        19M       3.3G

MemTotal:        4016004 kB
MemFree:          123260 kB
Active:           460896 kB
Mem:          3.8G       3.7G       120M       5.7M        19M       3.3G

MemTotal:        4016004 kB
MemFree:          110236 kB
Active:           460936 kB
Mem:          3.8G       3.7G       106M       5.7M        19M       3.3G

MemTotal:        4016004 kB
MemFree:          115956 kB
Active:           455996 kB
Mem:          3.8G       3.7G       112M       5.7M        19M       3.3G

MemTotal:        4016004 kB
MemFree:          126560 kB
Active:           450776 kB
Mem:          3.8G       3.7G       123M       5.7M        19M       3.3G

MemTotal:        4016004 kB
MemFree:          122004 kB
Active:           446016 kB
Mem:          3.8G       3.7G       117M       5.7M        19M       3.3G

MemTotal:        4016004 kB
MemFree:          109244 kB
Active:           442632 kB
Mem:          3.8G       3.7G       105M       5.7M        19M       3.3G

MemTotal:        4016004 kB
MemFree:          115704 kB
Active:           437660 kB
Mem:          3.8G       3.7G       112M       5.7M        19M       3.3G

MemTotal:        4016004 kB
MemFree:          125368 kB
Active:           431220 kB
Mem:          3.8G       3.7G       121M       5.7M        19M       3.3G

MemTotal:        4016004 kB
MemFree:          125380 kB
Active:           428632 kB
Mem:          3.8G       3.7G       121M       5.7M        19M       3.3G

MemTotal:        4016004 kB
MemFree:          122000 kB
Active:           427168 kB
Mem:          3.8G       3.7G       118M       5.7M        19M       3.3G

MemTotal:        4016004 kB
MemFree:          110372 kB
Active:           426108 kB
Mem:          3.8G       3.7G       106M       5.7M        19M       3.3G

MemTotal:        4016004 kB
MemFree:          133192 kB
Active:           423848 kB
Mem:          3.8G       3.7G       129M       5.7M        20M       3.3G

MemTotal:        4016004 kB
MemFree:          118688 kB
Active:           423752 kB
Mem:          3.8G       3.7G       115M       5.7M        20M       3.3G

MemTotal:        4016004 kB
MemFree:          133156 kB
Active:           422632 kB
Mem:          3.8G       3.7G       129M       5.7M        20M       3.3G

MemTotal:        4016004 kB
MemFree:          125232 kB
Active:           422524 kB
Mem:          3.8G       3.7G       122M       5.7M        20M       3.3G

MemTotal:        4016004 kB
MemFree:          120900 kB
Active:           422548 kB
Mem:          3.8G       3.7G       116M       5.7M        20M       3.3G

MemTotal:        4016004 kB
MemFree:          105532 kB
Active:           421404 kB
Mem:          3.8G       3.7G       125M       5.7M        20M       3.3G

MemTotal:        4016004 kB
MemFree:          108148 kB
Active:           421912 kB
Mem:          3.8G       3.7G       104M       5.7M        20M       3.3G

MemTotal:        4016004 kB
MemFree:          131612 kB
Active:           419784 kB
Mem:          3.8G       3.7G       128M       5.7M        20M       3.3G

MemTotal:        4016004 kB
MemFree:          118960 kB
Active:           418524 kB
Mem:          3.8G       3.7G       116M       5.7M        20M       3.3G

MemTotal:        4016004 kB
MemFree:          118848 kB
Active:           416856 kB
Mem:          3.8G       3.7G       114M       5.7M        20M       3.3G

MemTotal:        4016004 kB
MemFree:          105344 kB
Active:           415756 kB
Mem:          3.8G       3.7G       125M       5.7M        20M       3.3G

MemTotal:        4016004 kB
MemFree:          122900 kB
Active:           413724 kB
Mem:          3.8G       3.7G       119M       5.7M        20M       3.3G

MemTotal:        4016004 kB
MemFree:          108404 kB
Active:           412608 kB
Mem:          3.8G       3.7G       105M       5.7M        20M       3.3G

MemTotal:        4016004 kB
MemFree:          108044 kB
Active:           412636 kB
Mem:          3.8G       3.7G       105M       5.7M        20M       3.3G

MemTotal:        4016004 kB
MemFree:          134868 kB
Active:           410976 kB
Mem:          3.8G       3.7G       130M       5.7M        20M       3.3G

MemTotal:        4016004 kB
MemFree:          122980 kB
Active:           409848 kB
Mem:          3.8G       3.7G       119M       5.7M        20M       3.3G

MemTotal:        4016004 kB
MemFree:          121012 kB
Active:           407796 kB
Mem:          3.8G       3.7G       117M       5.7M        20M       3.3G

MemTotal:        4016004 kB
MemFree:          126604 kB
Active:           405820 kB
Mem:          3.8G       3.7G       122M       5.7M        20M       3.3G

MemTotal:        4016004 kB
MemFree:          114464 kB
Active:           404820 kB
Mem:          3.8G       3.7G       110M       5.7M        20M       3.3G

MemTotal:        4016004 kB
MemFree:          125744 kB
Active:           403056 kB
Mem:          3.8G       3.7G       121M       5.7M        20M       3.3G

MemTotal:        4016004 kB
MemFree:          125152 kB
Active:           401404 kB
Mem:          3.8G       3.7G       125M       5.7M        20M       3.3G

MemTotal:        4016004 kB
MemFree:          105620 kB
Active:           400040 kB
Mem:          3.8G       3.7G       125M       5.7M        20M       3.3G

MemTotal:        4016004 kB
MemFree:          127072 kB
Active:           398164 kB
Mem:          3.8G       3.7G       123M       5.7M        20M       3.3G

MemTotal:        4016004 kB
MemFree:          120788 kB
Active:           396624 kB
Mem:          3.8G       3.7G       116M       5.7M        20M       3.3G

MemTotal:        4016004 kB
MemFree:          123048 kB
Active:           395516 kB
Mem:          3.8G       3.7G       120M       5.7M        20M       3.3G

MemTotal:        4016004 kB
MemFree:          140656 kB
Active:           393892 kB
Mem:          3.8G       3.7G       136M       5.7M        20M       3.3G

MemTotal:        4016004 kB
MemFree:          135456 kB
Active:           392764 kB
Mem:          3.8G       3.7G       131M       5.7M        20M       3.3G

MemTotal:        4016004 kB
MemFree:          134772 kB
Active:           392768 kB
Mem:          3.8G       3.7G       131M       5.7M        20M       3.3G

MemTotal:        4016004 kB
MemFree:          111896 kB
Active:           392776 kB
Mem:          3.8G       3.7G       108M       5.7M        20M       3.3G

MemTotal:        4016004 kB
MemFree:          124556 kB
Active:           391140 kB
Mem:          3.8G       3.7G       132M       5.7M        20M       3.3G

MemTotal:        4016004 kB
MemFree:          141216 kB
Active:           388472 kB
Mem:          3.8G       3.7G       137M       5.7M        20M       3.3G

MemTotal:        4016004 kB
MemFree:          129636 kB
Active:           387472 kB
Mem:          3.8G       3.7G       125M       5.7M        20M       3.3G

MemTotal:        4016004 kB
MemFree:          117248 kB
Active:           386348 kB
Mem:          3.8G       3.7G       113M       5.7M        20M       3.3G

MemTotal:        4016004 kB
MemFree:          116764 kB
Active:           384580 kB
Mem:          3.8G       3.7G       113M       5.7M        20M       3.3G

MemTotal:        4016004 kB
MemFree:          122420 kB
Active:           382680 kB
Mem:          3.8G       3.7G       118M       5.7M        20M       3.3G

MemTotal:        4016004 kB
MemFree:          122528 kB
Active:           381552 kB
Mem:          3.8G       3.7G       119M       5.7M        20M       3.3G

MemTotal:        4016004 kB
MemFree:          120996 kB
Active:           381452 kB
Mem:          3.8G       3.7G       118M       5.7M        20M       3.3G

MemTotal:        4016004 kB
MemFree:          120656 kB
Active:           381412 kB
Mem:          3.8G       3.7G       117M       5.7M        20M       3.3G

MemTotal:        4016004 kB
MemFree:          121052 kB
Active:           381444 kB
Mem:          3.8G       3.7G       118M       5.7M        20M       3.3G

MemTotal:        4016004 kB
MemFree:          128992 kB
Active:           380444 kB
Mem:          3.8G       3.7G       125M       5.7M        20M       3.3G

MemTotal:        4016004 kB
MemFree:          116852 kB
Active:           379308 kB
Mem:          3.8G       3.7G       112M       5.7M        20M       3.3G

MemTotal:        4016004 kB
MemFree:          121080 kB
Active:           377188 kB
Mem:          3.8G       3.7G       117M       5.7M        20M       3.3G

MemTotal:        4016004 kB
MemFree:          108956 kB
Active:           376056 kB
Mem:          3.8G       3.7G       105M       5.7M        20M       3.3G

MemTotal:        4016004 kB
MemFree:          131224 kB
Active:           373752 kB
Mem:          3.8G       3.7G       127M       5.7M        20M       3.3G

MemTotal:        4016004 kB
MemFree:          136320 kB
Active:           372112 kB
Mem:          3.8G       3.7G       132M       5.7M        20M       3.3G

MemTotal:        4016004 kB
MemFree:          124180 kB
Active:           373032 kB
Mem:          3.8G       3.7G       120M       5.7M        20M       3.3G

MemTotal:        4016004 kB
MemFree:          104876 kB
Active:           372044 kB
Mem:          3.8G       3.7G       124M       5.7M        20M       3.3G

MemTotal:        4016004 kB
MemFree:          122496 kB
Active:           369888 kB
Mem:          3.8G       3.7G       118M       5.7M        20M       3.3G

MemTotal:        4016004 kB
MemFree:          127160 kB
Active:           368260 kB
Mem:          3.8G       3.7G       122M       5.7M        20M       3.3G

MemTotal:        4016004 kB
MemFree:          120672 kB
Active:           367760 kB
Mem:          3.8G       3.7G       117M       5.7M        21M       3.3G

MemTotal:        4016004 kB
MemFree:          125988 kB
Active:           367248 kB
Mem:          3.8G       3.7G       122M       5.7M        21M       3.3G

MemTotal:        4016004 kB
MemFree:          126796 kB
Active:           366772 kB
Mem:          3.8G       3.7G       123M       5.7M        21M       3.3G

MemTotal:        4016004 kB
MemFree:          126864 kB
Active:           366752 kB
Mem:          3.8G       3.7G       124M       5.7M        21M       3.3G

MemTotal:        4016004 kB
MemFree:          123396 kB
Active:           365756 kB
Mem:          3.8G       3.7G       120M       5.7M        21M       3.3G

MemTotal:        4016004 kB
MemFree:          122044 kB
Active:           364628 kB
Mem:          3.8G       3.7G       118M       5.7M        21M       3.3G

MemTotal:        4016004 kB
MemFree:          110624 kB
Active:           364524 kB
Mem:          3.8G       3.7G       107M       5.7M        21M       3.3G

MemTotal:        4016004 kB
MemFree:          122664 kB
Active:           364552 kB
Mem:          3.8G       3.7G       119M       5.7M        21M       3.3G

MemTotal:        4016004 kB
MemFree:          122924 kB
Active:           364580 kB
Mem:          3.8G       3.7G       119M       5.7M        21M       3.3G

MemTotal:        4016004 kB
MemFree:          128896 kB
Active:           364600 kB
Mem:          3.8G       3.7G       125M       5.7M        21M       3.3G

MemTotal:        4016004 kB
MemFree:          116428 kB
Active:           364520 kB
Mem:          3.8G       3.7G       112M       5.7M        21M       3.3G

MemTotal:        4016004 kB
MemFree:          128192 kB
Active:           364556 kB
Mem:          3.8G       3.7G       123M       5.7M        21M       3.3G

MemTotal:        4016004 kB
MemFree:          139444 kB
Active:           364568 kB
Mem:          3.8G       3.7G       135M       5.7M        21M       3.3G

MemTotal:        4016004 kB
MemFree:          152384 kB
Active:           364604 kB
Mem:          3.8G       3.7G       148M       5.7M        21M       3.2G

MemTotal:        4016004 kB
MemFree:          128172 kB
Active:           364624 kB
Mem:          3.8G       3.7G       124M       5.7M        21M       3.3G

MemTotal:        4016004 kB
MemFree:          127968 kB
Active:           364648 kB
Mem:          3.8G       3.7G       124M       5.7M        21M       3.3G

MemTotal:        4016004 kB
MemFree:          127632 kB
Active:           364652 kB
Mem:          3.8G       3.7G       123M       5.7M        21M       3.3G

MemTotal:        4016004 kB
MemFree:          126924 kB
Active:           364652 kB
Mem:          3.8G       3.7G       123M       5.7M        21M       3.3G

MemTotal:        4016004 kB
MemFree:          121248 kB
Active:           364668 kB
Mem:          3.8G       3.7G       117M       5.7M        21M       3.3G

MemTotal:        4016004 kB
MemFree:          109852 kB
Active:           364676 kB
Mem:          3.8G       3.7G       106M       5.7M        21M       3.3G

MemTotal:        4016004 kB
MemFree:          109556 kB
Active:           364744 kB
Mem:          3.8G       3.7G       105M       5.7M        21M       3.3G

MemTotal:        4016004 kB
MemFree:          113772 kB
Active:           364764 kB
Mem:          3.8G       3.7G       110M       5.7M        21M       3.3G

MemTotal:        4016004 kB
MemFree:          125020 kB
Active:           364792 kB
Mem:          3.8G       3.7G       121M       5.7M        21M       3.3G

MemTotal:        4016004 kB
MemFree:          141972 kB
Active:           364820 kB
Mem:          3.8G       3.7G       138M       5.7M        21M       3.2G

MemTotal:        4016004 kB
MemFree:          110228 kB
Active:           364824 kB
Mem:          3.8G       3.7G       105M       5.7M        21M       3.3G

MemTotal:        4016004 kB
MemFree:          126868 kB
Active:           364660 kB
Mem:          3.8G       3.7G       123M       5.7M        21M       3.3G

MemTotal:        4016004 kB
MemFree:          126632 kB
Active:           364684 kB
Mem:          3.8G       3.7G       123M       5.7M        21M       3.3G

MemTotal:        4016004 kB
MemFree:          115768 kB
Active:           364716 kB
Mem:          3.8G       3.7G       112M       5.7M        21M       3.3G

MemTotal:        4016004 kB
MemFree:          127784 kB
Active:           364736 kB
Mem:          3.8G       3.7G       124M       5.7M        21M       3.3G

MemTotal:        4016004 kB
MemFree:          126432 kB
Active:           364760 kB
Mem:          3.8G       3.7G       122M       5.7M        21M       3.3G

MemTotal:        4016004 kB
MemFree:          136528 kB
Active:           364788 kB
Mem:          3.8G       3.7G       132M       5.7M        21M       3.3G

MemTotal:        4016004 kB
MemFree:          125380 kB
Active:           364812 kB
Mem:          3.8G       3.7G       121M       5.7M        21M       3.3G

MemTotal:        4016004 kB
MemFree:          124836 kB
Active:           364836 kB
Mem:          3.8G       3.7G       121M       5.7M        21M       3.3G

MemTotal:        4016004 kB
MemFree:          120476 kB
Active:           364848 kB
Mem:          3.8G       3.7G       117M       5.7M        21M       3.3G

MemTotal:        4016004 kB
MemFree:          134460 kB
Active:           364864 kB
Mem:          3.8G       3.7G       129M       5.7M        21M       3.3G

MemTotal:        4016004 kB
MemFree:          121316 kB
Active:           364880 kB
Mem:          3.8G       3.7G       118M       5.7M        21M       3.3G

MemTotal:        4016004 kB
MemFree:          121600 kB
Active:           364852 kB
Mem:          3.8G       3.7G       118M       5.7M        21M       3.3G

MemTotal:        4016004 kB
MemFree:          131368 kB
Active:           364888 kB
Mem:          3.8G       3.7G       127M       5.7M        21M       3.3G

MemTotal:        4016004 kB
MemFree:          118872 kB
Active:           364916 kB
Mem:          3.8G       3.7G       115M       5.7M        21M       3.3G

MemTotal:        4016004 kB
MemFree:          123844 kB
Active:           364940 kB
Mem:          3.8G       3.7G       119M       5.7M        21M       3.3G

MemTotal:        4016004 kB
MemFree:          110960 kB
Active:           364972 kB
Mem:          3.8G       3.7G       107M       5.7M        21M       3.3G

MemTotal:        4016004 kB
MemFree:          135276 kB
Active:           365000 kB
Mem:          3.8G       3.7G       130M       5.7M        21M       3.3G

MemTotal:        4016004 kB
MemFree:          132496 kB
Active:           364996 kB
Mem:          3.8G       3.7G       129M       5.7M        21M       3.3G

MemTotal:        4016004 kB
MemFree:          130184 kB
Active:           357856 kB
Mem:          3.8G       3.7G       126M       5.7M        21M       3.3G

MemTotal:        4016004 kB
MemFree:          118456 kB
Active:           359696 kB
Mem:          3.8G       3.7G       115M       5.7M        21M       3.3G

MemTotal:        4016004 kB
MemFree:          112680 kB
Active:           359732 kB
Mem:          3.8G       3.7G       109M       5.7M        21M       3.3G

MemTotal:        4016004 kB
MemFree:          109044 kB
Active:           359764 kB
Mem:          3.8G       3.7G       105M       5.7M        21M       3.3G

MemTotal:        4016004 kB
MemFree:          126044 kB
Active:           359784 kB
Mem:          3.8G       3.7G       122M       5.7M        21M       3.3G

MemTotal:        4016004 kB
MemFree:          128604 kB
Active:           359808 kB
Mem:          3.8G       3.7G       125M       5.7M        21M       3.3G

MemTotal:        4016004 kB
MemFree:          111644 kB
Active:           359836 kB
Mem:          3.8G       3.7G       108M       5.7M        22M       3.3G

MemTotal:        4016004 kB
MemFree:          128644 kB
Active:           359860 kB
Mem:          3.8G       3.7G       124M       5.7M        22M       3.3G

MemTotal:        4016004 kB
MemFree:          122948 kB
Active:           357616 kB
Mem:          3.8G       3.7G       119M       5.7M        22M       3.3G

MemTotal:        4016004 kB
MemFree:          104924 kB
Active:           357636 kB
Mem:          3.8G       3.7G       124M       5.7M        22M       3.3G

MemTotal:        4016004 kB
MemFree:          122932 kB
Active:           357284 kB
Mem:          3.8G       3.7G       119M       5.7M        22M       3.3G

MemTotal:        4016004 kB
MemFree:          127672 kB
Active:           357312 kB
Mem:          3.8G       3.7G       123M       5.7M        22M       3.3G

MemTotal:        4016004 kB
MemFree:          131532 kB
Active:           357340 kB
Mem:          3.8G       3.7G       128M       5.7M        22M       3.3G

MemTotal:        4016004 kB
MemFree:          115084 kB
Active:           357308 kB
Mem:          3.8G       3.7G       112M       5.7M        22M       3.3G

MemTotal:        4016004 kB
MemFree:          126992 kB
Active:           357388 kB
Mem:          3.8G       3.7G       122M       5.7M        22M       3.3G

MemTotal:        4016004 kB
MemFree:          109296 kB
Active:           357408 kB
Mem:          3.8G       3.7G       106M       5.7M        22M       3.3G

MemTotal:        4016004 kB
MemFree:          114180 kB
Active:           357420 kB
Mem:          3.8G       3.7G       110M       5.7M        22M       3.3G

MemTotal:        4016004 kB
MemFree:          125956 kB
Active:           357456 kB
Mem:          3.8G       3.7G       121M       5.7M        22M       3.3G

MemTotal:        4016004 kB
MemFree:          136460 kB
Active:           355800 kB
Mem:          3.8G       3.7G       132M       5.7M        22M       3.2G

MemTotal:        4016004 kB
MemFree:          135156 kB
Active:           355668 kB
Mem:          3.8G       3.7G       132M       5.7M        22M       3.2G

MemTotal:        4016004 kB
MemFree:          135092 kB
Active:           355552 kB
Mem:          3.8G       3.7G       131M       5.7M        22M       3.2G

MemTotal:        4016004 kB
MemFree:          133912 kB
Active:           355588 kB
Mem:          3.8G       3.7G       130M       5.7M        22M       3.2G

MemTotal:        4016004 kB
MemFree:          133584 kB
Active:           355632 kB
Mem:          3.8G       3.7G       129M       5.7M        22M       3.2G

MemTotal:        4016004 kB
MemFree:          126184 kB
Active:           355644 kB
Mem:          3.8G       3.7G       123M       5.7M        22M       3.3G

MemTotal:        4016004 kB
MemFree:          126744 kB
Active:           355684 kB
Mem:          3.8G       3.7G       123M       5.7M        22M       3.3G

MemTotal:        4016004 kB
MemFree:          131088 kB
Active:           355708 kB
Mem:          3.8G       3.7G       128M       5.7M        22M       3.2G

MemTotal:        4016004 kB
MemFree:          121516 kB
Active:           355728 kB
Mem:          3.8G       3.7G       117M       5.7M        22M       3.3G

MemTotal:        4016004 kB
MemFree:          109656 kB
Active:           355748 kB
Mem:          3.8G       3.7G       106M       5.7M        22M       3.3G

MemTotal:        4016004 kB
MemFree:          108800 kB
Active:           355772 kB
Mem:          3.8G       3.7G       105M       5.7M        22M       3.3G

MemTotal:        4016004 kB
MemFree:          114444 kB
Active:           350244 kB
Mem:          3.8G       3.7G       111M       5.7M        22M       3.3G

MemTotal:        4016004 kB
MemFree:          126692 kB
Active:           350268 kB
Mem:          3.8G       3.7G       122M       5.7M        22M       3.3G

MemTotal:        4016004 kB
MemFree:          109508 kB
Active:           350292 kB
Mem:          3.8G       3.7G       106M       5.7M        22M       3.3G

MemTotal:        4016004 kB
MemFree:          125412 kB
Active:           350320 kB
Mem:          3.8G       3.7G       121M       5.7M        22M       3.3G

MemTotal:        4016004 kB
MemFree:          123736 kB
Active:           350344 kB
Mem:          3.8G       3.7G       120M       5.7M        22M       3.3G

MemTotal:        4016004 kB
MemFree:          123596 kB
Active:           350296 kB
Mem:          3.8G       3.7G       120M       5.7M        22M       3.3G

MemTotal:        4016004 kB
MemFree:          119960 kB
Active:           350320 kB
Mem:          3.8G       3.7G       115M       5.7M        22M       3.3G

MemTotal:        4016004 kB
MemFree:          107900 kB
Active:           350372 kB
Mem:          3.8G       3.7G       103M       5.7M        22M       3.3G

MemTotal:        4016004 kB
MemFree:          132156 kB
Active:           350416 kB
Mem:          3.8G       3.7G       129M       5.7M        22M       3.2G

MemTotal:        4016004 kB
MemFree:          130556 kB
Active:           350440 kB
Mem:          3.8G       3.7G       126M       5.7M        22M       3.2G

MemTotal:        4016004 kB
MemFree:          106140 kB
Active:           350476 kB
Mem:          3.8G       3.7G       102M       5.7M        22M       3.3G

MemTotal:        4016004 kB
MemFree:          124752 kB
Active:           350500 kB
Mem:          3.8G       3.7G       120M       5.7M        22M       3.3G

MemTotal:        4016004 kB
MemFree:          110180 kB
Active:           346940 kB
Mem:          3.8G       3.7G       106M       5.7M        22M       3.3G

MemTotal:        4016004 kB
MemFree:          127428 kB
Active:           346960 kB
Mem:          3.8G       3.7G       123M       5.7M        22M       3.3G

MemTotal:        4016004 kB
MemFree:          127780 kB
Active:           346984 kB
Mem:          3.8G       3.7G       124M       5.7M        22M       3.2G

MemTotal:        4016004 kB
MemFree:          122524 kB
Active:           347012 kB
Mem:          3.8G       3.7G       118M       5.7M        22M       3.3G

MemTotal:        4016004 kB
MemFree:          128100 kB
Active:           347048 kB
Mem:          3.8G       3.7G       124M       5.7M        22M       3.2G

MemTotal:        4016004 kB
MemFree:          135964 kB
Active:           347068 kB
Mem:          3.8G       3.7G       133M       5.7M        22M       3.2G

MemTotal:        4016004 kB
MemFree:          128024 kB
Active:           347088 kB
Mem:          3.8G       3.7G       124M       5.7M        22M       3.2G

MemTotal:        4016004 kB
MemFree:          128336 kB
Active:           347116 kB
Mem:          3.8G       3.7G       125M       5.7M        22M       3.2G

MemTotal:        4016004 kB
MemFree:          128944 kB
Active:           347088 kB
Mem:          3.8G       3.7G       126M       5.7M        22M       3.2G

MemTotal:        4016004 kB
MemFree:          126000 kB
Active:           347096 kB
Mem:          3.8G       3.7G       122M       5.7M        22M       3.3G

MemTotal:        4016004 kB
MemFree:          120572 kB
Active:           347152 kB
Mem:          3.8G       3.7G       116M       5.7M        22M       3.3G

MemTotal:        4016004 kB
MemFree:          126520 kB
Active:           347168 kB
Mem:          3.8G       3.7G       122M       5.7M        22M       3.3G

MemTotal:        4016004 kB
MemFree:          120224 kB
Active:           347200 kB
Mem:          3.8G       3.7G       116M       5.7M        23M       3.3G

MemTotal:        4016004 kB
MemFree:          107044 kB
Active:           347232 kB
Mem:          3.8G       3.7G       104M       5.7M        23M       3.3G

MemTotal:        4016004 kB
MemFree:          114652 kB
Active:           347896 kB
Mem:          3.8G       3.7G       111M       5.7M        23M       3.3G

MemTotal:        4016004 kB
MemFree:          127840 kB
Active:           347928 kB
Mem:          3.8G       3.7G       124M       5.7M        23M       3.2G

MemTotal:        4016004 kB
MemFree:          105964 kB
Active:           347960 kB
Mem:          3.8G       3.7G       103M       5.7M        23M       3.3G

MemTotal:        4016004 kB
MemFree:          124420 kB
Active:           347996 kB
Mem:          3.8G       3.7G       120M       5.7M        23M       3.3G

MemTotal:        4016004 kB
MemFree:          122792 kB
Active:           348004 kB
Mem:          3.8G       3.7G       118M       5.7M        23M       3.3G

MemTotal:        4016004 kB
MemFree:          128112 kB
Active:           348008 kB
Mem:          3.8G       3.7G       124M       5.7M        23M       3.2G

MemTotal:        4016004 kB
MemFree:          116364 kB
Active:           348028 kB
Mem:          3.8G       3.7G       112M       5.7M        23M       3.3G

MemTotal:        4016004 kB
MemFree:          128140 kB
Active:           348092 kB
Mem:          3.8G       3.7G       124M       5.7M        23M       3.2G

MemTotal:        4016004 kB
MemFree:          110064 kB
Active:           348112 kB
Mem:          3.8G       3.7G       106M       5.7M        23M       3.3G

MemTotal:        4016004 kB
MemFree:          133388 kB
Active:           348132 kB
Mem:          3.8G       3.7G       129M       5.7M        23M       3.2G

MemTotal:        4016004 kB
MemFree:          138668 kB
Active:           348164 kB
Mem:          3.8G       3.7G       134M       5.7M        23M       3.2G

MemTotal:        4016004 kB
MemFree:          128468 kB
Active:           348184 kB
Mem:          3.8G       3.7G       124M       5.7M        23M       3.2G

MemTotal:        4016004 kB
MemFree:          117196 kB
Active:           348204 kB
Mem:          3.8G       3.7G       114M       5.7M        23M       3.3G

MemTotal:        4016004 kB
MemFree:          114172 kB
Active:           344972 kB
Mem:          3.8G       3.7G       110M       5.7M        23M       3.3G

MemTotal:        4016004 kB
MemFree:          125872 kB
Active:           345024 kB
Mem:          3.8G       3.7G       122M       5.7M        23M       3.2G

MemTotal:        4016004 kB
MemFree:          147804 kB
Active:           345036 kB
Mem:          3.8G       3.7G       143M       5.7M        23M       3.2G

MemTotal:        4016004 kB
MemFree:          124012 kB
Active:           345092 kB
Mem:          3.8G       3.7G       120M       5.7M        23M       3.2G

MemTotal:        4016004 kB
MemFree:          126448 kB
Active:           345096 kB
Mem:          3.8G       3.7G       123M       5.7M        23M       3.2G

MemTotal:        4016004 kB
MemFree:          113828 kB
Active:           345168 kB
Mem:          3.8G       3.7G       110M       5.7M        23M       3.3G

MemTotal:        4016004 kB
MemFree:          112848 kB
Active:           345192 kB
Mem:          3.8G       3.7G       109M       5.7M        23M       3.3G

MemTotal:        4016004 kB
MemFree:          130344 kB
Active:           345212 kB
Mem:          3.8G       3.7G       126M       5.7M        23M       3.2G

MemTotal:        4016004 kB
MemFree:          112500 kB
Active:           345244 kB
Mem:          3.8G       3.7G       108M       5.7M        23M       3.3G

MemTotal:        4016004 kB
MemFree:          129936 kB
Active:           345280 kB
Mem:          3.8G       3.7G       126M       5.7M        23M       3.2G

MemTotal:        4016004 kB
MemFree:          111984 kB
Active:           345308 kB
Mem:          3.8G       3.7G       108M       5.7M        23M       3.3G

MemTotal:        4016004 kB
MemFree:          126600 kB
Active:           345324 kB
Mem:          3.8G       3.7G       123M       5.7M        23M       3.2G

MemTotal:        4016004 kB
MemFree:          137656 kB
Active:           345352 kB
Mem:          3.8G       3.7G       134M       5.7M        23M       3.2G

MemTotal:        4016004 kB
MemFree:          137892 kB
Active:           345376 kB
Mem:          3.8G       3.7G       133M       5.7M        23M       3.2G

MemTotal:        4016004 kB
MemFree:          126992 kB
Active:           345404 kB
Mem:          3.8G       3.7G       122M       5.7M        23M       3.2G

MemTotal:        4016004 kB
MemFree:          116672 kB
Active:           345128 kB
Mem:          3.8G       3.7G       113M       5.7M        23M       3.3G

MemTotal:        4016004 kB
MemFree:          128340 kB
Active:           344944 kB
Mem:          3.8G       3.7G       124M       5.7M        23M       3.2G

MemTotal:        4016004 kB
MemFree:          116696 kB
Active:           344936 kB
Mem:          3.8G       3.7G       112M       5.7M        23M       3.3G

MemTotal:        4016004 kB
MemFree:          115732 kB
Active:           345008 kB
Mem:          3.8G       3.7G       112M       5.7M        23M       3.3G

MemTotal:        4016004 kB
MemFree:          120580 kB
Active:           345012 kB
Mem:          3.8G       3.7G       116M       5.7M        23M       3.3G

MemTotal:        4016004 kB
MemFree:          113928 kB
Active:           345024 kB
Mem:          3.8G       3.7G       110M       5.7M        23M       3.3G

MemTotal:        4016004 kB
MemFree:          126416 kB
Active:           345072 kB
Mem:          3.8G       3.7G       122M       5.7M        23M       3.2G

MemTotal:        4016004 kB
MemFree:          126472 kB
Active:           345132 kB
Mem:          3.8G       3.7G       122M       5.7M        23M       3.2G

MemTotal:        4016004 kB
MemFree:          138256 kB
Active:           345172 kB
Mem:          3.8G       3.7G       134M       5.7M        23M       3.2G

MemTotal:        4016004 kB
MemFree:          130572 kB
Active:           344844 kB
Mem:          3.8G       3.7G       127M       5.7M        23M       3.2G

MemTotal:        4016004 kB
MemFree:          130572 kB
Active:           344848 kB
Mem:          3.8G       3.7G       127M       5.7M        23M       3.2G

MemTotal:        4016004 kB
MemFree:          130200 kB
Active:           344872 kB
Mem:          3.8G       3.7G       127M       5.7M        23M       3.2G

MemTotal:        4016004 kB
MemFree:          130324 kB
Active:           344848 kB
Mem:          3.8G       3.7G       127M       5.7M        23M       3.2G

MemTotal:        4016004 kB
MemFree:          130200 kB
Active:           344820 kB
Mem:          3.8G       3.7G       127M       5.7M        23M       3.2G

MemTotal:        4016004 kB
MemFree:          130324 kB
Active:           344868 kB
Mem:          3.8G       3.7G       127M       5.7M        23M       3.2G

MemTotal:        4016004 kB
MemFree:          130324 kB
Active:           344848 kB
Mem:          3.8G       3.7G       127M       5.7M        23M       3.2G

MemTotal:        4016004 kB
MemFree:          130200 kB
Active:           344832 kB
Mem:          3.8G       3.7G       126M       5.7M        23M       3.2G

MemTotal:        4016004 kB
MemFree:          129828 kB
Active:           344828 kB
Mem:          3.8G       3.7G       126M       5.7M        23M       3.2G

MemTotal:        4016004 kB
MemFree:          129704 kB
Active:           344888 kB
Mem:          3.8G       3.7G       126M       5.7M        23M       3.2G

MemTotal:        4016004 kB
MemFree:          130324 kB
Active:           344892 kB
Mem:          3.8G       3.7G       127M       5.7M        23M       3.2G

MemTotal:        4016004 kB
MemFree:          130076 kB
Active:           344844 kB
Mem:          3.8G       3.7G       127M       5.7M        23M       3.2G

MemTotal:        4016004 kB
MemFree:          130200 kB
Active:           344892 kB
Mem:          3.8G       3.7G       126M       5.7M        23M       3.2G

MemTotal:        4016004 kB
MemFree:          130076 kB
Active:           344868 kB
Mem:          3.8G       3.7G       127M       5.7M        23M       3.2G

MemTotal:        4016004 kB
MemFree:          130076 kB
Active:           344900 kB
Mem:          3.8G       3.7G       127M       5.7M        23M       3.2G

MemTotal:        4016004 kB
MemFree:          130076 kB
Active:           344864 kB
Mem:          3.8G       3.7G       126M       5.7M        23M       3.2G

MemTotal:        4016004 kB
MemFree:          130200 kB
Active:           344880 kB
Mem:          3.8G       3.7G       126M       5.7M        23M       3.2G

MemTotal:        4016004 kB
MemFree:          130200 kB
Active:           344860 kB
Mem:          3.8G       3.7G       126M       5.7M        23M       3.2G

MemTotal:        4016004 kB
MemFree:          130076 kB
Active:           344904 kB
Mem:          3.8G       3.7G       126M       5.7M        23M       3.2G

MemTotal:        4016004 kB
MemFree:          129952 kB
Active:           344884 kB
Mem:          3.8G       3.7G       126M       5.7M        23M       3.2G

MemTotal:        4016004 kB
MemFree:          130200 kB
Active:           344880 kB
Mem:          3.8G       3.7G       126M       5.7M        23M       3.2G

MemTotal:        4016004 kB
MemFree:          130076 kB
Active:           344900 kB
Mem:          3.8G       3.7G       127M       5.7M        23M       3.2G

MemTotal:        4016004 kB
MemFree:          129952 kB
Active:           344880 kB
Mem:          3.8G       3.7G       126M       5.7M        23M       3.2G

MemTotal:        4016004 kB
MemFree:          129952 kB
Active:           344920 kB
Mem:          3.8G       3.7G       126M       5.7M        23M       3.2G

MemTotal:        4016004 kB
MemFree:          130076 kB
Active:           344876 kB
Mem:          3.8G       3.7G       126M       5.7M        23M       3.2G

MemTotal:        4016004 kB
MemFree:          130072 kB
Active:           344888 kB
Mem:          3.8G       3.7G       126M       5.7M        23M       3.2G

MemTotal:        4016004 kB
MemFree:          130040 kB
Active:           344928 kB
Mem:          3.8G       3.7G       126M       5.7M        23M       3.2G

MemTotal:        4016004 kB
MemFree:          130200 kB
Active:           344892 kB
Mem:          3.8G       3.7G       127M       5.7M        23M       3.2G

MemTotal:        4016004 kB
MemFree:          130200 kB
Active:           344896 kB
Mem:          3.8G       3.7G       127M       5.7M        23M       3.2G

MemTotal:        4016004 kB
MemFree:          130200 kB
Active:           344904 kB
Mem:          3.8G       3.7G       127M       5.7M        23M       3.2G

MemTotal:        4016004 kB
MemFree:          130076 kB
Active:           344892 kB
Mem:          3.8G       3.7G       127M       5.7M        23M       3.2G

MemTotal:        4016004 kB
MemFree:          130076 kB
Active:           344920 kB
Mem:          3.8G       3.7G       127M       5.7M        23M       3.2G

MemTotal:        4016004 kB
MemFree:          129952 kB
Active:           344916 kB
Mem:          3.8G       3.7G       126M       5.7M        23M       3.2G

MemTotal:        4016004 kB
MemFree:          130076 kB
Active:           344932 kB
Mem:          3.8G       3.7G       126M       5.7M        23M       3.2G

MemTotal:        4016004 kB
MemFree:          130076 kB
Active:           344928 kB
Mem:          3.8G       3.7G       126M       5.7M        23M       3.2G

MemTotal:        4016004 kB
MemFree:          130200 kB
Active:           344916 kB
Mem:          3.8G       3.7G       127M       5.7M        23M       3.2G

MemTotal:        4016004 kB
MemFree:          130076 kB
Active:           344908 kB
Mem:          3.8G       3.7G       127M       5.7M        23M       3.2G

MemTotal:        4016004 kB
MemFree:          130324 kB
Active:           344920 kB
Mem:          3.8G       3.7G       127M       5.7M        23M       3.2G

MemTotal:        4016004 kB
MemFree:          130200 kB
Active:           344912 kB
Mem:          3.8G       3.7G       127M       5.7M        23M       3.2G

MemTotal:        4016004 kB
MemFree:          129952 kB
Active:           344908 kB
Mem:          3.8G       3.7G       126M       5.7M        23M       3.2G

MemTotal:        4016004 kB
MemFree:          129952 kB
Active:           344904 kB
Mem:          3.8G       3.7G       126M       5.7M        23M       3.2G

MemTotal:        4016004 kB
MemFree:          130076 kB
Active:           344904 kB
Mem:          3.8G       3.7G       126M       5.7M        23M       3.2G

MemTotal:        4016004 kB
MemFree:          129952 kB
Active:           344908 kB
Mem:          3.8G       3.7G       126M       5.7M        23M       3.2G

MemTotal:        4016004 kB
MemFree:          129812 kB
Active:           345052 kB
Mem:          3.8G       3.7G       126M       5.7M        23M       3.2G

MemTotal:        4016004 kB
MemFree:          126936 kB
Active:           347416 kB
Mem:          3.8G       3.7G       123M       5.7M        26M       3.2G

MemTotal:        4016004 kB
MemFree:          126968 kB
Active:           347204 kB
Mem:          3.8G       3.7G       123M       5.7M        26M       3.2G

MemTotal:        4016004 kB
MemFree:          127092 kB
Active:           347212 kB
Mem:          3.8G       3.7G       123M       5.7M        26M       3.2G

MemTotal:        4016004 kB
MemFree:          127000 kB
Active:           347232 kB
Mem:          3.8G       3.7G       124M       5.7M        26M       3.2G

MemTotal:        4016004 kB
MemFree:          127000 kB
Active:           347224 kB
Mem:          3.8G       3.7G       123M       5.7M        26M       3.2G

MemTotal:        4016004 kB
MemFree:          127124 kB
Active:           347236 kB
Mem:          3.8G       3.7G       124M       5.7M        26M       3.2G

MemTotal:        4016004 kB
MemFree:          127248 kB
Active:           347236 kB
Mem:          3.8G       3.7G       124M       5.7M        26M       3.2G

MemTotal:        4016004 kB
MemFree:          127232 kB
Active:           347236 kB
Mem:          3.8G       3.7G       124M       5.7M        26M       3.2G

MemTotal:        4016004 kB
MemFree:          127000 kB
Active:           347208 kB
Mem:          3.8G       3.7G       124M       5.7M        26M       3.2G

MemTotal:        4016004 kB
MemFree:          127000 kB
Active:           347240 kB
Mem:          3.8G       3.7G       124M       5.7M        26M       3.2G

MemTotal:        4016004 kB
MemFree:          127000 kB
Active:           347216 kB
Mem:          3.8G       3.7G       123M       5.7M        26M       3.2G

MemTotal:        4016004 kB
MemFree:          126380 kB
Active:           347268 kB
Mem:          3.8G       3.7G       123M       5.7M        26M       3.2G

MemTotal:        4016004 kB
MemFree:          126504 kB
Active:           347244 kB
Mem:          3.8G       3.7G       123M       5.7M        26M       3.2G

MemTotal:        4016004 kB
MemFree:          126504 kB
Active:           347272 kB
Mem:          3.8G       3.7G       123M       5.7M        26M       3.2G

MemTotal:        4016004 kB
MemFree:          126876 kB
Active:           347248 kB
Mem:          3.8G       3.7G       123M       5.7M        26M       3.2G

MemTotal:        4016004 kB
MemFree:          126876 kB
Active:           347268 kB
Mem:          3.8G       3.7G       123M       5.7M        26M       3.2G

MemTotal:        4016004 kB
MemFree:          127000 kB
Active:           347236 kB
Mem:          3.8G       3.7G       124M       5.7M        26M       3.2G

MemTotal:        4016004 kB
MemFree:          127000 kB
Active:           347260 kB
Mem:          3.8G       3.7G       124M       5.7M        26M       3.2G

MemTotal:        4016004 kB
MemFree:          127124 kB
Active:           347232 kB
Mem:          3.8G       3.7G       124M       5.7M        26M       3.2G

MemTotal:        4016004 kB
MemFree:          126876 kB
Active:           347284 kB
Mem:          3.8G       3.7G       123M       5.7M        26M       3.2G

MemTotal:        4016004 kB
MemFree:          127124 kB
Active:           347284 kB
Mem:          3.8G       3.7G       124M       5.7M        26M       3.2G

MemTotal:        4016004 kB
MemFree:          127124 kB
Active:           347252 kB
Mem:          3.8G       3.7G       124M       5.7M        26M       3.2G

MemTotal:        4016004 kB
MemFree:          127000 kB
Active:           347236 kB
Mem:          3.8G       3.7G       123M       5.7M        26M       3.2G

MemTotal:        4016004 kB
MemFree:          126504 kB
Active:           347324 kB
Mem:          3.8G       3.7G       123M       5.7M        26M       3.2G

MemTotal:        4016004 kB
MemFree:          127000 kB
Active:           347320 kB
Mem:          3.8G       3.7G       124M       5.7M        26M       3.2G

MemTotal:        4016004 kB
MemFree:          127000 kB
Active:           347296 kB
Mem:          3.8G       3.7G       124M       5.7M        26M       3.2G

MemTotal:        4016004 kB
MemFree:          126860 kB
Active:           347328 kB
Mem:          3.8G       3.7G       123M       5.7M        26M       3.2G

MemTotal:        4016004 kB
MemFree:          127108 kB
Active:           347344 kB
Mem:          3.8G       3.7G       123M       5.7M        26M       3.2G

MemTotal:        4016004 kB
MemFree:          126488 kB
Active:           347360 kB
Mem:          3.8G       3.7G       123M       5.7M        26M       3.2G

MemTotal:        4016004 kB
MemFree:          126860 kB
Active:           347368 kB
Mem:          3.8G       3.7G       123M       5.7M        26M       3.2G

MemTotal:        4016004 kB
MemFree:          127108 kB
Active:           347356 kB
Mem:          3.8G       3.7G       123M       5.7M        26M       3.2G

MemTotal:        4016004 kB
MemFree:          126860 kB
Active:           347364 kB
Mem:          3.8G       3.7G       123M       5.7M        26M       3.2G

MemTotal:        4016004 kB
MemFree:          126860 kB
Active:           347316 kB
Mem:          3.8G       3.7G       123M       5.7M        26M       3.2G

MemTotal:        4016004 kB
MemFree:          126612 kB
Active:           347340 kB
Mem:          3.8G       3.7G       123M       5.7M        26M       3.2G

MemTotal:        4016004 kB
MemFree:          126612 kB
Active:           347320 kB
Mem:          3.8G       3.7G       123M       5.7M        26M       3.2G

MemTotal:        4016004 kB
MemFree:          126736 kB
Active:           347356 kB
Mem:          3.8G       3.7G       123M       5.7M        26M       3.2G

MemTotal:        4016004 kB
MemFree:          126612 kB
Active:           347376 kB
Mem:          3.8G       3.7G       123M       5.7M        26M       3.2G

MemTotal:        4016004 kB
MemFree:          126612 kB
Active:           347336 kB
Mem:          3.8G       3.7G       123M       5.7M        26M       3.2G

MemTotal:        4016004 kB
MemFree:          126612 kB
Active:           347368 kB
Mem:          3.8G       3.7G       123M       5.7M        26M       3.2G

MemTotal:        4016004 kB
MemFree:          126612 kB
Active:           347352 kB
Mem:          3.8G       3.7G       123M       5.7M        26M       3.2G

MemTotal:        4016004 kB
MemFree:          126736 kB
Active:           347372 kB
Mem:          3.8G       3.7G       123M       5.7M        26M       3.2G

MemTotal:        4016004 kB
MemFree:          126860 kB
Active:           347368 kB
Mem:          3.8G       3.7G       123M       5.7M        26M       3.2G

MemTotal:        4016004 kB
MemFree:          126860 kB
Active:           347368 kB
Mem:          3.8G       3.7G       123M       5.7M        26M       3.2G

MemTotal:        4016004 kB
MemFree:          126628 kB
Active:           347368 kB
Mem:          3.8G       3.7G       123M       5.7M        26M       3.2G

MemTotal:        4016004 kB
MemFree:          126752 kB
Active:           347348 kB
Mem:          3.8G       3.7G       123M       5.7M        26M       3.2G

MemTotal:        4016004 kB
MemFree:          126876 kB
Active:           347344 kB
Mem:          3.8G       3.7G       123M       5.7M        26M       3.2G

MemTotal:        4016004 kB
MemFree:          126876 kB
Active:           347348 kB
Mem:          3.8G       3.7G       123M       5.7M        26M       3.2G

MemTotal:        4016004 kB
MemFree:          126876 kB
Active:           347352 kB
Mem:          3.8G       3.7G       123M       5.7M        26M       3.2G

MemTotal:        4016004 kB
MemFree:          126876 kB
Active:           347396 kB
Mem:          3.8G       3.7G       123M       5.7M        26M       3.2G

MemTotal:        4016004 kB
MemFree:          126876 kB
Active:           347388 kB
Mem:          3.8G       3.7G       123M       5.7M        26M       3.2G

MemTotal:        4016004 kB
MemFree:          126876 kB
Active:           347360 kB
Mem:          3.8G       3.7G       123M       5.7M        26M       3.2G

MemTotal:        4016004 kB
MemFree:          126752 kB
Active:           347364 kB
Mem:          3.8G       3.7G       123M       5.7M        26M       3.2G

MemTotal:        4016004 kB
MemFree:          126628 kB
Active:           347340 kB
Mem:          3.8G       3.7G       123M       5.7M        26M       3.2G

MemTotal:        4016004 kB
MemFree:          126752 kB
Active:           347360 kB
Mem:          3.8G       3.7G       123M       5.7M        26M       3.2G

MemTotal:        4016004 kB
MemFree:          127372 kB
Active:           347348 kB
Mem:          3.8G       3.7G       124M       5.7M        26M       3.2G

MemTotal:        4016004 kB
MemFree:          126876 kB
Active:           347396 kB
Mem:          3.8G       3.7G       124M       5.7M        26M       3.2G

MemTotal:        4016004 kB
MemFree:          127248 kB
Active:           347388 kB
Mem:          3.8G       3.7G       124M       5.7M        26M       3.2G

MemTotal:        4016004 kB
MemFree:          127248 kB
Active:           347404 kB
Mem:          3.8G       3.7G       124M       5.7M        26M       3.2G

MemTotal:        4016004 kB
MemFree:          126876 kB
Active:           347384 kB
Mem:          3.8G       3.7G       123M       5.7M        26M       3.2G

MemTotal:        4016004 kB
MemFree:          126752 kB
Active:           347408 kB
Mem:          3.8G       3.7G       123M       5.7M        26M       3.2G

MemTotal:        4016004 kB
MemFree:          126752 kB
Active:           347392 kB
Mem:          3.8G       3.7G       123M       5.7M        26M       3.2G

MemTotal:        4016004 kB
MemFree:          126628 kB
Active:           347380 kB
Mem:          3.8G       3.7G       123M       5.7M        26M       3.2G

MemTotal:        4016004 kB
MemFree:          126752 kB
Active:           347420 kB
Mem:          3.8G       3.7G       123M       5.7M        26M       3.2G

MemTotal:        4016004 kB
MemFree:          126752 kB
Active:           347392 kB
Mem:          3.8G       3.7G       123M       5.7M        26M       3.2G

MemTotal:        4016004 kB
MemFree:          126876 kB
Active:           347380 kB
Mem:          3.8G       3.7G       123M       5.7M        26M       3.2G

MemTotal:        4016004 kB
MemFree:          126876 kB
Active:           347420 kB
Mem:          3.8G       3.7G       123M       5.7M        26M       3.2G

MemTotal:        4016004 kB
MemFree:          126736 kB
Active:           347408 kB
Mem:          3.8G       3.7G       123M       5.7M        26M       3.2G

MemTotal:        4016004 kB
MemFree:          126736 kB
Active:           347432 kB
Mem:          3.8G       3.7G       123M       5.7M        26M       3.2G

MemTotal:        4016004 kB
MemFree:          126612 kB
Active:           347424 kB
Mem:          3.8G       3.7G       123M       5.7M        26M       3.2G

MemTotal:        4016004 kB
MemFree:          126736 kB
Active:           347428 kB
Mem:          3.8G       3.7G       123M       5.7M        26M       3.2G

MemTotal:        4016004 kB
MemFree:          126612 kB
Active:           347400 kB
Mem:          3.8G       3.7G       123M       5.7M        26M       3.2G

MemTotal:        4016004 kB
MemFree:          126736 kB
Active:           347432 kB
Mem:          3.8G       3.7G       123M       5.7M        26M       3.2G

MemTotal:        4016004 kB
MemFree:          126612 kB
Active:           347436 kB
Mem:          3.8G       3.7G       123M       5.7M        26M       3.2G

MemTotal:        4016004 kB
MemFree:          126612 kB
Active:           347408 kB
Mem:          3.8G       3.7G       123M       5.7M        26M       3.2G

MemTotal:        4016004 kB
MemFree:          126612 kB
Active:           347444 kB
Mem:          3.8G       3.7G       123M       5.7M        26M       3.2G

MemTotal:        4016004 kB
MemFree:          126612 kB
Active:           347392 kB
Mem:          3.8G       3.7G       123M       5.7M        26M       3.2G

MemTotal:        4016004 kB
MemFree:          126488 kB
Active:           347440 kB
Mem:          3.8G       3.7G       123M       5.7M        26M       3.2G

MemTotal:        4016004 kB
MemFree:          126488 kB
Active:           347420 kB
Mem:          3.8G       3.7G       123M       5.7M        26M       3.2G

MemTotal:        4016004 kB
MemFree:          126488 kB
Active:           347456 kB
Mem:          3.8G       3.7G       123M       5.7M        26M       3.2G

MemTotal:        4016004 kB
MemFree:          126580 kB
Active:           347436 kB
Mem:          3.8G       3.7G       123M       5.7M        26M       3.2G

MemTotal:        4016004 kB
MemFree:          126612 kB
Active:           347444 kB
Mem:          3.8G       3.7G       123M       5.7M        26M       3.2G

MemTotal:        4016004 kB
MemFree:          126736 kB
Active:           347464 kB
Mem:          3.8G       3.7G       123M       5.7M        26M       3.2G

MemTotal:        4016004 kB
MemFree:          126488 kB
Active:           347464 kB
Mem:          3.8G       3.7G       123M       5.7M        26M       3.2G

MemTotal:        4016004 kB
MemFree:          126488 kB
Active:           347468 kB
Mem:          3.8G       3.7G       123M       5.7M        26M       3.2G

MemTotal:        4016004 kB
MemFree:          126488 kB
Active:           347472 kB
Mem:          3.8G       3.7G       123M       5.7M        26M       3.2G

MemTotal:        4016004 kB
MemFree:          126488 kB
Active:           347464 kB
Mem:          3.8G       3.7G       123M       5.7M        26M       3.2G

MemTotal:        4016004 kB
MemFree:          126488 kB
Active:           347480 kB
Mem:          3.8G       3.7G       123M       5.7M        26M       3.2G

MemTotal:        4016004 kB
MemFree:          126612 kB
Active:           347476 kB
Mem:          3.8G       3.7G       123M       5.7M        26M       3.2G

MemTotal:        4016004 kB
MemFree:          126612 kB
Active:           347452 kB
Mem:          3.8G       3.7G       123M       5.7M        26M       3.2G

MemTotal:        4016004 kB
MemFree:          126612 kB
Active:           347468 kB
Mem:          3.8G       3.7G       123M       5.7M        26M       3.2G

MemTotal:        4016004 kB
MemFree:          126612 kB
Active:           347464 kB
Mem:          3.8G       3.7G       123M       5.7M        26M       3.2G

MemTotal:        4016004 kB
MemFree:          126612 kB
Active:           347440 kB
Mem:          3.8G       3.7G       123M       5.7M        26M       3.2G

MemTotal:        4016004 kB
MemFree:          126488 kB
Active:           347440 kB
Mem:          3.8G       3.7G       123M       5.7M        26M       3.2G

MemTotal:        4016004 kB
MemFree:          126612 kB
Active:           347472 kB
Mem:          3.8G       3.7G       123M       5.7M        26M       3.2G

MemTotal:        4016004 kB
MemFree:          126364 kB
Active:           347440 kB
Mem:          3.8G       3.7G       123M       5.7M        26M       3.2G

MemTotal:        4016004 kB
MemFree:          126364 kB
Active:           347472 kB
Mem:          3.8G       3.7G       123M       5.7M        26M       3.2G

MemTotal:        4016004 kB
MemFree:          126240 kB
Active:           347488 kB
Mem:          3.8G       3.7G       123M       5.7M        26M       3.2G

MemTotal:        4016004 kB
MemFree:          126612 kB
Active:           347476 kB
Mem:          3.8G       3.7G       123M       5.7M        26M       3.2G

MemTotal:        4016004 kB
MemFree:          126612 kB
Active:           347432 kB
Mem:          3.8G       3.7G       123M       5.7M        26M       3.2G

MemTotal:        4016004 kB
MemFree:          126488 kB
Active:           347464 kB
Mem:          3.8G       3.7G       123M       5.7M        26M       3.2G

MemTotal:        4016004 kB
MemFree:          126488 kB
Active:           347488 kB
Mem:          3.8G       3.7G       123M       5.7M        26M       3.2G

MemTotal:        4016004 kB
MemFree:          125992 kB
Active:           347508 kB
Mem:          3.8G       3.7G       122M       5.7M        26M       3.2G

MemTotal:        4016004 kB
MemFree:          125992 kB
Active:           347508 kB
Mem:          3.8G       3.7G       123M       5.7M        26M       3.2G

MemTotal:        4016004 kB
MemFree:          125868 kB
Active:           347508 kB
Mem:          3.8G       3.7G       123M       5.7M        26M       3.2G

MemTotal:        4016004 kB
MemFree:          126488 kB
Active:           347472 kB
Mem:          3.8G       3.7G       123M       5.7M        26M       3.2G

MemTotal:        4016004 kB
MemFree:          126364 kB
Active:           347508 kB
Mem:          3.8G       3.7G       123M       5.7M        26M       3.2G

MemTotal:        4016004 kB
MemFree:          126612 kB
Active:           347500 kB
Mem:          3.8G       3.7G       123M       5.7M        26M       3.2G

MemTotal:        4016004 kB
MemFree:          126612 kB
Active:           347480 kB
Mem:          3.8G       3.7G       123M       5.7M        26M       3.2G

MemTotal:        4016004 kB
MemFree:          126488 kB
Active:           347468 kB
Mem:          3.8G       3.7G       123M       5.7M        26M       3.2G

MemTotal:        4016004 kB
MemFree:          126612 kB
Active:           347496 kB
Mem:          3.8G       3.7G       123M       5.7M        26M       3.2G

MemTotal:        4016004 kB
MemFree:          126240 kB
Active:           347516 kB
Mem:          3.8G       3.7G       123M       5.7M        26M       3.2G

MemTotal:        4016004 kB
MemFree:          126860 kB
Active:           347500 kB
Mem:          3.8G       3.7G       123M       5.7M        26M       3.2G

MemTotal:        4016004 kB
MemFree:          126984 kB
Active:           347464 kB
Mem:          3.8G       3.7G       124M       5.7M        26M       3.2G

MemTotal:        4016004 kB
MemFree:          126704 kB
Active:           347468 kB
Mem:          3.8G       3.7G       123M       5.7M        26M       3.2G

MemTotal:        4016004 kB
MemFree:          126736 kB
Active:           347520 kB
Mem:          3.8G       3.7G       123M       5.7M        26M       3.2G

MemTotal:        4016004 kB
MemFree:          126736 kB
Active:           347488 kB
Mem:          3.8G       3.7G       123M       5.7M        26M       3.2G

MemTotal:        4016004 kB
MemFree:          126736 kB
Active:           347516 kB
Mem:          3.8G       3.7G       123M       5.7M        26M       3.2G

MemTotal:        4016004 kB
MemFree:          126736 kB
Active:           347508 kB
Mem:          3.8G       3.7G       123M       5.7M        26M       3.2G

MemTotal:        4016004 kB
MemFree:          126736 kB
Active:           347512 kB
Mem:          3.8G       3.7G       123M       5.7M        26M       3.2G

MemTotal:        4016004 kB
MemFree:          126488 kB
Active:           347500 kB
Mem:          3.8G       3.7G       123M       5.7M        26M       3.2G

MemTotal:        4016004 kB
MemFree:          126612 kB
Active:           347516 kB
Mem:          3.8G       3.7G       123M       5.7M        26M       3.2G

MemTotal:        4016004 kB
MemFree:          126736 kB
Active:           347528 kB
Mem:          3.8G       3.7G       123M       5.7M        26M       3.2G

MemTotal:        4016004 kB
MemFree:          126736 kB
Active:           347528 kB
Mem:          3.8G       3.7G       123M       5.7M        26M       3.2G

MemTotal:        4016004 kB
MemFree:          126736 kB
Active:           347508 kB
Mem:          3.8G       3.7G       123M       5.7M        26M       3.2G

MemTotal:        4016004 kB
MemFree:          126488 kB
Active:           347548 kB
Mem:          3.8G       3.7G       123M       5.7M        26M       3.2G

MemTotal:        4016004 kB
MemFree:          126488 kB
Active:           347500 kB
Mem:          3.8G       3.7G       123M       5.7M        26M       3.2G

MemTotal:        4016004 kB
MemFree:          126736 kB
Active:           347528 kB
Mem:          3.8G       3.7G       123M       5.7M        26M       3.2G

MemTotal:        4016004 kB
MemFree:          126612 kB
Active:           347500 kB
Mem:          3.8G       3.7G       123M       5.7M        26M       3.2G

MemTotal:        4016004 kB
MemFree:          126488 kB
Active:           347552 kB
Mem:          3.8G       3.7G       123M       5.7M        26M       3.2G

MemTotal:        4016004 kB
MemFree:          126612 kB
Active:           347520 kB
Mem:          3.8G       3.7G       123M       5.7M        26M       3.2G

MemTotal:        4016004 kB
MemFree:          126488 kB
Active:           347556 kB
Mem:          3.8G       3.7G       123M       5.7M        26M       3.2G

MemTotal:        4016004 kB
MemFree:          126472 kB
Active:           347520 kB
Mem:          3.8G       3.7G       123M       5.7M        26M       3.2G

MemTotal:        4016004 kB
MemFree:          126612 kB
Active:           347556 kB
Mem:          3.8G       3.7G       123M       5.7M        26M       3.2G

MemTotal:        4016004 kB
MemFree:          126612 kB
Active:           347528 kB
Mem:          3.8G       3.7G       123M       5.7M        26M       3.2G

MemTotal:        4016004 kB
MemFree:          126364 kB
Active:           347536 kB
Mem:          3.8G       3.7G       123M       5.7M        26M       3.2G

MemTotal:        4016004 kB
MemFree:          126364 kB
Active:           347560 kB
Mem:          3.8G       3.7G       123M       5.7M        26M       3.2G

MemTotal:        4016004 kB
MemFree:          126488 kB
Active:           347540 kB
Mem:          3.8G       3.7G       123M       5.7M        26M       3.2G

MemTotal:        4016004 kB
MemFree:          126364 kB
Active:           347532 kB
Mem:          3.8G       3.7G       123M       5.7M        26M       3.2G

MemTotal:        4016004 kB
MemFree:          126736 kB
Active:           347576 kB
Mem:          3.8G       3.7G       123M       5.7M        26M       3.2G

MemTotal:        4016004 kB
MemFree:          126736 kB
Active:           347584 kB
Mem:          3.8G       3.7G       123M       5.7M        26M       3.2G

MemTotal:        4016004 kB
MemFree:          126736 kB
Active:           347564 kB
Mem:          3.8G       3.7G       123M       5.7M        26M       3.2G

MemTotal:        4016004 kB
MemFree:          127040 kB
Active:           347440 kB
Mem:          3.8G       3.7G       124M       5.7M        26M       3.2G

MemTotal:        4016004 kB
MemFree:          127748 kB
Active:           347232 kB
Mem:          3.8G       3.7G       124M       5.7M        26M       3.2G

MemTotal:        4016004 kB
MemFree:          127128 kB
Active:           347272 kB
Mem:          3.8G       3.7G       124M       5.7M        26M       3.2G

MemTotal:        4016004 kB
MemFree:          127500 kB
Active:           347252 kB
Mem:          3.8G       3.7G       124M       5.7M        26M       3.2G

MemTotal:        4016004 kB
MemFree:          127500 kB
Active:           347252 kB
Mem:          3.8G       3.7G       124M       5.7M        26M       3.2G

MemTotal:        4016004 kB
MemFree:          127872 kB
Active:           347280 kB
Mem:          3.8G       3.7G       125M       5.7M        26M       3.2G

MemTotal:        4016004 kB
MemFree:          128244 kB
Active:           347276 kB
Mem:          3.8G       3.7G       125M       5.7M        26M       3.2G

MemTotal:        4016004 kB
MemFree:          128492 kB
Active:           347232 kB
Mem:          3.8G       3.7G       125M       5.7M        26M       3.2G

MemTotal:        4016004 kB
MemFree:          128368 kB
Active:           347232 kB
Mem:          3.8G       3.7G       125M       5.7M        26M       3.2G

MemTotal:        4016004 kB
MemFree:          127996 kB
Active:           347288 kB
Mem:          3.8G       3.7G       125M       5.7M        26M       3.2G

MemTotal:        4016004 kB
MemFree:          128120 kB
Active:           347248 kB
Mem:          3.8G       3.7G       125M       5.7M        26M       3.2G

MemTotal:        4016004 kB
MemFree:          128120 kB
Active:           347292 kB
Mem:          3.8G       3.7G       124M       5.7M        26M       3.2G

MemTotal:        4016004 kB
MemFree:          127996 kB
Active:           347284 kB
Mem:          3.8G       3.7G       124M       5.7M        26M       3.2G

MemTotal:        4016004 kB
MemFree:          128244 kB
Active:           347244 kB
Mem:          3.8G       3.7G       125M       5.7M        26M       3.2G

MemTotal:        4016004 kB
MemFree:          128120 kB
Active:           347288 kB
Mem:          3.8G       3.7G       125M       5.7M        26M       3.2G

MemTotal:        4016004 kB
MemFree:          128492 kB
Active:           347280 kB
Mem:          3.8G       3.7G       124M       5.7M        26M       3.2G

MemTotal:        4016004 kB
MemFree:          127872 kB
Active:           347260 kB
Mem:          3.8G       3.7G       124M       5.7M        26M       3.2G

MemTotal:        4016004 kB
MemFree:          127748 kB
Active:           347280 kB
Mem:          3.8G       3.7G       124M       5.7M        26M       3.2G

MemTotal:        4016004 kB
MemFree:          127500 kB
Active:           347312 kB
Mem:          3.8G       3.7G       124M       5.7M        26M       3.2G

MemTotal:        4016004 kB
MemFree:          127500 kB
Active:           347312 kB
Mem:          3.8G       3.7G       124M       5.7M        26M       3.2G

MemTotal:        4016004 kB
MemFree:          127872 kB
Active:           347296 kB
Mem:          3.8G       3.7G       124M       5.7M        26M       3.2G

MemTotal:        4016004 kB
MemFree:          127748 kB
Active:           347256 kB
Mem:          3.8G       3.7G       124M       5.7M        26M       3.2G

MemTotal:        4016004 kB
MemFree:          127748 kB
Active:           347292 kB
Mem:          3.8G       3.7G       124M       5.7M        26M       3.2G

MemTotal:        4016004 kB
MemFree:          127376 kB
Active:           347320 kB
Mem:          3.8G       3.7G       124M       5.7M        26M       3.2G

MemTotal:        4016004 kB
MemFree:          127996 kB
Active:           347288 kB
Mem:          3.8G       3.7G       125M       5.7M        26M       3.2G

MemTotal:        4016004 kB
MemFree:          128120 kB
Active:           347300 kB
Mem:          3.8G       3.7G       124M       5.7M        26M       3.2G

MemTotal:        4016004 kB
MemFree:          127996 kB
Active:           347304 kB
Mem:          3.8G       3.7G       125M       5.7M        26M       3.2G

MemTotal:        4016004 kB
MemFree:          127996 kB
Active:           347316 kB
Mem:          3.8G       3.7G       125M       5.7M        26M       3.2G

MemTotal:        4016004 kB
MemFree:          128120 kB
Active:           347304 kB
Mem:          3.8G       3.7G       125M       5.7M        26M       3.2G

MemTotal:        4016004 kB
MemFree:          128228 kB
Active:           347268 kB
Mem:          3.8G       3.7G       125M       5.7M        26M       3.2G

MemTotal:        4016004 kB
MemFree:          128368 kB
Active:           347272 kB
Mem:          3.8G       3.7G       125M       5.7M        26M       3.2G

MemTotal:        4016004 kB
MemFree:          128648 kB
Active:           347292 kB
Mem:          3.8G       3.7G       125M       5.7M        26M       3.2G

MemTotal:        4016004 kB
MemFree:          128152 kB
Active:           347336 kB
Mem:          3.8G       3.7G       124M       5.7M        26M       3.2G

MemTotal:        4016004 kB
MemFree:          128028 kB
Active:           347280 kB
Mem:          3.8G       3.7G       125M       5.7M        26M       3.2G

MemTotal:        4016004 kB
MemFree:          128152 kB
Active:           347312 kB
Mem:          3.8G       3.7G       125M       5.7M        26M       3.2G

MemTotal:        4016004 kB
MemFree:          128152 kB
Active:           347296 kB
Mem:          3.8G       3.7G       124M       5.7M        26M       3.2G

MemTotal:        4016004 kB
MemFree:          128152 kB
Active:           347300 kB
Mem:          3.8G       3.7G       125M       5.7M        26M       3.2G

MemTotal:        4016004 kB
MemFree:          128028 kB
Active:           347304 kB
Mem:          3.8G       3.7G       125M       5.7M        26M       3.2G

MemTotal:        4016004 kB
MemFree:          127408 kB
Active:           347356 kB
Mem:          3.8G       3.7G       124M       5.7M        26M       3.2G

MemTotal:        4016004 kB
MemFree:          127904 kB
Active:           347340 kB
Mem:          3.8G       3.7G       124M       5.7M        26M       3.2G

MemTotal:        4016004 kB
MemFree:          127904 kB
Active:           347348 kB
Mem:          3.8G       3.7G       124M       5.7M        26M       3.2G

MemTotal:        4016004 kB
MemFree:          128028 kB
Active:           347324 kB
Mem:          3.8G       3.7G       124M       5.7M        26M       3.2G

MemTotal:        4016004 kB
MemFree:          127656 kB
Active:           347320 kB
Mem:          3.8G       3.7G       124M       5.7M        26M       3.2G

MemTotal:        4016004 kB
MemFree:          127656 kB
Active:           347336 kB
Mem:          3.8G       3.7G       124M       5.7M        26M       3.2G

MemTotal:        4016004 kB
MemFree:          127844 kB
Active:           347328 kB
Mem:          3.8G       3.7G       124M       5.7M        26M       3.2G

MemTotal:        4016004 kB
MemFree:          127844 kB
Active:           347340 kB
Mem:          3.8G       3.7G       124M       5.7M        26M       3.2G

MemTotal:        4016004 kB
MemFree:          127720 kB
Active:           347320 kB
Mem:          3.8G       3.7G       124M       5.7M        26M       3.2G

MemTotal:        4016004 kB
MemFree:          127720 kB
Active:           347360 kB
Mem:          3.8G       3.7G       124M       5.7M        26M       3.2G

MemTotal:        4016004 kB
MemFree:          127720 kB
Active:           347360 kB
Mem:          3.8G       3.7G       124M       5.7M        26M       3.2G

MemTotal:        4016004 kB
MemFree:          127348 kB
Active:           347372 kB
Mem:          3.8G       3.7G       124M       5.7M        26M       3.2G

MemTotal:        4016004 kB
MemFree:          127720 kB
Active:           347328 kB
Mem:          3.8G       3.7G       124M       5.7M        26M       3.2G

MemTotal:        4016004 kB
MemFree:          127720 kB
Active:           347352 kB
Mem:          3.8G       3.7G       124M       5.7M        26M       3.2G

MemTotal:        4016004 kB
MemFree:          127720 kB
Active:           347352 kB
Mem:          3.8G       3.7G       124M       5.7M        26M       3.2G

MemTotal:        4016004 kB
MemFree:          127472 kB
Active:           347392 kB
Mem:          3.8G       3.7G       124M       5.7M        26M       3.2G

MemTotal:        4016004 kB
MemFree:          127472 kB
Active:           347392 kB
Mem:          3.8G       3.7G       124M       5.7M        26M       3.2G

MemTotal:        4016004 kB
MemFree:          127968 kB
Active:           347388 kB
Mem:          3.8G       3.7G       125M       5.7M        26M       3.2G

MemTotal:        4016004 kB
MemFree:          127968 kB
Active:           347380 kB
Mem:          3.8G       3.7G       124M       5.7M        26M       3.2G

MemTotal:        4016004 kB
MemFree:          127596 kB
Active:           347340 kB
Mem:          3.8G       3.7G       124M       5.7M        26M       3.2G

MemTotal:        4016004 kB
MemFree:          127720 kB
Active:           347344 kB
