MemTotal:        4016004 kB
MemFree:         3250488 kB
Active:           409468 kB
Mem:          3.8G       747M       3.1G       5.7M        54M       314M

MemTotal:        4016004 kB
MemFree:         3250528 kB
Active:           409524 kB
Mem:          3.8G       747M       3.1G       5.7M        54M       315M

MemTotal:        4016004 kB
MemFree:         3250404 kB
Active:           409544 kB
Mem:          3.8G       747M       3.1G       5.7M        54M       315M

MemTotal:        4016004 kB
MemFree:         3250528 kB
Active:           409588 kB
Mem:          3.8G       747M       3.1G       5.7M        54M       315M

MemTotal:        4016004 kB
MemFree:         3250496 kB
Active:           409572 kB
Mem:          3.8G       747M       3.1G       5.7M        54M       315M

MemTotal:        4016004 kB
MemFree:         3250356 kB
Active:           409580 kB
Mem:          3.8G       747M       3.1G       5.7M        54M       315M

MemTotal:        4016004 kB
MemFree:         3250772 kB
Active:           407536 kB
Mem:          3.8G       747M       3.1G       5.7M        54M       315M

MemTotal:        4016004 kB
MemFree:         3250460 kB
Active:           407576 kB
Mem:          3.8G       747M       3.1G       5.7M        54M       315M

MemTotal:        4016004 kB
MemFree:         3250552 kB
Active:           409600 kB
Mem:          3.8G       747M       3.1G       5.7M        54M       315M

MemTotal:        4016004 kB
MemFree:         3250040 kB
Active:           409624 kB
Mem:          3.8G       747M       3.1G       5.7M        54M       315M

MemTotal:        4016004 kB
MemFree:         3250536 kB
Active:           409612 kB
Mem:          3.8G       747M       3.1G       5.7M        54M       315M

MemTotal:        4016004 kB
MemFree:         3250536 kB
Active:           409580 kB
Mem:          3.8G       747M       3.1G       5.7M        54M       315M

MemTotal:        4016004 kB
MemFree:         3250536 kB
Active:           409576 kB
Mem:          3.8G       747M       3.1G       5.7M        54M       315M

MemTotal:        4016004 kB
MemFree:         3250288 kB
Active:           409624 kB
Mem:          3.8G       747M       3.1G       5.7M        54M       315M

MemTotal:        4016004 kB
MemFree:         3250288 kB
Active:           409628 kB
Mem:          3.8G       747M       3.1G       5.7M        54M       315M

MemTotal:        4016004 kB
MemFree:         3250660 kB
Active:           409624 kB
Mem:          3.8G       747M       3.1G       5.7M        54M       315M

MemTotal:        4016004 kB
MemFree:         3250568 kB
Active:           409628 kB
Mem:          3.8G       747M       3.1G       5.7M        54M       315M

MemTotal:        4016004 kB
MemFree:         3250692 kB
Active:           409640 kB
Mem:          3.8G       747M       3.1G       5.7M        54M       315M

MemTotal:        4016004 kB
MemFree:         3250568 kB
Active:           409620 kB
Mem:          3.8G       747M       3.1G       5.7M        54M       315M

MemTotal:        4016004 kB
MemFree:         3250568 kB
Active:           409616 kB
Mem:          3.8G       747M       3.1G       5.7M        54M       315M

MemTotal:        4016004 kB
MemFree:         3250276 kB
Active:           409652 kB
Mem:          3.8G       747M       3.1G       5.7M        54M       315M

MemTotal:        4016004 kB
MemFree:         3250524 kB
Active:           409644 kB
Mem:          3.8G       747M       3.1G       5.7M        54M       315M

MemTotal:        4016004 kB
MemFree:         3250772 kB
Active:           409640 kB
Mem:          3.8G       747M       3.1G       5.7M        54M       315M

MemTotal:        4016004 kB
MemFree:         3251020 kB
Active:           409628 kB
Mem:          3.8G       747M       3.1G       5.7M        54M       315M

MemTotal:        4016004 kB
MemFree:         3250632 kB
Active:           409652 kB
Mem:          3.8G       747M       3.1G       5.7M        54M       315M

MemTotal:        4016004 kB
MemFree:         3250260 kB
Active:           409652 kB
Mem:          3.8G       747M       3.1G       5.7M        54M       315M

MemTotal:        4016004 kB
MemFree:         3250492 kB
Active:           409640 kB
Mem:          3.8G       747M       3.1G       5.7M        54M       315M

MemTotal:        4016004 kB
MemFree:         3250368 kB
Active:           409648 kB
Mem:          3.8G       747M       3.1G       5.7M        54M       315M

MemTotal:        4016004 kB
MemFree:         3249980 kB
Active:           409664 kB
Mem:          3.8G       748M       3.1G       5.7M        54M       315M

MemTotal:        4016004 kB
MemFree:         3250336 kB
Active:           409664 kB
Mem:          3.8G       747M       3.1G       5.7M        54M       315M

MemTotal:        4016004 kB
MemFree:         3250196 kB
Active:           409652 kB
Mem:          3.8G       747M       3.1G       5.7M        54M       315M

MemTotal:        4016004 kB
MemFree:         3250088 kB
Active:           409664 kB
Mem:          3.8G       747M       3.1G       5.7M        54M       315M

MemTotal:        4016004 kB
MemFree:         3250088 kB
Active:           409664 kB
Mem:          3.8G       747M       3.1G       5.7M        54M       315M

MemTotal:        4016004 kB
MemFree:         3250460 kB
Active:           409612 kB
Mem:          3.8G       747M       3.1G       5.7M        54M       315M

MemTotal:        4016004 kB
MemFree:         3250708 kB
Active:           409620 kB
Mem:          3.8G       747M       3.1G       5.7M        54M       315M

MemTotal:        4016004 kB
MemFree:         3250956 kB
Active:           409648 kB
Mem:          3.8G       747M       3.1G       5.7M        54M       315M

MemTotal:        4016004 kB
MemFree:         3248908 kB
Active:           409620 kB
Mem:          3.8G       749M       3.1G       5.7M        54M       315M

MemTotal:        4016004 kB
MemFree:         3248908 kB
Active:           411676 kB
Mem:          3.8G       749M       3.1G       5.7M        54M       315M

MemTotal:        4016004 kB
MemFree:         3248908 kB
Active:           411664 kB
Mem:          3.8G       749M       3.1G       5.7M        54M       315M

MemTotal:        4016004 kB
MemFree:         3248848 kB
Active:           411656 kB
Mem:          3.8G       749M       3.1G       5.7M        54M       315M

MemTotal:        4016004 kB
MemFree:         3248724 kB
Active:           411704 kB
Mem:          3.8G       749M       3.1G       5.7M        54M       315M

MemTotal:        4016004 kB
MemFree:         3248476 kB
Active:           411696 kB
Mem:          3.8G       749M       3.1G       5.7M        54M       315M

MemTotal:        4016004 kB
MemFree:         3248848 kB
Active:           411672 kB
Mem:          3.8G       749M       3.1G       5.7M        54M       315M

MemTotal:        4016004 kB
MemFree:         3248724 kB
Active:           411664 kB
Mem:          3.8G       749M       3.1G       5.7M        54M       315M

MemTotal:        4016004 kB
MemFree:         3248228 kB
Active:           411724 kB
Mem:          3.8G       749M       3.1G       5.7M        54M       315M

MemTotal:        4016004 kB
MemFree:         3248584 kB
Active:           411708 kB
Mem:          3.8G       749M       3.1G       5.7M        54M       315M

MemTotal:        4016004 kB
MemFree:         3248692 kB
Active:           411672 kB
Mem:          3.8G       749M       3.1G       5.7M        54M       315M

MemTotal:        4016004 kB
MemFree:         3248180 kB
Active:           411724 kB
Mem:          3.8G       749M       3.1G       5.7M        54M       315M

MemTotal:        4016004 kB
MemFree:         3248412 kB
Active:           411684 kB
Mem:          3.8G       749M       3.1G       5.7M        54M       315M

MemTotal:        4016004 kB
MemFree:         3248180 kB
Active:           411736 kB
Mem:          3.8G       749M       3.1G       5.7M        54M       315M

MemTotal:        4016004 kB
MemFree:         3248304 kB
Active:           411736 kB
Mem:          3.8G       749M       3.1G       5.7M        54M       315M

MemTotal:        4016004 kB
MemFree:         3248304 kB
Active:           411704 kB
Mem:          3.8G       749M       3.1G       5.7M        54M       315M

MemTotal:        4016004 kB
MemFree:         3248304 kB
Active:           411720 kB
Mem:          3.8G       749M       3.1G       5.7M        54M       315M

MemTotal:        4016004 kB
MemFree:         3248428 kB
Active:           411728 kB
Mem:          3.8G       749M       3.1G       5.7M        54M       315M

MemTotal:        4016004 kB
MemFree:         3248552 kB
Active:           411736 kB
Mem:          3.8G       749M       3.1G       5.7M        54M       315M

MemTotal:        4016004 kB
MemFree:         3248056 kB
Active:           411752 kB
Mem:          3.8G       749M       3.1G       5.7M        54M       315M

MemTotal:        4016004 kB
MemFree:         3248056 kB
Active:           411756 kB
Mem:          3.8G       749M       3.1G       5.7M        54M       315M

MemTotal:        4016004 kB
MemFree:         3248412 kB
Active:           411700 kB
Mem:          3.8G       749M       3.1G       5.7M        54M       315M

MemTotal:        4016004 kB
MemFree:         3248520 kB
Active:           411744 kB
Mem:          3.8G       749M       3.1G       5.7M        54M       315M

MemTotal:        4016004 kB
MemFree:         3248428 kB
Active:           411764 kB
Mem:          3.8G       749M       3.1G       5.7M        54M       315M

MemTotal:        4016004 kB
MemFree:         3248676 kB
Active:           411744 kB
Mem:          3.8G       749M       3.1G       5.7M        54M       315M

MemTotal:        4016004 kB
MemFree:         3132460 kB
Active:           412260 kB
Mem:          3.8G       863M       3.0G       5.7M        54M       427M

MemTotal:        4016004 kB
MemFree:         3123696 kB
Active:           412268 kB
Mem:          3.8G       871M       3.0G       5.7M        54M       435M

MemTotal:        4016004 kB
MemFree:         3066068 kB
Active:           412280 kB
Mem:          3.8G       928M       2.9G       5.7M        54M       491M

MemTotal:        4016004 kB
MemFree:         2950368 kB
Active:           412280 kB
Mem:          3.8G       1.0G       2.8G       5.7M        54M       603M

MemTotal:        4016004 kB
MemFree:         2833320 kB
Active:           412280 kB
Mem:          3.8G       1.1G       2.7G       5.7M        54M       715M

MemTotal:        4016004 kB
MemFree:         2792792 kB
Active:           410232 kB
Mem:          3.8G       1.2G       2.7G       5.7M        54M       752M

MemTotal:        4016004 kB
MemFree:         2750728 kB
Active:           412284 kB
Mem:          3.8G       1.2G       2.6G       5.7M        54M       794M

MemTotal:        4016004 kB
MemFree:         2694448 kB
Active:           412292 kB
Mem:          3.8G       1.3G       2.6G       5.7M        54M       848M

MemTotal:        4016004 kB
MemFree:         2692844 kB
Active:           412308 kB
Mem:          3.8G       1.3G       2.6G       5.7M        55M       849M

MemTotal:        4016004 kB
MemFree:         2691608 kB
Active:           412336 kB
Mem:          3.8G       1.3G       2.6G       5.7M        55M       850M

MemTotal:        4016004 kB
MemFree:         2690136 kB
Active:           412336 kB
Mem:          3.8G       1.3G       2.6G       5.7M        55M       852M

MemTotal:        4016004 kB
MemFree:         2661000 kB
Active:           412336 kB
Mem:          3.8G       1.3G       2.5G       5.7M        55M       880M

MemTotal:        4016004 kB
MemFree:         2580816 kB
Active:           412336 kB
Mem:          3.8G       1.4G       2.5G       5.7M        55M       958M

MemTotal:        4016004 kB
MemFree:         2445880 kB
Active:           412344 kB
Mem:          3.8G       1.5G       2.3G       5.7M        55M       1.1G

MemTotal:        4016004 kB
MemFree:         2336624 kB
Active:           412344 kB
Mem:          3.8G       1.6G       2.2G       5.7M        55M       1.2G

MemTotal:        4016004 kB
MemFree:         2335996 kB
Active:           412344 kB
Mem:          3.8G       1.6G       2.2G       5.7M        55M       1.2G

MemTotal:        4016004 kB
MemFree:         2239388 kB
Active:           412344 kB
Mem:          3.8G       1.7G       2.1G       5.7M        55M       1.3G

MemTotal:        4016004 kB
MemFree:         2239036 kB
Active:           412348 kB
Mem:          3.8G       1.7G       2.1G       5.7M        55M       1.3G

MemTotal:        4016004 kB
MemFree:         2170292 kB
Active:           412364 kB
Mem:          3.8G       1.8G       2.1G       5.7M        55M       1.3G

MemTotal:        4016004 kB
MemFree:         2139396 kB
Active:           412364 kB
Mem:          3.8G       1.8G       2.0G       5.7M        55M       1.3G

MemTotal:        4016004 kB
MemFree:         2137224 kB
Active:           412380 kB
Mem:          3.8G       1.8G       2.0G       5.7M        55M       1.4G

MemTotal:        4016004 kB
MemFree:         2135864 kB
Active:           412380 kB
Mem:          3.8G       1.8G       2.0G       5.7M        55M       1.4G

MemTotal:        4016004 kB
MemFree:         2134812 kB
Active:           412396 kB
Mem:          3.8G       1.8G       2.0G       5.7M        55M       1.4G

MemTotal:        4016004 kB
MemFree:         2102064 kB
Active:           412396 kB
Mem:          3.8G       1.8G       2.0G       5.7M        55M       1.4G

MemTotal:        4016004 kB
MemFree:         1989388 kB
Active:           412404 kB
Mem:          3.8G       1.9G       1.9G       5.7M        55M       1.5G

MemTotal:        4016004 kB
MemFree:         1850760 kB
Active:           414428 kB
Mem:          3.8G       2.1G       1.8G       5.7M        55M       1.6G

MemTotal:        4016004 kB
MemFree:         1782992 kB
Active:           414428 kB
Mem:          3.8G       2.1G       1.7G       5.7M        55M       1.7G

MemTotal:        4016004 kB
MemFree:         1767492 kB
Active:           414428 kB
Mem:          3.8G       2.1G       1.7G       5.7M        55M       1.7G

MemTotal:        4016004 kB
MemFree:         1684400 kB
Active:           414436 kB
Mem:          3.8G       2.2G       1.6G       5.7M        55M       1.8G

MemTotal:        4016004 kB
MemFree:         1678068 kB
Active:           414448 kB
Mem:          3.8G       2.2G       1.6G       5.7M        55M       1.8G

MemTotal:        4016004 kB
MemFree:         1583704 kB
Active:           414448 kB
Mem:          3.8G       2.3G       1.5G       5.7M        55M       1.9G

MemTotal:        4016004 kB
MemFree:         1582708 kB
Active:           414452 kB
Mem:          3.8G       2.3G       1.5G       5.7M        55M       1.9G

MemTotal:        4016004 kB
MemFree:         1581220 kB
Active:           414460 kB
Mem:          3.8G       2.3G       1.5G       5.7M        55M       1.9G

MemTotal:        4016004 kB
MemFree:         1580880 kB
Active:           414460 kB
Mem:          3.8G       2.3G       1.5G       5.7M        55M       1.9G

MemTotal:        4016004 kB
MemFree:         1580976 kB
Active:           414464 kB
Mem:          3.8G       2.3G       1.5G       5.7M        55M       1.9G

MemTotal:        4016004 kB
MemFree:         1512784 kB
Active:           414468 kB
Mem:          3.8G       2.4G       1.4G       5.7M        55M       1.9G

MemTotal:        4016004 kB
MemFree:         1407656 kB
Active:           414472 kB
Mem:          3.8G       2.5G       1.3G       5.7M        55M       2.0G

MemTotal:        4016004 kB
MemFree:         1270440 kB
Active:           414472 kB
Mem:          3.8G       2.6G       1.2G       5.7M        55M       2.2G

MemTotal:        4016004 kB
MemFree:         1230308 kB
Active:           414472 kB
Mem:          3.8G       2.7G       1.2G       5.7M        55M       2.2G

MemTotal:        4016004 kB
MemFree:         1174040 kB
Active:           414472 kB
Mem:          3.8G       2.7G       1.1G       5.7M        55M       2.3G

MemTotal:        4016004 kB
MemFree:         1139060 kB
Active:           414484 kB
Mem:          3.8G       2.7G       1.1G       5.7M        55M       2.3G

MemTotal:        4016004 kB
MemFree:         1059464 kB
Active:           414492 kB
Mem:          3.8G       2.8G       1.0G       5.7M        55M       2.4G

MemTotal:        4016004 kB
MemFree:         1044976 kB
Active:           414492 kB
Mem:          3.8G       2.8G       1.0G       5.7M        55M       2.4G

MemTotal:        4016004 kB
MemFree:         1044544 kB
Active:           414500 kB
Mem:          3.8G       2.8G       1.0G       5.7M        55M       2.4G

MemTotal:        4016004 kB
MemFree:         1044728 kB
Active:           414524 kB
Mem:          3.8G       2.8G       1.0G       5.7M        55M       2.4G

MemTotal:        4016004 kB
MemFree:         1040808 kB
Active:           416552 kB
Mem:          3.8G       2.8G       1.0G       5.7M        55M       2.4G

MemTotal:        4016004 kB
MemFree:         1000460 kB
Active:           416564 kB
Mem:          3.8G       2.9G       976M       5.7M        55M       2.4G

MemTotal:        4016004 kB
MemFree:          885132 kB
Active:           416568 kB
Mem:          3.8G       3.0G       863M       5.7M        55M       2.5G

MemTotal:        4016004 kB
MemFree:          774392 kB
Active:           416568 kB
Mem:          3.8G       3.1G       755M       5.7M        55M       2.6G

MemTotal:        4016004 kB
MemFree:          690280 kB
Active:           416576 kB
Mem:          3.8G       3.2G       673M       5.7M        55M       2.7G

MemTotal:        4016004 kB
MemFree:          676724 kB
Active:           416580 kB
Mem:          3.8G       3.2G       660M       5.7M        55M       2.7G

MemTotal:        4016004 kB
MemFree:          558288 kB
Active:           416580 kB
Mem:          3.8G       3.3G       544M       5.7M        55M       2.8G

MemTotal:        4016004 kB
MemFree:          557720 kB
Active:           416584 kB
Mem:          3.8G       3.3G       544M       5.7M        55M       2.8G

MemTotal:        4016004 kB
MemFree:          467720 kB
Active:           416596 kB
Mem:          3.8G       3.4G       456M       5.7M        55M       2.9G

MemTotal:        4016004 kB
MemFree:          466976 kB
Active:           416608 kB
Mem:          3.8G       3.4G       456M       5.7M        55M       2.9G

MemTotal:        4016004 kB
MemFree:          425764 kB
Active:           416752 kB
Mem:          3.8G       3.4G       414M       5.7M        55M       3.0G

MemTotal:        4016004 kB
MemFree:          375164 kB
Active:           416724 kB
Mem:          3.8G       3.5G       366M       5.7M        55M       3.0G

MemTotal:        4016004 kB
MemFree:          373628 kB
Active:           416736 kB
Mem:          3.8G       3.5G       364M       5.7M        55M       3.0G

MemTotal:        4016004 kB
MemFree:          371228 kB
Active:           416736 kB
Mem:          3.8G       3.5G       362M       5.7M        55M       3.0G

MemTotal:        4016004 kB
MemFree:          370364 kB
Active:           416736 kB
Mem:          3.8G       3.5G       361M       5.7M        55M       3.0G

MemTotal:        4016004 kB
MemFree:          347024 kB
Active:           416744 kB
Mem:          3.8G       3.5G       338M       5.7M        55M       3.0G

MemTotal:        4016004 kB
MemFree:          235372 kB
Active:           416752 kB
Mem:          3.8G       3.6G       229M       5.7M        55M       3.1G

MemTotal:        4016004 kB
MemFree:          107860 kB
Active:           416752 kB
Mem:          3.8G       3.7G       104M       5.7M        55M       3.3G

MemTotal:        4016004 kB
MemFree:          164312 kB
Active:           474856 kB
Mem:          3.8G       3.7G       109M       5.7M        19M       3.3G

MemTotal:        4016004 kB
MemFree:          128080 kB
Active:           472840 kB
Mem:          3.8G       3.7G       124M       5.7M        19M       3.3G

MemTotal:        4016004 kB
MemFree:          127056 kB
Active:           472908 kB
Mem:          3.8G       3.7G       124M       5.7M        19M       3.3G

MemTotal:        4016004 kB
MemFree:          117288 kB
Active:           465696 kB
Mem:          3.8G       3.7G       113M       5.7M        19M       3.3G

MemTotal:        4016004 kB
MemFree:          127628 kB
Active:           463648 kB
Mem:          3.8G       3.7G       124M       5.7M        19M       3.3G

MemTotal:        4016004 kB
MemFree:          126416 kB
Active:           463664 kB
Mem:          3.8G       3.7G       123M       5.7M        19M       3.3G

MemTotal:        4016004 kB
MemFree:          125428 kB
Active:           463664 kB
Mem:          3.8G       3.7G       122M       5.7M        19M       3.3G

MemTotal:        4016004 kB
MemFree:          125380 kB
Active:           463668 kB
Mem:          3.8G       3.7G       122M       5.7M        19M       3.3G

MemTotal:        4016004 kB
MemFree:          138988 kB
Active:           450828 kB
Mem:          3.8G       3.7G       134M       5.7M        19M       3.3G

MemTotal:        4016004 kB
MemFree:          136840 kB
Active:           438156 kB
Mem:          3.8G       3.7G       132M       5.7M        19M       3.3G

MemTotal:        4016004 kB
MemFree:          138768 kB
Active:           421280 kB
Mem:          3.8G       3.7G       135M       5.7M        19M       3.3G

MemTotal:        4016004 kB
MemFree:          140176 kB
Active:           418344 kB
Mem:          3.8G       3.7G       136M       5.7M        19M       3.3G

MemTotal:        4016004 kB
MemFree:          131244 kB
Active:           416184 kB
Mem:          3.8G       3.7G       127M       5.7M        19M       3.3G

MemTotal:        4016004 kB
MemFree:          127864 kB
Active:           415556 kB
Mem:          3.8G       3.7G       124M       5.7M        19M       3.3G

MemTotal:        4016004 kB
MemFree:          118172 kB
Active:           414276 kB
Mem:          3.8G       3.7G       115M       5.7M        19M       3.3G

MemTotal:        4016004 kB
MemFree:          126728 kB
Active:           410048 kB
Mem:          3.8G       3.7G       122M       5.7M        19M       3.3G

MemTotal:        4016004 kB
MemFree:          121472 kB
Active:           410048 kB
Mem:          3.8G       3.7G       118M       5.7M        19M       3.3G

MemTotal:        4016004 kB
MemFree:          120004 kB
Active:           410060 kB
Mem:          3.8G       3.7G       116M       5.7M        19M       3.3G

MemTotal:        4016004 kB
MemFree:          119788 kB
Active:           410064 kB
Mem:          3.8G       3.7G       116M       5.7M        19M       3.3G

MemTotal:        4016004 kB
MemFree:          119980 kB
Active:           410064 kB
Mem:          3.8G       3.7G       117M       5.7M        19M       3.3G

MemTotal:        4016004 kB
MemFree:          127112 kB
Active:           408276 kB
Mem:          3.8G       3.7G       123M       5.7M        19M       3.3G

MemTotal:        4016004 kB
MemFree:          147392 kB
Active:           403288 kB
Mem:          3.8G       3.7G       143M       5.7M        19M       3.3G

MemTotal:        4016004 kB
MemFree:          131496 kB
Active:           399576 kB
Mem:          3.8G       3.7G       127M       5.7M        19M       3.3G

MemTotal:        4016004 kB
MemFree:          117544 kB
Active:           398944 kB
Mem:          3.8G       3.7G       114M       5.7M        19M       3.3G

MemTotal:        4016004 kB
MemFree:          139300 kB
Active:           395884 kB
Mem:          3.8G       3.7G       135M       5.7M        19M       3.3G

MemTotal:        4016004 kB
MemFree:          126888 kB
Active:           392052 kB
Mem:          3.8G       3.7G       123M       5.7M        19M       3.3G

MemTotal:        4016004 kB
MemFree:          116444 kB
Active:           391928 kB
Mem:          3.8G       3.7G       113M       5.7M        19M       3.3G

MemTotal:        4016004 kB
MemFree:          131280 kB
Active:           390140 kB
Mem:          3.8G       3.7G       127M       5.7M        20M       3.3G

MemTotal:        4016004 kB
MemFree:          110800 kB
Active:           390152 kB
Mem:          3.8G       3.7G       107M       5.7M        20M       3.3G

MemTotal:        4016004 kB
MemFree:          110460 kB
Active:           390172 kB
Mem:          3.8G       3.7G       107M       5.7M        20M       3.3G

MemTotal:        4016004 kB
MemFree:          109772 kB
Active:           390180 kB
Mem:          3.8G       3.7G       105M       5.7M        20M       3.3G

MemTotal:        4016004 kB
MemFree:          128524 kB
Active:           389672 kB
Mem:          3.8G       3.7G       125M       5.7M        20M       3.3G

MemTotal:        4016004 kB
MemFree:          128968 kB
Active:           385960 kB
Mem:          3.8G       3.7G       125M       5.7M        20M       3.3G

MemTotal:        4016004 kB
MemFree:          133988 kB
Active:           381232 kB
Mem:          3.8G       3.7G       129M       5.7M        20M       3.3G

MemTotal:        4016004 kB
MemFree:          127876 kB
Active:           379568 kB
Mem:          3.8G       3.7G       125M       5.7M        20M       3.3G

MemTotal:        4016004 kB
MemFree:          127296 kB
Active:           377776 kB
Mem:          3.8G       3.7G       124M       5.7M        20M       3.3G

MemTotal:        4016004 kB
MemFree:          105156 kB
Active:           377648 kB
Mem:          3.8G       3.7G       124M       5.7M        20M       3.3G

MemTotal:        4016004 kB
MemFree:          133772 kB
Active:           375344 kB
Mem:          3.8G       3.7G       130M       5.7M        20M       3.3G

MemTotal:        4016004 kB
MemFree:          130304 kB
Active:           373560 kB
Mem:          3.8G       3.7G       126M       5.7M        20M       3.3G

MemTotal:        4016004 kB
MemFree:          118464 kB
Active:           372280 kB
Mem:          3.8G       3.7G       114M       5.7M        20M       3.3G

MemTotal:        4016004 kB
MemFree:          110556 kB
Active:           372296 kB
Mem:          3.8G       3.7G       107M       5.7M        20M       3.3G

MemTotal:        4016004 kB
MemFree:          109348 kB
Active:           372308 kB
Mem:          3.8G       3.7G       106M       5.7M        20M       3.3G

MemTotal:        4016004 kB
MemFree:          108468 kB
Active:           372312 kB
Mem:          3.8G       3.7G       105M       5.7M        20M       3.3G

MemTotal:        4016004 kB
MemFree:          108364 kB
Active:           372312 kB
Mem:          3.8G       3.7G       105M       5.7M        20M       3.3G

MemTotal:        4016004 kB
MemFree:          133400 kB
Active:           370524 kB
Mem:          3.8G       3.7G       129M       5.7M        20M       3.3G

MemTotal:        4016004 kB
MemFree:          131176 kB
Active:           367456 kB
Mem:          3.8G       3.7G       127M       5.7M        20M       3.3G

MemTotal:        4016004 kB
MemFree:          138064 kB
Active:           363104 kB
Mem:          3.8G       3.7G       134M       5.7M        20M       3.3G

MemTotal:        4016004 kB
MemFree:          130920 kB
Active:           361312 kB
Mem:          3.8G       3.7G       126M       5.7M        20M       3.3G

MemTotal:        4016004 kB
MemFree:          134916 kB
Active:           359524 kB
Mem:          3.8G       3.7G       131M       5.7M        20M       3.3G

MemTotal:        4016004 kB
MemFree:          119988 kB
Active:           359532 kB
Mem:          3.8G       3.7G       116M       5.7M        20M       3.3G

MemTotal:        4016004 kB
MemFree:          127592 kB
Active:           358508 kB
Mem:          3.8G       3.7G       124M       5.7M        20M       3.3G

MemTotal:        4016004 kB
MemFree:          145800 kB
Active:           358996 kB
Mem:          3.8G       3.7G       142M       5.7M        20M       3.2G

MemTotal:        4016004 kB
MemFree:          145440 kB
Active:           359016 kB
Mem:          3.8G       3.7G       142M       5.7M        20M       3.2G

MemTotal:        4016004 kB
MemFree:          145564 kB
Active:           359028 kB
Mem:          3.8G       3.7G       142M       5.7M        20M       3.2G

MemTotal:        4016004 kB
MemFree:          145972 kB
Active:           359040 kB
Mem:          3.8G       3.7G       142M       5.7M        20M       3.2G

MemTotal:        4016004 kB
MemFree:          144320 kB
Active:           359044 kB
Mem:          3.8G       3.7G       140M       5.7M        20M       3.3G

MemTotal:        4016004 kB
MemFree:          123216 kB
Active:           359048 kB
Mem:          3.8G       3.7G       119M       5.7M        20M       3.3G

MemTotal:        4016004 kB
MemFree:          131268 kB
Active:           358632 kB
Mem:          3.8G       3.7G       127M       5.7M        20M       3.3G

MemTotal:        4016004 kB
MemFree:          138744 kB
Active:           358632 kB
Mem:          3.8G       3.7G       134M       5.7M        20M       3.3G

MemTotal:        4016004 kB
MemFree:          116408 kB
Active:           358652 kB
Mem:          3.8G       3.7G       112M       5.7M        20M       3.3G

MemTotal:        4016004 kB
MemFree:          118176 kB
Active:           358652 kB
Mem:          3.8G       3.7G       114M       5.7M        20M       3.3G

MemTotal:        4016004 kB
MemFree:          127292 kB
Active:           355592 kB
Mem:          3.8G       3.7G       123M       5.7M        20M       3.3G

MemTotal:        4016004 kB
MemFree:          122492 kB
Active:           355464 kB
Mem:          3.8G       3.7G       118M       5.7M        20M       3.3G

MemTotal:        4016004 kB
MemFree:          135948 kB
Active:           355464 kB
Mem:          3.8G       3.7G       132M       5.7M        20M       3.3G

MemTotal:        4016004 kB
MemFree:          136676 kB
Active:           355472 kB
Mem:          3.8G       3.7G       133M       5.7M        20M       3.3G

MemTotal:        4016004 kB
MemFree:          134880 kB
Active:           355484 kB
Mem:          3.8G       3.7G       131M       5.7M        20M       3.3G

MemTotal:        4016004 kB
MemFree:          133888 kB
Active:           355496 kB
Mem:          3.8G       3.7G       130M       5.7M        20M       3.3G

MemTotal:        4016004 kB
MemFree:          133024 kB
Active:           355496 kB
Mem:          3.8G       3.7G       129M       5.7M        20M       3.3G

MemTotal:        4016004 kB
MemFree:          130836 kB
Active:           355500 kB
Mem:          3.8G       3.7G       127M       5.7M        20M       3.3G

MemTotal:        4016004 kB
MemFree:          138476 kB
Active:           355508 kB
Mem:          3.8G       3.7G       134M       5.7M        20M       3.3G

MemTotal:        4016004 kB
MemFree:          136872 kB
Active:           355512 kB
Mem:          3.8G       3.7G       132M       5.7M        20M       3.3G

MemTotal:        4016004 kB
MemFree:          128488 kB
Active:           355512 kB
Mem:          3.8G       3.7G       124M       5.7M        20M       3.3G

MemTotal:        4016004 kB
MemFree:          132160 kB
Active:           355512 kB
Mem:          3.8G       3.7G       128M       5.7M        20M       3.3G

MemTotal:        4016004 kB
MemFree:          114316 kB
Active:           355512 kB
Mem:          3.8G       3.7G       111M       5.7M        20M       3.3G

MemTotal:        4016004 kB
MemFree:          140520 kB
Active:           355100 kB
Mem:          3.8G       3.7G       136M       5.7M        20M       3.3G

MemTotal:        4016004 kB
MemFree:          128180 kB
Active:           355028 kB
Mem:          3.8G       3.7G       124M       5.7M        20M       3.3G

MemTotal:        4016004 kB
MemFree:          123492 kB
Active:           355036 kB
Mem:          3.8G       3.7G       120M       5.7M        20M       3.3G

MemTotal:        4016004 kB
MemFree:          122228 kB
Active:           355060 kB
Mem:          3.8G       3.7G       118M       5.7M        20M       3.3G

MemTotal:        4016004 kB
MemFree:          120608 kB
Active:           355060 kB
Mem:          3.8G       3.7G       117M       5.7M        20M       3.3G

MemTotal:        4016004 kB
MemFree:          119868 kB
Active:           355060 kB
Mem:          3.8G       3.7G       116M       5.7M        20M       3.3G

MemTotal:        4016004 kB
MemFree:          139492 kB
Active:           355060 kB
Mem:          3.8G       3.7G       135M       5.7M        20M       3.3G

MemTotal:        4016004 kB
MemFree:          118164 kB
Active:           355072 kB
Mem:          3.8G       3.7G       114M       5.7M        20M       3.3G

MemTotal:        4016004 kB
MemFree:          141344 kB
Active:           354236 kB
Mem:          3.8G       3.7G       137M       5.7M        20M       3.3G

MemTotal:        4016004 kB
MemFree:          131412 kB
Active:           354084 kB
Mem:          3.8G       3.7G       128M       5.7M        20M       3.3G

MemTotal:        4016004 kB
MemFree:          144412 kB
Active:           354092 kB
Mem:          3.8G       3.7G       141M       5.7M        20M       3.2G

MemTotal:        4016004 kB
MemFree:          143996 kB
Active:           354092 kB
Mem:          3.8G       3.7G       140M       5.7M        20M       3.2G

MemTotal:        4016004 kB
MemFree:          139112 kB
Active:           354100 kB
Mem:          3.8G       3.7G       135M       5.7M        20M       3.3G

MemTotal:        4016004 kB
MemFree:          129840 kB
Active:           354100 kB
Mem:          3.8G       3.7G       126M       5.7M        20M       3.3G

MemTotal:        4016004 kB
MemFree:          144488 kB
Active:           352148 kB
Mem:          3.8G       3.7G       140M       5.7M        20M       3.2G

MemTotal:        4016004 kB
MemFree:          143420 kB
Active:           352160 kB
Mem:          3.8G       3.7G       139M       5.7M        20M       3.2G

MemTotal:        4016004 kB
MemFree:          142212 kB
Active:           352160 kB
Mem:          3.8G       3.7G       138M       5.7M        20M       3.3G

MemTotal:        4016004 kB
MemFree:          141628 kB
Active:           352160 kB
Mem:          3.8G       3.7G       138M       5.7M        20M       3.3G

MemTotal:        4016004 kB
MemFree:          127060 kB
Active:           352164 kB
Mem:          3.8G       3.7G       122M       5.7M        20M       3.3G

MemTotal:        4016004 kB
MemFree:          137076 kB
Active:           352168 kB
Mem:          3.8G       3.7G       132M       5.7M        20M       3.3G

MemTotal:        4016004 kB
MemFree:          142364 kB
Active:           352168 kB
Mem:          3.8G       3.7G       138M       5.7M        20M       3.2G

MemTotal:        4016004 kB
MemFree:          119616 kB
Active:           351308 kB
Mem:          3.8G       3.7G       116M       5.7M        20M       3.3G

MemTotal:        4016004 kB
MemFree:          118400 kB
Active:           351308 kB
Mem:          3.8G       3.7G       115M       5.7M        20M       3.3G

MemTotal:        4016004 kB
MemFree:          117344 kB
Active:           351320 kB
Mem:          3.8G       3.7G       113M       5.7M        20M       3.3G

MemTotal:        4016004 kB
MemFree:          131512 kB
Active:           351336 kB
Mem:          3.8G       3.7G       128M       5.7M        20M       3.3G

MemTotal:        4016004 kB
MemFree:          109256 kB
Active:           351336 kB
Mem:          3.8G       3.7G       105M       5.7M        20M       3.3G

MemTotal:        4016004 kB
MemFree:          122040 kB
Active:           351336 kB
Mem:          3.8G       3.7G       118M       5.7M        20M       3.3G

MemTotal:        4016004 kB
MemFree:          119812 kB
Active:           351348 kB
Mem:          3.8G       3.7G       116M       5.7M        20M       3.3G

MemTotal:        4016004 kB
MemFree:          119100 kB
Active:           351348 kB
Mem:          3.8G       3.7G       116M       5.7M        20M       3.3G

MemTotal:        4016004 kB
MemFree:          119136 kB
Active:           351352 kB
Mem:          3.8G       3.7G       116M       5.7M        20M       3.3G

MemTotal:        4016004 kB
MemFree:          119960 kB
Active:           351352 kB
Mem:          3.8G       3.7G       139M       5.7M        20M       3.2G

MemTotal:        4016004 kB
MemFree:          128236 kB
Active:           349032 kB
Mem:          3.8G       3.7G       123M       5.7M        20M       3.3G

MemTotal:        4016004 kB
MemFree:          106908 kB
Active:           348860 kB
Mem:          3.8G       3.7G       103M       5.7M        20M       3.3G

MemTotal:        4016004 kB
MemFree:          133256 kB
Active:           348860 kB
Mem:          3.8G       3.7G       130M       5.7M        20M       3.3G

MemTotal:        4016004 kB
MemFree:          127612 kB
Active:           348868 kB
Mem:          3.8G       3.7G       124M       5.7M        20M       3.3G

MemTotal:        4016004 kB
MemFree:          128652 kB
Active:           348872 kB
Mem:          3.8G       3.7G       125M       5.7M        20M       3.3G

MemTotal:        4016004 kB
MemFree:          138920 kB
Active:           348880 kB
Mem:          3.8G       3.7G       135M       5.7M        20M       3.3G

MemTotal:        4016004 kB
MemFree:          123968 kB
Active:           346652 kB
Mem:          3.8G       3.7G       120M       5.7M        20M       3.3G

MemTotal:        4016004 kB
MemFree:          121436 kB
Active:           346564 kB
Mem:          3.8G       3.7G       118M       5.7M        20M       3.3G

MemTotal:        4016004 kB
MemFree:          121184 kB
Active:           346580 kB
Mem:          3.8G       3.7G       118M       5.7M        20M       3.3G

MemTotal:        4016004 kB
MemFree:          121220 kB
Active:           346580 kB
Mem:          3.8G       3.7G       118M       5.7M        20M       3.3G

MemTotal:        4016004 kB
MemFree:          117960 kB
Active:           346584 kB
Mem:          3.8G       3.7G       115M       5.7M        20M       3.3G

MemTotal:        4016004 kB
MemFree:          141180 kB
Active:           346584 kB
Mem:          3.8G       3.7G       136M       5.7M        20M       3.2G

MemTotal:        4016004 kB
MemFree:          138460 kB
Active:           346584 kB
Mem:          3.8G       3.7G       134M       5.7M        20M       3.3G

MemTotal:        4016004 kB
MemFree:          135108 kB
Active:           346584 kB
Mem:          3.8G       3.7G       131M       5.7M        20M       3.3G

MemTotal:        4016004 kB
MemFree:          124224 kB
Active:           343524 kB
Mem:          3.8G       3.7G       120M       5.7M        20M       3.3G

MemTotal:        4016004 kB
MemFree:          132444 kB
Active:           343300 kB
Mem:          3.8G       3.7G       129M       5.7M        20M       3.3G

MemTotal:        4016004 kB
MemFree:          137168 kB
Active:           343300 kB
Mem:          3.8G       3.7G       132M       5.7M        20M       3.3G

MemTotal:        4016004 kB
MemFree:          124136 kB
Active:           343300 kB
Mem:          3.8G       3.7G       121M       5.7M        20M       3.3G

MemTotal:        4016004 kB
MemFree:          132244 kB
Active:           343308 kB
Mem:          3.8G       3.7G       128M       5.7M        20M       3.3G

MemTotal:        4016004 kB
MemFree:          115480 kB
Active:           343312 kB
Mem:          3.8G       3.7G       112M       5.7M        20M       3.3G

MemTotal:        4016004 kB
MemFree:          107404 kB
Active:           343316 kB
Mem:          3.8G       3.7G       104M       5.7M        20M       3.3G

MemTotal:        4016004 kB
MemFree:          123724 kB
Active:           343328 kB
Mem:          3.8G       3.7G       120M       5.7M        20M       3.3G

MemTotal:        4016004 kB
MemFree:          123416 kB
Active:           343332 kB
Mem:          3.8G       3.7G       120M       5.7M        20M       3.3G

MemTotal:        4016004 kB
MemFree:          122772 kB
Active:           343352 kB
Mem:          3.8G       3.7G       119M       5.7M        20M       3.3G

MemTotal:        4016004 kB
MemFree:          122464 kB
Active:           343356 kB
Mem:          3.8G       3.7G       119M       5.7M        20M       3.3G

MemTotal:        4016004 kB
MemFree:          127584 kB
Active:           343356 kB
Mem:          3.8G       3.7G       123M       5.7M        20M       3.3G

MemTotal:        4016004 kB
MemFree:          127248 kB
Active:           342888 kB
Mem:          3.8G       3.7G       123M       5.7M        20M       3.3G

MemTotal:        4016004 kB
MemFree:          123008 kB
Active:           342748 kB
Mem:          3.8G       3.7G       119M       5.7M        20M       3.3G

MemTotal:        4016004 kB
MemFree:          134916 kB
Active:           342748 kB
Mem:          3.8G       3.7G       131M       5.7M        20M       3.2G

MemTotal:        4016004 kB
MemFree:          134840 kB
Active:           342760 kB
Mem:          3.8G       3.7G       131M       5.7M        20M       3.3G

MemTotal:        4016004 kB
MemFree:          128652 kB
Active:           342648 kB
Mem:          3.8G       3.7G       124M       5.7M        20M       3.3G

MemTotal:        4016004 kB
MemFree:          135012 kB
Active:           342648 kB
Mem:          3.8G       3.7G       131M       5.7M        20M       3.3G

MemTotal:        4016004 kB
MemFree:          143428 kB
Active:           342652 kB
Mem:          3.8G       3.7G       138M       5.7M        20M       3.2G

MemTotal:        4016004 kB
MemFree:          133444 kB
Active:           342652 kB
Mem:          3.8G       3.7G       129M       5.7M        20M       3.3G

MemTotal:        4016004 kB
MemFree:          134832 kB
Active:           342668 kB
Mem:          3.8G       3.7G       131M       5.7M        20M       3.2G

MemTotal:        4016004 kB
MemFree:          134496 kB
Active:           342680 kB
Mem:          3.8G       3.7G       131M       5.7M        20M       3.2G

MemTotal:        4016004 kB
MemFree:          134560 kB
Active:           341344 kB
Mem:          3.8G       3.7G       131M       5.7M        20M       3.2G

MemTotal:        4016004 kB
MemFree:          134752 kB
Active:           343392 kB
Mem:          3.8G       3.7G       131M       5.7M        20M       3.2G

MemTotal:        4016004 kB
MemFree:          129568 kB
Active:           341844 kB
Mem:          3.8G       3.7G       125M       5.7M        20M       3.3G

MemTotal:        4016004 kB
MemFree:          121004 kB
Active:           341100 kB
Mem:          3.8G       3.7G       116M       5.7M        20M       3.3G

MemTotal:        4016004 kB
MemFree:          135116 kB
Active:           340972 kB
Mem:          3.8G       3.7G       131M       5.7M        20M       3.3G

MemTotal:        4016004 kB
MemFree:          112640 kB
Active:           340980 kB
Mem:          3.8G       3.7G       109M       5.7M        20M       3.3G

MemTotal:        4016004 kB
MemFree:          123972 kB
Active:           340980 kB
Mem:          3.8G       3.7G       120M       5.7M        20M       3.3G

MemTotal:        4016004 kB
MemFree:          135820 kB
Active:           340980 kB
Mem:          3.8G       3.7G       132M       5.7M        20M       3.2G

MemTotal:        4016004 kB
MemFree:          132544 kB
Active:           340980 kB
Mem:          3.8G       3.7G       129M       5.7M        20M       3.3G

MemTotal:        4016004 kB
MemFree:          128436 kB
Active:           340984 kB
Mem:          3.8G       3.7G       124M       5.7M        20M       3.3G

MemTotal:        4016004 kB
MemFree:          133236 kB
Active:           341032 kB
Mem:          3.8G       3.7G       129M       5.7M        20M       3.2G

MemTotal:        4016004 kB
MemFree:          132080 kB
Active:           341028 kB
Mem:          3.8G       3.7G       128M       5.7M        20M       3.3G

MemTotal:        4016004 kB
MemFree:          131232 kB
Active:           341032 kB
Mem:          3.8G       3.7G       127M       5.7M        20M       3.3G

MemTotal:        4016004 kB
MemFree:          118868 kB
Active:           341032 kB
Mem:          3.8G       3.7G       115M       5.7M        20M       3.3G

MemTotal:        4016004 kB
MemFree:          130772 kB
Active:           338944 kB
Mem:          3.8G       3.7G       127M       5.7M        20M       3.3G

MemTotal:        4016004 kB
MemFree:          131732 kB
Active:           338952 kB
Mem:          3.8G       3.7G       127M       5.7M        20M       3.3G

MemTotal:        4016004 kB
MemFree:          126080 kB
Active:           338952 kB
Mem:          3.8G       3.7G       122M       5.7M        20M       3.3G

MemTotal:        4016004 kB
MemFree:          113964 kB
Active:           338952 kB
Mem:          3.8G       3.7G       110M       5.7M        20M       3.3G

MemTotal:        4016004 kB
MemFree:          141484 kB
Active:           338952 kB
Mem:          3.8G       3.7G       138M       5.7M        20M       3.2G

MemTotal:        4016004 kB
MemFree:          126964 kB
Active:           338952 kB
Mem:          3.8G       3.7G       123M       5.7M        20M       3.3G

MemTotal:        4016004 kB
MemFree:          139000 kB
Active:           340216 kB
Mem:          3.8G       3.7G       135M       5.7M        20M       3.2G

MemTotal:        4016004 kB
MemFree:          127468 kB
Active:           340228 kB
Mem:          3.8G       3.7G       124M       5.7M        20M       3.3G

MemTotal:        4016004 kB
MemFree:          127104 kB
Active:           340232 kB
Mem:          3.8G       3.7G       123M       5.7M        20M       3.3G

MemTotal:        4016004 kB
MemFree:          125692 kB
Active:           340240 kB
Mem:          3.8G       3.7G       122M       5.7M        20M       3.3G

MemTotal:        4016004 kB
MemFree:          124424 kB
Active:           340244 kB
Mem:          3.8G       3.7G       121M       5.7M        20M       3.3G

MemTotal:        4016004 kB
MemFree:          124304 kB
Active:           340244 kB
Mem:          3.8G       3.7G       121M       5.7M        20M       3.3G

MemTotal:        4016004 kB
MemFree:          117204 kB
Active:           340256 kB
Mem:          3.8G       3.7G       113M       5.7M        20M       3.3G

MemTotal:        4016004 kB
MemFree:          137548 kB
Active:           340256 kB
Mem:          3.8G       3.7G       132M       5.7M        20M       3.2G

MemTotal:        4016004 kB
MemFree:          140916 kB
Active:           340180 kB
Mem:          3.8G       3.7G       136M       5.7M        20M       3.2G

MemTotal:        4016004 kB
MemFree:          108640 kB
Active:           340184 kB
Mem:          3.8G       3.7G       105M       5.7M        20M       3.3G

MemTotal:        4016004 kB
MemFree:          126256 kB
Active:           340192 kB
Mem:          3.8G       3.7G       122M       5.7M        20M       3.3G

MemTotal:        4016004 kB
MemFree:          118336 kB
Active:           339888 kB
Mem:          3.8G       3.7G       115M       5.7M        20M       3.3G

MemTotal:        4016004 kB
MemFree:          118088 kB
Active:           339888 kB
Mem:          3.8G       3.7G       115M       5.7M        20M       3.3G

MemTotal:        4016004 kB
MemFree:          117840 kB
Active:           339888 kB
Mem:          3.8G       3.7G       115M       5.7M        20M       3.3G

MemTotal:        4016004 kB
MemFree:          117964 kB
Active:           339888 kB
Mem:          3.8G       3.7G       115M       5.7M        20M       3.3G

MemTotal:        4016004 kB
MemFree:          117964 kB
Active:           339888 kB
Mem:          3.8G       3.7G       115M       5.7M        20M       3.3G

MemTotal:        4016004 kB
MemFree:          117564 kB
Active:           339900 kB
Mem:          3.8G       3.7G       114M       5.7M        20M       3.3G

MemTotal:        4016004 kB
MemFree:          117492 kB
Active:           339908 kB
Mem:          3.8G       3.7G       114M       5.7M        20M       3.3G

MemTotal:        4016004 kB
MemFree:          117652 kB
Active:           339908 kB
Mem:          3.8G       3.7G       114M       5.7M        20M       3.3G

MemTotal:        4016004 kB
MemFree:          117844 kB
Active:           339908 kB
Mem:          3.8G       3.7G       115M       5.7M        20M       3.3G

MemTotal:        4016004 kB
MemFree:          117408 kB
Active:           338692 kB
Mem:          3.8G       3.7G       114M       5.7M        20M       3.3G

MemTotal:        4016004 kB
MemFree:          117780 kB
Active:           340740 kB
Mem:          3.8G       3.7G       115M       5.7M        20M       3.3G

MemTotal:        4016004 kB
MemFree:          117780 kB
Active:           340748 kB
Mem:          3.8G       3.7G       115M       5.7M        20M       3.3G

MemTotal:        4016004 kB
MemFree:          117780 kB
Active:           340748 kB
Mem:          3.8G       3.7G       115M       5.7M        20M       3.3G

MemTotal:        4016004 kB
MemFree:          117904 kB
Active:           340748 kB
Mem:          3.8G       3.7G       115M       5.7M        20M       3.3G

MemTotal:        4016004 kB
MemFree:          118092 kB
Active:           340532 kB
Mem:          3.8G       3.7G       115M       5.7M        20M       3.3G

MemTotal:        4016004 kB
MemFree:          117968 kB
Active:           340536 kB
Mem:          3.8G       3.7G       114M       5.7M        20M       3.3G

MemTotal:        4016004 kB
MemFree:          117596 kB
Active:           340584 kB
Mem:          3.8G       3.7G       114M       5.7M        20M       3.3G

MemTotal:        4016004 kB
MemFree:          117844 kB
Active:           340576 kB
Mem:          3.8G       3.7G       114M       5.7M        20M       3.3G

MemTotal:        4016004 kB
MemFree:          117348 kB
Active:           340592 kB
Mem:          3.8G       3.7G       114M       5.7M        20M       3.3G

MemTotal:        4016004 kB
MemFree:          117348 kB
Active:           340548 kB
Mem:          3.8G       3.7G       114M       5.7M        20M       3.3G

MemTotal:        4016004 kB
MemFree:          117224 kB
Active:           340604 kB
Mem:          3.8G       3.7G       114M       5.7M        20M       3.3G

MemTotal:        4016004 kB
MemFree:          117472 kB
Active:           340604 kB
Mem:          3.8G       3.7G       114M       5.7M        20M       3.3G

MemTotal:        4016004 kB
MemFree:          117632 kB
Active:           340604 kB
Mem:          3.8G       3.7G       115M       5.7M        20M       3.3G

MemTotal:        4016004 kB
MemFree:          118004 kB
Active:           340596 kB
Mem:          3.8G       3.7G       115M       5.7M        20M       3.3G

MemTotal:        4016004 kB
MemFree:          117632 kB
Active:           340608 kB
Mem:          3.8G       3.7G       114M       5.7M        20M       3.3G

MemTotal:        4016004 kB
MemFree:          118128 kB
Active:           340564 kB
Mem:          3.8G       3.7G       115M       5.7M        20M       3.3G

MemTotal:        4016004 kB
MemFree:          118004 kB
Active:           340564 kB
Mem:          3.8G       3.7G       115M       5.7M        20M       3.3G

MemTotal:        4016004 kB
MemFree:          117880 kB
Active:           340604 kB
Mem:          3.8G       3.7G       114M       5.7M        20M       3.3G

MemTotal:        4016004 kB
MemFree:          117384 kB
Active:           340608 kB
Mem:          3.8G       3.7G       114M       5.7M        20M       3.3G

MemTotal:        4016004 kB
MemFree:          117756 kB
Active:           340576 kB
Mem:          3.8G       3.7G       114M       5.7M        20M       3.3G

MemTotal:        4016004 kB
MemFree:          117384 kB
Active:           340616 kB
Mem:          3.8G       3.7G       114M       5.7M        20M       3.3G

MemTotal:        4016004 kB
MemFree:          117756 kB
Active:           340580 kB
Mem:          3.8G       3.7G       115M       5.7M        20M       3.3G

MemTotal:        4016004 kB
MemFree:          117880 kB
Active:           340560 kB
Mem:          3.8G       3.7G       115M       5.7M        20M       3.3G

MemTotal:        4016004 kB
MemFree:          117756 kB
Active:           340600 kB
Mem:          3.8G       3.7G       115M       5.7M        20M       3.3G

MemTotal:        4016004 kB
MemFree:          117880 kB
Active:           340576 kB
Mem:          3.8G       3.7G       115M       5.7M        20M       3.3G

MemTotal:        4016004 kB
MemFree:          117944 kB
Active:           340620 kB
Mem:          3.8G       3.7G       115M       5.7M        20M       3.3G

MemTotal:        4016004 kB
MemFree:          118192 kB
Active:           340616 kB
Mem:          3.8G       3.7G       115M       5.7M        20M       3.3G

MemTotal:        4016004 kB
MemFree:          117448 kB
Active:           340640 kB
Mem:          3.8G       3.7G       115M       5.7M        20M       3.3G

MemTotal:        4016004 kB
MemFree:          117944 kB
Active:           340616 kB
Mem:          3.8G       3.7G       115M       5.7M        20M       3.3G

MemTotal:        4016004 kB
MemFree:          118068 kB
Active:           340604 kB
Mem:          3.8G       3.7G       115M       5.7M        20M       3.3G

MemTotal:        4016004 kB
MemFree:          117944 kB
Active:           340592 kB
Mem:          3.8G       3.7G       114M       5.7M        20M       3.3G

MemTotal:        4016004 kB
MemFree:          117696 kB
Active:           340640 kB
Mem:          3.8G       3.7G       115M       5.7M        20M       3.3G

MemTotal:        4016004 kB
MemFree:          118068 kB
Active:           340624 kB
Mem:          3.8G       3.7G       115M       5.7M        20M       3.3G

MemTotal:        4016004 kB
MemFree:          117944 kB
Active:           340600 kB
Mem:          3.8G       3.7G       115M       5.7M        20M       3.3G

MemTotal:        4016004 kB
MemFree:          117572 kB
Active:           340640 kB
Mem:          3.8G       3.7G       114M       5.7M        20M       3.3G

MemTotal:        4016004 kB
MemFree:          117836 kB
Active:           340604 kB
Mem:          3.8G       3.7G       114M       5.7M        20M       3.3G

MemTotal:        4016004 kB
MemFree:          117712 kB
Active:           340600 kB
Mem:          3.8G       3.7G       114M       5.7M        20M       3.3G

MemTotal:        4016004 kB
MemFree:          118084 kB
Active:           340636 kB
Mem:          3.8G       3.7G       115M       5.7M        20M       3.3G

MemTotal:        4016004 kB
MemFree:          117588 kB
Active:           340656 kB
Mem:          3.8G       3.7G       115M       5.7M        20M       3.3G

MemTotal:        4016004 kB
MemFree:          117588 kB
Active:           340660 kB
Mem:          3.8G       3.7G       114M       5.7M        20M       3.3G

MemTotal:        4016004 kB
MemFree:          118084 kB
Active:           340616 kB
Mem:          3.8G       3.7G       115M       5.7M        20M       3.3G

MemTotal:        4016004 kB
MemFree:          117712 kB
Active:           340668 kB
Mem:          3.8G       3.7G       114M       5.7M        20M       3.3G

MemTotal:        4016004 kB
MemFree:          118084 kB
Active:           340648 kB
Mem:          3.8G       3.7G       114M       5.7M        20M       3.3G

MemTotal:        4016004 kB
MemFree:          117960 kB
Active:           340656 kB
Mem:          3.8G       3.7G       115M       5.7M        20M       3.3G

MemTotal:        4016004 kB
MemFree:          117960 kB
Active:           340612 kB
Mem:          3.8G       3.7G       115M       5.7M        20M       3.3G

MemTotal:        4016004 kB
MemFree:          117960 kB
Active:           340636 kB
Mem:          3.8G       3.7G       115M       5.7M        20M       3.3G

MemTotal:        4016004 kB
MemFree:          118224 kB
Active:           340628 kB
Mem:          3.8G       3.7G       115M       5.7M        20M       3.3G

MemTotal:        4016004 kB
MemFree:          118100 kB
Active:           340664 kB
Mem:          3.8G       3.7G       115M       5.7M        20M       3.3G

MemTotal:        4016004 kB
MemFree:          118100 kB
Active:           340648 kB
Mem:          3.8G       3.7G       115M       5.7M        20M       3.3G

MemTotal:        4016004 kB
MemFree:          117976 kB
Active:           340628 kB
Mem:          3.8G       3.7G       115M       5.7M        20M       3.3G

MemTotal:        4016004 kB
MemFree:          118224 kB
Active:           340672 kB
Mem:          3.8G       3.7G       114M       5.7M        20M       3.3G

MemTotal:        4016004 kB
MemFree:          117976 kB
Active:           340628 kB
Mem:          3.8G       3.7G       115M       5.7M        20M       3.3G

MemTotal:        4016004 kB
MemFree:          117604 kB
Active:           340676 kB
Mem:          3.8G       3.7G       115M       5.7M        20M       3.3G

MemTotal:        4016004 kB
MemFree:          117976 kB
Active:           340644 kB
Mem:          3.8G       3.7G       115M       5.7M        20M       3.3G

MemTotal:        4016004 kB
MemFree:          118100 kB
Active:           340632 kB
Mem:          3.8G       3.7G       115M       5.7M        20M       3.3G

MemTotal:        4016004 kB
MemFree:          117976 kB
Active:           340664 kB
Mem:          3.8G       3.7G       115M       5.7M        20M       3.3G

MemTotal:        4016004 kB
MemFree:          117728 kB
Active:           340684 kB
Mem:          3.8G       3.7G       115M       5.7M        20M       3.3G

MemTotal:        4016004 kB
MemFree:          117976 kB
Active:           340636 kB
Mem:          3.8G       3.7G       115M       5.7M        20M       3.3G

MemTotal:        4016004 kB
MemFree:          117728 kB
Active:           340684 kB
Mem:          3.8G       3.7G       114M       5.7M        20M       3.3G

MemTotal:        4016004 kB
MemFree:          117976 kB
Active:           340652 kB
Mem:          3.8G       3.7G       115M       5.7M        20M       3.3G

MemTotal:        4016004 kB
MemFree:          118116 kB
Active:           340676 kB
Mem:          3.8G       3.7G       115M       5.7M        20M       3.3G

MemTotal:        4016004 kB
MemFree:          117744 kB
Active:           340696 kB
Mem:          3.8G       3.7G       114M       5.7M        20M       3.3G

MemTotal:        4016004 kB
MemFree:          117744 kB
Active:           340696 kB
Mem:          3.8G       3.7G       114M       5.7M        20M       3.3G

MemTotal:        4016004 kB
MemFree:          117620 kB
Active:           340696 kB
Mem:          3.8G       3.7G       114M       5.7M        20M       3.3G

MemTotal:        4016004 kB
MemFree:          117744 kB
Active:           340664 kB
Mem:          3.8G       3.7G       115M       5.7M        20M       3.3G

MemTotal:        4016004 kB
MemFree:          117496 kB
Active:           340696 kB
Mem:          3.8G       3.7G       114M       5.7M        20M       3.3G

MemTotal:        4016004 kB
MemFree:          117868 kB
Active:           340692 kB
Mem:          3.8G       3.7G       115M       5.7M        20M       3.3G

MemTotal:        4016004 kB
MemFree:          117868 kB
Active:           340644 kB
Mem:          3.8G       3.7G       114M       5.7M        20M       3.3G

MemTotal:        4016004 kB
MemFree:          117868 kB
Active:           340668 kB
Mem:          3.8G       3.7G       115M       5.7M        20M       3.3G

MemTotal:        4016004 kB
MemFree:          117744 kB
Active:           340700 kB
Mem:          3.8G       3.7G       114M       5.7M        20M       3.3G

MemTotal:        4016004 kB
MemFree:          118116 kB
Active:           340672 kB
Mem:          3.8G       3.7G       115M       5.7M        20M       3.3G

MemTotal:        4016004 kB
MemFree:          118240 kB
Active:           340660 kB
Mem:          3.8G       3.7G       115M       5.7M        20M       3.3G

MemTotal:        4016004 kB
MemFree:          118240 kB
Active:           340652 kB
Mem:          3.8G       3.7G       115M       5.7M        20M       3.3G

MemTotal:        4016004 kB
MemFree:          117992 kB
Active:           340700 kB
Mem:          3.8G       3.7G       114M       5.7M        20M       3.3G

MemTotal:        4016004 kB
MemFree:          117992 kB
Active:           340680 kB
Mem:          3.8G       3.7G       115M       5.7M        20M       3.3G

MemTotal:        4016004 kB
MemFree:          117992 kB
Active:           340680 kB
Mem:          3.8G       3.7G       115M       5.7M        20M       3.3G

MemTotal:        4016004 kB
MemFree:          117992 kB
Active:           340660 kB
Mem:          3.8G       3.7G       115M       5.7M        20M       3.3G

MemTotal:        4016004 kB
MemFree:          117868 kB
Active:           340684 kB
Mem:          3.8G       3.7G       114M       5.7M        20M       3.3G

MemTotal:        4016004 kB
MemFree:          117868 kB
Active:           340664 kB
Mem:          3.8G       3.7G       115M       5.7M        20M       3.3G

MemTotal:        4016004 kB
MemFree:          117496 kB
Active:           340708 kB
Mem:          3.8G       3.7G       114M       5.7M        20M       3.3G

MemTotal:        4016004 kB
MemFree:          117744 kB
Active:           340700 kB
Mem:          3.8G       3.7G       115M       5.7M        20M       3.3G

MemTotal:        4016004 kB
MemFree:          117868 kB
Active:           340700 kB
Mem:          3.8G       3.7G       114M       5.7M        20M       3.3G

MemTotal:        4016004 kB
MemFree:          117620 kB
Active:           340712 kB
Mem:          3.8G       3.7G       115M       5.7M        20M       3.3G

MemTotal:        4016004 kB
MemFree:          113444 kB
Active:           344228 kB
Mem:          3.8G       3.7G       110M       5.7M        23M       3.3G

MemTotal:        4016004 kB
MemFree:          108088 kB
Active:           348624 kB
Mem:          3.8G       3.7G       105M       5.7M        27M       3.3G

MemTotal:        4016004 kB
MemFree:          108312 kB
Active:           348444 kB
Mem:          3.8G       3.7G       105M       5.7M        27M       3.3G

MemTotal:        4016004 kB
MemFree:          108188 kB
Active:           348472 kB
Mem:          3.8G       3.7G       105M       5.7M        27M       3.3G

MemTotal:        4016004 kB
MemFree:          108560 kB
Active:           348448 kB
Mem:          3.8G       3.7G       105M       5.7M        27M       3.3G

MemTotal:        4016004 kB
MemFree:          108436 kB
Active:           348452 kB
Mem:          3.8G       3.7G       105M       5.7M        27M       3.3G

MemTotal:        4016004 kB
MemFree:          108064 kB
Active:           348488 kB
Mem:          3.8G       3.7G       105M       5.7M        27M       3.3G

MemTotal:        4016004 kB
MemFree:          108560 kB
Active:           348456 kB
Mem:          3.8G       3.7G       106M       5.7M        27M       3.3G

MemTotal:        4016004 kB
MemFree:          108436 kB
Active:           348444 kB
Mem:          3.8G       3.7G       105M       5.7M        27M       3.3G

MemTotal:        4016004 kB
MemFree:          108560 kB
Active:           348476 kB
Mem:          3.8G       3.7G       106M       5.7M        27M       3.3G

MemTotal:        4016004 kB
MemFree:          108064 kB
Active:           348496 kB
Mem:          3.8G       3.7G       105M       5.7M        27M       3.3G

MemTotal:        4016004 kB
MemFree:          108436 kB
Active:           348476 kB
Mem:          3.8G       3.7G       105M       5.7M        27M       3.3G

MemTotal:        4016004 kB
MemFree:          108436 kB
Active:           348464 kB
Mem:          3.8G       3.7G       105M       5.7M        27M       3.3G

MemTotal:        4016004 kB
MemFree:          107940 kB
Active:           348500 kB
Mem:          3.8G       3.7G       105M       5.7M        27M       3.3G

MemTotal:        4016004 kB
MemFree:          108312 kB
Active:           348472 kB
Mem:          3.8G       3.7G       105M       5.7M        27M       3.3G

MemTotal:        4016004 kB
MemFree:          108436 kB
Active:           348460 kB
Mem:          3.8G       3.7G       105M       5.7M        27M       3.3G

MemTotal:        4016004 kB
MemFree:          107940 kB
Active:           348504 kB
Mem:          3.8G       3.7G       105M       5.7M        27M       3.3G

MemTotal:        4016004 kB
MemFree:          107940 kB
Active:           348504 kB
Mem:          3.8G       3.7G       105M       5.7M        27M       3.3G

MemTotal:        4016004 kB
MemFree:          108436 kB
Active:           348468 kB
Mem:          3.8G       3.7G       105M       5.7M        27M       3.3G

MemTotal:        4016004 kB
MemFree:          108436 kB
Active:           348464 kB
Mem:          3.8G       3.7G       105M       5.7M        27M       3.3G

MemTotal:        4016004 kB
MemFree:          108064 kB
Active:           348512 kB
Mem:          3.8G       3.7G       105M       5.7M        27M       3.3G

MemTotal:        4016004 kB
MemFree:          108312 kB
Active:           348480 kB
Mem:          3.8G       3.7G       105M       5.7M        27M       3.3G

MemTotal:        4016004 kB
MemFree:          108560 kB
Active:           348508 kB
Mem:          3.8G       3.7G       105M       5.7M        27M       3.3G

MemTotal:        4016004 kB
MemFree:          107940 kB
Active:           348512 kB
Mem:          3.8G       3.7G       105M       5.7M        27M       3.3G

MemTotal:        4016004 kB
MemFree:          108312 kB
Active:           348484 kB
Mem:          3.8G       3.7G       105M       5.7M        27M       3.3G

MemTotal:        4016004 kB
MemFree:          108312 kB
Active:           348476 kB
Mem:          3.8G       3.7G       105M       5.7M        27M       3.3G

MemTotal:        4016004 kB
MemFree:          108436 kB
Active:           348464 kB
Mem:          3.8G       3.7G       105M       5.7M        27M       3.3G

MemTotal:        4016004 kB
MemFree:          108436 kB
Active:           348468 kB
Mem:          3.8G       3.7G       105M       5.7M        27M       3.3G

MemTotal:        4016004 kB
MemFree:          108312 kB
Active:           348488 kB
Mem:          3.8G       3.7G       105M       5.7M        27M       3.3G

MemTotal:        4016004 kB
MemFree:          108188 kB
Active:           348468 kB
Mem:          3.8G       3.7G       105M       5.7M        27M       3.3G

MemTotal:        4016004 kB
MemFree:          107940 kB
Active:           348520 kB
Mem:          3.8G       3.7G       105M       5.7M        27M       3.3G

MemTotal:        4016004 kB
MemFree:          108560 kB
Active:           348520 kB
Mem:          3.8G       3.7G       105M       5.7M        27M       3.3G

MemTotal:        4016004 kB
MemFree:          108560 kB
Active:           348524 kB
Mem:          3.8G       3.7G       105M       5.7M        27M       3.3G

MemTotal:        4016004 kB
MemFree:          108064 kB
Active:           348528 kB
Mem:          3.8G       3.7G       105M       5.7M        27M       3.3G

MemTotal:        4016004 kB
MemFree:          107940 kB
Active:           348528 kB
Mem:          3.8G       3.7G       105M       5.7M        27M       3.3G

MemTotal:        4016004 kB
MemFree:          108436 kB
Active:           348512 kB
Mem:          3.8G       3.7G       105M       5.7M        27M       3.3G

MemTotal:        4016004 kB
MemFree:          108436 kB
Active:           348508 kB
Mem:          3.8G       3.7G       105M       5.7M        27M       3.3G

MemTotal:        4016004 kB
MemFree:          107940 kB
Active:           348528 kB
Mem:          3.8G       3.7G       105M       5.7M        27M       3.3G

MemTotal:        4016004 kB
MemFree:          108312 kB
Active:           348524 kB
Mem:          3.8G       3.7G       105M       5.7M        27M       3.3G

MemTotal:        4016004 kB
MemFree:          108560 kB
Active:           348512 kB
Mem:          3.8G       3.7G       105M       5.7M        27M       3.3G

MemTotal:        4016004 kB
MemFree:          107940 kB
Active:           348540 kB
Mem:          3.8G       3.7G       105M       5.7M        27M       3.3G

MemTotal:        4016004 kB
MemFree:          108064 kB
Active:           348540 kB
Mem:          3.8G       3.7G       105M       5.7M        27M       3.3G

MemTotal:        4016004 kB
MemFree:          108436 kB
Active:           348500 kB
Mem:          3.8G       3.7G       105M       5.7M        27M       3.3G

MemTotal:        4016004 kB
MemFree:          108436 kB
Active:           348500 kB
Mem:          3.8G       3.7G       105M       5.7M        27M       3.3G

MemTotal:        4016004 kB
MemFree:          107816 kB
Active:           348540 kB
Mem:          3.8G       3.7G       105M       5.7M        27M       3.3G

MemTotal:        4016004 kB
MemFree:          107940 kB
Active:           348508 kB
Mem:          3.8G       3.7G       105M       5.7M        27M       3.3G

MemTotal:        4016004 kB
MemFree:          108312 kB
Active:           348536 kB
Mem:          3.8G       3.7G       105M       5.7M        27M       3.3G

MemTotal:        4016004 kB
MemFree:          107940 kB
Active:           348548 kB
Mem:          3.8G       3.7G       105M       5.7M        27M       3.3G

MemTotal:        4016004 kB
MemFree:          107940 kB
Active:           348548 kB
Mem:          3.8G       3.7G       105M       5.7M        27M       3.3G

MemTotal:        4016004 kB
MemFree:          108312 kB
Active:           348492 kB
Mem:          3.8G       3.7G       106M       5.7M        27M       3.3G

MemTotal:        4016004 kB
MemFree:          108560 kB
Active:           348492 kB
Mem:          3.8G       3.7G       105M       5.7M        27M       3.3G

MemTotal:        4016004 kB
MemFree:          108188 kB
Active:           348548 kB
Mem:          3.8G       3.7G       105M       5.7M        27M       3.3G

MemTotal:        4016004 kB
MemFree:          108560 kB
Active:           348512 kB
Mem:          3.8G       3.7G       106M       5.7M        27M       3.3G

MemTotal:        4016004 kB
MemFree:          108436 kB
Active:           348504 kB
Mem:          3.8G       3.7G       105M       5.7M        27M       3.3G

MemTotal:        4016004 kB
MemFree:          108560 kB
Active:           348532 kB
Mem:          3.8G       3.7G       105M       5.7M        27M       3.3G

MemTotal:        4016004 kB
MemFree:          108188 kB
Active:           348556 kB
Mem:          3.8G       3.7G       105M       5.7M        27M       3.3G

MemTotal:        4016004 kB
MemFree:          108560 kB
Active:           348528 kB
Mem:          3.8G       3.7G       105M       5.7M        27M       3.3G

MemTotal:        4016004 kB
MemFree:          108560 kB
Active:           348524 kB
Mem:          3.8G       3.7G       106M       5.7M        27M       3.3G

MemTotal:        4016004 kB
MemFree:          108560 kB
Active:           348504 kB
Mem:          3.8G       3.7G       106M       5.7M        27M       3.3G

MemTotal:        4016004 kB
MemFree:          108188 kB
Active:           348560 kB
Mem:          3.8G       3.7G       105M       5.7M        27M       3.3G

MemTotal:        4016004 kB
MemFree:          108560 kB
Active:           348528 kB
Mem:          3.8G       3.7G       106M       5.7M        27M       3.3G

MemTotal:        4016004 kB
MemFree:          108560 kB
Active:           348532 kB
Mem:          3.8G       3.7G       106M       5.7M        27M       3.3G

MemTotal:        4016004 kB
MemFree:          108064 kB
Active:           348572 kB
Mem:          3.8G       3.7G       105M       5.7M        27M       3.3G

MemTotal:        4016004 kB
MemFree:          108312 kB
Active:           348524 kB
Mem:          3.8G       3.7G       105M       5.7M        27M       3.3G

MemTotal:        4016004 kB
MemFree:          108560 kB
Active:           348524 kB
Mem:          3.8G       3.7G       105M       5.7M        27M       3.3G

MemTotal:        4016004 kB
MemFree:          108560 kB
Active:           348560 kB
Mem:          3.8G       3.7G       105M       5.7M        27M       3.3G

MemTotal:        4016004 kB
MemFree:          108436 kB
Active:           348560 kB
Mem:          3.8G       3.7G       105M       5.7M        27M       3.3G

MemTotal:        4016004 kB
MemFree:          108436 kB
Active:           348560 kB
Mem:          3.8G       3.7G       105M       5.7M        27M       3.3G

MemTotal:        4016004 kB
MemFree:          108188 kB
Active:           348600 kB
Mem:          3.8G       3.7G       105M       5.7M        27M       3.3G

MemTotal:        4016004 kB
MemFree:          108188 kB
Active:           348548 kB
Mem:          3.8G       3.7G       105M       5.7M        27M       3.3G

MemTotal:        4016004 kB
MemFree:          108064 kB
Active:           348580 kB
Mem:          3.8G       3.7G       105M       5.7M        27M       3.3G

MemTotal:        4016004 kB
MemFree:          107816 kB
Active:           348600 kB
Mem:          3.8G       3.7G       105M       5.7M        27M       3.3G

MemTotal:        4016004 kB
MemFree:          108312 kB
Active:           348580 kB
Mem:          3.8G       3.7G       105M       5.7M        27M       3.3G

MemTotal:        4016004 kB
MemFree:          108312 kB
Active:           348600 kB
Mem:          3.8G       3.7G       105M       5.7M        27M       3.3G

MemTotal:        4016004 kB
MemFree:          108188 kB
Active:           348588 kB
Mem:          3.8G       3.7G       105M       5.7M        27M       3.3G

MemTotal:        4016004 kB
MemFree:          107940 kB
Active:           348612 kB
Mem:          3.8G       3.7G       105M       5.7M        27M       3.3G

MemTotal:        4016004 kB
MemFree:          108080 kB
Active:           348620 kB
Mem:          3.8G       3.7G       105M       5.7M        27M       3.3G

MemTotal:        4016004 kB
MemFree:          108204 kB
Active:           348612 kB
Mem:          3.8G       3.7G       105M       5.7M        27M       3.3G

MemTotal:        4016004 kB
MemFree:          107832 kB
Active:           348628 kB
Mem:          3.8G       3.7G       105M       5.7M        27M       3.3G

MemTotal:        4016004 kB
MemFree:          108204 kB
Active:           348620 kB
Mem:          3.8G       3.7G       105M       5.7M        27M       3.3G

MemTotal:        4016004 kB
MemFree:          108204 kB
Active:           348596 kB
Mem:          3.8G       3.7G       105M       5.7M        27M       3.3G

MemTotal:        4016004 kB
MemFree:          108204 kB
Active:           348584 kB
Mem:          3.8G       3.7G       105M       5.7M        27M       3.3G

MemTotal:        4016004 kB
MemFree:          107832 kB
Active:           348632 kB
Mem:          3.8G       3.7G       105M       5.7M        27M       3.3G

MemTotal:        4016004 kB
MemFree:          108204 kB
Active:           348616 kB
Mem:          3.8G       3.7G       105M       5.7M        27M       3.3G

MemTotal:        4016004 kB
MemFree:          108204 kB
Active:           348616 kB
Mem:          3.8G       3.7G       105M       5.7M        27M       3.3G

MemTotal:        4016004 kB
MemFree:          108080 kB
Active:           348604 kB
Mem:          3.8G       3.7G       105M       5.7M        27M       3.3G

MemTotal:        4016004 kB
MemFree:          107832 kB
Active:           348632 kB
Mem:          3.8G       3.7G       105M       5.7M        27M       3.3G

MemTotal:        4016004 kB
MemFree:          108204 kB
Active:           348620 kB
Mem:          3.8G       3.7G       105M       5.7M        27M       3.3G

MemTotal:        4016004 kB
MemFree:          108048 kB
Active:           348620 kB
Mem:          3.8G       3.7G       105M       5.7M        28M       3.3G

MemTotal:        4016004 kB
MemFree:          107676 kB
Active:           348808 kB
Mem:          3.8G       3.7G       105M       5.7M        28M       3.3G

MemTotal:        4016004 kB
MemFree:          107924 kB
Active:           348772 kB
Mem:          3.8G       3.7G       105M       5.7M        28M       3.3G

