MemTotal:        4016004 kB
MemFree:         3212184 kB
Active:           444616 kB
Mem:          3.8G       784M       3.1G       5.7M        62M       327M

MemTotal:        4016004 kB
MemFree:         3212516 kB
Active:           444736 kB
Mem:          3.8G       784M       3.1G       5.7M        62M       327M

MemTotal:        4016004 kB
MemFree:         3211896 kB
Active:           444804 kB
Mem:          3.8G       784M       3.1G       5.7M        62M       327M

MemTotal:        4016004 kB
MemFree:         3211576 kB
Active:           442832 kB
Mem:          3.8G       785M       3.1G       5.7M        62M       327M

MemTotal:        4016004 kB
MemFree:         3212328 kB
Active:           444812 kB
Mem:          3.8G       784M       3.1G       5.7M        62M       327M

MemTotal:        4016004 kB
MemFree:         3212700 kB
Active:           444780 kB
Mem:          3.8G       784M       3.1G       5.7M        62M       327M

MemTotal:        4016004 kB
MemFree:         3212576 kB
Active:           444768 kB
Mem:          3.8G       784M       3.1G       5.7M        62M       327M

MemTotal:        4016004 kB
MemFree:         3212684 kB
Active:           444780 kB
Mem:          3.8G       784M       3.1G       5.7M        62M       327M

MemTotal:        4016004 kB
MemFree:         3212560 kB
Active:           444824 kB
Mem:          3.8G       784M       3.1G       5.7M        62M       327M

MemTotal:        4016004 kB
MemFree:         3212808 kB
Active:           444772 kB
Mem:          3.8G       784M       3.1G       5.7M        62M       327M

MemTotal:        4016004 kB
MemFree:         3212312 kB
Active:           444824 kB
Mem:          3.8G       784M       3.1G       5.7M        62M       327M

MemTotal:        4016004 kB
MemFree:         3212684 kB
Active:           444788 kB
Mem:          3.8G       784M       3.1G       5.7M        62M       327M

MemTotal:        4016004 kB
MemFree:         3212064 kB
Active:           444832 kB
Mem:          3.8G       784M       3.1G       5.7M        62M       327M

MemTotal:        4016004 kB
MemFree:         3212492 kB
Active:           442776 kB
Mem:          3.8G       784M       3.1G       5.7M        62M       327M

MemTotal:        4016004 kB
MemFree:         3212708 kB
Active:           444836 kB
Mem:          3.8G       784M       3.1G       5.7M        62M       327M

MemTotal:        4016004 kB
MemFree:         3212832 kB
Active:           444788 kB
Mem:          3.8G       784M       3.1G       5.7M        62M       327M

MemTotal:        4016004 kB
MemFree:         3213080 kB
Active:           444804 kB
Mem:          3.8G       784M       3.1G       5.7M        62M       327M

MemTotal:        4016004 kB
MemFree:         3213080 kB
Active:           444808 kB
Mem:          3.8G       784M       3.1G       5.7M        62M       327M

MemTotal:        4016004 kB
MemFree:         3213064 kB
Active:           444828 kB
Mem:          3.8G       784M       3.1G       5.7M        62M       327M

MemTotal:        4016004 kB
MemFree:         3212816 kB
Active:           444812 kB
Mem:          3.8G       784M       3.1G       5.7M        62M       327M

MemTotal:        4016004 kB
MemFree:         3212444 kB
Active:           444816 kB
Mem:          3.8G       784M       3.1G       5.7M        62M       327M

MemTotal:        4016004 kB
MemFree:         3212444 kB
Active:           444840 kB
Mem:          3.8G       784M       3.1G       5.7M        62M       327M

MemTotal:        4016004 kB
MemFree:         3212568 kB
Active:           444840 kB
Mem:          3.8G       784M       3.1G       5.7M        62M       327M

MemTotal:        4016004 kB
MemFree:         3210644 kB
Active:           444788 kB
Mem:          3.8G       786M       3.1G       5.7M        62M       327M

MemTotal:        4016004 kB
MemFree:         3210520 kB
Active:           446820 kB
Mem:          3.8G       786M       3.1G       5.7M        62M       327M

MemTotal:        4016004 kB
MemFree:         3211016 kB
Active:           446836 kB
Mem:          3.8G       786M       3.1G       5.7M        62M       327M

MemTotal:        4016004 kB
MemFree:         3210504 kB
Active:           446872 kB
Mem:          3.8G       786M       3.1G       5.7M        62M       327M

MemTotal:        4016004 kB
MemFree:         3210876 kB
Active:           446840 kB
Mem:          3.8G       786M       3.1G       5.7M        62M       327M

MemTotal:        4016004 kB
MemFree:         3210984 kB
Active:           446828 kB
Mem:          3.8G       786M       3.1G       5.7M        62M       327M

MemTotal:        4016004 kB
MemFree:         3210612 kB
Active:           446884 kB
Mem:          3.8G       786M       3.1G       5.7M        62M       327M

MemTotal:        4016004 kB
MemFree:         3210240 kB
Active:           446884 kB
Mem:          3.8G       786M       3.1G       5.7M        62M       327M

MemTotal:        4016004 kB
MemFree:         3210472 kB
Active:           446868 kB
Mem:          3.8G       786M       3.1G       5.7M        62M       327M

MemTotal:        4016004 kB
MemFree:         3210580 kB
Active:           446844 kB
Mem:          3.8G       786M       3.1G       5.7M        62M       327M

MemTotal:        4016004 kB
MemFree:         3210464 kB
Active:           444932 kB
Mem:          3.8G       786M       3.1G       5.7M        62M       327M

MemTotal:        4016004 kB
MemFree:         3209756 kB
Active:           444860 kB
Mem:          3.8G       787M       3.1G       5.7M        62M       327M

MemTotal:        4016004 kB
MemFree:         3210128 kB
Active:           444856 kB
Mem:          3.8G       787M       3.1G       5.7M        62M       327M

MemTotal:        4016004 kB
MemFree:         3210376 kB
Active:           446908 kB
Mem:          3.8G       786M       3.1G       5.7M        62M       327M

MemTotal:        4016004 kB
MemFree:         3210236 kB
Active:           446904 kB
Mem:          3.8G       786M       3.1G       5.7M        62M       327M

MemTotal:        4016004 kB
MemFree:         3210344 kB
Active:           446864 kB
Mem:          3.8G       786M       3.1G       5.7M        62M       327M

MemTotal:        4016004 kB
MemFree:         3210468 kB
Active:           446860 kB
Mem:          3.8G       786M       3.1G       5.7M        62M       327M

MemTotal:        4016004 kB
MemFree:         3210344 kB
Active:           446896 kB
Mem:          3.8G       786M       3.1G       5.7M        62M       327M

MemTotal:        4016004 kB
MemFree:         3210344 kB
Active:           446900 kB
Mem:          3.8G       786M       3.1G       5.7M        62M       327M

MemTotal:        4016004 kB
MemFree:         3210716 kB
Active:           446884 kB
Mem:          3.8G       786M       3.1G       5.7M        62M       327M

MemTotal:        4016004 kB
MemFree:         3210220 kB
Active:           446932 kB
Mem:          3.8G       787M       3.1G       5.7M        62M       327M

MemTotal:        4016004 kB
MemFree:         3210220 kB
Active:           446908 kB
Mem:          3.8G       787M       3.1G       5.7M        62M       327M

MemTotal:        4016004 kB
MemFree:         3210344 kB
Active:           446912 kB
Mem:          3.8G       786M       3.1G       5.7M        62M       327M

MemTotal:        4016004 kB
MemFree:         3210716 kB
Active:           446908 kB
Mem:          3.8G       786M       3.1G       5.7M        62M       327M

MemTotal:        4016004 kB
MemFree:         3209972 kB
Active:           446940 kB
Mem:          3.8G       786M       3.1G       5.7M        62M       327M

MemTotal:        4016004 kB
MemFree:         3209848 kB
Active:           446944 kB
Mem:          3.8G       786M       3.1G       5.7M        62M       327M

MemTotal:        4016004 kB
MemFree:         3210344 kB
Active:           446916 kB
Mem:          3.8G       786M       3.1G       5.7M        62M       327M

MemTotal:        4016004 kB
MemFree:         3210096 kB
Active:           446952 kB
Mem:          3.8G       786M       3.1G       5.7M        62M       327M

MemTotal:        4016004 kB
MemFree:         3210344 kB
Active:           446900 kB
Mem:          3.8G       786M       3.1G       5.7M        62M       327M

MemTotal:        4016004 kB
MemFree:         3210344 kB
Active:           446944 kB
Mem:          3.8G       787M       3.1G       5.7M        62M       327M

MemTotal:        4016004 kB
MemFree:         3210220 kB
Active:           446916 kB
Mem:          3.8G       786M       3.1G       5.7M        62M       327M

MemTotal:        4016004 kB
MemFree:         3210468 kB
Active:           446932 kB
Mem:          3.8G       786M       3.1G       5.7M        62M       327M

MemTotal:        4016004 kB
MemFree:         3209972 kB
Active:           446976 kB
Mem:          3.8G       786M       3.1G       5.7M        62M       327M

MemTotal:        4016004 kB
MemFree:         3210220 kB
Active:           446964 kB
Mem:          3.8G       787M       3.1G       5.7M        62M       327M

MemTotal:        4016004 kB
MemFree:         3210300 kB
Active:           446920 kB
Mem:          3.8G       786M       3.1G       5.7M        62M       327M

MemTotal:        4016004 kB
MemFree:         3210424 kB
Active:           446972 kB
Mem:          3.8G       786M       3.1G       5.7M        62M       327M

MemTotal:        4016004 kB
MemFree:         3210424 kB
Active:           446920 kB
Mem:          3.8G       786M       3.1G       5.7M        62M       327M

MemTotal:        4016004 kB
MemFree:         3210548 kB
Active:           446936 kB
Mem:          3.8G       786M       3.1G       5.7M        62M       327M

MemTotal:        4016004 kB
MemFree:         3210300 kB
Active:           446980 kB
Mem:          3.8G       786M       3.1G       5.7M        62M       327M

MemTotal:        4016004 kB
MemFree:         3209680 kB
Active:           446960 kB
Mem:          3.8G       787M       3.1G       5.7M        62M       327M

MemTotal:        4016004 kB
MemFree:         3209928 kB
Active:           446960 kB
Mem:          3.8G       787M       3.1G       5.7M        62M       327M

MemTotal:        4016004 kB
MemFree:         3209928 kB
Active:           446956 kB
Mem:          3.8G       787M       3.1G       5.7M        62M       327M

MemTotal:        4016004 kB
MemFree:         3209556 kB
Active:           446988 kB
Mem:          3.8G       787M       3.1G       5.7M        62M       327M

MemTotal:        4016004 kB
MemFree:         3209804 kB
Active:           446944 kB
Mem:          3.8G       787M       3.1G       5.7M        62M       327M

MemTotal:        4016004 kB
MemFree:         3209928 kB
Active:           446944 kB
Mem:          3.8G       787M       3.1G       5.7M        62M       327M

MemTotal:        4016004 kB
MemFree:         3209928 kB
Active:           446932 kB
Mem:          3.8G       787M       3.1G       5.7M        62M       327M

MemTotal:        4016004 kB
MemFree:         3210176 kB
Active:           446980 kB
Mem:          3.8G       787M       3.1G       5.7M        62M       327M

MemTotal:        4016004 kB
MemFree:         3210036 kB
Active:           446964 kB
Mem:          3.8G       787M       3.1G       5.7M        62M       327M

MemTotal:        4016004 kB
MemFree:         3210160 kB
Active:           446992 kB
Mem:          3.8G       786M       3.1G       5.7M        62M       327M

MemTotal:        4016004 kB
MemFree:         3210284 kB
Active:           446972 kB
Mem:          3.8G       786M       3.1G       5.7M        62M       327M

MemTotal:        4016004 kB
MemFree:         3210284 kB
Active:           446948 kB
Mem:          3.8G       786M       3.1G       5.7M        62M       327M

MemTotal:        4016004 kB
MemFree:         3210516 kB
Active:           446948 kB
Mem:          3.8G       786M       3.1G       5.7M        62M       327M

MemTotal:        4016004 kB
MemFree:         3210516 kB
Active:           446944 kB
Mem:          3.8G       787M       3.1G       5.7M        62M       327M

MemTotal:        4016004 kB
MemFree:         3210252 kB
Active:           446964 kB
Mem:          3.8G       786M       3.1G       5.7M        62M       327M

MemTotal:        4016004 kB
MemFree:         3210920 kB
Active:           446948 kB
Mem:          3.8G       786M       3.1G       5.7M        62M       327M

MemTotal:        4016004 kB
MemFree:         3210796 kB
Active:           446940 kB
Mem:          3.8G       786M       3.1G       5.7M        62M       327M

MemTotal:        4016004 kB
MemFree:         3210672 kB
Active:           446952 kB
Mem:          3.8G       786M       3.1G       5.7M        62M       327M

MemTotal:        4016004 kB
MemFree:         3210796 kB
Active:           446956 kB
Mem:          3.8G       786M       3.1G       5.7M        62M       327M

MemTotal:        4016004 kB
MemFree:         3210672 kB
Active:           446956 kB
Mem:          3.8G       786M       3.1G       5.7M        62M       327M

MemTotal:        4016004 kB
MemFree:         3210672 kB
Active:           446948 kB
Mem:          3.8G       786M       3.1G       5.7M        62M       327M

MemTotal:        4016004 kB
MemFree:         3210672 kB
Active:           446980 kB
Mem:          3.8G       786M       3.1G       5.7M        62M       327M

MemTotal:        4016004 kB
MemFree:         3210640 kB
Active:           447004 kB
Mem:          3.8G       786M       3.1G       5.7M        62M       327M

MemTotal:        4016004 kB
MemFree:         3210748 kB
Active:           447008 kB
Mem:          3.8G       786M       3.1G       5.7M        62M       327M

MemTotal:        4016004 kB
MemFree:         3210236 kB
Active:           446972 kB
Mem:          3.8G       787M       3.1G       5.7M        62M       327M

MemTotal:        4016004 kB
MemFree:         3209988 kB
Active:           446980 kB
Mem:          3.8G       787M       3.1G       5.7M        62M       327M

MemTotal:        4016004 kB
MemFree:         3210220 kB
Active:           446980 kB
Mem:          3.8G       787M       3.1G       5.7M        62M       327M

MemTotal:        4016004 kB
MemFree:         3210096 kB
Active:           446992 kB
Mem:          3.8G       786M       3.1G       5.7M        62M       327M

MemTotal:        4016004 kB
MemFree:         3209956 kB
Active:           447024 kB
Mem:          3.8G       786M       3.1G       5.7M        62M       327M

MemTotal:        4016004 kB
MemFree:         3210312 kB
Active:           446988 kB
Mem:          3.8G       786M       3.1G       5.7M        62M       327M

MemTotal:        4016004 kB
MemFree:         3210436 kB
Active:           446968 kB
Mem:          3.8G       786M       3.1G       5.7M        62M       327M

MemTotal:        4016004 kB
MemFree:         3209760 kB
Active:           445056 kB
Mem:          3.8G       787M       3.1G       5.7M        62M       327M

MemTotal:        4016004 kB
MemFree:         3210648 kB
Active:           447028 kB
Mem:          3.8G       786M       3.1G       5.7M        62M       327M

MemTotal:        4016004 kB
MemFree:         3210648 kB
Active:           447024 kB
Mem:          3.8G       786M       3.1G       5.7M        62M       327M

MemTotal:        4016004 kB
MemFree:         3210648 kB
Active:           447000 kB
Mem:          3.8G       786M       3.1G       5.7M        62M       327M

MemTotal:        4016004 kB
MemFree:         3210772 kB
Active:           447004 kB
Mem:          3.8G       786M       3.1G       5.7M        62M       327M

MemTotal:        4016004 kB
MemFree:         3210648 kB
Active:           446992 kB
Mem:          3.8G       786M       3.1G       5.7M        62M       327M

MemTotal:        4016004 kB
MemFree:         3210276 kB
Active:           447052 kB
Mem:          3.8G       786M       3.1G       5.7M        62M       327M

MemTotal:        4016004 kB
MemFree:         3210524 kB
Active:           447044 kB
Mem:          3.8G       786M       3.1G       5.7M        62M       327M

MemTotal:        4016004 kB
MemFree:         3210852 kB
Active:           447000 kB
Mem:          3.8G       786M       3.1G       5.7M        62M       327M

MemTotal:        4016004 kB
MemFree:         3210356 kB
Active:           447008 kB
Mem:          3.8G       786M       3.1G       5.7M        62M       327M

MemTotal:        4016004 kB
MemFree:         3210936 kB
Active:           445052 kB
Mem:          3.8G       786M       3.1G       5.7M        62M       327M

MemTotal:        4016004 kB
MemFree:         3210972 kB
Active:           447012 kB
Mem:          3.8G       786M       3.1G       5.7M        62M       327M

MemTotal:        4016004 kB
MemFree:         3210848 kB
Active:           447024 kB
Mem:          3.8G       786M       3.1G       5.7M        62M       327M

MemTotal:        4016004 kB
MemFree:         3210476 kB
Active:           447032 kB
Mem:          3.8G       786M       3.1G       5.7M        62M       327M

MemTotal:        4016004 kB
MemFree:         3209856 kB
Active:           447064 kB
Mem:          3.8G       787M       3.1G       5.7M        62M       327M

MemTotal:        4016004 kB
MemFree:         3210228 kB
Active:           447008 kB
Mem:          3.8G       786M       3.1G       5.7M        62M       327M

MemTotal:        4016004 kB
MemFree:         3210228 kB
Active:           447008 kB
Mem:          3.8G       786M       3.1G       5.7M        62M       327M

MemTotal:        4016004 kB
MemFree:         3210384 kB
Active:           447024 kB
Mem:          3.8G       786M       3.1G       5.7M        62M       327M

MemTotal:        4016004 kB
MemFree:         3210260 kB
Active:           447064 kB
Mem:          3.8G       787M       3.1G       5.7M        62M       327M

MemTotal:        4016004 kB
MemFree:         3210136 kB
Active:           447052 kB
Mem:          3.8G       786M       3.1G       5.7M        62M       327M

MemTotal:        4016004 kB
MemFree:         3209888 kB
Active:           447076 kB
Mem:          3.8G       786M       3.1G       5.7M        62M       327M

MemTotal:        4016004 kB
MemFree:         3210260 kB
Active:           447072 kB
Mem:          3.8G       786M       3.1G       5.7M        62M       327M

MemTotal:        4016004 kB
MemFree:         3210260 kB
Active:           447036 kB
Mem:          3.8G       786M       3.1G       5.7M        62M       327M

MemTotal:        4016004 kB
MemFree:         3210012 kB
Active:           447080 kB
Mem:          3.8G       786M       3.1G       5.7M        62M       327M

MemTotal:        4016004 kB
MemFree:         3210012 kB
Active:           447056 kB
Mem:          3.8G       786M       3.1G       5.7M        62M       327M

MemTotal:        4016004 kB
MemFree:         3210384 kB
Active:           447060 kB
Mem:          3.8G       786M       3.1G       5.7M        62M       327M

MemTotal:        4016004 kB
MemFree:         3210120 kB
Active:           447048 kB
Mem:          3.8G       787M       3.1G       5.7M        62M       327M

MemTotal:        4016004 kB
MemFree:         3209748 kB
Active:           447092 kB
Mem:          3.8G       787M       3.1G       5.7M        62M       327M

MemTotal:        4016004 kB
MemFree:         3210228 kB
Active:           447036 kB
Mem:          3.8G       787M       3.1G       5.7M        62M       327M

MemTotal:        4016004 kB
MemFree:         3210352 kB
Active:           447064 kB
Mem:          3.8G       786M       3.1G       5.7M        62M       327M

MemTotal:        4016004 kB
MemFree:         3208428 kB
Active:           447060 kB
Mem:          3.8G       788M       3.1G       5.7M        62M       327M

MemTotal:        4016004 kB
MemFree:         3208924 kB
Active:           447052 kB
Mem:          3.8G       788M       3.1G       5.7M        62M       327M

MemTotal:        4016004 kB
MemFree:         3208908 kB
Active:           449104 kB
Mem:          3.8G       788M       3.1G       5.7M        62M       327M

MemTotal:        4016004 kB
MemFree:         3208892 kB
Active:           449108 kB
Mem:          3.8G       788M       3.1G       5.7M        62M       327M

MemTotal:        4016004 kB
MemFree:         3209016 kB
Active:           449080 kB
Mem:          3.8G       788M       3.1G       5.7M        62M       327M

MemTotal:        4016004 kB
MemFree:         3208520 kB
Active:           449120 kB
Mem:          3.8G       788M       3.1G       5.7M        62M       327M

MemTotal:        4016004 kB
MemFree:         3208520 kB
Active:           449080 kB
Mem:          3.8G       788M       3.1G       5.7M        62M       327M

MemTotal:        4016004 kB
MemFree:         3208644 kB
Active:           449088 kB
Mem:          3.8G       788M       3.1G       5.7M        62M       327M

MemTotal:        4016004 kB
MemFree:         3208644 kB
Active:           449100 kB
Mem:          3.8G       788M       3.1G       5.7M        62M       327M

MemTotal:        4016004 kB
MemFree:         3208644 kB
Active:           449112 kB
Mem:          3.8G       788M       3.1G       5.7M        62M       327M

MemTotal:        4016004 kB
MemFree:         3208768 kB
Active:           449076 kB
Mem:          3.8G       788M       3.1G       5.7M        62M       327M

MemTotal:        4016004 kB
MemFree:         3208644 kB
Active:           449128 kB
Mem:          3.8G       788M       3.1G       5.7M        62M       327M

MemTotal:        4016004 kB
MemFree:         3208520 kB
Active:           449088 kB
Mem:          3.8G       788M       3.1G       5.7M        62M       327M

MemTotal:        4016004 kB
MemFree:         3208520 kB
Active:           449100 kB
Mem:          3.8G       788M       3.1G       5.7M        62M       327M

MemTotal:        4016004 kB
MemFree:         3208148 kB
Active:           449136 kB
Mem:          3.8G       788M       3.1G       5.7M        62M       327M

MemTotal:        4016004 kB
MemFree:         3208272 kB
Active:           449084 kB
Mem:          3.8G       788M       3.1G       5.7M        62M       327M

MemTotal:        4016004 kB
MemFree:         3208396 kB
Active:           449084 kB
Mem:          3.8G       788M       3.1G       5.7M        62M       327M

MemTotal:        4016004 kB
MemFree:         3208584 kB
Active:           449088 kB
Mem:          3.8G       788M       3.1G       5.7M        62M       327M

MemTotal:        4016004 kB
MemFree:         3208460 kB
Active:           449108 kB
Mem:          3.8G       788M       3.1G       5.7M        62M       327M

MemTotal:        4016004 kB
MemFree:         3208088 kB
Active:           449108 kB
Mem:          3.8G       788M       3.1G       5.7M        62M       327M

MemTotal:        4016004 kB
MemFree:         3207800 kB
Active:           447284 kB
Mem:          3.8G       788M       3.1G       5.7M        62M       327M

MemTotal:        4016004 kB
MemFree:         3207708 kB
Active:           447192 kB
Mem:          3.8G       789M       3.1G       5.7M        62M       327M

MemTotal:        4016004 kB
MemFree:         3207584 kB
Active:           449248 kB
Mem:          3.8G       789M       3.1G       5.7M        62M       327M

MemTotal:        4016004 kB
MemFree:         3207832 kB
Active:           449200 kB
Mem:          3.8G       789M       3.1G       5.7M        62M       327M

MemTotal:        4016004 kB
MemFree:         3208312 kB
Active:           449200 kB
Mem:          3.8G       788M       3.1G       5.7M        62M       327M

MemTotal:        4016004 kB
MemFree:         3208580 kB
Active:           449252 kB
Mem:          3.8G       789M       3.1G       5.7M        62M       327M

MemTotal:        4016004 kB
MemFree:         3208332 kB
Active:           449208 kB
Mem:          3.8G       788M       3.1G       5.7M        62M       327M

MemTotal:        4016004 kB
MemFree:         3208456 kB
Active:           449256 kB
Mem:          3.8G       788M       3.1G       5.7M        62M       327M

MemTotal:        4016004 kB
MemFree:         3208456 kB
Active:           449220 kB
Mem:          3.8G       788M       3.1G       5.7M        62M       327M

MemTotal:        4016004 kB
MemFree:         3207712 kB
Active:           449264 kB
Mem:          3.8G       789M       3.1G       5.7M        62M       327M

MemTotal:        4016004 kB
MemFree:         3208180 kB
Active:           447376 kB
Mem:          3.8G       788M       3.1G       5.7M        62M       327M

MemTotal:        4016004 kB
MemFree:         3208400 kB
Active:           449212 kB
Mem:          3.8G       788M       3.1G       5.7M        62M       327M

MemTotal:        4016004 kB
MemFree:         3208276 kB
Active:           449232 kB
Mem:          3.8G       788M       3.1G       5.7M        62M       327M

MemTotal:        4016004 kB
MemFree:         3208400 kB
Active:           449228 kB
Mem:          3.8G       788M       3.1G       5.7M        62M       327M

MemTotal:        4016004 kB
MemFree:         3208276 kB
Active:           449236 kB
Mem:          3.8G       788M       3.1G       5.7M        62M       327M

MemTotal:        4016004 kB
MemFree:         3208276 kB
Active:           449244 kB
Mem:          3.8G       788M       3.1G       5.7M        62M       327M

MemTotal:        4016004 kB
MemFree:         3208400 kB
Active:           449264 kB
Mem:          3.8G       788M       3.1G       5.7M        62M       327M

MemTotal:        4016004 kB
MemFree:         3208648 kB
Active:           449272 kB
Mem:          3.8G       788M       3.1G       5.7M        62M       327M

MemTotal:        4016004 kB
MemFree:         3208852 kB
Active:           449276 kB
Mem:          3.8G       788M       3.1G       5.7M        62M       327M

MemTotal:        4016004 kB
MemFree:         3208356 kB
Active:           449292 kB
Mem:          3.8G       788M       3.1G       5.7M        62M       327M

MemTotal:        4016004 kB
MemFree:         3208108 kB
Active:           449292 kB
Mem:          3.8G       788M       3.1G       5.7M        62M       327M

MemTotal:        4016004 kB
MemFree:         3208604 kB
Active:           449264 kB
Mem:          3.8G       788M       3.1G       5.7M        62M       327M

MemTotal:        4016004 kB
MemFree:         3208496 kB
Active:           449268 kB
Mem:          3.8G       788M       3.1G       5.7M        62M       327M

MemTotal:        4016004 kB
MemFree:         3208248 kB
Active:           449264 kB
Mem:          3.8G       788M       3.1G       5.7M        62M       327M

MemTotal:        4016004 kB
MemFree:         3208372 kB
Active:           449288 kB
Mem:          3.8G       788M       3.1G       5.7M        62M       327M

MemTotal:        4016004 kB
MemFree:         3208620 kB
Active:           449292 kB
Mem:          3.8G       788M       3.1G       5.7M        62M       327M

MemTotal:        4016004 kB
MemFree:         3208124 kB
Active:           449264 kB
Mem:          3.8G       788M       3.1G       5.7M        62M       327M

MemTotal:        4016004 kB
MemFree:         3208000 kB
Active:           449248 kB
Mem:          3.8G       788M       3.1G       5.7M        62M       327M

MemTotal:        4016004 kB
MemFree:         3208264 kB
Active:           449252 kB
Mem:          3.8G       788M       3.1G       5.7M        62M       327M

MemTotal:        4016004 kB
MemFree:         3208388 kB
Active:           449252 kB
Mem:          3.8G       788M       3.1G       5.7M        62M       327M

MemTotal:        4016004 kB
MemFree:         3208512 kB
Active:           449268 kB
Mem:          3.8G       788M       3.1G       5.7M        62M       327M

MemTotal:        4016004 kB
MemFree:         3208652 kB
Active:           449260 kB
Mem:          3.8G       788M       3.1G       5.7M        62M       327M

MemTotal:        4016004 kB
MemFree:         3208652 kB
Active:           449268 kB
Mem:          3.8G       788M       3.1G       5.7M        62M       327M

MemTotal:        4016004 kB
MemFree:         3208280 kB
Active:           449312 kB
Mem:          3.8G       789M       3.1G       5.7M        62M       327M

MemTotal:        4016004 kB
MemFree:         3208056 kB
Active:           449164 kB
Mem:          3.8G       788M       3.1G       5.7M        62M       327M

MemTotal:        4016004 kB
MemFree:         3208312 kB
Active:           449136 kB
Mem:          3.8G       788M       3.1G       5.7M        62M       327M

MemTotal:        4016004 kB
MemFree:         3208064 kB
Active:           449148 kB
Mem:          3.8G       788M       3.1G       5.7M        62M       327M

MemTotal:        4016004 kB
MemFree:         3208064 kB
Active:           449156 kB
Mem:          3.8G       788M       3.1G       5.7M        62M       327M

MemTotal:        4016004 kB
MemFree:         3208560 kB
Active:           449140 kB
Mem:          3.8G       788M       3.1G       5.7M        62M       327M

MemTotal:        4016004 kB
MemFree:         3208312 kB
Active:           449156 kB
Mem:          3.8G       788M       3.1G       5.7M        62M       327M

MemTotal:        4016004 kB
MemFree:         3208412 kB
Active:           447252 kB
Mem:          3.8G       788M       3.1G       5.7M        62M       327M

MemTotal:        4016004 kB
MemFree:         3208248 kB
Active:           447120 kB
Mem:          3.8G       788M       3.1G       5.7M        62M       327M

MemTotal:        4016004 kB
MemFree:         3208620 kB
Active:           447080 kB
Mem:          3.8G       788M       3.1G       5.7M        62M       327M

MemTotal:        4016004 kB
MemFree:         3208248 kB
Active:           449132 kB
Mem:          3.8G       788M       3.1G       5.7M        62M       327M

MemTotal:        4016004 kB
MemFree:         3208372 kB
Active:           449168 kB
Mem:          3.8G       788M       3.1G       5.7M        62M       327M

MemTotal:        4016004 kB
MemFree:         3208000 kB
Active:           449180 kB
Mem:          3.8G       788M       3.1G       5.7M        62M       327M

MemTotal:        4016004 kB
MemFree:         3208496 kB
Active:           449128 kB
Mem:          3.8G       788M       3.1G       5.7M        62M       327M

MemTotal:        4016004 kB
MemFree:         3208620 kB
Active:           449124 kB
Mem:          3.8G       788M       3.1G       5.7M        62M       327M

MemTotal:        4016004 kB
MemFree:         3208248 kB
Active:           449180 kB
Mem:          3.8G       788M       3.1G       5.7M        62M       327M

MemTotal:        4016004 kB
MemFree:         3208620 kB
Active:           449136 kB
Mem:          3.8G       788M       3.1G       5.7M        62M       327M

MemTotal:        4016004 kB
MemFree:         3206448 kB
Active:           449184 kB
Mem:          3.8G       790M       3.1G       5.7M        62M       327M

MemTotal:        4016004 kB
MemFree:         3206820 kB
Active:           451212 kB
Mem:          3.8G       790M       3.1G       5.7M        62M       327M

MemTotal:        4016004 kB
MemFree:         3207192 kB
Active:           451168 kB
Mem:          3.8G       789M       3.1G       5.7M        62M       327M

MemTotal:        4016004 kB
MemFree:         3206944 kB
Active:           451168 kB
Mem:          3.8G       790M       3.1G       5.7M        62M       327M

MemTotal:        4016004 kB
MemFree:         3206696 kB
Active:           451220 kB
Mem:          3.8G       790M       3.1G       5.7M        62M       327M

MemTotal:        4016004 kB
MemFree:         3206944 kB
Active:           451188 kB
Mem:          3.8G       790M       3.1G       5.7M        62M       327M

MemTotal:        4016004 kB
MemFree:         3207068 kB
Active:           451192 kB
Mem:          3.8G       790M       3.1G       5.7M        62M       327M

MemTotal:        4016004 kB
MemFree:         3207068 kB
Active:           451208 kB
Mem:          3.8G       790M       3.1G       5.7M        62M       327M

MemTotal:        4016004 kB
MemFree:         3206696 kB
Active:           451204 kB
Mem:          3.8G       790M       3.1G       5.7M        62M       327M

MemTotal:        4016004 kB
MemFree:         3206696 kB
Active:           451196 kB
Mem:          3.8G       790M       3.1G       5.7M        62M       327M

MemTotal:        4016004 kB
MemFree:         3206548 kB
Active:           449260 kB
Mem:          3.8G       790M       3.1G       5.7M        62M       327M

MemTotal:        4016004 kB
MemFree:         3206928 kB
Active:           449132 kB
Mem:          3.8G       789M       3.1G       5.7M        62M       327M

MemTotal:        4016004 kB
MemFree:         3207176 kB
Active:           451180 kB
Mem:          3.8G       790M       3.1G       5.7M        62M       327M

MemTotal:        4016004 kB
MemFree:         3206556 kB
Active:           451204 kB
Mem:          3.8G       790M       3.1G       5.7M        62M       327M

MemTotal:        4016004 kB
MemFree:         3206680 kB
Active:           451200 kB
Mem:          3.8G       790M       3.1G       5.7M        62M       327M

MemTotal:        4016004 kB
MemFree:         3206928 kB
Active:           451228 kB
Mem:          3.8G       790M       3.1G       5.7M        62M       327M

MemTotal:        4016004 kB
MemFree:         3206804 kB
Active:           451220 kB
Mem:          3.8G       790M       3.1G       5.7M        62M       327M

MemTotal:        4016004 kB
MemFree:         3206308 kB
Active:           451252 kB
Mem:          3.8G       790M       3.1G       5.7M        62M       327M

MemTotal:        4016004 kB
MemFree:         3206804 kB
Active:           451200 kB
Mem:          3.8G       790M       3.1G       5.7M        62M       327M

MemTotal:        4016004 kB
MemFree:         3206680 kB
Active:           451212 kB
Mem:          3.8G       790M       3.1G       5.7M        62M       327M

MemTotal:        4016004 kB
MemFree:         3206964 kB
Active:           449292 kB
Mem:          3.8G       789M       3.1G       5.7M        62M       327M

MemTotal:        4016004 kB
MemFree:         3206912 kB
Active:           451228 kB
Mem:          3.8G       790M       3.1G       5.7M        62M       327M

MemTotal:        4016004 kB
MemFree:         3206664 kB
Active:           451260 kB
Mem:          3.8G       790M       3.1G       5.7M        62M       327M

MemTotal:        4016004 kB
MemFree:         3206292 kB
Active:           451260 kB
Mem:          3.8G       790M       3.1G       5.7M        62M       327M

MemTotal:        4016004 kB
MemFree:         3206664 kB
Active:           451216 kB
Mem:          3.8G       790M       3.1G       5.7M        62M       327M

MemTotal:        4016004 kB
MemFree:         3206664 kB
Active:           451220 kB
Mem:          3.8G       790M       3.1G       5.7M        62M       327M

MemTotal:        4016004 kB
MemFree:         3206912 kB
Active:           451220 kB
Mem:          3.8G       790M       3.1G       5.7M        62M       327M

MemTotal:        4016004 kB
MemFree:         3207036 kB
Active:           451228 kB
Mem:          3.8G       790M       3.1G       5.7M        62M       327M

MemTotal:        4016004 kB
MemFree:         3206912 kB
Active:           451224 kB
Mem:          3.8G       790M       3.1G       5.7M        62M       327M

MemTotal:        4016004 kB
MemFree:         3206540 kB
Active:           451244 kB
Mem:          3.8G       790M       3.1G       5.7M        62M       327M

MemTotal:        4016004 kB
MemFree:         3206416 kB
Active:           451228 kB
Mem:          3.8G       790M       3.1G       5.7M        62M       327M

MemTotal:        4016004 kB
MemFree:         3206292 kB
Active:           451252 kB
Mem:          3.8G       790M       3.1G       5.7M        62M       327M

MemTotal:        4016004 kB
MemFree:         3206664 kB
Active:           451276 kB
Mem:          3.8G       790M       3.1G       5.7M        62M       327M

MemTotal:        4016004 kB
MemFree:         3206664 kB
Active:           451224 kB
Mem:          3.8G       790M       3.1G       5.7M        62M       327M

MemTotal:        4016004 kB
MemFree:         3206664 kB
Active:           451260 kB
Mem:          3.8G       790M       3.1G       5.7M        62M       327M

MemTotal:        4016004 kB
MemFree:         3206540 kB
Active:           451284 kB
Mem:          3.8G       790M       3.1G       5.7M        62M       327M

MemTotal:        4016004 kB
MemFree:         3206540 kB
Active:           451252 kB
Mem:          3.8G       790M       3.1G       5.7M        62M       327M

MemTotal:        4016004 kB
MemFree:         3206540 kB
Active:           451244 kB
Mem:          3.8G       790M       3.1G       5.7M        62M       327M

MemTotal:        4016004 kB
MemFree:         3206912 kB
Active:           451240 kB
Mem:          3.8G       790M       3.1G       5.7M        62M       327M

MemTotal:        4016004 kB
MemFree:         3206664 kB
Active:           451292 kB
Mem:          3.8G       790M       3.1G       5.7M        62M       327M

MemTotal:        4016004 kB
MemFree:         3206912 kB
Active:           451240 kB
Mem:          3.8G       790M       3.1G       5.7M        62M       327M

MemTotal:        4016004 kB
MemFree:         3206664 kB
Active:           451244 kB
Mem:          3.8G       790M       3.1G       5.7M        62M       327M

MemTotal:        4016004 kB
MemFree:         3206788 kB
Active:           451236 kB
Mem:          3.8G       790M       3.1G       5.7M        62M       327M

MemTotal:        4016004 kB
MemFree:         3206664 kB
Active:           451292 kB
Mem:          3.8G       790M       3.1G       5.7M        62M       327M

MemTotal:        4016004 kB
MemFree:         3206788 kB
Active:           451292 kB
Mem:          3.8G       790M       3.1G       5.7M        62M       327M

MemTotal:        4016004 kB
MemFree:         3206664 kB
Active:           451300 kB
Mem:          3.8G       790M       3.1G       5.7M        62M       327M

MemTotal:        4016004 kB
MemFree:         3206788 kB
Active:           451272 kB
Mem:          3.8G       790M       3.1G       5.7M        62M       327M

MemTotal:        4016004 kB
MemFree:         3206912 kB
Active:           451260 kB
Mem:          3.8G       790M       3.1G       5.7M        62M       327M

MemTotal:        4016004 kB
MemFree:         3206912 kB
Active:           451292 kB
Mem:          3.8G       790M       3.1G       5.7M        62M       327M

MemTotal:        4016004 kB
MemFree:         3206664 kB
Active:           451304 kB
Mem:          3.8G       790M       3.1G       5.7M        62M       327M

MemTotal:        4016004 kB
MemFree:         3206540 kB
Active:           451260 kB
Mem:          3.8G       790M       3.1G       5.7M        62M       327M

MemTotal:        4016004 kB
MemFree:         3206664 kB
Active:           451312 kB
Mem:          3.8G       790M       3.1G       5.7M        62M       327M

MemTotal:        4016004 kB
MemFree:         3206756 kB
Active:           451264 kB
Mem:          3.8G       790M       3.1G       5.7M        62M       327M

MemTotal:        4016004 kB
MemFree:         3206416 kB
Active:           451280 kB
Mem:          3.8G       790M       3.1G       5.7M        62M       327M

MemTotal:        4016004 kB
MemFree:         3205920 kB
Active:           451320 kB
Mem:          3.8G       790M       3.1G       5.7M        62M       327M

MemTotal:        4016004 kB
MemFree:         3205904 kB
Active:           451320 kB
Mem:          3.8G       790M       3.1G       5.7M        62M       327M

MemTotal:        4016004 kB
MemFree:         3206168 kB
Active:           451324 kB
Mem:          3.8G       790M       3.1G       5.7M        62M       327M

MemTotal:        4016004 kB
MemFree:         3206416 kB
Active:           451276 kB
Mem:          3.8G       790M       3.1G       5.7M        62M       327M

MemTotal:        4016004 kB
MemFree:         3206400 kB
Active:           451300 kB
Mem:          3.8G       790M       3.1G       5.7M        62M       327M

MemTotal:        4016004 kB
MemFree:         3206012 kB
Active:           451324 kB
Mem:          3.8G       790M       3.1G       5.7M        62M       327M

MemTotal:        4016004 kB
MemFree:         3205900 kB
Active:           449328 kB
Mem:          3.8G       790M       3.1G       5.7M        62M       327M

MemTotal:        4016004 kB
MemFree:         3206412 kB
Active:           451296 kB
Mem:          3.8G       790M       3.1G       5.7M        62M       327M

MemTotal:        4016004 kB
MemFree:         3206412 kB
Active:           451312 kB
Mem:          3.8G       790M       3.1G       5.7M        62M       327M

MemTotal:        4016004 kB
MemFree:         3206396 kB
Active:           451304 kB
Mem:          3.8G       790M       3.1G       5.7M        62M       327M

MemTotal:        4016004 kB
MemFree:         3206280 kB
Active:           451296 kB
Mem:          3.8G       790M       3.1G       5.7M        62M       327M

MemTotal:        4016004 kB
MemFree:         3206784 kB
Active:           451412 kB
Mem:          3.8G       790M       3.1G       5.7M        62M       327M

MemTotal:        4016004 kB
MemFree:         3206552 kB
Active:           451412 kB
Mem:          3.8G       790M       3.1G       5.7M        62M       327M

MemTotal:        4016004 kB
MemFree:         3206924 kB
Active:           451320 kB
Mem:          3.8G       790M       3.1G       5.7M        62M       327M

MemTotal:        4016004 kB
MemFree:         3206676 kB
Active:           451316 kB
Mem:          3.8G       790M       3.1G       5.7M        62M       327M

MemTotal:        4016004 kB
MemFree:         3207016 kB
Active:           451408 kB
Mem:          3.8G       790M       3.1G       5.7M        62M       327M

MemTotal:        4016004 kB
MemFree:         3206644 kB
Active:           451432 kB
Mem:          3.8G       790M       3.1G       5.7M        62M       327M

MemTotal:        4016004 kB
MemFree:         3206552 kB
Active:           451316 kB
Mem:          3.8G       790M       3.1G       5.7M        62M       327M

MemTotal:        4016004 kB
MemFree:         3206552 kB
Active:           451308 kB
Mem:          3.8G       790M       3.1G       5.7M        62M       327M

MemTotal:        4016004 kB
MemFree:         3206552 kB
Active:           451316 kB
Mem:          3.8G       790M       3.1G       5.7M        62M       327M

MemTotal:        4016004 kB
MemFree:         3206288 kB
Active:           451368 kB
Mem:          3.8G       790M       3.1G       5.7M        62M       327M

MemTotal:        4016004 kB
MemFree:         3206504 kB
Active:           451248 kB
Mem:          3.8G       790M       3.1G       5.7M        62M       327M

MemTotal:        4016004 kB
MemFree:         3206272 kB
Active:           451508 kB
Mem:          3.8G       790M       3.1G       5.7M        62M       327M

MemTotal:        4016004 kB
MemFree:         3206288 kB
Active:           451236 kB
Mem:          3.8G       790M       3.1G       5.7M        62M       327M

MemTotal:        4016004 kB
MemFree:         3206132 kB
Active:           451220 kB
Mem:          3.8G       790M       3.1G       5.7M        62M       327M

MemTotal:        4016004 kB
MemFree:         3206008 kB
Active:           451296 kB
Mem:          3.8G       790M       3.1G       5.7M        62M       327M

MemTotal:        4016004 kB
MemFree:         3206048 kB
Active:           449580 kB
Mem:          3.8G       790M       3.1G       5.7M        62M       327M

MemTotal:        4016004 kB
MemFree:         3206348 kB
Active:           451344 kB
Mem:          3.8G       790M       3.1G       5.7M        62M       327M

MemTotal:        4016004 kB
MemFree:         3206316 kB
Active:           451352 kB
Mem:          3.8G       790M       3.1G       5.7M        62M       327M

MemTotal:        4016004 kB
MemFree:         3205852 kB
Active:           451392 kB
Mem:          3.8G       790M       3.1G       5.7M        62M       327M

MemTotal:        4016004 kB
MemFree:         3205852 kB
Active:           451396 kB
Mem:          3.8G       790M       3.1G       5.7M        62M       327M

MemTotal:        4016004 kB
MemFree:         3206100 kB
Active:           451396 kB
Mem:          3.8G       790M       3.1G       5.7M        62M       327M

MemTotal:        4016004 kB
MemFree:         3206192 kB
Active:           451484 kB
Mem:          3.8G       790M       3.1G       5.7M        62M       327M

MemTotal:        4016004 kB
MemFree:         3206688 kB
Active:           451472 kB
Mem:          3.8G       790M       3.1G       5.7M        62M       327M

MemTotal:        4016004 kB
MemFree:         3206612 kB
Active:           451512 kB
Mem:          3.8G       790M       3.1G       5.7M        62M       327M

MemTotal:        4016004 kB
MemFree:         3206784 kB
Active:           451436 kB
Mem:          3.8G       790M       3.1G       5.7M        62M       327M

MemTotal:        4016004 kB
MemFree:         3206784 kB
Active:           451440 kB
Mem:          3.8G       790M       3.1G       5.7M        62M       327M

MemTotal:        4016004 kB
MemFree:         3206808 kB
Active:           451504 kB
Mem:          3.8G       790M       3.1G       5.7M        62M       327M

MemTotal:        4016004 kB
MemFree:         3206736 kB
Active:           451348 kB
Mem:          3.8G       790M       3.1G       5.7M        62M       327M

MemTotal:        4016004 kB
MemFree:         3206860 kB
Active:           451352 kB
Mem:          3.8G       790M       3.1G       5.7M        62M       327M

MemTotal:        4016004 kB
MemFree:         3206348 kB
Active:           451404 kB
Mem:          3.8G       790M       3.1G       5.7M        62M       327M

MemTotal:        4016004 kB
MemFree:         3206316 kB
Active:           451392 kB
Mem:          3.8G       790M       3.1G       5.7M        62M       327M

MemTotal:        4016004 kB
MemFree:         3206688 kB
Active:           451304 kB
Mem:          3.8G       790M       3.1G       5.7M        62M       327M

MemTotal:        4016004 kB
MemFree:         3206596 kB
Active:           451512 kB
Mem:          3.8G       790M       3.1G       5.7M        62M       327M

MemTotal:        4016004 kB
MemFree:         3206348 kB
Active:           451296 kB
Mem:          3.8G       790M       3.1G       5.7M        62M       327M

MemTotal:        4016004 kB
MemFree:         3206440 kB
Active:           451280 kB
Mem:          3.8G       790M       3.1G       5.7M        62M       327M

MemTotal:        4016004 kB
MemFree:         3204516 kB
Active:           451300 kB
Mem:          3.8G       792M       3.1G       5.7M        62M       327M

MemTotal:        4016004 kB
MemFree:         3204144 kB
Active:           453428 kB
Mem:          3.8G       792M       3.1G       5.7M        62M       327M

MemTotal:        4016004 kB
MemFree:         3204424 kB
Active:           453564 kB
Mem:          3.8G       792M       3.1G       5.7M        62M       327M

MemTotal:        4016004 kB
MemFree:         3204564 kB
Active:           453452 kB
Mem:          3.8G       792M       3.1G       5.7M        62M       327M

MemTotal:        4016004 kB
MemFree:         3204564 kB
Active:           453460 kB
Mem:          3.8G       792M       3.1G       5.7M        62M       327M

MemTotal:        4016004 kB
MemFree:         3204688 kB
Active:           453412 kB
Mem:          3.8G       792M       3.1G       5.7M        62M       327M

MemTotal:        4016004 kB
MemFree:         3204192 kB
Active:           453464 kB
Mem:          3.8G       792M       3.1G       5.7M        62M       327M

MemTotal:        4016004 kB
MemFree:         3204300 kB
Active:           453424 kB
Mem:          3.8G       792M       3.1G       5.7M        62M       327M

MemTotal:        4016004 kB
MemFree:         3160708 kB
Active:           453972 kB
Mem:          3.8G       835M       3.0G       5.7M        62M       370M

MemTotal:        4016004 kB
MemFree:         3114096 kB
Active:           453952 kB
Mem:          3.8G       881M       3.0G       5.7M        62M       415M

MemTotal:        4016004 kB
MemFree:         3067376 kB
Active:           453980 kB
Mem:          3.8G       926M       2.9G       5.7M        62M       460M

MemTotal:        4016004 kB
MemFree:         3020624 kB
Active:           454036 kB
Mem:          3.8G       972M       2.9G       5.7M        62M       505M

MemTotal:        4016004 kB
MemFree:         2974028 kB
Active:           454004 kB
Mem:          3.8G       1.0G       2.8G       5.7M        62M       551M

MemTotal:        4016004 kB
MemFree:         2926920 kB
Active:           454004 kB
Mem:          3.8G       1.0G       2.8G       5.7M        62M       596M

MemTotal:        4016004 kB
MemFree:         2879704 kB
Active:           454028 kB
Mem:          3.8G       1.1G       2.7G       5.7M        62M       641M

MemTotal:        4016004 kB
MemFree:         2832404 kB
Active:           454068 kB
Mem:          3.8G       1.1G       2.7G       5.7M        62M       685M

MemTotal:        4016004 kB
MemFree:         2785780 kB
Active:           454020 kB
Mem:          3.8G       1.2G       2.7G       5.7M        62M       730M

MemTotal:        4016004 kB
MemFree:         2755288 kB
Active:           454084 kB
Mem:          3.8G       1.2G       2.6G       5.7M        62M       760M

MemTotal:        4016004 kB
MemFree:         2708212 kB
Active:           454052 kB
Mem:          3.8G       1.2G       2.6G       5.7M        62M       805M

MemTotal:        4016004 kB
MemFree:         2661488 kB
Active:           454092 kB
Mem:          3.8G       1.3G       2.5G       5.7M        62M       850M

MemTotal:        4016004 kB
MemFree:         2614632 kB
Active:           454096 kB
Mem:          3.8G       1.3G       2.5G       5.7M        62M       895M

MemTotal:        4016004 kB
MemFree:         2576756 kB
Active:           454096 kB
Mem:          3.8G       1.4G       2.5G       5.7M        62M       931M

MemTotal:        4016004 kB
MemFree:         2554504 kB
Active:           454112 kB
Mem:          3.8G       1.4G       2.4G       5.7M        62M       952M

MemTotal:        4016004 kB
MemFree:         2552552 kB
Active:           454120 kB
Mem:          3.8G       1.4G       2.4G       5.7M        62M       954M

MemTotal:        4016004 kB
MemFree:         2552496 kB
Active:           454084 kB
Mem:          3.8G       1.4G       2.4G       5.7M        62M       954M

MemTotal:        4016004 kB
MemFree:         2535404 kB
Active:           454124 kB
Mem:          3.8G       1.4G       2.4G       5.7M        62M       972M

MemTotal:        4016004 kB
MemFree:         2487816 kB
Active:           454124 kB
Mem:          3.8G       1.5G       2.4G       5.7M        62M       1.0G

MemTotal:        4016004 kB
MemFree:         2440972 kB
Active:           454116 kB
Mem:          3.8G       1.5G       2.3G       5.7M        62M       1.0G

MemTotal:        4016004 kB
MemFree:         2394360 kB
Active:           454132 kB
Mem:          3.8G       1.5G       2.3G       5.7M        62M       1.1G

MemTotal:        4016004 kB
MemFree:         2347516 kB
Active:           454132 kB
Mem:          3.8G       1.6G       2.2G       5.7M        62M       1.1G

MemTotal:        4016004 kB
MemFree:         2301276 kB
Active:           454132 kB
Mem:          3.8G       1.6G       2.2G       5.7M        62M       1.2G

MemTotal:        4016004 kB
MemFree:         2254664 kB
Active:           454136 kB
Mem:          3.8G       1.7G       2.1G       5.7M        62M       1.2G

MemTotal:        4016004 kB
MemFree:         2223476 kB
Active:           454136 kB
Mem:          3.8G       1.7G       2.1G       5.7M        62M       1.2G

MemTotal:        4016004 kB
MemFree:         2204924 kB
Active:           454156 kB
Mem:          3.8G       1.7G       2.1G       5.7M        62M       1.3G

MemTotal:        4016004 kB
MemFree:         2158328 kB
Active:           454156 kB
Mem:          3.8G       1.8G       2.1G       5.7M        62M       1.3G

MemTotal:        4016004 kB
MemFree:         2111640 kB
Active:           454156 kB
Mem:          3.8G       1.8G       2.0G       5.7M        62M       1.3G

MemTotal:        4016004 kB
MemFree:         2063820 kB
Active:           454160 kB
Mem:          3.8G       1.9G       2.0G       5.7M        62M       1.4G

MemTotal:        4016004 kB
MemFree:         2017072 kB
Active:           454164 kB
Mem:          3.8G       1.9G       1.9G       5.7M        62M       1.4G

MemTotal:        4016004 kB
MemFree:         1992576 kB
Active:           454172 kB
Mem:          3.8G       1.9G       1.9G       5.7M        62M       1.5G

MemTotal:        4016004 kB
MemFree:         1948448 kB
Active:           454188 kB
Mem:          3.8G       2.0G       1.9G       5.7M        62M       1.5G

MemTotal:        4016004 kB
MemFree:         1943504 kB
Active:           454204 kB
Mem:          3.8G       2.0G       1.9G       5.7M        62M       1.5G

MemTotal:        4016004 kB
MemFree:         1897408 kB
Active:           454204 kB
Mem:          3.8G       2.0G       1.8G       5.7M        62M       1.5G

MemTotal:        4016004 kB
MemFree:         1850272 kB
Active:           454204 kB
Mem:          3.8G       2.1G       1.8G       5.7M        62M       1.6G

MemTotal:        4016004 kB
MemFree:         1838048 kB
Active:           454212 kB
Mem:          3.8G       2.1G       1.8G       5.7M        62M       1.6G

MemTotal:        4016004 kB
MemFree:         1792584 kB
Active:           454212 kB
Mem:          3.8G       2.1G       1.7G       5.7M        62M       1.6G

MemTotal:        4016004 kB
MemFree:         1745988 kB
Active:           454212 kB
Mem:          3.8G       2.2G       1.7G       5.7M        62M       1.7G

MemTotal:        4016004 kB
MemFree:         1698880 kB
Active:           454216 kB
Mem:          3.8G       2.2G       1.6G       5.7M        62M       1.7G

MemTotal:        4016004 kB
MemFree:         1651788 kB
Active:           454216 kB
Mem:          3.8G       2.3G       1.6G       5.7M        62M       1.8G

MemTotal:        4016004 kB
MemFree:         1604928 kB
Active:           454224 kB
Mem:          3.8G       2.3G       1.5G       5.7M        62M       1.8G

MemTotal:        4016004 kB
MemFree:         1558392 kB
Active:           454228 kB
Mem:          3.8G       2.3G       1.5G       5.7M        62M       1.9G

MemTotal:        4016004 kB
MemFree:         1510696 kB
Active:           454228 kB
Mem:          3.8G       2.4G       1.4G       5.7M        62M       1.9G

MemTotal:        4016004 kB
MemFree:         1497544 kB
Active:           454244 kB
Mem:          3.8G       2.4G       1.4G       5.7M        62M       1.9G

MemTotal:        4016004 kB
MemFree:         1450576 kB
Active:           454248 kB
Mem:          3.8G       2.4G       1.4G       5.7M        62M       2.0G

MemTotal:        4016004 kB
MemFree:         1449900 kB
Active:           454256 kB
Mem:          3.8G       2.4G       1.4G       5.7M        62M       2.0G

MemTotal:        4016004 kB
MemFree:         1449968 kB
Active:           454256 kB
Mem:          3.8G       2.4G       1.4G       5.7M        62M       2.0G

MemTotal:        4016004 kB
MemFree:         1411960 kB
Active:           454224 kB
Mem:          3.8G       2.5G       1.3G       5.7M        62M       2.0G

MemTotal:        4016004 kB
MemFree:         1365364 kB
Active:           454264 kB
Mem:          3.8G       2.5G       1.3G       5.7M        62M       2.0G

MemTotal:        4016004 kB
MemFree:         1318148 kB
Active:           454224 kB
Mem:          3.8G       2.6G       1.3G       5.7M        62M       2.1G

MemTotal:        4016004 kB
MemFree:         1271412 kB
Active:           454272 kB
Mem:          3.8G       2.6G       1.2G       5.7M        62M       2.1G

MemTotal:        4016004 kB
MemFree:         1223684 kB
Active:           454272 kB
Mem:          3.8G       2.7G       1.2G       5.7M        62M       2.2G

MemTotal:        4016004 kB
MemFree:         1177088 kB
Active:           454272 kB
Mem:          3.8G       2.7G       1.1G       5.7M        62M       2.2G

MemTotal:        4016004 kB
MemFree:         1130320 kB
Active:           454284 kB
Mem:          3.8G       2.8G       1.1G       5.7M        62M       2.3G

MemTotal:        4016004 kB
MemFree:         1083696 kB
Active:           454252 kB
Mem:          3.8G       2.8G       1.0G       5.7M        62M       2.3G

MemTotal:        4016004 kB
MemFree:         1063544 kB
Active:           454292 kB
Mem:          3.8G       2.8G       1.0G       5.7M        62M       2.3G

MemTotal:        4016004 kB
MemFree:         1023260 kB
Active:           454304 kB
Mem:          3.8G       2.9G       999M       5.7M        62M       2.4G

MemTotal:        4016004 kB
MemFree:          976968 kB
Active:           454304 kB
Mem:          3.8G       2.9G       953M       5.7M        62M       2.4G

MemTotal:        4016004 kB
MemFree:          929584 kB
Active:           454304 kB
Mem:          3.8G       2.9G       907M       5.7M        62M       2.5G

MemTotal:        4016004 kB
MemFree:          882556 kB
Active:           454308 kB
Mem:          3.8G       3.0G       861M       5.7M        62M       2.5G

MemTotal:        4016004 kB
MemFree:          835340 kB
Active:           454316 kB
Mem:          3.8G       3.0G       815M       5.7M        62M       2.5G

MemTotal:        4016004 kB
MemFree:          788480 kB
Active:           454320 kB
Mem:          3.8G       3.1G       769M       5.7M        62M       2.6G

MemTotal:        4016004 kB
MemFree:          741760 kB
Active:           454320 kB
Mem:          3.8G       3.1G       724M       5.7M        62M       2.6G

MemTotal:        4016004 kB
MemFree:          713740 kB
Active:           454324 kB
Mem:          3.8G       3.1G       696M       5.7M        62M       2.7G

MemTotal:        4016004 kB
MemFree:          684008 kB
Active:           454336 kB
Mem:          3.8G       3.2G       667M       5.7M        62M       2.7G

MemTotal:        4016004 kB
MemFree:          671816 kB
Active:           454344 kB
Mem:          3.8G       3.2G       656M       5.7M        62M       2.7G

MemTotal:        4016004 kB
MemFree:          624584 kB
Active:           454344 kB
Mem:          3.8G       3.2G       609M       5.7M        62M       2.7G

MemTotal:        4016004 kB
MemFree:          577740 kB
Active:           454344 kB
Mem:          3.8G       3.3G       563M       5.7M        62M       2.8G

MemTotal:        4016004 kB
MemFree:          531080 kB
Active:           454308 kB
Mem:          3.8G       3.3G       518M       5.7M        62M       2.8G

MemTotal:        4016004 kB
MemFree:          530800 kB
Active:           454308 kB
Mem:          3.8G       3.3G       518M       5.7M        62M       2.8G

MemTotal:        4016004 kB
MemFree:          530680 kB
Active:           454356 kB
Mem:          3.8G       3.3G       518M       5.7M        62M       2.8G

MemTotal:        4016004 kB
MemFree:          512784 kB
Active:           454368 kB
Mem:          3.8G       3.3G       500M       5.7M        62M       2.8G

MemTotal:        4016004 kB
MemFree:          466268 kB
Active:           454368 kB
Mem:          3.8G       3.4G       455M       5.7M        62M       2.9G

MemTotal:        4016004 kB
MemFree:          418572 kB
Active:           454372 kB
Mem:          3.8G       3.4G       408M       5.7M        62M       2.9G

MemTotal:        4016004 kB
MemFree:          372100 kB
Active:           454340 kB
Mem:          3.8G       3.5G       363M       5.7M        62M       3.0G

MemTotal:        4016004 kB
MemFree:          325628 kB
Active:           454348 kB
Mem:          3.8G       3.5G       317M       5.7M        62M       3.0G

MemTotal:        4016004 kB
MemFree:          278520 kB
Active:           454380 kB
Mem:          3.8G       3.6G       271M       5.7M        62M       3.1G

MemTotal:        4016004 kB
MemFree:          231800 kB
Active:           454380 kB
Mem:          3.8G       3.6G       225M       5.7M        62M       3.1G

MemTotal:        4016004 kB
MemFree:          184708 kB
Active:           454344 kB
Mem:          3.8G       3.7G       180M       5.7M        62M       3.2G

MemTotal:        4016004 kB
MemFree:          136736 kB
Active:           454380 kB
Mem:          3.8G       3.7G       133M       5.7M        62M       3.2G

MemTotal:        4016004 kB
MemFree:          127652 kB
Active:           450980 kB
Mem:          3.8G       3.7G       111M       5.7M        29M       3.3G

MemTotal:        4016004 kB
MemFree:          114680 kB
Active:           463424 kB
Mem:          3.8G       3.7G       112M       5.7M        29M       3.3G

MemTotal:        4016004 kB
MemFree:          109796 kB
Active:           497048 kB
Mem:          3.8G       3.7G       121M       5.7M        29M       3.2G

MemTotal:        4016004 kB
MemFree:          110736 kB
Active:           510040 kB
Mem:          3.8G       3.7G       108M       5.7M        29M       3.3G

MemTotal:        4016004 kB
MemFree:          110848 kB
Active:           510020 kB
Mem:          3.8G       3.7G       108M       5.7M        29M       3.3G

MemTotal:        4016004 kB
MemFree:          110272 kB
Active:           506248 kB
Mem:          3.8G       3.7G       107M       5.7M        29M       3.3G

MemTotal:        4016004 kB
MemFree:          129396 kB
Active:           499596 kB
Mem:          3.8G       3.7G       126M       5.7M        29M       3.2G

MemTotal:        4016004 kB
MemFree:          118756 kB
Active:           496272 kB
Mem:          3.8G       3.7G       115M       5.7M        29M       3.2G

MemTotal:        4016004 kB
MemFree:          119768 kB
Active:           491280 kB
Mem:          3.8G       3.7G       116M       5.7M        29M       3.2G

MemTotal:        4016004 kB
MemFree:          123504 kB
Active:           485528 kB
Mem:          3.8G       3.7G       120M       5.7M        29M       3.2G

MemTotal:        4016004 kB
MemFree:          112744 kB
Active:           482072 kB
Mem:          3.8G       3.7G       109M       5.7M        29M       3.3G

MemTotal:        4016004 kB
MemFree:          125076 kB
Active:           476696 kB
Mem:          3.8G       3.7G       122M       5.7M        29M       3.2G

MemTotal:        4016004 kB
MemFree:          126228 kB
Active:           471068 kB
Mem:          3.8G       3.7G       122M       5.7M        29M       3.2G

MemTotal:        4016004 kB
MemFree:          115732 kB
Active:           469664 kB
Mem:          3.8G       3.7G       112M       5.7M        29M       3.3G

MemTotal:        4016004 kB
MemFree:          114868 kB
Active:           469704 kB
Mem:          3.8G       3.7G       111M       5.7M        29M       3.3G

MemTotal:        4016004 kB
MemFree:          114684 kB
Active:           469672 kB
Mem:          3.8G       3.7G       111M       5.7M        29M       3.3G

MemTotal:        4016004 kB
MemFree:          125416 kB
Active:           467880 kB
Mem:          3.8G       3.7G       121M       5.7M        29M       3.2G

MemTotal:        4016004 kB
MemFree:          108832 kB
Active:           464724 kB
Mem:          3.8G       3.7G       106M       5.7M        29M       3.3G

MemTotal:        4016004 kB
MemFree:          134392 kB
Active:           461400 kB
Mem:          3.8G       3.7G       130M       5.7M        29M       3.2G

MemTotal:        4016004 kB
MemFree:          141308 kB
Active:           459224 kB
Mem:          3.8G       3.7G       137M       5.7M        29M       3.2G

MemTotal:        4016004 kB
MemFree:          130832 kB
Active:           458208 kB
Mem:          3.8G       3.7G       127M       5.7M        29M       3.2G

MemTotal:        4016004 kB
MemFree:          120320 kB
Active:           457060 kB
Mem:          3.8G       3.7G       117M       5.7M        29M       3.2G

MemTotal:        4016004 kB
MemFree:          121820 kB
Active:           455356 kB
Mem:          3.8G       3.7G       118M       5.7M        29M       3.2G

MemTotal:        4016004 kB
MemFree:          127524 kB
Active:           453224 kB
Mem:          3.8G       3.7G       124M       5.7M        29M       3.2G

MemTotal:        4016004 kB
MemFree:          119868 kB
Active:           453224 kB
Mem:          3.8G       3.7G       116M       5.7M        29M       3.2G

MemTotal:        4016004 kB
MemFree:          116316 kB
Active:           452080 kB
Mem:          3.8G       3.7G       113M       5.7M        29M       3.3G

MemTotal:        4016004 kB
MemFree:          109524 kB
Active:           450928 kB
Mem:          3.8G       3.7G       106M       5.7M        29M       3.3G

MemTotal:        4016004 kB
MemFree:          132580 kB
Active:           447660 kB
Mem:          3.8G       3.7G       129M       5.7M        29M       3.2G

MemTotal:        4016004 kB
MemFree:          133880 kB
Active:           446168 kB
Mem:          3.8G       3.7G       130M       5.7M        29M       3.2G

MemTotal:        4016004 kB
MemFree:          129376 kB
Active:           444632 kB
Mem:          3.8G       3.7G       125M       5.7M        29M       3.2G

MemTotal:        4016004 kB
MemFree:          116792 kB
Active:           444504 kB
Mem:          3.8G       3.7G       113M       5.7M        29M       3.3G

MemTotal:        4016004 kB
MemFree:          117172 kB
Active:           442720 kB
Mem:          3.8G       3.7G       113M       5.7M        29M       3.3G

MemTotal:        4016004 kB
MemFree:          131292 kB
Active:           440800 kB
Mem:          3.8G       3.7G       127M       5.7M        29M       3.2G

MemTotal:        4016004 kB
MemFree:          119908 kB
Active:           439652 kB
Mem:          3.8G       3.7G       117M       5.7M        29M       3.2G

MemTotal:        4016004 kB
MemFree:          126548 kB
Active:           435572 kB
Mem:          3.8G       3.7G       123M       5.7M        29M       3.2G

MemTotal:        4016004 kB
MemFree:          120916 kB
Active:           434428 kB
Mem:          3.8G       3.7G       118M       5.7M        29M       3.2G

MemTotal:        4016004 kB
MemFree:          129268 kB
Active:           433280 kB
Mem:          3.8G       3.7G       126M       5.7M        29M       3.2G

MemTotal:        4016004 kB
MemFree:          132968 kB
Active:           431584 kB
Mem:          3.8G       3.7G       129M       5.7M        29M       3.2G

MemTotal:        4016004 kB
MemFree:          127764 kB
Active:           430092 kB
Mem:          3.8G       3.7G       124M       5.7M        29M       3.2G

MemTotal:        4016004 kB
MemFree:          111408 kB
Active:           429068 kB
Mem:          3.8G       3.7G       108M       5.7M        29M       3.3G

MemTotal:        4016004 kB
MemFree:          125368 kB
Active:           428436 kB
Mem:          3.8G       3.7G       122M       5.7M        29M       3.2G

MemTotal:        4016004 kB
MemFree:          120372 kB
Active:           430432 kB
Mem:          3.8G       3.7G       117M       5.7M        29M       3.2G

MemTotal:        4016004 kB
MemFree:          111328 kB
Active:           428292 kB
Mem:          3.8G       3.7G       108M       5.7M        29M       3.3G

MemTotal:        4016004 kB
MemFree:          125112 kB
Active:           426500 kB
Mem:          3.8G       3.7G       122M       5.7M        29M       3.2G

MemTotal:        4016004 kB
MemFree:          144676 kB
Active:           422272 kB
Mem:          3.8G       3.7G       140M       5.7M        29M       3.2G

MemTotal:        4016004 kB
MemFree:          132844 kB
Active:           421156 kB
Mem:          3.8G       3.7G       129M       5.7M        29M       3.2G

MemTotal:        4016004 kB
MemFree:          122560 kB
Active:           420012 kB
Mem:          3.8G       3.7G       119M       5.7M        29M       3.2G

MemTotal:        4016004 kB
MemFree:          125320 kB
Active:           418096 kB
Mem:          3.8G       3.7G       122M       5.7M        29M       3.2G

MemTotal:        4016004 kB
MemFree:          126592 kB
Active:           417460 kB
Mem:          3.8G       3.7G       123M       5.7M        29M       3.2G

MemTotal:        4016004 kB
MemFree:          113572 kB
Active:           416788 kB
Mem:          3.8G       3.7G       111M       5.7M        29M       3.3G

MemTotal:        4016004 kB
MemFree:          127400 kB
Active:           414796 kB
Mem:          3.8G       3.7G       124M       5.7M        29M       3.2G

MemTotal:        4016004 kB
MemFree:          127552 kB
Active:           414800 kB
Mem:          3.8G       3.7G       124M       5.7M        29M       3.2G

MemTotal:        4016004 kB
MemFree:          118220 kB
Active:           413784 kB
Mem:          3.8G       3.7G       115M       5.7M        29M       3.2G

MemTotal:        4016004 kB
MemFree:          106820 kB
Active:           412632 kB
Mem:          3.8G       3.7G       104M       5.7M        29M       3.3G

MemTotal:        4016004 kB
MemFree:          107448 kB
Active:           410712 kB
Mem:          3.8G       3.7G       104M       5.7M        29M       3.3G

MemTotal:        4016004 kB
MemFree:          132652 kB
Active:           408416 kB
Mem:          3.8G       3.7G       129M       5.7M        29M       3.2G

MemTotal:        4016004 kB
MemFree:          132940 kB
Active:           406456 kB
Mem:          3.8G       3.7G       129M       5.7M        29M       3.2G

MemTotal:        4016004 kB
MemFree:          127132 kB
Active:           404960 kB
Mem:          3.8G       3.7G       123M       5.7M        29M       3.2G

MemTotal:        4016004 kB
MemFree:          134264 kB
Active:           402912 kB
Mem:          3.8G       3.7G       130M       5.7M        29M       3.2G

MemTotal:        4016004 kB
MemFree:          135468 kB
Active:           401248 kB
Mem:          3.8G       3.7G       131M       5.7M        29M       3.2G

MemTotal:        4016004 kB
MemFree:          135296 kB
Active:           400100 kB
Mem:          3.8G       3.7G       131M       5.7M        29M       3.2G

MemTotal:        4016004 kB
MemFree:          106232 kB
Active:           399084 kB
Mem:          3.8G       3.7G       103M       5.7M        29M       3.3G

MemTotal:        4016004 kB
MemFree:          131268 kB
Active:           396908 kB
Mem:          3.8G       3.7G       127M       5.7M        29M       3.2G

MemTotal:        4016004 kB
MemFree:          120808 kB
Active:           396788 kB
Mem:          3.8G       3.7G       117M       5.7M        29M       3.2G

MemTotal:        4016004 kB
MemFree:          129224 kB
Active:           394968 kB
Mem:          3.8G       3.7G       125M       5.7M        29M       3.2G

MemTotal:        4016004 kB
MemFree:          137108 kB
Active:           393452 kB
Mem:          3.8G       3.7G       133M       5.7M        29M       3.2G

MemTotal:        4016004 kB
MemFree:          126580 kB
Active:           392296 kB
Mem:          3.8G       3.7G       123M       5.7M        29M       3.2G

MemTotal:        4016004 kB
MemFree:          115080 kB
Active:           391192 kB
Mem:          3.8G       3.7G       112M       5.7M        29M       3.2G

MemTotal:        4016004 kB
MemFree:          115172 kB
Active:           390816 kB
Mem:          3.8G       3.7G       112M       5.7M        29M       3.2G

MemTotal:        4016004 kB
MemFree:          127860 kB
Active:           390572 kB
Mem:          3.8G       3.7G       124M       5.7M        29M       3.2G

MemTotal:        4016004 kB
MemFree:          110840 kB
Active:           390576 kB
Mem:          3.8G       3.7G       108M       5.7M        29M       3.3G

MemTotal:        4016004 kB
MemFree:          124116 kB
Active:           390580 kB
Mem:          3.8G       3.7G       120M       5.7M        29M       3.2G

MemTotal:        4016004 kB
MemFree:          147008 kB
Active:           390588 kB
Mem:          3.8G       3.7G       143M       5.7M        29M       3.2G

MemTotal:        4016004 kB
MemFree:          124564 kB
Active:           390588 kB
Mem:          3.8G       3.7G       121M       5.7M        29M       3.2G

MemTotal:        4016004 kB
MemFree:          130840 kB
Active:           390484 kB
Mem:          3.8G       3.7G       127M       5.7M        29M       3.2G

MemTotal:        4016004 kB
MemFree:          130824 kB
Active:           390500 kB
Mem:          3.8G       3.7G       127M       5.7M        29M       3.2G

MemTotal:        4016004 kB
MemFree:          129888 kB
Active:           390660 kB
Mem:          3.8G       3.7G       126M       5.7M        29M       3.2G

MemTotal:        4016004 kB
MemFree:          137060 kB
Active:           390532 kB
Mem:          3.8G       3.7G       133M       5.7M        29M       3.2G

MemTotal:        4016004 kB
MemFree:          127564 kB
Active:           390532 kB
Mem:          3.8G       3.7G       124M       5.7M        29M       3.2G

MemTotal:        4016004 kB
MemFree:          115776 kB
Active:           390488 kB
Mem:          3.8G       3.7G       112M       5.7M        29M       3.2G

MemTotal:        4016004 kB
MemFree:          119340 kB
Active:           390544 kB
Mem:          3.8G       3.7G       116M       5.7M        29M       3.2G

MemTotal:        4016004 kB
MemFree:          120088 kB
Active:           390504 kB
Mem:          3.8G       3.7G       117M       5.7M        29M       3.2G

MemTotal:        4016004 kB
MemFree:          133952 kB
Active:           390544 kB
Mem:          3.8G       3.7G       130M       5.7M        29M       3.2G

MemTotal:        4016004 kB
MemFree:          149432 kB
Active:           390520 kB
Mem:          3.8G       3.7G       145M       5.7M        29M       3.2G

MemTotal:        4016004 kB
MemFree:          119288 kB
Active:           390488 kB
Mem:          3.8G       3.7G       116M       5.7M        29M       3.2G

MemTotal:        4016004 kB
MemFree:          150828 kB
Active:           390484 kB
Mem:          3.8G       3.7G       146M       5.7M        29M       3.2G

MemTotal:        4016004 kB
MemFree:          128368 kB
Active:           390532 kB
Mem:          3.8G       3.7G       124M       5.7M        29M       3.2G

MemTotal:        4016004 kB
MemFree:          128760 kB
Active:           390532 kB
Mem:          3.8G       3.7G       125M       5.7M        29M       3.2G

MemTotal:        4016004 kB
MemFree:          132328 kB
Active:           390532 kB
Mem:          3.8G       3.7G       128M       5.7M        29M       3.2G

MemTotal:        4016004 kB
MemFree:          109780 kB
Active:           390516 kB
Mem:          3.8G       3.7G       106M       5.7M        29M       3.3G

MemTotal:        4016004 kB
MemFree:          131540 kB
Active:           390412 kB
Mem:          3.8G       3.7G       128M       5.7M        29M       3.2G

MemTotal:        4016004 kB
MemFree:          131372 kB
Active:           390412 kB
Mem:          3.8G       3.7G       128M       5.7M        29M       3.2G

MemTotal:        4016004 kB
MemFree:          134876 kB
Active:           390420 kB
Mem:          3.8G       3.7G       131M       5.7M        29M       3.2G

MemTotal:        4016004 kB
MemFree:          140592 kB
Active:           390452 kB
Mem:          3.8G       3.7G       136M       5.7M        29M       3.2G

MemTotal:        4016004 kB
MemFree:          129308 kB
Active:           390452 kB
Mem:          3.8G       3.7G       126M       5.7M        29M       3.2G

MemTotal:        4016004 kB
MemFree:          136896 kB
Active:           390600 kB
Mem:          3.8G       3.7G       133M       5.7M        29M       3.2G

MemTotal:        4016004 kB
MemFree:          126648 kB
Active:           390300 kB
Mem:          3.8G       3.7G       123M       5.7M        29M       3.2G

MemTotal:        4016004 kB
MemFree:          110152 kB
Active:           390340 kB
Mem:          3.8G       3.7G       107M       5.7M        29M       3.3G

MemTotal:        4016004 kB
MemFree:          134932 kB
Active:           390052 kB
Mem:          3.8G       3.7G       131M       5.7M        29M       3.2G

MemTotal:        4016004 kB
MemFree:          141636 kB
Active:           389912 kB
Mem:          3.8G       3.7G       138M       5.7M        29M       3.2G

MemTotal:        4016004 kB
MemFree:          130572 kB
Active:           389912 kB
Mem:          3.8G       3.7G       127M       5.7M        29M       3.2G

MemTotal:        4016004 kB
MemFree:          122308 kB
Active:           389876 kB
Mem:          3.8G       3.7G       118M       5.7M        29M       3.2G

MemTotal:        4016004 kB
MemFree:          135256 kB
Active:           389924 kB
Mem:          3.8G       3.7G       132M       5.7M        29M       3.2G

MemTotal:        4016004 kB
MemFree:          135512 kB
Active:           389892 kB
Mem:          3.8G       3.7G       132M       5.7M        29M       3.2G

MemTotal:        4016004 kB
MemFree:          124156 kB
Active:           389928 kB
Mem:          3.8G       3.7G       120M       5.7M        29M       3.2G

MemTotal:        4016004 kB
MemFree:          125204 kB
Active:           389936 kB
Mem:          3.8G       3.7G       121M       5.7M        29M       3.2G

MemTotal:        4016004 kB
MemFree:          120828 kB
Active:           389936 kB
Mem:          3.8G       3.7G       117M       5.7M        29M       3.2G

MemTotal:        4016004 kB
MemFree:          128004 kB
Active:           389936 kB
Mem:          3.8G       3.7G       124M       5.7M        29M       3.2G

MemTotal:        4016004 kB
MemFree:          125364 kB
Active:           384264 kB
Mem:          3.8G       3.7G       122M       5.7M        29M       3.2G

MemTotal:        4016004 kB
MemFree:          127424 kB
Active:           384080 kB
Mem:          3.8G       3.7G       124M       5.7M        29M       3.2G

MemTotal:        4016004 kB
MemFree:          126788 kB
Active:           384080 kB
Mem:          3.8G       3.7G       123M       5.7M        29M       3.2G

MemTotal:        4016004 kB
MemFree:          118488 kB
Active:           384320 kB
Mem:          3.8G       3.7G       114M       5.7M        29M       3.2G

MemTotal:        4016004 kB
MemFree:          116124 kB
Active:           384160 kB
Mem:          3.8G       3.7G       113M       5.7M        29M       3.2G

MemTotal:        4016004 kB
MemFree:          116024 kB
Active:           384160 kB
Mem:          3.8G       3.7G       113M       5.7M        29M       3.2G

MemTotal:        4016004 kB
MemFree:          116144 kB
Active:           384176 kB
Mem:          3.8G       3.7G       113M       5.7M        29M       3.2G

MemTotal:        4016004 kB
MemFree:          125048 kB
Active:           384176 kB
Mem:          3.8G       3.7G       121M       5.7M        29M       3.2G

MemTotal:        4016004 kB
MemFree:          132900 kB
Active:           384184 kB
Mem:          3.8G       3.7G       128M       5.7M        29M       3.2G

MemTotal:        4016004 kB
MemFree:          121876 kB
Active:           384188 kB
Mem:          3.8G       3.7G       118M       5.7M        29M       3.2G

MemTotal:        4016004 kB
MemFree:          128068 kB
Active:           384156 kB
Mem:          3.8G       3.7G       124M       5.7M        29M       3.2G

MemTotal:        4016004 kB
MemFree:          120932 kB
Active:           383380 kB
Mem:          3.8G       3.7G       117M       5.7M        29M       3.2G

MemTotal:        4016004 kB
MemFree:          124144 kB
Active:           383224 kB
Mem:          3.8G       3.7G       120M       5.7M        29M       3.2G

MemTotal:        4016004 kB
MemFree:          119400 kB
Active:           383268 kB
Mem:          3.8G       3.7G       116M       5.7M        29M       3.2G

MemTotal:        4016004 kB
MemFree:          126988 kB
Active:           383232 kB
Mem:          3.8G       3.7G       123M       5.7M        29M       3.2G

MemTotal:        4016004 kB
MemFree:          128448 kB
Active:           383268 kB
Mem:          3.8G       3.7G       125M       5.7M        29M       3.2G

MemTotal:        4016004 kB
MemFree:          111928 kB
Active:           383276 kB
Mem:          3.8G       3.7G       109M       5.7M        29M       3.2G

MemTotal:        4016004 kB
MemFree:          119360 kB
Active:           383248 kB
Mem:          3.8G       3.7G       116M       5.7M        29M       3.2G

MemTotal:        4016004 kB
MemFree:          133320 kB
Active:           383268 kB
Mem:          3.8G       3.7G       130M       5.7M        29M       3.2G

MemTotal:        4016004 kB
MemFree:          130700 kB
Active:           381300 kB
Mem:          3.8G       3.7G       127M       5.7M        29M       3.2G

MemTotal:        4016004 kB
MemFree:          140408 kB
Active:           381124 kB
Mem:          3.8G       3.7G       137M       5.7M        29M       3.2G

MemTotal:        4016004 kB
MemFree:          117612 kB
Active:           381092 kB
Mem:          3.8G       3.7G       114M       5.7M        29M       3.2G

MemTotal:        4016004 kB
MemFree:          106468 kB
Active:           381136 kB
Mem:          3.8G       3.7G       103M       5.7M        29M       3.3G

MemTotal:        4016004 kB
MemFree:          112584 kB
Active:           381140 kB
Mem:          3.8G       3.7G       109M       5.7M        29M       3.2G

MemTotal:        4016004 kB
MemFree:          126340 kB
Active:           381140 kB
Mem:          3.8G       3.7G       123M       5.7M        29M       3.2G

MemTotal:        4016004 kB
MemFree:          121104 kB
Active:           381140 kB
Mem:          3.8G       3.7G       118M       5.7M        29M       3.2G

MemTotal:        4016004 kB
MemFree:          122200 kB
Active:           381112 kB
Mem:          3.8G       3.7G       119M       5.7M        29M       3.2G

MemTotal:        4016004 kB
MemFree:          125400 kB
Active:           381136 kB
Mem:          3.8G       3.7G       121M       5.7M        29M       3.2G

MemTotal:        4016004 kB
MemFree:          119496 kB
Active:           381148 kB
Mem:          3.8G       3.7G       116M       5.7M        29M       3.2G

MemTotal:        4016004 kB
MemFree:          128132 kB
Active:           380580 kB
Mem:          3.8G       3.7G       125M       5.7M        29M       3.2G

MemTotal:        4016004 kB
MemFree:          112612 kB
Active:           380440 kB
Mem:          3.8G       3.7G       109M       5.7M        29M       3.2G

MemTotal:        4016004 kB
MemFree:          131288 kB
Active:           380432 kB
Mem:          3.8G       3.7G       128M       5.7M        29M       3.2G

MemTotal:        4016004 kB
MemFree:          120872 kB
Active:           380436 kB
Mem:          3.8G       3.7G       118M       5.7M        29M       3.2G

MemTotal:        4016004 kB
MemFree:          121456 kB
Active:           380468 kB
Mem:          3.8G       3.7G       118M       5.7M        29M       3.2G

MemTotal:        4016004 kB
MemFree:          110468 kB
Active:           380436 kB
Mem:          3.8G       3.7G       107M       5.7M        29M       3.2G

MemTotal:        4016004 kB
MemFree:          113792 kB
Active:           380432 kB
Mem:          3.8G       3.7G       111M       5.7M        29M       3.2G

MemTotal:        4016004 kB
MemFree:          127692 kB
Active:           380476 kB
Mem:          3.8G       3.7G       123M       5.7M        29M       3.2G

MemTotal:        4016004 kB
MemFree:          122120 kB
Active:           380480 kB
Mem:          3.8G       3.7G       119M       5.7M        29M       3.2G

MemTotal:        4016004 kB
MemFree:          110968 kB
Active:           369344 kB
Mem:          3.8G       3.7G       108M       5.7M        29M       3.2G

MemTotal:        4016004 kB
MemFree:          124640 kB
Active:           369260 kB
Mem:          3.8G       3.7G       121M       5.7M        29M       3.2G

MemTotal:        4016004 kB
MemFree:          126944 kB
Active:           369260 kB
Mem:          3.8G       3.7G       123M       5.7M        29M       3.2G

MemTotal:        4016004 kB
MemFree:          127236 kB
Active:           369268 kB
Mem:          3.8G       3.7G       123M       5.7M        29M       3.2G

MemTotal:        4016004 kB
MemFree:          125012 kB
Active:           369268 kB
Mem:          3.8G       3.7G       121M       5.7M        29M       3.2G

MemTotal:        4016004 kB
MemFree:          113132 kB
Active:           369280 kB
Mem:          3.8G       3.7G       109M       5.7M        29M       3.2G

MemTotal:        4016004 kB
MemFree:          126656 kB
Active:           369292 kB
Mem:          3.8G       3.7G       123M       5.7M        29M       3.2G

MemTotal:        4016004 kB
MemFree:          107980 kB
Active:           369292 kB
Mem:          3.8G       3.7G       104M       5.7M        29M       3.2G

MemTotal:        4016004 kB
MemFree:          128104 kB
Active:           369300 kB
Mem:          3.8G       3.7G       124M       5.7M        29M       3.2G

MemTotal:        4016004 kB
MemFree:          116548 kB
Active:           369300 kB
Mem:          3.8G       3.7G       113M       5.7M        29M       3.2G

MemTotal:        4016004 kB
MemFree:          106924 kB
Active:           369300 kB
Mem:          3.8G       3.7G       104M       5.7M        29M       3.3G

MemTotal:        4016004 kB
MemFree:          113396 kB
Active:           369304 kB
Mem:          3.8G       3.7G       110M       5.7M        29M       3.2G

MemTotal:        4016004 kB
MemFree:          118420 kB
Active:           367596 kB
Mem:          3.8G       3.7G       115M       5.7M        29M       3.2G

MemTotal:        4016004 kB
MemFree:          106396 kB
Active:           367368 kB
Mem:          3.8G       3.7G       103M       5.7M        29M       3.3G

MemTotal:        4016004 kB
MemFree:          112472 kB
Active:           367368 kB
Mem:          3.8G       3.7G       109M       5.7M        29M       3.2G

MemTotal:        4016004 kB
MemFree:          121912 kB
Active:           367368 kB
Mem:          3.8G       3.7G       118M       5.7M        29M       3.2G

MemTotal:        4016004 kB
MemFree:          117044 kB
Active:           367340 kB
Mem:          3.8G       3.7G       114M       5.7M        29M       3.2G

MemTotal:        4016004 kB
MemFree:          105880 kB
Active:           367356 kB
Mem:          3.8G       3.7G       103M       5.7M        29M       3.2G

MemTotal:        4016004 kB
MemFree:          116044 kB
Active:           367392 kB
Mem:          3.8G       3.7G       113M       5.7M        29M       3.2G

MemTotal:        4016004 kB
MemFree:          105604 kB
Active:           367400 kB
Mem:          3.8G       3.7G       102M       5.7M        29M       3.3G

MemTotal:        4016004 kB
MemFree:          125088 kB
Active:           367532 kB
Mem:          3.8G       3.7G       121M       5.7M        29M       3.2G

MemTotal:        4016004 kB
MemFree:          108396 kB
Active:           367368 kB
Mem:          3.8G       3.7G       104M       5.7M        29M       3.2G

MemTotal:        4016004 kB
MemFree:          127416 kB
Active:           367520 kB
Mem:          3.8G       3.7G       124M       5.7M        29M       3.2G

MemTotal:        4016004 kB
MemFree:          123112 kB
Active:           367420 kB
Mem:          3.8G       3.7G       119M       5.7M        29M       3.2G

MemTotal:        4016004 kB
MemFree:          116056 kB
Active:           364500 kB
Mem:          3.8G       3.7G       112M       5.7M        29M       3.2G

MemTotal:        4016004 kB
MemFree:          106472 kB
Active:           364184 kB
Mem:          3.8G       3.7G       103M       5.7M        29M       3.3G

MemTotal:        4016004 kB
MemFree:          129640 kB
Active:           364184 kB
Mem:          3.8G       3.7G       126M       5.7M        29M       3.2G

MemTotal:        4016004 kB
MemFree:          125272 kB
Active:           364200 kB
Mem:          3.8G       3.7G       122M       5.7M        29M       3.2G

MemTotal:        4016004 kB
MemFree:          124904 kB
Active:           364168 kB
Mem:          3.8G       3.7G       121M       5.7M        29M       3.2G

MemTotal:        4016004 kB
MemFree:          124784 kB
Active:           364204 kB
Mem:          3.8G       3.7G       121M       5.7M        29M       3.2G

MemTotal:        4016004 kB
MemFree:          128600 kB
Active:           364208 kB
Mem:          3.8G       3.7G       124M       5.7M        29M       3.2G

MemTotal:        4016004 kB
MemFree:          123412 kB
Active:           364208 kB
Mem:          3.8G       3.7G       120M       5.7M        29M       3.2G

MemTotal:        4016004 kB
MemFree:          126784 kB
Active:           364216 kB
Mem:          3.8G       3.7G       123M       5.7M        29M       3.2G

MemTotal:        4016004 kB
MemFree:          122484 kB
Active:           364216 kB
Mem:          3.8G       3.7G       119M       5.7M        29M       3.2G

MemTotal:        4016004 kB
MemFree:          136356 kB
Active:           364340 kB
Mem:          3.8G       3.7G       132M       5.7M        29M       3.2G

MemTotal:        4016004 kB
MemFree:          125224 kB
Active:           364440 kB
Mem:          3.8G       3.7G       121M       5.7M        29M       3.2G

MemTotal:        4016004 kB
MemFree:          127732 kB
Active:           364080 kB
Mem:          3.8G       3.7G       124M       5.7M        29M       3.2G

MemTotal:        4016004 kB
MemFree:          122796 kB
Active:           364224 kB
Mem:          3.8G       3.7G       119M       5.7M        29M       3.2G

MemTotal:        4016004 kB
MemFree:          124720 kB
Active:           364228 kB
Mem:          3.8G       3.7G       121M       5.7M        29M       3.2G

MemTotal:        4016004 kB
MemFree:          105332 kB
Active:           364228 kB
Mem:          3.8G       3.7G       102M       5.7M        29M       3.3G

MemTotal:        4016004 kB
MemFree:          121980 kB
Active:           361080 kB
Mem:          3.8G       3.7G       119M       5.7M        29M       3.2G

MemTotal:        4016004 kB
MemFree:          125352 kB
Active:           361088 kB
Mem:          3.8G       3.7G       122M       5.7M        29M       3.2G

MemTotal:        4016004 kB
MemFree:          129108 kB
Active:           361100 kB
Mem:          3.8G       3.7G       126M       5.7M        29M       3.2G

MemTotal:        4016004 kB
MemFree:          112048 kB
Active:           361100 kB
Mem:          3.8G       3.7G       109M       5.7M        29M       3.2G

MemTotal:        4016004 kB
MemFree:          127868 kB
Active:           361100 kB
Mem:          3.8G       3.7G       124M       5.7M        29M       3.2G

MemTotal:        4016004 kB
MemFree:          125060 kB
Active:           361112 kB
Mem:          3.8G       3.7G       121M       5.7M        29M       3.2G

MemTotal:        4016004 kB
MemFree:          127620 kB
Active:           361112 kB
Mem:          3.8G       3.7G       124M       5.7M        29M       3.2G

MemTotal:        4016004 kB
MemFree:          122816 kB
Active:           361260 kB
Mem:          3.8G       3.7G       119M       5.7M        29M       3.2G

MemTotal:        4016004 kB
MemFree:          125308 kB
Active:           361124 kB
Mem:          3.8G       3.7G       121M       5.7M        29M       3.2G

MemTotal:        4016004 kB
MemFree:          114036 kB
Active:           361124 kB
Mem:          3.8G       3.7G       110M       5.7M        29M       3.2G

MemTotal:        4016004 kB
MemFree:          128004 kB
Active:           361240 kB
Mem:          3.8G       3.7G       124M       5.7M        29M       3.2G

MemTotal:        4016004 kB
MemFree:          104516 kB
Active:           361124 kB
Mem:          3.8G       3.7G       116M       5.7M        29M       3.2G

MemTotal:        4016004 kB
MemFree:          122400 kB
Active:           361016 kB
Mem:          3.8G       3.7G       119M       5.7M        29M       3.2G

MemTotal:        4016004 kB
MemFree:          126240 kB
Active:           361016 kB
Mem:          3.8G       3.7G       122M       5.7M        29M       3.2G

MemTotal:        4016004 kB
MemFree:          118636 kB
Active:           361020 kB
Mem:          3.8G       3.7G       115M       5.7M        29M       3.2G

MemTotal:        4016004 kB
MemFree:          127532 kB
Active:           359344 kB
Mem:          3.8G       3.7G       124M       5.7M        29M       3.2G

MemTotal:        4016004 kB
MemFree:          122828 kB
Active:           359176 kB
Mem:          3.8G       3.7G       119M       5.7M        29M       3.2G

MemTotal:        4016004 kB
MemFree:          105052 kB
Active:           359180 kB
Mem:          3.8G       3.7G       102M       5.7M        29M       3.2G

MemTotal:        4016004 kB
MemFree:          136312 kB
Active:           359176 kB
Mem:          3.8G       3.7G       132M       5.7M        29M       3.2G

MemTotal:        4016004 kB
MemFree:          119160 kB
Active:           359176 kB
Mem:          3.8G       3.7G       115M       5.7M        29M       3.2G

MemTotal:        4016004 kB
MemFree:          126576 kB
Active:           359176 kB
Mem:          3.8G       3.7G       123M       5.7M        29M       3.2G

MemTotal:        4016004 kB
MemFree:          122000 kB
Active:           359176 kB
Mem:          3.8G       3.7G       118M       5.7M        29M       3.2G

MemTotal:        4016004 kB
MemFree:          124616 kB
Active:           359176 kB
Mem:          3.8G       3.7G       121M       5.7M        29M       3.2G

MemTotal:        4016004 kB
MemFree:          119676 kB
Active:           359184 kB
Mem:          3.8G       3.7G       116M       5.7M        29M       3.2G

MemTotal:        4016004 kB
MemFree:          114172 kB
Active:           359184 kB
Mem:          3.8G       3.7G       110M       5.7M        29M       3.2G

MemTotal:        4016004 kB
MemFree:          120496 kB
Active:           359208 kB
Mem:          3.8G       3.7G       117M       5.7M        29M       3.2G

MemTotal:        4016004 kB
MemFree:          121928 kB
Active:           359208 kB
Mem:          3.8G       3.7G       118M       5.7M        29M       3.2G

MemTotal:        4016004 kB
MemFree:          121528 kB
Active:           359224 kB
Mem:          3.8G       3.7G       118M       5.7M        29M       3.2G

MemTotal:        4016004 kB
MemFree:          121720 kB
Active:           359348 kB
Mem:          3.8G       3.7G       118M       5.7M        29M       3.2G

MemTotal:        4016004 kB
MemFree:          128768 kB
Active:           359200 kB
Mem:          3.8G       3.7G       125M       5.7M        29M       3.2G

MemTotal:        4016004 kB
MemFree:          120204 kB
Active:           358924 kB
Mem:          3.8G       3.7G       117M       5.7M        29M       3.2G

MemTotal:        4016004 kB
MemFree:          120452 kB
Active:           358924 kB
Mem:          3.8G       3.7G       117M       5.7M        29M       3.2G

MemTotal:        4016004 kB
MemFree:          120700 kB
Active:           358888 kB
Mem:          3.8G       3.7G       117M       5.7M        29M       3.2G

MemTotal:        4016004 kB
MemFree:          120576 kB
Active:           358932 kB
Mem:          3.8G       3.7G       117M       5.7M        29M       3.2G

MemTotal:        4016004 kB
MemFree:          120576 kB
Active:           358896 kB
Mem:          3.8G       3.7G       117M       5.7M        29M       3.2G

MemTotal:        4016004 kB
MemFree:          120080 kB
Active:           358900 kB
Mem:          3.8G       3.7G       117M       5.7M        29M       3.2G

MemTotal:        4016004 kB
MemFree:          119832 kB
Active:           358940 kB
Mem:          3.8G       3.7G       117M       5.7M        29M       3.2G

MemTotal:        4016004 kB
MemFree:          120204 kB
Active:           358904 kB
Mem:          3.8G       3.7G       117M       5.7M        29M       3.2G

MemTotal:        4016004 kB
MemFree:          119832 kB
Active:           358940 kB
Mem:          3.8G       3.7G       117M       5.7M        29M       3.2G

MemTotal:        4016004 kB
MemFree:          120080 kB
Active:           358940 kB
Mem:          3.8G       3.7G       116M       5.7M        29M       3.2G

MemTotal:        4016004 kB
MemFree:          119708 kB
Active:           358948 kB
Mem:          3.8G       3.7G       116M       5.7M        29M       3.2G

MemTotal:        4016004 kB
MemFree:          119708 kB
Active:           358952 kB
Mem:          3.8G       3.7G       117M       5.7M        29M       3.2G

MemTotal:        4016004 kB
MemFree:          120080 kB
Active:           358920 kB
Mem:          3.8G       3.7G       117M       5.7M        29M       3.2G

MemTotal:        4016004 kB
MemFree:          119832 kB
Active:           358960 kB
Mem:          3.8G       3.7G       117M       5.7M        29M       3.2G

MemTotal:        4016004 kB
MemFree:          119832 kB
Active:           358960 kB
Mem:          3.8G       3.7G       117M       5.7M        29M       3.2G

MemTotal:        4016004 kB
MemFree:          119832 kB
Active:           358960 kB
Mem:          3.8G       3.7G       117M       5.7M        29M       3.2G

MemTotal:        4016004 kB
MemFree:          119708 kB
Active:           358960 kB
Mem:          3.8G       3.7G       116M       5.7M        29M       3.2G

MemTotal:        4016004 kB
MemFree:          119956 kB
Active:           358940 kB
Mem:          3.8G       3.7G       117M       5.7M        29M       3.2G

MemTotal:        4016004 kB
MemFree:          119708 kB
Active:           358968 kB
Mem:          3.8G       3.7G       116M       5.7M        29M       3.2G

MemTotal:        4016004 kB
MemFree:          119708 kB
Active:           358968 kB
Mem:          3.8G       3.7G       116M       5.7M        29M       3.2G

MemTotal:        4016004 kB
MemFree:          120080 kB
Active:           358940 kB
Mem:          3.8G       3.7G       117M       5.7M        29M       3.2G

MemTotal:        4016004 kB
MemFree:          119956 kB
Active:           358928 kB
Mem:          3.8G       3.7G       116M       5.7M        29M       3.2G

MemTotal:        4016004 kB
MemFree:          120080 kB
Active:           358928 kB
Mem:          3.8G       3.7G       117M       5.7M        29M       3.2G

MemTotal:        4016004 kB
MemFree:          119956 kB
Active:           358940 kB
Mem:          3.8G       3.7G       116M       5.7M        29M       3.2G

MemTotal:        4016004 kB
MemFree:          119708 kB
Active:           358976 kB
Mem:          3.8G       3.7G       116M       5.7M        29M       3.2G

MemTotal:        4016004 kB
MemFree:          119708 kB
Active:           358980 kB
Mem:          3.8G       3.7G       116M       5.7M        29M       3.2G

MemTotal:        4016004 kB
MemFree:          119708 kB
Active:           358992 kB
Mem:          3.8G       3.7G       116M       5.7M        29M       3.2G

MemTotal:        4016004 kB
MemFree:          119584 kB
Active:           358992 kB
Mem:          3.8G       3.7G       116M       5.7M        29M       3.2G

MemTotal:        4016004 kB
MemFree:          119832 kB
Active:           358964 kB
Mem:          3.8G       3.7G       117M       5.7M        29M       3.2G

MemTotal:        4016004 kB
MemFree:          119636 kB
Active:           358992 kB
Mem:          3.8G       3.7G       116M       5.7M        29M       3.2G

MemTotal:        4016004 kB
MemFree:          119916 kB
Active:           358956 kB
Mem:          3.8G       3.7G       116M       5.7M        29M       3.2G

MemTotal:        4016004 kB
MemFree:          119544 kB
Active:           358992 kB
