MemTotal:        4016004 kB
MemFree:         3202616 kB
Active:           455888 kB
Mem:          3.8G       794M       3.1G       5.7M        63M       327M

MemTotal:        4016004 kB
MemFree:         3202024 kB
Active:           455772 kB
Mem:          3.8G       794M       3.1G       5.7M        63M       327M

MemTotal:        4016004 kB
MemFree:         3202396 kB
Active:           455812 kB
Mem:          3.8G       794M       3.1G       5.7M        63M       327M

MemTotal:        4016004 kB
MemFree:         3202264 kB
Active:           455832 kB
Mem:          3.8G       794M       3.1G       5.7M        63M       327M

MemTotal:        4016004 kB
MemFree:         3201768 kB
Active:           455856 kB
Mem:          3.8G       794M       3.1G       5.7M        63M       327M

MemTotal:        4016004 kB
MemFree:         3202280 kB
Active:           455836 kB
Mem:          3.8G       794M       3.1G       5.7M        63M       327M

MemTotal:        4016004 kB
MemFree:         3202264 kB
Active:           455804 kB
Mem:          3.8G       794M       3.1G       5.7M        63M       327M

MemTotal:        4016004 kB
MemFree:         3202124 kB
Active:           455868 kB
Mem:          3.8G       794M       3.1G       5.7M        63M       327M

MemTotal:        4016004 kB
MemFree:         3202248 kB
Active:           455840 kB
Mem:          3.8G       794M       3.1G       5.7M        63M       327M

MemTotal:        4016004 kB
MemFree:         3202248 kB
Active:           455864 kB
Mem:          3.8G       794M       3.1G       5.7M        63M       327M

MemTotal:        4016004 kB
MemFree:         3202248 kB
Active:           455840 kB
Mem:          3.8G       795M       3.1G       5.7M        63M       327M

MemTotal:        4016004 kB
MemFree:         3202000 kB
Active:           455836 kB
Mem:          3.8G       794M       3.1G       5.7M        63M       327M

MemTotal:        4016004 kB
MemFree:         3202124 kB
Active:           455868 kB
Mem:          3.8G       794M       3.1G       5.7M        63M       327M

MemTotal:        4016004 kB
MemFree:         3202232 kB
Active:           455836 kB
Mem:          3.8G       794M       3.1G       5.7M        63M       327M

MemTotal:        4016004 kB
MemFree:         3201720 kB
Active:           455848 kB
Mem:          3.8G       795M       3.1G       5.7M        63M       327M

MemTotal:        4016004 kB
MemFree:         3202232 kB
Active:           455876 kB
Mem:          3.8G       794M       3.1G       5.7M        63M       327M

MemTotal:        4016004 kB
MemFree:         3202216 kB
Active:           455844 kB
Mem:          3.8G       794M       3.1G       5.7M        63M       327M

MemTotal:        4016004 kB
MemFree:         3202324 kB
Active:           455860 kB
Mem:          3.8G       794M       3.1G       5.7M        63M       327M

MemTotal:        4016004 kB
MemFree:         3202324 kB
Active:           455832 kB
Mem:          3.8G       794M       3.1G       5.7M        63M       327M

MemTotal:        4016004 kB
MemFree:         3202200 kB
Active:           455828 kB
Mem:          3.8G       794M       3.1G       5.7M        63M       327M

MemTotal:        4016004 kB
MemFree:         3202324 kB
Active:           455840 kB
Mem:          3.8G       794M       3.1G       5.7M        63M       327M

MemTotal:        4016004 kB
MemFree:         3202448 kB
Active:           455876 kB
Mem:          3.8G       794M       3.1G       5.7M        63M       327M

MemTotal:        4016004 kB
MemFree:         3202496 kB
Active:           455868 kB
Mem:          3.8G       794M       3.1G       5.7M        63M       327M

MemTotal:        4016004 kB
MemFree:         3202372 kB
Active:           455852 kB
Mem:          3.8G       794M       3.1G       5.7M        63M       327M

MemTotal:        4016004 kB
MemFree:         3201844 kB
Active:           453860 kB
Mem:          3.8G       795M       3.1G       5.7M        63M       327M

MemTotal:        4016004 kB
MemFree:         3202236 kB
Active:           455896 kB
Mem:          3.8G       795M       3.1G       5.7M        63M       327M

MemTotal:        4016004 kB
MemFree:         3201988 kB
Active:           455896 kB
Mem:          3.8G       794M       3.1G       5.7M        63M       327M

MemTotal:        4016004 kB
MemFree:         3201988 kB
Active:           455860 kB
Mem:          3.8G       794M       3.1G       5.7M        63M       327M

MemTotal:        4016004 kB
MemFree:         3201616 kB
Active:           455900 kB
Mem:          3.8G       795M       3.1G       5.7M        63M       327M

MemTotal:        4016004 kB
MemFree:         3202112 kB
Active:           455864 kB
Mem:          3.8G       794M       3.1G       5.7M        63M       327M

MemTotal:        4016004 kB
MemFree:         3202080 kB
Active:           455888 kB
Mem:          3.8G       794M       3.1G       5.7M        63M       327M

MemTotal:        4016004 kB
MemFree:         3202064 kB
Active:           455860 kB
Mem:          3.8G       795M       3.1G       5.7M        63M       327M

MemTotal:        4016004 kB
MemFree:         3201800 kB
Active:           455876 kB
Mem:          3.8G       795M       3.1G       5.7M        63M       327M

MemTotal:        4016004 kB
MemFree:         3202172 kB
Active:           455884 kB
Mem:          3.8G       794M       3.1G       5.7M        63M       327M

MemTotal:        4016004 kB
MemFree:         3202048 kB
Active:           455904 kB
Mem:          3.8G       794M       3.1G       5.7M        63M       327M

MemTotal:        4016004 kB
MemFree:         3202080 kB
Active:           455864 kB
Mem:          3.8G       794M       3.1G       5.7M        63M       327M

MemTotal:        4016004 kB
MemFree:         3201708 kB
Active:           455920 kB
Mem:          3.8G       795M       3.1G       5.7M        63M       327M

MemTotal:        4016004 kB
MemFree:         3202080 kB
Active:           455868 kB
Mem:          3.8G       794M       3.1G       5.7M        63M       327M

MemTotal:        4016004 kB
MemFree:         3202128 kB
Active:           455888 kB
Mem:          3.8G       794M       3.1G       5.7M        63M       327M

MemTotal:        4016004 kB
MemFree:         3201756 kB
Active:           455920 kB
Mem:          3.8G       795M       3.1G       5.7M        63M       327M

MemTotal:        4016004 kB
MemFree:         3202376 kB
Active:           455920 kB
Mem:          3.8G       794M       3.1G       5.7M        63M       327M

MemTotal:        4016004 kB
MemFree:         3202376 kB
Active:           455880 kB
Mem:          3.8G       794M       3.1G       5.7M        63M       327M

MemTotal:        4016004 kB
MemFree:         3202004 kB
Active:           455940 kB
Mem:          3.8G       794M       3.1G       5.7M        63M       327M

MemTotal:        4016004 kB
MemFree:         3202252 kB
Active:           455940 kB
Mem:          3.8G       794M       3.1G       5.7M        63M       327M

MemTotal:        4016004 kB
MemFree:         3201768 kB
Active:           453928 kB
Mem:          3.8G       795M       3.1G       5.7M        63M       327M

MemTotal:        4016004 kB
MemFree:         3201848 kB
Active:           453876 kB
Mem:          3.8G       795M       3.1G       5.7M        63M       327M

MemTotal:        4016004 kB
MemFree:         3201600 kB
Active:           455908 kB
Mem:          3.8G       795M       3.1G       5.7M        63M       327M

MemTotal:        4016004 kB
MemFree:         3201972 kB
Active:           455924 kB
Mem:          3.8G       795M       3.1G       5.7M        63M       327M

MemTotal:        4016004 kB
MemFree:         3202468 kB
Active:           455904 kB
Mem:          3.8G       794M       3.1G       5.7M        63M       327M

MemTotal:        4016004 kB
MemFree:         3202468 kB
Active:           455904 kB
Mem:          3.8G       794M       3.1G       5.7M        63M       327M

MemTotal:        4016004 kB
MemFree:         3202592 kB
Active:           455940 kB
Mem:          3.8G       794M       3.1G       5.7M        63M       327M

MemTotal:        4016004 kB
MemFree:         3202592 kB
Active:           455952 kB
Mem:          3.8G       794M       3.1G       5.7M        63M       327M

MemTotal:        4016004 kB
MemFree:         3202716 kB
Active:           455972 kB
Mem:          3.8G       794M       3.1G       5.7M        63M       327M

MemTotal:        4016004 kB
MemFree:         3202592 kB
Active:           455928 kB
Mem:          3.8G       794M       3.1G       5.7M        63M       327M

MemTotal:        4016004 kB
MemFree:         3202220 kB
Active:           455944 kB
Mem:          3.8G       794M       3.1G       5.7M        63M       327M

MemTotal:        4016004 kB
MemFree:         3202188 kB
Active:           455936 kB
Mem:          3.8G       794M       3.1G       5.7M        63M       327M

MemTotal:        4016004 kB
MemFree:         3202312 kB
Active:           455964 kB
Mem:          3.8G       794M       3.1G       5.7M        63M       327M

MemTotal:        4016004 kB
MemFree:         3201956 kB
Active:           455988 kB
Mem:          3.8G       794M       3.1G       5.7M        63M       327M

MemTotal:        4016004 kB
MemFree:         3201832 kB
Active:           455956 kB
Mem:          3.8G       795M       3.1G       5.7M        63M       327M

MemTotal:        4016004 kB
MemFree:         3202080 kB
Active:           455956 kB
Mem:          3.8G       794M       3.1G       5.7M        63M       327M

MemTotal:        4016004 kB
MemFree:         3201956 kB
Active:           455984 kB
Mem:          3.8G       794M       3.1G       5.7M        63M       327M

MemTotal:        4016004 kB
MemFree:         3201708 kB
Active:           455992 kB
Mem:          3.8G       794M       3.1G       5.7M        63M       327M

MemTotal:        4016004 kB
MemFree:         3202328 kB
Active:           455996 kB
Mem:          3.8G       794M       3.1G       5.7M        63M       327M

MemTotal:        4016004 kB
MemFree:         3202328 kB
Active:           455944 kB
Mem:          3.8G       794M       3.1G       5.7M        63M       327M

MemTotal:        4016004 kB
MemFree:         3201372 kB
Active:           454100 kB
Mem:          3.8G       795M       3.1G       5.7M        63M       327M

MemTotal:        4016004 kB
MemFree:         3201984 kB
Active:           453908 kB
Mem:          3.8G       795M       3.1G       5.7M        63M       327M

MemTotal:        4016004 kB
MemFree:         3201472 kB
Active:           453908 kB
Mem:          3.8G       795M       3.1G       5.7M        63M       327M

MemTotal:        4016004 kB
MemFree:         3201596 kB
Active:           455996 kB
Mem:          3.8G       795M       3.1G       5.7M        63M       327M

MemTotal:        4016004 kB
MemFree:         3201472 kB
Active:           456008 kB
Mem:          3.8G       795M       3.1G       5.7M        63M       327M

MemTotal:        4016004 kB
MemFree:         3201952 kB
Active:           456000 kB
Mem:          3.8G       795M       3.1G       5.7M        63M       327M

MemTotal:        4016004 kB
MemFree:         3201936 kB
Active:           456004 kB
Mem:          3.8G       794M       3.1G       5.7M        63M       327M

MemTotal:        4016004 kB
MemFree:         3201812 kB
Active:           455980 kB
Mem:          3.8G       795M       3.1G       5.7M        63M       327M

MemTotal:        4016004 kB
MemFree:         3202044 kB
Active:           456000 kB
Mem:          3.8G       795M       3.1G       5.7M        63M       327M

MemTotal:        4016004 kB
MemFree:         3201904 kB
Active:           456012 kB
Mem:          3.8G       794M       3.1G       5.7M        63M       327M

MemTotal:        4016004 kB
MemFree:         3202028 kB
Active:           456004 kB
Mem:          3.8G       795M       3.1G       5.7M        63M       327M

MemTotal:        4016004 kB
MemFree:         3202168 kB
Active:           455964 kB
Mem:          3.8G       794M       3.1G       5.7M        63M       327M

MemTotal:        4016004 kB
MemFree:         3202168 kB
Active:           455992 kB
Mem:          3.8G       794M       3.1G       5.7M        63M       327M

MemTotal:        4016004 kB
MemFree:         3202168 kB
Active:           456008 kB
Mem:          3.8G       794M       3.1G       5.7M        63M       327M

MemTotal:        4016004 kB
MemFree:         3201920 kB
Active:           456020 kB
Mem:          3.8G       794M       3.1G       5.7M        63M       327M

MemTotal:        4016004 kB
MemFree:         3202416 kB
Active:           456008 kB
Mem:          3.8G       794M       3.1G       5.7M        63M       327M

MemTotal:        4016004 kB
MemFree:         3202044 kB
Active:           456024 kB
Mem:          3.8G       794M       3.1G       5.7M        63M       327M

MemTotal:        4016004 kB
MemFree:         3202372 kB
Active:           456012 kB
Mem:          3.8G       794M       3.1G       5.7M        63M       327M

MemTotal:        4016004 kB
MemFree:         3202620 kB
Active:           455984 kB
Mem:          3.8G       794M       3.1G       5.7M        63M       327M

MemTotal:        4016004 kB
MemFree:         3202620 kB
Active:           455988 kB
Mem:          3.8G       794M       3.1G       5.7M        63M       327M

MemTotal:        4016004 kB
MemFree:         3201340 kB
Active:           454052 kB
Mem:          3.8G       795M       3.1G       5.7M        63M       327M

MemTotal:        4016004 kB
MemFree:         3201744 kB
Active:           455988 kB
Mem:          3.8G       795M       3.1G       5.7M        63M       327M

MemTotal:        4016004 kB
MemFree:         3202348 kB
Active:           456044 kB
Mem:          3.8G       794M       3.1G       5.7M        63M       327M

MemTotal:        4016004 kB
MemFree:         3201976 kB
Active:           456044 kB
Mem:          3.8G       794M       3.1G       5.7M        63M       327M

MemTotal:        4016004 kB
MemFree:         3202224 kB
Active:           456032 kB
Mem:          3.8G       794M       3.1G       5.7M        63M       327M

MemTotal:        4016004 kB
MemFree:         3202472 kB
Active:           456048 kB
Mem:          3.8G       794M       3.1G       5.7M        63M       327M

MemTotal:        4016004 kB
MemFree:         3202428 kB
Active:           456008 kB
Mem:          3.8G       794M       3.1G       5.7M        63M       327M

MemTotal:        4016004 kB
MemFree:         3202056 kB
Active:           456052 kB
Mem:          3.8G       794M       3.1G       5.7M        63M       327M

MemTotal:        4016004 kB
MemFree:         3202056 kB
Active:           456044 kB
Mem:          3.8G       794M       3.1G       5.7M        63M       327M

MemTotal:        4016004 kB
MemFree:         3202196 kB
Active:           456004 kB
Mem:          3.8G       794M       3.1G       5.7M        63M       327M

MemTotal:        4016004 kB
MemFree:         3202072 kB
Active:           456052 kB
Mem:          3.8G       794M       3.1G       5.7M        63M       327M

MemTotal:        4016004 kB
MemFree:         3202320 kB
Active:           456044 kB
Mem:          3.8G       794M       3.1G       5.7M        63M       327M

MemTotal:        4016004 kB
MemFree:         3202180 kB
Active:           456016 kB
Mem:          3.8G       794M       3.1G       5.7M        63M       327M

MemTotal:        4016004 kB
MemFree:         3201792 kB
Active:           456064 kB
Mem:          3.8G       794M       3.1G       5.7M        63M       327M

MemTotal:        4016004 kB
MemFree:         3202040 kB
Active:           456040 kB
Mem:          3.8G       794M       3.1G       5.7M        63M       327M

MemTotal:        4016004 kB
MemFree:         3202272 kB
Active:           456060 kB
Mem:          3.8G       794M       3.1G       5.7M        63M       327M

MemTotal:        4016004 kB
MemFree:         3201992 kB
Active:           456176 kB
Mem:          3.8G       795M       3.1G       5.7M        63M       327M

MemTotal:        4016004 kB
MemFree:         3159856 kB
Active:           456576 kB
Mem:          3.8G       836M       3.0G       5.7M        63M       368M

MemTotal:        4016004 kB
MemFree:         3114980 kB
Active:           456560 kB
Mem:          3.8G       880M       3.0G       5.7M        63M       412M

MemTotal:        4016004 kB
MemFree:         3069004 kB
Active:           456580 kB
Mem:          3.8G       925M       2.9G       5.7M        63M       455M

MemTotal:        4016004 kB
MemFree:         3022656 kB
Active:           456592 kB
Mem:          3.8G       970M       2.9G       5.7M        63M       499M

MemTotal:        4016004 kB
MemFree:         2977904 kB
Active:           456592 kB
Mem:          3.8G       1.0G       2.8G       5.7M        63M       543M

MemTotal:        4016004 kB
MemFree:         2932300 kB
Active:           456592 kB
Mem:          3.8G       1.0G       2.8G       5.7M        63M       587M

MemTotal:        4016004 kB
MemFree:         2886944 kB
Active:           456600 kB
Mem:          3.8G       1.1G       2.8G       5.7M        63M       631M

MemTotal:        4016004 kB
MemFree:         2840808 kB
Active:           456600 kB
Mem:          3.8G       1.1G       2.7G       5.7M        63M       674M

MemTotal:        4016004 kB
MemFree:         2795652 kB
Active:           456600 kB
Mem:          3.8G       1.2G       2.7G       5.7M        63M       718M

MemTotal:        4016004 kB
MemFree:         2750224 kB
Active:           456600 kB
Mem:          3.8G       1.2G       2.6G       5.7M        63M       762M

MemTotal:        4016004 kB
MemFree:         2737392 kB
Active:           456612 kB
Mem:          3.8G       1.2G       2.6G       5.7M        63M       773M

MemTotal:        4016004 kB
MemFree:         2699324 kB
Active:           456620 kB
Mem:          3.8G       1.3G       2.6G       5.7M        63M       811M

MemTotal:        4016004 kB
MemFree:         2653348 kB
Active:           456620 kB
Mem:          3.8G       1.3G       2.5G       5.7M        63M       855M

MemTotal:        4016004 kB
MemFree:         2645744 kB
Active:           456632 kB
Mem:          3.8G       1.3G       2.5G       5.7M        63M       859M

MemTotal:        4016004 kB
MemFree:         2610864 kB
Active:           458668 kB
Mem:          3.8G       1.3G       2.5G       5.7M        63M       894M

MemTotal:        4016004 kB
MemFree:         2565464 kB
Active:           458668 kB
Mem:          3.8G       1.4G       2.4G       5.7M        63M       937M

MemTotal:        4016004 kB
MemFree:         2565436 kB
Active:           458648 kB
Mem:          3.8G       1.4G       2.4G       5.7M        63M       937M

MemTotal:        4016004 kB
MemFree:         2538516 kB
Active:           458680 kB
Mem:          3.8G       1.4G       2.4G       5.7M        63M       964M

MemTotal:        4016004 kB
MemFree:         2493020 kB
Active:           458688 kB
Mem:          3.8G       1.5G       2.4G       5.7M        63M       1.0G

MemTotal:        4016004 kB
MemFree:         2447416 kB
Active:           458688 kB
Mem:          3.8G       1.5G       2.3G       5.7M        63M       1.0G

MemTotal:        4016004 kB
MemFree:         2401796 kB
Active:           458688 kB
Mem:          3.8G       1.5G       2.3G       5.7M        63M       1.1G

MemTotal:        4016004 kB
MemFree:         2355448 kB
Active:           458696 kB
Mem:          3.8G       1.6G       2.2G       5.7M        63M       1.1G

MemTotal:        4016004 kB
MemFree:         2310712 kB
Active:           458696 kB
Mem:          3.8G       1.6G       2.2G       5.7M        63M       1.2G

MemTotal:        4016004 kB
MemFree:         2265200 kB
Active:           458696 kB
Mem:          3.8G       1.7G       2.2G       5.7M        63M       1.2G

MemTotal:        4016004 kB
MemFree:         2219756 kB
Active:           458696 kB
Mem:          3.8G       1.7G       2.1G       5.7M        63M       1.2G

MemTotal:        4016004 kB
MemFree:         2191912 kB
Active:           458696 kB
Mem:          3.8G       1.7G       2.1G       5.7M        64M       1.3G

MemTotal:        4016004 kB
MemFree:         2191632 kB
Active:           458660 kB
Mem:          3.8G       1.7G       2.1G       5.7M        64M       1.3G

MemTotal:        4016004 kB
MemFree:         2184392 kB
Active:           458704 kB
Mem:          3.8G       1.7G       2.1G       5.7M        64M       1.3G

MemTotal:        4016004 kB
MemFree:         2139128 kB
Active:           458736 kB
Mem:          3.8G       1.8G       2.0G       5.7M        64M       1.3G

MemTotal:        4016004 kB
MemFree:         2093652 kB
Active:           458736 kB
Mem:          3.8G       1.8G       2.0G       5.7M        64M       1.4G

MemTotal:        4016004 kB
MemFree:         2047584 kB
Active:           458736 kB
Mem:          3.8G       1.9G       2.0G       5.7M        64M       1.4G

MemTotal:        4016004 kB
MemFree:         2002352 kB
Active:           458736 kB
Mem:          3.8G       1.9G       1.9G       5.7M        64M       1.4G

MemTotal:        4016004 kB
MemFree:         1956780 kB
Active:           458744 kB
Mem:          3.8G       2.0G       1.9G       5.7M        64M       1.5G

MemTotal:        4016004 kB
MemFree:         1912168 kB
Active:           458744 kB
Mem:          3.8G       2.0G       1.8G       5.7M        64M       1.5G

MemTotal:        4016004 kB
MemFree:         1866176 kB
Active:           458752 kB
Mem:          3.8G       2.1G       1.8G       5.7M        64M       1.6G

MemTotal:        4016004 kB
MemFree:         1820200 kB
Active:           458756 kB
Mem:          3.8G       2.1G       1.7G       5.7M        64M       1.6G

MemTotal:        4016004 kB
MemFree:         1775276 kB
Active:           458760 kB
Mem:          3.8G       2.1G       1.7G       5.7M        64M       1.7G

MemTotal:        4016004 kB
MemFree:         1729332 kB
Active:           458768 kB
Mem:          3.8G       2.2G       1.6G       5.7M        64M       1.7G

MemTotal:        4016004 kB
MemFree:         1682400 kB
Active:           458732 kB
Mem:          3.8G       2.2G       1.6G       5.7M        64M       1.7G

MemTotal:        4016004 kB
MemFree:         1638040 kB
Active:           458772 kB
Mem:          3.8G       2.3G       1.6G       5.7M        64M       1.8G

MemTotal:        4016004 kB
MemFree:         1632800 kB
Active:           458740 kB
Mem:          3.8G       2.3G       1.6G       5.7M        64M       1.8G

MemTotal:        4016004 kB
MemFree:         1594776 kB
Active:           458784 kB
Mem:          3.8G       2.3G       1.5G       5.7M        64M       1.8G

MemTotal:        4016004 kB
MemFree:         1593880 kB
Active:           458756 kB
Mem:          3.8G       2.3G       1.5G       5.7M        64M       1.8G

MemTotal:        4016004 kB
MemFree:         1593564 kB
Active:           456868 kB
Mem:          3.8G       2.3G       1.5G       5.7M        64M       1.8G

MemTotal:        4016004 kB
MemFree:         1550628 kB
Active:           458900 kB
Mem:          3.8G       2.4G       1.5G       5.7M        64M       1.9G

MemTotal:        4016004 kB
MemFree:         1505504 kB
Active:           458900 kB
Mem:          3.8G       2.4G       1.4G       5.7M        64M       1.9G

MemTotal:        4016004 kB
MemFree:         1459980 kB
Active:           458900 kB
Mem:          3.8G       2.4G       1.4G       5.7M        64M       2.0G

MemTotal:        4016004 kB
MemFree:         1413960 kB
Active:           458908 kB
Mem:          3.8G       2.5G       1.3G       5.7M        64M       2.0G

MemTotal:        4016004 kB
MemFree:         1368512 kB
Active:           458908 kB
Mem:          3.8G       2.5G       1.3G       5.7M        64M       2.0G

MemTotal:        4016004 kB
MemFree:         1322660 kB
Active:           458912 kB
Mem:          3.8G       2.6G       1.3G       5.7M        64M       2.1G

MemTotal:        4016004 kB
MemFree:         1277164 kB
Active:           458912 kB
Mem:          3.8G       2.6G       1.2G       5.7M        64M       2.1G

MemTotal:        4016004 kB
MemFree:         1235240 kB
Active:           458916 kB
Mem:          3.8G       2.7G       1.2G       5.7M        64M       2.2G

MemTotal:        4016004 kB
MemFree:         1189684 kB
Active:           458924 kB
Mem:          3.8G       2.7G       1.1G       5.7M        64M       2.2G

MemTotal:        4016004 kB
MemFree:         1178464 kB
Active:           458960 kB
Mem:          3.8G       2.7G       1.1G       5.7M        64M       2.2G

MemTotal:        4016004 kB
MemFree:         1132856 kB
Active:           458940 kB
Mem:          3.8G       2.8G       1.1G       5.7M        64M       2.3G

MemTotal:        4016004 kB
MemFree:         1088416 kB
Active:           458944 kB
Mem:          3.8G       2.8G       1.0G       5.7M        64M       2.3G

MemTotal:        4016004 kB
MemFree:         1050552 kB
Active:           458944 kB
Mem:          3.8G       2.8G       1.0G       5.7M        64M       2.3G

MemTotal:        4016004 kB
MemFree:         1022500 kB
Active:           458900 kB
Mem:          3.8G       2.9G       998M       5.7M        64M       2.4G

MemTotal:        4016004 kB
MemFree:          976632 kB
Active:           458952 kB
Mem:          3.8G       2.9G       953M       5.7M        64M       2.4G

MemTotal:        4016004 kB
MemFree:          931524 kB
Active:           458952 kB
Mem:          3.8G       2.9G       908M       5.7M        64M       2.5G

MemTotal:        4016004 kB
MemFree:          885532 kB
Active:           458952 kB
Mem:          3.8G       3.0G       864M       5.7M        64M       2.5G

MemTotal:        4016004 kB
MemFree:          840036 kB
Active:           458952 kB
Mem:          3.8G       3.0G       819M       5.7M        64M       2.5G

MemTotal:        4016004 kB
MemFree:          794380 kB
Active:           458988 kB
Mem:          3.8G       3.1G       775M       5.7M        64M       2.6G

MemTotal:        4016004 kB
MemFree:          746512 kB
Active:           458992 kB
Mem:          3.8G       3.1G       728M       5.7M        64M       2.6G

MemTotal:        4016004 kB
MemFree:          700852 kB
Active:           461016 kB
Mem:          3.8G       3.2G       684M       5.7M        64M       2.7G

MemTotal:        4016004 kB
MemFree:          655124 kB
Active:           461016 kB
Mem:          3.8G       3.2G       639M       5.7M        64M       2.7G

MemTotal:        4016004 kB
MemFree:          617440 kB
Active:           461024 kB
Mem:          3.8G       3.2G       602M       5.7M        64M       2.7G

MemTotal:        4016004 kB
MemFree:          613916 kB
Active:           461040 kB
Mem:          3.8G       3.2G       599M       5.7M        64M       2.7G

MemTotal:        4016004 kB
MemFree:          575016 kB
Active:           461052 kB
Mem:          3.8G       3.3G       561M       5.7M        64M       2.8G

MemTotal:        4016004 kB
MemFree:          529292 kB
Active:           461052 kB
Mem:          3.8G       3.3G       516M       5.7M        64M       2.8G

MemTotal:        4016004 kB
MemFree:          484316 kB
Active:           461052 kB
Mem:          3.8G       3.4G       472M       5.7M        64M       2.9G

MemTotal:        4016004 kB
MemFree:          438436 kB
Active:           461052 kB
Mem:          3.8G       3.4G       427M       5.7M        64M       2.9G

MemTotal:        4016004 kB
MemFree:          392832 kB
Active:           461060 kB
Mem:          3.8G       3.5G       383M       5.7M        64M       3.0G

MemTotal:        4016004 kB
MemFree:          346592 kB
Active:           461064 kB
Mem:          3.8G       3.5G       338M       5.7M        64M       3.0G

MemTotal:        4016004 kB
MemFree:          301484 kB
Active:           461064 kB
Mem:          3.8G       3.5G       293M       5.7M        64M       3.0G

MemTotal:        4016004 kB
MemFree:          256324 kB
Active:           461064 kB
Mem:          3.8G       3.6G       249M       5.7M        64M       3.1G

MemTotal:        4016004 kB
MemFree:          210400 kB
Active:           460916 kB
Mem:          3.8G       3.6G       204M       5.7M        64M       3.1G

MemTotal:        4016004 kB
MemFree:          164668 kB
Active:           460900 kB
Mem:          3.8G       3.7G       160M       5.7M        64M       3.2G

MemTotal:        4016004 kB
MemFree:          118664 kB
Active:           460900 kB
Mem:          3.8G       3.7G       115M       5.7M        64M       3.2G

MemTotal:        4016004 kB
MemFree:          119920 kB
Active:           457548 kB
Mem:          3.8G       3.7G       111M       5.7M        31M       3.2G

MemTotal:        4016004 kB
MemFree:          113452 kB
Active:           457596 kB
Mem:          3.8G       3.7G       110M       5.7M        31M       3.2G

MemTotal:        4016004 kB
MemFree:          112924 kB
Active:           470592 kB
Mem:          3.8G       3.7G       110M       5.7M        31M       3.2G

MemTotal:        4016004 kB
MemFree:          112772 kB
Active:           470584 kB
Mem:          3.8G       3.7G       110M       5.7M        31M       3.2G

MemTotal:        4016004 kB
MemFree:          113092 kB
Active:           470544 kB
Mem:          3.8G       3.7G       109M       5.7M        31M       3.2G

MemTotal:        4016004 kB
MemFree:          118700 kB
Active:           515212 kB
Mem:          3.8G       3.7G       113M       5.7M        30M       3.2G

MemTotal:        4016004 kB
MemFree:          112208 kB
Active:           521436 kB
Mem:          3.8G       3.7G       109M       5.7M        30M       3.3G

MemTotal:        4016004 kB
MemFree:          126912 kB
Active:           516340 kB
Mem:          3.8G       3.7G       123M       5.7M        30M       3.2G

MemTotal:        4016004 kB
MemFree:          122932 kB
Active:           507792 kB
Mem:          3.8G       3.7G       119M       5.7M        30M       3.2G

MemTotal:        4016004 kB
MemFree:          123988 kB
Active:           502032 kB
Mem:          3.8G       3.7G       120M       5.7M        30M       3.2G

MemTotal:        4016004 kB
MemFree:          108384 kB
Active:           498832 kB
Mem:          3.8G       3.7G       105M       5.7M        30M       3.3G

MemTotal:        4016004 kB
MemFree:          128932 kB
Active:           492432 kB
Mem:          3.8G       3.7G       125M       5.7M        30M       3.2G

MemTotal:        4016004 kB
MemFree:          113616 kB
Active:           489236 kB
Mem:          3.8G       3.7G       110M       5.7M        30M       3.3G

MemTotal:        4016004 kB
MemFree:          119856 kB
Active:           485788 kB
Mem:          3.8G       3.7G       117M       5.7M        30M       3.2G

MemTotal:        4016004 kB
MemFree:          138264 kB
Active:           481300 kB
Mem:          3.8G       3.7G       134M       5.7M        30M       3.2G

MemTotal:        4016004 kB
MemFree:          129044 kB
Active:           477868 kB
Mem:          3.8G       3.7G       125M       5.7M        30M       3.2G

MemTotal:        4016004 kB
MemFree:          120180 kB
Active:           475052 kB
Mem:          3.8G       3.7G       117M       5.7M        30M       3.2G

MemTotal:        4016004 kB
MemFree:          124988 kB
Active:           473132 kB
Mem:          3.8G       3.7G       121M       5.7M        30M       3.2G

MemTotal:        4016004 kB
MemFree:          132640 kB
Active:           469212 kB
Mem:          3.8G       3.7G       129M       5.7M        30M       3.2G

MemTotal:        4016004 kB
MemFree:          123036 kB
Active:           467808 kB
Mem:          3.8G       3.7G       119M       5.7M        30M       3.2G

MemTotal:        4016004 kB
MemFree:          107808 kB
Active:           466668 kB
Mem:          3.8G       3.7G       104M       5.7M        30M       3.3G

MemTotal:        4016004 kB
MemFree:          130656 kB
Active:           464620 kB
Mem:          3.8G       3.7G       127M       5.7M        30M       3.2G

MemTotal:        4016004 kB
MemFree:          126196 kB
Active:           463984 kB
Mem:          3.8G       3.7G       123M       5.7M        30M       3.2G

MemTotal:        4016004 kB
MemFree:          124724 kB
Active:           460144 kB
Mem:          3.8G       3.7G       121M       5.7M        30M       3.2G

MemTotal:        4016004 kB
MemFree:          120068 kB
Active:           459672 kB
Mem:          3.8G       3.7G       116M       5.7M        30M       3.2G

MemTotal:        4016004 kB
MemFree:          128652 kB
Active:           458108 kB
Mem:          3.8G       3.7G       125M       5.7M        30M       3.2G

MemTotal:        4016004 kB
MemFree:          121960 kB
Active:           455096 kB
Mem:          3.8G       3.7G       118M       5.7M        30M       3.2G

MemTotal:        4016004 kB
MemFree:          104980 kB
Active:           454972 kB
Mem:          3.8G       3.7G       106M       5.7M        30M       3.3G

MemTotal:        4016004 kB
MemFree:          121736 kB
Active:           452940 kB
Mem:          3.8G       3.7G       118M       5.7M        30M       3.2G

MemTotal:        4016004 kB
MemFree:          106552 kB
Active:           452812 kB
Mem:          3.8G       3.7G       103M       5.7M        30M       3.3G

MemTotal:        4016004 kB
MemFree:          105880 kB
Active:           452772 kB
Mem:          3.8G       3.7G       103M       5.7M        30M       3.3G

MemTotal:        4016004 kB
MemFree:          123912 kB
Active:           451156 kB
Mem:          3.8G       3.7G       120M       5.7M        30M       3.2G

MemTotal:        4016004 kB
MemFree:          126724 kB
Active:           449748 kB
Mem:          3.8G       3.7G       123M       5.7M        30M       3.2G

MemTotal:        4016004 kB
MemFree:          121888 kB
Active:           448340 kB
Mem:          3.8G       3.7G       118M       5.7M        30M       3.2G

MemTotal:        4016004 kB
MemFree:          129924 kB
Active:           445012 kB
Mem:          3.8G       3.7G       126M       5.7M        30M       3.2G

MemTotal:        4016004 kB
MemFree:          138584 kB
Active:           443484 kB
Mem:          3.8G       3.7G       135M       5.7M        30M       3.2G

MemTotal:        4016004 kB
MemFree:          129704 kB
Active:           442332 kB
Mem:          3.8G       3.7G       126M       5.7M        30M       3.2G

MemTotal:        4016004 kB
MemFree:          118704 kB
Active:           442160 kB
Mem:          3.8G       3.7G       115M       5.7M        30M       3.2G

MemTotal:        4016004 kB
MemFree:          108136 kB
Active:           441192 kB
Mem:          3.8G       3.7G       104M       5.7M        30M       3.3G

MemTotal:        4016004 kB
MemFree:          132860 kB
Active:           439404 kB
Mem:          3.8G       3.7G       129M       5.7M        30M       3.2G

MemTotal:        4016004 kB
MemFree:          147728 kB
Active:           437624 kB
Mem:          3.8G       3.7G       143M       5.7M        30M       3.2G

MemTotal:        4016004 kB
MemFree:          124972 kB
Active:           437124 kB
Mem:          3.8G       3.7G       122M       5.7M        30M       3.2G

MemTotal:        4016004 kB
MemFree:          110108 kB
Active:           435592 kB
Mem:          3.8G       3.7G       107M       5.7M        30M       3.3G

MemTotal:        4016004 kB
MemFree:          123556 kB
Active:           433928 kB
Mem:          3.8G       3.7G       130M       5.7M        30M       3.2G

MemTotal:        4016004 kB
MemFree:          126296 kB
Active:           432264 kB
Mem:          3.8G       3.7G       123M       5.7M        30M       3.2G

MemTotal:        4016004 kB
MemFree:          127804 kB
Active:           430352 kB
Mem:          3.8G       3.7G       124M       5.7M        30M       3.2G

MemTotal:        4016004 kB
MemFree:          128964 kB
Active:           428432 kB
Mem:          3.8G       3.7G       125M       5.7M        30M       3.2G

MemTotal:        4016004 kB
MemFree:          119568 kB
Active:           427280 kB
Mem:          3.8G       3.7G       116M       5.7M        30M       3.2G

MemTotal:        4016004 kB
MemFree:          121960 kB
Active:           425616 kB
Mem:          3.8G       3.7G       118M       5.7M        30M       3.2G

MemTotal:        4016004 kB
MemFree:          126480 kB
Active:           424976 kB
Mem:          3.8G       3.7G       123M       5.7M        30M       3.2G

MemTotal:        4016004 kB
MemFree:          127880 kB
Active:           421396 kB
Mem:          3.8G       3.7G       124M       5.7M        30M       3.2G

MemTotal:        4016004 kB
MemFree:          132124 kB
Active:           420500 kB
Mem:          3.8G       3.7G       128M       5.7M        30M       3.2G

MemTotal:        4016004 kB
MemFree:          135176 kB
Active:           419480 kB
Mem:          3.8G       3.7G       131M       5.7M        30M       3.2G

MemTotal:        4016004 kB
MemFree:          125356 kB
Active:           418336 kB
Mem:          3.8G       3.7G       122M       5.7M        30M       3.2G

MemTotal:        4016004 kB
MemFree:          109724 kB
Active:           418208 kB
Mem:          3.8G       3.7G       106M       5.7M        30M       3.3G

MemTotal:        4016004 kB
MemFree:          120536 kB
Active:           416676 kB
Mem:          3.8G       3.7G       117M       5.7M        30M       3.2G

MemTotal:        4016004 kB
MemFree:          136264 kB
Active:           414764 kB
Mem:          3.8G       3.7G       132M       5.7M        30M       3.2G

MemTotal:        4016004 kB
MemFree:          154404 kB
Active:           412716 kB
Mem:          3.8G       3.7G       150M       5.7M        30M       3.2G

MemTotal:        4016004 kB
MemFree:          110312 kB
Active:           412588 kB
Mem:          3.8G       3.7G       106M       5.7M        30M       3.3G

MemTotal:        4016004 kB
MemFree:          117780 kB
Active:           410668 kB
Mem:          3.8G       3.7G       114M       5.7M        30M       3.2G

MemTotal:        4016004 kB
MemFree:          108724 kB
Active:           409524 kB
Mem:          3.8G       3.7G       104M       5.7M        30M       3.3G

MemTotal:        4016004 kB
MemFree:          134536 kB
Active:           407220 kB
Mem:          3.8G       3.7G       131M       5.7M        30M       3.2G

MemTotal:        4016004 kB
MemFree:          124200 kB
Active:           406072 kB
Mem:          3.8G       3.7G       121M       5.7M        30M       3.2G

MemTotal:        4016004 kB
MemFree:          118016 kB
Active:           402908 kB
Mem:          3.8G       3.7G       114M       5.7M        30M       3.2G

MemTotal:        4016004 kB
MemFree:          106640 kB
Active:           404920 kB
Mem:          3.8G       3.7G       103M       5.7M        30M       3.3G

MemTotal:        4016004 kB
MemFree:          133360 kB
Active:           402764 kB
Mem:          3.8G       3.7G       129M       5.7M        30M       3.2G

MemTotal:        4016004 kB
MemFree:          123548 kB
Active:           401612 kB
Mem:          3.8G       3.7G       120M       5.7M        30M       3.2G

MemTotal:        4016004 kB
MemFree:          125956 kB
Active:           399952 kB
Mem:          3.8G       3.7G       123M       5.7M        30M       3.2G

MemTotal:        4016004 kB
MemFree:          104732 kB
Active:           399056 kB
Mem:          3.8G       3.7G       102M       5.7M        30M       3.3G

MemTotal:        4016004 kB
MemFree:          130592 kB
Active:           394776 kB
Mem:          3.8G       3.7G       127M       5.7M        30M       3.2G

MemTotal:        4016004 kB
MemFree:          132984 kB
Active:           393248 kB
Mem:          3.8G       3.7G       128M       5.7M        30M       3.2G

MemTotal:        4016004 kB
MemFree:          133344 kB
Active:           393120 kB
Mem:          3.8G       3.7G       129M       5.7M        30M       3.2G

MemTotal:        4016004 kB
MemFree:          140640 kB
Active:           392992 kB
Mem:          3.8G       3.7G       137M       5.7M        30M       3.2G

MemTotal:        4016004 kB
MemFree:          131924 kB
Active:           392876 kB
Mem:          3.8G       3.7G       128M       5.7M        30M       3.2G

MemTotal:        4016004 kB
MemFree:          131556 kB
Active:           392832 kB
Mem:          3.8G       3.7G       127M       5.7M        30M       3.2G

MemTotal:        4016004 kB
MemFree:          106168 kB
Active:           392840 kB
Mem:          3.8G       3.7G       103M       5.7M        30M       3.3G

MemTotal:        4016004 kB
MemFree:          129316 kB
Active:           392808 kB
Mem:          3.8G       3.7G       125M       5.7M        30M       3.2G

MemTotal:        4016004 kB
MemFree:          118996 kB
Active:           392888 kB
Mem:          3.8G       3.7G       116M       5.7M        30M       3.2G

MemTotal:        4016004 kB
MemFree:          109812 kB
Active:           392740 kB
Mem:          3.8G       3.7G       107M       5.7M        30M       3.2G

MemTotal:        4016004 kB
MemFree:          115328 kB
Active:           392772 kB
Mem:          3.8G       3.7G       112M       5.7M        30M       3.2G

MemTotal:        4016004 kB
MemFree:          105904 kB
Active:           392780 kB
Mem:          3.8G       3.7G       103M       5.7M        30M       3.3G

MemTotal:        4016004 kB
MemFree:          132920 kB
Active:           392712 kB
Mem:          3.8G       3.7G       129M       5.7M        30M       3.2G

MemTotal:        4016004 kB
MemFree:          125060 kB
Active:           392712 kB
Mem:          3.8G       3.7G       121M       5.7M        30M       3.2G

MemTotal:        4016004 kB
MemFree:          128144 kB
Active:           392712 kB
Mem:          3.8G       3.7G       125M       5.7M        30M       3.2G

MemTotal:        4016004 kB
MemFree:          108996 kB
Active:           394664 kB
Mem:          3.8G       3.7G       105M       5.7M        30M       3.3G

MemTotal:        4016004 kB
MemFree:          124120 kB
Active:           392984 kB
Mem:          3.8G       3.7G       119M       5.7M        30M       3.2G

MemTotal:        4016004 kB
MemFree:          125364 kB
Active:           392344 kB
Mem:          3.8G       3.7G       122M       5.7M        30M       3.2G

MemTotal:        4016004 kB
MemFree:          113260 kB
Active:           392216 kB
Mem:          3.8G       3.7G       110M       5.7M        30M       3.2G

MemTotal:        4016004 kB
MemFree:          109096 kB
Active:           392104 kB
Mem:          3.8G       3.7G       106M       5.7M        30M       3.3G

MemTotal:        4016004 kB
MemFree:          127596 kB
Active:           391840 kB
Mem:          3.8G       3.7G       124M       5.7M        30M       3.2G

MemTotal:        4016004 kB
MemFree:          128152 kB
Active:           391824 kB
Mem:          3.8G       3.7G       124M       5.7M        30M       3.2G

MemTotal:        4016004 kB
MemFree:          126744 kB
Active:           391836 kB
Mem:          3.8G       3.7G       123M       5.7M        30M       3.2G

MemTotal:        4016004 kB
MemFree:          119040 kB
Active:           391848 kB
Mem:          3.8G       3.7G       116M       5.7M        30M       3.2G

MemTotal:        4016004 kB
MemFree:          127888 kB
Active:           391852 kB
Mem:          3.8G       3.7G       124M       5.7M        30M       3.2G

MemTotal:        4016004 kB
MemFree:          123868 kB
Active:           391856 kB
Mem:          3.8G       3.7G       120M       5.7M        30M       3.2G

MemTotal:        4016004 kB
MemFree:          126824 kB
Active:           391864 kB
Mem:          3.8G       3.7G       123M       5.7M        30M       3.2G

MemTotal:        4016004 kB
MemFree:          123568 kB
Active:           391864 kB
Mem:          3.8G       3.7G       120M       5.7M        30M       3.2G

MemTotal:        4016004 kB
MemFree:          125376 kB
Active:           391660 kB
Mem:          3.8G       3.7G       122M       5.7M        30M       3.2G

MemTotal:        4016004 kB
MemFree:          125256 kB
Active:           391664 kB
Mem:          3.8G       3.7G       121M       5.7M        30M       3.2G

MemTotal:        4016004 kB
MemFree:          124416 kB
Active:           391680 kB
Mem:          3.8G       3.7G       121M       5.7M        30M       3.2G

MemTotal:        4016004 kB
MemFree:          124540 kB
Active:           391636 kB
Mem:          3.8G       3.7G       121M       5.7M        30M       3.2G

MemTotal:        4016004 kB
MemFree:          124732 kB
Active:           391660 kB
Mem:          3.8G       3.7G       121M       5.7M        30M       3.2G

MemTotal:        4016004 kB
MemFree:          131184 kB
Active:           391636 kB
Mem:          3.8G       3.7G       127M       5.7M        30M       3.2G

MemTotal:        4016004 kB
MemFree:          115480 kB
Active:           391696 kB
Mem:          3.8G       3.7G       112M       5.7M        30M       3.2G

MemTotal:        4016004 kB
MemFree:          104960 kB
Active:           391696 kB
Mem:          3.8G       3.7G       124M       5.7M        30M       3.2G

MemTotal:        4016004 kB
MemFree:          125076 kB
Active:           391704 kB
Mem:          3.8G       3.7G       121M       5.7M        30M       3.2G

MemTotal:        4016004 kB
MemFree:          132232 kB
Active:           388000 kB
Mem:          3.8G       3.7G       128M       5.7M        30M       3.2G

MemTotal:        4016004 kB
MemFree:          123328 kB
Active:           387948 kB
Mem:          3.8G       3.7G       120M       5.7M        30M       3.2G

MemTotal:        4016004 kB
MemFree:          127904 kB
Active:           387956 kB
Mem:          3.8G       3.7G       124M       5.7M        30M       3.2G

MemTotal:        4016004 kB
MemFree:          124376 kB
Active:           387960 kB
Mem:          3.8G       3.7G       121M       5.7M        30M       3.2G

MemTotal:        4016004 kB
MemFree:          127588 kB
Active:           387968 kB
Mem:          3.8G       3.7G       124M       5.7M        30M       3.2G

MemTotal:        4016004 kB
MemFree:          121548 kB
Active:           387968 kB
Mem:          3.8G       3.7G       117M       5.7M        30M       3.2G

MemTotal:        4016004 kB
MemFree:          107432 kB
Active:           387972 kB
Mem:          3.8G       3.7G       104M       5.7M        30M       3.3G

MemTotal:        4016004 kB
MemFree:          127540 kB
Active:           387928 kB
Mem:          3.8G       3.7G       123M       5.7M        30M       3.2G

MemTotal:        4016004 kB
MemFree:          124000 kB
Active:           387976 kB
Mem:          3.8G       3.7G       120M       5.7M        30M       3.2G

MemTotal:        4016004 kB
MemFree:          123872 kB
Active:           387956 kB
Mem:          3.8G       3.7G       120M       5.7M        30M       3.2G

MemTotal:        4016004 kB
MemFree:          124360 kB
Active:           387956 kB
Mem:          3.8G       3.7G       121M       5.7M        30M       3.2G

MemTotal:        4016004 kB
MemFree:          130640 kB
Active:           385972 kB
Mem:          3.8G       3.7G       126M       5.7M        30M       3.2G

MemTotal:        4016004 kB
MemFree:          113720 kB
Active:           385832 kB
Mem:          3.8G       3.7G       110M       5.7M        30M       3.2G

MemTotal:        4016004 kB
MemFree:          129008 kB
Active:           385832 kB
Mem:          3.8G       3.7G       125M       5.7M        30M       3.2G

MemTotal:        4016004 kB
MemFree:          121168 kB
Active:           385840 kB
Mem:          3.8G       3.7G       117M       5.7M        30M       3.2G

MemTotal:        4016004 kB
MemFree:          126992 kB
Active:           385840 kB
Mem:          3.8G       3.7G       123M       5.7M        30M       3.2G

MemTotal:        4016004 kB
MemFree:          122124 kB
Active:           385840 kB
Mem:          3.8G       3.7G       119M       5.7M        30M       3.2G

MemTotal:        4016004 kB
MemFree:          126396 kB
Active:           385800 kB
Mem:          3.8G       3.7G       122M       5.7M        30M       3.2G

MemTotal:        4016004 kB
MemFree:          128724 kB
Active:           385840 kB
Mem:          3.8G       3.7G       124M       5.7M        30M       3.2G

MemTotal:        4016004 kB
MemFree:          113008 kB
Active:           384564 kB
Mem:          3.8G       3.7G       110M       5.7M        30M       3.2G

MemTotal:        4016004 kB
MemFree:          128380 kB
Active:           384396 kB
Mem:          3.8G       3.7G       125M       5.7M        30M       3.2G

MemTotal:        4016004 kB
MemFree:          111672 kB
Active:           384396 kB
Mem:          3.8G       3.7G       108M       5.7M        30M       3.2G

MemTotal:        4016004 kB
MemFree:          116724 kB
Active:           384396 kB
Mem:          3.8G       3.7G       113M       5.7M        30M       3.2G

MemTotal:        4016004 kB
MemFree:          114792 kB
Active:           384396 kB
Mem:          3.8G       3.7G       111M       5.7M        30M       3.2G

MemTotal:        4016004 kB
MemFree:          111372 kB
Active:           384532 kB
Mem:          3.8G       3.7G       107M       5.7M        30M       3.2G

MemTotal:        4016004 kB
MemFree:          110156 kB
Active:           384408 kB
Mem:          3.8G       3.7G       106M       5.7M        30M       3.2G

MemTotal:        4016004 kB
MemFree:          125288 kB
Active:           384408 kB
Mem:          3.8G       3.7G       121M       5.7M        30M       3.2G

MemTotal:        4016004 kB
MemFree:          133644 kB
Active:           383368 kB
Mem:          3.8G       3.7G       130M       5.7M        30M       3.2G

MemTotal:        4016004 kB
MemFree:          119480 kB
Active:           383220 kB
Mem:          3.8G       3.7G       116M       5.7M        30M       3.2G

MemTotal:        4016004 kB
MemFree:          125312 kB
Active:           383244 kB
Mem:          3.8G       3.7G       122M       5.7M        30M       3.2G

MemTotal:        4016004 kB
MemFree:          133680 kB
Active:           383248 kB
Mem:          3.8G       3.7G       130M       5.7M        30M       3.2G

MemTotal:        4016004 kB
MemFree:          127436 kB
Active:           383248 kB
Mem:          3.8G       3.7G       124M       5.7M        30M       3.2G

MemTotal:        4016004 kB
MemFree:          123212 kB
Active:           383200 kB
Mem:          3.8G       3.7G       119M       5.7M        30M       3.2G

MemTotal:        4016004 kB
MemFree:          134068 kB
Active:           383220 kB
Mem:          3.8G       3.7G       130M       5.7M        30M       3.2G

MemTotal:        4016004 kB
MemFree:          133636 kB
Active:           383244 kB
Mem:          3.8G       3.7G       130M       5.7M        30M       3.2G

MemTotal:        4016004 kB
MemFree:          130944 kB
Active:           383208 kB
Mem:          3.8G       3.7G       127M       5.7M        30M       3.2G

MemTotal:        4016004 kB
MemFree:          114552 kB
Active:           383260 kB
Mem:          3.8G       3.7G       111M       5.7M        30M       3.2G

MemTotal:        4016004 kB
MemFree:          105472 kB
Active:           383260 kB
Mem:          3.8G       3.7G       112M       5.7M        30M       3.2G

MemTotal:        4016004 kB
MemFree:          122352 kB
Active:           383260 kB
Mem:          3.8G       3.7G       118M       5.7M        30M       3.2G

MemTotal:        4016004 kB
MemFree:          125792 kB
Active:           383268 kB
Mem:          3.8G       3.7G       122M       5.7M        30M       3.2G

MemTotal:        4016004 kB
MemFree:          120624 kB
Active:           370524 kB
Mem:          3.8G       3.7G       116M       5.7M        30M       3.2G

MemTotal:        4016004 kB
MemFree:          127916 kB
Active:           370524 kB
Mem:          3.8G       3.7G       124M       5.7M        30M       3.2G

MemTotal:        4016004 kB
MemFree:          120920 kB
Active:           370524 kB
Mem:          3.8G       3.7G       118M       5.7M        30M       3.2G

MemTotal:        4016004 kB
MemFree:          129048 kB
Active:           370528 kB
Mem:          3.8G       3.7G       125M       5.7M        30M       3.2G

MemTotal:        4016004 kB
MemFree:          125284 kB
Active:           370548 kB
Mem:          3.8G       3.7G       122M       5.7M        30M       3.2G

MemTotal:        4016004 kB
MemFree:          112896 kB
Active:           370552 kB
Mem:          3.8G       3.7G       109M       5.7M        30M       3.2G

MemTotal:        4016004 kB
MemFree:          123124 kB
Active:           370568 kB
Mem:          3.8G       3.7G       124M       5.7M        30M       3.2G

MemTotal:        4016004 kB
MemFree:          119216 kB
Active:           370572 kB
Mem:          3.8G       3.7G       115M       5.7M        30M       3.2G

MemTotal:        4016004 kB
MemFree:          108904 kB
Active:           370584 kB
Mem:          3.8G       3.7G       106M       5.7M        30M       3.2G

MemTotal:        4016004 kB
MemFree:          111428 kB
Active:           370548 kB
Mem:          3.8G       3.7G       108M       5.7M        30M       3.2G

MemTotal:        4016004 kB
MemFree:          134348 kB
Active:           367880 kB
Mem:          3.8G       3.7G       131M       5.7M        30M       3.2G

MemTotal:        4016004 kB
MemFree:          136464 kB
Active:           367740 kB
Mem:          3.8G       3.7G       133M       5.7M        30M       3.2G

MemTotal:        4016004 kB
MemFree:          139936 kB
Active:           367740 kB
Mem:          3.8G       3.7G       136M       5.7M        30M       3.2G

MemTotal:        4016004 kB
MemFree:          141024 kB
Active:           367740 kB
Mem:          3.8G       3.7G       137M       5.7M        30M       3.2G

MemTotal:        4016004 kB
MemFree:          126336 kB
Active:           367716 kB
Mem:          3.8G       3.7G       123M       5.7M        30M       3.2G

MemTotal:        4016004 kB
MemFree:          121116 kB
Active:           367748 kB
Mem:          3.8G       3.7G       117M       5.7M        30M       3.2G

MemTotal:        4016004 kB
MemFree:          112368 kB
Active:           367736 kB
Mem:          3.8G       3.7G       109M       5.7M        30M       3.2G

MemTotal:        4016004 kB
MemFree:          128124 kB
Active:           367728 kB
Mem:          3.8G       3.7G       124M       5.7M        30M       3.2G

MemTotal:        4016004 kB
MemFree:          114640 kB
Active:           367768 kB
Mem:          3.8G       3.7G       111M       5.7M        30M       3.2G

MemTotal:        4016004 kB
MemFree:          113132 kB
Active:           367776 kB
Mem:          3.8G       3.7G       109M       5.7M        30M       3.2G

MemTotal:        4016004 kB
MemFree:          134452 kB
Active:           367784 kB
Mem:          3.8G       3.7G       130M       5.7M        30M       3.2G

MemTotal:        4016004 kB
MemFree:          126652 kB
Active:           365856 kB
Mem:          3.8G       3.7G       123M       5.7M        30M       3.2G

MemTotal:        4016004 kB
MemFree:          125176 kB
Active:           365772 kB
Mem:          3.8G       3.7G       121M       5.7M        30M       3.2G

MemTotal:        4016004 kB
MemFree:          108780 kB
Active:           365772 kB
Mem:          3.8G       3.7G       106M       5.7M        30M       3.2G

MemTotal:        4016004 kB
MemFree:          135864 kB
Active:           365780 kB
Mem:          3.8G       3.7G       132M       5.7M        30M       3.2G

MemTotal:        4016004 kB
MemFree:          145320 kB
Active:           365796 kB
Mem:          3.8G       3.7G       141M       5.7M        30M       3.2G

MemTotal:        4016004 kB
MemFree:          125584 kB
Active:           365796 kB
Mem:          3.8G       3.7G       123M       5.7M        30M       3.2G

MemTotal:        4016004 kB
MemFree:          130228 kB
Active:           365760 kB
Mem:          3.8G       3.7G       127M       5.7M        30M       3.2G

MemTotal:        4016004 kB
MemFree:          128588 kB
Active:           365808 kB
Mem:          3.8G       3.7G       125M       5.7M        30M       3.2G

MemTotal:        4016004 kB
MemFree:          128612 kB
Active:           365788 kB
Mem:          3.8G       3.7G       125M       5.7M        30M       3.2G

MemTotal:        4016004 kB
MemFree:          128524 kB
Active:           365800 kB
Mem:          3.8G       3.7G       125M       5.7M        30M       3.2G

MemTotal:        4016004 kB
MemFree:          131464 kB
Active:           365804 kB
Mem:          3.8G       3.7G       128M       5.7M        30M       3.2G

MemTotal:        4016004 kB
MemFree:          121448 kB
Active:           365816 kB
Mem:          3.8G       3.7G       118M       5.7M        30M       3.2G

MemTotal:        4016004 kB
MemFree:          112384 kB
Active:           365816 kB
Mem:          3.8G       3.7G       109M       5.7M        31M       3.2G

MemTotal:        4016004 kB
MemFree:          114872 kB
Active:           365828 kB
Mem:          3.8G       3.7G       111M       5.7M        31M       3.2G

MemTotal:        4016004 kB
MemFree:          120308 kB
Active:           363036 kB
Mem:          3.8G       3.7G       117M       5.7M        31M       3.2G

MemTotal:        4016004 kB
MemFree:          111148 kB
Active:           362968 kB
Mem:          3.8G       3.7G       108M       5.7M        31M       3.2G

MemTotal:        4016004 kB
MemFree:          126016 kB
Active:           362972 kB
Mem:          3.8G       3.7G       122M       5.7M        31M       3.2G

MemTotal:        4016004 kB
MemFree:          127832 kB
Active:           362976 kB
Mem:          3.8G       3.7G       125M       5.7M        31M       3.2G

MemTotal:        4016004 kB
MemFree:          109632 kB
Active:           362984 kB
Mem:          3.8G       3.7G       107M       5.7M        31M       3.2G

MemTotal:        4016004 kB
MemFree:          131860 kB
Active:           362944 kB
Mem:          3.8G       3.7G       128M       5.7M        31M       3.2G

MemTotal:        4016004 kB
MemFree:          123296 kB
Active:           363020 kB
Mem:          3.8G       3.7G       120M       5.7M        31M       3.2G

MemTotal:        4016004 kB
MemFree:          124460 kB
Active:           363012 kB
Mem:          3.8G       3.7G       121M       5.7M        31M       3.2G

MemTotal:        4016004 kB
MemFree:          126740 kB
Active:           363020 kB
Mem:          3.8G       3.7G       123M       5.7M        31M       3.2G

MemTotal:        4016004 kB
MemFree:          110604 kB
Active:           363028 kB
Mem:          3.8G       3.7G       108M       5.7M        31M       3.2G

MemTotal:        4016004 kB
MemFree:          125724 kB
Active:           363028 kB
Mem:          3.8G       3.7G       123M       5.7M        31M       3.2G

MemTotal:        4016004 kB
MemFree:          127652 kB
Active:           363028 kB
Mem:          3.8G       3.7G       124M       5.7M        31M       3.2G

MemTotal:        4016004 kB
MemFree:          118788 kB
Active:           363012 kB
Mem:          3.8G       3.7G       115M       5.7M        31M       3.2G

MemTotal:        4016004 kB
MemFree:          108812 kB
Active:           362128 kB
Mem:          3.8G       3.7G       105M       5.7M        31M       3.2G

MemTotal:        4016004 kB
MemFree:          106760 kB
Active:           358988 kB
Mem:          3.8G       3.7G       103M       5.7M        31M       3.2G

MemTotal:        4016004 kB
MemFree:          126852 kB
Active:           358944 kB
Mem:          3.8G       3.7G       123M       5.7M        31M       3.2G

MemTotal:        4016004 kB
MemFree:          140652 kB
Active:           358944 kB
Mem:          3.8G       3.7G       137M       5.7M        31M       3.2G

MemTotal:        4016004 kB
MemFree:          110820 kB
Active:           358928 kB
Mem:          3.8G       3.7G       108M       5.7M        31M       3.2G

MemTotal:        4016004 kB
MemFree:          126968 kB
Active:           358956 kB
Mem:          3.8G       3.7G       123M       5.7M        31M       3.2G

MemTotal:        4016004 kB
MemFree:          127028 kB
Active:           358928 kB
Mem:          3.8G       3.7G       123M       5.7M        31M       3.2G

MemTotal:        4016004 kB
MemFree:          119764 kB
Active:           358952 kB
Mem:          3.8G       3.7G       116M       5.7M        31M       3.2G

MemTotal:        4016004 kB
MemFree:          129036 kB
Active:           358964 kB
Mem:          3.8G       3.7G       125M       5.7M        31M       3.2G

MemTotal:        4016004 kB
MemFree:          124484 kB
Active:           358964 kB
Mem:          3.8G       3.7G       121M       5.7M        31M       3.2G

MemTotal:        4016004 kB
MemFree:          104776 kB
Active:           358964 kB
Mem:          3.8G       3.7G       112M       5.7M        31M       3.2G

MemTotal:        4016004 kB
MemFree:          125620 kB
Active:           358972 kB
Mem:          3.8G       3.7G       121M       5.7M        31M       3.2G

MemTotal:        4016004 kB
MemFree:          104816 kB
Active:           358920 kB
Mem:          3.8G       3.7G       110M       5.7M        31M       3.2G

MemTotal:        4016004 kB
MemFree:          125180 kB
Active:           358972 kB
Mem:          3.8G       3.7G       121M       5.7M        31M       3.2G

MemTotal:        4016004 kB
MemFree:          120048 kB
Active:           358976 kB
Mem:          3.8G       3.7G       117M       5.7M        31M       3.2G

MemTotal:        4016004 kB
MemFree:          116576 kB
Active:           358952 kB
Mem:          3.8G       3.7G       113M       5.7M        31M       3.2G

MemTotal:        4016004 kB
MemFree:          116860 kB
Active:           358936 kB
Mem:          3.8G       3.7G       113M       5.7M        31M       3.2G

MemTotal:        4016004 kB
MemFree:          117020 kB
Active:           358980 kB
Mem:          3.8G       3.7G       114M       5.7M        31M       3.2G

MemTotal:        4016004 kB
MemFree:          118680 kB
Active:           358980 kB
Mem:          3.8G       3.7G       115M       5.7M        31M       3.2G

MemTotal:        4016004 kB
MemFree:          109352 kB
Active:           359000 kB
Mem:          3.8G       3.7G       106M       5.7M        31M       3.2G

MemTotal:        4016004 kB
MemFree:          126572 kB
Active:           359004 kB
Mem:          3.8G       3.7G       123M       5.7M        31M       3.2G

MemTotal:        4016004 kB
MemFree:          111164 kB
Active:           356384 kB
Mem:          3.8G       3.7G       108M       5.7M        31M       3.2G

MemTotal:        4016004 kB
MemFree:          126892 kB
Active:           356284 kB
Mem:          3.8G       3.7G       122M       5.7M        31M       3.2G

MemTotal:        4016004 kB
MemFree:          125928 kB
Active:           356284 kB
Mem:          3.8G       3.7G       122M       5.7M        31M       3.2G

MemTotal:        4016004 kB
MemFree:          121668 kB
Active:           356288 kB
Mem:          3.8G       3.7G       118M       5.7M        31M       3.2G

MemTotal:        4016004 kB
MemFree:          125652 kB
Active:           356292 kB
Mem:          3.8G       3.7G       122M       5.7M        31M       3.2G

MemTotal:        4016004 kB
MemFree:          121788 kB
Active:           356292 kB
Mem:          3.8G       3.7G       118M       5.7M        31M       3.2G

MemTotal:        4016004 kB
MemFree:          104804 kB
Active:           356304 kB
Mem:          3.8G       3.7G       106M       5.7M        31M       3.2G

MemTotal:        4016004 kB
MemFree:          107252 kB
Active:           356088 kB
Mem:          3.8G       3.7G       104M       5.7M        31M       3.2G

MemTotal:        4016004 kB
MemFree:          106544 kB
Active:           356108 kB
Mem:          3.8G       3.7G       103M       5.7M        31M       3.2G

MemTotal:        4016004 kB
MemFree:          106496 kB
Active:           355948 kB
Mem:          3.8G       3.7G       104M       5.7M        31M       3.2G

MemTotal:        4016004 kB
MemFree:          106868 kB
Active:           355876 kB
Mem:          3.8G       3.7G       104M       5.7M        31M       3.2G

MemTotal:        4016004 kB
MemFree:          106916 kB
Active:           355980 kB
Mem:          3.8G       3.7G       104M       5.7M        31M       3.2G

MemTotal:        4016004 kB
MemFree:          106236 kB
Active:           355864 kB
Mem:          3.8G       3.7G       103M       5.7M        31M       3.2G

MemTotal:        4016004 kB
MemFree:          106304 kB
Active:           355868 kB
Mem:          3.8G       3.7G       103M       5.7M        31M       3.2G

MemTotal:        4016004 kB
MemFree:          106360 kB
Active:           355912 kB
Mem:          3.8G       3.7G       103M       5.7M        31M       3.2G

MemTotal:        4016004 kB
MemFree:          106060 kB
Active:           356168 kB
Mem:          3.8G       3.7G       103M       5.7M        31M       3.2G

MemTotal:        4016004 kB
MemFree:          106552 kB
Active:           356076 kB
Mem:          3.8G       3.7G       103M       5.7M        31M       3.2G

MemTotal:        4016004 kB
MemFree:          106676 kB
Active:           356172 kB
Mem:          3.8G       3.7G       104M       5.7M        31M       3.2G

MemTotal:        4016004 kB
MemFree:          106800 kB
Active:           356004 kB
Mem:          3.8G       3.7G       104M       5.7M        31M       3.2G

MemTotal:        4016004 kB
MemFree:          106800 kB
Active:           355980 kB
Mem:          3.8G       3.7G       104M       5.7M        31M       3.2G

MemTotal:        4016004 kB
MemFree:          106800 kB
Active:           356028 kB
Mem:          3.8G       3.7G       104M       5.7M        31M       3.2G

MemTotal:        4016004 kB
MemFree:          106800 kB
Active:           356036 kB
Mem:          3.8G       3.7G       104M       5.7M        31M       3.2G

MemTotal:        4016004 kB
MemFree:          106800 kB
Active:           356032 kB
Mem:          3.8G       3.7G       104M       5.7M        31M       3.2G

MemTotal:        4016004 kB
MemFree:          106800 kB
Active:           356008 kB
Mem:          3.8G       3.7G       104M       5.7M        31M       3.2G

MemTotal:        4016004 kB
MemFree:          106552 kB
Active:           356040 kB
Mem:          3.8G       3.7G       104M       5.7M        31M       3.2G

MemTotal:        4016004 kB
MemFree:          106800 kB
Active:           356012 kB
Mem:          3.8G       3.7G       104M       5.7M        31M       3.2G

MemTotal:        4016004 kB
MemFree:          106428 kB
Active:           356048 kB
Mem:          3.8G       3.7G       103M       5.7M        31M       3.2G

MemTotal:        4016004 kB
MemFree:          106428 kB
Active:           356036 kB
Mem:          3.8G       3.7G       103M       5.7M        31M       3.2G

MemTotal:        4016004 kB
MemFree:          106428 kB
Active:           356000 kB
Mem:          3.8G       3.7G       103M       5.7M        31M       3.2G

MemTotal:        4016004 kB
MemFree:          106428 kB
Active:           356040 kB
Mem:          3.8G       3.7G       103M       5.7M        31M       3.2G

MemTotal:        4016004 kB
MemFree:          106428 kB
Active:           356016 kB
Mem:          3.8G       3.7G       103M       5.7M        31M       3.2G

MemTotal:        4016004 kB
MemFree:          106428 kB
Active:           356000 kB
Mem:          3.8G       3.7G       103M       5.7M        31M       3.2G

MemTotal:        4016004 kB
MemFree:          106428 kB
Active:           355996 kB
Mem:          3.8G       3.7G       103M       5.7M        31M       3.2G

MemTotal:        4016004 kB
MemFree:          106428 kB
Active:           356040 kB
Mem:          3.8G       3.7G       103M       5.7M        31M       3.2G

MemTotal:        4016004 kB
MemFree:          106180 kB
Active:           356048 kB
Mem:          3.8G       3.7G       103M       5.7M        31M       3.2G

MemTotal:        4016004 kB
MemFree:          105932 kB
Active:           356060 kB
Mem:          3.8G       3.7G       103M       5.7M        31M       3.2G

MemTotal:        4016004 kB
MemFree:          106180 kB
Active:           356032 kB
Mem:          3.8G       3.7G       103M       5.7M        31M       3.2G

MemTotal:        4016004 kB
MemFree:          106180 kB
Active:           356004 kB
Mem:          3.8G       3.7G       103M       5.7M        31M       3.2G

MemTotal:        4016004 kB
MemFree:          106304 kB
Active:           356048 kB
Mem:          3.8G       3.7G       103M       5.7M        31M       3.2G

MemTotal:        4016004 kB
MemFree:          105932 kB
Active:           356060 kB
Mem:          3.8G       3.7G       103M       5.7M        31M       3.2G

MemTotal:        4016004 kB
MemFree:          106304 kB
Active:           356020 kB
Mem:          3.8G       3.7G       103M       5.7M        31M       3.2G

MemTotal:        4016004 kB
MemFree:          106304 kB
Active:           356024 kB
Mem:          3.8G       3.7G       103M       5.7M        31M       3.2G

MemTotal:        4016004 kB
MemFree:          106428 kB
Active:           356012 kB
Mem:          3.8G       3.7G       103M       5.7M        31M       3.2G

MemTotal:        4016004 kB
MemFree:          106056 kB
Active:           356068 kB
Mem:          3.8G       3.7G       103M       5.7M        31M       3.2G

MemTotal:        4016004 kB
MemFree:          106428 kB
Active:           356016 kB
Mem:          3.8G       3.7G       103M       5.7M        31M       3.2G

MemTotal:        4016004 kB
MemFree:          106552 kB
Active:           356020 kB
Mem:          3.8G       3.7G       103M       5.7M        31M       3.2G

MemTotal:        4016004 kB
MemFree:          106180 kB
Active:           356072 kB
Mem:          3.8G       3.7G       103M       5.7M        31M       3.2G

MemTotal:        4016004 kB
MemFree:          106428 kB
Active:           356040 kB
Mem:          3.8G       3.7G       103M       5.7M        31M       3.2G

MemTotal:        4016004 kB
MemFree:          106676 kB
Active:           356056 kB
Mem:          3.8G       3.7G       103M       5.7M        31M       3.2G

MemTotal:        4016004 kB
MemFree:          106304 kB
Active:           356084 kB
Mem:          3.8G       3.7G       103M       5.7M        31M       3.2G

MemTotal:        4016004 kB
MemFree:          106800 kB
Active:           356084 kB
Mem:          3.8G       3.7G       104M       5.7M        31M       3.2G

MemTotal:        4016004 kB
MemFree:          106676 kB
Active:           356064 kB
Mem:          3.8G       3.7G       103M       5.7M        31M       3.2G

MemTotal:        4016004 kB
MemFree:          106552 kB
Active:           356032 kB
Mem:          3.8G       3.7G       103M       5.7M        31M       3.2G

MemTotal:        4016004 kB
MemFree:          106676 kB
Active:           356032 kB
Mem:          3.8G       3.7G       103M       5.7M        31M       3.2G

MemTotal:        4016004 kB
MemFree:          106676 kB
Active:           356084 kB
Mem:          3.8G       3.7G       103M       5.7M        31M       3.2G

MemTotal:        4016004 kB
MemFree:          106552 kB
Active:           356072 kB
Mem:          3.8G       3.7G       104M       5.7M        31M       3.2G

MemTotal:        4016004 kB
MemFree:          106552 kB
Active:           356092 kB
Mem:          3.8G       3.7G       103M       5.7M        31M       3.2G

MemTotal:        4016004 kB
MemFree:          106428 kB
Active:           356096 kB
Mem:          3.8G       3.7G       103M       5.7M        31M       3.2G

MemTotal:        4016004 kB
MemFree:          106304 kB
Active:           356080 kB
Mem:          3.8G       3.7G       103M       5.7M        31M       3.2G

MemTotal:        4016004 kB
MemFree:          106304 kB
Active:           356056 kB
Mem:          3.8G       3.7G       103M       5.7M        31M       3.2G

MemTotal:        4016004 kB
MemFree:          106304 kB
Active:           356108 kB
Mem:          3.8G       3.7G       103M       5.7M        31M       3.2G

MemTotal:        4016004 kB
MemFree:          106056 kB
Active:           356112 kB
Mem:          3.8G       3.7G       103M       5.7M        31M       3.2G

MemTotal:        4016004 kB
MemFree:          106428 kB
Active:           356108 kB
Mem:          3.8G       3.7G       103M       5.7M        31M       3.2G

MemTotal:        4016004 kB
MemFree:          106428 kB
Active:           356072 kB
Mem:          3.8G       3.7G       103M       5.7M        31M       3.2G

MemTotal:        4016004 kB
MemFree:          106428 kB
Active:           356088 kB
Mem:          3.8G       3.7G       103M       5.7M        31M       3.2G

MemTotal:        4016004 kB
MemFree:          106304 kB
Active:           356108 kB
Mem:          3.8G       3.7G       103M       5.7M        31M       3.2G

MemTotal:        4016004 kB
MemFree:          106180 kB
Active:           356072 kB
Mem:          3.8G       3.7G       103M       5.7M        31M       3.2G

MemTotal:        4016004 kB
MemFree:          106180 kB
Active:           356124 kB
Mem:          3.8G       3.7G       103M       5.7M        31M       3.2G

MemTotal:        4016004 kB
MemFree:          106428 kB
Active:           356072 kB
Mem:          3.8G       3.7G       103M       5.7M        31M       3.2G

MemTotal:        4016004 kB
MemFree:          106428 kB
Active:           356076 kB
Mem:          3.8G       3.7G       103M       5.7M        31M       3.2G

MemTotal:        4016004 kB
MemFree:          106304 kB
Active:           356088 kB
Mem:          3.8G       3.7G       103M       5.7M        31M       3.2G

MemTotal:        4016004 kB
MemFree:          106428 kB
Active:           356108 kB
Mem:          3.8G       3.7G       103M       5.7M        31M       3.2G

MemTotal:        4016004 kB
MemFree:          106180 kB
Active:           356084 kB
Mem:          3.8G       3.7G       103M       5.7M        31M       3.2G

MemTotal:        4016004 kB
MemFree:          106056 kB
Active:           356100 kB
Mem:          3.8G       3.7G       103M       5.7M        31M       3.2G

MemTotal:        4016004 kB
MemFree:          106056 kB
Active:           356084 kB
Mem:          3.8G       3.7G       103M       5.7M        31M       3.2G

MemTotal:        4016004 kB
MemFree:          106196 kB
Active:           356132 kB
Mem:          3.8G       3.7G       103M       5.7M        31M       3.2G

MemTotal:        4016004 kB
MemFree:          106196 kB
Active:           356124 kB
Mem:          3.8G       3.7G       103M       5.7M        31M       3.2G

MemTotal:        4016004 kB
MemFree:          106320 kB
Active:           356092 kB
Mem:          3.8G       3.7G       103M       5.7M        31M       3.2G

MemTotal:        4016004 kB
MemFree:          106196 kB
Active:           356116 kB
Mem:          3.8G       3.7G       103M       5.7M        31M       3.2G

MemTotal:        4016004 kB
MemFree:          106320 kB
Active:           356136 kB
Mem:          3.8G       3.7G       103M       5.7M        31M       3.2G

MemTotal:        4016004 kB
MemFree:          106196 kB
Active:           356100 kB
Mem:          3.8G       3.7G       103M       5.7M        31M       3.2G

MemTotal:        4016004 kB
MemFree:          106196 kB
Active:           356132 kB
Mem:          3.8G       3.7G       103M       5.7M        31M       3.2G

MemTotal:        4016004 kB
MemFree:          105824 kB
Active:           356152 kB
Mem:          3.8G       3.7G       102M       5.7M        31M       3.2G

MemTotal:        4016004 kB
MemFree:          105824 kB
Active:           356180 kB
Mem:          3.8G       3.7G       103M       5.7M        31M       3.2G

MemTotal:        4016004 kB
MemFree:          105808 kB
Active:           356236 kB
Mem:          3.8G       3.7G       103M       5.7M        31M       3.2G

MemTotal:        4016004 kB
MemFree:          106304 kB
Active:           356196 kB
Mem:          3.8G       3.7G       103M       5.7M        31M       3.2G

MemTotal:        4016004 kB
MemFree:          106304 kB
Active:           356236 kB
Mem:          3.8G       3.7G       103M       5.7M        31M       3.2G

MemTotal:        4016004 kB
MemFree:          106428 kB
Active:           356232 kB
Mem:          3.8G       3.7G       103M       5.7M        31M       3.2G

MemTotal:        4016004 kB
MemFree:          106304 kB
Active:           356188 kB
Mem:          3.8G       3.7G       103M       5.7M        31M       3.2G

MemTotal:        4016004 kB
MemFree:          105932 kB
Active:           356236 kB
Mem:          3.8G       3.7G       103M       5.7M        31M       3.2G

MemTotal:        4016004 kB
MemFree:          106180 kB
Active:           356232 kB
Mem:          3.8G       3.7G       103M       5.7M        31M       3.2G

MemTotal:        4016004 kB
MemFree:          106304 kB
Active:           356212 kB
Mem:          3.8G       3.7G       103M       5.7M        31M       3.2G

MemTotal:        4016004 kB
MemFree:          106304 kB
Active:           356252 kB
Mem:          3.8G       3.7G       103M       5.7M        31M       3.2G

MemTotal:        4016004 kB
MemFree:          106304 kB
Active:           356204 kB
Mem:          3.8G       3.7G       103M       5.7M        31M       3.2G

MemTotal:        4016004 kB
MemFree:          106304 kB
Active:           356200 kB
Mem:          3.8G       3.7G       103M       5.7M        31M       3.2G

MemTotal:        4016004 kB
MemFree:          106304 kB
Active:           356224 kB
Mem:          3.8G       3.7G       103M       5.7M        31M       3.2G

MemTotal:        4016004 kB
MemFree:          106304 kB
Active:           356244 kB
Mem:          3.8G       3.7G       103M       5.7M        31M       3.2G

MemTotal:        4016004 kB
MemFree:          106180 kB
Active:           356252 kB
Mem:          3.8G       3.7G       103M       5.7M        31M       3.2G

MemTotal:        4016004 kB
MemFree:          106180 kB
Active:           356208 kB
Mem:          3.8G       3.7G       103M       5.7M        31M       3.2G

MemTotal:        4016004 kB
MemFree:          106056 kB
Active:           356240 kB
Mem:          3.8G       3.7G       103M       5.7M        31M       3.2G

MemTotal:        4016004 kB
MemFree:          105948 kB
Active:           356244 kB
Mem:          3.8G       3.7G       103M       5.7M        31M       3.2G

MemTotal:        4016004 kB
MemFree:          105824 kB
Active:           356244 kB
Mem:          3.8G       3.7G       103M       5.7M        31M       3.2G

MemTotal:        4016004 kB
MemFree:          105824 kB
Active:           356256 kB
Mem:          3.8G       3.7G       103M       5.7M        31M       3.2G

MemTotal:        4016004 kB
MemFree:          105824 kB
Active:           356228 kB
Mem:          3.8G       3.7G       102M       5.7M        31M       3.2G

MemTotal:        4016004 kB
MemFree:          105824 kB
Active:           356212 kB
Mem:          3.8G       3.7G       103M       5.7M        31M       3.2G

MemTotal:        4016004 kB
MemFree:          105824 kB
Active:           356256 kB
Mem:          3.8G       3.7G       103M       5.7M        31M       3.2G

MemTotal:        4016004 kB
MemFree:          106444 kB
Active:           356232 kB
Mem:          3.8G       3.7G       103M       5.7M        31M       3.2G

MemTotal:        4016004 kB
MemFree:          106444 kB
Active:           356248 kB
Mem:          3.8G       3.7G       103M       5.7M        31M       3.2G

MemTotal:        4016004 kB
MemFree:          106072 kB
Active:           356260 kB
Mem:          3.8G       3.7G       103M       5.7M        31M       3.2G

MemTotal:        4016004 kB
MemFree:          105948 kB
Active:           356252 kB
Mem:          3.8G       3.7G       103M       5.7M        31M       3.2G

MemTotal:        4016004 kB
MemFree:          105188 kB
Active:           356484 kB
Mem:          3.8G       3.7G       102M       5.7M        31M       3.2G

MemTotal:        4016004 kB
MemFree:          105452 kB
Active:           356332 kB
Mem:          3.8G       3.7G       103M       5.7M        31M       3.2G

MemTotal:        4016004 kB
MemFree:          106072 kB
Active:           356376 kB
Mem:          3.8G       3.7G       103M       5.7M        31M       3.2G

MemTotal:        4016004 kB
MemFree:          106072 kB
Active:           356352 kB
Mem:          3.8G       3.7G       103M       5.7M        31M       3.2G

MemTotal:        4016004 kB
MemFree:          105948 kB
Active:           356380 kB
Mem:          3.8G       3.7G       103M       5.7M        31M       3.2G

MemTotal:        4016004 kB
MemFree:          105948 kB
Active:           356340 kB
Mem:          3.8G       3.7G       103M       5.7M        31M       3.2G

MemTotal:        4016004 kB
MemFree:          105824 kB
Active:           356376 kB
Mem:          3.8G       3.7G       103M       5.7M        31M       3.2G

MemTotal:        4016004 kB
MemFree:          106096 kB
Active:           356388 kB
Mem:          3.8G       3.7G       103M       5.7M        31M       3.2G

MemTotal:        4016004 kB
MemFree:          105972 kB
Active:           356356 kB
Mem:          3.8G       3.7G       103M       5.7M        31M       3.2G

MemTotal:        4016004 kB
MemFree:          105972 kB
Active:           356376 kB
Mem:          3.8G       3.7G       103M       5.7M        31M       3.2G

MemTotal:        4016004 kB
MemFree:          105972 kB
Active:           356392 kB
Mem:          3.8G       3.7G       103M       5.7M        31M       3.2G

MemTotal:        4016004 kB
MemFree:          105848 kB
Active:           356396 kB
Mem:          3.8G       3.7G       103M       5.7M        31M       3.2G

MemTotal:        4016004 kB
MemFree:          105848 kB
Active:           356352 kB
Mem:          3.8G       3.7G       103M       5.7M        31M       3.2G

MemTotal:        4016004 kB
MemFree:          105912 kB
Active:           356392 kB
Mem:          3.8G       3.7G       103M       5.7M        31M       3.2G

MemTotal:        4016004 kB
MemFree:          105788 kB
Active:           356352 kB
Mem:          3.8G       3.7G       103M       5.7M        31M       3.2G

MemTotal:        4016004 kB
MemFree:          105788 kB
Active:           356404 kB
Mem:          3.8G       3.7G       103M       5.7M        31M       3.2G

MemTotal:        4016004 kB
MemFree:          105912 kB
Active:           356388 kB
Mem:          3.8G       3.7G       103M       5.7M        31M       3.2G

MemTotal:        4016004 kB
MemFree:          105912 kB
Active:           356376 kB
Mem:          3.8G       3.7G       103M       5.7M        31M       3.2G

MemTotal:        4016004 kB
MemFree:          105912 kB
Active:           356372 kB
Mem:          3.8G       3.7G       103M       5.7M        31M       3.2G

MemTotal:        4016004 kB
MemFree:          105912 kB
Active:           356408 kB
Mem:          3.8G       3.7G       103M       5.7M        31M       3.2G

MemTotal:        4016004 kB
MemFree:          105912 kB
Active:           356412 kB
Mem:          3.8G       3.7G       103M       5.7M        31M       3.2G

MemTotal:        4016004 kB
MemFree:          106160 kB
Active:           356364 kB
Mem:          3.8G       3.7G       103M       5.7M        31M       3.2G

MemTotal:        4016004 kB
MemFree:          105772 kB
Active:           356388 kB
Mem:          3.8G       3.7G       103M       5.7M        31M       3.2G

MemTotal:        4016004 kB
MemFree:          105772 kB
Active:           356360 kB
Mem:          3.8G       3.7G       103M       5.7M        31M       3.2G

MemTotal:        4016004 kB
MemFree:          105772 kB
Active:           356376 kB
Mem:          3.8G       3.7G       103M       5.7M        31M       3.2G

MemTotal:        4016004 kB
MemFree:          105896 kB
Active:           356392 kB
Mem:          3.8G       3.7G       103M       5.7M        31M       3.2G

MemTotal:        4016004 kB
MemFree:          106020 kB
Active:           356408 kB
Mem:          3.8G       3.7G       103M       5.7M        31M       3.2G

MemTotal:        4016004 kB
MemFree:          105896 kB
Active:           356372 kB
Mem:          3.8G       3.7G       103M       5.7M        31M       3.2G

MemTotal:        4016004 kB
MemFree:          105772 kB
Active:           356396 kB
Mem:          3.8G       3.7G       103M       5.7M        31M       3.2G

MemTotal:        4016004 kB
MemFree:          105896 kB
Active:           356376 kB
Mem:          3.8G       3.7G       103M       5.7M        31M       3.2G

MemTotal:        4016004 kB
MemFree:          106020 kB
Active:           356400 kB
Mem:          3.8G       3.7G       103M       5.7M        31M       3.2G

MemTotal:        4016004 kB
MemFree:          106160 kB
Active:           356368 kB
Mem:          3.8G       3.7G       103M       5.7M        31M       3.2G

MemTotal:        4016004 kB
MemFree:          105912 kB
Active:           356388 kB
Mem:          3.8G       3.7G       103M       5.7M        31M       3.2G

MemTotal:        4016004 kB
MemFree:          106036 kB
Active:           356424 kB
Mem:          3.8G       3.7G       103M       5.7M        31M       3.2G

MemTotal:        4016004 kB
MemFree:          106036 kB
Active:           356396 kB
Mem:          3.8G       3.7G       103M       5.7M        31M       3.2G

MemTotal:        4016004 kB
MemFree:          106160 kB
Active:           356376 kB
Mem:          3.8G       3.7G       103M       5.7M        31M       3.2G

MemTotal:        4016004 kB
MemFree:          106284 kB
Active:           356408 kB
Mem:          3.8G       3.7G       103M       5.7M        31M       3.2G

MemTotal:        4016004 kB
MemFree:          106160 kB
Active:           356372 kB
Mem:          3.8G       3.7G       103M       5.7M        31M       3.2G

MemTotal:        4016004 kB
MemFree:          106160 kB
Active:           356396 kB
Mem:          3.8G       3.7G       103M       5.7M        31M       3.2G

MemTotal:        4016004 kB
MemFree:          106036 kB
Active:           356416 kB
Mem:          3.8G       3.7G       103M       5.7M        31M       3.2G

MemTotal:        4016004 kB
MemFree:          105788 kB
Active:           356376 kB
Mem:          3.8G       3.7G       103M       5.7M        31M       3.2G

MemTotal:        4016004 kB
MemFree:          105912 kB
Active:           356396 kB
Mem:          3.8G       3.7G       103M       5.7M        31M       3.2G

MemTotal:        4016004 kB
MemFree:          105788 kB
Active:           356416 kB
Mem:          3.8G       3.7G       103M       5.7M        31M       3.2G

MemTotal:        4016004 kB
MemFree:          105912 kB
Active:           356392 kB
Mem:          3.8G       3.7G       103M       5.7M        31M       3.2G

MemTotal:        4016004 kB
MemFree:          105912 kB
Active:           356432 kB
Mem:          3.8G       3.7G       103M       5.7M        31M       3.2G

MemTotal:        4016004 kB
MemFree:          105912 kB
Active:           356416 kB
Mem:          3.8G       3.7G       103M       5.7M        31M       3.2G

MemTotal:        4016004 kB
MemFree:          105788 kB
Active:           356392 kB
Mem:          3.8G       3.7G       103M       5.7M        31M       3.2G

MemTotal:        4016004 kB
MemFree:          105788 kB
Active:           356432 kB
Mem:          3.8G       3.7G       103M       5.7M        31M       3.2G

MemTotal:        4016004 kB
MemFree:          105788 kB
Active:           356412 kB
Mem:          3.8G       3.7G       103M       5.7M        31M       3.2G

MemTotal:        4016004 kB
MemFree:          106036 kB
Active:           356440 kB
Mem:          3.8G       3.7G       103M       5.7M        31M       3.2G

MemTotal:        4016004 kB
MemFree:          105912 kB
Active:           356432 kB
Mem:          3.8G       3.7G       103M       5.7M        31M       3.2G

MemTotal:        4016004 kB
MemFree:          105912 kB
Active:           356412 kB
Mem:          3.8G       3.7G       103M       5.7M        31M       3.2G

MemTotal:        4016004 kB
MemFree:          105912 kB
Active:           356404 kB
Mem:          3.8G       3.7G       103M       5.7M        31M       3.2G

MemTotal:        4016004 kB
MemFree:          105788 kB
Active:           356440 kB
Mem:          3.8G       3.7G       103M       5.7M        31M       3.2G

MemTotal:        4016004 kB
MemFree:          105912 kB
Active:           356420 kB
Mem:          3.8G       3.7G       103M       5.7M        31M       3.2G

MemTotal:        4016004 kB
MemFree:          105912 kB
Active:           356404 kB
Mem:          3.8G       3.7G       103M       5.7M        31M       3.2G

MemTotal:        4016004 kB
MemFree:          106036 kB
Active:           356444 kB
Mem:          3.8G       3.7G       103M       5.7M        31M       3.2G

MemTotal:        4016004 kB
MemFree:          105912 kB
Active:           356416 kB
Mem:          3.8G       3.7G       103M       5.7M        31M       3.2G

MemTotal:        4016004 kB
MemFree:          106036 kB
Active:           356452 kB
Mem:          3.8G       3.7G       103M       5.7M        31M       3.2G

MemTotal:        4016004 kB
MemFree:          105788 kB
Active:           356412 kB
Mem:          3.8G       3.7G       103M       5.7M        31M       3.2G

MemTotal:        4016004 kB
MemFree:          106036 kB
Active:           356444 kB
Mem:          3.8G       3.7G       103M       5.7M        31M       3.2G

MemTotal:        4016004 kB
MemFree:          105912 kB
Active:           356456 kB
Mem:          3.8G       3.7G       103M       5.7M        31M       3.2G

MemTotal:        4016004 kB
MemFree:          106036 kB
Active:           356420 kB
Mem:          3.8G       3.7G       103M       5.7M        31M       3.2G

MemTotal:        4016004 kB
MemFree:          106036 kB
Active:           356444 kB
Mem:          3.8G       3.7G       103M       5.7M        31M       3.2G

MemTotal:        4016004 kB
MemFree:          106036 kB
Active:           356456 kB
Mem:          3.8G       3.7G       103M       5.7M        31M       3.2G

MemTotal:        4016004 kB
MemFree:          105788 kB
Active:           356428 kB
Mem:          3.8G       3.7G       103M       5.7M        31M       3.2G

MemTotal:        4016004 kB
MemFree:          105788 kB
Active:           356456 kB
Mem:          3.8G       3.7G       103M       5.7M        31M       3.2G

MemTotal:        4016004 kB
MemFree:          105788 kB
Active:           356416 kB
Mem:          3.8G       3.7G       103M       5.7M        31M       3.2G

MemTotal:        4016004 kB
MemFree:          105788 kB
Active:           356432 kB
Mem:          3.8G       3.7G       103M       5.7M        31M       3.2G

MemTotal:        4016004 kB
MemFree:          105912 kB
Active:           356452 kB
Mem:          3.8G       3.7G       103M       5.7M        31M       3.2G

MemTotal:        4016004 kB
MemFree:          105788 kB
Active:           356456 kB
Mem:          3.8G       3.7G       103M       5.7M        31M       3.2G

MemTotal:        4016004 kB
MemFree:          105664 kB
Active:           356468 kB
Mem:          3.8G       3.7G       103M       5.7M        31M       3.2G

MemTotal:        4016004 kB
MemFree:          105664 kB
Active:           356468 kB
Mem:          3.8G       3.7G       103M       5.7M        31M       3.2G

MemTotal:        4016004 kB
MemFree:          105540 kB
Active:           356440 kB
Mem:          3.8G       3.7G       103M       5.7M        31M       3.2G

MemTotal:        4016004 kB
MemFree:          105664 kB
Active:           356424 kB
Mem:          3.8G       3.7G       103M       5.7M        31M       3.2G

MemTotal:        4016004 kB
MemFree:          105912 kB
Active:           356452 kB
Mem:          3.8G       3.7G       103M       5.7M        31M       3.2G

MemTotal:        4016004 kB
MemFree:          105912 kB
Active:           356480 kB
Mem:          3.8G       3.7G       103M       5.7M        31M       3.2G

MemTotal:        4016004 kB
MemFree:          105912 kB
Active:           356464 kB
Mem:          3.8G       3.7G       103M       5.7M        31M       3.2G

MemTotal:        4016004 kB
MemFree:          105788 kB
Active:           356440 kB
Mem:          3.8G       3.7G       103M       5.7M        31M       3.2G

MemTotal:        4016004 kB
MemFree:          105664 kB
Active:           356480 kB
Mem:          3.8G       3.7G       103M       5.7M        31M       3.2G

MemTotal:        4016004 kB
MemFree:          105664 kB
Active:           356452 kB
Mem:          3.8G       3.7G       103M       5.7M        31M       3.2G

MemTotal:        4016004 kB
MemFree:          105664 kB
Active:           356432 kB
Mem:          3.8G       3.7G       103M       5.7M        31M       3.2G

MemTotal:        4016004 kB
MemFree:          105788 kB
Active:           356460 kB
Mem:          3.8G       3.7G       103M       5.7M        31M       3.2G

MemTotal:        4016004 kB
MemFree:          105664 kB
Active:           356452 kB
Mem:          3.8G       3.7G       103M       5.7M        31M       3.2G

MemTotal:        4016004 kB
MemFree:          105788 kB
Active:           356488 kB
Mem:          3.8G       3.7G       103M       5.7M        31M       3.2G

MemTotal:        4016004 kB
MemFree:          105664 kB
Active:           356460 kB
Mem:          3.8G       3.7G       103M       5.7M        31M       3.2G

MemTotal:        4016004 kB
MemFree:          105664 kB
Active:           356492 kB
Mem:          3.8G       3.7G       103M       5.7M        31M       3.2G

MemTotal:        4016004 kB
MemFree:          105664 kB
Active:           356476 kB
Mem:          3.8G       3.7G       103M       5.7M        31M       3.2G

MemTotal:        4016004 kB
MemFree:          105664 kB
Active:           356444 kB
Mem:          3.8G       3.7G       103M       5.7M        31M       3.2G

MemTotal:        4016004 kB
MemFree:          105912 kB
Active:           356484 kB
Mem:          3.8G       3.7G       103M       5.7M        31M       3.2G

MemTotal:        4016004 kB
MemFree:          105912 kB
Active:           356444 kB
Mem:          3.8G       3.7G       103M       5.7M        31M       3.2G

MemTotal:        4016004 kB
MemFree:          105912 kB
Active:           356476 kB
Mem:          3.8G       3.7G       103M       5.7M        31M       3.2G

MemTotal:        4016004 kB
MemFree:          105788 kB
Active:           356468 kB
Mem:          3.8G       3.7G       103M       5.7M        31M       3.2G

MemTotal:        4016004 kB
MemFree:          105540 kB
Active:           356452 kB
Mem:          3.8G       3.7G       102M       5.7M        31M       3.2G

MemTotal:        4016004 kB
MemFree:          105664 kB
Active:           356492 kB
Mem:          3.8G       3.7G       103M       5.7M        31M       3.2G

MemTotal:        4016004 kB
MemFree:          105960 kB
Active:           356332 kB
Mem:          3.8G       3.7G       103M       5.7M        31M       3.2G

MemTotal:        4016004 kB
MemFree:          105960 kB
Active:           356332 kB
Mem:          3.8G       3.7G       103M       5.7M        31M       3.2G

MemTotal:        4016004 kB
MemFree:          105960 kB
Active:           356348 kB
Mem:          3.8G       3.7G       103M       5.7M        31M       3.2G

MemTotal:        4016004 kB
MemFree:          106456 kB
Active:           356308 kB
Mem:          3.8G       3.7G       103M       5.7M        31M       3.2G

MemTotal:        4016004 kB
MemFree:          106332 kB
Active:           356320 kB
Mem:          3.8G       3.7G       103M       5.7M        31M       3.2G

MemTotal:        4016004 kB
MemFree:          105960 kB
Active:           356348 kB
Mem:          3.8G       3.7G       103M       5.7M        31M       3.2G

MemTotal:        4016004 kB
MemFree:          106456 kB
Active:           356344 kB
Mem:          3.8G       3.7G       103M       5.7M        31M       3.2G

MemTotal:        4016004 kB
MemFree:          105960 kB
Active:           356360 kB
Mem:          3.8G       3.7G       103M       5.7M        31M       3.2G

MemTotal:        4016004 kB
MemFree:          106332 kB
Active:           356356 kB
Mem:          3.8G       3.7G       103M       5.7M        31M       3.2G

MemTotal:        4016004 kB
MemFree:          106456 kB
Active:           356328 kB
Mem:          3.8G       3.7G       104M       5.7M        31M       3.2G

MemTotal:        4016004 kB
MemFree:          106456 kB
Active:           356340 kB
Mem:          3.8G       3.7G       103M       5.7M        31M       3.2G

MemTotal:        4016004 kB
MemFree:          106084 kB
Active:           356368 kB
Mem:          3.8G       3.7G       103M       5.7M        31M       3.2G

MemTotal:        4016004 kB
MemFree:          106084 kB
Active:           356368 kB
Mem:          3.8G       3.7G       103M       5.7M        31M       3.2G

MemTotal:        4016004 kB
MemFree:          106580 kB
Active:           356360 kB
Mem:          3.8G       3.7G       104M       5.7M        31M       3.2G

MemTotal:        4016004 kB
MemFree:          106952 kB
Active:           356364 kB
Mem:          3.8G       3.7G       104M       5.7M        31M       3.2G

MemTotal:        4016004 kB
MemFree:          106456 kB
Active:           356372 kB
Mem:          3.8G       3.7G       103M       5.7M        31M       3.2G

MemTotal:        4016004 kB
MemFree:          106456 kB
Active:           356372 kB
Mem:          3.8G       3.7G       104M       5.7M        31M       3.2G

MemTotal:        4016004 kB
MemFree:          106704 kB
Active:           356332 kB
Mem:          3.8G       3.7G       104M       5.7M        31M       3.2G

MemTotal:        4016004 kB
MemFree:          106580 kB
Active:           356364 kB
Mem:          3.8G       3.7G       103M       5.7M        31M       3.2G

MemTotal:        4016004 kB
MemFree:          106084 kB
Active:           356376 kB
Mem:          3.8G       3.7G       103M       5.7M        31M       3.2G

MemTotal:        4016004 kB
MemFree:          106456 kB
Active:           356368 kB
Mem:          3.8G       3.7G       103M       5.7M        31M       3.2G

MemTotal:        4016004 kB
MemFree:          106456 kB
Active:           356332 kB
Mem:          3.8G       3.7G       104M       5.7M        31M       3.2G

MemTotal:        4016004 kB
MemFree:          106332 kB
Active:           356340 kB
Mem:          3.8G       3.7G       103M       5.7M        31M       3.2G

MemTotal:        4016004 kB
MemFree:          106704 kB
Active:           356336 kB
Mem:          3.8G       3.7G       104M       5.7M        31M       3.2G

MemTotal:        4016004 kB
MemFree:          106580 kB
Active:           356328 kB
Mem:          3.8G       3.7G       103M       5.7M        31M       3.2G

MemTotal:        4016004 kB
MemFree:          106704 kB
Active:           356360 kB
Mem:          3.8G       3.7G       104M       5.7M        31M       3.2G

MemTotal:        4016004 kB
MemFree:          106208 kB
Active:           356432 kB
Mem:          3.8G       3.7G       104M       5.7M        31M       3.2G

MemTotal:        4016004 kB
MemFree:          106580 kB
Active:           356452 kB
Mem:          3.8G       3.7G       104M       5.7M        31M       3.2G

MemTotal:        4016004 kB
MemFree:          106332 kB
Active:           356456 kB
