MemTotal:        4016004 kB
MemFree:         3231636 kB
Active:           428088 kB
Mem:          3.8G       766M       3.1G       5.7M        63M       316M

MemTotal:        4016004 kB
MemFree:         3230116 kB
Active:           429068 kB
Mem:          3.8G       767M       3.1G       5.7M        63M       316M

MemTotal:        4016004 kB
MemFree:         3230100 kB
Active:           429088 kB
Mem:          3.8G       767M       3.1G       5.7M        63M       316M

MemTotal:        4016004 kB
MemFree:         3230208 kB
Active:           429132 kB
Mem:          3.8G       767M       3.1G       5.7M        63M       316M

MemTotal:        4016004 kB
MemFree:         3229944 kB
Active:           429144 kB
Mem:          3.8G       767M       3.1G       5.7M        63M       316M

MemTotal:        4016004 kB
MemFree:         3229588 kB
Active:           429168 kB
Mem:          3.8G       767M       3.1G       5.7M        63M       316M

MemTotal:        4016004 kB
MemFree:         3227788 kB
Active:           429108 kB
Mem:          3.8G       769M       3.1G       5.7M        63M       316M

MemTotal:        4016004 kB
MemFree:         3227912 kB
Active:           431152 kB
Mem:          3.8G       769M       3.1G       5.7M        63M       316M

MemTotal:        4016004 kB
MemFree:         3227664 kB
Active:           431192 kB
Mem:          3.8G       769M       3.1G       5.7M        63M       316M

MemTotal:        4016004 kB
MemFree:         3228284 kB
Active:           431156 kB
Mem:          3.8G       769M       3.1G       5.7M        63M       316M

MemTotal:        4016004 kB
MemFree:         3228144 kB
Active:           431152 kB
Mem:          3.8G       769M       3.1G       5.7M        63M       316M

MemTotal:        4016004 kB
MemFree:         3227772 kB
Active:           431192 kB
Mem:          3.8G       769M       3.1G       5.7M        63M       316M

MemTotal:        4016004 kB
MemFree:         3227508 kB
Active:           431168 kB
Mem:          3.8G       769M       3.1G       5.7M        63M       316M

MemTotal:        4016004 kB
MemFree:         3227616 kB
Active:           431184 kB
Mem:          3.8G       769M       3.1G       5.7M        63M       316M

MemTotal:        4016004 kB
MemFree:         3227772 kB
Active:           431188 kB
Mem:          3.8G       769M       3.1G       5.7M        63M       316M

MemTotal:        4016004 kB
MemFree:         3227648 kB
Active:           431184 kB
Mem:          3.8G       769M       3.1G       5.7M        63M       316M

MemTotal:        4016004 kB
MemFree:         3227244 kB
Active:           429160 kB
Mem:          3.8G       770M       3.1G       5.7M        63M       316M

MemTotal:        4016004 kB
MemFree:         3227988 kB
Active:           431200 kB
Mem:          3.8G       769M       3.1G       5.7M        63M       316M

MemTotal:        4016004 kB
MemFree:         3227724 kB
Active:           431208 kB
Mem:          3.8G       769M       3.1G       5.7M        63M       316M

MemTotal:        4016004 kB
MemFree:         3228096 kB
Active:           431192 kB
Mem:          3.8G       769M       3.1G       5.7M        63M       316M

MemTotal:        4016004 kB
MemFree:         3228376 kB
Active:           431192 kB
Mem:          3.8G       769M       3.1G       5.7M        63M       316M

MemTotal:        4016004 kB
MemFree:         3228252 kB
Active:           431192 kB
Mem:          3.8G       769M       3.1G       5.7M        63M       316M

MemTotal:        4016004 kB
MemFree:         3228500 kB
Active:           431168 kB
Mem:          3.8G       769M       3.1G       5.7M        63M       316M

MemTotal:        4016004 kB
MemFree:         3228376 kB
Active:           431176 kB
Mem:          3.8G       769M       3.1G       5.7M        63M       316M

MemTotal:        4016004 kB
MemFree:         3228268 kB
Active:           431216 kB
Mem:          3.8G       769M       3.1G       5.7M        63M       316M

MemTotal:        4016004 kB
MemFree:         3228144 kB
Active:           431176 kB
Mem:          3.8G       769M       3.1G       5.7M        63M       316M

MemTotal:        4016004 kB
MemFree:         3228144 kB
Active:           431208 kB
Mem:          3.8G       769M       3.1G       5.7M        63M       316M

MemTotal:        4016004 kB
MemFree:         3228128 kB
Active:           431164 kB
Mem:          3.8G       769M       3.1G       5.7M        63M       316M

MemTotal:        4016004 kB
MemFree:         3227880 kB
Active:           431176 kB
Mem:          3.8G       770M       3.1G       5.7M        63M       316M

MemTotal:        4016004 kB
MemFree:         3227384 kB
Active:           431172 kB
Mem:          3.8G       770M       3.1G       5.7M        63M       316M

MemTotal:        4016004 kB
MemFree:         3227508 kB
Active:           431204 kB
Mem:          3.8G       770M       3.1G       5.7M        63M       316M

MemTotal:        4016004 kB
MemFree:         3227632 kB
Active:           431180 kB
Mem:          3.8G       770M       3.1G       5.7M        63M       316M

MemTotal:        4016004 kB
MemFree:         3227508 kB
Active:           431224 kB
Mem:          3.8G       769M       3.1G       5.7M        63M       316M

MemTotal:        4016004 kB
MemFree:         3227756 kB
Active:           431172 kB
Mem:          3.8G       769M       3.1G       5.7M        63M       316M

MemTotal:        4016004 kB
MemFree:         3228284 kB
Active:           431172 kB
Mem:          3.8G       769M       3.1G       5.7M        63M       316M

MemTotal:        4016004 kB
MemFree:         3228036 kB
Active:           431208 kB
Mem:          3.8G       769M       3.1G       5.7M        63M       316M

MemTotal:        4016004 kB
MemFree:         3227912 kB
Active:           431240 kB
Mem:          3.8G       769M       3.1G       5.7M        63M       316M

MemTotal:        4016004 kB
MemFree:         3227788 kB
Active:           431240 kB
Mem:          3.8G       769M       3.1G       5.7M        63M       316M

MemTotal:        4016004 kB
MemFree:         3228036 kB
Active:           431232 kB
Mem:          3.8G       769M       3.1G       5.7M        63M       316M

MemTotal:        4016004 kB
MemFree:         3227648 kB
Active:           431240 kB
Mem:          3.8G       769M       3.1G       5.7M        63M       316M

MemTotal:        4016004 kB
MemFree:         3227492 kB
Active:           431244 kB
Mem:          3.8G       769M       3.1G       5.7M        63M       316M

MemTotal:        4016004 kB
MemFree:         3227972 kB
Active:           431216 kB
Mem:          3.8G       769M       3.1G       5.7M        63M       316M

MemTotal:        4016004 kB
MemFree:         3227352 kB
Active:           431256 kB
Mem:          3.8G       770M       3.1G       5.7M        63M       316M

MemTotal:        4016004 kB
MemFree:         3227600 kB
Active:           431200 kB
Mem:          3.8G       770M       3.1G       5.7M        63M       316M

MemTotal:        4016004 kB
MemFree:         3227848 kB
Active:           431200 kB
Mem:          3.8G       769M       3.1G       5.7M        63M       316M

MemTotal:        4016004 kB
MemFree:         3228096 kB
Active:           431204 kB
Mem:          3.8G       769M       3.1G       5.7M        63M       316M

MemTotal:        4016004 kB
MemFree:         3227848 kB
Active:           431256 kB
Mem:          3.8G       769M       3.1G       5.7M        63M       316M

MemTotal:        4016004 kB
MemFree:         3228220 kB
Active:           431256 kB
Mem:          3.8G       769M       3.1G       5.7M        63M       316M

MemTotal:        4016004 kB
MemFree:         3228220 kB
Active:           431236 kB
Mem:          3.8G       769M       3.1G       5.7M        63M       316M

MemTotal:        4016004 kB
MemFree:         3228344 kB
Active:           431216 kB
Mem:          3.8G       769M       3.1G       5.7M        63M       316M

MemTotal:        4016004 kB
MemFree:         3228096 kB
Active:           431248 kB
Mem:          3.8G       769M       3.1G       5.7M        63M       316M

MemTotal:        4016004 kB
MemFree:         3228392 kB
Active:           431216 kB
Mem:          3.8G       769M       3.1G       5.7M        63M       316M

MemTotal:        4016004 kB
MemFree:         3227896 kB
Active:           431284 kB
Mem:          3.8G       769M       3.1G       5.7M        63M       316M

MemTotal:        4016004 kB
MemFree:         3228020 kB
Active:           431240 kB
Mem:          3.8G       769M       3.1G       5.7M        63M       316M

MemTotal:        4016004 kB
MemFree:         3228268 kB
Active:           431280 kB
Mem:          3.8G       769M       3.1G       5.7M        63M       316M

MemTotal:        4016004 kB
MemFree:         3228144 kB
Active:           431280 kB
Mem:          3.8G       769M       3.1G       5.7M        63M       316M

MemTotal:        4016004 kB
MemFree:         3228128 kB
Active:           431264 kB
Mem:          3.8G       769M       3.1G       5.7M        63M       316M

MemTotal:        4016004 kB
MemFree:         3227880 kB
Active:           431296 kB
Mem:          3.8G       769M       3.1G       5.7M        63M       316M

MemTotal:        4016004 kB
MemFree:         3227740 kB
Active:           431296 kB
Mem:          3.8G       769M       3.1G       5.7M        63M       316M

MemTotal:        4016004 kB
MemFree:         3227476 kB
Active:           431296 kB
Mem:          3.8G       770M       3.1G       5.7M        63M       316M

MemTotal:        4016004 kB
MemFree:         3227584 kB
Active:           431268 kB
Mem:          3.8G       770M       3.1G       5.7M        63M       316M

MemTotal:        4016004 kB
MemFree:         3227584 kB
Active:           431296 kB
Mem:          3.8G       770M       3.1G       5.7M        63M       316M

MemTotal:        4016004 kB
MemFree:         3227568 kB
Active:           431276 kB
Mem:          3.8G       769M       3.1G       5.7M        63M       316M

MemTotal:        4016004 kB
MemFree:         3227444 kB
Active:           431304 kB
Mem:          3.8G       769M       3.1G       5.7M        63M       316M

MemTotal:        4016004 kB
MemFree:         3227816 kB
Active:           431268 kB
Mem:          3.8G       769M       3.1G       5.7M        63M       316M

MemTotal:        4016004 kB
MemFree:         3227800 kB
Active:           431256 kB
Mem:          3.8G       770M       3.1G       5.7M        63M       316M

MemTotal:        4016004 kB
MemFree:         3227428 kB
Active:           431308 kB
Mem:          3.8G       769M       3.1G       5.7M        63M       316M

MemTotal:        4016004 kB
MemFree:         3227924 kB
Active:           431304 kB
Mem:          3.8G       769M       3.1G       5.7M        63M       316M

MemTotal:        4016004 kB
MemFree:         3227784 kB
Active:           431288 kB
Mem:          3.8G       769M       3.1G       5.7M        63M       316M

MemTotal:        4016004 kB
MemFree:         3227768 kB
Active:           431276 kB
Mem:          3.8G       769M       3.1G       5.7M        63M       316M

MemTotal:        4016004 kB
MemFree:         3227272 kB
Active:           431312 kB
Mem:          3.8G       770M       3.1G       5.7M        63M       316M

MemTotal:        4016004 kB
MemFree:         3227892 kB
Active:           431300 kB
Mem:          3.8G       769M       3.1G       5.7M        63M       316M

MemTotal:        4016004 kB
MemFree:         3228016 kB
Active:           431304 kB
Mem:          3.8G       769M       3.1G       5.7M        63M       316M

MemTotal:        4016004 kB
MemFree:         3227644 kB
Active:           431312 kB
Mem:          3.8G       769M       3.1G       5.7M        63M       316M

MemTotal:        4016004 kB
MemFree:         3227892 kB
Active:           431268 kB
Mem:          3.8G       769M       3.1G       5.7M        63M       316M

MemTotal:        4016004 kB
MemFree:         3227752 kB
Active:           431280 kB
Mem:          3.8G       770M       3.1G       5.7M        63M       316M

MemTotal:        4016004 kB
MemFree:         3227564 kB
Active:           429376 kB
Mem:          3.8G       770M       3.1G       5.7M        63M       316M

MemTotal:        4016004 kB
MemFree:         3227424 kB
Active:           431432 kB
Mem:          3.8G       770M       3.1G       5.7M        63M       316M

MemTotal:        4016004 kB
MemFree:         3227672 kB
Active:           431404 kB
Mem:          3.8G       769M       3.1G       5.7M        63M       316M

MemTotal:        4016004 kB
MemFree:         3228044 kB
Active:           431440 kB
Mem:          3.8G       769M       3.1G       5.7M        63M       316M

MemTotal:        4016004 kB
MemFree:         3227952 kB
Active:           431416 kB
Mem:          3.8G       769M       3.1G       5.7M        63M       316M

MemTotal:        4016004 kB
MemFree:         3228076 kB
Active:           431452 kB
Mem:          3.8G       769M       3.1G       5.7M        63M       316M

MemTotal:        4016004 kB
MemFree:         3228200 kB
Active:           431448 kB
Mem:          3.8G       769M       3.1G       5.7M        63M       316M

MemTotal:        4016004 kB
MemFree:         3228200 kB
Active:           431436 kB
Mem:          3.8G       769M       3.1G       5.7M        63M       316M

MemTotal:        4016004 kB
MemFree:         3227828 kB
Active:           431468 kB
Mem:          3.8G       769M       3.1G       5.7M        63M       316M

MemTotal:        4016004 kB
MemFree:         3227332 kB
Active:           431420 kB
Mem:          3.8G       770M       3.1G       5.7M        63M       316M

MemTotal:        4016004 kB
MemFree:         3227392 kB
Active:           429384 kB
Mem:          3.8G       770M       3.1G       5.7M        63M       316M

MemTotal:        4016004 kB
MemFree:         3227268 kB
Active:           431476 kB
Mem:          3.8G       769M       3.1G       5.7M        63M       316M

MemTotal:        4016004 kB
MemFree:         3227392 kB
Active:           431476 kB
Mem:          3.8G       769M       3.1G       5.7M        63M       316M

MemTotal:        4016004 kB
MemFree:         3227640 kB
Active:           431440 kB
Mem:          3.8G       769M       3.1G       5.7M        63M       316M

MemTotal:        4016004 kB
MemFree:         3227828 kB
Active:           431444 kB
Mem:          3.8G       769M       3.1G       5.7M        63M       316M

MemTotal:        4016004 kB
MemFree:         3227704 kB
Active:           431488 kB
Mem:          3.8G       769M       3.1G       5.7M        63M       316M

MemTotal:        4016004 kB
MemFree:         3227952 kB
Active:           431476 kB
Mem:          3.8G       769M       3.1G       5.7M        63M       316M

MemTotal:        4016004 kB
MemFree:         3227952 kB
Active:           431472 kB
Mem:          3.8G       769M       3.1G       5.7M        63M       316M

MemTotal:        4016004 kB
MemFree:         3227456 kB
Active:           431488 kB
Mem:          3.8G       769M       3.1G       5.7M        63M       316M

MemTotal:        4016004 kB
MemFree:         3227828 kB
Active:           431460 kB
Mem:          3.8G       769M       3.1G       5.7M        63M       316M

MemTotal:        4016004 kB
MemFree:         3228076 kB
Active:           431460 kB
Mem:          3.8G       769M       3.1G       5.7M        63M       316M

MemTotal:        4016004 kB
MemFree:         3227936 kB
Active:           431460 kB
Mem:          3.8G       769M       3.1G       5.7M        63M       316M

MemTotal:        4016004 kB
MemFree:         3227564 kB
Active:           431500 kB
Mem:          3.8G       769M       3.1G       5.7M        63M       316M

MemTotal:        4016004 kB
MemFree:         3227656 kB
Active:           431468 kB
Mem:          3.8G       769M       3.1G       5.7M        63M       316M

MemTotal:        4016004 kB
MemFree:         3227220 kB
Active:           431604 kB
Mem:          3.8G       770M       3.1G       5.7M        63M       316M

MemTotal:        4016004 kB
MemFree:         3182648 kB
Active:           432148 kB
Mem:          3.8G       813M       3.0G       5.7M        63M       359M

MemTotal:        4016004 kB
MemFree:         3136176 kB
Active:           432188 kB
Mem:          3.8G       860M       3.0G       5.7M        63M       404M

MemTotal:        4016004 kB
MemFree:         3089192 kB
Active:           432260 kB
Mem:          3.8G       905M       2.9G       5.7M        63M       449M

MemTotal:        4016004 kB
MemFree:         3042348 kB
Active:           432252 kB
Mem:          3.8G       951M       2.9G       5.7M        63M       494M

MemTotal:        4016004 kB
MemFree:         2995240 kB
Active:           432272 kB
Mem:          3.8G       997M       2.9G       5.7M        63M       539M

MemTotal:        4016004 kB
MemFree:         2948768 kB
Active:           432260 kB
Mem:          3.8G       1.0G       2.8G       5.7M        63M       585M

MemTotal:        4016004 kB
MemFree:         2901576 kB
Active:           432252 kB
Mem:          3.8G       1.1G       2.8G       5.7M        63M       630M

MemTotal:        4016004 kB
MemFree:         2854920 kB
Active:           432280 kB
Mem:          3.8G       1.1G       2.7G       5.7M        63M       674M

MemTotal:        4016004 kB
MemFree:         2807628 kB
Active:           432224 kB
Mem:          3.8G       1.2G       2.7G       5.7M        63M       720M

MemTotal:        4016004 kB
MemFree:         2760284 kB
Active:           432240 kB
Mem:          3.8G       1.2G       2.6G       5.7M        63M       764M

MemTotal:        4016004 kB
MemFree:         2713704 kB
Active:           432240 kB
Mem:          3.8G       1.2G       2.6G       5.7M        63M       809M

MemTotal:        4016004 kB
MemFree:         2673324 kB
Active:           432284 kB
Mem:          3.8G       1.3G       2.5G       5.7M        63M       848M

MemTotal:        4016004 kB
MemFree:         2672464 kB
Active:           432256 kB
Mem:          3.8G       1.3G       2.5G       5.7M        63M       848M

MemTotal:        4016004 kB
MemFree:         2663644 kB
Active:           432300 kB
Mem:          3.8G       1.3G       2.5G       5.7M        63M       858M

MemTotal:        4016004 kB
MemFree:         2616616 kB
Active:           432328 kB
Mem:          3.8G       1.3G       2.5G       5.7M        63M       903M

MemTotal:        4016004 kB
MemFree:         2571064 kB
Active:           432280 kB
Mem:          3.8G       1.4G       2.5G       5.7M        63M       947M

MemTotal:        4016004 kB
MemFree:         2524408 kB
Active:           432328 kB
Mem:          3.8G       1.4G       2.4G       5.7M        63M       992M

MemTotal:        4016004 kB
MemFree:         2477672 kB
Active:           432324 kB
Mem:          3.8G       1.5G       2.4G       5.7M        63M       1.0G

MemTotal:        4016004 kB
MemFree:         2431076 kB
Active:           432296 kB
Mem:          3.8G       1.5G       2.3G       5.7M        63M       1.1G

MemTotal:        4016004 kB
MemFree:         2384216 kB
Active:           432324 kB
Mem:          3.8G       1.6G       2.3G       5.7M        63M       1.1G

MemTotal:        4016004 kB
MemFree:         2337372 kB
Active:           432312 kB
Mem:          3.8G       1.6G       2.2G       5.7M        63M       1.1G

MemTotal:        4016004 kB
MemFree:         2290012 kB
Active:           432312 kB
Mem:          3.8G       1.6G       2.2G       5.7M        63M       1.2G

MemTotal:        4016004 kB
MemFree:         2243156 kB
Active:           432320 kB
Mem:          3.8G       1.7G       2.1G       5.7M        63M       1.2G

MemTotal:        4016004 kB
MemFree:         2221808 kB
Active:           432328 kB
Mem:          3.8G       1.7G       2.1G       5.7M        63M       1.3G

MemTotal:        4016004 kB
MemFree:         2190560 kB
Active:           432352 kB
Mem:          3.8G       1.7G       2.1G       5.7M        63M       1.3G

MemTotal:        4016004 kB
MemFree:         2142504 kB
Active:           430420 kB
Mem:          3.8G       1.8G       2.0G       5.7M        63M       1.3G

MemTotal:        4016004 kB
MemFree:         2121448 kB
Active:           432464 kB
Mem:          3.8G       1.8G       2.0G       5.7M        63M       1.3G

MemTotal:        4016004 kB
MemFree:         2088008 kB
Active:           432428 kB
Mem:          3.8G       1.8G       2.0G       5.7M        63M       1.4G

MemTotal:        4016004 kB
MemFree:         2041336 kB
Active:           432436 kB
Mem:          3.8G       1.9G       1.9G       5.7M        63M       1.4G

MemTotal:        4016004 kB
MemFree:         1994684 kB
Active:           432436 kB
Mem:          3.8G       1.9G       1.9G       5.7M        63M       1.5G

MemTotal:        4016004 kB
MemFree:         1948124 kB
Active:           432464 kB
Mem:          3.8G       2.0G       1.9G       5.7M        63M       1.5G

MemTotal:        4016004 kB
MemFree:         1901636 kB
Active:           432488 kB
Mem:          3.8G       2.0G       1.8G       5.7M        63M       1.6G

MemTotal:        4016004 kB
MemFree:         1854900 kB
Active:           432452 kB
Mem:          3.8G       2.1G       1.8G       5.7M        63M       1.6G

MemTotal:        4016004 kB
MemFree:         1808304 kB
Active:           432432 kB
Mem:          3.8G       2.1G       1.7G       5.7M        63M       1.6G

MemTotal:        4016004 kB
MemFree:         1760884 kB
Active:           432472 kB
Mem:          3.8G       2.2G       1.7G       5.7M        63M       1.7G

MemTotal:        4016004 kB
MemFree:         1713264 kB
Active:           430524 kB
Mem:          3.8G       2.2G       1.6G       5.7M        63M       1.7G

MemTotal:        4016004 kB
MemFree:         1671132 kB
Active:           432564 kB
Mem:          3.8G       2.2G       1.6G       5.7M        63M       1.8G

MemTotal:        4016004 kB
MemFree:         1637820 kB
Active:           432592 kB
Mem:          3.8G       2.3G       1.6G       5.7M        63M       1.8G

MemTotal:        4016004 kB
MemFree:         1591224 kB
Active:           432556 kB
Mem:          3.8G       2.3G       1.5G       5.7M        63M       1.8G

MemTotal:        4016004 kB
MemFree:         1570552 kB
Active:           432560 kB
Mem:          3.8G       2.3G       1.5G       5.7M        63M       1.9G

MemTotal:        4016004 kB
MemFree:         1553792 kB
Active:           432544 kB
Mem:          3.8G       2.3G       1.5G       5.7M        63M       1.9G

MemTotal:        4016004 kB
MemFree:         1553420 kB
Active:           432620 kB
Mem:          3.8G       2.3G       1.5G       5.7M        63M       1.9G

MemTotal:        4016004 kB
MemFree:         1553484 kB
Active:           432596 kB
Mem:          3.8G       2.3G       1.5G       5.7M        63M       1.9G

MemTotal:        4016004 kB
MemFree:         1546316 kB
Active:           432572 kB
Mem:          3.8G       2.4G       1.5G       5.7M        63M       1.9G

MemTotal:        4016004 kB
MemFree:         1499348 kB
Active:           432604 kB
Mem:          3.8G       2.4G       1.4G       5.7M        63M       1.9G

MemTotal:        4016004 kB
MemFree:         1453604 kB
Active:           432624 kB
Mem:          3.8G       2.4G       1.4G       5.7M        63M       2.0G

MemTotal:        4016004 kB
MemFree:         1406264 kB
Active:           432592 kB
Mem:          3.8G       2.5G       1.3G       5.7M        63M       2.0G

MemTotal:        4016004 kB
MemFree:         1359528 kB
Active:           432624 kB
Mem:          3.8G       2.5G       1.3G       5.7M        63M       2.1G

MemTotal:        4016004 kB
MemFree:         1312312 kB
Active:           432588 kB
Mem:          3.8G       2.6G       1.3G       5.7M        63M       2.1G

MemTotal:        4016004 kB
MemFree:         1265080 kB
Active:           432608 kB
Mem:          3.8G       2.6G       1.2G       5.7M        63M       2.2G

MemTotal:        4016004 kB
MemFree:         1219636 kB
Active:           432632 kB
Mem:          3.8G       2.7G       1.2G       5.7M        63M       2.2G

MemTotal:        4016004 kB
MemFree:         1219280 kB
Active:           432624 kB
Mem:          3.8G       2.7G       1.2G       5.7M        63M       2.2G

MemTotal:        4016004 kB
MemFree:         1176872 kB
Active:           432656 kB
Mem:          3.8G       2.7G       1.1G       5.7M        63M       2.2G

MemTotal:        4016004 kB
MemFree:         1130136 kB
Active:           432656 kB
Mem:          3.8G       2.8G       1.1G       5.7M        63M       2.3G

MemTotal:        4016004 kB
MemFree:         1100404 kB
Active:           432668 kB
Mem:          3.8G       2.8G       1.0G       5.7M        63M       2.3G

MemTotal:        4016004 kB
MemFree:         1053576 kB
Active:           432676 kB
Mem:          3.8G       2.8G       1.0G       5.7M        63M       2.4G

MemTotal:        4016004 kB
MemFree:         1021048 kB
Active:           432684 kB
Mem:          3.8G       2.9G       997M       5.7M        63M       2.4G

MemTotal:        4016004 kB
MemFree:         1020820 kB
Active:           432660 kB
Mem:          3.8G       2.9G       996M       5.7M        63M       2.4G

MemTotal:        4016004 kB
MemFree:         1020884 kB
Active:           432708 kB
Mem:          3.8G       2.9G       996M       5.7M        63M       2.4G

MemTotal:        4016004 kB
MemFree:          975668 kB
Active:           432720 kB
Mem:          3.8G       2.9G       951M       5.7M        63M       2.4G

MemTotal:        4016004 kB
MemFree:          928868 kB
Active:           432720 kB
Mem:          3.8G       2.9G       906M       5.7M        63M       2.5G

MemTotal:        4016004 kB
MemFree:          881792 kB
Active:           432728 kB
Mem:          3.8G       3.0G       860M       5.7M        63M       2.5G

MemTotal:        4016004 kB
MemFree:          835196 kB
Active:           432728 kB
Mem:          3.8G       3.0G       815M       5.7M        63M       2.6G

MemTotal:        4016004 kB
MemFree:          788524 kB
Active:           432732 kB
Mem:          3.8G       3.1G       768M       5.7M        63M       2.6G

MemTotal:        4016004 kB
MemFree:          740796 kB
Active:           432732 kB
Mem:          3.8G       3.1G       722M       5.7M        63M       2.6G

MemTotal:        4016004 kB
MemFree:          694132 kB
Active:           430852 kB
Mem:          3.8G       3.2G       676M       5.7M        63M       2.7G

MemTotal:        4016004 kB
MemFree:          647164 kB
Active:           432752 kB
Mem:          3.8G       3.2G       631M       5.7M        63M       2.7G

MemTotal:        4016004 kB
MemFree:          600292 kB
Active:           432756 kB
Mem:          3.8G       3.3G       585M       5.7M        63M       2.8G

MemTotal:        4016004 kB
MemFree:          553528 kB
Active:           432756 kB
Mem:          3.8G       3.3G       539M       5.7M        63M       2.8G

MemTotal:        4016004 kB
MemFree:          541884 kB
Active:           432756 kB
Mem:          3.8G       3.3G       529M       5.7M        63M       2.8G

MemTotal:        4016004 kB
MemFree:          497772 kB
Active:           432768 kB
Mem:          3.8G       3.4G       486M       5.7M        63M       2.9G

MemTotal:        4016004 kB
MemFree:          497556 kB
Active:           432764 kB
Mem:          3.8G       3.4G       485M       5.7M        63M       2.9G

MemTotal:        4016004 kB
MemFree:          497984 kB
Active:           432776 kB
Mem:          3.8G       3.4G       485M       5.7M        63M       2.9G

MemTotal:        4016004 kB
MemFree:          450616 kB
Active:           432780 kB
Mem:          3.8G       3.4G       439M       5.7M        63M       2.9G

MemTotal:        4016004 kB
MemFree:          404004 kB
Active:           432780 kB
Mem:          3.8G       3.4G       393M       5.7M        63M       3.0G

MemTotal:        4016004 kB
MemFree:          357048 kB
Active:           430756 kB
Mem:          3.8G       3.5G       347M       5.7M        63M       3.0G

MemTotal:        4016004 kB
MemFree:          309692 kB
Active:           432804 kB
Mem:          3.8G       3.5G       301M       5.7M        63M       3.0G

MemTotal:        4016004 kB
MemFree:          262972 kB
Active:           432804 kB
Mem:          3.8G       3.6G       256M       5.7M        63M       3.1G

MemTotal:        4016004 kB
MemFree:          216500 kB
Active:           432636 kB
Mem:          3.8G       3.6G       210M       5.7M        63M       3.1G

MemTotal:        4016004 kB
MemFree:          169388 kB
Active:           432660 kB
Mem:          3.8G       3.7G       164M       5.7M        63M       3.2G

MemTotal:        4016004 kB
MemFree:          122624 kB
Active:           432668 kB
Mem:          3.8G       3.7G       119M       5.7M        63M       3.2G

MemTotal:        4016004 kB
MemFree:          107332 kB
Active:           432672 kB
Mem:          3.8G       3.7G       104M       5.7M        63M       3.2G

MemTotal:        4016004 kB
MemFree:          135068 kB
Active:           443096 kB
Mem:          3.8G       3.7G       119M       5.7M        28M       3.3G

MemTotal:        4016004 kB
MemFree:          117720 kB
Active:           492572 kB
Mem:          3.8G       3.7G       114M       5.7M        28M       3.3G

MemTotal:        4016004 kB
MemFree:          106476 kB
Active:           487408 kB
Mem:          3.8G       3.7G       103M       5.7M        28M       3.3G

MemTotal:        4016004 kB
MemFree:          132980 kB
Active:           478768 kB
Mem:          3.8G       3.7G       128M       5.7M        28M       3.2G

MemTotal:        4016004 kB
MemFree:          127052 kB
Active:           474052 kB
Mem:          3.8G       3.7G       123M       5.7M        28M       3.3G

MemTotal:        4016004 kB
MemFree:          111076 kB
Active:           468976 kB
Mem:          3.8G       3.7G       107M       5.7M        28M       3.3G

MemTotal:        4016004 kB
MemFree:          124848 kB
Active:           463596 kB
Mem:          3.8G       3.7G       125M       5.7M        28M       3.2G

MemTotal:        4016004 kB
MemFree:          124572 kB
Active:           457936 kB
Mem:          3.8G       3.7G       132M       5.7M        28M       3.2G

MemTotal:        4016004 kB
MemFree:          143156 kB
Active:           452732 kB
Mem:          3.8G       3.7G       139M       5.7M        28M       3.2G

MemTotal:        4016004 kB
MemFree:          134408 kB
Active:           452320 kB
Mem:          3.8G       3.7G       130M       5.7M        28M       3.2G

MemTotal:        4016004 kB
MemFree:          123476 kB
Active:           451228 kB
Mem:          3.8G       3.7G       120M       5.7M        28M       3.3G

MemTotal:        4016004 kB
MemFree:          122536 kB
Active:           449924 kB
Mem:          3.8G       3.7G       119M       5.7M        28M       3.3G

MemTotal:        4016004 kB
MemFree:          122296 kB
Active:           449932 kB
Mem:          3.8G       3.7G       119M       5.7M        28M       3.3G

MemTotal:        4016004 kB
MemFree:          139448 kB
Active:           446128 kB
Mem:          3.8G       3.7G       135M       5.7M        28M       3.2G

MemTotal:        4016004 kB
MemFree:          134500 kB
Active:           444796 kB
Mem:          3.8G       3.7G       130M       5.7M        28M       3.2G

MemTotal:        4016004 kB
MemFree:          129988 kB
Active:           443132 kB
Mem:          3.8G       3.7G       126M       5.7M        28M       3.3G

MemTotal:        4016004 kB
MemFree:          130448 kB
Active:           441532 kB
Mem:          3.8G       3.7G       126M       5.7M        28M       3.3G

MemTotal:        4016004 kB
MemFree:          132352 kB
Active:           439860 kB
Mem:          3.8G       3.7G       128M       5.7M        28M       3.2G

MemTotal:        4016004 kB
MemFree:          139932 kB
Active:           438140 kB
Mem:          3.8G       3.7G       135M       5.7M        28M       3.2G

MemTotal:        4016004 kB
MemFree:          129584 kB
Active:           436792 kB
Mem:          3.8G       3.7G       125M       5.7M        28M       3.3G

MemTotal:        4016004 kB
MemFree:          132384 kB
Active:           435788 kB
Mem:          3.8G       3.7G       129M       5.7M        28M       3.2G

MemTotal:        4016004 kB
MemFree:          128792 kB
Active:           435728 kB
Mem:          3.8G       3.7G       125M       5.7M        28M       3.2G

MemTotal:        4016004 kB
MemFree:          127176 kB
Active:           435652 kB
Mem:          3.8G       3.7G       123M       5.7M        28M       3.3G

MemTotal:        4016004 kB
MemFree:          105592 kB
Active:           435264 kB
Mem:          3.8G       3.7G       102M       5.7M        28M       3.3G

MemTotal:        4016004 kB
MemFree:          131512 kB
Active:           432736 kB
Mem:          3.8G       3.7G       128M       5.7M        28M       3.2G

MemTotal:        4016004 kB
MemFree:          109856 kB
Active:           432124 kB
Mem:          3.8G       3.7G       105M       5.7M        28M       3.3G

MemTotal:        4016004 kB
MemFree:          134344 kB
Active:           427856 kB
Mem:          3.8G       3.7G       130M       5.7M        28M       3.2G

MemTotal:        4016004 kB
MemFree:          135364 kB
Active:           425860 kB
Mem:          3.8G       3.7G       131M       5.7M        28M       3.2G

MemTotal:        4016004 kB
MemFree:          142072 kB
Active:           423904 kB
Mem:          3.8G       3.7G       137M       5.7M        28M       3.2G

MemTotal:        4016004 kB
MemFree:          131372 kB
Active:           422764 kB
Mem:          3.8G       3.7G       127M       5.7M        28M       3.2G

MemTotal:        4016004 kB
MemFree:          120492 kB
Active:           422728 kB
Mem:          3.8G       3.7G       117M       5.7M        28M       3.3G

MemTotal:        4016004 kB
MemFree:          108212 kB
Active:           420828 kB
Mem:          3.8G       3.7G       104M       5.7M        28M       3.3G

MemTotal:        4016004 kB
MemFree:          115988 kB
Active:           416972 kB
Mem:          3.8G       3.7G       111M       5.7M        28M       3.3G

MemTotal:        4016004 kB
MemFree:          105060 kB
Active:           415852 kB
Mem:          3.8G       3.7G       124M       5.7M        28M       3.2G

MemTotal:        4016004 kB
MemFree:          123596 kB
Active:           413676 kB
Mem:          3.8G       3.7G       120M       5.7M        28M       3.3G

MemTotal:        4016004 kB
MemFree:          106980 kB
Active:           412552 kB
Mem:          3.8G       3.7G       103M       5.7M        28M       3.3G

MemTotal:        4016004 kB
MemFree:          109632 kB
Active:           411360 kB
Mem:          3.8G       3.7G       106M       5.7M        28M       3.3G

MemTotal:        4016004 kB
MemFree:          124172 kB
Active:           409596 kB
Mem:          3.8G       3.7G       120M       5.7M        28M       3.3G

MemTotal:        4016004 kB
MemFree:          107320 kB
Active:           408464 kB
Mem:          3.8G       3.7G       104M       5.7M        28M       3.3G

MemTotal:        4016004 kB
MemFree:          106760 kB
Active:           407556 kB
Mem:          3.8G       3.7G       104M       5.7M        28M       3.3G

MemTotal:        4016004 kB
MemFree:          124848 kB
Active:           406272 kB
Mem:          3.8G       3.7G       120M       5.7M        28M       3.3G

MemTotal:        4016004 kB
MemFree:          114508 kB
Active:           403104 kB
Mem:          3.8G       3.7G       110M       5.7M        28M       3.3G

MemTotal:        4016004 kB
MemFree:          128500 kB
Active:           403308 kB
Mem:          3.8G       3.7G       124M       5.7M        28M       3.2G

MemTotal:        4016004 kB
MemFree:          118392 kB
Active:           402192 kB
Mem:          3.8G       3.7G       114M       5.7M        28M       3.3G

MemTotal:        4016004 kB
MemFree:          107508 kB
Active:           401052 kB
Mem:          3.8G       3.7G       104M       5.7M        28M       3.3G

MemTotal:        4016004 kB
MemFree:          114808 kB
Active:           397424 kB
Mem:          3.8G       3.7G       111M       5.7M        28M       3.3G

MemTotal:        4016004 kB
MemFree:          111260 kB
Active:           397456 kB
Mem:          3.8G       3.7G       108M       5.7M        28M       3.3G

MemTotal:        4016004 kB
MemFree:          111584 kB
Active:           396276 kB
Mem:          3.8G       3.7G       108M       5.7M        28M       3.3G

MemTotal:        4016004 kB
MemFree:          125536 kB
Active:           394528 kB
Mem:          3.8G       3.7G       121M       5.7M        28M       3.3G

MemTotal:        4016004 kB
MemFree:          108676 kB
Active:           393460 kB
Mem:          3.8G       3.7G       105M       5.7M        28M       3.3G

MemTotal:        4016004 kB
MemFree:          110552 kB
Active:           392316 kB
Mem:          3.8G       3.7G       106M       5.7M        28M       3.3G

MemTotal:        4016004 kB
MemFree:          127504 kB
Active:           388172 kB
Mem:          3.8G       3.7G       123M       5.7M        28M       3.2G

MemTotal:        4016004 kB
MemFree:          122428 kB
Active:           389032 kB
Mem:          3.8G       3.7G       124M       5.7M        28M       3.2G

MemTotal:        4016004 kB
MemFree:          130132 kB
Active:           387252 kB
Mem:          3.8G       3.7G       126M       5.7M        28M       3.2G

MemTotal:        4016004 kB
MemFree:          120392 kB
Active:           386100 kB
Mem:          3.8G       3.7G       117M       5.7M        28M       3.3G

MemTotal:        4016004 kB
MemFree:          117212 kB
Active:           384304 kB
Mem:          3.8G       3.7G       114M       5.7M        28M       3.3G

MemTotal:        4016004 kB
MemFree:          107908 kB
Active:           383160 kB
Mem:          3.8G       3.7G       104M       5.7M        28M       3.3G

MemTotal:        4016004 kB
MemFree:          108572 kB
Active:           379524 kB
Mem:          3.8G       3.7G       105M       5.7M        28M       3.3G

MemTotal:        4016004 kB
MemFree:          142716 kB
Active:           377448 kB
Mem:          3.8G       3.7G       139M       5.7M        28M       3.2G

MemTotal:        4016004 kB
MemFree:          141372 kB
Active:           377484 kB
Mem:          3.8G       3.7G       138M       5.7M        28M       3.2G

MemTotal:        4016004 kB
MemFree:          141996 kB
Active:           377484 kB
Mem:          3.8G       3.7G       138M       5.7M        28M       3.2G

MemTotal:        4016004 kB
MemFree:          141688 kB
Active:           377500 kB
Mem:          3.8G       3.7G       138M       5.7M        28M       3.2G

MemTotal:        4016004 kB
MemFree:          117528 kB
Active:           377524 kB
Mem:          3.8G       3.7G       113M       5.7M        28M       3.3G

MemTotal:        4016004 kB
MemFree:          123664 kB
Active:           376004 kB
Mem:          3.8G       3.7G       120M       5.7M        28M       3.3G

MemTotal:        4016004 kB
MemFree:          113232 kB
Active:           376004 kB
Mem:          3.8G       3.7G       109M       5.7M        28M       3.3G

MemTotal:        4016004 kB
MemFree:          127976 kB
Active:           375992 kB
Mem:          3.8G       3.7G       124M       5.7M        28M       3.2G

MemTotal:        4016004 kB
MemFree:          111428 kB
Active:           375992 kB
Mem:          3.8G       3.7G       107M       5.7M        28M       3.3G

MemTotal:        4016004 kB
MemFree:          124884 kB
Active:           375984 kB
Mem:          3.8G       3.7G       121M       5.7M        28M       3.2G

MemTotal:        4016004 kB
MemFree:          136896 kB
Active:           376016 kB
Mem:          3.8G       3.7G       133M       5.7M        28M       3.2G

MemTotal:        4016004 kB
MemFree:          130596 kB
Active:           373144 kB
Mem:          3.8G       3.7G       126M       5.7M        28M       3.2G

MemTotal:        4016004 kB
MemFree:          123188 kB
Active:           373172 kB
Mem:          3.8G       3.7G       119M       5.7M        28M       3.3G

MemTotal:        4016004 kB
MemFree:          123652 kB
Active:           373132 kB
Mem:          3.8G       3.7G       120M       5.7M        28M       3.2G

MemTotal:        4016004 kB
MemFree:          111732 kB
Active:           373168 kB
Mem:          3.8G       3.7G       107M       5.7M        28M       3.3G

MemTotal:        4016004 kB
MemFree:          112832 kB
Active:           373192 kB
Mem:          3.8G       3.7G       108M       5.7M        28M       3.3G

MemTotal:        4016004 kB
MemFree:          125760 kB
Active:           373144 kB
Mem:          3.8G       3.7G       122M       5.7M        28M       3.2G

MemTotal:        4016004 kB
MemFree:          110512 kB
Active:           373204 kB
Mem:          3.8G       3.7G       107M       5.7M        28M       3.3G

MemTotal:        4016004 kB
MemFree:          122568 kB
Active:           373180 kB
Mem:          3.8G       3.7G       119M       5.7M        28M       3.3G

MemTotal:        4016004 kB
MemFree:          111684 kB
Active:           373092 kB
Mem:          3.8G       3.7G       108M       5.7M        28M       3.3G

MemTotal:        4016004 kB
MemFree:          124980 kB
Active:           373132 kB
Mem:          3.8G       3.7G       121M       5.7M        28M       3.2G

MemTotal:        4016004 kB
MemFree:          125984 kB
Active:           372968 kB
Mem:          3.8G       3.7G       121M       5.7M        28M       3.2G

MemTotal:        4016004 kB
MemFree:          116136 kB
Active:           372992 kB
Mem:          3.8G       3.7G       113M       5.7M        28M       3.3G

MemTotal:        4016004 kB
MemFree:          133992 kB
Active:           373028 kB
Mem:          3.8G       3.7G       129M       5.7M        28M       3.2G

MemTotal:        4016004 kB
MemFree:          134932 kB
Active:           372972 kB
Mem:          3.8G       3.7G       131M       5.7M        28M       3.2G

MemTotal:        4016004 kB
MemFree:          143192 kB
Active:           372908 kB
Mem:          3.8G       3.7G       139M       5.7M        28M       3.2G

MemTotal:        4016004 kB
MemFree:          119632 kB
Active:           372912 kB
Mem:          3.8G       3.7G       116M       5.7M        28M       3.3G

MemTotal:        4016004 kB
MemFree:          131148 kB
Active:           372932 kB
Mem:          3.8G       3.7G       127M       5.7M        28M       3.2G

MemTotal:        4016004 kB
MemFree:          130564 kB
Active:           372960 kB
Mem:          3.8G       3.7G       127M       5.7M        28M       3.2G

MemTotal:        4016004 kB
MemFree:          129792 kB
Active:           372956 kB
Mem:          3.8G       3.7G       126M       5.7M        28M       3.2G

MemTotal:        4016004 kB
MemFree:          110684 kB
Active:           372976 kB
Mem:          3.8G       3.7G       107M       5.7M        28M       3.3G

MemTotal:        4016004 kB
MemFree:          105984 kB
Active:           372972 kB
Mem:          3.8G       3.7G       102M       5.7M        28M       3.3G

MemTotal:        4016004 kB
MemFree:          127276 kB
Active:           372976 kB
Mem:          3.8G       3.7G       123M       5.7M        28M       3.2G

MemTotal:        4016004 kB
MemFree:          120220 kB
Active:           372996 kB
Mem:          3.8G       3.7G       116M       5.7M        28M       3.3G

MemTotal:        4016004 kB
MemFree:          109832 kB
Active:           372804 kB
Mem:          3.8G       3.7G       106M       5.7M        28M       3.3G

MemTotal:        4016004 kB
MemFree:          109348 kB
Active:           372808 kB
Mem:          3.8G       3.7G       105M       5.7M        28M       3.3G

MemTotal:        4016004 kB
MemFree:          134812 kB
Active:           372028 kB
Mem:          3.8G       3.7G       131M       5.7M        28M       3.2G

MemTotal:        4016004 kB
MemFree:          107916 kB
Active:           372028 kB
Mem:          3.8G       3.7G       105M       5.7M        28M       3.3G

MemTotal:        4016004 kB
MemFree:          129336 kB
Active:           372036 kB
Mem:          3.8G       3.7G       125M       5.7M        28M       3.2G

MemTotal:        4016004 kB
MemFree:          129300 kB
Active:           372036 kB
Mem:          3.8G       3.7G       125M       5.7M        28M       3.2G

MemTotal:        4016004 kB
MemFree:          118992 kB
Active:           372036 kB
Mem:          3.8G       3.7G       114M       5.7M        28M       3.3G

MemTotal:        4016004 kB
MemFree:          145804 kB
Active:           372048 kB
Mem:          3.8G       3.7G       141M       5.7M        28M       3.2G

MemTotal:        4016004 kB
MemFree:          135124 kB
Active:           372056 kB
Mem:          3.8G       3.7G       130M       5.7M        28M       3.2G

MemTotal:        4016004 kB
MemFree:          123376 kB
Active:           372056 kB
Mem:          3.8G       3.7G       119M       5.7M        28M       3.2G

MemTotal:        4016004 kB
MemFree:          129820 kB
Active:           369524 kB
Mem:          3.8G       3.7G       125M       5.7M        28M       3.2G

MemTotal:        4016004 kB
MemFree:          118644 kB
Active:           369524 kB
Mem:          3.8G       3.7G       115M       5.7M        28M       3.3G

MemTotal:        4016004 kB
MemFree:          108108 kB
Active:           369524 kB
Mem:          3.8G       3.7G       104M       5.7M        28M       3.3G

MemTotal:        4016004 kB
MemFree:          111504 kB
Active:           369536 kB
Mem:          3.8G       3.7G       107M       5.7M        28M       3.3G

MemTotal:        4016004 kB
MemFree:          118352 kB
Active:           369536 kB
Mem:          3.8G       3.7G       114M       5.7M        28M       3.3G

MemTotal:        4016004 kB
MemFree:          107700 kB
Active:           369536 kB
Mem:          3.8G       3.7G       104M       5.7M        28M       3.3G

MemTotal:        4016004 kB
MemFree:          132388 kB
Active:           369540 kB
Mem:          3.8G       3.7G       129M       5.7M        28M       3.2G

MemTotal:        4016004 kB
MemFree:          133252 kB
Active:           369396 kB
Mem:          3.8G       3.7G       128M       5.7M        28M       3.2G

MemTotal:        4016004 kB
MemFree:          133528 kB
Active:           369404 kB
Mem:          3.8G       3.7G       129M       5.7M        28M       3.2G

MemTotal:        4016004 kB
MemFree:          135120 kB
Active:           369380 kB
Mem:          3.8G       3.7G       131M       5.7M        28M       3.2G

MemTotal:        4016004 kB
MemFree:          105452 kB
Active:           371440 kB
Mem:          3.8G       3.7G       102M       5.7M        28M       3.3G

MemTotal:        4016004 kB
MemFree:          120224 kB
Active:           371452 kB
Mem:          3.8G       3.7G       116M       5.7M        28M       3.2G

MemTotal:        4016004 kB
MemFree:          109760 kB
Active:           371452 kB
Mem:          3.8G       3.7G       106M       5.7M        28M       3.3G

MemTotal:        4016004 kB
MemFree:          123664 kB
Active:           371452 kB
Mem:          3.8G       3.7G       120M       5.7M        28M       3.2G

MemTotal:        4016004 kB
MemFree:          121804 kB
Active:           371456 kB
Mem:          3.8G       3.7G       117M       5.7M        28M       3.2G

MemTotal:        4016004 kB
MemFree:          111060 kB
Active:           371460 kB
Mem:          3.8G       3.7G       108M       5.7M        28M       3.3G

MemTotal:        4016004 kB
MemFree:          119264 kB
Active:           371460 kB
Mem:          3.8G       3.7G       114M       5.7M        28M       3.2G

MemTotal:        4016004 kB
MemFree:          110708 kB
Active:           368660 kB
Mem:          3.8G       3.7G       107M       5.7M        28M       3.3G

MemTotal:        4016004 kB
MemFree:          129444 kB
Active:           368668 kB
Mem:          3.8G       3.7G       125M       5.7M        28M       3.2G

MemTotal:        4016004 kB
MemFree:          119040 kB
Active:           368668 kB
Mem:          3.8G       3.7G       115M       5.7M        28M       3.2G

MemTotal:        4016004 kB
MemFree:          123344 kB
Active:           368672 kB
Mem:          3.8G       3.7G       119M       5.7M        28M       3.2G

MemTotal:        4016004 kB
MemFree:          129104 kB
Active:           368672 kB
Mem:          3.8G       3.7G       125M       5.7M        28M       3.2G

MemTotal:        4016004 kB
MemFree:          115360 kB
Active:           368684 kB
Mem:          3.8G       3.7G       111M       5.7M        28M       3.2G

MemTotal:        4016004 kB
MemFree:          128076 kB
Active:           368684 kB
Mem:          3.8G       3.7G       124M       5.7M        28M       3.2G

MemTotal:        4016004 kB
MemFree:          123620 kB
Active:           368688 kB
Mem:          3.8G       3.7G       119M       5.7M        28M       3.2G

MemTotal:        4016004 kB
MemFree:          128804 kB
Active:           367996 kB
Mem:          3.8G       3.7G       125M       5.7M        28M       3.2G

MemTotal:        4016004 kB
MemFree:          125176 kB
Active:           367936 kB
Mem:          3.8G       3.7G       121M       5.7M        28M       3.2G

MemTotal:        4016004 kB
MemFree:          126752 kB
Active:           367936 kB
Mem:          3.8G       3.7G       122M       5.7M        28M       3.2G

MemTotal:        4016004 kB
MemFree:          122364 kB
Active:           367916 kB
Mem:          3.8G       3.7G       118M       5.7M        28M       3.2G

MemTotal:        4016004 kB
MemFree:          105032 kB
Active:           367912 kB
Mem:          3.8G       3.7G       125M       5.7M        28M       3.2G

MemTotal:        4016004 kB
MemFree:          107076 kB
Active:           367964 kB
Mem:          3.8G       3.7G       103M       5.7M        28M       3.3G

MemTotal:        4016004 kB
MemFree:          125748 kB
Active:           367924 kB
Mem:          3.8G       3.7G       122M       5.7M        28M       3.2G

MemTotal:        4016004 kB
MemFree:          116136 kB
Active:           367924 kB
Mem:          3.8G       3.7G       112M       5.7M        28M       3.2G

MemTotal:        4016004 kB
MemFree:          128016 kB
Active:           367948 kB
Mem:          3.8G       3.7G       124M       5.7M        28M       3.2G

MemTotal:        4016004 kB
MemFree:          127460 kB
Active:           367984 kB
Mem:          3.8G       3.7G       124M       5.7M        28M       3.2G

MemTotal:        4016004 kB
MemFree:          108036 kB
Active:           367948 kB
Mem:          3.8G       3.7G       104M       5.7M        28M       3.3G

MemTotal:        4016004 kB
MemFree:          129972 kB
Active:           363200 kB
Mem:          3.8G       3.7G       125M       5.7M        28M       3.2G

MemTotal:        4016004 kB
MemFree:          131476 kB
Active:           363220 kB
Mem:          3.8G       3.7G       127M       5.7M        28M       3.2G

MemTotal:        4016004 kB
MemFree:          131132 kB
Active:           363180 kB
Mem:          3.8G       3.7G       127M       5.7M        28M       3.2G

MemTotal:        4016004 kB
MemFree:          132180 kB
Active:           364492 kB
Mem:          3.8G       3.7G       128M       5.7M        28M       3.2G

MemTotal:        4016004 kB
MemFree:          122412 kB
Active:           364492 kB
Mem:          3.8G       3.7G       118M       5.7M        28M       3.2G

MemTotal:        4016004 kB
MemFree:          111652 kB
Active:           364472 kB
Mem:          3.8G       3.7G       108M       5.7M        28M       3.3G

MemTotal:        4016004 kB
MemFree:          125056 kB
Active:           364496 kB
Mem:          3.8G       3.7G       132M       5.7M        28M       3.2G

MemTotal:        4016004 kB
MemFree:          138756 kB
Active:           364368 kB
Mem:          3.8G       3.7G       134M       5.7M        28M       3.2G

MemTotal:        4016004 kB
MemFree:          140596 kB
Active:           364372 kB
Mem:          3.8G       3.7G       136M       5.7M        28M       3.2G

MemTotal:        4016004 kB
MemFree:          106220 kB
Active:           364372 kB
Mem:          3.8G       3.7G       103M       5.7M        28M       3.3G

MemTotal:        4016004 kB
MemFree:          126024 kB
Active:           362364 kB
Mem:          3.8G       3.7G       122M       5.7M        28M       3.2G

MemTotal:        4016004 kB
MemFree:          132936 kB
Active:           362388 kB
Mem:          3.8G       3.7G       128M       5.7M        28M       3.2G

MemTotal:        4016004 kB
MemFree:          122072 kB
Active:           362360 kB
Mem:          3.8G       3.7G       118M       5.7M        28M       3.2G

MemTotal:        4016004 kB
MemFree:          114216 kB
Active:           362376 kB
Mem:          3.8G       3.7G       111M       5.7M        28M       3.2G

MemTotal:        4016004 kB
MemFree:          133236 kB
Active:           362364 kB
Mem:          3.8G       3.7G       129M       5.7M        28M       3.2G

MemTotal:        4016004 kB
MemFree:          122212 kB
Active:           362396 kB
Mem:          3.8G       3.7G       118M       5.7M        28M       3.2G

MemTotal:        4016004 kB
MemFree:          105500 kB
Active:           362416 kB
Mem:          3.8G       3.7G       125M       5.7M        28M       3.2G

MemTotal:        4016004 kB
MemFree:          124732 kB
Active:           362380 kB
Mem:          3.8G       3.7G       120M       5.7M        28M       3.2G

MemTotal:        4016004 kB
MemFree:          127696 kB
Active:           362372 kB
Mem:          3.8G       3.7G       123M       5.7M        28M       3.2G

MemTotal:        4016004 kB
MemFree:          122912 kB
Active:           362396 kB
Mem:          3.8G       3.7G       119M       5.7M        28M       3.2G

MemTotal:        4016004 kB
MemFree:          105704 kB
Active:           362372 kB
Mem:          3.8G       3.7G       102M       5.7M        28M       3.3G

MemTotal:        4016004 kB
MemFree:          127684 kB
Active:           359080 kB
Mem:          3.8G       3.7G       124M       5.7M        28M       3.2G

MemTotal:        4016004 kB
MemFree:          127464 kB
Active:           359136 kB
Mem:          3.8G       3.7G       124M       5.7M        28M       3.2G

MemTotal:        4016004 kB
MemFree:          122928 kB
Active:           359120 kB
Mem:          3.8G       3.7G       119M       5.7M        28M       3.2G

MemTotal:        4016004 kB
MemFree:          121512 kB
Active:           359156 kB
Mem:          3.8G       3.7G       117M       5.7M        28M       3.2G

MemTotal:        4016004 kB
MemFree:          111296 kB
Active:           359172 kB
Mem:          3.8G       3.7G       108M       5.7M        28M       3.2G

MemTotal:        4016004 kB
MemFree:          124884 kB
Active:           359172 kB
Mem:          3.8G       3.7G       122M       5.7M        28M       3.2G

MemTotal:        4016004 kB
MemFree:          107492 kB
Active:           359180 kB
Mem:          3.8G       3.7G       104M       5.7M        28M       3.3G

MemTotal:        4016004 kB
MemFree:          133172 kB
Active:           359180 kB
Mem:          3.8G       3.7G       129M       5.7M        28M       3.2G

MemTotal:        4016004 kB
MemFree:          123156 kB
Active:           359180 kB
Mem:          3.8G       3.7G       119M       5.7M        28M       3.2G

MemTotal:        4016004 kB
MemFree:          124160 kB
Active:           359180 kB
Mem:          3.8G       3.7G       120M       5.7M        28M       3.2G

MemTotal:        4016004 kB
MemFree:          131116 kB
Active:           359180 kB
Mem:          3.8G       3.7G       124M       5.7M        28M       3.2G

MemTotal:        4016004 kB
MemFree:          119084 kB
Active:           360328 kB
Mem:          3.8G       3.7G       115M       5.7M        28M       3.2G

MemTotal:        4016004 kB
MemFree:          108152 kB
Active:           360328 kB
Mem:          3.8G       3.7G       105M       5.7M        28M       3.2G

MemTotal:        4016004 kB
MemFree:          109204 kB
Active:           360328 kB
Mem:          3.8G       3.7G       105M       5.7M        28M       3.2G

MemTotal:        4016004 kB
MemFree:          118908 kB
Active:           357540 kB
Mem:          3.8G       3.7G       115M       5.7M        28M       3.2G

MemTotal:        4016004 kB
MemFree:          130748 kB
Active:           357540 kB
Mem:          3.8G       3.7G       127M       5.7M        28M       3.2G

MemTotal:        4016004 kB
MemFree:          133304 kB
Active:           357560 kB
Mem:          3.8G       3.7G       128M       5.7M        28M       3.2G

MemTotal:        4016004 kB
MemFree:          109092 kB
Active:           357560 kB
Mem:          3.8G       3.7G       106M       5.7M        28M       3.2G

MemTotal:        4016004 kB
MemFree:          109156 kB
Active:           357560 kB
Mem:          3.8G       3.7G       105M       5.7M        28M       3.2G

MemTotal:        4016004 kB
MemFree:          123660 kB
Active:           357576 kB
Mem:          3.8G       3.7G       119M       5.7M        28M       3.2G

MemTotal:        4016004 kB
MemFree:          106688 kB
Active:           357580 kB
Mem:          3.8G       3.7G       103M       5.7M        28M       3.2G

MemTotal:        4016004 kB
MemFree:          133864 kB
Active:           357452 kB
Mem:          3.8G       3.7G       130M       5.7M        28M       3.2G

MemTotal:        4016004 kB
MemFree:          134252 kB
Active:           357460 kB
Mem:          3.8G       3.7G       130M       5.7M        28M       3.2G

MemTotal:        4016004 kB
MemFree:          134856 kB
Active:           357460 kB
Mem:          3.8G       3.7G       131M       5.7M        28M       3.2G

MemTotal:        4016004 kB
MemFree:          125256 kB
Active:           357460 kB
Mem:          3.8G       3.7G       121M       5.7M        28M       3.2G

MemTotal:        4016004 kB
MemFree:          129128 kB
Active:           357460 kB
Mem:          3.8G       3.7G       124M       5.7M        28M       3.2G

MemTotal:        4016004 kB
MemFree:          136704 kB
Active:           357468 kB
Mem:          3.8G       3.7G       132M       5.7M        28M       3.2G

MemTotal:        4016004 kB
MemFree:          125912 kB
Active:           357468 kB
Mem:          3.8G       3.7G       121M       5.7M        28M       3.2G

MemTotal:        4016004 kB
MemFree:          109184 kB
Active:           357468 kB
Mem:          3.8G       3.7G       106M       5.7M        28M       3.2G

MemTotal:        4016004 kB
MemFree:          127920 kB
Active:           353756 kB
Mem:          3.8G       3.7G       124M       5.7M        28M       3.2G

MemTotal:        4016004 kB
MemFree:          126520 kB
Active:           353768 kB
Mem:          3.8G       3.7G       123M       5.7M        28M       3.2G

MemTotal:        4016004 kB
MemFree:          121948 kB
Active:           353780 kB
Mem:          3.8G       3.7G       119M       5.7M        28M       3.2G

MemTotal:        4016004 kB
MemFree:          120816 kB
Active:           353780 kB
Mem:          3.8G       3.7G       117M       5.7M        28M       3.2G

MemTotal:        4016004 kB
MemFree:          110800 kB
Active:           353792 kB
Mem:          3.8G       3.7G       106M       5.7M        28M       3.2G

MemTotal:        4016004 kB
MemFree:          126684 kB
Active:           353792 kB
Mem:          3.8G       3.7G       122M       5.7M        28M       3.2G

MemTotal:        4016004 kB
MemFree:          110344 kB
Active:           353800 kB
Mem:          3.8G       3.7G       106M       5.7M        28M       3.2G

MemTotal:        4016004 kB
MemFree:          135264 kB
Active:           353800 kB
Mem:          3.8G       3.7G       131M       5.7M        28M       3.2G

MemTotal:        4016004 kB
MemFree:          136672 kB
Active:           353800 kB
Mem:          3.8G       3.7G       132M       5.7M        28M       3.2G

MemTotal:        4016004 kB
MemFree:          126020 kB
Active:           353800 kB
Mem:          3.8G       3.7G       122M       5.7M        28M       3.2G

MemTotal:        4016004 kB
MemFree:          127644 kB
Active:           353800 kB
Mem:          3.8G       3.7G       123M       5.7M        28M       3.2G

MemTotal:        4016004 kB
MemFree:          141156 kB
Active:           353808 kB
Mem:          3.8G       3.7G       137M       5.7M        28M       3.2G

MemTotal:        4016004 kB
MemFree:          135416 kB
Active:           353808 kB
Mem:          3.8G       3.7G       131M       5.7M        28M       3.2G

MemTotal:        4016004 kB
MemFree:          125640 kB
Active:           353808 kB
Mem:          3.8G       3.7G       122M       5.7M        28M       3.2G

MemTotal:        4016004 kB
MemFree:          121488 kB
Active:           353808 kB
Mem:          3.8G       3.7G       116M       5.7M        28M       3.2G

MemTotal:        4016004 kB
MemFree:          110236 kB
Active:           353808 kB
Mem:          3.8G       3.7G       106M       5.7M        28M       3.2G

MemTotal:        4016004 kB
MemFree:          131760 kB
Active:           353840 kB
Mem:          3.8G       3.7G       128M       5.7M        28M       3.2G

MemTotal:        4016004 kB
MemFree:          122056 kB
Active:           353704 kB
Mem:          3.8G       3.7G       118M       5.7M        28M       3.2G

MemTotal:        4016004 kB
MemFree:          122552 kB
Active:           353704 kB
Mem:          3.8G       3.7G       119M       5.7M        28M       3.2G

MemTotal:        4016004 kB
MemFree:          111968 kB
Active:           353704 kB
Mem:          3.8G       3.7G       108M       5.7M        28M       3.2G

MemTotal:        4016004 kB
MemFree:          141044 kB
Active:           353484 kB
Mem:          3.8G       3.7G       137M       5.7M        28M       3.2G

MemTotal:        4016004 kB
MemFree:          140968 kB
Active:           353352 kB
Mem:          3.8G       3.7G       137M       5.7M        28M       3.2G

MemTotal:        4016004 kB
MemFree:          141092 kB
Active:           353384 kB
Mem:          3.8G       3.7G       137M       5.7M        28M       3.2G

MemTotal:        4016004 kB
MemFree:          141092 kB
Active:           353392 kB
Mem:          3.8G       3.7G       137M       5.7M        28M       3.2G

MemTotal:        4016004 kB
MemFree:          141092 kB
Active:           353392 kB
Mem:          3.8G       3.7G       137M       5.7M        28M       3.2G

MemTotal:        4016004 kB
MemFree:          141588 kB
Active:           353408 kB
Mem:          3.8G       3.7G       138M       5.7M        28M       3.2G

MemTotal:        4016004 kB
MemFree:          141836 kB
Active:           353380 kB
Mem:          3.8G       3.7G       138M       5.7M        28M       3.2G

MemTotal:        4016004 kB
MemFree:          141588 kB
Active:           353380 kB
Mem:          3.8G       3.7G       138M       5.7M        28M       3.2G

MemTotal:        4016004 kB
MemFree:          141588 kB
Active:           353376 kB
Mem:          3.8G       3.7G       138M       5.7M        28M       3.2G

MemTotal:        4016004 kB
MemFree:          141712 kB
Active:           353388 kB
Mem:          3.8G       3.7G       138M       5.7M        28M       3.2G

MemTotal:        4016004 kB
MemFree:          141588 kB
Active:           353416 kB
Mem:          3.8G       3.7G       138M       5.7M        28M       3.2G

MemTotal:        4016004 kB
MemFree:          141588 kB
Active:           353420 kB
Mem:          3.8G       3.7G       138M       5.7M        28M       3.2G

MemTotal:        4016004 kB
MemFree:          141588 kB
Active:           353416 kB
Mem:          3.8G       3.7G       138M       5.7M        28M       3.2G

MemTotal:        4016004 kB
MemFree:          141588 kB
Active:           353388 kB
Mem:          3.8G       3.7G       138M       5.7M        28M       3.2G

MemTotal:        4016004 kB
MemFree:          141712 kB
Active:           353404 kB
Mem:          3.8G       3.7G       138M       5.7M        28M       3.2G

MemTotal:        4016004 kB
MemFree:          141836 kB
Active:           353420 kB
Mem:          3.8G       3.7G       138M       5.7M        28M       3.2G

MemTotal:        4016004 kB
MemFree:          141712 kB
Active:           353392 kB
Mem:          3.8G       3.7G       138M       5.7M        28M       3.2G

MemTotal:        4016004 kB
MemFree:          141464 kB
Active:           353396 kB
Mem:          3.8G       3.7G       138M       5.7M        28M       3.2G

MemTotal:        4016004 kB
MemFree:          141464 kB
Active:           353408 kB
Mem:          3.8G       3.7G       138M       5.7M        28M       3.2G

MemTotal:        4016004 kB
MemFree:          141464 kB
Active:           353432 kB
Mem:          3.8G       3.7G       138M       5.7M        28M       3.2G

MemTotal:        4016004 kB
MemFree:          141588 kB
Active:           353428 kB
Mem:          3.8G       3.7G       138M       5.7M        28M       3.2G

MemTotal:        4016004 kB
MemFree:          141588 kB
Active:           353404 kB
Mem:          3.8G       3.7G       138M       5.7M        28M       3.2G

MemTotal:        4016004 kB
MemFree:          141712 kB
Active:           353420 kB
Mem:          3.8G       3.7G       138M       5.7M        28M       3.2G

MemTotal:        4016004 kB
MemFree:          141836 kB
Active:           353420 kB
Mem:          3.8G       3.7G       138M       5.7M        28M       3.2G

MemTotal:        4016004 kB
MemFree:          141836 kB
Active:           353396 kB
Mem:          3.8G       3.7G       138M       5.7M        28M       3.2G

MemTotal:        4016004 kB
MemFree:          141960 kB
Active:           353420 kB
Mem:          3.8G       3.7G       138M       5.7M        28M       3.2G

MemTotal:        4016004 kB
MemFree:          141712 kB
Active:           353416 kB
Mem:          3.8G       3.7G       138M       5.7M        28M       3.2G

MemTotal:        4016004 kB
MemFree:          141396 kB
Active:           353460 kB
Mem:          3.8G       3.7G       138M       5.7M        28M       3.2G

MemTotal:        4016004 kB
MemFree:          141552 kB
Active:           353412 kB
Mem:          3.8G       3.7G       138M       5.7M        28M       3.2G

MemTotal:        4016004 kB
MemFree:          141712 kB
Active:           353436 kB
Mem:          3.8G       3.7G       138M       5.7M        28M       3.2G

MemTotal:        4016004 kB
MemFree:          141712 kB
Active:           353420 kB
Mem:          3.8G       3.7G       138M       5.7M        28M       3.2G

MemTotal:        4016004 kB
MemFree:          141712 kB
Active:           353460 kB
Mem:          3.8G       3.7G       138M       5.7M        28M       3.2G

MemTotal:        4016004 kB
MemFree:          141712 kB
Active:           353468 kB
Mem:          3.8G       3.7G       138M       5.7M        28M       3.2G

MemTotal:        4016004 kB
MemFree:          141936 kB
Active:           353420 kB
Mem:          3.8G       3.7G       138M       5.7M        28M       3.2G

MemTotal:        4016004 kB
MemFree:          141812 kB
Active:           353464 kB
Mem:          3.8G       3.7G       138M       5.7M        28M       3.2G

MemTotal:        4016004 kB
MemFree:          141688 kB
Active:           353420 kB
Mem:          3.8G       3.7G       138M       5.7M        28M       3.2G

MemTotal:        4016004 kB
MemFree:          141812 kB
Active:           353444 kB
Mem:          3.8G       3.7G       138M       5.7M        28M       3.2G

MemTotal:        4016004 kB
MemFree:          141688 kB
Active:           353476 kB
Mem:          3.8G       3.7G       138M       5.7M        28M       3.2G

MemTotal:        4016004 kB
MemFree:          141936 kB
Active:           353440 kB
Mem:          3.8G       3.7G       138M       5.7M        28M       3.2G

MemTotal:        4016004 kB
MemFree:          142060 kB
Active:           353472 kB
Mem:          3.8G       3.7G       138M       5.7M        28M       3.2G

MemTotal:        4016004 kB
MemFree:          141812 kB
Active:           353460 kB
Mem:          3.8G       3.7G       138M       5.7M        28M       3.2G

MemTotal:        4016004 kB
MemFree:          141812 kB
Active:           353476 kB
Mem:          3.8G       3.7G       138M       5.7M        28M       3.2G

MemTotal:        4016004 kB
MemFree:          141812 kB
Active:           353484 kB
Mem:          3.8G       3.7G       138M       5.7M        28M       3.2G

MemTotal:        4016004 kB
MemFree:          142060 kB
Active:           353452 kB
Mem:          3.8G       3.7G       138M       5.7M        28M       3.2G

MemTotal:        4016004 kB
MemFree:          141936 kB
Active:           353488 kB
Mem:          3.8G       3.7G       138M       5.7M        28M       3.2G

MemTotal:        4016004 kB
MemFree:          142060 kB
Active:           353464 kB
Mem:          3.8G       3.7G       138M       5.7M        28M       3.2G

MemTotal:        4016004 kB
MemFree:          141936 kB
Active:           353480 kB
Mem:          3.8G       3.7G       138M       5.7M        28M       3.2G

MemTotal:        4016004 kB
MemFree:          141812 kB
Active:           353496 kB
Mem:          3.8G       3.7G       138M       5.7M        28M       3.2G

MemTotal:        4016004 kB
MemFree:          141812 kB
Active:           353460 kB
Mem:          3.8G       3.7G       138M       5.7M        28M       3.2G

MemTotal:        4016004 kB
MemFree:          141936 kB
Active:           353456 kB
Mem:          3.8G       3.7G       138M       5.7M        28M       3.2G

MemTotal:        4016004 kB
MemFree:          141936 kB
Active:           353464 kB
Mem:          3.8G       3.7G       138M       5.7M        28M       3.2G

MemTotal:        4016004 kB
MemFree:          141812 kB
Active:           353480 kB
Mem:          3.8G       3.7G       138M       5.7M        28M       3.2G

MemTotal:        4016004 kB
MemFree:          141936 kB
Active:           353508 kB
Mem:          3.8G       3.7G       138M       5.7M        28M       3.2G

MemTotal:        4016004 kB
MemFree:          141812 kB
Active:           353492 kB
Mem:          3.8G       3.7G       138M       5.7M        28M       3.2G

MemTotal:        4016004 kB
MemFree:          141936 kB
Active:           353452 kB
Mem:          3.8G       3.7G       138M       5.7M        28M       3.2G

MemTotal:        4016004 kB
MemFree:          141936 kB
Active:           353500 kB
Mem:          3.8G       3.7G       138M       5.7M        28M       3.2G

MemTotal:        4016004 kB
MemFree:          141812 kB
Active:           353508 kB
Mem:          3.8G       3.7G       138M       5.7M        28M       3.2G

MemTotal:        4016004 kB
MemFree:          141920 kB
Active:           353512 kB
Mem:          3.8G       3.7G       138M       5.7M        28M       3.2G

MemTotal:        4016004 kB
MemFree:          141920 kB
Active:           353496 kB
Mem:          3.8G       3.7G       138M       5.7M        28M       3.2G

MemTotal:        4016004 kB
MemFree:          142292 kB
Active:           353500 kB
Mem:          3.8G       3.7G       138M       5.7M        28M       3.2G

MemTotal:        4016004 kB
MemFree:          141920 kB
Active:           353516 kB
Mem:          3.8G       3.7G       138M       5.7M        28M       3.2G

MemTotal:        4016004 kB
MemFree:          141796 kB
Active:           353524 kB
Mem:          3.8G       3.7G       138M       5.7M        28M       3.2G

MemTotal:        4016004 kB
MemFree:          141920 kB
Active:           353508 kB
Mem:          3.8G       3.7G       138M       5.7M        28M       3.2G

MemTotal:        4016004 kB
MemFree:          141796 kB
Active:           353536 kB
Mem:          3.8G       3.7G       138M       5.7M        28M       3.2G

MemTotal:        4016004 kB
MemFree:          141672 kB
Active:           353496 kB
Mem:          3.8G       3.7G       138M       5.7M        28M       3.2G

MemTotal:        4016004 kB
MemFree:          142168 kB
Active:           353508 kB
Mem:          3.8G       3.7G       138M       5.7M        28M       3.2G

MemTotal:        4016004 kB
MemFree:          141796 kB
Active:           353544 kB
Mem:          3.8G       3.7G       138M       5.7M        28M       3.2G

MemTotal:        4016004 kB
MemFree:          141672 kB
Active:           353496 kB
Mem:          3.8G       3.7G       138M       5.7M        28M       3.2G

MemTotal:        4016004 kB
MemFree:          141672 kB
Active:           353544 kB
Mem:          3.8G       3.7G       138M       5.7M        28M       3.2G

MemTotal:        4016004 kB
MemFree:          141672 kB
Active:           353496 kB
Mem:          3.8G       3.7G       138M       5.7M        28M       3.2G

MemTotal:        4016004 kB
MemFree:          141796 kB
Active:           353564 kB
Mem:          3.8G       3.7G       137M       5.7M        28M       3.2G

MemTotal:        4016004 kB
MemFree:          141548 kB
Active:           353516 kB
Mem:          3.8G       3.7G       138M       5.7M        28M       3.2G

MemTotal:        4016004 kB
MemFree:          141672 kB
Active:           353568 kB
Mem:          3.8G       3.7G       138M       5.7M        28M       3.2G

MemTotal:        4016004 kB
MemFree:          141796 kB
Active:           353536 kB
Mem:          3.8G       3.7G       138M       5.7M        28M       3.2G

MemTotal:        4016004 kB
MemFree:          141672 kB
Active:           353568 kB
Mem:          3.8G       3.7G       138M       5.7M        28M       3.2G

MemTotal:        4016004 kB
MemFree:          141548 kB
Active:           353568 kB
Mem:          3.8G       3.7G       138M       5.7M        28M       3.2G

MemTotal:        4016004 kB
MemFree:          141548 kB
Active:           353568 kB
Mem:          3.8G       3.7G       138M       5.7M        28M       3.2G

MemTotal:        4016004 kB
MemFree:          141672 kB
Active:           353552 kB
Mem:          3.8G       3.7G       138M       5.7M        28M       3.2G

MemTotal:        4016004 kB
MemFree:          141796 kB
Active:           353520 kB
Mem:          3.8G       3.7G       138M       5.7M        28M       3.2G

MemTotal:        4016004 kB
MemFree:          141796 kB
Active:           353576 kB
Mem:          3.8G       3.7G       138M       5.7M        28M       3.2G

MemTotal:        4016004 kB
MemFree:          141796 kB
Active:           353536 kB
Mem:          3.8G       3.7G       138M       5.7M        28M       3.2G

MemTotal:        4016004 kB
MemFree:          141796 kB
Active:           353544 kB
Mem:          3.8G       3.7G       138M       5.7M        28M       3.2G

MemTotal:        4016004 kB
MemFree:          141796 kB
Active:           353536 kB
Mem:          3.8G       3.7G       138M       5.7M        28M       3.2G

MemTotal:        4016004 kB
MemFree:          141796 kB
Active:           353616 kB
Mem:          3.8G       3.7G       138M       5.7M        28M       3.2G

MemTotal:        4016004 kB
MemFree:          141300 kB
Active:           353620 kB
Mem:          3.8G       3.7G       137M       5.7M        28M       3.2G

MemTotal:        4016004 kB
MemFree:          141424 kB
Active:           353592 kB
Mem:          3.8G       3.7G       138M       5.7M        28M       3.2G

MemTotal:        4016004 kB
MemFree:          140912 kB
Active:           353676 kB
Mem:          3.8G       3.7G       137M       5.7M        28M       3.2G

MemTotal:        4016004 kB
MemFree:          141160 kB
Active:           353668 kB
Mem:          3.8G       3.7G       137M       5.7M        28M       3.2G

MemTotal:        4016004 kB
MemFree:          141036 kB
Active:           353656 kB
Mem:          3.8G       3.7G       137M       5.7M        28M       3.2G

MemTotal:        4016004 kB
MemFree:          141532 kB
Active:           353672 kB
Mem:          3.8G       3.7G       138M       5.7M        28M       3.2G

MemTotal:        4016004 kB
MemFree:          141532 kB
Active:           353644 kB
Mem:          3.8G       3.7G       137M       5.7M        28M       3.2G

MemTotal:        4016004 kB
MemFree:          141532 kB
Active:           353660 kB
Mem:          3.8G       3.7G       138M       5.7M        28M       3.2G

MemTotal:        4016004 kB
MemFree:          141408 kB
Active:           353656 kB
Mem:          3.8G       3.7G       138M       5.7M        28M       3.2G

MemTotal:        4016004 kB
MemFree:          141532 kB
Active:           353676 kB
Mem:          3.8G       3.7G       137M       5.7M        28M       3.2G

MemTotal:        4016004 kB
MemFree:          141532 kB
Active:           353632 kB
Mem:          3.8G       3.7G       138M       5.7M        28M       3.2G

MemTotal:        4016004 kB
MemFree:          141656 kB
Active:           353660 kB
Mem:          3.8G       3.7G       138M       5.7M        28M       3.2G

MemTotal:        4016004 kB
MemFree:          141532 kB
Active:           353652 kB
Mem:          3.8G       3.7G       138M       5.7M        28M       3.2G

MemTotal:        4016004 kB
MemFree:          141532 kB
Active:           353700 kB
Mem:          3.8G       3.7G       138M       5.7M        28M       3.2G

MemTotal:        4016004 kB
MemFree:          141656 kB
Active:           353668 kB
Mem:          3.8G       3.7G       138M       5.7M        28M       3.2G

MemTotal:        4016004 kB
MemFree:          141532 kB
Active:           353684 kB
Mem:          3.8G       3.7G       138M       5.7M        28M       3.2G

MemTotal:        4016004 kB
MemFree:          141532 kB
Active:           353672 kB
Mem:          3.8G       3.7G       138M       5.7M        28M       3.2G

MemTotal:        4016004 kB
MemFree:          141408 kB
Active:           353692 kB
Mem:          3.8G       3.7G       138M       5.7M        28M       3.2G

MemTotal:        4016004 kB
MemFree:          141424 kB
Active:           353692 kB
Mem:          3.8G       3.7G       138M       5.7M        28M       3.2G

MemTotal:        4016004 kB
MemFree:          141424 kB
Active:           353680 kB
Mem:          3.8G       3.7G       138M       5.7M        28M       3.2G

MemTotal:        4016004 kB
MemFree:          141424 kB
Active:           353688 kB
Mem:          3.8G       3.7G       137M       5.7M        28M       3.2G

MemTotal:        4016004 kB
MemFree:          141424 kB
Active:           353668 kB
Mem:          3.8G       3.7G       137M       5.7M        28M       3.2G

MemTotal:        4016004 kB
MemFree:          141920 kB
Active:           353704 kB
Mem:          3.8G       3.7G       138M       5.7M        28M       3.2G

MemTotal:        4016004 kB
MemFree:          141672 kB
Active:           353668 kB
Mem:          3.8G       3.7G       138M       5.7M        28M       3.2G

MemTotal:        4016004 kB
MemFree:          141796 kB
Active:           353684 kB
Mem:          3.8G       3.7G       138M       5.7M        28M       3.2G

MemTotal:        4016004 kB
MemFree:          141548 kB
Active:           353668 kB
Mem:          3.8G       3.7G       138M       5.7M        28M       3.2G

MemTotal:        4016004 kB
MemFree:          141672 kB
Active:           353700 kB
Mem:          3.8G       3.7G       138M       5.7M        28M       3.2G

MemTotal:        4016004 kB
MemFree:          141424 kB
Active:           353672 kB
Mem:          3.8G       3.7G       138M       5.7M        28M       3.2G

MemTotal:        4016004 kB
MemFree:          141548 kB
Active:           353684 kB
Mem:          3.8G       3.7G       137M       5.7M        28M       3.2G

MemTotal:        4016004 kB
MemFree:          141300 kB
Active:           353704 kB
Mem:          3.8G       3.7G       138M       5.7M        28M       3.2G

MemTotal:        4016004 kB
MemFree:          141300 kB
Active:           353688 kB
Mem:          3.8G       3.7G       137M       5.7M        28M       3.2G

MemTotal:        4016004 kB
MemFree:          141300 kB
Active:           353720 kB
Mem:          3.8G       3.7G       137M       5.7M        28M       3.2G

MemTotal:        4016004 kB
MemFree:          141424 kB
Active:           353700 kB
Mem:          3.8G       3.7G       137M       5.7M        28M       3.2G

MemTotal:        4016004 kB
MemFree:          141424 kB
Active:           353732 kB
Mem:          3.8G       3.7G       137M       5.7M        28M       3.2G

MemTotal:        4016004 kB
MemFree:          141548 kB
Active:           353732 kB
Mem:          3.8G       3.7G       138M       5.7M        28M       3.2G

MemTotal:        4016004 kB
MemFree:          141424 kB
Active:           353736 kB
Mem:          3.8G       3.7G       138M       5.7M        28M       3.2G

MemTotal:        4016004 kB
MemFree:          141548 kB
Active:           353684 kB
Mem:          3.8G       3.7G       137M       5.7M        28M       3.2G

MemTotal:        4016004 kB
MemFree:          141424 kB
Active:           353720 kB
Mem:          3.8G       3.7G       138M       5.7M        28M       3.2G

MemTotal:        4016004 kB
MemFree:          141548 kB
Active:           353728 kB
Mem:          3.8G       3.7G       138M       5.7M        28M       3.2G

MemTotal:        4016004 kB
MemFree:          141424 kB
Active:           353748 kB
Mem:          3.8G       3.7G       138M       5.7M        28M       3.2G

MemTotal:        4016004 kB
MemFree:          141424 kB
Active:           353692 kB
Mem:          3.8G       3.7G       137M       5.7M        28M       3.2G

MemTotal:        4016004 kB
MemFree:          141300 kB
Active:           353720 kB
Mem:          3.8G       3.7G       137M       5.7M        28M       3.2G

MemTotal:        4016004 kB
MemFree:          141424 kB
Active:           353740 kB
Mem:          3.8G       3.7G       138M       5.7M        28M       3.2G

MemTotal:        4016004 kB
MemFree:          141424 kB
Active:           353716 kB
Mem:          3.8G       3.7G       138M       5.7M        28M       3.2G

MemTotal:        4016004 kB
MemFree:          141424 kB
Active:           353728 kB
Mem:          3.8G       3.7G       137M       5.7M        28M       3.2G

MemTotal:        4016004 kB
MemFree:          141300 kB
Active:           353704 kB
Mem:          3.8G       3.7G       137M       5.7M        28M       3.2G

MemTotal:        4016004 kB
MemFree:          141316 kB
Active:           353716 kB
Mem:          3.8G       3.7G       137M       5.7M        28M       3.2G

MemTotal:        4016004 kB
MemFree:          141440 kB
Active:           353732 kB
Mem:          3.8G       3.7G       138M       5.7M        28M       3.2G

MemTotal:        4016004 kB
MemFree:          141688 kB
Active:           353728 kB
Mem:          3.8G       3.7G       138M       5.7M        28M       3.2G

MemTotal:        4016004 kB
MemFree:          141564 kB
Active:           353756 kB
Mem:          3.8G       3.7G       138M       5.7M        28M       3.2G

MemTotal:        4016004 kB
MemFree:          141316 kB
Active:           353760 kB
Mem:          3.8G       3.7G       138M       5.7M        28M       3.2G

MemTotal:        4016004 kB
MemFree:          141316 kB
Active:           353732 kB
Mem:          3.8G       3.7G       138M       5.7M        28M       3.2G

MemTotal:        4016004 kB
MemFree:          141440 kB
Active:           353756 kB
Mem:          3.8G       3.7G       138M       5.7M        28M       3.2G

MemTotal:        4016004 kB
MemFree:          141316 kB
Active:           353752 kB
Mem:          3.8G       3.7G       138M       5.7M        28M       3.2G

MemTotal:        4016004 kB
MemFree:          141440 kB
Active:           353712 kB
Mem:          3.8G       3.7G       137M       5.7M        28M       3.2G

MemTotal:        4016004 kB
MemFree:          140944 kB
Active:           353784 kB
Mem:          3.8G       3.7G       137M       5.7M        28M       3.2G

MemTotal:        4016004 kB
MemFree:          140944 kB
Active:           353764 kB
Mem:          3.8G       3.7G       137M       5.7M        28M       3.2G

MemTotal:        4016004 kB
MemFree:          141192 kB
Active:           353764 kB
Mem:          3.8G       3.7G       137M       5.7M        28M       3.2G

MemTotal:        4016004 kB
MemFree:          141440 kB
Active:           353752 kB
Mem:          3.8G       3.7G       138M       5.7M        28M       3.2G

MemTotal:        4016004 kB
MemFree:          141564 kB
Active:           353756 kB
Mem:          3.8G       3.7G       138M       5.7M        28M       3.2G

MemTotal:        4016004 kB
MemFree:          141564 kB
Active:           353784 kB
Mem:          3.8G       3.7G       138M       5.7M        28M       3.2G

MemTotal:        4016004 kB
MemFree:          141440 kB
Active:           353752 kB
Mem:          3.8G       3.7G       138M       5.7M        28M       3.2G

MemTotal:        4016004 kB
MemFree:          141564 kB
Active:           353764 kB
Mem:          3.8G       3.7G       138M       5.7M        28M       3.2G

MemTotal:        4016004 kB
MemFree:          141440 kB
Active:           353780 kB
Mem:          3.8G       3.7G       138M       5.7M        28M       3.2G

MemTotal:        4016004 kB
MemFree:          141688 kB
Active:           353796 kB
Mem:          3.8G       3.7G       138M       5.7M        28M       3.2G

MemTotal:        4016004 kB
MemFree:          141564 kB
Active:           353752 kB
Mem:          3.8G       3.7G       138M       5.7M        28M       3.2G

MemTotal:        4016004 kB
MemFree:          141440 kB
Active:           353784 kB
Mem:          3.8G       3.7G       137M       5.7M        28M       3.2G

MemTotal:        4016004 kB
MemFree:          141936 kB
Active:           353784 kB
Mem:          3.8G       3.7G       138M       5.7M        28M       3.2G

MemTotal:        4016004 kB
MemFree:          141440 kB
Active:           353740 kB
Mem:          3.8G       3.7G       138M       5.7M        28M       3.2G

MemTotal:        4016004 kB
MemFree:          141564 kB
Active:           353744 kB
Mem:          3.8G       3.7G       138M       5.7M        28M       3.2G

MemTotal:        4016004 kB
MemFree:          141440 kB
Active:           353764 kB
Mem:          3.8G       3.7G       138M       5.7M        28M       3.2G

MemTotal:        4016004 kB
MemFree:          141440 kB
Active:           353772 kB
Mem:          3.8G       3.7G       137M       5.7M        28M       3.2G

MemTotal:        4016004 kB
MemFree:          141316 kB
Active:           353804 kB
Mem:          3.8G       3.7G       138M       5.7M        28M       3.2G

MemTotal:        4016004 kB
MemFree:          141316 kB
Active:           353808 kB
Mem:          3.8G       3.7G       137M       5.7M        28M       3.2G

MemTotal:        4016004 kB
MemFree:          141316 kB
Active:           353776 kB
Mem:          3.8G       3.7G       137M       5.7M        28M       3.2G

MemTotal:        4016004 kB
MemFree:          141192 kB
Active:           353804 kB
Mem:          3.8G       3.7G       137M       5.7M        28M       3.2G

MemTotal:        4016004 kB
MemFree:          141068 kB
Active:           353808 kB
Mem:          3.8G       3.7G       137M       5.7M        29M       3.2G

MemTotal:        4016004 kB
MemFree:          141192 kB
Active:           353820 kB
Mem:          3.8G       3.7G       137M       5.7M        29M       3.2G

MemTotal:        4016004 kB
MemFree:          141192 kB
Active:           353808 kB
Mem:          3.8G       3.7G       138M       5.7M        29M       3.2G

MemTotal:        4016004 kB
MemFree:          141440 kB
Active:           353816 kB
Mem:          3.8G       3.7G       138M       5.7M        29M       3.2G

MemTotal:        4016004 kB
MemFree:          141192 kB
Active:           353832 kB
Mem:          3.8G       3.7G       138M       5.7M        29M       3.2G

MemTotal:        4016004 kB
MemFree:          141440 kB
Active:           353796 kB
Mem:          3.8G       3.7G       137M       5.7M        29M       3.2G

MemTotal:        4016004 kB
MemFree:          141192 kB
Active:           353832 kB
Mem:          3.8G       3.7G       138M       5.7M        29M       3.2G

MemTotal:        4016004 kB
MemFree:          140012 kB
Active:           354012 kB
Mem:          3.8G       3.7G       136M       5.7M        29M       3.2G

MemTotal:        4016004 kB
MemFree:          140076 kB
Active:           353920 kB
Mem:          3.8G       3.7G       136M       5.7M        29M       3.2G

MemTotal:        4016004 kB
MemFree:          140324 kB
Active:           353952 kB
Mem:          3.8G       3.7G       137M       5.7M        29M       3.2G

MemTotal:        4016004 kB
MemFree:          140324 kB
Active:           353924 kB
Mem:          3.8G       3.7G       137M       5.7M        29M       3.2G

MemTotal:        4016004 kB
MemFree:          140448 kB
Active:           353904 kB
Mem:          3.8G       3.7G       137M       5.7M        29M       3.2G

MemTotal:        4016004 kB
MemFree:          140696 kB
Active:           353928 kB
Mem:          3.8G       3.7G       137M       5.7M        29M       3.2G

MemTotal:        4016004 kB
MemFree:          140324 kB
Active:           353960 kB
Mem:          3.8G       3.7G       137M       5.7M        29M       3.2G

MemTotal:        4016004 kB
MemFree:          140324 kB
Active:           353964 kB
Mem:          3.8G       3.7G       137M       5.7M        29M       3.2G

MemTotal:        4016004 kB
MemFree:          140324 kB
Active:           353912 kB
Mem:          3.8G       3.7G       136M       5.7M        29M       3.2G

MemTotal:        4016004 kB
MemFree:          140200 kB
Active:           353960 kB
Mem:          3.8G       3.7G       136M       5.7M        29M       3.2G

MemTotal:        4016004 kB
MemFree:          140324 kB
Active:           353968 kB
Mem:          3.8G       3.7G       136M       5.7M        29M       3.2G

MemTotal:        4016004 kB
MemFree:          140200 kB
Active:           353968 kB
Mem:          3.8G       3.7G       136M       5.7M        29M       3.2G

MemTotal:        4016004 kB
MemFree:          140324 kB
Active:           353944 kB
Mem:          3.8G       3.7G       136M       5.7M        29M       3.2G

MemTotal:        4016004 kB
MemFree:          140200 kB
Active:           353940 kB
Mem:          3.8G       3.7G       137M       5.7M        29M       3.2G

MemTotal:        4016004 kB
MemFree:          140696 kB
Active:           353956 kB
Mem:          3.8G       3.7G       137M       5.7M        29M       3.2G

MemTotal:        4016004 kB
MemFree:          140820 kB
Active:           353968 kB
Mem:          3.8G       3.7G       137M       5.7M        29M       3.2G

MemTotal:        4016004 kB
MemFree:          140820 kB
Active:           353948 kB
Mem:          3.8G       3.7G       137M       5.7M        29M       3.2G

MemTotal:        4016004 kB
MemFree:          140696 kB
Active:           353956 kB
Mem:          3.8G       3.7G       137M       5.7M        29M       3.2G

MemTotal:        4016004 kB
MemFree:          140820 kB
Active:           353976 kB
Mem:          3.8G       3.7G       137M       5.7M        29M       3.2G

MemTotal:        4016004 kB
MemFree:          140696 kB
Active:           353948 kB
Mem:          3.8G       3.7G       137M       5.7M        29M       3.2G

MemTotal:        4016004 kB
MemFree:          140696 kB
Active:           353968 kB
Mem:          3.8G       3.7G       137M       5.7M        29M       3.2G

MemTotal:        4016004 kB
MemFree:          140820 kB
Active:           353984 kB
Mem:          3.8G       3.7G       137M       5.7M        29M       3.2G

MemTotal:        4016004 kB
MemFree:          141316 kB
Active:           353948 kB
Mem:          3.8G       3.7G       137M       5.7M        29M       3.2G

MemTotal:        4016004 kB
MemFree:          140944 kB
Active:           353980 kB
Mem:          3.8G       3.7G       137M       5.7M        29M       3.2G

MemTotal:        4016004 kB
MemFree:          140696 kB
Active:           353960 kB
Mem:          3.8G       3.7G       137M       5.7M        29M       3.2G

MemTotal:        4016004 kB
MemFree:          141440 kB
Active:           354000 kB
Mem:          3.8G       3.7G       138M       5.7M        29M       3.2G

MemTotal:        4016004 kB
MemFree:          141564 kB
Active:           353952 kB
Mem:          3.8G       3.7G       138M       5.7M        29M       3.2G

MemTotal:        4016004 kB
MemFree:          141068 kB
Active:           353984 kB
Mem:          3.8G       3.7G       137M       5.7M        29M       3.2G

MemTotal:        4016004 kB
MemFree:          141068 kB
Active:           353980 kB
Mem:          3.8G       3.7G       137M       5.7M        29M       3.2G

MemTotal:        4016004 kB
MemFree:          141068 kB
Active:           354008 kB
Mem:          3.8G       3.7G       137M       5.7M        29M       3.2G

MemTotal:        4016004 kB
MemFree:          140944 kB
Active:           353996 kB
Mem:          3.8G       3.7G       137M       5.7M        29M       3.2G

MemTotal:        4016004 kB
MemFree:          140820 kB
Active:           354004 kB
Mem:          3.8G       3.7G       137M       5.7M        29M       3.2G

MemTotal:        4016004 kB
MemFree:          140696 kB
Active:           353988 kB
Mem:          3.8G       3.7G       137M       5.7M        29M       3.2G

MemTotal:        4016004 kB
MemFree:          140696 kB
Active:           353980 kB
Mem:          3.8G       3.7G       137M       5.7M        29M       3.2G

MemTotal:        4016004 kB
MemFree:          140696 kB
Active:           353992 kB
Mem:          3.8G       3.7G       137M       5.7M        29M       3.2G

MemTotal:        4016004 kB
MemFree:          140696 kB
Active:           354012 kB
Mem:          3.8G       3.7G       137M       5.7M        29M       3.2G

MemTotal:        4016004 kB
MemFree:          140572 kB
Active:           353980 kB
Mem:          3.8G       3.7G       137M       5.7M        29M       3.2G

MemTotal:        4016004 kB
MemFree:          140572 kB
Active:           353984 kB
Mem:          3.8G       3.7G       137M       5.7M        29M       3.2G

MemTotal:        4016004 kB
MemFree:          141352 kB
Active:           353620 kB
Mem:          3.8G       3.7G       137M       5.7M        29M       3.2G

MemTotal:        4016004 kB
MemFree:          141600 kB
Active:           353616 kB
Mem:          3.8G       3.7G       138M       5.7M        29M       3.2G

MemTotal:        4016004 kB
MemFree:          141228 kB
Active:           353628 kB
Mem:          3.8G       3.7G       138M       5.7M        29M       3.2G

MemTotal:        4016004 kB
MemFree:          141724 kB
Active:           353624 kB
Mem:          3.8G       3.7G       138M       5.7M        29M       3.2G

MemTotal:        4016004 kB
MemFree:          142328 kB
Active:           353620 kB
Mem:          3.8G       3.7G       138M       5.7M        29M       3.2G

MemTotal:        4016004 kB
MemFree:          141832 kB
Active:           353592 kB
Mem:          3.8G       3.7G       138M       5.7M        29M       3.2G

MemTotal:        4016004 kB
MemFree:          141956 kB
Active:           353628 kB
Mem:          3.8G       3.7G       138M       5.7M        29M       3.2G

MemTotal:        4016004 kB
MemFree:          142080 kB
Active:           353640 kB
Mem:          3.8G       3.7G       138M       5.7M        29M       3.2G

MemTotal:        4016004 kB
MemFree:          142080 kB
Active:           353640 kB
Mem:          3.8G       3.7G       138M       5.7M        29M       3.2G

MemTotal:        4016004 kB
MemFree:          142204 kB
Active:           353612 kB
Mem:          3.8G       3.7G       139M       5.7M        29M       3.2G

MemTotal:        4016004 kB
MemFree:          142204 kB
Active:           353648 kB
Mem:          3.8G       3.7G       138M       5.7M        29M       3.2G

MemTotal:        4016004 kB
MemFree:          142328 kB
Active:           353600 kB
Mem:          3.8G       3.7G       138M       5.7M        29M       3.2G

MemTotal:        4016004 kB
MemFree:          142824 kB
Active:           353656 kB
Mem:          3.8G       3.7G       139M       5.7M        29M       3.2G

MemTotal:        4016004 kB
MemFree:          142452 kB
Active:           353648 kB
Mem:          3.8G       3.7G       139M       5.7M        29M       3.2G

MemTotal:        4016004 kB
MemFree:          142584 kB
Active:           353648 kB
Mem:          3.8G       3.7G       139M       5.7M        29M       3.2G

MemTotal:        4016004 kB
MemFree:          142584 kB
Active:           353648 kB
Mem:          3.8G       3.7G       139M       5.7M        29M       3.2G

MemTotal:        4016004 kB
MemFree:          142460 kB
Active:           353632 kB
Mem:          3.8G       3.7G       139M       5.7M        29M       3.2G

MemTotal:        4016004 kB
MemFree:          142212 kB
Active:           353668 kB
Mem:          3.8G       3.7G       138M       5.7M        29M       3.2G

MemTotal:        4016004 kB
MemFree:          142212 kB
Active:           353636 kB
Mem:          3.8G       3.7G       138M       5.7M        29M       3.2G

MemTotal:        4016004 kB
MemFree:          142152 kB
Active:           353624 kB
Mem:          3.8G       3.7G       138M       5.7M        29M       3.2G

MemTotal:        4016004 kB
MemFree:          141904 kB
Active:           353640 kB
Mem:          3.8G       3.7G       138M       5.7M        29M       3.2G

MemTotal:        4016004 kB
MemFree:          142276 kB
Active:           353620 kB
Mem:          3.8G       3.7G       138M       5.7M        29M       3.2G

MemTotal:        4016004 kB
MemFree:          142400 kB
Active:           353616 kB
Mem:          3.8G       3.7G       138M       5.7M        29M       3.2G

MemTotal:        4016004 kB
MemFree:          142276 kB
Active:           353660 kB
Mem:          3.8G       3.7G       138M       5.7M        29M       3.2G

MemTotal:        4016004 kB
MemFree:          142276 kB
Active:           353656 kB
Mem:          3.8G       3.7G       138M       5.7M        29M       3.2G

MemTotal:        4016004 kB
MemFree:          142276 kB
Active:           353652 kB
Mem:          3.8G       3.7G       138M       5.7M        29M       3.2G

MemTotal:        4016004 kB
MemFree:          142276 kB
Active:           353644 kB
Mem:          3.8G       3.7G       138M       5.7M        29M       3.2G

MemTotal:        4016004 kB
MemFree:          142152 kB
Active:           353668 kB
Mem:          3.8G       3.7G       138M       5.7M        29M       3.2G

MemTotal:        4016004 kB
MemFree:          142152 kB
Active:           353672 kB
Mem:          3.8G       3.7G       138M       5.7M        29M       3.2G

MemTotal:        4016004 kB
MemFree:          142648 kB
Active:           353636 kB
Mem:          3.8G       3.7G       139M       5.7M        29M       3.2G

MemTotal:        4016004 kB
MemFree:          142648 kB
Active:           353652 kB
Mem:          3.8G       3.7G       139M       5.7M        29M       3.2G

MemTotal:        4016004 kB
MemFree:          142524 kB
Active:           353660 kB
Mem:          3.8G       3.7G       139M       5.7M        29M       3.2G

MemTotal:        4016004 kB
MemFree:          142524 kB
Active:           353664 kB
