MemTotal:        4016004 kB
MemFree:         3247956 kB
Active:           411768 kB
Mem:          3.8G       750M       3.1G       5.7M        54M       315M

MemTotal:        4016004 kB
MemFree:         3248336 kB
Active:           411616 kB
Mem:          3.8G       749M       3.1G       5.7M        54M       315M

MemTotal:        4016004 kB
MemFree:         3248460 kB
Active:           411604 kB
Mem:          3.8G       749M       3.1G       5.7M        54M       315M

MemTotal:        4016004 kB
MemFree:         3248568 kB
Active:           411580 kB
Mem:          3.8G       749M       3.1G       5.7M        54M       315M

MemTotal:        4016004 kB
MemFree:         3248428 kB
Active:           411608 kB
Mem:          3.8G       749M       3.1G       5.7M        54M       315M

MemTotal:        4016004 kB
MemFree:         3248660 kB
Active:           411584 kB
Mem:          3.8G       749M       3.1G       5.7M        54M       315M

MemTotal:        4016004 kB
MemFree:         3248940 kB
Active:           411592 kB
Mem:          3.8G       749M       3.1G       5.7M        54M       315M

MemTotal:        4016004 kB
MemFree:         3248704 kB
Active:           411596 kB
Mem:          3.8G       749M       3.1G       5.7M        54M       315M

MemTotal:        4016004 kB
MemFree:         3248084 kB
Active:           411624 kB
Mem:          3.8G       750M       3.1G       5.7M        54M       315M

MemTotal:        4016004 kB
MemFree:         3248224 kB
Active:           411624 kB
Mem:          3.8G       750M       3.1G       5.7M        54M       315M

MemTotal:        4016004 kB
MemFree:         3248224 kB
Active:           411608 kB
Mem:          3.8G       749M       3.1G       5.7M        54M       315M

MemTotal:        4016004 kB
MemFree:         3248348 kB
Active:           411616 kB
Mem:          3.8G       749M       3.1G       5.7M        54M       315M

MemTotal:        4016004 kB
MemFree:         3248704 kB
Active:           411608 kB
Mem:          3.8G       749M       3.1G       5.7M        54M       315M

MemTotal:        4016004 kB
MemFree:         3248604 kB
Active:           411716 kB
Mem:          3.8G       749M       3.1G       5.7M        54M       315M

MemTotal:        4016004 kB
MemFree:         3248224 kB
Active:           411624 kB
Mem:          3.8G       749M       3.1G       5.7M        54M       315M

MemTotal:        4016004 kB
MemFree:         3248488 kB
Active:           411696 kB
Mem:          3.8G       749M       3.1G       5.7M        54M       315M

MemTotal:        4016004 kB
MemFree:         3248568 kB
Active:           411700 kB
Mem:          3.8G       749M       3.1G       5.7M        54M       315M

MemTotal:        4016004 kB
MemFree:         3247728 kB
Active:           409688 kB
Mem:          3.8G       750M       3.1G       5.7M        54M       315M

MemTotal:        4016004 kB
MemFree:         3248084 kB
Active:           411616 kB
Mem:          3.8G       749M       3.1G       5.7M        54M       315M

MemTotal:        4016004 kB
MemFree:         3248644 kB
Active:           411700 kB
Mem:          3.8G       749M       3.1G       5.7M        54M       315M

MemTotal:        4016004 kB
MemFree:         3248176 kB
Active:           411764 kB
Mem:          3.8G       749M       3.1G       5.7M        54M       315M

MemTotal:        4016004 kB
MemFree:         3248636 kB
Active:           411672 kB
Mem:          3.8G       749M       3.1G       5.7M        54M       315M

MemTotal:        4016004 kB
MemFree:         3248780 kB
Active:           411604 kB
Mem:          3.8G       749M       3.1G       5.7M        54M       315M

MemTotal:        4016004 kB
MemFree:         3248300 kB
Active:           411760 kB
Mem:          3.8G       749M       3.1G       5.7M        54M       315M

MemTotal:        4016004 kB
MemFree:         3248656 kB
Active:           411616 kB
Mem:          3.8G       749M       3.1G       5.7M        54M       315M

MemTotal:        4016004 kB
MemFree:         3248904 kB
Active:           411624 kB
Mem:          3.8G       749M       3.1G       5.7M        54M       315M

MemTotal:        4016004 kB
MemFree:         3248780 kB
Active:           411608 kB
Mem:          3.8G       749M       3.1G       5.7M        54M       315M

MemTotal:        4016004 kB
MemFree:         3248532 kB
Active:           411764 kB
Mem:          3.8G       749M       3.1G       5.7M        54M       315M

MemTotal:        4016004 kB
MemFree:         3248580 kB
Active:           411532 kB
Mem:          3.8G       749M       3.1G       5.7M        54M       315M

MemTotal:        4016004 kB
MemFree:         3248580 kB
Active:           411548 kB
Mem:          3.8G       749M       3.1G       5.7M        54M       315M

MemTotal:        4016004 kB
MemFree:         3248208 kB
Active:           411664 kB
Mem:          3.8G       750M       3.1G       5.7M        54M       315M

MemTotal:        4016004 kB
MemFree:         3247836 kB
Active:           411692 kB
Mem:          3.8G       750M       3.1G       5.7M        54M       315M

MemTotal:        4016004 kB
MemFree:         3248316 kB
Active:           411588 kB
Mem:          3.8G       749M       3.1G       5.7M        54M       315M

MemTotal:        4016004 kB
MemFree:         3248596 kB
Active:           411644 kB
Mem:          3.8G       749M       3.1G       5.7M        54M       315M

MemTotal:        4016004 kB
MemFree:         3248208 kB
Active:           411660 kB
Mem:          3.8G       749M       3.1G       5.7M        54M       315M

MemTotal:        4016004 kB
MemFree:         3248704 kB
Active:           411656 kB
Mem:          3.8G       749M       3.1G       5.7M        54M       315M

MemTotal:        4016004 kB
MemFree:         3247772 kB
Active:           409620 kB
Mem:          3.8G       750M       3.1G       5.7M        54M       315M

MemTotal:        4016004 kB
MemFree:         3248268 kB
Active:           411664 kB
Mem:          3.8G       749M       3.1G       5.7M        54M       315M

MemTotal:        4016004 kB
MemFree:         3247772 kB
Active:           411668 kB
Mem:          3.8G       750M       3.1G       5.7M        54M       315M

MemTotal:        4016004 kB
MemFree:         3247896 kB
Active:           411664 kB
Mem:          3.8G       750M       3.1G       5.7M        54M       315M

MemTotal:        4016004 kB
MemFree:         3248020 kB
Active:           411632 kB
Mem:          3.8G       750M       3.1G       5.7M        54M       315M

MemTotal:        4016004 kB
MemFree:         3247772 kB
Active:           411676 kB
Mem:          3.8G       749M       3.1G       5.7M        54M       315M

MemTotal:        4016004 kB
MemFree:         3248440 kB
Active:           411628 kB
Mem:          3.8G       749M       3.1G       5.7M        54M       315M

MemTotal:        4016004 kB
MemFree:         3248316 kB
Active:           411636 kB
Mem:          3.8G       749M       3.1G       5.7M        54M       315M

MemTotal:        4016004 kB
MemFree:         3248564 kB
Active:           411636 kB
Mem:          3.8G       749M       3.1G       5.7M        54M       315M

MemTotal:        4016004 kB
MemFree:         3248176 kB
Active:           411680 kB
Mem:          3.8G       749M       3.1G       5.7M        54M       315M

MemTotal:        4016004 kB
MemFree:         3248300 kB
Active:           411680 kB
Mem:          3.8G       749M       3.1G       5.7M        54M       315M

MemTotal:        4016004 kB
MemFree:         3248656 kB
Active:           411680 kB
Mem:          3.8G       749M       3.1G       5.7M        54M       315M

MemTotal:        4016004 kB
MemFree:         3248640 kB
Active:           411652 kB
Mem:          3.8G       749M       3.1G       5.7M        54M       315M

MemTotal:        4016004 kB
MemFree:         3248516 kB
Active:           411648 kB
Mem:          3.8G       749M       3.1G       5.7M        54M       315M

MemTotal:        4016004 kB
MemFree:         3248516 kB
Active:           411692 kB
Mem:          3.8G       749M       3.1G       5.7M        54M       315M

MemTotal:        4016004 kB
MemFree:         3248516 kB
Active:           411652 kB
Mem:          3.8G       749M       3.1G       5.7M        54M       315M

MemTotal:        4016004 kB
MemFree:         3248764 kB
Active:           411660 kB
Mem:          3.8G       749M       3.1G       5.7M        54M       315M

MemTotal:        4016004 kB
MemFree:         3248516 kB
Active:           411692 kB
Mem:          3.8G       749M       3.1G       5.7M        54M       315M

MemTotal:        4016004 kB
MemFree:         3248516 kB
Active:           411660 kB
Mem:          3.8G       749M       3.1G       5.7M        54M       315M

MemTotal:        4016004 kB
MemFree:         3248300 kB
Active:           411712 kB
Mem:          3.8G       749M       3.1G       5.7M        54M       315M

MemTotal:        4016004 kB
MemFree:         3248052 kB
Active:           411716 kB
Mem:          3.8G       749M       3.1G       5.7M        54M       315M

MemTotal:        4016004 kB
MemFree:         3247928 kB
Active:           411716 kB
Mem:          3.8G       749M       3.1G       5.7M        54M       315M

MemTotal:        4016004 kB
MemFree:         3248672 kB
Active:           411684 kB
Mem:          3.8G       749M       3.1G       5.7M        54M       315M

MemTotal:        4016004 kB
MemFree:         3248656 kB
Active:           411684 kB
Mem:          3.8G       749M       3.1G       5.7M        54M       315M

MemTotal:        4016004 kB
MemFree:         3248360 kB
Active:           411816 kB
Mem:          3.8G       749M       3.1G       5.7M        54M       315M

MemTotal:        4016004 kB
MemFree:         3131620 kB
Active:           412240 kB
Mem:          3.8G       864M       3.0G       5.7M        54M       427M

MemTotal:        4016004 kB
MemFree:         3020028 kB
Active:           412240 kB
Mem:          3.8G       973M       2.9G       5.7M        54M       534M

MemTotal:        4016004 kB
MemFree:         2899816 kB
Active:           412248 kB
Mem:          3.8G       1.1G       2.8G       5.7M        54M       650M

MemTotal:        4016004 kB
MemFree:         2885440 kB
Active:           412248 kB
Mem:          3.8G       1.1G       2.8G       5.7M        54M       665M

MemTotal:        4016004 kB
MemFree:         2793312 kB
Active:           412248 kB
Mem:          3.8G       1.2G       2.7G       5.7M        54M       752M

MemTotal:        4016004 kB
MemFree:         2791228 kB
Active:           410352 kB
Mem:          3.8G       1.2G       2.7G       5.7M        54M       753M

MemTotal:        4016004 kB
MemFree:         2750872 kB
Active:           412352 kB
Mem:          3.8G       1.2G       2.6G       5.7M        54M       794M

MemTotal:        4016004 kB
MemFree:         2694140 kB
Active:           412364 kB
Mem:          3.8G       1.3G       2.6G       5.7M        54M       848M

MemTotal:        4016004 kB
MemFree:         2692648 kB
Active:           412428 kB
Mem:          3.8G       1.3G       2.6G       5.7M        54M       849M

MemTotal:        4016004 kB
MemFree:         2691740 kB
Active:           412444 kB
Mem:          3.8G       1.3G       2.6G       5.7M        54M       850M

MemTotal:        4016004 kB
MemFree:         2690524 kB
Active:           412444 kB
Mem:          3.8G       1.3G       2.6G       5.7M        54M       851M

MemTotal:        4016004 kB
MemFree:         2606588 kB
Active:           412444 kB
Mem:          3.8G       1.3G       2.5G       5.7M        54M       932M

MemTotal:        4016004 kB
MemFree:         2469372 kB
Active:           412448 kB
Mem:          3.8G       1.5G       2.4G       5.7M        54M       1.0G

MemTotal:        4016004 kB
MemFree:         2342620 kB
Active:           412448 kB
Mem:          3.8G       1.6G       2.2G       5.7M        54M       1.2G

MemTotal:        4016004 kB
MemFree:         2335408 kB
Active:           412452 kB
Mem:          3.8G       1.6G       2.2G       5.7M        54M       1.2G

MemTotal:        4016004 kB
MemFree:         2332112 kB
Active:           412436 kB
Mem:          3.8G       1.6G       2.2G       5.7M        54M       1.2G

MemTotal:        4016004 kB
MemFree:         2234828 kB
Active:           414476 kB
Mem:          3.8G       1.7G       2.1G       5.7M        55M       1.3G

MemTotal:        4016004 kB
MemFree:         2233736 kB
Active:           414488 kB
Mem:          3.8G       1.7G       2.1G       5.7M        55M       1.3G

MemTotal:        4016004 kB
MemFree:         2155256 kB
Active:           414488 kB
Mem:          3.8G       1.8G       2.1G       5.7M        55M       1.3G

MemTotal:        4016004 kB
MemFree:         2134768 kB
Active:           414500 kB
Mem:          3.8G       1.8G       2.0G       5.7M        55M       1.4G

MemTotal:        4016004 kB
MemFree:         2132588 kB
Active:           414516 kB
Mem:          3.8G       1.8G       2.0G       5.7M        55M       1.4G

MemTotal:        4016004 kB
MemFree:         2131224 kB
Active:           414524 kB
Mem:          3.8G       1.8G       2.0G       5.7M        55M       1.4G

MemTotal:        4016004 kB
MemFree:         2130208 kB
Active:           414532 kB
Mem:          3.8G       1.8G       2.0G       5.7M        55M       1.4G

MemTotal:        4016004 kB
MemFree:         2098512 kB
Active:           414532 kB
Mem:          3.8G       1.8G       2.0G       5.7M        55M       1.4G

MemTotal:        4016004 kB
MemFree:         1984820 kB
Active:           414532 kB
Mem:          3.8G       1.9G       1.9G       5.7M        55M       1.5G

MemTotal:        4016004 kB
MemFree:         1848844 kB
Active:           414532 kB
Mem:          3.8G       2.1G       1.8G       5.7M        55M       1.6G

MemTotal:        4016004 kB
MemFree:         1782536 kB
Active:           414532 kB
Mem:          3.8G       2.1G       1.7G       5.7M        55M       1.7G

MemTotal:        4016004 kB
MemFree:         1753892 kB
Active:           414532 kB
Mem:          3.8G       2.2G       1.7G       5.7M        55M       1.7G

MemTotal:        4016004 kB
MemFree:         1683284 kB
Active:           414536 kB
Mem:          3.8G       2.2G       1.6G       5.7M        55M       1.8G

MemTotal:        4016004 kB
MemFree:         1668792 kB
Active:           414544 kB
Mem:          3.8G       2.2G       1.6G       5.7M        55M       1.8G

MemTotal:        4016004 kB
MemFree:         1582020 kB
Active:           414544 kB
Mem:          3.8G       2.3G       1.5G       5.7M        55M       1.9G

MemTotal:        4016004 kB
MemFree:         1580912 kB
Active:           414548 kB
Mem:          3.8G       2.3G       1.5G       5.7M        55M       1.9G

MemTotal:        4016004 kB
MemFree:         1579896 kB
Active:           414556 kB
Mem:          3.8G       2.3G       1.5G       5.7M        55M       1.9G

MemTotal:        4016004 kB
MemFree:         1578628 kB
Active:           414556 kB
Mem:          3.8G       2.3G       1.5G       5.7M        55M       1.9G

MemTotal:        4016004 kB
MemFree:         1578060 kB
Active:           414556 kB
Mem:          3.8G       2.3G       1.5G       5.7M        55M       1.9G

MemTotal:        4016004 kB
MemFree:         1514204 kB
Active:           414556 kB
Mem:          3.8G       2.4G       1.4G       5.7M        55M       1.9G

MemTotal:        4016004 kB
MemFree:         1409432 kB
Active:           414560 kB
Mem:          3.8G       2.5G       1.3G       5.7M        55M       2.0G

MemTotal:        4016004 kB
MemFree:         1272728 kB
Active:           414560 kB
Mem:          3.8G       2.6G       1.2G       5.7M        55M       2.2G

MemTotal:        4016004 kB
MemFree:         1228820 kB
Active:           414560 kB
Mem:          3.8G       2.7G       1.2G       5.7M        55M       2.2G

MemTotal:        4016004 kB
MemFree:         1184212 kB
Active:           414568 kB
Mem:          3.8G       2.7G       1.1G       5.7M        55M       2.2G

MemTotal:        4016004 kB
MemFree:         1129064 kB
Active:           414580 kB
Mem:          3.8G       2.8G       1.1G       5.7M        55M       2.3G

MemTotal:        4016004 kB
MemFree:         1085848 kB
Active:           414580 kB
Mem:          3.8G       2.8G       1.0G       5.7M        55M       2.3G

MemTotal:        4016004 kB
MemFree:         1026260 kB
Active:           414580 kB
Mem:          3.8G       2.9G       1.0G       5.7M        55M       2.4G

MemTotal:        4016004 kB
MemFree:         1025852 kB
Active:           414588 kB
Mem:          3.8G       2.9G       1.0G       5.7M        55M       2.4G

MemTotal:        4016004 kB
MemFree:         1025912 kB
Active:           414612 kB
Mem:          3.8G       2.9G       1.0G       5.7M        55M       2.4G

MemTotal:        4016004 kB
MemFree:         1025492 kB
Active:           414628 kB
Mem:          3.8G       2.9G       1.0G       5.7M        55M       2.4G

MemTotal:        4016004 kB
MemFree:         1020228 kB
Active:           414628 kB
Mem:          3.8G       2.9G       995M       5.7M        55M       2.4G

MemTotal:        4016004 kB
MemFree:          912604 kB
Active:           414632 kB
Mem:          3.8G       3.0G       890M       5.7M        55M       2.5G

MemTotal:        4016004 kB
MemFree:          807600 kB
Active:           414632 kB
Mem:          3.8G       3.1G       788M       5.7M        55M       2.6G

MemTotal:        4016004 kB
MemFree:          682320 kB
Active:           414640 kB
Mem:          3.8G       3.2G       665M       5.7M        55M       2.7G

MemTotal:        4016004 kB
MemFree:          671544 kB
Active:           414648 kB
Mem:          3.8G       3.2G       655M       5.7M        55M       2.7G

MemTotal:        4016004 kB
MemFree:          624440 kB
Active:           414660 kB
Mem:          3.8G       3.2G       609M       5.7M        55M       2.8G

MemTotal:        4016004 kB
MemFree:          569004 kB
Active:           414660 kB
Mem:          3.8G       3.3G       555M       5.7M        55M       2.8G

MemTotal:        4016004 kB
MemFree:          497392 kB
Active:           414660 kB
Mem:          3.8G       3.4G       484M       5.7M        55M       2.9G

MemTotal:        4016004 kB
MemFree:          485824 kB
Active:           414676 kB
Mem:          3.8G       3.4G       474M       5.7M        55M       2.9G

MemTotal:        4016004 kB
MemFree:          401568 kB
Active:           414684 kB
Mem:          3.8G       3.4G       391M       5.7M        55M       3.0G

MemTotal:        4016004 kB
MemFree:          400260 kB
Active:           416720 kB
Mem:          3.8G       3.4G       390M       5.7M        55M       3.0G

MemTotal:        4016004 kB
MemFree:          399292 kB
Active:           416720 kB
Mem:          3.8G       3.4G       389M       5.7M        55M       3.0G

MemTotal:        4016004 kB
MemFree:          398428 kB
Active:           416720 kB
Mem:          3.8G       3.5G       388M       5.7M        55M       3.0G

MemTotal:        4016004 kB
MemFree:          395876 kB
Active:           416744 kB
Mem:          3.8G       3.5G       386M       5.7M        55M       3.0G

MemTotal:        4016004 kB
MemFree:          299228 kB
Active:           416712 kB
Mem:          3.8G       3.5G       291M       5.7M        55M       3.1G

MemTotal:        4016004 kB
MemFree:          181900 kB
Active:           416708 kB
Mem:          3.8G       3.7G       177M       5.7M        55M       3.2G

MemTotal:        4016004 kB
MemFree:          123064 kB
Active:           425384 kB
Mem:          3.8G       3.7G       139M       5.7M        19M       3.3G

MemTotal:        4016004 kB
MemFree:          142260 kB
Active:           473396 kB
Mem:          3.8G       3.7G       139M       5.7M        19M       3.3G

MemTotal:        4016004 kB
MemFree:          142184 kB
Active:           473624 kB
Mem:          3.8G       3.7G       138M       5.7M        19M       3.3G

MemTotal:        4016004 kB
MemFree:          137860 kB
Active:           466736 kB
Mem:          3.8G       3.7G       143M       5.7M        19M       3.3G

MemTotal:        4016004 kB
MemFree:          143476 kB
Active:           454812 kB
Mem:          3.8G       3.7G       140M       5.7M        19M       3.3G

MemTotal:        4016004 kB
MemFree:          141624 kB
Active:           454824 kB
Mem:          3.8G       3.7G       138M       5.7M        19M       3.3G

MemTotal:        4016004 kB
MemFree:          141284 kB
Active:           454824 kB
Mem:          3.8G       3.7G       137M       5.7M        19M       3.3G

MemTotal:        4016004 kB
MemFree:          141380 kB
Active:           454828 kB
Mem:          3.8G       3.7G       138M       5.7M        19M       3.3G

MemTotal:        4016004 kB
MemFree:          118892 kB
Active:           454828 kB
Mem:          3.8G       3.7G       115M       5.7M        19M       3.3G

MemTotal:        4016004 kB
MemFree:          141864 kB
Active:           439856 kB
Mem:          3.8G       3.7G       138M       5.7M        19M       3.3G

MemTotal:        4016004 kB
MemFree:          138052 kB
Active:           429104 kB
Mem:          3.8G       3.7G       134M       5.7M        19M       3.3G

MemTotal:        4016004 kB
MemFree:          122484 kB
Active:           427440 kB
Mem:          3.8G       3.7G       119M       5.7M        20M       3.3G

MemTotal:        4016004 kB
MemFree:          134104 kB
Active:           425656 kB
Mem:          3.8G       3.7G       130M       5.7M        20M       3.3G

MemTotal:        4016004 kB
MemFree:          119288 kB
Active:           425552 kB
Mem:          3.8G       3.7G       116M       5.7M        20M       3.3G

MemTotal:        4016004 kB
MemFree:          131760 kB
Active:           423376 kB
Mem:          3.8G       3.7G       128M       5.7M        20M       3.3G

MemTotal:        4016004 kB
MemFree:          138716 kB
Active:           421584 kB
Mem:          3.8G       3.7G       134M       5.7M        20M       3.3G

MemTotal:        4016004 kB
MemFree:          127628 kB
Active:           421588 kB
Mem:          3.8G       3.7G       124M       5.7M        20M       3.3G

MemTotal:        4016004 kB
MemFree:          126292 kB
Active:           421600 kB
Mem:          3.8G       3.7G       123M       5.7M        20M       3.3G

MemTotal:        4016004 kB
MemFree:          126148 kB
Active:           421600 kB
Mem:          3.8G       3.7G       123M       5.7M        20M       3.3G

MemTotal:        4016004 kB
MemFree:          126412 kB
Active:           421604 kB
Mem:          3.8G       3.7G       123M       5.7M        20M       3.3G

MemTotal:        4016004 kB
MemFree:          133656 kB
Active:           419940 kB
Mem:          3.8G       3.7G       130M       5.7M        20M       3.3G

MemTotal:        4016004 kB
MemFree:          125504 kB
Active:           415976 kB
Mem:          3.8G       3.7G       121M       5.7M        20M       3.3G

MemTotal:        4016004 kB
MemFree:          132656 kB
Active:           407064 kB
Mem:          3.8G       3.7G       128M       5.7M        20M       3.3G

MemTotal:        4016004 kB
MemFree:          138456 kB
Active:           403260 kB
Mem:          3.8G       3.7G       135M       5.7M        20M       3.3G

MemTotal:        4016004 kB
MemFree:          120940 kB
Active:           401872 kB
Mem:          3.8G       3.7G       117M       5.7M        20M       3.3G

MemTotal:        4016004 kB
MemFree:          140296 kB
Active:           399568 kB
Mem:          3.8G       3.7G       136M       5.7M        20M       3.3G

MemTotal:        4016004 kB
MemFree:          106000 kB
Active:           399568 kB
Mem:          3.8G       3.7G       103M       5.7M        20M       3.3G

MemTotal:        4016004 kB
MemFree:          138476 kB
Active:           397912 kB
Mem:          3.8G       3.7G       134M       5.7M        20M       3.3G

MemTotal:        4016004 kB
MemFree:          137340 kB
Active:           397788 kB
Mem:          3.8G       3.7G       133M       5.7M        20M       3.3G

MemTotal:        4016004 kB
MemFree:          136952 kB
Active:           397812 kB
Mem:          3.8G       3.7G       133M       5.7M        20M       3.3G

MemTotal:        4016004 kB
MemFree:          137088 kB
Active:           397820 kB
Mem:          3.8G       3.7G       133M       5.7M        20M       3.3G

MemTotal:        4016004 kB
MemFree:          127852 kB
Active:           396284 kB
Mem:          3.8G       3.7G       123M       5.7M        20M       3.3G

MemTotal:        4016004 kB
MemFree:          136680 kB
Active:           392964 kB
Mem:          3.8G       3.7G       132M       5.7M        20M       3.3G

MemTotal:        4016004 kB
MemFree:          118892 kB
Active:           389124 kB
Mem:          3.8G       3.7G       114M       5.7M        20M       3.3G

MemTotal:        4016004 kB
MemFree:          133020 kB
Active:           388100 kB
Mem:          3.8G       3.7G       129M       5.7M        20M       3.3G

MemTotal:        4016004 kB
MemFree:          141492 kB
Active:           382004 kB
Mem:          3.8G       3.7G       138M       5.7M        20M       3.3G

MemTotal:        4016004 kB
MemFree:          130004 kB
Active:           380084 kB
Mem:          3.8G       3.7G       126M       5.7M        20M       3.3G

MemTotal:        4016004 kB
MemFree:          136652 kB
Active:           378932 kB
Mem:          3.8G       3.7G       133M       5.7M        20M       3.3G

MemTotal:        4016004 kB
MemFree:          135452 kB
Active:           377524 kB
Mem:          3.8G       3.7G       130M       5.7M        20M       3.3G

MemTotal:        4016004 kB
MemFree:          138744 kB
Active:           377016 kB
Mem:          3.8G       3.7G       135M       5.7M        20M       3.3G

MemTotal:        4016004 kB
MemFree:          137092 kB
Active:           377028 kB
Mem:          3.8G       3.7G       133M       5.7M        20M       3.3G

MemTotal:        4016004 kB
MemFree:          135912 kB
Active:           377048 kB
Mem:          3.8G       3.7G       132M       5.7M        20M       3.3G

MemTotal:        4016004 kB
MemFree:          132940 kB
Active:           379656 kB
Mem:          3.8G       3.7G       129M       5.7M        20M       3.3G

MemTotal:        4016004 kB
MemFree:          121704 kB
Active:           378052 kB
Mem:          3.8G       3.7G       117M       5.7M        20M       3.3G

MemTotal:        4016004 kB
MemFree:          136160 kB
Active:           374980 kB
Mem:          3.8G       3.7G       132M       5.7M        20M       3.3G

MemTotal:        4016004 kB
MemFree:          129664 kB
Active:           371404 kB
Mem:          3.8G       3.7G       125M       5.7M        20M       3.3G

MemTotal:        4016004 kB
MemFree:          134716 kB
Active:           369740 kB
Mem:          3.8G       3.7G       131M       5.7M        20M       3.3G

MemTotal:        4016004 kB
MemFree:          133548 kB
Active:           366796 kB
Mem:          3.8G       3.7G       129M       5.7M        20M       3.3G

MemTotal:        4016004 kB
MemFree:          152056 kB
Active:           365260 kB
Mem:          3.8G       3.7G       148M       5.7M        20M       3.2G

MemTotal:        4016004 kB
MemFree:          124772 kB
Active:           365132 kB
Mem:          3.8G       3.7G       121M       5.7M        20M       3.3G

MemTotal:        4016004 kB
MemFree:          144660 kB
Active:           361192 kB
Mem:          3.8G       3.7G       141M       5.7M        20M       3.2G

MemTotal:        4016004 kB
MemFree:          115396 kB
Active:           361200 kB
Mem:          3.8G       3.7G       111M       5.7M        20M       3.3G

MemTotal:        4016004 kB
MemFree:          141116 kB
Active:           361212 kB
Mem:          3.8G       3.7G       138M       5.7M        20M       3.3G

MemTotal:        4016004 kB
MemFree:          140680 kB
Active:           361084 kB
Mem:          3.8G       3.7G       137M       5.7M        20M       3.3G

MemTotal:        4016004 kB
MemFree:          140000 kB
Active:           361108 kB
Mem:          3.8G       3.7G       136M       5.7M        20M       3.3G

MemTotal:        4016004 kB
MemFree:          139844 kB
Active:           361108 kB
Mem:          3.8G       3.7G       136M       5.7M        20M       3.3G

MemTotal:        4016004 kB
MemFree:          121332 kB
Active:           361112 kB
Mem:          3.8G       3.7G       118M       5.7M        20M       3.3G

MemTotal:        4016004 kB
MemFree:          125868 kB
Active:           361120 kB
Mem:          3.8G       3.7G       122M       5.7M        20M       3.3G

MemTotal:        4016004 kB
MemFree:          136856 kB
Active:           360872 kB
Mem:          3.8G       3.7G       133M       5.7M        20M       3.3G

MemTotal:        4016004 kB
MemFree:          127444 kB
Active:           360872 kB
Mem:          3.8G       3.7G       124M       5.7M        20M       3.3G

MemTotal:        4016004 kB
MemFree:          127580 kB
Active:           360884 kB
Mem:          3.8G       3.7G       124M       5.7M        20M       3.3G

MemTotal:        4016004 kB
MemFree:          129316 kB
Active:           358688 kB
Mem:          3.8G       3.7G       126M       5.7M        20M       3.3G

MemTotal:        4016004 kB
MemFree:          125792 kB
Active:           356532 kB
Mem:          3.8G       3.7G       122M       5.7M        20M       3.3G

MemTotal:        4016004 kB
MemFree:          142916 kB
Active:           358556 kB
Mem:          3.8G       3.7G       139M       5.7M        20M       3.2G

MemTotal:        4016004 kB
MemFree:          124788 kB
Active:           358556 kB
Mem:          3.8G       3.7G       121M       5.7M        20M       3.3G

MemTotal:        4016004 kB
MemFree:          131544 kB
Active:           358556 kB
Mem:          3.8G       3.7G       128M       5.7M        20M       3.3G

MemTotal:        4016004 kB
MemFree:          131716 kB
Active:           358572 kB
Mem:          3.8G       3.7G       128M       5.7M        20M       3.3G

MemTotal:        4016004 kB
MemFree:          131876 kB
Active:           358584 kB
Mem:          3.8G       3.7G       128M       5.7M        20M       3.3G

MemTotal:        4016004 kB
MemFree:          128420 kB
Active:           358584 kB
Mem:          3.8G       3.7G       125M       5.7M        20M       3.3G

MemTotal:        4016004 kB
MemFree:          132996 kB
Active:           358592 kB
Mem:          3.8G       3.7G       129M       5.7M        20M       3.3G

MemTotal:        4016004 kB
MemFree:          124848 kB
Active:           358592 kB
Mem:          3.8G       3.7G       121M       5.7M        20M       3.3G

MemTotal:        4016004 kB
MemFree:          125492 kB
Active:           358596 kB
Mem:          3.8G       3.7G       122M       5.7M        20M       3.3G

MemTotal:        4016004 kB
MemFree:          124752 kB
Active:           358620 kB
Mem:          3.8G       3.7G       120M       5.7M        20M       3.3G

MemTotal:        4016004 kB
MemFree:          119428 kB
Active:           358292 kB
Mem:          3.8G       3.7G       115M       5.7M        20M       3.3G

MemTotal:        4016004 kB
MemFree:          135292 kB
Active:           358292 kB
Mem:          3.8G       3.7G       131M       5.7M        20M       3.3G

MemTotal:        4016004 kB
MemFree:          139168 kB
Active:           358292 kB
Mem:          3.8G       3.7G       135M       5.7M        20M       3.3G

MemTotal:        4016004 kB
MemFree:          138984 kB
Active:           358300 kB
Mem:          3.8G       3.7G       135M       5.7M        20M       3.3G

MemTotal:        4016004 kB
MemFree:          137512 kB
Active:           358312 kB
Mem:          3.8G       3.7G       133M       5.7M        20M       3.3G

MemTotal:        4016004 kB
MemFree:          136108 kB
Active:           358316 kB
Mem:          3.8G       3.7G       132M       5.7M        20M       3.3G

MemTotal:        4016004 kB
MemFree:          118160 kB
Active:           358316 kB
Mem:          3.8G       3.7G       114M       5.7M        20M       3.3G

MemTotal:        4016004 kB
MemFree:          116568 kB
Active:           358320 kB
Mem:          3.8G       3.7G       113M       5.7M        20M       3.3G

MemTotal:        4016004 kB
MemFree:          115972 kB
Active:           358332 kB
Mem:          3.8G       3.7G       113M       5.7M        20M       3.3G

MemTotal:        4016004 kB
MemFree:          115880 kB
Active:           358344 kB
Mem:          3.8G       3.7G       113M       5.7M        20M       3.3G

MemTotal:        4016004 kB
MemFree:          115976 kB
Active:           358352 kB
Mem:          3.8G       3.7G       113M       5.7M        20M       3.3G

MemTotal:        4016004 kB
MemFree:          125572 kB
Active:           357664 kB
Mem:          3.8G       3.7G       121M       5.7M        20M       3.3G

MemTotal:        4016004 kB
MemFree:          120668 kB
Active:           357600 kB
Mem:          3.8G       3.7G       117M       5.7M        20M       3.3G

MemTotal:        4016004 kB
MemFree:          105936 kB
Active:           357600 kB
Mem:          3.8G       3.7G       102M       5.7M        20M       3.3G

MemTotal:        4016004 kB
MemFree:          106404 kB
Active:           357608 kB
Mem:          3.8G       3.7G       103M       5.7M        20M       3.3G

MemTotal:        4016004 kB
MemFree:          143280 kB
Active:           355116 kB
Mem:          3.8G       3.7G       139M       5.7M        20M       3.2G

MemTotal:        4016004 kB
MemFree:          134036 kB
Active:           355052 kB
Mem:          3.8G       3.7G       129M       5.7M        20M       3.3G

MemTotal:        4016004 kB
MemFree:          149072 kB
Active:           355052 kB
Mem:          3.8G       3.7G       145M       5.7M        20M       3.2G

MemTotal:        4016004 kB
MemFree:          145388 kB
Active:           355052 kB
Mem:          3.8G       3.7G       142M       5.7M        20M       3.2G

MemTotal:        4016004 kB
MemFree:          139224 kB
Active:           357104 kB
Mem:          3.8G       3.7G       135M       5.7M        20M       3.2G

MemTotal:        4016004 kB
MemFree:          138124 kB
Active:           357108 kB
Mem:          3.8G       3.7G       134M       5.7M        20M       3.2G

MemTotal:        4016004 kB
MemFree:          137212 kB
Active:           357108 kB
Mem:          3.8G       3.7G       133M       5.7M        20M       3.3G

MemTotal:        4016004 kB
MemFree:          136756 kB
Active:           357108 kB
Mem:          3.8G       3.7G       133M       5.7M        20M       3.3G

MemTotal:        4016004 kB
MemFree:          136472 kB
Active:           356856 kB
Mem:          3.8G       3.7G       133M       5.7M        20M       3.3G

MemTotal:        4016004 kB
MemFree:          130576 kB
Active:           355572 kB
Mem:          3.8G       3.7G       126M       5.7M        20M       3.3G

MemTotal:        4016004 kB
MemFree:          131280 kB
Active:           355376 kB
Mem:          3.8G       3.7G       127M       5.7M        20M       3.3G

MemTotal:        4016004 kB
MemFree:          144548 kB
Active:           355380 kB
Mem:          3.8G       3.7G       141M       5.7M        20M       3.2G

MemTotal:        4016004 kB
MemFree:          144916 kB
Active:           355380 kB
Mem:          3.8G       3.7G       141M       5.7M        20M       3.2G

MemTotal:        4016004 kB
MemFree:          124408 kB
Active:           355380 kB
Mem:          3.8G       3.7G       121M       5.7M        20M       3.3G

MemTotal:        4016004 kB
MemFree:          126496 kB
Active:           355924 kB
Mem:          3.8G       3.7G       122M       5.7M        20M       3.3G

MemTotal:        4016004 kB
MemFree:          124680 kB
Active:           353424 kB
Mem:          3.8G       3.7G       121M       5.7M        20M       3.3G

MemTotal:        4016004 kB
MemFree:          123304 kB
Active:           353352 kB
Mem:          3.8G       3.7G       120M       5.7M        20M       3.3G

MemTotal:        4016004 kB
MemFree:          121384 kB
Active:           353360 kB
Mem:          3.8G       3.7G       118M       5.7M        20M       3.3G

MemTotal:        4016004 kB
MemFree:          120648 kB
Active:           353360 kB
Mem:          3.8G       3.7G       117M       5.7M        20M       3.3G

MemTotal:        4016004 kB
MemFree:          135092 kB
Active:           353360 kB
Mem:          3.8G       3.7G       130M       5.7M        20M       3.3G

MemTotal:        4016004 kB
MemFree:          111464 kB
Active:           353372 kB
Mem:          3.8G       3.7G       108M       5.7M        20M       3.3G

MemTotal:        4016004 kB
MemFree:          128940 kB
Active:           353372 kB
Mem:          3.8G       3.7G       125M       5.7M        20M       3.3G

MemTotal:        4016004 kB
MemFree:          129632 kB
Active:           351268 kB
Mem:          3.8G       3.7G       126M       5.7M        20M       3.3G

MemTotal:        4016004 kB
MemFree:          128684 kB
Active:           351068 kB
Mem:          3.8G       3.7G       125M       5.7M        20M       3.3G

MemTotal:        4016004 kB
MemFree:          133272 kB
Active:           351072 kB
Mem:          3.8G       3.7G       129M       5.7M        20M       3.3G

MemTotal:        4016004 kB
MemFree:          128488 kB
Active:           351080 kB
Mem:          3.8G       3.7G       125M       5.7M        20M       3.3G

MemTotal:        4016004 kB
MemFree:          130168 kB
Active:           351080 kB
Mem:          3.8G       3.7G       126M       5.7M        20M       3.3G

MemTotal:        4016004 kB
MemFree:          128188 kB
Active:           351084 kB
Mem:          3.8G       3.7G       124M       5.7M        20M       3.3G

MemTotal:        4016004 kB
MemFree:          126224 kB
Active:           351096 kB
Mem:          3.8G       3.7G       122M       5.7M        20M       3.3G

MemTotal:        4016004 kB
MemFree:          125700 kB
Active:           351104 kB
Mem:          3.8G       3.7G       122M       5.7M        20M       3.3G

MemTotal:        4016004 kB
MemFree:          125336 kB
Active:           351108 kB
Mem:          3.8G       3.7G       122M       5.7M        20M       3.3G

MemTotal:        4016004 kB
MemFree:          134008 kB
Active:           351112 kB
Mem:          3.8G       3.7G       129M       5.7M        20M       3.3G

MemTotal:        4016004 kB
MemFree:          138576 kB
Active:           348176 kB
Mem:          3.8G       3.7G       134M       5.7M        20M       3.2G

MemTotal:        4016004 kB
MemFree:          132468 kB
Active:           348008 kB
Mem:          3.8G       3.7G       129M       5.7M        20M       3.3G

MemTotal:        4016004 kB
MemFree:          121252 kB
Active:           350056 kB
Mem:          3.8G       3.7G       117M       5.7M        20M       3.3G

MemTotal:        4016004 kB
MemFree:          125464 kB
Active:           349144 kB
Mem:          3.8G       3.7G       122M       5.7M        20M       3.3G

MemTotal:        4016004 kB
MemFree:          106296 kB
Active:           349148 kB
Mem:          3.8G       3.7G       103M       5.7M        20M       3.3G

MemTotal:        4016004 kB
MemFree:          125204 kB
Active:           349148 kB
Mem:          3.8G       3.7G       121M       5.7M        20M       3.3G

MemTotal:        4016004 kB
MemFree:          123660 kB
Active:           349024 kB
Mem:          3.8G       3.7G       120M       5.7M        20M       3.3G

MemTotal:        4016004 kB
MemFree:          123192 kB
Active:           349040 kB
Mem:          3.8G       3.7G       120M       5.7M        20M       3.3G

MemTotal:        4016004 kB
MemFree:          123140 kB
Active:           349052 kB
Mem:          3.8G       3.7G       120M       5.7M        20M       3.3G

MemTotal:        4016004 kB
MemFree:          122404 kB
Active:           349064 kB
Mem:          3.8G       3.7G       119M       5.7M        20M       3.3G

MemTotal:        4016004 kB
MemFree:          117180 kB
Active:           349068 kB
Mem:          3.8G       3.7G       113M       5.7M        20M       3.3G

MemTotal:        4016004 kB
MemFree:          121900 kB
Active:           347632 kB
Mem:          3.8G       3.7G       117M       5.7M        20M       3.3G

MemTotal:        4016004 kB
MemFree:          134012 kB
Active:           347532 kB
Mem:          3.8G       3.7G       130M       5.7M        20M       3.2G

MemTotal:        4016004 kB
MemFree:          127196 kB
Active:           347536 kB
Mem:          3.8G       3.7G       123M       5.7M        20M       3.3G

MemTotal:        4016004 kB
MemFree:          145524 kB
Active:           347556 kB
Mem:          3.8G       3.7G       142M       5.7M        20M       3.2G

MemTotal:        4016004 kB
MemFree:          140356 kB
Active:           347556 kB
Mem:          3.8G       3.7G       137M       5.7M        20M       3.2G

MemTotal:        4016004 kB
MemFree:          128280 kB
Active:           347560 kB
Mem:          3.8G       3.7G       125M       5.7M        20M       3.3G

MemTotal:        4016004 kB
MemFree:          127988 kB
Active:           347564 kB
Mem:          3.8G       3.7G       124M       5.7M        20M       3.3G

MemTotal:        4016004 kB
MemFree:          126996 kB
Active:           347568 kB
Mem:          3.8G       3.7G       123M       5.7M        20M       3.3G

MemTotal:        4016004 kB
MemFree:          130204 kB
Active:           347576 kB
Mem:          3.8G       3.7G       126M       5.7M        20M       3.3G

MemTotal:        4016004 kB
MemFree:          128964 kB
Active:           347604 kB
Mem:          3.8G       3.7G       125M       5.7M        20M       3.3G

MemTotal:        4016004 kB
MemFree:          128092 kB
Active:           347604 kB
Mem:          3.8G       3.7G       124M       5.7M        20M       3.3G

MemTotal:        4016004 kB
MemFree:          139748 kB
Active:           346976 kB
Mem:          3.8G       3.7G       135M       5.7M        20M       3.2G

MemTotal:        4016004 kB
MemFree:          138644 kB
Active:           346868 kB
Mem:          3.8G       3.7G       135M       5.7M        20M       3.2G

MemTotal:        4016004 kB
MemFree:          132372 kB
Active:           346872 kB
Mem:          3.8G       3.7G       127M       5.7M        20M       3.2G

MemTotal:        4016004 kB
MemFree:          112680 kB
Active:           347000 kB
Mem:          3.8G       3.7G       109M       5.7M        20M       3.3G

MemTotal:        4016004 kB
MemFree:          117264 kB
Active:           347012 kB
Mem:          3.8G       3.7G       113M       5.7M        20M       3.3G

MemTotal:        4016004 kB
MemFree:          118264 kB
Active:           346996 kB
Mem:          3.8G       3.7G       114M       5.7M        20M       3.3G

MemTotal:        4016004 kB
MemFree:          130400 kB
Active:           347004 kB
Mem:          3.8G       3.7G       127M       5.7M        20M       3.2G

MemTotal:        4016004 kB
MemFree:          133184 kB
Active:           346980 kB
Mem:          3.8G       3.7G       130M       5.7M        20M       3.2G

MemTotal:        4016004 kB
MemFree:          132540 kB
Active:           346940 kB
Mem:          3.8G       3.7G       129M       5.7M        20M       3.2G

MemTotal:        4016004 kB
MemFree:          131740 kB
Active:           346916 kB
Mem:          3.8G       3.7G       128M       5.7M        20M       3.2G

MemTotal:        4016004 kB
MemFree:          129764 kB
Active:           348056 kB
Mem:          3.8G       3.7G       126M       5.7M        20M       3.2G

MemTotal:        4016004 kB
MemFree:          105736 kB
Active:           348124 kB
Mem:          3.8G       3.7G       102M       5.7M        20M       3.3G

MemTotal:        4016004 kB
MemFree:          109336 kB
Active:           346756 kB
Mem:          3.8G       3.7G       105M       5.7M        20M       3.3G

MemTotal:        4016004 kB
MemFree:          130492 kB
Active:           344860 kB
Mem:          3.8G       3.7G       126M       5.7M        20M       3.2G

MemTotal:        4016004 kB
MemFree:          135172 kB
Active:           344708 kB
Mem:          3.8G       3.7G       130M       5.7M        20M       3.2G

MemTotal:        4016004 kB
MemFree:          133844 kB
Active:           344876 kB
Mem:          3.8G       3.7G       130M       5.7M        20M       3.2G

MemTotal:        4016004 kB
MemFree:          149252 kB
Active:           344736 kB
Mem:          3.8G       3.7G       145M       5.7M        20M       3.2G

MemTotal:        4016004 kB
MemFree:          121560 kB
Active:           344760 kB
Mem:          3.8G       3.7G       117M       5.7M        20M       3.3G

MemTotal:        4016004 kB
MemFree:          134888 kB
Active:           344692 kB
Mem:          3.8G       3.7G       131M       5.7M        20M       3.2G

MemTotal:        4016004 kB
MemFree:          127208 kB
Active:           344716 kB
Mem:          3.8G       3.7G       123M       5.7M        20M       3.2G

MemTotal:        4016004 kB
MemFree:          126208 kB
Active:           344716 kB
Mem:          3.8G       3.7G       122M       5.7M        20M       3.3G

MemTotal:        4016004 kB
MemFree:          125280 kB
Active:           344716 kB
Mem:          3.8G       3.7G       122M       5.7M        20M       3.3G

MemTotal:        4016004 kB
MemFree:          125076 kB
Active:           344716 kB
Mem:          3.8G       3.7G       122M       5.7M        20M       3.3G

MemTotal:        4016004 kB
MemFree:          126428 kB
Active:           344728 kB
Mem:          3.8G       3.7G       122M       5.7M        20M       3.3G

MemTotal:        4016004 kB
MemFree:          107060 kB
Active:           344728 kB
Mem:          3.8G       3.7G       103M       5.7M        20M       3.3G

MemTotal:        4016004 kB
MemFree:          129112 kB
Active:           344644 kB
Mem:          3.8G       3.7G       124M       5.7M        20M       3.2G

MemTotal:        4016004 kB
MemFree:          146092 kB
Active:           344652 kB
Mem:          3.8G       3.7G       142M       5.7M        20M       3.2G

MemTotal:        4016004 kB
MemFree:          128348 kB
Active:           344660 kB
Mem:          3.8G       3.7G       124M       5.7M        20M       3.2G

MemTotal:        4016004 kB
MemFree:          137784 kB
Active:           344352 kB
Mem:          3.8G       3.7G       134M       5.7M        20M       3.2G

MemTotal:        4016004 kB
MemFree:          137296 kB
Active:           344352 kB
Mem:          3.8G       3.7G       134M       5.7M        20M       3.2G

MemTotal:        4016004 kB
MemFree:          137296 kB
Active:           344352 kB
Mem:          3.8G       3.7G       134M       5.7M        20M       3.2G

MemTotal:        4016004 kB
MemFree:          137296 kB
Active:           344352 kB
Mem:          3.8G       3.7G       134M       5.7M        20M       3.2G

MemTotal:        4016004 kB
MemFree:          137296 kB
Active:           344352 kB
Mem:          3.8G       3.7G       134M       5.7M        20M       3.2G

MemTotal:        4016004 kB
MemFree:          136752 kB
Active:           344372 kB
Mem:          3.8G       3.7G       133M       5.7M        20M       3.2G

MemTotal:        4016004 kB
MemFree:          136808 kB
Active:           344372 kB
Mem:          3.8G       3.7G       133M       5.7M        20M       3.2G

MemTotal:        4016004 kB
MemFree:          136936 kB
Active:           344372 kB
Mem:          3.8G       3.7G       133M       5.7M        20M       3.2G

MemTotal:        4016004 kB
MemFree:          136952 kB
Active:           344372 kB
Mem:          3.8G       3.7G       133M       5.7M        20M       3.2G

MemTotal:        4016004 kB
MemFree:          137076 kB
Active:           344372 kB
Mem:          3.8G       3.7G       133M       5.7M        20M       3.2G

MemTotal:        4016004 kB
MemFree:          137200 kB
Active:           344372 kB
Mem:          3.8G       3.7G       133M       5.7M        20M       3.2G

MemTotal:        4016004 kB
MemFree:          137076 kB
Active:           344380 kB
Mem:          3.8G       3.7G       133M       5.7M        20M       3.2G

MemTotal:        4016004 kB
MemFree:          137076 kB
Active:           344384 kB
Mem:          3.8G       3.7G       133M       5.7M        20M       3.2G

MemTotal:        4016004 kB
MemFree:          137076 kB
Active:           344384 kB
Mem:          3.8G       3.7G       133M       5.7M        20M       3.2G

MemTotal:        4016004 kB
MemFree:          137076 kB
Active:           344384 kB
Mem:          3.8G       3.7G       133M       5.7M        20M       3.2G

MemTotal:        4016004 kB
MemFree:          136952 kB
Active:           344384 kB
Mem:          3.8G       3.7G       133M       5.7M        20M       3.2G

MemTotal:        4016004 kB
MemFree:          137140 kB
Active:           344168 kB
Mem:          3.8G       3.7G       133M       5.7M        20M       3.2G

MemTotal:        4016004 kB
MemFree:          136628 kB
Active:           344148 kB
Mem:          3.8G       3.7G       133M       5.7M        20M       3.2G

MemTotal:        4016004 kB
MemFree:          136504 kB
Active:           344180 kB
Mem:          3.8G       3.7G       133M       5.7M        20M       3.2G

MemTotal:        4016004 kB
MemFree:          136504 kB
Active:           344148 kB
Mem:          3.8G       3.7G       133M       5.7M        20M       3.2G

MemTotal:        4016004 kB
MemFree:          136380 kB
Active:           344168 kB
Mem:          3.8G       3.7G       133M       5.7M        20M       3.2G

MemTotal:        4016004 kB
MemFree:          136008 kB
Active:           344188 kB
Mem:          3.8G       3.7G       132M       5.7M        20M       3.2G

MemTotal:        4016004 kB
MemFree:          135884 kB
Active:           344188 kB
Mem:          3.8G       3.7G       132M       5.7M        20M       3.2G

MemTotal:        4016004 kB
MemFree:          136380 kB
Active:           344148 kB
Mem:          3.8G       3.7G       133M       5.7M        20M       3.2G

MemTotal:        4016004 kB
MemFree:          136132 kB
Active:           344200 kB
Mem:          3.8G       3.7G       132M       5.7M        20M       3.2G

MemTotal:        4016004 kB
MemFree:          136256 kB
Active:           344200 kB
Mem:          3.8G       3.7G       133M       5.7M        20M       3.2G

MemTotal:        4016004 kB
MemFree:          136628 kB
Active:           344192 kB
Mem:          3.8G       3.7G       133M       5.7M        20M       3.2G

MemTotal:        4016004 kB
MemFree:          136416 kB
Active:           344204 kB
Mem:          3.8G       3.7G       133M       5.7M        20M       3.2G

MemTotal:        4016004 kB
MemFree:          136664 kB
Active:           344172 kB
Mem:          3.8G       3.7G       133M       5.7M        20M       3.2G

MemTotal:        4016004 kB
MemFree:          136788 kB
Active:           344184 kB
Mem:          3.8G       3.7G       133M       5.7M        20M       3.2G

MemTotal:        4016004 kB
MemFree:          136664 kB
Active:           344168 kB
Mem:          3.8G       3.7G       133M       5.7M        20M       3.2G

MemTotal:        4016004 kB
MemFree:          136416 kB
Active:           344212 kB
Mem:          3.8G       3.7G       133M       5.7M        20M       3.2G

MemTotal:        4016004 kB
MemFree:          136788 kB
Active:           344164 kB
Mem:          3.8G       3.7G       133M       5.7M        20M       3.2G

MemTotal:        4016004 kB
MemFree:          136912 kB
Active:           344172 kB
Mem:          3.8G       3.7G       133M       5.7M        20M       3.2G

MemTotal:        4016004 kB
MemFree:          136788 kB
Active:           344184 kB
Mem:          3.8G       3.7G       133M       5.7M        20M       3.2G

MemTotal:        4016004 kB
MemFree:          136788 kB
Active:           344160 kB
Mem:          3.8G       3.7G       133M       5.7M        20M       3.2G

MemTotal:        4016004 kB
MemFree:          136540 kB
Active:           344216 kB
Mem:          3.8G       3.7G       133M       5.7M        20M       3.2G

MemTotal:        4016004 kB
MemFree:          136540 kB
Active:           344204 kB
Mem:          3.8G       3.7G       133M       5.7M        20M       3.2G

MemTotal:        4016004 kB
MemFree:          136540 kB
Active:           344212 kB
Mem:          3.8G       3.7G       133M       5.7M        20M       3.2G

MemTotal:        4016004 kB
MemFree:          136168 kB
Active:           344228 kB
Mem:          3.8G       3.7G       133M       5.7M        20M       3.2G

MemTotal:        4016004 kB
MemFree:          136788 kB
Active:           344192 kB
Mem:          3.8G       3.7G       133M       5.7M        20M       3.2G

MemTotal:        4016004 kB
MemFree:          136196 kB
Active:           342548 kB
Mem:          3.8G       3.7G       133M       5.7M        20M       3.2G

MemTotal:        4016004 kB
MemFree:          136476 kB
Active:           344348 kB
Mem:          3.8G       3.7G       133M       5.7M        20M       3.2G

MemTotal:        4016004 kB
MemFree:          136724 kB
Active:           344316 kB
Mem:          3.8G       3.7G       133M       5.7M        20M       3.2G

MemTotal:        4016004 kB
MemFree:          136724 kB
Active:           344316 kB
Mem:          3.8G       3.7G       133M       5.7M        20M       3.2G

MemTotal:        4016004 kB
MemFree:          136600 kB
Active:           344376 kB
Mem:          3.8G       3.7G       133M       5.7M        20M       3.2G

MemTotal:        4016004 kB
MemFree:          136972 kB
Active:           344360 kB
Mem:          3.8G       3.7G       133M       5.7M        20M       3.2G

MemTotal:        4016004 kB
MemFree:          136972 kB
Active:           344372 kB
Mem:          3.8G       3.7G       133M       5.7M        20M       3.2G

MemTotal:        4016004 kB
MemFree:          136600 kB
Active:           344376 kB
Mem:          3.8G       3.7G       133M       5.7M        20M       3.2G

MemTotal:        4016004 kB
MemFree:          136228 kB
Active:           344360 kB
Mem:          3.8G       3.7G       132M       5.7M        20M       3.2G

MemTotal:        4016004 kB
MemFree:          136352 kB
Active:           344364 kB
Mem:          3.8G       3.7G       133M       5.7M        20M       3.2G

MemTotal:        4016004 kB
MemFree:          135444 kB
Active:           343488 kB
Mem:          3.8G       3.7G       132M       5.7M        20M       3.2G

MemTotal:        4016004 kB
MemFree:          136288 kB
Active:           345460 kB
Mem:          3.8G       3.7G       132M       5.7M        20M       3.2G

MemTotal:        4016004 kB
MemFree:          135668 kB
Active:           345476 kB
Mem:          3.8G       3.7G       132M       5.7M        20M       3.2G

MemTotal:        4016004 kB
MemFree:          136040 kB
Active:           345444 kB
Mem:          3.8G       3.7G       132M       5.7M        20M       3.2G

MemTotal:        4016004 kB
MemFree:          135916 kB
Active:           345476 kB
Mem:          3.8G       3.7G       132M       5.7M        20M       3.2G

MemTotal:        4016004 kB
MemFree:          136288 kB
Active:           345468 kB
Mem:          3.8G       3.7G       133M       5.7M        20M       3.2G

MemTotal:        4016004 kB
MemFree:          136908 kB
Active:           345424 kB
Mem:          3.8G       3.7G       133M       5.7M        20M       3.2G

MemTotal:        4016004 kB
MemFree:          136536 kB
Active:           345484 kB
Mem:          3.8G       3.7G       133M       5.7M        20M       3.2G

MemTotal:        4016004 kB
MemFree:          136784 kB
Active:           345480 kB
Mem:          3.8G       3.7G       133M       5.7M        20M       3.2G

MemTotal:        4016004 kB
MemFree:          136784 kB
Active:           345428 kB
Mem:          3.8G       3.7G       133M       5.7M        20M       3.2G

MemTotal:        4016004 kB
MemFree:          134736 kB
Active:           345480 kB
Mem:          3.8G       3.7G       131M       5.7M        20M       3.2G

MemTotal:        4016004 kB
MemFree:          134612 kB
Active:           347484 kB
Mem:          3.8G       3.7G       131M       5.7M        20M       3.2G

MemTotal:        4016004 kB
MemFree:          134860 kB
Active:           347528 kB
Mem:          3.8G       3.7G       131M       5.7M        20M       3.2G

MemTotal:        4016004 kB
MemFree:          134736 kB
Active:           347524 kB
Mem:          3.8G       3.7G       131M       5.7M        20M       3.2G

MemTotal:        4016004 kB
MemFree:          134488 kB
Active:           347532 kB
Mem:          3.8G       3.7G       131M       5.7M        20M       3.2G

MemTotal:        4016004 kB
MemFree:          134612 kB
Active:           347516 kB
Mem:          3.8G       3.7G       131M       5.7M        20M       3.2G

MemTotal:        4016004 kB
MemFree:          134612 kB
Active:           347536 kB
Mem:          3.8G       3.7G       131M       5.7M        20M       3.2G

MemTotal:        4016004 kB
MemFree:          134736 kB
Active:           347480 kB
Mem:          3.8G       3.7G       131M       5.7M        20M       3.2G

MemTotal:        4016004 kB
MemFree:          134488 kB
Active:           347540 kB
Mem:          3.8G       3.7G       131M       5.7M        20M       3.2G

MemTotal:        4016004 kB
MemFree:          134860 kB
Active:           347508 kB
Mem:          3.8G       3.7G       131M       5.7M        20M       3.2G

MemTotal:        4016004 kB
MemFree:          134736 kB
Active:           347524 kB
Mem:          3.8G       3.7G       131M       5.7M        20M       3.2G

MemTotal:        4016004 kB
MemFree:          134736 kB
Active:           347532 kB
Mem:          3.8G       3.7G       131M       5.7M        20M       3.2G

MemTotal:        4016004 kB
MemFree:          134612 kB
Active:           347524 kB
Mem:          3.8G       3.7G       131M       5.7M        20M       3.2G

MemTotal:        4016004 kB
MemFree:          134488 kB
Active:           347532 kB
Mem:          3.8G       3.7G       131M       5.7M        20M       3.2G

MemTotal:        4016004 kB
MemFree:          134736 kB
Active:           347528 kB
Mem:          3.8G       3.7G       131M       5.7M        20M       3.2G

MemTotal:        4016004 kB
MemFree:          134736 kB
Active:           347544 kB
Mem:          3.8G       3.7G       131M       5.7M        20M       3.2G

MemTotal:        4016004 kB
MemFree:          134488 kB
Active:           347552 kB
Mem:          3.8G       3.7G       131M       5.7M        20M       3.2G

MemTotal:        4016004 kB
MemFree:          134860 kB
Active:           347524 kB
Mem:          3.8G       3.7G       131M       5.7M        20M       3.2G

MemTotal:        4016004 kB
MemFree:          134488 kB
Active:           347552 kB
Mem:          3.8G       3.7G       131M       5.7M        20M       3.2G

MemTotal:        4016004 kB
MemFree:          134612 kB
Active:           347512 kB
Mem:          3.8G       3.7G       131M       5.7M        20M       3.2G

MemTotal:        4016004 kB
MemFree:          134488 kB
Active:           347512 kB
Mem:          3.8G       3.7G       130M       5.7M        20M       3.2G

MemTotal:        4016004 kB
MemFree:          134488 kB
Active:           347508 kB
Mem:          3.8G       3.7G       131M       5.7M        20M       3.2G

MemTotal:        4016004 kB
MemFree:          134488 kB
Active:           347504 kB
Mem:          3.8G       3.7G       131M       5.7M        20M       3.2G

MemTotal:        4016004 kB
MemFree:          134364 kB
Active:           347540 kB
Mem:          3.8G       3.7G       131M       5.7M        20M       3.2G

MemTotal:        4016004 kB
MemFree:          134488 kB
Active:           347500 kB
Mem:          3.8G       3.7G       131M       5.7M        20M       3.2G

MemTotal:        4016004 kB
MemFree:          133992 kB
Active:           347556 kB
Mem:          3.8G       3.7G       130M       5.7M        20M       3.2G

MemTotal:        4016004 kB
MemFree:          134488 kB
Active:           347544 kB
Mem:          3.8G       3.7G       131M       5.7M        20M       3.2G

MemTotal:        4016004 kB
MemFree:          134364 kB
Active:           347548 kB
Mem:          3.8G       3.7G       131M       5.7M        20M       3.2G

MemTotal:        4016004 kB
MemFree:          134364 kB
Active:           347548 kB
Mem:          3.8G       3.7G       131M       5.7M        20M       3.2G

MemTotal:        4016004 kB
MemFree:          134116 kB
Active:           347564 kB
Mem:          3.8G       3.7G       131M       5.7M        20M       3.2G

MemTotal:        4016004 kB
MemFree:          133868 kB
Active:           347564 kB
Mem:          3.8G       3.7G       130M       5.7M        20M       3.2G

MemTotal:        4016004 kB
MemFree:          133744 kB
Active:           347568 kB
Mem:          3.8G       3.7G       130M       5.7M        20M       3.2G

MemTotal:        4016004 kB
MemFree:          133868 kB
Active:           347556 kB
Mem:          3.8G       3.7G       130M       5.7M        20M       3.2G

MemTotal:        4016004 kB
MemFree:          133620 kB
Active:           347568 kB
Mem:          3.8G       3.7G       130M       5.7M        20M       3.2G

MemTotal:        4016004 kB
MemFree:          133620 kB
Active:           347572 kB
Mem:          3.8G       3.7G       130M       5.7M        20M       3.2G

MemTotal:        4016004 kB
MemFree:          133496 kB
Active:           347572 kB
Mem:          3.8G       3.7G       130M       5.7M        20M       3.2G

MemTotal:        4016004 kB
MemFree:          133868 kB
Active:           347548 kB
Mem:          3.8G       3.7G       130M       5.7M        20M       3.2G

MemTotal:        4016004 kB
MemFree:          133992 kB
Active:           347540 kB
Mem:          3.8G       3.7G       130M       5.7M        20M       3.2G

MemTotal:        4016004 kB
MemFree:          134364 kB
Active:           347528 kB
Mem:          3.8G       3.7G       130M       5.7M        20M       3.2G

MemTotal:        4016004 kB
MemFree:          134364 kB
Active:           347540 kB
Mem:          3.8G       3.7G       131M       5.7M        20M       3.2G

MemTotal:        4016004 kB
MemFree:          133868 kB
Active:           347588 kB
Mem:          3.8G       3.7G       130M       5.7M        20M       3.2G

MemTotal:        4016004 kB
MemFree:          134116 kB
Active:           347548 kB
Mem:          3.8G       3.7G       130M       5.7M        20M       3.2G

MemTotal:        4016004 kB
MemFree:          134116 kB
Active:           347544 kB
Mem:          3.8G       3.7G       131M       5.7M        20M       3.2G

MemTotal:        4016004 kB
MemFree:          133744 kB
Active:           347588 kB
Mem:          3.8G       3.7G       130M       5.7M        20M       3.2G

MemTotal:        4016004 kB
MemFree:          133620 kB
Active:           347592 kB
Mem:          3.8G       3.7G       130M       5.7M        20M       3.2G

MemTotal:        4016004 kB
MemFree:          134240 kB
Active:           347584 kB
Mem:          3.8G       3.7G       130M       5.7M        20M       3.2G

MemTotal:        4016004 kB
MemFree:          133744 kB
Active:           347604 kB
Mem:          3.8G       3.7G       130M       5.7M        20M       3.2G

MemTotal:        4016004 kB
MemFree:          134240 kB
Active:           347584 kB
Mem:          3.8G       3.7G       131M       5.7M        20M       3.2G

MemTotal:        4016004 kB
MemFree:          134116 kB
Active:           347568 kB
Mem:          3.8G       3.7G       130M       5.7M        20M       3.2G

MemTotal:        4016004 kB
MemFree:          133744 kB
Active:           347608 kB
Mem:          3.8G       3.7G       130M       5.7M        20M       3.2G

MemTotal:        4016004 kB
MemFree:          133496 kB
Active:           347612 kB
Mem:          3.8G       3.7G       130M       5.7M        20M       3.2G

MemTotal:        4016004 kB
MemFree:          133620 kB
Active:           347612 kB
Mem:          3.8G       3.7G       130M       5.7M        20M       3.2G

MemTotal:        4016004 kB
MemFree:          134116 kB
Active:           347608 kB
Mem:          3.8G       3.7G       130M       5.7M        20M       3.2G

MemTotal:        4016004 kB
MemFree:          133620 kB
Active:           347612 kB
Mem:          3.8G       3.7G       130M       5.7M        20M       3.2G

MemTotal:        4016004 kB
MemFree:          133868 kB
Active:           347604 kB
Mem:          3.8G       3.7G       130M       5.7M        20M       3.2G

MemTotal:        4016004 kB
MemFree:          134488 kB
Active:           347608 kB
Mem:          3.8G       3.7G       131M       5.7M        20M       3.2G

MemTotal:        4016004 kB
MemFree:          133992 kB
Active:           347620 kB
Mem:          3.8G       3.7G       130M       5.7M        20M       3.2G

MemTotal:        4016004 kB
MemFree:          134240 kB
Active:           347600 kB
Mem:          3.8G       3.7G       131M       5.7M        20M       3.2G

MemTotal:        4016004 kB
MemFree:          134364 kB
Active:           347588 kB
Mem:          3.8G       3.7G       130M       5.7M        20M       3.2G

MemTotal:        4016004 kB
MemFree:          134240 kB
Active:           347572 kB
Mem:          3.8G       3.7G       131M       5.7M        20M       3.2G

MemTotal:        4016004 kB
MemFree:          131820 kB
Active:           347624 kB
Mem:          3.8G       3.7G       128M       5.7M        20M       3.2G

MemTotal:        4016004 kB
MemFree:          132316 kB
Active:           349604 kB
Mem:          3.8G       3.7G       129M       5.7M        20M       3.2G

MemTotal:        4016004 kB
MemFree:          132316 kB
Active:           349624 kB
Mem:          3.8G       3.7G       129M       5.7M        20M       3.2G

MemTotal:        4016004 kB
MemFree:          131944 kB
Active:           349652 kB
Mem:          3.8G       3.7G       128M       5.7M        20M       3.2G

MemTotal:        4016004 kB
MemFree:          131944 kB
Active:           349652 kB
Mem:          3.8G       3.7G       129M       5.7M        20M       3.2G

MemTotal:        4016004 kB
MemFree:          132440 kB
Active:           349608 kB
Mem:          3.8G       3.7G       129M       5.7M        20M       3.2G

MemTotal:        4016004 kB
MemFree:          132192 kB
Active:           349604 kB
Mem:          3.8G       3.7G       129M       5.7M        20M       3.2G

MemTotal:        4016004 kB
MemFree:          132316 kB
Active:           349604 kB
Mem:          3.8G       3.7G       129M       5.7M        20M       3.2G

MemTotal:        4016004 kB
MemFree:          132192 kB
Active:           349644 kB
Mem:          3.8G       3.7G       129M       5.7M        20M       3.2G

MemTotal:        4016004 kB
MemFree:          132316 kB
Active:           349624 kB
Mem:          3.8G       3.7G       129M       5.7M        20M       3.2G

MemTotal:        4016004 kB
MemFree:          132440 kB
Active:           349628 kB
Mem:          3.8G       3.7G       129M       5.7M        20M       3.2G

MemTotal:        4016004 kB
MemFree:          131820 kB
Active:           349660 kB
Mem:          3.8G       3.7G       128M       5.7M        20M       3.2G

MemTotal:        4016004 kB
MemFree:          132068 kB
Active:           349636 kB
Mem:          3.8G       3.7G       128M       5.7M        20M       3.2G

MemTotal:        4016004 kB
MemFree:          132192 kB
Active:           349636 kB
Mem:          3.8G       3.7G       129M       5.7M        20M       3.2G

MemTotal:        4016004 kB
MemFree:          131704 kB
Active:           350036 kB
Mem:          3.8G       3.7G       128M       5.7M        20M       3.2G

MemTotal:        4016004 kB
MemFree:          122612 kB
Active:           357400 kB
Mem:          3.8G       3.7G       119M       5.7M        27M       3.2G

MemTotal:        4016004 kB
MemFree:          122736 kB
Active:           357364 kB
Mem:          3.8G       3.7G       119M       5.7M        27M       3.2G

MemTotal:        4016004 kB
MemFree:          122612 kB
Active:           357368 kB
Mem:          3.8G       3.7G       119M       5.7M        27M       3.2G

MemTotal:        4016004 kB
MemFree:          122860 kB
Active:           357380 kB
Mem:          3.8G       3.7G       120M       5.7M        27M       3.2G

MemTotal:        4016004 kB
MemFree:          122984 kB
Active:           357380 kB
Mem:          3.8G       3.7G       119M       5.7M        27M       3.2G

MemTotal:        4016004 kB
MemFree:          122364 kB
Active:           357408 kB
Mem:          3.8G       3.7G       119M       5.7M        27M       3.2G

MemTotal:        4016004 kB
MemFree:          122736 kB
Active:           357396 kB
Mem:          3.8G       3.7G       119M       5.7M        27M       3.2G

MemTotal:        4016004 kB
MemFree:          122736 kB
Active:           357352 kB
Mem:          3.8G       3.7G       119M       5.7M        27M       3.2G

MemTotal:        4016004 kB
MemFree:          122736 kB
Active:           357356 kB
Mem:          3.8G       3.7G       119M       5.7M        27M       3.2G

MemTotal:        4016004 kB
MemFree:          122240 kB
Active:           357408 kB
Mem:          3.8G       3.7G       119M       5.7M        27M       3.2G

MemTotal:        4016004 kB
MemFree:          122612 kB
Active:           357372 kB
Mem:          3.8G       3.7G       119M       5.7M        27M       3.2G

MemTotal:        4016004 kB
MemFree:          122612 kB
Active:           357380 kB
Mem:          3.8G       3.7G       119M       5.7M        27M       3.2G

MemTotal:        4016004 kB
MemFree:          122612 kB
Active:           357388 kB
Mem:          3.8G       3.7G       119M       5.7M        27M       3.2G

MemTotal:        4016004 kB
MemFree:          122116 kB
Active:           357420 kB
Mem:          3.8G       3.7G       119M       5.7M        27M       3.2G

MemTotal:        4016004 kB
MemFree:          122364 kB
Active:           357384 kB
Mem:          3.8G       3.7G       119M       5.7M        27M       3.2G

MemTotal:        4016004 kB
MemFree:          122488 kB
Active:           357396 kB
Mem:          3.8G       3.7G       119M       5.7M        27M       3.2G

MemTotal:        4016004 kB
MemFree:          122240 kB
Active:           357424 kB
Mem:          3.8G       3.7G       119M       5.7M        27M       3.2G

MemTotal:        4016004 kB
MemFree:          122612 kB
Active:           357420 kB
Mem:          3.8G       3.7G       119M       5.7M        27M       3.2G

MemTotal:        4016004 kB
MemFree:          122736 kB
Active:           357388 kB
Mem:          3.8G       3.7G       119M       5.7M        27M       3.2G

MemTotal:        4016004 kB
MemFree:          122612 kB
Active:           357412 kB
Mem:          3.8G       3.7G       119M       5.7M        27M       3.2G

MemTotal:        4016004 kB
MemFree:          122612 kB
Active:           357404 kB
Mem:          3.8G       3.7G       119M       5.7M        27M       3.2G

MemTotal:        4016004 kB
MemFree:          122116 kB
Active:           357440 kB
Mem:          3.8G       3.7G       119M       5.7M        27M       3.2G

MemTotal:        4016004 kB
MemFree:          122488 kB
Active:           357408 kB
Mem:          3.8G       3.7G       119M       5.7M        27M       3.2G

MemTotal:        4016004 kB
MemFree:          122132 kB
Active:           357440 kB
Mem:          3.8G       3.7G       119M       5.7M        27M       3.2G

MemTotal:        4016004 kB
MemFree:          122504 kB
Active:           357404 kB
Mem:          3.8G       3.7G       119M       5.7M        27M       3.2G

MemTotal:        4016004 kB
MemFree:          122504 kB
Active:           357420 kB
Mem:          3.8G       3.7G       119M       5.7M        27M       3.2G

MemTotal:        4016004 kB
MemFree:          122256 kB
Active:           357448 kB
Mem:          3.8G       3.7G       119M       5.7M        27M       3.2G

MemTotal:        4016004 kB
MemFree:          122752 kB
Active:           357448 kB
Mem:          3.8G       3.7G       119M       5.7M        27M       3.2G

MemTotal:        4016004 kB
MemFree:          122752 kB
Active:           357420 kB
Mem:          3.8G       3.7G       119M       5.7M        27M       3.2G

MemTotal:        4016004 kB
MemFree:          122132 kB
Active:           357456 kB
Mem:          3.8G       3.7G       119M       5.7M        27M       3.2G

MemTotal:        4016004 kB
MemFree:          122380 kB
Active:           357448 kB
Mem:          3.8G       3.7G       119M       5.7M        27M       3.2G

MemTotal:        4016004 kB
MemFree:          122380 kB
Active:           357412 kB
Mem:          3.8G       3.7G       119M       5.7M        27M       3.2G

MemTotal:        4016004 kB
MemFree:          122504 kB
Active:           357424 kB
Mem:          3.8G       3.7G       119M       5.7M        27M       3.2G

MemTotal:        4016004 kB
MemFree:          122504 kB
Active:           357432 kB
Mem:          3.8G       3.7G       119M       5.7M        27M       3.2G

MemTotal:        4016004 kB
MemFree:          122504 kB
Active:           357444 kB
Mem:          3.8G       3.7G       119M       5.7M        27M       3.2G

MemTotal:        4016004 kB
MemFree:          122504 kB
Active:           357452 kB
Mem:          3.8G       3.7G       119M       5.7M        27M       3.2G

MemTotal:        4016004 kB
MemFree:          122504 kB
Active:           357452 kB
Mem:          3.8G       3.7G       119M       5.7M        27M       3.2G

MemTotal:        4016004 kB
MemFree:          122504 kB
Active:           357412 kB
Mem:          3.8G       3.7G       119M       5.7M        27M       3.2G

MemTotal:        4016004 kB
MemFree:          122256 kB
Active:           357472 kB
Mem:          3.8G       3.7G       119M       5.7M        27M       3.2G

MemTotal:        4016004 kB
MemFree:          122380 kB
Active:           357456 kB
Mem:          3.8G       3.7G       119M       5.7M        27M       3.2G

MemTotal:        4016004 kB
MemFree:          122132 kB
Active:           357472 kB
Mem:          3.8G       3.7G       119M       5.7M        27M       3.2G

MemTotal:        4016004 kB
MemFree:          122380 kB
Active:           357460 kB
Mem:          3.8G       3.7G       119M       5.7M        27M       3.2G

MemTotal:        4016004 kB
MemFree:          122504 kB
Active:           357456 kB
Mem:          3.8G       3.7G       119M       5.7M        27M       3.2G

MemTotal:        4016004 kB
MemFree:          122380 kB
Active:           357456 kB
Mem:          3.8G       3.7G       119M       5.7M        27M       3.2G

MemTotal:        4016004 kB
MemFree:          122380 kB
Active:           357448 kB
Mem:          3.8G       3.7G       119M       5.7M        27M       3.2G

MemTotal:        4016004 kB
MemFree:          122256 kB
Active:           357444 kB
Mem:          3.8G       3.7G       119M       5.7M        27M       3.2G

MemTotal:        4016004 kB
MemFree:          122504 kB
Active:           357436 kB
Mem:          3.8G       3.7G       119M       5.7M        27M       3.2G

MemTotal:        4016004 kB
MemFree:          122504 kB
Active:           357500 kB
Mem:          3.8G       3.7G       119M       5.7M        28M       3.2G

MemTotal:        4016004 kB
MemFree:          122008 kB
Active:           357528 kB
Mem:          3.8G       3.7G       119M       5.7M        28M       3.2G

MemTotal:        4016004 kB
MemFree:          122008 kB
Active:           357528 kB
Mem:          3.8G       3.7G       119M       5.7M        28M       3.2G

MemTotal:        4016004 kB
MemFree:          122364 kB
Active:           357528 kB
Mem:          3.8G       3.7G       119M       5.7M        28M       3.2G

