MemTotal:        4016004 kB
MemFree:         3213772 kB
Active:           446072 kB
Mem:          3.8G       783M       3.1G       5.7M        55M       327M

MemTotal:        4016004 kB
MemFree:         3213136 kB
Active:           446768 kB
Mem:          3.8G       784M       3.1G       5.7M        55M       327M

MemTotal:        4016004 kB
MemFree:         3212608 kB
Active:           446836 kB
Mem:          3.8G       784M       3.1G       5.7M        55M       327M

MemTotal:        4016004 kB
MemFree:         3210188 kB
Active:           446836 kB
Mem:          3.8G       786M       3.1G       5.7M        55M       327M

MemTotal:        4016004 kB
MemFree:         3210296 kB
Active:           446824 kB
Mem:          3.8G       786M       3.1G       5.7M        55M       327M

MemTotal:        4016004 kB
MemFree:         3210528 kB
Active:           448908 kB
Mem:          3.8G       786M       3.1G       5.7M        55M       327M

MemTotal:        4016004 kB
MemFree:         3210264 kB
Active:           448872 kB
Mem:          3.8G       786M       3.1G       5.7M        55M       327M

MemTotal:        4016004 kB
MemFree:         3210744 kB
Active:           448880 kB
Mem:          3.8G       786M       3.1G       5.7M        55M       327M

MemTotal:        4016004 kB
MemFree:         3210232 kB
Active:           448912 kB
Mem:          3.8G       787M       3.1G       5.7M        55M       327M

MemTotal:        4016004 kB
MemFree:         3210232 kB
Active:           448860 kB
Mem:          3.8G       786M       3.1G       5.7M        55M       327M

MemTotal:        4016004 kB
MemFree:         3210728 kB
Active:           448888 kB
Mem:          3.8G       786M       3.1G       5.7M        55M       327M

MemTotal:        4016004 kB
MemFree:         3210852 kB
Active:           448908 kB
Mem:          3.8G       786M       3.1G       5.7M        55M       327M

MemTotal:        4016004 kB
MemFree:         3209968 kB
Active:           448916 kB
Mem:          3.8G       787M       3.1G       5.7M        55M       327M

MemTotal:        4016004 kB
MemFree:         3210372 kB
Active:           448916 kB
Mem:          3.8G       786M       3.1G       5.7M        55M       327M

MemTotal:        4016004 kB
MemFree:         3210232 kB
Active:           448872 kB
Mem:          3.8G       787M       3.1G       5.7M        55M       327M

MemTotal:        4016004 kB
MemFree:         3209860 kB
Active:           448924 kB
Mem:          3.8G       786M       3.1G       5.7M        55M       327M

MemTotal:        4016004 kB
MemFree:         3210092 kB
Active:           448868 kB
Mem:          3.8G       786M       3.1G       5.7M        55M       327M

MemTotal:        4016004 kB
MemFree:         3210340 kB
Active:           448888 kB
Mem:          3.8G       786M       3.1G       5.7M        55M       327M

MemTotal:        4016004 kB
MemFree:         3210324 kB
Active:           448880 kB
Mem:          3.8G       786M       3.1G       5.7M        55M       327M

MemTotal:        4016004 kB
MemFree:         3210572 kB
Active:           448908 kB
Mem:          3.8G       786M       3.1G       5.7M        55M       327M

MemTotal:        4016004 kB
MemFree:         3210432 kB
Active:           448876 kB
Mem:          3.8G       786M       3.1G       5.7M        55M       327M

MemTotal:        4016004 kB
MemFree:         3210664 kB
Active:           448904 kB
Mem:          3.8G       786M       3.1G       5.7M        55M       327M

MemTotal:        4016004 kB
MemFree:         3210400 kB
Active:           448924 kB
Mem:          3.8G       786M       3.1G       5.7M        55M       327M

MemTotal:        4016004 kB
MemFree:         3208228 kB
Active:           448892 kB
Mem:          3.8G       788M       3.1G       5.7M        55M       327M

MemTotal:        4016004 kB
MemFree:         3208400 kB
Active:           448872 kB
Mem:          3.8G       788M       3.1G       5.7M        55M       327M

MemTotal:        4016004 kB
MemFree:         3208028 kB
Active:           448856 kB
Mem:          3.8G       788M       3.1G       5.7M        55M       327M

MemTotal:        4016004 kB
MemFree:         3208400 kB
Active:           450960 kB
Mem:          3.8G       788M       3.1G       5.7M        55M       327M

MemTotal:        4016004 kB
MemFree:         3208400 kB
Active:           450956 kB
Mem:          3.8G       789M       3.1G       5.7M        55M       327M

MemTotal:        4016004 kB
MemFree:         3208772 kB
Active:           450920 kB
Mem:          3.8G       788M       3.1G       5.7M        55M       327M

MemTotal:        4016004 kB
MemFree:         3208524 kB
Active:           450944 kB
Mem:          3.8G       788M       3.1G       5.7M        55M       327M

MemTotal:        4016004 kB
MemFree:         3208400 kB
Active:           450972 kB
Mem:          3.8G       788M       3.1G       5.7M        55M       327M

MemTotal:        4016004 kB
MemFree:         3208276 kB
Active:           450960 kB
Mem:          3.8G       788M       3.1G       5.7M        55M       327M

MemTotal:        4016004 kB
MemFree:         3208152 kB
Active:           450920 kB
Mem:          3.8G       789M       3.1G       5.7M        55M       327M

MemTotal:        4016004 kB
MemFree:         3207656 kB
Active:           450976 kB
Mem:          3.8G       789M       3.1G       5.7M        55M       327M

MemTotal:        4016004 kB
MemFree:         3207780 kB
Active:           450980 kB
Mem:          3.8G       789M       3.1G       5.7M        55M       327M

MemTotal:        4016004 kB
MemFree:         3208152 kB
Active:           450956 kB
Mem:          3.8G       788M       3.1G       5.7M        55M       327M

MemTotal:        4016004 kB
MemFree:         3208276 kB
Active:           450952 kB
Mem:          3.8G       788M       3.1G       5.7M        55M       327M

MemTotal:        4016004 kB
MemFree:         3208772 kB
Active:           450936 kB
Mem:          3.8G       788M       3.1G       5.7M        55M       327M

MemTotal:        4016004 kB
MemFree:         3208896 kB
Active:           450956 kB
Mem:          3.8G       788M       3.1G       5.7M        55M       327M

MemTotal:        4016004 kB
MemFree:         3208260 kB
Active:           450988 kB
Mem:          3.8G       788M       3.1G       5.7M        55M       327M

MemTotal:        4016004 kB
MemFree:         3208120 kB
Active:           450992 kB
Mem:          3.8G       788M       3.1G       5.7M        55M       327M

MemTotal:        4016004 kB
MemFree:         3208028 kB
Active:           450992 kB
Mem:          3.8G       788M       3.1G       5.7M        55M       327M

MemTotal:        4016004 kB
MemFree:         3208400 kB
Active:           450988 kB
Mem:          3.8G       789M       3.1G       5.7M        55M       327M

MemTotal:        4016004 kB
MemFree:         3208028 kB
Active:           450952 kB
Mem:          3.8G       789M       3.1G       5.7M        55M       327M

MemTotal:        4016004 kB
MemFree:         3208152 kB
Active:           450984 kB
Mem:          3.8G       789M       3.1G       5.7M        55M       327M

MemTotal:        4016004 kB
MemFree:         3208648 kB
Active:           450968 kB
Mem:          3.8G       788M       3.1G       5.7M        55M       327M

MemTotal:        4016004 kB
MemFree:         3208648 kB
Active:           450992 kB
Mem:          3.8G       788M       3.1G       5.7M        55M       327M

MemTotal:        4016004 kB
MemFree:         3208156 kB
Active:           451000 kB
Mem:          3.8G       788M       3.1G       5.7M        55M       327M

MemTotal:        4016004 kB
MemFree:         3208280 kB
Active:           450996 kB
Mem:          3.8G       788M       3.1G       5.7M        55M       327M

MemTotal:        4016004 kB
MemFree:         3208404 kB
Active:           450972 kB
Mem:          3.8G       788M       3.1G       5.7M        55M       327M

MemTotal:        4016004 kB
MemFree:         3208264 kB
Active:           451000 kB
Mem:          3.8G       788M       3.1G       5.7M        55M       327M

MemTotal:        4016004 kB
MemFree:         3208636 kB
Active:           450984 kB
Mem:          3.8G       788M       3.1G       5.7M        55M       327M

MemTotal:        4016004 kB
MemFree:         3208636 kB
Active:           451016 kB
Mem:          3.8G       788M       3.1G       5.7M        55M       327M

MemTotal:        4016004 kB
MemFree:         3208008 kB
Active:           448984 kB
Mem:          3.8G       788M       3.1G       5.7M        55M       327M

MemTotal:        4016004 kB
MemFree:         3208132 kB
Active:           450996 kB
Mem:          3.8G       788M       3.1G       5.7M        55M       327M

MemTotal:        4016004 kB
MemFree:         3208488 kB
Active:           450984 kB
Mem:          3.8G       788M       3.1G       5.7M        55M       327M

MemTotal:        4016004 kB
MemFree:         3208348 kB
Active:           451028 kB
Mem:          3.8G       788M       3.1G       5.7M        55M       327M

MemTotal:        4016004 kB
MemFree:         3208348 kB
Active:           451020 kB
Mem:          3.8G       788M       3.1G       5.7M        55M       327M

MemTotal:        4016004 kB
MemFree:         3208440 kB
Active:           451004 kB
Mem:          3.8G       788M       3.1G       5.7M        55M       327M

MemTotal:        4016004 kB
MemFree:         3208672 kB
Active:           451028 kB
Mem:          3.8G       788M       3.1G       5.7M        55M       327M

MemTotal:        4016004 kB
MemFree:         3208300 kB
Active:           451044 kB
Mem:          3.8G       788M       3.1G       5.7M        55M       327M

MemTotal:        4016004 kB
MemFree:         3208424 kB
Active:           450996 kB
Mem:          3.8G       788M       3.1G       5.7M        55M       327M

MemTotal:        4016004 kB
MemFree:         3208036 kB
Active:           451044 kB
Mem:          3.8G       788M       3.1G       5.7M        55M       327M

MemTotal:        4016004 kB
MemFree:         3208268 kB
Active:           451020 kB
Mem:          3.8G       788M       3.1G       5.7M        55M       327M

MemTotal:        4016004 kB
MemFree:         3208392 kB
Active:           451000 kB
Mem:          3.8G       788M       3.1G       5.7M        55M       327M

MemTotal:        4016004 kB
MemFree:         3208392 kB
Active:           451016 kB
Mem:          3.8G       788M       3.1G       5.7M        55M       327M

MemTotal:        4016004 kB
MemFree:         3208500 kB
Active:           451000 kB
Mem:          3.8G       788M       3.1G       5.7M        55M       327M

MemTotal:        4016004 kB
MemFree:         3208112 kB
Active:           451052 kB
Mem:          3.8G       788M       3.1G       5.7M        55M       327M

MemTotal:        4016004 kB
MemFree:         3208484 kB
Active:           451008 kB
Mem:          3.8G       788M       3.1G       5.7M        55M       327M

MemTotal:        4016004 kB
MemFree:         3208360 kB
Active:           451016 kB
Mem:          3.8G       788M       3.1G       5.7M        55M       327M

MemTotal:        4016004 kB
MemFree:         3208484 kB
Active:           451020 kB
Mem:          3.8G       788M       3.1G       5.7M        55M       327M

MemTotal:        4016004 kB
MemFree:         3207988 kB
Active:           451044 kB
Mem:          3.8G       788M       3.1G       5.7M        55M       327M

MemTotal:        4016004 kB
MemFree:         3208360 kB
Active:           451000 kB
Mem:          3.8G       788M       3.1G       5.7M        55M       327M

MemTotal:        4016004 kB
MemFree:         3207180 kB
Active:           449016 kB
Mem:          3.8G       789M       3.1G       5.7M        55M       327M

MemTotal:        4016004 kB
MemFree:         3207164 kB
Active:           451064 kB
Mem:          3.8G       789M       3.1G       5.7M        55M       327M

MemTotal:        4016004 kB
MemFree:         3207412 kB
Active:           451064 kB
Mem:          3.8G       789M       3.1G       5.7M        55M       327M

MemTotal:        4016004 kB
MemFree:         3207412 kB
Active:           451072 kB
Mem:          3.8G       789M       3.1G       5.7M        55M       327M

MemTotal:        4016004 kB
MemFree:         3207908 kB
Active:           451016 kB
Mem:          3.8G       789M       3.1G       5.7M        55M       327M

MemTotal:        4016004 kB
MemFree:         3207908 kB
Active:           451048 kB
Mem:          3.8G       789M       3.1G       5.7M        55M       327M

MemTotal:        4016004 kB
MemFree:         3207536 kB
Active:           451072 kB
Mem:          3.8G       789M       3.1G       5.7M        55M       327M

MemTotal:        4016004 kB
MemFree:         3207908 kB
Active:           451072 kB
Mem:          3.8G       789M       3.1G       5.7M        55M       327M

MemTotal:        4016004 kB
MemFree:         3208016 kB
Active:           451044 kB
Mem:          3.8G       789M       3.1G       5.7M        55M       327M

MemTotal:        4016004 kB
MemFree:         3208016 kB
Active:           451068 kB
Mem:          3.8G       788M       3.1G       5.7M        55M       327M

MemTotal:        4016004 kB
MemFree:         3207592 kB
Active:           449032 kB
Mem:          3.8G       789M       3.1G       5.7M        55M       327M

MemTotal:        4016004 kB
MemFree:         3207716 kB
Active:           448996 kB
Mem:          3.8G       789M       3.1G       5.7M        55M       327M

MemTotal:        4016004 kB
MemFree:         3207592 kB
Active:           451032 kB
Mem:          3.8G       789M       3.1G       5.7M        55M       327M

MemTotal:        4016004 kB
MemFree:         3207716 kB
Active:           451052 kB
Mem:          3.8G       789M       3.1G       5.7M        55M       327M

MemTotal:        4016004 kB
MemFree:         3207840 kB
Active:           451036 kB
Mem:          3.8G       788M       3.1G       5.7M        55M       327M

MemTotal:        4016004 kB
MemFree:         3207840 kB
Active:           451088 kB
Mem:          3.8G       789M       3.1G       5.7M        55M       327M

MemTotal:        4016004 kB
MemFree:         3207716 kB
Active:           451096 kB
Mem:          3.8G       789M       3.1G       5.7M        55M       327M

MemTotal:        4016004 kB
MemFree:         3208088 kB
Active:           451072 kB
Mem:          3.8G       788M       3.1G       5.7M        55M       327M

MemTotal:        4016004 kB
MemFree:         3207964 kB
Active:           451056 kB
Mem:          3.8G       789M       3.1G       5.7M        55M       327M

MemTotal:        4016004 kB
MemFree:         3207964 kB
Active:           451080 kB
Mem:          3.8G       789M       3.1G       5.7M        55M       327M

MemTotal:        4016004 kB
MemFree:         3208460 kB
Active:           451076 kB
Mem:          3.8G       788M       3.1G       5.7M        55M       327M

MemTotal:        4016004 kB
MemFree:         3208460 kB
Active:           451076 kB
Mem:          3.8G       788M       3.1G       5.7M        55M       327M

MemTotal:        4016004 kB
MemFree:         3208460 kB
Active:           451092 kB
Mem:          3.8G       788M       3.1G       5.7M        55M       327M

MemTotal:        4016004 kB
MemFree:         3207964 kB
Active:           451048 kB
Mem:          3.8G       789M       3.1G       5.7M        55M       327M

MemTotal:        4016004 kB
MemFree:         3207344 kB
Active:           451116 kB
Mem:          3.8G       789M       3.1G       5.7M        55M       327M

MemTotal:        4016004 kB
MemFree:         3207716 kB
Active:           451096 kB
Mem:          3.8G       789M       3.1G       5.7M        55M       327M

MemTotal:        4016004 kB
MemFree:         3207716 kB
Active:           451108 kB
Mem:          3.8G       789M       3.1G       5.7M        55M       327M

MemTotal:        4016004 kB
MemFree:         3207560 kB
Active:           451072 kB
Mem:          3.8G       789M       3.1G       5.7M        55M       327M

MemTotal:        4016004 kB
MemFree:         3165616 kB
Active:           451696 kB
Mem:          3.8G       830M       3.0G       5.7M        55M       368M

MemTotal:        4016004 kB
MemFree:         3123020 kB
Active:           451680 kB
Mem:          3.8G       872M       3.0G       5.7M        55M       409M

MemTotal:        4016004 kB
MemFree:         3077212 kB
Active:           451760 kB
Mem:          3.8G       916M       2.9G       5.7M        55M       452M

MemTotal:        4016004 kB
MemFree:         3032600 kB
Active:           451788 kB
Mem:          3.8G       960M       2.9G       5.7M        55M       495M

MemTotal:        4016004 kB
MemFree:         2987616 kB
Active:           451816 kB
Mem:          3.8G       1.0G       2.8G       5.7M        55M       539M

MemTotal:        4016004 kB
MemFree:         2942616 kB
Active:           451840 kB
Mem:          3.8G       1.0G       2.8G       5.7M        55M       582M

MemTotal:        4016004 kB
MemFree:         2897632 kB
Active:           451868 kB
Mem:          3.8G       1.1G       2.8G       5.7M        55M       625M

MemTotal:        4016004 kB
MemFree:         2852136 kB
Active:           451888 kB
Mem:          3.8G       1.1G       2.7G       5.7M        55M       668M

MemTotal:        4016004 kB
MemFree:         2807720 kB
Active:           451912 kB
Mem:          3.8G       1.2G       2.7G       5.7M        55M       711M

MemTotal:        4016004 kB
MemFree:         2762924 kB
Active:           451932 kB
Mem:          3.8G       1.2G       2.6G       5.7M        55M       755M

MemTotal:        4016004 kB
MemFree:         2717900 kB
Active:           451972 kB
Mem:          3.8G       1.2G       2.6G       5.7M        55M       798M

MemTotal:        4016004 kB
MemFree:         2697440 kB
Active:           451996 kB
Mem:          3.8G       1.3G       2.6G       5.7M        55M       817M

MemTotal:        4016004 kB
MemFree:         2652688 kB
Active:           451992 kB
Mem:          3.8G       1.3G       2.5G       5.7M        55M       860M

MemTotal:        4016004 kB
MemFree:         2639788 kB
Active:           452040 kB
Mem:          3.8G       1.3G       2.5G       5.7M        55M       872M

MemTotal:        4016004 kB
MemFree:         2594824 kB
Active:           452064 kB
Mem:          3.8G       1.4G       2.5G       5.7M        55M       916M

MemTotal:        4016004 kB
MemFree:         2549440 kB
Active:           452052 kB
Mem:          3.8G       1.4G       2.4G       5.7M        55M       959M

MemTotal:        4016004 kB
MemFree:         2505484 kB
Active:           452112 kB
Mem:          3.8G       1.4G       2.4G       5.7M        55M       1.0G

MemTotal:        4016004 kB
MemFree:         2460380 kB
Active:           452148 kB
Mem:          3.8G       1.5G       2.3G       5.7M        55M       1.0G

MemTotal:        4016004 kB
MemFree:         2415396 kB
Active:           452116 kB
Mem:          3.8G       1.5G       2.3G       5.7M        55M       1.1G

MemTotal:        4016004 kB
MemFree:         2370024 kB
Active:           452188 kB
Mem:          3.8G       1.6G       2.3G       5.7M        55M       1.1G

MemTotal:        4016004 kB
MemFree:         2324792 kB
Active:           452212 kB
Mem:          3.8G       1.6G       2.2G       5.7M        55M       1.1G

MemTotal:        4016004 kB
MemFree:         2279064 kB
Active:           452240 kB
Mem:          3.8G       1.7G       2.2G       5.7M        55M       1.2G

MemTotal:        4016004 kB
MemFree:         2234504 kB
Active:           450216 kB
Mem:          3.8G       1.7G       2.1G       5.7M        55M       1.2G

MemTotal:        4016004 kB
MemFree:         2189132 kB
Active:           452284 kB
Mem:          3.8G       1.7G       2.1G       5.7M        55M       1.3G

MemTotal:        4016004 kB
MemFree:         2145024 kB
Active:           452316 kB
Mem:          3.8G       1.8G       2.0G       5.7M        55M       1.3G

MemTotal:        4016004 kB
MemFree:         2108884 kB
Active:           452344 kB
Mem:          3.8G       1.8G       2.0G       5.7M        55M       1.4G

MemTotal:        4016004 kB
MemFree:         2108908 kB
Active:           452300 kB
Mem:          3.8G       1.8G       2.0G       5.7M        55M       1.4G

MemTotal:        4016004 kB
MemFree:         2103192 kB
Active:           452360 kB
Mem:          3.8G       1.8G       2.0G       5.7M        55M       1.4G

MemTotal:        4016004 kB
MemFree:         2059168 kB
Active:           452336 kB
Mem:          3.8G       1.9G       2.0G       5.7M        55M       1.4G

MemTotal:        4016004 kB
MemFree:         2013992 kB
Active:           452408 kB
Mem:          3.8G       1.9G       1.9G       5.7M        55M       1.4G

MemTotal:        4016004 kB
MemFree:         1969116 kB
Active:           452392 kB
Mem:          3.8G       2.0G       1.9G       5.7M        55M       1.5G

MemTotal:        4016004 kB
MemFree:         1924132 kB
Active:           452452 kB
Mem:          3.8G       2.0G       1.8G       5.7M        55M       1.5G

MemTotal:        4016004 kB
MemFree:         1879520 kB
Active:           452440 kB
Mem:          3.8G       2.0G       1.8G       5.7M        55M       1.6G

MemTotal:        4016004 kB
MemFree:         1834040 kB
Active:           452504 kB
Mem:          3.8G       2.1G       1.7G       5.7M        55M       1.6G

MemTotal:        4016004 kB
MemFree:         1788792 kB
Active:           452524 kB
Mem:          3.8G       2.1G       1.7G       5.7M        55M       1.7G

MemTotal:        4016004 kB
MemFree:         1758472 kB
Active:           452516 kB
Mem:          3.8G       2.2G       1.7G       5.7M        55M       1.7G

MemTotal:        4016004 kB
MemFree:         1736812 kB
Active:           452572 kB
Mem:          3.8G       2.2G       1.7G       5.7M        55M       1.7G

MemTotal:        4016004 kB
MemFree:         1691580 kB
Active:           452600 kB
Mem:          3.8G       2.2G       1.6G       5.7M        55M       1.7G

MemTotal:        4016004 kB
MemFree:         1665652 kB
Active:           452624 kB
Mem:          3.8G       2.2G       1.6G       5.7M        55M       1.8G

MemTotal:        4016004 kB
MemFree:         1637776 kB
Active:           452640 kB
Mem:          3.8G       2.3G       1.6G       5.7M        55M       1.8G

MemTotal:        4016004 kB
MemFree:         1592936 kB
Active:           452664 kB
Mem:          3.8G       2.3G       1.5G       5.7M        55M       1.8G

MemTotal:        4016004 kB
MemFree:         1548412 kB
Active:           452684 kB
Mem:          3.8G       2.4G       1.5G       5.7M        56M       1.9G

MemTotal:        4016004 kB
MemFree:         1503296 kB
Active:           452656 kB
Mem:          3.8G       2.4G       1.4G       5.7M        56M       1.9G

MemTotal:        4016004 kB
MemFree:         1458420 kB
Active:           452736 kB
Mem:          3.8G       2.4G       1.4G       5.7M        56M       2.0G

MemTotal:        4016004 kB
MemFree:         1412940 kB
Active:           452760 kB
Mem:          3.8G       2.5G       1.3G       5.7M        56M       2.0G

MemTotal:        4016004 kB
MemFree:         1368608 kB
Active:           452784 kB
Mem:          3.8G       2.5G       1.3G       5.7M        56M       2.0G

MemTotal:        4016004 kB
MemFree:         1323616 kB
Active:           452808 kB
Mem:          3.8G       2.6G       1.3G       5.7M        56M       2.1G

MemTotal:        4016004 kB
MemFree:         1277996 kB
Active:           452836 kB
Mem:          3.8G       2.6G       1.2G       5.7M        56M       2.1G

MemTotal:        4016004 kB
MemFree:         1233068 kB
Active:           452860 kB
Mem:          3.8G       2.7G       1.2G       5.7M        56M       2.2G

MemTotal:        4016004 kB
MemFree:         1218464 kB
Active:           452876 kB
Mem:          3.8G       2.7G       1.2G       5.7M        56M       2.2G

MemTotal:        4016004 kB
MemFree:         1174132 kB
Active:           452896 kB
Mem:          3.8G       2.7G       1.1G       5.7M        56M       2.2G

MemTotal:        4016004 kB
MemFree:         1133232 kB
Active:           452924 kB
Mem:          3.8G       2.7G       1.1G       5.7M        56M       2.3G

MemTotal:        4016004 kB
MemFree:         1113544 kB
Active:           452952 kB
Mem:          3.8G       2.8G       1.1G       5.7M        56M       2.3G

MemTotal:        4016004 kB
MemFree:         1068356 kB
Active:           452984 kB
Mem:          3.8G       2.8G       1.0G       5.7M        56M       2.3G

MemTotal:        4016004 kB
MemFree:         1023748 kB
Active:           453012 kB
Mem:          3.8G       2.9G       999M       5.7M        56M       2.4G

MemTotal:        4016004 kB
MemFree:          979112 kB
Active:           453032 kB
Mem:          3.8G       2.9G       955M       5.7M        56M       2.4G

MemTotal:        4016004 kB
MemFree:          935160 kB
Active:           453060 kB
Mem:          3.8G       2.9G       912M       5.7M        56M       2.5G

MemTotal:        4016004 kB
MemFree:          889556 kB
Active:           453088 kB
Mem:          3.8G       3.0G       868M       5.7M        56M       2.5G

MemTotal:        4016004 kB
MemFree:          844076 kB
Active:           453112 kB
Mem:          3.8G       3.0G       823M       5.7M        56M       2.5G

MemTotal:        4016004 kB
MemFree:          799296 kB
Active:           453132 kB
Mem:          3.8G       3.1G       780M       5.7M        56M       2.6G

MemTotal:        4016004 kB
MemFree:          783548 kB
Active:           453148 kB
Mem:          3.8G       3.1G       764M       5.7M        56M       2.6G

MemTotal:        4016004 kB
MemFree:          759092 kB
Active:           453164 kB
Mem:          3.8G       3.1G       741M       5.7M        56M       2.6G

MemTotal:        4016004 kB
MemFree:          711496 kB
Active:           453164 kB
Mem:          3.8G       3.2G       694M       5.7M        56M       2.7G

MemTotal:        4016004 kB
MemFree:          667396 kB
Active:           455192 kB
Mem:          3.8G       3.2G       651M       5.7M        56M       2.7G

MemTotal:        4016004 kB
MemFree:          622164 kB
Active:           455264 kB
Mem:          3.8G       3.2G       607M       5.7M        56M       2.7G

MemTotal:        4016004 kB
MemFree:          598280 kB
Active:           455292 kB
Mem:          3.8G       3.3G       584M       5.7M        56M       2.8G

MemTotal:        4016004 kB
MemFree:          586636 kB
Active:           455304 kB
Mem:          3.8G       3.3G       572M       5.7M        56M       2.8G

MemTotal:        4016004 kB
MemFree:          586048 kB
Active:           455312 kB
Mem:          3.8G       3.3G       572M       5.7M        56M       2.8G

MemTotal:        4016004 kB
MemFree:          586300 kB
Active:           455276 kB
Mem:          3.8G       3.3G       572M       5.7M        56M       2.8G

MemTotal:        4016004 kB
MemFree:          567080 kB
Active:           455312 kB
Mem:          3.8G       3.3G       553M       5.7M        56M       2.8G

MemTotal:        4016004 kB
MemFree:          521848 kB
Active:           455336 kB
Mem:          3.8G       3.3G       509M       5.7M        56M       2.8G

MemTotal:        4016004 kB
MemFree:          476616 kB
Active:           455356 kB
Mem:          3.8G       3.4G       465M       5.7M        56M       2.9G

MemTotal:        4016004 kB
MemFree:          432112 kB
Active:           455388 kB
Mem:          3.8G       3.4G       421M       5.7M        56M       2.9G

MemTotal:        4016004 kB
MemFree:          386756 kB
Active:           455412 kB
Mem:          3.8G       3.5G       377M       5.7M        56M       3.0G

MemTotal:        4016004 kB
MemFree:          341896 kB
Active:           455388 kB
Mem:          3.8G       3.5G       333M       5.7M        56M       3.0G

MemTotal:        4016004 kB
MemFree:          296276 kB
Active:           455456 kB
Mem:          3.8G       3.5G       289M       5.7M        56M       3.1G

MemTotal:        4016004 kB
MemFree:          251664 kB
Active:           455352 kB
Mem:          3.8G       3.6G       245M       5.7M        56M       3.1G

MemTotal:        4016004 kB
MemFree:          206696 kB
Active:           455336 kB
Mem:          3.8G       3.6G       201M       5.7M        56M       3.1G

MemTotal:        4016004 kB
MemFree:          161356 kB
Active:           455356 kB
Mem:          3.8G       3.7G       157M       5.7M        56M       3.2G

MemTotal:        4016004 kB
MemFree:          149232 kB
Active:           455372 kB
Mem:          3.8G       3.7G       145M       5.7M        56M       3.2G

MemTotal:        4016004 kB
MemFree:          128444 kB
Active:           453600 kB
Mem:          3.8G       3.7G       124M       5.7M        34M       3.2G

MemTotal:        4016004 kB
MemFree:          126300 kB
Active:           461520 kB
Mem:          3.8G       3.7G       123M       5.7M        23M       3.2G

MemTotal:        4016004 kB
MemFree:          116076 kB
Active:           461384 kB
Mem:          3.8G       3.7G       113M       5.7M        23M       3.3G

MemTotal:        4016004 kB
MemFree:          125152 kB
Active:           486888 kB
Mem:          3.8G       3.7G       104M       5.7M        23M       3.3G

MemTotal:        4016004 kB
MemFree:          105048 kB
Active:           509256 kB
Mem:          3.8G       3.7G       102M       5.7M        23M       3.3G

MemTotal:        4016004 kB
MemFree:          122016 kB
Active:           503872 kB
Mem:          3.8G       3.7G       118M       5.7M        23M       3.2G

MemTotal:        4016004 kB
MemFree:          105084 kB
Active:           501084 kB
Mem:          3.8G       3.7G       102M       5.7M        23M       3.3G

MemTotal:        4016004 kB
MemFree:          111080 kB
Active:           496376 kB
Mem:          3.8G       3.7G       108M       5.7M        23M       3.3G

MemTotal:        4016004 kB
MemFree:          126344 kB
Active:           486956 kB
Mem:          3.8G       3.7G       123M       5.7M        23M       3.2G

MemTotal:        4016004 kB
MemFree:          123572 kB
Active:           482368 kB
Mem:          3.8G       3.7G       120M       5.7M        23M       3.2G

MemTotal:        4016004 kB
MemFree:          104776 kB
Active:           479576 kB
Mem:          3.8G       3.7G       125M       5.7M        23M       3.2G

MemTotal:        4016004 kB
MemFree:          125572 kB
Active:           471260 kB
Mem:          3.8G       3.7G       122M       5.7M        23M       3.2G

MemTotal:        4016004 kB
MemFree:          114332 kB
Active:           467984 kB
Mem:          3.8G       3.7G       116M       5.7M        23M       3.2G

MemTotal:        4016004 kB
MemFree:          122192 kB
Active:           466472 kB
Mem:          3.8G       3.7G       119M       5.7M        23M       3.2G

MemTotal:        4016004 kB
MemFree:          112664 kB
Active:           466384 kB
Mem:          3.8G       3.7G       109M       5.7M        23M       3.3G

MemTotal:        4016004 kB
MemFree:          128328 kB
Active:           464744 kB
Mem:          3.8G       3.7G       125M       5.7M        23M       3.2G

MemTotal:        4016004 kB
MemFree:          126828 kB
Active:           464124 kB
Mem:          3.8G       3.7G       123M       5.7M        23M       3.2G

MemTotal:        4016004 kB
MemFree:          126392 kB
Active:           464008 kB
Mem:          3.8G       3.7G       123M       5.7M        23M       3.2G

MemTotal:        4016004 kB
MemFree:          118740 kB
Active:           463004 kB
Mem:          3.8G       3.7G       115M       5.7M        23M       3.2G

MemTotal:        4016004 kB
MemFree:          109240 kB
Active:           461748 kB
Mem:          3.8G       3.7G       106M       5.7M        23M       3.3G

MemTotal:        4016004 kB
MemFree:          110756 kB
Active:           457824 kB
Mem:          3.8G       3.7G       107M       5.7M        23M       3.3G

MemTotal:        4016004 kB
MemFree:          125300 kB
Active:           456184 kB
Mem:          3.8G       3.7G       121M       5.7M        23M       3.2G

MemTotal:        4016004 kB
MemFree:          126452 kB
Active:           454284 kB
Mem:          3.8G       3.7G       122M       5.7M        23M       3.2G

MemTotal:        4016004 kB
MemFree:          134052 kB
Active:           452140 kB
Mem:          3.8G       3.7G       130M       5.7M        23M       3.2G

MemTotal:        4016004 kB
MemFree:          135388 kB
Active:           450244 kB
Mem:          3.8G       3.7G       131M       5.7M        23M       3.2G

MemTotal:        4016004 kB
MemFree:          115308 kB
Active:           449760 kB
Mem:          3.8G       3.7G       112M       5.7M        23M       3.3G

MemTotal:        4016004 kB
MemFree:          129248 kB
Active:           448744 kB
Mem:          3.8G       3.7G       125M       5.7M        23M       3.2G

MemTotal:        4016004 kB
MemFree:          119196 kB
Active:           447624 kB
Mem:          3.8G       3.7G       116M       5.7M        23M       3.2G

MemTotal:        4016004 kB
MemFree:          113452 kB
Active:           447520 kB
Mem:          3.8G       3.7G       110M       5.7M        23M       3.3G

MemTotal:        4016004 kB
MemFree:          130860 kB
Active:           446496 kB
Mem:          3.8G       3.7G       127M       5.7M        23M       3.2G

MemTotal:        4016004 kB
MemFree:          121504 kB
Active:           445368 kB
Mem:          3.8G       3.7G       118M       5.7M        23M       3.2G

MemTotal:        4016004 kB
MemFree:          122460 kB
Active:           443340 kB
Mem:          3.8G       3.7G       119M       5.7M        24M       3.2G

MemTotal:        4016004 kB
MemFree:          137712 kB
Active:           441444 kB
Mem:          3.8G       3.7G       133M       5.7M        24M       3.2G

MemTotal:        4016004 kB
MemFree:          127732 kB
Active:           438516 kB
Mem:          3.8G       3.7G       124M       5.7M        24M       3.2G

MemTotal:        4016004 kB
MemFree:          108252 kB
Active:           437644 kB
Mem:          3.8G       3.7G       105M       5.7M        24M       3.3G

MemTotal:        4016004 kB
MemFree:          113708 kB
Active:           436388 kB
Mem:          3.8G       3.7G       110M       5.7M        24M       3.3G

MemTotal:        4016004 kB
MemFree:          122664 kB
Active:           434748 kB
Mem:          3.8G       3.7G       119M       5.7M        24M       3.2G

MemTotal:        4016004 kB
MemFree:          112708 kB
Active:           431504 kB
Mem:          3.8G       3.7G       109M       5.7M        24M       3.3G

MemTotal:        4016004 kB
MemFree:          106648 kB
Active:           431524 kB
Mem:          3.8G       3.7G       103M       5.7M        24M       3.3G

MemTotal:        4016004 kB
MemFree:          106468 kB
Active:           431536 kB
Mem:          3.8G       3.7G       103M       5.7M        24M       3.3G

MemTotal:        4016004 kB
MemFree:          127252 kB
Active:           429888 kB
Mem:          3.8G       3.7G       123M       5.7M        24M       3.2G

MemTotal:        4016004 kB
MemFree:          108652 kB
Active:           426924 kB
Mem:          3.8G       3.7G       106M       5.7M        24M       3.3G

MemTotal:        4016004 kB
MemFree:          124524 kB
Active:           425280 kB
Mem:          3.8G       3.7G       121M       5.7M        24M       3.2G

MemTotal:        4016004 kB
MemFree:          120984 kB
Active:           423640 kB
Mem:          3.8G       3.7G       118M       5.7M        24M       3.2G

MemTotal:        4016004 kB
MemFree:          105572 kB
Active:           422656 kB
Mem:          3.8G       3.7G       102M       5.7M        24M       3.3G

MemTotal:        4016004 kB
MemFree:          126504 kB
Active:           420628 kB
Mem:          3.8G       3.7G       123M       5.7M        24M       3.2G

MemTotal:        4016004 kB
MemFree:          117136 kB
Active:           419500 kB
Mem:          3.8G       3.7G       114M       5.7M        24M       3.2G

MemTotal:        4016004 kB
MemFree:          119452 kB
Active:           417600 kB
Mem:          3.8G       3.7G       116M       5.7M        24M       3.2G

MemTotal:        4016004 kB
MemFree:          110468 kB
Active:           416340 kB
Mem:          3.8G       3.7G       107M       5.7M        24M       3.3G

MemTotal:        4016004 kB
MemFree:          113940 kB
Active:           414584 kB
Mem:          3.8G       3.7G       111M       5.7M        24M       3.3G

MemTotal:        4016004 kB
MemFree:          133416 kB
Active:           413468 kB
Mem:          3.8G       3.7G       130M       5.7M        24M       3.2G

MemTotal:        4016004 kB
MemFree:          124036 kB
Active:           412424 kB
Mem:          3.8G       3.7G       121M       5.7M        24M       3.2G

MemTotal:        4016004 kB
MemFree:          106640 kB
Active:           411844 kB
Mem:          3.8G       3.7G       103M       5.7M        24M       3.3G

MemTotal:        4016004 kB
MemFree:          118968 kB
Active:           410584 kB
Mem:          3.8G       3.7G       115M       5.7M        24M       3.2G

MemTotal:        4016004 kB
MemFree:          111340 kB
Active:           409452 kB
Mem:          3.8G       3.7G       108M       5.7M        24M       3.3G

MemTotal:        4016004 kB
MemFree:          126716 kB
Active:           407812 kB
Mem:          3.8G       3.7G       123M       5.7M        24M       3.2G

MemTotal:        4016004 kB
MemFree:          111540 kB
Active:           406684 kB
Mem:          3.8G       3.7G       108M       5.7M        24M       3.3G

MemTotal:        4016004 kB
MemFree:          126716 kB
Active:           403012 kB
Mem:          3.8G       3.7G       123M       5.7M        24M       3.2G

MemTotal:        4016004 kB
MemFree:          120428 kB
Active:           401624 kB
Mem:          3.8G       3.7G       117M       5.7M        24M       3.2G

MemTotal:        4016004 kB
MemFree:          105644 kB
Active:           400632 kB
Mem:          3.8G       3.7G       103M       5.7M        24M       3.3G

MemTotal:        4016004 kB
MemFree:          127184 kB
Active:           398476 kB
Mem:          3.8G       3.7G       123M       5.7M        24M       3.2G

MemTotal:        4016004 kB
MemFree:          111896 kB
Active:           397348 kB
Mem:          3.8G       3.7G       108M       5.7M        24M       3.3G

MemTotal:        4016004 kB
MemFree:          117412 kB
Active:           396348 kB
Mem:          3.8G       3.7G       114M       5.7M        24M       3.2G

MemTotal:        4016004 kB
MemFree:          117528 kB
Active:           396332 kB
Mem:          3.8G       3.7G       114M       5.7M        24M       3.2G

MemTotal:        4016004 kB
MemFree:          117312 kB
Active:           396380 kB
Mem:          3.8G       3.7G       114M       5.7M        24M       3.2G

MemTotal:        4016004 kB
MemFree:          117440 kB
Active:           396380 kB
Mem:          3.8G       3.7G       114M       5.7M        24M       3.2G

MemTotal:        4016004 kB
MemFree:          119908 kB
Active:           395364 kB
Mem:          3.8G       3.7G       116M       5.7M        24M       3.2G

MemTotal:        4016004 kB
MemFree:          111132 kB
Active:           394112 kB
Mem:          3.8G       3.7G       108M       5.7M        24M       3.3G

MemTotal:        4016004 kB
MemFree:          130992 kB
Active:           390044 kB
Mem:          3.8G       3.7G       127M       5.7M        24M       3.2G

MemTotal:        4016004 kB
MemFree:          121852 kB
Active:           388924 kB
Mem:          3.8G       3.7G       118M       5.7M        24M       3.2G

MemTotal:        4016004 kB
MemFree:          131644 kB
Active:           387888 kB
Mem:          3.8G       3.7G       128M       5.7M        24M       3.2G

MemTotal:        4016004 kB
MemFree:          122424 kB
Active:           387872 kB
Mem:          3.8G       3.7G       119M       5.7M        24M       3.2G

MemTotal:        4016004 kB
MemFree:          113780 kB
Active:           387816 kB
Mem:          3.8G       3.7G       110M       5.7M        24M       3.3G

MemTotal:        4016004 kB
MemFree:          129676 kB
Active:           387840 kB
Mem:          3.8G       3.7G       126M       5.7M        24M       3.2G

MemTotal:        4016004 kB
MemFree:          121012 kB
Active:           387868 kB
Mem:          3.8G       3.7G       117M       5.7M        24M       3.2G

MemTotal:        4016004 kB
MemFree:          124412 kB
Active:           387772 kB
Mem:          3.8G       3.7G       120M       5.7M        24M       3.2G

MemTotal:        4016004 kB
MemFree:          133628 kB
Active:           387760 kB
Mem:          3.8G       3.7G       130M       5.7M        24M       3.2G

MemTotal:        4016004 kB
MemFree:          115236 kB
Active:           387772 kB
Mem:          3.8G       3.7G       111M       5.7M        24M       3.3G

MemTotal:        4016004 kB
MemFree:          121508 kB
Active:           387808 kB
Mem:          3.8G       3.7G       118M       5.7M        24M       3.2G

MemTotal:        4016004 kB
MemFree:          120832 kB
Active:           387816 kB
Mem:          3.8G       3.7G       118M       5.7M        24M       3.2G

MemTotal:        4016004 kB
MemFree:          105928 kB
Active:           387820 kB
Mem:          3.8G       3.7G       102M       5.7M        24M       3.3G

MemTotal:        4016004 kB
MemFree:          126316 kB
Active:           387848 kB
Mem:          3.8G       3.7G       123M       5.7M        24M       3.2G

MemTotal:        4016004 kB
MemFree:          117468 kB
Active:           387104 kB
Mem:          3.8G       3.7G       114M       5.7M        24M       3.2G

MemTotal:        4016004 kB
MemFree:          109320 kB
Active:           386744 kB
Mem:          3.8G       3.7G       106M       5.7M        25M       3.3G

MemTotal:        4016004 kB
MemFree:          110852 kB
Active:           386664 kB
Mem:          3.8G       3.7G       108M       5.7M        25M       3.3G

MemTotal:        4016004 kB
MemFree:          125768 kB
Active:           386684 kB
Mem:          3.8G       3.7G       122M       5.7M        25M       3.2G

MemTotal:        4016004 kB
MemFree:          127780 kB
Active:           386704 kB
Mem:          3.8G       3.7G       124M       5.7M        25M       3.2G

MemTotal:        4016004 kB
MemFree:          119036 kB
Active:           386756 kB
Mem:          3.8G       3.7G       116M       5.7M        25M       3.2G

MemTotal:        4016004 kB
MemFree:          112904 kB
Active:           386776 kB
Mem:          3.8G       3.7G       109M       5.7M        25M       3.3G

MemTotal:        4016004 kB
MemFree:          126992 kB
Active:           386796 kB
Mem:          3.8G       3.7G       124M       5.7M        25M       3.2G

MemTotal:        4016004 kB
MemFree:          117948 kB
Active:           386824 kB
Mem:          3.8G       3.7G       115M       5.7M        25M       3.2G

MemTotal:        4016004 kB
MemFree:          120860 kB
Active:           386700 kB
Mem:          3.8G       3.7G       117M       5.7M        25M       3.2G

MemTotal:        4016004 kB
MemFree:          123276 kB
Active:           387716 kB
Mem:          3.8G       3.7G       120M       5.7M        25M       3.2G

MemTotal:        4016004 kB
MemFree:          131208 kB
Active:           387744 kB
Mem:          3.8G       3.7G       128M       5.7M        25M       3.2G

MemTotal:        4016004 kB
MemFree:          122380 kB
Active:           387780 kB
Mem:          3.8G       3.7G       119M       5.7M        25M       3.2G

MemTotal:        4016004 kB
MemFree:          127924 kB
Active:           387800 kB
Mem:          3.8G       3.7G       124M       5.7M        25M       3.2G

MemTotal:        4016004 kB
MemFree:          125184 kB
Active:           387828 kB
Mem:          3.8G       3.7G       122M       5.7M        25M       3.2G

MemTotal:        4016004 kB
MemFree:          128604 kB
Active:           387848 kB
Mem:          3.8G       3.7G       124M       5.7M        25M       3.2G

MemTotal:        4016004 kB
MemFree:          128344 kB
Active:           387868 kB
Mem:          3.8G       3.7G       125M       5.7M        25M       3.2G

MemTotal:        4016004 kB
MemFree:          114756 kB
Active:           387772 kB
Mem:          3.8G       3.7G       112M       5.7M        25M       3.2G

MemTotal:        4016004 kB
MemFree:          124572 kB
Active:           387804 kB
Mem:          3.8G       3.7G       121M       5.7M        25M       3.2G

MemTotal:        4016004 kB
MemFree:          122440 kB
Active:           387824 kB
Mem:          3.8G       3.7G       119M       5.7M        25M       3.2G

MemTotal:        4016004 kB
MemFree:          131984 kB
Active:           388972 kB
Mem:          3.8G       3.7G       128M       5.7M        25M       3.2G

MemTotal:        4016004 kB
MemFree:          128488 kB
Active:           388868 kB
Mem:          3.8G       3.7G       125M       5.7M        25M       3.2G

MemTotal:        4016004 kB
MemFree:          125980 kB
Active:           388872 kB
Mem:          3.8G       3.7G       122M       5.7M        25M       3.2G

MemTotal:        4016004 kB
MemFree:          110868 kB
Active:           388900 kB
Mem:          3.8G       3.7G       108M       5.7M        25M       3.2G

MemTotal:        4016004 kB
MemFree:          114240 kB
Active:           388924 kB
Mem:          3.8G       3.7G       111M       5.7M        25M       3.2G

MemTotal:        4016004 kB
MemFree:          112024 kB
Active:           382284 kB
Mem:          3.8G       3.7G       109M       5.7M        25M       3.2G

MemTotal:        4016004 kB
MemFree:          121616 kB
Active:           382308 kB
Mem:          3.8G       3.7G       118M       5.7M        25M       3.2G

MemTotal:        4016004 kB
MemFree:          111408 kB
Active:           382336 kB
Mem:          3.8G       3.7G       108M       5.7M        25M       3.2G

MemTotal:        4016004 kB
MemFree:          127560 kB
Active:           382368 kB
Mem:          3.8G       3.7G       124M       5.7M        25M       3.2G

MemTotal:        4016004 kB
MemFree:          124492 kB
Active:           382388 kB
Mem:          3.8G       3.7G       133M       5.7M        25M       3.2G

MemTotal:        4016004 kB
MemFree:          127592 kB
Active:           383972 kB
Mem:          3.8G       3.7G       124M       5.7M        25M       3.2G

MemTotal:        4016004 kB
MemFree:          123596 kB
Active:           383964 kB
Mem:          3.8G       3.7G       120M       5.7M        25M       3.2G

MemTotal:        4016004 kB
MemFree:          122436 kB
Active:           384004 kB
Mem:          3.8G       3.7G       119M       5.7M        25M       3.2G

MemTotal:        4016004 kB
MemFree:          122944 kB
Active:           383964 kB
Mem:          3.8G       3.7G       119M       5.7M        25M       3.2G

MemTotal:        4016004 kB
MemFree:          127136 kB
Active:           382984 kB
Mem:          3.8G       3.7G       123M       5.7M        25M       3.2G

MemTotal:        4016004 kB
MemFree:          118136 kB
Active:           380756 kB
Mem:          3.8G       3.7G       115M       5.7M        25M       3.2G

MemTotal:        4016004 kB
MemFree:          126376 kB
Active:           380776 kB
Mem:          3.8G       3.7G       122M       5.7M        25M       3.2G

MemTotal:        4016004 kB
MemFree:          117620 kB
Active:           380512 kB
Mem:          3.8G       3.7G       114M       5.7M        25M       3.2G

MemTotal:        4016004 kB
MemFree:          109012 kB
Active:           380448 kB
Mem:          3.8G       3.7G       105M       5.7M        25M       3.2G

MemTotal:        4016004 kB
MemFree:          128996 kB
Active:           378808 kB
Mem:          3.8G       3.7G       123M       5.7M        25M       3.2G

MemTotal:        4016004 kB
MemFree:          114188 kB
Active:           380780 kB
Mem:          3.8G       3.7G       111M       5.7M        25M       3.2G

MemTotal:        4016004 kB
MemFree:          122460 kB
Active:           380800 kB
Mem:          3.8G       3.7G       119M       5.7M        25M       3.2G

MemTotal:        4016004 kB
MemFree:          113320 kB
Active:           380832 kB
Mem:          3.8G       3.7G       110M       5.7M        25M       3.2G

MemTotal:        4016004 kB
MemFree:          105528 kB
Active:           380856 kB
Mem:          3.8G       3.7G       102M       5.7M        25M       3.3G

MemTotal:        4016004 kB
MemFree:          108516 kB
Active:           380880 kB
Mem:          3.8G       3.7G       105M       5.7M        25M       3.2G

MemTotal:        4016004 kB
MemFree:          127932 kB
Active:           379304 kB
Mem:          3.8G       3.7G       124M       5.7M        25M       3.2G

MemTotal:        4016004 kB
MemFree:          123416 kB
Active:           379332 kB
Mem:          3.8G       3.7G       120M       5.7M        25M       3.2G

MemTotal:        4016004 kB
MemFree:          128008 kB
Active:           379364 kB
Mem:          3.8G       3.7G       124M       5.7M        25M       3.2G

MemTotal:        4016004 kB
MemFree:          127032 kB
Active:           379380 kB
Mem:          3.8G       3.7G       123M       5.7M        25M       3.2G

MemTotal:        4016004 kB
MemFree:          108748 kB
Active:           379404 kB
Mem:          3.8G       3.7G       106M       5.7M        25M       3.2G

MemTotal:        4016004 kB
MemFree:          133120 kB
Active:           381456 kB
Mem:          3.8G       3.7G       130M       5.7M        26M       3.2G

MemTotal:        4016004 kB
MemFree:          124460 kB
Active:           381444 kB
Mem:          3.8G       3.7G       120M       5.7M        26M       3.2G

MemTotal:        4016004 kB
MemFree:          127588 kB
Active:           381460 kB
Mem:          3.8G       3.7G       123M       5.7M        26M       3.2G

MemTotal:        4016004 kB
MemFree:          138548 kB
Active:           380832 kB
Mem:          3.8G       3.7G       135M       5.7M        26M       3.2G

MemTotal:        4016004 kB
MemFree:          129256 kB
Active:           380608 kB
Mem:          3.8G       3.7G       126M       5.7M        26M       3.2G

MemTotal:        4016004 kB
MemFree:          120576 kB
Active:           380680 kB
Mem:          3.8G       3.7G       117M       5.7M        26M       3.2G

MemTotal:        4016004 kB
MemFree:          111456 kB
Active:           380644 kB
Mem:          3.8G       3.7G       108M       5.7M        26M       3.2G

MemTotal:        4016004 kB
MemFree:          114316 kB
Active:           380732 kB
Mem:          3.8G       3.7G       111M       5.7M        26M       3.2G

MemTotal:        4016004 kB
MemFree:          141544 kB
Active:           380756 kB
Mem:          3.8G       3.7G       137M       5.7M        26M       3.2G

MemTotal:        4016004 kB
MemFree:          118924 kB
Active:           380732 kB
Mem:          3.8G       3.7G       115M       5.7M        26M       3.2G

MemTotal:        4016004 kB
MemFree:          108836 kB
Active:           380800 kB
Mem:          3.8G       3.7G       106M       5.7M        26M       3.2G

MemTotal:        4016004 kB
MemFree:          117308 kB
Active:           380820 kB
Mem:          3.8G       3.7G       114M       5.7M        26M       3.2G

MemTotal:        4016004 kB
MemFree:          127440 kB
Active:           380836 kB
Mem:          3.8G       3.7G       124M       5.7M        26M       3.2G

MemTotal:        4016004 kB
MemFree:          111868 kB
Active:           380860 kB
Mem:          3.8G       3.7G       109M       5.7M        26M       3.2G

MemTotal:        4016004 kB
MemFree:          126184 kB
Active:           370528 kB
Mem:          3.8G       3.7G       123M       5.7M        26M       3.2G

MemTotal:        4016004 kB
MemFree:          122868 kB
Active:           370548 kB
Mem:          3.8G       3.7G       120M       5.7M        26M       3.2G

MemTotal:        4016004 kB
MemFree:          126256 kB
Active:           370572 kB
Mem:          3.8G       3.7G       122M       5.7M        26M       3.2G

MemTotal:        4016004 kB
MemFree:          110168 kB
Active:           370608 kB
Mem:          3.8G       3.7G       107M       5.7M        26M       3.2G

MemTotal:        4016004 kB
MemFree:          125424 kB
Active:           370628 kB
Mem:          3.8G       3.7G       122M       5.7M        26M       3.2G

MemTotal:        4016004 kB
MemFree:          127584 kB
Active:           370656 kB
Mem:          3.8G       3.7G       124M       5.7M        26M       3.2G

MemTotal:        4016004 kB
MemFree:          139692 kB
Active:           370676 kB
Mem:          3.8G       3.7G       136M       5.7M        26M       3.2G

MemTotal:        4016004 kB
MemFree:          123180 kB
Active:           370696 kB
Mem:          3.8G       3.7G       120M       5.7M        26M       3.2G

MemTotal:        4016004 kB
MemFree:          126240 kB
Active:           370720 kB
Mem:          3.8G       3.7G       123M       5.7M        26M       3.2G

MemTotal:        4016004 kB
MemFree:          111368 kB
Active:           370740 kB
Mem:          3.8G       3.7G       108M       5.7M        26M       3.2G

MemTotal:        4016004 kB
MemFree:          105688 kB
Active:           367840 kB
Mem:          3.8G       3.7G       103M       5.7M        26M       3.2G

MemTotal:        4016004 kB
MemFree:          114024 kB
Active:           367864 kB
Mem:          3.8G       3.7G       111M       5.7M        26M       3.2G

MemTotal:        4016004 kB
MemFree:          105108 kB
Active:           367892 kB
Mem:          3.8G       3.7G       102M       5.7M        26M       3.2G

MemTotal:        4016004 kB
MemFree:          125708 kB
Active:           367920 kB
Mem:          3.8G       3.7G       123M       5.7M        26M       3.2G

MemTotal:        4016004 kB
MemFree:          129332 kB
Active:           367940 kB
Mem:          3.8G       3.7G       126M       5.7M        26M       3.2G

MemTotal:        4016004 kB
MemFree:          120296 kB
Active:           370032 kB
Mem:          3.8G       3.7G       117M       5.7M        26M       3.2G

MemTotal:        4016004 kB
MemFree:          117800 kB
Active:           370048 kB
Mem:          3.8G       3.7G       114M       5.7M        26M       3.2G

MemTotal:        4016004 kB
MemFree:          136600 kB
Active:           370076 kB
Mem:          3.8G       3.7G       133M       5.7M        26M       3.2G

MemTotal:        4016004 kB
MemFree:          136780 kB
Active:           370096 kB
Mem:          3.8G       3.7G       132M       5.7M        26M       3.2G

MemTotal:        4016004 kB
MemFree:          139160 kB
Active:           370124 kB
Mem:          3.8G       3.7G       135M       5.7M        26M       3.2G

MemTotal:        4016004 kB
MemFree:          130388 kB
Active:           370128 kB
Mem:          3.8G       3.7G       127M       5.7M        26M       3.2G

MemTotal:        4016004 kB
MemFree:          120992 kB
Active:           370152 kB
Mem:          3.8G       3.7G       118M       5.7M        26M       3.2G

MemTotal:        4016004 kB
MemFree:          114620 kB
Active:           367688 kB
Mem:          3.8G       3.7G       111M       5.7M        26M       3.2G

MemTotal:        4016004 kB
MemFree:          106092 kB
Active:           367720 kB
Mem:          3.8G       3.7G       103M       5.7M        26M       3.2G

MemTotal:        4016004 kB
MemFree:          135244 kB
Active:           367740 kB
Mem:          3.8G       3.7G       131M       5.7M        26M       3.2G

MemTotal:        4016004 kB
MemFree:          142152 kB
Active:           369172 kB
Mem:          3.8G       3.7G       139M       5.7M        26M       3.2G

MemTotal:        4016004 kB
MemFree:          133268 kB
Active:           369068 kB
Mem:          3.8G       3.7G       130M       5.7M        26M       3.2G

MemTotal:        4016004 kB
MemFree:          126788 kB
Active:           369084 kB
Mem:          3.8G       3.7G       123M       5.7M        26M       3.2G

MemTotal:        4016004 kB
MemFree:          125516 kB
Active:           369128 kB
Mem:          3.8G       3.7G       122M       5.7M        26M       3.2G

MemTotal:        4016004 kB
MemFree:          122312 kB
Active:           369144 kB
Mem:          3.8G       3.7G       118M       5.7M        26M       3.2G

MemTotal:        4016004 kB
MemFree:          105908 kB
Active:           369160 kB
Mem:          3.8G       3.7G       102M       5.7M        26M       3.2G

MemTotal:        4016004 kB
MemFree:          132812 kB
Active:           369196 kB
Mem:          3.8G       3.7G       129M       5.7M        26M       3.2G

MemTotal:        4016004 kB
MemFree:          136700 kB
Active:           369216 kB
Mem:          3.8G       3.7G       133M       5.7M        26M       3.2G

MemTotal:        4016004 kB
MemFree:          139064 kB
Active:           369240 kB
Mem:          3.8G       3.7G       135M       5.7M        27M       3.2G

MemTotal:        4016004 kB
MemFree:          146852 kB
Active:           366384 kB
Mem:          3.8G       3.7G       143M       5.7M        27M       3.2G

MemTotal:        4016004 kB
MemFree:          126244 kB
Active:           366456 kB
Mem:          3.8G       3.7G       123M       5.7M        27M       3.2G

MemTotal:        4016004 kB
MemFree:          122536 kB
Active:           366276 kB
Mem:          3.8G       3.7G       119M       5.7M        27M       3.2G

MemTotal:        4016004 kB
MemFree:          127152 kB
Active:           366296 kB
Mem:          3.8G       3.7G       124M       5.7M        27M       3.2G

MemTotal:        4016004 kB
MemFree:          125088 kB
Active:           366340 kB
Mem:          3.8G       3.7G       121M       5.7M        27M       3.2G

MemTotal:        4016004 kB
MemFree:          104640 kB
Active:           366508 kB
Mem:          3.8G       3.7G       108M       5.7M        27M       3.2G

MemTotal:        4016004 kB
MemFree:          129112 kB
Active:           366260 kB
Mem:          3.8G       3.7G       126M       5.7M        27M       3.2G

MemTotal:        4016004 kB
MemFree:          126728 kB
Active:           366272 kB
Mem:          3.8G       3.7G       123M       5.7M        27M       3.2G

MemTotal:        4016004 kB
MemFree:          122420 kB
Active:           366300 kB
Mem:          3.8G       3.7G       119M       5.7M        27M       3.2G

MemTotal:        4016004 kB
MemFree:          122052 kB
Active:           366304 kB
Mem:          3.8G       3.7G       119M       5.7M        27M       3.2G

MemTotal:        4016004 kB
MemFree:          108512 kB
Active:           366316 kB
Mem:          3.8G       3.7G       105M       5.7M        27M       3.2G

MemTotal:        4016004 kB
MemFree:          127696 kB
Active:           367464 kB
Mem:          3.8G       3.7G       124M       5.7M        27M       3.2G

MemTotal:        4016004 kB
MemFree:          118796 kB
Active:           367356 kB
Mem:          3.8G       3.7G       115M       5.7M        27M       3.2G

MemTotal:        4016004 kB
MemFree:          130092 kB
Active:           367388 kB
Mem:          3.8G       3.7G       126M       5.7M        27M       3.2G

MemTotal:        4016004 kB
MemFree:          121068 kB
Active:           367412 kB
Mem:          3.8G       3.7G       117M       5.7M        27M       3.2G

MemTotal:        4016004 kB
MemFree:          112540 kB
Active:           367436 kB
Mem:          3.8G       3.7G       109M       5.7M        27M       3.2G

MemTotal:        4016004 kB
MemFree:          124988 kB
Active:           364404 kB
Mem:          3.8G       3.7G       121M       5.7M        27M       3.2G

MemTotal:        4016004 kB
MemFree:          116984 kB
Active:           364424 kB
Mem:          3.8G       3.7G       113M       5.7M        27M       3.2G

MemTotal:        4016004 kB
MemFree:          106800 kB
Active:           364456 kB
Mem:          3.8G       3.7G       104M       5.7M        27M       3.2G

MemTotal:        4016004 kB
MemFree:          125352 kB
Active:           364472 kB
Mem:          3.8G       3.7G       122M       5.7M        27M       3.2G

MemTotal:        4016004 kB
MemFree:          127080 kB
Active:           364492 kB
Mem:          3.8G       3.7G       123M       5.7M        27M       3.2G

MemTotal:        4016004 kB
MemFree:          134004 kB
Active:           365644 kB
Mem:          3.8G       3.7G       130M       5.7M        27M       3.2G

MemTotal:        4016004 kB
MemFree:          119664 kB
Active:           365536 kB
Mem:          3.8G       3.7G       116M       5.7M        27M       3.2G

MemTotal:        4016004 kB
MemFree:          111788 kB
Active:           365564 kB
Mem:          3.8G       3.7G       108M       5.7M        27M       3.2G

MemTotal:        4016004 kB
MemFree:          114932 kB
Active:           365588 kB
Mem:          3.8G       3.7G       111M       5.7M        27M       3.2G

MemTotal:        4016004 kB
MemFree:          122012 kB
Active:           365608 kB
Mem:          3.8G       3.7G       118M       5.7M        27M       3.2G

MemTotal:        4016004 kB
MemFree:          112848 kB
Active:           365632 kB
Mem:          3.8G       3.7G       109M       5.7M        27M       3.2G

MemTotal:        4016004 kB
MemFree:          105508 kB
Active:           365656 kB
Mem:          3.8G       3.7G       102M       5.7M        27M       3.2G

MemTotal:        4016004 kB
MemFree:          108236 kB
Active:           365568 kB
Mem:          3.8G       3.7G       105M       5.7M        27M       3.2G

MemTotal:        4016004 kB
MemFree:          123004 kB
Active:           365592 kB
Mem:          3.8G       3.7G       119M       5.7M        27M       3.2G

MemTotal:        4016004 kB
MemFree:          113864 kB
Active:           365600 kB
Mem:          3.8G       3.7G       110M       5.7M        27M       3.2G

MemTotal:        4016004 kB
MemFree:          133440 kB
Active:           365628 kB
Mem:          3.8G       3.7G       130M       5.7M        27M       3.2G

MemTotal:        4016004 kB
MemFree:          144432 kB
Active:           363184 kB
Mem:          3.8G       3.7G       140M       5.7M        27M       3.2G

MemTotal:        4016004 kB
MemFree:          135488 kB
Active:           363172 kB
Mem:          3.8G       3.7G       132M       5.7M        27M       3.2G

MemTotal:        4016004 kB
MemFree:          127888 kB
Active:           363196 kB
Mem:          3.8G       3.7G       124M       5.7M        27M       3.2G

MemTotal:        4016004 kB
MemFree:          130272 kB
Active:           363220 kB
Mem:          3.8G       3.7G       126M       5.7M        27M       3.2G

MemTotal:        4016004 kB
MemFree:          138840 kB
Active:           363240 kB
Mem:          3.8G       3.7G       135M       5.7M        27M       3.2G

MemTotal:        4016004 kB
MemFree:          118612 kB
Active:           362944 kB
Mem:          3.8G       3.7G       115M       5.7M        27M       3.2G

MemTotal:        4016004 kB
MemFree:          118364 kB
Active:           362908 kB
Mem:          3.8G       3.7G       115M       5.7M        27M       3.2G

MemTotal:        4016004 kB
MemFree:          118116 kB
Active:           362956 kB
Mem:          3.8G       3.7G       115M       5.7M        27M       3.2G

MemTotal:        4016004 kB
MemFree:          118116 kB
Active:           362916 kB
Mem:          3.8G       3.7G       115M       5.7M        27M       3.2G

MemTotal:        4016004 kB
MemFree:          117744 kB
Active:           362960 kB
Mem:          3.8G       3.7G       114M       5.7M        27M       3.2G

MemTotal:        4016004 kB
MemFree:          118116 kB
Active:           362920 kB
Mem:          3.8G       3.7G       114M       5.7M        27M       3.2G

MemTotal:        4016004 kB
MemFree:          117620 kB
Active:           362964 kB
Mem:          3.8G       3.7G       114M       5.7M        27M       3.2G

MemTotal:        4016004 kB
MemFree:          117620 kB
Active:           362964 kB
Mem:          3.8G       3.7G       114M       5.7M        27M       3.2G

MemTotal:        4016004 kB
MemFree:          117620 kB
Active:           362964 kB
Mem:          3.8G       3.7G       114M       5.7M        27M       3.2G

MemTotal:        4016004 kB
MemFree:          118116 kB
Active:           362972 kB
Mem:          3.8G       3.7G       115M       5.7M        27M       3.2G

MemTotal:        4016004 kB
MemFree:          114504 kB
Active:           365236 kB
Mem:          3.8G       3.7G       111M       5.7M        29M       3.2G

MemTotal:        4016004 kB
MemFree:          114752 kB
Active:           365192 kB
Mem:          3.8G       3.7G       111M       5.7M        29M       3.2G

MemTotal:        4016004 kB
MemFree:          114504 kB
Active:           365236 kB
Mem:          3.8G       3.7G       111M       5.7M        29M       3.2G

MemTotal:        4016004 kB
MemFree:          114504 kB
Active:           365236 kB
Mem:          3.8G       3.7G       111M       5.7M        29M       3.2G

MemTotal:        4016004 kB
MemFree:          114504 kB
Active:           365236 kB
Mem:          3.8G       3.7G       111M       5.7M        29M       3.2G

MemTotal:        4016004 kB
MemFree:          114876 kB
Active:           365236 kB
Mem:          3.8G       3.7G       111M       5.7M        29M       3.2G

MemTotal:        4016004 kB
MemFree:          114752 kB
Active:           365200 kB
Mem:          3.8G       3.7G       111M       5.7M        29M       3.2G

MemTotal:        4016004 kB
MemFree:          114876 kB
Active:           365248 kB
Mem:          3.8G       3.7G       111M       5.7M        29M       3.2G

MemTotal:        4016004 kB
MemFree:          114504 kB
Active:           365252 kB
Mem:          3.8G       3.7G       111M       5.7M        29M       3.2G

MemTotal:        4016004 kB
MemFree:          114876 kB
Active:           365212 kB
Mem:          3.8G       3.7G       111M       5.7M        29M       3.2G

MemTotal:        4016004 kB
MemFree:          114504 kB
Active:           365252 kB
Mem:          3.8G       3.7G       111M       5.7M        29M       3.2G

MemTotal:        4016004 kB
MemFree:          114752 kB
Active:           365220 kB
Mem:          3.8G       3.7G       111M       5.7M        29M       3.2G

MemTotal:        4016004 kB
MemFree:          114504 kB
Active:           365260 kB
Mem:          3.8G       3.7G       111M       5.7M        29M       3.2G

MemTotal:        4016004 kB
MemFree:          114504 kB
Active:           365260 kB
Mem:          3.8G       3.7G       111M       5.7M        29M       3.2G

MemTotal:        4016004 kB
MemFree:          114812 kB
Active:           365260 kB
Mem:          3.8G       3.7G       111M       5.7M        29M       3.2G

MemTotal:        4016004 kB
MemFree:          114352 kB
Active:           365272 kB
Mem:          3.8G       3.7G       111M       5.7M        29M       3.2G

MemTotal:        4016004 kB
MemFree:          114664 kB
Active:           365236 kB
Mem:          3.8G       3.7G       111M       5.7M        29M       3.2G

MemTotal:        4016004 kB
MemFree:          114824 kB
Active:           365228 kB
Mem:          3.8G       3.7G       111M       5.7M        29M       3.2G

MemTotal:        4016004 kB
MemFree:          114576 kB
Active:           365272 kB
Mem:          3.8G       3.7G       111M       5.7M        29M       3.2G

MemTotal:        4016004 kB
MemFree:          114948 kB
Active:           365280 kB
Mem:          3.8G       3.7G       111M       5.7M        29M       3.2G

MemTotal:        4016004 kB
MemFree:          114576 kB
Active:           365284 kB
Mem:          3.8G       3.7G       111M       5.7M        29M       3.2G

MemTotal:        4016004 kB
MemFree:          114576 kB
Active:           365292 kB
Mem:          3.8G       3.7G       111M       5.7M        29M       3.2G

MemTotal:        4016004 kB
MemFree:          114824 kB
Active:           365248 kB
Mem:          3.8G       3.7G       111M       5.7M        29M       3.2G

MemTotal:        4016004 kB
MemFree:          114824 kB
Active:           365292 kB
Mem:          3.8G       3.7G       111M       5.7M        29M       3.2G

MemTotal:        4016004 kB
MemFree:          114452 kB
Active:           365292 kB
Mem:          3.8G       3.7G       111M       5.7M        29M       3.2G

MemTotal:        4016004 kB
MemFree:          114824 kB
Active:           365292 kB
Mem:          3.8G       3.7G       111M       5.7M        29M       3.2G

MemTotal:        4016004 kB
MemFree:          114452 kB
Active:           365292 kB
Mem:          3.8G       3.7G       111M       5.7M        29M       3.2G

MemTotal:        4016004 kB
MemFree:          114824 kB
Active:           365300 kB
Mem:          3.8G       3.7G       111M       5.7M        29M       3.2G

MemTotal:        4016004 kB
MemFree:          114576 kB
Active:           365300 kB
Mem:          3.8G       3.7G       111M       5.7M        29M       3.2G

MemTotal:        4016004 kB
MemFree:          114576 kB
Active:           365300 kB
Mem:          3.8G       3.7G       111M       5.7M        29M       3.2G

MemTotal:        4016004 kB
MemFree:          114824 kB
Active:           365300 kB
Mem:          3.8G       3.7G       111M       5.7M        29M       3.2G

MemTotal:        4016004 kB
MemFree:          114452 kB
Active:           365300 kB
Mem:          3.8G       3.7G       111M       5.7M        29M       3.2G

MemTotal:        4016004 kB
MemFree:          114328 kB
Active:           365300 kB
Mem:          3.8G       3.7G       111M       5.7M        29M       3.2G

MemTotal:        4016004 kB
MemFree:          114700 kB
Active:           365312 kB
Mem:          3.8G       3.7G       111M       5.7M        29M       3.2G

MemTotal:        4016004 kB
MemFree:          114700 kB
Active:           365264 kB
Mem:          3.8G       3.7G       111M       5.7M        29M       3.2G

MemTotal:        4016004 kB
MemFree:          114824 kB
Active:           365304 kB
Mem:          3.8G       3.7G       111M       5.7M        29M       3.2G

MemTotal:        4016004 kB
MemFree:          114452 kB
Active:           365324 kB
Mem:          3.8G       3.7G       111M       5.7M        29M       3.2G

MemTotal:        4016004 kB
MemFree:          114700 kB
Active:           365324 kB
Mem:          3.8G       3.7G       111M       5.7M        29M       3.2G

MemTotal:        4016004 kB
MemFree:          114328 kB
Active:           365324 kB
Mem:          3.8G       3.7G       111M       5.7M        29M       3.2G

MemTotal:        4016004 kB
MemFree:          114328 kB
Active:           365324 kB
Mem:          3.8G       3.7G       111M       5.7M        29M       3.2G

MemTotal:        4016004 kB
MemFree:          114328 kB
Active:           365328 kB
Mem:          3.8G       3.7G       111M       5.7M        29M       3.2G

MemTotal:        4016004 kB
MemFree:          113956 kB
Active:           365328 kB
Mem:          3.8G       3.7G       111M       5.7M        29M       3.2G

MemTotal:        4016004 kB
MemFree:          113956 kB
Active:           365332 kB
Mem:          3.8G       3.7G       111M       5.7M        29M       3.2G

MemTotal:        4016004 kB
MemFree:          114452 kB
Active:           365292 kB
Mem:          3.8G       3.7G       111M       5.7M        29M       3.2G

MemTotal:        4016004 kB
MemFree:          114468 kB
Active:           365340 kB
Mem:          3.8G       3.7G       111M       5.7M        29M       3.2G

MemTotal:        4016004 kB
MemFree:          114220 kB
Active:           365344 kB
Mem:          3.8G       3.7G       111M       5.7M        29M       3.2G

MemTotal:        4016004 kB
MemFree:          114220 kB
Active:           365344 kB
Mem:          3.8G       3.7G       111M       5.7M        29M       3.2G

MemTotal:        4016004 kB
MemFree:          114220 kB
Active:           365348 kB
Mem:          3.8G       3.7G       111M       5.7M        29M       3.2G

MemTotal:        4016004 kB
MemFree:          114592 kB
Active:           365352 kB
Mem:          3.8G       3.7G       111M       5.7M        29M       3.2G

MemTotal:        4016004 kB
MemFree:          114096 kB
Active:           365356 kB
Mem:          3.8G       3.7G       111M       5.7M        29M       3.2G

MemTotal:        4016004 kB
MemFree:          113972 kB
Active:           365360 kB
Mem:          3.8G       3.7G       111M       5.7M        29M       3.2G

MemTotal:        4016004 kB
MemFree:          113972 kB
Active:           365368 kB
Mem:          3.8G       3.7G       111M       5.7M        29M       3.2G

MemTotal:        4016004 kB
MemFree:          113972 kB
Active:           365368 kB
Mem:          3.8G       3.7G       111M       5.7M        29M       3.2G

MemTotal:        4016004 kB
MemFree:          113972 kB
Active:           365372 kB
Mem:          3.8G       3.7G       111M       5.7M        29M       3.2G

MemTotal:        4016004 kB
MemFree:          114220 kB
Active:           365336 kB
Mem:          3.8G       3.7G       111M       5.7M        29M       3.2G

MemTotal:        4016004 kB
MemFree:          113864 kB
Active:           365372 kB
Mem:          3.8G       3.7G       111M       5.7M        29M       3.2G

MemTotal:        4016004 kB
MemFree:          114236 kB
Active:           365332 kB
Mem:          3.8G       3.7G       111M       5.7M        29M       3.2G

MemTotal:        4016004 kB
MemFree:          114112 kB
Active:           365388 kB
Mem:          3.8G       3.7G       111M       5.7M        29M       3.2G

MemTotal:        4016004 kB
MemFree:          113864 kB
Active:           365388 kB
Mem:          3.8G       3.7G       111M       5.7M        29M       3.2G

MemTotal:        4016004 kB
MemFree:          113864 kB
Active:           365388 kB
Mem:          3.8G       3.7G       111M       5.7M        29M       3.2G

MemTotal:        4016004 kB
MemFree:          113972 kB
Active:           365388 kB
Mem:          3.8G       3.7G       111M       5.7M        29M       3.2G

MemTotal:        4016004 kB
MemFree:          114220 kB
Active:           365348 kB
Mem:          3.8G       3.7G       111M       5.7M        29M       3.2G

MemTotal:        4016004 kB
MemFree:          114344 kB
Active:           365344 kB
Mem:          3.8G       3.7G       111M       5.7M        29M       3.2G

MemTotal:        4016004 kB
MemFree:          114344 kB
Active:           365344 kB
Mem:          3.8G       3.7G       111M       5.7M        29M       3.2G

MemTotal:        4016004 kB
MemFree:          114096 kB
Active:           365400 kB
Mem:          3.8G       3.7G       111M       5.7M        29M       3.2G

MemTotal:        4016004 kB
MemFree:          114096 kB
Active:           365400 kB
Mem:          3.8G       3.7G       111M       5.7M        29M       3.2G

MemTotal:        4016004 kB
MemFree:          114096 kB
Active:           365400 kB
Mem:          3.8G       3.7G       111M       5.7M        29M       3.2G

MemTotal:        4016004 kB
MemFree:          114096 kB
Active:           365400 kB
Mem:          3.8G       3.7G       111M       5.7M        29M       3.2G

MemTotal:        4016004 kB
MemFree:          113972 kB
Active:           365512 kB
Mem:          3.8G       3.7G       111M       5.7M        30M       3.2G

MemTotal:        4016004 kB
MemFree:          113972 kB
Active:           365512 kB
Mem:          3.8G       3.7G       111M       5.7M        30M       3.2G

MemTotal:        4016004 kB
MemFree:          113972 kB
Active:           365512 kB
Mem:          3.8G       3.7G       111M       5.7M        30M       3.2G

MemTotal:        4016004 kB
MemFree:          113956 kB
Active:           365580 kB
Mem:          3.8G       3.7G       111M       5.7M        30M       3.2G

MemTotal:        4016004 kB
MemFree:          114080 kB
Active:           365544 kB
Mem:          3.8G       3.7G       111M       5.7M        30M       3.2G

MemTotal:        4016004 kB
MemFree:          113708 kB
Active:           365580 kB
Mem:          3.8G       3.7G       111M       5.7M        30M       3.2G

MemTotal:        4016004 kB
MemFree:          114080 kB
Active:           365588 kB
Mem:          3.8G       3.7G       110M       5.7M        30M       3.2G

MemTotal:        4016004 kB
MemFree:          113584 kB
Active:           365588 kB
Mem:          3.8G       3.7G       110M       5.7M        30M       3.2G

MemTotal:        4016004 kB
MemFree:          113584 kB
Active:           365588 kB
Mem:          3.8G       3.7G       110M       5.7M        30M       3.2G

MemTotal:        4016004 kB
MemFree:          113956 kB
Active:           365540 kB
Mem:          3.8G       3.7G       111M       5.7M        30M       3.2G

MemTotal:        4016004 kB
MemFree:          114080 kB
Active:           365552 kB
Mem:          3.8G       3.7G       111M       5.7M        30M       3.2G

MemTotal:        4016004 kB
MemFree:          114080 kB
Active:           365552 kB
Mem:          3.8G       3.7G       111M       5.7M        30M       3.2G

MemTotal:        4016004 kB
MemFree:          114080 kB
Active:           365596 kB
Mem:          3.8G       3.7G       111M       5.7M        30M       3.2G

MemTotal:        4016004 kB
MemFree:          113832 kB
Active:           365596 kB
Mem:          3.8G       3.7G       111M       5.7M        30M       3.2G

MemTotal:        4016004 kB
MemFree:          113832 kB
Active:           365596 kB
Mem:          3.8G       3.7G       111M       5.7M        30M       3.2G

MemTotal:        4016004 kB
MemFree:          113832 kB
Active:           365600 kB
Mem:          3.8G       3.7G       111M       5.7M        30M       3.2G

MemTotal:        4016004 kB
MemFree:          113708 kB
Active:           365604 kB
Mem:          3.8G       3.7G       111M       5.7M        30M       3.2G

MemTotal:        4016004 kB
MemFree:          113708 kB
Active:           365604 kB
Mem:          3.8G       3.7G       111M       5.7M        30M       3.2G

MemTotal:        4016004 kB
MemFree:          114080 kB
Active:           365560 kB
Mem:          3.8G       3.7G       110M       5.7M        30M       3.2G

MemTotal:        4016004 kB
MemFree:          113600 kB
Active:           365596 kB
Mem:          3.8G       3.7G       110M       5.7M        30M       3.2G

MemTotal:        4016004 kB
MemFree:          114220 kB
Active:           365560 kB
Mem:          3.8G       3.7G       111M       5.7M        30M       3.2G

MemTotal:        4016004 kB
MemFree:          113724 kB
Active:           365600 kB
Mem:          3.8G       3.7G       111M       5.7M        30M       3.2G

MemTotal:        4016004 kB
MemFree:          113972 kB
Active:           365556 kB
Mem:          3.8G       3.7G       111M       5.7M        30M       3.2G

MemTotal:        4016004 kB
MemFree:          113600 kB
Active:           365608 kB
Mem:          3.8G       3.7G       110M       5.7M        30M       3.2G

MemTotal:        4016004 kB
MemFree:          113972 kB
Active:           365612 kB
Mem:          3.8G       3.7G       111M       5.7M        30M       3.2G

MemTotal:        4016004 kB
MemFree:          114096 kB
Active:           365576 kB
Mem:          3.8G       3.7G       111M       5.7M        30M       3.2G

MemTotal:        4016004 kB
MemFree:          114096 kB
Active:           365600 kB
Mem:          3.8G       3.7G       111M       5.7M        30M       3.2G

MemTotal:        4016004 kB
MemFree:          114096 kB
Active:           365608 kB
Mem:          3.8G       3.7G       111M       5.7M        30M       3.2G

MemTotal:        4016004 kB
MemFree:          114096 kB
Active:           365572 kB
Mem:          3.8G       3.7G       111M       5.7M        30M       3.2G

MemTotal:        4016004 kB
MemFree:          113972 kB
Active:           365576 kB
Mem:          3.8G       3.7G       111M       5.7M        30M       3.2G

MemTotal:        4016004 kB
MemFree:          113972 kB
Active:           365576 kB
Mem:          3.8G       3.7G       111M       5.7M        30M       3.2G

MemTotal:        4016004 kB
MemFree:          113724 kB
Active:           365624 kB
Mem:          3.8G       3.7G       111M       5.7M        30M       3.2G

MemTotal:        4016004 kB
MemFree:          113724 kB
Active:           365624 kB
Mem:          3.8G       3.7G       111M       5.7M        30M       3.2G

MemTotal:        4016004 kB
MemFree:          113724 kB
Active:           365624 kB
Mem:          3.8G       3.7G       111M       5.7M        30M       3.2G

MemTotal:        4016004 kB
MemFree:          113724 kB
Active:           365628 kB
Mem:          3.8G       3.7G       111M       5.7M        30M       3.2G

MemTotal:        4016004 kB
MemFree:          114096 kB
Active:           365632 kB
Mem:          3.8G       3.7G       111M       5.7M        30M       3.2G

MemTotal:        4016004 kB
MemFree:          113724 kB
Active:           365636 kB
Mem:          3.8G       3.7G       111M       5.7M        30M       3.2G

MemTotal:        4016004 kB
MemFree:          113972 kB
Active:           365584 kB
Mem:          3.8G       3.7G       111M       5.7M        30M       3.2G

MemTotal:        4016004 kB
MemFree:          113600 kB
Active:           365636 kB
Mem:          3.8G       3.7G       110M       5.7M        30M       3.2G

MemTotal:        4016004 kB
MemFree:          113848 kB
Active:           365644 kB
Mem:          3.8G       3.7G       110M       5.7M        30M       3.2G

MemTotal:        4016004 kB
MemFree:          113972 kB
Active:           365644 kB
Mem:          3.8G       3.7G       111M       5.7M        30M       3.2G

MemTotal:        4016004 kB
MemFree:          113600 kB
Active:           365648 kB
Mem:          3.8G       3.7G       110M       5.7M        30M       3.2G

MemTotal:        4016004 kB
MemFree:          113600 kB
Active:           365648 kB
Mem:          3.8G       3.7G       110M       5.7M        30M       3.2G

MemTotal:        4016004 kB
MemFree:          113724 kB
Active:           365652 kB
Mem:          3.8G       3.7G       111M       5.7M        30M       3.2G

MemTotal:        4016004 kB
MemFree:          114096 kB
Active:           365612 kB
Mem:          3.8G       3.7G       110M       5.7M        30M       3.2G

MemTotal:        4016004 kB
MemFree:          113600 kB
Active:           365652 kB
Mem:          3.8G       3.7G       110M       5.7M        30M       3.2G

MemTotal:        4016004 kB
MemFree:          113600 kB
Active:           365652 kB
Mem:          3.8G       3.7G       110M       5.7M        30M       3.2G

MemTotal:        4016004 kB
MemFree:          113972 kB
Active:           365660 kB
Mem:          3.8G       3.7G       111M       5.7M        30M       3.2G

MemTotal:        4016004 kB
MemFree:          113600 kB
Active:           365660 kB
Mem:          3.8G       3.7G       110M       5.7M        30M       3.2G

MemTotal:        4016004 kB
MemFree:          113600 kB
Active:           365660 kB
Mem:          3.8G       3.7G       110M       5.7M        30M       3.2G

MemTotal:        4016004 kB
MemFree:          113600 kB
Active:           365664 kB
Mem:          3.8G       3.7G       110M       5.7M        30M       3.2G

MemTotal:        4016004 kB
MemFree:          113972 kB
Active:           365616 kB
Mem:          3.8G       3.7G       111M       5.7M        30M       3.2G

MemTotal:        4016004 kB
MemFree:          113600 kB
Active:           365664 kB
Mem:          3.8G       3.7G       110M       5.7M        30M       3.2G

MemTotal:        4016004 kB
MemFree:          113972 kB
Active:           365620 kB
Mem:          3.8G       3.7G       111M       5.7M        30M       3.2G

MemTotal:        4016004 kB
MemFree:          113724 kB
Active:           365664 kB
Mem:          3.8G       3.7G       111M       5.7M        30M       3.2G

MemTotal:        4016004 kB
MemFree:          113600 kB
Active:           365672 kB
Mem:          3.8G       3.7G       110M       5.7M        30M       3.2G

MemTotal:        4016004 kB
MemFree:          113476 kB
Active:           365672 kB
Mem:          3.8G       3.7G       110M       5.7M        30M       3.2G

MemTotal:        4016004 kB
MemFree:          113476 kB
Active:           365672 kB
Mem:          3.8G       3.7G       110M       5.7M        30M       3.2G

MemTotal:        4016004 kB
MemFree:          113848 kB
Active:           365628 kB
Mem:          3.8G       3.7G       110M       5.7M        30M       3.2G

MemTotal:        4016004 kB
MemFree:          113848 kB
Active:           365624 kB
Mem:          3.8G       3.7G       110M       5.7M        30M       3.2G

MemTotal:        4016004 kB
MemFree:          113600 kB
Active:           365672 kB
Mem:          3.8G       3.7G       110M       5.7M        30M       3.2G

MemTotal:        4016004 kB
MemFree:          113600 kB
Active:           365672 kB
Mem:          3.8G       3.7G       110M       5.7M        30M       3.2G

MemTotal:        4016004 kB
MemFree:          113600 kB
Active:           365676 kB
Mem:          3.8G       3.7G       110M       5.7M        30M       3.2G

MemTotal:        4016004 kB
MemFree:          113972 kB
Active:           365684 kB
Mem:          3.8G       3.7G       111M       5.7M        30M       3.2G

MemTotal:        4016004 kB
MemFree:          113600 kB
Active:           365688 kB
Mem:          3.8G       3.7G       110M       5.7M        30M       3.2G

MemTotal:        4016004 kB
MemFree:          113972 kB
Active:           365688 kB
Mem:          3.8G       3.7G       111M       5.7M        30M       3.2G

MemTotal:        4016004 kB
MemFree:          113724 kB
Active:           365688 kB
Mem:          3.8G       3.7G       111M       5.7M        30M       3.2G

MemTotal:        4016004 kB
MemFree:          114096 kB
Active:           365644 kB
Mem:          3.8G       3.7G       110M       5.7M        30M       3.2G

MemTotal:        4016004 kB
MemFree:          113600 kB
Active:           365688 kB
Mem:          3.8G       3.7G       110M       5.7M        30M       3.2G

MemTotal:        4016004 kB
MemFree:          113848 kB
Active:           365688 kB
Mem:          3.8G       3.7G       110M       5.7M        30M       3.2G

MemTotal:        4016004 kB
MemFree:          113476 kB
Active:           365688 kB
Mem:          3.8G       3.7G       110M       5.7M        30M       3.2G

MemTotal:        4016004 kB
MemFree:          113848 kB
Active:           365660 kB
Mem:          3.8G       3.7G       110M       5.7M        30M       3.2G

MemTotal:        4016004 kB
MemFree:          113600 kB
Active:           365704 kB
Mem:          3.8G       3.7G       110M       5.7M        30M       3.2G

MemTotal:        4016004 kB
MemFree:          113600 kB
Active:           365704 kB
Mem:          3.8G       3.7G       110M       5.7M        30M       3.2G

MemTotal:        4016004 kB
MemFree:          113972 kB
Active:           365672 kB
Mem:          3.8G       3.7G       111M       5.7M        30M       3.2G

MemTotal:        4016004 kB
MemFree:          113600 kB
Active:           365708 kB
Mem:          3.8G       3.7G       110M       5.7M        30M       3.2G

MemTotal:        4016004 kB
MemFree:          113972 kB
Active:           365676 kB
Mem:          3.8G       3.7G       111M       5.7M        30M       3.2G

MemTotal:        4016004 kB
MemFree:          113600 kB
Active:           365716 kB
Mem:          3.8G       3.7G       110M       5.7M        30M       3.2G

MemTotal:        4016004 kB
MemFree:          113972 kB
Active:           365664 kB
Mem:          3.8G       3.7G       110M       5.7M        30M       3.2G

MemTotal:        4016004 kB
MemFree:          113476 kB
Active:           365720 kB
Mem:          3.8G       3.7G       110M       5.7M        30M       3.2G

MemTotal:        4016004 kB
MemFree:          113724 kB
Active:           365684 kB
Mem:          3.8G       3.7G       110M       5.7M        30M       3.2G

MemTotal:        4016004 kB
MemFree:          113476 kB
Active:           365720 kB
Mem:          3.8G       3.7G       110M       5.7M        30M       3.2G

MemTotal:        4016004 kB
MemFree:          113848 kB
Active:           365680 kB
Mem:          3.8G       3.7G       110M       5.7M        30M       3.2G

MemTotal:        4016004 kB
MemFree:          113848 kB
Active:           365728 kB
Mem:          3.8G       3.7G       110M       5.7M        30M       3.2G

MemTotal:        4016004 kB
MemFree:          113476 kB
Active:           365728 kB
Mem:          3.8G       3.7G       110M       5.7M        30M       3.2G

MemTotal:        4016004 kB
MemFree:          113848 kB
Active:           365680 kB
Mem:          3.8G       3.7G       110M       5.7M        30M       3.2G

MemTotal:        4016004 kB
MemFree:          113600 kB
Active:           365728 kB
Mem:          3.8G       3.7G       110M       5.7M        30M       3.2G

MemTotal:        4016004 kB
MemFree:          113972 kB
Active:           365728 kB
Mem:          3.8G       3.7G       110M       5.7M        30M       3.2G

MemTotal:        4016004 kB
MemFree:          113476 kB
Active:           365728 kB
Mem:          3.8G       3.7G       110M       5.7M        30M       3.2G

MemTotal:        4016004 kB
MemFree:          113476 kB
Active:           365732 kB
Mem:          3.8G       3.7G       110M       5.7M        30M       3.2G

MemTotal:        4016004 kB
MemFree:          113724 kB
Active:           365684 kB
Mem:          3.8G       3.7G       110M       5.7M        30M       3.2G

MemTotal:        4016004 kB
MemFree:          113352 kB
Active:           365736 kB
Mem:          3.8G       3.7G       110M       5.7M        30M       3.2G

MemTotal:        4016004 kB
MemFree:          113848 kB
Active:           365700 kB
Mem:          3.8G       3.7G       110M       5.7M        30M       3.2G

MemTotal:        4016004 kB
MemFree:          113600 kB
Active:           365752 kB
Mem:          3.8G       3.7G       110M       5.7M        30M       3.2G

MemTotal:        4016004 kB
MemFree:          113848 kB
Active:           365708 kB
Mem:          3.8G       3.7G       111M       5.7M        30M       3.2G

MemTotal:        4016004 kB
MemFree:          113848 kB
Active:           365756 kB
Mem:          3.8G       3.7G       111M       5.7M        30M       3.2G

MemTotal:        4016004 kB
MemFree:          113848 kB
Active:           365756 kB
Mem:          3.8G       3.7G       111M       5.7M        30M       3.2G

MemTotal:        4016004 kB
MemFree:          113724 kB
Active:           365716 kB
Mem:          3.8G       3.7G       110M       5.7M        30M       3.2G

MemTotal:        4016004 kB
MemFree:          113848 kB
Active:           365720 kB
Mem:          3.8G       3.7G       110M       5.7M        30M       3.2G

MemTotal:        4016004 kB
MemFree:          113848 kB
Active:           365768 kB
Mem:          3.8G       3.7G       110M       5.7M        30M       3.2G

MemTotal:        4016004 kB
MemFree:          113476 kB
Active:           365768 kB
Mem:          3.8G       3.7G       110M       5.7M        30M       3.2G

MemTotal:        4016004 kB
MemFree:          113476 kB
Active:           365768 kB
Mem:          3.8G       3.7G       110M       5.7M        30M       3.2G

MemTotal:        4016004 kB
MemFree:          113476 kB
Active:           365768 kB
Mem:          3.8G       3.7G       110M       5.7M        30M       3.2G

MemTotal:        4016004 kB
MemFree:          113476 kB
Active:           365768 kB
Mem:          3.8G       3.7G       110M       5.7M        30M       3.2G

MemTotal:        4016004 kB
MemFree:          113476 kB
Active:           365768 kB
Mem:          3.8G       3.7G       110M       5.7M        30M       3.2G

MemTotal:        4016004 kB
MemFree:          113848 kB
Active:           365776 kB
Mem:          3.8G       3.7G       110M       5.7M        30M       3.2G

MemTotal:        4016004 kB
MemFree:          113848 kB
Active:           365736 kB
Mem:          3.8G       3.7G       110M       5.7M        30M       3.2G

MemTotal:        4016004 kB
MemFree:          113848 kB
Active:           365736 kB
Mem:          3.8G       3.7G       110M       5.7M        30M       3.2G

MemTotal:        4016004 kB
MemFree:          113724 kB
Active:           365736 kB
Mem:          3.8G       3.7G       110M       5.7M        30M       3.2G

MemTotal:        4016004 kB
MemFree:          113724 kB
Active:           365780 kB
Mem:          3.8G       3.7G       110M       5.7M        30M       3.2G

MemTotal:        4016004 kB
MemFree:          113352 kB
Active:           365780 kB
Mem:          3.8G       3.7G       110M       5.7M        30M       3.2G

MemTotal:        4016004 kB
MemFree:          113724 kB
Active:           365788 kB
Mem:          3.8G       3.7G       110M       5.7M        30M       3.2G

MemTotal:        4016004 kB
MemFree:          113352 kB
Active:           365788 kB
Mem:          3.8G       3.7G       110M       5.7M        30M       3.2G

MemTotal:        4016004 kB
MemFree:          113724 kB
Active:           365748 kB
Mem:          3.8G       3.7G       110M       5.7M        30M       3.2G

MemTotal:        4016004 kB
MemFree:          113724 kB
Active:           365740 kB
Mem:          3.8G       3.7G       110M       5.7M        30M       3.2G

MemTotal:        4016004 kB
MemFree:          113848 kB
Active:           365788 kB
Mem:          3.8G       3.7G       110M       5.7M        30M       3.2G

MemTotal:        4016004 kB
MemFree:          113848 kB
Active:           365740 kB
Mem:          3.8G       3.7G       110M       5.7M        30M       3.2G

MemTotal:        4016004 kB
MemFree:          113476 kB
Active:           365788 kB
Mem:          3.8G       3.7G       110M       5.7M        30M       3.2G

MemTotal:        4016004 kB
MemFree:          113848 kB
Active:           365744 kB
Mem:          3.8G       3.7G       110M       5.7M        30M       3.2G

MemTotal:        4016004 kB
MemFree:          113476 kB
Active:           365792 kB
Mem:          3.8G       3.7G       110M       5.7M        30M       3.2G

MemTotal:        4016004 kB
MemFree:          113848 kB
Active:           365756 kB
Mem:          3.8G       3.7G       110M       5.7M        30M       3.2G

MemTotal:        4016004 kB
MemFree:          113848 kB
Active:           365800 kB
Mem:          3.8G       3.7G       110M       5.7M        30M       3.2G

MemTotal:        4016004 kB
MemFree:          113724 kB
Active:           365800 kB
Mem:          3.8G       3.7G       110M       5.7M        30M       3.2G

MemTotal:        4016004 kB
MemFree:          113848 kB
Active:           365748 kB
Mem:          3.8G       3.7G       110M       5.7M        30M       3.2G

MemTotal:        4016004 kB
MemFree:          114284 kB
Active:           365564 kB
Mem:          3.8G       3.7G       111M       5.7M        30M       3.2G

MemTotal:        4016004 kB
MemFree:          114408 kB
Active:           365548 kB
Mem:          3.8G       3.7G       111M       5.7M        30M       3.2G

MemTotal:        4016004 kB
MemFree:          113788 kB
Active:           365580 kB
Mem:          3.8G       3.7G       111M       5.7M        30M       3.2G

MemTotal:        4016004 kB
MemFree:          114160 kB
Active:           365532 kB
Mem:          3.8G       3.7G       111M       5.7M        30M       3.2G

MemTotal:        4016004 kB
MemFree:          114036 kB
Active:           365576 kB
Mem:          3.8G       3.7G       111M       5.7M        30M       3.2G

MemTotal:        4016004 kB
MemFree:          114352 kB
Active:           365580 kB
Mem:          3.8G       3.7G       111M       5.7M        30M       3.2G

MemTotal:        4016004 kB
MemFree:          114476 kB
Active:           365544 kB
Mem:          3.8G       3.7G       111M       5.7M        30M       3.2G

MemTotal:        4016004 kB
MemFree:          114228 kB
Active:           365556 kB
Mem:          3.8G       3.7G       111M       5.7M        30M       3.2G

MemTotal:        4016004 kB
MemFree:          114352 kB
Active:           365580 kB
Mem:          3.8G       3.7G       111M       5.7M        30M       3.2G

MemTotal:        4016004 kB
MemFree:          114228 kB
Active:           365544 kB
Mem:          3.8G       3.7G       111M       5.7M        30M       3.2G

MemTotal:        4016004 kB
MemFree:          113856 kB
Active:           365600 kB
Mem:          3.8G       3.7G       111M       5.7M        30M       3.2G

MemTotal:        4016004 kB
MemFree:          114476 kB
Active:           365592 kB
Mem:          3.8G       3.7G       111M       5.7M        30M       3.2G

MemTotal:        4016004 kB
MemFree:          114724 kB
Active:           365564 kB
Mem:          3.8G       3.7G       111M       5.7M        30M       3.2G

MemTotal:        4016004 kB
MemFree:          114104 kB
Active:           365600 kB
Mem:          3.8G       3.7G       111M       5.7M        30M       3.2G

MemTotal:        4016004 kB
MemFree:          114600 kB
Active:           365576 kB
Mem:          3.8G       3.7G       111M       5.7M        30M       3.2G

MemTotal:        4016004 kB
MemFree:          114600 kB
Active:           365608 kB
Mem:          3.8G       3.7G       111M       5.7M        30M       3.2G

MemTotal:        4016004 kB
MemFree:          114352 kB
Active:           365572 kB
Mem:          3.8G       3.7G       111M       5.7M        30M       3.2G

MemTotal:        4016004 kB
MemFree:          114352 kB
Active:           365604 kB
Mem:          3.8G       3.7G       111M       5.7M        30M       3.2G

MemTotal:        4016004 kB
MemFree:          114476 kB
Active:           365572 kB
Mem:          3.8G       3.7G       111M       5.7M        30M       3.2G

MemTotal:        4016004 kB
MemFree:          114352 kB
Active:           365592 kB
Mem:          3.8G       3.7G       111M       5.7M        30M       3.2G

MemTotal:        4016004 kB
MemFree:          114352 kB
Active:           365600 kB
Mem:          3.8G       3.7G       111M       5.7M        30M       3.2G

MemTotal:        4016004 kB
MemFree:          114476 kB
Active:           365600 kB
Mem:          3.8G       3.7G       111M       5.7M        30M       3.2G

MemTotal:        4016004 kB
MemFree:          114540 kB
Active:           365584 kB
Mem:          3.8G       3.7G       111M       5.7M        30M       3.2G

MemTotal:        4016004 kB
MemFree:          114540 kB
Active:           365604 kB
Mem:          3.8G       3.7G       111M       5.7M        30M       3.2G

MemTotal:        4016004 kB
MemFree:          114416 kB
Active:           365616 kB
Mem:          3.8G       3.7G       111M       5.7M        30M       3.2G

MemTotal:        4016004 kB
MemFree:          114416 kB
Active:           365584 kB
Mem:          3.8G       3.7G       111M       5.7M        30M       3.2G

MemTotal:        4016004 kB
MemFree:          114416 kB
Active:           365584 kB
Mem:          3.8G       3.7G       111M       5.7M        30M       3.2G

MemTotal:        4016004 kB
MemFree:          114416 kB
Active:           365592 kB
Mem:          3.8G       3.7G       111M       5.7M        30M       3.2G

MemTotal:        4016004 kB
MemFree:          114292 kB
Active:           365620 kB
