MemTotal:        4016004 kB
MemFree:         3210240 kB
Active:           453396 kB
Mem:          3.8G       787M       3.1G       5.7M        55M       326M

MemTotal:        4016004 kB
MemFree:         3209324 kB
Active:           453820 kB
Mem:          3.8G       787M       3.1G       5.7M        55M       326M

MemTotal:        4016004 kB
MemFree:         3209060 kB
Active:           453928 kB
Mem:          3.8G       787M       3.1G       5.7M        55M       326M

MemTotal:        4016004 kB
MemFree:         3209308 kB
Active:           453884 kB
Mem:          3.8G       787M       3.1G       5.7M        55M       326M

MemTotal:        4016004 kB
MemFree:         3208428 kB
Active:           451880 kB
Mem:          3.8G       788M       3.1G       5.7M        55M       326M

MemTotal:        4016004 kB
MemFree:         3208412 kB
Active:           451848 kB
Mem:          3.8G       788M       3.1G       5.7M        55M       326M

MemTotal:        4016004 kB
MemFree:         3208040 kB
Active:           453904 kB
Mem:          3.8G       789M       3.1G       5.7M        55M       326M

MemTotal:        4016004 kB
MemFree:         3207916 kB
Active:           453936 kB
Mem:          3.8G       789M       3.1G       5.7M        55M       326M

MemTotal:        4016004 kB
MemFree:         3208520 kB
Active:           453896 kB
Mem:          3.8G       788M       3.1G       5.7M        55M       326M

MemTotal:        4016004 kB
MemFree:         3208644 kB
Active:           453892 kB
Mem:          3.8G       788M       3.1G       5.7M        55M       326M

MemTotal:        4016004 kB
MemFree:         3208628 kB
Active:           453892 kB
Mem:          3.8G       788M       3.1G       5.7M        55M       326M

MemTotal:        4016004 kB
MemFree:         3208628 kB
Active:           453936 kB
Mem:          3.8G       788M       3.1G       5.7M        55M       326M

MemTotal:        4016004 kB
MemFree:         3208488 kB
Active:           453928 kB
Mem:          3.8G       788M       3.1G       5.7M        55M       326M

MemTotal:        4016004 kB
MemFree:         3208720 kB
Active:           453932 kB
Mem:          3.8G       788M       3.1G       5.7M        55M       326M

MemTotal:        4016004 kB
MemFree:         3208256 kB
Active:           453944 kB
Mem:          3.8G       788M       3.1G       5.7M        55M       326M

MemTotal:        4016004 kB
MemFree:         3208612 kB
Active:           453908 kB
Mem:          3.8G       788M       3.1G       5.7M        55M       326M

MemTotal:        4016004 kB
MemFree:         3208720 kB
Active:           453912 kB
Mem:          3.8G       788M       3.1G       5.7M        55M       326M

MemTotal:        4016004 kB
MemFree:         3208720 kB
Active:           453904 kB
Mem:          3.8G       788M       3.1G       5.7M        55M       326M

MemTotal:        4016004 kB
MemFree:         3208844 kB
Active:           453904 kB
Mem:          3.8G       788M       3.1G       5.7M        55M       326M

MemTotal:        4016004 kB
MemFree:         3209216 kB
Active:           453904 kB
Mem:          3.8G       787M       3.1G       5.7M        55M       326M

MemTotal:        4016004 kB
MemFree:         3208844 kB
Active:           453916 kB
Mem:          3.8G       788M       3.1G       5.7M        55M       326M

MemTotal:        4016004 kB
MemFree:         3208580 kB
Active:           453920 kB
Mem:          3.8G       788M       3.1G       5.7M        55M       326M

MemTotal:        4016004 kB
MemFree:         3208704 kB
Active:           453924 kB
Mem:          3.8G       788M       3.1G       5.7M        55M       326M

MemTotal:        4016004 kB
MemFree:         3208688 kB
Active:           453936 kB
Mem:          3.8G       788M       3.1G       5.7M        55M       326M

MemTotal:        4016004 kB
MemFree:         3207740 kB
Active:           451916 kB
Mem:          3.8G       789M       3.1G       5.7M        55M       326M

MemTotal:        4016004 kB
MemFree:         3207848 kB
Active:           453920 kB
Mem:          3.8G       789M       3.1G       5.7M        55M       326M

MemTotal:        4016004 kB
MemFree:         3207956 kB
Active:           453952 kB
Mem:          3.8G       789M       3.1G       5.7M        55M       326M

MemTotal:        4016004 kB
MemFree:         3207956 kB
Active:           453952 kB
Mem:          3.8G       788M       3.1G       5.7M        55M       326M

MemTotal:        4016004 kB
MemFree:         3207956 kB
Active:           453976 kB
Mem:          3.8G       788M       3.1G       5.7M        55M       326M

MemTotal:        4016004 kB
MemFree:         3208700 kB
Active:           453972 kB
Mem:          3.8G       788M       3.1G       5.7M        55M       326M

MemTotal:        4016004 kB
MemFree:         3208436 kB
Active:           453924 kB
Mem:          3.8G       788M       3.1G       5.7M        55M       326M

MemTotal:        4016004 kB
MemFree:         3208188 kB
Active:           453976 kB
Mem:          3.8G       788M       3.1G       5.7M        55M       326M

MemTotal:        4016004 kB
MemFree:         3208560 kB
Active:           453924 kB
Mem:          3.8G       788M       3.1G       5.7M        55M       326M

MemTotal:        4016004 kB
MemFree:         3208420 kB
Active:           453972 kB
Mem:          3.8G       788M       3.1G       5.7M        55M       326M

MemTotal:        4016004 kB
MemFree:         3208776 kB
Active:           453976 kB
Mem:          3.8G       788M       3.1G       5.7M        55M       326M

MemTotal:        4016004 kB
MemFree:         3208512 kB
Active:           453980 kB
Mem:          3.8G       788M       3.1G       5.7M        55M       326M

MemTotal:        4016004 kB
MemFree:         3208188 kB
Active:           453988 kB
Mem:          3.8G       788M       3.1G       5.7M        55M       326M

MemTotal:        4016004 kB
MemFree:         3208312 kB
Active:           453988 kB
Mem:          3.8G       788M       3.1G       5.7M        55M       326M

MemTotal:        4016004 kB
MemFree:         3208436 kB
Active:           453932 kB
Mem:          3.8G       788M       3.1G       5.7M        55M       326M

MemTotal:        4016004 kB
MemFree:         3208188 kB
Active:           453936 kB
Mem:          3.8G       788M       3.1G       5.7M        55M       326M

MemTotal:        4016004 kB
MemFree:         3208312 kB
Active:           453980 kB
Mem:          3.8G       788M       3.1G       5.7M        55M       326M

MemTotal:        4016004 kB
MemFree:         3208312 kB
Active:           453964 kB
Mem:          3.8G       788M       3.1G       5.7M        55M       326M

MemTotal:        4016004 kB
MemFree:         3208472 kB
Active:           453976 kB
Mem:          3.8G       788M       3.1G       5.7M        55M       326M

MemTotal:        4016004 kB
MemFree:         3208720 kB
Active:           453968 kB
Mem:          3.8G       788M       3.1G       5.7M        55M       326M

MemTotal:        4016004 kB
MemFree:         3208596 kB
Active:           453960 kB
Mem:          3.8G       788M       3.1G       5.7M        55M       326M

MemTotal:        4016004 kB
MemFree:         3208596 kB
Active:           453948 kB
Mem:          3.8G       788M       3.1G       5.7M        55M       326M

MemTotal:        4016004 kB
MemFree:         3208596 kB
Active:           453984 kB
Mem:          3.8G       788M       3.1G       5.7M        55M       326M

MemTotal:        4016004 kB
MemFree:         3208580 kB
Active:           453976 kB
Mem:          3.8G       788M       3.1G       5.7M        55M       326M

MemTotal:        4016004 kB
MemFree:         3208440 kB
Active:           454008 kB
Mem:          3.8G       788M       3.1G       5.7M        55M       326M

MemTotal:        4016004 kB
MemFree:         3208472 kB
Active:           453996 kB
Mem:          3.8G       788M       3.1G       5.7M        55M       326M

MemTotal:        4016004 kB
MemFree:         3208472 kB
Active:           453984 kB
Mem:          3.8G       788M       3.1G       5.7M        55M       326M

MemTotal:        4016004 kB
MemFree:         3208348 kB
Active:           454000 kB
Mem:          3.8G       788M       3.1G       5.7M        55M       326M

MemTotal:        4016004 kB
MemFree:         3207976 kB
Active:           454036 kB
Mem:          3.8G       788M       3.1G       5.7M        55M       326M

MemTotal:        4016004 kB
MemFree:         3208348 kB
Active:           454020 kB
Mem:          3.8G       788M       3.1G       5.7M        55M       326M

MemTotal:        4016004 kB
MemFree:         3206424 kB
Active:           454012 kB
Mem:          3.8G       790M       3.1G       5.7M        55M       326M

MemTotal:        4016004 kB
MemFree:         3206424 kB
Active:           456052 kB
Mem:          3.8G       790M       3.1G       5.7M        55M       326M

MemTotal:        4016004 kB
MemFree:         3206052 kB
Active:           456064 kB
Mem:          3.8G       790M       3.1G       5.7M        55M       326M

MemTotal:        4016004 kB
MemFree:         3206548 kB
Active:           456036 kB
Mem:          3.8G       790M       3.1G       5.7M        55M       326M

MemTotal:        4016004 kB
MemFree:         3206284 kB
Active:           456044 kB
Mem:          3.8G       790M       3.1G       5.7M        55M       326M

MemTotal:        4016004 kB
MemFree:         3206284 kB
Active:           456048 kB
Mem:          3.8G       790M       3.1G       5.7M        55M       326M

MemTotal:        4016004 kB
MemFree:         3206516 kB
Active:           456032 kB
Mem:          3.8G       790M       3.1G       5.7M        55M       326M

MemTotal:        4016004 kB
MemFree:         3088924 kB
Active:           456388 kB
Mem:          3.8G       905M       2.9G       5.7M        55M       440M

MemTotal:        4016004 kB
MemFree:         2976556 kB
Active:           456392 kB
Mem:          3.8G       1.0G       2.8G       5.7M        55M       548M

MemTotal:        4016004 kB
MemFree:         2856748 kB
Active:           456388 kB
Mem:          3.8G       1.1G       2.7G       5.7M        55M       663M

MemTotal:        4016004 kB
MemFree:         2851556 kB
Active:           456372 kB
Mem:          3.8G       1.1G       2.7G       5.7M        55M       667M

MemTotal:        4016004 kB
MemFree:         2772472 kB
Active:           456372 kB
Mem:          3.8G       1.2G       2.6G       5.7M        55M       745M

MemTotal:        4016004 kB
MemFree:         2762956 kB
Active:           456392 kB
Mem:          3.8G       1.2G       2.6G       5.7M        55M       754M

MemTotal:        4016004 kB
MemFree:         2761872 kB
Active:           456432 kB
Mem:          3.8G       1.2G       2.6G       5.7M        55M       755M

MemTotal:        4016004 kB
MemFree:         2759920 kB
Active:           456420 kB
Mem:          3.8G       1.2G       2.6G       5.7M        55M       756M

MemTotal:        4016004 kB
MemFree:         2757940 kB
Active:           456408 kB
Mem:          3.8G       1.2G       2.6G       5.7M        55M       758M

MemTotal:        4016004 kB
MemFree:         2727752 kB
Active:           456384 kB
Mem:          3.8G       1.2G       2.6G       5.7M        55M       787M

MemTotal:        4016004 kB
MemFree:         2623104 kB
Active:           456400 kB
Mem:          3.8G       1.3G       2.5G       5.7M        55M       888M

MemTotal:        4016004 kB
MemFree:         2495964 kB
Active:           456400 kB
Mem:          3.8G       1.4G       2.4G       5.7M        55M       1.0G

MemTotal:        4016004 kB
MemFree:         2408168 kB
Active:           456440 kB
Mem:          3.8G       1.5G       2.3G       5.7M        55M       1.1G

MemTotal:        4016004 kB
MemFree:         2345980 kB
Active:           456448 kB
Mem:          3.8G       1.6G       2.2G       5.7M        55M       1.1G

MemTotal:        4016004 kB
MemFree:         2317548 kB
Active:           456452 kB
Mem:          3.8G       1.6G       2.2G       5.7M        55M       1.2G

MemTotal:        4016004 kB
MemFree:         2267856 kB
Active:           456396 kB
Mem:          3.8G       1.7G       2.2G       5.7M        55M       1.2G

MemTotal:        4016004 kB
MemFree:         2226064 kB
Active:           456464 kB
Mem:          3.8G       1.7G       2.1G       5.7M        55M       1.2G

MemTotal:        4016004 kB
MemFree:         2163552 kB
Active:           456468 kB
Mem:          3.8G       1.8G       2.1G       5.7M        55M       1.3G

MemTotal:        4016004 kB
MemFree:         2134492 kB
Active:           456472 kB
Mem:          3.8G       1.8G       2.0G       5.7M        55M       1.3G

MemTotal:        4016004 kB
MemFree:         2132272 kB
Active:           456484 kB
Mem:          3.8G       1.8G       2.0G       5.7M        55M       1.3G

MemTotal:        4016004 kB
MemFree:         2131188 kB
Active:           456456 kB
Mem:          3.8G       1.8G       2.0G       5.7M        55M       1.3G

MemTotal:        4016004 kB
MemFree:         2130044 kB
Active:           456512 kB
Mem:          3.8G       1.8G       2.0G       5.7M        55M       1.3G

MemTotal:        4016004 kB
MemFree:         2100120 kB
Active:           456632 kB
Mem:          3.8G       1.8G       2.0G       5.7M        55M       1.4G

MemTotal:        4016004 kB
MemFree:         1995920 kB
Active:           456504 kB
Mem:          3.8G       1.9G       1.9G       5.7M        55M       1.5G

MemTotal:        4016004 kB
MemFree:         1863448 kB
Active:           456528 kB
Mem:          3.8G       2.1G       1.8G       5.7M        55M       1.6G

MemTotal:        4016004 kB
MemFree:         1781528 kB
Active:           456528 kB
Mem:          3.8G       2.1G       1.7G       5.7M        55M       1.7G

MemTotal:        4016004 kB
MemFree:         1731616 kB
Active:           456520 kB
Mem:          3.8G       2.2G       1.7G       5.7M        55M       1.7G

MemTotal:        4016004 kB
MemFree:         1689916 kB
Active:           456540 kB
Mem:          3.8G       2.2G       1.6G       5.7M        55M       1.7G

MemTotal:        4016004 kB
MemFree:         1673812 kB
Active:           456544 kB
Mem:          3.8G       2.2G       1.6G       5.7M        55M       1.8G

MemTotal:        4016004 kB
MemFree:         1598368 kB
Active:           456528 kB
Mem:          3.8G       2.3G       1.5G       5.7M        55M       1.8G

MemTotal:        4016004 kB
MemFree:         1516956 kB
Active:           456544 kB
Mem:          3.8G       2.4G       1.4G       5.7M        55M       1.9G

MemTotal:        4016004 kB
MemFree:         1507916 kB
Active:           456532 kB
Mem:          3.8G       2.4G       1.4G       5.7M        55M       1.9G

MemTotal:        4016004 kB
MemFree:         1503892 kB
Active:           456536 kB
Mem:          3.8G       2.4G       1.4G       5.7M        55M       1.9G

MemTotal:        4016004 kB
MemFree:         1502592 kB
Active:           456548 kB
Mem:          3.8G       2.4G       1.4G       5.7M        55M       1.9G

MemTotal:        4016004 kB
MemFree:         1501604 kB
Active:           456556 kB
Mem:          3.8G       2.4G       1.4G       5.7M        55M       1.9G

MemTotal:        4016004 kB
MemFree:         1476920 kB
Active:           456564 kB
Mem:          3.8G       2.4G       1.4G       5.7M        55M       1.9G

MemTotal:        4016004 kB
MemFree:         1371900 kB
Active:           456568 kB
Mem:          3.8G       2.5G       1.3G       5.7M        55M       2.0G

MemTotal:        4016004 kB
MemFree:         1237072 kB
Active:           456572 kB
Mem:          3.8G       2.7G       1.2G       5.7M        55M       2.2G

MemTotal:        4016004 kB
MemFree:         1154600 kB
Active:           456580 kB
Mem:          3.8G       2.7G       1.1G       5.7M        55M       2.2G

MemTotal:        4016004 kB
MemFree:         1136508 kB
Active:           456584 kB
Mem:          3.8G       2.7G       1.1G       5.7M        55M       2.3G

MemTotal:        4016004 kB
MemFree:         1071140 kB
Active:           456608 kB
Mem:          3.8G       2.8G       1.0G       5.7M        55M       2.3G

MemTotal:        4016004 kB
MemFree:         1034288 kB
Active:           456604 kB
Mem:          3.8G       2.8G       1.0G       5.7M        55M       2.4G

MemTotal:        4016004 kB
MemFree:          988356 kB
Active:           456588 kB
Mem:          3.8G       2.9G       964M       5.7M        55M       2.4G

MemTotal:        4016004 kB
MemFree:          985964 kB
Active:           456604 kB
Mem:          3.8G       2.9G       962M       5.7M        55M       2.4G

MemTotal:        4016004 kB
MemFree:          985212 kB
Active:           456588 kB
Mem:          3.8G       2.9G       962M       5.7M        55M       2.4G

MemTotal:        4016004 kB
MemFree:          984192 kB
Active:           456628 kB
Mem:          3.8G       2.9G       960M       5.7M        55M       2.4G

MemTotal:        4016004 kB
MemFree:          942436 kB
Active:           456632 kB
Mem:          3.8G       2.9G       920M       5.7M        55M       2.4G

MemTotal:        4016004 kB
MemFree:          830952 kB
Active:           456584 kB
Mem:          3.8G       3.0G       810M       5.7M        55M       2.6G

MemTotal:        4016004 kB
MemFree:          724692 kB
Active:           456624 kB
Mem:          3.8G       3.1G       707M       5.7M        55M       2.7G

MemTotal:        4016004 kB
MemFree:          636980 kB
Active:           456616 kB
Mem:          3.8G       3.2G       621M       5.7M        55M       2.7G

MemTotal:        4016004 kB
MemFree:          629400 kB
Active:           456616 kB
Mem:          3.8G       3.2G       614M       5.7M        55M       2.7G

MemTotal:        4016004 kB
MemFree:          539276 kB
Active:           456652 kB
Mem:          3.8G       3.3G       526M       5.7M        55M       2.8G

MemTotal:        4016004 kB
MemFree:          497864 kB
Active:           456736 kB
Mem:          3.8G       3.4G       485M       5.7M        55M       2.9G

MemTotal:        4016004 kB
MemFree:          461356 kB
Active:           458724 kB
Mem:          3.8G       3.4G       450M       5.7M        55M       2.9G

MemTotal:        4016004 kB
MemFree:          386328 kB
Active:           458704 kB
Mem:          3.8G       3.5G       377M       5.7M        55M       3.0G

MemTotal:        4016004 kB
MemFree:          384240 kB
Active:           458700 kB
Mem:          3.8G       3.5G       374M       5.7M        55M       3.0G

MemTotal:        4016004 kB
MemFree:          383188 kB
Active:           458728 kB
Mem:          3.8G       3.5G       374M       5.7M        55M       3.0G

MemTotal:        4016004 kB
MemFree:          382072 kB
Active:           458740 kB
Mem:          3.8G       3.5G       373M       5.7M        55M       3.0G

MemTotal:        4016004 kB
MemFree:          381208 kB
Active:           458748 kB
Mem:          3.8G       3.5G       372M       5.7M        55M       3.0G

MemTotal:        4016004 kB
MemFree:          308668 kB
Active:           458752 kB
Mem:          3.8G       3.5G       300M       5.7M        55M       3.0G

MemTotal:        4016004 kB
MemFree:          196548 kB
Active:           458756 kB
Mem:          3.8G       3.6G       191M       5.7M        55M       3.1G

MemTotal:        4016004 kB
MemFree:          121168 kB
Active:           461952 kB
Mem:          3.8G       3.7G       102M       5.7M        22M       3.3G

MemTotal:        4016004 kB
MemFree:          127464 kB
Active:           512660 kB
Mem:          3.8G       3.7G       123M       5.7M        22M       3.2G

MemTotal:        4016004 kB
MemFree:          135960 kB
Active:           501772 kB
Mem:          3.8G       3.7G       132M       5.7M        22M       3.2G

MemTotal:        4016004 kB
MemFree:          126732 kB
Active:           494492 kB
Mem:          3.8G       3.7G       123M       5.7M        22M       3.2G

MemTotal:        4016004 kB
MemFree:          136724 kB
Active:           490016 kB
Mem:          3.8G       3.7G       133M       5.7M        22M       3.2G

MemTotal:        4016004 kB
MemFree:          134876 kB
Active:           490028 kB
Mem:          3.8G       3.7G       131M       5.7M        22M       3.2G

MemTotal:        4016004 kB
MemFree:          133360 kB
Active:           489988 kB
Mem:          3.8G       3.7G       130M       5.7M        22M       3.2G

MemTotal:        4016004 kB
MemFree:          131288 kB
Active:           489992 kB
Mem:          3.8G       3.7G       128M       5.7M        22M       3.2G

MemTotal:        4016004 kB
MemFree:          145600 kB
Active:           482484 kB
Mem:          3.8G       3.7G       141M       5.7M        22M       3.2G

MemTotal:        4016004 kB
MemFree:          146784 kB
Active:           467132 kB
Mem:          3.8G       3.7G       142M       5.7M        22M       3.2G

MemTotal:        4016004 kB
MemFree:          130152 kB
Active:           461116 kB
Mem:          3.8G       3.7G       126M       5.7M        22M       3.2G

MemTotal:        4016004 kB
MemFree:          134660 kB
Active:           460100 kB
Mem:          3.8G       3.7G       131M       5.7M        22M       3.2G

MemTotal:        4016004 kB
MemFree:          151556 kB
Active:           457552 kB
Mem:          3.8G       3.7G       148M       5.7M        22M       3.2G

MemTotal:        4016004 kB
MemFree:          136064 kB
Active:           456276 kB
Mem:          3.8G       3.7G       135M       5.7M        22M       3.2G

MemTotal:        4016004 kB
MemFree:          131952 kB
Active:           456280 kB
Mem:          3.8G       3.7G       128M       5.7M        22M       3.2G

MemTotal:        4016004 kB
MemFree:          140704 kB
Active:           452140 kB
Mem:          3.8G       3.7G       137M       5.7M        22M       3.2G

MemTotal:        4016004 kB
MemFree:          124088 kB
Active:           451500 kB
Mem:          3.8G       3.7G       121M       5.7M        22M       3.2G

MemTotal:        4016004 kB
MemFree:          109052 kB
Active:           450884 kB
Mem:          3.8G       3.7G       106M       5.7M        22M       3.3G

MemTotal:        4016004 kB
MemFree:          107096 kB
Active:           450896 kB
Mem:          3.8G       3.7G       104M       5.7M        22M       3.3G

MemTotal:        4016004 kB
MemFree:          103684 kB
Active:           452620 kB
Mem:          3.8G       3.7G       101M       5.7M        22M       3.3G

MemTotal:        4016004 kB
MemFree:          102880 kB
Active:           454648 kB
Mem:          3.8G       3.7G       100M       5.7M        22M       3.3G

MemTotal:        4016004 kB
MemFree:          126220 kB
Active:           449144 kB
Mem:          3.8G       3.7G       122M       5.7M        22M       3.2G

MemTotal:        4016004 kB
MemFree:          132468 kB
Active:           442484 kB
Mem:          3.8G       3.7G       129M       5.7M        22M       3.2G

MemTotal:        4016004 kB
MemFree:          132020 kB
Active:           436116 kB
Mem:          3.8G       3.7G       128M       5.7M        22M       3.2G

MemTotal:        4016004 kB
MemFree:          119172 kB
Active:           433220 kB
Mem:          3.8G       3.7G       115M       5.7M        22M       3.2G

MemTotal:        4016004 kB
MemFree:          132644 kB
Active:           430628 kB
Mem:          3.8G       3.7G       129M       5.7M        22M       3.2G

MemTotal:        4016004 kB
MemFree:          131696 kB
Active:           430640 kB
Mem:          3.8G       3.7G       128M       5.7M        22M       3.2G

MemTotal:        4016004 kB
MemFree:          126832 kB
Active:           430588 kB
Mem:          3.8G       3.7G       123M       5.7M        22M       3.2G

MemTotal:        4016004 kB
MemFree:          129940 kB
Active:           428860 kB
Mem:          3.8G       3.7G       126M       5.7M        22M       3.2G

MemTotal:        4016004 kB
MemFree:          128784 kB
Active:           428856 kB
Mem:          3.8G       3.7G       125M       5.7M        22M       3.2G

MemTotal:        4016004 kB
MemFree:          127900 kB
Active:           428860 kB
Mem:          3.8G       3.7G       124M       5.7M        22M       3.2G

MemTotal:        4016004 kB
MemFree:          114344 kB
Active:           428880 kB
Mem:          3.8G       3.7G       111M       5.7M        22M       3.3G

MemTotal:        4016004 kB
MemFree:          122416 kB
Active:           425296 kB
Mem:          3.8G       3.7G       127M       5.7M        22M       3.2G

MemTotal:        4016004 kB
MemFree:          116248 kB
Active:           420120 kB
Mem:          3.8G       3.7G       113M       5.7M        22M       3.2G

MemTotal:        4016004 kB
MemFree:          137040 kB
Active:           418780 kB
Mem:          3.8G       3.7G       133M       5.7M        22M       3.2G

MemTotal:        4016004 kB
MemFree:          133356 kB
Active:           417500 kB
Mem:          3.8G       3.7G       130M       5.7M        22M       3.2G

MemTotal:        4016004 kB
MemFree:          139524 kB
Active:           415196 kB
Mem:          3.8G       3.7G       136M       5.7M        22M       3.2G

MemTotal:        4016004 kB
MemFree:          124176 kB
Active:           414684 kB
Mem:          3.8G       3.7G       121M       5.7M        22M       3.2G

MemTotal:        4016004 kB
MemFree:          127588 kB
Active:           413552 kB
Mem:          3.8G       3.7G       124M       5.7M        22M       3.2G

MemTotal:        4016004 kB
MemFree:          121264 kB
Active:           411932 kB
Mem:          3.8G       3.7G       118M       5.7M        22M       3.2G

MemTotal:        4016004 kB
MemFree:          120128 kB
Active:           411892 kB
Mem:          3.8G       3.7G       117M       5.7M        22M       3.2G

MemTotal:        4016004 kB
MemFree:          119852 kB
Active:           411888 kB
Mem:          3.8G       3.7G       116M       5.7M        22M       3.2G

MemTotal:        4016004 kB
MemFree:          119544 kB
Active:           411896 kB
Mem:          3.8G       3.7G       116M       5.7M        22M       3.2G

MemTotal:        4016004 kB
MemFree:          119776 kB
Active:           411916 kB
Mem:          3.8G       3.7G       116M       5.7M        22M       3.2G

MemTotal:        4016004 kB
MemFree:          128404 kB
Active:           409400 kB
Mem:          3.8G       3.7G       125M       5.7M        22M       3.2G

MemTotal:        4016004 kB
MemFree:          118348 kB
Active:           406072 kB
Mem:          3.8G       3.7G       115M       5.7M        22M       3.2G

MemTotal:        4016004 kB
MemFree:          135316 kB
Active:           400952 kB
Mem:          3.8G       3.7G       131M       5.7M        22M       3.2G

MemTotal:        4016004 kB
MemFree:          129784 kB
Active:           400908 kB
Mem:          3.8G       3.7G       126M       5.7M        22M       3.2G

MemTotal:        4016004 kB
MemFree:          141468 kB
Active:           399044 kB
Mem:          3.8G       3.7G       138M       5.7M        22M       3.2G

MemTotal:        4016004 kB
MemFree:          122776 kB
Active:           397772 kB
Mem:          3.8G       3.7G       119M       5.7M        22M       3.2G

MemTotal:        4016004 kB
MemFree:          137312 kB
Active:           395980 kB
Mem:          3.8G       3.7G       134M       5.7M        22M       3.2G

MemTotal:        4016004 kB
MemFree:          128524 kB
Active:           395472 kB
Mem:          3.8G       3.7G       125M       5.7M        22M       3.2G

MemTotal:        4016004 kB
MemFree:          127700 kB
Active:           395488 kB
Mem:          3.8G       3.7G       124M       5.7M        22M       3.2G

MemTotal:        4016004 kB
MemFree:          127796 kB
Active:           395432 kB
Mem:          3.8G       3.7G       124M       5.7M        22M       3.2G

MemTotal:        4016004 kB
MemFree:          127864 kB
Active:           395448 kB
Mem:          3.8G       3.7G       124M       5.7M        22M       3.2G

MemTotal:        4016004 kB
MemFree:          128792 kB
Active:           393192 kB
Mem:          3.8G       3.7G       125M       5.7M        22M       3.2G

MemTotal:        4016004 kB
MemFree:          124040 kB
Active:           390844 kB
Mem:          3.8G       3.7G       121M       5.7M        22M       3.2G

MemTotal:        4016004 kB
MemFree:          131440 kB
Active:           390508 kB
Mem:          3.8G       3.7G       127M       5.7M        22M       3.2G

MemTotal:        4016004 kB
MemFree:          141408 kB
Active:           390464 kB
Mem:          3.8G       3.7G       137M       5.7M        22M       3.2G

MemTotal:        4016004 kB
MemFree:          148612 kB
Active:           388936 kB
Mem:          3.8G       3.7G       145M       5.7M        22M       3.2G

MemTotal:        4016004 kB
MemFree:          106760 kB
Active:           388948 kB
Mem:          3.8G       3.7G       103M       5.7M        22M       3.3G

MemTotal:        4016004 kB
MemFree:          135688 kB
Active:           388948 kB
Mem:          3.8G       3.7G       132M       5.7M        22M       3.2G

MemTotal:        4016004 kB
MemFree:          141472 kB
Active:           388912 kB
Mem:          3.8G       3.7G       138M       5.7M        22M       3.2G

MemTotal:        4016004 kB
MemFree:          141536 kB
Active:           388924 kB
Mem:          3.8G       3.7G       138M       5.7M        22M       3.2G

MemTotal:        4016004 kB
MemFree:          141140 kB
Active:           388956 kB
Mem:          3.8G       3.7G       137M       5.7M        22M       3.2G

MemTotal:        4016004 kB
MemFree:          139120 kB
Active:           388972 kB
Mem:          3.8G       3.7G       135M       5.7M        22M       3.2G

MemTotal:        4016004 kB
MemFree:          136752 kB
Active:           388940 kB
Mem:          3.8G       3.7G       133M       5.7M        22M       3.2G

MemTotal:        4016004 kB
MemFree:          109560 kB
Active:           388880 kB
Mem:          3.8G       3.7G       106M       5.7M        22M       3.3G

MemTotal:        4016004 kB
MemFree:          131368 kB
Active:           388880 kB
Mem:          3.8G       3.7G       134M       5.7M        22M       3.2G

MemTotal:        4016004 kB
MemFree:          142100 kB
Active:           388592 kB
Mem:          3.8G       3.7G       138M       5.7M        22M       3.2G

MemTotal:        4016004 kB
MemFree:          142404 kB
Active:           388360 kB
Mem:          3.8G       3.7G       139M       5.7M        22M       3.2G

MemTotal:        4016004 kB
MemFree:          138260 kB
Active:           388364 kB
Mem:          3.8G       3.7G       135M       5.7M        22M       3.2G

MemTotal:        4016004 kB
MemFree:          143096 kB
Active:           388376 kB
Mem:          3.8G       3.7G       139M       5.7M        22M       3.2G

MemTotal:        4016004 kB
MemFree:          116468 kB
Active:           388380 kB
Mem:          3.8G       3.7G       113M       5.7M        22M       3.2G

MemTotal:        4016004 kB
MemFree:          141792 kB
Active:           388380 kB
Mem:          3.8G       3.7G       137M       5.7M        22M       3.2G

MemTotal:        4016004 kB
MemFree:          113968 kB
Active:           388388 kB
Mem:          3.8G       3.7G       111M       5.7M        22M       3.2G

MemTotal:        4016004 kB
MemFree:          111936 kB
Active:           388400 kB
Mem:          3.8G       3.7G       109M       5.7M        22M       3.3G

MemTotal:        4016004 kB
MemFree:          110496 kB
Active:           388400 kB
Mem:          3.8G       3.7G       108M       5.7M        22M       3.3G

MemTotal:        4016004 kB
MemFree:          109600 kB
Active:           388400 kB
Mem:          3.8G       3.7G       106M       5.7M        22M       3.3G

MemTotal:        4016004 kB
MemFree:          106288 kB
Active:           388400 kB
Mem:          3.8G       3.7G       103M       5.7M        22M       3.3G

MemTotal:        4016004 kB
MemFree:          131628 kB
Active:           388388 kB
Mem:          3.8G       3.7G       128M       5.7M        22M       3.2G

MemTotal:        4016004 kB
MemFree:          130304 kB
Active:           388336 kB
Mem:          3.8G       3.7G       127M       5.7M        22M       3.2G

MemTotal:        4016004 kB
MemFree:          138584 kB
Active:           388388 kB
Mem:          3.8G       3.7G       135M       5.7M        22M       3.2G

MemTotal:        4016004 kB
MemFree:          138876 kB
Active:           383684 kB
Mem:          3.8G       3.7G       135M       5.7M        22M       3.2G

MemTotal:        4016004 kB
MemFree:          128076 kB
Active:           383692 kB
Mem:          3.8G       3.7G       124M       5.7M        22M       3.2G

MemTotal:        4016004 kB
MemFree:          141124 kB
Active:           383696 kB
Mem:          3.8G       3.7G       138M       5.7M        22M       3.2G

MemTotal:        4016004 kB
MemFree:          126772 kB
Active:           383700 kB
Mem:          3.8G       3.7G       123M       5.7M        22M       3.2G

MemTotal:        4016004 kB
MemFree:          121256 kB
Active:           383704 kB
Mem:          3.8G       3.7G       118M       5.7M        22M       3.2G

MemTotal:        4016004 kB
MemFree:          130456 kB
Active:           383704 kB
Mem:          3.8G       3.7G       127M       5.7M        22M       3.2G

MemTotal:        4016004 kB
MemFree:          126096 kB
Active:           383700 kB
Mem:          3.8G       3.7G       122M       5.7M        22M       3.2G

MemTotal:        4016004 kB
MemFree:          124516 kB
Active:           383720 kB
Mem:          3.8G       3.7G       121M       5.7M        22M       3.2G

MemTotal:        4016004 kB
MemFree:          122768 kB
Active:           383736 kB
Mem:          3.8G       3.7G       119M       5.7M        22M       3.2G

MemTotal:        4016004 kB
MemFree:          121780 kB
Active:           383736 kB
Mem:          3.8G       3.7G       118M       5.7M        22M       3.2G

MemTotal:        4016004 kB
MemFree:          131100 kB
Active:           383736 kB
Mem:          3.8G       3.7G       127M       5.7M        22M       3.2G

MemTotal:        4016004 kB
MemFree:          124368 kB
Active:           382280 kB
Mem:          3.8G       3.7G       121M       5.7M        22M       3.2G

MemTotal:        4016004 kB
MemFree:          139764 kB
Active:           382284 kB
Mem:          3.8G       3.7G       136M       5.7M        22M       3.2G

MemTotal:        4016004 kB
MemFree:          129884 kB
Active:           382284 kB
Mem:          3.8G       3.7G       126M       5.7M        22M       3.2G

MemTotal:        4016004 kB
MemFree:          128708 kB
Active:           382288 kB
Mem:          3.8G       3.7G       125M       5.7M        22M       3.2G

MemTotal:        4016004 kB
MemFree:          131112 kB
Active:           380580 kB
Mem:          3.8G       3.7G       127M       5.7M        22M       3.2G

MemTotal:        4016004 kB
MemFree:          129516 kB
Active:           379448 kB
Mem:          3.8G       3.7G       126M       5.7M        22M       3.2G

MemTotal:        4016004 kB
MemFree:          138796 kB
Active:           381460 kB
Mem:          3.8G       3.7G       135M       5.7M        22M       3.2G

MemTotal:        4016004 kB
MemFree:          138268 kB
Active:           381528 kB
Mem:          3.8G       3.7G       135M       5.7M        22M       3.2G

MemTotal:        4016004 kB
MemFree:          137184 kB
Active:           381476 kB
Mem:          3.8G       3.7G       133M       5.7M        22M       3.2G

MemTotal:        4016004 kB
MemFree:          136816 kB
Active:           381516 kB
Mem:          3.8G       3.7G       132M       5.7M        22M       3.2G

MemTotal:        4016004 kB
MemFree:          134652 kB
Active:           381500 kB
Mem:          3.8G       3.7G       131M       5.7M        22M       3.2G

MemTotal:        4016004 kB
MemFree:          136420 kB
Active:           381528 kB
Mem:          3.8G       3.7G       133M       5.7M        22M       3.2G

MemTotal:        4016004 kB
MemFree:          134592 kB
Active:           381536 kB
Mem:          3.8G       3.7G       131M       5.7M        22M       3.2G

MemTotal:        4016004 kB
MemFree:          134904 kB
Active:           380448 kB
Mem:          3.8G       3.7G       131M       5.7M        22M       3.2G

MemTotal:        4016004 kB
MemFree:          140316 kB
Active:           380452 kB
Mem:          3.8G       3.7G       137M       5.7M        22M       3.2G

MemTotal:        4016004 kB
MemFree:          135056 kB
Active:           380452 kB
Mem:          3.8G       3.7G       132M       5.7M        22M       3.2G

MemTotal:        4016004 kB
MemFree:          146464 kB
Active:           380452 kB
Mem:          3.8G       3.7G       143M       5.7M        22M       3.2G

MemTotal:        4016004 kB
MemFree:          140948 kB
Active:           380472 kB
Mem:          3.8G       3.7G       137M       5.7M        22M       3.2G

MemTotal:        4016004 kB
MemFree:          139908 kB
Active:           380468 kB
Mem:          3.8G       3.7G       136M       5.7M        22M       3.2G

MemTotal:        4016004 kB
MemFree:          138384 kB
Active:           380484 kB
Mem:          3.8G       3.7G       135M       5.7M        22M       3.2G

MemTotal:        4016004 kB
MemFree:          137860 kB
Active:           380472 kB
Mem:          3.8G       3.7G       134M       5.7M        22M       3.2G

MemTotal:        4016004 kB
MemFree:          136596 kB
Active:           380488 kB
Mem:          3.8G       3.7G       133M       5.7M        22M       3.2G

MemTotal:        4016004 kB
MemFree:          154056 kB
Active:           367748 kB
Mem:          3.8G       3.7G       149M       5.7M        22M       3.2G

MemTotal:        4016004 kB
MemFree:          140028 kB
Active:           367568 kB
Mem:          3.8G       3.7G       136M       5.7M        22M       3.2G

MemTotal:        4016004 kB
MemFree:          133784 kB
Active:           367552 kB
Mem:          3.8G       3.7G       130M       5.7M        22M       3.2G

MemTotal:        4016004 kB
MemFree:          140688 kB
Active:           367580 kB
Mem:          3.8G       3.7G       137M       5.7M        22M       3.2G

MemTotal:        4016004 kB
MemFree:          130216 kB
Active:           367584 kB
Mem:          3.8G       3.7G       127M       5.7M        22M       3.2G

MemTotal:        4016004 kB
MemFree:          121676 kB
Active:           367564 kB
Mem:          3.8G       3.7G       118M       5.7M        22M       3.2G

MemTotal:        4016004 kB
MemFree:          118628 kB
Active:           367608 kB
Mem:          3.8G       3.7G       115M       5.7M        22M       3.2G

MemTotal:        4016004 kB
MemFree:          134216 kB
Active:           365396 kB
Mem:          3.8G       3.7G       131M       5.7M        22M       3.2G

MemTotal:        4016004 kB
MemFree:          135304 kB
Active:           365396 kB
Mem:          3.8G       3.7G       132M       5.7M        22M       3.2G

MemTotal:        4016004 kB
MemFree:          133844 kB
Active:           365412 kB
Mem:          3.8G       3.7G       130M       5.7M        22M       3.2G

MemTotal:        4016004 kB
MemFree:          132636 kB
Active:           365408 kB
Mem:          3.8G       3.7G       129M       5.7M        22M       3.2G

MemTotal:        4016004 kB
MemFree:          133012 kB
Active:           365400 kB
Mem:          3.8G       3.7G       129M       5.7M        22M       3.2G

MemTotal:        4016004 kB
MemFree:          133388 kB
Active:           365408 kB
Mem:          3.8G       3.7G       130M       5.7M        22M       3.2G

MemTotal:        4016004 kB
MemFree:          107224 kB
Active:           365920 kB
Mem:          3.8G       3.7G       103M       5.7M        22M       3.3G

MemTotal:        4016004 kB
MemFree:          128828 kB
Active:           365920 kB
Mem:          3.8G       3.7G       125M       5.7M        22M       3.2G

MemTotal:        4016004 kB
MemFree:          134908 kB
Active:           365788 kB
Mem:          3.8G       3.7G       131M       5.7M        22M       3.2G

MemTotal:        4016004 kB
MemFree:          117940 kB
Active:           365792 kB
Mem:          3.8G       3.7G       115M       5.7M        22M       3.2G

MemTotal:        4016004 kB
MemFree:          118968 kB
Active:           365812 kB
Mem:          3.8G       3.7G       115M       5.7M        22M       3.2G

MemTotal:        4016004 kB
MemFree:          141704 kB
Active:           363148 kB
Mem:          3.8G       3.7G       138M       5.7M        22M       3.2G

MemTotal:        4016004 kB
MemFree:          148824 kB
Active:           363148 kB
Mem:          3.8G       3.7G       145M       5.7M        22M       3.2G

MemTotal:        4016004 kB
MemFree:          147048 kB
Active:           363160 kB
Mem:          3.8G       3.7G       143M       5.7M        22M       3.2G

MemTotal:        4016004 kB
MemFree:          146012 kB
Active:           363164 kB
Mem:          3.8G       3.7G       142M       5.7M        22M       3.2G

MemTotal:        4016004 kB
MemFree:          146232 kB
Active:           363112 kB
Mem:          3.8G       3.7G       142M       5.7M        22M       3.2G

MemTotal:        4016004 kB
MemFree:          145924 kB
Active:           361120 kB
Mem:          3.8G       3.7G       142M       5.7M        22M       3.2G

MemTotal:        4016004 kB
MemFree:          134388 kB
Active:           361212 kB
Mem:          3.8G       3.7G       130M       5.7M        22M       3.2G

MemTotal:        4016004 kB
MemFree:          129336 kB
Active:           361260 kB
Mem:          3.8G       3.7G       126M       5.7M        22M       3.2G

MemTotal:        4016004 kB
MemFree:          126728 kB
Active:           361220 kB
Mem:          3.8G       3.7G       123M       5.7M        22M       3.2G

MemTotal:        4016004 kB
MemFree:          128820 kB
Active:           361016 kB
Mem:          3.8G       3.7G       125M       5.7M        22M       3.2G

MemTotal:        4016004 kB
MemFree:          128264 kB
Active:           361040 kB
Mem:          3.8G       3.7G       125M       5.7M        22M       3.2G

MemTotal:        4016004 kB
MemFree:          136700 kB
Active:           357860 kB
Mem:          3.8G       3.7G       133M       5.7M        22M       3.2G

MemTotal:        4016004 kB
MemFree:          148920 kB
Active:           357860 kB
Mem:          3.8G       3.7G       145M       5.7M        22M       3.2G

MemTotal:        4016004 kB
MemFree:          113400 kB
Active:           357860 kB
Mem:          3.8G       3.7G       110M       5.7M        22M       3.2G

MemTotal:        4016004 kB
MemFree:          112904 kB
Active:           357872 kB
Mem:          3.8G       3.7G       110M       5.7M        22M       3.2G

MemTotal:        4016004 kB
MemFree:          110704 kB
Active:           359856 kB
Mem:          3.8G       3.7G       107M       5.7M        22M       3.2G

MemTotal:        4016004 kB
MemFree:          109560 kB
Active:           359880 kB
Mem:          3.8G       3.7G       106M       5.7M        22M       3.2G

MemTotal:        4016004 kB
MemFree:          107416 kB
Active:           359912 kB
Mem:          3.8G       3.7G       104M       5.7M        22M       3.2G

MemTotal:        4016004 kB
MemFree:          132120 kB
Active:           359908 kB
Mem:          3.8G       3.7G       128M       5.7M        22M       3.2G

MemTotal:        4016004 kB
MemFree:          137848 kB
Active:           359888 kB
Mem:          3.8G       3.7G       133M       5.7M        22M       3.2G

MemTotal:        4016004 kB
MemFree:          135956 kB
Active:           359920 kB
Mem:          3.8G       3.7G       132M       5.7M        22M       3.2G

MemTotal:        4016004 kB
MemFree:          142652 kB
Active:           359932 kB
Mem:          3.8G       3.7G       139M       5.7M        22M       3.2G

MemTotal:        4016004 kB
MemFree:          135280 kB
Active:           359932 kB
Mem:          3.8G       3.7G       132M       5.7M        22M       3.2G

MemTotal:        4016004 kB
MemFree:          164176 kB
Active:           313176 kB
Mem:          3.8G       3.7G       160M       5.7M        22M       3.2G

MemTotal:        4016004 kB
MemFree:          132124 kB
Active:           313088 kB
Mem:          3.8G       3.7G       129M       5.7M        22M       3.2G

MemTotal:        4016004 kB
MemFree:          138400 kB
Active:           313048 kB
Mem:          3.8G       3.7G       135M       5.7M        22M       3.2G

MemTotal:        4016004 kB
MemFree:          138500 kB
Active:           313092 kB
Mem:          3.8G       3.7G       135M       5.7M        22M       3.2G

MemTotal:        4016004 kB
MemFree:          136900 kB
Active:           313108 kB
Mem:          3.8G       3.7G       133M       5.7M        22M       3.2G

MemTotal:        4016004 kB
MemFree:          136500 kB
Active:           313100 kB
Mem:          3.8G       3.7G       133M       5.7M        22M       3.2G

MemTotal:        4016004 kB
MemFree:          134956 kB
Active:           313124 kB
Mem:          3.8G       3.7G       131M       5.7M        22M       3.2G

MemTotal:        4016004 kB
MemFree:          119128 kB
Active:           313124 kB
Mem:          3.8G       3.7G       116M       5.7M        22M       3.2G

MemTotal:        4016004 kB
MemFree:          137812 kB
Active:           313080 kB
Mem:          3.8G       3.7G       134M       5.7M        22M       3.2G

MemTotal:        4016004 kB
MemFree:          155544 kB
Active:           313104 kB
Mem:          3.8G       3.7G       151M       5.7M        22M       3.2G

MemTotal:        4016004 kB
MemFree:          151460 kB
Active:           313132 kB
Mem:          3.8G       3.7G       148M       5.7M        22M       3.2G

MemTotal:        4016004 kB
MemFree:          141776 kB
Active:           313140 kB
Mem:          3.8G       3.7G       138M       5.7M        22M       3.2G

MemTotal:        4016004 kB
MemFree:          126084 kB
Active:           313144 kB
Mem:          3.8G       3.7G       122M       5.7M        22M       3.2G

MemTotal:        4016004 kB
MemFree:          126848 kB
Active:           313008 kB
Mem:          3.8G       3.7G       123M       5.7M        22M       3.2G

MemTotal:        4016004 kB
MemFree:          126788 kB
Active:           312844 kB
Mem:          3.8G       3.7G       123M       5.7M        22M       3.2G

MemTotal:        4016004 kB
MemFree:          126788 kB
Active:           312840 kB
Mem:          3.8G       3.7G       123M       5.7M        22M       3.2G

MemTotal:        4016004 kB
MemFree:          127284 kB
Active:           312840 kB
Mem:          3.8G       3.7G       124M       5.7M        22M       3.2G

MemTotal:        4016004 kB
MemFree:          127284 kB
Active:           312844 kB
Mem:          3.8G       3.7G       124M       5.7M        22M       3.2G

MemTotal:        4016004 kB
MemFree:          126592 kB
Active:           312852 kB
Mem:          3.8G       3.7G       123M       5.7M        22M       3.2G

MemTotal:        4016004 kB
MemFree:          126592 kB
Active:           312860 kB
Mem:          3.8G       3.7G       123M       5.7M        22M       3.2G

MemTotal:        4016004 kB
MemFree:          126836 kB
Active:           312868 kB
Mem:          3.8G       3.7G       123M       5.7M        22M       3.2G

MemTotal:        4016004 kB
MemFree:          126780 kB
Active:           312852 kB
Mem:          3.8G       3.7G       123M       5.7M        22M       3.2G

MemTotal:        4016004 kB
MemFree:          124984 kB
Active:           312816 kB
Mem:          3.8G       3.7G       121M       5.7M        22M       3.2G

MemTotal:        4016004 kB
MemFree:          124488 kB
Active:           314896 kB
Mem:          3.8G       3.7G       121M       5.7M        22M       3.2G

MemTotal:        4016004 kB
MemFree:          124860 kB
Active:           314872 kB
Mem:          3.8G       3.7G       121M       5.7M        22M       3.2G

MemTotal:        4016004 kB
MemFree:          124488 kB
Active:           314900 kB
Mem:          3.8G       3.7G       121M       5.7M        22M       3.2G

MemTotal:        4016004 kB
MemFree:          124612 kB
Active:           314900 kB
Mem:          3.8G       3.7G       121M       5.7M        22M       3.2G

MemTotal:        4016004 kB
MemFree:          124488 kB
Active:           314900 kB
Mem:          3.8G       3.7G       121M       5.7M        22M       3.2G

MemTotal:        4016004 kB
MemFree:          124612 kB
Active:           314852 kB
Mem:          3.8G       3.7G       121M       5.7M        22M       3.2G

MemTotal:        4016004 kB
MemFree:          124860 kB
Active:           314900 kB
Mem:          3.8G       3.7G       121M       5.7M        22M       3.2G

MemTotal:        4016004 kB
MemFree:          124488 kB
Active:           314908 kB
Mem:          3.8G       3.7G       121M       5.7M        22M       3.2G

MemTotal:        4016004 kB
MemFree:          124612 kB
Active:           314876 kB
Mem:          3.8G       3.7G       121M       5.7M        22M       3.2G

MemTotal:        4016004 kB
MemFree:          124736 kB
Active:           314904 kB
Mem:          3.8G       3.7G       121M       5.7M        22M       3.2G

MemTotal:        4016004 kB
MemFree:          124736 kB
Active:           314908 kB
Mem:          3.8G       3.7G       121M       5.7M        22M       3.2G

MemTotal:        4016004 kB
MemFree:          124240 kB
Active:           314920 kB
Mem:          3.8G       3.7G       121M       5.7M        22M       3.2G

MemTotal:        4016004 kB
MemFree:          124612 kB
Active:           314912 kB
Mem:          3.8G       3.7G       121M       5.7M        22M       3.2G

MemTotal:        4016004 kB
MemFree:          124612 kB
Active:           314904 kB
Mem:          3.8G       3.7G       121M       5.7M        22M       3.2G

MemTotal:        4016004 kB
MemFree:          124612 kB
Active:           314896 kB
Mem:          3.8G       3.7G       121M       5.7M        22M       3.2G

MemTotal:        4016004 kB
MemFree:          124116 kB
Active:           314940 kB
Mem:          3.8G       3.7G       121M       5.7M        22M       3.2G

MemTotal:        4016004 kB
MemFree:          124488 kB
Active:           314924 kB
Mem:          3.8G       3.7G       121M       5.7M        22M       3.2G

MemTotal:        4016004 kB
MemFree:          124612 kB
Active:           314924 kB
Mem:          3.8G       3.7G       121M       5.7M        22M       3.2G

MemTotal:        4016004 kB
MemFree:          124364 kB
Active:           314944 kB
Mem:          3.8G       3.7G       121M       5.7M        22M       3.2G

MemTotal:        4016004 kB
MemFree:          123928 kB
Active:           314652 kB
Mem:          3.8G       3.7G       121M       5.7M        22M       3.2G

MemTotal:        4016004 kB
MemFree:          123804 kB
Active:           314656 kB
Mem:          3.8G       3.7G       120M       5.7M        22M       3.2G

MemTotal:        4016004 kB
MemFree:          124068 kB
Active:           316716 kB
Mem:          3.8G       3.7G       121M       5.7M        22M       3.2G

MemTotal:        4016004 kB
MemFree:          124068 kB
Active:           316708 kB
Mem:          3.8G       3.7G       121M       5.7M        22M       3.2G

MemTotal:        4016004 kB
MemFree:          124440 kB
Active:           316728 kB
Mem:          3.8G       3.7G       121M       5.7M        22M       3.2G

MemTotal:        4016004 kB
MemFree:          124440 kB
Active:           316732 kB
Mem:          3.8G       3.7G       121M       5.7M        22M       3.2G

MemTotal:        4016004 kB
MemFree:          125184 kB
Active:           316732 kB
Mem:          3.8G       3.7G       122M       5.7M        22M       3.2G

MemTotal:        4016004 kB
MemFree:          125308 kB
Active:           316760 kB
Mem:          3.8G       3.7G       122M       5.7M        22M       3.2G

MemTotal:        4016004 kB
MemFree:          125184 kB
Active:           316724 kB
Mem:          3.8G       3.7G       121M       5.7M        22M       3.2G

MemTotal:        4016004 kB
MemFree:          124688 kB
Active:           316712 kB
Mem:          3.8G       3.7G       121M       5.7M        22M       3.2G

MemTotal:        4016004 kB
MemFree:          124192 kB
Active:           316768 kB
Mem:          3.8G       3.7G       121M       5.7M        22M       3.2G

MemTotal:        4016004 kB
MemFree:          124688 kB
Active:           316764 kB
Mem:          3.8G       3.7G       122M       5.7M        22M       3.2G

MemTotal:        4016004 kB
MemFree:          124688 kB
Active:           316776 kB
Mem:          3.8G       3.7G       121M       5.7M        22M       3.2G

MemTotal:        4016004 kB
MemFree:          124812 kB
Active:           316728 kB
Mem:          3.8G       3.7G       121M       5.7M        22M       3.2G

MemTotal:        4016004 kB
MemFree:          124812 kB
Active:           316772 kB
Mem:          3.8G       3.7G       122M       5.7M        22M       3.2G

MemTotal:        4016004 kB
MemFree:          125200 kB
Active:           316748 kB
Mem:          3.8G       3.7G       122M       5.7M        22M       3.2G

MemTotal:        4016004 kB
MemFree:          124952 kB
Active:           316744 kB
Mem:          3.8G       3.7G       121M       5.7M        22M       3.2G

MemTotal:        4016004 kB
MemFree:          124456 kB
Active:           316780 kB
Mem:          3.8G       3.7G       121M       5.7M        22M       3.2G

MemTotal:        4016004 kB
MemFree:          124828 kB
Active:           316728 kB
Mem:          3.8G       3.7G       121M       5.7M        22M       3.2G

MemTotal:        4016004 kB
MemFree:          124580 kB
Active:           316784 kB
Mem:          3.8G       3.7G       121M       5.7M        22M       3.2G

MemTotal:        4016004 kB
MemFree:          124456 kB
Active:           316732 kB
Mem:          3.8G       3.7G       121M       5.7M        22M       3.2G

MemTotal:        4016004 kB
MemFree:          124580 kB
Active:           316784 kB
Mem:          3.8G       3.7G       121M       5.7M        22M       3.2G

MemTotal:        4016004 kB
MemFree:          124580 kB
Active:           316788 kB
Mem:          3.8G       3.7G       121M       5.7M        22M       3.2G

MemTotal:        4016004 kB
MemFree:          124456 kB
Active:           316764 kB
Mem:          3.8G       3.7G       121M       5.7M        22M       3.2G

MemTotal:        4016004 kB
MemFree:          124580 kB
Active:           316800 kB
Mem:          3.8G       3.7G       121M       5.7M        22M       3.2G

MemTotal:        4016004 kB
MemFree:          124456 kB
Active:           316776 kB
Mem:          3.8G       3.7G       121M       5.7M        22M       3.2G

MemTotal:        4016004 kB
MemFree:          124456 kB
Active:           316776 kB
Mem:          3.8G       3.7G       121M       5.7M        22M       3.2G

MemTotal:        4016004 kB
MemFree:          124208 kB
Active:           316812 kB
Mem:          3.8G       3.7G       121M       5.7M        22M       3.2G

MemTotal:        4016004 kB
MemFree:          124456 kB
Active:           316800 kB
Mem:          3.8G       3.7G       121M       5.7M        22M       3.2G

MemTotal:        4016004 kB
MemFree:          124828 kB
Active:           316772 kB
Mem:          3.8G       3.7G       121M       5.7M        22M       3.2G

MemTotal:        4016004 kB
MemFree:          124828 kB
Active:           316780 kB
Mem:          3.8G       3.7G       121M       5.7M        22M       3.2G

MemTotal:        4016004 kB
MemFree:          124828 kB
Active:           316776 kB
Mem:          3.8G       3.7G       121M       5.7M        22M       3.2G

MemTotal:        4016004 kB
MemFree:          125200 kB
Active:           316796 kB
Mem:          3.8G       3.7G       122M       5.7M        22M       3.2G

MemTotal:        4016004 kB
MemFree:          124952 kB
Active:           316792 kB
Mem:          3.8G       3.7G       122M       5.7M        22M       3.2G

MemTotal:        4016004 kB
MemFree:          124828 kB
Active:           316808 kB
Mem:          3.8G       3.7G       121M       5.7M        22M       3.2G

MemTotal:        4016004 kB
MemFree:          124828 kB
Active:           316772 kB
Mem:          3.8G       3.7G       121M       5.7M        22M       3.2G

MemTotal:        4016004 kB
MemFree:          124952 kB
Active:           316784 kB
Mem:          3.8G       3.7G       121M       5.7M        22M       3.2G

MemTotal:        4016004 kB
MemFree:          124704 kB
Active:           316812 kB
Mem:          3.8G       3.7G       121M       5.7M        22M       3.2G

MemTotal:        4016004 kB
MemFree:          124580 kB
Active:           316768 kB
Mem:          3.8G       3.7G       121M       5.7M        22M       3.2G

MemTotal:        4016004 kB
MemFree:          124704 kB
Active:           316764 kB
Mem:          3.8G       3.7G       121M       5.7M        22M       3.2G

MemTotal:        4016004 kB
MemFree:          124704 kB
Active:           316808 kB
Mem:          3.8G       3.7G       121M       5.7M        22M       3.2G

MemTotal:        4016004 kB
MemFree:          124332 kB
Active:           316828 kB
Mem:          3.8G       3.7G       121M       5.7M        22M       3.2G

MemTotal:        4016004 kB
MemFree:          124704 kB
Active:           316792 kB
Mem:          3.8G       3.7G       121M       5.7M        22M       3.2G

MemTotal:        4016004 kB
MemFree:          124828 kB
Active:           316796 kB
Mem:          3.8G       3.7G       121M       5.7M        22M       3.2G

MemTotal:        4016004 kB
MemFree:          124332 kB
Active:           316832 kB
Mem:          3.8G       3.7G       121M       5.7M        22M       3.2G

MemTotal:        4016004 kB
MemFree:          124580 kB
Active:           316796 kB
Mem:          3.8G       3.7G       121M       5.7M        22M       3.2G

MemTotal:        4016004 kB
MemFree:          124828 kB
Active:           316812 kB
Mem:          3.8G       3.7G       121M       5.7M        22M       3.2G

MemTotal:        4016004 kB
MemFree:          125076 kB
Active:           316816 kB
Mem:          3.8G       3.7G       122M       5.7M        22M       3.2G

MemTotal:        4016004 kB
MemFree:          124704 kB
Active:           316840 kB
Mem:          3.8G       3.7G       121M       5.7M        22M       3.2G

MemTotal:        4016004 kB
MemFree:          125076 kB
Active:           316828 kB
Mem:          3.8G       3.7G       122M       5.7M        22M       3.2G

MemTotal:        4016004 kB
MemFree:          124208 kB
Active:           316968 kB
Mem:          3.8G       3.7G       121M       5.7M        22M       3.2G

MemTotal:        4016004 kB
MemFree:          124332 kB
Active:           316944 kB
Mem:          3.8G       3.7G       121M       5.7M        22M       3.2G

MemTotal:        4016004 kB
MemFree:          124208 kB
Active:           316924 kB
Mem:          3.8G       3.7G       121M       5.7M        22M       3.2G

MemTotal:        4016004 kB
MemFree:          124332 kB
Active:           316960 kB
Mem:          3.8G       3.7G       121M       5.7M        22M       3.2G

MemTotal:        4016004 kB
MemFree:          124208 kB
Active:           316968 kB
Mem:          3.8G       3.7G       121M       5.7M        22M       3.2G

MemTotal:        4016004 kB
MemFree:          124084 kB
Active:           316980 kB
Mem:          3.8G       3.7G       121M       5.7M        22M       3.2G

MemTotal:        4016004 kB
MemFree:          124580 kB
Active:           316984 kB
Mem:          3.8G       3.7G       121M       5.7M        22M       3.2G

MemTotal:        4016004 kB
MemFree:          124084 kB
Active:           316988 kB
Mem:          3.8G       3.7G       121M       5.7M        22M       3.2G

MemTotal:        4016004 kB
MemFree:          124208 kB
Active:           316940 kB
Mem:          3.8G       3.7G       121M       5.7M        22M       3.2G

MemTotal:        4016004 kB
MemFree:          124208 kB
Active:           316964 kB
Mem:          3.8G       3.7G       121M       5.7M        22M       3.2G

MemTotal:        4016004 kB
MemFree:          124208 kB
Active:           316956 kB
Mem:          3.8G       3.7G       121M       5.7M        22M       3.2G

MemTotal:        4016004 kB
MemFree:          123836 kB
Active:           316988 kB
Mem:          3.8G       3.7G       120M       5.7M        22M       3.2G

MemTotal:        4016004 kB
MemFree:          123960 kB
Active:           316968 kB
Mem:          3.8G       3.7G       120M       5.7M        22M       3.2G

MemTotal:        4016004 kB
MemFree:          123960 kB
Active:           316968 kB
Mem:          3.8G       3.7G       120M       5.7M        22M       3.2G

MemTotal:        4016004 kB
MemFree:          124332 kB
Active:           316960 kB
Mem:          3.8G       3.7G       121M       5.7M        22M       3.2G

MemTotal:        4016004 kB
MemFree:          124084 kB
Active:           316948 kB
Mem:          3.8G       3.7G       121M       5.7M        22M       3.2G

MemTotal:        4016004 kB
MemFree:          123960 kB
Active:           316996 kB
Mem:          3.8G       3.7G       121M       5.7M        22M       3.2G

MemTotal:        4016004 kB
MemFree:          124208 kB
Active:           316976 kB
Mem:          3.8G       3.7G       121M       5.7M        22M       3.2G

MemTotal:        4016004 kB
MemFree:          124456 kB
Active:           316960 kB
Mem:          3.8G       3.7G       121M       5.7M        22M       3.2G

MemTotal:        4016004 kB
MemFree:          124332 kB
Active:           316952 kB
Mem:          3.8G       3.7G       121M       5.7M        22M       3.2G

MemTotal:        4016004 kB
MemFree:          124332 kB
Active:           316944 kB
Mem:          3.8G       3.7G       121M       5.7M        22M       3.2G

MemTotal:        4016004 kB
MemFree:          124332 kB
Active:           316988 kB
Mem:          3.8G       3.7G       121M       5.7M        22M       3.2G

MemTotal:        4016004 kB
MemFree:          124332 kB
Active:           316980 kB
Mem:          3.8G       3.7G       121M       5.7M        22M       3.2G

MemTotal:        4016004 kB
MemFree:          124208 kB
Active:           316960 kB
Mem:          3.8G       3.7G       121M       5.7M        22M       3.2G

MemTotal:        4016004 kB
MemFree:          124456 kB
Active:           317004 kB
Mem:          3.8G       3.7G       121M       5.7M        22M       3.2G

MemTotal:        4016004 kB
MemFree:          124208 kB
Active:           316988 kB
Mem:          3.8G       3.7G       121M       5.7M        22M       3.2G

MemTotal:        4016004 kB
MemFree:          124456 kB
Active:           316972 kB
Mem:          3.8G       3.7G       121M       5.7M        22M       3.2G

MemTotal:        4016004 kB
MemFree:          124332 kB
Active:           317020 kB
Mem:          3.8G       3.7G       121M       5.7M        22M       3.2G

MemTotal:        4016004 kB
MemFree:          124084 kB
Active:           316980 kB
Mem:          3.8G       3.7G       121M       5.7M        22M       3.2G

MemTotal:        4016004 kB
MemFree:          124084 kB
Active:           317024 kB
Mem:          3.8G       3.7G       121M       5.7M        22M       3.2G

MemTotal:        4016004 kB
MemFree:          123836 kB
Active:           317016 kB
Mem:          3.8G       3.7G       121M       5.7M        22M       3.2G

MemTotal:        4016004 kB
MemFree:          123960 kB
Active:           316992 kB
Mem:          3.8G       3.7G       120M       5.7M        22M       3.2G

MemTotal:        4016004 kB
MemFree:          123588 kB
Active:           317028 kB
Mem:          3.8G       3.7G       120M       5.7M        22M       3.2G

MemTotal:        4016004 kB
MemFree:          123712 kB
Active:           317000 kB
Mem:          3.8G       3.7G       120M       5.7M        22M       3.2G

MemTotal:        4016004 kB
MemFree:          123712 kB
Active:           316980 kB
Mem:          3.8G       3.7G       120M       5.7M        22M       3.2G

MemTotal:        4016004 kB
MemFree:          123712 kB
Active:           316996 kB
Mem:          3.8G       3.7G       120M       5.7M        22M       3.2G

MemTotal:        4016004 kB
MemFree:          123712 kB
Active:           317004 kB
Mem:          3.8G       3.7G       120M       5.7M        22M       3.2G

MemTotal:        4016004 kB
MemFree:          123960 kB
Active:           317040 kB
Mem:          3.8G       3.7G       121M       5.7M        22M       3.2G

MemTotal:        4016004 kB
MemFree:          124084 kB
Active:           317036 kB
Mem:          3.8G       3.7G       121M       5.7M        22M       3.2G

MemTotal:        4016004 kB
MemFree:          123960 kB
Active:           317036 kB
Mem:          3.8G       3.7G       121M       5.7M        22M       3.2G

MemTotal:        4016004 kB
MemFree:          124208 kB
Active:           317036 kB
Mem:          3.8G       3.7G       121M       5.7M        22M       3.2G

MemTotal:        4016004 kB
MemFree:          124208 kB
Active:           317024 kB
Mem:          3.8G       3.7G       121M       5.7M        22M       3.2G

MemTotal:        4016004 kB
MemFree:          123960 kB
Active:           317012 kB
Mem:          3.8G       3.7G       121M       5.7M        22M       3.2G

MemTotal:        4016004 kB
MemFree:          124208 kB
Active:           317036 kB
Mem:          3.8G       3.7G       121M       5.7M        22M       3.2G

MemTotal:        4016004 kB
MemFree:          124208 kB
Active:           317028 kB
Mem:          3.8G       3.7G       121M       5.7M        22M       3.2G

MemTotal:        4016004 kB
MemFree:          124208 kB
Active:           316988 kB
Mem:          3.8G       3.7G       121M       5.7M        22M       3.2G

MemTotal:        4016004 kB
MemFree:          123712 kB
Active:           317052 kB
Mem:          3.8G       3.7G       120M       5.7M        22M       3.2G

MemTotal:        4016004 kB
MemFree:          123960 kB
Active:           317000 kB
Mem:          3.8G       3.7G       120M       5.7M        22M       3.2G

MemTotal:        4016004 kB
MemFree:          124084 kB
Active:           317008 kB
Mem:          3.8G       3.7G       121M       5.7M        22M       3.2G

MemTotal:        4016004 kB
MemFree:          124580 kB
Active:           317004 kB
Mem:          3.8G       3.7G       121M       5.7M        22M       3.2G

MemTotal:        4016004 kB
MemFree:          124208 kB
Active:           317060 kB
Mem:          3.8G       3.7G       121M       5.7M        22M       3.2G

MemTotal:        4016004 kB
MemFree:          123712 kB
Active:           317060 kB
Mem:          3.8G       3.7G       120M       5.7M        22M       3.2G

MemTotal:        4016004 kB
MemFree:          123960 kB
Active:           317028 kB
Mem:          3.8G       3.7G       121M       5.7M        22M       3.2G

MemTotal:        4016004 kB
MemFree:          123712 kB
Active:           317016 kB
Mem:          3.8G       3.7G       121M       5.7M        22M       3.2G

MemTotal:        4016004 kB
MemFree:          123960 kB
Active:           317012 kB
Mem:          3.8G       3.7G       121M       5.7M        22M       3.2G

MemTotal:        4016004 kB
MemFree:          124332 kB
Active:           317016 kB
Mem:          3.8G       3.7G       121M       5.7M        22M       3.2G

MemTotal:        4016004 kB
MemFree:          123960 kB
Active:           317012 kB
Mem:          3.8G       3.7G       121M       5.7M        22M       3.2G

MemTotal:        4016004 kB
MemFree:          123712 kB
Active:           317012 kB
Mem:          3.8G       3.7G       120M       5.7M        22M       3.2G

MemTotal:        4016004 kB
MemFree:          123712 kB
Active:           317016 kB
Mem:          3.8G       3.7G       120M       5.7M        22M       3.2G

MemTotal:        4016004 kB
MemFree:          123836 kB
Active:           317028 kB
Mem:          3.8G       3.7G       120M       5.7M        22M       3.2G

MemTotal:        4016004 kB
MemFree:          123712 kB
Active:           317072 kB
Mem:          3.8G       3.7G       120M       5.7M        22M       3.2G

MemTotal:        4016004 kB
MemFree:          123712 kB
Active:           317032 kB
Mem:          3.8G       3.7G       120M       5.7M        22M       3.2G

MemTotal:        4016004 kB
MemFree:          123712 kB
Active:           317048 kB
Mem:          3.8G       3.7G       120M       5.7M        22M       3.2G

MemTotal:        4016004 kB
MemFree:          123960 kB
Active:           317048 kB
Mem:          3.8G       3.7G       121M       5.7M        22M       3.2G

MemTotal:        4016004 kB
MemFree:          123960 kB
Active:           317080 kB
Mem:          3.8G       3.7G       121M       5.7M        22M       3.2G

MemTotal:        4016004 kB
MemFree:          123960 kB
Active:           317080 kB
Mem:          3.8G       3.7G       121M       5.7M        22M       3.2G

MemTotal:        4016004 kB
MemFree:          124084 kB
Active:           317048 kB
Mem:          3.8G       3.7G       121M       5.7M        22M       3.2G

MemTotal:        4016004 kB
MemFree:          124084 kB
Active:           317052 kB
Mem:          3.8G       3.7G       121M       5.7M        22M       3.2G

MemTotal:        4016004 kB
MemFree:          123588 kB
Active:           317080 kB
Mem:          3.8G       3.7G       120M       5.7M        22M       3.2G

MemTotal:        4016004 kB
MemFree:          123712 kB
Active:           317080 kB
Mem:          3.8G       3.7G       121M       5.7M        22M       3.2G

MemTotal:        4016004 kB
MemFree:          124208 kB
Active:           317032 kB
Mem:          3.8G       3.7G       121M       5.7M        22M       3.2G

MemTotal:        4016004 kB
MemFree:          124332 kB
Active:           317032 kB
Mem:          3.8G       3.7G       121M       5.7M        22M       3.2G

MemTotal:        4016004 kB
MemFree:          124084 kB
Active:           317088 kB
Mem:          3.8G       3.7G       121M       5.7M        22M       3.2G

MemTotal:        4016004 kB
MemFree:          124208 kB
Active:           317060 kB
Mem:          3.8G       3.7G       121M       5.7M        22M       3.2G

MemTotal:        4016004 kB
MemFree:          124332 kB
Active:           317060 kB
Mem:          3.8G       3.7G       121M       5.7M        22M       3.2G

MemTotal:        4016004 kB
MemFree:          124084 kB
Active:           317088 kB
Mem:          3.8G       3.7G       121M       5.7M        22M       3.2G

MemTotal:        4016004 kB
MemFree:          124216 kB
Active:           317044 kB
Mem:          3.8G       3.7G       121M       5.7M        22M       3.2G

MemTotal:        4016004 kB
MemFree:          124216 kB
Active:           317088 kB
Mem:          3.8G       3.7G       121M       5.7M        22M       3.2G

MemTotal:        4016004 kB
MemFree:          124216 kB
Active:           317036 kB
Mem:          3.8G       3.7G       121M       5.7M        22M       3.2G

MemTotal:        4016004 kB
MemFree:          124092 kB
Active:           317060 kB
Mem:          3.8G       3.7G       121M       5.7M        22M       3.2G

MemTotal:        4016004 kB
MemFree:          124092 kB
Active:           317056 kB
Mem:          3.8G       3.7G       120M       5.7M        22M       3.2G

MemTotal:        4016004 kB
MemFree:          124216 kB
Active:           317056 kB
Mem:          3.8G       3.7G       120M       5.7M        22M       3.2G

MemTotal:        4016004 kB
MemFree:          124092 kB
Active:           317064 kB
Mem:          3.8G       3.7G       121M       5.7M        22M       3.2G

MemTotal:        4016004 kB
MemFree:          123968 kB
Active:           317112 kB
Mem:          3.8G       3.7G       120M       5.7M        22M       3.2G

MemTotal:        4016004 kB
MemFree:          123720 kB
Active:           317116 kB
Mem:          3.8G       3.7G       121M       5.7M        22M       3.2G

MemTotal:        4016004 kB
MemFree:          124092 kB
Active:           317108 kB
Mem:          3.8G       3.7G       121M       5.7M        22M       3.2G

MemTotal:        4016004 kB
MemFree:          123968 kB
Active:           317108 kB
Mem:          3.8G       3.7G       121M       5.7M        22M       3.2G

MemTotal:        4016004 kB
MemFree:          124092 kB
Active:           317108 kB
Mem:          3.8G       3.7G       121M       5.7M        22M       3.2G

MemTotal:        4016004 kB
MemFree:          124092 kB
Active:           317064 kB
Mem:          3.8G       3.7G       121M       5.7M        22M       3.2G

MemTotal:        4016004 kB
MemFree:          123844 kB
Active:           317096 kB
Mem:          3.8G       3.7G       120M       5.7M        22M       3.2G

MemTotal:        4016004 kB
MemFree:          123720 kB
Active:           317068 kB
Mem:          3.8G       3.7G       120M       5.7M        22M       3.2G

MemTotal:        4016004 kB
MemFree:          123844 kB
Active:           317116 kB
Mem:          3.8G       3.7G       120M       5.7M        22M       3.2G

MemTotal:        4016004 kB
MemFree:          124216 kB
Active:           317112 kB
Mem:          3.8G       3.7G       121M       5.7M        22M       3.2G

MemTotal:        4016004 kB
MemFree:          123720 kB
Active:           317136 kB
Mem:          3.8G       3.7G       120M       5.7M        22M       3.2G

MemTotal:        4016004 kB
MemFree:          124092 kB
Active:           317100 kB
Mem:          3.8G       3.7G       121M       5.7M        22M       3.2G

MemTotal:        4016004 kB
MemFree:          124092 kB
Active:           317100 kB
Mem:          3.8G       3.7G       121M       5.7M        22M       3.2G

MemTotal:        4016004 kB
MemFree:          124092 kB
Active:           317096 kB
Mem:          3.8G       3.7G       121M       5.7M        22M       3.2G

MemTotal:        4016004 kB
MemFree:          124092 kB
Active:           317096 kB
Mem:          3.8G       3.7G       121M       5.7M        22M       3.2G

MemTotal:        4016004 kB
MemFree:          124340 kB
Active:           317104 kB
Mem:          3.8G       3.7G       121M       5.7M        22M       3.2G

MemTotal:        4016004 kB
MemFree:          124216 kB
Active:           317092 kB
Mem:          3.8G       3.7G       121M       5.7M        22M       3.2G

MemTotal:        4016004 kB
MemFree:          124216 kB
Active:           317084 kB
Mem:          3.8G       3.7G       121M       5.7M        22M       3.2G

MemTotal:        4016004 kB
MemFree:          124340 kB
Active:           317132 kB
Mem:          3.8G       3.7G       121M       5.7M        22M       3.2G

MemTotal:        4016004 kB
MemFree:          124216 kB
Active:           317140 kB
Mem:          3.8G       3.7G       121M       5.7M        23M       3.2G

MemTotal:        4016004 kB
MemFree:          123720 kB
Active:           317132 kB
Mem:          3.8G       3.7G       120M       5.7M        23M       3.2G

MemTotal:        4016004 kB
MemFree:          123488 kB
Active:           317188 kB
Mem:          3.8G       3.7G       120M       5.7M        23M       3.2G

MemTotal:        4016004 kB
MemFree:          123984 kB
Active:           317148 kB
Mem:          3.8G       3.7G       121M       5.7M        23M       3.2G

MemTotal:        4016004 kB
MemFree:          123736 kB
Active:           317412 kB
Mem:          3.8G       3.7G       120M       5.7M        23M       3.2G

MemTotal:        4016004 kB
MemFree:          123596 kB
Active:           317208 kB
Mem:          3.8G       3.7G       120M       5.7M        23M       3.2G

MemTotal:        4016004 kB
MemFree:          123844 kB
Active:           317156 kB
Mem:          3.8G       3.7G       120M       5.7M        23M       3.2G

