MemTotal:        4016004 kB
MemFree:         3231984 kB
Active:           430012 kB
Mem:          3.8G       765M       3.1G       5.7M        55M       314M

MemTotal:        4016004 kB
MemFree:         3232580 kB
Active:           429828 kB
Mem:          3.8G       765M       3.1G       5.7M        55M       314M

MemTotal:        4016004 kB
MemFree:         3232688 kB
Active:           429948 kB
Mem:          3.8G       764M       3.1G       5.7M        55M       314M

MemTotal:        4016004 kB
MemFree:         3232672 kB
Active:           429948 kB
Mem:          3.8G       764M       3.1G       5.7M        55M       314M

MemTotal:        4016004 kB
MemFree:         3232160 kB
Active:           429956 kB
Mem:          3.8G       765M       3.1G       5.7M        55M       314M

MemTotal:        4016004 kB
MemFree:         3232392 kB
Active:           429936 kB
Mem:          3.8G       765M       3.1G       5.7M        55M       314M

MemTotal:        4016004 kB
MemFree:         3232516 kB
Active:           429924 kB
Mem:          3.8G       765M       3.1G       5.7M        55M       314M

MemTotal:        4016004 kB
MemFree:         3232584 kB
Active:           429924 kB
Mem:          3.8G       765M       3.1G       5.7M        55M       314M

MemTotal:        4016004 kB
MemFree:         3232196 kB
Active:           429964 kB
Mem:          3.8G       765M       3.1G       5.7M        55M       314M

MemTotal:        4016004 kB
MemFree:         3232568 kB
Active:           429948 kB
Mem:          3.8G       764M       3.1G       5.7M        55M       314M

MemTotal:        4016004 kB
MemFree:         3232692 kB
Active:           429956 kB
Mem:          3.8G       764M       3.1G       5.7M        55M       314M

MemTotal:        4016004 kB
MemFree:         3232444 kB
Active:           429972 kB
Mem:          3.8G       765M       3.1G       5.7M        55M       314M

MemTotal:        4016004 kB
MemFree:         3232816 kB
Active:           429952 kB
Mem:          3.8G       764M       3.1G       5.7M        55M       314M

MemTotal:        4016004 kB
MemFree:         3232676 kB
Active:           429944 kB
Mem:          3.8G       764M       3.1G       5.7M        55M       314M

MemTotal:        4016004 kB
MemFree:         3232896 kB
Active:           429928 kB
Mem:          3.8G       764M       3.1G       5.7M        55M       314M

MemTotal:        4016004 kB
MemFree:         3234820 kB
Active:           428040 kB
Mem:          3.8G       763M       3.1G       5.7M        55M       314M

MemTotal:        4016004 kB
MemFree:         3234896 kB
Active:           427940 kB
Mem:          3.8G       763M       3.1G       5.7M        55M       314M

MemTotal:        4016004 kB
MemFree:         3234756 kB
Active:           427920 kB
Mem:          3.8G       762M       3.1G       5.7M        55M       314M

MemTotal:        4016004 kB
MemFree:         3232444 kB
Active:           427948 kB
Mem:          3.8G       764M       3.1G       5.7M        55M       314M

MemTotal:        4016004 kB
MemFree:         3232676 kB
Active:           429948 kB
Mem:          3.8G       765M       3.1G       5.7M        55M       314M

MemTotal:        4016004 kB
MemFree:         3232908 kB
Active:           429956 kB
Mem:          3.8G       764M       3.1G       5.7M        55M       314M

MemTotal:        4016004 kB
MemFree:         3232892 kB
Active:           429928 kB
Mem:          3.8G       764M       3.1G       5.7M        55M       314M

MemTotal:        4016004 kB
MemFree:         3232520 kB
Active:           429980 kB
Mem:          3.8G       765M       3.1G       5.7M        55M       314M

MemTotal:        4016004 kB
MemFree:         3232520 kB
Active:           429964 kB
Mem:          3.8G       765M       3.1G       5.7M        55M       314M

MemTotal:        4016004 kB
MemFree:         3232520 kB
Active:           429944 kB
Mem:          3.8G       765M       3.1G       5.7M        55M       314M

MemTotal:        4016004 kB
MemFree:         3232024 kB
Active:           429980 kB
Mem:          3.8G       765M       3.1G       5.7M        55M       314M

MemTotal:        4016004 kB
MemFree:         3232396 kB
Active:           429968 kB
Mem:          3.8G       765M       3.1G       5.7M        55M       314M

MemTotal:        4016004 kB
MemFree:         3232396 kB
Active:           429976 kB
Mem:          3.8G       765M       3.1G       5.7M        55M       314M

MemTotal:        4016004 kB
MemFree:         3232256 kB
Active:           429956 kB
Mem:          3.8G       765M       3.1G       5.7M        55M       314M

MemTotal:        4016004 kB
MemFree:         3232364 kB
Active:           429976 kB
Mem:          3.8G       765M       3.1G       5.7M        55M       314M

MemTotal:        4016004 kB
MemFree:         3232520 kB
Active:           429976 kB
Mem:          3.8G       765M       3.1G       5.7M        55M       314M

MemTotal:        4016004 kB
MemFree:         3232520 kB
Active:           429960 kB
Mem:          3.8G       764M       3.1G       5.7M        55M       314M

MemTotal:        4016004 kB
MemFree:         3232892 kB
Active:           429952 kB
Mem:          3.8G       764M       3.1G       5.7M        55M       314M

MemTotal:        4016004 kB
MemFree:         3232768 kB
Active:           429960 kB
Mem:          3.8G       764M       3.1G       5.7M        55M       314M

MemTotal:        4016004 kB
MemFree:         3232752 kB
Active:           429952 kB
Mem:          3.8G       764M       3.1G       5.7M        55M       314M

MemTotal:        4016004 kB
MemFree:         3232984 kB
Active:           429992 kB
Mem:          3.8G       764M       3.1G       5.7M        55M       314M

MemTotal:        4016004 kB
MemFree:         3232892 kB
Active:           429996 kB
Mem:          3.8G       764M       3.1G       5.7M        55M       314M

MemTotal:        4016004 kB
MemFree:         3232892 kB
Active:           429992 kB
Mem:          3.8G       764M       3.1G       5.7M        55M       314M

MemTotal:        4016004 kB
MemFree:         3232324 kB
Active:           428024 kB
Mem:          3.8G       765M       3.1G       5.7M        55M       314M

MemTotal:        4016004 kB
MemFree:         3232084 kB
Active:           430020 kB
Mem:          3.8G       765M       3.1G       5.7M        55M       314M

MemTotal:        4016004 kB
MemFree:         3232440 kB
Active:           430008 kB
Mem:          3.8G       765M       3.1G       5.7M        55M       314M

MemTotal:        4016004 kB
MemFree:         3231804 kB
Active:           430028 kB
Mem:          3.8G       765M       3.1G       5.7M        55M       314M

MemTotal:        4016004 kB
MemFree:         3231912 kB
Active:           430032 kB
Mem:          3.8G       765M       3.1G       5.7M        55M       314M

MemTotal:        4016004 kB
MemFree:         3231664 kB
Active:           430032 kB
Mem:          3.8G       765M       3.1G       5.7M        55M       314M

MemTotal:        4016004 kB
MemFree:         3232208 kB
Active:           430004 kB
Mem:          3.8G       765M       3.1G       5.7M        55M       314M

MemTotal:        4016004 kB
MemFree:         3232208 kB
Active:           430020 kB
Mem:          3.8G       765M       3.1G       5.7M        55M       314M

MemTotal:        4016004 kB
MemFree:         3232208 kB
Active:           429988 kB
Mem:          3.8G       765M       3.1G       5.7M        55M       314M

MemTotal:        4016004 kB
MemFree:         3232208 kB
Active:           430020 kB
Mem:          3.8G       765M       3.1G       5.7M        55M       314M

MemTotal:        4016004 kB
MemFree:         3232952 kB
Active:           430000 kB
Mem:          3.8G       764M       3.1G       5.7M        55M       314M

MemTotal:        4016004 kB
MemFree:         3232688 kB
Active:           429996 kB
Mem:          3.8G       764M       3.1G       5.7M        55M       314M

MemTotal:        4016004 kB
MemFree:         3232984 kB
Active:           430016 kB
Mem:          3.8G       764M       3.1G       5.7M        55M       314M

MemTotal:        4016004 kB
MemFree:         3232860 kB
Active:           430000 kB
Mem:          3.8G       764M       3.1G       5.7M        55M       314M

MemTotal:        4016004 kB
MemFree:         3232860 kB
Active:           430032 kB
Mem:          3.8G       764M       3.1G       5.7M        55M       314M

MemTotal:        4016004 kB
MemFree:         3232456 kB
Active:           430040 kB
Mem:          3.8G       765M       3.1G       5.7M        55M       314M

MemTotal:        4016004 kB
MemFree:         3232812 kB
Active:           430020 kB
Mem:          3.8G       764M       3.1G       5.7M        55M       314M

MemTotal:        4016004 kB
MemFree:         3232844 kB
Active:           430016 kB
Mem:          3.8G       764M       3.1G       5.7M        55M       314M

MemTotal:        4016004 kB
MemFree:         3232596 kB
Active:           430056 kB
Mem:          3.8G       765M       3.1G       5.7M        55M       314M

MemTotal:        4016004 kB
MemFree:         3232472 kB
Active:           430044 kB
Mem:          3.8G       765M       3.1G       5.7M        55M       314M

MemTotal:        4016004 kB
MemFree:         3232224 kB
Active:           430076 kB
Mem:          3.8G       765M       3.1G       5.7M        55M       314M

MemTotal:        4016004 kB
MemFree:         3232456 kB
Active:           430028 kB
Mem:          3.8G       765M       3.1G       5.7M        55M       314M

MemTotal:        4016004 kB
MemFree:         3232316 kB
Active:           430064 kB
Mem:          3.8G       765M       3.1G       5.7M        55M       314M

MemTotal:        4016004 kB
MemFree:         3232348 kB
Active:           430044 kB
Mem:          3.8G       765M       3.1G       5.7M        55M       314M

MemTotal:        4016004 kB
MemFree:         3231976 kB
Active:           430084 kB
Mem:          3.8G       765M       3.1G       5.7M        55M       314M

MemTotal:        4016004 kB
MemFree:         3231852 kB
Active:           430084 kB
Mem:          3.8G       765M       3.1G       5.7M        55M       314M

MemTotal:        4016004 kB
MemFree:         3232100 kB
Active:           430036 kB
Mem:          3.8G       765M       3.1G       5.7M        55M       314M

MemTotal:        4016004 kB
MemFree:         3232100 kB
Active:           430084 kB
Mem:          3.8G       765M       3.1G       5.7M        55M       314M

MemTotal:        4016004 kB
MemFree:         3232472 kB
Active:           430044 kB
Mem:          3.8G       765M       3.1G       5.7M        55M       314M

MemTotal:        4016004 kB
MemFree:         3232596 kB
Active:           430056 kB
Mem:          3.8G       765M       3.1G       5.7M        55M       314M

MemTotal:        4016004 kB
MemFree:         3230532 kB
Active:           430044 kB
Mem:          3.8G       767M       3.1G       5.7M        55M       314M

MemTotal:        4016004 kB
MemFree:         3230704 kB
Active:           432072 kB
Mem:          3.8G       767M       3.1G       5.7M        55M       314M

MemTotal:        4016004 kB
MemFree:         3230580 kB
Active:           432068 kB
Mem:          3.8G       766M       3.1G       5.7M        55M       314M

MemTotal:        4016004 kB
MemFree:         3230828 kB
Active:           432104 kB
Mem:          3.8G       766M       3.1G       5.7M        55M       314M

MemTotal:        4016004 kB
MemFree:         3230300 kB
Active:           432112 kB
Mem:          3.8G       767M       3.1G       5.7M        55M       314M

MemTotal:        4016004 kB
MemFree:         3230176 kB
Active:           432112 kB
Mem:          3.8G       767M       3.1G       5.7M        55M       314M

MemTotal:        4016004 kB
MemFree:         3230192 kB
Active:           432112 kB
Mem:          3.8G       767M       3.1G       5.7M        55M       314M

MemTotal:        4016004 kB
MemFree:         3230316 kB
Active:           432096 kB
Mem:          3.8G       767M       3.1G       5.7M        55M       314M

MemTotal:        4016004 kB
MemFree:         3229696 kB
Active:           432120 kB
Mem:          3.8G       767M       3.1G       5.7M        55M       314M

MemTotal:        4016004 kB
MemFree:         3230192 kB
Active:           432112 kB
Mem:          3.8G       767M       3.1G       5.7M        55M       314M

MemTotal:        4016004 kB
MemFree:         3230068 kB
Active:           432096 kB
Mem:          3.8G       767M       3.1G       5.7M        55M       314M

MemTotal:        4016004 kB
MemFree:         3230316 kB
Active:           432092 kB
Mem:          3.8G       767M       3.1G       5.7M        55M       314M

MemTotal:        4016004 kB
MemFree:         3229820 kB
Active:           432120 kB
Mem:          3.8G       767M       3.1G       5.7M        55M       314M

MemTotal:        4016004 kB
MemFree:         3230440 kB
Active:           432088 kB
Mem:          3.8G       767M       3.1G       5.7M        55M       314M

MemTotal:        4016004 kB
MemFree:         3230408 kB
Active:           432128 kB
Mem:          3.8G       767M       3.1G       5.7M        55M       314M

MemTotal:        4016004 kB
MemFree:         3230640 kB
Active:           432112 kB
Mem:          3.8G       766M       3.1G       5.7M        55M       314M

MemTotal:        4016004 kB
MemFree:         3230376 kB
Active:           432140 kB
Mem:          3.8G       767M       3.1G       5.7M        55M       314M

MemTotal:        4016004 kB
MemFree:         3230812 kB
Active:           432120 kB
Mem:          3.8G       766M       3.1G       5.7M        55M       314M

MemTotal:        4016004 kB
MemFree:         3230564 kB
Active:           432140 kB
Mem:          3.8G       767M       3.1G       5.7M        55M       314M

MemTotal:        4016004 kB
MemFree:         3230936 kB
Active:           432128 kB
Mem:          3.8G       766M       3.1G       5.7M        55M       314M

MemTotal:        4016004 kB
MemFree:         3230936 kB
Active:           432140 kB
Mem:          3.8G       766M       3.1G       5.7M        55M       314M

MemTotal:        4016004 kB
MemFree:         3230844 kB
Active:           432144 kB
Mem:          3.8G       766M       3.1G       5.7M        55M       314M

MemTotal:        4016004 kB
MemFree:         3230224 kB
Active:           432148 kB
Mem:          3.8G       767M       3.1G       5.7M        55M       314M

MemTotal:        4016004 kB
MemFree:         3230100 kB
Active:           432148 kB
Mem:          3.8G       767M       3.1G       5.7M        55M       314M

MemTotal:        4016004 kB
MemFree:         3230100 kB
Active:           432128 kB
Mem:          3.8G       767M       3.1G       5.7M        55M       314M

MemTotal:        4016004 kB
MemFree:         3229836 kB
Active:           432148 kB
Mem:          3.8G       767M       3.1G       5.7M        55M       314M

MemTotal:        4016004 kB
MemFree:         3229696 kB
Active:           432148 kB
Mem:          3.8G       767M       3.1G       5.7M        55M       314M

MemTotal:        4016004 kB
MemFree:         3230100 kB
Active:           432112 kB
Mem:          3.8G       767M       3.1G       5.7M        55M       314M

MemTotal:        4016004 kB
MemFree:         3229976 kB
Active:           432096 kB
Mem:          3.8G       767M       3.1G       5.7M        55M       314M

MemTotal:        4016004 kB
MemFree:         3229976 kB
Active:           432128 kB
Mem:          3.8G       767M       3.1G       5.7M        55M       314M

MemTotal:        4016004 kB
MemFree:         3229720 kB
Active:           430276 kB
Mem:          3.8G       767M       3.1G       5.7M        55M       314M

MemTotal:        4016004 kB
MemFree:         3229844 kB
Active:           432244 kB
Mem:          3.8G       767M       3.1G       5.7M        55M       314M

MemTotal:        4016004 kB
MemFree:         3229348 kB
Active:           432260 kB
Mem:          3.8G       768M       3.1G       5.7M        55M       314M

MemTotal:        4016004 kB
MemFree:         3188436 kB
Active:           432724 kB
Mem:          3.8G       808M       3.0G       5.7M        55M       354M

MemTotal:        4016004 kB
MemFree:         3144304 kB
Active:           432816 kB
Mem:          3.8G       851M       3.0G       5.7M        55M       397M

MemTotal:        4016004 kB
MemFree:         3099800 kB
Active:           432840 kB
Mem:          3.8G       894M       3.0G       5.7M        55M       439M

MemTotal:        4016004 kB
MemFree:         3055560 kB
Active:           432868 kB
Mem:          3.8G       938M       2.9G       5.7M        55M       481M

MemTotal:        4016004 kB
MemFree:         3011940 kB
Active:           432888 kB
Mem:          3.8G       981M       2.9G       5.7M        55M       524M

MemTotal:        4016004 kB
MemFree:         2967700 kB
Active:           432912 kB
Mem:          3.8G       1.0G       2.8G       5.7M        55M       566M

MemTotal:        4016004 kB
MemFree:         2923692 kB
Active:           432940 kB
Mem:          3.8G       1.0G       2.8G       5.7M        55M       608M

MemTotal:        4016004 kB
MemFree:         2880372 kB
Active:           433092 kB
Mem:          3.8G       1.1G       2.7G       5.7M        55M       650M

MemTotal:        4016004 kB
MemFree:         2836196 kB
Active:           433004 kB
Mem:          3.8G       1.1G       2.7G       5.7M        55M       692M

MemTotal:        4016004 kB
MemFree:         2791940 kB
Active:           433028 kB
Mem:          3.8G       1.2G       2.7G       5.7M        55M       735M

MemTotal:        4016004 kB
MemFree:         2749060 kB
Active:           433052 kB
Mem:          3.8G       1.2G       2.6G       5.7M        55M       776M

MemTotal:        4016004 kB
MemFree:         2725020 kB
Active:           433088 kB
Mem:          3.8G       1.2G       2.6G       5.7M        55M       799M

MemTotal:        4016004 kB
MemFree:         2681184 kB
Active:           433104 kB
Mem:          3.8G       1.3G       2.6G       5.7M        55M       841M

MemTotal:        4016004 kB
MemFree:         2675000 kB
Active:           433124 kB
Mem:          3.8G       1.3G       2.6G       5.7M        55M       847M

MemTotal:        4016004 kB
MemFree:         2631380 kB
Active:           433140 kB
Mem:          3.8G       1.3G       2.5G       5.7M        55M       889M

MemTotal:        4016004 kB
MemFree:         2588536 kB
Active:           433164 kB
Mem:          3.8G       1.4G       2.5G       5.7M        55M       930M

MemTotal:        4016004 kB
MemFree:         2588016 kB
Active:           433188 kB
Mem:          3.8G       1.4G       2.5G       5.7M        55M       930M

MemTotal:        4016004 kB
MemFree:         2563324 kB
Active:           433188 kB
Mem:          3.8G       1.4G       2.4G       5.7M        55M       955M

MemTotal:        4016004 kB
MemFree:         2518944 kB
Active:           433204 kB
Mem:          3.8G       1.4G       2.4G       5.7M        55M       997M

MemTotal:        4016004 kB
MemFree:         2474828 kB
Active:           433228 kB
Mem:          3.8G       1.5G       2.4G       5.7M        55M       1.0G

MemTotal:        4016004 kB
MemFree:         2430712 kB
Active:           433252 kB
Mem:          3.8G       1.5G       2.3G       5.7M        55M       1.1G

MemTotal:        4016004 kB
MemFree:         2386348 kB
Active:           433280 kB
Mem:          3.8G       1.6G       2.3G       5.7M        55M       1.1G

MemTotal:        4016004 kB
MemFree:         2342108 kB
Active:           433304 kB
Mem:          3.8G       1.6G       2.2G       5.7M        55M       1.1G

MemTotal:        4016004 kB
MemFree:         2322468 kB
Active:           433324 kB
Mem:          3.8G       1.6G       2.2G       5.7M        55M       1.2G

MemTotal:        4016004 kB
MemFree:         2289532 kB
Active:           433340 kB
Mem:          3.8G       1.6G       2.2G       5.7M        55M       1.2G

MemTotal:        4016004 kB
MemFree:         2245572 kB
Active:           433364 kB
Mem:          3.8G       1.7G       2.1G       5.7M        55M       1.2G

MemTotal:        4016004 kB
MemFree:         2221876 kB
Active:           433396 kB
Mem:          3.8G       1.7G       2.1G       5.7M        55M       1.3G

MemTotal:        4016004 kB
MemFree:         2220648 kB
Active:           433408 kB
Mem:          3.8G       1.7G       2.1G       5.7M        55M       1.3G

MemTotal:        4016004 kB
MemFree:         2194652 kB
Active:           433420 kB
Mem:          3.8G       1.7G       2.1G       5.7M        55M       1.3G

MemTotal:        4016004 kB
MemFree:         2150384 kB
Active:           433448 kB
Mem:          3.8G       1.8G       2.1G       5.7M        55M       1.3G

MemTotal:        4016004 kB
MemFree:         2107048 kB
Active:           433468 kB
Mem:          3.8G       1.8G       2.0G       5.7M        56M       1.4G

MemTotal:        4016004 kB
MemFree:         2062840 kB
Active:           433496 kB
Mem:          3.8G       1.9G       2.0G       5.7M        56M       1.4G

MemTotal:        4016004 kB
MemFree:         2018584 kB
Active:           433516 kB
Mem:          3.8G       1.9G       1.9G       5.7M        56M       1.4G

MemTotal:        4016004 kB
MemFree:         1974468 kB
Active:           433540 kB
Mem:          3.8G       1.9G       1.9G       5.7M        56M       1.5G

MemTotal:        4016004 kB
MemFree:         1930104 kB
Active:           433568 kB
Mem:          3.8G       2.0G       1.8G       5.7M        56M       1.5G

MemTotal:        4016004 kB
MemFree:         1886112 kB
Active:           433592 kB
Mem:          3.8G       2.0G       1.8G       5.7M        56M       1.6G

MemTotal:        4016004 kB
MemFree:         1841500 kB
Active:           433624 kB
Mem:          3.8G       2.1G       1.8G       5.7M        56M       1.6G

MemTotal:        4016004 kB
MemFree:         1798008 kB
Active:           433644 kB
Mem:          3.8G       2.1G       1.7G       5.7M        56M       1.7G

MemTotal:        4016004 kB
MemFree:         1771380 kB
Active:           433668 kB
Mem:          3.8G       2.1G       1.7G       5.7M        56M       1.7G

MemTotal:        4016004 kB
MemFree:         1759164 kB
Active:           433712 kB
Mem:          3.8G       2.2G       1.7G       5.7M        56M       1.7G

MemTotal:        4016004 kB
MemFree:         1715668 kB
Active:           433776 kB
Mem:          3.8G       2.2G       1.6G       5.7M        56M       1.7G

MemTotal:        4016004 kB
MemFree:         1715224 kB
Active:           433800 kB
Mem:          3.8G       2.2G       1.6G       5.7M        56M       1.7G

MemTotal:        4016004 kB
MemFree:         1702844 kB
Active:           433800 kB
Mem:          3.8G       2.2G       1.6G       5.7M        56M       1.7G

MemTotal:        4016004 kB
MemFree:         1658420 kB
Active:           433812 kB
Mem:          3.8G       2.2G       1.6G       5.7M        56M       1.8G

MemTotal:        4016004 kB
MemFree:         1614428 kB
Active:           433836 kB
Mem:          3.8G       2.3G       1.5G       5.7M        56M       1.8G

MemTotal:        4016004 kB
MemFree:         1571180 kB
Active:           433856 kB
Mem:          3.8G       2.3G       1.5G       5.7M        56M       1.9G

MemTotal:        4016004 kB
MemFree:         1526568 kB
Active:           433888 kB
Mem:          3.8G       2.4G       1.5G       5.7M        56M       1.9G

MemTotal:        4016004 kB
MemFree:         1480376 kB
Active:           435956 kB
Mem:          3.8G       2.4G       1.4G       5.7M        56M       1.9G

MemTotal:        4016004 kB
MemFree:         1436216 kB
Active:           435952 kB
Mem:          3.8G       2.5G       1.4G       5.7M        56M       2.0G

MemTotal:        4016004 kB
MemFree:         1391648 kB
Active:           435976 kB
Mem:          3.8G       2.5G       1.3G       5.7M        56M       2.0G

MemTotal:        4016004 kB
MemFree:         1348120 kB
Active:           436000 kB
Mem:          3.8G       2.5G       1.3G       5.7M        56M       2.1G

MemTotal:        4016004 kB
MemFree:         1315280 kB
Active:           436032 kB
Mem:          3.8G       2.6G       1.3G       5.7M        56M       2.1G

MemTotal:        4016004 kB
MemFree:         1293080 kB
Active:           436056 kB
Mem:          3.8G       2.6G       1.2G       5.7M        56M       2.1G

MemTotal:        4016004 kB
MemFree:         1249336 kB
Active:           436076 kB
Mem:          3.8G       2.6G       1.2G       5.7M        56M       2.2G

MemTotal:        4016004 kB
MemFree:         1205252 kB
Active:           436208 kB
Mem:          3.8G       2.7G       1.1G       5.7M        56M       2.2G

MemTotal:        4016004 kB
MemFree:         1163132 kB
Active:           436200 kB
Mem:          3.8G       2.7G       1.1G       5.7M        56M       2.2G

MemTotal:        4016004 kB
MemFree:         1121636 kB
Active:           436248 kB
Mem:          3.8G       2.8G       1.1G       5.7M        56M       2.3G

MemTotal:        4016004 kB
MemFree:         1077256 kB
Active:           436224 kB
Mem:          3.8G       2.8G       1.0G       5.7M        56M       2.3G

MemTotal:        4016004 kB
MemFree:         1033140 kB
Active:           436320 kB
Mem:          3.8G       2.8G       1.0G       5.7M        56M       2.4G

MemTotal:        4016004 kB
MemFree:          989148 kB
Active:           436340 kB
Mem:          3.8G       2.9G       965M       5.7M        56M       2.4G

MemTotal:        4016004 kB
MemFree:          946488 kB
Active:           436364 kB
Mem:          3.8G       2.9G       923M       5.7M        56M       2.4G

MemTotal:        4016004 kB
MemFree:          931920 kB
Active:           436404 kB
Mem:          3.8G       2.9G       909M       5.7M        56M       2.5G

MemTotal:        4016004 kB
MemFree:          887804 kB
Active:           436432 kB
Mem:          3.8G       3.0G       866M       5.7M        56M       2.5G

MemTotal:        4016004 kB
MemFree:          842948 kB
Active:           436360 kB
Mem:          3.8G       3.0G       822M       5.7M        56M       2.5G

MemTotal:        4016004 kB
MemFree:          798484 kB
Active:           436424 kB
Mem:          3.8G       3.1G       779M       5.7M        56M       2.6G

MemTotal:        4016004 kB
MemFree:          755752 kB
Active:           436524 kB
Mem:          3.8G       3.1G       737M       5.7M        56M       2.6G

MemTotal:        4016004 kB
MemFree:          755648 kB
Active:           436508 kB
Mem:          3.8G       3.1G       737M       5.7M        56M       2.6G

MemTotal:        4016004 kB
MemFree:          726384 kB
Active:           438456 kB
Mem:          3.8G       3.1G       709M       5.7M        56M       2.7G

MemTotal:        4016004 kB
MemFree:          682144 kB
Active:           438480 kB
Mem:          3.8G       3.2G       665M       5.7M        56M       2.7G

MemTotal:        4016004 kB
MemFree:          638152 kB
Active:           438500 kB
Mem:          3.8G       3.2G       622M       5.7M        56M       2.7G

MemTotal:        4016004 kB
MemFree:          594036 kB
Active:           438528 kB
Mem:          3.8G       3.3G       579M       5.7M        56M       2.8G

MemTotal:        4016004 kB
MemFree:          549920 kB
Active:           438552 kB
Mem:          3.8G       3.3G       536M       5.7M        56M       2.8G

MemTotal:        4016004 kB
MemFree:          505916 kB
Active:           438576 kB
Mem:          3.8G       3.3G       493M       5.7M        56M       2.9G

MemTotal:        4016004 kB
MemFree:          461632 kB
Active:           438596 kB
Mem:          3.8G       3.4G       450M       5.7M        56M       2.9G

MemTotal:        4016004 kB
MemFree:          417660 kB
Active:           438616 kB
Mem:          3.8G       3.4G       407M       5.7M        56M       2.9G

MemTotal:        4016004 kB
MemFree:          373236 kB
Active:           438648 kB
Mem:          3.8G       3.5G       364M       5.7M        56M       3.0G

MemTotal:        4016004 kB
MemFree:          352148 kB
Active:           438668 kB
Mem:          3.8G       3.5G       343M       5.7M        56M       3.0G

MemTotal:        4016004 kB
MemFree:          343880 kB
Active:           438684 kB
Mem:          3.8G       3.5G       335M       5.7M        56M       3.0G

MemTotal:        4016004 kB
MemFree:          299808 kB
Active:           438536 kB
Mem:          3.8G       3.5G       292M       5.7M        56M       3.1G

MemTotal:        4016004 kB
MemFree:          256388 kB
Active:           438560 kB
Mem:          3.8G       3.6G       249M       5.7M        57M       3.1G

MemTotal:        4016004 kB
MemFree:          212088 kB
Active:           438588 kB
Mem:          3.8G       3.6G       206M       5.7M        57M       3.1G

MemTotal:        4016004 kB
MemFree:          167956 kB
Active:           438608 kB
Mem:          3.8G       3.7G       163M       5.7M        57M       3.2G

MemTotal:        4016004 kB
MemFree:          123592 kB
Active:           438636 kB
Mem:          3.8G       3.7G       120M       5.7M        57M       3.2G

MemTotal:        4016004 kB
MemFree:          115684 kB
Active:           435544 kB
Mem:          3.8G       3.7G       111M       5.7M        24M       3.3G

MemTotal:        4016004 kB
MemFree:          134436 kB
Active:           457976 kB
Mem:          3.8G       3.7G       129M       5.7M        21M       3.2G

MemTotal:        4016004 kB
MemFree:          148436 kB
Active:           498816 kB
Mem:          3.8G       3.7G       142M       5.7M        21M       3.2G

MemTotal:        4016004 kB
MemFree:          138752 kB
Active:           498840 kB
Mem:          3.8G       3.7G       134M       5.7M        21M       3.2G

MemTotal:        4016004 kB
MemFree:          129400 kB
Active:           495728 kB
Mem:          3.8G       3.7G       125M       5.7M        21M       3.2G

MemTotal:        4016004 kB
MemFree:          108744 kB
Active:           495740 kB
Mem:          3.8G       3.7G       105M       5.7M        21M       3.3G

MemTotal:        4016004 kB
MemFree:          109928 kB
Active:           492308 kB
Mem:          3.8G       3.7G       106M       5.7M        21M       3.3G

MemTotal:        4016004 kB
MemFree:          127496 kB
Active:           486956 kB
Mem:          3.8G       3.7G       124M       5.7M        21M       3.2G

MemTotal:        4016004 kB
MemFree:          127440 kB
Active:           486964 kB
Mem:          3.8G       3.7G       124M       5.7M        21M       3.2G

MemTotal:        4016004 kB
MemFree:          127976 kB
Active:           485184 kB
Mem:          3.8G       3.7G       124M       5.7M        21M       3.2G

MemTotal:        4016004 kB
MemFree:          126308 kB
Active:           474572 kB
Mem:          3.8G       3.7G       123M       5.7M        22M       3.2G

MemTotal:        4016004 kB
MemFree:          112696 kB
Active:           471520 kB
Mem:          3.8G       3.7G       109M       5.7M        22M       3.3G

MemTotal:        4016004 kB
MemFree:          127960 kB
Active:           460284 kB
Mem:          3.8G       3.7G       124M       5.7M        22M       3.2G

MemTotal:        4016004 kB
MemFree:          120564 kB
Active:           456732 kB
Mem:          3.8G       3.7G       117M       5.7M        22M       3.3G

MemTotal:        4016004 kB
MemFree:          124480 kB
Active:           450980 kB
Mem:          3.8G       3.7G       121M       5.7M        22M       3.2G

MemTotal:        4016004 kB
MemFree:          111588 kB
Active:           449460 kB
Mem:          3.8G       3.7G       108M       5.7M        22M       3.3G

MemTotal:        4016004 kB
MemFree:          120176 kB
Active:           448212 kB
Mem:          3.8G       3.7G       116M       5.7M        22M       3.3G

MemTotal:        4016004 kB
MemFree:          130000 kB
Active:           446568 kB
Mem:          3.8G       3.7G       125M       5.7M        22M       3.2G

MemTotal:        4016004 kB
MemFree:          118520 kB
Active:           446576 kB
Mem:          3.8G       3.7G       115M       5.7M        22M       3.3G

MemTotal:        4016004 kB
MemFree:          137384 kB
Active:           443384 kB
Mem:          3.8G       3.7G       133M       5.7M        22M       3.2G

MemTotal:        4016004 kB
MemFree:          129200 kB
Active:           442256 kB
Mem:          3.8G       3.7G       125M       5.7M        22M       3.2G

MemTotal:        4016004 kB
MemFree:          130536 kB
Active:           441252 kB
Mem:          3.8G       3.7G       127M       5.7M        22M       3.2G

MemTotal:        4016004 kB
MemFree:          108512 kB
Active:           441272 kB
Mem:          3.8G       3.7G       105M       5.7M        22M       3.3G

MemTotal:        4016004 kB
MemFree:          117948 kB
Active:           439248 kB
Mem:          3.8G       3.7G       114M       5.7M        22M       3.3G

MemTotal:        4016004 kB
MemFree:          108856 kB
Active:           435556 kB
Mem:          3.8G       3.7G       105M       5.7M        22M       3.3G

MemTotal:        4016004 kB
MemFree:          118556 kB
Active:           431544 kB
Mem:          3.8G       3.7G       115M       5.7M        22M       3.3G

MemTotal:        4016004 kB
MemFree:          109392 kB
Active:           430420 kB
Mem:          3.8G       3.7G       106M       5.7M        22M       3.3G

MemTotal:        4016004 kB
MemFree:          125168 kB
Active:           424692 kB
Mem:          3.8G       3.7G       121M       5.7M        22M       3.2G

MemTotal:        4016004 kB
MemFree:          127352 kB
Active:           422920 kB
Mem:          3.8G       3.7G       124M       5.7M        22M       3.2G

MemTotal:        4016004 kB
MemFree:          127304 kB
Active:           421784 kB
Mem:          3.8G       3.7G       123M       5.7M        22M       3.2G

MemTotal:        4016004 kB
MemFree:          124964 kB
Active:           421796 kB
Mem:          3.8G       3.7G       121M       5.7M        22M       3.2G

MemTotal:        4016004 kB
MemFree:          118864 kB
Active:           421812 kB
Mem:          3.8G       3.7G       115M       5.7M        22M       3.3G

MemTotal:        4016004 kB
MemFree:          118308 kB
Active:           421816 kB
Mem:          3.8G       3.7G       115M       5.7M        22M       3.3G

MemTotal:        4016004 kB
MemFree:          108332 kB
Active:           421824 kB
Mem:          3.8G       3.7G       105M       5.7M        22M       3.3G

MemTotal:        4016004 kB
MemFree:          124712 kB
Active:           420052 kB
Mem:          3.8G       3.7G       121M       5.7M        22M       3.2G

MemTotal:        4016004 kB
MemFree:          104652 kB
Active:           419440 kB
Mem:          3.8G       3.7G       124M       5.7M        22M       3.2G

MemTotal:        4016004 kB
MemFree:          125124 kB
Active:           417292 kB
Mem:          3.8G       3.7G       122M       5.7M        22M       3.2G

MemTotal:        4016004 kB
MemFree:          110768 kB
Active:           416296 kB
Mem:          3.8G       3.7G       107M       5.7M        22M       3.3G

MemTotal:        4016004 kB
MemFree:          126264 kB
Active:           414656 kB
Mem:          3.8G       3.7G       122M       5.7M        22M       3.2G

MemTotal:        4016004 kB
MemFree:          123580 kB
Active:           413016 kB
Mem:          3.8G       3.7G       119M       5.7M        22M       3.3G

MemTotal:        4016004 kB
MemFree:          113688 kB
Active:           411884 kB
Mem:          3.8G       3.7G       110M       5.7M        22M       3.3G

MemTotal:        4016004 kB
MemFree:          135564 kB
Active:           410236 kB
Mem:          3.8G       3.7G       132M       5.7M        22M       3.2G

MemTotal:        4016004 kB
MemFree:          135404 kB
Active:           409104 kB
Mem:          3.8G       3.7G       132M       5.7M        22M       3.2G

MemTotal:        4016004 kB
MemFree:          116380 kB
Active:           409116 kB
Mem:          3.8G       3.7G       113M       5.7M        22M       3.3G

MemTotal:        4016004 kB
MemFree:          129484 kB
Active:           407608 kB
Mem:          3.8G       3.7G       125M       5.7M        22M       3.2G

MemTotal:        4016004 kB
MemFree:          122272 kB
Active:           406484 kB
Mem:          3.8G       3.7G       118M       5.7M        22M       3.3G

MemTotal:        4016004 kB
MemFree:          126404 kB
Active:           404852 kB
Mem:          3.8G       3.7G       122M       5.7M        22M       3.2G

MemTotal:        4016004 kB
MemFree:          105756 kB
Active:           404868 kB
Mem:          3.8G       3.7G       102M       5.7M        22M       3.3G

MemTotal:        4016004 kB
MemFree:          134552 kB
Active:           402588 kB
Mem:          3.8G       3.7G       130M       5.7M        22M       3.2G

MemTotal:        4016004 kB
MemFree:          126396 kB
Active:           401456 kB
Mem:          3.8G       3.7G       122M       5.7M        22M       3.2G

MemTotal:        4016004 kB
MemFree:          119108 kB
Active:           400324 kB
Mem:          3.8G       3.7G       115M       5.7M        22M       3.3G

MemTotal:        4016004 kB
MemFree:          111308 kB
Active:           399192 kB
Mem:          3.8G       3.7G       108M       5.7M        22M       3.3G

MemTotal:        4016004 kB
MemFree:          130176 kB
Active:           397180 kB
Mem:          3.8G       3.7G       126M       5.7M        22M       3.2G

MemTotal:        4016004 kB
MemFree:          122952 kB
Active:           396048 kB
Mem:          3.8G       3.7G       119M       5.7M        22M       3.3G

MemTotal:        4016004 kB
MemFree:          139556 kB
Active:           394276 kB
Mem:          3.8G       3.7G       135M       5.7M        22M       3.2G

MemTotal:        4016004 kB
MemFree:          127228 kB
Active:           393660 kB
Mem:          3.8G       3.7G       124M       5.7M        22M       3.2G

MemTotal:        4016004 kB
MemFree:          125572 kB
Active:           393672 kB
Mem:          3.8G       3.7G       122M       5.7M        22M       3.2G

MemTotal:        4016004 kB
MemFree:          125348 kB
Active:           393688 kB
Mem:          3.8G       3.7G       122M       5.7M        22M       3.2G

MemTotal:        4016004 kB
MemFree:          125320 kB
Active:           393688 kB
Mem:          3.8G       3.7G       122M       5.7M        22M       3.2G

MemTotal:        4016004 kB
MemFree:          110188 kB
Active:           393700 kB
Mem:          3.8G       3.7G       107M       5.7M        22M       3.3G

MemTotal:        4016004 kB
MemFree:          126568 kB
Active:           392060 kB
Mem:          3.8G       3.7G       123M       5.7M        22M       3.2G

MemTotal:        4016004 kB
MemFree:          106276 kB
Active:           390928 kB
Mem:          3.8G       3.7G       103M       5.7M        22M       3.3G

MemTotal:        4016004 kB
MemFree:          110876 kB
Active:           389296 kB
Mem:          3.8G       3.7G       107M       5.7M        22M       3.3G

MemTotal:        4016004 kB
MemFree:          126528 kB
Active:           387144 kB
Mem:          3.8G       3.7G       123M       5.7M        22M       3.2G

MemTotal:        4016004 kB
MemFree:          117440 kB
Active:           386092 kB
Mem:          3.8G       3.7G       113M       5.7M        22M       3.3G

MemTotal:        4016004 kB
MemFree:          134208 kB
Active:           384324 kB
Mem:          3.8G       3.7G       130M       5.7M        23M       3.2G

MemTotal:        4016004 kB
MemFree:          155672 kB
Active:           382300 kB
Mem:          3.8G       3.7G       151M       5.7M        23M       3.2G

MemTotal:        4016004 kB
MemFree:          125096 kB
Active:           382192 kB
Mem:          3.8G       3.7G       121M       5.7M        23M       3.2G

MemTotal:        4016004 kB
MemFree:          127096 kB
Active:           381060 kB
Mem:          3.8G       3.7G       123M       5.7M        23M       3.2G

MemTotal:        4016004 kB
MemFree:          119148 kB
Active:           379928 kB
Mem:          3.8G       3.7G       116M       5.7M        23M       3.2G

MemTotal:        4016004 kB
MemFree:          125056 kB
Active:           378792 kB
Mem:          3.8G       3.7G       121M       5.7M        23M       3.2G

MemTotal:        4016004 kB
MemFree:          135656 kB
Active:           375812 kB
Mem:          3.8G       3.7G       132M       5.7M        23M       3.2G

MemTotal:        4016004 kB
MemFree:          133652 kB
Active:           373384 kB
Mem:          3.8G       3.7G       130M       5.7M        23M       3.2G

MemTotal:        4016004 kB
MemFree:          133472 kB
Active:           373384 kB
Mem:          3.8G       3.7G       130M       5.7M        23M       3.2G

MemTotal:        4016004 kB
MemFree:          122916 kB
Active:           373388 kB
Mem:          3.8G       3.7G       119M       5.7M        23M       3.2G

MemTotal:        4016004 kB
MemFree:          114884 kB
Active:           373416 kB
Mem:          3.8G       3.7G       111M       5.7M        23M       3.3G

MemTotal:        4016004 kB
MemFree:          107988 kB
Active:           373436 kB
Mem:          3.8G       3.7G       104M       5.7M        23M       3.3G

MemTotal:        4016004 kB
MemFree:          117444 kB
Active:           373468 kB
Mem:          3.8G       3.7G       114M       5.7M        23M       3.3G

MemTotal:        4016004 kB
MemFree:          109660 kB
Active:           373492 kB
Mem:          3.8G       3.7G       106M       5.7M        23M       3.3G

MemTotal:        4016004 kB
MemFree:          125544 kB
Active:           373516 kB
Mem:          3.8G       3.7G       122M       5.7M        23M       3.2G

MemTotal:        4016004 kB
MemFree:          105200 kB
Active:           373536 kB
Mem:          3.8G       3.7G       102M       5.7M        23M       3.3G

MemTotal:        4016004 kB
MemFree:          127508 kB
Active:           373572 kB
Mem:          3.8G       3.7G       124M       5.7M        23M       3.2G

MemTotal:        4016004 kB
MemFree:          131160 kB
Active:           373604 kB
Mem:          3.8G       3.7G       128M       5.7M        23M       3.2G

MemTotal:        4016004 kB
MemFree:          131512 kB
Active:           373604 kB
Mem:          3.8G       3.7G       128M       5.7M        23M       3.2G

MemTotal:        4016004 kB
MemFree:          131612 kB
Active:           373628 kB
Mem:          3.8G       3.7G       128M       5.7M        23M       3.2G

MemTotal:        4016004 kB
MemFree:          107452 kB
Active:           373652 kB
Mem:          3.8G       3.7G       104M       5.7M        23M       3.3G

MemTotal:        4016004 kB
MemFree:          121584 kB
Active:           370900 kB
Mem:          3.8G       3.7G       118M       5.7M        23M       3.2G

MemTotal:        4016004 kB
MemFree:          113552 kB
Active:           370920 kB
Mem:          3.8G       3.7G       110M       5.7M        23M       3.3G

MemTotal:        4016004 kB
MemFree:          105504 kB
Active:           370940 kB
Mem:          3.8G       3.7G       102M       5.7M        23M       3.3G

MemTotal:        4016004 kB
MemFree:          134548 kB
Active:           370976 kB
Mem:          3.8G       3.7G       131M       5.7M        23M       3.2G

MemTotal:        4016004 kB
MemFree:          127012 kB
Active:           371000 kB
Mem:          3.8G       3.7G       123M       5.7M        23M       3.2G

MemTotal:        4016004 kB
MemFree:          131132 kB
Active:           371020 kB
Mem:          3.8G       3.7G       127M       5.7M        23M       3.2G

MemTotal:        4016004 kB
MemFree:          135004 kB
Active:           370960 kB
Mem:          3.8G       3.7G       131M       5.7M        23M       3.2G

MemTotal:        4016004 kB
MemFree:          143440 kB
Active:           370988 kB
Mem:          3.8G       3.7G       140M       5.7M        23M       3.2G

MemTotal:        4016004 kB
MemFree:          135756 kB
Active:           371320 kB
Mem:          3.8G       3.7G       132M       5.7M        23M       3.2G

MemTotal:        4016004 kB
MemFree:          130108 kB
Active:           371340 kB
Mem:          3.8G       3.7G       126M       5.7M        23M       3.2G

MemTotal:        4016004 kB
MemFree:          127040 kB
Active:           371356 kB
Mem:          3.8G       3.7G       123M       5.7M        23M       3.2G

MemTotal:        4016004 kB
MemFree:          128736 kB
Active:           371380 kB
Mem:          3.8G       3.7G       125M       5.7M        23M       3.2G

MemTotal:        4016004 kB
MemFree:          133148 kB
Active:           371400 kB
Mem:          3.8G       3.7G       129M       5.7M        23M       3.2G

MemTotal:        4016004 kB
MemFree:          123296 kB
Active:           371408 kB
Mem:          3.8G       3.7G       120M       5.7M        23M       3.2G

MemTotal:        4016004 kB
MemFree:          136384 kB
Active:           371432 kB
Mem:          3.8G       3.7G       132M       5.7M        23M       3.2G

MemTotal:        4016004 kB
MemFree:          128476 kB
Active:           371456 kB
Mem:          3.8G       3.7G       124M       5.7M        23M       3.2G

MemTotal:        4016004 kB
MemFree:          120444 kB
Active:           371476 kB
Mem:          3.8G       3.7G       116M       5.7M        23M       3.2G

MemTotal:        4016004 kB
MemFree:          130020 kB
Active:           371496 kB
Mem:          3.8G       3.7G       125M       5.7M        23M       3.2G

MemTotal:        4016004 kB
MemFree:          120124 kB
Active:           373556 kB
Mem:          3.8G       3.7G       116M       5.7M        23M       3.2G

MemTotal:        4016004 kB
MemFree:          111952 kB
Active:           373576 kB
Mem:          3.8G       3.7G       108M       5.7M        23M       3.3G

MemTotal:        4016004 kB
MemFree:          121428 kB
Active:           373600 kB
Mem:          3.8G       3.7G       117M       5.7M        23M       3.2G

MemTotal:        4016004 kB
MemFree:          131340 kB
Active:           373620 kB
Mem:          3.8G       3.7G       128M       5.7M        23M       3.2G

MemTotal:        4016004 kB
MemFree:          124864 kB
Active:           373648 kB
Mem:          3.8G       3.7G       121M       5.7M        23M       3.2G

MemTotal:        4016004 kB
MemFree:          114824 kB
Active:           373656 kB
Mem:          3.8G       3.7G       111M       5.7M        23M       3.2G

MemTotal:        4016004 kB
MemFree:          114464 kB
Active:           373660 kB
Mem:          3.8G       3.7G       111M       5.7M        23M       3.2G

MemTotal:        4016004 kB
MemFree:          127764 kB
Active:           372776 kB
Mem:          3.8G       3.7G       124M       5.7M        23M       3.2G

MemTotal:        4016004 kB
MemFree:          108484 kB
Active:           372640 kB
Mem:          3.8G       3.7G       105M       5.7M        23M       3.3G

MemTotal:        4016004 kB
MemFree:          119424 kB
Active:           372660 kB
Mem:          3.8G       3.7G       115M       5.7M        23M       3.2G

MemTotal:        4016004 kB
MemFree:          111516 kB
Active:           372688 kB
Mem:          3.8G       3.7G       107M       5.7M        23M       3.3G

MemTotal:        4016004 kB
MemFree:          127352 kB
Active:           372712 kB
Mem:          3.8G       3.7G       123M       5.7M        23M       3.2G

MemTotal:        4016004 kB
MemFree:          106488 kB
Active:           372732 kB
Mem:          3.8G       3.7G       103M       5.7M        23M       3.3G

MemTotal:        4016004 kB
MemFree:          134540 kB
Active:           372752 kB
Mem:          3.8G       3.7G       130M       5.7M        23M       3.2G

MemTotal:        4016004 kB
MemFree:          125748 kB
Active:           372772 kB
Mem:          3.8G       3.7G       122M       5.7M        23M       3.2G

MemTotal:        4016004 kB
MemFree:          108024 kB
Active:           370396 kB
Mem:          3.8G       3.7G       104M       5.7M        24M       3.3G

MemTotal:        4016004 kB
MemFree:          111856 kB
Active:           370416 kB
Mem:          3.8G       3.7G       108M       5.7M        24M       3.3G

MemTotal:        4016004 kB
MemFree:          127788 kB
Active:           370440 kB
Mem:          3.8G       3.7G       124M       5.7M        24M       3.2G

MemTotal:        4016004 kB
MemFree:          120192 kB
Active:           370464 kB
Mem:          3.8G       3.7G       117M       5.7M        24M       3.2G

MemTotal:        4016004 kB
MemFree:          109076 kB
Active:           370532 kB
Mem:          3.8G       3.7G       105M       5.7M        24M       3.3G

MemTotal:        4016004 kB
MemFree:          134720 kB
Active:           370592 kB
Mem:          3.8G       3.7G       131M       5.7M        24M       3.2G

MemTotal:        4016004 kB
MemFree:          134660 kB
Active:           370616 kB
Mem:          3.8G       3.7G       131M       5.7M        24M       3.2G

MemTotal:        4016004 kB
MemFree:          133720 kB
Active:           370772 kB
Mem:          3.8G       3.7G       130M       5.7M        24M       3.2G

MemTotal:        4016004 kB
MemFree:          152776 kB
Active:           373664 kB
Mem:          3.8G       3.7G       148M       5.7M        26M       3.2G

MemTotal:        4016004 kB
MemFree:          106428 kB
Active:           373900 kB
Mem:          3.8G       3.7G       103M       5.7M        26M       3.3G

MemTotal:        4016004 kB
MemFree:          120328 kB
Active:           374296 kB
Mem:          3.8G       3.7G       117M       5.7M        26M       3.2G

MemTotal:        4016004 kB
MemFree:          111088 kB
Active:           374280 kB
Mem:          3.8G       3.7G       108M       5.7M        27M       3.2G

MemTotal:        4016004 kB
MemFree:          125624 kB
Active:           374732 kB
Mem:          3.8G       3.7G       122M       5.7M        27M       3.2G

MemTotal:        4016004 kB
MemFree:          115840 kB
Active:           374864 kB
Mem:          3.8G       3.7G       112M       5.7M        27M       3.2G

MemTotal:        4016004 kB
MemFree:          123432 kB
Active:           375248 kB
Mem:          3.8G       3.7G       120M       5.7M        28M       3.2G

MemTotal:        4016004 kB
MemFree:          114960 kB
Active:           374604 kB
Mem:          3.8G       3.7G       112M       5.7M        28M       3.2G

MemTotal:        4016004 kB
MemFree:          123772 kB
Active:           374480 kB
Mem:          3.8G       3.7G       119M       5.7M        28M       3.2G

MemTotal:        4016004 kB
MemFree:          113912 kB
Active:           374500 kB
Mem:          3.8G       3.7G       110M       5.7M        28M       3.2G

MemTotal:        4016004 kB
MemFree:          131040 kB
Active:           371412 kB
Mem:          3.8G       3.7G       127M       5.7M        28M       3.2G

MemTotal:        4016004 kB
MemFree:          127636 kB
Active:           371196 kB
Mem:          3.8G       3.7G       124M       5.7M        28M       3.2G

MemTotal:        4016004 kB
MemFree:          110420 kB
Active:           371208 kB
Mem:          3.8G       3.7G       107M       5.7M        28M       3.2G

MemTotal:        4016004 kB
MemFree:          130388 kB
Active:           371216 kB
Mem:          3.8G       3.7G       127M       5.7M        28M       3.2G

MemTotal:        4016004 kB
MemFree:          121616 kB
Active:           371216 kB
Mem:          3.8G       3.7G       118M       5.7M        28M       3.2G

MemTotal:        4016004 kB
MemFree:          124020 kB
Active:           371216 kB
Mem:          3.8G       3.7G       120M       5.7M        28M       3.2G

MemTotal:        4016004 kB
MemFree:          116332 kB
Active:           371216 kB
Mem:          3.8G       3.7G       113M       5.7M        28M       3.2G

MemTotal:        4016004 kB
MemFree:          106068 kB
Active:           371224 kB
Mem:          3.8G       3.7G       103M       5.7M        28M       3.2G

MemTotal:        4016004 kB
MemFree:          133236 kB
Active:           371228 kB
Mem:          3.8G       3.7G       129M       5.7M        28M       3.2G

MemTotal:        4016004 kB
MemFree:          135236 kB
Active:           370588 kB
Mem:          3.8G       3.7G       131M       5.7M        28M       3.2G

MemTotal:        4016004 kB
MemFree:          125412 kB
Active:           370480 kB
Mem:          3.8G       3.7G       122M       5.7M        28M       3.2G

MemTotal:        4016004 kB
MemFree:          109616 kB
Active:           370500 kB
Mem:          3.8G       3.7G       106M       5.7M        28M       3.2G

MemTotal:        4016004 kB
MemFree:          124180 kB
Active:           370508 kB
Mem:          3.8G       3.7G       131M       5.7M        28M       3.2G

MemTotal:        4016004 kB
MemFree:          130500 kB
Active:           370508 kB
Mem:          3.8G       3.7G       126M       5.7M        28M       3.2G

MemTotal:        4016004 kB
MemFree:          125140 kB
Active:           370512 kB
Mem:          3.8G       3.7G       121M       5.7M        28M       3.2G

MemTotal:        4016004 kB
MemFree:          132516 kB
Active:           370520 kB
Mem:          3.8G       3.7G       128M       5.7M        28M       3.2G

MemTotal:        4016004 kB
MemFree:          107040 kB
Active:           370520 kB
Mem:          3.8G       3.7G       104M       5.7M        28M       3.2G

MemTotal:        4016004 kB
MemFree:          124944 kB
Active:           370524 kB
Mem:          3.8G       3.7G       121M       5.7M        28M       3.2G

MemTotal:        4016004 kB
MemFree:          114804 kB
Active:           370528 kB
Mem:          3.8G       3.7G       111M       5.7M        28M       3.2G

MemTotal:        4016004 kB
MemFree:          104772 kB
Active:           370528 kB
Mem:          3.8G       3.7G       124M       5.7M        28M       3.2G

MemTotal:        4016004 kB
MemFree:          107840 kB
Active:           368948 kB
Mem:          3.8G       3.7G       104M       5.7M        28M       3.2G

MemTotal:        4016004 kB
MemFree:          110332 kB
Active:           368692 kB
Mem:          3.8G       3.7G       107M       5.7M        28M       3.2G

MemTotal:        4016004 kB
MemFree:          124124 kB
Active:           368700 kB
Mem:          3.8G       3.7G       120M       5.7M        28M       3.2G

MemTotal:        4016004 kB
MemFree:          114276 kB
Active:           368704 kB
Mem:          3.8G       3.7G       111M       5.7M        28M       3.2G

MemTotal:        4016004 kB
MemFree:          133016 kB
Active:           368708 kB
Mem:          3.8G       3.7G       129M       5.7M        28M       3.2G

MemTotal:        4016004 kB
MemFree:          117568 kB
Active:           368732 kB
Mem:          3.8G       3.7G       114M       5.7M        28M       3.2G

MemTotal:        4016004 kB
MemFree:          128952 kB
Active:           368740 kB
Mem:          3.8G       3.7G       125M       5.7M        28M       3.2G

MemTotal:        4016004 kB
MemFree:          128408 kB
Active:           368744 kB
Mem:          3.8G       3.7G       125M       5.7M        28M       3.2G

MemTotal:        4016004 kB
MemFree:          128672 kB
Active:           368744 kB
Mem:          3.8G       3.7G       125M       5.7M        28M       3.2G

MemTotal:        4016004 kB
MemFree:          119464 kB
Active:           368748 kB
Mem:          3.8G       3.7G       116M       5.7M        28M       3.2G

MemTotal:        4016004 kB
MemFree:          121228 kB
Active:           368748 kB
Mem:          3.8G       3.7G       117M       5.7M        28M       3.2G

MemTotal:        4016004 kB
MemFree:          134756 kB
Active:           368748 kB
Mem:          3.8G       3.7G       131M       5.7M        28M       3.2G

MemTotal:        4016004 kB
MemFree:          150456 kB
Active:           366872 kB
Mem:          3.8G       3.7G       146M       5.7M        28M       3.2G

MemTotal:        4016004 kB
MemFree:          127736 kB
Active:           366752 kB
Mem:          3.8G       3.7G       124M       5.7M        28M       3.2G

MemTotal:        4016004 kB
MemFree:          131028 kB
Active:           366752 kB
Mem:          3.8G       3.7G       127M       5.7M        28M       3.2G

MemTotal:        4016004 kB
MemFree:          126096 kB
Active:           366752 kB
Mem:          3.8G       3.7G       122M       5.7M        28M       3.2G

MemTotal:        4016004 kB
MemFree:          121984 kB
Active:           366752 kB
Mem:          3.8G       3.7G       118M       5.7M        28M       3.2G

MemTotal:        4016004 kB
MemFree:          128424 kB
Active:           366764 kB
Mem:          3.8G       3.7G       124M       5.7M        28M       3.2G

MemTotal:        4016004 kB
MemFree:          119036 kB
Active:           366772 kB
Mem:          3.8G       3.7G       115M       5.7M        28M       3.2G

MemTotal:        4016004 kB
MemFree:          127140 kB
Active:           366776 kB
Mem:          3.8G       3.7G       123M       5.7M        28M       3.2G

MemTotal:        4016004 kB
MemFree:          123288 kB
Active:           366776 kB
Mem:          3.8G       3.7G       120M       5.7M        28M       3.2G

MemTotal:        4016004 kB
MemFree:          125824 kB
Active:           366780 kB
Mem:          3.8G       3.7G       122M       5.7M        28M       3.2G

MemTotal:        4016004 kB
MemFree:          121660 kB
Active:           366788 kB
Mem:          3.8G       3.7G       118M       5.7M        28M       3.2G

MemTotal:        4016004 kB
MemFree:          106064 kB
Active:           366792 kB
Mem:          3.8G       3.7G       102M       5.7M        28M       3.2G

MemTotal:        4016004 kB
MemFree:          123748 kB
Active:           363680 kB
Mem:          3.8G       3.7G       120M       5.7M        28M       3.2G

MemTotal:        4016004 kB
MemFree:          111068 kB
Active:           363684 kB
Mem:          3.8G       3.7G       107M       5.7M        28M       3.2G

MemTotal:        4016004 kB
MemFree:          112028 kB
Active:           363684 kB
Mem:          3.8G       3.7G       108M       5.7M        28M       3.2G

MemTotal:        4016004 kB
MemFree:          132672 kB
Active:           363704 kB
Mem:          3.8G       3.7G       128M       5.7M        28M       3.2G

MemTotal:        4016004 kB
MemFree:          131012 kB
Active:           363704 kB
Mem:          3.8G       3.7G       127M       5.7M        28M       3.2G

MemTotal:        4016004 kB
MemFree:          131148 kB
Active:           363708 kB
Mem:          3.8G       3.7G       128M       5.7M        28M       3.2G

MemTotal:        4016004 kB
MemFree:          125464 kB
Active:           363720 kB
Mem:          3.8G       3.7G       122M       5.7M        28M       3.2G

MemTotal:        4016004 kB
MemFree:          112800 kB
Active:           363728 kB
Mem:          3.8G       3.7G       109M       5.7M        28M       3.2G

MemTotal:        4016004 kB
MemFree:          112368 kB
Active:           363732 kB
Mem:          3.8G       3.7G       109M       5.7M        28M       3.2G

MemTotal:        4016004 kB
MemFree:          112668 kB
Active:           363736 kB
Mem:          3.8G       3.7G       109M       5.7M        28M       3.2G

MemTotal:        4016004 kB
MemFree:          126544 kB
Active:           363740 kB
Mem:          3.8G       3.7G       122M       5.7M        28M       3.2G

MemTotal:        4016004 kB
MemFree:          127672 kB
Active:           363740 kB
Mem:          3.8G       3.7G       123M       5.7M        28M       3.2G

MemTotal:        4016004 kB
MemFree:          127636 kB
Active:           365508 kB
Mem:          3.8G       3.7G       124M       5.7M        28M       3.2G

MemTotal:        4016004 kB
MemFree:          120868 kB
Active:           365388 kB
Mem:          3.8G       3.7G       117M       5.7M        28M       3.2G

MemTotal:        4016004 kB
MemFree:          107416 kB
Active:           362772 kB
Mem:          3.8G       3.7G       104M       5.7M        28M       3.2G

MemTotal:        4016004 kB
MemFree:          134576 kB
Active:           362332 kB
Mem:          3.8G       3.7G       130M       5.7M        28M       3.2G

MemTotal:        4016004 kB
MemFree:          121220 kB
Active:           362344 kB
Mem:          3.8G       3.7G       117M       5.7M        28M       3.2G

MemTotal:        4016004 kB
MemFree:          120652 kB
Active:           362348 kB
Mem:          3.8G       3.7G       117M       5.7M        28M       3.2G

MemTotal:        4016004 kB
MemFree:          120620 kB
Active:           362360 kB
Mem:          3.8G       3.7G       117M       5.7M        28M       3.2G

MemTotal:        4016004 kB
MemFree:          104916 kB
Active:           362360 kB
Mem:          3.8G       3.7G       125M       5.7M        28M       3.2G

MemTotal:        4016004 kB
MemFree:          124988 kB
Active:           362364 kB
Mem:          3.8G       3.7G       121M       5.7M        28M       3.2G

MemTotal:        4016004 kB
MemFree:          109888 kB
Active:           362364 kB
Mem:          3.8G       3.7G       106M       5.7M        28M       3.2G

MemTotal:        4016004 kB
MemFree:          124904 kB
Active:           362364 kB
Mem:          3.8G       3.7G       121M       5.7M        28M       3.2G

MemTotal:        4016004 kB
MemFree:          132868 kB
Active:           362376 kB
Mem:          3.8G       3.7G       133M       5.7M        28M       3.2G

MemTotal:        4016004 kB
MemFree:          128556 kB
Active:           362376 kB
Mem:          3.8G       3.7G       124M       5.7M        28M       3.2G

MemTotal:        4016004 kB
MemFree:          143324 kB
Active:           362376 kB
Mem:          3.8G       3.7G       139M       5.7M        28M       3.2G

MemTotal:        4016004 kB
MemFree:          132688 kB
Active:           362376 kB
Mem:          3.8G       3.7G       129M       5.7M        28M       3.2G

MemTotal:        4016004 kB
MemFree:          128128 kB
Active:           362376 kB
Mem:          3.8G       3.7G       124M       5.7M        28M       3.2G

MemTotal:        4016004 kB
MemFree:          118052 kB
Active:           362388 kB
Mem:          3.8G       3.7G       115M       5.7M        28M       3.2G

MemTotal:        4016004 kB
MemFree:          123276 kB
Active:           357744 kB
Mem:          3.8G       3.7G       119M       5.7M        28M       3.2G

MemTotal:        4016004 kB
MemFree:          115744 kB
Active:           357648 kB
Mem:          3.8G       3.7G       112M       5.7M        28M       3.2G

MemTotal:        4016004 kB
MemFree:          106844 kB
Active:           357652 kB
Mem:          3.8G       3.7G       104M       5.7M        28M       3.2G

MemTotal:        4016004 kB
MemFree:          109288 kB
Active:           359708 kB
Mem:          3.8G       3.7G       106M       5.7M        28M       3.2G

MemTotal:        4016004 kB
MemFree:          109084 kB
Active:           359692 kB
Mem:          3.8G       3.7G       106M       5.7M        28M       3.2G

MemTotal:        4016004 kB
MemFree:          109128 kB
Active:           359696 kB
Mem:          3.8G       3.7G       106M       5.7M        28M       3.2G

MemTotal:        4016004 kB
MemFree:          122320 kB
Active:           359696 kB
Mem:          3.8G       3.7G       118M       5.7M        28M       3.2G

MemTotal:        4016004 kB
MemFree:          135988 kB
Active:           359700 kB
Mem:          3.8G       3.7G       132M       5.7M        28M       3.2G

MemTotal:        4016004 kB
MemFree:          126080 kB
Active:           359704 kB
Mem:          3.8G       3.7G       122M       5.7M        28M       3.2G

MemTotal:        4016004 kB
MemFree:          140864 kB
Active:           359712 kB
Mem:          3.8G       3.7G       137M       5.7M        28M       3.2G

MemTotal:        4016004 kB
MemFree:          131204 kB
Active:           359716 kB
Mem:          3.8G       3.7G       127M       5.7M        28M       3.2G

MemTotal:        4016004 kB
MemFree:          139168 kB
Active:           359716 kB
Mem:          3.8G       3.7G       135M       5.7M        28M       3.2G

MemTotal:        4016004 kB
MemFree:          129748 kB
Active:           359716 kB
Mem:          3.8G       3.7G       125M       5.7M        28M       3.2G

MemTotal:        4016004 kB
MemFree:          121432 kB
Active:           359716 kB
Mem:          3.8G       3.7G       118M       5.7M        28M       3.2G

MemTotal:        4016004 kB
MemFree:          108084 kB
Active:           359728 kB
Mem:          3.8G       3.7G       105M       5.7M        28M       3.2G

MemTotal:        4016004 kB
MemFree:          123860 kB
Active:           359736 kB
Mem:          3.8G       3.7G       120M       5.7M        28M       3.2G

MemTotal:        4016004 kB
MemFree:          144536 kB
Active:           359736 kB
Mem:          3.8G       3.7G       140M       5.7M        28M       3.2G

MemTotal:        4016004 kB
MemFree:          134584 kB
Active:           359736 kB
Mem:          3.8G       3.7G       131M       5.7M        28M       3.2G

MemTotal:        4016004 kB
MemFree:          125172 kB
Active:           359736 kB
Mem:          3.8G       3.7G       121M       5.7M        28M       3.2G

MemTotal:        4016004 kB
MemFree:          127248 kB
Active:           359616 kB
Mem:          3.8G       3.7G       123M       5.7M        28M       3.2G

MemTotal:        4016004 kB
MemFree:          111172 kB
Active:           359620 kB
Mem:          3.8G       3.7G       107M       5.7M        28M       3.2G

MemTotal:        4016004 kB
MemFree:          125132 kB
Active:           359624 kB
Mem:          3.8G       3.7G       121M       5.7M        28M       3.2G

MemTotal:        4016004 kB
MemFree:          133504 kB
Active:           359500 kB
Mem:          3.8G       3.7G       130M       5.7M        28M       3.2G

MemTotal:        4016004 kB
MemFree:          133288 kB
Active:           359316 kB
Mem:          3.8G       3.7G       130M       5.7M        28M       3.2G

MemTotal:        4016004 kB
MemFree:          133288 kB
Active:           359316 kB
Mem:          3.8G       3.7G       130M       5.7M        28M       3.2G

MemTotal:        4016004 kB
MemFree:          133288 kB
Active:           359324 kB
Mem:          3.8G       3.7G       130M       5.7M        28M       3.2G

MemTotal:        4016004 kB
MemFree:          133288 kB
Active:           359324 kB
Mem:          3.8G       3.7G       130M       5.7M        28M       3.2G

MemTotal:        4016004 kB
MemFree:          133164 kB
Active:           359324 kB
Mem:          3.8G       3.7G       130M       5.7M        28M       3.2G

MemTotal:        4016004 kB
MemFree:          133164 kB
Active:           359324 kB
Mem:          3.8G       3.7G       130M       5.7M        28M       3.2G

MemTotal:        4016004 kB
MemFree:          133288 kB
Active:           359324 kB
Mem:          3.8G       3.7G       130M       5.7M        28M       3.2G

MemTotal:        4016004 kB
MemFree:          133164 kB
Active:           359324 kB
Mem:          3.8G       3.7G       130M       5.7M        28M       3.2G

MemTotal:        4016004 kB
MemFree:          133164 kB
Active:           359324 kB
Mem:          3.8G       3.7G       130M       5.7M        28M       3.2G

MemTotal:        4016004 kB
MemFree:          133164 kB
Active:           359324 kB
Mem:          3.8G       3.7G       130M       5.7M        28M       3.2G

MemTotal:        4016004 kB
MemFree:          132620 kB
Active:           359448 kB
Mem:          3.8G       3.7G       129M       5.7M        28M       3.2G

MemTotal:        4016004 kB
MemFree:          133040 kB
Active:           359328 kB
Mem:          3.8G       3.7G       129M       5.7M        28M       3.2G

MemTotal:        4016004 kB
MemFree:          133288 kB
Active:           359320 kB
Mem:          3.8G       3.7G       130M       5.7M        28M       3.2G

MemTotal:        4016004 kB
MemFree:          133040 kB
Active:           359348 kB
Mem:          3.8G       3.7G       129M       5.7M        28M       3.2G

MemTotal:        4016004 kB
MemFree:          133040 kB
Active:           359348 kB
Mem:          3.8G       3.7G       129M       5.7M        28M       3.2G

MemTotal:        4016004 kB
MemFree:          133040 kB
Active:           359348 kB
Mem:          3.8G       3.7G       129M       5.7M        28M       3.2G

MemTotal:        4016004 kB
MemFree:          133040 kB
Active:           359348 kB
Mem:          3.8G       3.7G       129M       5.7M        28M       3.2G

MemTotal:        4016004 kB
MemFree:          133040 kB
Active:           359356 kB
Mem:          3.8G       3.7G       129M       5.7M        28M       3.2G

MemTotal:        4016004 kB
MemFree:          132792 kB
Active:           359356 kB
Mem:          3.8G       3.7G       129M       5.7M        28M       3.2G

MemTotal:        4016004 kB
MemFree:          132544 kB
Active:           359356 kB
Mem:          3.8G       3.7G       129M       5.7M        28M       3.2G

MemTotal:        4016004 kB
MemFree:          132544 kB
Active:           359356 kB
Mem:          3.8G       3.7G       129M       5.7M        28M       3.2G

MemTotal:        4016004 kB
MemFree:          132448 kB
Active:           359356 kB
Mem:          3.8G       3.7G       129M       5.7M        28M       3.2G

MemTotal:        4016004 kB
MemFree:          132236 kB
Active:           359372 kB
Mem:          3.8G       3.7G       129M       5.7M        28M       3.2G

MemTotal:        4016004 kB
MemFree:          132268 kB
Active:           359372 kB
Mem:          3.8G       3.7G       129M       5.7M        28M       3.2G

MemTotal:        4016004 kB
MemFree:          132392 kB
Active:           359384 kB
Mem:          3.8G       3.7G       129M       5.7M        28M       3.2G

MemTotal:        4016004 kB
MemFree:          132584 kB
Active:           359384 kB
Mem:          3.8G       3.7G       129M       5.7M        28M       3.2G

MemTotal:        4016004 kB
MemFree:          132648 kB
Active:           359388 kB
Mem:          3.8G       3.7G       129M       5.7M        28M       3.2G

MemTotal:        4016004 kB
MemFree:          132772 kB
Active:           359388 kB
Mem:          3.8G       3.7G       129M       5.7M        28M       3.2G

MemTotal:        4016004 kB
MemFree:          132772 kB
Active:           359396 kB
Mem:          3.8G       3.7G       129M       5.7M        28M       3.2G

MemTotal:        4016004 kB
MemFree:          132772 kB
Active:           359396 kB
Mem:          3.8G       3.7G       129M       5.7M        28M       3.2G

MemTotal:        4016004 kB
MemFree:          132772 kB
Active:           359400 kB
Mem:          3.8G       3.7G       129M       5.7M        28M       3.2G

MemTotal:        4016004 kB
MemFree:          132772 kB
Active:           359400 kB
Mem:          3.8G       3.7G       129M       5.7M        28M       3.2G

MemTotal:        4016004 kB
MemFree:          132772 kB
Active:           359400 kB
Mem:          3.8G       3.7G       129M       5.7M        28M       3.2G

MemTotal:        4016004 kB
MemFree:          132648 kB
Active:           359404 kB
Mem:          3.8G       3.7G       129M       5.7M        28M       3.2G

MemTotal:        4016004 kB
MemFree:          132648 kB
Active:           359412 kB
Mem:          3.8G       3.7G       129M       5.7M        28M       3.2G

MemTotal:        4016004 kB
MemFree:          132648 kB
Active:           359412 kB
Mem:          3.8G       3.7G       129M       5.7M        28M       3.2G

MemTotal:        4016004 kB
MemFree:          132772 kB
Active:           359416 kB
Mem:          3.8G       3.7G       129M       5.7M        28M       3.2G

MemTotal:        4016004 kB
MemFree:          132772 kB
Active:           359416 kB
Mem:          3.8G       3.7G       129M       5.7M        28M       3.2G

MemTotal:        4016004 kB
MemFree:          132772 kB
Active:           359420 kB
Mem:          3.8G       3.7G       129M       5.7M        28M       3.2G

MemTotal:        4016004 kB
MemFree:          132648 kB
Active:           359424 kB
Mem:          3.8G       3.7G       129M       5.7M        28M       3.2G

MemTotal:        4016004 kB
MemFree:          132648 kB
Active:           359428 kB
Mem:          3.8G       3.7G       129M       5.7M        28M       3.2G

MemTotal:        4016004 kB
MemFree:          132648 kB
Active:           359428 kB
Mem:          3.8G       3.7G       129M       5.7M        28M       3.2G

MemTotal:        4016004 kB
MemFree:          132648 kB
Active:           359428 kB
Mem:          3.8G       3.7G       129M       5.7M        28M       3.2G

MemTotal:        4016004 kB
MemFree:          132648 kB
Active:           359428 kB
Mem:          3.8G       3.7G       129M       5.7M        28M       3.2G

MemTotal:        4016004 kB
MemFree:          132632 kB
Active:           359440 kB
Mem:          3.8G       3.7G       129M       5.7M        28M       3.2G

MemTotal:        4016004 kB
MemFree:          132476 kB
Active:           359440 kB
Mem:          3.8G       3.7G       129M       5.7M        28M       3.2G

MemTotal:        4016004 kB
MemFree:          132508 kB
Active:           359440 kB
Mem:          3.8G       3.7G       129M       5.7M        28M       3.2G

MemTotal:        4016004 kB
MemFree:          132632 kB
Active:           359440 kB
Mem:          3.8G       3.7G       129M       5.7M        28M       3.2G

MemTotal:        4016004 kB
MemFree:          132632 kB
Active:           359452 kB
Mem:          3.8G       3.7G       129M       5.7M        28M       3.2G

MemTotal:        4016004 kB
MemFree:          132600 kB
Active:           359452 kB
Mem:          3.8G       3.7G       129M       5.7M        28M       3.2G

MemTotal:        4016004 kB
MemFree:          132476 kB
Active:           359452 kB
Mem:          3.8G       3.7G       129M       5.7M        28M       3.2G

MemTotal:        4016004 kB
MemFree:          132476 kB
Active:           359452 kB
Mem:          3.8G       3.7G       129M       5.7M        28M       3.2G

MemTotal:        4016004 kB
MemFree:          132476 kB
Active:           359452 kB
Mem:          3.8G       3.7G       129M       5.7M        28M       3.2G

MemTotal:        4016004 kB
MemFree:          132600 kB
Active:           359452 kB
Mem:          3.8G       3.7G       129M       5.7M        28M       3.2G

MemTotal:        4016004 kB
MemFree:          132600 kB
Active:           359464 kB
Mem:          3.8G       3.7G       129M       5.7M        28M       3.2G

MemTotal:        4016004 kB
MemFree:          132600 kB
Active:           359464 kB
Mem:          3.8G       3.7G       129M       5.7M        28M       3.2G

MemTotal:        4016004 kB
MemFree:          132600 kB
Active:           359464 kB
Mem:          3.8G       3.7G       129M       5.7M        28M       3.2G

MemTotal:        4016004 kB
MemFree:          132600 kB
Active:           359464 kB
Mem:          3.8G       3.7G       129M       5.7M        28M       3.2G

MemTotal:        4016004 kB
MemFree:          132600 kB
Active:           359464 kB
Mem:          3.8G       3.7G       129M       5.7M        28M       3.2G

MemTotal:        4016004 kB
MemFree:          132600 kB
Active:           359464 kB
Mem:          3.8G       3.7G       129M       5.7M        28M       3.2G

MemTotal:        4016004 kB
MemFree:          132600 kB
Active:           359472 kB
Mem:          3.8G       3.7G       129M       5.7M        28M       3.2G

MemTotal:        4016004 kB
MemFree:          132600 kB
Active:           359472 kB
Mem:          3.8G       3.7G       129M       5.7M        28M       3.2G

MemTotal:        4016004 kB
MemFree:          132336 kB
Active:           359508 kB
Mem:          3.8G       3.7G       129M       5.7M        28M       3.2G

MemTotal:        4016004 kB
MemFree:          132336 kB
Active:           359640 kB
Mem:          3.8G       3.7G       129M       5.7M        28M       3.2G

MemTotal:        4016004 kB
MemFree:          132460 kB
Active:           359708 kB
Mem:          3.8G       3.7G       129M       5.7M        28M       3.2G

MemTotal:        4016004 kB
MemFree:          132320 kB
Active:           359692 kB
Mem:          3.8G       3.7G       129M       5.7M        28M       3.2G

MemTotal:        4016004 kB
MemFree:          132320 kB
Active:           359556 kB
Mem:          3.8G       3.7G       129M       5.7M        28M       3.2G

MemTotal:        4016004 kB
MemFree:          132336 kB
Active:           359688 kB
Mem:          3.8G       3.7G       129M       5.7M        28M       3.2G

MemTotal:        4016004 kB
MemFree:          132336 kB
Active:           359640 kB
Mem:          3.8G       3.7G       129M       5.7M        28M       3.2G

MemTotal:        4016004 kB
MemFree:          132336 kB
Active:           359672 kB
Mem:          3.8G       3.7G       129M       5.7M        28M       3.2G

MemTotal:        4016004 kB
MemFree:          132320 kB
Active:           359572 kB
Mem:          3.8G       3.7G       129M       5.7M        28M       3.2G

MemTotal:        4016004 kB
MemFree:          132352 kB
Active:           359696 kB
Mem:          3.8G       3.7G       129M       5.7M        28M       3.2G

MemTotal:        4016004 kB
MemFree:          132476 kB
Active:           359612 kB
Mem:          3.8G       3.7G       129M       5.7M        28M       3.2G

MemTotal:        4016004 kB
MemFree:          132320 kB
Active:           359648 kB
Mem:          3.8G       3.7G       129M       5.7M        28M       3.2G

MemTotal:        4016004 kB
MemFree:          132368 kB
Active:           359580 kB
Mem:          3.8G       3.7G       129M       5.7M        28M       3.2G

MemTotal:        4016004 kB
MemFree:          132368 kB
Active:           359580 kB
Mem:          3.8G       3.7G       129M       5.7M        28M       3.2G

MemTotal:        4016004 kB
MemFree:          132368 kB
Active:           359580 kB
Mem:          3.8G       3.7G       129M       5.7M        28M       3.2G

MemTotal:        4016004 kB
MemFree:          132368 kB
Active:           359580 kB
Mem:          3.8G       3.7G       129M       5.7M        28M       3.2G

MemTotal:        4016004 kB
MemFree:          132368 kB
Active:           359580 kB
Mem:          3.8G       3.7G       129M       5.7M        28M       3.2G

MemTotal:        4016004 kB
MemFree:          132244 kB
Active:           359580 kB
Mem:          3.8G       3.7G       129M       5.7M        28M       3.2G

MemTotal:        4016004 kB
MemFree:          134244 kB
Active:           357560 kB
Mem:          3.8G       3.7G       131M       5.7M        28M       3.2G

MemTotal:        4016004 kB
MemFree:          134244 kB
Active:           357564 kB
Mem:          3.8G       3.7G       131M       5.7M        28M       3.2G

MemTotal:        4016004 kB
MemFree:          134244 kB
Active:           357564 kB
Mem:          3.8G       3.7G       131M       5.7M        28M       3.2G

MemTotal:        4016004 kB
MemFree:          134244 kB
Active:           357564 kB
Mem:          3.8G       3.7G       131M       5.7M        28M       3.2G

MemTotal:        4016004 kB
MemFree:          134244 kB
Active:           357572 kB
Mem:          3.8G       3.7G       131M       5.7M        28M       3.2G

MemTotal:        4016004 kB
MemFree:          134368 kB
Active:           357572 kB
Mem:          3.8G       3.7G       131M       5.7M        28M       3.2G

MemTotal:        4016004 kB
MemFree:          134368 kB
Active:           357572 kB
Mem:          3.8G       3.7G       131M       5.7M        28M       3.2G

MemTotal:        4016004 kB
MemFree:          134244 kB
Active:           357572 kB
Mem:          3.8G       3.7G       131M       5.7M        28M       3.2G

MemTotal:        4016004 kB
MemFree:          134244 kB
Active:           357576 kB
Mem:          3.8G       3.7G       131M       5.7M        28M       3.2G

MemTotal:        4016004 kB
MemFree:          134244 kB
Active:           357580 kB
Mem:          3.8G       3.7G       131M       5.7M        28M       3.2G

MemTotal:        4016004 kB
MemFree:          134244 kB
Active:           357580 kB
Mem:          3.8G       3.7G       131M       5.7M        28M       3.2G

MemTotal:        4016004 kB
MemFree:          134368 kB
Active:           357588 kB
Mem:          3.8G       3.7G       131M       5.7M        28M       3.2G

MemTotal:        4016004 kB
MemFree:          134368 kB
Active:           357588 kB
Mem:          3.8G       3.7G       131M       5.7M        28M       3.2G

MemTotal:        4016004 kB
MemFree:          134368 kB
Active:           357592 kB
Mem:          3.8G       3.7G       131M       5.7M        28M       3.2G

MemTotal:        4016004 kB
MemFree:          134368 kB
Active:           357592 kB
Mem:          3.8G       3.7G       131M       5.7M        28M       3.2G

MemTotal:        4016004 kB
MemFree:          134244 kB
Active:           357596 kB
Mem:          3.8G       3.7G       131M       5.7M        28M       3.2G

MemTotal:        4016004 kB
MemFree:          134244 kB
Active:           357596 kB
Mem:          3.8G       3.7G       131M       5.7M        28M       3.2G

MemTotal:        4016004 kB
MemFree:          134244 kB
Active:           357596 kB
Mem:          3.8G       3.7G       131M       5.7M        28M       3.2G

MemTotal:        4016004 kB
MemFree:          134244 kB
Active:           357596 kB
Mem:          3.8G       3.7G       131M       5.7M        28M       3.2G

MemTotal:        4016004 kB
MemFree:          134244 kB
Active:           357596 kB
Mem:          3.8G       3.7G       131M       5.7M        28M       3.2G

MemTotal:        4016004 kB
MemFree:          134368 kB
Active:           357600 kB
Mem:          3.8G       3.7G       131M       5.7M        28M       3.2G

MemTotal:        4016004 kB
MemFree:          134368 kB
Active:           357608 kB
Mem:          3.8G       3.7G       131M       5.7M        28M       3.2G

MemTotal:        4016004 kB
MemFree:          134368 kB
Active:           357612 kB
Mem:          3.8G       3.7G       131M       5.7M        28M       3.2G

MemTotal:        4016004 kB
MemFree:          134368 kB
Active:           357612 kB
Mem:          3.8G       3.7G       131M       5.7M        28M       3.2G

MemTotal:        4016004 kB
MemFree:          134244 kB
Active:           357612 kB
Mem:          3.8G       3.7G       131M       5.7M        28M       3.2G

MemTotal:        4016004 kB
MemFree:          134244 kB
Active:           357612 kB
Mem:          3.8G       3.7G       131M       5.7M        28M       3.2G

MemTotal:        4016004 kB
MemFree:          134120 kB
Active:           357612 kB
Mem:          3.8G       3.7G       130M       5.7M        28M       3.2G

MemTotal:        4016004 kB
MemFree:          134120 kB
Active:           357620 kB
Mem:          3.8G       3.7G       130M       5.7M        28M       3.2G

MemTotal:        4016004 kB
MemFree:          134120 kB
Active:           357620 kB
Mem:          3.8G       3.7G       130M       5.7M        28M       3.2G

MemTotal:        4016004 kB
MemFree:          134120 kB
Active:           357624 kB
Mem:          3.8G       3.7G       130M       5.7M        28M       3.2G

MemTotal:        4016004 kB
MemFree:          134120 kB
Active:           357624 kB
Mem:          3.8G       3.7G       130M       5.7M        28M       3.2G

MemTotal:        4016004 kB
MemFree:          134120 kB
Active:           357624 kB
Mem:          3.8G       3.7G       130M       5.7M        28M       3.2G

MemTotal:        4016004 kB
MemFree:          134244 kB
Active:           357624 kB
Mem:          3.8G       3.7G       131M       5.7M        28M       3.2G

MemTotal:        4016004 kB
MemFree:          134244 kB
Active:           357624 kB
Mem:          3.8G       3.7G       131M       5.7M        28M       3.2G

MemTotal:        4016004 kB
MemFree:          134244 kB
Active:           357624 kB
Mem:          3.8G       3.7G       131M       5.7M        28M       3.2G

MemTotal:        4016004 kB
MemFree:          134120 kB
Active:           357632 kB
Mem:          3.8G       3.7G       130M       5.7M        28M       3.2G

MemTotal:        4016004 kB
MemFree:          134120 kB
Active:           357632 kB
Mem:          3.8G       3.7G       130M       5.7M        28M       3.2G

MemTotal:        4016004 kB
MemFree:          134120 kB
Active:           357632 kB
Mem:          3.8G       3.7G       130M       5.7M        28M       3.2G

MemTotal:        4016004 kB
MemFree:          134120 kB
Active:           357632 kB
Mem:          3.8G       3.7G       130M       5.7M        28M       3.2G

MemTotal:        4016004 kB
MemFree:          134120 kB
Active:           357632 kB
Mem:          3.8G       3.7G       130M       5.7M        28M       3.2G

MemTotal:        4016004 kB
MemFree:          134244 kB
Active:           357632 kB
Mem:          3.8G       3.7G       131M       5.7M        28M       3.2G

MemTotal:        4016004 kB
MemFree:          134120 kB
Active:           357636 kB
Mem:          3.8G       3.7G       130M       5.7M        28M       3.2G

MemTotal:        4016004 kB
MemFree:          134368 kB
Active:           357636 kB
Mem:          3.8G       3.7G       131M       5.7M        28M       3.2G

MemTotal:        4016004 kB
MemFree:          134368 kB
Active:           357640 kB
Mem:          3.8G       3.7G       131M       5.7M        28M       3.2G

MemTotal:        4016004 kB
MemFree:          134244 kB
Active:           357648 kB
Mem:          3.8G       3.7G       131M       5.7M        28M       3.2G

MemTotal:        4016004 kB
MemFree:          134244 kB
Active:           357648 kB
Mem:          3.8G       3.7G       131M       5.7M        28M       3.2G

MemTotal:        4016004 kB
MemFree:          134244 kB
Active:           357648 kB
Mem:          3.8G       3.7G       131M       5.7M        28M       3.2G

MemTotal:        4016004 kB
MemFree:          134244 kB
Active:           357648 kB
Mem:          3.8G       3.7G       131M       5.7M        28M       3.2G

MemTotal:        4016004 kB
MemFree:          134244 kB
Active:           357648 kB
Mem:          3.8G       3.7G       131M       5.7M        28M       3.2G

MemTotal:        4016004 kB
MemFree:          134244 kB
Active:           357648 kB
Mem:          3.8G       3.7G       131M       5.7M        28M       3.2G

MemTotal:        4016004 kB
MemFree:          134244 kB
Active:           357656 kB
Mem:          3.8G       3.7G       131M       5.7M        28M       3.2G

MemTotal:        4016004 kB
MemFree:          134244 kB
Active:           357656 kB
Mem:          3.8G       3.7G       131M       5.7M        28M       3.2G

MemTotal:        4016004 kB
MemFree:          134244 kB
Active:           357656 kB
Mem:          3.8G       3.7G       131M       5.7M        28M       3.2G

MemTotal:        4016004 kB
MemFree:          134244 kB
Active:           357656 kB
Mem:          3.8G       3.7G       131M       5.7M        28M       3.2G

MemTotal:        4016004 kB
MemFree:          134244 kB
Active:           357660 kB
Mem:          3.8G       3.7G       131M       5.7M        28M       3.2G

MemTotal:        4016004 kB
MemFree:          134244 kB
Active:           357668 kB
Mem:          3.8G       3.7G       131M       5.7M        28M       3.2G

MemTotal:        4016004 kB
MemFree:          134244 kB
Active:           357668 kB
Mem:          3.8G       3.7G       131M       5.7M        28M       3.2G

MemTotal:        4016004 kB
MemFree:          134244 kB
Active:           357672 kB
Mem:          3.8G       3.7G       131M       5.7M        28M       3.2G

MemTotal:        4016004 kB
MemFree:          134244 kB
Active:           357672 kB
Mem:          3.8G       3.7G       131M       5.7M        28M       3.2G

MemTotal:        4016004 kB
MemFree:          134120 kB
Active:           357672 kB
Mem:          3.8G       3.7G       131M       5.7M        28M       3.2G

MemTotal:        4016004 kB
MemFree:          134244 kB
Active:           357672 kB
Mem:          3.8G       3.7G       131M       5.7M        28M       3.2G

MemTotal:        4016004 kB
MemFree:          134244 kB
Active:           357672 kB
Mem:          3.8G       3.7G       131M       5.7M        28M       3.2G

MemTotal:        4016004 kB
MemFree:          134244 kB
Active:           357672 kB
Mem:          3.8G       3.7G       131M       5.7M        28M       3.2G

MemTotal:        4016004 kB
MemFree:          134244 kB
Active:           357680 kB
Mem:          3.8G       3.7G       131M       5.7M        28M       3.2G

MemTotal:        4016004 kB
MemFree:          134244 kB
Active:           357680 kB
Mem:          3.8G       3.7G       131M       5.7M        28M       3.2G

MemTotal:        4016004 kB
MemFree:          134244 kB
Active:           357680 kB
Mem:          3.8G       3.7G       130M       5.7M        28M       3.2G

MemTotal:        4016004 kB
MemFree:          134244 kB
Active:           357680 kB
Mem:          3.8G       3.7G       130M       5.7M        28M       3.2G

MemTotal:        4016004 kB
MemFree:          134120 kB
Active:           357680 kB
Mem:          3.8G       3.7G       130M       5.7M        28M       3.2G

MemTotal:        4016004 kB
MemFree:          134120 kB
Active:           357684 kB
Mem:          3.8G       3.7G       131M       5.7M        28M       3.2G

MemTotal:        4016004 kB
MemFree:          134244 kB
Active:           357684 kB
Mem:          3.8G       3.7G       131M       5.7M        28M       3.2G

MemTotal:        4016004 kB
MemFree:          134120 kB
Active:           357684 kB
Mem:          3.8G       3.7G       130M       5.7M        28M       3.2G

MemTotal:        4016004 kB
MemFree:          134120 kB
Active:           357692 kB
Mem:          3.8G       3.7G       130M       5.7M        28M       3.2G

MemTotal:        4016004 kB
MemFree:          134120 kB
Active:           357696 kB
Mem:          3.8G       3.7G       130M       5.7M        28M       3.2G

MemTotal:        4016004 kB
MemFree:          134120 kB
Active:           357696 kB
Mem:          3.8G       3.7G       130M       5.7M        28M       3.2G

MemTotal:        4016004 kB
MemFree:          134120 kB
Active:           357696 kB
Mem:          3.8G       3.7G       130M       5.7M        28M       3.2G

MemTotal:        4016004 kB
MemFree:          134244 kB
Active:           357696 kB
Mem:          3.8G       3.7G       131M       5.7M        28M       3.2G

MemTotal:        4016004 kB
MemFree:          134244 kB
Active:           357696 kB
Mem:          3.8G       3.7G       131M       5.7M        28M       3.2G

MemTotal:        4016004 kB
MemFree:          134244 kB
Active:           357704 kB
Mem:          3.8G       3.7G       131M       5.7M        28M       3.2G

MemTotal:        4016004 kB
MemFree:          134120 kB
Active:           357704 kB
Mem:          3.8G       3.7G       130M       5.7M        28M       3.2G

MemTotal:        4016004 kB
MemFree:          134120 kB
Active:           357708 kB
Mem:          3.8G       3.7G       130M       5.7M        28M       3.2G

MemTotal:        4016004 kB
MemFree:          134120 kB
Active:           357708 kB
Mem:          3.8G       3.7G       130M       5.7M        28M       3.2G

MemTotal:        4016004 kB
MemFree:          134120 kB
Active:           357708 kB
Mem:          3.8G       3.7G       130M       5.7M        28M       3.2G

MemTotal:        4016004 kB
MemFree:          134120 kB
Active:           357708 kB
Mem:          3.8G       3.7G       130M       5.7M        28M       3.2G

MemTotal:        4016004 kB
MemFree:          134120 kB
Active:           357708 kB
Mem:          3.8G       3.7G       130M       5.7M        28M       3.2G

MemTotal:        4016004 kB
MemFree:          134120 kB
Active:           357720 kB
Mem:          3.8G       3.7G       130M       5.7M        28M       3.2G

MemTotal:        4016004 kB
MemFree:          134120 kB
Active:           357720 kB
Mem:          3.8G       3.7G       130M       5.7M        28M       3.2G

MemTotal:        4016004 kB
MemFree:          134120 kB
Active:           357720 kB
Mem:          3.8G       3.7G       130M       5.7M        28M       3.2G

MemTotal:        4016004 kB
MemFree:          134120 kB
Active:           357720 kB
Mem:          3.8G       3.7G       130M       5.7M        28M       3.2G

MemTotal:        4016004 kB
MemFree:          134120 kB
Active:           357720 kB
Mem:          3.8G       3.7G       130M       5.7M        28M       3.2G

MemTotal:        4016004 kB
MemFree:          134120 kB
Active:           357720 kB
Mem:          3.8G       3.7G       130M       5.7M        28M       3.2G

MemTotal:        4016004 kB
MemFree:          134120 kB
Active:           357728 kB
Mem:          3.8G       3.7G       130M       5.7M        28M       3.2G

MemTotal:        4016004 kB
MemFree:          134120 kB
Active:           357728 kB
Mem:          3.8G       3.7G       130M       5.7M        28M       3.2G

MemTotal:        4016004 kB
MemFree:          134120 kB
Active:           357728 kB
Mem:          3.8G       3.7G       130M       5.7M        28M       3.2G

MemTotal:        4016004 kB
MemFree:          133996 kB
Active:           357728 kB
Mem:          3.8G       3.7G       130M       5.7M        28M       3.2G

MemTotal:        4016004 kB
MemFree:          133996 kB
Active:           357728 kB
Mem:          3.8G       3.7G       130M       5.7M        28M       3.2G

MemTotal:        4016004 kB
MemFree:          134120 kB
Active:           357728 kB
Mem:          3.8G       3.7G       130M       5.7M        28M       3.2G

MemTotal:        4016004 kB
MemFree:          134120 kB
Active:           357728 kB
Mem:          3.8G       3.7G       130M       5.7M        28M       3.2G

MemTotal:        4016004 kB
MemFree:          134120 kB
Active:           357728 kB
Mem:          3.8G       3.7G       130M       5.7M        28M       3.2G

MemTotal:        4016004 kB
MemFree:          134120 kB
Active:           357732 kB
Mem:          3.8G       3.7G       130M       5.7M        28M       3.2G

MemTotal:        4016004 kB
MemFree:          134120 kB
Active:           357732 kB
Mem:          3.8G       3.7G       130M       5.7M        28M       3.2G

MemTotal:        4016004 kB
MemFree:          134120 kB
Active:           357732 kB
Mem:          3.8G       3.7G       130M       5.7M        28M       3.2G

MemTotal:        4016004 kB
MemFree:          134120 kB
Active:           357732 kB
Mem:          3.8G       3.7G       130M       5.7M        28M       3.2G

MemTotal:        4016004 kB
MemFree:          134432 kB
Active:           357492 kB
Mem:          3.8G       3.7G       131M       5.7M        28M       3.2G

MemTotal:        4016004 kB
MemFree:          134680 kB
Active:           357492 kB
Mem:          3.8G       3.7G       131M       5.7M        28M       3.2G

MemTotal:        4016004 kB
MemFree:          134680 kB
Active:           357504 kB
Mem:          3.8G       3.7G       131M       5.7M        28M       3.2G

MemTotal:        4016004 kB
MemFree:          135052 kB
Active:           357476 kB
Mem:          3.8G       3.7G       131M       5.7M        28M       3.2G

MemTotal:        4016004 kB
MemFree:          135176 kB
Active:           357508 kB
Mem:          3.8G       3.7G       131M       5.7M        28M       3.2G

MemTotal:        4016004 kB
MemFree:          135052 kB
Active:           357504 kB
Mem:          3.8G       3.7G       131M       5.7M        28M       3.2G

MemTotal:        4016004 kB
MemFree:          134812 kB
Active:           357508 kB
Mem:          3.8G       3.7G       131M       5.7M        28M       3.2G

MemTotal:        4016004 kB
MemFree:          134936 kB
Active:           357508 kB
Mem:          3.8G       3.7G       131M       5.7M        28M       3.2G

MemTotal:        4016004 kB
MemFree:          135184 kB
Active:           357476 kB
Mem:          3.8G       3.7G       132M       5.7M        28M       3.2G

MemTotal:        4016004 kB
MemFree:          135308 kB
Active:           357516 kB
Mem:          3.8G       3.7G       132M       5.7M        28M       3.2G

MemTotal:        4016004 kB
MemFree:          135680 kB
Active:           357508 kB
Mem:          3.8G       3.7G       132M       5.7M        28M       3.2G

MemTotal:        4016004 kB
MemFree:          135184 kB
Active:           357528 kB
Mem:          3.8G       3.7G       132M       5.7M        28M       3.2G

MemTotal:        4016004 kB
MemFree:          135184 kB
Active:           357528 kB
Mem:          3.8G       3.7G       132M       5.7M        28M       3.2G

MemTotal:        4016004 kB
MemFree:          135556 kB
Active:           357504 kB
Mem:          3.8G       3.7G       132M       5.7M        28M       3.2G

MemTotal:        4016004 kB
MemFree:          135184 kB
Active:           357528 kB
Mem:          3.8G       3.7G       132M       5.7M        28M       3.2G

MemTotal:        4016004 kB
MemFree:          135680 kB
Active:           357480 kB
Mem:          3.8G       3.7G       132M       5.7M        28M       3.2G

MemTotal:        4016004 kB
MemFree:          135308 kB
Active:           357536 kB
Mem:          3.8G       3.7G       132M       5.7M        28M       3.2G

MemTotal:        4016004 kB
MemFree:          135308 kB
Active:           357536 kB
Mem:          3.8G       3.7G       132M       5.7M        28M       3.2G

MemTotal:        4016004 kB
MemFree:          134908 kB
Active:           357536 kB
Mem:          3.8G       3.7G       131M       5.7M        28M       3.2G

MemTotal:        4016004 kB
MemFree:          135280 kB
Active:           357516 kB
Mem:          3.8G       3.7G       131M       5.7M        28M       3.2G

MemTotal:        4016004 kB
MemFree:          134660 kB
Active:           357536 kB
Mem:          3.8G       3.7G       131M       5.7M        28M       3.2G

MemTotal:        4016004 kB
MemFree:          134536 kB
Active:           357544 kB
Mem:          3.8G       3.7G       131M       5.7M        28M       3.2G

MemTotal:        4016004 kB
MemFree:          134908 kB
Active:           357508 kB
Mem:          3.8G       3.7G       131M       5.7M        28M       3.2G

MemTotal:        4016004 kB
MemFree:          134536 kB
Active:           357556 kB
Mem:          3.8G       3.7G       131M       5.7M        28M       3.2G

MemTotal:        4016004 kB
MemFree:          134784 kB
Active:           357560 kB
Mem:          3.8G       3.7G       131M       5.7M        28M       3.2G

MemTotal:        4016004 kB
MemFree:          135156 kB
Active:           357508 kB
Mem:          3.8G       3.7G       131M       5.7M        28M       3.2G

MemTotal:        4016004 kB
MemFree:          135652 kB
Active:           357552 kB
Mem:          3.8G       3.7G       132M       5.7M        28M       3.2G

MemTotal:        4016004 kB
MemFree:          135280 kB
Active:           357560 kB
Mem:          3.8G       3.7G       132M       5.7M        28M       3.2G

MemTotal:        4016004 kB
MemFree:          135776 kB
Active:           357540 kB
Mem:          3.8G       3.7G       132M       5.7M        28M       3.2G

MemTotal:        4016004 kB
MemFree:          135824 kB
Active:           357544 kB
