MemTotal:        4016004 kB
MemFree:         3225752 kB
Active:           435624 kB
Mem:          3.8G       771M       3.1G       5.7M        55M       319M

MemTotal:        4016004 kB
MemFree:         3226088 kB
Active:           435504 kB
Mem:          3.8G       771M       3.1G       5.7M        55M       319M

MemTotal:        4016004 kB
MemFree:         3226460 kB
Active:           435548 kB
Mem:          3.8G       771M       3.1G       5.7M        55M       319M

MemTotal:        4016004 kB
MemFree:         3226460 kB
Active:           435576 kB
Mem:          3.8G       771M       3.1G       5.7M        55M       319M

MemTotal:        4016004 kB
MemFree:         3225716 kB
Active:           435580 kB
Mem:          3.8G       771M       3.1G       5.7M        55M       319M

MemTotal:        4016004 kB
MemFree:         3223792 kB
Active:           435580 kB
Mem:          3.8G       773M       3.1G       5.7M        55M       319M

MemTotal:        4016004 kB
MemFree:         3223968 kB
Active:           437560 kB
Mem:          3.8G       773M       3.1G       5.7M        55M       319M

MemTotal:        4016004 kB
MemFree:         3223580 kB
Active:           437612 kB
Mem:          3.8G       773M       3.1G       5.7M        55M       319M

MemTotal:        4016004 kB
MemFree:         3223812 kB
Active:           437612 kB
Mem:          3.8G       773M       3.1G       5.7M        55M       319M

MemTotal:        4016004 kB
MemFree:         3224200 kB
Active:           437592 kB
Mem:          3.8G       773M       3.1G       5.7M        55M       319M

MemTotal:        4016004 kB
MemFree:         3224200 kB
Active:           437584 kB
Mem:          3.8G       773M       3.1G       5.7M        55M       319M

MemTotal:        4016004 kB
MemFree:         3223952 kB
Active:           437616 kB
Mem:          3.8G       773M       3.1G       5.7M        55M       319M

MemTotal:        4016004 kB
MemFree:         3223704 kB
Active:           437616 kB
Mem:          3.8G       773M       3.1G       5.7M        55M       319M

MemTotal:        4016004 kB
MemFree:         3224184 kB
Active:           437564 kB
Mem:          3.8G       773M       3.1G       5.7M        55M       319M

MemTotal:        4016004 kB
MemFree:         3224464 kB
Active:           437596 kB
Mem:          3.8G       773M       3.1G       5.7M        55M       319M

MemTotal:        4016004 kB
MemFree:         3226780 kB
Active:           433648 kB
Mem:          3.8G       770M       3.1G       5.7M        55M       319M

MemTotal:        4016004 kB
MemFree:         3226664 kB
Active:           435556 kB
Mem:          3.8G       770M       3.1G       5.7M        55M       319M

MemTotal:        4016004 kB
MemFree:         3226152 kB
Active:           435612 kB
Mem:          3.8G       771M       3.1G       5.7M        55M       319M

MemTotal:        4016004 kB
MemFree:         3226384 kB
Active:           435592 kB
Mem:          3.8G       771M       3.1G       5.7M        55M       319M

MemTotal:        4016004 kB
MemFree:         3226152 kB
Active:           435612 kB
Mem:          3.8G       771M       3.1G       5.7M        55M       319M

MemTotal:        4016004 kB
MemFree:         3226524 kB
Active:           435616 kB
Mem:          3.8G       770M       3.1G       5.7M        55M       319M

MemTotal:        4016004 kB
MemFree:         3225904 kB
Active:           435620 kB
Mem:          3.8G       771M       3.1G       5.7M        55M       319M

MemTotal:        4016004 kB
MemFree:         3226028 kB
Active:           435600 kB
Mem:          3.8G       771M       3.1G       5.7M        55M       319M

MemTotal:        4016004 kB
MemFree:         3226012 kB
Active:           435572 kB
Mem:          3.8G       771M       3.1G       5.7M        55M       319M

MemTotal:        4016004 kB
MemFree:         3226044 kB
Active:           435620 kB
Mem:          3.8G       771M       3.1G       5.7M        55M       319M

MemTotal:        4016004 kB
MemFree:         3226044 kB
Active:           435604 kB
Mem:          3.8G       771M       3.1G       5.7M        55M       319M

MemTotal:        4016004 kB
MemFree:         3226168 kB
Active:           435604 kB
Mem:          3.8G       771M       3.1G       5.7M        55M       319M

MemTotal:        4016004 kB
MemFree:         3225796 kB
Active:           435620 kB
Mem:          3.8G       771M       3.1G       5.7M        55M       319M

MemTotal:        4016004 kB
MemFree:         3225780 kB
Active:           435628 kB
Mem:          3.8G       771M       3.1G       5.7M        55M       319M

MemTotal:        4016004 kB
MemFree:         3225888 kB
Active:           435628 kB
Mem:          3.8G       771M       3.1G       5.7M        55M       319M

MemTotal:        4016004 kB
MemFree:         3225376 kB
Active:           435628 kB
Mem:          3.8G       771M       3.1G       5.7M        55M       319M

MemTotal:        4016004 kB
MemFree:         3225500 kB
Active:           435628 kB
Mem:          3.8G       771M       3.1G       5.7M        55M       319M

MemTotal:        4016004 kB
MemFree:         3226384 kB
Active:           435600 kB
Mem:          3.8G       771M       3.1G       5.7M        55M       319M

MemTotal:        4016004 kB
MemFree:         3226508 kB
Active:           435624 kB
Mem:          3.8G       770M       3.1G       5.7M        55M       319M

MemTotal:        4016004 kB
MemFree:         3226136 kB
Active:           435636 kB
Mem:          3.8G       771M       3.1G       5.7M        55M       319M

MemTotal:        4016004 kB
MemFree:         3225940 kB
Active:           433652 kB
Mem:          3.8G       771M       3.1G       5.7M        55M       319M

MemTotal:        4016004 kB
MemFree:         3226444 kB
Active:           435644 kB
Mem:          3.8G       771M       3.1G       5.7M        55M       319M

MemTotal:        4016004 kB
MemFree:         3226368 kB
Active:           435648 kB
Mem:          3.8G       771M       3.1G       5.7M        55M       319M

MemTotal:        4016004 kB
MemFree:         3226120 kB
Active:           435668 kB
Mem:          3.8G       771M       3.1G       5.7M        55M       319M

MemTotal:        4016004 kB
MemFree:         3226244 kB
Active:           435668 kB
Mem:          3.8G       771M       3.1G       5.7M        55M       319M

MemTotal:        4016004 kB
MemFree:         3226352 kB
Active:           435652 kB
Mem:          3.8G       771M       3.1G       5.7M        55M       319M

MemTotal:        4016004 kB
MemFree:         3226120 kB
Active:           435640 kB
Mem:          3.8G       771M       3.1G       5.7M        55M       319M

MemTotal:        4016004 kB
MemFree:         3226120 kB
Active:           435668 kB
Mem:          3.8G       771M       3.1G       5.7M        55M       319M

MemTotal:        4016004 kB
MemFree:         3225732 kB
Active:           435688 kB
Mem:          3.8G       771M       3.1G       5.7M        55M       319M

MemTotal:        4016004 kB
MemFree:         3226120 kB
Active:           435664 kB
Mem:          3.8G       771M       3.1G       5.7M        55M       319M

MemTotal:        4016004 kB
MemFree:         3225500 kB
Active:           435688 kB
Mem:          3.8G       771M       3.1G       5.7M        55M       319M

MemTotal:        4016004 kB
MemFree:         3225748 kB
Active:           435672 kB
Mem:          3.8G       771M       3.1G       5.7M        55M       319M

MemTotal:        4016004 kB
MemFree:         3225748 kB
Active:           435636 kB
Mem:          3.8G       771M       3.1G       5.7M        55M       319M

MemTotal:        4016004 kB
MemFree:         3225608 kB
Active:           435696 kB
Mem:          3.8G       771M       3.1G       5.7M        55M       319M

MemTotal:        4016004 kB
MemFree:         3225996 kB
Active:           435676 kB
Mem:          3.8G       771M       3.1G       5.7M        55M       319M

MemTotal:        4016004 kB
MemFree:         3225996 kB
Active:           435656 kB
Mem:          3.8G       771M       3.1G       5.7M        55M       319M

MemTotal:        4016004 kB
MemFree:         3225484 kB
Active:           435700 kB
Mem:          3.8G       771M       3.1G       5.7M        55M       319M

MemTotal:        4016004 kB
MemFree:         3225996 kB
Active:           435664 kB
Mem:          3.8G       771M       3.1G       5.7M        55M       319M

MemTotal:        4016004 kB
MemFree:         3225996 kB
Active:           435708 kB
Mem:          3.8G       771M       3.1G       5.7M        55M       319M

MemTotal:        4016004 kB
MemFree:         3226104 kB
Active:           435704 kB
Mem:          3.8G       771M       3.1G       5.7M        55M       319M

MemTotal:        4016004 kB
MemFree:         3224072 kB
Active:           435700 kB
Mem:          3.8G       773M       3.1G       5.7M        55M       319M

MemTotal:        4016004 kB
MemFree:         3224072 kB
Active:           437720 kB
Mem:          3.8G       773M       3.1G       5.7M        55M       319M

MemTotal:        4016004 kB
MemFree:         3223544 kB
Active:           437748 kB
Mem:          3.8G       773M       3.1G       5.7M        55M       319M

MemTotal:        4016004 kB
MemFree:         3224412 kB
Active:           437740 kB
Mem:          3.8G       773M       3.1G       5.7M        55M       319M

MemTotal:        4016004 kB
MemFree:         3223948 kB
Active:           437756 kB
Mem:          3.8G       773M       3.1G       5.7M        55M       319M

MemTotal:        4016004 kB
MemFree:         3224196 kB
Active:           437744 kB
Mem:          3.8G       773M       3.1G       5.7M        55M       319M

MemTotal:        4016004 kB
MemFree:         3224196 kB
Active:           437736 kB
Mem:          3.8G       773M       3.1G       5.7M        55M       319M

MemTotal:        4016004 kB
MemFree:         3223948 kB
Active:           437756 kB
Mem:          3.8G       773M       3.1G       5.7M        55M       319M

MemTotal:        4016004 kB
MemFree:         3223808 kB
Active:           437756 kB
Mem:          3.8G       773M       3.1G       5.7M        55M       319M

MemTotal:        4016004 kB
MemFree:         3223420 kB
Active:           437764 kB
Mem:          3.8G       773M       3.1G       5.7M        55M       319M

MemTotal:        4016004 kB
MemFree:         3221620 kB
Active:           437740 kB
Mem:          3.8G       775M       3.1G       5.7M        55M       319M

MemTotal:        4016004 kB
MemFree:         3221124 kB
Active:           439788 kB
Mem:          3.8G       775M       3.1G       5.7M        55M       319M

MemTotal:        4016004 kB
MemFree:         3221372 kB
Active:           439760 kB
Mem:          3.8G       776M       3.1G       5.7M        55M       319M

MemTotal:        4016004 kB
MemFree:         3221000 kB
Active:           439788 kB
Mem:          3.8G       776M       3.1G       5.7M        55M       319M

MemTotal:        4016004 kB
MemFree:         3221248 kB
Active:           439788 kB
Mem:          3.8G       775M       3.1G       5.7M        55M       319M

MemTotal:        4016004 kB
MemFree:         3221248 kB
Active:           439792 kB
Mem:          3.8G       776M       3.1G       5.7M        55M       319M

MemTotal:        4016004 kB
MemFree:         3222024 kB
Active:           439776 kB
Mem:          3.8G       775M       3.1G       5.7M        55M       319M

MemTotal:        4016004 kB
MemFree:         3221900 kB
Active:           439792 kB
Mem:          3.8G       775M       3.1G       5.7M        55M       319M

MemTotal:        4016004 kB
MemFree:         3222024 kB
Active:           439764 kB
Mem:          3.8G       775M       3.1G       5.7M        55M       319M

MemTotal:        4016004 kB
MemFree:         3221992 kB
Active:           439752 kB
Mem:          3.8G       775M       3.1G       5.7M        55M       319M

MemTotal:        4016004 kB
MemFree:         3222256 kB
Active:           439784 kB
Mem:          3.8G       775M       3.1G       5.7M        55M       319M

MemTotal:        4016004 kB
MemFree:         3221884 kB
Active:           439792 kB
Mem:          3.8G       775M       3.1G       5.7M        55M       319M

MemTotal:        4016004 kB
MemFree:         3221760 kB
Active:           439780 kB
Mem:          3.8G       775M       3.1G       5.7M        55M       319M

MemTotal:        4016004 kB
MemFree:         3221868 kB
Active:           439752 kB
Mem:          3.8G       775M       3.1G       5.7M        55M       319M

MemTotal:        4016004 kB
MemFree:         3221636 kB
Active:           439800 kB
Mem:          3.8G       775M       3.1G       5.7M        55M       319M

MemTotal:        4016004 kB
MemFree:         3221388 kB
Active:           439800 kB
Mem:          3.8G       775M       3.1G       5.7M        55M       319M

MemTotal:        4016004 kB
MemFree:         3221620 kB
Active:           439756 kB
Mem:          3.8G       775M       3.1G       5.7M        55M       319M

MemTotal:        4016004 kB
MemFree:         3221420 kB
Active:           439804 kB
Mem:          3.8G       775M       3.1G       5.7M        55M       319M

MemTotal:        4016004 kB
MemFree:         3222040 kB
Active:           439780 kB
Mem:          3.8G       775M       3.1G       5.7M        55M       319M

MemTotal:        4016004 kB
MemFree:         3221420 kB
Active:           439816 kB
Mem:          3.8G       775M       3.1G       5.7M        55M       319M

MemTotal:        4016004 kB
MemFree:         3222104 kB
Active:           438056 kB
Mem:          3.8G       775M       3.1G       5.7M        55M       319M

MemTotal:        4016004 kB
MemFree:         3221696 kB
Active:           439892 kB
Mem:          3.8G       775M       3.1G       5.7M        55M       319M

MemTotal:        4016004 kB
MemFree:         3221696 kB
Active:           439868 kB
Mem:          3.8G       775M       3.1G       5.7M        55M       319M

MemTotal:        4016004 kB
MemFree:         3221200 kB
Active:           439892 kB
Mem:          3.8G       776M       3.1G       5.7M        55M       319M

MemTotal:        4016004 kB
MemFree:         3221572 kB
Active:           439884 kB
Mem:          3.8G       775M       3.1G       5.7M        55M       319M

MemTotal:        4016004 kB
MemFree:         3221200 kB
Active:           439904 kB
Mem:          3.8G       776M       3.1G       5.7M        55M       319M

MemTotal:        4016004 kB
MemFree:         3221572 kB
Active:           439880 kB
Mem:          3.8G       775M       3.1G       5.7M        55M       319M

MemTotal:        4016004 kB
MemFree:         3221588 kB
Active:           439856 kB
Mem:          3.8G       775M       3.1G       5.7M        55M       319M

MemTotal:        4016004 kB
MemFree:         3221712 kB
Active:           439904 kB
Mem:          3.8G       775M       3.1G       5.7M        55M       319M

MemTotal:        4016004 kB
MemFree:         3222208 kB
Active:           439900 kB
Mem:          3.8G       775M       3.1G       5.7M        55M       319M

MemTotal:        4016004 kB
MemFree:         3222192 kB
Active:           439868 kB
Mem:          3.8G       775M       3.1G       5.7M        55M       319M

MemTotal:        4016004 kB
MemFree:         3222068 kB
Active:           439888 kB
Mem:          3.8G       775M       3.1G       5.7M        55M       319M

MemTotal:        4016004 kB
MemFree:         3221820 kB
Active:           439916 kB
Mem:          3.8G       775M       3.1G       5.7M        55M       319M

MemTotal:        4016004 kB
MemFree:         3221944 kB
Active:           439908 kB
Mem:          3.8G       775M       3.1G       5.7M        55M       319M

MemTotal:        4016004 kB
MemFree:         3221944 kB
Active:           439872 kB
Mem:          3.8G       775M       3.1G       5.7M        55M       319M

MemTotal:        4016004 kB
MemFree:         3221120 kB
Active:           440288 kB
Mem:          3.8G       776M       3.1G       5.7M        55M       319M

MemTotal:        4016004 kB
MemFree:         3177352 kB
Active:           441264 kB
Mem:          3.8G       818M       3.0G       5.7M        55M       360M

MemTotal:        4016004 kB
MemFree:         3131608 kB
Active:           441308 kB
Mem:          3.8G       864M       3.0G       5.7M        55M       404M

MemTotal:        4016004 kB
MemFree:         3086732 kB
Active:           441316 kB
Mem:          3.8G       909M       2.9G       5.7M        55M       449M

MemTotal:        4016004 kB
MemFree:         3040492 kB
Active:           441340 kB
Mem:          3.8G       953M       2.9G       5.7M        55M       492M

MemTotal:        4016004 kB
MemFree:         2991620 kB
Active:           441400 kB
Mem:          3.8G       1.0G       2.9G       5.7M        55M       536M

MemTotal:        4016004 kB
MemFree:         2947044 kB
Active:           443408 kB
Mem:          3.8G       1.0G       2.8G       5.7M        55M       579M

MemTotal:        4016004 kB
MemFree:         2923488 kB
Active:           443424 kB
Mem:          3.8G       1.0G       2.8G       5.7M        56M       602M

MemTotal:        4016004 kB
MemFree:         2877544 kB
Active:           443488 kB
Mem:          3.8G       1.1G       2.7G       5.7M        56M       647M

MemTotal:        4016004 kB
MemFree:         2832560 kB
Active:           443496 kB
Mem:          3.8G       1.1G       2.7G       5.7M        56M       691M

MemTotal:        4016004 kB
MemFree:         2787064 kB
Active:           443500 kB
Mem:          3.8G       1.2G       2.7G       5.7M        56M       734M

MemTotal:        4016004 kB
MemFree:         2740716 kB
Active:           443560 kB
Mem:          3.8G       1.2G       2.6G       5.7M        56M       778M

MemTotal:        4016004 kB
MemFree:         2695840 kB
Active:           443588 kB
Mem:          3.8G       1.3G       2.6G       5.7M        56M       823M

MemTotal:        4016004 kB
MemFree:         2648836 kB
Active:           443612 kB
Mem:          3.8G       1.3G       2.5G       5.7M        56M       866M

MemTotal:        4016004 kB
MemFree:         2604352 kB
Active:           443656 kB
Mem:          3.8G       1.3G       2.5G       5.7M        56M       909M

MemTotal:        4016004 kB
MemFree:         2558676 kB
Active:           443688 kB
Mem:          3.8G       1.4G       2.4G       5.7M        56M       952M

MemTotal:        4016004 kB
MemFree:         2512352 kB
Active:           443712 kB
Mem:          3.8G       1.4G       2.4G       5.7M        56M       997M

MemTotal:        4016004 kB
MemFree:         2506324 kB
Active:           443692 kB
Mem:          3.8G       1.4G       2.4G       5.7M        56M       1.0G

MemTotal:        4016004 kB
MemFree:         2459708 kB
Active:           443764 kB
Mem:          3.8G       1.5G       2.3G       5.7M        56M       1.0G

MemTotal:        4016004 kB
MemFree:         2414772 kB
Active:           443788 kB
Mem:          3.8G       1.5G       2.3G       5.7M        56M       1.1G

MemTotal:        4016004 kB
MemFree:         2368460 kB
Active:           443812 kB
Mem:          3.8G       1.6G       2.3G       5.7M        56M       1.1G

MemTotal:        4016004 kB
MemFree:         2323028 kB
Active:           443844 kB
Mem:          3.8G       1.6G       2.2G       5.7M        56M       1.2G

MemTotal:        4016004 kB
MemFree:         2277424 kB
Active:           443848 kB
Mem:          3.8G       1.7G       2.2G       5.7M        56M       1.2G

MemTotal:        4016004 kB
MemFree:         2230952 kB
Active:           443880 kB
Mem:          3.8G       1.7G       2.1G       5.7M        56M       1.2G

MemTotal:        4016004 kB
MemFree:         2186308 kB
Active:           443912 kB
Mem:          3.8G       1.7G       2.1G       5.7M        56M       1.3G

MemTotal:        4016004 kB
MemFree:         2140512 kB
Active:           441900 kB
Mem:          3.8G       1.8G       2.0G       5.7M        56M       1.3G

MemTotal:        4016004 kB
MemFree:         2094564 kB
Active:           443960 kB
Mem:          3.8G       1.8G       2.0G       5.7M        56M       1.4G

MemTotal:        4016004 kB
MemFree:         2054196 kB
Active:           443988 kB
Mem:          3.8G       1.9G       2.0G       5.7M        56M       1.4G

MemTotal:        4016004 kB
MemFree:         2054296 kB
Active:           443980 kB
Mem:          3.8G       1.9G       2.0G       5.7M        56M       1.4G

MemTotal:        4016004 kB
MemFree:         2012228 kB
Active:           444028 kB
Mem:          3.8G       1.9G       1.9G       5.7M        56M       1.4G

MemTotal:        4016004 kB
MemFree:         1965880 kB
Active:           444036 kB
Mem:          3.8G       2.0G       1.9G       5.7M        56M       1.5G

MemTotal:        4016004 kB
MemFree:         1920868 kB
Active:           444044 kB
Mem:          3.8G       2.0G       1.8G       5.7M        56M       1.5G

MemTotal:        4016004 kB
MemFree:         1880520 kB
Active:           444096 kB
Mem:          3.8G       2.0G       1.8G       5.7M        56M       1.6G

MemTotal:        4016004 kB
MemFree:         1880276 kB
Active:           444080 kB
Mem:          3.8G       2.0G       1.8G       5.7M        56M       1.6G

MemTotal:        4016004 kB
MemFree:         1862080 kB
Active:           444104 kB
Mem:          3.8G       2.1G       1.8G       5.7M        56M       1.6G

MemTotal:        4016004 kB
MemFree:         1815688 kB
Active:           444152 kB
Mem:          3.8G       2.1G       1.7G       5.7M        56M       1.6G

MemTotal:        4016004 kB
MemFree:         1771064 kB
Active:           444180 kB
Mem:          3.8G       2.1G       1.7G       5.7M        56M       1.7G

MemTotal:        4016004 kB
MemFree:         1724592 kB
Active:           444200 kB
Mem:          3.8G       2.2G       1.6G       5.7M        56M       1.7G

MemTotal:        4016004 kB
MemFree:         1679980 kB
Active:           444228 kB
Mem:          3.8G       2.2G       1.6G       5.7M        56M       1.8G

MemTotal:        4016004 kB
MemFree:         1634236 kB
Active:           444212 kB
Mem:          3.8G       2.3G       1.6G       5.7M        56M       1.8G

MemTotal:        4016004 kB
MemFree:         1588384 kB
Active:           444268 kB
Mem:          3.8G       2.3G       1.5G       5.7M        56M       1.8G

MemTotal:        4016004 kB
MemFree:         1544020 kB
Active:           444256 kB
Mem:          3.8G       2.4G       1.5G       5.7M        56M       1.9G

MemTotal:        4016004 kB
MemFree:         1499476 kB
Active:           444328 kB
Mem:          3.8G       2.4G       1.4G       5.7M        56M       1.9G

MemTotal:        4016004 kB
MemFree:         1499416 kB
Active:           444356 kB
Mem:          3.8G       2.4G       1.4G       5.7M        56M       1.9G

MemTotal:        4016004 kB
MemFree:         1482368 kB
Active:           444320 kB
Mem:          3.8G       2.4G       1.4G       5.7M        56M       1.9G

MemTotal:        4016004 kB
MemFree:         1437820 kB
Active:           444360 kB
Mem:          3.8G       2.5G       1.4G       5.7M        56M       2.0G

MemTotal:        4016004 kB
MemFree:         1391952 kB
Active:           444356 kB
Mem:          3.8G       2.5G       1.3G       5.7M        56M       2.0G

MemTotal:        4016004 kB
MemFree:         1345232 kB
Active:           444408 kB
Mem:          3.8G       2.5G       1.3G       5.7M        56M       2.1G

MemTotal:        4016004 kB
MemFree:         1300072 kB
Active:           444448 kB
Mem:          3.8G       2.6G       1.2G       5.7M        56M       2.1G

MemTotal:        4016004 kB
MemFree:         1255876 kB
Active:           444416 kB
Mem:          3.8G       2.6G       1.2G       5.7M        56M       2.2G

MemTotal:        4016004 kB
MemFree:         1209564 kB
Active:           444480 kB
Mem:          3.8G       2.7G       1.2G       5.7M        56M       2.2G

MemTotal:        4016004 kB
MemFree:         1163080 kB
Active:           444528 kB
Mem:          3.8G       2.7G       1.1G       5.7M        56M       2.2G

MemTotal:        4016004 kB
MemFree:         1118888 kB
Active:           444556 kB
Mem:          3.8G       2.8G       1.1G       5.7M        56M       2.3G

MemTotal:        4016004 kB
MemFree:         1084884 kB
Active:           444580 kB
Mem:          3.8G       2.8G       1.0G       5.7M        56M       2.3G

MemTotal:        4016004 kB
MemFree:         1040400 kB
Active:           444600 kB
Mem:          3.8G       2.8G       1.0G       5.7M        57M       2.4G

MemTotal:        4016004 kB
MemFree:          993912 kB
Active:           444592 kB
Mem:          3.8G       2.9G       970M       5.7M        57M       2.4G

MemTotal:        4016004 kB
MemFree:          947796 kB
Active:           444616 kB
Mem:          3.8G       2.9G       925M       5.7M        57M       2.4G

MemTotal:        4016004 kB
MemFree:          903308 kB
Active:           444620 kB
Mem:          3.8G       3.0G       881M       5.7M        57M       2.5G

MemTotal:        4016004 kB
MemFree:          894736 kB
Active:           444696 kB
Mem:          3.8G       3.0G       873M       5.7M        57M       2.5G

MemTotal:        4016004 kB
MemFree:          850996 kB
Active:           444732 kB
Mem:          3.8G       3.0G       830M       5.7M        57M       2.5G

MemTotal:        4016004 kB
MemFree:          804384 kB
Active:           444740 kB
Mem:          3.8G       3.1G       785M       5.7M        57M       2.6G

MemTotal:        4016004 kB
MemFree:          759420 kB
Active:           444784 kB
Mem:          3.8G       3.1G       740M       5.7M        57M       2.6G

MemTotal:        4016004 kB
MemFree:          713460 kB
Active:           444812 kB
Mem:          3.8G       3.2G       696M       5.7M        57M       2.7G

MemTotal:        4016004 kB
MemFree:          687020 kB
Active:           444840 kB
Mem:          3.8G       3.2G       670M       5.7M        57M       2.7G

MemTotal:        4016004 kB
MemFree:          686992 kB
Active:           444852 kB
Mem:          3.8G       3.2G       670M       5.7M        57M       2.7G

MemTotal:        4016004 kB
MemFree:          673256 kB
Active:           442972 kB
Mem:          3.8G       3.2G       657M       5.7M        57M       2.7G

MemTotal:        4016004 kB
MemFree:          628128 kB
Active:           444832 kB
Mem:          3.8G       3.2G       613M       5.7M        57M       2.7G

MemTotal:        4016004 kB
MemFree:          582260 kB
Active:           444860 kB
Mem:          3.8G       3.3G       567M       5.7M        57M       2.8G

MemTotal:        4016004 kB
MemFree:          537524 kB
Active:           444920 kB
Mem:          3.8G       3.3G       522M       5.7M        57M       2.8G

MemTotal:        4016004 kB
MemFree:          491424 kB
Active:           444948 kB
Mem:          3.8G       3.4G       478M       5.7M        57M       2.9G

MemTotal:        4016004 kB
MemFree:          445200 kB
Active:           444972 kB
Mem:          3.8G       3.4G       434M       5.7M        57M       2.9G

MemTotal:        4016004 kB
MemFree:          400436 kB
Active:           444988 kB
Mem:          3.8G       3.4G       390M       5.7M        57M       3.0G

MemTotal:        4016004 kB
MemFree:          354616 kB
Active:           445008 kB
Mem:          3.8G       3.5G       344M       5.7M        57M       3.0G

MemTotal:        4016004 kB
MemFree:          327576 kB
Active:           445024 kB
Mem:          3.8G       3.5G       319M       5.7M        57M       3.0G

MemTotal:        4016004 kB
MemFree:          308252 kB
Active:           445028 kB
Mem:          3.8G       3.5G       299M       5.7M        57M       3.0G

MemTotal:        4016004 kB
MemFree:          260076 kB
Active:           445084 kB
Mem:          3.8G       3.6G       253M       5.7M        57M       3.1G

MemTotal:        4016004 kB
MemFree:          214208 kB
Active:           447132 kB
Mem:          3.8G       3.6G       208M       5.7M        57M       3.1G

MemTotal:        4016004 kB
MemFree:          169400 kB
Active:           447148 kB
Mem:          3.8G       3.7G       164M       5.7M        57M       3.2G

MemTotal:        4016004 kB
MemFree:          142316 kB
Active:           447148 kB
Mem:          3.8G       3.7G       138M       5.7M        57M       3.2G

MemTotal:        4016004 kB
MemFree:          142040 kB
Active:           447196 kB
Mem:          3.8G       3.7G       139M       5.7M        57M       3.2G

MemTotal:        4016004 kB
MemFree:          140160 kB
Active:           447016 kB
Mem:          3.8G       3.7G       136M       5.7M        57M       3.2G

MemTotal:        4016004 kB
MemFree:          129292 kB
Active:           443716 kB
Mem:          3.8G       3.7G       122M       5.7M        23M       3.2G

MemTotal:        4016004 kB
MemFree:          118408 kB
Active:           455880 kB
Mem:          3.8G       3.7G       115M       5.7M        22M       3.3G

MemTotal:        4016004 kB
MemFree:          163332 kB
Active:           508432 kB
Mem:          3.8G       3.7G       158M       5.7M        22M       3.2G

MemTotal:        4016004 kB
MemFree:          119192 kB
Active:           508528 kB
Mem:          3.8G       3.7G       116M       5.7M        22M       3.3G

MemTotal:        4016004 kB
MemFree:          127528 kB
Active:           500592 kB
Mem:          3.8G       3.7G       123M       5.7M        22M       3.2G

MemTotal:        4016004 kB
MemFree:          117264 kB
Active:           497164 kB
Mem:          3.8G       3.7G       114M       5.7M        22M       3.3G

MemTotal:        4016004 kB
MemFree:          108720 kB
Active:           493732 kB
Mem:          3.8G       3.7G       105M       5.7M        22M       3.3G

MemTotal:        4016004 kB
MemFree:          127904 kB
Active:           489780 kB
Mem:          3.8G       3.7G       124M       5.7M        22M       3.2G

MemTotal:        4016004 kB
MemFree:          109880 kB
Active:           489788 kB
Mem:          3.8G       3.7G       106M       5.7M        22M       3.3G

MemTotal:        4016004 kB
MemFree:          125084 kB
Active:           484572 kB
Mem:          3.8G       3.7G       122M       5.7M        22M       3.2G

MemTotal:        4016004 kB
MemFree:          106776 kB
Active:           480612 kB
Mem:          3.8G       3.7G       102M       5.7M        22M       3.3G

MemTotal:        4016004 kB
MemFree:          108772 kB
Active:           475648 kB
Mem:          3.8G       3.7G       106M       5.7M        22M       3.3G

MemTotal:        4016004 kB
MemFree:          110252 kB
Active:           470684 kB
Mem:          3.8G       3.7G       107M       5.7M        22M       3.3G

MemTotal:        4016004 kB
MemFree:          146044 kB
Active:           464164 kB
Mem:          3.8G       3.7G       141M       5.7M        22M       3.2G

MemTotal:        4016004 kB
MemFree:          136256 kB
Active:           460848 kB
Mem:          3.8G       3.7G       131M       5.7M        22M       3.2G

MemTotal:        4016004 kB
MemFree:          107560 kB
Active:           458092 kB
Mem:          3.8G       3.7G       104M       5.7M        22M       3.3G

MemTotal:        4016004 kB
MemFree:          133880 kB
Active:           452108 kB
Mem:          3.8G       3.7G       131M       5.7M        22M       3.2G

MemTotal:        4016004 kB
MemFree:          126024 kB
Active:           448920 kB
Mem:          3.8G       3.7G       121M       5.7M        22M       3.2G

MemTotal:        4016004 kB
MemFree:          128640 kB
Active:           443708 kB
Mem:          3.8G       3.7G       125M       5.7M        22M       3.2G

MemTotal:        4016004 kB
MemFree:          118500 kB
Active:           442580 kB
Mem:          3.8G       3.7G       115M       5.7M        22M       3.3G

MemTotal:        4016004 kB
MemFree:          110096 kB
Active:           441444 kB
Mem:          3.8G       3.7G       106M       5.7M        22M       3.3G

MemTotal:        4016004 kB
MemFree:          118168 kB
Active:           439404 kB
Mem:          3.8G       3.7G       115M       5.7M        22M       3.3G

MemTotal:        4016004 kB
MemFree:          109920 kB
Active:           438176 kB
Mem:          3.8G       3.7G       106M       5.7M        23M       3.3G

MemTotal:        4016004 kB
MemFree:          124312 kB
Active:           436556 kB
Mem:          3.8G       3.7G       131M       5.7M        23M       3.2G

MemTotal:        4016004 kB
MemFree:          119896 kB
Active:           432212 kB
Mem:          3.8G       3.7G       116M       5.7M        23M       3.3G

MemTotal:        4016004 kB
MemFree:          128208 kB
Active:           431688 kB
Mem:          3.8G       3.7G       124M       5.7M        23M       3.2G

MemTotal:        4016004 kB
MemFree:          132452 kB
Active:           430472 kB
Mem:          3.8G       3.7G       128M       5.7M        23M       3.2G

MemTotal:        4016004 kB
MemFree:          122416 kB
Active:           429260 kB
Mem:          3.8G       3.7G       118M       5.7M        23M       3.2G

MemTotal:        4016004 kB
MemFree:          106740 kB
Active:           429336 kB
Mem:          3.8G       3.7G       103M       5.7M        23M       3.3G

MemTotal:        4016004 kB
MemFree:          106496 kB
Active:           429368 kB
Mem:          3.8G       3.7G       104M       5.7M        23M       3.3G

MemTotal:        4016004 kB
MemFree:          106500 kB
Active:           429392 kB
Mem:          3.8G       3.7G       103M       5.7M        23M       3.3G

MemTotal:        4016004 kB
MemFree:          128564 kB
Active:           428900 kB
Mem:          3.8G       3.7G       124M       5.7M        23M       3.2G

MemTotal:        4016004 kB
MemFree:          123880 kB
Active:           427956 kB
Mem:          3.8G       3.7G       120M       5.7M        23M       3.2G

MemTotal:        4016004 kB
MemFree:          124304 kB
Active:           426408 kB
Mem:          3.8G       3.7G       120M       5.7M        23M       3.2G

MemTotal:        4016004 kB
MemFree:          115428 kB
Active:           424220 kB
Mem:          3.8G       3.7G       110M       5.7M        24M       3.3G

MemTotal:        4016004 kB
MemFree:          115464 kB
Active:           425080 kB
Mem:          3.8G       3.7G       124M       5.7M        24M       3.2G

MemTotal:        4016004 kB
MemFree:          108640 kB
Active:           424580 kB
Mem:          3.8G       3.7G       105M       5.7M        25M       3.3G

MemTotal:        4016004 kB
MemFree:          110512 kB
Active:           423300 kB
Mem:          3.8G       3.7G       107M       5.7M        25M       3.3G

MemTotal:        4016004 kB
MemFree:          111904 kB
Active:           422048 kB
Mem:          3.8G       3.7G       108M       5.7M        25M       3.3G

MemTotal:        4016004 kB
MemFree:          120208 kB
Active:           420220 kB
Mem:          3.8G       3.7G       117M       5.7M        25M       3.2G

MemTotal:        4016004 kB
MemFree:          109232 kB
Active:           419288 kB
Mem:          3.8G       3.7G       105M       5.7M        26M       3.3G

MemTotal:        4016004 kB
MemFree:          135500 kB
Active:           413388 kB
Mem:          3.8G       3.7G       130M       5.7M        26M       3.2G

MemTotal:        4016004 kB
MemFree:          124068 kB
Active:           412500 kB
Mem:          3.8G       3.7G       121M       5.7M        26M       3.2G

MemTotal:        4016004 kB
MemFree:          126956 kB
Active:           408988 kB
Mem:          3.8G       3.7G       122M       5.7M        26M       3.2G

MemTotal:        4016004 kB
MemFree:          133468 kB
Active:           409772 kB
Mem:          3.8G       3.7G       129M       5.7M        28M       3.2G

MemTotal:        4016004 kB
MemFree:          124668 kB
Active:           410396 kB
Mem:          3.8G       3.7G       121M       5.7M        28M       3.2G

MemTotal:        4016004 kB
MemFree:          126244 kB
Active:           408552 kB
Mem:          3.8G       3.7G       122M       5.7M        28M       3.2G

MemTotal:        4016004 kB
MemFree:          127288 kB
Active:           406932 kB
Mem:          3.8G       3.7G       123M       5.7M        28M       3.2G

MemTotal:        4016004 kB
MemFree:          111096 kB
Active:           405752 kB
Mem:          3.8G       3.7G       107M       5.7M        28M       3.3G

MemTotal:        4016004 kB
MemFree:          133164 kB
Active:           404640 kB
Mem:          3.8G       3.7G       130M       5.7M        28M       3.2G

MemTotal:        4016004 kB
MemFree:          132284 kB
Active:           403632 kB
Mem:          3.8G       3.7G       128M       5.7M        28M       3.2G

MemTotal:        4016004 kB
MemFree:          132716 kB
Active:           401828 kB
Mem:          3.8G       3.7G       129M       5.7M        28M       3.2G

MemTotal:        4016004 kB
MemFree:          140060 kB
Active:           399924 kB
Mem:          3.8G       3.7G       136M       5.7M        28M       3.2G

MemTotal:        4016004 kB
MemFree:          129640 kB
Active:           398772 kB
Mem:          3.8G       3.7G       126M       5.7M        28M       3.2G

MemTotal:        4016004 kB
MemFree:          118688 kB
Active:           397504 kB
Mem:          3.8G       3.7G       115M       5.7M        28M       3.2G

MemTotal:        4016004 kB
MemFree:          105268 kB
Active:           390332 kB
Mem:          3.8G       3.7G       124M       5.7M        28M       3.2G

MemTotal:        4016004 kB
MemFree:          125732 kB
Active:           388036 kB
Mem:          3.8G       3.7G       126M       5.7M        28M       3.2G

MemTotal:        4016004 kB
MemFree:          125760 kB
Active:           386884 kB
Mem:          3.8G       3.7G       122M       5.7M        28M       3.2G

MemTotal:        4016004 kB
MemFree:          114968 kB
Active:           386764 kB
Mem:          3.8G       3.7G       111M       5.7M        28M       3.2G

MemTotal:        4016004 kB
MemFree:          134464 kB
Active:           386636 kB
Mem:          3.8G       3.7G       130M       5.7M        28M       3.2G

MemTotal:        4016004 kB
MemFree:          123972 kB
Active:           386648 kB
Mem:          3.8G       3.7G       119M       5.7M        28M       3.2G

MemTotal:        4016004 kB
MemFree:          124564 kB
Active:           386648 kB
Mem:          3.8G       3.7G       120M       5.7M        28M       3.2G

MemTotal:        4016004 kB
MemFree:          128048 kB
Active:           386648 kB
Mem:          3.8G       3.7G       124M       5.7M        28M       3.2G

MemTotal:        4016004 kB
MemFree:          113036 kB
Active:           386660 kB
Mem:          3.8G       3.7G       109M       5.7M        28M       3.2G

MemTotal:        4016004 kB
MemFree:          126268 kB
Active:           386660 kB
Mem:          3.8G       3.7G       122M       5.7M        28M       3.2G

MemTotal:        4016004 kB
MemFree:          122456 kB
Active:           386536 kB
Mem:          3.8G       3.7G       118M       5.7M        28M       3.2G

MemTotal:        4016004 kB
MemFree:          126896 kB
Active:           383240 kB
Mem:          3.8G       3.7G       122M       5.7M        28M       3.2G

MemTotal:        4016004 kB
MemFree:          118288 kB
Active:           383180 kB
Mem:          3.8G       3.7G       115M       5.7M        28M       3.2G

MemTotal:        4016004 kB
MemFree:          118012 kB
Active:           383184 kB
Mem:          3.8G       3.7G       115M       5.7M        28M       3.2G

MemTotal:        4016004 kB
MemFree:          114204 kB
Active:           383184 kB
Mem:          3.8G       3.7G       110M       5.7M        28M       3.2G

MemTotal:        4016004 kB
MemFree:          140108 kB
Active:           383192 kB
Mem:          3.8G       3.7G       135M       5.7M        28M       3.2G

MemTotal:        4016004 kB
MemFree:          131280 kB
Active:           382748 kB
Mem:          3.8G       3.7G       127M       5.7M        28M       3.2G

MemTotal:        4016004 kB
MemFree:          120916 kB
Active:           383776 kB
Mem:          3.8G       3.7G       117M       5.7M        28M       3.2G

MemTotal:        4016004 kB
MemFree:          127808 kB
Active:           383656 kB
Mem:          3.8G       3.7G       124M       5.7M        28M       3.2G

MemTotal:        4016004 kB
MemFree:          123328 kB
Active:           383528 kB
Mem:          3.8G       3.7G       119M       5.7M        28M       3.2G

MemTotal:        4016004 kB
MemFree:          106228 kB
Active:           383444 kB
Mem:          3.8G       3.7G       103M       5.7M        28M       3.3G

MemTotal:        4016004 kB
MemFree:          126096 kB
Active:           383316 kB
Mem:          3.8G       3.7G       122M       5.7M        28M       3.2G

MemTotal:        4016004 kB
MemFree:          127632 kB
Active:           383328 kB
Mem:          3.8G       3.7G       123M       5.7M        28M       3.2G

MemTotal:        4016004 kB
MemFree:          106660 kB
Active:           383192 kB
Mem:          3.8G       3.7G       103M       5.7M        28M       3.3G

MemTotal:        4016004 kB
MemFree:          123928 kB
Active:           383140 kB
Mem:          3.8G       3.7G       120M       5.7M        28M       3.2G

MemTotal:        4016004 kB
MemFree:          114056 kB
Active:           383052 kB
Mem:          3.8G       3.7G       110M       5.7M        28M       3.2G

MemTotal:        4016004 kB
MemFree:          146620 kB
Active:           378604 kB
Mem:          3.8G       3.7G       142M       5.7M        28M       3.2G

MemTotal:        4016004 kB
MemFree:          124476 kB
Active:           380572 kB
Mem:          3.8G       3.7G       120M       5.7M        28M       3.2G

MemTotal:        4016004 kB
MemFree:          119528 kB
Active:           380580 kB
Mem:          3.8G       3.7G       115M       5.7M        28M       3.2G

MemTotal:        4016004 kB
MemFree:          108256 kB
Active:           380584 kB
Mem:          3.8G       3.7G       105M       5.7M        28M       3.3G

MemTotal:        4016004 kB
MemFree:          114856 kB
Active:           380584 kB
Mem:          3.8G       3.7G       111M       5.7M        28M       3.2G

MemTotal:        4016004 kB
MemFree:          127848 kB
Active:           380588 kB
Mem:          3.8G       3.7G       124M       5.7M        28M       3.2G

MemTotal:        4016004 kB
MemFree:          120852 kB
Active:           380592 kB
Mem:          3.8G       3.7G       118M       5.7M        28M       3.2G

MemTotal:        4016004 kB
MemFree:          110480 kB
Active:           380480 kB
Mem:          3.8G       3.7G       107M       5.7M        28M       3.2G

MemTotal:        4016004 kB
MemFree:          125780 kB
Active:           379492 kB
Mem:          3.8G       3.7G       121M       5.7M        28M       3.2G

MemTotal:        4016004 kB
MemFree:          115020 kB
Active:           379492 kB
Mem:          3.8G       3.7G       110M       5.7M        28M       3.2G

MemTotal:        4016004 kB
MemFree:          126604 kB
Active:           381516 kB
Mem:          3.8G       3.7G       122M       5.7M        28M       3.2G

MemTotal:        4016004 kB
MemFree:          126992 kB
Active:           381488 kB
Mem:          3.8G       3.7G       122M       5.7M        28M       3.2G

MemTotal:        4016004 kB
MemFree:          129832 kB
Active:           381532 kB
Mem:          3.8G       3.7G       126M       5.7M        28M       3.2G

MemTotal:        4016004 kB
MemFree:          129308 kB
Active:           381532 kB
Mem:          3.8G       3.7G       126M       5.7M        28M       3.2G

MemTotal:        4016004 kB
MemFree:          129688 kB
Active:           381500 kB
Mem:          3.8G       3.7G       126M       5.7M        28M       3.2G

MemTotal:        4016004 kB
MemFree:          121660 kB
Active:           381656 kB
Mem:          3.8G       3.7G       118M       5.7M        28M       3.2G

MemTotal:        4016004 kB
MemFree:          134804 kB
Active:           381540 kB
Mem:          3.8G       3.7G       130M       5.7M        28M       3.2G

MemTotal:        4016004 kB
MemFree:          118340 kB
Active:           381548 kB
Mem:          3.8G       3.7G       114M       5.7M        28M       3.2G

MemTotal:        4016004 kB
MemFree:          109952 kB
Active:           379344 kB
Mem:          3.8G       3.7G       106M       5.7M        28M       3.2G

MemTotal:        4016004 kB
MemFree:          123372 kB
Active:           379344 kB
Mem:          3.8G       3.7G       119M       5.7M        28M       3.2G

MemTotal:        4016004 kB
MemFree:          112720 kB
Active:           379344 kB
Mem:          3.8G       3.7G       109M       5.7M        28M       3.2G

MemTotal:        4016004 kB
MemFree:          113988 kB
Active:           379344 kB
Mem:          3.8G       3.7G       110M       5.7M        28M       3.2G

MemTotal:        4016004 kB
MemFree:          127020 kB
Active:           379352 kB
Mem:          3.8G       3.7G       122M       5.7M        28M       3.2G

MemTotal:        4016004 kB
MemFree:          116476 kB
Active:           379352 kB
Mem:          3.8G       3.7G       112M       5.7M        28M       3.2G

MemTotal:        4016004 kB
MemFree:          123028 kB
Active:           379352 kB
Mem:          3.8G       3.7G       119M       5.7M        28M       3.2G

MemTotal:        4016004 kB
MemFree:          112912 kB
Active:           379068 kB
Mem:          3.8G       3.7G       109M       5.7M        28M       3.2G

MemTotal:        4016004 kB
MemFree:          125828 kB
Active:           378932 kB
Mem:          3.8G       3.7G       122M       5.7M        28M       3.2G

MemTotal:        4016004 kB
MemFree:          135828 kB
Active:           378940 kB
Mem:          3.8G       3.7G       132M       5.7M        28M       3.2G

MemTotal:        4016004 kB
MemFree:          124500 kB
Active:           378952 kB
Mem:          3.8G       3.7G       131M       5.7M        28M       3.2G

MemTotal:        4016004 kB
MemFree:          127808 kB
Active:           378956 kB
Mem:          3.8G       3.7G       124M       5.7M        28M       3.2G

MemTotal:        4016004 kB
MemFree:          104892 kB
Active:           378216 kB
Mem:          3.8G       3.7G       125M       5.7M        28M       3.2G

MemTotal:        4016004 kB
MemFree:          106140 kB
Active:           379636 kB
Mem:          3.8G       3.7G       102M       5.7M        28M       3.2G

MemTotal:        4016004 kB
MemFree:          113316 kB
Active:           379516 kB
Mem:          3.8G       3.7G       109M       5.7M        28M       3.2G

MemTotal:        4016004 kB
MemFree:          127652 kB
Active:           377940 kB
Mem:          3.8G       3.7G       123M       5.7M        28M       3.2G

MemTotal:        4016004 kB
MemFree:          123760 kB
Active:           377940 kB
Mem:          3.8G       3.7G       119M       5.7M        28M       3.2G

MemTotal:        4016004 kB
MemFree:          138316 kB
Active:           377940 kB
Mem:          3.8G       3.7G       135M       5.7M        28M       3.2G

MemTotal:        4016004 kB
MemFree:          118440 kB
Active:           377936 kB
Mem:          3.8G       3.7G       114M       5.7M        28M       3.2G

MemTotal:        4016004 kB
MemFree:          130760 kB
Active:           377976 kB
Mem:          3.8G       3.7G       127M       5.7M        28M       3.2G

MemTotal:        4016004 kB
MemFree:          120216 kB
Active:           377976 kB
Mem:          3.8G       3.7G       116M       5.7M        28M       3.2G

MemTotal:        4016004 kB
MemFree:          131136 kB
Active:           377980 kB
Mem:          3.8G       3.7G       128M       5.7M        28M       3.2G

MemTotal:        4016004 kB
MemFree:          129120 kB
Active:           377996 kB
Mem:          3.8G       3.7G       125M       5.7M        28M       3.2G

MemTotal:        4016004 kB
MemFree:          129136 kB
Active:           377996 kB
Mem:          3.8G       3.7G       125M       5.7M        28M       3.2G

MemTotal:        4016004 kB
MemFree:          120008 kB
Active:           378000 kB
Mem:          3.8G       3.7G       117M       5.7M        28M       3.2G

MemTotal:        4016004 kB
MemFree:          122392 kB
Active:           376736 kB
Mem:          3.8G       3.7G       118M       5.7M        28M       3.2G

MemTotal:        4016004 kB
MemFree:          111344 kB
Active:           376492 kB
Mem:          3.8G       3.7G       107M       5.7M        28M       3.2G

MemTotal:        4016004 kB
MemFree:          124888 kB
Active:           376492 kB
Mem:          3.8G       3.7G       120M       5.7M        28M       3.2G

MemTotal:        4016004 kB
MemFree:          108532 kB
Active:           376492 kB
Mem:          3.8G       3.7G       105M       5.7M        28M       3.2G

MemTotal:        4016004 kB
MemFree:          132972 kB
Active:           376500 kB
Mem:          3.8G       3.7G       129M       5.7M        28M       3.2G

MemTotal:        4016004 kB
MemFree:          123032 kB
Active:           376500 kB
Mem:          3.8G       3.7G       119M       5.7M        28M       3.2G

MemTotal:        4016004 kB
MemFree:          124224 kB
Active:           376508 kB
Mem:          3.8G       3.7G       120M       5.7M        28M       3.2G

MemTotal:        4016004 kB
MemFree:          111184 kB
Active:           376508 kB
Mem:          3.8G       3.7G       108M       5.7M        28M       3.2G

MemTotal:        4016004 kB
MemFree:          127092 kB
Active:           376500 kB
Mem:          3.8G       3.7G       123M       5.7M        28M       3.2G

MemTotal:        4016004 kB
MemFree:          118276 kB
Active:           376544 kB
Mem:          3.8G       3.7G       115M       5.7M        28M       3.2G

MemTotal:        4016004 kB
MemFree:          118404 kB
Active:           376520 kB
Mem:          3.8G       3.7G       115M       5.7M        28M       3.2G

MemTotal:        4016004 kB
MemFree:          133836 kB
Active:           370556 kB
Mem:          3.8G       3.7G       129M       5.7M        28M       3.2G

MemTotal:        4016004 kB
MemFree:          134688 kB
Active:           370444 kB
Mem:          3.8G       3.7G       130M       5.7M        28M       3.2G

MemTotal:        4016004 kB
MemFree:          134452 kB
Active:           370444 kB
Mem:          3.8G       3.7G       130M       5.7M        28M       3.2G

MemTotal:        4016004 kB
MemFree:          126256 kB
Active:           370456 kB
Mem:          3.8G       3.7G       122M       5.7M        28M       3.2G

MemTotal:        4016004 kB
MemFree:          109940 kB
Active:           370456 kB
Mem:          3.8G       3.7G       106M       5.7M        28M       3.2G

MemTotal:        4016004 kB
MemFree:          134768 kB
Active:           370456 kB
Mem:          3.8G       3.7G       130M       5.7M        28M       3.2G

MemTotal:        4016004 kB
MemFree:          124864 kB
Active:           370060 kB
Mem:          3.8G       3.7G       121M       5.7M        28M       3.2G

MemTotal:        4016004 kB
MemFree:          125968 kB
Active:           370504 kB
Mem:          3.8G       3.7G       121M       5.7M        28M       3.2G

MemTotal:        4016004 kB
MemFree:          140860 kB
Active:           370512 kB
Mem:          3.8G       3.7G       137M       5.7M        28M       3.2G

MemTotal:        4016004 kB
MemFree:          117396 kB
Active:           370520 kB
Mem:          3.8G       3.7G       113M       5.7M        28M       3.2G

MemTotal:        4016004 kB
MemFree:          110264 kB
Active:           367228 kB
Mem:          3.8G       3.7G       106M       5.7M        28M       3.2G

MemTotal:        4016004 kB
MemFree:          116852 kB
Active:           367228 kB
Mem:          3.8G       3.7G       113M       5.7M        28M       3.2G

MemTotal:        4016004 kB
MemFree:          106268 kB
Active:           367228 kB
Mem:          3.8G       3.7G       102M       5.7M        28M       3.2G

MemTotal:        4016004 kB
MemFree:          132088 kB
Active:           367112 kB
Mem:          3.8G       3.7G       132M       5.7M        28M       3.2G

MemTotal:        4016004 kB
MemFree:          126148 kB
Active:           367116 kB
Mem:          3.8G       3.7G       122M       5.7M        28M       3.2G

MemTotal:        4016004 kB
MemFree:          110056 kB
Active:           367116 kB
Mem:          3.8G       3.7G       106M       5.7M        28M       3.2G

MemTotal:        4016004 kB
MemFree:          128156 kB
Active:           367120 kB
Mem:          3.8G       3.7G       124M       5.7M        28M       3.2G

MemTotal:        4016004 kB
MemFree:          134788 kB
Active:           367120 kB
Mem:          3.8G       3.7G       131M       5.7M        28M       3.2G

MemTotal:        4016004 kB
MemFree:          120532 kB
Active:           367120 kB
Mem:          3.8G       3.7G       117M       5.7M        28M       3.2G

MemTotal:        4016004 kB
MemFree:          121832 kB
Active:           367140 kB
Mem:          3.8G       3.7G       118M       5.7M        28M       3.2G

MemTotal:        4016004 kB
MemFree:          119540 kB
Active:           367132 kB
Mem:          3.8G       3.7G       116M       5.7M        28M       3.2G

MemTotal:        4016004 kB
MemFree:          119728 kB
Active:           367144 kB
Mem:          3.8G       3.7G       116M       5.7M        28M       3.2G

MemTotal:        4016004 kB
MemFree:          126324 kB
Active:           365256 kB
Mem:          3.8G       3.7G       122M       5.7M        28M       3.2G

MemTotal:        4016004 kB
MemFree:          136048 kB
Active:           365096 kB
Mem:          3.8G       3.7G       132M       5.7M        28M       3.2G

MemTotal:        4016004 kB
MemFree:          126664 kB
Active:           365092 kB
Mem:          3.8G       3.7G       122M       5.7M        28M       3.2G

MemTotal:        4016004 kB
MemFree:          127980 kB
Active:           365108 kB
Mem:          3.8G       3.7G       124M       5.7M        28M       3.2G

MemTotal:        4016004 kB
MemFree:          127384 kB
Active:           366624 kB
Mem:          3.8G       3.7G       123M       5.7M        28M       3.2G

MemTotal:        4016004 kB
MemFree:          123244 kB
Active:           366496 kB
Mem:          3.8G       3.7G       119M       5.7M        28M       3.2G

MemTotal:        4016004 kB
MemFree:          105648 kB
Active:           366500 kB
Mem:          3.8G       3.7G       102M       5.7M        28M       3.2G

MemTotal:        4016004 kB
MemFree:          119952 kB
Active:           366512 kB
Mem:          3.8G       3.7G       115M       5.7M        28M       3.2G

MemTotal:        4016004 kB
MemFree:          109152 kB
Active:           366260 kB
Mem:          3.8G       3.7G       105M       5.7M        28M       3.2G

MemTotal:        4016004 kB
MemFree:          128596 kB
Active:           366264 kB
Mem:          3.8G       3.7G       124M       5.7M        28M       3.2G

MemTotal:        4016004 kB
MemFree:          134104 kB
Active:           366264 kB
Mem:          3.8G       3.7G       130M       5.7M        28M       3.2G

MemTotal:        4016004 kB
MemFree:          133228 kB
Active:           366260 kB
Mem:          3.8G       3.7G       129M       5.7M        28M       3.2G

MemTotal:        4016004 kB
MemFree:          132980 kB
Active:           366276 kB
Mem:          3.8G       3.7G       130M       5.7M        28M       3.2G

MemTotal:        4016004 kB
MemFree:          105144 kB
Active:           366280 kB
Mem:          3.8G       3.7G       128M       5.7M        28M       3.2G

MemTotal:        4016004 kB
MemFree:          128016 kB
Active:           363040 kB
Mem:          3.8G       3.7G       124M       5.7M        28M       3.2G

MemTotal:        4016004 kB
MemFree:          107152 kB
Active:           363068 kB
Mem:          3.8G       3.7G       103M       5.7M        28M       3.2G

MemTotal:        4016004 kB
MemFree:          114868 kB
Active:           362932 kB
Mem:          3.8G       3.7G       111M       5.7M        28M       3.2G

MemTotal:        4016004 kB
MemFree:          127984 kB
Active:           362936 kB
Mem:          3.8G       3.7G       124M       5.7M        28M       3.2G

MemTotal:        4016004 kB
MemFree:          134112 kB
Active:           362936 kB
Mem:          3.8G       3.7G       129M       5.7M        28M       3.2G

MemTotal:        4016004 kB
MemFree:          127072 kB
Active:           362964 kB
Mem:          3.8G       3.7G       123M       5.7M        28M       3.2G

MemTotal:        4016004 kB
MemFree:          137672 kB
Active:           362968 kB
Mem:          3.8G       3.7G       134M       5.7M        28M       3.2G

MemTotal:        4016004 kB
MemFree:          132160 kB
Active:           362976 kB
Mem:          3.8G       3.7G       128M       5.7M        28M       3.2G

MemTotal:        4016004 kB
MemFree:          110508 kB
Active:           362956 kB
Mem:          3.8G       3.7G       106M       5.7M        28M       3.2G

MemTotal:        4016004 kB
MemFree:          118436 kB
Active:           362960 kB
Mem:          3.8G       3.7G       115M       5.7M        28M       3.2G

MemTotal:        4016004 kB
MemFree:          143056 kB
Active:           362976 kB
Mem:          3.8G       3.7G       138M       5.7M        28M       3.2G

MemTotal:        4016004 kB
MemFree:          132824 kB
Active:           363008 kB
Mem:          3.8G       3.7G       129M       5.7M        28M       3.2G

MemTotal:        4016004 kB
MemFree:          139188 kB
Active:           359236 kB
Mem:          3.8G       3.7G       134M       5.7M        28M       3.2G

MemTotal:        4016004 kB
MemFree:          127792 kB
Active:           359252 kB
Mem:          3.8G       3.7G       124M       5.7M        28M       3.2G

MemTotal:        4016004 kB
MemFree:          118632 kB
Active:           359252 kB
Mem:          3.8G       3.7G       115M       5.7M        28M       3.2G

MemTotal:        4016004 kB
MemFree:          124968 kB
Active:           359236 kB
Mem:          3.8G       3.7G       121M       5.7M        28M       3.2G

MemTotal:        4016004 kB
MemFree:          114580 kB
Active:           359240 kB
Mem:          3.8G       3.7G       110M       5.7M        28M       3.2G

MemTotal:        4016004 kB
MemFree:          127920 kB
Active:           359244 kB
Mem:          3.8G       3.7G       123M       5.7M        28M       3.2G

MemTotal:        4016004 kB
MemFree:          141336 kB
Active:           359260 kB
Mem:          3.8G       3.7G       136M       5.7M        28M       3.2G

MemTotal:        4016004 kB
MemFree:          112536 kB
Active:           359260 kB
Mem:          3.8G       3.7G       108M       5.7M        28M       3.2G

MemTotal:        4016004 kB
MemFree:          127064 kB
Active:           359240 kB
Mem:          3.8G       3.7G       123M       5.7M        28M       3.2G

MemTotal:        4016004 kB
MemFree:          118808 kB
Active:           359260 kB
Mem:          3.8G       3.7G       114M       5.7M        28M       3.2G

MemTotal:        4016004 kB
MemFree:          107276 kB
Active:           359276 kB
Mem:          3.8G       3.7G       104M       5.7M        28M       3.2G

MemTotal:        4016004 kB
MemFree:          107060 kB
Active:           359236 kB
Mem:          3.8G       3.7G       104M       5.7M        28M       3.2G

MemTotal:        4016004 kB
MemFree:          107100 kB
Active:           359288 kB
Mem:          3.8G       3.7G       104M       5.7M        28M       3.2G

MemTotal:        4016004 kB
MemFree:          125228 kB
Active:           359252 kB
Mem:          3.8G       3.7G       121M       5.7M        28M       3.2G

MemTotal:        4016004 kB
MemFree:          127240 kB
Active:           359260 kB
Mem:          3.8G       3.7G       122M       5.7M        28M       3.2G

MemTotal:        4016004 kB
MemFree:          127972 kB
Active:           359260 kB
Mem:          3.8G       3.7G       124M       5.7M        28M       3.2G

MemTotal:        4016004 kB
MemFree:          123932 kB
Active:           359268 kB
Mem:          3.8G       3.7G       119M       5.7M        28M       3.2G

MemTotal:        4016004 kB
MemFree:          126196 kB
Active:           358700 kB
Mem:          3.8G       3.7G       122M       5.7M        28M       3.2G

MemTotal:        4016004 kB
MemFree:          121916 kB
Active:           358664 kB
Mem:          3.8G       3.7G       117M       5.7M        28M       3.2G

MemTotal:        4016004 kB
MemFree:          104816 kB
Active:           358648 kB
Mem:          3.8G       3.7G       124M       5.7M        28M       3.2G

MemTotal:        4016004 kB
MemFree:          123196 kB
Active:           358672 kB
Mem:          3.8G       3.7G       119M       5.7M        28M       3.2G

MemTotal:        4016004 kB
MemFree:          125308 kB
Active:           358652 kB
Mem:          3.8G       3.7G       121M       5.7M        28M       3.2G

MemTotal:        4016004 kB
MemFree:          127640 kB
Active:           358652 kB
Mem:          3.8G       3.7G       124M       5.7M        28M       3.2G

MemTotal:        4016004 kB
MemFree:          123392 kB
Active:           358672 kB
Mem:          3.8G       3.7G       118M       5.7M        28M       3.2G

MemTotal:        4016004 kB
MemFree:          124472 kB
Active:           358660 kB
Mem:          3.8G       3.7G       120M       5.7M        28M       3.2G

MemTotal:        4016004 kB
MemFree:          107800 kB
Active:           358660 kB
Mem:          3.8G       3.7G       104M       5.7M        28M       3.2G

MemTotal:        4016004 kB
MemFree:          114256 kB
Active:           358680 kB
Mem:          3.8G       3.7G       110M       5.7M        28M       3.2G

MemTotal:        4016004 kB
MemFree:          114672 kB
Active:           358700 kB
Mem:          3.8G       3.7G       111M       5.7M        28M       3.2G

MemTotal:        4016004 kB
MemFree:          121772 kB
Active:           358704 kB
Mem:          3.8G       3.7G       117M       5.7M        28M       3.2G

MemTotal:        4016004 kB
MemFree:          123556 kB
Active:           358584 kB
Mem:          3.8G       3.7G       120M       5.7M        28M       3.2G

MemTotal:        4016004 kB
MemFree:          123280 kB
Active:           358388 kB
Mem:          3.8G       3.7G       120M       5.7M        28M       3.2G

MemTotal:        4016004 kB
MemFree:          123156 kB
Active:           358388 kB
Mem:          3.8G       3.7G       120M       5.7M        28M       3.2G

MemTotal:        4016004 kB
MemFree:          123156 kB
Active:           358404 kB
Mem:          3.8G       3.7G       120M       5.7M        28M       3.2G

MemTotal:        4016004 kB
MemFree:          123280 kB
Active:           358388 kB
Mem:          3.8G       3.7G       120M       5.7M        28M       3.2G

MemTotal:        4016004 kB
MemFree:          123156 kB
Active:           358420 kB
Mem:          3.8G       3.7G       120M       5.7M        28M       3.2G

MemTotal:        4016004 kB
MemFree:          123156 kB
Active:           358416 kB
Mem:          3.8G       3.7G       120M       5.7M        28M       3.2G

MemTotal:        4016004 kB
MemFree:          123032 kB
Active:           358420 kB
Mem:          3.8G       3.7G       120M       5.7M        28M       3.2G

MemTotal:        4016004 kB
MemFree:          122288 kB
Active:           358424 kB
Mem:          3.8G       3.7G       119M       5.7M        28M       3.2G

MemTotal:        4016004 kB
MemFree:          122536 kB
Active:           358412 kB
Mem:          3.8G       3.7G       119M       5.7M        28M       3.2G

MemTotal:        4016004 kB
MemFree:          122536 kB
Active:           358432 kB
Mem:          3.8G       3.7G       119M       5.7M        28M       3.2G

MemTotal:        4016004 kB
MemFree:          123280 kB
Active:           358420 kB
Mem:          3.8G       3.7G       120M       5.7M        28M       3.2G

MemTotal:        4016004 kB
MemFree:          123404 kB
Active:           358408 kB
Mem:          3.8G       3.7G       120M       5.7M        28M       3.2G

MemTotal:        4016004 kB
MemFree:          123032 kB
Active:           358440 kB
Mem:          3.8G       3.7G       120M       5.7M        28M       3.2G

MemTotal:        4016004 kB
MemFree:          123404 kB
Active:           358440 kB
Mem:          3.8G       3.7G       120M       5.7M        28M       3.2G

MemTotal:        4016004 kB
MemFree:          123280 kB
Active:           358432 kB
Mem:          3.8G       3.7G       120M       5.7M        28M       3.2G

MemTotal:        4016004 kB
MemFree:          122908 kB
Active:           358420 kB
Mem:          3.8G       3.7G       120M       5.7M        28M       3.2G

MemTotal:        4016004 kB
MemFree:          123156 kB
Active:           358420 kB
Mem:          3.8G       3.7G       120M       5.7M        28M       3.2G

MemTotal:        4016004 kB
MemFree:          122660 kB
Active:           358440 kB
Mem:          3.8G       3.7G       120M       5.7M        28M       3.2G

MemTotal:        4016004 kB
MemFree:          122908 kB
Active:           358420 kB
Mem:          3.8G       3.7G       119M       5.7M        28M       3.2G

MemTotal:        4016004 kB
MemFree:          122784 kB
Active:           358440 kB
Mem:          3.8G       3.7G       119M       5.7M        28M       3.2G

MemTotal:        4016004 kB
MemFree:          122784 kB
Active:           358436 kB
Mem:          3.8G       3.7G       119M       5.7M        28M       3.2G

MemTotal:        4016004 kB
MemFree:          122660 kB
Active:           358436 kB
Mem:          3.8G       3.7G       119M       5.7M        28M       3.2G

MemTotal:        4016004 kB
MemFree:          122660 kB
Active:           358440 kB
Mem:          3.8G       3.7G       119M       5.7M        28M       3.2G

MemTotal:        4016004 kB
MemFree:          122660 kB
Active:           358444 kB
Mem:          3.8G       3.7G       119M       5.7M        28M       3.2G

MemTotal:        4016004 kB
MemFree:          122784 kB
Active:           358448 kB
Mem:          3.8G       3.7G       120M       5.7M        28M       3.2G

MemTotal:        4016004 kB
MemFree:          123032 kB
Active:           358412 kB
Mem:          3.8G       3.7G       120M       5.7M        28M       3.2G

MemTotal:        4016004 kB
MemFree:          123032 kB
Active:           358468 kB
Mem:          3.8G       3.7G       120M       5.7M        29M       3.2G

MemTotal:        4016004 kB
MemFree:          120576 kB
Active:           358488 kB
Mem:          3.8G       3.7G       118M       5.7M        29M       3.2G

MemTotal:        4016004 kB
MemFree:          120764 kB
Active:           360512 kB
Mem:          3.8G       3.7G       118M       5.7M        29M       3.2G

MemTotal:        4016004 kB
MemFree:          121324 kB
Active:           360476 kB
Mem:          3.8G       3.7G       118M       5.7M        29M       3.2G

MemTotal:        4016004 kB
MemFree:          121324 kB
Active:           360476 kB
Mem:          3.8G       3.7G       118M       5.7M        29M       3.2G

MemTotal:        4016004 kB
MemFree:          121200 kB
Active:           360460 kB
Mem:          3.8G       3.7G       118M       5.7M        29M       3.2G

MemTotal:        4016004 kB
MemFree:          121324 kB
Active:           360508 kB
Mem:          3.8G       3.7G       118M       5.7M        29M       3.2G

MemTotal:        4016004 kB
MemFree:          121324 kB
Active:           360504 kB
Mem:          3.8G       3.7G       118M       5.7M        29M       3.2G

MemTotal:        4016004 kB
MemFree:          120828 kB
Active:           360520 kB
Mem:          3.8G       3.7G       118M       5.7M        29M       3.2G

MemTotal:        4016004 kB
MemFree:          121324 kB
Active:           360528 kB
Mem:          3.8G       3.7G       118M       5.7M        29M       3.2G

MemTotal:        4016004 kB
MemFree:          121324 kB
Active:           360520 kB
Mem:          3.8G       3.7G       118M       5.7M        29M       3.2G

MemTotal:        4016004 kB
MemFree:          121448 kB
Active:           360488 kB
Mem:          3.8G       3.7G       118M       5.7M        29M       3.2G

MemTotal:        4016004 kB
MemFree:          121448 kB
Active:           360536 kB
Mem:          3.8G       3.7G       118M       5.7M        29M       3.2G

MemTotal:        4016004 kB
MemFree:          121200 kB
Active:           360484 kB
Mem:          3.8G       3.7G       118M       5.7M        29M       3.2G

MemTotal:        4016004 kB
MemFree:          121200 kB
Active:           360504 kB
Mem:          3.8G       3.7G       118M       5.7M        29M       3.2G

MemTotal:        4016004 kB
MemFree:          120828 kB
Active:           360540 kB
Mem:          3.8G       3.7G       118M       5.7M        29M       3.2G

MemTotal:        4016004 kB
MemFree:          121200 kB
Active:           360540 kB
Mem:          3.8G       3.7G       118M       5.7M        29M       3.2G

MemTotal:        4016004 kB
MemFree:          121200 kB
Active:           360540 kB
Mem:          3.8G       3.7G       118M       5.7M        29M       3.2G

MemTotal:        4016004 kB
MemFree:          121200 kB
Active:           360536 kB
Mem:          3.8G       3.7G       118M       5.7M        29M       3.2G

MemTotal:        4016004 kB
MemFree:          121200 kB
Active:           360524 kB
Mem:          3.8G       3.7G       118M       5.7M        29M       3.2G

MemTotal:        4016004 kB
MemFree:          121200 kB
Active:           360528 kB
Mem:          3.8G       3.7G       118M       5.7M        29M       3.2G

MemTotal:        4016004 kB
MemFree:          119152 kB
Active:           360504 kB
Mem:          3.8G       3.7G       116M       5.7M        29M       3.2G

MemTotal:        4016004 kB
MemFree:          119276 kB
Active:           362600 kB
Mem:          3.8G       3.7G       116M       5.7M        29M       3.2G

MemTotal:        4016004 kB
MemFree:          119152 kB
Active:           362600 kB
Mem:          3.8G       3.7G       116M       5.7M        29M       3.2G

MemTotal:        4016004 kB
MemFree:          119276 kB
Active:           362588 kB
Mem:          3.8G       3.7G       116M       5.7M        29M       3.2G

MemTotal:        4016004 kB
MemFree:          119276 kB
Active:           362584 kB
Mem:          3.8G       3.7G       116M       5.7M        29M       3.2G

MemTotal:        4016004 kB
MemFree:          119276 kB
Active:           362544 kB
Mem:          3.8G       3.7G       116M       5.7M        29M       3.2G

MemTotal:        4016004 kB
MemFree:          119276 kB
Active:           362584 kB
Mem:          3.8G       3.7G       116M       5.7M        29M       3.2G

MemTotal:        4016004 kB
MemFree:          118904 kB
Active:           362608 kB
Mem:          3.8G       3.7G       116M       5.7M        29M       3.2G

MemTotal:        4016004 kB
MemFree:          118904 kB
Active:           362616 kB
Mem:          3.8G       3.7G       116M       5.7M        29M       3.2G

MemTotal:        4016004 kB
MemFree:          118904 kB
Active:           362608 kB
Mem:          3.8G       3.7G       115M       5.7M        29M       3.2G

MemTotal:        4016004 kB
MemFree:          119028 kB
Active:           362600 kB
Mem:          3.8G       3.7G       116M       5.7M        29M       3.2G

MemTotal:        4016004 kB
MemFree:          119152 kB
Active:           362596 kB
Mem:          3.8G       3.7G       116M       5.7M        29M       3.2G

MemTotal:        4016004 kB
MemFree:          119152 kB
Active:           362616 kB
Mem:          3.8G       3.7G       116M       5.7M        29M       3.2G

MemTotal:        4016004 kB
MemFree:          119152 kB
Active:           362604 kB
Mem:          3.8G       3.7G       116M       5.7M        29M       3.2G

MemTotal:        4016004 kB
MemFree:          119152 kB
Active:           362612 kB
Mem:          3.8G       3.7G       116M       5.7M        29M       3.2G

MemTotal:        4016004 kB
MemFree:          119152 kB
Active:           362620 kB
Mem:          3.8G       3.7G       116M       5.7M        29M       3.2G

MemTotal:        4016004 kB
MemFree:          119028 kB
Active:           362600 kB
Mem:          3.8G       3.7G       116M       5.7M        29M       3.2G

MemTotal:        4016004 kB
MemFree:          119152 kB
Active:           362604 kB
Mem:          3.8G       3.7G       116M       5.7M        29M       3.2G

MemTotal:        4016004 kB
MemFree:          119152 kB
Active:           362640 kB
Mem:          3.8G       3.7G       116M       5.7M        29M       3.2G

MemTotal:        4016004 kB
MemFree:          119152 kB
Active:           362648 kB
Mem:          3.8G       3.7G       116M       5.7M        29M       3.2G

MemTotal:        4016004 kB
MemFree:          119028 kB
Active:           362648 kB
Mem:          3.8G       3.7G       116M       5.7M        29M       3.2G

MemTotal:        4016004 kB
MemFree:          119028 kB
Active:           362640 kB
Mem:          3.8G       3.7G       116M       5.7M        29M       3.2G

MemTotal:        4016004 kB
MemFree:          119028 kB
Active:           362628 kB
Mem:          3.8G       3.7G       116M       5.7M        29M       3.2G

MemTotal:        4016004 kB
MemFree:          119152 kB
Active:           362644 kB
Mem:          3.8G       3.7G       116M       5.7M        29M       3.2G

MemTotal:        4016004 kB
MemFree:          119028 kB
Active:           362636 kB
Mem:          3.8G       3.7G       116M       5.7M        29M       3.2G

MemTotal:        4016004 kB
MemFree:          119028 kB
Active:           362608 kB
Mem:          3.8G       3.7G       116M       5.7M        29M       3.2G

MemTotal:        4016004 kB
MemFree:          119028 kB
Active:           362636 kB
Mem:          3.8G       3.7G       116M       5.7M        29M       3.2G

MemTotal:        4016004 kB
MemFree:          119028 kB
Active:           362656 kB
Mem:          3.8G       3.7G       116M       5.7M        29M       3.2G

MemTotal:        4016004 kB
MemFree:          118920 kB
Active:           362644 kB
Mem:          3.8G       3.7G       116M       5.7M        29M       3.2G

MemTotal:        4016004 kB
MemFree:          118920 kB
Active:           362664 kB
Mem:          3.8G       3.7G       116M       5.7M        29M       3.2G

MemTotal:        4016004 kB
MemFree:          118920 kB
Active:           362640 kB
Mem:          3.8G       3.7G       116M       5.7M        29M       3.2G

MemTotal:        4016004 kB
MemFree:          119044 kB
Active:           362664 kB
Mem:          3.8G       3.7G       116M       5.7M        29M       3.2G

MemTotal:        4016004 kB
MemFree:          119044 kB
Active:           362664 kB
Mem:          3.8G       3.7G       116M       5.7M        29M       3.2G

MemTotal:        4016004 kB
MemFree:          119044 kB
Active:           362648 kB
Mem:          3.8G       3.7G       116M       5.7M        29M       3.2G

MemTotal:        4016004 kB
MemFree:          118796 kB
Active:           362644 kB
Mem:          3.8G       3.7G       116M       5.7M        29M       3.2G

MemTotal:        4016004 kB
MemFree:          118424 kB
Active:           362700 kB
Mem:          3.8G       3.7G       115M       5.7M        29M       3.2G

MemTotal:        4016004 kB
MemFree:          118424 kB
Active:           362676 kB
Mem:          3.8G       3.7G       115M       5.7M        29M       3.2G

MemTotal:        4016004 kB
MemFree:          118424 kB
Active:           362716 kB
Mem:          3.8G       3.7G       115M       5.7M        29M       3.2G

MemTotal:        4016004 kB
MemFree:          118160 kB
Active:           362864 kB
Mem:          3.8G       3.7G       115M       5.7M        29M       3.2G

MemTotal:        4016004 kB
MemFree:          118160 kB
Active:           362724 kB
Mem:          3.8G       3.7G       115M       5.7M        29M       3.2G

MemTotal:        4016004 kB
MemFree:          118160 kB
Active:           362756 kB
Mem:          3.8G       3.7G       115M       5.7M        29M       3.2G

MemTotal:        4016004 kB
MemFree:          118656 kB
Active:           362752 kB
Mem:          3.8G       3.7G       115M       5.7M        29M       3.2G

MemTotal:        4016004 kB
MemFree:          119276 kB
Active:           362736 kB
Mem:          3.8G       3.7G       116M       5.7M        29M       3.2G

MemTotal:        4016004 kB
MemFree:          118904 kB
Active:           362756 kB
Mem:          3.8G       3.7G       116M       5.7M        29M       3.2G

MemTotal:        4016004 kB
MemFree:          119276 kB
Active:           362724 kB
Mem:          3.8G       3.7G       116M       5.7M        29M       3.2G

MemTotal:        4016004 kB
MemFree:          118780 kB
Active:           362764 kB
Mem:          3.8G       3.7G       116M       5.7M        29M       3.2G

MemTotal:        4016004 kB
MemFree:          118904 kB
Active:           362768 kB
Mem:          3.8G       3.7G       116M       5.7M        29M       3.2G

MemTotal:        4016004 kB
MemFree:          119152 kB
Active:           362756 kB
Mem:          3.8G       3.7G       116M       5.7M        29M       3.2G

MemTotal:        4016004 kB
MemFree:          119152 kB
Active:           362756 kB
Mem:          3.8G       3.7G       116M       5.7M        29M       3.2G

MemTotal:        4016004 kB
MemFree:          118904 kB
Active:           362768 kB
Mem:          3.8G       3.7G       116M       5.7M        29M       3.2G

MemTotal:        4016004 kB
MemFree:          119152 kB
Active:           362740 kB
Mem:          3.8G       3.7G       116M       5.7M        29M       3.2G

MemTotal:        4016004 kB
MemFree:          119276 kB
Active:           362748 kB
Mem:          3.8G       3.7G       116M       5.7M        29M       3.2G

MemTotal:        4016004 kB
MemFree:          119152 kB
Active:           362764 kB
Mem:          3.8G       3.7G       116M       5.7M        29M       3.2G

MemTotal:        4016004 kB
MemFree:          119276 kB
Active:           362732 kB
Mem:          3.8G       3.7G       116M       5.7M        29M       3.2G

MemTotal:        4016004 kB
MemFree:          119276 kB
Active:           362768 kB
Mem:          3.8G       3.7G       116M       5.7M        29M       3.2G

MemTotal:        4016004 kB
MemFree:          119168 kB
Active:           362760 kB
Mem:          3.8G       3.7G       116M       5.7M        29M       3.2G

MemTotal:        4016004 kB
MemFree:          119168 kB
Active:           362732 kB
Mem:          3.8G       3.7G       116M       5.7M        29M       3.2G

MemTotal:        4016004 kB
MemFree:          119292 kB
Active:           362740 kB
Mem:          3.8G       3.7G       116M       5.7M        29M       3.2G

MemTotal:        4016004 kB
MemFree:          119292 kB
Active:           362748 kB
Mem:          3.8G       3.7G       116M       5.7M        29M       3.2G

MemTotal:        4016004 kB
MemFree:          118796 kB
Active:           362776 kB
Mem:          3.8G       3.7G       116M       5.7M        29M       3.2G

MemTotal:        4016004 kB
MemFree:          119168 kB
Active:           362748 kB
Mem:          3.8G       3.7G       116M       5.7M        29M       3.2G

MemTotal:        4016004 kB
MemFree:          118548 kB
Active:           362776 kB
Mem:          3.8G       3.7G       115M       5.7M        29M       3.2G

MemTotal:        4016004 kB
MemFree:          118548 kB
Active:           362792 kB
Mem:          3.8G       3.7G       116M       5.7M        29M       3.2G

MemTotal:        4016004 kB
MemFree:          118920 kB
Active:           362776 kB
Mem:          3.8G       3.7G       116M       5.7M        29M       3.2G

MemTotal:        4016004 kB
MemFree:          118672 kB
Active:           362800 kB
Mem:          3.8G       3.7G       115M       5.7M        29M       3.2G

MemTotal:        4016004 kB
MemFree:          118672 kB
Active:           362796 kB
Mem:          3.8G       3.7G       115M       5.7M        29M       3.2G

MemTotal:        4016004 kB
MemFree:          118548 kB
Active:           362780 kB
Mem:          3.8G       3.7G       115M       5.7M        29M       3.2G

MemTotal:        4016004 kB
MemFree:          118920 kB
Active:           362760 kB
Mem:          3.8G       3.7G       116M       5.7M        29M       3.2G

MemTotal:        4016004 kB
MemFree:          119044 kB
Active:           362808 kB
Mem:          3.8G       3.7G       116M       5.7M        29M       3.2G

MemTotal:        4016004 kB
MemFree:          119044 kB
Active:           362788 kB
Mem:          3.8G       3.7G       116M       5.7M        29M       3.2G

MemTotal:        4016004 kB
MemFree:          119044 kB
Active:           362820 kB
Mem:          3.8G       3.7G       116M       5.7M        29M       3.2G

MemTotal:        4016004 kB
MemFree:          119044 kB
Active:           362804 kB
Mem:          3.8G       3.7G       116M       5.7M        29M       3.2G

MemTotal:        4016004 kB
MemFree:          119044 kB
Active:           362788 kB
Mem:          3.8G       3.7G       116M       5.7M        29M       3.2G

MemTotal:        4016004 kB
MemFree:          119044 kB
Active:           362816 kB
Mem:          3.8G       3.7G       115M       5.7M        29M       3.2G

MemTotal:        4016004 kB
MemFree:          119044 kB
Active:           362812 kB
Mem:          3.8G       3.7G       115M       5.7M        29M       3.2G

MemTotal:        4016004 kB
MemFree:          118920 kB
Active:           362784 kB
Mem:          3.8G       3.7G       116M       5.7M        29M       3.2G

MemTotal:        4016004 kB
MemFree:          118920 kB
Active:           362812 kB
Mem:          3.8G       3.7G       116M       5.7M        29M       3.2G

MemTotal:        4016004 kB
MemFree:          118548 kB
Active:           362840 kB
Mem:          3.8G       3.7G       116M       5.7M        29M       3.2G

MemTotal:        4016004 kB
MemFree:          119044 kB
Active:           362840 kB
Mem:          3.8G       3.7G       116M       5.7M        29M       3.2G

MemTotal:        4016004 kB
MemFree:          119168 kB
Active:           362820 kB
Mem:          3.8G       3.7G       116M       5.7M        29M       3.2G

MemTotal:        4016004 kB
MemFree:          119044 kB
Active:           362800 kB
Mem:          3.8G       3.7G       116M       5.7M        29M       3.2G

MemTotal:        4016004 kB
MemFree:          118672 kB
Active:           362844 kB
Mem:          3.8G       3.7G       116M       5.7M        29M       3.2G

MemTotal:        4016004 kB
MemFree:          118920 kB
Active:           362852 kB
Mem:          3.8G       3.7G       116M       5.7M        29M       3.2G

MemTotal:        4016004 kB
MemFree:          119044 kB
Active:           362840 kB
Mem:          3.8G       3.7G       116M       5.7M        29M       3.2G

MemTotal:        4016004 kB
MemFree:          119044 kB
Active:           362852 kB
Mem:          3.8G       3.7G       116M       5.7M        29M       3.2G

MemTotal:        4016004 kB
MemFree:          119044 kB
Active:           362832 kB
Mem:          3.8G       3.7G       116M       5.7M        29M       3.2G

MemTotal:        4016004 kB
MemFree:          118920 kB
Active:           362852 kB
Mem:          3.8G       3.7G       116M       5.7M        29M       3.2G

MemTotal:        4016004 kB
MemFree:          118548 kB
Active:           362856 kB
Mem:          3.8G       3.7G       116M       5.7M        29M       3.2G

MemTotal:        4016004 kB
MemFree:          118920 kB
Active:           362856 kB
Mem:          3.8G       3.7G       116M       5.7M        29M       3.2G

MemTotal:        4016004 kB
MemFree:          118548 kB
Active:           362860 kB
Mem:          3.8G       3.7G       115M       5.7M        29M       3.2G

MemTotal:        4016004 kB
MemFree:          118548 kB
Active:           362864 kB
Mem:          3.8G       3.7G       115M       5.7M        29M       3.2G

MemTotal:        4016004 kB
MemFree:          118176 kB
Active:           362864 kB
Mem:          3.8G       3.7G       115M       5.7M        29M       3.2G

MemTotal:        4016004 kB
MemFree:          118548 kB
Active:           362852 kB
Mem:          3.8G       3.7G       115M       5.7M        29M       3.2G

MemTotal:        4016004 kB
MemFree:          118548 kB
Active:           362832 kB
Mem:          3.8G       3.7G       115M       5.7M        29M       3.2G

MemTotal:        4016004 kB
MemFree:          118176 kB
Active:           362864 kB
Mem:          3.8G       3.7G       115M       5.7M        29M       3.2G

MemTotal:        4016004 kB
MemFree:          118176 kB
Active:           362864 kB
Mem:          3.8G       3.7G       115M       5.7M        29M       3.2G

MemTotal:        4016004 kB
MemFree:          118424 kB
Active:           362868 kB
Mem:          3.8G       3.7G       115M       5.7M        29M       3.2G

MemTotal:        4016004 kB
MemFree:          118920 kB
Active:           362844 kB
Mem:          3.8G       3.7G       115M       5.7M        29M       3.2G

MemTotal:        4016004 kB
MemFree:          118796 kB
Active:           362836 kB
Mem:          3.8G       3.7G       115M       5.7M        29M       3.2G

MemTotal:        4016004 kB
MemFree:          118796 kB
Active:           362864 kB
Mem:          3.8G       3.7G       115M       5.7M        29M       3.2G

MemTotal:        4016004 kB
MemFree:          118796 kB
Active:           362856 kB
Mem:          3.8G       3.7G       116M       5.7M        29M       3.2G

MemTotal:        4016004 kB
MemFree:          118920 kB
Active:           362872 kB
Mem:          3.8G       3.7G       115M       5.7M        29M       3.2G

MemTotal:        4016004 kB
MemFree:          118796 kB
Active:           362876 kB
Mem:          3.8G       3.7G       116M       5.7M        29M       3.2G

MemTotal:        4016004 kB
MemFree:          118920 kB
Active:           362884 kB
Mem:          3.8G       3.7G       115M       5.7M        29M       3.2G

MemTotal:        4016004 kB
MemFree:          118672 kB
Active:           362860 kB
Mem:          3.8G       3.7G       115M       5.7M        29M       3.2G

MemTotal:        4016004 kB
MemFree:          118672 kB
Active:           362892 kB
Mem:          3.8G       3.7G       115M       5.7M        29M       3.2G

MemTotal:        4016004 kB
MemFree:          118672 kB
Active:           362888 kB
Mem:          3.8G       3.7G       115M       5.7M        29M       3.2G

MemTotal:        4016004 kB
MemFree:          118920 kB
Active:           362884 kB
Mem:          3.8G       3.7G       115M       5.7M        29M       3.2G

MemTotal:        4016004 kB
MemFree:          118796 kB
Active:           362900 kB
Mem:          3.8G       3.7G       116M       5.7M        29M       3.2G

MemTotal:        4016004 kB
MemFree:          118796 kB
Active:           362896 kB
Mem:          3.8G       3.7G       116M       5.7M        29M       3.2G

MemTotal:        4016004 kB
MemFree:          118796 kB
Active:           362896 kB
Mem:          3.8G       3.7G       116M       5.7M        29M       3.2G

MemTotal:        4016004 kB
MemFree:          118672 kB
Active:           362904 kB
Mem:          3.8G       3.7G       115M       5.7M        29M       3.2G

MemTotal:        4016004 kB
MemFree:          118672 kB
Active:           362912 kB
Mem:          3.8G       3.7G       115M       5.7M        29M       3.2G

MemTotal:        4016004 kB
MemFree:          118672 kB
Active:           362900 kB
Mem:          3.8G       3.7G       115M       5.7M        29M       3.2G

MemTotal:        4016004 kB
MemFree:          119044 kB
Active:           362912 kB
Mem:          3.8G       3.7G       115M       5.7M        29M       3.2G

MemTotal:        4016004 kB
MemFree:          118920 kB
Active:           362876 kB
Mem:          3.8G       3.7G       115M       5.7M        29M       3.2G

MemTotal:        4016004 kB
MemFree:          118176 kB
Active:           362924 kB
Mem:          3.8G       3.7G       115M       5.7M        29M       3.2G

MemTotal:        4016004 kB
MemFree:          118176 kB
Active:           362916 kB
Mem:          3.8G       3.7G       115M       5.7M        29M       3.2G

MemTotal:        4016004 kB
MemFree:          117804 kB
Active:           362924 kB
Mem:          3.8G       3.7G       115M       5.7M        29M       3.2G

MemTotal:        4016004 kB
MemFree:          118300 kB
Active:           362920 kB
Mem:          3.8G       3.7G       115M       5.7M        29M       3.2G

MemTotal:        4016004 kB
MemFree:          118548 kB
Active:           362924 kB
Mem:          3.8G       3.7G       115M       5.7M        29M       3.2G

MemTotal:        4016004 kB
MemFree:          118424 kB
Active:           362912 kB
Mem:          3.8G       3.7G       115M       5.7M        29M       3.2G

MemTotal:        4016004 kB
MemFree:          118920 kB
Active:           362876 kB
Mem:          3.8G       3.7G       115M       5.7M        29M       3.2G

MemTotal:        4016004 kB
MemFree:          118424 kB
Active:           362916 kB
Mem:          3.8G       3.7G       115M       5.7M        29M       3.2G

MemTotal:        4016004 kB
MemFree:          118424 kB
Active:           362900 kB
Mem:          3.8G       3.7G       115M       5.7M        29M       3.2G

MemTotal:        4016004 kB
MemFree:          118424 kB
Active:           362936 kB
Mem:          3.8G       3.7G       115M       5.7M        29M       3.2G

MemTotal:        4016004 kB
MemFree:          118424 kB
Active:           362904 kB
Mem:          3.8G       3.7G       115M       5.7M        29M       3.2G

MemTotal:        4016004 kB
MemFree:          118300 kB
Active:           362900 kB
Mem:          3.8G       3.7G       115M       5.7M        29M       3.2G

MemTotal:        4016004 kB
MemFree:          118300 kB
Active:           362928 kB
Mem:          3.8G       3.7G       115M       5.7M        29M       3.2G

MemTotal:        4016004 kB
MemFree:          118300 kB
Active:           362940 kB
Mem:          3.8G       3.7G       115M       5.7M        29M       3.2G

MemTotal:        4016004 kB
MemFree:          118300 kB
Active:           362920 kB
Mem:          3.8G       3.7G       115M       5.7M        29M       3.2G

MemTotal:        4016004 kB
MemFree:          118300 kB
Active:           362900 kB
Mem:          3.8G       3.7G       115M       5.7M        29M       3.2G

MemTotal:        4016004 kB
MemFree:          117804 kB
Active:           362956 kB
Mem:          3.8G       3.7G       115M       5.7M        29M       3.2G

MemTotal:        4016004 kB
MemFree:          117556 kB
Active:           362956 kB
Mem:          3.8G       3.7G       114M       5.7M        29M       3.2G

MemTotal:        4016004 kB
MemFree:          117804 kB
Active:           362952 kB
Mem:          3.8G       3.7G       115M       5.7M        29M       3.2G

MemTotal:        4016004 kB
MemFree:          117804 kB
Active:           362924 kB
Mem:          3.8G       3.7G       114M       5.7M        29M       3.2G

MemTotal:        4016004 kB
MemFree:          117928 kB
Active:           362956 kB
Mem:          3.8G       3.7G       115M       5.7M        29M       3.2G

MemTotal:        4016004 kB
MemFree:          117680 kB
Active:           362960 kB
Mem:          3.8G       3.7G       114M       5.7M        29M       3.2G

MemTotal:        4016004 kB
MemFree:          118424 kB
Active:           362924 kB
Mem:          3.8G       3.7G       115M       5.7M        29M       3.2G

MemTotal:        4016004 kB
MemFree:          117928 kB
Active:           362960 kB
Mem:          3.8G       3.7G       115M       5.7M        29M       3.2G

MemTotal:        4016004 kB
MemFree:          118300 kB
Active:           362964 kB
Mem:          3.8G       3.7G       115M       5.7M        29M       3.2G

MemTotal:        4016004 kB
MemFree:          118300 kB
Active:           362964 kB
Mem:          3.8G       3.7G       115M       5.7M        29M       3.2G

MemTotal:        4016004 kB
MemFree:          118300 kB
Active:           362960 kB
Mem:          3.8G       3.7G       115M       5.7M        29M       3.2G

MemTotal:        4016004 kB
MemFree:          118300 kB
Active:           362968 kB
Mem:          3.8G       3.7G       115M       5.7M        29M       3.2G

MemTotal:        4016004 kB
MemFree:          118300 kB
Active:           362968 kB
Mem:          3.8G       3.7G       115M       5.7M        29M       3.2G

MemTotal:        4016004 kB
MemFree:          118176 kB
Active:           362972 kB
Mem:          3.8G       3.7G       115M       5.7M        29M       3.2G

MemTotal:        4016004 kB
MemFree:          118176 kB
Active:           362976 kB
Mem:          3.8G       3.7G       115M       5.7M        29M       3.2G

MemTotal:        4016004 kB
MemFree:          118176 kB
Active:           362964 kB
Mem:          3.8G       3.7G       115M       5.7M        29M       3.2G

MemTotal:        4016004 kB
MemFree:          118176 kB
Active:           362944 kB
Mem:          3.8G       3.7G       115M       5.7M        29M       3.2G

MemTotal:        4016004 kB
MemFree:          118300 kB
Active:           362968 kB
Mem:          3.8G       3.7G       115M       5.7M        29M       3.2G

MemTotal:        4016004 kB
MemFree:          118176 kB
Active:           362968 kB
Mem:          3.8G       3.7G       115M       5.7M        29M       3.2G

MemTotal:        4016004 kB
MemFree:          118300 kB
Active:           362956 kB
Mem:          3.8G       3.7G       115M       5.7M        29M       3.2G

MemTotal:        4016004 kB
MemFree:          118424 kB
Active:           362964 kB
Mem:          3.8G       3.7G       115M       5.7M        29M       3.2G

MemTotal:        4016004 kB
MemFree:          118300 kB
Active:           362960 kB
Mem:          3.8G       3.7G       115M       5.7M        29M       3.2G

MemTotal:        4016004 kB
MemFree:          117804 kB
Active:           362992 kB
Mem:          3.8G       3.7G       114M       5.7M        29M       3.2G

MemTotal:        4016004 kB
MemFree:          117736 kB
Active:           362844 kB
Mem:          3.8G       3.7G       115M       5.7M        29M       3.2G

MemTotal:        4016004 kB
MemFree:          117716 kB
Active:           362580 kB
Mem:          3.8G       3.7G       115M       5.7M        29M       3.2G

MemTotal:        4016004 kB
MemFree:          118708 kB
Active:           362548 kB
Mem:          3.8G       3.7G       115M       5.7M        29M       3.2G

MemTotal:        4016004 kB
MemFree:          118460 kB
Active:           362580 kB
Mem:          3.8G       3.7G       115M       5.7M        29M       3.2G

MemTotal:        4016004 kB
MemFree:          118832 kB
Active:           362568 kB
Mem:          3.8G       3.7G       115M       5.7M        29M       3.2G

MemTotal:        4016004 kB
MemFree:          118708 kB
Active:           362588 kB
Mem:          3.8G       3.7G       115M       5.7M        29M       3.2G

MemTotal:        4016004 kB
MemFree:          118336 kB
Active:           362596 kB
Mem:          3.8G       3.7G       115M       5.7M        29M       3.2G

MemTotal:        4016004 kB
MemFree:          118584 kB
Active:           362576 kB
Mem:          3.8G       3.7G       115M       5.7M        29M       3.2G

MemTotal:        4016004 kB
MemFree:          118212 kB
Active:           362596 kB
Mem:          3.8G       3.7G       115M       5.7M        29M       3.2G

MemTotal:        4016004 kB
MemFree:          118744 kB
Active:           362588 kB
Mem:          3.8G       3.7G       115M       5.7M        29M       3.2G

MemTotal:        4016004 kB
MemFree:          118124 kB
Active:           362596 kB
Mem:          3.8G       3.7G       115M       5.7M        29M       3.2G

MemTotal:        4016004 kB
MemFree:          118372 kB
Active:           362568 kB
Mem:          3.8G       3.7G       115M       5.7M        29M       3.2G

MemTotal:        4016004 kB
MemFree:          118496 kB
Active:           362608 kB
Mem:          3.8G       3.7G       115M       5.7M        29M       3.2G

MemTotal:        4016004 kB
MemFree:          118496 kB
Active:           362576 kB
Mem:          3.8G       3.7G       115M       5.7M        29M       3.2G

MemTotal:        4016004 kB
MemFree:          117876 kB
Active:           362620 kB
Mem:          3.8G       3.7G       115M       5.7M        29M       3.2G

MemTotal:        4016004 kB
MemFree:          118248 kB
Active:           362608 kB
Mem:          3.8G       3.7G       115M       5.7M        29M       3.2G

MemTotal:        4016004 kB
MemFree:          118620 kB
Active:           362588 kB
Mem:          3.8G       3.7G       115M       5.7M        29M       3.2G

MemTotal:        4016004 kB
MemFree:          118404 kB
Active:           362620 kB
Mem:          3.8G       3.7G       115M       5.7M        29M       3.2G

MemTotal:        4016004 kB
MemFree:          118528 kB
Active:           362596 kB
Mem:          3.8G       3.7G       115M       5.7M        29M       3.2G

MemTotal:        4016004 kB
MemFree:          118652 kB
Active:           362576 kB
Mem:          3.8G       3.7G       116M       5.7M        29M       3.2G

MemTotal:        4016004 kB
MemFree:          118528 kB
Active:           362628 kB
Mem:          3.8G       3.7G       115M       5.7M        29M       3.2G

MemTotal:        4016004 kB
MemFree:          118528 kB
Active:           362628 kB
Mem:          3.8G       3.7G       115M       5.7M        29M       3.2G

MemTotal:        4016004 kB
MemFree:          118776 kB
Active:           362604 kB
Mem:          3.8G       3.7G       116M       5.7M        29M       3.2G

MemTotal:        4016004 kB
MemFree:          118900 kB
Active:           362584 kB
Mem:          3.8G       3.7G       116M       5.7M        29M       3.2G

MemTotal:        4016004 kB
MemFree:          118652 kB
Active:           362636 kB
Mem:          3.8G       3.7G       115M       5.7M        29M       3.2G

MemTotal:        4016004 kB
MemFree:          118652 kB
Active:           362588 kB
Mem:          3.8G       3.7G       115M       5.7M        29M       3.2G

MemTotal:        4016004 kB
MemFree:          118652 kB
Active:           362636 kB
Mem:          3.8G       3.7G       115M       5.7M        29M       3.2G

MemTotal:        4016004 kB
MemFree:          119024 kB
Active:           362612 kB
Mem:          3.8G       3.7G       115M       5.7M        29M       3.2G

MemTotal:        4016004 kB
MemFree:          118404 kB
Active:           362656 kB
Mem:          3.8G       3.7G       115M       5.7M        29M       3.2G

MemTotal:        4016004 kB
MemFree:          118776 kB
Active:           362612 kB
Mem:          3.8G       3.7G       116M       5.7M        29M       3.2G

MemTotal:        4016004 kB
MemFree:          118776 kB
Active:           362604 kB
Mem:          3.8G       3.7G       116M       5.7M        29M       3.2G

MemTotal:        4016004 kB
MemFree:          118528 kB
Active:           362656 kB
Mem:          3.8G       3.7G       116M       5.7M        29M       3.2G

MemTotal:        4016004 kB
MemFree:          118900 kB
Active:           362628 kB
