MemTotal:        4016004 kB
MemFree:         3244884 kB
Active:           415728 kB
Mem:          3.8G       753M       3.1G       5.7M        62M       314M

MemTotal:        4016004 kB
MemFree:         3244832 kB
Active:           415868 kB
Mem:          3.8G       753M       3.1G       5.7M        62M       314M

MemTotal:        4016004 kB
MemFree:         3245328 kB
Active:           415944 kB
Mem:          3.8G       752M       3.1G       5.7M        62M       314M

MemTotal:        4016004 kB
MemFree:         3244816 kB
Active:           415944 kB
Mem:          3.8G       752M       3.1G       5.7M        62M       314M

MemTotal:        4016004 kB
MemFree:         3244940 kB
Active:           415944 kB
Mem:          3.8G       752M       3.1G       5.7M        62M       314M

MemTotal:        4016004 kB
MemFree:         3245048 kB
Active:           415920 kB
Mem:          3.8G       753M       3.1G       5.7M        62M       314M

MemTotal:        4016004 kB
MemFree:         3243268 kB
Active:           414068 kB
Mem:          3.8G       754M       3.1G       5.7M        62M       314M

MemTotal:        4016004 kB
MemFree:         3243360 kB
Active:           417984 kB
Mem:          3.8G       754M       3.1G       5.7M        62M       314M

MemTotal:        4016004 kB
MemFree:         3242972 kB
Active:           417988 kB
Mem:          3.8G       754M       3.1G       5.7M        62M       314M

MemTotal:        4016004 kB
MemFree:         3243328 kB
Active:           417936 kB
Mem:          3.8G       754M       3.1G       5.7M        62M       314M

MemTotal:        4016004 kB
MemFree:         3243312 kB
Active:           417964 kB
Mem:          3.8G       754M       3.1G       5.7M        62M       314M

MemTotal:        4016004 kB
MemFree:         3243296 kB
Active:           417964 kB
Mem:          3.8G       754M       3.1G       5.7M        62M       314M

MemTotal:        4016004 kB
MemFree:         3243280 kB
Active:           417988 kB
Mem:          3.8G       754M       3.1G       5.7M        62M       314M

MemTotal:        4016004 kB
MemFree:         3243388 kB
Active:           417952 kB
Mem:          3.8G       754M       3.1G       5.7M        62M       314M

MemTotal:        4016004 kB
MemFree:         3243204 kB
Active:           417948 kB
Mem:          3.8G       754M       3.1G       5.7M        62M       314M

MemTotal:        4016004 kB
MemFree:         3244640 kB
Active:           416068 kB
Mem:          3.8G       752M       3.1G       5.7M        62M       314M

MemTotal:        4016004 kB
MemFree:         3244856 kB
Active:           415968 kB
Mem:          3.8G       752M       3.1G       5.7M        62M       314M

MemTotal:        4016004 kB
MemFree:         3244980 kB
Active:           415968 kB
Mem:          3.8G       752M       3.1G       5.7M        62M       314M

MemTotal:        4016004 kB
MemFree:         3245228 kB
Active:           415920 kB
Mem:          3.8G       753M       3.1G       5.7M        62M       314M

MemTotal:        4016004 kB
MemFree:         3244608 kB
Active:           415968 kB
Mem:          3.8G       753M       3.1G       5.7M        62M       314M

MemTotal:        4016004 kB
MemFree:         3244980 kB
Active:           415924 kB
Mem:          3.8G       752M       3.1G       5.7M        62M       314M

MemTotal:        4016004 kB
MemFree:         3245476 kB
Active:           415940 kB
Mem:          3.8G       752M       3.1G       5.7M        62M       314M

MemTotal:        4016004 kB
MemFree:         3245104 kB
Active:           415976 kB
Mem:          3.8G       752M       3.1G       5.7M        62M       314M

MemTotal:        4016004 kB
MemFree:         3245480 kB
Active:           415952 kB
Mem:          3.8G       752M       3.1G       5.7M        62M       314M

MemTotal:        4016004 kB
MemFree:         3245588 kB
Active:           415948 kB
Mem:          3.8G       752M       3.1G       5.7M        62M       314M

MemTotal:        4016004 kB
MemFree:         3245448 kB
Active:           415972 kB
Mem:          3.8G       752M       3.1G       5.7M        62M       314M

MemTotal:        4016004 kB
MemFree:         3245168 kB
Active:           415980 kB
Mem:          3.8G       752M       3.1G       5.7M        62M       314M

MemTotal:        4016004 kB
MemFree:         3245044 kB
Active:           415980 kB
Mem:          3.8G       752M       3.1G       5.7M        62M       314M

MemTotal:        4016004 kB
MemFree:         3245416 kB
Active:           415944 kB
Mem:          3.8G       752M       3.1G       5.7M        62M       314M

MemTotal:        4016004 kB
MemFree:         3245416 kB
Active:           415952 kB
Mem:          3.8G       752M       3.1G       5.7M        62M       314M

MemTotal:        4016004 kB
MemFree:         3245216 kB
Active:           415988 kB
Mem:          3.8G       752M       3.1G       5.7M        62M       314M

MemTotal:        4016004 kB
MemFree:         3245588 kB
Active:           415940 kB
Mem:          3.8G       752M       3.1G       5.7M        62M       314M

MemTotal:        4016004 kB
MemFree:         3245588 kB
Active:           416000 kB
Mem:          3.8G       752M       3.1G       5.7M        62M       314M

MemTotal:        4016004 kB
MemFree:         3245448 kB
Active:           415952 kB
Mem:          3.8G       752M       3.1G       5.7M        62M       314M

MemTotal:        4016004 kB
MemFree:         3244952 kB
Active:           416008 kB
Mem:          3.8G       752M       3.1G       5.7M        62M       314M

MemTotal:        4016004 kB
MemFree:         3245448 kB
Active:           416004 kB
Mem:          3.8G       752M       3.1G       5.7M        62M       314M

MemTotal:        4016004 kB
MemFree:         3245324 kB
Active:           415968 kB
Mem:          3.8G       752M       3.1G       5.7M        62M       314M

MemTotal:        4016004 kB
MemFree:         3245060 kB
Active:           416012 kB
Mem:          3.8G       752M       3.1G       5.7M        62M       314M

MemTotal:        4016004 kB
MemFree:         3244812 kB
Active:           416012 kB
Mem:          3.8G       752M       3.1G       5.7M        62M       314M

MemTotal:        4016004 kB
MemFree:         3244564 kB
Active:           416012 kB
Mem:          3.8G       753M       3.1G       5.7M        62M       314M

MemTotal:        4016004 kB
MemFree:         3244936 kB
Active:           415964 kB
Mem:          3.8G       752M       3.1G       5.7M        62M       314M

MemTotal:        4016004 kB
MemFree:         3244968 kB
Active:           416012 kB
Mem:          3.8G       752M       3.1G       5.7M        62M       314M

MemTotal:        4016004 kB
MemFree:         3244968 kB
Active:           415992 kB
Mem:          3.8G       752M       3.1G       5.7M        62M       314M

MemTotal:        4016004 kB
MemFree:         3244968 kB
Active:           416000 kB
Mem:          3.8G       752M       3.1G       5.7M        62M       314M

MemTotal:        4016004 kB
MemFree:         3245200 kB
Active:           415996 kB
Mem:          3.8G       752M       3.1G       5.7M        62M       314M

MemTotal:        4016004 kB
MemFree:         3244812 kB
Active:           416028 kB
Mem:          3.8G       752M       3.1G       5.7M        62M       314M

MemTotal:        4016004 kB
MemFree:         3244564 kB
Active:           416028 kB
Mem:          3.8G       753M       3.1G       5.7M        62M       314M

MemTotal:        4016004 kB
MemFree:         3244936 kB
Active:           416004 kB
Mem:          3.8G       753M       3.1G       5.7M        62M       314M

MemTotal:        4016004 kB
MemFree:         3244812 kB
Active:           416008 kB
Mem:          3.8G       753M       3.1G       5.7M        62M       314M

MemTotal:        4016004 kB
MemFree:         3244828 kB
Active:           416016 kB
Mem:          3.8G       753M       3.1G       5.7M        62M       314M

MemTotal:        4016004 kB
MemFree:         3244828 kB
Active:           416016 kB
Mem:          3.8G       753M       3.1G       5.7M        62M       314M

MemTotal:        4016004 kB
MemFree:         3244580 kB
Active:           416040 kB
Mem:          3.8G       753M       3.1G       5.7M        62M       314M

MemTotal:        4016004 kB
MemFree:         3245324 kB
Active:           416020 kB
Mem:          3.8G       752M       3.1G       5.7M        62M       314M

MemTotal:        4016004 kB
MemFree:         3245076 kB
Active:           416032 kB
Mem:          3.8G       752M       3.1G       5.7M        62M       314M

MemTotal:        4016004 kB
MemFree:         3245200 kB
Active:           416020 kB
Mem:          3.8G       752M       3.1G       5.7M        62M       314M

MemTotal:        4016004 kB
MemFree:         3245200 kB
Active:           416028 kB
Mem:          3.8G       752M       3.1G       5.7M        62M       314M

MemTotal:        4016004 kB
MemFree:         3244556 kB
Active:           414160 kB
Mem:          3.8G       753M       3.1G       5.7M        62M       314M

MemTotal:        4016004 kB
MemFree:         3245260 kB
Active:           416052 kB
Mem:          3.8G       753M       3.1G       5.7M        62M       314M

MemTotal:        4016004 kB
MemFree:         3245136 kB
Active:           416060 kB
Mem:          3.8G       753M       3.1G       5.7M        62M       314M

MemTotal:        4016004 kB
MemFree:         3244764 kB
Active:           416068 kB
Mem:          3.8G       753M       3.1G       5.7M        62M       314M

MemTotal:        4016004 kB
MemFree:         3244732 kB
Active:           416140 kB
Mem:          3.8G       753M       3.1G       5.7M        62M       314M

MemTotal:        4016004 kB
MemFree:         3129184 kB
Active:           416608 kB
Mem:          3.8G       866M       3.0G       5.7M        62M       425M

MemTotal:        4016004 kB
MemFree:         3118868 kB
Active:           416608 kB
Mem:          3.8G       876M       3.0G       5.7M        62M       434M

MemTotal:        4016004 kB
MemFree:         3045768 kB
Active:           416616 kB
Mem:          3.8G       948M       2.9G       5.7M        62M       506M

MemTotal:        4016004 kB
MemFree:         2924968 kB
Active:           416616 kB
Mem:          3.8G       1.0G       2.8G       5.7M        62M       621M

MemTotal:        4016004 kB
MemFree:         2812508 kB
Active:           416616 kB
Mem:          3.8G       1.1G       2.7G       5.7M        62M       730M

MemTotal:        4016004 kB
MemFree:         2788376 kB
Active:           414796 kB
Mem:          3.8G       1.2G       2.7G       5.7M        62M       752M

MemTotal:        4016004 kB
MemFree:         2715452 kB
Active:           416644 kB
Mem:          3.8G       1.2G       2.6G       5.7M        62M       823M

MemTotal:        4016004 kB
MemFree:         2690324 kB
Active:           416644 kB
Mem:          3.8G       1.3G       2.6G       5.7M        62M       847M

MemTotal:        4016004 kB
MemFree:         2688580 kB
Active:           416656 kB
Mem:          3.8G       1.3G       2.6G       5.7M        62M       848M

MemTotal:        4016004 kB
MemFree:         2687480 kB
Active:           416668 kB
Mem:          3.8G       1.3G       2.6G       5.7M        62M       849M

MemTotal:        4016004 kB
MemFree:         2685592 kB
Active:           416668 kB
Mem:          3.8G       1.3G       2.6G       5.7M        62M       851M

MemTotal:        4016004 kB
MemFree:         2680836 kB
Active:           416668 kB
Mem:          3.8G       1.3G       2.6G       5.7M        62M       856M

MemTotal:        4016004 kB
MemFree:         2575184 kB
Active:           416676 kB
Mem:          3.8G       1.4G       2.5G       5.7M        62M       957M

MemTotal:        4016004 kB
MemFree:         2440836 kB
Active:           416676 kB
Mem:          3.8G       1.5G       2.3G       5.7M        62M       1.1G

MemTotal:        4016004 kB
MemFree:         2336948 kB
Active:           416676 kB
Mem:          3.8G       1.6G       2.2G       5.7M        62M       1.2G

MemTotal:        4016004 kB
MemFree:         2335460 kB
Active:           416804 kB
Mem:          3.8G       1.6G       2.2G       5.7M        62M       1.2G

MemTotal:        4016004 kB
MemFree:         2236428 kB
Active:           416780 kB
Mem:          3.8G       1.7G       2.1G       5.7M        62M       1.3G

MemTotal:        4016004 kB
MemFree:         2236252 kB
Active:           416780 kB
Mem:          3.8G       1.7G       2.1G       5.7M        62M       1.3G

MemTotal:        4016004 kB
MemFree:         2137032 kB
Active:           416788 kB
Mem:          3.8G       1.8G       2.0G       5.7M        62M       1.3G

MemTotal:        4016004 kB
MemFree:         2136768 kB
Active:           416792 kB
Mem:          3.8G       1.8G       2.0G       5.7M        62M       1.3G

MemTotal:        4016004 kB
MemFree:         2135408 kB
Active:           416808 kB
Mem:          3.8G       1.8G       2.0G       5.7M        62M       1.3G

MemTotal:        4016004 kB
MemFree:         2134292 kB
Active:           416820 kB
Mem:          3.8G       1.8G       2.0G       5.7M        62M       1.3G

MemTotal:        4016004 kB
MemFree:         2133364 kB
Active:           416836 kB
Mem:          3.8G       1.8G       2.0G       5.7M        62M       1.3G

MemTotal:        4016004 kB
MemFree:         2086984 kB
Active:           416836 kB
Mem:          3.8G       1.8G       2.0G       5.7M        62M       1.4G

MemTotal:        4016004 kB
MemFree:         1971036 kB
Active:           416844 kB
Mem:          3.8G       2.0G       1.9G       5.7M        62M       1.5G

MemTotal:        4016004 kB
MemFree:         1835696 kB
Active:           416844 kB
Mem:          3.8G       2.1G       1.7G       5.7M        62M       1.6G

MemTotal:        4016004 kB
MemFree:         1784820 kB
Active:           416844 kB
Mem:          3.8G       2.1G       1.7G       5.7M        62M       1.7G

MemTotal:        4016004 kB
MemFree:         1743652 kB
Active:           416848 kB
Mem:          3.8G       2.2G       1.7G       5.7M        62M       1.7G

MemTotal:        4016004 kB
MemFree:         1683356 kB
Active:           416864 kB
Mem:          3.8G       2.2G       1.6G       5.7M        62M       1.8G

MemTotal:        4016004 kB
MemFree:         1646572 kB
Active:           416864 kB
Mem:          3.8G       2.3G       1.6G       5.7M        62M       1.8G

MemTotal:        4016004 kB
MemFree:         1584588 kB
Active:           416864 kB
Mem:          3.8G       2.3G       1.5G       5.7M        62M       1.9G

MemTotal:        4016004 kB
MemFree:         1547256 kB
Active:           416864 kB
Mem:          3.8G       2.4G       1.5G       5.7M        62M       1.9G

MemTotal:        4016004 kB
MemFree:         1483776 kB
Active:           416864 kB
Mem:          3.8G       2.4G       1.4G       5.7M        62M       2.0G

MemTotal:        4016004 kB
MemFree:         1483356 kB
Active:           416880 kB
Mem:          3.8G       2.4G       1.4G       5.7M        62M       2.0G

MemTotal:        4016004 kB
MemFree:         1483444 kB
Active:           416892 kB
Mem:          3.8G       2.4G       1.4G       5.7M        62M       2.0G

MemTotal:        4016004 kB
MemFree:         1483636 kB
Active:           416892 kB
Mem:          3.8G       2.4G       1.4G       5.7M        62M       2.0G

MemTotal:        4016004 kB
MemFree:         1477844 kB
Active:           416972 kB
Mem:          3.8G       2.4G       1.4G       5.7M        62M       2.0G

MemTotal:        4016004 kB
MemFree:         1363480 kB
Active:           416912 kB
Mem:          3.8G       2.5G       1.3G       5.7M        62M       2.1G

MemTotal:        4016004 kB
MemFree:         1236448 kB
Active:           416908 kB
Mem:          3.8G       2.7G       1.2G       5.7M        62M       2.2G

MemTotal:        4016004 kB
MemFree:         1133392 kB
Active:           416896 kB
Mem:          3.8G       2.7G       1.1G       5.7M        62M       2.3G

MemTotal:        4016004 kB
MemFree:         1132896 kB
Active:           416936 kB
Mem:          3.8G       2.7G       1.1G       5.7M        62M       2.3G

MemTotal:        4016004 kB
MemFree:         1032712 kB
Active:           416924 kB
Mem:          3.8G       2.8G       1.0G       5.7M        62M       2.4G

MemTotal:        4016004 kB
MemFree:         1031852 kB
Active:           416940 kB
Mem:          3.8G       2.8G       1.0G       5.7M        62M       2.4G

MemTotal:        4016004 kB
MemFree:          947344 kB
Active:           416900 kB
Mem:          3.8G       2.9G       924M       5.7M        62M       2.5G

MemTotal:        4016004 kB
MemFree:          841332 kB
Active:           416968 kB
Mem:          3.8G       3.0G       820M       5.7M        62M       2.6G

MemTotal:        4016004 kB
MemFree:          715928 kB
Active:           416968 kB
Mem:          3.8G       3.1G       698M       5.7M        62M       2.7G

MemTotal:        4016004 kB
MemFree:          583332 kB
Active:           416968 kB
Mem:          3.8G       3.3G       569M       5.7M        62M       2.8G

MemTotal:        4016004 kB
MemFree:          545992 kB
Active:           416968 kB
Mem:          3.8G       3.3G       532M       5.7M        62M       2.8G

MemTotal:        4016004 kB
MemFree:          545364 kB
Active:           416980 kB
Mem:          3.8G       3.3G       532M       5.7M        62M       2.8G

MemTotal:        4016004 kB
MemFree:          545464 kB
Active:           416992 kB
Mem:          3.8G       3.3G       532M       5.7M        62M       2.8G

MemTotal:        4016004 kB
MemFree:          544436 kB
Active:           417004 kB
Mem:          3.8G       3.3G       531M       5.7M        62M       2.8G

MemTotal:        4016004 kB
MemFree:          543812 kB
Active:           417024 kB
Mem:          3.8G       3.3G       530M       5.7M        62M       2.8G

MemTotal:        4016004 kB
MemFree:          518044 kB
Active:           417024 kB
Mem:          3.8G       3.3G       505M       5.7M        62M       2.9G

MemTotal:        4016004 kB
MemFree:          516900 kB
Active:           417032 kB
Mem:          3.8G       3.3G       504M       5.7M        62M       2.9G

MemTotal:        4016004 kB
MemFree:          515768 kB
Active:           417040 kB
Mem:          3.8G       3.3G       503M       5.7M        62M       2.9G

MemTotal:        4016004 kB
MemFree:          514824 kB
Active:           415140 kB
Mem:          3.8G       3.3G       503M       5.7M        62M       2.9G

MemTotal:        4016004 kB
MemFree:          485144 kB
Active:           417060 kB
Mem:          3.8G       3.4G       472M       5.7M        62M       2.9G

MemTotal:        4016004 kB
MemFree:          355556 kB
Active:           417064 kB
Mem:          3.8G       3.5G       346M       5.7M        62M       3.0G

MemTotal:        4016004 kB
MemFree:          243700 kB
Active:           417064 kB
Mem:          3.8G       3.6G       237M       5.7M        62M       3.1G

MemTotal:        4016004 kB
MemFree:          131976 kB
Active:           417072 kB
Mem:          3.8G       3.7G       128M       5.7M        62M       3.2G

MemTotal:        4016004 kB
MemFree:          118924 kB
Active:           417096 kB
Mem:          3.8G       3.7G       115M       5.7M        62M       3.2G

MemTotal:        4016004 kB
MemFree:          138164 kB
Active:           431204 kB
Mem:          3.8G       3.7G       161M       5.7M        27M       3.2G

MemTotal:        4016004 kB
MemFree:          152804 kB
Active:           477184 kB
Mem:          3.8G       3.7G       148M       5.7M        27M       3.2G

MemTotal:        4016004 kB
MemFree:          152296 kB
Active:           477260 kB
Mem:          3.8G       3.7G       148M       5.7M        27M       3.2G

MemTotal:        4016004 kB
MemFree:          151432 kB
Active:           477324 kB
Mem:          3.8G       3.7G       147M       5.7M        27M       3.2G

MemTotal:        4016004 kB
MemFree:          135140 kB
Active:           470296 kB
Mem:          3.8G       3.7G       130M       5.7M        27M       3.3G

MemTotal:        4016004 kB
MemFree:          123336 kB
Active:           456444 kB
Mem:          3.8G       3.7G       119M       5.7M        27M       3.3G

MemTotal:        4016004 kB
MemFree:          131852 kB
Active:           442492 kB
Mem:          3.8G       3.7G       128M       5.7M        27M       3.3G

MemTotal:        4016004 kB
MemFree:          121736 kB
Active:           441220 kB
Mem:          3.8G       3.7G       117M       5.7M        27M       3.3G

MemTotal:        4016004 kB
MemFree:          132408 kB
Active:           437636 kB
Mem:          3.8G       3.7G       128M       5.7M        27M       3.3G

MemTotal:        4016004 kB
MemFree:          105716 kB
Active:           437520 kB
Mem:          3.8G       3.7G       102M       5.7M        27M       3.3G

MemTotal:        4016004 kB
MemFree:          145776 kB
Active:           433212 kB
Mem:          3.8G       3.7G       142M       5.7M        27M       3.3G

MemTotal:        4016004 kB
MemFree:          129360 kB
Active:           429580 kB
Mem:          3.8G       3.7G       126M       5.7M        27M       3.3G

MemTotal:        4016004 kB
MemFree:          128964 kB
Active:           429512 kB
Mem:          3.8G       3.7G       125M       5.7M        27M       3.3G

MemTotal:        4016004 kB
MemFree:          127952 kB
Active:           429524 kB
Mem:          3.8G       3.7G       124M       5.7M        27M       3.3G

MemTotal:        4016004 kB
MemFree:          127224 kB
Active:           429532 kB
Mem:          3.8G       3.7G       123M       5.7M        27M       3.3G

MemTotal:        4016004 kB
MemFree:          118596 kB
Active:           429532 kB
Mem:          3.8G       3.7G       114M       5.7M        27M       3.3G

MemTotal:        4016004 kB
MemFree:          111788 kB
Active:           427740 kB
Mem:          3.8G       3.7G       108M       5.7M        27M       3.3G

MemTotal:        4016004 kB
MemFree:          116416 kB
Active:           424680 kB
Mem:          3.8G       3.7G       112M       5.7M        27M       3.3G

MemTotal:        4016004 kB
MemFree:          118700 kB
Active:           420072 kB
Mem:          3.8G       3.7G       115M       5.7M        27M       3.3G

MemTotal:        4016004 kB
MemFree:          127232 kB
Active:           418804 kB
Mem:          3.8G       3.7G       123M       5.7M        27M       3.3G

MemTotal:        4016004 kB
MemFree:          126276 kB
Active:           413020 kB
Mem:          3.8G       3.7G       123M       5.7M        27M       3.3G

MemTotal:        4016004 kB
MemFree:          124228 kB
Active:           411032 kB
Mem:          3.8G       3.7G       121M       5.7M        27M       3.3G

MemTotal:        4016004 kB
MemFree:          117932 kB
Active:           411844 kB
Mem:          3.8G       3.7G       114M       5.7M        27M       3.3G

MemTotal:        4016004 kB
MemFree:          116552 kB
Active:           411860 kB
Mem:          3.8G       3.7G       113M       5.7M        27M       3.3G

MemTotal:        4016004 kB
MemFree:          115188 kB
Active:           411868 kB
Mem:          3.8G       3.7G       112M       5.7M        27M       3.3G

MemTotal:        4016004 kB
MemFree:          114548 kB
Active:           411868 kB
Mem:          3.8G       3.7G       111M       5.7M        27M       3.3G

MemTotal:        4016004 kB
MemFree:          138544 kB
Active:           409564 kB
Mem:          3.8G       3.7G       134M       5.7M        27M       3.3G

MemTotal:        4016004 kB
MemFree:          114676 kB
Active:           409564 kB
Mem:          3.8G       3.7G       110M       5.7M        27M       3.3G

MemTotal:        4016004 kB
MemFree:          138556 kB
Active:           405484 kB
Mem:          3.8G       3.7G       135M       5.7M        27M       3.3G

MemTotal:        4016004 kB
MemFree:          134704 kB
Active:           399812 kB
Mem:          3.8G       3.7G       131M       5.7M        27M       3.3G

MemTotal:        4016004 kB
MemFree:          134104 kB
Active:           397640 kB
Mem:          3.8G       3.7G       130M       5.7M        27M       3.3G

MemTotal:        4016004 kB
MemFree:          136492 kB
Active:           396376 kB
Mem:          3.8G       3.7G       132M       5.7M        27M       3.3G

MemTotal:        4016004 kB
MemFree:          135044 kB
Active:           394848 kB
Mem:          3.8G       3.7G       131M       5.7M        27M       3.3G

MemTotal:        4016004 kB
MemFree:          118420 kB
Active:           394216 kB
Mem:          3.8G       3.7G       114M       5.7M        27M       3.3G

MemTotal:        4016004 kB
MemFree:          107968 kB
Active:           392808 kB
Mem:          3.8G       3.7G       105M       5.7M        27M       3.3G

MemTotal:        4016004 kB
MemFree:          106824 kB
Active:           392824 kB
Mem:          3.8G       3.7G       103M       5.7M        27M       3.3G

MemTotal:        4016004 kB
MemFree:          105616 kB
Active:           392836 kB
Mem:          3.8G       3.7G       102M       5.7M        27M       3.3G

MemTotal:        4016004 kB
MemFree:          105340 kB
Active:           392836 kB
Mem:          3.8G       3.7G       102M       5.7M        27M       3.3G

MemTotal:        4016004 kB
MemFree:          128192 kB
Active:           391816 kB
Mem:          3.8G       3.7G       124M       5.7M        27M       3.3G

MemTotal:        4016004 kB
MemFree:          138680 kB
Active:           387212 kB
Mem:          3.8G       3.7G       135M       5.7M        27M       3.3G

MemTotal:        4016004 kB
MemFree:          125296 kB
Active:           384396 kB
Mem:          3.8G       3.7G       122M       5.7M        27M       3.3G

MemTotal:        4016004 kB
MemFree:          133188 kB
Active:           381068 kB
Mem:          3.8G       3.7G       130M       5.7M        27M       3.3G

MemTotal:        4016004 kB
MemFree:          123244 kB
Active:           379920 kB
Mem:          3.8G       3.7G       124M       5.7M        27M       3.3G

MemTotal:        4016004 kB
MemFree:          133980 kB
Active:           377116 kB
Mem:          3.8G       3.7G       130M       5.7M        27M       3.3G

MemTotal:        4016004 kB
MemFree:          125744 kB
Active:           376488 kB
Mem:          3.8G       3.7G       122M       5.7M        27M       3.3G

MemTotal:        4016004 kB
MemFree:          136940 kB
Active:           374696 kB
Mem:          3.8G       3.7G       133M       5.7M        27M       3.3G

MemTotal:        4016004 kB
MemFree:          135944 kB
Active:           374700 kB
Mem:          3.8G       3.7G       132M       5.7M        27M       3.3G

MemTotal:        4016004 kB
MemFree:          134952 kB
Active:           374708 kB
Mem:          3.8G       3.7G       131M       5.7M        27M       3.3G

MemTotal:        4016004 kB
MemFree:          134736 kB
Active:           374708 kB
Mem:          3.8G       3.7G       131M       5.7M        27M       3.3G

MemTotal:        4016004 kB
MemFree:          134120 kB
Active:           374712 kB
Mem:          3.8G       3.7G       130M       5.7M        27M       3.3G

MemTotal:        4016004 kB
MemFree:          130908 kB
Active:           368564 kB
Mem:          3.8G       3.7G       127M       5.7M        27M       3.3G

MemTotal:        4016004 kB
MemFree:          142336 kB
Active:           366368 kB
Mem:          3.8G       3.7G       138M       5.7M        27M       3.2G

MemTotal:        4016004 kB
MemFree:          124492 kB
Active:           366368 kB
Mem:          3.8G       3.7G       121M       5.7M        27M       3.3G

MemTotal:        4016004 kB
MemFree:          111004 kB
Active:           366200 kB
Mem:          3.8G       3.7G       107M       5.7M        27M       3.3G

MemTotal:        4016004 kB
MemFree:          123168 kB
Active:           366220 kB
Mem:          3.8G       3.7G       119M       5.7M        27M       3.3G

MemTotal:        4016004 kB
MemFree:          135412 kB
Active:           366220 kB
Mem:          3.8G       3.7G       132M       5.7M        27M       3.3G

MemTotal:        4016004 kB
MemFree:          115392 kB
Active:           366220 kB
Mem:          3.8G       3.7G       111M       5.7M        27M       3.3G

MemTotal:        4016004 kB
MemFree:          136824 kB
Active:           366220 kB
Mem:          3.8G       3.7G       133M       5.7M        27M       3.3G

MemTotal:        4016004 kB
MemFree:          136432 kB
Active:           366228 kB
Mem:          3.8G       3.7G       133M       5.7M        27M       3.3G

MemTotal:        4016004 kB
MemFree:          134508 kB
Active:           366264 kB
Mem:          3.8G       3.7G       130M       5.7M        27M       3.3G

MemTotal:        4016004 kB
MemFree:          133424 kB
Active:           366268 kB
Mem:          3.8G       3.7G       130M       5.7M        27M       3.3G

MemTotal:        4016004 kB
MemFree:          127256 kB
Active:           363768 kB
Mem:          3.8G       3.7G       124M       5.7M        27M       3.3G

MemTotal:        4016004 kB
MemFree:          120288 kB
Active:           363632 kB
Mem:          3.8G       3.7G       117M       5.7M        27M       3.3G

MemTotal:        4016004 kB
MemFree:          112452 kB
Active:           363632 kB
Mem:          3.8G       3.7G       109M       5.7M        27M       3.3G

MemTotal:        4016004 kB
MemFree:          113656 kB
Active:           363632 kB
Mem:          3.8G       3.7G       110M       5.7M        27M       3.3G

MemTotal:        4016004 kB
MemFree:          112532 kB
Active:           363644 kB
Mem:          3.8G       3.7G       109M       5.7M        27M       3.3G

MemTotal:        4016004 kB
MemFree:          135904 kB
Active:           363652 kB
Mem:          3.8G       3.7G       132M       5.7M        27M       3.3G

MemTotal:        4016004 kB
MemFree:          134540 kB
Active:           363652 kB
Mem:          3.8G       3.7G       131M       5.7M        27M       3.3G

MemTotal:        4016004 kB
MemFree:          130708 kB
Active:           363652 kB
Mem:          3.8G       3.7G       127M       5.7M        27M       3.3G

MemTotal:        4016004 kB
MemFree:          117128 kB
Active:           363652 kB
Mem:          3.8G       3.7G       113M       5.7M        27M       3.3G

MemTotal:        4016004 kB
MemFree:          130992 kB
Active:           363664 kB
Mem:          3.8G       3.7G       127M       5.7M        27M       3.3G

MemTotal:        4016004 kB
MemFree:          128936 kB
Active:           365356 kB
Mem:          3.8G       3.7G       125M       5.7M        27M       3.3G

MemTotal:        4016004 kB
MemFree:          128512 kB
Active:           365312 kB
Mem:          3.8G       3.7G       124M       5.7M        27M       3.3G

MemTotal:        4016004 kB
MemFree:          127168 kB
Active:           365312 kB
Mem:          3.8G       3.7G       124M       5.7M        27M       3.3G

MemTotal:        4016004 kB
MemFree:          133940 kB
Active:           363008 kB
Mem:          3.8G       3.7G       130M       5.7M        27M       3.3G

MemTotal:        4016004 kB
MemFree:          124004 kB
Active:           363016 kB
Mem:          3.8G       3.7G       119M       5.7M        27M       3.3G

MemTotal:        4016004 kB
MemFree:          122104 kB
Active:           363016 kB
Mem:          3.8G       3.7G       118M       5.7M        27M       3.3G

MemTotal:        4016004 kB
MemFree:          131988 kB
Active:           362228 kB
Mem:          3.8G       3.7G       128M       5.7M        27M       3.3G

MemTotal:        4016004 kB
MemFree:          129508 kB
Active:           362232 kB
Mem:          3.8G       3.7G       126M       5.7M        27M       3.3G

MemTotal:        4016004 kB
MemFree:          141488 kB
Active:           362240 kB
Mem:          3.8G       3.7G       138M       5.7M        27M       3.2G

MemTotal:        4016004 kB
MemFree:          127748 kB
Active:           362240 kB
Mem:          3.8G       3.7G       124M       5.7M        27M       3.3G

MemTotal:        4016004 kB
MemFree:          116412 kB
Active:           362320 kB
Mem:          3.8G       3.7G       113M       5.7M        27M       3.3G

MemTotal:        4016004 kB
MemFree:          128876 kB
Active:           361548 kB
Mem:          3.8G       3.7G       125M       5.7M        27M       3.3G

MemTotal:        4016004 kB
MemFree:          127332 kB
Active:           361564 kB
Mem:          3.8G       3.7G       124M       5.7M        27M       3.3G

MemTotal:        4016004 kB
MemFree:          126960 kB
Active:           361580 kB
Mem:          3.8G       3.7G       123M       5.7M        27M       3.3G

MemTotal:        4016004 kB
MemFree:          127076 kB
Active:           361588 kB
Mem:          3.8G       3.7G       124M       5.7M        27M       3.3G

MemTotal:        4016004 kB
MemFree:          116532 kB
Active:           361592 kB
Mem:          3.8G       3.7G       113M       5.7M        27M       3.3G

MemTotal:        4016004 kB
MemFree:          134088 kB
Active:           359276 kB
Mem:          3.8G       3.7G       130M       5.7M        27M       3.3G

MemTotal:        4016004 kB
MemFree:          126624 kB
Active:           359036 kB
Mem:          3.8G       3.7G       123M       5.7M        27M       3.3G

MemTotal:        4016004 kB
MemFree:          105024 kB
Active:           359036 kB
Mem:          3.8G       3.7G       125M       5.7M        27M       3.3G

MemTotal:        4016004 kB
MemFree:          128104 kB
Active:           358524 kB
Mem:          3.8G       3.7G       124M       5.7M        27M       3.3G

MemTotal:        4016004 kB
MemFree:          124036 kB
Active:           358524 kB
Mem:          3.8G       3.7G       120M       5.7M        27M       3.3G

MemTotal:        4016004 kB
MemFree:          134888 kB
Active:           358524 kB
Mem:          3.8G       3.7G       131M       5.7M        27M       3.3G

MemTotal:        4016004 kB
MemFree:          120144 kB
Active:           358524 kB
Mem:          3.8G       3.7G       116M       5.7M        27M       3.3G

MemTotal:        4016004 kB
MemFree:          126204 kB
Active:           358536 kB
Mem:          3.8G       3.7G       123M       5.7M        27M       3.3G

MemTotal:        4016004 kB
MemFree:          126816 kB
Active:           358552 kB
Mem:          3.8G       3.7G       123M       5.7M        27M       3.3G

MemTotal:        4016004 kB
MemFree:          127040 kB
Active:           358552 kB
Mem:          3.8G       3.7G       123M       5.7M        27M       3.3G

MemTotal:        4016004 kB
MemFree:          125332 kB
Active:           358556 kB
Mem:          3.8G       3.7G       121M       5.7M        27M       3.3G

MemTotal:        4016004 kB
MemFree:          114060 kB
Active:           358560 kB
Mem:          3.8G       3.7G       110M       5.7M        27M       3.3G

MemTotal:        4016004 kB
MemFree:          115060 kB
Active:           358564 kB
Mem:          3.8G       3.7G       111M       5.7M        27M       3.3G

MemTotal:        4016004 kB
MemFree:          120976 kB
Active:           355892 kB
Mem:          3.8G       3.7G       117M       5.7M        27M       3.3G

MemTotal:        4016004 kB
MemFree:          121784 kB
Active:           355892 kB
Mem:          3.8G       3.7G       117M       5.7M        27M       3.3G

MemTotal:        4016004 kB
MemFree:          116372 kB
Active:           355892 kB
Mem:          3.8G       3.7G       113M       5.7M        27M       3.3G

MemTotal:        4016004 kB
MemFree:          125248 kB
Active:           355892 kB
Mem:          3.8G       3.7G       121M       5.7M        27M       3.3G

MemTotal:        4016004 kB
MemFree:          128044 kB
Active:           355892 kB
Mem:          3.8G       3.7G       124M       5.7M        27M       3.3G

MemTotal:        4016004 kB
MemFree:          128480 kB
Active:           355904 kB
Mem:          3.8G       3.7G       124M       5.7M        27M       3.3G

MemTotal:        4016004 kB
MemFree:          122316 kB
Active:           354628 kB
Mem:          3.8G       3.7G       119M       5.7M        27M       3.3G

MemTotal:        4016004 kB
MemFree:          132772 kB
Active:           354528 kB
Mem:          3.8G       3.7G       129M       5.7M        27M       3.3G

MemTotal:        4016004 kB
MemFree:          131532 kB
Active:           354536 kB
Mem:          3.8G       3.7G       128M       5.7M        27M       3.3G

MemTotal:        4016004 kB
MemFree:          130732 kB
Active:           354540 kB
Mem:          3.8G       3.7G       127M       5.7M        27M       3.3G

MemTotal:        4016004 kB
MemFree:          129900 kB
Active:           354540 kB
Mem:          3.8G       3.7G       126M       5.7M        27M       3.3G

MemTotal:        4016004 kB
MemFree:          121236 kB
Active:           356256 kB
Mem:          3.8G       3.7G       118M       5.7M        27M       3.3G

MemTotal:        4016004 kB
MemFree:          126460 kB
Active:           355836 kB
Mem:          3.8G       3.7G       123M       5.7M        27M       3.3G

MemTotal:        4016004 kB
MemFree:          121288 kB
Active:           355816 kB
Mem:          3.8G       3.7G       117M       5.7M        27M       3.3G

MemTotal:        4016004 kB
MemFree:          138660 kB
Active:           352620 kB
Mem:          3.8G       3.7G       135M       5.7M        27M       3.2G

MemTotal:        4016004 kB
MemFree:          105224 kB
Active:           352436 kB
Mem:          3.8G       3.7G       102M       5.7M        27M       3.3G

MemTotal:        4016004 kB
MemFree:          134096 kB
Active:           352368 kB
Mem:          3.8G       3.7G       130M       5.7M        27M       3.3G

MemTotal:        4016004 kB
MemFree:          132276 kB
Active:           352364 kB
Mem:          3.8G       3.7G       128M       5.7M        27M       3.3G

MemTotal:        4016004 kB
MemFree:          122644 kB
Active:           352352 kB
Mem:          3.8G       3.7G       119M       5.7M        27M       3.3G

MemTotal:        4016004 kB
MemFree:          132752 kB
Active:           352372 kB
Mem:          3.8G       3.7G       129M       5.7M        27M       3.3G

MemTotal:        4016004 kB
MemFree:          132008 kB
Active:           352376 kB
Mem:          3.8G       3.7G       128M       5.7M        27M       3.3G

MemTotal:        4016004 kB
MemFree:          132104 kB
Active:           352388 kB
Mem:          3.8G       3.7G       129M       5.7M        27M       3.3G

MemTotal:        4016004 kB
MemFree:          132452 kB
Active:           352344 kB
Mem:          3.8G       3.7G       129M       5.7M        27M       3.3G

MemTotal:        4016004 kB
MemFree:          137688 kB
Active:           352348 kB
Mem:          3.8G       3.7G       133M       5.7M        27M       3.2G

MemTotal:        4016004 kB
MemFree:          121532 kB
Active:           352360 kB
Mem:          3.8G       3.7G       118M       5.7M        27M       3.3G

MemTotal:        4016004 kB
MemFree:          131212 kB
Active:           351208 kB
Mem:          3.8G       3.7G       127M       5.7M        27M       3.3G

MemTotal:        4016004 kB
MemFree:          130492 kB
Active:           351072 kB
Mem:          3.8G       3.7G       126M       5.7M        27M       3.3G

MemTotal:        4016004 kB
MemFree:          132940 kB
Active:           351088 kB
Mem:          3.8G       3.7G       129M       5.7M        27M       3.3G

MemTotal:        4016004 kB
MemFree:          108944 kB
Active:           351108 kB
Mem:          3.8G       3.7G       105M       5.7M        27M       3.3G

MemTotal:        4016004 kB
MemFree:          130128 kB
Active:           351080 kB
Mem:          3.8G       3.7G       127M       5.7M        27M       3.3G

MemTotal:        4016004 kB
MemFree:          137812 kB
Active:           351084 kB
Mem:          3.8G       3.7G       134M       5.7M        27M       3.2G

MemTotal:        4016004 kB
MemFree:          126624 kB
Active:           351124 kB
Mem:          3.8G       3.7G       123M       5.7M        27M       3.3G

MemTotal:        4016004 kB
MemFree:          128284 kB
Active:           351160 kB
Mem:          3.8G       3.7G       125M       5.7M        27M       3.3G

MemTotal:        4016004 kB
MemFree:          128444 kB
Active:           351172 kB
Mem:          3.8G       3.7G       124M       5.7M        27M       3.3G

MemTotal:        4016004 kB
MemFree:          127028 kB
Active:           351184 kB
Mem:          3.8G       3.7G       123M       5.7M        27M       3.3G

MemTotal:        4016004 kB
MemFree:          126072 kB
Active:           351184 kB
Mem:          3.8G       3.7G       122M       5.7M        27M       3.3G

MemTotal:        4016004 kB
MemFree:          133788 kB
Active:           351184 kB
Mem:          3.8G       3.7G       130M       5.7M        27M       3.3G

MemTotal:        4016004 kB
MemFree:          119048 kB
Active:           348652 kB
Mem:          3.8G       3.7G       115M       5.7M        27M       3.3G

MemTotal:        4016004 kB
MemFree:          118684 kB
Active:           348588 kB
Mem:          3.8G       3.7G       115M       5.7M        27M       3.3G

MemTotal:        4016004 kB
MemFree:          141376 kB
Active:           348592 kB
Mem:          3.8G       3.7G       138M       5.7M        27M       3.2G

MemTotal:        4016004 kB
MemFree:          113228 kB
Active:           348596 kB
Mem:          3.8G       3.7G       109M       5.7M        27M       3.3G

MemTotal:        4016004 kB
MemFree:          141520 kB
Active:           350112 kB
Mem:          3.8G       3.7G       138M       5.7M        27M       3.2G

MemTotal:        4016004 kB
MemFree:          125136 kB
Active:           349740 kB
Mem:          3.8G       3.7G       121M       5.7M        27M       3.3G

MemTotal:        4016004 kB
MemFree:          116556 kB
Active:           349748 kB
Mem:          3.8G       3.7G       113M       5.7M        27M       3.3G

MemTotal:        4016004 kB
MemFree:          131860 kB
Active:           349748 kB
Mem:          3.8G       3.7G       128M       5.7M        27M       3.2G

MemTotal:        4016004 kB
MemFree:          130604 kB
Active:           349752 kB
Mem:          3.8G       3.7G       127M       5.7M        27M       3.2G

MemTotal:        4016004 kB
MemFree:          128736 kB
Active:           349760 kB
Mem:          3.8G       3.7G       125M       5.7M        27M       3.3G

MemTotal:        4016004 kB
MemFree:          127996 kB
Active:           349760 kB
Mem:          3.8G       3.7G       124M       5.7M        27M       3.3G

MemTotal:        4016004 kB
MemFree:          125452 kB
Active:           349764 kB
Mem:          3.8G       3.7G       121M       5.7M        27M       3.3G

MemTotal:        4016004 kB
MemFree:          117684 kB
Active:           344652 kB
Mem:          3.8G       3.7G       114M       5.7M        27M       3.3G

MemTotal:        4016004 kB
MemFree:          123552 kB
Active:           344484 kB
Mem:          3.8G       3.7G       120M       5.7M        27M       3.3G

MemTotal:        4016004 kB
MemFree:          126108 kB
Active:           344484 kB
Mem:          3.8G       3.7G       121M       5.7M        27M       3.3G

MemTotal:        4016004 kB
MemFree:          139616 kB
Active:           344488 kB
Mem:          3.8G       3.7G       136M       5.7M        27M       3.2G

MemTotal:        4016004 kB
MemFree:          131868 kB
Active:           344500 kB
Mem:          3.8G       3.7G       128M       5.7M        27M       3.2G

MemTotal:        4016004 kB
MemFree:          128644 kB
Active:           344508 kB
Mem:          3.8G       3.7G       125M       5.7M        27M       3.3G

MemTotal:        4016004 kB
MemFree:          120588 kB
Active:           344512 kB
Mem:          3.8G       3.7G       117M       5.7M        27M       3.3G

MemTotal:        4016004 kB
MemFree:          135436 kB
Active:           344512 kB
Mem:          3.8G       3.7G       132M       5.7M        27M       3.2G

MemTotal:        4016004 kB
MemFree:          135140 kB
Active:           344516 kB
Mem:          3.8G       3.7G       131M       5.7M        27M       3.2G

MemTotal:        4016004 kB
MemFree:          134556 kB
Active:           344524 kB
Mem:          3.8G       3.7G       131M       5.7M        27M       3.2G

MemTotal:        4016004 kB
MemFree:          134552 kB
Active:           344528 kB
Mem:          3.8G       3.7G       130M       5.7M        27M       3.2G

MemTotal:        4016004 kB
MemFree:          133576 kB
Active:           344544 kB
Mem:          3.8G       3.7G       130M       5.7M        27M       3.2G

MemTotal:        4016004 kB
MemFree:          130212 kB
Active:           345672 kB
Mem:          3.8G       3.7G       126M       5.7M        27M       3.2G

MemTotal:        4016004 kB
MemFree:          140212 kB
Active:           343664 kB
Mem:          3.8G       3.7G       136M       5.7M        27M       3.2G

MemTotal:        4016004 kB
MemFree:          132780 kB
Active:           343592 kB
Mem:          3.8G       3.7G       129M       5.7M        27M       3.2G

MemTotal:        4016004 kB
MemFree:          148792 kB
Active:           343612 kB
Mem:          3.8G       3.7G       145M       5.7M        27M       3.2G

MemTotal:        4016004 kB
MemFree:          128900 kB
Active:           343612 kB
Mem:          3.8G       3.7G       125M       5.7M        27M       3.2G

MemTotal:        4016004 kB
MemFree:          134616 kB
Active:           343620 kB
Mem:          3.8G       3.7G       131M       5.7M        27M       3.2G

MemTotal:        4016004 kB
MemFree:          125964 kB
Active:           343620 kB
Mem:          3.8G       3.7G       122M       5.7M        27M       3.2G

MemTotal:        4016004 kB
MemFree:          122476 kB
Active:           343624 kB
Mem:          3.8G       3.7G       119M       5.7M        27M       3.3G

MemTotal:        4016004 kB
MemFree:          115516 kB
Active:           343340 kB
Mem:          3.8G       3.7G       112M       5.7M        27M       3.3G

MemTotal:        4016004 kB
MemFree:          115424 kB
Active:           343332 kB
Mem:          3.8G       3.7G       112M       5.7M        27M       3.3G

MemTotal:        4016004 kB
MemFree:          115424 kB
Active:           343332 kB
Mem:          3.8G       3.7G       112M       5.7M        27M       3.3G

MemTotal:        4016004 kB
MemFree:          115424 kB
Active:           343332 kB
Mem:          3.8G       3.7G       112M       5.7M        27M       3.3G

MemTotal:        4016004 kB
MemFree:          114936 kB
Active:           343344 kB
Mem:          3.8G       3.7G       112M       5.7M        27M       3.3G

MemTotal:        4016004 kB
MemFree:          114920 kB
Active:           343344 kB
Mem:          3.8G       3.7G       112M       5.7M        27M       3.3G

MemTotal:        4016004 kB
MemFree:          115168 kB
Active:           343348 kB
Mem:          3.8G       3.7G       112M       5.7M        27M       3.3G

MemTotal:        4016004 kB
MemFree:          115328 kB
Active:           343348 kB
Mem:          3.8G       3.7G       112M       5.7M        27M       3.3G

MemTotal:        4016004 kB
MemFree:          115424 kB
Active:           343348 kB
Mem:          3.8G       3.7G       112M       5.7M        27M       3.3G

MemTotal:        4016004 kB
MemFree:          115424 kB
Active:           343352 kB
Mem:          3.8G       3.7G       112M       5.7M        27M       3.3G

MemTotal:        4016004 kB
MemFree:          115424 kB
Active:           343352 kB
Mem:          3.8G       3.7G       112M       5.7M        27M       3.3G

MemTotal:        4016004 kB
MemFree:          115424 kB
Active:           343352 kB
Mem:          3.8G       3.7G       112M       5.7M        27M       3.3G

MemTotal:        4016004 kB
MemFree:          115424 kB
Active:           343352 kB
Mem:          3.8G       3.7G       112M       5.7M        27M       3.3G

MemTotal:        4016004 kB
MemFree:          115300 kB
Active:           343360 kB
Mem:          3.8G       3.7G       112M       5.7M        27M       3.3G

MemTotal:        4016004 kB
MemFree:          115300 kB
Active:           343364 kB
Mem:          3.8G       3.7G       112M       5.7M        27M       3.3G

MemTotal:        4016004 kB
MemFree:          115300 kB
Active:           343364 kB
Mem:          3.8G       3.7G       112M       5.7M        27M       3.3G

MemTotal:        4016004 kB
MemFree:          115456 kB
Active:           343364 kB
Mem:          3.8G       3.7G       112M       5.7M        27M       3.3G

MemTotal:        4016004 kB
MemFree:          115612 kB
Active:           343116 kB
Mem:          3.8G       3.7G       112M       5.7M        27M       3.3G

MemTotal:        4016004 kB
MemFree:          115240 kB
Active:           343128 kB
Mem:          3.8G       3.7G       112M       5.7M        27M       3.3G

MemTotal:        4016004 kB
MemFree:          115488 kB
Active:           343140 kB
Mem:          3.8G       3.7G       113M       5.7M        27M       3.3G

MemTotal:        4016004 kB
MemFree:          115612 kB
Active:           343104 kB
Mem:          3.8G       3.7G       112M       5.7M        27M       3.3G

MemTotal:        4016004 kB
MemFree:          115736 kB
Active:           343092 kB
Mem:          3.8G       3.7G       112M       5.7M        27M       3.3G

MemTotal:        4016004 kB
MemFree:          113316 kB
Active:           343128 kB
Mem:          3.8G       3.7G       110M       5.7M        27M       3.3G

MemTotal:        4016004 kB
MemFree:          113316 kB
Active:           345168 kB
Mem:          3.8G       3.7G       110M       5.7M        27M       3.3G

MemTotal:        4016004 kB
MemFree:          113068 kB
Active:           345168 kB
Mem:          3.8G       3.7G       110M       5.7M        27M       3.3G

MemTotal:        4016004 kB
MemFree:          113068 kB
Active:           345180 kB
Mem:          3.8G       3.7G       110M       5.7M        27M       3.3G

MemTotal:        4016004 kB
MemFree:          113564 kB
Active:           345184 kB
Mem:          3.8G       3.7G       111M       5.7M        27M       3.3G

MemTotal:        4016004 kB
MemFree:          113440 kB
Active:           345188 kB
Mem:          3.8G       3.7G       110M       5.7M        27M       3.3G

MemTotal:        4016004 kB
MemFree:          113844 kB
Active:           345160 kB
Mem:          3.8G       3.7G       110M       5.7M        27M       3.3G

MemTotal:        4016004 kB
MemFree:          113720 kB
Active:           345180 kB
Mem:          3.8G       3.7G       111M       5.7M        27M       3.3G

MemTotal:        4016004 kB
MemFree:          113100 kB
Active:           345192 kB
Mem:          3.8G       3.7G       110M       5.7M        27M       3.3G

MemTotal:        4016004 kB
MemFree:          113100 kB
Active:           345192 kB
Mem:          3.8G       3.7G       110M       5.7M        27M       3.3G

MemTotal:        4016004 kB
MemFree:          111424 kB
Active:           345176 kB
Mem:          3.8G       3.7G       108M       5.7M        27M       3.3G

MemTotal:        4016004 kB
MemFree:          111548 kB
Active:           347184 kB
Mem:          3.8G       3.7G       108M       5.7M        27M       3.3G

MemTotal:        4016004 kB
MemFree:          111548 kB
Active:           347208 kB
Mem:          3.8G       3.7G       108M       5.7M        27M       3.3G

MemTotal:        4016004 kB
MemFree:          111424 kB
Active:           347208 kB
Mem:          3.8G       3.7G       108M       5.7M        27M       3.3G

MemTotal:        4016004 kB
MemFree:          111424 kB
Active:           347180 kB
Mem:          3.8G       3.7G       108M       5.7M        27M       3.3G

MemTotal:        4016004 kB
MemFree:          111300 kB
Active:           347184 kB
Mem:          3.8G       3.7G       108M       5.7M        27M       3.3G

MemTotal:        4016004 kB
MemFree:          110928 kB
Active:           347228 kB
Mem:          3.8G       3.7G       108M       5.7M        27M       3.3G

MemTotal:        4016004 kB
MemFree:          111332 kB
Active:           347204 kB
Mem:          3.8G       3.7G       108M       5.7M        27M       3.3G

MemTotal:        4016004 kB
MemFree:          111332 kB
Active:           347180 kB
Mem:          3.8G       3.7G       108M       5.7M        27M       3.3G

MemTotal:        4016004 kB
MemFree:          111332 kB
Active:           347216 kB
Mem:          3.8G       3.7G       108M       5.7M        27M       3.3G

MemTotal:        4016004 kB
MemFree:          108912 kB
Active:           347248 kB
Mem:          3.8G       3.7G       106M       5.7M        27M       3.3G

MemTotal:        4016004 kB
MemFree:          109408 kB
Active:           349264 kB
Mem:          3.8G       3.7G       106M       5.7M        27M       3.3G

MemTotal:        4016004 kB
MemFree:          109408 kB
Active:           349244 kB
Mem:          3.8G       3.7G       106M       5.7M        27M       3.3G

MemTotal:        4016004 kB
MemFree:          109408 kB
Active:           349256 kB
Mem:          3.8G       3.7G       106M       5.7M        27M       3.3G

MemTotal:        4016004 kB
MemFree:          109408 kB
Active:           349224 kB
Mem:          3.8G       3.7G       106M       5.7M        27M       3.3G

MemTotal:        4016004 kB
MemFree:          109020 kB
Active:           349272 kB
Mem:          3.8G       3.7G       106M       5.7M        27M       3.3G

MemTotal:        4016004 kB
MemFree:          109020 kB
Active:           349280 kB
Mem:          3.8G       3.7G       106M       5.7M        27M       3.3G

MemTotal:        4016004 kB
MemFree:          109284 kB
Active:           349256 kB
Mem:          3.8G       3.7G       106M       5.7M        27M       3.3G

MemTotal:        4016004 kB
MemFree:          109408 kB
Active:           349276 kB
Mem:          3.8G       3.7G       106M       5.7M        27M       3.3G

MemTotal:        4016004 kB
MemFree:          109020 kB
Active:           349284 kB
Mem:          3.8G       3.7G       106M       5.7M        27M       3.3G

MemTotal:        4016004 kB
MemFree:          108896 kB
Active:           349284 kB
Mem:          3.8G       3.7G       106M       5.7M        27M       3.3G

MemTotal:        4016004 kB
MemFree:          109160 kB
Active:           349268 kB
Mem:          3.8G       3.7G       106M       5.7M        27M       3.3G

MemTotal:        4016004 kB
MemFree:          108896 kB
Active:           349300 kB
Mem:          3.8G       3.7G       106M       5.7M        27M       3.3G

MemTotal:        4016004 kB
MemFree:          109360 kB
Active:           349296 kB
Mem:          3.8G       3.7G       106M       5.7M        27M       3.3G

MemTotal:        4016004 kB
MemFree:          109284 kB
Active:           349252 kB
Mem:          3.8G       3.7G       106M       5.7M        27M       3.3G

MemTotal:        4016004 kB
MemFree:          109392 kB
Active:           349256 kB
Mem:          3.8G       3.7G       106M       5.7M        27M       3.3G

MemTotal:        4016004 kB
MemFree:          108896 kB
Active:           349308 kB
Mem:          3.8G       3.7G       106M       5.7M        27M       3.3G

MemTotal:        4016004 kB
MemFree:          109392 kB
Active:           349260 kB
Mem:          3.8G       3.7G       106M       5.7M        27M       3.3G

MemTotal:        4016004 kB
MemFree:          109392 kB
Active:           349252 kB
Mem:          3.8G       3.7G       106M       5.7M        28M       3.3G

MemTotal:        4016004 kB
MemFree:          109360 kB
Active:           349268 kB
Mem:          3.8G       3.7G       106M       5.7M        28M       3.3G

MemTotal:        4016004 kB
MemFree:          109020 kB
Active:           349316 kB
Mem:          3.8G       3.7G       106M       5.7M        28M       3.3G

MemTotal:        4016004 kB
MemFree:          109516 kB
Active:           349308 kB
Mem:          3.8G       3.7G       106M       5.7M        28M       3.3G

MemTotal:        4016004 kB
MemFree:          109392 kB
Active:           349408 kB
Mem:          3.8G       3.7G       107M       5.7M        28M       3.3G

MemTotal:        4016004 kB
MemFree:          108880 kB
Active:           349316 kB
Mem:          3.8G       3.7G       106M       5.7M        28M       3.3G

MemTotal:        4016004 kB
MemFree:          109020 kB
Active:           349316 kB
Mem:          3.8G       3.7G       106M       5.7M        28M       3.3G

MemTotal:        4016004 kB
MemFree:          109360 kB
Active:           349264 kB
Mem:          3.8G       3.7G       106M       5.7M        28M       3.3G

MemTotal:        4016004 kB
MemFree:          109308 kB
Active:           349384 kB
Mem:          3.8G       3.7G       106M       5.7M        28M       3.3G

MemTotal:        4016004 kB
MemFree:          108880 kB
Active:           349408 kB
Mem:          3.8G       3.7G       106M       5.7M        28M       3.3G

MemTotal:        4016004 kB
MemFree:          109160 kB
Active:           349448 kB
Mem:          3.8G       3.7G       106M       5.7M        28M       3.3G

MemTotal:        4016004 kB
MemFree:          108680 kB
Active:           349476 kB
Mem:          3.8G       3.7G       106M       5.7M        28M       3.3G

MemTotal:        4016004 kB
MemFree:          107184 kB
Active:           349368 kB
Mem:          3.8G       3.7G       104M       5.7M        28M       3.3G

MemTotal:        4016004 kB
MemFree:          107060 kB
Active:           351416 kB
Mem:          3.8G       3.7G       104M       5.7M        28M       3.3G

MemTotal:        4016004 kB
MemFree:          107064 kB
Active:           351348 kB
Mem:          3.8G       3.7G       104M       5.7M        28M       3.3G

MemTotal:        4016004 kB
MemFree:          106972 kB
Active:           351468 kB
Mem:          3.8G       3.7G       104M       5.7M        28M       3.3G

MemTotal:        4016004 kB
MemFree:          107112 kB
Active:           351324 kB
Mem:          3.8G       3.7G       104M       5.7M        28M       3.3G

MemTotal:        4016004 kB
MemFree:          106724 kB
Active:           351368 kB
Mem:          3.8G       3.7G       104M       5.7M        28M       3.3G

MemTotal:        4016004 kB
MemFree:          107188 kB
Active:           351212 kB
Mem:          3.8G       3.7G       104M       5.7M        28M       3.3G

MemTotal:        4016004 kB
MemFree:          107188 kB
Active:           351216 kB
Mem:          3.8G       3.7G       104M       5.7M        28M       3.3G

MemTotal:        4016004 kB
MemFree:          107064 kB
Active:           351208 kB
Mem:          3.8G       3.7G       104M       5.7M        28M       3.3G

MemTotal:        4016004 kB
MemFree:          107064 kB
Active:           351212 kB
Mem:          3.8G       3.7G       104M       5.7M        28M       3.3G

MemTotal:        4016004 kB
MemFree:          107064 kB
Active:           351224 kB
Mem:          3.8G       3.7G       104M       5.7M        28M       3.3G

MemTotal:        4016004 kB
MemFree:          107064 kB
Active:           351232 kB
Mem:          3.8G       3.7G       104M       5.7M        28M       3.3G

MemTotal:        4016004 kB
MemFree:          106616 kB
Active:           351380 kB
Mem:          3.8G       3.7G       104M       5.7M        28M       3.3G

MemTotal:        4016004 kB
MemFree:          106988 kB
Active:           351348 kB
Mem:          3.8G       3.7G       104M       5.7M        28M       3.3G

MemTotal:        4016004 kB
MemFree:          106988 kB
Active:           351380 kB
Mem:          3.8G       3.7G       104M       5.7M        28M       3.3G

MemTotal:        4016004 kB
MemFree:          106616 kB
Active:           351380 kB
Mem:          3.8G       3.7G       104M       5.7M        28M       3.3G

MemTotal:        4016004 kB
MemFree:          106988 kB
Active:           351368 kB
Mem:          3.8G       3.7G       104M       5.7M        28M       3.3G

MemTotal:        4016004 kB
MemFree:          106988 kB
Active:           351380 kB
Mem:          3.8G       3.7G       104M       5.7M        28M       3.3G

MemTotal:        4016004 kB
MemFree:          106616 kB
Active:           351388 kB
Mem:          3.8G       3.7G       104M       5.7M        28M       3.3G

MemTotal:        4016004 kB
MemFree:          106988 kB
Active:           351344 kB
Mem:          3.8G       3.7G       104M       5.7M        28M       3.3G

MemTotal:        4016004 kB
MemFree:          105064 kB
Active:           351384 kB
Mem:          3.8G       3.7G       102M       5.7M        28M       3.3G

MemTotal:        4016004 kB
MemFree:          128996 kB
Active:           352792 kB
Mem:          3.8G       3.7G       125M       5.7M        28M       3.2G

MemTotal:        4016004 kB
MemFree:          129120 kB
Active:           352740 kB
Mem:          3.8G       3.7G       125M       5.7M        28M       3.2G

MemTotal:        4016004 kB
MemFree:          129120 kB
Active:           352776 kB
Mem:          3.8G       3.7G       126M       5.7M        28M       3.2G

MemTotal:        4016004 kB
MemFree:          129616 kB
Active:           352776 kB
Mem:          3.8G       3.7G       126M       5.7M        28M       3.2G

MemTotal:        4016004 kB
MemFree:          129368 kB
Active:           352808 kB
Mem:          3.8G       3.7G       126M       5.7M        28M       3.2G

MemTotal:        4016004 kB
MemFree:          129740 kB
Active:           352792 kB
Mem:          3.8G       3.7G       126M       5.7M        28M       3.2G

MemTotal:        4016004 kB
MemFree:          129740 kB
Active:           352796 kB
Mem:          3.8G       3.7G       126M       5.7M        28M       3.2G

MemTotal:        4016004 kB
MemFree:          129616 kB
Active:           352776 kB
Mem:          3.8G       3.7G       126M       5.7M        28M       3.2G

MemTotal:        4016004 kB
MemFree:          129368 kB
Active:           352808 kB
Mem:          3.8G       3.7G       126M       5.7M        28M       3.2G

MemTotal:        4016004 kB
MemFree:          129492 kB
Active:           352804 kB
Mem:          3.8G       3.7G       126M       5.7M        28M       3.2G

MemTotal:        4016004 kB
MemFree:          129616 kB
Active:           352808 kB
Mem:          3.8G       3.7G       126M       5.7M        28M       3.2G

MemTotal:        4016004 kB
MemFree:          129616 kB
Active:           352788 kB
Mem:          3.8G       3.7G       126M       5.7M        28M       3.2G

MemTotal:        4016004 kB
MemFree:          129244 kB
Active:           352824 kB
Mem:          3.8G       3.7G       126M       5.7M        28M       3.2G

MemTotal:        4016004 kB
MemFree:          129616 kB
Active:           352768 kB
Mem:          3.8G       3.7G       126M       5.7M        28M       3.2G

MemTotal:        4016004 kB
MemFree:          129616 kB
Active:           352816 kB
Mem:          3.8G       3.7G       126M       5.7M        28M       3.2G

MemTotal:        4016004 kB
MemFree:          129120 kB
Active:           352832 kB
Mem:          3.8G       3.7G       126M       5.7M        28M       3.2G

MemTotal:        4016004 kB
MemFree:          128996 kB
Active:           352832 kB
Mem:          3.8G       3.7G       126M       5.7M        28M       3.2G

MemTotal:        4016004 kB
MemFree:          129120 kB
Active:           352832 kB
Mem:          3.8G       3.7G       126M       5.7M        28M       3.2G

MemTotal:        4016004 kB
MemFree:          129492 kB
Active:           352800 kB
Mem:          3.8G       3.7G       126M       5.7M        28M       3.2G

MemTotal:        4016004 kB
MemFree:          129632 kB
Active:           352828 kB
Mem:          3.8G       3.7G       126M       5.7M        28M       3.2G

MemTotal:        4016004 kB
MemFree:          129756 kB
Active:           352812 kB
Mem:          3.8G       3.7G       126M       5.7M        28M       3.2G

MemTotal:        4016004 kB
MemFree:          129756 kB
Active:           352796 kB
Mem:          3.8G       3.7G       126M       5.7M        28M       3.2G

MemTotal:        4016004 kB
MemFree:          129384 kB
Active:           352848 kB
Mem:          3.8G       3.7G       126M       5.7M        28M       3.2G

MemTotal:        4016004 kB
MemFree:          129632 kB
Active:           352852 kB
Mem:          3.8G       3.7G       126M       5.7M        28M       3.2G

MemTotal:        4016004 kB
MemFree:          129880 kB
Active:           352852 kB
Mem:          3.8G       3.7G       126M       5.7M        28M       3.2G

MemTotal:        4016004 kB
MemFree:          129880 kB
Active:           352832 kB
Mem:          3.8G       3.7G       126M       5.7M        28M       3.2G

MemTotal:        4016004 kB
MemFree:          129756 kB
Active:           352804 kB
Mem:          3.8G       3.7G       126M       5.7M        28M       3.2G

MemTotal:        4016004 kB
MemFree:          129880 kB
Active:           352804 kB
Mem:          3.8G       3.7G       126M       5.7M        28M       3.2G

MemTotal:        4016004 kB
MemFree:          129756 kB
Active:           352848 kB
Mem:          3.8G       3.7G       126M       5.7M        28M       3.2G

MemTotal:        4016004 kB
MemFree:          129384 kB
Active:           352856 kB
Mem:          3.8G       3.7G       126M       5.7M        28M       3.2G

MemTotal:        4016004 kB
MemFree:          129756 kB
Active:           352824 kB
Mem:          3.8G       3.7G       126M       5.7M        28M       3.2G

MemTotal:        4016004 kB
MemFree:          129756 kB
Active:           352856 kB
Mem:          3.8G       3.7G       126M       5.7M        28M       3.2G

MemTotal:        4016004 kB
MemFree:          129632 kB
Active:           352848 kB
Mem:          3.8G       3.7G       126M       5.7M        28M       3.2G

MemTotal:        4016004 kB
MemFree:          129384 kB
Active:           352852 kB
Mem:          3.8G       3.7G       126M       5.7M        28M       3.2G

MemTotal:        4016004 kB
MemFree:          129384 kB
Active:           352872 kB
Mem:          3.8G       3.7G       126M       5.7M        28M       3.2G

MemTotal:        4016004 kB
MemFree:          129508 kB
Active:           352836 kB
Mem:          3.8G       3.7G       126M       5.7M        28M       3.2G

MemTotal:        4016004 kB
MemFree:          129012 kB
Active:           352872 kB
Mem:          3.8G       3.7G       125M       5.7M        28M       3.2G

MemTotal:        4016004 kB
MemFree:          129384 kB
Active:           352836 kB
Mem:          3.8G       3.7G       126M       5.7M        28M       3.2G

MemTotal:        4016004 kB
MemFree:          129384 kB
Active:           352840 kB
Mem:          3.8G       3.7G       126M       5.7M        28M       3.2G

MemTotal:        4016004 kB
MemFree:          129384 kB
Active:           352836 kB
Mem:          3.8G       3.7G       126M       5.7M        28M       3.2G

MemTotal:        4016004 kB
MemFree:          129508 kB
Active:           352828 kB
Mem:          3.8G       3.7G       126M       5.7M        28M       3.2G

MemTotal:        4016004 kB
MemFree:          129384 kB
Active:           352836 kB
Mem:          3.8G       3.7G       126M       5.7M        28M       3.2G

MemTotal:        4016004 kB
MemFree:          129384 kB
Active:           352832 kB
Mem:          3.8G       3.7G       126M       5.7M        28M       3.2G

MemTotal:        4016004 kB
MemFree:          129384 kB
Active:           352840 kB
Mem:          3.8G       3.7G       126M       5.7M        28M       3.2G

MemTotal:        4016004 kB
MemFree:          129136 kB
Active:           352876 kB
Mem:          3.8G       3.7G       126M       5.7M        28M       3.2G

MemTotal:        4016004 kB
MemFree:          129260 kB
Active:           352888 kB
Mem:          3.8G       3.7G       126M       5.7M        28M       3.2G

MemTotal:        4016004 kB
MemFree:          129384 kB
Active:           352852 kB
Mem:          3.8G       3.7G       126M       5.7M        28M       3.2G

MemTotal:        4016004 kB
MemFree:          128764 kB
Active:           352900 kB
Mem:          3.8G       3.7G       125M       5.7M        28M       3.2G

MemTotal:        4016004 kB
MemFree:          128888 kB
Active:           352900 kB
Mem:          3.8G       3.7G       125M       5.7M        28M       3.2G

MemTotal:        4016004 kB
MemFree:          129260 kB
Active:           352892 kB
Mem:          3.8G       3.7G       126M       5.7M        28M       3.2G

MemTotal:        4016004 kB
MemFree:          129384 kB
Active:           352856 kB
Mem:          3.8G       3.7G       126M       5.7M        28M       3.2G

MemTotal:        4016004 kB
MemFree:          129384 kB
Active:           352864 kB
Mem:          3.8G       3.7G       126M       5.7M        28M       3.2G

MemTotal:        4016004 kB
MemFree:          129136 kB
Active:           352908 kB
Mem:          3.8G       3.7G       126M       5.7M        28M       3.2G

MemTotal:        4016004 kB
MemFree:          129384 kB
Active:           352864 kB
Mem:          3.8G       3.7G       126M       5.7M        28M       3.2G

MemTotal:        4016004 kB
MemFree:          129384 kB
Active:           352876 kB
Mem:          3.8G       3.7G       126M       5.7M        28M       3.2G

MemTotal:        4016004 kB
MemFree:          129384 kB
Active:           352864 kB
Mem:          3.8G       3.7G       126M       5.7M        28M       3.2G

MemTotal:        4016004 kB
MemFree:          129136 kB
Active:           352908 kB
Mem:          3.8G       3.7G       126M       5.7M        28M       3.2G

MemTotal:        4016004 kB
MemFree:          129012 kB
Active:           352912 kB
Mem:          3.8G       3.7G       126M       5.7M        28M       3.2G

MemTotal:        4016004 kB
MemFree:          129012 kB
Active:           352912 kB
Mem:          3.8G       3.7G       125M       5.7M        28M       3.2G

MemTotal:        4016004 kB
MemFree:          129136 kB
Active:           352916 kB
Mem:          3.8G       3.7G       125M       5.7M        28M       3.2G

MemTotal:        4016004 kB
MemFree:          129260 kB
Active:           352920 kB
Mem:          3.8G       3.7G       126M       5.7M        28M       3.2G

MemTotal:        4016004 kB
MemFree:          129136 kB
Active:           352928 kB
Mem:          3.8G       3.7G       126M       5.7M        28M       3.2G

MemTotal:        4016004 kB
MemFree:          129384 kB
Active:           352928 kB
Mem:          3.8G       3.7G       126M       5.7M        28M       3.2G

MemTotal:        4016004 kB
MemFree:          129012 kB
Active:           352940 kB
Mem:          3.8G       3.7G       125M       5.7M        28M       3.2G

MemTotal:        4016004 kB
MemFree:          129136 kB
Active:           352932 kB
Mem:          3.8G       3.7G       126M       5.7M        28M       3.2G

MemTotal:        4016004 kB
MemFree:          129260 kB
Active:           352932 kB
Mem:          3.8G       3.7G       126M       5.7M        28M       3.2G

MemTotal:        4016004 kB
MemFree:          129136 kB
Active:           352888 kB
Mem:          3.8G       3.7G       125M       5.7M        28M       3.2G

MemTotal:        4016004 kB
MemFree:          129136 kB
Active:           352936 kB
Mem:          3.8G       3.7G       125M       5.7M        28M       3.2G

MemTotal:        4016004 kB
MemFree:          128764 kB
Active:           352944 kB
Mem:          3.8G       3.7G       125M       5.7M        28M       3.2G

MemTotal:        4016004 kB
MemFree:          129012 kB
Active:           352944 kB
Mem:          3.8G       3.7G       125M       5.7M        28M       3.2G

MemTotal:        4016004 kB
MemFree:          128888 kB
Active:           352940 kB
Mem:          3.8G       3.7G       125M       5.7M        28M       3.2G

MemTotal:        4016004 kB
MemFree:          128888 kB
Active:           352944 kB
Mem:          3.8G       3.7G       125M       5.7M        28M       3.2G

MemTotal:        4016004 kB
MemFree:          128888 kB
Active:           352936 kB
Mem:          3.8G       3.7G       125M       5.7M        28M       3.2G

MemTotal:        4016004 kB
MemFree:          129012 kB
Active:           352916 kB
Mem:          3.8G       3.7G       125M       5.7M        28M       3.2G

MemTotal:        4016004 kB
MemFree:          128764 kB
Active:           352968 kB
Mem:          3.8G       3.7G       125M       5.7M        28M       3.2G

MemTotal:        4016004 kB
MemFree:          129012 kB
Active:           352912 kB
Mem:          3.8G       3.7G       125M       5.7M        28M       3.2G

MemTotal:        4016004 kB
MemFree:          129012 kB
Active:           352956 kB
Mem:          3.8G       3.7G       125M       5.7M        28M       3.2G

MemTotal:        4016004 kB
MemFree:          129384 kB
Active:           352952 kB
Mem:          3.8G       3.7G       126M       5.7M        28M       3.2G

MemTotal:        4016004 kB
MemFree:          129136 kB
Active:           352944 kB
Mem:          3.8G       3.7G       126M       5.7M        28M       3.2G

MemTotal:        4016004 kB
MemFree:          129136 kB
Active:           352944 kB
Mem:          3.8G       3.7G       126M       5.7M        28M       3.2G

MemTotal:        4016004 kB
MemFree:          129136 kB
Active:           352952 kB
Mem:          3.8G       3.7G       125M       5.7M        28M       3.2G

MemTotal:        4016004 kB
MemFree:          129136 kB
Active:           352948 kB
Mem:          3.8G       3.7G       125M       5.7M        28M       3.2G

MemTotal:        4016004 kB
MemFree:          129136 kB
Active:           352952 kB
Mem:          3.8G       3.7G       126M       5.7M        28M       3.2G

MemTotal:        4016004 kB
MemFree:          129260 kB
Active:           352952 kB
Mem:          3.8G       3.7G       126M       5.7M        28M       3.2G

MemTotal:        4016004 kB
MemFree:          129136 kB
Active:           352940 kB
Mem:          3.8G       3.7G       126M       5.7M        28M       3.2G

MemTotal:        4016004 kB
MemFree:          129136 kB
Active:           352976 kB
Mem:          3.8G       3.7G       126M       5.7M        28M       3.2G

MemTotal:        4016004 kB
MemFree:          129136 kB
Active:           352940 kB
Mem:          3.8G       3.7G       125M       5.7M        28M       3.2G

MemTotal:        4016004 kB
MemFree:          129012 kB
Active:           352980 kB
Mem:          3.8G       3.7G       126M       5.7M        28M       3.2G

MemTotal:        4016004 kB
MemFree:          129136 kB
Active:           352956 kB
Mem:          3.8G       3.7G       126M       5.7M        28M       3.2G

MemTotal:        4016004 kB
MemFree:          129136 kB
Active:           352960 kB
Mem:          3.8G       3.7G       126M       5.7M        28M       3.2G

MemTotal:        4016004 kB
MemFree:          128888 kB
Active:           352996 kB
Mem:          3.8G       3.7G       125M       5.7M        28M       3.2G

MemTotal:        4016004 kB
MemFree:          128640 kB
Active:           353092 kB
Mem:          3.8G       3.7G       125M       5.7M        28M       3.2G

MemTotal:        4016004 kB
MemFree:          128144 kB
Active:           353124 kB
Mem:          3.8G       3.7G       125M       5.7M        28M       3.2G

MemTotal:        4016004 kB
MemFree:          128640 kB
Active:           353072 kB
Mem:          3.8G       3.7G       125M       5.7M        28M       3.2G

MemTotal:        4016004 kB
MemFree:          128252 kB
Active:           353176 kB
Mem:          3.8G       3.7G       125M       5.7M        28M       3.2G

MemTotal:        4016004 kB
MemFree:          128624 kB
Active:           353164 kB
Mem:          3.8G       3.7G       125M       5.7M        28M       3.2G

