MemTotal:        4016004 kB
MemFree:         3206852 kB
Active:           452872 kB
Mem:          3.8G       790M       3.1G       5.7M        56M       327M

MemTotal:        4016004 kB
MemFree:         3207388 kB
Active:           452252 kB
Mem:          3.8G       789M       3.1G       5.7M        56M       327M

MemTotal:        4016004 kB
MemFree:         3207372 kB
Active:           452280 kB
Mem:          3.8G       789M       3.1G       5.7M        56M       327M

MemTotal:        4016004 kB
MemFree:         3207356 kB
Active:           452284 kB
Mem:          3.8G       789M       3.1G       5.7M        56M       327M

MemTotal:        4016004 kB
MemFree:         3207340 kB
Active:           452348 kB
Mem:          3.8G       789M       3.1G       5.7M        56M       327M

MemTotal:        4016004 kB
MemFree:         3207464 kB
Active:           452356 kB
Mem:          3.8G       789M       3.1G       5.7M        56M       327M

MemTotal:        4016004 kB
MemFree:         3207696 kB
Active:           452324 kB
Mem:          3.8G       789M       3.1G       5.7M        56M       327M

MemTotal:        4016004 kB
MemFree:         3207680 kB
Active:           452328 kB
Mem:          3.8G       789M       3.1G       5.7M        56M       327M

MemTotal:        4016004 kB
MemFree:         3207184 kB
Active:           452356 kB
Mem:          3.8G       789M       3.1G       5.7M        56M       327M

MemTotal:        4016004 kB
MemFree:         3207680 kB
Active:           452324 kB
Mem:          3.8G       789M       3.1G       5.7M        56M       327M

MemTotal:        4016004 kB
MemFree:         3207680 kB
Active:           452312 kB
Mem:          3.8G       789M       3.1G       5.7M        56M       327M

MemTotal:        4016004 kB
MemFree:         3207804 kB
Active:           452352 kB
Mem:          3.8G       789M       3.1G       5.7M        56M       327M

MemTotal:        4016004 kB
MemFree:         3207680 kB
Active:           452360 kB
Mem:          3.8G       789M       3.1G       5.7M        56M       327M

MemTotal:        4016004 kB
MemFree:         3207616 kB
Active:           450352 kB
Mem:          3.8G       789M       3.1G       5.7M        56M       327M

MemTotal:        4016004 kB
MemFree:         3207400 kB
Active:           450316 kB
Mem:          3.8G       789M       3.1G       5.7M        56M       327M

MemTotal:        4016004 kB
MemFree:         3207400 kB
Active:           452320 kB
Mem:          3.8G       789M       3.1G       5.7M        56M       327M

MemTotal:        4016004 kB
MemFree:         3207524 kB
Active:           452308 kB
Mem:          3.8G       789M       3.1G       5.7M        56M       327M

MemTotal:        4016004 kB
MemFree:         3207216 kB
Active:           452364 kB
Mem:          3.8G       789M       3.1G       5.7M        56M       327M

MemTotal:        4016004 kB
MemFree:         3207464 kB
Active:           452364 kB
Mem:          3.8G       789M       3.1G       5.7M        56M       327M

MemTotal:        4016004 kB
MemFree:         3207464 kB
Active:           452348 kB
Mem:          3.8G       789M       3.1G       5.7M        56M       327M

MemTotal:        4016004 kB
MemFree:         3208316 kB
Active:           452348 kB
Mem:          3.8G       789M       3.1G       5.7M        56M       327M

MemTotal:        4016004 kB
MemFree:         3207804 kB
Active:           452372 kB
Mem:          3.8G       789M       3.1G       5.7M        56M       327M

MemTotal:        4016004 kB
MemFree:         3207432 kB
Active:           452388 kB
Mem:          3.8G       789M       3.1G       5.7M        56M       327M

MemTotal:        4016004 kB
MemFree:         3207556 kB
Active:           452388 kB
Mem:          3.8G       789M       3.1G       5.7M        56M       327M

MemTotal:        4016004 kB
MemFree:         3207540 kB
Active:           452340 kB
Mem:          3.8G       789M       3.1G       5.7M        56M       327M

MemTotal:        4016004 kB
MemFree:         3207524 kB
Active:           452336 kB
Mem:          3.8G       789M       3.1G       5.7M        56M       327M

MemTotal:        4016004 kB
MemFree:         3207632 kB
Active:           452384 kB
Mem:          3.8G       789M       3.1G       5.7M        56M       327M

MemTotal:        4016004 kB
MemFree:         3207508 kB
Active:           452340 kB
Mem:          3.8G       789M       3.1G       5.7M        56M       327M

MemTotal:        4016004 kB
MemFree:         3207864 kB
Active:           452340 kB
Mem:          3.8G       789M       3.1G       5.7M        56M       327M

MemTotal:        4016004 kB
MemFree:         3207848 kB
Active:           452392 kB
Mem:          3.8G       789M       3.1G       5.7M        56M       327M

MemTotal:        4016004 kB
MemFree:         3207956 kB
Active:           452392 kB
Mem:          3.8G       789M       3.1G       5.7M        56M       327M

MemTotal:        4016004 kB
MemFree:         3207584 kB
Active:           452352 kB
Mem:          3.8G       789M       3.1G       5.7M        56M       327M

MemTotal:        4016004 kB
MemFree:         3207444 kB
Active:           452364 kB
Mem:          3.8G       789M       3.1G       5.7M        56M       327M

MemTotal:        4016004 kB
MemFree:         3205520 kB
Active:           452376 kB
Mem:          3.8G       791M       3.1G       5.7M        56M       327M

MemTotal:        4016004 kB
MemFree:         3205504 kB
Active:           454424 kB
Mem:          3.8G       791M       3.1G       5.7M        56M       327M

MemTotal:        4016004 kB
MemFree:         3205008 kB
Active:           454416 kB
Mem:          3.8G       792M       3.1G       5.7M        56M       327M

MemTotal:        4016004 kB
MemFree:         3205164 kB
Active:           454380 kB
Mem:          3.8G       791M       3.1G       5.7M        56M       327M

MemTotal:        4016004 kB
MemFree:         3205164 kB
Active:           454420 kB
Mem:          3.8G       791M       3.1G       5.7M        56M       327M

MemTotal:        4016004 kB
MemFree:         3205644 kB
Active:           454412 kB
Mem:          3.8G       791M       3.1G       5.7M        56M       327M

MemTotal:        4016004 kB
MemFree:         3205644 kB
Active:           454400 kB
Mem:          3.8G       791M       3.1G       5.7M        56M       327M

MemTotal:        4016004 kB
MemFree:         3205272 kB
Active:           454448 kB
Mem:          3.8G       791M       3.1G       5.7M        56M       327M

MemTotal:        4016004 kB
MemFree:         3205504 kB
Active:           454436 kB
Mem:          3.8G       791M       3.1G       5.7M        56M       327M

MemTotal:        4016004 kB
MemFree:         3205488 kB
Active:           454420 kB
Mem:          3.8G       791M       3.1G       5.7M        56M       327M

MemTotal:        4016004 kB
MemFree:         3204888 kB
Active:           452532 kB
Mem:          3.8G       792M       3.1G       5.7M        56M       327M

MemTotal:        4016004 kB
MemFree:         3205544 kB
Active:           454408 kB
Mem:          3.8G       791M       3.1G       5.7M        56M       327M

MemTotal:        4016004 kB
MemFree:         3205776 kB
Active:           454444 kB
Mem:          3.8G       791M       3.1G       5.7M        56M       327M

MemTotal:        4016004 kB
MemFree:         3205776 kB
Active:           454448 kB
Mem:          3.8G       791M       3.1G       5.7M        56M       327M

MemTotal:        4016004 kB
MemFree:         3205776 kB
Active:           454428 kB
Mem:          3.8G       791M       3.1G       5.7M        56M       327M

MemTotal:        4016004 kB
MemFree:         3205840 kB
Active:           454412 kB
Mem:          3.8G       791M       3.1G       5.7M        56M       327M

MemTotal:        4016004 kB
MemFree:         3205468 kB
Active:           454468 kB
Mem:          3.8G       791M       3.1G       5.7M        56M       327M

MemTotal:        4016004 kB
MemFree:         3205468 kB
Active:           454468 kB
Mem:          3.8G       791M       3.1G       5.7M        56M       327M

MemTotal:        4016004 kB
MemFree:         3205344 kB
Active:           454468 kB
Mem:          3.8G       791M       3.1G       5.7M        56M       327M

MemTotal:        4016004 kB
MemFree:         3205344 kB
Active:           454488 kB
Mem:          3.8G       791M       3.1G       5.7M        56M       327M

MemTotal:        4016004 kB
MemFree:         3204656 kB
Active:           452528 kB
Mem:          3.8G       792M       3.1G       5.7M        56M       327M

MemTotal:        4016004 kB
MemFree:         3205264 kB
Active:           454484 kB
Mem:          3.8G       791M       3.1G       5.7M        56M       327M

MemTotal:        4016004 kB
MemFree:         3205388 kB
Active:           454488 kB
Mem:          3.8G       791M       3.1G       5.7M        56M       327M

MemTotal:        4016004 kB
MemFree:         3205760 kB
Active:           454460 kB
Mem:          3.8G       791M       3.1G       5.7M        56M       327M

MemTotal:        4016004 kB
MemFree:         3205636 kB
Active:           454484 kB
Mem:          3.8G       791M       3.1G       5.7M        56M       327M

MemTotal:        4016004 kB
MemFree:         3205760 kB
Active:           454488 kB
Mem:          3.8G       791M       3.1G       5.7M        56M       327M

MemTotal:        4016004 kB
MemFree:         3205760 kB
Active:           454500 kB
Mem:          3.8G       791M       3.1G       5.7M        56M       327M

MemTotal:        4016004 kB
MemFree:         3205636 kB
Active:           454480 kB
Mem:          3.8G       791M       3.1G       5.7M        56M       327M

MemTotal:        4016004 kB
MemFree:         3205636 kB
Active:           454488 kB
Mem:          3.8G       791M       3.1G       5.7M        56M       327M

MemTotal:        4016004 kB
MemFree:         3205636 kB
Active:           454488 kB
Mem:          3.8G       791M       3.1G       5.7M        56M       327M

MemTotal:        4016004 kB
MemFree:         3204404 kB
Active:           452824 kB
Mem:          3.8G       792M       3.1G       5.7M        56M       327M

MemTotal:        4016004 kB
MemFree:         3204456 kB
Active:           454804 kB
Mem:          3.8G       792M       3.1G       5.7M        56M       327M

MemTotal:        4016004 kB
MemFree:         3204952 kB
Active:           454748 kB
Mem:          3.8G       792M       3.1G       5.7M        56M       327M

MemTotal:        4016004 kB
MemFree:         3204580 kB
Active:           454804 kB
Mem:          3.8G       791M       3.1G       5.7M        56M       327M

MemTotal:        4016004 kB
MemFree:         3204952 kB
Active:           454804 kB
Mem:          3.8G       791M       3.1G       5.7M        56M       327M

MemTotal:        4016004 kB
MemFree:         3205184 kB
Active:           454756 kB
Mem:          3.8G       792M       3.1G       5.7M        56M       327M

MemTotal:        4016004 kB
MemFree:         3205292 kB
Active:           454748 kB
Mem:          3.8G       792M       3.1G       5.7M        56M       327M

MemTotal:        4016004 kB
MemFree:         3205028 kB
Active:           454760 kB
Mem:          3.8G       792M       3.1G       5.7M        56M       327M

MemTotal:        4016004 kB
MemFree:         3204904 kB
Active:           454800 kB
Mem:          3.8G       792M       3.1G       5.7M        56M       327M

MemTotal:        4016004 kB
MemFree:         3205260 kB
Active:           454760 kB
Mem:          3.8G       792M       3.1G       5.7M        56M       327M

MemTotal:        4016004 kB
MemFree:         3205368 kB
Active:           454760 kB
Mem:          3.8G       791M       3.1G       5.7M        56M       327M

MemTotal:        4016004 kB
MemFree:         3205104 kB
Active:           454808 kB
Mem:          3.8G       791M       3.1G       5.7M        56M       327M

MemTotal:        4016004 kB
MemFree:         3205584 kB
Active:           454780 kB
Mem:          3.8G       791M       3.1G       5.7M        56M       327M

MemTotal:        4016004 kB
MemFree:         3205460 kB
Active:           454780 kB
Mem:          3.8G       791M       3.1G       5.7M        56M       327M

MemTotal:        4016004 kB
MemFree:         3205584 kB
Active:           454776 kB
Mem:          3.8G       791M       3.1G       5.7M        56M       327M

MemTotal:        4016004 kB
MemFree:         3205072 kB
Active:           454816 kB
Mem:          3.8G       791M       3.1G       5.7M        56M       327M

MemTotal:        4016004 kB
MemFree:         3205056 kB
Active:           454764 kB
Mem:          3.8G       791M       3.1G       5.7M        56M       327M

MemTotal:        4016004 kB
MemFree:         3204684 kB
Active:           454816 kB
Mem:          3.8G       792M       3.1G       5.7M        56M       327M

MemTotal:        4016004 kB
MemFree:         3204420 kB
Active:           454808 kB
Mem:          3.8G       792M       3.1G       5.7M        56M       327M

MemTotal:        4016004 kB
MemFree:         3204668 kB
Active:           454800 kB
Mem:          3.8G       792M       3.1G       5.7M        56M       327M

MemTotal:        4016004 kB
MemFree:         3204472 kB
Active:           452856 kB
Mem:          3.8G       792M       3.1G       5.7M        56M       327M

MemTotal:        4016004 kB
MemFree:         3204728 kB
Active:           454848 kB
Mem:          3.8G       791M       3.1G       5.7M        56M       327M

MemTotal:        4016004 kB
MemFree:         3205224 kB
Active:           454816 kB
Mem:          3.8G       791M       3.1G       5.7M        56M       327M

MemTotal:        4016004 kB
MemFree:         3205224 kB
Active:           454816 kB
Mem:          3.8G       791M       3.1G       5.7M        56M       327M

MemTotal:        4016004 kB
MemFree:         3205224 kB
Active:           454820 kB
Mem:          3.8G       792M       3.1G       5.7M        56M       327M

MemTotal:        4016004 kB
MemFree:         3204604 kB
Active:           454816 kB
Mem:          3.8G       792M       3.1G       5.7M        56M       327M

MemTotal:        4016004 kB
MemFree:         3204604 kB
Active:           454816 kB
Mem:          3.8G       792M       3.1G       5.7M        56M       327M

MemTotal:        4016004 kB
MemFree:         3204604 kB
Active:           454816 kB
Mem:          3.8G       792M       3.1G       5.7M        56M       327M

MemTotal:        4016004 kB
MemFree:         3204852 kB
Active:           454840 kB
Mem:          3.8G       792M       3.1G       5.7M        56M       327M

MemTotal:        4016004 kB
MemFree:         3204976 kB
Active:           454844 kB
Mem:          3.8G       792M       3.1G       5.7M        56M       327M

MemTotal:        4016004 kB
MemFree:         3205100 kB
Active:           454824 kB
Mem:          3.8G       791M       3.1G       5.7M        56M       327M

MemTotal:        4016004 kB
MemFree:         3205100 kB
Active:           454828 kB
Mem:          3.8G       791M       3.1G       5.7M        56M       327M

MemTotal:        4016004 kB
MemFree:         3204728 kB
Active:           454860 kB
Mem:          3.8G       791M       3.1G       5.7M        56M       327M

MemTotal:        4016004 kB
MemFree:         3205100 kB
Active:           454832 kB
Mem:          3.8G       792M       3.1G       5.7M        56M       327M

MemTotal:        4016004 kB
MemFree:         3204604 kB
Active:           454868 kB
Mem:          3.8G       792M       3.1G       5.7M        56M       327M

MemTotal:        4016004 kB
MemFree:         3205224 kB
Active:           454816 kB
Mem:          3.8G       792M       3.1G       5.7M        56M       327M

MemTotal:        4016004 kB
MemFree:         3205596 kB
Active:           454868 kB
Mem:          3.8G       791M       3.1G       5.7M        56M       327M

MemTotal:        4016004 kB
MemFree:         3205720 kB
Active:           454856 kB
Mem:          3.8G       791M       3.1G       5.7M        56M       327M

MemTotal:        4016004 kB
MemFree:         3205880 kB
Active:           454844 kB
Mem:          3.8G       791M       3.1G       5.7M        56M       327M

MemTotal:        4016004 kB
MemFree:         3205756 kB
Active:           454836 kB
Mem:          3.8G       791M       3.1G       5.7M        56M       327M

MemTotal:        4016004 kB
MemFree:         3205756 kB
Active:           454840 kB
Mem:          3.8G       791M       3.1G       5.7M        56M       327M

MemTotal:        4016004 kB
MemFree:         3205756 kB
Active:           454840 kB
Mem:          3.8G       791M       3.1G       5.7M        56M       327M

MemTotal:        4016004 kB
MemFree:         3205508 kB
Active:           454876 kB
Mem:          3.8G       791M       3.1G       5.7M        56M       327M

MemTotal:        4016004 kB
MemFree:         3205880 kB
Active:           454828 kB
Mem:          3.8G       791M       3.1G       5.7M        56M       327M

MemTotal:        4016004 kB
MemFree:         3205756 kB
Active:           454872 kB
Mem:          3.8G       791M       3.1G       5.7M        56M       327M

MemTotal:        4016004 kB
MemFree:         3205508 kB
Active:           454836 kB
Mem:          3.8G       791M       3.1G       5.7M        56M       327M

MemTotal:        4016004 kB
MemFree:         3205136 kB
Active:           454880 kB
Mem:          3.8G       791M       3.1G       5.7M        56M       327M

MemTotal:        4016004 kB
MemFree:         3205352 kB
Active:           454880 kB
Mem:          3.8G       791M       3.1G       5.7M        56M       327M

MemTotal:        4016004 kB
MemFree:         3205336 kB
Active:           454868 kB
Mem:          3.8G       791M       3.1G       5.7M        56M       327M

MemTotal:        4016004 kB
MemFree:         3205336 kB
Active:           454872 kB
Mem:          3.8G       791M       3.1G       5.7M        56M       327M

MemTotal:        4016004 kB
MemFree:         3205772 kB
Active:           454880 kB
Mem:          3.8G       791M       3.1G       5.7M        56M       327M

MemTotal:        4016004 kB
MemFree:         3205896 kB
Active:           454840 kB
Mem:          3.8G       791M       3.1G       5.7M        56M       327M

MemTotal:        4016004 kB
MemFree:         3205524 kB
Active:           454892 kB
Mem:          3.8G       791M       3.1G       5.7M        56M       327M

MemTotal:        4016004 kB
MemFree:         3205400 kB
Active:           454896 kB
Mem:          3.8G       791M       3.1G       5.7M        56M       327M

MemTotal:        4016004 kB
MemFree:         3205400 kB
Active:           454892 kB
Mem:          3.8G       791M       3.1G       5.7M        56M       327M

MemTotal:        4016004 kB
MemFree:         3205400 kB
Active:           454860 kB
Mem:          3.8G       791M       3.1G       5.7M        56M       327M

MemTotal:        4016004 kB
MemFree:         3205524 kB
Active:           454860 kB
Mem:          3.8G       791M       3.1G       5.7M        56M       327M

MemTotal:        4016004 kB
MemFree:         3205400 kB
Active:           454856 kB
Mem:          3.8G       791M       3.1G       5.7M        56M       327M

MemTotal:        4016004 kB
MemFree:         3205416 kB
Active:           454876 kB
Mem:          3.8G       791M       3.1G       5.7M        56M       327M

MemTotal:        4016004 kB
MemFree:         3205788 kB
Active:           454876 kB
Mem:          3.8G       791M       3.1G       5.7M        56M       327M

MemTotal:        4016004 kB
MemFree:         3205664 kB
Active:           454872 kB
Mem:          3.8G       791M       3.1G       5.7M        56M       327M

MemTotal:        4016004 kB
MemFree:         3205664 kB
Active:           454888 kB
Mem:          3.8G       791M       3.1G       5.7M        56M       327M

MemTotal:        4016004 kB
MemFree:         3205540 kB
Active:           454860 kB
Mem:          3.8G       791M       3.1G       5.7M        56M       327M

MemTotal:        4016004 kB
MemFree:         3205540 kB
Active:           454872 kB
Mem:          3.8G       791M       3.1G       5.7M        56M       327M

MemTotal:        4016004 kB
MemFree:         3205540 kB
Active:           454876 kB
Mem:          3.8G       791M       3.1G       5.7M        56M       327M

MemTotal:        4016004 kB
MemFree:         3205540 kB
Active:           454864 kB
Mem:          3.8G       791M       3.1G       5.7M        56M       327M

MemTotal:        4016004 kB
MemFree:         3205416 kB
Active:           454904 kB
Mem:          3.8G       791M       3.1G       5.7M        56M       327M

MemTotal:        4016004 kB
MemFree:         3205276 kB
Active:           454916 kB
Mem:          3.8G       791M       3.1G       5.7M        56M       327M

MemTotal:        4016004 kB
MemFree:         3205368 kB
Active:           454900 kB
Mem:          3.8G       791M       3.1G       5.7M        56M       327M

MemTotal:        4016004 kB
MemFree:         3204780 kB
Active:           454924 kB
Mem:          3.8G       791M       3.1G       5.7M        56M       327M

MemTotal:        4016004 kB
MemFree:         3203104 kB
Active:           454876 kB
Mem:          3.8G       793M       3.1G       5.7M        56M       327M

MemTotal:        4016004 kB
MemFree:         3202980 kB
Active:           454892 kB
Mem:          3.8G       793M       3.1G       5.7M        56M       327M

MemTotal:        4016004 kB
MemFree:         3203228 kB
Active:           454892 kB
Mem:          3.8G       793M       3.1G       5.7M        56M       327M

MemTotal:        4016004 kB
MemFree:         3202732 kB
Active:           454912 kB
Mem:          3.8G       794M       3.1G       5.7M        56M       327M

MemTotal:        4016004 kB
MemFree:         3202980 kB
Active:           456932 kB
Mem:          3.8G       794M       3.1G       5.7M        56M       327M

MemTotal:        4016004 kB
MemFree:         3203336 kB
Active:           456912 kB
Mem:          3.8G       793M       3.1G       5.7M        56M       327M

MemTotal:        4016004 kB
MemFree:         3202964 kB
Active:           456972 kB
Mem:          3.8G       794M       3.1G       5.7M        56M       327M

MemTotal:        4016004 kB
MemFree:         3203336 kB
Active:           456972 kB
Mem:          3.8G       793M       3.1G       5.7M        56M       327M

MemTotal:        4016004 kB
MemFree:         3203196 kB
Active:           456920 kB
Mem:          3.8G       793M       3.1G       5.7M        56M       327M

MemTotal:        4016004 kB
MemFree:         3203180 kB
Active:           456972 kB
Mem:          3.8G       793M       3.1G       5.7M        56M       327M

MemTotal:        4016004 kB
MemFree:         3203180 kB
Active:           456956 kB
Mem:          3.8G       793M       3.1G       5.7M        56M       327M

MemTotal:        4016004 kB
MemFree:         3203056 kB
Active:           456952 kB
Mem:          3.8G       793M       3.1G       5.7M        56M       327M

MemTotal:        4016004 kB
MemFree:         3203164 kB
Active:           456936 kB
Mem:          3.8G       793M       3.1G       5.7M        56M       327M

MemTotal:        4016004 kB
MemFree:         3203288 kB
Active:           456972 kB
Mem:          3.8G       793M       3.1G       5.7M        56M       327M

MemTotal:        4016004 kB
MemFree:         3202936 kB
Active:           456964 kB
Mem:          3.8G       794M       3.1G       5.7M        56M       327M

MemTotal:        4016004 kB
MemFree:         3203092 kB
Active:           456964 kB
Mem:          3.8G       793M       3.1G       5.7M        56M       327M

MemTotal:        4016004 kB
MemFree:         3203340 kB
Active:           456968 kB
Mem:          3.8G       793M       3.1G       5.7M        56M       327M

MemTotal:        4016004 kB
MemFree:         3203000 kB
Active:           456988 kB
Mem:          3.8G       793M       3.1G       5.7M        56M       327M

MemTotal:        4016004 kB
MemFree:         3203124 kB
Active:           456948 kB
Mem:          3.8G       793M       3.1G       5.7M        56M       327M

MemTotal:        4016004 kB
MemFree:         3203124 kB
Active:           456944 kB
Mem:          3.8G       793M       3.1G       5.7M        56M       327M

MemTotal:        4016004 kB
MemFree:         3202752 kB
Active:           457004 kB
Mem:          3.8G       793M       3.1G       5.7M        56M       327M

MemTotal:        4016004 kB
MemFree:         3203248 kB
Active:           456968 kB
Mem:          3.8G       793M       3.1G       5.7M        56M       327M

MemTotal:        4016004 kB
MemFree:         3203372 kB
Active:           456960 kB
Mem:          3.8G       793M       3.1G       5.7M        56M       327M

MemTotal:        4016004 kB
MemFree:         3203388 kB
Active:           456964 kB
Mem:          3.8G       793M       3.1G       5.7M        56M       327M

MemTotal:        4016004 kB
MemFree:         3203388 kB
Active:           456952 kB
Mem:          3.8G       793M       3.1G       5.7M        56M       327M

MemTotal:        4016004 kB
MemFree:         3203016 kB
Active:           457008 kB
Mem:          3.8G       793M       3.1G       5.7M        56M       327M

MemTotal:        4016004 kB
MemFree:         3203388 kB
Active:           457008 kB
Mem:          3.8G       793M       3.1G       5.7M        56M       327M

MemTotal:        4016004 kB
MemFree:         3203140 kB
Active:           456972 kB
Mem:          3.8G       793M       3.1G       5.7M        56M       327M

MemTotal:        4016004 kB
MemFree:         3203112 kB
Active:           457016 kB
Mem:          3.8G       793M       3.1G       5.7M        56M       327M

MemTotal:        4016004 kB
MemFree:         3203360 kB
Active:           456960 kB
Mem:          3.8G       793M       3.1G       5.7M        56M       327M

MemTotal:        4016004 kB
MemFree:         3203484 kB
Active:           456992 kB
Mem:          3.8G       793M       3.1G       5.7M        56M       327M

MemTotal:        4016004 kB
MemFree:         3202988 kB
Active:           457020 kB
Mem:          3.8G       793M       3.1G       5.7M        56M       327M

MemTotal:        4016004 kB
MemFree:         3203252 kB
Active:           457004 kB
Mem:          3.8G       793M       3.1G       5.7M        56M       327M

MemTotal:        4016004 kB
MemFree:         3203376 kB
Active:           457000 kB
Mem:          3.8G       793M       3.1G       5.7M        56M       327M

MemTotal:        4016004 kB
MemFree:         3203376 kB
Active:           457004 kB
Mem:          3.8G       793M       3.1G       5.7M        56M       327M

MemTotal:        4016004 kB
MemFree:         3203112 kB
Active:           457016 kB
Mem:          3.8G       794M       3.1G       5.7M        56M       327M

MemTotal:        4016004 kB
MemFree:         3203236 kB
Active:           457004 kB
Mem:          3.8G       793M       3.1G       5.7M        56M       327M

MemTotal:        4016004 kB
MemFree:         3203284 kB
Active:           456984 kB
Mem:          3.8G       793M       3.1G       5.7M        56M       327M

MemTotal:        4016004 kB
MemFree:         3203656 kB
Active:           456976 kB
Mem:          3.8G       793M       3.1G       5.7M        56M       327M

MemTotal:        4016004 kB
MemFree:         3203408 kB
Active:           457024 kB
Mem:          3.8G       793M       3.1G       5.7M        56M       327M

MemTotal:        4016004 kB
MemFree:         3201236 kB
Active:           457028 kB
Mem:          3.8G       795M       3.1G       5.7M        56M       327M

MemTotal:        4016004 kB
MemFree:         3201236 kB
Active:           459020 kB
Mem:          3.8G       795M       3.1G       5.7M        56M       327M

MemTotal:        4016004 kB
MemFree:         3200988 kB
Active:           459020 kB
Mem:          3.8G       796M       3.1G       5.7M        56M       327M

MemTotal:        4016004 kB
MemFree:         3200740 kB
Active:           459060 kB
Mem:          3.8G       795M       3.1G       5.7M        56M       327M

MemTotal:        4016004 kB
MemFree:         3200880 kB
Active:           458880 kB
Mem:          3.8G       795M       3.1G       5.7M        56M       327M

MemTotal:        4016004 kB
MemFree:         3200048 kB
Active:           460256 kB
Mem:          3.8G       797M       3.1G       5.7M        56M       327M

MemTotal:        4016004 kB
MemFree:         3192084 kB
Active:           466700 kB
Mem:          3.8G       804M       3.0G       5.7M        63M       327M

MemTotal:        4016004 kB
MemFree:         3192704 kB
Active:           466664 kB
Mem:          3.8G       804M       3.0G       5.7M        63M       327M

MemTotal:        4016004 kB
MemFree:         3192828 kB
Active:           466668 kB
Mem:          3.8G       804M       3.0G       5.7M        63M       327M

MemTotal:        4016004 kB
MemFree:         3192952 kB
Active:           466660 kB
Mem:          3.8G       804M       3.0G       5.7M        63M       327M

MemTotal:        4016004 kB
MemFree:         3192212 kB
Active:           464824 kB
Mem:          3.8G       804M       3.0G       5.7M        63M       327M

MemTotal:        4016004 kB
MemFree:         3192392 kB
Active:           464660 kB
Mem:          3.8G       804M       3.0G       5.7M        63M       327M

MemTotal:        4016004 kB
MemFree:         3192020 kB
Active:           464716 kB
Mem:          3.8G       804M       3.0G       5.7M        63M       327M

MemTotal:        4016004 kB
MemFree:         3192144 kB
Active:           466728 kB
Mem:          3.8G       804M       3.0G       5.7M        63M       327M

MemTotal:        4016004 kB
MemFree:         3192144 kB
Active:           466720 kB
Mem:          3.8G       804M       3.0G       5.7M        63M       327M

MemTotal:        4016004 kB
MemFree:         3192532 kB
Active:           466748 kB
Mem:          3.8G       804M       3.0G       5.7M        63M       327M

MemTotal:        4016004 kB
MemFree:         3192408 kB
Active:           466728 kB
Mem:          3.8G       804M       3.0G       5.7M        63M       327M

MemTotal:        4016004 kB
MemFree:         3192532 kB
Active:           466732 kB
Mem:          3.8G       804M       3.0G       5.7M        63M       327M

MemTotal:        4016004 kB
MemFree:         3192408 kB
Active:           466736 kB
Mem:          3.8G       804M       3.0G       5.7M        63M       327M

MemTotal:        4016004 kB
MemFree:         3192036 kB
Active:           466776 kB
Mem:          3.8G       804M       3.0G       5.7M        63M       327M

MemTotal:        4016004 kB
MemFree:         3191472 kB
Active:           464812 kB
Mem:          3.8G       805M       3.0G       5.7M        63M       327M

MemTotal:        4016004 kB
MemFree:         3191968 kB
Active:           466756 kB
Mem:          3.8G       804M       3.0G       5.7M        63M       327M

MemTotal:        4016004 kB
MemFree:         3192092 kB
Active:           466760 kB
Mem:          3.8G       804M       3.0G       5.7M        63M       327M

MemTotal:        4016004 kB
MemFree:         3191968 kB
Active:           466780 kB
Mem:          3.8G       804M       3.0G       5.7M        63M       327M

MemTotal:        4016004 kB
MemFree:         3192340 kB
Active:           466768 kB
Mem:          3.8G       804M       3.0G       5.7M        63M       327M

MemTotal:        4016004 kB
MemFree:         3192340 kB
Active:           466764 kB
Mem:          3.8G       804M       3.0G       5.7M        63M       327M

MemTotal:        4016004 kB
MemFree:         3192216 kB
Active:           466748 kB
Mem:          3.8G       804M       3.0G       5.7M        63M       327M

MemTotal:        4016004 kB
MemFree:         3192216 kB
Active:           466752 kB
Mem:          3.8G       804M       3.0G       5.7M        63M       327M

MemTotal:        4016004 kB
MemFree:         3192216 kB
Active:           466760 kB
Mem:          3.8G       804M       3.0G       5.7M        63M       327M

MemTotal:        4016004 kB
MemFree:         3192216 kB
Active:           466756 kB
Mem:          3.8G       804M       3.0G       5.7M        63M       327M

MemTotal:        4016004 kB
MemFree:         3191428 kB
Active:           464824 kB
Mem:          3.8G       805M       3.0G       5.7M        63M       327M

MemTotal:        4016004 kB
MemFree:         3192076 kB
Active:           466784 kB
Mem:          3.8G       804M       3.0G       5.7M        63M       327M

MemTotal:        4016004 kB
MemFree:         3192076 kB
Active:           466772 kB
Mem:          3.8G       804M       3.0G       5.7M        63M       327M

MemTotal:        4016004 kB
MemFree:         3191828 kB
Active:           466808 kB
Mem:          3.8G       804M       3.0G       5.7M        63M       327M

MemTotal:        4016004 kB
MemFree:         3192076 kB
Active:           466804 kB
Mem:          3.8G       804M       3.0G       5.7M        63M       327M

MemTotal:        4016004 kB
MemFree:         3192200 kB
Active:           466800 kB
Mem:          3.8G       804M       3.0G       5.7M        63M       327M

MemTotal:        4016004 kB
MemFree:         3191952 kB
Active:           466752 kB
Mem:          3.8G       804M       3.0G       5.7M        63M       327M

MemTotal:        4016004 kB
MemFree:         3191456 kB
Active:           466816 kB
Mem:          3.8G       804M       3.0G       5.7M        63M       327M

MemTotal:        4016004 kB
MemFree:         3192076 kB
Active:           466816 kB
Mem:          3.8G       804M       3.0G       5.7M        63M       327M

MemTotal:        4016004 kB
MemFree:         3192076 kB
Active:           466760 kB
Mem:          3.8G       804M       3.0G       5.7M        63M       327M

MemTotal:        4016004 kB
MemFree:         3191136 kB
Active:           464868 kB
Mem:          3.8G       805M       3.0G       5.7M        63M       327M

MemTotal:        4016004 kB
MemFree:         3191632 kB
Active:           466776 kB
Mem:          3.8G       805M       3.0G       5.7M        63M       327M

MemTotal:        4016004 kB
MemFree:         3191756 kB
Active:           466772 kB
Mem:          3.8G       805M       3.0G       5.7M        63M       327M

MemTotal:        4016004 kB
MemFree:         3191756 kB
Active:           466824 kB
Mem:          3.8G       804M       3.0G       5.7M        63M       327M

MemTotal:        4016004 kB
MemFree:         3192004 kB
Active:           466808 kB
Mem:          3.8G       804M       3.0G       5.7M        63M       327M

MemTotal:        4016004 kB
MemFree:         3192004 kB
Active:           466800 kB
Mem:          3.8G       804M       3.0G       5.7M        63M       327M

MemTotal:        4016004 kB
MemFree:         3191880 kB
Active:           466796 kB
Mem:          3.8G       804M       3.0G       5.7M        63M       327M

MemTotal:        4016004 kB
MemFree:         3191632 kB
Active:           466836 kB
Mem:          3.8G       805M       3.0G       5.7M        63M       327M

MemTotal:        4016004 kB
MemFree:         3191880 kB
Active:           466788 kB
Mem:          3.8G       804M       3.0G       5.7M        63M       327M

MemTotal:        4016004 kB
MemFree:         3191756 kB
Active:           466836 kB
Mem:          3.8G       804M       3.0G       5.7M        63M       327M

MemTotal:        4016004 kB
MemFree:         3191756 kB
Active:           466796 kB
Mem:          3.8G       804M       3.0G       5.7M        63M       327M

MemTotal:        4016004 kB
MemFree:         3192376 kB
Active:           466824 kB
Mem:          3.8G       804M       3.0G       5.7M        63M       327M

MemTotal:        4016004 kB
MemFree:         3192376 kB
Active:           466804 kB
Mem:          3.8G       804M       3.0G       5.7M        63M       327M

MemTotal:        4016004 kB
MemFree:         3192624 kB
Active:           466836 kB
Mem:          3.8G       804M       3.0G       5.7M        63M       327M

MemTotal:        4016004 kB
MemFree:         3192748 kB
Active:           466820 kB
Mem:          3.8G       804M       3.0G       5.7M        63M       327M

MemTotal:        4016004 kB
MemFree:         3192748 kB
Active:           466808 kB
Mem:          3.8G       803M       3.0G       5.7M        63M       327M

MemTotal:        4016004 kB
MemFree:         3192748 kB
Active:           466848 kB
Mem:          3.8G       803M       3.0G       5.7M        63M       327M

MemTotal:        4016004 kB
MemFree:         3192748 kB
Active:           466832 kB
Mem:          3.8G       803M       3.0G       5.7M        63M       327M

MemTotal:        4016004 kB
MemFree:         3192500 kB
Active:           466848 kB
Mem:          3.8G       804M       3.0G       5.7M        63M       327M

MemTotal:        4016004 kB
MemFree:         3192748 kB
Active:           466852 kB
Mem:          3.8G       804M       3.0G       5.7M        63M       327M

MemTotal:        4016004 kB
MemFree:         3192748 kB
Active:           466812 kB
Mem:          3.8G       804M       3.0G       5.7M        63M       327M

MemTotal:        4016004 kB
MemFree:         3192748 kB
Active:           466848 kB
Mem:          3.8G       803M       3.0G       5.7M        63M       327M

MemTotal:        4016004 kB
MemFree:         3192624 kB
Active:           466856 kB
Mem:          3.8G       803M       3.0G       5.7M        63M       327M

MemTotal:        4016004 kB
MemFree:         3192748 kB
Active:           466836 kB
Mem:          3.8G       804M       3.0G       5.7M        63M       327M

MemTotal:        4016004 kB
MemFree:         3192252 kB
Active:           466868 kB
Mem:          3.8G       804M       3.0G       5.7M        63M       327M

MemTotal:        4016004 kB
MemFree:         3192632 kB
Active:           466812 kB
Mem:          3.8G       804M       3.0G       5.7M        63M       327M

MemTotal:        4016004 kB
MemFree:         3192508 kB
Active:           466864 kB
Mem:          3.8G       804M       3.0G       5.7M        63M       327M

MemTotal:        4016004 kB
MemFree:         3192632 kB
Active:           466852 kB
Mem:          3.8G       804M       3.0G       5.7M        63M       327M

MemTotal:        4016004 kB
MemFree:         3192136 kB
Active:           466864 kB
Mem:          3.8G       804M       3.0G       5.7M        63M       327M

MemTotal:        4016004 kB
MemFree:         3192260 kB
Active:           466868 kB
Mem:          3.8G       804M       3.0G       5.7M        63M       327M

MemTotal:        4016004 kB
MemFree:         3191328 kB
Active:           464980 kB
Mem:          3.8G       805M       3.0G       5.7M        63M       327M

MemTotal:        4016004 kB
MemFree:         3192132 kB
Active:           466900 kB
Mem:          3.8G       804M       3.0G       5.7M        63M       327M

MemTotal:        4016004 kB
MemFree:         3192008 kB
Active:           466900 kB
Mem:          3.8G       804M       3.0G       5.7M        63M       327M

MemTotal:        4016004 kB
MemFree:         3192132 kB
Active:           466892 kB
Mem:          3.8G       804M       3.0G       5.7M        63M       327M

MemTotal:        4016004 kB
MemFree:         3192628 kB
Active:           466896 kB
Mem:          3.8G       804M       3.0G       5.7M        63M       327M

MemTotal:        4016004 kB
MemFree:         3192752 kB
Active:           466916 kB
Mem:          3.8G       803M       3.0G       5.7M        63M       327M

MemTotal:        4016004 kB
MemFree:         3192752 kB
Active:           466904 kB
Mem:          3.8G       803M       3.0G       5.7M        63M       327M

MemTotal:        4016004 kB
MemFree:         3192628 kB
Active:           466900 kB
Mem:          3.8G       804M       3.0G       5.7M        63M       327M

MemTotal:        4016004 kB
MemFree:         3192380 kB
Active:           466880 kB
Mem:          3.8G       804M       3.0G       5.7M        63M       327M

MemTotal:        4016004 kB
MemFree:         3192380 kB
Active:           466920 kB
Mem:          3.8G       804M       3.0G       5.7M        63M       327M

MemTotal:        4016004 kB
MemFree:         3191420 kB
Active:           465032 kB
Mem:          3.8G       804M       3.0G       5.7M        63M       327M

MemTotal:        4016004 kB
MemFree:         3192120 kB
Active:           466900 kB
Mem:          3.8G       804M       3.0G       5.7M        63M       327M

MemTotal:        4016004 kB
MemFree:         3191624 kB
Active:           466936 kB
Mem:          3.8G       804M       3.0G       5.7M        63M       327M

MemTotal:        4016004 kB
MemFree:         3191996 kB
Active:           466892 kB
Mem:          3.8G       804M       3.0G       5.7M        63M       327M

MemTotal:        4016004 kB
MemFree:         3191996 kB
Active:           466936 kB
Mem:          3.8G       804M       3.0G       5.7M        63M       327M

MemTotal:        4016004 kB
MemFree:         3192120 kB
Active:           466924 kB
Mem:          3.8G       804M       3.0G       5.7M        63M       327M

MemTotal:        4016004 kB
MemFree:         3192616 kB
Active:           466916 kB
Mem:          3.8G       804M       3.0G       5.7M        63M       328M

MemTotal:        4016004 kB
MemFree:         3192740 kB
Active:           466896 kB
Mem:          3.8G       804M       3.0G       5.7M        63M       328M

MemTotal:        4016004 kB
MemFree:         3192740 kB
Active:           466904 kB
Mem:          3.8G       804M       3.0G       5.7M        63M       328M

MemTotal:        4016004 kB
MemFree:         3192244 kB
Active:           466956 kB
Mem:          3.8G       804M       3.0G       5.7M        63M       328M

MemTotal:        4016004 kB
MemFree:         3192616 kB
Active:           466936 kB
Mem:          3.8G       804M       3.0G       5.7M        63M       328M

MemTotal:        4016004 kB
MemFree:         3192368 kB
Active:           466960 kB
Mem:          3.8G       804M       3.0G       5.7M        63M       328M

MemTotal:        4016004 kB
MemFree:         3192492 kB
Active:           466944 kB
Mem:          3.8G       804M       3.0G       5.7M        63M       328M

MemTotal:        4016004 kB
MemFree:         3192492 kB
Active:           466932 kB
Mem:          3.8G       804M       3.0G       5.7M        63M       328M

MemTotal:        4016004 kB
MemFree:         3192492 kB
Active:           466932 kB
Mem:          3.8G       804M       3.0G       5.7M        63M       328M

MemTotal:        4016004 kB
MemFree:         3192120 kB
Active:           466952 kB
Mem:          3.8G       804M       3.0G       5.7M        63M       328M

MemTotal:        4016004 kB
MemFree:         3192368 kB
Active:           466944 kB
Mem:          3.8G       803M       3.0G       5.7M        63M       328M

MemTotal:        4016004 kB
MemFree:         3192740 kB
Active:           466932 kB
Mem:          3.8G       803M       3.0G       5.7M        63M       328M

MemTotal:        4016004 kB
MemFree:         3192740 kB
Active:           466916 kB
Mem:          3.8G       803M       3.0G       5.7M        63M       328M

MemTotal:        4016004 kB
MemFree:         3192368 kB
Active:           466928 kB
Mem:          3.8G       804M       3.0G       5.7M        63M       328M

MemTotal:        4016004 kB
MemFree:         3192368 kB
Active:           466972 kB
Mem:          3.8G       804M       3.0G       5.7M        63M       328M

MemTotal:        4016004 kB
MemFree:         3192368 kB
Active:           466964 kB
Mem:          3.8G       804M       3.0G       5.7M        63M       328M

MemTotal:        4016004 kB
MemFree:         3192368 kB
Active:           466956 kB
Mem:          3.8G       804M       3.0G       5.7M        63M       328M

MemTotal:        4016004 kB
MemFree:         3192120 kB
Active:           466976 kB
Mem:          3.8G       804M       3.0G       5.7M        63M       328M

MemTotal:        4016004 kB
MemFree:         3192120 kB
Active:           466976 kB
Mem:          3.8G       804M       3.0G       5.7M        63M       328M

MemTotal:        4016004 kB
MemFree:         3192740 kB
Active:           466936 kB
Mem:          3.8G       804M       3.0G       5.7M        63M       328M

MemTotal:        4016004 kB
MemFree:         3192244 kB
Active:           466964 kB
Mem:          3.8G       804M       3.0G       5.7M        63M       328M

MemTotal:        4016004 kB
MemFree:         3191996 kB
Active:           466996 kB
Mem:          3.8G       804M       3.0G       5.7M        63M       328M

MemTotal:        4016004 kB
MemFree:         3192244 kB
Active:           466992 kB
Mem:          3.8G       804M       3.0G       5.7M        63M       328M

MemTotal:        4016004 kB
MemFree:         3191872 kB
Active:           466996 kB
Mem:          3.8G       804M       3.0G       5.7M        63M       328M

MemTotal:        4016004 kB
MemFree:         3191680 kB
Active:           464984 kB
Mem:          3.8G       804M       3.0G       5.7M        63M       328M

MemTotal:        4016004 kB
MemFree:         3192116 kB
Active:           464936 kB
Mem:          3.8G       804M       3.0G       5.7M        63M       328M

MemTotal:        4016004 kB
MemFree:         3191868 kB
Active:           467008 kB
Mem:          3.8G       804M       3.0G       5.7M        63M       328M

MemTotal:        4016004 kB
MemFree:         3192240 kB
Active:           466972 kB
Mem:          3.8G       804M       3.0G       5.7M        63M       328M

MemTotal:        4016004 kB
MemFree:         3192116 kB
Active:           466964 kB
Mem:          3.8G       804M       3.0G       5.7M        63M       328M

MemTotal:        4016004 kB
MemFree:         3191992 kB
Active:           467008 kB
Mem:          3.8G       804M       3.0G       5.7M        63M       328M

MemTotal:        4016004 kB
MemFree:         3191992 kB
Active:           467008 kB
Mem:          3.8G       804M       3.0G       5.7M        63M       328M

MemTotal:        4016004 kB
MemFree:         3191868 kB
Active:           467008 kB
Mem:          3.8G       804M       3.0G       5.7M        63M       328M

MemTotal:        4016004 kB
MemFree:         3191868 kB
Active:           467024 kB
Mem:          3.8G       804M       3.0G       5.7M        63M       328M

MemTotal:        4016004 kB
MemFree:         3191868 kB
Active:           467024 kB
Mem:          3.8G       804M       3.0G       5.7M        63M       328M

MemTotal:        4016004 kB
MemFree:         3189944 kB
Active:           467028 kB
Mem:          3.8G       806M       3.0G       5.7M        63M       328M

MemTotal:        4016004 kB
MemFree:         3189944 kB
Active:           469008 kB
Mem:          3.8G       806M       3.0G       5.7M        63M       328M

MemTotal:        4016004 kB
MemFree:         3189696 kB
Active:           469000 kB
Mem:          3.8G       807M       3.0G       5.7M        63M       328M

MemTotal:        4016004 kB
MemFree:         3189200 kB
Active:           469064 kB
Mem:          3.8G       807M       3.0G       5.7M        63M       328M

MemTotal:        4016004 kB
MemFree:         3189696 kB
Active:           469056 kB
Mem:          3.8G       807M       3.0G       5.7M        63M       328M

MemTotal:        4016004 kB
MemFree:         3189944 kB
Active:           469032 kB
Mem:          3.8G       806M       3.0G       5.7M        63M       328M

MemTotal:        4016004 kB
MemFree:         3189944 kB
Active:           469040 kB
Mem:          3.8G       806M       3.0G       5.7M        63M       328M

MemTotal:        4016004 kB
MemFree:         3190316 kB
Active:           469036 kB
Mem:          3.8G       806M       3.0G       5.7M        63M       328M

MemTotal:        4016004 kB
MemFree:         3148276 kB
Active:           469384 kB
Mem:          3.8G       847M       3.0G       5.7M        63M       368M

MemTotal:        4016004 kB
MemFree:         3104036 kB
Active:           469380 kB
Mem:          3.8G       890M       3.0G       5.7M        63M       410M

MemTotal:        4016004 kB
MemFree:         3060152 kB
Active:           469392 kB
Mem:          3.8G       934M       2.9G       5.7M        63M       453M

MemTotal:        4016004 kB
MemFree:         3015168 kB
Active:           469384 kB
Mem:          3.8G       977M       2.9G       5.7M        63M       496M

MemTotal:        4016004 kB
MemFree:         2970804 kB
Active:           469392 kB
Mem:          3.8G       1.0G       2.8G       5.7M        63M       539M

MemTotal:        4016004 kB
MemFree:         2927060 kB
Active:           469356 kB
Mem:          3.8G       1.0G       2.8G       5.7M        63M       581M

MemTotal:        4016004 kB
MemFree:         2882820 kB
Active:           469396 kB
Mem:          3.8G       1.1G       2.7G       5.7M        63M       624M

MemTotal:        4016004 kB
MemFree:         2837828 kB
Active:           469404 kB
Mem:          3.8G       1.1G       2.7G       5.7M        63M       667M

MemTotal:        4016004 kB
MemFree:         2792596 kB
Active:           469408 kB
Mem:          3.8G       1.2G       2.7G       5.7M        63M       710M

MemTotal:        4016004 kB
MemFree:         2748872 kB
Active:           469408 kB
Mem:          3.8G       1.2G       2.6G       5.7M        63M       753M

MemTotal:        4016004 kB
MemFree:         2737736 kB
Active:           469416 kB
Mem:          3.8G       1.2G       2.6G       5.7M        63M       763M

MemTotal:        4016004 kB
MemFree:         2699200 kB
Active:           469396 kB
Mem:          3.8G       1.3G       2.6G       5.7M        63M       801M

MemTotal:        4016004 kB
MemFree:         2654280 kB
Active:           469436 kB
Mem:          3.8G       1.3G       2.5G       5.7M        63M       843M

MemTotal:        4016004 kB
MemFree:         2609756 kB
Active:           469440 kB
Mem:          3.8G       1.3G       2.5G       5.7M        63M       886M

MemTotal:        4016004 kB
MemFree:         2565676 kB
Active:           469392 kB
Mem:          3.8G       1.4G       2.4G       5.7M        63M       928M

MemTotal:        4016004 kB
MemFree:         2520696 kB
Active:           469448 kB
Mem:          3.8G       1.4G       2.4G       5.7M        63M       971M

MemTotal:        4016004 kB
MemFree:         2476704 kB
Active:           469456 kB
Mem:          3.8G       1.5G       2.4G       5.7M        63M       1.0G

MemTotal:        4016004 kB
MemFree:         2432712 kB
Active:           469428 kB
Mem:          3.8G       1.5G       2.3G       5.7M        63M       1.0G

MemTotal:        4016004 kB
MemFree:         2387852 kB
Active:           469460 kB
Mem:          3.8G       1.6G       2.3G       5.7M        63M       1.1G

MemTotal:        4016004 kB
MemFree:         2343112 kB
Active:           469404 kB
Mem:          3.8G       1.6G       2.2G       5.7M        63M       1.1G

MemTotal:        4016004 kB
MemFree:         2298736 kB
Active:           469452 kB
Mem:          3.8G       1.6G       2.2G       5.7M        63M       1.2G

MemTotal:        4016004 kB
MemFree:         2286408 kB
Active:           469468 kB
Mem:          3.8G       1.6G       2.2G       5.7M        63M       1.2G

MemTotal:        4016004 kB
MemFree:         2241628 kB
Active:           471528 kB
Mem:          3.8G       1.7G       2.1G       5.7M        63M       1.2G

MemTotal:        4016004 kB
MemFree:         2196832 kB
Active:           471504 kB
Mem:          3.8G       1.7G       2.1G       5.7M        63M       1.3G

MemTotal:        4016004 kB
MemFree:         2153344 kB
Active:           471504 kB
Mem:          3.8G       1.8G       2.1G       5.7M        63M       1.3G

MemTotal:        4016004 kB
MemFree:         2108828 kB
Active:           471504 kB
Mem:          3.8G       1.8G       2.0G       5.7M        63M       1.3G

MemTotal:        4016004 kB
MemFree:         2065364 kB
Active:           471476 kB
Mem:          3.8G       1.9G       2.0G       5.7M        63M       1.4G

MemTotal:        4016004 kB
MemFree:         2021248 kB
Active:           471472 kB
Mem:          3.8G       1.9G       1.9G       5.7M        63M       1.4G

MemTotal:        4016004 kB
MemFree:         1976744 kB
Active:           471476 kB
Mem:          3.8G       1.9G       1.9G       5.7M        63M       1.5G

MemTotal:        4016004 kB
MemFree:         1932628 kB
Active:           471520 kB
Mem:          3.8G       2.0G       1.8G       5.7M        63M       1.5G

MemTotal:        4016004 kB
MemFree:         1887672 kB
Active:           471504 kB
Mem:          3.8G       2.0G       1.8G       5.7M        63M       1.5G

MemTotal:        4016004 kB
MemFree:         1843032 kB
Active:           471512 kB
Mem:          3.8G       2.1G       1.8G       5.7M        63M       1.6G

MemTotal:        4016004 kB
MemFree:         1831444 kB
Active:           471540 kB
Mem:          3.8G       2.1G       1.7G       5.7M        63M       1.6G

MemTotal:        4016004 kB
MemFree:         1826228 kB
Active:           471500 kB
Mem:          3.8G       2.1G       1.7G       5.7M        63M       1.6G

MemTotal:        4016004 kB
MemFree:         1782140 kB
Active:           471564 kB
Mem:          3.8G       2.1G       1.7G       5.7M        63M       1.6G

MemTotal:        4016004 kB
MemFree:         1738492 kB
Active:           471552 kB
Mem:          3.8G       2.2G       1.7G       5.7M        63M       1.7G

MemTotal:        4016004 kB
MemFree:         1694476 kB
Active:           471520 kB
Mem:          3.8G       2.2G       1.6G       5.7M        63M       1.7G

MemTotal:        4016004 kB
MemFree:         1649384 kB
Active:           471540 kB
Mem:          3.8G       2.3G       1.6G       5.7M        63M       1.8G

MemTotal:        4016004 kB
MemFree:         1605268 kB
Active:           471520 kB
Mem:          3.8G       2.3G       1.5G       5.7M        63M       1.8G

MemTotal:        4016004 kB
MemFree:         1560888 kB
Active:           471576 kB
Mem:          3.8G       2.3G       1.5G       5.7M        63M       1.8G

MemTotal:        4016004 kB
MemFree:         1516880 kB
Active:           471584 kB
Mem:          3.8G       2.4G       1.4G       5.7M        63M       1.9G

MemTotal:        4016004 kB
MemFree:         1482452 kB
Active:           471588 kB
Mem:          3.8G       2.4G       1.4G       5.7M        63M       1.9G

MemTotal:        4016004 kB
MemFree:         1463368 kB
Active:           471584 kB
Mem:          3.8G       2.4G       1.4G       5.7M        63M       1.9G

MemTotal:        4016004 kB
MemFree:         1418076 kB
Active:           471604 kB
Mem:          3.8G       2.5G       1.4G       5.7M        63M       2.0G

MemTotal:        4016004 kB
MemFree:         1380940 kB
Active:           471576 kB
Mem:          3.8G       2.5G       1.3G       5.7M        63M       2.0G

MemTotal:        4016004 kB
MemFree:         1380372 kB
Active:           471564 kB
Mem:          3.8G       2.5G       1.3G       5.7M        63M       2.0G

MemTotal:        4016004 kB
MemFree:         1380468 kB
Active:           471592 kB
Mem:          3.8G       2.5G       1.3G       5.7M        63M       2.0G

MemTotal:        4016004 kB
MemFree:         1379640 kB
Active:           471568 kB
Mem:          3.8G       2.5G       1.3G       5.7M        63M       2.0G

MemTotal:        4016004 kB
MemFree:         1334616 kB
Active:           471632 kB
Mem:          3.8G       2.6G       1.3G       5.7M        63M       2.1G

MemTotal:        4016004 kB
MemFree:         1290004 kB
Active:           471636 kB
Mem:          3.8G       2.6G       1.2G       5.7M        63M       2.1G

MemTotal:        4016004 kB
MemFree:         1245268 kB
Active:           471636 kB
Mem:          3.8G       2.6G       1.2G       5.7M        63M       2.1G

MemTotal:        4016004 kB
MemFree:         1201524 kB
Active:           471600 kB
Mem:          3.8G       2.7G       1.1G       5.7M        63M       2.2G

MemTotal:        4016004 kB
MemFree:         1157036 kB
Active:           471628 kB
Mem:          3.8G       2.7G       1.1G       5.7M        63M       2.2G

MemTotal:        4016004 kB
MemFree:         1112920 kB
Active:           471636 kB
Mem:          3.8G       2.8G       1.1G       5.7M        63M       2.3G

MemTotal:        4016004 kB
MemFree:         1068432 kB
Active:           471616 kB
Mem:          3.8G       2.8G       1.0G       5.7M        63M       2.3G

MemTotal:        4016004 kB
MemFree:         1024192 kB
Active:           471612 kB
Mem:          3.8G       2.9G       999M       5.7M        63M       2.4G

MemTotal:        4016004 kB
MemFree:          978912 kB
Active:           471648 kB
Mem:          3.8G       2.9G       956M       5.7M        63M       2.4G

MemTotal:        4016004 kB
MemFree:          935356 kB
Active:           471624 kB
Mem:          3.8G       2.9G       912M       5.7M        63M       2.4G

MemTotal:        4016004 kB
MemFree:          890420 kB
Active:           471652 kB
Mem:          3.8G       3.0G       869M       5.7M        63M       2.5G

MemTotal:        4016004 kB
MemFree:          845180 kB
Active:           471664 kB
Mem:          3.8G       3.0G       825M       5.7M        63M       2.5G

MemTotal:        4016004 kB
MemFree:          801192 kB
Active:           471620 kB
Mem:          3.8G       3.1G       740M       5.7M        63M       2.6G

MemTotal:        4016004 kB
MemFree:          756680 kB
Active:           471620 kB
Mem:          3.8G       3.1G       738M       5.7M        63M       2.6G

MemTotal:        4016004 kB
MemFree:          712520 kB
Active:           471632 kB
Mem:          3.8G       3.2G       696M       5.7M        63M       2.6G

MemTotal:        4016004 kB
MemFree:          667520 kB
Active:           471676 kB
Mem:          3.8G       3.2G       651M       5.7M        63M       2.7G

MemTotal:        4016004 kB
MemFree:          622660 kB
Active:           471636 kB
Mem:          3.8G       3.2G       607M       5.7M        63M       2.7G

MemTotal:        4016004 kB
MemFree:          597192 kB
Active:           471628 kB
Mem:          3.8G       3.3G       582M       5.7M        63M       2.8G

MemTotal:        4016004 kB
MemFree:          571008 kB
Active:           471668 kB
Mem:          3.8G       3.3G       557M       5.7M        63M       2.8G

MemTotal:        4016004 kB
MemFree:          526508 kB
Active:           471668 kB
Mem:          3.8G       3.3G       513M       5.7M        63M       2.8G

MemTotal:        4016004 kB
MemFree:          481520 kB
Active:           471716 kB
Mem:          3.8G       3.4G       470M       5.7M        63M       2.9G

MemTotal:        4016004 kB
MemFree:          436320 kB
Active:           471716 kB
Mem:          3.8G       3.4G       426M       5.7M        63M       2.9G

MemTotal:        4016004 kB
MemFree:          397340 kB
Active:           471720 kB
Mem:          3.8G       3.5G       388M       5.7M        63M       2.9G

MemTotal:        4016004 kB
MemFree:          396888 kB
Active:           471720 kB
Mem:          3.8G       3.5G       387M       5.7M        63M       2.9G

MemTotal:        4016004 kB
MemFree:          387132 kB
Active:           471668 kB
Mem:          3.8G       3.5G       377M       5.7M        63M       3.0G

MemTotal:        4016004 kB
MemFree:          343608 kB
Active:           471740 kB
Mem:          3.8G       3.5G       335M       5.7M        63M       3.0G

MemTotal:        4016004 kB
MemFree:          299080 kB
Active:           471684 kB
Mem:          3.8G       3.5G       292M       5.7M        63M       3.0G

MemTotal:        4016004 kB
MemFree:          254408 kB
Active:           471744 kB
Mem:          3.8G       3.6G       248M       5.7M        63M       3.1G

MemTotal:        4016004 kB
MemFree:          209796 kB
Active:           471728 kB
Mem:          3.8G       3.6G       204M       5.7M        63M       3.1G

MemTotal:        4016004 kB
MemFree:          166424 kB
Active:           471712 kB
Mem:          3.8G       3.7G       161M       5.7M        63M       3.2G

MemTotal:        4016004 kB
MemFree:          122060 kB
Active:           471752 kB
Mem:          3.8G       3.7G       118M       5.7M        63M       3.2G

MemTotal:        4016004 kB
MemFree:          119752 kB
Active:           473224 kB
Mem:          3.8G       3.7G       129M       5.7M        30M       3.2G

MemTotal:        4016004 kB
MemFree:          106648 kB
Active:           480532 kB
Mem:          3.8G       3.7G       103M       5.7M        30M       3.2G

MemTotal:        4016004 kB
MemFree:          123016 kB
Active:           486852 kB
Mem:          3.8G       3.7G       119M       5.7M        30M       3.2G

MemTotal:        4016004 kB
MemFree:          130260 kB
Active:           531776 kB
Mem:          3.8G       3.7G       126M       5.7M        30M       3.2G

MemTotal:        4016004 kB
MemFree:          125084 kB
Active:           531064 kB
Mem:          3.8G       3.7G       103M       5.7M        30M       3.2G

MemTotal:        4016004 kB
MemFree:          128148 kB
Active:           516788 kB
Mem:          3.8G       3.7G       125M       5.7M        30M       3.2G

MemTotal:        4016004 kB
MemFree:          118296 kB
Active:           516640 kB
Mem:          3.8G       3.7G       115M       5.7M        30M       3.2G

MemTotal:        4016004 kB
MemFree:          114856 kB
Active:           512756 kB
Mem:          3.8G       3.7G       111M       5.7M        30M       3.2G

MemTotal:        4016004 kB
MemFree:          134556 kB
Active:           504240 kB
Mem:          3.8G       3.7G       131M       5.7M        30M       3.2G

MemTotal:        4016004 kB
MemFree:          120600 kB
Active:           501152 kB
Mem:          3.8G       3.7G       117M       5.7M        30M       3.2G

MemTotal:        4016004 kB
MemFree:          104756 kB
Active:           498104 kB
Mem:          3.8G       3.7G       109M       5.7M        30M       3.2G

MemTotal:        4016004 kB
MemFree:          125476 kB
Active:           491536 kB
Mem:          3.8G       3.7G       122M       5.7M        30M       3.2G

MemTotal:        4016004 kB
MemFree:          107772 kB
Active:           488884 kB
Mem:          3.8G       3.7G       105M       5.7M        30M       3.2G

MemTotal:        4016004 kB
MemFree:          135440 kB
Active:           485576 kB
Mem:          3.8G       3.7G       132M       5.7M        30M       3.2G

MemTotal:        4016004 kB
MemFree:          121916 kB
Active:           484544 kB
Mem:          3.8G       3.7G       118M       5.7M        30M       3.2G

MemTotal:        4016004 kB
MemFree:          118804 kB
Active:           484544 kB
Mem:          3.8G       3.7G       116M       5.7M        30M       3.2G

MemTotal:        4016004 kB
MemFree:          119288 kB
Active:           484544 kB
Mem:          3.8G       3.7G       115M       5.7M        30M       3.2G

MemTotal:        4016004 kB
MemFree:          119292 kB
Active:           484572 kB
Mem:          3.8G       3.7G       116M       5.7M        30M       3.2G

MemTotal:        4016004 kB
MemFree:          119236 kB
Active:           484544 kB
Mem:          3.8G       3.7G       116M       5.7M        30M       3.2G

MemTotal:        4016004 kB
MemFree:          112060 kB
Active:           483444 kB
Mem:          3.8G       3.7G       109M       5.7M        30M       3.2G

MemTotal:        4016004 kB
MemFree:          127688 kB
Active:           481780 kB
Mem:          3.8G       3.7G       124M       5.7M        30M       3.2G

MemTotal:        4016004 kB
MemFree:          121012 kB
Active:           480116 kB
Mem:          3.8G       3.7G       117M       5.7M        30M       3.2G

MemTotal:        4016004 kB
MemFree:          127100 kB
Active:           478712 kB
Mem:          3.8G       3.7G       124M       5.7M        30M       3.2G

MemTotal:        4016004 kB
MemFree:          123920 kB
Active:           477052 kB
Mem:          3.8G       3.7G       120M       5.7M        30M       3.2G

MemTotal:        4016004 kB
MemFree:          105720 kB
Active:           476164 kB
Mem:          3.8G       3.7G       102M       5.7M        30M       3.2G

MemTotal:        4016004 kB
MemFree:          133812 kB
Active:           471860 kB
Mem:          3.8G       3.7G       130M       5.7M        30M       3.2G

MemTotal:        4016004 kB
MemFree:          118744 kB
Active:           470836 kB
Mem:          3.8G       3.7G       115M       5.7M        30M       3.2G

MemTotal:        4016004 kB
MemFree:          110124 kB
Active:           469684 kB
Mem:          3.8G       3.7G       106M       5.7M        30M       3.2G

MemTotal:        4016004 kB
MemFree:          126540 kB
Active:           468028 kB
Mem:          3.8G       3.7G       123M       5.7M        30M       3.2G

MemTotal:        4016004 kB
MemFree:          105112 kB
Active:           467260 kB
Mem:          3.8G       3.7G       102M       5.7M        30M       3.2G

MemTotal:        4016004 kB
MemFree:          114656 kB
Active:           466108 kB
Mem:          3.8G       3.7G       111M       5.7M        30M       3.2G

MemTotal:        4016004 kB
MemFree:          114760 kB
Active:           466104 kB
Mem:          3.8G       3.7G       112M       5.7M        30M       3.2G

MemTotal:        4016004 kB
MemFree:          114920 kB
Active:           466124 kB
Mem:          3.8G       3.7G       112M       5.7M        30M       3.2G

MemTotal:        4016004 kB
MemFree:          114860 kB
Active:           466128 kB
Mem:          3.8G       3.7G       111M       5.7M        30M       3.2G

MemTotal:        4016004 kB
MemFree:          136732 kB
Active:           464308 kB
Mem:          3.8G       3.7G       133M       5.7M        30M       3.2G

MemTotal:        4016004 kB
MemFree:          129704 kB
Active:           462796 kB
Mem:          3.8G       3.7G       126M       5.7M        30M       3.2G

MemTotal:        4016004 kB
MemFree:          109528 kB
Active:           462176 kB
Mem:          3.8G       3.7G       106M       5.7M        30M       3.2G

MemTotal:        4016004 kB
MemFree:          118112 kB
Active:           460132 kB
Mem:          3.8G       3.7G       114M       5.7M        30M       3.2G

MemTotal:        4016004 kB
MemFree:          109088 kB
Active:           458984 kB
Mem:          3.8G       3.7G       106M       5.7M        30M       3.2G

MemTotal:        4016004 kB
MemFree:          130196 kB
Active:           456752 kB
Mem:          3.8G       3.7G       127M       5.7M        30M       3.2G

MemTotal:        4016004 kB
MemFree:          121512 kB
Active:           455608 kB
Mem:          3.8G       3.7G       118M       5.7M        30M       3.2G

MemTotal:        4016004 kB
MemFree:          123648 kB
Active:           453692 kB
Mem:          3.8G       3.7G       120M       5.7M        30M       3.2G

MemTotal:        4016004 kB
MemFree:          126128 kB
Active:           449824 kB
Mem:          3.8G       3.7G       122M       5.7M        30M       3.2G

MemTotal:        4016004 kB
MemFree:          111480 kB
Active:           448808 kB
Mem:          3.8G       3.7G       108M       5.7M        30M       3.2G

MemTotal:        4016004 kB
MemFree:          126516 kB
Active:           447144 kB
Mem:          3.8G       3.7G       122M       5.7M        30M       3.2G

MemTotal:        4016004 kB
MemFree:          123896 kB
Active:           445456 kB
Mem:          3.8G       3.7G       119M       5.7M        30M       3.2G

MemTotal:        4016004 kB
MemFree:          105708 kB
Active:           445432 kB
Mem:          3.8G       3.7G       103M       5.7M        30M       3.2G

MemTotal:        4016004 kB
MemFree:          105836 kB
Active:           445452 kB
Mem:          3.8G       3.7G       103M       5.7M        30M       3.2G

MemTotal:        4016004 kB
MemFree:          106056 kB
Active:           445448 kB
Mem:          3.8G       3.7G       103M       5.7M        30M       3.2G

MemTotal:        4016004 kB
MemFree:          138472 kB
Active:           443852 kB
Mem:          3.8G       3.7G       134M       5.7M        30M       3.2G

MemTotal:        4016004 kB
MemFree:          129868 kB
Active:           442680 kB
Mem:          3.8G       3.7G       127M       5.7M        30M       3.2G

MemTotal:        4016004 kB
MemFree:          121340 kB
Active:           441548 kB
Mem:          3.8G       3.7G       118M       5.7M        30M       3.2G

MemTotal:        4016004 kB
MemFree:          123600 kB
Active:           439628 kB
Mem:          3.8G       3.7G       120M       5.7M        30M       3.2G

MemTotal:        4016004 kB
MemFree:          114312 kB
Active:           438476 kB
Mem:          3.8G       3.7G       111M       5.7M        30M       3.2G

MemTotal:        4016004 kB
MemFree:          130144 kB
Active:           436564 kB
Mem:          3.8G       3.7G       126M       5.7M        30M       3.2G

MemTotal:        4016004 kB
MemFree:          121312 kB
Active:           435412 kB
Mem:          3.8G       3.7G       118M       5.7M        30M       3.2G

MemTotal:        4016004 kB
MemFree:          125264 kB
Active:           433712 kB
Mem:          3.8G       3.7G       122M       5.7M        30M       3.2G

MemTotal:        4016004 kB
MemFree:          116548 kB
Active:           432596 kB
Mem:          3.8G       3.7G       113M       5.7M        30M       3.2G

MemTotal:        4016004 kB
MemFree:          107544 kB
Active:           431448 kB
Mem:          3.8G       3.7G       104M       5.7M        30M       3.2G

MemTotal:        4016004 kB
MemFree:          128528 kB
Active:           429260 kB
Mem:          3.8G       3.7G       125M       5.7M        30M       3.2G

MemTotal:        4016004 kB
MemFree:          125144 kB
Active:           427868 kB
Mem:          3.8G       3.7G       122M       5.7M        30M       3.2G

MemTotal:        4016004 kB
MemFree:          127284 kB
Active:           427376 kB
Mem:          3.8G       3.7G       124M       5.7M        30M       3.2G

MemTotal:        4016004 kB
MemFree:          128156 kB
Active:           427348 kB
Mem:          3.8G       3.7G       125M       5.7M        30M       3.2G

MemTotal:        4016004 kB
MemFree:          128284 kB
Active:           427348 kB
Mem:          3.8G       3.7G       125M       5.7M        30M       3.2G

MemTotal:        4016004 kB
MemFree:          128136 kB
Active:           427344 kB
Mem:          3.8G       3.7G       125M       5.7M        30M       3.2G

MemTotal:        4016004 kB
MemFree:          123408 kB
Active:           426232 kB
Mem:          3.8G       3.7G       120M       5.7M        30M       3.2G

MemTotal:        4016004 kB
MemFree:          105208 kB
Active:           425352 kB
Mem:          3.8G       3.7G       102M       5.7M        30M       3.2G

MemTotal:        4016004 kB
MemFree:          126564 kB
Active:           423180 kB
Mem:          3.8G       3.7G       123M       5.7M        30M       3.2G

MemTotal:        4016004 kB
MemFree:          111340 kB
Active:           422160 kB
Mem:          3.8G       3.7G       108M       5.7M        30M       3.2G

MemTotal:        4016004 kB
MemFree:          126604 kB
Active:           418572 kB
Mem:          3.8G       3.7G       123M       5.7M        30M       3.2G

MemTotal:        4016004 kB
MemFree:          123268 kB
Active:           416912 kB
Mem:          3.8G       3.7G       120M       5.7M        30M       3.2G

MemTotal:        4016004 kB
MemFree:          128240 kB
Active:           415632 kB
Mem:          3.8G       3.7G       124M       5.7M        30M       3.2G

MemTotal:        4016004 kB
MemFree:          125212 kB
Active:           413972 kB
Mem:          3.8G       3.7G       122M       5.7M        30M       3.2G

MemTotal:        4016004 kB
MemFree:          107356 kB
Active:           413084 kB
Mem:          3.8G       3.7G       105M       5.7M        30M       3.2G

MemTotal:        4016004 kB
MemFree:          128548 kB
Active:           410908 kB
Mem:          3.8G       3.7G       125M       5.7M        30M       3.2G

MemTotal:        4016004 kB
MemFree:          119784 kB
Active:           407720 kB
Mem:          3.8G       3.7G       116M       5.7M        30M       3.2G

MemTotal:        4016004 kB
MemFree:          107192 kB
Active:           407720 kB
Mem:          3.8G       3.7G       104M       5.7M        30M       3.2G

MemTotal:        4016004 kB
MemFree:          128048 kB
Active:           403516 kB
Mem:          3.8G       3.7G       124M       5.7M        30M       3.2G

MemTotal:        4016004 kB
MemFree:          124872 kB
Active:           402108 kB
Mem:          3.8G       3.7G       122M       5.7M        30M       3.2G

MemTotal:        4016004 kB
MemFree:          144036 kB
Active:           400036 kB
Mem:          3.8G       3.7G       140M       5.7M        30M       3.2G

MemTotal:        4016004 kB
MemFree:          135608 kB
Active:           399680 kB
Mem:          3.8G       3.7G       132M       5.7M        30M       3.2G

MemTotal:        4016004 kB
MemFree:          126820 kB
Active:           399444 kB
Mem:          3.8G       3.7G       124M       5.7M        30M       3.2G

MemTotal:        4016004 kB
MemFree:          134164 kB
Active:           399468 kB
Mem:          3.8G       3.7G       130M       5.7M        30M       3.2G

MemTotal:        4016004 kB
MemFree:          113608 kB
Active:           399456 kB
Mem:          3.8G       3.7G       111M       5.7M        30M       3.2G

MemTotal:        4016004 kB
MemFree:          105932 kB
Active:           399476 kB
Mem:          3.8G       3.7G       102M       5.7M        30M       3.2G

MemTotal:        4016004 kB
MemFree:          126112 kB
Active:           399352 kB
Mem:          3.8G       3.7G       122M       5.7M        30M       3.2G

MemTotal:        4016004 kB
MemFree:          131616 kB
Active:           399364 kB
Mem:          3.8G       3.7G       128M       5.7M        30M       3.2G

MemTotal:        4016004 kB
MemFree:          111204 kB
Active:           399300 kB
Mem:          3.8G       3.7G       108M       5.7M        30M       3.2G

MemTotal:        4016004 kB
MemFree:          127028 kB
Active:           399312 kB
Mem:          3.8G       3.7G       124M       5.7M        30M       3.2G

MemTotal:        4016004 kB
MemFree:          117536 kB
Active:           399336 kB
Mem:          3.8G       3.7G       114M       5.7M        30M       3.2G

MemTotal:        4016004 kB
MemFree:          111084 kB
Active:           399348 kB
Mem:          3.8G       3.7G       108M       5.7M        30M       3.2G

MemTotal:        4016004 kB
MemFree:          127252 kB
Active:           399352 kB
Mem:          3.8G       3.7G       124M       5.7M        30M       3.2G

MemTotal:        4016004 kB
MemFree:          135708 kB
Active:           399328 kB
Mem:          3.8G       3.7G       132M       5.7M        30M       3.2G

MemTotal:        4016004 kB
MemFree:          121416 kB
Active:           400480 kB
Mem:          3.8G       3.7G       118M       5.7M        30M       3.2G

MemTotal:        4016004 kB
MemFree:          112164 kB
Active:           400508 kB
Mem:          3.8G       3.7G       109M       5.7M        30M       3.2G

MemTotal:        4016004 kB
MemFree:          133360 kB
Active:           400524 kB
Mem:          3.8G       3.7G       130M       5.7M        30M       3.2G

MemTotal:        4016004 kB
MemFree:          119644 kB
Active:           400388 kB
Mem:          3.8G       3.7G       116M       5.7M        30M       3.2G

MemTotal:        4016004 kB
MemFree:          109484 kB
Active:           400400 kB
Mem:          3.8G       3.7G       106M       5.7M        30M       3.2G

MemTotal:        4016004 kB
MemFree:          125448 kB
Active:           400560 kB
Mem:          3.8G       3.7G       121M       5.7M        30M       3.2G

MemTotal:        4016004 kB
MemFree:          122560 kB
Active:           400292 kB
Mem:          3.8G       3.7G       119M       5.7M        30M       3.2G

MemTotal:        4016004 kB
MemFree:          125564 kB
Active:           400280 kB
Mem:          3.8G       3.7G       122M       5.7M        30M       3.2G

MemTotal:        4016004 kB
MemFree:          113356 kB
Active:           400296 kB
Mem:          3.8G       3.7G       109M       5.7M        30M       3.2G

MemTotal:        4016004 kB
MemFree:          128000 kB
Active:           400312 kB
Mem:          3.8G       3.7G       125M       5.7M        30M       3.2G

MemTotal:        4016004 kB
MemFree:          119600 kB
Active:           400284 kB
Mem:          3.8G       3.7G       116M       5.7M        30M       3.2G

MemTotal:        4016004 kB
MemFree:          106584 kB
Active:           400284 kB
Mem:          3.8G       3.7G       104M       5.7M        30M       3.2G

MemTotal:        4016004 kB
MemFree:          128264 kB
Active:           400292 kB
Mem:          3.8G       3.7G       125M       5.7M        30M       3.2G

MemTotal:        4016004 kB
MemFree:          119804 kB
Active:           400240 kB
Mem:          3.8G       3.7G       116M       5.7M        30M       3.2G

MemTotal:        4016004 kB
MemFree:          131240 kB
Active:           400256 kB
Mem:          3.8G       3.7G       128M       5.7M        30M       3.2G

MemTotal:        4016004 kB
MemFree:          122588 kB
Active:           400296 kB
Mem:          3.8G       3.7G       119M       5.7M        30M       3.2G

MemTotal:        4016004 kB
MemFree:          113316 kB
Active:           400300 kB
Mem:          3.8G       3.7G       110M       5.7M        30M       3.2G

MemTotal:        4016004 kB
MemFree:          133960 kB
Active:           400304 kB
Mem:          3.8G       3.7G       130M       5.7M        30M       3.2G

MemTotal:        4016004 kB
MemFree:          119824 kB
Active:           394480 kB
Mem:          3.8G       3.7G       117M       5.7M        30M       3.2G

MemTotal:        4016004 kB
MemFree:          116268 kB
Active:           394476 kB
Mem:          3.8G       3.7G       112M       5.7M        30M       3.2G

MemTotal:        4016004 kB
MemFree:          106516 kB
Active:           394504 kB
Mem:          3.8G       3.7G       104M       5.7M        30M       3.2G

MemTotal:        4016004 kB
MemFree:          134076 kB
Active:           394496 kB
Mem:          3.8G       3.7G       130M       5.7M        30M       3.2G

MemTotal:        4016004 kB
MemFree:          119848 kB
Active:           394500 kB
Mem:          3.8G       3.7G       116M       5.7M        30M       3.2G

MemTotal:        4016004 kB
MemFree:          110952 kB
Active:           394500 kB
Mem:          3.8G       3.7G       108M       5.7M        30M       3.2G

MemTotal:        4016004 kB
MemFree:          127280 kB
Active:           394508 kB
Mem:          3.8G       3.7G       124M       5.7M        30M       3.2G

MemTotal:        4016004 kB
MemFree:          112232 kB
Active:           394504 kB
Mem:          3.8G       3.7G       109M       5.7M        30M       3.2G

MemTotal:        4016004 kB
MemFree:          128236 kB
Active:           393796 kB
Mem:          3.8G       3.7G       125M       5.7M        30M       3.2G

MemTotal:        4016004 kB
MemFree:          124580 kB
Active:           393728 kB
Mem:          3.8G       3.7G       121M       5.7M        30M       3.2G

MemTotal:        4016004 kB
MemFree:          105052 kB
Active:           393672 kB
Mem:          3.8G       3.7G       114M       5.7M        30M       3.2G

MemTotal:        4016004 kB
MemFree:          123272 kB
Active:           393728 kB
Mem:          3.8G       3.7G       119M       5.7M        30M       3.2G

MemTotal:        4016004 kB
MemFree:          105416 kB
Active:           393728 kB
Mem:          3.8G       3.7G       103M       5.7M        30M       3.2G

MemTotal:        4016004 kB
MemFree:          124420 kB
Active:           393740 kB
Mem:          3.8G       3.7G       121M       5.7M        30M       3.2G

MemTotal:        4016004 kB
MemFree:          127348 kB
Active:           393760 kB
Mem:          3.8G       3.7G       124M       5.7M        30M       3.2G

MemTotal:        4016004 kB
MemFree:          113244 kB
Active:           393768 kB
Mem:          3.8G       3.7G       110M       5.7M        30M       3.2G

MemTotal:        4016004 kB
MemFree:          105184 kB
Active:           393768 kB
Mem:          3.8G       3.7G       102M       5.7M        30M       3.2G

MemTotal:        4016004 kB
MemFree:          126424 kB
Active:           393768 kB
Mem:          3.8G       3.7G       122M       5.7M        30M       3.2G

MemTotal:        4016004 kB
MemFree:          107652 kB
Active:           391760 kB
Mem:          3.8G       3.7G       105M       5.7M        30M       3.2G

MemTotal:        4016004 kB
MemFree:          128748 kB
Active:           391772 kB
Mem:          3.8G       3.7G       125M       5.7M        30M       3.2G

MemTotal:        4016004 kB
MemFree:          119736 kB
Active:           391772 kB
Mem:          3.8G       3.7G       116M       5.7M        30M       3.2G

MemTotal:        4016004 kB
MemFree:          111580 kB
Active:           391776 kB
Mem:          3.8G       3.7G       108M       5.7M        30M       3.2G

MemTotal:        4016004 kB
MemFree:          126904 kB
Active:           391776 kB
Mem:          3.8G       3.7G       124M       5.7M        30M       3.2G

MemTotal:        4016004 kB
MemFree:          118936 kB
Active:           391784 kB
Mem:          3.8G       3.7G       115M       5.7M        30M       3.2G

MemTotal:        4016004 kB
MemFree:          130300 kB
Active:           391784 kB
Mem:          3.8G       3.7G       127M       5.7M        30M       3.2G

MemTotal:        4016004 kB
MemFree:          117512 kB
Active:           391784 kB
Mem:          3.8G       3.7G       114M       5.7M        30M       3.2G

MemTotal:        4016004 kB
MemFree:          112160 kB
Active:           391800 kB
Mem:          3.8G       3.7G       109M       5.7M        30M       3.2G

MemTotal:        4016004 kB
MemFree:          134124 kB
Active:           390704 kB
Mem:          3.8G       3.7G       130M       5.7M        30M       3.2G

MemTotal:        4016004 kB
MemFree:          137220 kB
Active:           390660 kB
Mem:          3.8G       3.7G       133M       5.7M        30M       3.2G

MemTotal:        4016004 kB
MemFree:          128156 kB
Active:           390684 kB
Mem:          3.8G       3.7G       125M       5.7M        30M       3.2G

MemTotal:        4016004 kB
MemFree:          128108 kB
Active:           390684 kB
Mem:          3.8G       3.7G       124M       5.7M        30M       3.2G

MemTotal:        4016004 kB
MemFree:          119724 kB
Active:           390640 kB
Mem:          3.8G       3.7G       116M       5.7M        30M       3.2G

MemTotal:        4016004 kB
MemFree:          123348 kB
Active:           390684 kB
Mem:          3.8G       3.7G       120M       5.7M        30M       3.2G

MemTotal:        4016004 kB
MemFree:          126140 kB
Active:           390692 kB
Mem:          3.8G       3.7G       122M       5.7M        30M       3.2G

MemTotal:        4016004 kB
MemFree:          122996 kB
Active:           390696 kB
Mem:          3.8G       3.7G       120M       5.7M        30M       3.2G

MemTotal:        4016004 kB
MemFree:          109216 kB
Active:           390708 kB
Mem:          3.8G       3.7G       106M       5.7M        30M       3.2G

MemTotal:        4016004 kB
MemFree:          128264 kB
Active:           377492 kB
Mem:          3.8G       3.7G       125M       5.7M        30M       3.2G

MemTotal:        4016004 kB
MemFree:          112112 kB
Active:           377296 kB
Mem:          3.8G       3.7G       109M       5.7M        30M       3.2G

MemTotal:        4016004 kB
MemFree:          128132 kB
Active:           377324 kB
Mem:          3.8G       3.7G       125M       5.7M        30M       3.2G

MemTotal:        4016004 kB
MemFree:          124868 kB
Active:           377328 kB
Mem:          3.8G       3.7G       122M       5.7M        30M       3.2G

MemTotal:        4016004 kB
MemFree:          104816 kB
Active:           377328 kB
Mem:          3.8G       3.7G       114M       5.7M        30M       3.2G

MemTotal:        4016004 kB
MemFree:          126108 kB
Active:           377204 kB
Mem:          3.8G       3.7G       123M       5.7M        30M       3.2G

MemTotal:        4016004 kB
MemFree:          107108 kB
Active:           377184 kB
Mem:          3.8G       3.7G       104M       5.7M        30M       3.2G

MemTotal:        4016004 kB
MemFree:          127708 kB
Active:           377204 kB
Mem:          3.8G       3.7G       124M       5.7M        30M       3.2G

MemTotal:        4016004 kB
MemFree:          107784 kB
Active:           377180 kB
Mem:          3.8G       3.7G       105M       5.7M        30M       3.2G

MemTotal:        4016004 kB
MemFree:          123356 kB
Active:           377204 kB
Mem:          3.8G       3.7G       120M       5.7M        30M       3.2G

MemTotal:        4016004 kB
MemFree:          107980 kB
Active:           377224 kB
Mem:          3.8G       3.7G       105M       5.7M        30M       3.2G

MemTotal:        4016004 kB
MemFree:          131588 kB
Active:           375156 kB
Mem:          3.8G       3.7G       128M       5.7M        30M       3.2G

MemTotal:        4016004 kB
MemFree:          131592 kB
Active:           375020 kB
Mem:          3.8G       3.7G       128M       5.7M        30M       3.2G

MemTotal:        4016004 kB
MemFree:          111820 kB
Active:           375024 kB
Mem:          3.8G       3.7G       108M       5.7M        30M       3.2G

MemTotal:        4016004 kB
MemFree:          114360 kB
Active:           375028 kB
Mem:          3.8G       3.7G       111M       5.7M        30M       3.2G

MemTotal:        4016004 kB
MemFree:          123752 kB
Active:           375028 kB
Mem:          3.8G       3.7G       121M       5.7M        30M       3.2G

MemTotal:        4016004 kB
MemFree:          115556 kB
Active:           375028 kB
Mem:          3.8G       3.7G       113M       5.7M        30M       3.2G

MemTotal:        4016004 kB
MemFree:          107464 kB
Active:           375028 kB
Mem:          3.8G       3.7G       104M       5.7M        30M       3.2G

MemTotal:        4016004 kB
MemFree:          109972 kB
Active:           375032 kB
Mem:          3.8G       3.7G       106M       5.7M        30M       3.2G

MemTotal:        4016004 kB
MemFree:          118680 kB
Active:           375036 kB
Mem:          3.8G       3.7G       115M       5.7M        30M       3.2G

MemTotal:        4016004 kB
MemFree:          110012 kB
Active:           375040 kB
Mem:          3.8G       3.7G       107M       5.7M        30M       3.2G

MemTotal:        4016004 kB
MemFree:          114752 kB
Active:           375048 kB
Mem:          3.8G       3.7G       112M       5.7M        30M       3.2G

MemTotal:        4016004 kB
MemFree:          115728 kB
Active:           375056 kB
Mem:          3.8G       3.7G       112M       5.7M        30M       3.2G

MemTotal:        4016004 kB
MemFree:          126124 kB
Active:           372376 kB
Mem:          3.8G       3.7G       122M       5.7M        30M       3.2G

MemTotal:        4016004 kB
MemFree:          130476 kB
Active:           372296 kB
Mem:          3.8G       3.7G       126M       5.7M        30M       3.2G

MemTotal:        4016004 kB
MemFree:          120240 kB
Active:           372296 kB
Mem:          3.8G       3.7G       116M       5.7M        30M       3.2G

MemTotal:        4016004 kB
MemFree:          128780 kB
Active:           372308 kB
Mem:          3.8G       3.7G       125M       5.7M        30M       3.2G

MemTotal:        4016004 kB
MemFree:          121540 kB
Active:           372292 kB
Mem:          3.8G       3.7G       117M       5.7M        30M       3.2G

MemTotal:        4016004 kB
MemFree:          106056 kB
Active:           372288 kB
Mem:          3.8G       3.7G       103M       5.7M        30M       3.2G

MemTotal:        4016004 kB
MemFree:          133236 kB
Active:           372320 kB
Mem:          3.8G       3.7G       130M       5.7M        30M       3.2G

MemTotal:        4016004 kB
MemFree:          126240 kB
Active:           372320 kB
Mem:          3.8G       3.7G       123M       5.7M        30M       3.2G

MemTotal:        4016004 kB
MemFree:          128376 kB
Active:           372320 kB
Mem:          3.8G       3.7G       125M       5.7M        30M       3.2G

MemTotal:        4016004 kB
MemFree:          125484 kB
Active:           372320 kB
Mem:          3.8G       3.7G       122M       5.7M        30M       3.2G

MemTotal:        4016004 kB
MemFree:          104848 kB
Active:           372320 kB
Mem:          3.8G       3.7G       108M       5.7M        30M       3.2G

MemTotal:        4016004 kB
MemFree:          124820 kB
Active:           372328 kB
Mem:          3.8G       3.7G       121M       5.7M        30M       3.2G

MemTotal:        4016004 kB
MemFree:          106712 kB
Active:           372328 kB
Mem:          3.8G       3.7G       104M       5.7M        30M       3.2G

MemTotal:        4016004 kB
MemFree:          104816 kB
Active:           372328 kB
Mem:          3.8G       3.7G       102M       5.7M        30M       3.2G

MemTotal:        4016004 kB
MemFree:          104936 kB
Active:           372348 kB
Mem:          3.8G       3.7G       102M       5.7M        30M       3.2G

MemTotal:        4016004 kB
MemFree:          132344 kB
Active:           369108 kB
Mem:          3.8G       3.7G       129M       5.7M        30M       3.2G

MemTotal:        4016004 kB
MemFree:          113356 kB
Active:           369092 kB
Mem:          3.8G       3.7G       110M       5.7M        30M       3.2G

MemTotal:        4016004 kB
MemFree:          104956 kB
Active:           369100 kB
Mem:          3.8G       3.7G       106M       5.7M        30M       3.2G

MemTotal:        4016004 kB
MemFree:          121724 kB
Active:           369076 kB
Mem:          3.8G       3.7G       118M       5.7M        30M       3.2G

MemTotal:        4016004 kB
MemFree:          106252 kB
Active:           369100 kB
Mem:          3.8G       3.7G       103M       5.7M        30M       3.2G

MemTotal:        4016004 kB
MemFree:          127736 kB
Active:           369128 kB
Mem:          3.8G       3.7G       124M       5.7M        30M       3.2G

MemTotal:        4016004 kB
MemFree:          112756 kB
Active:           369128 kB
Mem:          3.8G       3.7G       109M       5.7M        30M       3.2G

MemTotal:        4016004 kB
MemFree:          127780 kB
Active:           369140 kB
Mem:          3.8G       3.7G       124M       5.7M        30M       3.2G

MemTotal:        4016004 kB
MemFree:          119120 kB
Active:           369140 kB
Mem:          3.8G       3.7G       115M       5.7M        30M       3.2G

MemTotal:        4016004 kB
MemFree:          118440 kB
Active:           369140 kB
Mem:          3.8G       3.7G       115M       5.7M        30M       3.2G

MemTotal:        4016004 kB
MemFree:          125076 kB
Active:           369144 kB
Mem:          3.8G       3.7G       121M       5.7M        30M       3.2G

MemTotal:        4016004 kB
MemFree:          111588 kB
Active:           369152 kB
Mem:          3.8G       3.7G       109M       5.7M        30M       3.2G

MemTotal:        4016004 kB
MemFree:          121852 kB
Active:           369108 kB
Mem:          3.8G       3.7G       119M       5.7M        30M       3.2G

MemTotal:        4016004 kB
MemFree:          109068 kB
Active:           369156 kB
Mem:          3.8G       3.7G       106M       5.7M        30M       3.2G

MemTotal:        4016004 kB
MemFree:          115336 kB
Active:           369176 kB
Mem:          3.8G       3.7G       112M       5.7M        30M       3.2G

MemTotal:        4016004 kB
MemFree:          124612 kB
Active:           369176 kB
Mem:          3.8G       3.7G       121M       5.7M        30M       3.2G

MemTotal:        4016004 kB
MemFree:          108516 kB
Active:           369176 kB
Mem:          3.8G       3.7G       105M       5.7M        30M       3.2G

MemTotal:        4016004 kB
MemFree:          118148 kB
Active:           364752 kB
Mem:          3.8G       3.7G       115M       5.7M        30M       3.2G

MemTotal:        4016004 kB
MemFree:          109996 kB
Active:           364764 kB
Mem:          3.8G       3.7G       106M       5.7M        30M       3.2G

MemTotal:        4016004 kB
MemFree:          125420 kB
Active:           364808 kB
Mem:          3.8G       3.7G       122M       5.7M        31M       3.2G

MemTotal:        4016004 kB
MemFree:          122204 kB
Active:           364816 kB
Mem:          3.8G       3.7G       119M       5.7M        31M       3.2G

MemTotal:        4016004 kB
MemFree:          113680 kB
Active:           364812 kB
Mem:          3.8G       3.7G       110M       5.7M        31M       3.2G

MemTotal:        4016004 kB
MemFree:          116928 kB
Active:           364816 kB
Mem:          3.8G       3.7G       114M       5.7M        31M       3.2G

MemTotal:        4016004 kB
MemFree:          133264 kB
Active:           364816 kB
Mem:          3.8G       3.7G       129M       5.7M        31M       3.2G

MemTotal:        4016004 kB
MemFree:          135188 kB
Active:           364796 kB
Mem:          3.8G       3.7G       132M       5.7M        31M       3.2G

MemTotal:        4016004 kB
MemFree:          126076 kB
Active:           364808 kB
Mem:          3.8G       3.7G       122M       5.7M        31M       3.2G

MemTotal:        4016004 kB
MemFree:          122596 kB
Active:           364840 kB
Mem:          3.8G       3.7G       119M       5.7M        31M       3.2G

MemTotal:        4016004 kB
MemFree:          115172 kB
Active:           364788 kB
Mem:          3.8G       3.7G       112M       5.7M        31M       3.2G

MemTotal:        4016004 kB
MemFree:          124928 kB
Active:           364836 kB
Mem:          3.8G       3.7G       122M       5.7M        31M       3.2G

MemTotal:        4016004 kB
MemFree:          122148 kB
Active:           364784 kB
Mem:          3.8G       3.7G       119M       5.7M        31M       3.2G

MemTotal:        4016004 kB
MemFree:          120780 kB
Active:           364804 kB
Mem:          3.8G       3.7G       125M       5.7M        31M       3.2G

MemTotal:        4016004 kB
MemFree:          125884 kB
Active:           364848 kB
Mem:          3.8G       3.7G       122M       5.7M        31M       3.2G

MemTotal:        4016004 kB
MemFree:          125580 kB
Active:           364548 kB
Mem:          3.8G       3.7G       122M       5.7M        31M       3.2G

MemTotal:        4016004 kB
MemFree:          126076 kB
Active:           364500 kB
Mem:          3.8G       3.7G       122M       5.7M        31M       3.2G

MemTotal:        4016004 kB
MemFree:          126076 kB
Active:           364508 kB
Mem:          3.8G       3.7G       122M       5.7M        31M       3.2G

MemTotal:        4016004 kB
MemFree:          126200 kB
Active:           364500 kB
Mem:          3.8G       3.7G       123M       5.7M        31M       3.2G

MemTotal:        4016004 kB
MemFree:          126076 kB
Active:           364552 kB
Mem:          3.8G       3.7G       123M       5.7M        31M       3.2G

MemTotal:        4016004 kB
MemFree:          125828 kB
Active:           364564 kB
Mem:          3.8G       3.7G       123M       5.7M        31M       3.2G

MemTotal:        4016004 kB
MemFree:          126200 kB
Active:           364528 kB
Mem:          3.8G       3.7G       123M       5.7M        31M       3.2G

MemTotal:        4016004 kB
MemFree:          125828 kB
Active:           364564 kB
Mem:          3.8G       3.7G       123M       5.7M        31M       3.2G

MemTotal:        4016004 kB
MemFree:          125828 kB
Active:           364564 kB
Mem:          3.8G       3.7G       122M       5.7M        31M       3.2G

MemTotal:        4016004 kB
MemFree:          125828 kB
Active:           364524 kB
Mem:          3.8G       3.7G       122M       5.7M        31M       3.2G

MemTotal:        4016004 kB
MemFree:          125952 kB
Active:           364520 kB
Mem:          3.8G       3.7G       122M       5.7M        31M       3.2G

MemTotal:        4016004 kB
MemFree:          125828 kB
Active:           364572 kB
Mem:          3.8G       3.7G       123M       5.7M        31M       3.2G

MemTotal:        4016004 kB
MemFree:          126200 kB
Active:           364524 kB
Mem:          3.8G       3.7G       123M       5.7M        31M       3.2G

MemTotal:        4016004 kB
MemFree:          126076 kB
Active:           364528 kB
Mem:          3.8G       3.7G       123M       5.7M        31M       3.2G

MemTotal:        4016004 kB
MemFree:          125704 kB
Active:           364584 kB
Mem:          3.8G       3.7G       122M       5.7M        31M       3.2G

MemTotal:        4016004 kB
MemFree:          125580 kB
Active:           364584 kB
Mem:          3.8G       3.7G       122M       5.7M        31M       3.2G

MemTotal:        4016004 kB
MemFree:          125704 kB
Active:           364532 kB
Mem:          3.8G       3.7G       122M       5.7M        31M       3.2G

MemTotal:        4016004 kB
MemFree:          125952 kB
Active:           364536 kB
Mem:          3.8G       3.7G       122M       5.7M        31M       3.2G

MemTotal:        4016004 kB
MemFree:          126076 kB
Active:           364560 kB
Mem:          3.8G       3.7G       122M       5.7M        31M       3.2G

MemTotal:        4016004 kB
MemFree:          126076 kB
Active:           364564 kB
Mem:          3.8G       3.7G       123M       5.7M        31M       3.2G

MemTotal:        4016004 kB
MemFree:          126696 kB
Active:           364560 kB
Mem:          3.8G       3.7G       123M       5.7M        31M       3.2G

MemTotal:        4016004 kB
MemFree:          126076 kB
Active:           364592 kB
Mem:          3.8G       3.7G       123M       5.7M        31M       3.2G

MemTotal:        4016004 kB
MemFree:          126572 kB
Active:           364536 kB
Mem:          3.8G       3.7G       123M       5.7M        31M       3.2G

MemTotal:        4016004 kB
MemFree:          126376 kB
Active:           364588 kB
Mem:          3.8G       3.7G       123M       5.7M        31M       3.2G

MemTotal:        4016004 kB
MemFree:          126188 kB
Active:           364588 kB
Mem:          3.8G       3.7G       123M       5.7M        31M       3.2G

MemTotal:        4016004 kB
MemFree:          126008 kB
Active:           364572 kB
Mem:          3.8G       3.7G       122M       5.7M        31M       3.2G

MemTotal:        4016004 kB
MemFree:          125884 kB
Active:           364572 kB
Mem:          3.8G       3.7G       122M       5.7M        31M       3.2G

MemTotal:        4016004 kB
MemFree:          126136 kB
Active:           364560 kB
Mem:          3.8G       3.7G       123M       5.7M        31M       3.2G

MemTotal:        4016004 kB
MemFree:          126136 kB
Active:           364564 kB
Mem:          3.8G       3.7G       123M       5.7M        31M       3.2G

MemTotal:        4016004 kB
MemFree:          126136 kB
Active:           364604 kB
Mem:          3.8G       3.7G       123M       5.7M        31M       3.2G

MemTotal:        4016004 kB
MemFree:          126136 kB
Active:           364608 kB
Mem:          3.8G       3.7G       123M       5.7M        31M       3.2G

MemTotal:        4016004 kB
MemFree:          126136 kB
Active:           364612 kB
