MemTotal:        4016004 kB
MemFree:         3240708 kB
Active:           421892 kB
Mem:          3.8G       757M       3.1G       5.7M        52M       322M

MemTotal:        4016004 kB
MemFree:         3239932 kB
Active:           422288 kB
Mem:          3.8G       758M       3.1G       5.7M        52M       322M

MemTotal:        4016004 kB
MemFree:         3239544 kB
Active:           422340 kB
Mem:          3.8G       758M       3.1G       5.7M        52M       322M

MemTotal:        4016004 kB
MemFree:         3239420 kB
Active:           422328 kB
Mem:          3.8G       758M       3.1G       5.7M        52M       322M

MemTotal:        4016004 kB
MemFree:         3239032 kB
Active:           422352 kB
Mem:          3.8G       758M       3.1G       5.7M        52M       322M

MemTotal:        4016004 kB
MemFree:         3239264 kB
Active:           422380 kB
Mem:          3.8G       758M       3.1G       5.7M        52M       322M

MemTotal:        4016004 kB
MemFree:         3239388 kB
Active:           422380 kB
Mem:          3.8G       758M       3.1G       5.7M        52M       322M

MemTotal:        4016004 kB
MemFree:         3239372 kB
Active:           422364 kB
Mem:          3.8G       758M       3.1G       5.7M        52M       322M

MemTotal:        4016004 kB
MemFree:         3239248 kB
Active:           422384 kB
Mem:          3.8G       758M       3.1G       5.7M        52M       322M

MemTotal:        4016004 kB
MemFree:         3239372 kB
Active:           422348 kB
Mem:          3.8G       758M       3.1G       5.7M        52M       322M

MemTotal:        4016004 kB
MemFree:         3239216 kB
Active:           422376 kB
Mem:          3.8G       758M       3.1G       5.7M        52M       322M

MemTotal:        4016004 kB
MemFree:         3239216 kB
Active:           422392 kB
Mem:          3.8G       758M       3.1G       5.7M        52M       322M

MemTotal:        4016004 kB
MemFree:         3238952 kB
Active:           422404 kB
Mem:          3.8G       758M       3.1G       5.7M        52M       322M

MemTotal:        4016004 kB
MemFree:         3238228 kB
Active:           420452 kB
Mem:          3.8G       759M       3.1G       5.7M        52M       322M

MemTotal:        4016004 kB
MemFree:         3238452 kB
Active:           422408 kB
Mem:          3.8G       759M       3.1G       5.7M        52M       322M

MemTotal:        4016004 kB
MemFree:         3238576 kB
Active:           422376 kB
Mem:          3.8G       759M       3.1G       5.7M        52M       322M

MemTotal:        4016004 kB
MemFree:         3238576 kB
Active:           422400 kB
Mem:          3.8G       759M       3.1G       5.7M        52M       322M

MemTotal:        4016004 kB
MemFree:         3238312 kB
Active:           422408 kB
Mem:          3.8G       759M       3.1G       5.7M        52M       322M

MemTotal:        4016004 kB
MemFree:         3239040 kB
Active:           422376 kB
Mem:          3.8G       759M       3.1G       5.7M        52M       322M

MemTotal:        4016004 kB
MemFree:         3239040 kB
Active:           422360 kB
Mem:          3.8G       758M       3.1G       5.7M        52M       322M

MemTotal:        4016004 kB
MemFree:         3239164 kB
Active:           422392 kB
Mem:          3.8G       758M       3.1G       5.7M        52M       322M

MemTotal:        4016004 kB
MemFree:         3239164 kB
Active:           422388 kB
Mem:          3.8G       758M       3.1G       5.7M        52M       322M

MemTotal:        4016004 kB
MemFree:         3238900 kB
Active:           422368 kB
Mem:          3.8G       758M       3.1G       5.7M        52M       322M

MemTotal:        4016004 kB
MemFree:         3238904 kB
Active:           420484 kB
Mem:          3.8G       758M       3.1G       5.7M        52M       322M

MemTotal:        4016004 kB
MemFree:         3238924 kB
Active:           422372 kB
Mem:          3.8G       759M       3.1G       5.7M        52M       322M

MemTotal:        4016004 kB
MemFree:         3239048 kB
Active:           422388 kB
Mem:          3.8G       759M       3.1G       5.7M        52M       322M

MemTotal:        4016004 kB
MemFree:         3238908 kB
Active:           422400 kB
Mem:          3.8G       758M       3.1G       5.7M        52M       322M

MemTotal:        4016004 kB
MemFree:         3239140 kB
Active:           422392 kB
Mem:          3.8G       758M       3.1G       5.7M        52M       322M

MemTotal:        4016004 kB
MemFree:         3239264 kB
Active:           422368 kB
Mem:          3.8G       758M       3.1G       5.7M        52M       322M

MemTotal:        4016004 kB
MemFree:         3239264 kB
Active:           422372 kB
Mem:          3.8G       758M       3.1G       5.7M        52M       322M

MemTotal:        4016004 kB
MemFree:         3239312 kB
Active:           422396 kB
Mem:          3.8G       758M       3.1G       5.7M        52M       322M

MemTotal:        4016004 kB
MemFree:         3238940 kB
Active:           422412 kB
Mem:          3.8G       758M       3.1G       5.7M        52M       322M

MemTotal:        4016004 kB
MemFree:         3238940 kB
Active:           422388 kB
Mem:          3.8G       759M       3.1G       5.7M        52M       322M

MemTotal:        4016004 kB
MemFree:         3238444 kB
Active:           422420 kB
Mem:          3.8G       759M       3.1G       5.7M        52M       322M

MemTotal:        4016004 kB
MemFree:         3238692 kB
Active:           422376 kB
Mem:          3.8G       759M       3.1G       5.7M        52M       322M

MemTotal:        4016004 kB
MemFree:         3238568 kB
Active:           422396 kB
Mem:          3.8G       759M       3.1G       5.7M        52M       322M

MemTotal:        4016004 kB
MemFree:         3238320 kB
Active:           422428 kB
Mem:          3.8G       759M       3.1G       5.7M        52M       322M

MemTotal:        4016004 kB
MemFree:         3238784 kB
Active:           422416 kB
Mem:          3.8G       758M       3.1G       5.7M        52M       322M

MemTotal:        4016004 kB
MemFree:         3238816 kB
Active:           422400 kB
Mem:          3.8G       759M       3.1G       5.7M        52M       322M

MemTotal:        4016004 kB
MemFree:         3238444 kB
Active:           422436 kB
Mem:          3.8G       759M       3.1G       5.7M        52M       322M

MemTotal:        4016004 kB
MemFree:         3238940 kB
Active:           422432 kB
Mem:          3.8G       759M       3.1G       5.7M        52M       322M

MemTotal:        4016004 kB
MemFree:         3238940 kB
Active:           422436 kB
Mem:          3.8G       759M       3.1G       5.7M        52M       322M

MemTotal:        4016004 kB
MemFree:         3238320 kB
Active:           422456 kB
Mem:          3.8G       759M       3.1G       5.7M        52M       322M

MemTotal:        4016004 kB
MemFree:         3238628 kB
Active:           420412 kB
Mem:          3.8G       758M       3.1G       5.7M        52M       322M

MemTotal:        4016004 kB
MemFree:         3238612 kB
Active:           422424 kB
Mem:          3.8G       759M       3.1G       5.7M        52M       322M

MemTotal:        4016004 kB
MemFree:         3238596 kB
Active:           422444 kB
Mem:          3.8G       759M       3.1G       5.7M        52M       322M

MemTotal:        4016004 kB
MemFree:         3237976 kB
Active:           422460 kB
Mem:          3.8G       759M       3.1G       5.7M        52M       322M

MemTotal:        4016004 kB
MemFree:         3238100 kB
Active:           422460 kB
Mem:          3.8G       759M       3.1G       5.7M        52M       322M

MemTotal:        4016004 kB
MemFree:         3238580 kB
Active:           422440 kB
Mem:          3.8G       759M       3.1G       5.7M        52M       322M

MemTotal:        4016004 kB
MemFree:         3238692 kB
Active:           422444 kB
Mem:          3.8G       759M       3.1G       5.7M        52M       322M

MemTotal:        4016004 kB
MemFree:         3238816 kB
Active:           422468 kB
Mem:          3.8G       758M       3.1G       5.7M        52M       322M

MemTotal:        4016004 kB
MemFree:         3239064 kB
Active:           422464 kB
Mem:          3.8G       758M       3.1G       5.7M        52M       322M

MemTotal:        4016004 kB
MemFree:         3238940 kB
Active:           422460 kB
Mem:          3.8G       758M       3.1G       5.7M        52M       322M

MemTotal:        4016004 kB
MemFree:         3238876 kB
Active:           420408 kB
Mem:          3.8G       759M       3.1G       5.7M        52M       322M

MemTotal:        4016004 kB
MemFree:         3239124 kB
Active:           422500 kB
Mem:          3.8G       758M       3.1G       5.7M        52M       322M

MemTotal:        4016004 kB
MemFree:         3239124 kB
Active:           422472 kB
Mem:          3.8G       758M       3.1G       5.7M        52M       322M

MemTotal:        4016004 kB
MemFree:         3239248 kB
Active:           422500 kB
Mem:          3.8G       758M       3.1G       5.7M        52M       322M

MemTotal:        4016004 kB
MemFree:         3239248 kB
Active:           422464 kB
Mem:          3.8G       758M       3.1G       5.7M        52M       322M

MemTotal:        4016004 kB
MemFree:         3239232 kB
Active:           422516 kB
Mem:          3.8G       758M       3.1G       5.7M        52M       322M

MemTotal:        4016004 kB
MemFree:         3239232 kB
Active:           422472 kB
Mem:          3.8G       758M       3.1G       5.7M        52M       322M

MemTotal:        4016004 kB
MemFree:         3239232 kB
Active:           422492 kB
Mem:          3.8G       758M       3.1G       5.7M        52M       322M

MemTotal:        4016004 kB
MemFree:         3239092 kB
Active:           422464 kB
Mem:          3.8G       758M       3.1G       5.7M        52M       322M

MemTotal:        4016004 kB
MemFree:         3239200 kB
Active:           422492 kB
Mem:          3.8G       758M       3.1G       5.7M        52M       322M

MemTotal:        4016004 kB
MemFree:         3238704 kB
Active:           422524 kB
Mem:          3.8G       759M       3.1G       5.7M        52M       322M

MemTotal:        4016004 kB
MemFree:         3238688 kB
Active:           422520 kB
Mem:          3.8G       759M       3.1G       5.7M        52M       322M

MemTotal:        4016004 kB
MemFree:         3237928 kB
Active:           422524 kB
Mem:          3.8G       759M       3.1G       5.7M        52M       322M

MemTotal:        4016004 kB
MemFree:         3237804 kB
Active:           422524 kB
Mem:          3.8G       759M       3.1G       5.7M        52M       322M

MemTotal:        4016004 kB
MemFree:         3238176 kB
Active:           422480 kB
Mem:          3.8G       759M       3.1G       5.7M        52M       322M

MemTotal:        4016004 kB
MemFree:         3238176 kB
Active:           422484 kB
Mem:          3.8G       759M       3.1G       5.7M        52M       322M

MemTotal:        4016004 kB
MemFree:         3237912 kB
Active:           422504 kB
Mem:          3.8G       759M       3.1G       5.7M        52M       322M

MemTotal:        4016004 kB
MemFree:         3237664 kB
Active:           422528 kB
Mem:          3.8G       760M       3.1G       5.7M        52M       322M

MemTotal:        4016004 kB
MemFree:         3238020 kB
Active:           422528 kB
Mem:          3.8G       759M       3.1G       5.7M        52M       322M

MemTotal:        4016004 kB
MemFree:         3238208 kB
Active:           420576 kB
Mem:          3.8G       759M       3.1G       5.7M        52M       322M

MemTotal:        4016004 kB
MemFree:         3238684 kB
Active:           422504 kB
Mem:          3.8G       759M       3.1G       5.7M        52M       322M

MemTotal:        4016004 kB
MemFree:         3238684 kB
Active:           422508 kB
Mem:          3.8G       759M       3.1G       5.7M        52M       322M

MemTotal:        4016004 kB
MemFree:         3239040 kB
Active:           422532 kB
Mem:          3.8G       758M       3.1G       5.7M        52M       322M

MemTotal:        4016004 kB
MemFree:         3239164 kB
Active:           422540 kB
Mem:          3.8G       758M       3.1G       5.7M        52M       322M

MemTotal:        4016004 kB
MemFree:         3239040 kB
Active:           422512 kB
Mem:          3.8G       758M       3.1G       5.7M        52M       322M

MemTotal:        4016004 kB
MemFree:         3239040 kB
Active:           422540 kB
Mem:          3.8G       759M       3.1G       5.7M        52M       322M

MemTotal:        4016004 kB
MemFree:         3238668 kB
Active:           422528 kB
Mem:          3.8G       759M       3.1G       5.7M        52M       322M

MemTotal:        4016004 kB
MemFree:         3238652 kB
Active:           422540 kB
Mem:          3.8G       759M       3.1G       5.7M        52M       322M

MemTotal:        4016004 kB
MemFree:         3239024 kB
Active:           422548 kB
Mem:          3.8G       758M       3.1G       5.7M        52M       322M

MemTotal:        4016004 kB
MemFree:         3238616 kB
Active:           420584 kB
Mem:          3.8G       759M       3.1G       5.7M        52M       322M

MemTotal:        4016004 kB
MemFree:         3238028 kB
Active:           420516 kB
Mem:          3.8G       759M       3.1G       5.7M        52M       322M

MemTotal:        4016004 kB
MemFree:         3238632 kB
Active:           422552 kB
Mem:          3.8G       759M       3.1G       5.7M        52M       322M

MemTotal:        4016004 kB
MemFree:         3238852 kB
Active:           422520 kB
Mem:          3.8G       759M       3.1G       5.7M        52M       322M

MemTotal:        4016004 kB
MemFree:         3238852 kB
Active:           422532 kB
Mem:          3.8G       759M       3.1G       5.7M        52M       322M

MemTotal:        4016004 kB
MemFree:         3238976 kB
Active:           422552 kB
Mem:          3.8G       758M       3.1G       5.7M        52M       322M

MemTotal:        4016004 kB
MemFree:         3238976 kB
Active:           422520 kB
Mem:          3.8G       758M       3.1G       5.7M        52M       322M

MemTotal:        4016004 kB
MemFree:         3238604 kB
Active:           422572 kB
Mem:          3.8G       758M       3.1G       5.7M        52M       322M

MemTotal:        4016004 kB
MemFree:         3238852 kB
Active:           422520 kB
Mem:          3.8G       758M       3.1G       5.7M        52M       322M

MemTotal:        4016004 kB
MemFree:         3238852 kB
Active:           422552 kB
Mem:          3.8G       758M       3.1G       5.7M        52M       322M

MemTotal:        4016004 kB
MemFree:         3238640 kB
Active:           420616 kB
Mem:          3.8G       759M       3.1G       5.7M        52M       322M

MemTotal:        4016004 kB
MemFree:         3239032 kB
Active:           422548 kB
Mem:          3.8G       758M       3.1G       5.7M        52M       322M

MemTotal:        4016004 kB
MemFree:         3238908 kB
Active:           422564 kB
Mem:          3.8G       758M       3.1G       5.7M        52M       322M

MemTotal:        4016004 kB
MemFree:         3239068 kB
Active:           422524 kB
Mem:          3.8G       758M       3.1G       5.7M        52M       322M

MemTotal:        4016004 kB
MemFree:         3239192 kB
Active:           422548 kB
Mem:          3.8G       758M       3.1G       5.7M        52M       322M

MemTotal:        4016004 kB
MemFree:         3239192 kB
Active:           422552 kB
Mem:          3.8G       758M       3.1G       5.7M        52M       322M

MemTotal:        4016004 kB
MemFree:         3239440 kB
Active:           422540 kB
Mem:          3.8G       758M       3.1G       5.7M        52M       322M

MemTotal:        4016004 kB
MemFree:         3239316 kB
Active:           422564 kB
Mem:          3.8G       758M       3.1G       5.7M        52M       322M

MemTotal:        4016004 kB
MemFree:         3239036 kB
Active:           422728 kB
Mem:          3.8G       758M       3.1G       5.7M        52M       322M

MemTotal:        4016004 kB
MemFree:         3198064 kB
Active:           423320 kB
Mem:          3.8G       799M       3.0G       5.7M        52M       362M

MemTotal:        4016004 kB
MemFree:         3153948 kB
Active:           423692 kB
Mem:          3.8G       842M       3.0G       5.7M        52M       404M

MemTotal:        4016004 kB
MemFree:         3107460 kB
Active:           423600 kB
Mem:          3.8G       887M       3.0G       5.7M        52M       448M

MemTotal:        4016004 kB
MemFree:         3062940 kB
Active:           423632 kB
Mem:          3.8G       930M       2.9G       5.7M        52M       490M

MemTotal:        4016004 kB
MemFree:         3018884 kB
Active:           423660 kB
Mem:          3.8G       973M       2.9G       5.7M        52M       533M

MemTotal:        4016004 kB
MemFree:         2975544 kB
Active:           423688 kB
Mem:          3.8G       1.0G       2.8G       5.7M        52M       575M

MemTotal:        4016004 kB
MemFree:         2931048 kB
Active:           423708 kB
Mem:          3.8G       1.0G       2.8G       5.7M        52M       617M

MemTotal:        4016004 kB
MemFree:         2886808 kB
Active:           423736 kB
Mem:          3.8G       1.1G       2.8G       5.7M        52M       661M

MemTotal:        4016004 kB
MemFree:         2841272 kB
Active:           423784 kB
Mem:          3.8G       1.1G       2.7G       5.7M        52M       704M

MemTotal:        4016004 kB
MemFree:         2797792 kB
Active:           423764 kB
Mem:          3.8G       1.2G       2.7G       5.7M        52M       746M

MemTotal:        4016004 kB
MemFree:         2753336 kB
Active:           423828 kB
Mem:          3.8G       1.2G       2.6G       5.7M        52M       788M

MemTotal:        4016004 kB
MemFree:         2708016 kB
Active:           423856 kB
Mem:          3.8G       1.2G       2.6G       5.7M        52M       832M

MemTotal:        4016004 kB
MemFree:         2664636 kB
Active:           423880 kB
Mem:          3.8G       1.3G       2.5G       5.7M        52M       874M

MemTotal:        4016004 kB
MemFree:         2619584 kB
Active:           423916 kB
Mem:          3.8G       1.3G       2.5G       5.7M        52M       917M

MemTotal:        4016004 kB
MemFree:         2575408 kB
Active:           423936 kB
Mem:          3.8G       1.4G       2.5G       5.7M        52M       959M

MemTotal:        4016004 kB
MemFree:         2543760 kB
Active:           423964 kB
Mem:          3.8G       1.4G       2.4G       5.7M        52M       989M

MemTotal:        4016004 kB
MemFree:         2532452 kB
Active:           423980 kB
Mem:          3.8G       1.4G       2.4G       5.7M        52M       1.0G

MemTotal:        4016004 kB
MemFree:         2488708 kB
Active:           423996 kB
Mem:          3.8G       1.5G       2.4G       5.7M        52M       1.0G

MemTotal:        4016004 kB
MemFree:         2445320 kB
Active:           424016 kB
Mem:          3.8G       1.5G       2.3G       5.7M        52M       1.1G

MemTotal:        4016004 kB
MemFree:         2399468 kB
Active:           423996 kB
Mem:          3.8G       1.5G       2.3G       5.7M        52M       1.1G

MemTotal:        4016004 kB
MemFree:         2354608 kB
Active:           424072 kB
Mem:          3.8G       1.6G       2.2G       5.7M        52M       1.1G

MemTotal:        4016004 kB
MemFree:         2308256 kB
Active:           424044 kB
Mem:          3.8G       1.6G       2.2G       5.7M        53M       1.2G

MemTotal:        4016004 kB
MemFree:         2264468 kB
Active:           426148 kB
Mem:          3.8G       1.7G       2.2G       5.7M        53M       1.2G

MemTotal:        4016004 kB
MemFree:         2218632 kB
Active:           426172 kB
Mem:          3.8G       1.7G       2.1G       5.7M        53M       1.3G

MemTotal:        4016004 kB
MemFree:         2174356 kB
Active:           426196 kB
Mem:          3.8G       1.8G       2.1G       5.7M        53M       1.3G

MemTotal:        4016004 kB
MemFree:         2131888 kB
Active:           426240 kB
Mem:          3.8G       1.8G       2.0G       5.7M        53M       1.4G

MemTotal:        4016004 kB
MemFree:         2086464 kB
Active:           426264 kB
Mem:          3.8G       1.8G       2.0G       5.7M        53M       1.4G

MemTotal:        4016004 kB
MemFree:         2042288 kB
Active:           426300 kB
Mem:          3.8G       1.9G       1.9G       5.7M        53M       1.4G

MemTotal:        4016004 kB
MemFree:         1999572 kB
Active:           426320 kB
Mem:          3.8G       1.9G       1.9G       5.7M        53M       1.5G

MemTotal:        4016004 kB
MemFree:         1953376 kB
Active:           426340 kB
Mem:          3.8G       2.0G       1.9G       5.7M        53M       1.5G

MemTotal:        4016004 kB
MemFree:         1909152 kB
Active:           426360 kB
Mem:          3.8G       2.0G       1.8G       5.7M        53M       1.6G

MemTotal:        4016004 kB
MemFree:         1866136 kB
Active:           426392 kB
Mem:          3.8G       2.1G       1.8G       5.7M        53M       1.6G

MemTotal:        4016004 kB
MemFree:         1821756 kB
Active:           426416 kB
Mem:          3.8G       2.1G       1.7G       5.7M        53M       1.6G

MemTotal:        4016004 kB
MemFree:         1777888 kB
Active:           426432 kB
Mem:          3.8G       2.1G       1.7G       5.7M        53M       1.7G

MemTotal:        4016004 kB
MemFree:         1733088 kB
Active:           426456 kB
Mem:          3.8G       2.2G       1.7G       5.7M        53M       1.7G

MemTotal:        4016004 kB
MemFree:         1699736 kB
Active:           426500 kB
Mem:          3.8G       2.2G       1.6G       5.7M        53M       1.8G

MemTotal:        4016004 kB
MemFree:         1655104 kB
Active:           426528 kB
Mem:          3.8G       2.3G       1.6G       5.7M        53M       1.8G

MemTotal:        4016004 kB
MemFree:         1611176 kB
Active:           426552 kB
Mem:          3.8G       2.3G       1.5G       5.7M        53M       1.8G

MemTotal:        4016004 kB
MemFree:         1561968 kB
Active:           426576 kB
Mem:          3.8G       2.3G       1.5G       5.7M        53M       1.9G

MemTotal:        4016004 kB
MemFree:         1515976 kB
Active:           426600 kB
Mem:          3.8G       2.4G       1.4G       5.7M        53M       1.9G

MemTotal:        4016004 kB
MemFree:         1472108 kB
Active:           426624 kB
Mem:          3.8G       2.4G       1.4G       5.7M        53M       2.0G

MemTotal:        4016004 kB
MemFree:         1427484 kB
Active:           426656 kB
Mem:          3.8G       2.5G       1.4G       5.7M        53M       2.0G

MemTotal:        4016004 kB
MemFree:         1382600 kB
Active:           426680 kB
Mem:          3.8G       2.5G       1.3G       5.7M        53M       2.1G

MemTotal:        4016004 kB
MemFree:         1338472 kB
Active:           426704 kB
Mem:          3.8G       2.6G       1.3G       5.7M        53M       2.1G

MemTotal:        4016004 kB
MemFree:         1292704 kB
Active:           426688 kB
Mem:          3.8G       2.6G       1.2G       5.7M        53M       2.1G

MemTotal:        4016004 kB
MemFree:         1249496 kB
Active:           426740 kB
Mem:          3.8G       2.6G       1.2G       5.7M        53M       2.2G

MemTotal:        4016004 kB
MemFree:         1205572 kB
Active:           426776 kB
Mem:          3.8G       2.7G       1.1G       5.7M        53M       2.2G

MemTotal:        4016004 kB
MemFree:         1160588 kB
Active:           426804 kB
Mem:          3.8G       2.7G       1.1G       5.7M        53M       2.3G

MemTotal:        4016004 kB
MemFree:         1117216 kB
Active:           426768 kB
Mem:          3.8G       2.8G       1.1G       5.7M        53M       2.3G

MemTotal:        4016004 kB
MemFree:         1071612 kB
Active:           426848 kB
Mem:          3.8G       2.8G       1.0G       5.7M        53M       2.3G

MemTotal:        4016004 kB
MemFree:         1049872 kB
Active:           426868 kB
Mem:          3.8G       2.8G       1.0G       5.7M        53M       2.4G

MemTotal:        4016004 kB
MemFree:         1027368 kB
Active:           428896 kB
Mem:          3.8G       2.9G       1.0G       5.7M        53M       2.4G

MemTotal:        4016004 kB
MemFree:          981564 kB
Active:           428916 kB
Mem:          3.8G       2.9G       958M       5.7M        53M       2.4G

MemTotal:        4016004 kB
MemFree:          937652 kB
Active:           428960 kB
Mem:          3.8G       2.9G       915M       5.7M        53M       2.5G

MemTotal:        4016004 kB
MemFree:          892444 kB
Active:           428988 kB
Mem:          3.8G       3.0G       871M       5.7M        53M       2.5G

MemTotal:        4016004 kB
MemFree:          848524 kB
Active:           429008 kB
Mem:          3.8G       3.0G       828M       5.7M        53M       2.6G

MemTotal:        4016004 kB
MemFree:          829784 kB
Active:           429028 kB
Mem:          3.8G       3.0G       809M       5.7M        53M       2.6G

MemTotal:        4016004 kB
MemFree:          790452 kB
Active:           429036 kB
Mem:          3.8G       3.1G       771M       5.7M        53M       2.6G

MemTotal:        4016004 kB
MemFree:          745136 kB
Active:           429080 kB
Mem:          3.8G       3.1G       727M       5.7M        53M       2.7G

MemTotal:        4016004 kB
MemFree:          700188 kB
Active:           429100 kB
Mem:          3.8G       3.2G       683M       5.7M        53M       2.7G

MemTotal:        4016004 kB
MemFree:          656972 kB
Active:           429076 kB
Mem:          3.8G       3.2G       641M       5.7M        53M       2.7G

MemTotal:        4016004 kB
MemFree:          612176 kB
Active:           429164 kB
Mem:          3.8G       3.2G       597M       5.7M        53M       2.8G

MemTotal:        4016004 kB
MemFree:          568992 kB
Active:           429188 kB
Mem:          3.8G       3.3G       553M       5.7M        53M       2.8G

MemTotal:        4016004 kB
MemFree:          524488 kB
Active:           429212 kB
Mem:          3.8G       3.3G       511M       5.7M        53M       2.9G

MemTotal:        4016004 kB
MemFree:          479504 kB
Active:           429232 kB
Mem:          3.8G       3.4G       468M       5.7M        53M       2.9G

MemTotal:        4016004 kB
MemFree:          435852 kB
Active:           429284 kB
Mem:          3.8G       3.4G       425M       5.7M        53M       2.9G

MemTotal:        4016004 kB
MemFree:          391660 kB
Active:           429304 kB
Mem:          3.8G       3.5G       382M       5.7M        54M       3.0G

MemTotal:        4016004 kB
MemFree:          346604 kB
Active:           429336 kB
Mem:          3.8G       3.5G       337M       5.7M        54M       3.0G

MemTotal:        4016004 kB
MemFree:          301792 kB
Active:           429356 kB
Mem:          3.8G       3.5G       294M       5.7M        54M       3.1G

MemTotal:        4016004 kB
MemFree:          254616 kB
Active:           429392 kB
Mem:          3.8G       3.6G       248M       5.7M        54M       3.1G

MemTotal:        4016004 kB
MemFree:          211276 kB
Active:           429412 kB
Mem:          3.8G       3.6G       206M       5.7M        54M       3.2G

MemTotal:        4016004 kB
MemFree:          166360 kB
Active:           429432 kB
Mem:          3.8G       3.7G       160M       5.7M        54M       3.2G

MemTotal:        4016004 kB
MemFree:          120980 kB
Active:           429460 kB
Mem:          3.8G       3.7G       117M       5.7M        54M       3.2G

MemTotal:        4016004 kB
MemFree:          114180 kB
Active:           426180 kB
Mem:          3.8G       3.7G       110M       5.7M        21M       3.3G

MemTotal:        4016004 kB
MemFree:          105296 kB
Active:           439504 kB
Mem:          3.8G       3.7G       102M       5.7M        21M       3.3G

MemTotal:        4016004 kB
MemFree:          109928 kB
Active:           487092 kB
Mem:          3.8G       3.7G       104M       5.7M        21M       3.3G

MemTotal:        4016004 kB
MemFree:          117016 kB
Active:           486572 kB
Mem:          3.8G       3.7G       113M       5.7M        21M       3.3G

MemTotal:        4016004 kB
MemFree:          119816 kB
Active:           480852 kB
Mem:          3.8G       3.7G       116M       5.7M        21M       3.3G

MemTotal:        4016004 kB
MemFree:          122156 kB
Active:           475892 kB
Mem:          3.8G       3.7G       119M       5.7M        21M       3.3G

MemTotal:        4016004 kB
MemFree:          117932 kB
Active:           471696 kB
Mem:          3.8G       3.7G       114M       5.7M        21M       3.3G

MemTotal:        4016004 kB
MemFree:          109880 kB
Active:           466316 kB
Mem:          3.8G       3.7G       106M       5.7M        21M       3.3G

MemTotal:        4016004 kB
MemFree:          124536 kB
Active:           457916 kB
Mem:          3.8G       3.7G       121M       5.7M        21M       3.3G

MemTotal:        4016004 kB
MemFree:          127252 kB
Active:           453972 kB
Mem:          3.8G       3.7G       124M       5.7M        21M       3.3G

MemTotal:        4016004 kB
MemFree:          125548 kB
Active:           449240 kB
Mem:          3.8G       3.7G       122M       5.7M        21M       3.3G

MemTotal:        4016004 kB
MemFree:          118076 kB
Active:           445820 kB
Mem:          3.8G       3.7G       115M       5.7M        21M       3.3G

MemTotal:        4016004 kB
MemFree:          112632 kB
Active:           440428 kB
Mem:          3.8G       3.7G       109M       5.7M        21M       3.3G

MemTotal:        4016004 kB
MemFree:          122596 kB
Active:           438284 kB
Mem:          3.8G       3.7G       119M       5.7M        21M       3.3G

MemTotal:        4016004 kB
MemFree:          126736 kB
Active:           437024 kB
Mem:          3.8G       3.7G       123M       5.7M        21M       3.3G

MemTotal:        4016004 kB
MemFree:          104956 kB
Active:           435644 kB
Mem:          3.8G       3.7G       102M       5.7M        21M       3.3G

MemTotal:        4016004 kB
MemFree:          107004 kB
Active:           435540 kB
Mem:          3.8G       3.7G       104M       5.7M        21M       3.3G

MemTotal:        4016004 kB
MemFree:          134400 kB
Active:           433388 kB
Mem:          3.8G       3.7G       131M       5.7M        21M       3.3G

MemTotal:        4016004 kB
MemFree:          125052 kB
Active:           432272 kB
Mem:          3.8G       3.7G       121M       5.7M        21M       3.3G

MemTotal:        4016004 kB
MemFree:          106596 kB
Active:           431108 kB
Mem:          3.8G       3.7G       103M       5.7M        21M       3.3G

MemTotal:        4016004 kB
MemFree:          135208 kB
Active:           427076 kB
Mem:          3.8G       3.7G       131M       5.7M        21M       3.3G

MemTotal:        4016004 kB
MemFree:          128216 kB
Active:           425684 kB
Mem:          3.8G       3.7G       124M       5.7M        21M       3.3G

MemTotal:        4016004 kB
MemFree:          129212 kB
Active:           423796 kB
Mem:          3.8G       3.7G       126M       5.7M        21M       3.3G

MemTotal:        4016004 kB
MemFree:          136648 kB
Active:           421900 kB
Mem:          3.8G       3.7G       133M       5.7M        21M       3.3G

MemTotal:        4016004 kB
MemFree:          134640 kB
Active:           420252 kB
Mem:          3.8G       3.7G       131M       5.7M        21M       3.3G

MemTotal:        4016004 kB
MemFree:          130368 kB
Active:           418976 kB
Mem:          3.8G       3.7G       127M       5.7M        22M       3.3G

MemTotal:        4016004 kB
MemFree:          115272 kB
Active:           417440 kB
Mem:          3.8G       3.7G       112M       5.7M        22M       3.3G

MemTotal:        4016004 kB
MemFree:          128012 kB
Active:           415428 kB
Mem:          3.8G       3.7G       124M       5.7M        22M       3.3G

MemTotal:        4016004 kB
MemFree:          120848 kB
Active:           414172 kB
Mem:          3.8G       3.7G       118M       5.7M        22M       3.3G

MemTotal:        4016004 kB
MemFree:          113480 kB
Active:           412916 kB
Mem:          3.8G       3.7G       111M       5.7M        22M       3.3G

MemTotal:        4016004 kB
MemFree:          105884 kB
Active:           411528 kB
Mem:          3.8G       3.7G       103M       5.7M        22M       3.3G

MemTotal:        4016004 kB
MemFree:          129552 kB
Active:           409000 kB
Mem:          3.8G       3.7G       126M       5.7M        22M       3.3G

MemTotal:        4016004 kB
MemFree:          138572 kB
Active:           406716 kB
Mem:          3.8G       3.7G       128M       5.7M        22M       3.3G

MemTotal:        4016004 kB
MemFree:          126544 kB
Active:           403448 kB
Mem:          3.8G       3.7G       123M       5.7M        22M       3.3G

MemTotal:        4016004 kB
MemFree:          118820 kB
Active:           402360 kB
Mem:          3.8G       3.7G       115M       5.7M        22M       3.3G

MemTotal:        4016004 kB
MemFree:          111648 kB
Active:           401104 kB
Mem:          3.8G       3.7G       108M       5.7M        22M       3.3G

MemTotal:        4016004 kB
MemFree:          126696 kB
Active:           399396 kB
Mem:          3.8G       3.7G       123M       5.7M        22M       3.3G

MemTotal:        4016004 kB
MemFree:          113288 kB
Active:           398272 kB
Mem:          3.8G       3.7G       110M       5.7M        22M       3.3G

MemTotal:        4016004 kB
MemFree:          129128 kB
Active:           396128 kB
Mem:          3.8G       3.7G       125M       5.7M        22M       3.3G

MemTotal:        4016004 kB
MemFree:          133636 kB
Active:           394488 kB
Mem:          3.8G       3.7G       130M       5.7M        22M       3.3G

MemTotal:        4016004 kB
MemFree:          137404 kB
Active:           392852 kB
Mem:          3.8G       3.7G       133M       5.7M        22M       3.2G

MemTotal:        4016004 kB
MemFree:          146712 kB
Active:           391220 kB
Mem:          3.8G       3.7G       143M       5.7M        22M       3.2G

MemTotal:        4016004 kB
MemFree:          127284 kB
Active:           390732 kB
Mem:          3.8G       3.7G       123M       5.7M        22M       3.3G

MemTotal:        4016004 kB
MemFree:          124400 kB
Active:           389216 kB
Mem:          3.8G       3.7G       120M       5.7M        22M       3.3G

MemTotal:        4016004 kB
MemFree:          129092 kB
Active:           386916 kB
Mem:          3.8G       3.7G       125M       5.7M        22M       3.3G

MemTotal:        4016004 kB
MemFree:          122332 kB
Active:           387080 kB
Mem:          3.8G       3.7G       117M       5.7M        22M       3.3G

MemTotal:        4016004 kB
MemFree:          113216 kB
Active:           385956 kB
Mem:          3.8G       3.7G       109M       5.7M        22M       3.3G

MemTotal:        4016004 kB
MemFree:          115260 kB
Active:           384060 kB
Mem:          3.8G       3.7G       112M       5.7M        22M       3.3G

MemTotal:        4016004 kB
MemFree:          107848 kB
Active:           382928 kB
Mem:          3.8G       3.7G       104M       5.7M        22M       3.3G

MemTotal:        4016004 kB
MemFree:          112848 kB
Active:           381296 kB
Mem:          3.8G       3.7G       110M       5.7M        22M       3.3G

MemTotal:        4016004 kB
MemFree:          105344 kB
Active:           380176 kB
Mem:          3.8G       3.7G       102M       5.7M        22M       3.3G

MemTotal:        4016004 kB
MemFree:          127632 kB
Active:           377888 kB
Mem:          3.8G       3.7G       123M       5.7M        22M       3.3G

MemTotal:        4016004 kB
MemFree:          123760 kB
Active:           376508 kB
Mem:          3.8G       3.7G       120M       5.7M        22M       3.3G

MemTotal:        4016004 kB
MemFree:          130464 kB
Active:           374492 kB
Mem:          3.8G       3.7G       127M       5.7M        22M       3.3G

MemTotal:        4016004 kB
MemFree:          132168 kB
Active:           375256 kB
Mem:          3.8G       3.7G       128M       5.7M        22M       3.3G

MemTotal:        4016004 kB
MemFree:          135464 kB
Active:           375280 kB
Mem:          3.8G       3.7G       131M       5.7M        22M       3.2G

MemTotal:        4016004 kB
MemFree:          124652 kB
Active:           375332 kB
Mem:          3.8G       3.7G       120M       5.7M        22M       3.3G

MemTotal:        4016004 kB
MemFree:          126792 kB
Active:           375352 kB
Mem:          3.8G       3.7G       122M       5.7M        22M       3.3G

MemTotal:        4016004 kB
MemFree:          109480 kB
Active:           375244 kB
Mem:          3.8G       3.7G       105M       5.7M        22M       3.3G

MemTotal:        4016004 kB
MemFree:          125472 kB
Active:           375152 kB
Mem:          3.8G       3.7G       122M       5.7M        22M       3.3G

MemTotal:        4016004 kB
MemFree:          136184 kB
Active:           375000 kB
Mem:          3.8G       3.7G       132M       5.7M        22M       3.2G

MemTotal:        4016004 kB
MemFree:          131648 kB
Active:           375028 kB
Mem:          3.8G       3.7G       127M       5.7M        22M       3.3G

MemTotal:        4016004 kB
MemFree:          124380 kB
Active:           375048 kB
Mem:          3.8G       3.7G       120M       5.7M        22M       3.3G

MemTotal:        4016004 kB
MemFree:          115580 kB
Active:           375072 kB
Mem:          3.8G       3.7G       112M       5.7M        22M       3.3G

MemTotal:        4016004 kB
MemFree:          106280 kB
Active:           375108 kB
Mem:          3.8G       3.7G       103M       5.7M        22M       3.3G

MemTotal:        4016004 kB
MemFree:          133652 kB
Active:           375136 kB
Mem:          3.8G       3.7G       130M       5.7M        22M       3.2G

MemTotal:        4016004 kB
MemFree:          144156 kB
Active:           375060 kB
Mem:          3.8G       3.7G       140M       5.7M        23M       3.2G

MemTotal:        4016004 kB
MemFree:          136028 kB
Active:           375084 kB
Mem:          3.8G       3.7G       131M       5.7M        23M       3.2G

MemTotal:        4016004 kB
MemFree:          127680 kB
Active:           375048 kB
Mem:          3.8G       3.7G       124M       5.7M        23M       3.3G

MemTotal:        4016004 kB
MemFree:          132868 kB
Active:           375132 kB
Mem:          3.8G       3.7G       129M       5.7M        23M       3.2G

MemTotal:        4016004 kB
MemFree:          138016 kB
Active:           375120 kB
Mem:          3.8G       3.7G       134M       5.7M        23M       3.2G

MemTotal:        4016004 kB
MemFree:          131704 kB
Active:           375180 kB
Mem:          3.8G       3.7G       128M       5.7M        23M       3.2G

MemTotal:        4016004 kB
MemFree:          122532 kB
Active:           375288 kB
Mem:          3.8G       3.7G       119M       5.7M        23M       3.3G

MemTotal:        4016004 kB
MemFree:          115836 kB
Active:           375552 kB
Mem:          3.8G       3.7G       112M       5.7M        23M       3.3G

MemTotal:        4016004 kB
MemFree:          133556 kB
Active:           375580 kB
Mem:          3.8G       3.7G       130M       5.7M        23M       3.2G

MemTotal:        4016004 kB
MemFree:          124352 kB
Active:           375464 kB
Mem:          3.8G       3.7G       120M       5.7M        23M       3.3G

MemTotal:        4016004 kB
MemFree:          116584 kB
Active:           375488 kB
Mem:          3.8G       3.7G       113M       5.7M        23M       3.3G

MemTotal:        4016004 kB
MemFree:          126084 kB
Active:           375456 kB
Mem:          3.8G       3.7G       123M       5.7M        23M       3.3G

MemTotal:        4016004 kB
MemFree:          124960 kB
Active:           375532 kB
Mem:          3.8G       3.7G       122M       5.7M        23M       3.3G

MemTotal:        4016004 kB
MemFree:          107480 kB
Active:           375524 kB
Mem:          3.8G       3.7G       104M       5.7M        23M       3.3G

MemTotal:        4016004 kB
MemFree:          135860 kB
Active:           375616 kB
Mem:          3.8G       3.7G       132M       5.7M        23M       3.2G

MemTotal:        4016004 kB
MemFree:          128732 kB
Active:           375332 kB
Mem:          3.8G       3.7G       125M       5.7M        23M       3.3G

MemTotal:        4016004 kB
MemFree:          120908 kB
Active:           375284 kB
Mem:          3.8G       3.7G       117M       5.7M        23M       3.3G

MemTotal:        4016004 kB
MemFree:          107688 kB
Active:           375016 kB
Mem:          3.8G       3.7G       105M       5.7M        23M       3.3G

MemTotal:        4016004 kB
MemFree:          125536 kB
Active:           374952 kB
Mem:          3.8G       3.7G       122M       5.7M        23M       3.3G

MemTotal:        4016004 kB
MemFree:          127976 kB
Active:           374968 kB
Mem:          3.8G       3.7G       124M       5.7M        23M       3.3G

MemTotal:        4016004 kB
MemFree:          109032 kB
Active:           375040 kB
Mem:          3.8G       3.7G       105M       5.7M        23M       3.3G

MemTotal:        4016004 kB
MemFree:          125840 kB
Active:           375052 kB
Mem:          3.8G       3.7G       122M       5.7M        23M       3.3G

MemTotal:        4016004 kB
MemFree:          106560 kB
Active:           375084 kB
Mem:          3.8G       3.7G       103M       5.7M        23M       3.3G

MemTotal:        4016004 kB
MemFree:          112560 kB
Active:           372440 kB
Mem:          3.8G       3.7G       109M       5.7M        23M       3.3G

MemTotal:        4016004 kB
MemFree:          109700 kB
Active:           372508 kB
Mem:          3.8G       3.7G       107M       5.7M        23M       3.3G

MemTotal:        4016004 kB
MemFree:          127576 kB
Active:           372524 kB
Mem:          3.8G       3.7G       124M       5.7M        23M       3.2G

MemTotal:        4016004 kB
MemFree:          134112 kB
Active:           372420 kB
Mem:          3.8G       3.7G       130M       5.7M        23M       3.2G

MemTotal:        4016004 kB
MemFree:          113932 kB
Active:           372364 kB
Mem:          3.8G       3.7G       111M       5.7M        23M       3.3G

MemTotal:        4016004 kB
MemFree:          106792 kB
Active:           372348 kB
Mem:          3.8G       3.7G       104M       5.7M        23M       3.3G

MemTotal:        4016004 kB
MemFree:          119360 kB
Active:           372412 kB
Mem:          3.8G       3.7G       116M       5.7M        23M       3.3G

MemTotal:        4016004 kB
MemFree:          111204 kB
Active:           372388 kB
Mem:          3.8G       3.7G       108M       5.7M        23M       3.3G

MemTotal:        4016004 kB
MemFree:          131632 kB
Active:           368104 kB
Mem:          3.8G       3.7G       128M       5.7M        23M       3.2G

MemTotal:        4016004 kB
MemFree:          124140 kB
Active:           368020 kB
Mem:          3.8G       3.7G       120M       5.7M        23M       3.3G

MemTotal:        4016004 kB
MemFree:          115488 kB
Active:           368052 kB
Mem:          3.8G       3.7G       112M       5.7M        23M       3.3G

MemTotal:        4016004 kB
MemFree:          121408 kB
Active:           368076 kB
Mem:          3.8G       3.7G       118M       5.7M        23M       3.3G

MemTotal:        4016004 kB
MemFree:          126552 kB
Active:           368100 kB
Mem:          3.8G       3.7G       123M       5.7M        23M       3.2G

MemTotal:        4016004 kB
MemFree:          135136 kB
Active:           368132 kB
Mem:          3.8G       3.7G       132M       5.7M        23M       3.2G

MemTotal:        4016004 kB
MemFree:          128868 kB
Active:           368156 kB
Mem:          3.8G       3.7G       125M       5.7M        23M       3.2G

MemTotal:        4016004 kB
MemFree:          126616 kB
Active:           368180 kB
Mem:          3.8G       3.7G       123M       5.7M        23M       3.2G

MemTotal:        4016004 kB
MemFree:          107608 kB
Active:           368180 kB
Mem:          3.8G       3.7G       105M       5.7M        23M       3.3G

MemTotal:        4016004 kB
MemFree:          138248 kB
Active:           367084 kB
Mem:          3.8G       3.7G       134M       5.7M        23M       3.2G

MemTotal:        4016004 kB
MemFree:          136440 kB
Active:           366900 kB
Mem:          3.8G       3.7G       132M       5.7M        23M       3.2G

MemTotal:        4016004 kB
MemFree:          130984 kB
Active:           366940 kB
Mem:          3.8G       3.7G       128M       5.7M        23M       3.2G

MemTotal:        4016004 kB
MemFree:          136020 kB
Active:           366968 kB
Mem:          3.8G       3.7G       132M       5.7M        23M       3.2G

MemTotal:        4016004 kB
MemFree:          133996 kB
Active:           366996 kB
Mem:          3.8G       3.7G       130M       5.7M        23M       3.2G

MemTotal:        4016004 kB
MemFree:          123480 kB
Active:           369096 kB
Mem:          3.8G       3.7G       120M       5.7M        23M       3.2G

MemTotal:        4016004 kB
MemFree:          129348 kB
Active:           368324 kB
Mem:          3.8G       3.7G       125M       5.7M        24M       3.2G

MemTotal:        4016004 kB
MemFree:          132432 kB
Active:           368092 kB
Mem:          3.8G       3.7G       129M       5.7M        24M       3.2G

MemTotal:        4016004 kB
MemFree:          116432 kB
Active:           368096 kB
Mem:          3.8G       3.7G       113M       5.7M        24M       3.3G

MemTotal:        4016004 kB
MemFree:          133588 kB
Active:           368152 kB
Mem:          3.8G       3.7G       130M       5.7M        24M       3.2G

MemTotal:        4016004 kB
MemFree:          128228 kB
Active:           366524 kB
Mem:          3.8G       3.7G       125M       5.7M        24M       3.2G

MemTotal:        4016004 kB
MemFree:          121708 kB
Active:           366352 kB
Mem:          3.8G       3.7G       118M       5.7M        24M       3.3G

MemTotal:        4016004 kB
MemFree:          113992 kB
Active:           366400 kB
Mem:          3.8G       3.7G       111M       5.7M        24M       3.3G

MemTotal:        4016004 kB
MemFree:          114924 kB
Active:           366428 kB
Mem:          3.8G       3.7G       112M       5.7M        24M       3.3G

MemTotal:        4016004 kB
MemFree:          108512 kB
Active:           366448 kB
Mem:          3.8G       3.7G       105M       5.7M        24M       3.3G

MemTotal:        4016004 kB
MemFree:          113640 kB
Active:           366468 kB
Mem:          3.8G       3.7G       110M       5.7M        24M       3.3G

MemTotal:        4016004 kB
MemFree:          125308 kB
Active:           366452 kB
Mem:          3.8G       3.7G       122M       5.7M        24M       3.2G

MemTotal:        4016004 kB
MemFree:          116968 kB
Active:           366528 kB
Mem:          3.8G       3.7G       114M       5.7M        24M       3.3G

MemTotal:        4016004 kB
MemFree:          134904 kB
Active:           366520 kB
Mem:          3.8G       3.7G       131M       5.7M        24M       3.2G

MemTotal:        4016004 kB
MemFree:          136016 kB
Active:           358696 kB
Mem:          3.8G       3.7G       132M       5.7M        24M       3.2G

MemTotal:        4016004 kB
MemFree:          115504 kB
Active:           358556 kB
Mem:          3.8G       3.7G       112M       5.7M        24M       3.3G

MemTotal:        4016004 kB
MemFree:          126772 kB
Active:           358520 kB
Mem:          3.8G       3.7G       123M       5.7M        24M       3.2G

MemTotal:        4016004 kB
MemFree:          130276 kB
Active:           358532 kB
Mem:          3.8G       3.7G       127M       5.7M        24M       3.2G

MemTotal:        4016004 kB
MemFree:          135936 kB
Active:           358556 kB
Mem:          3.8G       3.7G       132M       5.7M        24M       3.2G

MemTotal:        4016004 kB
MemFree:          144816 kB
Active:           358636 kB
Mem:          3.8G       3.7G       141M       5.7M        24M       3.2G

MemTotal:        4016004 kB
MemFree:          135480 kB
Active:           358636 kB
Mem:          3.8G       3.7G       132M       5.7M        24M       3.2G

MemTotal:        4016004 kB
MemFree:          128488 kB
Active:           360704 kB
Mem:          3.8G       3.7G       125M       5.7M        24M       3.2G

MemTotal:        4016004 kB
MemFree:          132044 kB
Active:           360544 kB
Mem:          3.8G       3.7G       128M       5.7M        24M       3.2G

MemTotal:        4016004 kB
MemFree:          141352 kB
Active:           360580 kB
Mem:          3.8G       3.7G       138M       5.7M        24M       3.2G

MemTotal:        4016004 kB
MemFree:          134424 kB
Active:           360648 kB
Mem:          3.8G       3.7G       131M       5.7M        24M       3.2G

MemTotal:        4016004 kB
MemFree:          122848 kB
Active:           360664 kB
Mem:          3.8G       3.7G       119M       5.7M        24M       3.2G

MemTotal:        4016004 kB
MemFree:          130588 kB
Active:           358184 kB
Mem:          3.8G       3.7G       127M       5.7M        24M       3.2G

MemTotal:        4016004 kB
MemFree:          115092 kB
Active:           357992 kB
Mem:          3.8G       3.7G       112M       5.7M        24M       3.3G

MemTotal:        4016004 kB
MemFree:          126120 kB
Active:           358036 kB
Mem:          3.8G       3.7G       123M       5.7M        24M       3.2G

MemTotal:        4016004 kB
MemFree:          113804 kB
Active:           358064 kB
Mem:          3.8G       3.7G       110M       5.7M        24M       3.3G

MemTotal:        4016004 kB
MemFree:          106128 kB
Active:           358128 kB
Mem:          3.8G       3.7G       103M       5.7M        24M       3.3G

MemTotal:        4016004 kB
MemFree:          128356 kB
Active:           358148 kB
Mem:          3.8G       3.7G       124M       5.7M        24M       3.2G

MemTotal:        4016004 kB
MemFree:          108544 kB
Active:           358168 kB
Mem:          3.8G       3.7G       105M       5.7M        24M       3.3G

MemTotal:        4016004 kB
MemFree:          126784 kB
Active:           358200 kB
Mem:          3.8G       3.7G       123M       5.7M        24M       3.2G

MemTotal:        4016004 kB
MemFree:          125324 kB
Active:           358180 kB
Mem:          3.8G       3.7G       121M       5.7M        24M       3.2G

MemTotal:        4016004 kB
MemFree:          133784 kB
Active:           358232 kB
Mem:          3.8G       3.7G       130M       5.7M        24M       3.2G

MemTotal:        4016004 kB
MemFree:          140508 kB
Active:           358212 kB
Mem:          3.8G       3.7G       136M       5.7M        24M       3.2G

MemTotal:        4016004 kB
MemFree:          121300 kB
Active:           358252 kB
Mem:          3.8G       3.7G       118M       5.7M        24M       3.2G

MemTotal:        4016004 kB
MemFree:          114168 kB
Active:           358268 kB
Mem:          3.8G       3.7G       111M       5.7M        24M       3.3G

MemTotal:        4016004 kB
MemFree:          125608 kB
Active:           358328 kB
Mem:          3.8G       3.7G       122M       5.7M        24M       3.2G

MemTotal:        4016004 kB
MemFree:          113772 kB
Active:           354392 kB
Mem:          3.8G       3.7G       110M       5.7M        24M       3.3G

MemTotal:        4016004 kB
MemFree:          107508 kB
Active:           355936 kB
Mem:          3.8G       3.7G       104M       5.7M        24M       3.3G

MemTotal:        4016004 kB
MemFree:          117000 kB
Active:           355968 kB
Mem:          3.8G       3.7G       114M       5.7M        24M       3.2G

MemTotal:        4016004 kB
MemFree:          109852 kB
Active:           355884 kB
Mem:          3.8G       3.7G       106M       5.7M        24M       3.3G

MemTotal:        4016004 kB
MemFree:          127148 kB
Active:           355916 kB
Mem:          3.8G       3.7G       123M       5.7M        24M       3.2G

MemTotal:        4016004 kB
MemFree:          111272 kB
Active:           355928 kB
Mem:          3.8G       3.7G       108M       5.7M        24M       3.3G

MemTotal:        4016004 kB
MemFree:          105224 kB
Active:           355956 kB
Mem:          3.8G       3.7G       102M       5.7M        24M       3.3G

MemTotal:        4016004 kB
MemFree:          127076 kB
Active:           355992 kB
Mem:          3.8G       3.7G       123M       5.7M        24M       3.2G

MemTotal:        4016004 kB
MemFree:          124704 kB
Active:           356028 kB
Mem:          3.8G       3.7G       121M       5.7M        25M       3.2G

MemTotal:        4016004 kB
MemFree:          114248 kB
Active:           356048 kB
Mem:          3.8G       3.7G       111M       5.7M        25M       3.3G

MemTotal:        4016004 kB
MemFree:          127320 kB
Active:           356064 kB
Mem:          3.8G       3.7G       124M       5.7M        25M       3.2G

MemTotal:        4016004 kB
MemFree:          120076 kB
Active:           356088 kB
Mem:          3.8G       3.7G       117M       5.7M        25M       3.2G

MemTotal:        4016004 kB
MemFree:          112936 kB
Active:           356076 kB
Mem:          3.8G       3.7G       110M       5.7M        25M       3.3G

MemTotal:        4016004 kB
MemFree:          112784 kB
Active:           356128 kB
Mem:          3.8G       3.7G       110M       5.7M        25M       3.3G

MemTotal:        4016004 kB
MemFree:          127068 kB
Active:           353552 kB
Mem:          3.8G       3.7G       124M       5.7M        25M       3.2G

MemTotal:        4016004 kB
MemFree:          127140 kB
Active:           353520 kB
Mem:          3.8G       3.7G       124M       5.7M        25M       3.2G

MemTotal:        4016004 kB
MemFree:          130676 kB
Active:           353604 kB
Mem:          3.8G       3.7G       127M       5.7M        25M       3.2G

MemTotal:        4016004 kB
MemFree:          119656 kB
Active:           353620 kB
Mem:          3.8G       3.7G       116M       5.7M        25M       3.2G

MemTotal:        4016004 kB
MemFree:          112724 kB
Active:           353652 kB
Mem:          3.8G       3.7G       109M       5.7M        25M       3.3G

MemTotal:        4016004 kB
MemFree:          122484 kB
Active:           353680 kB
Mem:          3.8G       3.7G       118M       5.7M        25M       3.2G

MemTotal:        4016004 kB
MemFree:          115104 kB
Active:           353708 kB
Mem:          3.8G       3.7G       112M       5.7M        25M       3.2G

MemTotal:        4016004 kB
MemFree:          116312 kB
Active:           353740 kB
Mem:          3.8G       3.7G       113M       5.7M        25M       3.2G

MemTotal:        4016004 kB
MemFree:          114704 kB
Active:           353760 kB
Mem:          3.8G       3.7G       112M       5.7M        25M       3.2G

MemTotal:        4016004 kB
MemFree:          113028 kB
Active:           353788 kB
Mem:          3.8G       3.7G       110M       5.7M        25M       3.3G

MemTotal:        4016004 kB
MemFree:          105772 kB
Active:           353792 kB
Mem:          3.8G       3.7G       102M       5.7M        25M       3.3G

MemTotal:        4016004 kB
MemFree:          112036 kB
Active:           353832 kB
Mem:          3.8G       3.7G       109M       5.7M        25M       3.3G

MemTotal:        4016004 kB
MemFree:          105896 kB
Active:           353856 kB
Mem:          3.8G       3.7G       103M       5.7M        25M       3.3G

MemTotal:        4016004 kB
MemFree:          134704 kB
Active:           353884 kB
Mem:          3.8G       3.7G       131M       5.7M        25M       3.2G

MemTotal:        4016004 kB
MemFree:          140016 kB
Active:           353880 kB
Mem:          3.8G       3.7G       136M       5.7M        25M       3.2G

MemTotal:        4016004 kB
MemFree:          131836 kB
Active:           353908 kB
Mem:          3.8G       3.7G       129M       5.7M        25M       3.2G

MemTotal:        4016004 kB
MemFree:          124304 kB
Active:           350808 kB
Mem:          3.8G       3.7G       121M       5.7M        25M       3.2G

MemTotal:        4016004 kB
MemFree:          128948 kB
Active:           350612 kB
Mem:          3.8G       3.7G       126M       5.7M        25M       3.2G

MemTotal:        4016004 kB
MemFree:          116028 kB
Active:           350592 kB
Mem:          3.8G       3.7G       113M       5.7M        25M       3.2G

MemTotal:        4016004 kB
MemFree:          115480 kB
Active:           350656 kB
Mem:          3.8G       3.7G       112M       5.7M        25M       3.2G

MemTotal:        4016004 kB
MemFree:          127376 kB
Active:           350676 kB
Mem:          3.8G       3.7G       124M       5.7M        25M       3.2G

MemTotal:        4016004 kB
MemFree:          105116 kB
Active:           350660 kB
Mem:          3.8G       3.7G       109M       5.7M        25M       3.3G

MemTotal:        4016004 kB
MemFree:          113736 kB
Active:           350692 kB
Mem:          3.8G       3.7G       121M       5.7M        25M       3.2G

MemTotal:        4016004 kB
MemFree:          111624 kB
Active:           350740 kB
Mem:          3.8G       3.7G       109M       5.7M        25M       3.3G

MemTotal:        4016004 kB
MemFree:          127580 kB
Active:           350800 kB
Mem:          3.8G       3.7G       124M       5.7M        25M       3.2G

MemTotal:        4016004 kB
MemFree:          126568 kB
Active:           350808 kB
Mem:          3.8G       3.7G       123M       5.7M        25M       3.2G

MemTotal:        4016004 kB
MemFree:          125088 kB
Active:           350796 kB
Mem:          3.8G       3.7G       122M       5.7M        25M       3.2G

MemTotal:        4016004 kB
MemFree:          122900 kB
Active:           350560 kB
Mem:          3.8G       3.7G       119M       5.7M        25M       3.2G

MemTotal:        4016004 kB
MemFree:          122900 kB
Active:           350516 kB
Mem:          3.8G       3.7G       119M       5.7M        25M       3.2G

MemTotal:        4016004 kB
MemFree:          122776 kB
Active:           350536 kB
Mem:          3.8G       3.7G       119M       5.7M        25M       3.2G

MemTotal:        4016004 kB
MemFree:          122776 kB
Active:           350528 kB
Mem:          3.8G       3.7G       119M       5.7M        25M       3.2G

MemTotal:        4016004 kB
MemFree:          122280 kB
Active:           350560 kB
Mem:          3.8G       3.7G       119M       5.7M        25M       3.2G

MemTotal:        4016004 kB
MemFree:          122528 kB
Active:           350532 kB
Mem:          3.8G       3.7G       119M       5.7M        25M       3.2G

MemTotal:        4016004 kB
MemFree:          122652 kB
Active:           350556 kB
Mem:          3.8G       3.7G       119M       5.7M        25M       3.2G

MemTotal:        4016004 kB
MemFree:          122404 kB
Active:           350524 kB
Mem:          3.8G       3.7G       119M       5.7M        25M       3.2G

MemTotal:        4016004 kB
MemFree:          122528 kB
Active:           350532 kB
Mem:          3.8G       3.7G       119M       5.7M        25M       3.2G

MemTotal:        4016004 kB
MemFree:          122156 kB
Active:           350552 kB
Mem:          3.8G       3.7G       119M       5.7M        25M       3.2G

MemTotal:        4016004 kB
MemFree:          122776 kB
Active:           350548 kB
Mem:          3.8G       3.7G       119M       5.7M        25M       3.2G

MemTotal:        4016004 kB
MemFree:          122776 kB
Active:           350560 kB
Mem:          3.8G       3.7G       119M       5.7M        25M       3.2G

MemTotal:        4016004 kB
MemFree:          122776 kB
Active:           350552 kB
Mem:          3.8G       3.7G       119M       5.7M        25M       3.2G

MemTotal:        4016004 kB
MemFree:          122776 kB
Active:           350552 kB
Mem:          3.8G       3.7G       119M       5.7M        25M       3.2G

MemTotal:        4016004 kB
MemFree:          122668 kB
Active:           350520 kB
Mem:          3.8G       3.7G       119M       5.7M        25M       3.2G

MemTotal:        4016004 kB
MemFree:          122544 kB
Active:           350560 kB
Mem:          3.8G       3.7G       119M       5.7M        25M       3.2G

MemTotal:        4016004 kB
MemFree:          122296 kB
Active:           350552 kB
Mem:          3.8G       3.7G       119M       5.7M        25M       3.2G

MemTotal:        4016004 kB
MemFree:          119876 kB
Active:           350580 kB
Mem:          3.8G       3.7G       117M       5.7M        25M       3.2G

MemTotal:        4016004 kB
MemFree:          120248 kB
Active:           352596 kB
Mem:          3.8G       3.7G       117M       5.7M        25M       3.2G

MemTotal:        4016004 kB
MemFree:          120248 kB
Active:           352608 kB
Mem:          3.8G       3.7G       117M       5.7M        25M       3.2G

MemTotal:        4016004 kB
MemFree:          120000 kB
Active:           352580 kB
Mem:          3.8G       3.7G       117M       5.7M        25M       3.2G

MemTotal:        4016004 kB
MemFree:          119876 kB
Active:           352628 kB
Mem:          3.8G       3.7G       117M       5.7M        25M       3.2G

MemTotal:        4016004 kB
MemFree:          119556 kB
Active:           352632 kB
Mem:          3.8G       3.7G       117M       5.7M        25M       3.2G

MemTotal:        4016004 kB
MemFree:          120400 kB
Active:           352584 kB
Mem:          3.8G       3.7G       117M       5.7M        25M       3.2G

MemTotal:        4016004 kB
MemFree:          119964 kB
Active:           352644 kB
Mem:          3.8G       3.7G       117M       5.7M        25M       3.2G

MemTotal:        4016004 kB
MemFree:          120340 kB
Active:           352612 kB
Mem:          3.8G       3.7G       117M       5.7M        25M       3.2G

MemTotal:        4016004 kB
MemFree:          120500 kB
Active:           352616 kB
Mem:          3.8G       3.7G       117M       5.7M        25M       3.2G

MemTotal:        4016004 kB
MemFree:          120500 kB
Active:           352600 kB
Mem:          3.8G       3.7G       117M       5.7M        25M       3.2G

MemTotal:        4016004 kB
MemFree:          120500 kB
Active:           352604 kB
Mem:          3.8G       3.7G       117M       5.7M        25M       3.2G

MemTotal:        4016004 kB
MemFree:          120452 kB
Active:           352612 kB
Mem:          3.8G       3.7G       117M       5.7M        25M       3.2G

MemTotal:        4016004 kB
MemFree:          120376 kB
Active:           352652 kB
Mem:          3.8G       3.7G       117M       5.7M        25M       3.2G

MemTotal:        4016004 kB
MemFree:          120500 kB
Active:           352604 kB
Mem:          3.8G       3.7G       117M       5.7M        25M       3.2G

MemTotal:        4016004 kB
MemFree:          120500 kB
Active:           352608 kB
Mem:          3.8G       3.7G       117M       5.7M        25M       3.2G

MemTotal:        4016004 kB
MemFree:          120624 kB
Active:           352644 kB
Mem:          3.8G       3.7G       117M       5.7M        25M       3.2G

MemTotal:        4016004 kB
MemFree:          119880 kB
Active:           352668 kB
Mem:          3.8G       3.7G       117M       5.7M        25M       3.2G

MemTotal:        4016004 kB
MemFree:          120376 kB
Active:           352668 kB
Mem:          3.8G       3.7G       117M       5.7M        25M       3.2G

MemTotal:        4016004 kB
MemFree:          120376 kB
Active:           352624 kB
Mem:          3.8G       3.7G       117M       5.7M        25M       3.2G

MemTotal:        4016004 kB
MemFree:          120376 kB
Active:           352652 kB
Mem:          3.8G       3.7G       117M       5.7M        25M       3.2G

MemTotal:        4016004 kB
MemFree:          120376 kB
Active:           352660 kB
Mem:          3.8G       3.7G       117M       5.7M        25M       3.2G

MemTotal:        4016004 kB
MemFree:          120748 kB
Active:           352620 kB
Mem:          3.8G       3.7G       117M       5.7M        25M       3.2G

MemTotal:        4016004 kB
MemFree:          120872 kB
Active:           352640 kB
Mem:          3.8G       3.7G       117M       5.7M        25M       3.2G

MemTotal:        4016004 kB
MemFree:          120608 kB
Active:           352684 kB
Mem:          3.8G       3.7G       117M       5.7M        25M       3.2G

MemTotal:        4016004 kB
MemFree:          116880 kB
Active:           354984 kB
Mem:          3.8G       3.7G       114M       5.7M        27M       3.2G

MemTotal:        4016004 kB
MemFree:          117252 kB
Active:           354956 kB
Mem:          3.8G       3.7G       114M       5.7M        27M       3.2G

MemTotal:        4016004 kB
MemFree:          117252 kB
Active:           354928 kB
Mem:          3.8G       3.7G       114M       5.7M        27M       3.2G

MemTotal:        4016004 kB
MemFree:          117500 kB
Active:           354948 kB
Mem:          3.8G       3.7G       114M       5.7M        27M       3.2G

MemTotal:        4016004 kB
MemFree:          117128 kB
Active:           354964 kB
Mem:          3.8G       3.7G       114M       5.7M        27M       3.2G

MemTotal:        4016004 kB
MemFree:          115080 kB
Active:           354916 kB
Mem:          3.8G       3.7G       112M       5.7M        27M       3.2G

MemTotal:        4016004 kB
MemFree:          115452 kB
Active:           356976 kB
Mem:          3.8G       3.7G       112M       5.7M        27M       3.2G

MemTotal:        4016004 kB
MemFree:          115452 kB
Active:           356976 kB
Mem:          3.8G       3.7G       112M       5.7M        27M       3.2G

MemTotal:        4016004 kB
MemFree:          115080 kB
Active:           357016 kB
Mem:          3.8G       3.7G       112M       5.7M        27M       3.2G

MemTotal:        4016004 kB
MemFree:          115204 kB
Active:           356996 kB
Mem:          3.8G       3.7G       112M       5.7M        27M       3.2G

MemTotal:        4016004 kB
MemFree:          115452 kB
Active:           357004 kB
Mem:          3.8G       3.7G       112M       5.7M        27M       3.2G

MemTotal:        4016004 kB
MemFree:          115452 kB
Active:           356976 kB
Mem:          3.8G       3.7G       112M       5.7M        27M       3.2G

MemTotal:        4016004 kB
MemFree:          115080 kB
Active:           357032 kB
Mem:          3.8G       3.7G       112M       5.7M        27M       3.2G

MemTotal:        4016004 kB
MemFree:          114708 kB
Active:           357032 kB
Mem:          3.8G       3.7G       112M       5.7M        27M       3.2G

MemTotal:        4016004 kB
MemFree:          114584 kB
Active:           357032 kB
Mem:          3.8G       3.7G       112M       5.7M        27M       3.2G

MemTotal:        4016004 kB
MemFree:          114832 kB
Active:           357016 kB
Mem:          3.8G       3.7G       112M       5.7M        27M       3.2G

MemTotal:        4016004 kB
MemFree:          114832 kB
Active:           356984 kB
Mem:          3.8G       3.7G       112M       5.7M        27M       3.2G

MemTotal:        4016004 kB
MemFree:          114708 kB
Active:           357028 kB
Mem:          3.8G       3.7G       112M       5.7M        27M       3.2G

MemTotal:        4016004 kB
MemFree:          115204 kB
Active:           356988 kB
Mem:          3.8G       3.7G       112M       5.7M        27M       3.2G

MemTotal:        4016004 kB
MemFree:          114956 kB
Active:           357012 kB
Mem:          3.8G       3.7G       112M       5.7M        27M       3.2G

MemTotal:        4016004 kB
MemFree:          115700 kB
Active:           357032 kB
Mem:          3.8G       3.7G       112M       5.7M        27M       3.2G

MemTotal:        4016004 kB
MemFree:          115204 kB
Active:           357044 kB
Mem:          3.8G       3.7G       112M       5.7M        27M       3.2G

MemTotal:        4016004 kB
MemFree:          115576 kB
Active:           357032 kB
Mem:          3.8G       3.7G       112M       5.7M        27M       3.2G

MemTotal:        4016004 kB
MemFree:          115576 kB
Active:           357000 kB
Mem:          3.8G       3.7G       112M       5.7M        27M       3.2G

MemTotal:        4016004 kB
MemFree:          115576 kB
Active:           357008 kB
Mem:          3.8G       3.7G       112M       5.7M        27M       3.2G

MemTotal:        4016004 kB
MemFree:          115080 kB
Active:           357044 kB
Mem:          3.8G       3.7G       112M       5.7M        27M       3.2G

MemTotal:        4016004 kB
MemFree:          115204 kB
Active:           357012 kB
Mem:          3.8G       3.7G       112M       5.7M        27M       3.2G

MemTotal:        4016004 kB
MemFree:          115328 kB
Active:           357032 kB
Mem:          3.8G       3.7G       112M       5.7M        27M       3.2G

MemTotal:        4016004 kB
MemFree:          115700 kB
Active:           356996 kB
Mem:          3.8G       3.7G       112M       5.7M        27M       3.2G

MemTotal:        4016004 kB
MemFree:          115576 kB
Active:           357020 kB
Mem:          3.8G       3.7G       112M       5.7M        27M       3.2G

MemTotal:        4016004 kB
MemFree:          115452 kB
Active:           357028 kB
Mem:          3.8G       3.7G       112M       5.7M        27M       3.2G

MemTotal:        4016004 kB
MemFree:          115576 kB
Active:           357040 kB
Mem:          3.8G       3.7G       112M       5.7M        27M       3.2G

MemTotal:        4016004 kB
MemFree:          115576 kB
Active:           357008 kB
Mem:          3.8G       3.7G       112M       5.7M        27M       3.2G

MemTotal:        4016004 kB
MemFree:          115576 kB
Active:           357008 kB
Mem:          3.8G       3.7G       112M       5.7M        27M       3.2G

MemTotal:        4016004 kB
MemFree:          115328 kB
Active:           357056 kB
Mem:          3.8G       3.7G       112M       5.7M        27M       3.2G

MemTotal:        4016004 kB
MemFree:          115204 kB
Active:           357040 kB
Mem:          3.8G       3.7G       112M       5.7M        27M       3.2G

MemTotal:        4016004 kB
MemFree:          115204 kB
Active:           357044 kB
Mem:          3.8G       3.7G       112M       5.7M        27M       3.2G

MemTotal:        4016004 kB
MemFree:          115080 kB
Active:           357036 kB
Mem:          3.8G       3.7G       112M       5.7M        27M       3.2G

MemTotal:        4016004 kB
MemFree:          114708 kB
Active:           357068 kB
Mem:          3.8G       3.7G       112M       5.7M        27M       3.2G

MemTotal:        4016004 kB
MemFree:          115080 kB
Active:           357056 kB
Mem:          3.8G       3.7G       112M       5.7M        27M       3.2G

MemTotal:        4016004 kB
MemFree:          114956 kB
Active:           357024 kB
Mem:          3.8G       3.7G       112M       5.7M        27M       3.2G

MemTotal:        4016004 kB
MemFree:          115080 kB
Active:           357036 kB
Mem:          3.8G       3.7G       112M       5.7M        27M       3.2G

MemTotal:        4016004 kB
MemFree:          115328 kB
Active:           357064 kB
Mem:          3.8G       3.7G       112M       5.7M        27M       3.2G

MemTotal:        4016004 kB
MemFree:          115452 kB
Active:           357024 kB
Mem:          3.8G       3.7G       112M       5.7M        27M       3.2G

MemTotal:        4016004 kB
MemFree:          114832 kB
Active:           357076 kB
Mem:          3.8G       3.7G       112M       5.7M        27M       3.2G

MemTotal:        4016004 kB
MemFree:          114832 kB
Active:           357072 kB
Mem:          3.8G       3.7G       112M       5.7M        27M       3.2G

MemTotal:        4016004 kB
MemFree:          114708 kB
Active:           357024 kB
Mem:          3.8G       3.7G       112M       5.7M        27M       3.2G

MemTotal:        4016004 kB
MemFree:          114708 kB
Active:           357052 kB
Mem:          3.8G       3.7G       112M       5.7M        27M       3.2G

MemTotal:        4016004 kB
MemFree:          114336 kB
Active:           357088 kB
Mem:          3.8G       3.7G       111M       5.7M        27M       3.2G

MemTotal:        4016004 kB
MemFree:          114708 kB
Active:           357068 kB
Mem:          3.8G       3.7G       112M       5.7M        27M       3.2G

MemTotal:        4016004 kB
MemFree:          114708 kB
Active:           357088 kB
Mem:          3.8G       3.7G       111M       5.7M        27M       3.2G

MemTotal:        4016004 kB
MemFree:          114708 kB
Active:           357076 kB
Mem:          3.8G       3.7G       112M       5.7M        27M       3.2G

MemTotal:        4016004 kB
MemFree:          114584 kB
Active:           357056 kB
Mem:          3.8G       3.7G       112M       5.7M        27M       3.2G

MemTotal:        4016004 kB
MemFree:          114980 kB
Active:           357056 kB
Mem:          3.8G       3.7G       112M       5.7M        27M       3.2G

MemTotal:        4016004 kB
MemFree:          114608 kB
Active:           357096 kB
Mem:          3.8G       3.7G       112M       5.7M        27M       3.2G

MemTotal:        4016004 kB
MemFree:          115104 kB
Active:           357080 kB
Mem:          3.8G       3.7G       112M       5.7M        27M       3.2G

MemTotal:        4016004 kB
MemFree:          115104 kB
Active:           357060 kB
Mem:          3.8G       3.7G       112M       5.7M        27M       3.2G

MemTotal:        4016004 kB
MemFree:          115228 kB
Active:           357112 kB
Mem:          3.8G       3.7G       112M       5.7M        27M       3.2G

MemTotal:        4016004 kB
MemFree:          114980 kB
Active:           357140 kB
Mem:          3.8G       3.7G       112M       5.7M        27M       3.2G

MemTotal:        4016004 kB
MemFree:          114732 kB
Active:           357144 kB
Mem:          3.8G       3.7G       112M       5.7M        27M       3.2G

MemTotal:        4016004 kB
MemFree:          114592 kB
Active:           357204 kB
Mem:          3.8G       3.7G       111M       5.7M        27M       3.2G

MemTotal:        4016004 kB
MemFree:          114344 kB
Active:           357160 kB
Mem:          3.8G       3.7G       111M       5.7M        27M       3.2G

MemTotal:        4016004 kB
MemFree:          114220 kB
Active:           357188 kB
Mem:          3.8G       3.7G       111M       5.7M        27M       3.2G

MemTotal:        4016004 kB
MemFree:          114344 kB
Active:           357164 kB
Mem:          3.8G       3.7G       111M       5.7M        27M       3.2G

MemTotal:        4016004 kB
MemFree:          114344 kB
Active:           357176 kB
Mem:          3.8G       3.7G       111M       5.7M        27M       3.2G

MemTotal:        4016004 kB
MemFree:          114344 kB
Active:           357216 kB
Mem:          3.8G       3.7G       111M       5.7M        27M       3.2G

MemTotal:        4016004 kB
MemFree:          114592 kB
Active:           357180 kB
Mem:          3.8G       3.7G       111M       5.7M        27M       3.2G

MemTotal:        4016004 kB
MemFree:          114096 kB
Active:           357216 kB
Mem:          3.8G       3.7G       111M       5.7M        27M       3.2G

MemTotal:        4016004 kB
MemFree:          114592 kB
Active:           357164 kB
Mem:          3.8G       3.7G       111M       5.7M        27M       3.2G

MemTotal:        4016004 kB
MemFree:          114592 kB
Active:           357188 kB
Mem:          3.8G       3.7G       111M       5.7M        27M       3.2G

MemTotal:        4016004 kB
MemFree:          114592 kB
Active:           357204 kB
Mem:          3.8G       3.7G       111M       5.7M        27M       3.2G

MemTotal:        4016004 kB
MemFree:          114468 kB
Active:           357184 kB
Mem:          3.8G       3.7G       111M       5.7M        27M       3.2G

MemTotal:        4016004 kB
MemFree:          114096 kB
Active:           357224 kB
Mem:          3.8G       3.7G       111M       5.7M        27M       3.2G

MemTotal:        4016004 kB
MemFree:          114840 kB
Active:           357196 kB
Mem:          3.8G       3.7G       112M       5.7M        27M       3.2G

MemTotal:        4016004 kB
MemFree:          115212 kB
Active:           357220 kB
Mem:          3.8G       3.7G       112M       5.7M        27M       3.2G

MemTotal:        4016004 kB
MemFree:          114964 kB
Active:           357188 kB
Mem:          3.8G       3.7G       112M       5.7M        27M       3.2G

MemTotal:        4016004 kB
MemFree:          115476 kB
Active:           357188 kB
Mem:          3.8G       3.7G       112M       5.7M        27M       3.2G

MemTotal:        4016004 kB
MemFree:          115476 kB
Active:           357196 kB
Mem:          3.8G       3.7G       112M       5.7M        27M       3.2G

MemTotal:        4016004 kB
MemFree:          115476 kB
Active:           357208 kB
Mem:          3.8G       3.7G       112M       5.7M        27M       3.2G

MemTotal:        4016004 kB
MemFree:          114980 kB
Active:           357220 kB
Mem:          3.8G       3.7G       112M       5.7M        27M       3.2G

MemTotal:        4016004 kB
MemFree:          114980 kB
Active:           357220 kB
Mem:          3.8G       3.7G       112M       5.7M        27M       3.2G

MemTotal:        4016004 kB
MemFree:          115352 kB
Active:           357216 kB
Mem:          3.8G       3.7G       112M       5.7M        27M       3.2G

MemTotal:        4016004 kB
MemFree:          115352 kB
Active:           357180 kB
Mem:          3.8G       3.7G       112M       5.7M        27M       3.2G

MemTotal:        4016004 kB
MemFree:          114856 kB
Active:           357228 kB
Mem:          3.8G       3.7G       112M       5.7M        27M       3.2G

MemTotal:        4016004 kB
MemFree:          115228 kB
Active:           357216 kB
Mem:          3.8G       3.7G       112M       5.7M        27M       3.2G

MemTotal:        4016004 kB
MemFree:          115352 kB
Active:           357228 kB
Mem:          3.8G       3.7G       112M       5.7M        27M       3.2G

MemTotal:        4016004 kB
MemFree:          114980 kB
Active:           357228 kB
Mem:          3.8G       3.7G       112M       5.7M        27M       3.2G

MemTotal:        4016004 kB
MemFree:          115104 kB
Active:           357224 kB
Mem:          3.8G       3.7G       112M       5.7M        27M       3.2G

MemTotal:        4016004 kB
MemFree:          115104 kB
Active:           357176 kB
Mem:          3.8G       3.7G       112M       5.7M        27M       3.2G

MemTotal:        4016004 kB
MemFree:          115352 kB
Active:           357184 kB
Mem:          3.8G       3.7G       112M       5.7M        27M       3.2G

MemTotal:        4016004 kB
MemFree:          114608 kB
Active:           357236 kB
Mem:          3.8G       3.7G       112M       5.7M        27M       3.2G

MemTotal:        4016004 kB
MemFree:          114608 kB
Active:           357240 kB
Mem:          3.8G       3.7G       112M       5.7M        27M       3.2G

MemTotal:        4016004 kB
MemFree:          115104 kB
Active:           357240 kB
Mem:          3.8G       3.7G       112M       5.7M        27M       3.2G

MemTotal:        4016004 kB
MemFree:          115228 kB
Active:           357224 kB
Mem:          3.8G       3.7G       112M       5.7M        27M       3.2G

MemTotal:        4016004 kB
MemFree:          114856 kB
Active:           357244 kB
Mem:          3.8G       3.7G       111M       5.7M        27M       3.2G

MemTotal:        4016004 kB
MemFree:          114732 kB
Active:           357220 kB
Mem:          3.8G       3.7G       112M       5.7M        27M       3.2G

MemTotal:        4016004 kB
MemFree:          114856 kB
Active:           357236 kB
Mem:          3.8G       3.7G       112M       5.7M        27M       3.2G

MemTotal:        4016004 kB
MemFree:          114856 kB
Active:           357236 kB
Mem:          3.8G       3.7G       112M       5.7M        27M       3.2G

MemTotal:        4016004 kB
MemFree:          114980 kB
Active:           357228 kB
Mem:          3.8G       3.7G       112M       5.7M        27M       3.2G

MemTotal:        4016004 kB
MemFree:          114980 kB
Active:           357196 kB
Mem:          3.8G       3.7G       112M       5.7M        27M       3.2G

MemTotal:        4016004 kB
MemFree:          115476 kB
Active:           357204 kB
Mem:          3.8G       3.7G       112M       5.7M        27M       3.2G

MemTotal:        4016004 kB
MemFree:          115352 kB
Active:           357216 kB
Mem:          3.8G       3.7G       112M       5.7M        27M       3.2G

MemTotal:        4016004 kB
MemFree:          115228 kB
Active:           357248 kB
Mem:          3.8G       3.7G       112M       5.7M        27M       3.2G

MemTotal:        4016004 kB
MemFree:          115228 kB
Active:           357240 kB
Mem:          3.8G       3.7G       112M       5.7M        27M       3.2G

MemTotal:        4016004 kB
MemFree:          115228 kB
Active:           357220 kB
Mem:          3.8G       3.7G       112M       5.7M        27M       3.2G

MemTotal:        4016004 kB
MemFree:          115228 kB
Active:           357248 kB
Mem:          3.8G       3.7G       112M       5.7M        27M       3.2G

MemTotal:        4016004 kB
MemFree:          114608 kB
Active:           357268 kB
Mem:          3.8G       3.7G       112M       5.7M        27M       3.2G

MemTotal:        4016004 kB
MemFree:          114732 kB
Active:           357268 kB
Mem:          3.8G       3.7G       112M       5.7M        27M       3.2G

MemTotal:        4016004 kB
MemFree:          115352 kB
Active:           357232 kB
Mem:          3.8G       3.7G       112M       5.7M        27M       3.2G

MemTotal:        4016004 kB
MemFree:          115352 kB
Active:           357224 kB
Mem:          3.8G       3.7G       112M       5.7M        27M       3.2G

MemTotal:        4016004 kB
MemFree:          115352 kB
Active:           357244 kB
Mem:          3.8G       3.7G       112M       5.7M        27M       3.2G

MemTotal:        4016004 kB
MemFree:          114980 kB
Active:           357260 kB
Mem:          3.8G       3.7G       112M       5.7M        27M       3.2G

MemTotal:        4016004 kB
MemFree:          114980 kB
Active:           357252 kB
Mem:          3.8G       3.7G       112M       5.7M        27M       3.2G

MemTotal:        4016004 kB
MemFree:          115104 kB
Active:           357272 kB
Mem:          3.8G       3.7G       112M       5.7M        27M       3.2G

MemTotal:        4016004 kB
MemFree:          114856 kB
Active:           357256 kB
Mem:          3.8G       3.7G       112M       5.7M        27M       3.2G

MemTotal:        4016004 kB
MemFree:          114608 kB
Active:           357284 kB
Mem:          3.8G       3.7G       112M       5.7M        27M       3.2G

MemTotal:        4016004 kB
MemFree:          115104 kB
Active:           357236 kB
Mem:          3.8G       3.7G       112M       5.7M        27M       3.2G

MemTotal:        4016004 kB
MemFree:          114716 kB
Active:           357284 kB
Mem:          3.8G       3.7G       112M       5.7M        27M       3.2G

MemTotal:        4016004 kB
MemFree:          114980 kB
Active:           357292 kB
Mem:          3.8G       3.7G       112M       5.7M        27M       3.2G

MemTotal:        4016004 kB
MemFree:          114732 kB
Active:           357324 kB
Mem:          3.8G       3.7G       112M       5.7M        27M       3.2G

MemTotal:        4016004 kB
MemFree:          114344 kB
Active:           357352 kB
Mem:          3.8G       3.7G       111M       5.7M        27M       3.2G

MemTotal:        4016004 kB
MemFree:          114856 kB
Active:           357332 kB
Mem:          3.8G       3.7G       112M       5.7M        27M       3.2G

MemTotal:        4016004 kB
MemFree:          114468 kB
Active:           357352 kB
Mem:          3.8G       3.7G       111M       5.7M        27M       3.2G

MemTotal:        4016004 kB
MemFree:          114856 kB
Active:           357344 kB
Mem:          3.8G       3.7G       112M       5.7M        27M       3.2G

MemTotal:        4016004 kB
MemFree:          115228 kB
Active:           357304 kB
Mem:          3.8G       3.7G       112M       5.7M        27M       3.2G

MemTotal:        4016004 kB
MemFree:          115352 kB
Active:           357320 kB
Mem:          3.8G       3.7G       112M       5.7M        27M       3.2G

MemTotal:        4016004 kB
MemFree:          115228 kB
Active:           357348 kB
Mem:          3.8G       3.7G       112M       5.7M        27M       3.2G

MemTotal:        4016004 kB
MemFree:          115104 kB
Active:           357352 kB
Mem:          3.8G       3.7G       112M       5.7M        27M       3.2G

MemTotal:        4016004 kB
MemFree:          114856 kB
Active:           357360 kB
Mem:          3.8G       3.7G       111M       5.7M        27M       3.2G

MemTotal:        4016004 kB
MemFree:          115228 kB
Active:           357360 kB
Mem:          3.8G       3.7G       112M       5.7M        28M       3.2G

MemTotal:        4016004 kB
MemFree:          115228 kB
Active:           357316 kB
Mem:          3.8G       3.7G       112M       5.7M        28M       3.2G

MemTotal:        4016004 kB
MemFree:          115104 kB
Active:           357320 kB
Mem:          3.8G       3.7G       112M       5.7M        28M       3.2G

MemTotal:        4016004 kB
MemFree:          114732 kB
Active:           357372 kB
Mem:          3.8G       3.7G       112M       5.7M        28M       3.2G

MemTotal:        4016004 kB
MemFree:          114856 kB
Active:           357372 kB
Mem:          3.8G       3.7G       112M       5.7M        28M       3.2G

MemTotal:        4016004 kB
MemFree:          115228 kB
Active:           357328 kB
Mem:          3.8G       3.7G       112M       5.7M        28M       3.2G

MemTotal:        4016004 kB
MemFree:          115600 kB
Active:           357320 kB
Mem:          3.8G       3.7G       112M       5.7M        28M       3.2G

MemTotal:        4016004 kB
MemFree:          115600 kB
Active:           357340 kB
Mem:          3.8G       3.7G       112M       5.7M        28M       3.2G

MemTotal:        4016004 kB
MemFree:          115724 kB
Active:           357360 kB
Mem:          3.8G       3.7G       112M       5.7M        28M       3.2G

MemTotal:        4016004 kB
MemFree:          115352 kB
Active:           357356 kB
Mem:          3.8G       3.7G       112M       5.7M        28M       3.2G

MemTotal:        4016004 kB
MemFree:          115228 kB
Active:           357324 kB
Mem:          3.8G       3.7G       112M       5.7M        28M       3.2G

MemTotal:        4016004 kB
MemFree:          115228 kB
Active:           357340 kB
Mem:          3.8G       3.7G       112M       5.7M        28M       3.2G

MemTotal:        4016004 kB
MemFree:          115228 kB
Active:           357336 kB
Mem:          3.8G       3.7G       112M       5.7M        28M       3.2G

MemTotal:        4016004 kB
MemFree:          114732 kB
Active:           357388 kB
Mem:          3.8G       3.7G       111M       5.7M        28M       3.2G

MemTotal:        4016004 kB
MemFree:          114484 kB
Active:           357388 kB
Mem:          3.8G       3.7G       112M       5.7M        28M       3.2G

MemTotal:        4016004 kB
MemFree:          114856 kB
Active:           357388 kB
Mem:          3.8G       3.7G       112M       5.7M        28M       3.2G

MemTotal:        4016004 kB
MemFree:          114856 kB
Active:           357360 kB
Mem:          3.8G       3.7G       112M       5.7M        28M       3.2G

MemTotal:        4016004 kB
MemFree:          115228 kB
Active:           357380 kB
Mem:          3.8G       3.7G       112M       5.7M        28M       3.2G

MemTotal:        4016004 kB
MemFree:          114856 kB
Active:           357364 kB
Mem:          3.8G       3.7G       112M       5.7M        28M       3.2G

MemTotal:        4016004 kB
MemFree:          114732 kB
Active:           357372 kB
Mem:          3.8G       3.7G       111M       5.7M        28M       3.2G

MemTotal:        4016004 kB
MemFree:          114608 kB
Active:           357376 kB
Mem:          3.8G       3.7G       111M       5.7M        28M       3.2G

MemTotal:        4016004 kB
MemFree:          114608 kB
Active:           357404 kB
Mem:          3.8G       3.7G       111M       5.7M        28M       3.2G

MemTotal:        4016004 kB
MemFree:          114360 kB
Active:           357408 kB
Mem:          3.8G       3.7G       111M       5.7M        28M       3.2G

MemTotal:        4016004 kB
MemFree:          114608 kB
Active:           357376 kB
Mem:          3.8G       3.7G       111M       5.7M        28M       3.2G

MemTotal:        4016004 kB
MemFree:          114608 kB
Active:           357404 kB
Mem:          3.8G       3.7G       111M       5.7M        28M       3.2G

MemTotal:        4016004 kB
MemFree:          114732 kB
Active:           357376 kB
Mem:          3.8G       3.7G       111M       5.7M        28M       3.2G

MemTotal:        4016004 kB
MemFree:          114360 kB
Active:           357412 kB
Mem:          3.8G       3.7G       111M       5.7M        28M       3.2G

MemTotal:        4016004 kB
MemFree:          114360 kB
Active:           357388 kB
Mem:          3.8G       3.7G       111M       5.7M        28M       3.2G

MemTotal:        4016004 kB
MemFree:          113988 kB
Active:           357420 kB
Mem:          3.8G       3.7G       111M       5.7M        28M       3.2G

MemTotal:        4016004 kB
MemFree:          114608 kB
Active:           357376 kB
Mem:          3.8G       3.7G       111M       5.7M        28M       3.2G

MemTotal:        4016004 kB
MemFree:          114608 kB
Active:           357420 kB
Mem:          3.8G       3.7G       111M       5.7M        28M       3.2G

MemTotal:        4016004 kB
MemFree:          114112 kB
Active:           357432 kB
Mem:          3.8G       3.7G       111M       5.7M        28M       3.2G

MemTotal:        4016004 kB
MemFree:          114112 kB
Active:           357436 kB
Mem:          3.8G       3.7G       111M       5.7M        28M       3.2G

MemTotal:        4016004 kB
MemFree:          114856 kB
Active:           357424 kB
Mem:          3.8G       3.7G       112M       5.7M        28M       3.2G

MemTotal:        4016004 kB
MemFree:          114856 kB
Active:           357380 kB
Mem:          3.8G       3.7G       112M       5.7M        28M       3.2G

MemTotal:        4016004 kB
MemFree:          114856 kB
Active:           357384 kB
Mem:          3.8G       3.7G       112M       5.7M        28M       3.2G

MemTotal:        4016004 kB
MemFree:          114980 kB
Active:           357420 kB
Mem:          3.8G       3.7G       112M       5.7M        28M       3.2G

MemTotal:        4016004 kB
MemFree:          114980 kB
Active:           357424 kB
Mem:          3.8G       3.7G       112M       5.7M        28M       3.2G

MemTotal:        4016004 kB
MemFree:          114980 kB
Active:           357428 kB
Mem:          3.8G       3.7G       112M       5.7M        28M       3.2G

MemTotal:        4016004 kB
MemFree:          114856 kB
Active:           357428 kB
Mem:          3.8G       3.7G       112M       5.7M        28M       3.2G

MemTotal:        4016004 kB
MemFree:          114732 kB
Active:           357412 kB
Mem:          3.8G       3.7G       111M       5.7M        28M       3.2G

MemTotal:        4016004 kB
MemFree:          114980 kB
Active:           357436 kB
Mem:          3.8G       3.7G       112M       5.7M        28M       3.2G

MemTotal:        4016004 kB
MemFree:          114980 kB
Active:           357424 kB
Mem:          3.8G       3.7G       111M       5.7M        28M       3.2G

MemTotal:        4016004 kB
MemFree:          114484 kB
Active:           357444 kB
Mem:          3.8G       3.7G       111M       5.7M        28M       3.2G

MemTotal:        4016004 kB
MemFree:          113988 kB
Active:           357464 kB
Mem:          3.8G       3.7G       111M       5.7M        28M       3.2G

MemTotal:        4016004 kB
MemFree:          114856 kB
Active:           357424 kB
Mem:          3.8G       3.7G       112M       5.7M        28M       3.2G

MemTotal:        4016004 kB
MemFree:          114856 kB
Active:           357448 kB
Mem:          3.8G       3.7G       112M       5.7M        28M       3.2G

MemTotal:        4016004 kB
MemFree:          114360 kB
Active:           357464 kB
Mem:          3.8G       3.7G       111M       5.7M        28M       3.2G

MemTotal:        4016004 kB
MemFree:          113988 kB
Active:           357464 kB
Mem:          3.8G       3.7G       111M       5.7M        28M       3.2G

MemTotal:        4016004 kB
MemFree:          113740 kB
Active:           357464 kB
Mem:          3.8G       3.7G       111M       5.7M        28M       3.2G

MemTotal:        4016004 kB
MemFree:          114236 kB
Active:           357436 kB
Mem:          3.8G       3.7G       111M       5.7M        28M       3.2G

MemTotal:        4016004 kB
MemFree:          114236 kB
Active:           357460 kB
Mem:          3.8G       3.7G       111M       5.7M        28M       3.2G

MemTotal:        4016004 kB
MemFree:          114732 kB
Active:           357468 kB
Mem:          3.8G       3.7G       111M       5.7M        28M       3.2G

MemTotal:        4016004 kB
MemFree:          114608 kB
Active:           357428 kB
Mem:          3.8G       3.7G       111M       5.7M        28M       3.2G

MemTotal:        4016004 kB
MemFree:          114608 kB
Active:           357464 kB
Mem:          3.8G       3.7G       111M       5.7M        28M       3.2G

MemTotal:        4016004 kB
MemFree:          114732 kB
Active:           357432 kB
Mem:          3.8G       3.7G       112M       5.7M        28M       3.2G

MemTotal:        4016004 kB
MemFree:          114856 kB
Active:           357440 kB
Mem:          3.8G       3.7G       111M       5.7M        28M       3.2G

MemTotal:        4016004 kB
MemFree:          114948 kB
Active:           357460 kB
Mem:          3.8G       3.7G       112M       5.7M        28M       3.2G

MemTotal:        4016004 kB
MemFree:          115056 kB
Active:           357448 kB
Mem:          3.8G       3.7G       112M       5.7M        28M       3.2G

MemTotal:        4016004 kB
MemFree:          114980 kB
Active:           357464 kB
Mem:          3.8G       3.7G       112M       5.7M        28M       3.2G

MemTotal:        4016004 kB
MemFree:          114608 kB
Active:           357476 kB
Mem:          3.8G       3.7G       111M       5.7M        28M       3.2G

MemTotal:        4016004 kB
MemFree:          114856 kB
Active:           357424 kB
Mem:          3.8G       3.7G       112M       5.7M        28M       3.2G

MemTotal:        4016004 kB
MemFree:          114608 kB
Active:           357424 kB
Mem:          3.8G       3.7G       111M       5.7M        28M       3.2G

MemTotal:        4016004 kB
MemFree:          114484 kB
Active:           357448 kB
Mem:          3.8G       3.7G       111M       5.7M        28M       3.2G

MemTotal:        4016004 kB
MemFree:          114608 kB
Active:           357452 kB
Mem:          3.8G       3.7G       111M       5.7M        28M       3.2G

MemTotal:        4016004 kB
MemFree:          114732 kB
Active:           357452 kB
Mem:          3.8G       3.7G       111M       5.7M        28M       3.2G

MemTotal:        4016004 kB
MemFree:          114360 kB
Active:           357492 kB
Mem:          3.8G       3.7G       111M       5.7M        28M       3.2G

MemTotal:        4016004 kB
MemFree:          114616 kB
Active:           357460 kB
Mem:          3.8G       3.7G       111M       5.7M        28M       3.2G

MemTotal:        4016004 kB
MemFree:          114864 kB
Active:           357460 kB
Mem:          3.8G       3.7G       112M       5.7M        28M       3.2G

MemTotal:        4016004 kB
MemFree:          114616 kB
Active:           357488 kB
Mem:          3.8G       3.7G       111M       5.7M        28M       3.2G

MemTotal:        4016004 kB
MemFree:          114244 kB
Active:           357500 kB
Mem:          3.8G       3.7G       111M       5.7M        28M       3.2G

MemTotal:        4016004 kB
MemFree:          114616 kB
Active:           357472 kB
Mem:          3.8G       3.7G       111M       5.7M        28M       3.2G

MemTotal:        4016004 kB
MemFree:          114740 kB
Active:           357484 kB
Mem:          3.8G       3.7G       112M       5.7M        28M       3.2G

MemTotal:        4016004 kB
MemFree:          114740 kB
Active:           357492 kB
Mem:          3.8G       3.7G       111M       5.7M        28M       3.2G

MemTotal:        4016004 kB
MemFree:          114492 kB
Active:           357512 kB
Mem:          3.8G       3.7G       111M       5.7M        28M       3.2G

MemTotal:        4016004 kB
MemFree:          113996 kB
Active:           357512 kB
Mem:          3.8G       3.7G       111M       5.7M        28M       3.2G

MemTotal:        4016004 kB
MemFree:          114864 kB
Active:           357484 kB
Mem:          3.8G       3.7G       112M       5.7M        28M       3.2G

MemTotal:        4016004 kB
MemFree:          114988 kB
Active:           357484 kB
Mem:          3.8G       3.7G       112M       5.7M        28M       3.2G

MemTotal:        4016004 kB
MemFree:          114988 kB
Active:           357500 kB
Mem:          3.8G       3.7G       112M       5.7M        28M       3.2G

MemTotal:        4016004 kB
MemFree:          114740 kB
Active:           357492 kB
Mem:          3.8G       3.7G       112M       5.7M        28M       3.2G

MemTotal:        4016004 kB
MemFree:          114740 kB
Active:           357468 kB
Mem:          3.8G       3.7G       112M       5.7M        28M       3.2G

MemTotal:        4016004 kB
MemFree:          114740 kB
Active:           357496 kB
Mem:          3.8G       3.7G       112M       5.7M        28M       3.2G

MemTotal:        4016004 kB
MemFree:          114988 kB
Active:           357500 kB
Mem:          3.8G       3.7G       112M       5.7M        28M       3.2G

MemTotal:        4016004 kB
MemFree:          115112 kB
Active:           357488 kB
Mem:          3.8G       3.7G       112M       5.7M        28M       3.2G

MemTotal:        4016004 kB
MemFree:          115236 kB
Active:           357508 kB
Mem:          3.8G       3.7G       112M       5.7M        28M       3.2G

MemTotal:        4016004 kB
MemFree:          114988 kB
Active:           357504 kB
Mem:          3.8G       3.7G       112M       5.7M        28M       3.2G

MemTotal:        4016004 kB
MemFree:          114864 kB
Active:           357520 kB
Mem:          3.8G       3.7G       112M       5.7M        28M       3.2G

MemTotal:        4016004 kB
MemFree:          114864 kB
Active:           357476 kB
Mem:          3.8G       3.7G       112M       5.7M        28M       3.2G

MemTotal:        4016004 kB
MemFree:          115236 kB
Active:           357508 kB
Mem:          3.8G       3.7G       112M       5.7M        28M       3.2G

MemTotal:        4016004 kB
MemFree:          115236 kB
Active:           357512 kB
Mem:          3.8G       3.7G       112M       5.7M        28M       3.2G

MemTotal:        4016004 kB
MemFree:          115236 kB
Active:           357484 kB
Mem:          3.8G       3.7G       112M       5.7M        28M       3.2G

MemTotal:        4016004 kB
MemFree:          114740 kB
Active:           357540 kB
