MemTotal:        4016004 kB
MemFree:         3223804 kB
Active:           437584 kB
Mem:          3.8G       773M       3.1G       5.7M        52M       322M

MemTotal:        4016004 kB
MemFree:         3223400 kB
Active:           438020 kB
Mem:          3.8G       774M       3.1G       5.7M        52M       322M

MemTotal:        4016004 kB
MemFree:         3223276 kB
Active:           438064 kB
Mem:          3.8G       774M       3.1G       5.7M        52M       322M

MemTotal:        4016004 kB
MemFree:         3223276 kB
Active:           438104 kB
Mem:          3.8G       774M       3.1G       5.7M        52M       322M

MemTotal:        4016004 kB
MemFree:         3223152 kB
Active:           438100 kB
Mem:          3.8G       774M       3.1G       5.7M        52M       322M

MemTotal:        4016004 kB
MemFree:         3223400 kB
Active:           438072 kB
Mem:          3.8G       774M       3.1G       5.7M        52M       322M

MemTotal:        4016004 kB
MemFree:         3223524 kB
Active:           438104 kB
Mem:          3.8G       773M       3.1G       5.7M        52M       322M

MemTotal:        4016004 kB
MemFree:         3222904 kB
Active:           438128 kB
Mem:          3.8G       774M       3.1G       5.7M        52M       322M

MemTotal:        4016004 kB
MemFree:         3223028 kB
Active:           438128 kB
Mem:          3.8G       774M       3.1G       5.7M        52M       322M

MemTotal:        4016004 kB
MemFree:         3213560 kB
Active:           446212 kB
Mem:          3.8G       783M       3.1G       5.7M        59M       322M

MemTotal:        4016004 kB
MemFree:         3213984 kB
Active:           446084 kB
Mem:          3.8G       783M       3.1G       5.7M        59M       322M

MemTotal:        4016004 kB
MemFree:         3213984 kB
Active:           446104 kB
Mem:          3.8G       783M       3.1G       5.7M        59M       322M

MemTotal:        4016004 kB
MemFree:         3213860 kB
Active:           446068 kB
Mem:          3.8G       783M       3.1G       5.7M        59M       322M

MemTotal:        4016004 kB
MemFree:         3214108 kB
Active:           446060 kB
Mem:          3.8G       783M       3.1G       5.7M        59M       322M

MemTotal:        4016004 kB
MemFree:         3214016 kB
Active:           446076 kB
Mem:          3.8G       783M       3.1G       5.7M        59M       322M

MemTotal:        4016004 kB
MemFree:         3214140 kB
Active:           446072 kB
Mem:          3.8G       783M       3.1G       5.7M        59M       322M

MemTotal:        4016004 kB
MemFree:         3214140 kB
Active:           446064 kB
Mem:          3.8G       783M       3.1G       5.7M        59M       322M

MemTotal:        4016004 kB
MemFree:         3214188 kB
Active:           446108 kB
Mem:          3.8G       783M       3.1G       5.7M        59M       322M

MemTotal:        4016004 kB
MemFree:         3214188 kB
Active:           446088 kB
Mem:          3.8G       783M       3.1G       5.7M        59M       322M

MemTotal:        4016004 kB
MemFree:         3213692 kB
Active:           446124 kB
Mem:          3.8G       783M       3.1G       5.7M        59M       322M

MemTotal:        4016004 kB
MemFree:         3213924 kB
Active:           446108 kB
Mem:          3.8G       783M       3.1G       5.7M        59M       322M

MemTotal:        4016004 kB
MemFree:         3213908 kB
Active:           446116 kB
Mem:          3.8G       783M       3.1G       5.7M        59M       322M

MemTotal:        4016004 kB
MemFree:         3214140 kB
Active:           446076 kB
Mem:          3.8G       783M       3.1G       5.7M        59M       322M

MemTotal:        4016004 kB
MemFree:         3213752 kB
Active:           446096 kB
Mem:          3.8G       783M       3.1G       5.7M        59M       322M

MemTotal:        4016004 kB
MemFree:         3213380 kB
Active:           446124 kB
Mem:          3.8G       783M       3.1G       5.7M        59M       322M

MemTotal:        4016004 kB
MemFree:         3214124 kB
Active:           446076 kB
Mem:          3.8G       783M       3.1G       5.7M        59M       322M

MemTotal:        4016004 kB
MemFree:         3213876 kB
Active:           446096 kB
Mem:          3.8G       783M       3.1G       5.7M        59M       322M

MemTotal:        4016004 kB
MemFree:         3213752 kB
Active:           446108 kB
Mem:          3.8G       783M       3.1G       5.7M        59M       322M

MemTotal:        4016004 kB
MemFree:         3213752 kB
Active:           446084 kB
Mem:          3.8G       783M       3.1G       5.7M        59M       322M

MemTotal:        4016004 kB
MemFree:         3213752 kB
Active:           446096 kB
Mem:          3.8G       783M       3.1G       5.7M        59M       322M

MemTotal:        4016004 kB
MemFree:         3214000 kB
Active:           446120 kB
Mem:          3.8G       783M       3.1G       5.7M        59M       322M

MemTotal:        4016004 kB
MemFree:         3213612 kB
Active:           446132 kB
Mem:          3.8G       783M       3.1G       5.7M        59M       322M

MemTotal:        4016004 kB
MemFree:         3213472 kB
Active:           446112 kB
Mem:          3.8G       783M       3.1G       5.7M        59M       322M

MemTotal:        4016004 kB
MemFree:         3213656 kB
Active:           444092 kB
Mem:          3.8G       783M       3.1G       5.7M        59M       322M

MemTotal:        4016004 kB
MemFree:         3213408 kB
Active:           446140 kB
Mem:          3.8G       783M       3.1G       5.7M        59M       322M

MemTotal:        4016004 kB
MemFree:         3213780 kB
Active:           446128 kB
Mem:          3.8G       783M       3.1G       5.7M        59M       322M

MemTotal:        4016004 kB
MemFree:         3213828 kB
Active:           446100 kB
Mem:          3.8G       783M       3.1G       5.7M        59M       322M

MemTotal:        4016004 kB
MemFree:         3213952 kB
Active:           446104 kB
Mem:          3.8G       783M       3.1G       5.7M        59M       322M

MemTotal:        4016004 kB
MemFree:         3213952 kB
Active:           446120 kB
Mem:          3.8G       783M       3.1G       5.7M        59M       322M

MemTotal:        4016004 kB
MemFree:         3213828 kB
Active:           446132 kB
Mem:          3.8G       783M       3.1G       5.7M        59M       322M

MemTotal:        4016004 kB
MemFree:         3213504 kB
Active:           446152 kB
Mem:          3.8G       783M       3.1G       5.7M        59M       322M

MemTotal:        4016004 kB
MemFree:         3213504 kB
Active:           446108 kB
Mem:          3.8G       783M       3.1G       5.7M        59M       322M

MemTotal:        4016004 kB
MemFree:         3214000 kB
Active:           446116 kB
Mem:          3.8G       783M       3.1G       5.7M        59M       322M

MemTotal:        4016004 kB
MemFree:         3214056 kB
Active:           444096 kB
Mem:          3.8G       783M       3.1G       5.7M        59M       322M

MemTotal:        4016004 kB
MemFree:         3213932 kB
Active:           444088 kB
Mem:          3.8G       783M       3.1G       5.7M        59M       322M

MemTotal:        4016004 kB
MemFree:         3214148 kB
Active:           446136 kB
Mem:          3.8G       783M       3.1G       5.7M        59M       322M

MemTotal:        4016004 kB
MemFree:         3214396 kB
Active:           446136 kB
Mem:          3.8G       783M       3.1G       5.7M        59M       322M

MemTotal:        4016004 kB
MemFree:         3214148 kB
Active:           446132 kB
Mem:          3.8G       783M       3.1G       5.7M        59M       322M

MemTotal:        4016004 kB
MemFree:         3214024 kB
Active:           446132 kB
Mem:          3.8G       783M       3.1G       5.7M        59M       322M

MemTotal:        4016004 kB
MemFree:         3214304 kB
Active:           446132 kB
Mem:          3.8G       783M       3.1G       5.7M        59M       322M

MemTotal:        4016004 kB
MemFree:         3214304 kB
Active:           446144 kB
Mem:          3.8G       782M       3.1G       5.7M        59M       322M

MemTotal:        4016004 kB
MemFree:         3214180 kB
Active:           446164 kB
Mem:          3.8G       783M       3.1G       5.7M        59M       322M

MemTotal:        4016004 kB
MemFree:         3214056 kB
Active:           446148 kB
Mem:          3.8G       783M       3.1G       5.7M        59M       322M

MemTotal:        4016004 kB
MemFree:         3214056 kB
Active:           446148 kB
Mem:          3.8G       783M       3.1G       5.7M        59M       322M

MemTotal:        4016004 kB
MemFree:         3213932 kB
Active:           446168 kB
Mem:          3.8G       783M       3.1G       5.7M        59M       322M

MemTotal:        4016004 kB
MemFree:         3214180 kB
Active:           446172 kB
Mem:          3.8G       782M       3.1G       5.7M        59M       322M

MemTotal:        4016004 kB
MemFree:         3214056 kB
Active:           446148 kB
Mem:          3.8G       783M       3.1G       5.7M        59M       322M

MemTotal:        4016004 kB
MemFree:         3213684 kB
Active:           446204 kB
Mem:          3.8G       783M       3.1G       5.7M        59M       322M

MemTotal:        4016004 kB
MemFree:         3213684 kB
Active:           446192 kB
Mem:          3.8G       783M       3.1G       5.7M        59M       322M

MemTotal:        4016004 kB
MemFree:         3213808 kB
Active:           446180 kB
Mem:          3.8G       783M       3.1G       5.7M        59M       322M

MemTotal:        4016004 kB
MemFree:         3213808 kB
Active:           446200 kB
Mem:          3.8G       783M       3.1G       5.7M        59M       322M

MemTotal:        4016004 kB
MemFree:         3213668 kB
Active:           446176 kB
Mem:          3.8G       783M       3.1G       5.7M        59M       322M

MemTotal:        4016004 kB
MemFree:         3213792 kB
Active:           446200 kB
Mem:          3.8G       783M       3.1G       5.7M        59M       322M

MemTotal:        4016004 kB
MemFree:         3213468 kB
Active:           444216 kB
Mem:          3.8G       784M       3.1G       5.7M        59M       322M

MemTotal:        4016004 kB
MemFree:         3212956 kB
Active:           444256 kB
Mem:          3.8G       783M       3.1G       5.7M        59M       322M

MemTotal:        4016004 kB
MemFree:         3213188 kB
Active:           446296 kB
Mem:          3.8G       784M       3.1G       5.7M        59M       322M

MemTotal:        4016004 kB
MemFree:         3213188 kB
Active:           446248 kB
Mem:          3.8G       783M       3.1G       5.7M        59M       322M

MemTotal:        4016004 kB
MemFree:         3213312 kB
Active:           446256 kB
Mem:          3.8G       783M       3.1G       5.7M        59M       322M

MemTotal:        4016004 kB
MemFree:         3212940 kB
Active:           446304 kB
Mem:          3.8G       784M       3.1G       5.7M        59M       322M

MemTotal:        4016004 kB
MemFree:         3213436 kB
Active:           446304 kB
Mem:          3.8G       783M       3.1G       5.7M        59M       322M

MemTotal:        4016004 kB
MemFree:         3213436 kB
Active:           446288 kB
Mem:          3.8G       783M       3.1G       5.7M        59M       322M

MemTotal:        4016004 kB
MemFree:         3213468 kB
Active:           446284 kB
Mem:          3.8G       783M       3.1G       5.7M        59M       322M

MemTotal:        4016004 kB
MemFree:         3213344 kB
Active:           446304 kB
Mem:          3.8G       784M       3.1G       5.7M        59M       322M

MemTotal:        4016004 kB
MemFree:         3213092 kB
Active:           444244 kB
Mem:          3.8G       783M       3.1G       5.7M        59M       322M

MemTotal:        4016004 kB
MemFree:         3213836 kB
Active:           446292 kB
Mem:          3.8G       783M       3.1G       5.7M        59M       322M

MemTotal:        4016004 kB
MemFree:         3213588 kB
Active:           446300 kB
Mem:          3.8G       783M       3.1G       5.7M        59M       322M

MemTotal:        4016004 kB
MemFree:         3213216 kB
Active:           446316 kB
Mem:          3.8G       783M       3.1G       5.7M        59M       322M

MemTotal:        4016004 kB
MemFree:         3213216 kB
Active:           446316 kB
Mem:          3.8G       783M       3.1G       5.7M        59M       322M

MemTotal:        4016004 kB
MemFree:         3213712 kB
Active:           446308 kB
Mem:          3.8G       783M       3.1G       5.7M        59M       322M

MemTotal:        4016004 kB
MemFree:         3213712 kB
Active:           446312 kB
Mem:          3.8G       783M       3.1G       5.7M        59M       322M

MemTotal:        4016004 kB
MemFree:         3213836 kB
Active:           446260 kB
Mem:          3.8G       783M       3.1G       5.7M        59M       322M

MemTotal:        4016004 kB
MemFree:         3213836 kB
Active:           446272 kB
Mem:          3.8G       783M       3.1G       5.7M        59M       322M

MemTotal:        4016004 kB
MemFree:         3212776 kB
Active:           445412 kB
Mem:          3.8G       784M       3.1G       5.7M        59M       322M

MemTotal:        4016004 kB
MemFree:         3212904 kB
Active:           447400 kB
Mem:          3.8G       784M       3.1G       5.7M        59M       322M

MemTotal:        4016004 kB
MemFree:         3212532 kB
Active:           447412 kB
Mem:          3.8G       784M       3.1G       5.7M        59M       322M

MemTotal:        4016004 kB
MemFree:         3212656 kB
Active:           447364 kB
Mem:          3.8G       784M       3.1G       5.7M        59M       322M

MemTotal:        4016004 kB
MemFree:         3212780 kB
Active:           447372 kB
Mem:          3.8G       784M       3.1G       5.7M        59M       322M

MemTotal:        4016004 kB
MemFree:         3212500 kB
Active:           447372 kB
Mem:          3.8G       784M       3.1G       5.7M        59M       322M

MemTotal:        4016004 kB
MemFree:         3212268 kB
Active:           447420 kB
Mem:          3.8G       785M       3.1G       5.7M        59M       322M

MemTotal:        4016004 kB
MemFree:         3212392 kB
Active:           447388 kB
Mem:          3.8G       784M       3.1G       5.7M        59M       322M

MemTotal:        4016004 kB
MemFree:         3212640 kB
Active:           447372 kB
Mem:          3.8G       784M       3.1G       5.7M        59M       322M

MemTotal:        4016004 kB
MemFree:         3212672 kB
Active:           447376 kB
Mem:          3.8G       784M       3.1G       5.7M        59M       322M

MemTotal:        4016004 kB
MemFree:         3212548 kB
Active:           447420 kB
Mem:          3.8G       784M       3.1G       5.7M        59M       322M

MemTotal:        4016004 kB
MemFree:         3212672 kB
Active:           447380 kB
Mem:          3.8G       784M       3.1G       5.7M        59M       322M

MemTotal:        4016004 kB
MemFree:         3212268 kB
Active:           447424 kB
Mem:          3.8G       785M       3.1G       5.7M        59M       322M

MemTotal:        4016004 kB
MemFree:         3212284 kB
Active:           447384 kB
Mem:          3.8G       785M       3.1G       5.7M        59M       322M

MemTotal:        4016004 kB
MemFree:         3212236 kB
Active:           447412 kB
Mem:          3.8G       785M       3.1G       5.7M        59M       322M

MemTotal:        4016004 kB
MemFree:         3212144 kB
Active:           447420 kB
Mem:          3.8G       785M       3.1G       5.7M        59M       322M

MemTotal:        4016004 kB
MemFree:         3211772 kB
Active:           447436 kB
Mem:          3.8G       785M       3.1G       5.7M        59M       322M

MemTotal:        4016004 kB
MemFree:         3211896 kB
Active:           447436 kB
Mem:          3.8G       784M       3.1G       5.7M        59M       322M

MemTotal:        4016004 kB
MemFree:         3212020 kB
Active:           447436 kB
Mem:          3.8G       784M       3.1G       5.7M        59M       322M

MemTotal:        4016004 kB
MemFree:         2805928 kB
Active:           457676 kB
Mem:          3.8G       1.2G       2.7G       5.7M        59M       702M

MemTotal:        4016004 kB
MemFree:         2756336 kB
Active:           457880 kB
Mem:          3.8G       1.2G       2.6G       5.7M        59M       750M

MemTotal:        4016004 kB
MemFree:         2709980 kB
Active:           458084 kB
Mem:          3.8G       1.2G       2.6G       5.7M        59M       794M

MemTotal:        4016004 kB
MemFree:         2667360 kB
Active:           458252 kB
Mem:          3.8G       1.3G       2.5G       5.7M        59M       833M

MemTotal:        4016004 kB
MemFree:         2619020 kB
Active:           458444 kB
Mem:          3.8G       1.3G       2.5G       5.7M        59M       878M

MemTotal:        4016004 kB
MemFree:         2573088 kB
Active:           458628 kB
Mem:          3.8G       1.4G       2.5G       5.7M        59M       922M

MemTotal:        4016004 kB
MemFree:         2534084 kB
Active:           458796 kB
Mem:          3.8G       1.4G       2.4G       5.7M        59M       959M

MemTotal:        4016004 kB
MemFree:         2494156 kB
Active:           458956 kB
Mem:          3.8G       1.5G       2.4G       5.7M        59M       996M

MemTotal:        4016004 kB
MemFree:         2446112 kB
Active:           459120 kB
Mem:          3.8G       1.5G       2.3G       5.7M        60M       1.0G

MemTotal:        4016004 kB
MemFree:         2400436 kB
Active:           459320 kB
Mem:          3.8G       1.5G       2.3G       5.7M        60M       1.1G

MemTotal:        4016004 kB
MemFree:         2358036 kB
Active:           459476 kB
Mem:          3.8G       1.6G       2.2G       5.7M        60M       1.1G

MemTotal:        4016004 kB
MemFree:         2346672 kB
Active:           457508 kB
Mem:          3.8G       1.6G       2.2G       5.7M        60M       1.1G

MemTotal:        4016004 kB
MemFree:         2346072 kB
Active:           459508 kB
Mem:          3.8G       1.6G       2.2G       5.7M        60M       1.1G

MemTotal:        4016004 kB
MemFree:         2270256 kB
Active:           459808 kB
Mem:          3.8G       1.7G       2.2G       5.7M        60M       1.2G

MemTotal:        4016004 kB
MemFree:         2192188 kB
Active:           460136 kB
Mem:          3.8G       1.7G       2.1G       5.7M        60M       1.3G

MemTotal:        4016004 kB
MemFree:         2151132 kB
Active:           460292 kB
Mem:          3.8G       1.8G       2.1G       5.7M        60M       1.3G

MemTotal:        4016004 kB
MemFree:         2110220 kB
Active:           460476 kB
Mem:          3.8G       1.8G       2.0G       5.7M        60M       1.3G

MemTotal:        4016004 kB
MemFree:         2063772 kB
Active:           460652 kB
Mem:          3.8G       1.9G       2.0G       5.7M        60M       1.4G

MemTotal:        4016004 kB
MemFree:         2029100 kB
Active:           460844 kB
Mem:          3.8G       1.9G       1.9G       5.7M        60M       1.4G

MemTotal:        4016004 kB
MemFree:         1994256 kB
Active:           460960 kB
Mem:          3.8G       1.9G       1.9G       5.7M        60M       1.4G

MemTotal:        4016004 kB
MemFree:         1934904 kB
Active:           461160 kB
Mem:          3.8G       2.0G       1.8G       5.7M        60M       1.5G

MemTotal:        4016004 kB
MemFree:         1892724 kB
Active:           461376 kB
Mem:          3.8G       2.0G       1.8G       5.7M        60M       1.5G

MemTotal:        4016004 kB
MemFree:         1848284 kB
Active:           461548 kB
Mem:          3.8G       2.1G       1.8G       5.7M        60M       1.6G

MemTotal:        4016004 kB
MemFree:         1817624 kB
Active:           461688 kB
Mem:          3.8G       2.1G       1.7G       5.7M        60M       1.6G

MemTotal:        4016004 kB
MemFree:         1665960 kB
Active:           462348 kB
Mem:          3.8G       2.2G       1.6G       5.7M        60M       1.7G

MemTotal:        4016004 kB
MemFree:         1602420 kB
Active:           462596 kB
Mem:          3.8G       2.3G       1.5G       5.7M        60M       1.8G

MemTotal:        4016004 kB
MemFree:         1550552 kB
Active:           462824 kB
Mem:          3.8G       2.4G       1.5G       5.7M        60M       1.8G

MemTotal:        4016004 kB
MemFree:         1507592 kB
Active:           462996 kB
Mem:          3.8G       2.4G       1.4G       5.7M        60M       1.9G

MemTotal:        4016004 kB
MemFree:         1467004 kB
Active:           463172 kB
Mem:          3.8G       2.4G       1.4G       5.7M        60M       1.9G

MemTotal:        4016004 kB
MemFree:         1419732 kB
Active:           463364 kB
Mem:          3.8G       2.5G       1.4G       5.7M        60M       2.0G

MemTotal:        4016004 kB
MemFree:         1376500 kB
Active:           463564 kB
Mem:          3.8G       2.5G       1.3G       5.7M        60M       2.0G

MemTotal:        4016004 kB
MemFree:         1329268 kB
Active:           463756 kB
Mem:          3.8G       2.6G       1.3G       5.7M        60M       2.1G

MemTotal:        4016004 kB
MemFree:         1288316 kB
Active:           463936 kB
Mem:          3.8G       2.6G       1.2G       5.7M        60M       2.1G

MemTotal:        4016004 kB
MemFree:         1246976 kB
Active:           464076 kB
Mem:          3.8G       2.6G       1.2G       5.7M        60M       2.1G

MemTotal:        4016004 kB
MemFree:         1203612 kB
Active:           464252 kB
Mem:          3.8G       2.7G       1.1G       5.7M        60M       2.2G

MemTotal:        4016004 kB
MemFree:         1157960 kB
Active:           464444 kB
Mem:          3.8G       2.7G       1.1G       5.7M        60M       2.2G

MemTotal:        4016004 kB
MemFree:         1137080 kB
Active:           464552 kB
Mem:          3.8G       2.7G       1.1G       5.7M        60M       2.2G

MemTotal:        4016004 kB
MemFree:         1093600 kB
Active:           464696 kB
Mem:          3.8G       2.8G       1.0G       5.7M        60M       2.3G

MemTotal:        4016004 kB
MemFree:          977904 kB
Active:           464960 kB
Mem:          3.8G       2.9G       954M       5.7M        60M       2.4G

MemTotal:        4016004 kB
MemFree:          923024 kB
Active:           465192 kB
Mem:          3.8G       3.0G       900M       5.7M        60M       2.4G

MemTotal:        4016004 kB
MemFree:          884956 kB
Active:           465424 kB
Mem:          3.8G       3.0G       863M       5.7M        60M       2.5G

MemTotal:        4016004 kB
MemFree:          861292 kB
Active:           465592 kB
Mem:          3.8G       3.0G       840M       5.7M        60M       2.5G

MemTotal:        4016004 kB
MemFree:          827740 kB
Active:           465712 kB
Mem:          3.8G       3.0G       807M       5.7M        60M       2.5G

MemTotal:        4016004 kB
MemFree:          765488 kB
Active:           466016 kB
Mem:          3.8G       3.1G       747M       5.7M        60M       2.6G

MemTotal:        4016004 kB
MemFree:          681900 kB
Active:           466336 kB
Mem:          3.8G       3.2G       665M       5.7M        60M       2.7G

MemTotal:        4016004 kB
MemFree:          629600 kB
Active:           466564 kB
Mem:          3.8G       3.2G       614M       5.7M        60M       2.7G

MemTotal:        4016004 kB
MemFree:          596208 kB
Active:           466688 kB
Mem:          3.8G       3.3G       581M       5.7M        60M       2.7G

MemTotal:        4016004 kB
MemFree:          556964 kB
Active:           466828 kB
Mem:          3.8G       3.3G       543M       5.7M        60M       2.8G

MemTotal:        4016004 kB
MemFree:          493860 kB
Active:           467084 kB
Mem:          3.8G       3.4G       481M       5.7M        60M       2.8G

MemTotal:        4016004 kB
MemFree:          443908 kB
Active:           467280 kB
Mem:          3.8G       3.4G       432M       5.7M        60M       2.9G

MemTotal:        4016004 kB
MemFree:          407612 kB
Active:           467436 kB
Mem:          3.8G       3.4G       397M       5.7M        60M       2.9G

MemTotal:        4016004 kB
MemFree:          373784 kB
Active:           467572 kB
Mem:          3.8G       3.5G       364M       5.7M        60M       2.9G

MemTotal:        4016004 kB
MemFree:          340040 kB
Active:           467700 kB
Mem:          3.8G       3.5G       331M       5.7M        60M       3.0G

MemTotal:        4016004 kB
MemFree:          306552 kB
Active:           467836 kB
Mem:          3.8G       3.5G       298M       5.7M        60M       3.0G

MemTotal:        4016004 kB
MemFree:          240968 kB
Active:           468092 kB
Mem:          3.8G       3.6G       233M       5.7M        60M       3.1G

MemTotal:        4016004 kB
MemFree:          183576 kB
Active:           468304 kB
Mem:          3.8G       3.7G       179M       5.7M        60M       3.1G

MemTotal:        4016004 kB
MemFree:          156480 kB
Active:           466392 kB
Mem:          3.8G       3.7G       152M       5.7M        60M       3.1G

MemTotal:        4016004 kB
MemFree:          131912 kB
Active:           468536 kB
Mem:          3.8G       3.7G       128M       5.7M        60M       3.2G

MemTotal:        4016004 kB
MemFree:          131496 kB
Active:           466356 kB
Mem:          3.8G       3.7G       114M       5.7M        27M       3.2G

MemTotal:        4016004 kB
MemFree:          177792 kB
Active:           526300 kB
Mem:          3.8G       3.7G       126M       5.7M        27M       3.2G

MemTotal:        4016004 kB
MemFree:          140312 kB
Active:           490580 kB
Mem:          3.8G       3.7G       136M       5.7M        27M       3.2G

MemTotal:        4016004 kB
MemFree:          118708 kB
Active:           488724 kB
Mem:          3.8G       3.7G       115M       5.7M        27M       3.2G

MemTotal:        4016004 kB
MemFree:          126052 kB
Active:           487104 kB
Mem:          3.8G       3.7G       122M       5.7M        27M       3.2G

MemTotal:        4016004 kB
MemFree:          105904 kB
Active:           487056 kB
Mem:          3.8G       3.7G       102M       5.7M        27M       3.2G

MemTotal:        4016004 kB
MemFree:          106448 kB
Active:           486504 kB
Mem:          3.8G       3.7G       102M       5.7M        27M       3.2G

MemTotal:        4016004 kB
MemFree:          121040 kB
Active:           481236 kB
Mem:          3.8G       3.7G       116M       5.7M        27M       3.2G

MemTotal:        4016004 kB
MemFree:          113520 kB
Active:           480556 kB
Mem:          3.8G       3.7G       110M       5.7M        27M       3.2G

MemTotal:        4016004 kB
MemFree:          132972 kB
Active:           479548 kB
Mem:          3.8G       3.7G       129M       5.7M        27M       3.2G

MemTotal:        4016004 kB
MemFree:          122140 kB
Active:           479020 kB
Mem:          3.8G       3.7G       119M       5.7M        27M       3.2G

MemTotal:        4016004 kB
MemFree:          131816 kB
Active:           477708 kB
Mem:          3.8G       3.7G       129M       5.7M        27M       3.2G

MemTotal:        4016004 kB
MemFree:          123144 kB
Active:           476652 kB
Mem:          3.8G       3.7G       120M       5.7M        27M       3.2G

MemTotal:        4016004 kB
MemFree:          129664 kB
Active:           476712 kB
Mem:          3.8G       3.7G       125M       5.7M        27M       3.2G

MemTotal:        4016004 kB
MemFree:          116688 kB
Active:           473560 kB
Mem:          3.8G       3.7G       113M       5.7M        27M       3.2G

MemTotal:        4016004 kB
MemFree:          116940 kB
Active:           473548 kB
Mem:          3.8G       3.7G       114M       5.7M        27M       3.2G

MemTotal:        4016004 kB
MemFree:          132408 kB
Active:           466676 kB
Mem:          3.8G       3.7G       128M       5.7M        27M       3.2G

MemTotal:        4016004 kB
MemFree:          111016 kB
Active:           465532 kB
Mem:          3.8G       3.7G       107M       5.7M        27M       3.2G

MemTotal:        4016004 kB
MemFree:          126548 kB
Active:           463720 kB
Mem:          3.8G       3.7G       123M       5.7M        27M       3.2G

MemTotal:        4016004 kB
MemFree:          125016 kB
Active:           462352 kB
Mem:          3.8G       3.7G       121M       5.7M        27M       3.2G

MemTotal:        4016004 kB
MemFree:          112272 kB
Active:           459548 kB
Mem:          3.8G       3.7G       109M       5.7M        27M       3.2G

MemTotal:        4016004 kB
MemFree:          124072 kB
Active:           458724 kB
Mem:          3.8G       3.7G       120M       5.7M        27M       3.2G

MemTotal:        4016004 kB
MemFree:          106312 kB
Active:           458712 kB
Mem:          3.8G       3.7G       103M       5.7M        27M       3.2G

MemTotal:        4016004 kB
MemFree:          129196 kB
Active:           458504 kB
Mem:          3.8G       3.7G       125M       5.7M        27M       3.2G

MemTotal:        4016004 kB
MemFree:          118936 kB
Active:           453720 kB
Mem:          3.8G       3.7G       115M       5.7M        27M       3.2G

MemTotal:        4016004 kB
MemFree:          128564 kB
Active:           451516 kB
Mem:          3.8G       3.7G       125M       5.7M        27M       3.2G

MemTotal:        4016004 kB
MemFree:          127580 kB
Active:           451604 kB
Mem:          3.8G       3.7G       124M       5.7M        27M       3.2G

MemTotal:        4016004 kB
MemFree:          127400 kB
Active:           451608 kB
Mem:          3.8G       3.7G       124M       5.7M        27M       3.2G

MemTotal:        4016004 kB
MemFree:          123916 kB
Active:           447720 kB
Mem:          3.8G       3.7G       119M       5.7M        27M       3.2G

MemTotal:        4016004 kB
MemFree:          115940 kB
Active:           446736 kB
Mem:          3.8G       3.7G       112M       5.7M        27M       3.2G

MemTotal:        4016004 kB
MemFree:          108532 kB
Active:           445956 kB
Mem:          3.8G       3.7G       105M       5.7M        27M       3.2G

MemTotal:        4016004 kB
MemFree:          124988 kB
Active:           444212 kB
Mem:          3.8G       3.7G       121M       5.7M        27M       3.2G

MemTotal:        4016004 kB
MemFree:          141820 kB
Active:           441448 kB
Mem:          3.8G       3.7G       138M       5.7M        27M       3.2G

MemTotal:        4016004 kB
MemFree:          123728 kB
Active:           441152 kB
Mem:          3.8G       3.7G       120M       5.7M        27M       3.2G

MemTotal:        4016004 kB
MemFree:          126456 kB
Active:           440052 kB
Mem:          3.8G       3.7G       123M       5.7M        27M       3.2G

MemTotal:        4016004 kB
MemFree:          124220 kB
Active:           433896 kB
Mem:          3.8G       3.7G       120M       5.7M        27M       3.2G

MemTotal:        4016004 kB
MemFree:          127080 kB
Active:           432380 kB
Mem:          3.8G       3.7G       123M       5.7M        27M       3.2G

MemTotal:        4016004 kB
MemFree:          106388 kB
Active:           432240 kB
Mem:          3.8G       3.7G       103M       5.7M        27M       3.2G

MemTotal:        4016004 kB
MemFree:          109172 kB
Active:           431668 kB
Mem:          3.8G       3.7G       106M       5.7M        27M       3.2G

MemTotal:        4016004 kB
MemFree:          125416 kB
Active:           427668 kB
Mem:          3.8G       3.7G       122M       5.7M        27M       3.2G

MemTotal:        4016004 kB
MemFree:          130944 kB
Active:           424404 kB
Mem:          3.8G       3.7G       127M       5.7M        27M       3.2G

MemTotal:        4016004 kB
MemFree:          142096 kB
Active:           422248 kB
Mem:          3.8G       3.7G       141M       5.7M        27M       3.2G

MemTotal:        4016004 kB
MemFree:          118572 kB
Active:           422244 kB
Mem:          3.8G       3.7G       115M       5.7M        27M       3.2G

MemTotal:        4016004 kB
MemFree:          123720 kB
Active:           421348 kB
Mem:          3.8G       3.7G       120M       5.7M        27M       3.2G

MemTotal:        4016004 kB
MemFree:          117280 kB
Active:           419812 kB
Mem:          3.8G       3.7G       114M       5.7M        27M       3.2G

MemTotal:        4016004 kB
MemFree:          125476 kB
Active:           417676 kB
Mem:          3.8G       3.7G       121M       5.7M        27M       3.2G

MemTotal:        4016004 kB
MemFree:          118080 kB
Active:           414244 kB
Mem:          3.8G       3.7G       115M       5.7M        27M       3.2G

MemTotal:        4016004 kB
MemFree:          124716 kB
Active:           413272 kB
Mem:          3.8G       3.7G       121M       5.7M        27M       3.2G

MemTotal:        4016004 kB
MemFree:          126840 kB
Active:           412596 kB
Mem:          3.8G       3.7G       123M       5.7M        27M       3.2G

MemTotal:        4016004 kB
MemFree:          111992 kB
Active:           412048 kB
Mem:          3.8G       3.7G       109M       5.7M        27M       3.2G

MemTotal:        4016004 kB
MemFree:          106524 kB
Active:           408608 kB
Mem:          3.8G       3.7G       103M       5.7M        27M       3.2G

MemTotal:        4016004 kB
MemFree:          142988 kB
Active:           408748 kB
Mem:          3.8G       3.7G       139M       5.7M        27M       3.2G

MemTotal:        4016004 kB
MemFree:          120344 kB
Active:           408984 kB
Mem:          3.8G       3.7G       117M       5.7M        27M       3.2G

MemTotal:        4016004 kB
MemFree:          136316 kB
Active:           408968 kB
Mem:          3.8G       3.7G       136M       5.7M        27M       3.2G

MemTotal:        4016004 kB
MemFree:          108996 kB
Active:           409020 kB
Mem:          3.8G       3.7G       105M       5.7M        27M       3.2G

MemTotal:        4016004 kB
MemFree:          141556 kB
Active:           409192 kB
Mem:          3.8G       3.7G       137M       5.7M        27M       3.2G

MemTotal:        4016004 kB
MemFree:          139040 kB
Active:           409492 kB
Mem:          3.8G       3.7G       135M       5.7M        27M       3.2G

MemTotal:        4016004 kB
MemFree:          126604 kB
Active:           409712 kB
Mem:          3.8G       3.7G       123M       5.7M        27M       3.2G

MemTotal:        4016004 kB
MemFree:          126368 kB
Active:           409836 kB
Mem:          3.8G       3.7G       123M       5.7M        27M       3.2G

MemTotal:        4016004 kB
MemFree:          133920 kB
Active:           409952 kB
Mem:          3.8G       3.7G       130M       5.7M        27M       3.2G

MemTotal:        4016004 kB
MemFree:          137280 kB
Active:           410012 kB
Mem:          3.8G       3.7G       133M       5.7M        27M       3.2G

MemTotal:        4016004 kB
MemFree:          119636 kB
Active:           410232 kB
Mem:          3.8G       3.7G       116M       5.7M        27M       3.2G

MemTotal:        4016004 kB
MemFree:          129196 kB
Active:           410492 kB
Mem:          3.8G       3.7G       125M       5.7M        27M       3.2G

MemTotal:        4016004 kB
MemFree:          127008 kB
Active:           410624 kB
Mem:          3.8G       3.7G       123M       5.7M        27M       3.2G

MemTotal:        4016004 kB
MemFree:          119508 kB
Active:           410728 kB
Mem:          3.8G       3.7G       116M       5.7M        27M       3.2G

MemTotal:        4016004 kB
MemFree:          109932 kB
Active:           410832 kB
Mem:          3.8G       3.7G       106M       5.7M        27M       3.2G

MemTotal:        4016004 kB
MemFree:          135484 kB
Active:           411048 kB
Mem:          3.8G       3.7G       131M       5.7M        27M       3.2G

MemTotal:        4016004 kB
MemFree:          140236 kB
Active:           411320 kB
Mem:          3.8G       3.7G       136M       5.7M        27M       3.2G

MemTotal:        4016004 kB
MemFree:          134108 kB
Active:           411416 kB
Mem:          3.8G       3.7G       130M       5.7M        27M       3.2G

MemTotal:        4016004 kB
MemFree:          113028 kB
Active:           411716 kB
Mem:          3.8G       3.7G       109M       5.7M        27M       3.2G

MemTotal:        4016004 kB
MemFree:          126580 kB
Active:           411900 kB
Mem:          3.8G       3.7G       132M       5.7M        27M       3.2G

MemTotal:        4016004 kB
MemFree:          131160 kB
Active:           412060 kB
Mem:          3.8G       3.7G       127M       5.7M        27M       3.2G

MemTotal:        4016004 kB
MemFree:          128536 kB
Active:           412212 kB
Mem:          3.8G       3.7G       124M       5.7M        27M       3.2G

MemTotal:        4016004 kB
MemFree:          127144 kB
Active:           412364 kB
Mem:          3.8G       3.7G       124M       5.7M        27M       3.2G

MemTotal:        4016004 kB
MemFree:          115768 kB
Active:           412468 kB
Mem:          3.8G       3.7G       113M       5.7M        27M       3.2G

MemTotal:        4016004 kB
MemFree:          114096 kB
Active:           412388 kB
Mem:          3.8G       3.7G       111M       5.7M        27M       3.2G

MemTotal:        4016004 kB
MemFree:          145992 kB
Active:           412652 kB
Mem:          3.8G       3.7G       142M       5.7M        27M       3.2G

MemTotal:        4016004 kB
MemFree:          131876 kB
Active:           412920 kB
Mem:          3.8G       3.7G       127M       5.7M        27M       3.2G

MemTotal:        4016004 kB
MemFree:          108872 kB
Active:           413176 kB
Mem:          3.8G       3.7G       105M       5.7M        27M       3.2G

MemTotal:        4016004 kB
MemFree:          130492 kB
Active:           413304 kB
Mem:          3.8G       3.7G       127M       5.7M        27M       3.2G

MemTotal:        4016004 kB
MemFree:          130184 kB
Active:           413432 kB
Mem:          3.8G       3.7G       126M       5.7M        27M       3.2G

MemTotal:        4016004 kB
MemFree:          135092 kB
Active:           410956 kB
Mem:          3.8G       3.7G       132M       5.7M        27M       3.2G

MemTotal:        4016004 kB
MemFree:          131636 kB
Active:           411192 kB
Mem:          3.8G       3.7G       128M       5.7M        27M       3.2G

MemTotal:        4016004 kB
MemFree:          129664 kB
Active:           411388 kB
Mem:          3.8G       3.7G       125M       5.7M        27M       3.2G

MemTotal:        4016004 kB
MemFree:          142280 kB
Active:           411540 kB
Mem:          3.8G       3.7G       138M       5.7M        27M       3.2G

MemTotal:        4016004 kB
MemFree:          110040 kB
Active:           411636 kB
Mem:          3.8G       3.7G       107M       5.7M        27M       3.2G

MemTotal:        4016004 kB
MemFree:          124784 kB
Active:           411796 kB
Mem:          3.8G       3.7G       121M       5.7M        27M       3.2G

MemTotal:        4016004 kB
MemFree:          116648 kB
Active:           412004 kB
Mem:          3.8G       3.7G       113M       5.7M        27M       3.2G

MemTotal:        4016004 kB
MemFree:          106408 kB
Active:           412244 kB
Mem:          3.8G       3.7G       103M       5.7M        27M       3.2G

MemTotal:        4016004 kB
MemFree:          125848 kB
Active:           408912 kB
Mem:          3.8G       3.7G       123M       5.7M        27M       3.2G

MemTotal:        4016004 kB
MemFree:          123948 kB
Active:           408788 kB
Mem:          3.8G       3.7G       120M       5.7M        27M       3.2G

MemTotal:        4016004 kB
MemFree:          115200 kB
Active:           409088 kB
Mem:          3.8G       3.7G       111M       5.7M        27M       3.2G

MemTotal:        4016004 kB
MemFree:          117700 kB
Active:           409288 kB
Mem:          3.8G       3.7G       114M       5.7M        27M       3.2G

MemTotal:        4016004 kB
MemFree:          117692 kB
Active:           409432 kB
Mem:          3.8G       3.7G       114M       5.7M        27M       3.2G

MemTotal:        4016004 kB
MemFree:          112628 kB
Active:           409568 kB
Mem:          3.8G       3.7G       109M       5.7M        27M       3.2G

MemTotal:        4016004 kB
MemFree:          119184 kB
Active:           408120 kB
Mem:          3.8G       3.7G       116M       5.7M        27M       3.2G

MemTotal:        4016004 kB
MemFree:          126292 kB
Active:           408356 kB
Mem:          3.8G       3.7G       122M       5.7M        27M       3.2G

MemTotal:        4016004 kB
MemFree:          128140 kB
Active:           408512 kB
Mem:          3.8G       3.7G       124M       5.7M        27M       3.2G

MemTotal:        4016004 kB
MemFree:          118840 kB
Active:           408624 kB
Mem:          3.8G       3.7G       115M       5.7M        27M       3.2G

MemTotal:        4016004 kB
MemFree:          126404 kB
Active:           408660 kB
Mem:          3.8G       3.7G       122M       5.7M        27M       3.2G

MemTotal:        4016004 kB
MemFree:          120688 kB
Active:           408784 kB
Mem:          3.8G       3.7G       117M       5.7M        27M       3.2G

MemTotal:        4016004 kB
MemFree:          110128 kB
Active:           409188 kB
Mem:          3.8G       3.7G       107M       5.7M        27M       3.2G

MemTotal:        4016004 kB
MemFree:          110912 kB
Active:           409436 kB
Mem:          3.8G       3.7G       107M       5.7M        27M       3.2G

MemTotal:        4016004 kB
MemFree:          107016 kB
Active:           409584 kB
Mem:          3.8G       3.7G       104M       5.7M        27M       3.2G

MemTotal:        4016004 kB
MemFree:          137448 kB
Active:           408304 kB
Mem:          3.8G       3.7G       133M       5.7M        27M       3.2G

MemTotal:        4016004 kB
MemFree:          142164 kB
Active:           408484 kB
Mem:          3.8G       3.7G       138M       5.7M        27M       3.2G

MemTotal:        4016004 kB
MemFree:          121740 kB
Active:           408660 kB
Mem:          3.8G       3.7G       118M       5.7M        27M       3.2G

MemTotal:        4016004 kB
MemFree:          134856 kB
Active:           409808 kB
Mem:          3.8G       3.7G       131M       5.7M        27M       3.2G

MemTotal:        4016004 kB
MemFree:          112196 kB
Active:           409964 kB
Mem:          3.8G       3.7G       109M       5.7M        27M       3.2G

MemTotal:        4016004 kB
MemFree:          106280 kB
Active:           409976 kB
Mem:          3.8G       3.7G       103M       5.7M        27M       3.2G

MemTotal:        4016004 kB
MemFree:          122336 kB
Active:           410224 kB
Mem:          3.8G       3.7G       119M       5.7M        27M       3.2G

MemTotal:        4016004 kB
MemFree:          115416 kB
Active:           410464 kB
Mem:          3.8G       3.7G       111M       5.7M        27M       3.2G

MemTotal:        4016004 kB
MemFree:          133644 kB
Active:           410672 kB
Mem:          3.8G       3.7G       130M       5.7M        27M       3.2G

MemTotal:        4016004 kB
MemFree:          107488 kB
Active:           410852 kB
Mem:          3.8G       3.7G       104M       5.7M        27M       3.2G

MemTotal:        4016004 kB
MemFree:          116944 kB
Active:           402796 kB
Mem:          3.8G       3.7G       113M       5.7M        27M       3.2G

MemTotal:        4016004 kB
MemFree:          115268 kB
Active:           402896 kB
Mem:          3.8G       3.7G       112M       5.7M        27M       3.2G

MemTotal:        4016004 kB
MemFree:          131816 kB
Active:           403112 kB
Mem:          3.8G       3.7G       128M       5.7M        27M       3.2G

MemTotal:        4016004 kB
MemFree:          116676 kB
Active:           403328 kB
Mem:          3.8G       3.7G       113M       5.7M        27M       3.2G

MemTotal:        4016004 kB
MemFree:          131012 kB
Active:           403496 kB
Mem:          3.8G       3.7G       127M       5.7M        27M       3.2G

MemTotal:        4016004 kB
MemFree:          107200 kB
Active:           403568 kB
Mem:          3.8G       3.7G       104M       5.7M        27M       3.2G

MemTotal:        4016004 kB
MemFree:          116820 kB
Active:           403692 kB
Mem:          3.8G       3.7G       113M       5.7M        27M       3.2G

MemTotal:        4016004 kB
MemFree:          122700 kB
Active:           403816 kB
Mem:          3.8G       3.7G       118M       5.7M        27M       3.2G

MemTotal:        4016004 kB
MemFree:          116812 kB
Active:           404104 kB
Mem:          3.8G       3.7G       113M       5.7M        27M       3.2G

MemTotal:        4016004 kB
MemFree:          121508 kB
Active:           401696 kB
Mem:          3.8G       3.7G       118M       5.7M        27M       3.2G

MemTotal:        4016004 kB
MemFree:          129968 kB
Active:           401784 kB
Mem:          3.8G       3.7G       126M       5.7M        27M       3.2G

MemTotal:        4016004 kB
MemFree:          128956 kB
Active:           401900 kB
Mem:          3.8G       3.7G       125M       5.7M        27M       3.2G

MemTotal:        4016004 kB
MemFree:          130576 kB
Active:           402068 kB
Mem:          3.8G       3.7G       127M       5.7M        27M       3.2G

MemTotal:        4016004 kB
MemFree:          128108 kB
Active:           402312 kB
Mem:          3.8G       3.7G       124M       5.7M        27M       3.2G

MemTotal:        4016004 kB
MemFree:          118248 kB
Active:           402556 kB
Mem:          3.8G       3.7G       114M       5.7M        27M       3.2G

MemTotal:        4016004 kB
MemFree:          137168 kB
Active:           403180 kB
Mem:          3.8G       3.7G       133M       5.7M        27M       3.2G

MemTotal:        4016004 kB
MemFree:          107808 kB
Active:           403440 kB
Mem:          3.8G       3.7G       103M       5.7M        27M       3.2G

MemTotal:        4016004 kB
MemFree:          111152 kB
Active:           403588 kB
Mem:          3.8G       3.7G       107M       5.7M        27M       3.2G

MemTotal:        4016004 kB
MemFree:          113252 kB
Active:           401892 kB
Mem:          3.8G       3.7G       109M       5.7M        27M       3.2G

MemTotal:        4016004 kB
MemFree:          119596 kB
Active:           402056 kB
Mem:          3.8G       3.7G       116M       5.7M        27M       3.2G

MemTotal:        4016004 kB
MemFree:          108824 kB
Active:           402124 kB
Mem:          3.8G       3.7G       105M       5.7M        27M       3.2G

MemTotal:        4016004 kB
MemFree:          120112 kB
Active:           402168 kB
Mem:          3.8G       3.7G       117M       5.7M        27M       3.2G

MemTotal:        4016004 kB
MemFree:          134376 kB
Active:           402296 kB
Mem:          3.8G       3.7G       130M       5.7M        27M       3.2G

MemTotal:        4016004 kB
MemFree:          123428 kB
Active:           402744 kB
Mem:          3.8G       3.7G       120M       5.7M        27M       3.2G

MemTotal:        4016004 kB
MemFree:          130524 kB
Active:           402908 kB
Mem:          3.8G       3.7G       126M       5.7M        27M       3.2G

MemTotal:        4016004 kB
MemFree:          139644 kB
Active:           403080 kB
Mem:          3.8G       3.7G       136M       5.7M        27M       3.2G

MemTotal:        4016004 kB
MemFree:          123628 kB
Active:           403244 kB
Mem:          3.8G       3.7G       120M       5.7M        28M       3.2G

MemTotal:        4016004 kB
MemFree:          123532 kB
Active:           403464 kB
Mem:          3.8G       3.7G       119M       5.7M        28M       3.2G

MemTotal:        4016004 kB
MemFree:          119808 kB
Active:           403612 kB
Mem:          3.8G       3.7G       116M       5.7M        28M       3.2G

MemTotal:        4016004 kB
MemFree:          119796 kB
Active:           400576 kB
Mem:          3.8G       3.7G       116M       5.7M        28M       3.2G

MemTotal:        4016004 kB
MemFree:          131120 kB
Active:           400696 kB
Mem:          3.8G       3.7G       127M       5.7M        28M       3.2G

MemTotal:        4016004 kB
MemFree:          123336 kB
Active:           400808 kB
Mem:          3.8G       3.7G       120M       5.7M        28M       3.2G

MemTotal:        4016004 kB
MemFree:          138484 kB
Active:           400968 kB
Mem:          3.8G       3.7G       134M       5.7M        28M       3.2G

MemTotal:        4016004 kB
MemFree:          131992 kB
Active:           401216 kB
Mem:          3.8G       3.7G       128M       5.7M        28M       3.2G

MemTotal:        4016004 kB
MemFree:          118936 kB
Active:           401420 kB
Mem:          3.8G       3.7G       115M       5.7M        28M       3.2G

MemTotal:        4016004 kB
MemFree:          127224 kB
Active:           401520 kB
Mem:          3.8G       3.7G       124M       5.7M        28M       3.2G

MemTotal:        4016004 kB
MemFree:          126132 kB
Active:           401640 kB
Mem:          3.8G       3.7G       122M       5.7M        28M       3.2G

MemTotal:        4016004 kB
MemFree:          131968 kB
Active:           401972 kB
Mem:          3.8G       3.7G       128M       5.7M        28M       3.2G

MemTotal:        4016004 kB
MemFree:          135680 kB
Active:           402196 kB
Mem:          3.8G       3.7G       132M       5.7M        28M       3.2G

MemTotal:        4016004 kB
MemFree:          126828 kB
Active:           402448 kB
Mem:          3.8G       3.7G       123M       5.7M        28M       3.2G

MemTotal:        4016004 kB
MemFree:          104784 kB
Active:           402516 kB
Mem:          3.8G       3.7G       114M       5.7M        28M       3.2G

MemTotal:        4016004 kB
MemFree:          124180 kB
Active:           402600 kB
Mem:          3.8G       3.7G       121M       5.7M        28M       3.2G

MemTotal:        4016004 kB
MemFree:          122348 kB
Active:           402768 kB
Mem:          3.8G       3.7G       119M       5.7M        28M       3.2G

MemTotal:        4016004 kB
MemFree:          111504 kB
Active:           399448 kB
Mem:          3.8G       3.7G       108M       5.7M        28M       3.2G

MemTotal:        4016004 kB
MemFree:          126876 kB
Active:           399472 kB
Mem:          3.8G       3.7G       123M       5.7M        28M       3.2G

MemTotal:        4016004 kB
MemFree:          129940 kB
Active:           399588 kB
Mem:          3.8G       3.7G       126M       5.7M        28M       3.2G

MemTotal:        4016004 kB
MemFree:          118072 kB
Active:           401420 kB
Mem:          3.8G       3.7G       114M       5.7M        28M       3.2G

MemTotal:        4016004 kB
MemFree:          108844 kB
Active:           401656 kB
Mem:          3.8G       3.7G       105M       5.7M        28M       3.2G

MemTotal:        4016004 kB
MemFree:          125036 kB
Active:           401736 kB
Mem:          3.8G       3.7G       121M       5.7M        28M       3.2G

MemTotal:        4016004 kB
MemFree:          126968 kB
Active:           401832 kB
Mem:          3.8G       3.7G       123M       5.7M        28M       3.2G

MemTotal:        4016004 kB
MemFree:          108940 kB
Active:           401884 kB
Mem:          3.8G       3.7G       106M       5.7M        28M       3.2G

MemTotal:        4016004 kB
MemFree:          129228 kB
Active:           402224 kB
Mem:          3.8G       3.7G       125M       5.7M        28M       3.2G

MemTotal:        4016004 kB
MemFree:          123908 kB
Active:           402496 kB
Mem:          3.8G       3.7G       120M       5.7M        28M       3.2G

MemTotal:        4016004 kB
MemFree:          131084 kB
Active:           402592 kB
Mem:          3.8G       3.7G       131M       5.7M        28M       3.2G

MemTotal:        4016004 kB
MemFree:          132324 kB
Active:           403824 kB
Mem:          3.8G       3.7G       129M       5.7M        28M       3.2G

MemTotal:        4016004 kB
MemFree:          134708 kB
Active:           403908 kB
Mem:          3.8G       3.7G       131M       5.7M        28M       3.2G

MemTotal:        4016004 kB
MemFree:          127560 kB
Active:           403624 kB
Mem:          3.8G       3.7G       122M       5.7M        28M       3.2G

MemTotal:        4016004 kB
MemFree:          109160 kB
Active:           403832 kB
Mem:          3.8G       3.7G       105M       5.7M        28M       3.2G

MemTotal:        4016004 kB
MemFree:          108200 kB
Active:           403872 kB
Mem:          3.8G       3.7G       105M       5.7M        28M       3.2G

MemTotal:        4016004 kB
MemFree:          108236 kB
Active:           403868 kB
Mem:          3.8G       3.7G       105M       5.7M        28M       3.2G

MemTotal:        4016004 kB
MemFree:          107868 kB
Active:           403880 kB
Mem:          3.8G       3.7G       105M       5.7M        28M       3.2G

MemTotal:        4016004 kB
MemFree:          131368 kB
Active:           404324 kB
Mem:          3.8G       3.7G       127M       5.7M        28M       3.2G

MemTotal:        4016004 kB
MemFree:          106092 kB
Active:           404644 kB
Mem:          3.8G       3.7G       102M       5.7M        28M       3.2G

MemTotal:        4016004 kB
MemFree:          105164 kB
Active:           404632 kB
Mem:          3.8G       3.7G       102M       5.7M        28M       3.2G

MemTotal:        4016004 kB
MemFree:          127428 kB
Active:           404552 kB
Mem:          3.8G       3.7G       124M       5.7M        28M       3.2G

MemTotal:        4016004 kB
MemFree:          120724 kB
Active:           404956 kB
Mem:          3.8G       3.7G       117M       5.7M        28M       3.2G

MemTotal:        4016004 kB
MemFree:          129768 kB
Active:           405244 kB
Mem:          3.8G       3.7G       126M       5.7M        28M       3.2G

MemTotal:        4016004 kB
MemFree:          131664 kB
Active:           405448 kB
Mem:          3.8G       3.7G       127M       5.7M        28M       3.2G

MemTotal:        4016004 kB
MemFree:          134964 kB
Active:           405600 kB
Mem:          3.8G       3.7G       131M       5.7M        28M       3.2G

MemTotal:        4016004 kB
MemFree:          132760 kB
Active:           405764 kB
Mem:          3.8G       3.7G       129M       5.7M        28M       3.2G

MemTotal:        4016004 kB
MemFree:          132076 kB
Active:           405768 kB
Mem:          3.8G       3.7G       129M       5.7M        28M       3.2G

MemTotal:        4016004 kB
MemFree:          131832 kB
Active:           405820 kB
Mem:          3.8G       3.7G       128M       5.7M        28M       3.2G

MemTotal:        4016004 kB
MemFree:          126608 kB
Active:           406324 kB
Mem:          3.8G       3.7G       123M       5.7M        28M       3.2G

MemTotal:        4016004 kB
MemFree:          137228 kB
Active:           406568 kB
Mem:          3.8G       3.7G       133M       5.7M        28M       3.2G

MemTotal:        4016004 kB
MemFree:          147028 kB
Active:           406796 kB
Mem:          3.8G       3.7G       143M       5.7M        28M       3.2G

MemTotal:        4016004 kB
MemFree:          123444 kB
Active:           406968 kB
Mem:          3.8G       3.7G       120M       5.7M        28M       3.2G

MemTotal:        4016004 kB
MemFree:          119544 kB
Active:           407140 kB
Mem:          3.8G       3.7G       116M       5.7M        28M       3.2G

MemTotal:        4016004 kB
MemFree:          132628 kB
Active:           407312 kB
Mem:          3.8G       3.7G       129M       5.7M        28M       3.2G

MemTotal:        4016004 kB
MemFree:          137800 kB
Active:           407496 kB
Mem:          3.8G       3.7G       134M       5.7M        28M       3.2G

MemTotal:        4016004 kB
MemFree:          106844 kB
Active:           407632 kB
Mem:          3.8G       3.7G       104M       5.7M        28M       3.2G

MemTotal:        4016004 kB
MemFree:          122640 kB
Active:           407676 kB
Mem:          3.8G       3.7G       119M       5.7M        28M       3.2G

MemTotal:        4016004 kB
MemFree:          139988 kB
Active:           407812 kB
Mem:          3.8G       3.7G       135M       5.7M        28M       3.2G

MemTotal:        4016004 kB
MemFree:          140040 kB
Active:           408020 kB
Mem:          3.8G       3.7G       136M       5.7M        28M       3.2G

MemTotal:        4016004 kB
MemFree:          125124 kB
Active:           408284 kB
Mem:          3.8G       3.7G       121M       5.7M        28M       3.2G

MemTotal:        4016004 kB
MemFree:          134144 kB
Active:           408500 kB
Mem:          3.8G       3.7G       130M       5.7M        28M       3.2G

MemTotal:        4016004 kB
MemFree:          132372 kB
Active:           408624 kB
Mem:          3.8G       3.7G       128M       5.7M        28M       3.2G

MemTotal:        4016004 kB
MemFree:          121912 kB
Active:           408760 kB
Mem:          3.8G       3.7G       118M       5.7M        28M       3.2G

MemTotal:        4016004 kB
MemFree:          111952 kB
Active:           408908 kB
Mem:          3.8G       3.7G       109M       5.7M        28M       3.2G

MemTotal:        4016004 kB
MemFree:          107124 kB
Active:           409176 kB
Mem:          3.8G       3.7G       103M       5.7M        28M       3.2G

MemTotal:        4016004 kB
MemFree:          123568 kB
Active:           409404 kB
Mem:          3.8G       3.7G       120M       5.7M        28M       3.2G

MemTotal:        4016004 kB
MemFree:          127676 kB
Active:           409456 kB
Mem:          3.8G       3.7G       124M       5.7M        28M       3.2G

MemTotal:        4016004 kB
MemFree:          115052 kB
Active:           409704 kB
Mem:          3.8G       3.7G       112M       5.7M        28M       3.2G

MemTotal:        4016004 kB
MemFree:          111048 kB
Active:           409972 kB
Mem:          3.8G       3.7G       108M       5.7M        28M       3.2G

MemTotal:        4016004 kB
MemFree:          106420 kB
Active:           410212 kB
Mem:          3.8G       3.7G       106M       5.7M        28M       3.2G

MemTotal:        4016004 kB
MemFree:          132620 kB
Active:           410320 kB
Mem:          3.8G       3.7G       129M       5.7M        28M       3.2G

MemTotal:        4016004 kB
MemFree:          112968 kB
Active:           410392 kB
Mem:          3.8G       3.7G       110M       5.7M        28M       3.2G

MemTotal:        4016004 kB
MemFree:          146032 kB
Active:           410520 kB
Mem:          3.8G       3.7G       142M       5.7M        28M       3.2G

MemTotal:        4016004 kB
MemFree:          139288 kB
Active:           410912 kB
Mem:          3.8G       3.7G       135M       5.7M        28M       3.2G

MemTotal:        4016004 kB
MemFree:          117368 kB
Active:           411132 kB
Mem:          3.8G       3.7G       114M       5.7M        28M       3.2G

MemTotal:        4016004 kB
MemFree:          131672 kB
Active:           411300 kB
Mem:          3.8G       3.7G       128M       5.7M        28M       3.2G

MemTotal:        4016004 kB
MemFree:          130776 kB
Active:           411432 kB
Mem:          3.8G       3.7G       128M       5.7M        28M       3.2G

MemTotal:        4016004 kB
MemFree:          127384 kB
Active:           411584 kB
Mem:          3.8G       3.7G       124M       5.7M        28M       3.2G

MemTotal:        4016004 kB
MemFree:          121464 kB
Active:           411796 kB
Mem:          3.8G       3.7G       118M       5.7M        28M       3.2G

MemTotal:        4016004 kB
MemFree:          135348 kB
Active:           411976 kB
Mem:          3.8G       3.7G       131M       5.7M        28M       3.2G

MemTotal:        4016004 kB
MemFree:          145124 kB
Active:           412104 kB
Mem:          3.8G       3.7G       141M       5.7M        28M       3.2G

MemTotal:        4016004 kB
MemFree:          113804 kB
Active:           412256 kB
Mem:          3.8G       3.7G       111M       5.7M        28M       3.2G

MemTotal:        4016004 kB
MemFree:          113212 kB
Active:           412388 kB
Mem:          3.8G       3.7G       110M       5.7M        28M       3.2G

MemTotal:        4016004 kB
MemFree:          114988 kB
Active:           412560 kB
Mem:          3.8G       3.7G       111M       5.7M        28M       3.2G

MemTotal:        4016004 kB
MemFree:          125868 kB
Active:           412820 kB
Mem:          3.8G       3.7G       122M       5.7M        28M       3.2G

MemTotal:        4016004 kB
MemFree:          112196 kB
Active:           412988 kB
Mem:          3.8G       3.7G       108M       5.7M        28M       3.2G

MemTotal:        4016004 kB
MemFree:          125724 kB
Active:           412992 kB
Mem:          3.8G       3.7G       122M       5.7M        28M       3.2G

MemTotal:        4016004 kB
MemFree:          111008 kB
Active:           413028 kB
Mem:          3.8G       3.7G       108M       5.7M        28M       3.2G

MemTotal:        4016004 kB
MemFree:          127208 kB
Active:           413296 kB
Mem:          3.8G       3.7G       123M       5.7M        28M       3.2G

MemTotal:        4016004 kB
MemFree:          140208 kB
Active:           413696 kB
Mem:          3.8G       3.7G       136M       5.7M        28M       3.2G

MemTotal:        4016004 kB
MemFree:          130076 kB
Active:           413856 kB
Mem:          3.8G       3.7G       126M       5.7M        28M       3.2G

MemTotal:        4016004 kB
MemFree:          107284 kB
Active:           413940 kB
Mem:          3.8G       3.7G       104M       5.7M        28M       3.2G

MemTotal:        4016004 kB
MemFree:          120572 kB
Active:           414040 kB
Mem:          3.8G       3.7G       117M       5.7M        28M       3.2G

MemTotal:        4016004 kB
MemFree:          117984 kB
Active:           414148 kB
Mem:          3.8G       3.7G       114M       5.7M        28M       3.2G

MemTotal:        4016004 kB
MemFree:          122796 kB
Active:           414444 kB
Mem:          3.8G       3.7G       119M       5.7M        28M       3.2G

MemTotal:        4016004 kB
MemFree:          134136 kB
Active:           414704 kB
Mem:          3.8G       3.7G       130M       5.7M        28M       3.2G

MemTotal:        4016004 kB
MemFree:          125360 kB
Active:           414872 kB
Mem:          3.8G       3.7G       121M       5.7M        28M       3.2G

MemTotal:        4016004 kB
MemFree:          127728 kB
Active:           415016 kB
Mem:          3.8G       3.7G       124M       5.7M        28M       3.2G

MemTotal:        4016004 kB
MemFree:          134216 kB
Active:           415160 kB
Mem:          3.8G       3.7G       130M       5.7M        28M       3.2G

MemTotal:        4016004 kB
MemFree:          121044 kB
Active:           415380 kB
Mem:          3.8G       3.7G       117M       5.7M        28M       3.2G

MemTotal:        4016004 kB
MemFree:          105732 kB
Active:           415576 kB
Mem:          3.8G       3.7G       102M       5.7M        28M       3.2G

MemTotal:        4016004 kB
MemFree:          111032 kB
Active:           415716 kB
Mem:          3.8G       3.7G       107M       5.7M        28M       3.2G

MemTotal:        4016004 kB
MemFree:          119264 kB
Active:           415788 kB
Mem:          3.8G       3.7G       115M       5.7M        28M       3.2G

MemTotal:        4016004 kB
MemFree:          107036 kB
Active:           415920 kB
Mem:          3.8G       3.7G       103M       5.7M        28M       3.2G

MemTotal:        4016004 kB
MemFree:          117836 kB
Active:           416188 kB
Mem:          3.8G       3.7G       114M       5.7M        28M       3.2G

MemTotal:        4016004 kB
MemFree:          114112 kB
Active:           416440 kB
Mem:          3.8G       3.7G       110M       5.7M        28M       3.2G

MemTotal:        4016004 kB
MemFree:          123348 kB
Active:           416616 kB
Mem:          3.8G       3.7G       119M       5.7M        28M       3.2G

MemTotal:        4016004 kB
MemFree:          113388 kB
Active:           416736 kB
Mem:          3.8G       3.7G       109M       5.7M        28M       3.2G

MemTotal:        4016004 kB
MemFree:          118596 kB
Active:           416860 kB
Mem:          3.8G       3.7G       115M       5.7M        28M       3.2G

MemTotal:        4016004 kB
MemFree:          111384 kB
Active:           417060 kB
Mem:          3.8G       3.7G       108M       5.7M        28M       3.2G

MemTotal:        4016004 kB
MemFree:          106192 kB
Active:           417300 kB
Mem:          3.8G       3.7G       103M       5.7M        28M       3.2G

MemTotal:        4016004 kB
MemFree:          133240 kB
Active:           417460 kB
Mem:          3.8G       3.7G       130M       5.7M        28M       3.2G

MemTotal:        4016004 kB
MemFree:          133460 kB
Active:           417456 kB
Mem:          3.8G       3.7G       130M       5.7M        28M       3.2G

MemTotal:        4016004 kB
MemFree:          110288 kB
Active:           417464 kB
Mem:          3.8G       3.7G       107M       5.7M        28M       3.2G

MemTotal:        4016004 kB
MemFree:          147456 kB
Active:           417840 kB
Mem:          3.8G       3.7G       143M       5.7M        28M       3.2G

MemTotal:        4016004 kB
MemFree:          128416 kB
Active:           418088 kB
Mem:          3.8G       3.7G       133M       5.7M        28M       3.2G

MemTotal:        4016004 kB
MemFree:          122884 kB
Active:           418316 kB
Mem:          3.8G       3.7G       119M       5.7M        28M       3.2G

MemTotal:        4016004 kB
MemFree:          119844 kB
Active:           418524 kB
Mem:          3.8G       3.7G       116M       5.7M        28M       3.2G

MemTotal:        4016004 kB
MemFree:          110272 kB
Active:           418704 kB
Mem:          3.8G       3.7G       107M       5.7M        28M       3.2G

MemTotal:        4016004 kB
MemFree:          110252 kB
Active:           418656 kB
Mem:          3.8G       3.7G       107M       5.7M        28M       3.2G

MemTotal:        4016004 kB
MemFree:          109772 kB
Active:           418668 kB
Mem:          3.8G       3.7G       107M       5.7M        28M       3.2G

MemTotal:        4016004 kB
MemFree:          128508 kB
Active:           418780 kB
Mem:          3.8G       3.7G       125M       5.7M        28M       3.2G

MemTotal:        4016004 kB
MemFree:          115968 kB
Active:           419260 kB
Mem:          3.8G       3.7G       112M       5.7M        28M       3.2G

MemTotal:        4016004 kB
MemFree:          125808 kB
Active:           419492 kB
Mem:          3.8G       3.7G       122M       5.7M        28M       3.2G

MemTotal:        4016004 kB
MemFree:          105960 kB
Active:           419720 kB
Mem:          3.8G       3.7G       102M       5.7M        28M       3.2G

MemTotal:        4016004 kB
MemFree:          124576 kB
Active:           419904 kB
Mem:          3.8G       3.7G       121M       5.7M        28M       3.2G

MemTotal:        4016004 kB
MemFree:          120708 kB
Active:           420076 kB
Mem:          3.8G       3.7G       117M       5.7M        28M       3.2G

MemTotal:        4016004 kB
MemFree:          127072 kB
Active:           420144 kB
Mem:          3.8G       3.7G       123M       5.7M        28M       3.2G

MemTotal:        4016004 kB
MemFree:          106968 kB
Active:           420188 kB
Mem:          3.8G       3.7G       104M       5.7M        28M       3.2G

MemTotal:        4016004 kB
MemFree:          127548 kB
Active:           420484 kB
Mem:          3.8G       3.7G       123M       5.7M        28M       3.2G

MemTotal:        4016004 kB
MemFree:          106008 kB
Active:           420720 kB
Mem:          3.8G       3.7G       103M       5.7M        28M       3.2G

MemTotal:        4016004 kB
MemFree:          118628 kB
Active:           420948 kB
Mem:          3.8G       3.7G       115M       5.7M        28M       3.2G

MemTotal:        4016004 kB
MemFree:          128696 kB
Active:           420976 kB
Mem:          3.8G       3.7G       125M       5.7M        28M       3.2G

MemTotal:        4016004 kB
MemFree:          107580 kB
Active:           421164 kB
Mem:          3.8G       3.7G       104M       5.7M        28M       3.2G

MemTotal:        4016004 kB
MemFree:          136572 kB
Active:           421448 kB
Mem:          3.8G       3.7G       132M       5.7M        28M       3.2G

MemTotal:        4016004 kB
MemFree:          127680 kB
Active:           421756 kB
Mem:          3.8G       3.7G       124M       5.7M        28M       3.2G

MemTotal:        4016004 kB
MemFree:          123036 kB
Active:           421844 kB
Mem:          3.8G       3.7G       119M       5.7M        28M       3.2G

MemTotal:        4016004 kB
MemFree:          122736 kB
Active:           421820 kB
Mem:          3.8G       3.7G       119M       5.7M        28M       3.2G

MemTotal:        4016004 kB
MemFree:          122740 kB
Active:           422192 kB
Mem:          3.8G       3.7G       119M       5.7M        28M       3.2G

MemTotal:        4016004 kB
MemFree:          126020 kB
Active:           422484 kB
Mem:          3.8G       3.7G       122M       5.7M        28M       3.2G

MemTotal:        4016004 kB
MemFree:          122700 kB
Active:           422680 kB
Mem:          3.8G       3.7G       123M       5.7M        28M       3.2G

MemTotal:        4016004 kB
MemFree:          121876 kB
Active:           422856 kB
Mem:          3.8G       3.7G       118M       5.7M        28M       3.2G

MemTotal:        4016004 kB
MemFree:          109568 kB
Active:           423024 kB
Mem:          3.8G       3.7G       106M       5.7M        28M       3.2G

MemTotal:        4016004 kB
MemFree:          124644 kB
Active:           423112 kB
Mem:          3.8G       3.7G       121M       5.7M        28M       3.2G

MemTotal:        4016004 kB
MemFree:          123968 kB
Active:           423104 kB
Mem:          3.8G       3.7G       120M       5.7M        28M       3.2G

MemTotal:        4016004 kB
MemFree:          123536 kB
Active:           423088 kB
Mem:          3.8G       3.7G       120M       5.7M        28M       3.2G

MemTotal:        4016004 kB
MemFree:          115988 kB
Active:           423508 kB
Mem:          3.8G       3.7G       112M       5.7M        28M       3.2G

MemTotal:        4016004 kB
MemFree:          126388 kB
Active:           423748 kB
Mem:          3.8G       3.7G       122M       5.7M        28M       3.2G

MemTotal:        4016004 kB
MemFree:          144976 kB
Active:           423936 kB
Mem:          3.8G       3.7G       141M       5.7M        28M       3.2G

MemTotal:        4016004 kB
MemFree:          132592 kB
Active:           424152 kB
Mem:          3.8G       3.7G       129M       5.7M        28M       3.2G

MemTotal:        4016004 kB
MemFree:          128888 kB
Active:           424276 kB
Mem:          3.8G       3.7G       125M       5.7M        28M       3.2G

MemTotal:        4016004 kB
MemFree:          124240 kB
Active:           424528 kB
Mem:          3.8G       3.7G       120M       5.7M        28M       3.2G

MemTotal:        4016004 kB
MemFree:          127544 kB
Active:           424624 kB
Mem:          3.8G       3.7G       124M       5.7M        28M       3.2G

MemTotal:        4016004 kB
MemFree:          128988 kB
Active:           424756 kB
Mem:          3.8G       3.7G       126M       5.7M        28M       3.2G

MemTotal:        4016004 kB
MemFree:          122184 kB
Active:           424972 kB
Mem:          3.8G       3.7G       118M       5.7M        28M       3.2G

MemTotal:        4016004 kB
MemFree:          142428 kB
Active:           425280 kB
Mem:          3.8G       3.7G       138M       5.7M        28M       3.2G

MemTotal:        4016004 kB
MemFree:          109800 kB
Active:           425468 kB
Mem:          3.8G       3.7G       107M       5.7M        28M       3.2G

MemTotal:        4016004 kB
MemFree:          109092 kB
Active:           425456 kB
Mem:          3.8G       3.7G       106M       5.7M        28M       3.2G

MemTotal:        4016004 kB
MemFree:          123612 kB
Active:           426036 kB
Mem:          3.8G       3.7G       119M       5.7M        28M       3.2G

MemTotal:        4016004 kB
MemFree:          120416 kB
Active:           426316 kB
Mem:          3.8G       3.7G       117M       5.7M        28M       3.2G

MemTotal:        4016004 kB
MemFree:          125288 kB
Active:           427228 kB
Mem:          3.8G       3.7G       121M       5.7M        28M       3.2G

MemTotal:        4016004 kB
MemFree:          113320 kB
Active:           427440 kB
Mem:          3.8G       3.7G       109M       5.7M        28M       3.2G

MemTotal:        4016004 kB
MemFree:          107704 kB
Active:           427612 kB
Mem:          3.8G       3.7G       104M       5.7M        28M       3.2G

MemTotal:        4016004 kB
MemFree:          106484 kB
Active:           428160 kB
Mem:          3.8G       3.7G       103M       5.7M        28M       3.2G

MemTotal:        4016004 kB
MemFree:          115104 kB
Active:           428420 kB
Mem:          3.8G       3.7G       111M       5.7M        28M       3.2G

MemTotal:        4016004 kB
MemFree:          110296 kB
Active:           428636 kB
Mem:          3.8G       3.7G       107M       5.7M        28M       3.2G

MemTotal:        4016004 kB
MemFree:          129948 kB
Active:           428836 kB
Mem:          3.8G       3.7G       126M       5.7M        28M       3.2G

MemTotal:        4016004 kB
MemFree:          114448 kB
Active:           429024 kB
Mem:          3.8G       3.7G       111M       5.7M        28M       3.2G

MemTotal:        4016004 kB
MemFree:          124560 kB
Active:           429660 kB
Mem:          3.8G       3.7G       121M       5.7M        28M       3.2G

MemTotal:        4016004 kB
MemFree:          120232 kB
Active:           429840 kB
Mem:          3.8G       3.7G       116M       5.7M        28M       3.2G

MemTotal:        4016004 kB
MemFree:          120592 kB
Active:           429956 kB
Mem:          3.8G       3.7G       117M       5.7M        28M       3.2G

MemTotal:        4016004 kB
MemFree:          125120 kB
Active:           430064 kB
Mem:          3.8G       3.7G       121M       5.7M        28M       3.2G

MemTotal:        4016004 kB
MemFree:          120800 kB
Active:           430196 kB
Mem:          3.8G       3.7G       117M       5.7M        28M       3.2G

MemTotal:        4016004 kB
MemFree:          123400 kB
Active:           430444 kB
Mem:          3.8G       3.7G       120M       5.7M        28M       3.2G

MemTotal:        4016004 kB
MemFree:          125240 kB
Active:           430656 kB
Mem:          3.8G       3.7G       121M       5.7M        28M       3.2G

MemTotal:        4016004 kB
MemFree:          131392 kB
Active:           430796 kB
Mem:          3.8G       3.7G       127M       5.7M        28M       3.2G

MemTotal:        4016004 kB
MemFree:          107104 kB
Active:           430864 kB
Mem:          3.8G       3.7G       104M       5.7M        28M       3.2G

MemTotal:        4016004 kB
MemFree:          125308 kB
Active:           431012 kB
Mem:          3.8G       3.7G       121M       5.7M        28M       3.2G

MemTotal:        4016004 kB
MemFree:          127220 kB
Active:           431304 kB
Mem:          3.8G       3.7G       123M       5.7M        28M       3.2G

MemTotal:        4016004 kB
MemFree:          113904 kB
Active:           431544 kB
Mem:          3.8G       3.7G       110M       5.7M        28M       3.2G

MemTotal:        4016004 kB
MemFree:          122844 kB
Active:           431740 kB
Mem:          3.8G       3.7G       119M       5.7M        28M       3.2G

MemTotal:        4016004 kB
MemFree:          124148 kB
Active:           431864 kB
Mem:          3.8G       3.7G       120M       5.7M        28M       3.2G

MemTotal:        4016004 kB
MemFree:          123812 kB
Active:           432056 kB
Mem:          3.8G       3.7G       120M       5.7M        28M       3.2G

MemTotal:        4016004 kB
MemFree:          119340 kB
Active:           432276 kB
Mem:          3.8G       3.7G       115M       5.7M        28M       3.2G

MemTotal:        4016004 kB
MemFree:          107604 kB
Active:           432424 kB
Mem:          3.8G       3.7G       103M       5.7M        28M       3.2G

MemTotal:        4016004 kB
MemFree:          121756 kB
Active:           432552 kB
Mem:          3.8G       3.7G       118M       5.7M        28M       3.2G

MemTotal:        4016004 kB
MemFree:          126436 kB
Active:           432628 kB
Mem:          3.8G       3.7G       123M       5.7M        28M       3.2G

MemTotal:        4016004 kB
MemFree:          129496 kB
Active:           432712 kB
Mem:          3.8G       3.7G       125M       5.7M        28M       3.2G

MemTotal:        4016004 kB
MemFree:          124100 kB
Active:           433060 kB
Mem:          3.8G       3.7G       120M       5.7M        28M       3.2G

MemTotal:        4016004 kB
MemFree:          123884 kB
Active:           433340 kB
Mem:          3.8G       3.7G       130M       5.7M        28M       3.2G

MemTotal:        4016004 kB
MemFree:          113180 kB
Active:           433504 kB
Mem:          3.8G       3.7G       109M       5.7M        28M       3.2G

MemTotal:        4016004 kB
MemFree:          128264 kB
Active:           433632 kB
Mem:          3.8G       3.7G       125M       5.7M        28M       3.2G

MemTotal:        4016004 kB
MemFree:          113540 kB
Active:           433840 kB
Mem:          3.8G       3.7G       110M       5.7M        28M       3.2G

MemTotal:        4016004 kB
MemFree:          108640 kB
Active:           433988 kB
Mem:          3.8G       3.7G       105M       5.7M        28M       3.2G

MemTotal:        4016004 kB
MemFree:          113552 kB
Active:           434148 kB
Mem:          3.8G       3.7G       110M       5.7M        28M       3.2G

MemTotal:        4016004 kB
MemFree:          123056 kB
Active:           434308 kB
Mem:          3.8G       3.7G       119M       5.7M        28M       3.2G

MemTotal:        4016004 kB
MemFree:          113884 kB
Active:           434492 kB
Mem:          3.8G       3.7G       110M       5.7M        28M       3.2G

MemTotal:        4016004 kB
MemFree:          125932 kB
Active:           434592 kB
Mem:          3.8G       3.7G       122M       5.7M        28M       3.2G

MemTotal:        4016004 kB
MemFree:          113744 kB
Active:           434648 kB
Mem:          3.8G       3.7G       110M       5.7M        28M       3.2G

MemTotal:        4016004 kB
MemFree:          114244 kB
Active:           434764 kB
Mem:          3.8G       3.7G       111M       5.7M        28M       3.2G

MemTotal:        4016004 kB
MemFree:          154404 kB
Active:           435060 kB
Mem:          3.8G       3.7G       150M       5.7M        28M       3.1G

MemTotal:        4016004 kB
MemFree:          109464 kB
Active:           435400 kB
Mem:          3.8G       3.7G       106M       5.7M        28M       3.2G

MemTotal:        4016004 kB
MemFree:          106504 kB
Active:           435572 kB
Mem:          3.8G       3.7G       103M       5.7M        28M       3.2G

MemTotal:        4016004 kB
MemFree:          118996 kB
Active:           435712 kB
Mem:          3.8G       3.7G       115M       5.7M        28M       3.2G

MemTotal:        4016004 kB
MemFree:          126316 kB
Active:           435876 kB
Mem:          3.8G       3.7G       123M       5.7M        28M       3.2G

MemTotal:        4016004 kB
MemFree:          119312 kB
Active:           436080 kB
Mem:          3.8G       3.7G       116M       5.7M        28M       3.2G

MemTotal:        4016004 kB
MemFree:          131340 kB
Active:           436264 kB
Mem:          3.8G       3.7G       128M       5.7M        28M       3.2G

MemTotal:        4016004 kB
MemFree:          109996 kB
Active:           436456 kB
Mem:          3.8G       3.7G       106M       5.7M        28M       3.2G

MemTotal:        4016004 kB
MemFree:          109760 kB
Active:           436400 kB
Mem:          3.8G       3.7G       107M       5.7M        28M       3.2G

MemTotal:        4016004 kB
MemFree:          109888 kB
Active:           436404 kB
Mem:          3.8G       3.7G       107M       5.7M        28M       3.2G

MemTotal:        4016004 kB
MemFree:          117956 kB
Active:           436428 kB
Mem:          3.8G       3.7G       114M       5.7M        28M       3.2G

MemTotal:        4016004 kB
MemFree:          143720 kB
Active:           436956 kB
Mem:          3.8G       3.7G       140M       5.7M        28M       3.1G

MemTotal:        4016004 kB
MemFree:          130868 kB
Active:           437216 kB
Mem:          3.8G       3.7G       126M       5.7M        28M       3.2G

MemTotal:        4016004 kB
MemFree:          124880 kB
Active:           437452 kB
Mem:          3.8G       3.7G       121M       5.7M        28M       3.2G

MemTotal:        4016004 kB
MemFree:          115308 kB
Active:           437632 kB
Mem:          3.8G       3.7G       112M       5.7M        28M       3.2G

MemTotal:        4016004 kB
MemFree:          113484 kB
Active:           437812 kB
Mem:          3.8G       3.7G       110M       5.7M        28M       3.2G

MemTotal:        4016004 kB
MemFree:          120940 kB
Active:           437960 kB
Mem:          3.8G       3.7G       117M       5.7M        28M       3.2G

MemTotal:        4016004 kB
MemFree:          134172 kB
Active:           438060 kB
Mem:          3.8G       3.7G       130M       5.7M        28M       3.2G

MemTotal:        4016004 kB
MemFree:          123388 kB
Active:           438192 kB
Mem:          3.8G       3.7G       120M       5.7M        28M       3.2G

MemTotal:        4016004 kB
MemFree:          131540 kB
Active:           438396 kB
Mem:          3.8G       3.7G       111M       5.7M        28M       3.2G

MemTotal:        4016004 kB
MemFree:          112824 kB
Active:           439244 kB
Mem:          3.8G       3.7G       109M       5.7M        28M       3.2G

MemTotal:        4016004 kB
MemFree:          139456 kB
Active:           439504 kB
Mem:          3.8G       3.7G       135M       5.7M        28M       3.1G

MemTotal:        4016004 kB
MemFree:          135252 kB
Active:           439708 kB
Mem:          3.8G       3.7G       131M       5.7M        28M       3.2G

MemTotal:        4016004 kB
MemFree:          130676 kB
Active:           439872 kB
Mem:          3.8G       3.7G       127M       5.7M        28M       3.2G

MemTotal:        4016004 kB
MemFree:          108092 kB
Active:           439964 kB
Mem:          3.8G       3.7G       105M       5.7M        28M       3.2G

MemTotal:        4016004 kB
MemFree:          115424 kB
Active:           440028 kB
Mem:          3.8G       3.7G       112M       5.7M        28M       3.2G

MemTotal:        4016004 kB
MemFree:          116216 kB
Active:           440144 kB
Mem:          3.8G       3.7G       113M       5.7M        28M       3.2G

MemTotal:        4016004 kB
MemFree:          109912 kB
Active:           440392 kB
Mem:          3.8G       3.7G       106M       5.7M        28M       3.2G

MemTotal:        4016004 kB
MemFree:          130924 kB
Active:           440776 kB
Mem:          3.8G       3.7G       126M       5.7M        28M       3.2G

MemTotal:        4016004 kB
MemFree:          107900 kB
Active:           441076 kB
Mem:          3.8G       3.7G       104M       5.7M        28M       3.2G

MemTotal:        4016004 kB
MemFree:          123832 kB
Active:           441308 kB
Mem:          3.8G       3.7G       120M       5.7M        28M       3.2G

MemTotal:        4016004 kB
MemFree:          104820 kB
Active:           441484 kB
Mem:          3.8G       3.7G       116M       5.7M        28M       3.2G

MemTotal:        4016004 kB
MemFree:          128720 kB
Active:           441660 kB
Mem:          3.8G       3.7G       125M       5.7M        28M       3.2G

MemTotal:        4016004 kB
MemFree:          141680 kB
Active:           441824 kB
Mem:          3.8G       3.7G       137M       5.7M        28M       3.1G

MemTotal:        4016004 kB
MemFree:          117928 kB
Active:           441920 kB
Mem:          3.8G       3.7G       114M       5.7M        28M       3.2G

MemTotal:        4016004 kB
MemFree:          130572 kB
Active:           442008 kB
Mem:          3.8G       3.7G       127M       5.7M        28M       3.2G

MemTotal:        4016004 kB
MemFree:          132540 kB
Active:           442104 kB
Mem:          3.8G       3.7G       129M       5.7M        28M       3.2G

MemTotal:        4016004 kB
MemFree:          116140 kB
Active:           442364 kB
Mem:          3.8G       3.7G       112M       5.7M        28M       3.2G

MemTotal:        4016004 kB
MemFree:          110096 kB
Active:           442648 kB
Mem:          3.8G       3.7G       107M       5.7M        28M       3.2G

MemTotal:        4016004 kB
MemFree:          121792 kB
Active:           442816 kB
Mem:          3.8G       3.7G       118M       5.7M        28M       3.2G

MemTotal:        4016004 kB
MemFree:          122400 kB
Active:           442944 kB
Mem:          3.8G       3.7G       118M       5.7M        28M       3.2G

MemTotal:        4016004 kB
MemFree:          121216 kB
Active:           443072 kB
Mem:          3.8G       3.7G       118M       5.7M        28M       3.2G

MemTotal:        4016004 kB
MemFree:          113828 kB
Active:           443284 kB
Mem:          3.8G       3.7G       109M       5.7M        28M       3.2G

MemTotal:        4016004 kB
MemFree:          107720 kB
Active:           443540 kB
Mem:          3.8G       3.7G       104M       5.7M        28M       3.2G

MemTotal:        4016004 kB
MemFree:          125380 kB
Active:           443732 kB
Mem:          3.8G       3.7G       122M       5.7M        28M       3.2G

MemTotal:        4016004 kB
MemFree:          111492 kB
Active:           443872 kB
Mem:          3.8G       3.7G       108M       5.7M        28M       3.2G

MemTotal:        4016004 kB
MemFree:          113336 kB
Active:           444004 kB
Mem:          3.8G       3.7G       109M       5.7M        28M       3.2G

MemTotal:        4016004 kB
MemFree:          111124 kB
Active:           444108 kB
Mem:          3.8G       3.7G       107M       5.7M        28M       3.2G

MemTotal:        4016004 kB
MemFree:          132816 kB
Active:           444352 kB
Mem:          3.8G       3.7G       128M       5.7M        28M       3.2G

MemTotal:        4016004 kB
MemFree:          129004 kB
Active:           444684 kB
Mem:          3.8G       3.7G       126M       5.7M        28M       3.2G

MemTotal:        4016004 kB
MemFree:          129132 kB
Active:           444672 kB
Mem:          3.8G       3.7G       126M       5.7M        28M       3.2G

MemTotal:        4016004 kB
MemFree:          129104 kB
Active:           444652 kB
Mem:          3.8G       3.7G       125M       5.7M        28M       3.2G

MemTotal:        4016004 kB
MemFree:          109404 kB
Active:           444692 kB
Mem:          3.8G       3.7G       105M       5.7M        28M       3.2G

MemTotal:        4016004 kB
MemFree:          124200 kB
Active:           445348 kB
Mem:          3.8G       3.7G       120M       5.7M        28M       3.2G

MemTotal:        4016004 kB
MemFree:          113844 kB
Active:           445580 kB
Mem:          3.8G       3.7G       110M       5.7M        28M       3.2G

MemTotal:        4016004 kB
MemFree:          998192 kB
Active:           421188 kB
Mem:          3.8G       2.9G       974M       5.7M        28M       2.3G

MemTotal:        4016004 kB
MemFree:         1015088 kB
Active:           420544 kB
Mem:          3.8G       2.9G       991M       5.7M        28M       2.3G

MemTotal:        4016004 kB
MemFree:         3360212 kB
Active:           353292 kB
Mem:          3.8G       640M       3.2G       5.7M        28M       202M

MemTotal:        4016004 kB
MemFree:         3381588 kB
Active:           352900 kB
Mem:          3.8G       619M       3.2G       5.7M        28M       183M

MemTotal:        4016004 kB
MemFree:         3381760 kB
Active:           352896 kB
Mem:          3.8G       619M       3.2G       5.7M        28M       183M

MemTotal:        4016004 kB
MemFree:         3381760 kB
Active:           352936 kB
Mem:          3.8G       619M       3.2G       5.7M        28M       183M

MemTotal:        4016004 kB
MemFree:         3382000 kB
Active:           352896 kB
Mem:          3.8G       619M       3.2G       5.7M        28M       183M

MemTotal:        4016004 kB
MemFree:         3381296 kB
Active:           353268 kB
Mem:          3.8G       619M       3.2G       5.7M        28M       184M

MemTotal:        4016004 kB
MemFree:         3381644 kB
Active:           353060 kB
Mem:          3.8G       619M       3.2G       5.7M        28M       184M

MemTotal:        4016004 kB
MemFree:         3381520 kB
Active:           353064 kB
Mem:          3.8G       619M       3.2G       5.7M        28M       184M

MemTotal:        4016004 kB
MemFree:         3381396 kB
Active:           353064 kB
Mem:          3.8G       619M       3.2G       5.7M        28M       184M

MemTotal:        4016004 kB
MemFree:         3381892 kB
Active:           353032 kB
Mem:          3.8G       619M       3.2G       5.7M        28M       184M

MemTotal:        4016004 kB
MemFree:         3381644 kB
Active:           353064 kB
Mem:          3.8G       619M       3.2G       5.7M        28M       184M

MemTotal:        4016004 kB
MemFree:         3382016 kB
Active:           353048 kB
Mem:          3.8G       619M       3.2G       5.7M        28M       184M

MemTotal:        4016004 kB
MemFree:         3382264 kB
Active:           353016 kB
Mem:          3.8G       618M       3.2G       5.7M        28M       184M

MemTotal:        4016004 kB
MemFree:         3382264 kB
Active:           353044 kB
Mem:          3.8G       619M       3.2G       5.7M        28M       184M

MemTotal:        4016004 kB
MemFree:         3382264 kB
Active:           353040 kB
Mem:          3.8G       618M       3.2G       5.7M        28M       184M

MemTotal:        4016004 kB
MemFree:         3381768 kB
Active:           353088 kB
Mem:          3.8G       619M       3.2G       5.7M        28M       184M

MemTotal:        4016004 kB
MemFree:         3382140 kB
Active:           353048 kB
Mem:          3.8G       619M       3.2G       5.7M        28M       184M

MemTotal:        4016004 kB
MemFree:         3382388 kB
Active:           353048 kB
Mem:          3.8G       618M       3.2G       5.7M        28M       184M

MemTotal:        4016004 kB
MemFree:         3381892 kB
Active:           353048 kB
Mem:          3.8G       619M       3.2G       5.7M        28M       184M

MemTotal:        4016004 kB
MemFree:         3382016 kB
Active:           353072 kB
Mem:          3.8G       618M       3.2G       5.7M        28M       184M

MemTotal:        4016004 kB
MemFree:         3382264 kB
Active:           353060 kB
Mem:          3.8G       619M       3.2G       5.7M        28M       184M

MemTotal:        4016004 kB
MemFree:         3381768 kB
Active:           353096 kB
Mem:          3.8G       619M       3.2G       5.7M        28M       184M

MemTotal:        4016004 kB
MemFree:         3382140 kB
Active:           353056 kB
Mem:          3.8G       618M       3.2G       5.7M        28M       184M

MemTotal:        4016004 kB
MemFree:         3382264 kB
Active:           353088 kB
Mem:          3.8G       618M       3.2G       5.7M        28M       184M

MemTotal:        4016004 kB
MemFree:         3382140 kB
Active:           353048 kB
Mem:          3.8G       618M       3.2G       5.7M        28M       184M

MemTotal:        4016004 kB
MemFree:         3381644 kB
Active:           353100 kB
Mem:          3.8G       619M       3.2G       5.7M        28M       184M

MemTotal:        4016004 kB
MemFree:         3382016 kB
Active:           353048 kB
Mem:          3.8G       619M       3.2G       5.7M        28M       184M

MemTotal:        4016004 kB
MemFree:         3381644 kB
Active:           353056 kB
Mem:          3.8G       619M       3.2G       5.7M        28M       184M

MemTotal:        4016004 kB
MemFree:         3382016 kB
Active:           353104 kB
Mem:          3.8G       619M       3.2G       5.7M        28M       184M

MemTotal:        4016004 kB
MemFree:         3382124 kB
Active:           353056 kB
Mem:          3.8G       618M       3.2G       5.7M        28M       184M

MemTotal:        4016004 kB
MemFree:         3381596 kB
Active:           353112 kB
Mem:          3.8G       619M       3.2G       5.7M        28M       184M

MemTotal:        4016004 kB
MemFree:         3382092 kB
Active:           353088 kB
Mem:          3.8G       619M       3.2G       5.7M        28M       184M

MemTotal:        4016004 kB
MemFree:         3381720 kB
Active:           353116 kB
Mem:          3.8G       619M       3.2G       5.7M        28M       184M

MemTotal:        4016004 kB
MemFree:         3382248 kB
Active:           353068 kB
Mem:          3.8G       619M       3.2G       5.7M        28M       184M

MemTotal:        4016004 kB
MemFree:         3382124 kB
Active:           353080 kB
Mem:          3.8G       619M       3.2G       5.7M        28M       184M

MemTotal:        4016004 kB
MemFree:         3382124 kB
Active:           353112 kB
Mem:          3.8G       619M       3.2G       5.7M        28M       184M

MemTotal:        4016004 kB
MemFree:         3381752 kB
Active:           353120 kB
Mem:          3.8G       619M       3.2G       5.7M        28M       184M

MemTotal:        4016004 kB
MemFree:         3382000 kB
Active:           353080 kB
Mem:          3.8G       619M       3.2G       5.7M        28M       184M

MemTotal:        4016004 kB
MemFree:         3381628 kB
Active:           353072 kB
Mem:          3.8G       619M       3.2G       5.7M        28M       184M

MemTotal:        4016004 kB
MemFree:         3381628 kB
Active:           353076 kB
Mem:          3.8G       619M       3.2G       5.7M        28M       184M

MemTotal:        4016004 kB
MemFree:         3381628 kB
Active:           353084 kB
Mem:          3.8G       619M       3.2G       5.7M        28M       184M

MemTotal:        4016004 kB
MemFree:         3381752 kB
Active:           353084 kB
Mem:          3.8G       619M       3.2G       5.7M        28M       184M

MemTotal:        4016004 kB
MemFree:         3381752 kB
Active:           353084 kB
Mem:          3.8G       619M       3.2G       5.7M        28M       184M

MemTotal:        4016004 kB
MemFree:         3382124 kB
Active:           353120 kB
Mem:          3.8G       619M       3.2G       5.7M        28M       184M

MemTotal:        4016004 kB
MemFree:         3382124 kB
Active:           353092 kB
Mem:          3.8G       619M       3.2G       5.7M        28M       184M

MemTotal:        4016004 kB
MemFree:         3381628 kB
Active:           353120 kB
Mem:          3.8G       619M       3.2G       5.7M        28M       184M

MemTotal:        4016004 kB
MemFree:         3381504 kB
Active:           353136 kB
Mem:          3.8G       619M       3.2G       5.7M        28M       184M

MemTotal:        4016004 kB
MemFree:         3381256 kB
Active:           353144 kB
Mem:          3.8G       619M       3.2G       5.7M        28M       184M

MemTotal:        4016004 kB
MemFree:         3381628 kB
Active:           353120 kB
Mem:          3.8G       619M       3.2G       5.7M        28M       184M

MemTotal:        4016004 kB
MemFree:         3381628 kB
Active:           353092 kB
Mem:          3.8G       619M       3.2G       5.7M        28M       184M

MemTotal:        4016004 kB
MemFree:         3381752 kB
Active:           353136 kB
Mem:          3.8G       619M       3.2G       5.7M        28M       184M

MemTotal:        4016004 kB
MemFree:         3381752 kB
Active:           353148 kB
Mem:          3.8G       619M       3.2G       5.7M        28M       184M

MemTotal:        4016004 kB
MemFree:         3381876 kB
Active:           353148 kB
Mem:          3.8G       619M       3.2G       5.7M        28M       184M

MemTotal:        4016004 kB
MemFree:         3382372 kB
Active:           353140 kB
Mem:          3.8G       619M       3.2G       5.7M        28M       184M

MemTotal:        4016004 kB
MemFree:         3382000 kB
Active:           353160 kB
Mem:          3.8G       619M       3.2G       5.7M        28M       184M

MemTotal:        4016004 kB
MemFree:         3382372 kB
Active:           353120 kB
Mem:          3.8G       618M       3.2G       5.7M        28M       184M

MemTotal:        4016004 kB
MemFree:         3382248 kB
Active:           353144 kB
Mem:          3.8G       618M       3.2G       5.7M        28M       184M

MemTotal:        4016004 kB
MemFree:         3382248 kB
Active:           353144 kB
Mem:          3.8G       618M       3.2G       5.7M        28M       184M

MemTotal:        4016004 kB
MemFree:         3382496 kB
Active:           353152 kB
Mem:          3.8G       618M       3.2G       5.7M        28M       184M

MemTotal:        4016004 kB
MemFree:         3382744 kB
Active:           353152 kB
Mem:          3.8G       619M       3.2G       5.7M        28M       184M

MemTotal:        4016004 kB
MemFree:         3382124 kB
Active:           353128 kB
Mem:          3.8G       619M       3.2G       5.7M        28M       184M

MemTotal:        4016004 kB
MemFree:         3382124 kB
Active:           353168 kB
Mem:          3.8G       619M       3.2G       5.7M        28M       184M

MemTotal:        4016004 kB
MemFree:         3382248 kB
Active:           353168 kB
Mem:          3.8G       618M       3.2G       5.7M        28M       184M

MemTotal:        4016004 kB
MemFree:         3381876 kB
Active:           353180 kB
Mem:          3.8G       619M       3.2G       5.7M        28M       184M

MemTotal:        4016004 kB
MemFree:         3382124 kB
Active:           353152 kB
Mem:          3.8G       619M       3.2G       5.7M        28M       184M

MemTotal:        4016004 kB
MemFree:         3382248 kB
Active:           353156 kB
Mem:          3.8G       619M       3.2G       5.7M        28M       184M

MemTotal:        4016004 kB
MemFree:         3382124 kB
Active:           353140 kB
Mem:          3.8G       619M       3.2G       5.7M        28M       184M

MemTotal:        4016004 kB
MemFree:         3382124 kB
Active:           353164 kB
Mem:          3.8G       618M       3.2G       5.7M        28M       184M

MemTotal:        4016004 kB
MemFree:         3382248 kB
Active:           353180 kB
Mem:          3.8G       619M       3.2G       5.7M        28M       184M

MemTotal:        4016004 kB
MemFree:         3382372 kB
Active:           353172 kB
Mem:          3.8G       619M       3.2G       5.7M        28M       184M

MemTotal:        4016004 kB
MemFree:         3382124 kB
Active:           353184 kB
Mem:          3.8G       619M       3.2G       5.7M        28M       184M

MemTotal:        4016004 kB
MemFree:         3382248 kB
Active:           353188 kB
Mem:          3.8G       618M       3.2G       5.7M        28M       184M

MemTotal:        4016004 kB
MemFree:         3382124 kB
Active:           353188 kB
Mem:          3.8G       618M       3.2G       5.7M        28M       184M

MemTotal:        4016004 kB
MemFree:         3382124 kB
Active:           353140 kB
Mem:          3.8G       618M       3.2G       5.7M        28M       184M

MemTotal:        4016004 kB
MemFree:         3382248 kB
Active:           353188 kB
