MemTotal:        4016004 kB
MemFree:         3237092 kB
Active:           421664 kB
Mem:          3.8G       760M       3.1G       5.7M        55M       317M

MemTotal:        4016004 kB
MemFree:         3237432 kB
Active:           421848 kB
Mem:          3.8G       760M       3.1G       5.7M        55M       318M

MemTotal:        4016004 kB
MemFree:         3237308 kB
Active:           421916 kB
Mem:          3.8G       760M       3.1G       5.7M        55M       318M

MemTotal:        4016004 kB
MemFree:         3237292 kB
Active:           421912 kB
Mem:          3.8G       760M       3.1G       5.7M        55M       318M

MemTotal:        4016004 kB
MemFree:         3237168 kB
Active:           421912 kB
Mem:          3.8G       760M       3.1G       5.7M        55M       318M

MemTotal:        4016004 kB
MemFree:         3236920 kB
Active:           419952 kB
Mem:          3.8G       760M       3.1G       5.7M        55M       318M

MemTotal:        4016004 kB
MemFree:         3236964 kB
Active:           421920 kB
Mem:          3.8G       760M       3.1G       5.7M        55M       318M

MemTotal:        4016004 kB
MemFree:         3237584 kB
Active:           421908 kB
Mem:          3.8G       760M       3.1G       5.7M        55M       318M

MemTotal:        4016004 kB
MemFree:         3237460 kB
Active:           421924 kB
Mem:          3.8G       760M       3.1G       5.7M        55M       318M

MemTotal:        4016004 kB
MemFree:         3237568 kB
Active:           421904 kB
Mem:          3.8G       760M       3.1G       5.7M        55M       318M

MemTotal:        4016004 kB
MemFree:         3237072 kB
Active:           421928 kB
Mem:          3.8G       760M       3.1G       5.7M        55M       318M

MemTotal:        4016004 kB
MemFree:         3237444 kB
Active:           421912 kB
Mem:          3.8G       760M       3.1G       5.7M        55M       318M

MemTotal:        4016004 kB
MemFree:         3237196 kB
Active:           421932 kB
Mem:          3.8G       760M       3.1G       5.7M        55M       318M

MemTotal:        4016004 kB
MemFree:         3237552 kB
Active:           421916 kB
Mem:          3.8G       760M       3.1G       5.7M        55M       318M

MemTotal:        4016004 kB
MemFree:         3237892 kB
Active:           421916 kB
Mem:          3.8G       760M       3.1G       5.7M        55M       318M

MemTotal:        4016004 kB
MemFree:         3237644 kB
Active:           421940 kB
Mem:          3.8G       759M       3.1G       5.7M        55M       318M

MemTotal:        4016004 kB
MemFree:         3238032 kB
Active:           421884 kB
Mem:          3.8G       759M       3.1G       5.7M        55M       318M

MemTotal:        4016004 kB
MemFree:         3238140 kB
Active:           421912 kB
Mem:          3.8G       759M       3.1G       5.7M        55M       318M

MemTotal:        4016004 kB
MemFree:         3238496 kB
Active:           421928 kB
Mem:          3.8G       759M       3.1G       5.7M        55M       318M

MemTotal:        4016004 kB
MemFree:         3238000 kB
Active:           421940 kB
Mem:          3.8G       759M       3.1G       5.7M        55M       318M

MemTotal:        4016004 kB
MemFree:         3237628 kB
Active:           421948 kB
Mem:          3.8G       759M       3.1G       5.7M        55M       318M

MemTotal:        4016004 kB
MemFree:         3237860 kB
Active:           421920 kB
Mem:          3.8G       760M       3.1G       5.7M        55M       318M

MemTotal:        4016004 kB
MemFree:         3237952 kB
Active:           421936 kB
Mem:          3.8G       760M       3.1G       5.7M        55M       318M

MemTotal:        4016004 kB
MemFree:         3237984 kB
Active:           421912 kB
Mem:          3.8G       759M       3.1G       5.7M        55M       318M

MemTotal:        4016004 kB
MemFree:         3237968 kB
Active:           421904 kB
Mem:          3.8G       760M       3.1G       5.7M        55M       318M

MemTotal:        4016004 kB
MemFree:         3238076 kB
Active:           421916 kB
Mem:          3.8G       759M       3.1G       5.7M        55M       318M

MemTotal:        4016004 kB
MemFree:         3237688 kB
Active:           421948 kB
Mem:          3.8G       759M       3.1G       5.7M        55M       318M

MemTotal:        4016004 kB
MemFree:         3238060 kB
Active:           421896 kB
Mem:          3.8G       759M       3.1G       5.7M        55M       318M

MemTotal:        4016004 kB
MemFree:         3238044 kB
Active:           421944 kB
Mem:          3.8G       759M       3.1G       5.7M        55M       318M

MemTotal:        4016004 kB
MemFree:         3238000 kB
Active:           421900 kB
Mem:          3.8G       759M       3.1G       5.7M        55M       318M

MemTotal:        4016004 kB
MemFree:         3237876 kB
Active:           421940 kB
Mem:          3.8G       759M       3.1G       5.7M        55M       318M

MemTotal:        4016004 kB
MemFree:         3237752 kB
Active:           421952 kB
Mem:          3.8G       759M       3.1G       5.7M        55M       318M

MemTotal:        4016004 kB
MemFree:         3237628 kB
Active:           421956 kB
Mem:          3.8G       760M       3.1G       5.7M        55M       318M

MemTotal:        4016004 kB
MemFree:         3237752 kB
Active:           421900 kB
Mem:          3.8G       760M       3.1G       5.7M        55M       318M

MemTotal:        4016004 kB
MemFree:         3237612 kB
Active:           421952 kB
Mem:          3.8G       760M       3.1G       5.7M        55M       318M

MemTotal:        4016004 kB
MemFree:         3235780 kB
Active:           421956 kB
Mem:          3.8G       761M       3.1G       5.7M        55M       318M

MemTotal:        4016004 kB
MemFree:         3235440 kB
Active:           423992 kB
Mem:          3.8G       762M       3.1G       5.7M        55M       318M

MemTotal:        4016004 kB
MemFree:         3235316 kB
Active:           423940 kB
Mem:          3.8G       762M       3.1G       5.7M        55M       318M

MemTotal:        4016004 kB
MemFree:         3235564 kB
Active:           423944 kB
Mem:          3.8G       762M       3.1G       5.7M        55M       318M

MemTotal:        4016004 kB
MemFree:         3235564 kB
Active:           423976 kB
Mem:          3.8G       762M       3.1G       5.7M        55M       318M

MemTotal:        4016004 kB
MemFree:         3235516 kB
Active:           423952 kB
Mem:          3.8G       762M       3.1G       5.7M        55M       318M

MemTotal:        4016004 kB
MemFree:         3235252 kB
Active:           424000 kB
Mem:          3.8G       762M       3.1G       5.7M        55M       318M

MemTotal:        4016004 kB
MemFree:         3236012 kB
Active:           423956 kB
Mem:          3.8G       761M       3.1G       5.7M        55M       318M

MemTotal:        4016004 kB
MemFree:         3235484 kB
Active:           424012 kB
Mem:          3.8G       762M       3.1G       5.7M        55M       318M

MemTotal:        4016004 kB
MemFree:         3235640 kB
Active:           424012 kB
Mem:          3.8G       762M       3.1G       5.7M        55M       318M

MemTotal:        4016004 kB
MemFree:         3235996 kB
Active:           423980 kB
Mem:          3.8G       761M       3.1G       5.7M        55M       318M

MemTotal:        4016004 kB
MemFree:         3235524 kB
Active:           424076 kB
Mem:          3.8G       762M       3.1G       5.7M        55M       318M

MemTotal:        4016004 kB
MemFree:         3235340 kB
Active:           424104 kB
Mem:          3.8G       762M       3.1G       5.7M        55M       318M

MemTotal:        4016004 kB
MemFree:         3235748 kB
Active:           424136 kB
Mem:          3.8G       762M       3.1G       5.7M        55M       318M

MemTotal:        4016004 kB
MemFree:         3235748 kB
Active:           424000 kB
Mem:          3.8G       761M       3.1G       5.7M        55M       318M

MemTotal:        4016004 kB
MemFree:         3235748 kB
Active:           424132 kB
Mem:          3.8G       761M       3.1G       5.7M        55M       318M

MemTotal:        4016004 kB
MemFree:         3235448 kB
Active:           424164 kB
Mem:          3.8G       761M       3.1G       5.7M        55M       318M

MemTotal:        4016004 kB
MemFree:         3235904 kB
Active:           423996 kB
Mem:          3.8G       761M       3.1G       5.7M        55M       318M

MemTotal:        4016004 kB
MemFree:         3235656 kB
Active:           424048 kB
Mem:          3.8G       761M       3.1G       5.7M        55M       318M

MemTotal:        4016004 kB
MemFree:         3235904 kB
Active:           423992 kB
Mem:          3.8G       761M       3.1G       5.7M        55M       318M

MemTotal:        4016004 kB
MemFree:         3235772 kB
Active:           422092 kB
Mem:          3.8G       762M       3.1G       5.7M        55M       318M

MemTotal:        4016004 kB
MemFree:         3235948 kB
Active:           424008 kB
Mem:          3.8G       761M       3.1G       5.7M        55M       318M

MemTotal:        4016004 kB
MemFree:         3235592 kB
Active:           424064 kB
Mem:          3.8G       762M       3.1G       5.7M        55M       318M

MemTotal:        4016004 kB
MemFree:         3235824 kB
Active:           423936 kB
Mem:          3.8G       761M       3.1G       5.7M        55M       318M

MemTotal:        4016004 kB
MemFree:         3236056 kB
Active:           423944 kB
Mem:          3.8G       761M       3.1G       5.7M        55M       318M

MemTotal:        4016004 kB
MemFree:         3235904 kB
Active:           424216 kB
Mem:          3.8G       761M       3.1G       5.7M        55M       318M

MemTotal:        4016004 kB
MemFree:         3235440 kB
Active:           424072 kB
Mem:          3.8G       761M       3.1G       5.7M        55M       318M

MemTotal:        4016004 kB
MemFree:         3235828 kB
Active:           424048 kB
Mem:          3.8G       762M       3.1G       5.7M        55M       318M

MemTotal:        4016004 kB
MemFree:         3235828 kB
Active:           424052 kB
Mem:          3.8G       761M       3.1G       5.7M        55M       318M

MemTotal:        4016004 kB
MemFree:         3235192 kB
Active:           424072 kB
Mem:          3.8G       762M       3.1G       5.7M        55M       318M

MemTotal:        4016004 kB
MemFree:         3235564 kB
Active:           422148 kB
Mem:          3.8G       762M       3.1G       5.7M        55M       318M

MemTotal:        4016004 kB
MemFree:         3235748 kB
Active:           424180 kB
Mem:          3.8G       761M       3.1G       5.7M        55M       318M

MemTotal:        4016004 kB
MemFree:         3235856 kB
Active:           424188 kB
Mem:          3.8G       761M       3.1G       5.7M        55M       318M

MemTotal:        4016004 kB
MemFree:         3235756 kB
Active:           424116 kB
Mem:          3.8G       761M       3.1G       5.7M        55M       318M

MemTotal:        4016004 kB
MemFree:         3235592 kB
Active:           424080 kB
Mem:          3.8G       762M       3.1G       5.7M        55M       318M

MemTotal:        4016004 kB
MemFree:         3235592 kB
Active:           424056 kB
Mem:          3.8G       762M       3.1G       5.7M        55M       318M

MemTotal:        4016004 kB
MemFree:         3235568 kB
Active:           424196 kB
Mem:          3.8G       762M       3.1G       5.7M        55M       318M

MemTotal:        4016004 kB
MemFree:         3235420 kB
Active:           424248 kB
Mem:          3.8G       762M       3.1G       5.7M        55M       318M

MemTotal:        4016004 kB
MemFree:         3235452 kB
Active:           424068 kB
Mem:          3.8G       762M       3.1G       5.7M        55M       318M

MemTotal:        4016004 kB
MemFree:         3235824 kB
Active:           424060 kB
Mem:          3.8G       762M       3.1G       5.7M        55M       318M

MemTotal:        4016004 kB
MemFree:         3235868 kB
Active:           422012 kB
Mem:          3.8G       761M       3.1G       5.7M        55M       318M

MemTotal:        4016004 kB
MemFree:         3235340 kB
Active:           424104 kB
Mem:          3.8G       762M       3.1G       5.7M        55M       318M

MemTotal:        4016004 kB
MemFree:         3235416 kB
Active:           423980 kB
Mem:          3.8G       762M       3.1G       5.7M        55M       318M

MemTotal:        4016004 kB
MemFree:         3235400 kB
Active:           423960 kB
Mem:          3.8G       762M       3.1G       5.7M        55M       318M

MemTotal:        4016004 kB
MemFree:         3235184 kB
Active:           424160 kB
Mem:          3.8G       762M       3.1G       5.7M        55M       318M

MemTotal:        4016004 kB
MemFree:         3235200 kB
Active:           424064 kB
Mem:          3.8G       762M       3.1G       5.7M        55M       318M

MemTotal:        4016004 kB
MemFree:         3235076 kB
Active:           424048 kB
Mem:          3.8G       762M       3.1G       5.7M        55M       318M

MemTotal:        4016004 kB
MemFree:         3235448 kB
Active:           424088 kB
Mem:          3.8G       762M       3.1G       5.7M        55M       318M

MemTotal:        4016004 kB
MemFree:         3235308 kB
Active:           424120 kB
Mem:          3.8G       762M       3.1G       5.7M        55M       318M

MemTotal:        4016004 kB
MemFree:         3235680 kB
Active:           424104 kB
Mem:          3.8G       762M       3.1G       5.7M        55M       318M

MemTotal:        4016004 kB
MemFree:         3235724 kB
Active:           422024 kB
Mem:          3.8G       761M       3.1G       5.7M        55M       318M

MemTotal:        4016004 kB
MemFree:         3235724 kB
Active:           424076 kB
Mem:          3.8G       761M       3.1G       5.7M        55M       318M

MemTotal:        4016004 kB
MemFree:         3235600 kB
Active:           424092 kB
Mem:          3.8G       762M       3.1G       5.7M        55M       318M

MemTotal:        4016004 kB
MemFree:         3235724 kB
Active:           424096 kB
Mem:          3.8G       762M       3.1G       5.7M        55M       318M

MemTotal:        4016004 kB
MemFree:         3235772 kB
Active:           424100 kB
Mem:          3.8G       762M       3.1G       5.7M        55M       318M

MemTotal:        4016004 kB
MemFree:         3235524 kB
Active:           424132 kB
Mem:          3.8G       762M       3.1G       5.7M        55M       318M

MemTotal:        4016004 kB
MemFree:         3235648 kB
Active:           424100 kB
Mem:          3.8G       762M       3.1G       5.7M        55M       318M

MemTotal:        4016004 kB
MemFree:         3235028 kB
Active:           424132 kB
Mem:          3.8G       762M       3.1G       5.7M        55M       318M

MemTotal:        4016004 kB
MemFree:         3235524 kB
Active:           424080 kB
Mem:          3.8G       762M       3.1G       5.7M        55M       318M

MemTotal:        4016004 kB
MemFree:         3235400 kB
Active:           424092 kB
Mem:          3.8G       762M       3.1G       5.7M        55M       318M

MemTotal:        4016004 kB
MemFree:         3235400 kB
Active:           424088 kB
Mem:          3.8G       762M       3.1G       5.7M        55M       318M

MemTotal:        4016004 kB
MemFree:         3235276 kB
Active:           424124 kB
Mem:          3.8G       762M       3.1G       5.7M        55M       318M

MemTotal:        4016004 kB
MemFree:         3235152 kB
Active:           424100 kB
Mem:          3.8G       762M       3.1G       5.7M        55M       318M

MemTotal:        4016004 kB
MemFree:         3235512 kB
Active:           424120 kB
Mem:          3.8G       762M       3.1G       5.7M        55M       318M

MemTotal:        4016004 kB
MemFree:         3235388 kB
Active:           424108 kB
Mem:          3.8G       762M       3.1G       5.7M        55M       318M

MemTotal:        4016004 kB
MemFree:         3235092 kB
Active:           424560 kB
Mem:          3.8G       763M       3.1G       5.7M        55M       318M

MemTotal:        4016004 kB
MemFree:         3192332 kB
Active:           425492 kB
Mem:          3.8G       804M       3.0G       5.7M        55M       359M

MemTotal:        4016004 kB
MemFree:         3147240 kB
Active:           425564 kB
Mem:          3.8G       849M       3.0G       5.7M        55M       402M

MemTotal:        4016004 kB
MemFree:         3101248 kB
Active:           425584 kB
Mem:          3.8G       894M       3.0G       5.7M        55M       446M

MemTotal:        4016004 kB
MemFree:         3056140 kB
Active:           425556 kB
Mem:          3.8G       937M       2.9G       5.7M        55M       489M

MemTotal:        4016004 kB
MemFree:         3010024 kB
Active:           425616 kB
Mem:          3.8G       982M       2.9G       5.7M        55M       533M

MemTotal:        4016004 kB
MemFree:         2965412 kB
Active:           425648 kB
Mem:          3.8G       1.0G       2.8G       5.7M        55M       578M

MemTotal:        4016004 kB
MemFree:         2919048 kB
Active:           425648 kB
Mem:          3.8G       1.0G       2.8G       5.7M        55M       621M

MemTotal:        4016004 kB
MemFree:         2875112 kB
Active:           425688 kB
Mem:          3.8G       1.1G       2.7G       5.7M        55M       662M

MemTotal:        4016004 kB
MemFree:         2829540 kB
Active:           425708 kB
Mem:          3.8G       1.1G       2.7G       5.7M        55M       706M

MemTotal:        4016004 kB
MemFree:         2783656 kB
Active:           425752 kB
Mem:          3.8G       1.2G       2.7G       5.7M        55M       751M

MemTotal:        4016004 kB
MemFree:         2738740 kB
Active:           425780 kB
Mem:          3.8G       1.2G       2.6G       5.7M        55M       793M

MemTotal:        4016004 kB
MemFree:         2720632 kB
Active:           425752 kB
Mem:          3.8G       1.2G       2.6G       5.7M        55M       811M

MemTotal:        4016004 kB
MemFree:         2674780 kB
Active:           425812 kB
Mem:          3.8G       1.3G       2.6G       5.7M        55M       855M

MemTotal:        4016004 kB
MemFree:         2629920 kB
Active:           425816 kB
Mem:          3.8G       1.3G       2.5G       5.7M        55M       898M

MemTotal:        4016004 kB
MemFree:         2585624 kB
Active:           425852 kB
Mem:          3.8G       1.4G       2.5G       5.7M        55M       941M

MemTotal:        4016004 kB
MemFree:         2540980 kB
Active:           425876 kB
Mem:          3.8G       1.4G       2.4G       5.7M        55M       984M

MemTotal:        4016004 kB
MemFree:         2495888 kB
Active:           425944 kB
Mem:          3.8G       1.5G       2.4G       5.7M        55M       1.0G

MemTotal:        4016004 kB
MemFree:         2451108 kB
Active:           425924 kB
Mem:          3.8G       1.5G       2.3G       5.7M        55M       1.0G

MemTotal:        4016004 kB
MemFree:         2405656 kB
Active:           425964 kB
Mem:          3.8G       1.5G       2.3G       5.7M        55M       1.1G

MemTotal:        4016004 kB
MemFree:         2360052 kB
Active:           425988 kB
Mem:          3.8G       1.6G       2.2G       5.7M        55M       1.1G

MemTotal:        4016004 kB
MemFree:         2314184 kB
Active:           426040 kB
Mem:          3.8G       1.6G       2.2G       5.7M        55M       1.2G

MemTotal:        4016004 kB
MemFree:         2269076 kB
Active:           426028 kB
Mem:          3.8G       1.7G       2.2G       5.7M        55M       1.2G

MemTotal:        4016004 kB
MemFree:         2223224 kB
Active:           426052 kB
Mem:          3.8G       1.7G       2.1G       5.7M        55M       1.3G

MemTotal:        4016004 kB
MemFree:         2176984 kB
Active:           426128 kB
Mem:          3.8G       1.8G       2.1G       5.7M        55M       1.3G

MemTotal:        4016004 kB
MemFree:         2132956 kB
Active:           426140 kB
Mem:          3.8G       1.8G       2.0G       5.7M        56M       1.3G

MemTotal:        4016004 kB
MemFree:         2088748 kB
Active:           426180 kB
Mem:          3.8G       1.8G       2.0G       5.7M        56M       1.4G

MemTotal:        4016004 kB
MemFree:         2042700 kB
Active:           426164 kB
Mem:          3.8G       1.9G       1.9G       5.7M        56M       1.4G

MemTotal:        4016004 kB
MemFree:         1998088 kB
Active:           426192 kB
Mem:          3.8G       1.9G       1.9G       5.7M        56M       1.5G

MemTotal:        4016004 kB
MemFree:         1953320 kB
Active:           426240 kB
Mem:          3.8G       2.0G       1.9G       5.7M        56M       1.5G

MemTotal:        4016004 kB
MemFree:         1907836 kB
Active:           426260 kB
Mem:          3.8G       2.0G       1.8G       5.7M        56M       1.6G

MemTotal:        4016004 kB
MemFree:         1861852 kB
Active:           426304 kB
Mem:          3.8G       2.1G       1.8G       5.7M        56M       1.6G

MemTotal:        4016004 kB
MemFree:         1858884 kB
Active:           426316 kB
Mem:          3.8G       2.1G       1.8G       5.7M        56M       1.6G

MemTotal:        4016004 kB
MemFree:         1859044 kB
Active:           426336 kB
Mem:          3.8G       2.1G       1.8G       5.7M        56M       1.6G

MemTotal:        4016004 kB
MemFree:         1833224 kB
Active:           426324 kB
Mem:          3.8G       2.1G       1.7G       5.7M        56M       1.6G

MemTotal:        4016004 kB
MemFree:         1787300 kB
Active:           424356 kB
Mem:          3.8G       2.1G       1.7G       5.7M        56M       1.7G

MemTotal:        4016004 kB
MemFree:         1742236 kB
Active:           426392 kB
Mem:          3.8G       2.2G       1.7G       5.7M        56M       1.7G

MemTotal:        4016004 kB
MemFree:         1696508 kB
Active:           426436 kB
Mem:          3.8G       2.2G       1.6G       5.7M        56M       1.8G

MemTotal:        4016004 kB
MemFree:         1651896 kB
Active:           426428 kB
Mem:          3.8G       2.3G       1.6G       5.7M        56M       1.8G

MemTotal:        4016004 kB
MemFree:         1605656 kB
Active:           426464 kB
Mem:          3.8G       2.3G       1.5G       5.7M        56M       1.8G

MemTotal:        4016004 kB
MemFree:         1561664 kB
Active:           426464 kB
Mem:          3.8G       2.3G       1.5G       5.7M        56M       1.9G

MemTotal:        4016004 kB
MemFree:         1516580 kB
Active:           426512 kB
Mem:          3.8G       2.4G       1.4G       5.7M        56M       1.9G

MemTotal:        4016004 kB
MemFree:         1513848 kB
Active:           426520 kB
Mem:          3.8G       2.4G       1.4G       5.7M        56M       1.9G

MemTotal:        4016004 kB
MemFree:         1506924 kB
Active:           426560 kB
Mem:          3.8G       2.4G       1.4G       5.7M        56M       1.9G

MemTotal:        4016004 kB
MemFree:         1462172 kB
Active:           426580 kB
Mem:          3.8G       2.4G       1.4G       5.7M        56M       2.0G

MemTotal:        4016004 kB
MemFree:         1416072 kB
Active:           426604 kB
Mem:          3.8G       2.5G       1.4G       5.7M        56M       2.0G

MemTotal:        4016004 kB
MemFree:         1370452 kB
Active:           424580 kB
Mem:          3.8G       2.5G       1.3G       5.7M        56M       2.1G

MemTotal:        4016004 kB
MemFree:         1326044 kB
Active:           426660 kB
Mem:          3.8G       2.6G       1.3G       5.7M        56M       2.1G

MemTotal:        4016004 kB
MemFree:         1281820 kB
Active:           426692 kB
Mem:          3.8G       2.6G       1.2G       5.7M        56M       2.1G

MemTotal:        4016004 kB
MemFree:         1235496 kB
Active:           426712 kB
Mem:          3.8G       2.7G       1.2G       5.7M        56M       2.2G

MemTotal:        4016004 kB
MemFree:         1191528 kB
Active:           426736 kB
Mem:          3.8G       2.7G       1.1G       5.7M        56M       2.2G

MemTotal:        4016004 kB
MemFree:         1145620 kB
Active:           426760 kB
Mem:          3.8G       2.7G       1.1G       5.7M        56M       2.3G

MemTotal:        4016004 kB
MemFree:         1101228 kB
Active:           426796 kB
Mem:          3.8G       2.8G       1.0G       5.7M        56M       2.3G

MemTotal:        4016004 kB
MemFree:         1054764 kB
Active:           426800 kB
Mem:          3.8G       2.8G       1.0G       5.7M        56M       2.4G

MemTotal:        4016004 kB
MemFree:         1010896 kB
Active:           426816 kB
Mem:          3.8G       2.9G       986M       5.7M        56M       2.4G

MemTotal:        4016004 kB
MemFree:          964992 kB
Active:           426832 kB
Mem:          3.8G       2.9G       942M       5.7M        56M       2.4G

MemTotal:        4016004 kB
MemFree:          920316 kB
Active:           424840 kB
Mem:          3.8G       3.0G       898M       5.7M        56M       2.5G

MemTotal:        4016004 kB
MemFree:          891192 kB
Active:           426896 kB
Mem:          3.8G       3.0G       870M       5.7M        56M       2.5G

MemTotal:        4016004 kB
MemFree:          845340 kB
Active:           426928 kB
Mem:          3.8G       3.0G       825M       5.7M        56M       2.6G

MemTotal:        4016004 kB
MemFree:          800852 kB
Active:           426964 kB
Mem:          3.8G       3.1G       780M       5.7M        56M       2.6G

MemTotal:        4016004 kB
MemFree:          756088 kB
Active:           426952 kB
Mem:          3.8G       3.1G       737M       5.7M        56M       2.6G

MemTotal:        4016004 kB
MemFree:          710124 kB
Active:           427020 kB
Mem:          3.8G       3.2G       692M       5.7M        56M       2.7G

MemTotal:        4016004 kB
MemFree:          685292 kB
Active:           427040 kB
Mem:          3.8G       3.2G       669M       5.7M        56M       2.7G

MemTotal:        4016004 kB
MemFree:          685612 kB
Active:           427044 kB
Mem:          3.8G       3.2G       669M       5.7M        56M       2.7G

MemTotal:        4016004 kB
MemFree:          685616 kB
Active:           427068 kB
Mem:          3.8G       3.2G       669M       5.7M        56M       2.7G

MemTotal:        4016004 kB
MemFree:          646912 kB
Active:           427080 kB
Mem:          3.8G       3.2G       631M       5.7M        56M       2.7G

MemTotal:        4016004 kB
MemFree:          599120 kB
Active:           427084 kB
Mem:          3.8G       3.3G       584M       5.7M        56M       2.8G

MemTotal:        4016004 kB
MemFree:          554152 kB
Active:           429116 kB
Mem:          3.8G       3.3G       540M       5.7M        56M       2.8G

MemTotal:        4016004 kB
MemFree:          507928 kB
Active:           429180 kB
Mem:          3.8G       3.3G       495M       5.7M        56M       2.9G

MemTotal:        4016004 kB
MemFree:          463936 kB
Active:           429204 kB
Mem:          3.8G       3.4G       452M       5.7M        56M       2.9G

MemTotal:        4016004 kB
MemFree:          417324 kB
Active:           429208 kB
Mem:          3.8G       3.4G       407M       5.7M        56M       3.0G

MemTotal:        4016004 kB
MemFree:          373788 kB
Active:           429232 kB
Mem:          3.8G       3.5G       363M       5.7M        56M       3.0G

MemTotal:        4016004 kB
MemFree:          347748 kB
Active:           429236 kB
Mem:          3.8G       3.5G       339M       5.7M        56M       3.0G

MemTotal:        4016004 kB
MemFree:          332376 kB
Active:           429296 kB
Mem:          3.8G       3.5G       324M       5.7M        56M       3.0G

MemTotal:        4016004 kB
MemFree:          287764 kB
Active:           429268 kB
Mem:          3.8G       3.6G       280M       5.7M        57M       3.1G

MemTotal:        4016004 kB
MemFree:          241416 kB
Active:           429316 kB
Mem:          3.8G       3.6G       235M       5.7M        57M       3.1G

MemTotal:        4016004 kB
MemFree:          198120 kB
Active:           429372 kB
Mem:          3.8G       3.6G       192M       5.7M        57M       3.2G

MemTotal:        4016004 kB
MemFree:          173876 kB
Active:           429388 kB
Mem:          3.8G       3.7G       169M       5.7M        57M       3.2G

MemTotal:        4016004 kB
MemFree:          174492 kB
Active:           429240 kB
Mem:          3.8G       3.7G       170M       5.7M        57M       3.2G

MemTotal:        4016004 kB
MemFree:          170796 kB
Active:           429220 kB
Mem:          3.8G       3.7G       166M       5.7M        57M       3.2G

MemTotal:        4016004 kB
MemFree:          126352 kB
Active:           429236 kB
Mem:          3.8G       3.7G       122M       5.7M        57M       3.2G

MemTotal:        4016004 kB
MemFree:          123128 kB
Active:           430540 kB
Mem:          3.8G       3.7G       119M       5.7M        22M       3.3G

MemTotal:        4016004 kB
MemFree:          136004 kB
Active:           451088 kB
Mem:          3.8G       3.7G       130M       5.7M        22M       3.3G

MemTotal:        4016004 kB
MemFree:          150060 kB
Active:           488452 kB
Mem:          3.8G       3.7G       144M       5.7M        22M       3.2G

MemTotal:        4016004 kB
MemFree:          106068 kB
Active:           488444 kB
Mem:          3.8G       3.7G       125M       5.7M        22M       3.3G

MemTotal:        4016004 kB
MemFree:          126928 kB
Active:           477960 kB
Mem:          3.8G       3.7G       123M       5.7M        22M       3.3G

MemTotal:        4016004 kB
MemFree:          107780 kB
Active:           473628 kB
Mem:          3.8G       3.7G       103M       5.7M        22M       3.3G

MemTotal:        4016004 kB
MemFree:          109384 kB
Active:           472228 kB
Mem:          3.8G       3.7G       106M       5.7M        22M       3.3G

MemTotal:        4016004 kB
MemFree:          108796 kB
Active:           472208 kB
Mem:          3.8G       3.7G       106M       5.7M        22M       3.3G

MemTotal:        4016004 kB
MemFree:          127444 kB
Active:           465308 kB
Mem:          3.8G       3.7G       122M       5.7M        22M       3.3G

MemTotal:        4016004 kB
MemFree:          119024 kB
Active:           461836 kB
Mem:          3.8G       3.7G       115M       5.7M        22M       3.3G

MemTotal:        4016004 kB
MemFree:          111736 kB
Active:           452500 kB
Mem:          3.8G       3.7G       108M       5.7M        22M       3.3G

MemTotal:        4016004 kB
MemFree:          120684 kB
Active:           445596 kB
Mem:          3.8G       3.7G       117M       5.7M        22M       3.3G

MemTotal:        4016004 kB
MemFree:          111752 kB
Active:           442180 kB
Mem:          3.8G       3.7G       107M       5.7M        22M       3.3G

MemTotal:        4016004 kB
MemFree:          108076 kB
Active:           432068 kB
Mem:          3.8G       3.7G       104M       5.7M        22M       3.3G

MemTotal:        4016004 kB
MemFree:          105580 kB
Active:           432428 kB
Mem:          3.8G       3.7G       124M       5.7M        22M       3.3G

MemTotal:        4016004 kB
MemFree:          126408 kB
Active:           430300 kB
Mem:          3.8G       3.7G       122M       5.7M        22M       3.3G

MemTotal:        4016004 kB
MemFree:          128684 kB
Active:           428432 kB
Mem:          3.8G       3.7G       124M       5.7M        22M       3.3G

MemTotal:        4016004 kB
MemFree:          114844 kB
Active:           427408 kB
Mem:          3.8G       3.7G       110M       5.7M        22M       3.3G

MemTotal:        4016004 kB
MemFree:          104812 kB
Active:           426416 kB
Mem:          3.8G       3.7G       124M       5.7M        22M       3.3G

MemTotal:        4016004 kB
MemFree:          106604 kB
Active:           424412 kB
Mem:          3.8G       3.7G       103M       5.7M        22M       3.3G

MemTotal:        4016004 kB
MemFree:          124436 kB
Active:           422524 kB
Mem:          3.8G       3.7G       120M       5.7M        22M       3.3G

MemTotal:        4016004 kB
MemFree:          107000 kB
Active:           421644 kB
Mem:          3.8G       3.7G       104M       5.7M        22M       3.3G

MemTotal:        4016004 kB
MemFree:          119360 kB
Active:           420336 kB
Mem:          3.8G       3.7G       116M       5.7M        22M       3.3G

MemTotal:        4016004 kB
MemFree:          119344 kB
Active:           420396 kB
Mem:          3.8G       3.7G       116M       5.7M        22M       3.3G

MemTotal:        4016004 kB
MemFree:          107448 kB
Active:           420544 kB
Mem:          3.8G       3.7G       104M       5.7M        22M       3.3G

MemTotal:        4016004 kB
MemFree:          107376 kB
Active:           418772 kB
Mem:          3.8G       3.7G       102M       5.7M        22M       3.3G

MemTotal:        4016004 kB
MemFree:          127384 kB
Active:           416604 kB
Mem:          3.8G       3.7G       124M       5.7M        22M       3.3G

MemTotal:        4016004 kB
MemFree:          132092 kB
Active:           414716 kB
Mem:          3.8G       3.7G       127M       5.7M        22M       3.3G

MemTotal:        4016004 kB
MemFree:          122196 kB
Active:           413784 kB
Mem:          3.8G       3.7G       118M       5.7M        22M       3.3G

MemTotal:        4016004 kB
MemFree:          132224 kB
Active:           411928 kB
Mem:          3.8G       3.7G       127M       5.7M        22M       3.3G

MemTotal:        4016004 kB
MemFree:          123604 kB
Active:           410912 kB
Mem:          3.8G       3.7G       119M       5.7M        22M       3.3G

MemTotal:        4016004 kB
MemFree:          108900 kB
Active:           409824 kB
Mem:          3.8G       3.7G       105M       5.7M        22M       3.3G

MemTotal:        4016004 kB
MemFree:          123076 kB
Active:           408816 kB
Mem:          3.8G       3.7G       120M       5.7M        22M       3.3G

MemTotal:        4016004 kB
MemFree:          112976 kB
Active:           408816 kB
Mem:          3.8G       3.7G       109M       5.7M        22M       3.3G

MemTotal:        4016004 kB
MemFree:          128132 kB
Active:           406932 kB
Mem:          3.8G       3.7G       124M       5.7M        22M       3.3G

MemTotal:        4016004 kB
MemFree:          136096 kB
Active:           405020 kB
Mem:          3.8G       3.7G       132M       5.7M        22M       3.2G

MemTotal:        4016004 kB
MemFree:          151620 kB
Active:           403244 kB
Mem:          3.8G       3.7G       147M       5.7M        22M       3.2G

MemTotal:        4016004 kB
MemFree:          106800 kB
Active:           403300 kB
Mem:          3.8G       3.7G       104M       5.7M        22M       3.3G

MemTotal:        4016004 kB
MemFree:          134328 kB
Active:           402124 kB
Mem:          3.8G       3.7G       130M       5.7M        22M       3.3G

MemTotal:        4016004 kB
MemFree:          125588 kB
Active:           401064 kB
Mem:          3.8G       3.7G       121M       5.7M        22M       3.3G

MemTotal:        4016004 kB
MemFree:          107368 kB
Active:           400404 kB
Mem:          3.8G       3.7G       102M       5.7M        22M       3.3G

MemTotal:        4016004 kB
MemFree:          128084 kB
Active:           398164 kB
Mem:          3.8G       3.7G       124M       5.7M        22M       3.3G

MemTotal:        4016004 kB
MemFree:          115196 kB
Active:           397260 kB
Mem:          3.8G       3.7G       111M       5.7M        22M       3.3G

MemTotal:        4016004 kB
MemFree:          112720 kB
Active:           393880 kB
Mem:          3.8G       3.7G       124M       5.7M        22M       3.3G

MemTotal:        4016004 kB
MemFree:          121056 kB
Active:           394500 kB
Mem:          3.8G       3.7G       118M       5.7M        22M       3.3G

MemTotal:        4016004 kB
MemFree:          114140 kB
Active:           393484 kB
Mem:          3.8G       3.7G       109M       5.7M        22M       3.3G

MemTotal:        4016004 kB
MemFree:          115780 kB
Active:           391312 kB
Mem:          3.8G       3.7G       112M       5.7M        22M       3.3G

MemTotal:        4016004 kB
MemFree:          125328 kB
Active:           389592 kB
Mem:          3.8G       3.7G       122M       5.7M        22M       3.3G

MemTotal:        4016004 kB
MemFree:          116616 kB
Active:           388280 kB
Mem:          3.8G       3.7G       113M       5.7M        23M       3.3G

MemTotal:        4016004 kB
MemFree:          108252 kB
Active:           387300 kB
Mem:          3.8G       3.7G       105M       5.7M        23M       3.3G

MemTotal:        4016004 kB
MemFree:          118172 kB
Active:           385160 kB
Mem:          3.8G       3.7G       112M       5.7M        23M       3.3G

MemTotal:        4016004 kB
MemFree:          108388 kB
Active:           384184 kB
Mem:          3.8G       3.7G       105M       5.7M        23M       3.3G

MemTotal:        4016004 kB
MemFree:          125472 kB
Active:           382192 kB
Mem:          3.8G       3.7G       127M       5.7M        23M       3.3G

MemTotal:        4016004 kB
MemFree:          128352 kB
Active:           378392 kB
Mem:          3.8G       3.7G       125M       5.7M        23M       3.3G

MemTotal:        4016004 kB
MemFree:          115880 kB
Active:           378228 kB
Mem:          3.8G       3.7G       112M       5.7M        23M       3.3G

MemTotal:        4016004 kB
MemFree:          132684 kB
Active:           376652 kB
Mem:          3.8G       3.7G       128M       5.7M        23M       3.3G

MemTotal:        4016004 kB
MemFree:          124328 kB
Active:           375612 kB
Mem:          3.8G       3.7G       121M       5.7M        23M       3.3G

MemTotal:        4016004 kB
MemFree:          116404 kB
Active:           374508 kB
Mem:          3.8G       3.7G       112M       5.7M        23M       3.3G

MemTotal:        4016004 kB
MemFree:          132056 kB
Active:           372836 kB
Mem:          3.8G       3.7G       128M       5.7M        23M       3.3G

MemTotal:        4016004 kB
MemFree:          123652 kB
Active:           371608 kB
Mem:          3.8G       3.7G       118M       5.7M        23M       3.3G

MemTotal:        4016004 kB
MemFree:          126060 kB
Active:           370356 kB
Mem:          3.8G       3.7G       122M       5.7M        23M       3.3G

MemTotal:        4016004 kB
MemFree:          129856 kB
Active:           370384 kB
Mem:          3.8G       3.7G       125M       5.7M        23M       3.3G

MemTotal:        4016004 kB
MemFree:          131484 kB
Active:           370408 kB
Mem:          3.8G       3.7G       127M       5.7M        23M       3.3G

MemTotal:        4016004 kB
MemFree:          129240 kB
Active:           370444 kB
Mem:          3.8G       3.7G       125M       5.7M        23M       3.3G

MemTotal:        4016004 kB
MemFree:          131968 kB
Active:           370460 kB
Mem:          3.8G       3.7G       127M       5.7M        23M       3.3G

MemTotal:        4016004 kB
MemFree:          134960 kB
Active:           370484 kB
Mem:          3.8G       3.7G       130M       5.7M        23M       3.2G

MemTotal:        4016004 kB
MemFree:          134880 kB
Active:           367736 kB
Mem:          3.8G       3.7G       130M       5.7M        23M       3.2G

MemTotal:        4016004 kB
MemFree:          125808 kB
Active:           367648 kB
Mem:          3.8G       3.7G       122M       5.7M        23M       3.3G

MemTotal:        4016004 kB
MemFree:          107548 kB
Active:           367672 kB
Mem:          3.8G       3.7G       105M       5.7M        23M       3.3G

MemTotal:        4016004 kB
MemFree:          107520 kB
Active:           367628 kB
Mem:          3.8G       3.7G       104M       5.7M        23M       3.3G

MemTotal:        4016004 kB
MemFree:          107616 kB
Active:           367660 kB
Mem:          3.8G       3.7G       105M       5.7M        23M       3.3G

MemTotal:        4016004 kB
MemFree:          126032 kB
Active:           367696 kB
Mem:          3.8G       3.7G       121M       5.7M        23M       3.3G

MemTotal:        4016004 kB
MemFree:          110732 kB
Active:           367564 kB
Mem:          3.8G       3.7G       107M       5.7M        23M       3.3G

MemTotal:        4016004 kB
MemFree:          127376 kB
Active:           367568 kB
Mem:          3.8G       3.7G       124M       5.7M        23M       3.3G

MemTotal:        4016004 kB
MemFree:          124304 kB
Active:           367608 kB
Mem:          3.8G       3.7G       121M       5.7M        23M       3.3G

MemTotal:        4016004 kB
MemFree:          107344 kB
Active:           367644 kB
Mem:          3.8G       3.7G       104M       5.7M        23M       3.3G

MemTotal:        4016004 kB
MemFree:          129080 kB
Active:           367564 kB
Mem:          3.8G       3.7G       124M       5.7M        23M       3.3G

MemTotal:        4016004 kB
MemFree:          120544 kB
Active:           367612 kB
Mem:          3.8G       3.7G       117M       5.7M        23M       3.3G

MemTotal:        4016004 kB
MemFree:          127416 kB
Active:           367640 kB
Mem:          3.8G       3.7G       124M       5.7M        23M       3.3G

MemTotal:        4016004 kB
MemFree:          128192 kB
Active:           367628 kB
Mem:          3.8G       3.7G       124M       5.7M        23M       3.3G

MemTotal:        4016004 kB
MemFree:          118568 kB
Active:           367688 kB
Mem:          3.8G       3.7G       115M       5.7M        23M       3.3G

MemTotal:        4016004 kB
MemFree:          121060 kB
Active:           367708 kB
Mem:          3.8G       3.7G       117M       5.7M        23M       3.3G

MemTotal:        4016004 kB
MemFree:          111540 kB
Active:           367684 kB
Mem:          3.8G       3.7G       108M       5.7M        23M       3.3G

MemTotal:        4016004 kB
MemFree:          114948 kB
Active:           367452 kB
Mem:          3.8G       3.7G       112M       5.7M        23M       3.3G

MemTotal:        4016004 kB
MemFree:          107080 kB
Active:           367360 kB
Mem:          3.8G       3.7G       104M       5.7M        23M       3.3G

MemTotal:        4016004 kB
MemFree:          107904 kB
Active:           367388 kB
Mem:          3.8G       3.7G       104M       5.7M        23M       3.3G

MemTotal:        4016004 kB
MemFree:          108780 kB
Active:           367412 kB
Mem:          3.8G       3.7G       104M       5.7M        23M       3.3G

MemTotal:        4016004 kB
MemFree:          112580 kB
Active:           367132 kB
Mem:          3.8G       3.7G       108M       5.7M        23M       3.3G

MemTotal:        4016004 kB
MemFree:          116888 kB
Active:           367108 kB
Mem:          3.8G       3.7G       113M       5.7M        23M       3.3G

MemTotal:        4016004 kB
MemFree:          108768 kB
Active:           367160 kB
Mem:          3.8G       3.7G       105M       5.7M        23M       3.3G

MemTotal:        4016004 kB
MemFree:          113616 kB
Active:           367160 kB
Mem:          3.8G       3.7G       110M       5.7M        23M       3.3G

MemTotal:        4016004 kB
MemFree:          123348 kB
Active:           366488 kB
Mem:          3.8G       3.7G       119M       5.7M        23M       3.3G

MemTotal:        4016004 kB
MemFree:          113392 kB
Active:           366496 kB
Mem:          3.8G       3.7G       109M       5.7M        23M       3.3G

MemTotal:        4016004 kB
MemFree:          114420 kB
Active:           367936 kB
Mem:          3.8G       3.7G       124M       5.7M        23M       3.3G

MemTotal:        4016004 kB
MemFree:          115320 kB
Active:           367956 kB
Mem:          3.8G       3.7G       112M       5.7M        24M       3.3G

MemTotal:        4016004 kB
MemFree:          134728 kB
Active:           367948 kB
Mem:          3.8G       3.7G       131M       5.7M        24M       3.2G

MemTotal:        4016004 kB
MemFree:          127068 kB
Active:           367948 kB
Mem:          3.8G       3.7G       122M       5.7M        24M       3.3G

MemTotal:        4016004 kB
MemFree:          118512 kB
Active:           368020 kB
Mem:          3.8G       3.7G       115M       5.7M        24M       3.3G

MemTotal:        4016004 kB
MemFree:          116836 kB
Active:           368044 kB
Mem:          3.8G       3.7G       112M       5.7M        24M       3.3G

MemTotal:        4016004 kB
MemFree:          108840 kB
Active:           368048 kB
Mem:          3.8G       3.7G       105M       5.7M        24M       3.3G

MemTotal:        4016004 kB
MemFree:          130232 kB
Active:           365712 kB
Mem:          3.8G       3.7G       127M       5.7M        24M       3.2G

MemTotal:        4016004 kB
MemFree:          134704 kB
Active:           365704 kB
Mem:          3.8G       3.7G       130M       5.7M        24M       3.2G

MemTotal:        4016004 kB
MemFree:          132516 kB
Active:           365748 kB
Mem:          3.8G       3.7G       128M       5.7M        24M       3.2G

MemTotal:        4016004 kB
MemFree:          142588 kB
Active:           365760 kB
Mem:          3.8G       3.7G       139M       5.7M        24M       3.2G

MemTotal:        4016004 kB
MemFree:          134432 kB
Active:           365800 kB
Mem:          3.8G       3.7G       130M       5.7M        24M       3.2G

MemTotal:        4016004 kB
MemFree:          127020 kB
Active:           365816 kB
Mem:          3.8G       3.7G       122M       5.7M        24M       3.3G

MemTotal:        4016004 kB
MemFree:          131016 kB
Active:           365852 kB
Mem:          3.8G       3.7G       126M       5.7M        24M       3.2G

MemTotal:        4016004 kB
MemFree:          133076 kB
Active:           365848 kB
Mem:          3.8G       3.7G       128M       5.7M        24M       3.2G

MemTotal:        4016004 kB
MemFree:          129692 kB
Active:           363280 kB
Mem:          3.8G       3.7G       126M       5.7M        24M       3.2G

MemTotal:        4016004 kB
MemFree:          127724 kB
Active:           363296 kB
Mem:          3.8G       3.7G       124M       5.7M        24M       3.2G

MemTotal:        4016004 kB
MemFree:          123308 kB
Active:           363276 kB
Mem:          3.8G       3.7G       120M       5.7M        24M       3.3G

MemTotal:        4016004 kB
MemFree:          123220 kB
Active:           363272 kB
Mem:          3.8G       3.7G       120M       5.7M        24M       3.3G

MemTotal:        4016004 kB
MemFree:          121424 kB
Active:           363264 kB
Mem:          3.8G       3.7G       118M       5.7M        24M       3.3G

MemTotal:        4016004 kB
MemFree:          109260 kB
Active:           365316 kB
Mem:          3.8G       3.7G       106M       5.7M        24M       3.3G

MemTotal:        4016004 kB
MemFree:          125616 kB
Active:           365328 kB
Mem:          3.8G       3.7G       122M       5.7M        24M       3.3G

MemTotal:        4016004 kB
MemFree:          123204 kB
Active:           365408 kB
Mem:          3.8G       3.7G       119M       5.7M        24M       3.3G

MemTotal:        4016004 kB
MemFree:          109080 kB
Active:           365392 kB
Mem:          3.8G       3.7G       105M       5.7M        24M       3.3G

MemTotal:        4016004 kB
MemFree:          130808 kB
Active:           365452 kB
Mem:          3.8G       3.7G       126M       5.7M        24M       3.2G

MemTotal:        4016004 kB
MemFree:          122776 kB
Active:           365456 kB
Mem:          3.8G       3.7G       118M       5.7M        24M       3.3G

MemTotal:        4016004 kB
MemFree:          124916 kB
Active:           360908 kB
Mem:          3.8G       3.7G       121M       5.7M        24M       3.3G

MemTotal:        4016004 kB
MemFree:          117720 kB
Active:           360976 kB
Mem:          3.8G       3.7G       113M       5.7M        24M       3.3G

MemTotal:        4016004 kB
MemFree:          120548 kB
Active:           360864 kB
Mem:          3.8G       3.7G       116M       5.7M        24M       3.3G

MemTotal:        4016004 kB
MemFree:          112188 kB
Active:           360856 kB
Mem:          3.8G       3.7G       108M       5.7M        24M       3.3G

MemTotal:        4016004 kB
MemFree:          104800 kB
Active:           360920 kB
Mem:          3.8G       3.7G       123M       5.7M        24M       3.2G

MemTotal:        4016004 kB
MemFree:          128640 kB
Active:           360940 kB
Mem:          3.8G       3.7G       125M       5.7M        24M       3.2G

MemTotal:        4016004 kB
MemFree:          127552 kB
Active:           360940 kB
Mem:          3.8G       3.7G       124M       5.7M        24M       3.2G

MemTotal:        4016004 kB
MemFree:          119072 kB
Active:           360988 kB
Mem:          3.8G       3.7G       115M       5.7M        24M       3.3G

MemTotal:        4016004 kB
MemFree:          110536 kB
Active:           361008 kB
Mem:          3.8G       3.7G       107M       5.7M        24M       3.3G

MemTotal:        4016004 kB
MemFree:          113528 kB
Active:           361032 kB
Mem:          3.8G       3.7G       110M       5.7M        24M       3.3G

MemTotal:        4016004 kB
MemFree:          119484 kB
Active:           360140 kB
Mem:          3.8G       3.7G       116M       5.7M        24M       3.3G

MemTotal:        4016004 kB
MemFree:          129416 kB
Active:           360196 kB
Mem:          3.8G       3.7G       125M       5.7M        24M       3.2G

MemTotal:        4016004 kB
MemFree:          121508 kB
Active:           360236 kB
Mem:          3.8G       3.7G       118M       5.7M        24M       3.3G

MemTotal:        4016004 kB
MemFree:          111180 kB
Active:           360240 kB
Mem:          3.8G       3.7G       107M       5.7M        24M       3.3G

MemTotal:        4016004 kB
MemFree:          110712 kB
Active:           361400 kB
Mem:          3.8G       3.7G       107M       5.7M        24M       3.3G

MemTotal:        4016004 kB
MemFree:          126904 kB
Active:           361408 kB
Mem:          3.8G       3.7G       123M       5.7M        24M       3.2G

MemTotal:        4016004 kB
MemFree:          130432 kB
Active:           361316 kB
Mem:          3.8G       3.7G       127M       5.7M        24M       3.2G

MemTotal:        4016004 kB
MemFree:          125228 kB
Active:           361328 kB
Mem:          3.8G       3.7G       125M       5.7M        24M       3.2G

MemTotal:        4016004 kB
MemFree:          109800 kB
Active:           361320 kB
Mem:          3.8G       3.7G       107M       5.7M        24M       3.3G

MemTotal:        4016004 kB
MemFree:          129752 kB
Active:           361340 kB
Mem:          3.8G       3.7G       125M       5.7M        24M       3.2G

MemTotal:        4016004 kB
MemFree:          115308 kB
Active:           356192 kB
Mem:          3.8G       3.7G       111M       5.7M        24M       3.3G

MemTotal:        4016004 kB
MemFree:          120688 kB
Active:           356204 kB
Mem:          3.8G       3.7G       117M       5.7M        24M       3.3G

MemTotal:        4016004 kB
MemFree:          106684 kB
Active:           356188 kB
Mem:          3.8G       3.7G       102M       5.7M        24M       3.3G

MemTotal:        4016004 kB
MemFree:          116940 kB
Active:           354212 kB
Mem:          3.8G       3.7G       112M       5.7M        24M       3.3G

MemTotal:        4016004 kB
MemFree:          109156 kB
Active:           355484 kB
Mem:          3.8G       3.7G       105M       5.7M        24M       3.3G

MemTotal:        4016004 kB
MemFree:          125116 kB
Active:           355524 kB
Mem:          3.8G       3.7G       125M       5.7M        24M       3.2G

MemTotal:        4016004 kB
MemFree:          109868 kB
Active:           355436 kB
Mem:          3.8G       3.7G       124M       5.7M        24M       3.2G

MemTotal:        4016004 kB
MemFree:          108728 kB
Active:           355312 kB
Mem:          3.8G       3.7G       104M       5.7M        25M       3.3G

MemTotal:        4016004 kB
MemFree:          125792 kB
Active:           355348 kB
Mem:          3.8G       3.7G       121M       5.7M        25M       3.2G

MemTotal:        4016004 kB
MemFree:          117388 kB
Active:           355372 kB
Mem:          3.8G       3.7G       114M       5.7M        25M       3.3G

MemTotal:        4016004 kB
MemFree:          127936 kB
Active:           355384 kB
Mem:          3.8G       3.7G       125M       5.7M        25M       3.2G

MemTotal:        4016004 kB
MemFree:          114884 kB
Active:           355376 kB
Mem:          3.8G       3.7G       112M       5.7M        25M       3.3G

MemTotal:        4016004 kB
MemFree:          113532 kB
Active:           355412 kB
Mem:          3.8G       3.7G       110M       5.7M        25M       3.3G

MemTotal:        4016004 kB
MemFree:          106632 kB
Active:           354452 kB
Mem:          3.8G       3.7G       102M       5.7M        25M       3.3G

MemTotal:        4016004 kB
MemFree:          116440 kB
Active:           354432 kB
Mem:          3.8G       3.7G       113M       5.7M        25M       3.3G

MemTotal:        4016004 kB
MemFree:          109400 kB
Active:           354504 kB
Mem:          3.8G       3.7G       105M       5.7M        25M       3.3G

MemTotal:        4016004 kB
MemFree:          125300 kB
Active:           354524 kB
Mem:          3.8G       3.7G       122M       5.7M        25M       3.2G

MemTotal:        4016004 kB
MemFree:          105488 kB
Active:           354516 kB
Mem:          3.8G       3.7G       123M       5.7M        25M       3.2G

MemTotal:        4016004 kB
MemFree:          107004 kB
Active:           354572 kB
Mem:          3.8G       3.7G       103M       5.7M        25M       3.3G

MemTotal:        4016004 kB
MemFree:          128732 kB
Active:           354596 kB
Mem:          3.8G       3.7G       125M       5.7M        25M       3.2G

MemTotal:        4016004 kB
MemFree:          132404 kB
Active:           354624 kB
Mem:          3.8G       3.7G       129M       5.7M        25M       3.2G

MemTotal:        4016004 kB
MemFree:          134260 kB
Active:           354624 kB
Mem:          3.8G       3.7G       130M       5.7M        25M       3.2G

MemTotal:        4016004 kB
MemFree:          127220 kB
Active:           354648 kB
Mem:          3.8G       3.7G       123M       5.7M        25M       3.2G

MemTotal:        4016004 kB
MemFree:          134724 kB
Active:           353876 kB
Mem:          3.8G       3.7G       131M       5.7M        25M       3.2G

MemTotal:        4016004 kB
MemFree:          128088 kB
Active:           353876 kB
Mem:          3.8G       3.7G       125M       5.7M        25M       3.2G

MemTotal:        4016004 kB
MemFree:          126772 kB
Active:           353940 kB
Mem:          3.8G       3.7G       123M       5.7M        25M       3.2G

MemTotal:        4016004 kB
MemFree:          130056 kB
Active:           353948 kB
Mem:          3.8G       3.7G       127M       5.7M        25M       3.2G

MemTotal:        4016004 kB
MemFree:          120832 kB
Active:           353952 kB
Mem:          3.8G       3.7G       117M       5.7M        25M       3.2G

MemTotal:        4016004 kB
MemFree:          106184 kB
Active:           353976 kB
Mem:          3.8G       3.7G       103M       5.7M        25M       3.3G

MemTotal:        4016004 kB
MemFree:          128908 kB
Active:           353852 kB
Mem:          3.8G       3.7G       125M       5.7M        25M       3.2G

MemTotal:        4016004 kB
MemFree:          115428 kB
Active:           353892 kB
Mem:          3.8G       3.7G       111M       5.7M        25M       3.3G

MemTotal:        4016004 kB
MemFree:          130832 kB
Active:           353896 kB
Mem:          3.8G       3.7G       126M       5.7M        25M       3.2G

MemTotal:        4016004 kB
MemFree:          123296 kB
Active:           353960 kB
Mem:          3.8G       3.7G       119M       5.7M        25M       3.2G

MemTotal:        4016004 kB
MemFree:          126920 kB
Active:           353936 kB
Mem:          3.8G       3.7G       122M       5.7M        25M       3.2G

MemTotal:        4016004 kB
MemFree:          112424 kB
Active:           353968 kB
Mem:          3.8G       3.7G       108M       5.7M        25M       3.3G

MemTotal:        4016004 kB
MemFree:          127888 kB
Active:           354032 kB
Mem:          3.8G       3.7G       123M       5.7M        25M       3.2G

MemTotal:        4016004 kB
MemFree:          127848 kB
Active:           354008 kB
Mem:          3.8G       3.7G       124M       5.7M        25M       3.2G

MemTotal:        4016004 kB
MemFree:          123036 kB
Active:           351144 kB
Mem:          3.8G       3.7G       119M       5.7M        25M       3.2G

MemTotal:        4016004 kB
MemFree:          113008 kB
Active:           351164 kB
Mem:          3.8G       3.7G       110M       5.7M        25M       3.3G

MemTotal:        4016004 kB
MemFree:          125700 kB
Active:           351144 kB
Mem:          3.8G       3.7G       122M       5.7M        25M       3.2G

MemTotal:        4016004 kB
MemFree:          126292 kB
Active:           351172 kB
Mem:          3.8G       3.7G       123M       5.7M        25M       3.2G

MemTotal:        4016004 kB
MemFree:          125892 kB
Active:           351172 kB
Mem:          3.8G       3.7G       122M       5.7M        25M       3.2G

MemTotal:        4016004 kB
MemFree:          123004 kB
Active:           351272 kB
Mem:          3.8G       3.7G       119M       5.7M        25M       3.2G

MemTotal:        4016004 kB
MemFree:          108352 kB
Active:           351232 kB
Mem:          3.8G       3.7G       104M       5.7M        25M       3.3G

MemTotal:        4016004 kB
MemFree:          124484 kB
Active:           351260 kB
Mem:          3.8G       3.7G       125M       5.7M        25M       3.2G

MemTotal:        4016004 kB
MemFree:          122528 kB
Active:           351288 kB
Mem:          3.8G       3.7G       118M       5.7M        25M       3.2G

MemTotal:        4016004 kB
MemFree:          114372 kB
Active:           351312 kB
Mem:          3.8G       3.7G       110M       5.7M        25M       3.2G

MemTotal:        4016004 kB
MemFree:          124320 kB
Active:           351332 kB
Mem:          3.8G       3.7G       120M       5.7M        25M       3.2G

MemTotal:        4016004 kB
MemFree:          115776 kB
Active:           351352 kB
Mem:          3.8G       3.7G       113M       5.7M        25M       3.2G

MemTotal:        4016004 kB
MemFree:          107496 kB
Active:           351376 kB
Mem:          3.8G       3.7G       104M       5.7M        25M       3.3G

MemTotal:        4016004 kB
MemFree:          117848 kB
Active:           351404 kB
Mem:          3.8G       3.7G       114M       5.7M        25M       3.2G

MemTotal:        4016004 kB
MemFree:          110280 kB
Active:           351420 kB
Mem:          3.8G       3.7G       106M       5.7M        25M       3.3G

MemTotal:        4016004 kB
MemFree:          126452 kB
Active:           351448 kB
Mem:          3.8G       3.7G       122M       5.7M        25M       3.2G

MemTotal:        4016004 kB
MemFree:          107036 kB
Active:           351440 kB
Mem:          3.8G       3.7G       103M       5.7M        25M       3.3G

MemTotal:        4016004 kB
MemFree:          141452 kB
Active:           348864 kB
Mem:          3.8G       3.7G       137M       5.7M        25M       3.2G

MemTotal:        4016004 kB
MemFree:          135384 kB
Active:           348892 kB
Mem:          3.8G       3.7G       131M       5.7M        25M       3.2G

MemTotal:        4016004 kB
MemFree:          118124 kB
Active:           348924 kB
Mem:          3.8G       3.7G       114M       5.7M        25M       3.2G

MemTotal:        4016004 kB
MemFree:          132304 kB
Active:           348904 kB
Mem:          3.8G       3.7G       128M       5.7M        25M       3.2G

MemTotal:        4016004 kB
MemFree:          136396 kB
Active:           348948 kB
Mem:          3.8G       3.7G       132M       5.7M        25M       3.2G

MemTotal:        4016004 kB
MemFree:          127824 kB
Active:           348956 kB
Mem:          3.8G       3.7G       124M       5.7M        25M       3.2G

MemTotal:        4016004 kB
MemFree:          116296 kB
Active:           348992 kB
Mem:          3.8G       3.7G       112M       5.7M        25M       3.2G

MemTotal:        4016004 kB
MemFree:          108140 kB
Active:           349008 kB
Mem:          3.8G       3.7G       104M       5.7M        26M       3.3G

MemTotal:        4016004 kB
MemFree:          112384 kB
Active:           349040 kB
Mem:          3.8G       3.7G       108M       5.7M        26M       3.3G

MemTotal:        4016004 kB
MemFree:          119232 kB
Active:           349020 kB
Mem:          3.8G       3.7G       115M       5.7M        26M       3.2G

MemTotal:        4016004 kB
MemFree:          111200 kB
Active:           349092 kB
Mem:          3.8G       3.7G       107M       5.7M        26M       3.3G

MemTotal:        4016004 kB
MemFree:          127020 kB
Active:           349080 kB
Mem:          3.8G       3.7G       123M       5.7M        26M       3.2G

MemTotal:        4016004 kB
MemFree:          106888 kB
Active:           349140 kB
Mem:          3.8G       3.7G       103M       5.7M        26M       3.3G

MemTotal:        4016004 kB
MemFree:          125420 kB
Active:           349124 kB
Mem:          3.8G       3.7G       122M       5.7M        26M       3.2G

MemTotal:        4016004 kB
MemFree:          112204 kB
Active:           349148 kB
Mem:          3.8G       3.7G       108M       5.7M        26M       3.3G

MemTotal:        4016004 kB
MemFree:          126960 kB
Active:           349188 kB
Mem:          3.8G       3.7G       123M       5.7M        26M       3.2G

MemTotal:        4016004 kB
MemFree:          127008 kB
Active:           349164 kB
Mem:          3.8G       3.7G       123M       5.7M        26M       3.2G

MemTotal:        4016004 kB
MemFree:          114428 kB
Active:           349180 kB
Mem:          3.8G       3.7G       110M       5.7M        26M       3.2G

MemTotal:        4016004 kB
MemFree:          106272 kB
Active:           349204 kB
Mem:          3.8G       3.7G       103M       5.7M        26M       3.3G

MemTotal:        4016004 kB
MemFree:          110500 kB
Active:           349232 kB
Mem:          3.8G       3.7G       107M       5.7M        26M       3.3G

MemTotal:        4016004 kB
MemFree:          126912 kB
Active:           349092 kB
Mem:          3.8G       3.7G       123M       5.7M        26M       3.2G

MemTotal:        4016004 kB
MemFree:          119748 kB
Active:           349068 kB
Mem:          3.8G       3.7G       115M       5.7M        26M       3.2G

MemTotal:        4016004 kB
MemFree:          122736 kB
Active:           349092 kB
Mem:          3.8G       3.7G       118M       5.7M        26M       3.2G

MemTotal:        4016004 kB
MemFree:          123788 kB
Active:           348992 kB
Mem:          3.8G       3.7G       120M       5.7M        26M       3.2G

MemTotal:        4016004 kB
MemFree:          124068 kB
Active:           348968 kB
Mem:          3.8G       3.7G       121M       5.7M        26M       3.2G

MemTotal:        4016004 kB
MemFree:          121028 kB
Active:           351208 kB
Mem:          3.8G       3.7G       118M       5.7M        28M       3.2G

MemTotal:        4016004 kB
MemFree:          121184 kB
Active:           351092 kB
Mem:          3.8G       3.7G       118M       5.7M        28M       3.2G

MemTotal:        4016004 kB
MemFree:          121184 kB
Active:           351120 kB
Mem:          3.8G       3.7G       118M       5.7M        28M       3.2G

MemTotal:        4016004 kB
MemFree:          120936 kB
Active:           351092 kB
Mem:          3.8G       3.7G       118M       5.7M        28M       3.2G

MemTotal:        4016004 kB
MemFree:          120936 kB
Active:           351124 kB
Mem:          3.8G       3.7G       118M       5.7M        28M       3.2G

MemTotal:        4016004 kB
MemFree:          121060 kB
Active:           351108 kB
Mem:          3.8G       3.7G       118M       5.7M        28M       3.2G

MemTotal:        4016004 kB
MemFree:          120688 kB
Active:           351140 kB
Mem:          3.8G       3.7G       117M       5.7M        28M       3.2G

MemTotal:        4016004 kB
MemFree:          120812 kB
Active:           351120 kB
Mem:          3.8G       3.7G       118M       5.7M        28M       3.2G

MemTotal:        4016004 kB
MemFree:          120936 kB
Active:           351112 kB
Mem:          3.8G       3.7G       117M       5.7M        28M       3.2G

MemTotal:        4016004 kB
MemFree:          120936 kB
Active:           351136 kB
Mem:          3.8G       3.7G       117M       5.7M        28M       3.2G

MemTotal:        4016004 kB
MemFree:          120688 kB
Active:           351116 kB
Mem:          3.8G       3.7G       117M       5.7M        28M       3.2G

MemTotal:        4016004 kB
MemFree:          120812 kB
Active:           351128 kB
Mem:          3.8G       3.7G       117M       5.7M        28M       3.2G

MemTotal:        4016004 kB
MemFree:          120812 kB
Active:           351156 kB
Mem:          3.8G       3.7G       117M       5.7M        28M       3.2G

MemTotal:        4016004 kB
MemFree:          120564 kB
Active:           351124 kB
Mem:          3.8G       3.7G       117M       5.7M        28M       3.2G

MemTotal:        4016004 kB
MemFree:          120688 kB
Active:           351104 kB
Mem:          3.8G       3.7G       117M       5.7M        28M       3.2G

MemTotal:        4016004 kB
MemFree:          120688 kB
Active:           351152 kB
Mem:          3.8G       3.7G       117M       5.7M        28M       3.2G

MemTotal:        4016004 kB
MemFree:          120564 kB
Active:           351128 kB
Mem:          3.8G       3.7G       117M       5.7M        28M       3.2G

MemTotal:        4016004 kB
MemFree:          120812 kB
Active:           351116 kB
Mem:          3.8G       3.7G       117M       5.7M        28M       3.2G

MemTotal:        4016004 kB
MemFree:          120812 kB
Active:           351156 kB
Mem:          3.8G       3.7G       117M       5.7M        28M       3.2G

MemTotal:        4016004 kB
MemFree:          120304 kB
Active:           351152 kB
Mem:          3.8G       3.7G       117M       5.7M        28M       3.2G

MemTotal:        4016004 kB
MemFree:          120272 kB
Active:           351156 kB
Mem:          3.8G       3.7G       117M       5.7M        28M       3.2G

MemTotal:        4016004 kB
MemFree:          120616 kB
Active:           351184 kB
Mem:          3.8G       3.7G       117M       5.7M        28M       3.2G

MemTotal:        4016004 kB
MemFree:          120588 kB
Active:           351176 kB
Mem:          3.8G       3.7G       117M       5.7M        28M       3.2G

MemTotal:        4016004 kB
MemFree:          120728 kB
Active:           351160 kB
Mem:          3.8G       3.7G       117M       5.7M        28M       3.2G

MemTotal:        4016004 kB
MemFree:          120760 kB
Active:           351172 kB
Mem:          3.8G       3.7G       117M       5.7M        28M       3.2G

MemTotal:        4016004 kB
MemFree:          120760 kB
Active:           351148 kB
Mem:          3.8G       3.7G       118M       5.7M        28M       3.2G

MemTotal:        4016004 kB
MemFree:          121132 kB
Active:           351188 kB
Mem:          3.8G       3.7G       118M       5.7M        28M       3.2G

MemTotal:        4016004 kB
MemFree:          121008 kB
Active:           351180 kB
Mem:          3.8G       3.7G       117M       5.7M        28M       3.2G

MemTotal:        4016004 kB
MemFree:          120264 kB
Active:           351212 kB
Mem:          3.8G       3.7G       117M       5.7M        28M       3.2G

MemTotal:        4016004 kB
MemFree:          121008 kB
Active:           351160 kB
Mem:          3.8G       3.7G       118M       5.7M        28M       3.2G

MemTotal:        4016004 kB
MemFree:          120760 kB
Active:           351212 kB
Mem:          3.8G       3.7G       117M       5.7M        28M       3.2G

MemTotal:        4016004 kB
MemFree:          120884 kB
Active:           351196 kB
Mem:          3.8G       3.7G       117M       5.7M        28M       3.2G

MemTotal:        4016004 kB
MemFree:          120760 kB
Active:           351188 kB
Mem:          3.8G       3.7G       117M       5.7M        28M       3.2G

MemTotal:        4016004 kB
MemFree:          120760 kB
Active:           351180 kB
Mem:          3.8G       3.7G       117M       5.7M        28M       3.2G

MemTotal:        4016004 kB
MemFree:          120388 kB
Active:           351224 kB
Mem:          3.8G       3.7G       117M       5.7M        28M       3.2G

MemTotal:        4016004 kB
MemFree:          120760 kB
Active:           351196 kB
Mem:          3.8G       3.7G       117M       5.7M        28M       3.2G

MemTotal:        4016004 kB
MemFree:          120264 kB
Active:           351228 kB
Mem:          3.8G       3.7G       117M       5.7M        28M       3.2G

MemTotal:        4016004 kB
MemFree:          120760 kB
Active:           351196 kB
Mem:          3.8G       3.7G       118M       5.7M        28M       3.2G

MemTotal:        4016004 kB
MemFree:          120636 kB
Active:           351232 kB
Mem:          3.8G       3.7G       117M       5.7M        28M       3.2G

MemTotal:        4016004 kB
MemFree:          121256 kB
Active:           351184 kB
Mem:          3.8G       3.7G       118M       5.7M        28M       3.2G

MemTotal:        4016004 kB
MemFree:          121008 kB
Active:           351220 kB
Mem:          3.8G       3.7G       118M       5.7M        28M       3.2G

MemTotal:        4016004 kB
MemFree:          121008 kB
Active:           351224 kB
Mem:          3.8G       3.7G       118M       5.7M        28M       3.2G

MemTotal:        4016004 kB
MemFree:          121008 kB
Active:           351212 kB
Mem:          3.8G       3.7G       118M       5.7M        28M       3.2G

MemTotal:        4016004 kB
MemFree:          121008 kB
Active:           351204 kB
Mem:          3.8G       3.7G       118M       5.7M        28M       3.2G

MemTotal:        4016004 kB
MemFree:          120636 kB
Active:           351248 kB
Mem:          3.8G       3.7G       118M       5.7M        28M       3.2G

MemTotal:        4016004 kB
MemFree:          120760 kB
Active:           351240 kB
Mem:          3.8G       3.7G       118M       5.7M        28M       3.2G

MemTotal:        4016004 kB
MemFree:          121008 kB
Active:           351224 kB
Mem:          3.8G       3.7G       117M       5.7M        28M       3.2G

MemTotal:        4016004 kB
MemFree:          121008 kB
Active:           351248 kB
Mem:          3.8G       3.7G       118M       5.7M        28M       3.2G

MemTotal:        4016004 kB
MemFree:          121008 kB
Active:           351228 kB
Mem:          3.8G       3.7G       118M       5.7M        28M       3.2G

MemTotal:        4016004 kB
MemFree:          121008 kB
Active:           351252 kB
Mem:          3.8G       3.7G       118M       5.7M        28M       3.2G

MemTotal:        4016004 kB
MemFree:          120884 kB
Active:           351208 kB
Mem:          3.8G       3.7G       118M       5.7M        28M       3.2G

MemTotal:        4016004 kB
MemFree:          120884 kB
Active:           351240 kB
Mem:          3.8G       3.7G       117M       5.7M        28M       3.2G

MemTotal:        4016004 kB
MemFree:          120264 kB
Active:           351264 kB
Mem:          3.8G       3.7G       117M       5.7M        28M       3.2G

MemTotal:        4016004 kB
MemFree:          120512 kB
Active:           351236 kB
Mem:          3.8G       3.7G       117M       5.7M        28M       3.2G

MemTotal:        4016004 kB
MemFree:          120760 kB
Active:           351260 kB
Mem:          3.8G       3.7G       117M       5.7M        28M       3.2G

MemTotal:        4016004 kB
MemFree:          120636 kB
Active:           351244 kB
Mem:          3.8G       3.7G       117M       5.7M        28M       3.2G

MemTotal:        4016004 kB
MemFree:          120512 kB
Active:           351272 kB
Mem:          3.8G       3.7G       117M       5.7M        28M       3.2G

MemTotal:        4016004 kB
MemFree:          120512 kB
Active:           351276 kB
Mem:          3.8G       3.7G       117M       5.7M        28M       3.2G

MemTotal:        4016004 kB
MemFree:          120884 kB
Active:           351244 kB
Mem:          3.8G       3.7G       118M       5.7M        28M       3.2G

MemTotal:        4016004 kB
MemFree:          120884 kB
Active:           351256 kB
Mem:          3.8G       3.7G       117M       5.7M        28M       3.2G

MemTotal:        4016004 kB
MemFree:          120760 kB
Active:           351236 kB
Mem:          3.8G       3.7G       117M       5.7M        28M       3.2G

MemTotal:        4016004 kB
MemFree:          120884 kB
Active:           351252 kB
Mem:          3.8G       3.7G       117M       5.7M        28M       3.2G

MemTotal:        4016004 kB
MemFree:          120760 kB
Active:           351248 kB
Mem:          3.8G       3.7G       117M       5.7M        28M       3.2G

MemTotal:        4016004 kB
MemFree:          120884 kB
Active:           351280 kB
Mem:          3.8G       3.7G       117M       5.7M        28M       3.2G

MemTotal:        4016004 kB
MemFree:          120264 kB
Active:           351292 kB
Mem:          3.8G       3.7G       117M       5.7M        28M       3.2G

MemTotal:        4016004 kB
MemFree:          120760 kB
Active:           351268 kB
Mem:          3.8G       3.7G       117M       5.7M        28M       3.2G

MemTotal:        4016004 kB
MemFree:          120264 kB
Active:           351296 kB
Mem:          3.8G       3.7G       117M       5.7M        28M       3.2G

MemTotal:        4016004 kB
MemFree:          120636 kB
Active:           351268 kB
Mem:          3.8G       3.7G       117M       5.7M        28M       3.2G

MemTotal:        4016004 kB
MemFree:          120512 kB
Active:           351300 kB
Mem:          3.8G       3.7G       117M       5.7M        28M       3.2G

MemTotal:        4016004 kB
MemFree:          120636 kB
Active:           351264 kB
Mem:          3.8G       3.7G       117M       5.7M        28M       3.2G

MemTotal:        4016004 kB
MemFree:          120760 kB
Active:           351292 kB
Mem:          3.8G       3.7G       117M       5.7M        28M       3.2G

MemTotal:        4016004 kB
MemFree:          120884 kB
Active:           351256 kB
Mem:          3.8G       3.7G       117M       5.7M        28M       3.2G

MemTotal:        4016004 kB
MemFree:          120140 kB
Active:           351308 kB
Mem:          3.8G       3.7G       117M       5.7M        28M       3.2G

MemTotal:        4016004 kB
MemFree:          120636 kB
Active:           351284 kB
Mem:          3.8G       3.7G       117M       5.7M        28M       3.2G

MemTotal:        4016004 kB
MemFree:          120760 kB
Active:           351312 kB
Mem:          3.8G       3.7G       117M       5.7M        28M       3.2G

MemTotal:        4016004 kB
MemFree:          120760 kB
Active:           351292 kB
Mem:          3.8G       3.7G       117M       5.7M        28M       3.2G

MemTotal:        4016004 kB
MemFree:          120760 kB
Active:           351324 kB
Mem:          3.8G       3.7G       117M       5.7M        28M       3.2G

MemTotal:        4016004 kB
MemFree:          120760 kB
Active:           351320 kB
Mem:          3.8G       3.7G       117M       5.7M        28M       3.2G

MemTotal:        4016004 kB
MemFree:          120512 kB
Active:           351304 kB
Mem:          3.8G       3.7G       117M       5.7M        28M       3.2G

MemTotal:        4016004 kB
MemFree:          120744 kB
Active:           351376 kB
Mem:          3.8G       3.7G       117M       5.7M        28M       3.2G

MemTotal:        4016004 kB
MemFree:          120656 kB
Active:           351368 kB
Mem:          3.8G       3.7G       117M       5.7M        28M       3.2G

MemTotal:        4016004 kB
MemFree:          120656 kB
Active:           351368 kB
Mem:          3.8G       3.7G       117M       5.7M        28M       3.2G

MemTotal:        4016004 kB
MemFree:          120656 kB
Active:           351400 kB
Mem:          3.8G       3.7G       117M       5.7M        28M       3.2G

MemTotal:        4016004 kB
MemFree:          120656 kB
Active:           351364 kB
Mem:          3.8G       3.7G       117M       5.7M        28M       3.2G

MemTotal:        4016004 kB
MemFree:          120532 kB
Active:           351376 kB
Mem:          3.8G       3.7G       117M       5.7M        28M       3.2G

MemTotal:        4016004 kB
MemFree:          120672 kB
Active:           351384 kB
Mem:          3.8G       3.7G       117M       5.7M        28M       3.2G

MemTotal:        4016004 kB
MemFree:          120796 kB
Active:           351356 kB
Mem:          3.8G       3.7G       117M       5.7M        28M       3.2G

MemTotal:        4016004 kB
MemFree:          120672 kB
Active:           351396 kB
Mem:          3.8G       3.7G       117M       5.7M        28M       3.2G

MemTotal:        4016004 kB
MemFree:          120796 kB
Active:           351384 kB
Mem:          3.8G       3.7G       117M       5.7M        28M       3.2G

MemTotal:        4016004 kB
MemFree:          120672 kB
Active:           351380 kB
Mem:          3.8G       3.7G       117M       5.7M        28M       3.2G

MemTotal:        4016004 kB
MemFree:          120672 kB
Active:           351364 kB
Mem:          3.8G       3.7G       117M       5.7M        28M       3.2G

MemTotal:        4016004 kB
MemFree:          120672 kB
Active:           351408 kB
Mem:          3.8G       3.7G       117M       5.7M        28M       3.2G

MemTotal:        4016004 kB
MemFree:          120796 kB
Active:           351384 kB
Mem:          3.8G       3.7G       117M       5.7M        28M       3.2G

MemTotal:        4016004 kB
MemFree:          120424 kB
Active:           351412 kB
Mem:          3.8G       3.7G       117M       5.7M        28M       3.2G

MemTotal:        4016004 kB
MemFree:          120672 kB
Active:           351388 kB
Mem:          3.8G       3.7G       117M       5.7M        28M       3.2G

MemTotal:        4016004 kB
MemFree:          120564 kB
Active:           351352 kB
Mem:          3.8G       3.7G       117M       5.7M        28M       3.2G

MemTotal:        4016004 kB
MemFree:          120564 kB
Active:           351368 kB
Mem:          3.8G       3.7G       117M       5.7M        28M       3.2G

MemTotal:        4016004 kB
MemFree:          120440 kB
Active:           351388 kB
Mem:          3.8G       3.7G       117M       5.7M        28M       3.2G

MemTotal:        4016004 kB
MemFree:          120564 kB
Active:           351376 kB
Mem:          3.8G       3.7G       117M       5.7M        28M       3.2G

MemTotal:        4016004 kB
MemFree:          120192 kB
Active:           351420 kB
Mem:          3.8G       3.7G       117M       5.7M        28M       3.2G

MemTotal:        4016004 kB
MemFree:          120564 kB
Active:           351392 kB
Mem:          3.8G       3.7G       117M       5.7M        28M       3.2G

MemTotal:        4016004 kB
MemFree:          120564 kB
Active:           351376 kB
Mem:          3.8G       3.7G       117M       5.7M        28M       3.2G

MemTotal:        4016004 kB
MemFree:          120440 kB
Active:           351428 kB
Mem:          3.8G       3.7G       117M       5.7M        28M       3.2G

MemTotal:        4016004 kB
MemFree:          120564 kB
Active:           351400 kB
Mem:          3.8G       3.7G       117M       5.7M        28M       3.2G

MemTotal:        4016004 kB
MemFree:          120688 kB
Active:           351420 kB
Mem:          3.8G       3.7G       117M       5.7M        28M       3.2G

MemTotal:        4016004 kB
MemFree:          120440 kB
Active:           351432 kB
Mem:          3.8G       3.7G       117M       5.7M        28M       3.2G

MemTotal:        4016004 kB
MemFree:          120936 kB
Active:           351440 kB
Mem:          3.8G       3.7G       118M       5.7M        28M       3.2G

MemTotal:        4016004 kB
MemFree:          120936 kB
Active:           351424 kB
Mem:          3.8G       3.7G       117M       5.7M        28M       3.2G

MemTotal:        4016004 kB
MemFree:          120688 kB
Active:           351404 kB
Mem:          3.8G       3.7G       117M       5.7M        28M       3.2G

MemTotal:        4016004 kB
MemFree:          120688 kB
Active:           351388 kB
Mem:          3.8G       3.7G       117M       5.7M        28M       3.2G

MemTotal:        4016004 kB
MemFree:          120812 kB
Active:           351408 kB
Mem:          3.8G       3.7G       117M       5.7M        28M       3.2G

MemTotal:        4016004 kB
MemFree:          120564 kB
Active:           351392 kB
Mem:          3.8G       3.7G       117M       5.7M        28M       3.2G

MemTotal:        4016004 kB
MemFree:          120688 kB
Active:           351424 kB
Mem:          3.8G       3.7G       117M       5.7M        28M       3.2G

MemTotal:        4016004 kB
MemFree:          120688 kB
Active:           351408 kB
Mem:          3.8G       3.7G       117M       5.7M        28M       3.2G

MemTotal:        4016004 kB
MemFree:          120564 kB
Active:           351432 kB
Mem:          3.8G       3.7G       117M       5.7M        28M       3.2G

MemTotal:        4016004 kB
MemFree:          120688 kB
Active:           351424 kB
Mem:          3.8G       3.7G       117M       5.7M        28M       3.2G

MemTotal:        4016004 kB
MemFree:          120688 kB
Active:           351436 kB
Mem:          3.8G       3.7G       117M       5.7M        28M       3.2G

MemTotal:        4016004 kB
MemFree:          120688 kB
Active:           351408 kB
Mem:          3.8G       3.7G       117M       5.7M        28M       3.2G

MemTotal:        4016004 kB
MemFree:          120564 kB
Active:           351404 kB
Mem:          3.8G       3.7G       117M       5.7M        28M       3.2G

MemTotal:        4016004 kB
MemFree:          120688 kB
Active:           351448 kB
Mem:          3.8G       3.7G       117M       5.7M        28M       3.2G

MemTotal:        4016004 kB
MemFree:          120564 kB
Active:           351452 kB
Mem:          3.8G       3.7G       117M       5.7M        28M       3.2G

MemTotal:        4016004 kB
MemFree:          120564 kB
Active:           351432 kB
Mem:          3.8G       3.7G       117M       5.7M        28M       3.2G

MemTotal:        4016004 kB
MemFree:          120688 kB
Active:           351424 kB
Mem:          3.8G       3.7G       117M       5.7M        28M       3.2G

MemTotal:        4016004 kB
MemFree:          120688 kB
Active:           351440 kB
Mem:          3.8G       3.7G       117M       5.7M        28M       3.2G

MemTotal:        4016004 kB
MemFree:          120688 kB
Active:           351424 kB
Mem:          3.8G       3.7G       117M       5.7M        28M       3.2G

MemTotal:        4016004 kB
MemFree:          120688 kB
Active:           351456 kB
Mem:          3.8G       3.7G       117M       5.7M        28M       3.2G

MemTotal:        4016004 kB
MemFree:          120564 kB
Active:           351428 kB
Mem:          3.8G       3.7G       117M       5.7M        28M       3.2G

MemTotal:        4016004 kB
MemFree:          120688 kB
Active:           351460 kB
Mem:          3.8G       3.7G       117M       5.7M        28M       3.2G

MemTotal:        4016004 kB
MemFree:          120564 kB
Active:           351420 kB
Mem:          3.8G       3.7G       117M       5.7M        28M       3.2G

MemTotal:        4016004 kB
MemFree:          120564 kB
Active:           351452 kB
Mem:          3.8G       3.7G       117M       5.7M        28M       3.2G

MemTotal:        4016004 kB
MemFree:          120564 kB
Active:           351428 kB
Mem:          3.8G       3.7G       117M       5.7M        28M       3.2G

MemTotal:        4016004 kB
MemFree:          120316 kB
Active:           351448 kB
Mem:          3.8G       3.7G       117M       5.7M        28M       3.2G

MemTotal:        4016004 kB
MemFree:          120316 kB
Active:           351416 kB
Mem:          3.8G       3.7G       117M       5.7M        28M       3.2G

MemTotal:        4016004 kB
MemFree:          120440 kB
Active:           351472 kB
Mem:          3.8G       3.7G       117M       5.7M        28M       3.2G

MemTotal:        4016004 kB
MemFree:          120316 kB
Active:           351444 kB
Mem:          3.8G       3.7G       117M       5.7M        28M       3.2G

MemTotal:        4016004 kB
MemFree:          120688 kB
Active:           351432 kB
Mem:          3.8G       3.7G       117M       5.7M        28M       3.2G

MemTotal:        4016004 kB
MemFree:          120688 kB
Active:           351436 kB
Mem:          3.8G       3.7G       117M       5.7M        28M       3.2G

MemTotal:        4016004 kB
MemFree:          120564 kB
Active:           351468 kB
Mem:          3.8G       3.7G       117M       5.7M        28M       3.2G

MemTotal:        4016004 kB
MemFree:          120564 kB
Active:           351436 kB
Mem:          3.8G       3.7G       117M       5.7M        28M       3.2G

MemTotal:        4016004 kB
MemFree:          120688 kB
Active:           351444 kB
Mem:          3.8G       3.7G       117M       5.7M        28M       3.2G

MemTotal:        4016004 kB
MemFree:          120316 kB
Active:           351496 kB
Mem:          3.8G       3.7G       117M       5.7M        28M       3.2G

MemTotal:        4016004 kB
MemFree:          120688 kB
Active:           351452 kB
Mem:          3.8G       3.7G       117M       5.7M        28M       3.2G

MemTotal:        4016004 kB
MemFree:          120564 kB
Active:           351476 kB
Mem:          3.8G       3.7G       117M       5.7M        28M       3.2G

MemTotal:        4016004 kB
MemFree:          120688 kB
Active:           351484 kB
Mem:          3.8G       3.7G       117M       5.7M        28M       3.2G

MemTotal:        4016004 kB
MemFree:          120688 kB
Active:           351448 kB
Mem:          3.8G       3.7G       117M       5.7M        28M       3.2G

MemTotal:        4016004 kB
MemFree:          120440 kB
Active:           351480 kB
Mem:          3.8G       3.7G       117M       5.7M        28M       3.2G

MemTotal:        4016004 kB
MemFree:          120316 kB
Active:           351452 kB
Mem:          3.8G       3.7G       117M       5.7M        28M       3.2G

MemTotal:        4016004 kB
MemFree:          120068 kB
Active:           351508 kB
Mem:          3.8G       3.7G       117M       5.7M        28M       3.2G

MemTotal:        4016004 kB
MemFree:          120812 kB
Active:           351476 kB
Mem:          3.8G       3.7G       117M       5.7M        28M       3.2G

MemTotal:        4016004 kB
MemFree:          120688 kB
Active:           351468 kB
Mem:          3.8G       3.7G       117M       5.7M        28M       3.2G

MemTotal:        4016004 kB
MemFree:          120688 kB
Active:           351504 kB
Mem:          3.8G       3.7G       117M       5.7M        28M       3.2G

MemTotal:        4016004 kB
MemFree:          120812 kB
Active:           351492 kB
Mem:          3.8G       3.7G       117M       5.7M        28M       3.2G

MemTotal:        4016004 kB
MemFree:          120688 kB
Active:           351480 kB
Mem:          3.8G       3.7G       117M       5.7M        28M       3.2G

MemTotal:        4016004 kB
MemFree:          120316 kB
Active:           351524 kB
Mem:          3.8G       3.7G       117M       5.7M        28M       3.2G

MemTotal:        4016004 kB
MemFree:          120440 kB
Active:           351512 kB
Mem:          3.8G       3.7G       117M       5.7M        28M       3.2G

MemTotal:        4016004 kB
MemFree:          120316 kB
Active:           351524 kB
Mem:          3.8G       3.7G       117M       5.7M        28M       3.2G

MemTotal:        4016004 kB
MemFree:          120316 kB
Active:           351512 kB
Mem:          3.8G       3.7G       117M       5.7M        28M       3.2G

MemTotal:        4016004 kB
MemFree:          120564 kB
Active:           351500 kB
Mem:          3.8G       3.7G       117M       5.7M        28M       3.2G

MemTotal:        4016004 kB
MemFree:          120564 kB
Active:           351504 kB
Mem:          3.8G       3.7G       117M       5.7M        28M       3.2G

MemTotal:        4016004 kB
MemFree:          120688 kB
Active:           351488 kB
Mem:          3.8G       3.7G       117M       5.7M        28M       3.2G

MemTotal:        4016004 kB
MemFree:          120440 kB
Active:           351496 kB
Mem:          3.8G       3.7G       117M       5.7M        28M       3.2G

MemTotal:        4016004 kB
MemFree:          120316 kB
Active:           351532 kB
Mem:          3.8G       3.7G       117M       5.7M        28M       3.2G

MemTotal:        4016004 kB
MemFree:          120192 kB
Active:           351532 kB
Mem:          3.8G       3.7G       117M       5.7M        28M       3.2G

MemTotal:        4016004 kB
MemFree:          120440 kB
Active:           351504 kB
Mem:          3.8G       3.7G       117M       5.7M        28M       3.2G

MemTotal:        4016004 kB
MemFree:          120316 kB
Active:           351520 kB
Mem:          3.8G       3.7G       117M       5.7M        28M       3.2G

MemTotal:        4016004 kB
MemFree:          120192 kB
Active:           351488 kB
Mem:          3.8G       3.7G       117M       5.7M        28M       3.2G

MemTotal:        4016004 kB
MemFree:          120316 kB
Active:           351532 kB
Mem:          3.8G       3.7G       117M       5.7M        28M       3.2G

MemTotal:        4016004 kB
MemFree:          120316 kB
Active:           351516 kB
Mem:          3.8G       3.7G       117M       5.7M        28M       3.2G

MemTotal:        4016004 kB
MemFree:          120440 kB
Active:           351496 kB
Mem:          3.8G       3.7G       117M       5.7M        28M       3.2G

MemTotal:        4016004 kB
MemFree:          120564 kB
Active:           351532 kB
Mem:          3.8G       3.7G       117M       5.7M        28M       3.2G

MemTotal:        4016004 kB
MemFree:          120440 kB
Active:           351512 kB
Mem:          3.8G       3.7G       117M       5.7M        28M       3.2G

MemTotal:        4016004 kB
MemFree:          120440 kB
Active:           351536 kB
Mem:          3.8G       3.7G       117M       5.7M        28M       3.2G

MemTotal:        4016004 kB
MemFree:          120564 kB
Active:           351516 kB
Mem:          3.8G       3.7G       117M       5.7M        28M       3.2G

MemTotal:        4016004 kB
MemFree:          120068 kB
Active:           351508 kB
Mem:          3.8G       3.7G       117M       5.7M        28M       3.2G

MemTotal:        4016004 kB
MemFree:          120068 kB
Active:           351528 kB
Mem:          3.8G       3.7G       117M       5.7M        28M       3.2G

MemTotal:        4016004 kB
MemFree:          120068 kB
Active:           351504 kB
Mem:          3.8G       3.7G       117M       5.7M        28M       3.2G

MemTotal:        4016004 kB
MemFree:          120068 kB
Active:           351532 kB
Mem:          3.8G       3.7G       117M       5.7M        28M       3.2G

MemTotal:        4016004 kB
MemFree:          120068 kB
Active:           351536 kB
Mem:          3.8G       3.7G       117M       5.7M        28M       3.2G

MemTotal:        4016004 kB
MemFree:          119944 kB
Active:           351564 kB
Mem:          3.8G       3.7G       117M       5.7M        28M       3.2G

MemTotal:        4016004 kB
MemFree:          119944 kB
Active:           351548 kB
Mem:          3.8G       3.7G       117M       5.7M        28M       3.2G

MemTotal:        4016004 kB
MemFree:          119944 kB
Active:           351568 kB
Mem:          3.8G       3.7G       117M       5.7M        28M       3.2G

MemTotal:        4016004 kB
MemFree:          120068 kB
Active:           351536 kB
Mem:          3.8G       3.7G       117M       5.7M        28M       3.2G

MemTotal:        4016004 kB
MemFree:          119944 kB
Active:           351568 kB
Mem:          3.8G       3.7G       117M       5.7M        28M       3.2G

MemTotal:        4016004 kB
MemFree:          119944 kB
Active:           351576 kB
Mem:          3.8G       3.7G       117M       5.7M        28M       3.2G

MemTotal:        4016004 kB
MemFree:          119944 kB
Active:           351560 kB
Mem:          3.8G       3.7G       117M       5.7M        28M       3.2G

MemTotal:        4016004 kB
MemFree:          119944 kB
Active:           351540 kB
Mem:          3.8G       3.7G       117M       5.7M        28M       3.2G

MemTotal:        4016004 kB
MemFree:          119944 kB
Active:           351576 kB
Mem:          3.8G       3.7G       117M       5.7M        28M       3.2G

MemTotal:        4016004 kB
MemFree:          120068 kB
Active:           351556 kB
Mem:          3.8G       3.7G       117M       5.7M        28M       3.2G

MemTotal:        4016004 kB
MemFree:          119944 kB
Active:           351544 kB
Mem:          3.8G       3.7G       117M       5.7M        28M       3.2G

MemTotal:        4016004 kB
MemFree:          119820 kB
Active:           351548 kB
Mem:          3.8G       3.7G       117M       5.7M        28M       3.2G

MemTotal:        4016004 kB
MemFree:          119944 kB
Active:           351576 kB
Mem:          3.8G       3.7G       117M       5.7M        28M       3.2G

MemTotal:        4016004 kB
MemFree:          120068 kB
Active:           351544 kB
Mem:          3.8G       3.7G       117M       5.7M        28M       3.2G

MemTotal:        4016004 kB
MemFree:          119820 kB
Active:           351580 kB
Mem:          3.8G       3.7G       117M       5.7M        28M       3.2G

MemTotal:        4016004 kB
MemFree:          120068 kB
Active:           351568 kB
Mem:          3.8G       3.7G       117M       5.7M        28M       3.2G

MemTotal:        4016004 kB
MemFree:          120068 kB
Active:           351548 kB
Mem:          3.8G       3.7G       117M       5.7M        28M       3.2G

MemTotal:        4016004 kB
MemFree:          119820 kB
Active:           351580 kB
Mem:          3.8G       3.7G       117M       5.7M        28M       3.2G

MemTotal:        4016004 kB
MemFree:          120596 kB
Active:           351536 kB
Mem:          3.8G       3.7G       118M       5.7M        28M       3.2G

MemTotal:        4016004 kB
MemFree:          121468 kB
Active:           351184 kB
Mem:          3.8G       3.7G       118M       5.7M        28M       3.2G

MemTotal:        4016004 kB
MemFree:          121096 kB
Active:           351192 kB
Mem:          3.8G       3.7G       118M       5.7M        28M       3.2G

MemTotal:        4016004 kB
MemFree:          121344 kB
Active:           351192 kB
Mem:          3.8G       3.7G       118M       5.7M        28M       3.2G

MemTotal:        4016004 kB
MemFree:          121716 kB
Active:           351160 kB
Mem:          3.8G       3.7G       118M       5.7M        28M       3.2G

MemTotal:        4016004 kB
MemFree:          121220 kB
Active:           351192 kB
Mem:          3.8G       3.7G       118M       5.7M        28M       3.2G

MemTotal:        4016004 kB
MemFree:          121220 kB
Active:           351200 kB
Mem:          3.8G       3.7G       118M       5.7M        28M       3.2G

MemTotal:        4016004 kB
MemFree:          121592 kB
Active:           351180 kB
Mem:          3.8G       3.7G       118M       5.7M        28M       3.2G

MemTotal:        4016004 kB
MemFree:          121964 kB
Active:           351196 kB
Mem:          3.8G       3.7G       118M       5.7M        28M       3.2G

MemTotal:        4016004 kB
MemFree:          121344 kB
Active:           351208 kB
Mem:          3.8G       3.7G       118M       5.7M        28M       3.2G

MemTotal:        4016004 kB
MemFree:          121592 kB
Active:           351152 kB
Mem:          3.8G       3.7G       118M       5.7M        28M       3.2G

MemTotal:        4016004 kB
MemFree:          121468 kB
Active:           351160 kB
Mem:          3.8G       3.7G       118M       5.7M        28M       3.2G

MemTotal:        4016004 kB
MemFree:          121468 kB
Active:           351212 kB
Mem:          3.8G       3.7G       118M       5.7M        28M       3.2G

MemTotal:        4016004 kB
MemFree:          121468 kB
Active:           351208 kB
Mem:          3.8G       3.7G       118M       5.7M        28M       3.2G

MemTotal:        4016004 kB
MemFree:          121716 kB
Active:           351200 kB
Mem:          3.8G       3.7G       118M       5.7M        28M       3.2G

MemTotal:        4016004 kB
MemFree:          121592 kB
Active:           351200 kB
Mem:          3.8G       3.7G       118M       5.7M        28M       3.2G

MemTotal:        4016004 kB
MemFree:          121888 kB
Active:           351196 kB
Mem:          3.8G       3.7G       118M       5.7M        28M       3.2G

MemTotal:        4016004 kB
MemFree:          121640 kB
Active:           351228 kB
Mem:          3.8G       3.7G       119M       5.7M        28M       3.2G

MemTotal:        4016004 kB
MemFree:          121888 kB
Active:           351192 kB
Mem:          3.8G       3.7G       118M       5.7M        28M       3.2G

MemTotal:        4016004 kB
MemFree:          122136 kB
Active:           351204 kB
Mem:          3.8G       3.7G       119M       5.7M        28M       3.2G

MemTotal:        4016004 kB
MemFree:          122136 kB
Active:           351208 kB
Mem:          3.8G       3.7G       119M       5.7M        28M       3.2G

MemTotal:        4016004 kB
MemFree:          122012 kB
Active:           351212 kB
Mem:          3.8G       3.7G       119M       5.7M        28M       3.2G

MemTotal:        4016004 kB
MemFree:          122012 kB
Active:           351224 kB
Mem:          3.8G       3.7G       119M       5.7M        28M       3.2G

MemTotal:        4016004 kB
MemFree:          121516 kB
Active:           351236 kB
Mem:          3.8G       3.7G       118M       5.7M        28M       3.2G

MemTotal:        4016004 kB
MemFree:          122012 kB
Active:           351228 kB
Mem:          3.8G       3.7G       118M       5.7M        28M       3.2G

MemTotal:        4016004 kB
MemFree:          122012 kB
Active:           351200 kB
Mem:          3.8G       3.7G       119M       5.7M        28M       3.2G

MemTotal:        4016004 kB
MemFree:          121516 kB
Active:           351244 kB
Mem:          3.8G       3.7G       118M       5.7M        28M       3.2G

MemTotal:        4016004 kB
MemFree:          121888 kB
Active:           351200 kB
Mem:          3.8G       3.7G       119M       5.7M        28M       3.2G

MemTotal:        4016004 kB
MemFree:          121888 kB
Active:           351232 kB
Mem:          3.8G       3.7G       119M       5.7M        28M       3.2G

MemTotal:        4016004 kB
MemFree:          121888 kB
Active:           351232 kB
Mem:          3.8G       3.7G       118M       5.7M        28M       3.2G

MemTotal:        4016004 kB
MemFree:          121640 kB
Active:           351212 kB
Mem:          3.8G       3.7G       118M       5.7M        28M       3.2G

MemTotal:        4016004 kB
MemFree:          121640 kB
Active:           351216 kB
Mem:          3.8G       3.7G       118M       5.7M        28M       3.2G

MemTotal:        4016004 kB
MemFree:          121764 kB
Active:           351208 kB
Mem:          3.8G       3.7G       118M       5.7M        28M       3.2G

MemTotal:        4016004 kB
MemFree:          121764 kB
Active:           351248 kB
