MemTotal:        4016004 kB
MemFree:         3241648 kB
Active:           415500 kB
Mem:          3.8G       755M       3.1G       5.7M        54M       315M

MemTotal:        4016004 kB
MemFree:         3242596 kB
Active:           415392 kB
Mem:          3.8G       755M       3.1G       5.7M        54M       315M

MemTotal:        4016004 kB
MemFree:         3242472 kB
Active:           415512 kB
Mem:          3.8G       755M       3.1G       5.7M        54M       315M

MemTotal:        4016004 kB
MemFree:         3242472 kB
Active:           415488 kB
Mem:          3.8G       755M       3.1G       5.7M        54M       315M

MemTotal:        4016004 kB
MemFree:         3242828 kB
Active:           415476 kB
Mem:          3.8G       755M       3.1G       5.7M        54M       315M

MemTotal:        4016004 kB
MemFree:         3242580 kB
Active:           415512 kB
Mem:          3.8G       755M       3.1G       5.7M        54M       315M

MemTotal:        4016004 kB
MemFree:         3242456 kB
Active:           415460 kB
Mem:          3.8G       755M       3.1G       5.7M        54M       315M

MemTotal:        4016004 kB
MemFree:         3242688 kB
Active:           415460 kB
Mem:          3.8G       755M       3.1G       5.7M        54M       315M

MemTotal:        4016004 kB
MemFree:         3242688 kB
Active:           415500 kB
Mem:          3.8G       755M       3.1G       5.7M        54M       315M

MemTotal:        4016004 kB
MemFree:         3242516 kB
Active:           415508 kB
Mem:          3.8G       755M       3.1G       5.7M        54M       315M

MemTotal:        4016004 kB
MemFree:         3242516 kB
Active:           415516 kB
Mem:          3.8G       755M       3.1G       5.7M        54M       315M

MemTotal:        4016004 kB
MemFree:         3242624 kB
Active:           415516 kB
Mem:          3.8G       755M       3.1G       5.7M        54M       315M

MemTotal:        4016004 kB
MemFree:         3242376 kB
Active:           415520 kB
Mem:          3.8G       755M       3.1G       5.7M        54M       315M

MemTotal:        4016004 kB
MemFree:         3242484 kB
Active:           415492 kB
Mem:          3.8G       755M       3.1G       5.7M        54M       315M

MemTotal:        4016004 kB
MemFree:         3242468 kB
Active:           415492 kB
Mem:          3.8G       755M       3.1G       5.7M        54M       315M

MemTotal:        4016004 kB
MemFree:         3242624 kB
Active:           415524 kB
Mem:          3.8G       755M       3.1G       5.7M        54M       315M

MemTotal:        4016004 kB
MemFree:         3241816 kB
Active:           413488 kB
Mem:          3.8G       755M       3.1G       5.7M        54M       315M

MemTotal:        4016004 kB
MemFree:         3242436 kB
Active:           415492 kB
Mem:          3.8G       755M       3.1G       5.7M        54M       315M

MemTotal:        4016004 kB
MemFree:         3242560 kB
Active:           415492 kB
Mem:          3.8G       755M       3.1G       5.7M        54M       315M

MemTotal:        4016004 kB
MemFree:         3242296 kB
Active:           415512 kB
Mem:          3.8G       755M       3.1G       5.7M        54M       315M

MemTotal:        4016004 kB
MemFree:         3242916 kB
Active:           415524 kB
Mem:          3.8G       754M       3.1G       5.7M        54M       315M

MemTotal:        4016004 kB
MemFree:         3242776 kB
Active:           415512 kB
Mem:          3.8G       755M       3.1G       5.7M        54M       315M

MemTotal:        4016004 kB
MemFree:         3242652 kB
Active:           415508 kB
Mem:          3.8G       755M       3.1G       5.7M        54M       315M

MemTotal:        4016004 kB
MemFree:         3242652 kB
Active:           415512 kB
Mem:          3.8G       755M       3.1G       5.7M        54M       315M

MemTotal:        4016004 kB
MemFree:         3242900 kB
Active:           415524 kB
Mem:          3.8G       755M       3.1G       5.7M        54M       315M

MemTotal:        4016004 kB
MemFree:         3242776 kB
Active:           415504 kB
Mem:          3.8G       755M       3.1G       5.7M        54M       315M

MemTotal:        4016004 kB
MemFree:         3242404 kB
Active:           415544 kB
Mem:          3.8G       755M       3.1G       5.7M        54M       315M

MemTotal:        4016004 kB
MemFree:         3242760 kB
Active:           415512 kB
Mem:          3.8G       755M       3.1G       5.7M        54M       315M

MemTotal:        4016004 kB
MemFree:         3242744 kB
Active:           415520 kB
Mem:          3.8G       755M       3.1G       5.7M        54M       315M

MemTotal:        4016004 kB
MemFree:         3242496 kB
Active:           415556 kB
Mem:          3.8G       755M       3.1G       5.7M        54M       315M

MemTotal:        4016004 kB
MemFree:         3242852 kB
Active:           415528 kB
Mem:          3.8G       755M       3.1G       5.7M        54M       315M

MemTotal:        4016004 kB
MemFree:         3242836 kB
Active:           415536 kB
Mem:          3.8G       755M       3.1G       5.7M        54M       315M

MemTotal:        4016004 kB
MemFree:         3242216 kB
Active:           415556 kB
Mem:          3.8G       755M       3.1G       5.7M        54M       315M

MemTotal:        4016004 kB
MemFree:         3242588 kB
Active:           415528 kB
Mem:          3.8G       755M       3.1G       5.7M        54M       315M

MemTotal:        4016004 kB
MemFree:         3242448 kB
Active:           415532 kB
Mem:          3.8G       755M       3.1G       5.7M        54M       315M

MemTotal:        4016004 kB
MemFree:         3242928 kB
Active:           415520 kB
Mem:          3.8G       755M       3.1G       5.7M        54M       315M

MemTotal:        4016004 kB
MemFree:         3242804 kB
Active:           415512 kB
Mem:          3.8G       755M       3.1G       5.7M        54M       315M

MemTotal:        4016004 kB
MemFree:         3243036 kB
Active:           415512 kB
Mem:          3.8G       754M       3.1G       5.7M        54M       315M

MemTotal:        4016004 kB
MemFree:         3243020 kB
Active:           415564 kB
Mem:          3.8G       754M       3.1G       5.7M        54M       315M

MemTotal:        4016004 kB
MemFree:         3242648 kB
Active:           415568 kB
Mem:          3.8G       755M       3.1G       5.7M        54M       315M

MemTotal:        4016004 kB
MemFree:         3242648 kB
Active:           415516 kB
Mem:          3.8G       755M       3.1G       5.7M        54M       315M

MemTotal:        4016004 kB
MemFree:         3242508 kB
Active:           415572 kB
Mem:          3.8G       755M       3.1G       5.7M        54M       315M

MemTotal:        4016004 kB
MemFree:         3242680 kB
Active:           415572 kB
Mem:          3.8G       755M       3.1G       5.7M        54M       315M

MemTotal:        4016004 kB
MemFree:         3242060 kB
Active:           415588 kB
Mem:          3.8G       755M       3.1G       5.7M        54M       315M

MemTotal:        4016004 kB
MemFree:         3242184 kB
Active:           415548 kB
Mem:          3.8G       755M       3.1G       5.7M        54M       315M

MemTotal:        4016004 kB
MemFree:         3242432 kB
Active:           415532 kB
Mem:          3.8G       755M       3.1G       5.7M        54M       315M

MemTotal:        4016004 kB
MemFree:         3242432 kB
Active:           415588 kB
Mem:          3.8G       755M       3.1G       5.7M        54M       315M

MemTotal:        4016004 kB
MemFree:         3242804 kB
Active:           415540 kB
Mem:          3.8G       755M       3.1G       5.7M        54M       315M

MemTotal:        4016004 kB
MemFree:         3242680 kB
Active:           415568 kB
Mem:          3.8G       755M       3.1G       5.7M        54M       315M

MemTotal:        4016004 kB
MemFree:         3242804 kB
Active:           415548 kB
Mem:          3.8G       755M       3.1G       5.7M        54M       315M

MemTotal:        4016004 kB
MemFree:         3242556 kB
Active:           415560 kB
Mem:          3.8G       755M       3.1G       5.7M        54M       315M

MemTotal:        4016004 kB
MemFree:         3242680 kB
Active:           415592 kB
Mem:          3.8G       755M       3.1G       5.7M        54M       315M

MemTotal:        4016004 kB
MemFree:         3242804 kB
Active:           415620 kB
Mem:          3.8G       755M       3.1G       5.7M        54M       316M

MemTotal:        4016004 kB
MemFree:         3242804 kB
Active:           415620 kB
Mem:          3.8G       755M       3.1G       5.7M        54M       316M

MemTotal:        4016004 kB
MemFree:         3242804 kB
Active:           415576 kB
Mem:          3.8G       754M       3.1G       5.7M        54M       316M

MemTotal:        4016004 kB
MemFree:         3242928 kB
Active:           415568 kB
Mem:          3.8G       755M       3.1G       5.7M        54M       316M

MemTotal:        4016004 kB
MemFree:         3242120 kB
Active:           413580 kB
Mem:          3.8G       755M       3.1G       5.7M        54M       316M

MemTotal:        4016004 kB
MemFree:         3242616 kB
Active:           415616 kB
Mem:          3.8G       755M       3.1G       5.7M        54M       316M

MemTotal:        4016004 kB
MemFree:         3242244 kB
Active:           415596 kB
Mem:          3.8G       755M       3.1G       5.7M        54M       316M

MemTotal:        4016004 kB
MemFree:         3242120 kB
Active:           415608 kB
Mem:          3.8G       755M       3.1G       5.7M        54M       316M

MemTotal:        4016004 kB
MemFree:         3241484 kB
Active:           415764 kB
Mem:          3.8G       756M       3.1G       5.7M        54M       316M

MemTotal:        4016004 kB
MemFree:         3126964 kB
Active:           416032 kB
Mem:          3.8G       868M       3.0G       5.7M        54M       427M

MemTotal:        4016004 kB
MemFree:         3014364 kB
Active:           416088 kB
Mem:          3.8G       978M       2.9G       5.7M        54M       535M

MemTotal:        4016004 kB
MemFree:         2895192 kB
Active:           416056 kB
Mem:          3.8G       1.1G       2.8G       5.7M        55M       650M

MemTotal:        4016004 kB
MemFree:         2884512 kB
Active:           416096 kB
Mem:          3.8G       1.1G       2.8G       5.7M        55M       660M

MemTotal:        4016004 kB
MemFree:         2787848 kB
Active:           416096 kB
Mem:          3.8G       1.2G       2.7G       5.7M        55M       753M

MemTotal:        4016004 kB
MemFree:         2786760 kB
Active:           416072 kB
Mem:          3.8G       1.2G       2.7G       5.7M        55M       754M

MemTotal:        4016004 kB
MemFree:         2785040 kB
Active:           416128 kB
Mem:          3.8G       1.2G       2.7G       5.7M        55M       755M

MemTotal:        4016004 kB
MemFree:         2784036 kB
Active:           416128 kB
Mem:          3.8G       1.2G       2.7G       5.7M        55M       756M

MemTotal:        4016004 kB
MemFree:         2783388 kB
Active:           416120 kB
Mem:          3.8G       1.2G       2.7G       5.7M        55M       757M

MemTotal:        4016004 kB
MemFree:         2765296 kB
Active:           416092 kB
Mem:          3.8G       1.2G       2.6G       5.7M        55M       775M

MemTotal:        4016004 kB
MemFree:         2659880 kB
Active:           416136 kB
Mem:          3.8G       1.3G       2.5G       5.7M        55M       876M

MemTotal:        4016004 kB
MemFree:         2533856 kB
Active:           416116 kB
Mem:          3.8G       1.4G       2.4G       5.7M        55M       998M

MemTotal:        4016004 kB
MemFree:         2432200 kB
Active:           416136 kB
Mem:          3.8G       1.5G       2.3G       5.7M        55M       1.1G

MemTotal:        4016004 kB
MemFree:         2429660 kB
Active:           416128 kB
Mem:          3.8G       1.5G       2.3G       5.7M        55M       1.1G

MemTotal:        4016004 kB
MemFree:         2331752 kB
Active:           416156 kB
Mem:          3.8G       1.6G       2.2G       5.7M        55M       1.2G

MemTotal:        4016004 kB
MemFree:         2330140 kB
Active:           416120 kB
Mem:          3.8G       1.6G       2.2G       5.7M        55M       1.2G

MemTotal:        4016004 kB
MemFree:         2232720 kB
Active:           416160 kB
Mem:          3.8G       1.7G       2.1G       5.7M        55M       1.3G

MemTotal:        4016004 kB
MemFree:         2231756 kB
Active:           416132 kB
Mem:          3.8G       1.7G       2.1G       5.7M        55M       1.3G

MemTotal:        4016004 kB
MemFree:         2167752 kB
Active:           416140 kB
Mem:          3.8G       1.8G       2.1G       5.7M        55M       1.3G

MemTotal:        4016004 kB
MemFree:         2131376 kB
Active:           416180 kB
Mem:          3.8G       1.8G       2.0G       5.7M        55M       1.4G

MemTotal:        4016004 kB
MemFree:         2128924 kB
Active:           416184 kB
Mem:          3.8G       1.8G       2.0G       5.7M        55M       1.4G

MemTotal:        4016004 kB
MemFree:         2128028 kB
Active:           416160 kB
Mem:          3.8G       1.8G       2.0G       5.7M        55M       1.4G

MemTotal:        4016004 kB
MemFree:         2126732 kB
Active:           416212 kB
Mem:          3.8G       1.8G       2.0G       5.7M        55M       1.4G

MemTotal:        4016004 kB
MemFree:         2052020 kB
Active:           416188 kB
Mem:          3.8G       1.9G       2.0G       5.7M        55M       1.4G

MemTotal:        4016004 kB
MemFree:         1925736 kB
Active:           416208 kB
Mem:          3.8G       2.0G       1.8G       5.7M        55M       1.5G

MemTotal:        4016004 kB
MemFree:         1794504 kB
Active:           416204 kB
Mem:          3.8G       2.1G       1.7G       5.7M        55M       1.7G

MemTotal:        4016004 kB
MemFree:         1776664 kB
Active:           416216 kB
Mem:          3.8G       2.1G       1.7G       5.7M        55M       1.7G

MemTotal:        4016004 kB
MemFree:         1737200 kB
Active:           416208 kB
Mem:          3.8G       2.2G       1.7G       5.7M        55M       1.7G

MemTotal:        4016004 kB
MemFree:         1685504 kB
Active:           416228 kB
Mem:          3.8G       2.2G       1.6G       5.7M        55M       1.8G

MemTotal:        4016004 kB
MemFree:         1594280 kB
Active:           416192 kB
Mem:          3.8G       2.3G       1.5G       5.7M        55M       1.9G

MemTotal:        4016004 kB
MemFree:         1593844 kB
Active:           416240 kB
Mem:          3.8G       2.3G       1.5G       5.7M        55M       1.9G

MemTotal:        4016004 kB
MemFree:         1528308 kB
Active:           416228 kB
Mem:          3.8G       2.4G       1.5G       5.7M        55M       1.9G

MemTotal:        4016004 kB
MemFree:         1501676 kB
Active:           416200 kB
Mem:          3.8G       2.4G       1.4G       5.7M        55M       1.9G

MemTotal:        4016004 kB
MemFree:         1500676 kB
Active:           416236 kB
Mem:          3.8G       2.4G       1.4G       5.7M        55M       1.9G

MemTotal:        4016004 kB
MemFree:         1500368 kB
Active:           416196 kB
Mem:          3.8G       2.4G       1.4G       5.7M        55M       1.9G

MemTotal:        4016004 kB
MemFree:         1500744 kB
Active:           416188 kB
Mem:          3.8G       2.4G       1.4G       5.7M        55M       1.9G

MemTotal:        4016004 kB
MemFree:         1473988 kB
Active:           416200 kB
Mem:          3.8G       2.4G       1.4G       5.7M        55M       2.0G

MemTotal:        4016004 kB
MemFree:         1357776 kB
Active:           416224 kB
Mem:          3.8G       2.5G       1.3G       5.7M        55M       2.1G

MemTotal:        4016004 kB
MemFree:         1222188 kB
Active:           416252 kB
Mem:          3.8G       2.7G       1.2G       5.7M        55M       2.2G

MemTotal:        4016004 kB
MemFree:         1149728 kB
Active:           416228 kB
Mem:          3.8G       2.7G       1.1G       5.7M        55M       2.3G

MemTotal:        4016004 kB
MemFree:         1068332 kB
Active:           416280 kB
Mem:          3.8G       2.8G       1.0G       5.7M        55M       2.4G

MemTotal:        4016004 kB
MemFree:         1056456 kB
Active:           416260 kB
Mem:          3.8G       2.8G       1.0G       5.7M        55M       2.4G

MemTotal:        4016004 kB
MemFree:         1015892 kB
Active:           416276 kB
Mem:          3.8G       2.9G       991M       5.7M        55M       2.4G

MemTotal:        4016004 kB
MemFree:          965036 kB
Active:           416264 kB
Mem:          3.8G       2.9G       942M       5.7M        55M       2.4G

MemTotal:        4016004 kB
MemFree:          964556 kB
Active:           416248 kB
Mem:          3.8G       2.9G       942M       5.7M        55M       2.4G

MemTotal:        4016004 kB
MemFree:          960664 kB
Active:           418356 kB
Mem:          3.8G       2.9G       938M       5.7M        55M       2.4G

MemTotal:        4016004 kB
MemFree:          960168 kB
Active:           418344 kB
Mem:          3.8G       2.9G       937M       5.7M        55M       2.5G

MemTotal:        4016004 kB
MemFree:          874388 kB
Active:           418328 kB
Mem:          3.8G       3.0G       853M       5.7M        55M       2.5G

MemTotal:        4016004 kB
MemFree:          760920 kB
Active:           418336 kB
Mem:          3.8G       3.1G       742M       5.7M        55M       2.6G

MemTotal:        4016004 kB
MemFree:          661636 kB
Active:           418332 kB
Mem:          3.8G       3.2G       646M       5.7M        55M       2.7G

MemTotal:        4016004 kB
MemFree:          643816 kB
Active:           418372 kB
Mem:          3.8G       3.2G       628M       5.7M        55M       2.7G

MemTotal:        4016004 kB
MemFree:          585564 kB
Active:           418388 kB
Mem:          3.8G       3.3G       571M       5.7M        55M       2.8G

MemTotal:        4016004 kB
MemFree:          559948 kB
Active:           418332 kB
Mem:          3.8G       3.3G       546M       5.7M        55M       2.8G

MemTotal:        4016004 kB
MemFree:          480188 kB
Active:           418384 kB
Mem:          3.8G       3.4G       468M       5.7M        55M       2.9G

MemTotal:        4016004 kB
MemFree:          404732 kB
Active:           418404 kB
Mem:          3.8G       3.4G       395M       5.7M        55M       3.0G

MemTotal:        4016004 kB
MemFree:          403860 kB
Active:           416412 kB
Mem:          3.8G       3.4G       394M       5.7M        55M       3.0G

MemTotal:        4016004 kB
MemFree:          328332 kB
Active:           418460 kB
Mem:          3.8G       3.5G       320M       5.7M        55M       3.0G

MemTotal:        4016004 kB
MemFree:          326928 kB
Active:           418468 kB
Mem:          3.8G       3.5G       319M       5.7M        55M       3.0G

MemTotal:        4016004 kB
MemFree:          325936 kB
Active:           418484 kB
Mem:          3.8G       3.5G       318M       5.7M        55M       3.0G

MemTotal:        4016004 kB
MemFree:          324328 kB
Active:           418520 kB
Mem:          3.8G       3.5G       316M       5.7M        55M       3.0G

MemTotal:        4016004 kB
MemFree:          323868 kB
Active:           418472 kB
Mem:          3.8G       3.5G       315M       5.7M        55M       3.0G

MemTotal:        4016004 kB
MemFree:          261464 kB
Active:           418480 kB
Mem:          3.8G       3.6G       254M       5.7M        55M       3.1G

MemTotal:        4016004 kB
MemFree:          136944 kB
Active:           418484 kB
Mem:          3.8G       3.7G       133M       5.7M        55M       3.2G

MemTotal:        4016004 kB
MemFree:          131884 kB
Active:           470364 kB
Mem:          3.8G       3.7G       133M       5.7M        19M       3.3G

MemTotal:        4016004 kB
MemFree:          111456 kB
Active:           466328 kB
Mem:          3.8G       3.7G       107M       5.7M        19M       3.3G

MemTotal:        4016004 kB
MemFree:          120608 kB
Active:           464584 kB
Mem:          3.8G       3.7G       117M       5.7M        19M       3.3G

MemTotal:        4016004 kB
MemFree:          142940 kB
Active:           457552 kB
Mem:          3.8G       3.7G       139M       5.7M        19M       3.3G

MemTotal:        4016004 kB
MemFree:          140604 kB
Active:           457536 kB
Mem:          3.8G       3.7G       137M       5.7M        19M       3.3G

MemTotal:        4016004 kB
MemFree:          139460 kB
Active:           457528 kB
Mem:          3.8G       3.7G       136M       5.7M        19M       3.3G

MemTotal:        4016004 kB
MemFree:          138968 kB
Active:           457548 kB
Mem:          3.8G       3.7G       135M       5.7M        19M       3.3G

MemTotal:        4016004 kB
MemFree:          122884 kB
Active:           453740 kB
Mem:          3.8G       3.7G       119M       5.7M        19M       3.3G

MemTotal:        4016004 kB
MemFree:          115868 kB
Active:           439964 kB
Mem:          3.8G       3.7G       113M       5.7M        19M       3.3G

MemTotal:        4016004 kB
MemFree:          126052 kB
Active:           435996 kB
Mem:          3.8G       3.7G       122M       5.7M        19M       3.3G

MemTotal:        4016004 kB
MemFree:          116116 kB
Active:           433320 kB
Mem:          3.8G       3.7G       120M       5.7M        19M       3.3G

MemTotal:        4016004 kB
MemFree:          122780 kB
Active:           432432 kB
Mem:          3.8G       3.7G       119M       5.7M        19M       3.3G

MemTotal:        4016004 kB
MemFree:          120080 kB
Active:           431932 kB
Mem:          3.8G       3.7G       117M       5.7M        19M       3.3G

MemTotal:        4016004 kB
MemFree:          128724 kB
Active:           428548 kB
Mem:          3.8G       3.7G       125M       5.7M        19M       3.3G

MemTotal:        4016004 kB
MemFree:          137320 kB
Active:           426504 kB
Mem:          3.8G       3.7G       134M       5.7M        19M       3.3G

MemTotal:        4016004 kB
MemFree:          136668 kB
Active:           426528 kB
Mem:          3.8G       3.7G       133M       5.7M        19M       3.3G

MemTotal:        4016004 kB
MemFree:          136712 kB
Active:           426524 kB
Mem:          3.8G       3.7G       133M       5.7M        19M       3.3G

MemTotal:        4016004 kB
MemFree:          136372 kB
Active:           426588 kB
Mem:          3.8G       3.7G       133M       5.7M        19M       3.3G

MemTotal:        4016004 kB
MemFree:          137076 kB
Active:           426572 kB
Mem:          3.8G       3.7G       133M       5.7M        19M       3.3G

MemTotal:        4016004 kB
MemFree:          119732 kB
Active:           424780 kB
Mem:          3.8G       3.7G       116M       5.7M        19M       3.3G

MemTotal:        4016004 kB
MemFree:          135572 kB
Active:           420064 kB
Mem:          3.8G       3.7G       131M       5.7M        19M       3.3G

MemTotal:        4016004 kB
MemFree:          107716 kB
Active:           414940 kB
Mem:          3.8G       3.7G       104M       5.7M        19M       3.3G

MemTotal:        4016004 kB
MemFree:          115640 kB
Active:           413796 kB
Mem:          3.8G       3.7G       112M       5.7M        19M       3.3G

MemTotal:        4016004 kB
MemFree:          115632 kB
Active:           410520 kB
Mem:          3.8G       3.7G       112M       5.7M        19M       3.3G

MemTotal:        4016004 kB
MemFree:          136388 kB
Active:           405908 kB
Mem:          3.8G       3.7G       133M       5.7M        19M       3.3G

MemTotal:        4016004 kB
MemFree:          104788 kB
Active:           405856 kB
Mem:          3.8G       3.7G       111M       5.7M        19M       3.3G

MemTotal:        4016004 kB
MemFree:          109204 kB
Active:           403608 kB
Mem:          3.8G       3.7G       106M       5.7M        19M       3.3G

MemTotal:        4016004 kB
MemFree:          108584 kB
Active:           403612 kB
Mem:          3.8G       3.7G       105M       5.7M        20M       3.3G

MemTotal:        4016004 kB
MemFree:          131804 kB
Active:           402592 kB
Mem:          3.8G       3.7G       139M       5.7M        20M       3.3G

MemTotal:        4016004 kB
MemFree:          111512 kB
Active:           399272 kB
Mem:          3.8G       3.7G       109M       5.7M        20M       3.3G

MemTotal:        4016004 kB
MemFree:          110484 kB
Active:           399256 kB
Mem:          3.8G       3.7G       107M       5.7M        20M       3.3G

MemTotal:        4016004 kB
MemFree:          108964 kB
Active:           399304 kB
Mem:          3.8G       3.7G       106M       5.7M        20M       3.3G

MemTotal:        4016004 kB
MemFree:          108564 kB
Active:           399292 kB
Mem:          3.8G       3.7G       106M       5.7M        20M       3.3G

MemTotal:        4016004 kB
MemFree:          107560 kB
Active:           399264 kB
Mem:          3.8G       3.7G       104M       5.7M        20M       3.3G

MemTotal:        4016004 kB
MemFree:          130348 kB
Active:           396056 kB
Mem:          3.8G       3.7G       127M       5.7M        20M       3.3G

MemTotal:        4016004 kB
MemFree:          128824 kB
Active:           391244 kB
Mem:          3.8G       3.7G       125M       5.7M        20M       3.3G

MemTotal:        4016004 kB
MemFree:          133224 kB
Active:           387152 kB
Mem:          3.8G       3.7G       129M       5.7M        20M       3.3G

MemTotal:        4016004 kB
MemFree:          143000 kB
Active:           385968 kB
Mem:          3.8G       3.7G       139M       5.7M        20M       3.3G

MemTotal:        4016004 kB
MemFree:          137012 kB
Active:           384188 kB
Mem:          3.8G       3.7G       133M       5.7M        20M       3.3G

MemTotal:        4016004 kB
MemFree:          118932 kB
Active:           383700 kB
Mem:          3.8G       3.7G       115M       5.7M        20M       3.3G

MemTotal:        4016004 kB
MemFree:          131236 kB
Active:           382440 kB
Mem:          3.8G       3.7G       128M       5.7M        20M       3.3G

MemTotal:        4016004 kB
MemFree:          139924 kB
Active:           380520 kB
Mem:          3.8G       3.7G       136M       5.7M        20M       3.3G

MemTotal:        4016004 kB
MemFree:          138828 kB
Active:           380508 kB
Mem:          3.8G       3.7G       135M       5.7M        20M       3.3G

MemTotal:        4016004 kB
MemFree:          138612 kB
Active:           380500 kB
Mem:          3.8G       3.7G       135M       5.7M        20M       3.3G

MemTotal:        4016004 kB
MemFree:          137840 kB
Active:           380524 kB
Mem:          3.8G       3.7G       134M       5.7M        20M       3.3G

MemTotal:        4016004 kB
MemFree:          137724 kB
Active:           380540 kB
Mem:          3.8G       3.7G       134M       5.7M        20M       3.3G

MemTotal:        4016004 kB
MemFree:          130004 kB
Active:           377172 kB
Mem:          3.8G       3.7G       126M       5.7M        20M       3.3G

MemTotal:        4016004 kB
MemFree:          125804 kB
Active:           372952 kB
Mem:          3.8G       3.7G       122M       5.7M        20M       3.3G

MemTotal:        4016004 kB
MemFree:          125256 kB
Active:           365228 kB
Mem:          3.8G       3.7G       122M       5.7M        20M       3.3G

MemTotal:        4016004 kB
MemFree:          134884 kB
Active:           361116 kB
Mem:          3.8G       3.7G       131M       5.7M        20M       3.3G

MemTotal:        4016004 kB
MemFree:          134288 kB
Active:           361112 kB
Mem:          3.8G       3.7G       131M       5.7M        20M       3.3G

MemTotal:        4016004 kB
MemFree:          123140 kB
Active:           360988 kB
Mem:          3.8G       3.7G       120M       5.7M        20M       3.3G

MemTotal:        4016004 kB
MemFree:          121212 kB
Active:           360316 kB
Mem:          3.8G       3.7G       118M       5.7M        20M       3.3G

MemTotal:        4016004 kB
MemFree:          132384 kB
Active:           360260 kB
Mem:          3.8G       3.7G       128M       5.7M        20M       3.3G

MemTotal:        4016004 kB
MemFree:          111840 kB
Active:           360348 kB
Mem:          3.8G       3.7G       109M       5.7M        20M       3.3G

MemTotal:        4016004 kB
MemFree:          109352 kB
Active:           360344 kB
Mem:          3.8G       3.7G       106M       5.7M        20M       3.3G

MemTotal:        4016004 kB
MemFree:          108828 kB
Active:           360332 kB
Mem:          3.8G       3.7G       106M       5.7M        20M       3.3G

MemTotal:        4016004 kB
MemFree:          107312 kB
Active:           360312 kB
Mem:          3.8G       3.7G       104M       5.7M        20M       3.3G

MemTotal:        4016004 kB
MemFree:          138000 kB
Active:           360348 kB
Mem:          3.8G       3.7G       133M       5.7M        20M       3.3G

MemTotal:        4016004 kB
MemFree:          107456 kB
Active:           360244 kB
Mem:          3.8G       3.7G       113M       5.7M        20M       3.3G

MemTotal:        4016004 kB
MemFree:          126500 kB
Active:           357644 kB
Mem:          3.8G       3.7G       122M       5.7M        20M       3.3G

MemTotal:        4016004 kB
MemFree:          129168 kB
Active:           357644 kB
Mem:          3.8G       3.7G       126M       5.7M        20M       3.3G

MemTotal:        4016004 kB
MemFree:          125088 kB
Active:           357592 kB
Mem:          3.8G       3.7G       121M       5.7M        20M       3.3G

MemTotal:        4016004 kB
MemFree:          118432 kB
Active:           357656 kB
Mem:          3.8G       3.7G       115M       5.7M        20M       3.3G

MemTotal:        4016004 kB
MemFree:          114764 kB
Active:           357612 kB
Mem:          3.8G       3.7G       112M       5.7M        20M       3.3G

MemTotal:        4016004 kB
MemFree:          113288 kB
Active:           357664 kB
Mem:          3.8G       3.7G       110M       5.7M        20M       3.3G

MemTotal:        4016004 kB
MemFree:          111724 kB
Active:           357664 kB
Mem:          3.8G       3.7G       108M       5.7M        20M       3.3G

MemTotal:        4016004 kB
MemFree:          110040 kB
Active:           357668 kB
Mem:          3.8G       3.7G       107M       5.7M        20M       3.3G

MemTotal:        4016004 kB
MemFree:          109576 kB
Active:           357668 kB
Mem:          3.8G       3.7G       106M       5.7M        20M       3.3G

MemTotal:        4016004 kB
MemFree:          108620 kB
Active:           357656 kB
Mem:          3.8G       3.7G       105M       5.7M        20M       3.3G

MemTotal:        4016004 kB
MemFree:          123764 kB
Active:           357664 kB
Mem:          3.8G       3.7G       120M       5.7M        20M       3.3G

MemTotal:        4016004 kB
MemFree:          128448 kB
Active:           357692 kB
Mem:          3.8G       3.7G       124M       5.7M        20M       3.3G

MemTotal:        4016004 kB
MemFree:          129100 kB
Active:           357296 kB
Mem:          3.8G       3.7G       127M       5.7M        20M       3.3G

MemTotal:        4016004 kB
MemFree:          122104 kB
Active:           357212 kB
Mem:          3.8G       3.7G       118M       5.7M        20M       3.3G

MemTotal:        4016004 kB
MemFree:          123796 kB
Active:           357204 kB
Mem:          3.8G       3.7G       120M       5.7M        20M       3.3G

MemTotal:        4016004 kB
MemFree:          131416 kB
Active:           357172 kB
Mem:          3.8G       3.7G       127M       5.7M        20M       3.3G

MemTotal:        4016004 kB
MemFree:          125248 kB
Active:           357220 kB
Mem:          3.8G       3.7G       122M       5.7M        20M       3.3G

MemTotal:        4016004 kB
MemFree:          124004 kB
Active:           357212 kB
Mem:          3.8G       3.7G       120M       5.7M        20M       3.3G

MemTotal:        4016004 kB
MemFree:          126948 kB
Active:           356248 kB
Mem:          3.8G       3.7G       124M       5.7M        20M       3.3G

MemTotal:        4016004 kB
MemFree:          124052 kB
Active:           356276 kB
Mem:          3.8G       3.7G       120M       5.7M        20M       3.3G

MemTotal:        4016004 kB
MemFree:          122656 kB
Active:           356236 kB
Mem:          3.8G       3.7G       119M       5.7M        20M       3.3G

MemTotal:        4016004 kB
MemFree:          121296 kB
Active:           356272 kB
Mem:          3.8G       3.7G       118M       5.7M        20M       3.3G

MemTotal:        4016004 kB
MemFree:          120216 kB
Active:           356256 kB
Mem:          3.8G       3.7G       117M       5.7M        20M       3.3G

MemTotal:        4016004 kB
MemFree:          131448 kB
Active:           356240 kB
Mem:          3.8G       3.7G       127M       5.7M        20M       3.3G

MemTotal:        4016004 kB
MemFree:          126528 kB
Active:           356300 kB
Mem:          3.8G       3.7G       123M       5.7M        20M       3.3G

MemTotal:        4016004 kB
MemFree:          119172 kB
Active:           356288 kB
Mem:          3.8G       3.7G       116M       5.7M        20M       3.3G

MemTotal:        4016004 kB
MemFree:          140008 kB
Active:           354296 kB
Mem:          3.8G       3.7G       136M       5.7M        20M       3.3G

MemTotal:        4016004 kB
MemFree:          124800 kB
Active:           354264 kB
Mem:          3.8G       3.7G       121M       5.7M        20M       3.3G

MemTotal:        4016004 kB
MemFree:          144984 kB
Active:           354316 kB
Mem:          3.8G       3.7G       141M       5.7M        20M       3.2G

MemTotal:        4016004 kB
MemFree:          135652 kB
Active:           356372 kB
Mem:          3.8G       3.7G       132M       5.7M        20M       3.3G

MemTotal:        4016004 kB
MemFree:          134856 kB
Active:           356344 kB
Mem:          3.8G       3.7G       131M       5.7M        20M       3.3G

MemTotal:        4016004 kB
MemFree:          133416 kB
Active:           356352 kB
Mem:          3.8G       3.7G       130M       5.7M        20M       3.3G

MemTotal:        4016004 kB
MemFree:          132520 kB
Active:           356348 kB
Mem:          3.8G       3.7G       129M       5.7M        20M       3.3G

MemTotal:        4016004 kB
MemFree:          132184 kB
Active:           356348 kB
Mem:          3.8G       3.7G       128M       5.7M        20M       3.3G

MemTotal:        4016004 kB
MemFree:          129064 kB
Active:           356360 kB
Mem:          3.8G       3.7G       125M       5.7M        20M       3.3G

MemTotal:        4016004 kB
MemFree:          136964 kB
Active:           355548 kB
Mem:          3.8G       3.7G       133M       5.7M        20M       3.2G

MemTotal:        4016004 kB
MemFree:          136172 kB
Active:           355548 kB
Mem:          3.8G       3.7G       132M       5.7M        20M       3.3G

MemTotal:        4016004 kB
MemFree:          133588 kB
Active:           355552 kB
Mem:          3.8G       3.7G       130M       5.7M        20M       3.3G

MemTotal:        4016004 kB
MemFree:          119532 kB
Active:           355500 kB
Mem:          3.8G       3.7G       116M       5.7M        20M       3.3G

MemTotal:        4016004 kB
MemFree:          135240 kB
Active:           354856 kB
Mem:          3.8G       3.7G       132M       5.7M        20M       3.3G

MemTotal:        4016004 kB
MemFree:          124844 kB
Active:           352608 kB
Mem:          3.8G       3.7G       121M       5.7M        20M       3.3G

MemTotal:        4016004 kB
MemFree:          123724 kB
Active:           352408 kB
Mem:          3.8G       3.7G       120M       5.7M        20M       3.3G

MemTotal:        4016004 kB
MemFree:          123120 kB
Active:           352364 kB
Mem:          3.8G       3.7G       120M       5.7M        20M       3.3G

MemTotal:        4016004 kB
MemFree:          122844 kB
Active:           352360 kB
Mem:          3.8G       3.7G       120M       5.7M        20M       3.3G

MemTotal:        4016004 kB
MemFree:          122292 kB
Active:           352396 kB
Mem:          3.8G       3.7G       119M       5.7M        20M       3.3G

MemTotal:        4016004 kB
MemFree:          130648 kB
Active:           352384 kB
Mem:          3.8G       3.7G       127M       5.7M        20M       3.3G

MemTotal:        4016004 kB
MemFree:          124920 kB
Active:           352428 kB
Mem:          3.8G       3.7G       121M       5.7M        20M       3.3G

MemTotal:        4016004 kB
MemFree:          112012 kB
Active:           352432 kB
Mem:          3.8G       3.7G       108M       5.7M        20M       3.3G

MemTotal:        4016004 kB
MemFree:          107680 kB
Active:           349616 kB
Mem:          3.8G       3.7G       104M       5.7M        20M       3.3G

MemTotal:        4016004 kB
MemFree:          108192 kB
Active:           349608 kB
Mem:          3.8G       3.7G       105M       5.7M        20M       3.3G

MemTotal:        4016004 kB
MemFree:          124632 kB
Active:           349624 kB
Mem:          3.8G       3.7G       121M       5.7M        20M       3.3G

MemTotal:        4016004 kB
MemFree:          109688 kB
Active:           349624 kB
Mem:          3.8G       3.7G       107M       5.7M        20M       3.3G

MemTotal:        4016004 kB
MemFree:          138804 kB
Active:           349616 kB
Mem:          3.8G       3.7G       135M       5.7M        20M       3.2G

MemTotal:        4016004 kB
MemFree:          138304 kB
Active:           349620 kB
Mem:          3.8G       3.7G       134M       5.7M        20M       3.2G

MemTotal:        4016004 kB
MemFree:          136784 kB
Active:           349612 kB
Mem:          3.8G       3.7G       133M       5.7M        20M       3.2G

MemTotal:        4016004 kB
MemFree:          135580 kB
Active:           349604 kB
Mem:          3.8G       3.7G       132M       5.7M        20M       3.2G

MemTotal:        4016004 kB
MemFree:          134764 kB
Active:           349608 kB
Mem:          3.8G       3.7G       131M       5.7M        20M       3.3G

MemTotal:        4016004 kB
MemFree:          120656 kB
Active:           349608 kB
Mem:          3.8G       3.7G       117M       5.7M        20M       3.3G

MemTotal:        4016004 kB
MemFree:          132548 kB
Active:           349604 kB
Mem:          3.8G       3.7G       128M       5.7M        20M       3.3G

MemTotal:        4016004 kB
MemFree:          147000 kB
Active:           344320 kB
Mem:          3.8G       3.7G       143M       5.7M        20M       3.2G

MemTotal:        4016004 kB
MemFree:          135328 kB
Active:           346388 kB
Mem:          3.8G       3.7G       132M       5.7M        20M       3.2G

MemTotal:        4016004 kB
MemFree:          138968 kB
Active:           346388 kB
Mem:          3.8G       3.7G       135M       5.7M        20M       3.2G

MemTotal:        4016004 kB
MemFree:          114344 kB
Active:           346372 kB
Mem:          3.8G       3.7G       111M       5.7M        20M       3.3G

MemTotal:        4016004 kB
MemFree:          150720 kB
Active:           346392 kB
Mem:          3.8G       3.7G       147M       5.7M        20M       3.2G

MemTotal:        4016004 kB
MemFree:          115588 kB
Active:           346404 kB
Mem:          3.8G       3.7G       112M       5.7M        20M       3.3G

MemTotal:        4016004 kB
MemFree:          115124 kB
Active:           346388 kB
Mem:          3.8G       3.7G       112M       5.7M        20M       3.3G

MemTotal:        4016004 kB
MemFree:          114808 kB
Active:           346432 kB
Mem:          3.8G       3.7G       112M       5.7M        20M       3.3G

MemTotal:        4016004 kB
MemFree:          115496 kB
Active:           346404 kB
Mem:          3.8G       3.7G       112M       5.7M        20M       3.3G

MemTotal:        4016004 kB
MemFree:          114184 kB
Active:           346388 kB
Mem:          3.8G       3.7G       111M       5.7M        20M       3.3G

MemTotal:        4016004 kB
MemFree:          125548 kB
Active:           344768 kB
Mem:          3.8G       3.7G       121M       5.7M        20M       3.3G

MemTotal:        4016004 kB
MemFree:          124684 kB
Active:           342288 kB
Mem:          3.8G       3.7G       121M       5.7M        20M       3.3G

MemTotal:        4016004 kB
MemFree:          128240 kB
Active:           342264 kB
Mem:          3.8G       3.7G       124M       5.7M        20M       3.3G

MemTotal:        4016004 kB
MemFree:          135536 kB
Active:           342304 kB
Mem:          3.8G       3.7G       132M       5.7M        20M       3.2G

MemTotal:        4016004 kB
MemFree:          115828 kB
Active:           342284 kB
Mem:          3.8G       3.7G       123M       5.7M        20M       3.3G

MemTotal:        4016004 kB
MemFree:          126948 kB
Active:           342312 kB
Mem:          3.8G       3.7G       124M       5.7M        20M       3.3G

MemTotal:        4016004 kB
MemFree:          127228 kB
Active:           342316 kB
Mem:          3.8G       3.7G       124M       5.7M        20M       3.3G

MemTotal:        4016004 kB
MemFree:          131404 kB
Active:           342316 kB
Mem:          3.8G       3.7G       127M       5.7M        20M       3.3G

MemTotal:        4016004 kB
MemFree:          129892 kB
Active:           342324 kB
Mem:          3.8G       3.7G       126M       5.7M        20M       3.3G

MemTotal:        4016004 kB
MemFree:          128404 kB
Active:           342320 kB
Mem:          3.8G       3.7G       125M       5.7M        20M       3.3G

MemTotal:        4016004 kB
MemFree:          126580 kB
Active:           342356 kB
Mem:          3.8G       3.7G       123M       5.7M        20M       3.3G

MemTotal:        4016004 kB
MemFree:          126028 kB
Active:           342300 kB
Mem:          3.8G       3.7G       122M       5.7M        20M       3.3G

MemTotal:        4016004 kB
MemFree:          113596 kB
Active:           340076 kB
Mem:          3.8G       3.7G       110M       5.7M        20M       3.3G

MemTotal:        4016004 kB
MemFree:          139624 kB
Active:           340136 kB
Mem:          3.8G       3.7G       144M       5.7M        20M       3.2G

MemTotal:        4016004 kB
MemFree:          140144 kB
Active:           340136 kB
Mem:          3.8G       3.7G       137M       5.7M        20M       3.2G

MemTotal:        4016004 kB
MemFree:          114180 kB
Active:           340136 kB
Mem:          3.8G       3.7G       111M       5.7M        20M       3.3G

MemTotal:        4016004 kB
MemFree:          129400 kB
Active:           340136 kB
Mem:          3.8G       3.7G       126M       5.7M        20M       3.3G

MemTotal:        4016004 kB
MemFree:          141936 kB
Active:           339128 kB
Mem:          3.8G       3.7G       140M       5.7M        20M       3.2G

MemTotal:        4016004 kB
MemFree:          149144 kB
Active:           339096 kB
Mem:          3.8G       3.7G       145M       5.7M        20M       3.2G

MemTotal:        4016004 kB
MemFree:          148836 kB
Active:           339144 kB
Mem:          3.8G       3.7G       145M       5.7M        20M       3.2G

MemTotal:        4016004 kB
MemFree:          146956 kB
Active:           341168 kB
Mem:          3.8G       3.7G       143M       5.7M        20M       3.2G

MemTotal:        4016004 kB
MemFree:          130944 kB
Active:           341180 kB
Mem:          3.8G       3.7G       127M       5.7M        20M       3.2G

MemTotal:        4016004 kB
MemFree:          130872 kB
Active:           341184 kB
Mem:          3.8G       3.7G       127M       5.7M        20M       3.2G

MemTotal:        4016004 kB
MemFree:          129468 kB
Active:           341216 kB
Mem:          3.8G       3.7G       126M       5.7M        20M       3.2G

MemTotal:        4016004 kB
MemFree:          128412 kB
Active:           341192 kB
Mem:          3.8G       3.7G       124M       5.7M        20M       3.3G

MemTotal:        4016004 kB
MemFree:          126184 kB
Active:           341192 kB
Mem:          3.8G       3.7G       123M       5.7M        20M       3.3G

MemTotal:        4016004 kB
MemFree:          115968 kB
Active:           340724 kB
Mem:          3.8G       3.7G       112M       5.7M        20M       3.3G

MemTotal:        4016004 kB
MemFree:          129116 kB
Active:           340192 kB
Mem:          3.8G       3.7G       125M       5.7M        20M       3.3G

MemTotal:        4016004 kB
MemFree:          110232 kB
Active:           340216 kB
Mem:          3.8G       3.7G       107M       5.7M        20M       3.3G

MemTotal:        4016004 kB
MemFree:          123912 kB
Active:           340196 kB
Mem:          3.8G       3.7G       120M       5.7M        20M       3.3G

MemTotal:        4016004 kB
MemFree:          104824 kB
Active:           340200 kB
Mem:          3.8G       3.7G       111M       5.7M        20M       3.3G

MemTotal:        4016004 kB
MemFree:          130040 kB
Active:           340224 kB
Mem:          3.8G       3.7G       126M       5.7M        20M       3.2G

MemTotal:        4016004 kB
MemFree:          124920 kB
Active:           340204 kB
Mem:          3.8G       3.7G       121M       5.7M        20M       3.3G

MemTotal:        4016004 kB
MemFree:          127776 kB
Active:           340132 kB
Mem:          3.8G       3.7G       124M       5.7M        20M       3.3G

MemTotal:        4016004 kB
MemFree:          107440 kB
Active:           340140 kB
Mem:          3.8G       3.7G       104M       5.7M        20M       3.3G

MemTotal:        4016004 kB
MemFree:          122860 kB
Active:           340116 kB
Mem:          3.8G       3.7G       119M       5.7M        20M       3.3G

MemTotal:        4016004 kB
MemFree:          121524 kB
Active:           340164 kB
Mem:          3.8G       3.7G       118M       5.7M        20M       3.3G

MemTotal:        4016004 kB
MemFree:          119900 kB
Active:           340132 kB
Mem:          3.8G       3.7G       117M       5.7M        20M       3.3G

MemTotal:        4016004 kB
MemFree:          118280 kB
Active:           339744 kB
Mem:          3.8G       3.7G       115M       5.7M        20M       3.3G

MemTotal:        4016004 kB
MemFree:          119896 kB
Active:           341224 kB
Mem:          3.8G       3.7G       116M       5.7M        20M       3.3G

MemTotal:        4016004 kB
MemFree:          126508 kB
Active:           340212 kB
Mem:          3.8G       3.7G       122M       5.7M        20M       3.3G

MemTotal:        4016004 kB
MemFree:          132068 kB
Active:           339956 kB
Mem:          3.8G       3.7G       128M       5.7M        20M       3.2G

MemTotal:        4016004 kB
MemFree:          132472 kB
Active:           339892 kB
Mem:          3.8G       3.7G       129M       5.7M        20M       3.2G

MemTotal:        4016004 kB
MemFree:          132596 kB
Active:           339944 kB
Mem:          3.8G       3.7G       129M       5.7M        20M       3.2G

MemTotal:        4016004 kB
MemFree:          132720 kB
Active:           339892 kB
Mem:          3.8G       3.7G       129M       5.7M        20M       3.2G

MemTotal:        4016004 kB
MemFree:          132720 kB
Active:           339904 kB
Mem:          3.8G       3.7G       129M       5.7M        20M       3.2G

MemTotal:        4016004 kB
MemFree:          132596 kB
Active:           339948 kB
Mem:          3.8G       3.7G       129M       5.7M        20M       3.2G

MemTotal:        4016004 kB
MemFree:          132596 kB
Active:           339952 kB
Mem:          3.8G       3.7G       129M       5.7M        20M       3.2G

MemTotal:        4016004 kB
MemFree:          130300 kB
Active:           339956 kB
Mem:          3.8G       3.7G       127M       5.7M        20M       3.2G

MemTotal:        4016004 kB
MemFree:          130176 kB
Active:           341932 kB
Mem:          3.8G       3.7G       127M       5.7M        20M       3.2G

MemTotal:        4016004 kB
MemFree:          130176 kB
Active:           341944 kB
Mem:          3.8G       3.7G       127M       5.7M        20M       3.2G

MemTotal:        4016004 kB
MemFree:          130176 kB
Active:           341956 kB
Mem:          3.8G       3.7G       127M       5.7M        20M       3.2G

MemTotal:        4016004 kB
MemFree:          130300 kB
Active:           341948 kB
Mem:          3.8G       3.7G       127M       5.7M        20M       3.2G

MemTotal:        4016004 kB
MemFree:          130300 kB
Active:           341984 kB
Mem:          3.8G       3.7G       127M       5.7M        20M       3.2G

MemTotal:        4016004 kB
MemFree:          130424 kB
Active:           341928 kB
Mem:          3.8G       3.7G       127M       5.7M        20M       3.2G

MemTotal:        4016004 kB
MemFree:          130672 kB
Active:           341968 kB
Mem:          3.8G       3.7G       127M       5.7M        20M       3.2G

MemTotal:        4016004 kB
MemFree:          130672 kB
Active:           341952 kB
Mem:          3.8G       3.7G       127M       5.7M        20M       3.2G

MemTotal:        4016004 kB
MemFree:          130424 kB
Active:           341996 kB
Mem:          3.8G       3.7G       127M       5.7M        20M       3.2G

MemTotal:        4016004 kB
MemFree:          130424 kB
Active:           341944 kB
Mem:          3.8G       3.7G       127M       5.7M        20M       3.2G

MemTotal:        4016004 kB
MemFree:          130796 kB
Active:           341936 kB
Mem:          3.8G       3.7G       127M       5.7M        20M       3.2G

MemTotal:        4016004 kB
MemFree:          130796 kB
Active:           341976 kB
Mem:          3.8G       3.7G       127M       5.7M        20M       3.2G

MemTotal:        4016004 kB
MemFree:          130796 kB
Active:           341972 kB
Mem:          3.8G       3.7G       127M       5.7M        20M       3.2G

MemTotal:        4016004 kB
MemFree:          131168 kB
Active:           341964 kB
Mem:          3.8G       3.7G       127M       5.7M        20M       3.2G

MemTotal:        4016004 kB
MemFree:          130920 kB
Active:           341960 kB
Mem:          3.8G       3.7G       128M       5.7M        20M       3.2G

MemTotal:        4016004 kB
MemFree:          131168 kB
Active:           342004 kB
Mem:          3.8G       3.7G       128M       5.7M        20M       3.2G

MemTotal:        4016004 kB
MemFree:          131168 kB
Active:           342008 kB
Mem:          3.8G       3.7G       128M       5.7M        20M       3.2G

MemTotal:        4016004 kB
MemFree:          131140 kB
Active:           341992 kB
Mem:          3.8G       3.7G       127M       5.7M        20M       3.2G

MemTotal:        4016004 kB
MemFree:          130800 kB
Active:           342024 kB
Mem:          3.8G       3.7G       127M       5.7M        20M       3.2G

MemTotal:        4016004 kB
MemFree:          128780 kB
Active:           342008 kB
Mem:          3.8G       3.7G       125M       5.7M        20M       3.2G

MemTotal:        4016004 kB
MemFree:          128752 kB
Active:           344052 kB
Mem:          3.8G       3.7G       125M       5.7M        20M       3.2G

MemTotal:        4016004 kB
MemFree:          128752 kB
Active:           344024 kB
Mem:          3.8G       3.7G       125M       5.7M        20M       3.2G

MemTotal:        4016004 kB
MemFree:          128752 kB
Active:           344008 kB
Mem:          3.8G       3.7G       125M       5.7M        20M       3.2G

MemTotal:        4016004 kB
MemFree:          129000 kB
Active:           344016 kB
Mem:          3.8G       3.7G       126M       5.7M        20M       3.2G

MemTotal:        4016004 kB
MemFree:          128752 kB
Active:           344016 kB
Mem:          3.8G       3.7G       125M       5.7M        20M       3.2G

MemTotal:        4016004 kB
MemFree:          128752 kB
Active:           344004 kB
Mem:          3.8G       3.7G       125M       5.7M        20M       3.2G

MemTotal:        4016004 kB
MemFree:          128628 kB
Active:           344040 kB
Mem:          3.8G       3.7G       125M       5.7M        20M       3.2G

MemTotal:        4016004 kB
MemFree:          128256 kB
Active:           344064 kB
Mem:          3.8G       3.7G       125M       5.7M        20M       3.2G

MemTotal:        4016004 kB
MemFree:          128628 kB
Active:           344020 kB
Mem:          3.8G       3.7G       125M       5.7M        20M       3.2G

MemTotal:        4016004 kB
MemFree:          128628 kB
Active:           344064 kB
Mem:          3.8G       3.7G       125M       5.7M        20M       3.2G

MemTotal:        4016004 kB
MemFree:          128628 kB
Active:           344032 kB
Mem:          3.8G       3.7G       125M       5.7M        20M       3.2G

MemTotal:        4016004 kB
MemFree:          128504 kB
Active:           344076 kB
Mem:          3.8G       3.7G       125M       5.7M        20M       3.2G

MemTotal:        4016004 kB
MemFree:          128132 kB
Active:           344064 kB
Mem:          3.8G       3.7G       125M       5.7M        20M       3.2G

MemTotal:        4016004 kB
MemFree:          128132 kB
Active:           344048 kB
Mem:          3.8G       3.7G       125M       5.7M        20M       3.2G

MemTotal:        4016004 kB
MemFree:          127760 kB
Active:           344084 kB
Mem:          3.8G       3.7G       124M       5.7M        20M       3.2G

MemTotal:        4016004 kB
MemFree:          128132 kB
Active:           344048 kB
Mem:          3.8G       3.7G       125M       5.7M        20M       3.2G

MemTotal:        4016004 kB
MemFree:          128256 kB
Active:           344036 kB
Mem:          3.8G       3.7G       125M       5.7M        20M       3.2G

MemTotal:        4016004 kB
MemFree:          128504 kB
Active:           344076 kB
Mem:          3.8G       3.7G       125M       5.7M        20M       3.2G

MemTotal:        4016004 kB
MemFree:          128132 kB
Active:           344092 kB
Mem:          3.8G       3.7G       125M       5.7M        20M       3.2G

MemTotal:        4016004 kB
MemFree:          126332 kB
Active:           344060 kB
Mem:          3.8G       3.7G       123M       5.7M        20M       3.2G

MemTotal:        4016004 kB
MemFree:          126704 kB
Active:           346092 kB
Mem:          3.8G       3.7G       123M       5.7M        20M       3.2G

MemTotal:        4016004 kB
MemFree:          126332 kB
Active:           346124 kB
Mem:          3.8G       3.7G       123M       5.7M        20M       3.2G

MemTotal:        4016004 kB
MemFree:          126084 kB
Active:           346120 kB
Mem:          3.8G       3.7G       123M       5.7M        20M       3.2G

MemTotal:        4016004 kB
MemFree:          126332 kB
Active:           346112 kB
Mem:          3.8G       3.7G       123M       5.7M        20M       3.2G

MemTotal:        4016004 kB
MemFree:          126456 kB
Active:           346092 kB
Mem:          3.8G       3.7G       123M       5.7M        20M       3.2G

MemTotal:        4016004 kB
MemFree:          126332 kB
Active:           346100 kB
Mem:          3.8G       3.7G       123M       5.7M        20M       3.2G

MemTotal:        4016004 kB
MemFree:          121480 kB
Active:           349968 kB
Mem:          3.8G       3.7G       118M       5.7M        23M       3.2G

MemTotal:        4016004 kB
MemFree:          116912 kB
Active:           353760 kB
Mem:          3.8G       3.7G       114M       5.7M        27M       3.2G

MemTotal:        4016004 kB
MemFree:          116976 kB
Active:           353896 kB
Mem:          3.8G       3.7G       114M       5.7M        27M       3.2G

MemTotal:        4016004 kB
MemFree:          116960 kB
Active:           353848 kB
Mem:          3.8G       3.7G       114M       5.7M        27M       3.2G

MemTotal:        4016004 kB
MemFree:          116836 kB
Active:           353900 kB
Mem:          3.8G       3.7G       113M       5.7M        27M       3.2G

MemTotal:        4016004 kB
MemFree:          116728 kB
Active:           353896 kB
Mem:          3.8G       3.7G       114M       5.7M        27M       3.2G

MemTotal:        4016004 kB
MemFree:          116340 kB
Active:           353904 kB
Mem:          3.8G       3.7G       113M       5.7M        27M       3.2G

MemTotal:        4016004 kB
MemFree:          116836 kB
Active:           353900 kB
Mem:          3.8G       3.7G       114M       5.7M        27M       3.2G

MemTotal:        4016004 kB
MemFree:          116804 kB
Active:           353880 kB
Mem:          3.8G       3.7G       113M       5.7M        27M       3.2G

MemTotal:        4016004 kB
MemFree:          116588 kB
Active:           353904 kB
Mem:          3.8G       3.7G       113M       5.7M        27M       3.2G

MemTotal:        4016004 kB
MemFree:          117100 kB
Active:           353888 kB
Mem:          3.8G       3.7G       114M       5.7M        27M       3.2G

MemTotal:        4016004 kB
MemFree:          117100 kB
Active:           353876 kB
Mem:          3.8G       3.7G       114M       5.7M        27M       3.2G

MemTotal:        4016004 kB
MemFree:          117100 kB
Active:           353848 kB
Mem:          3.8G       3.7G       114M       5.7M        27M       3.2G

MemTotal:        4016004 kB
MemFree:          116836 kB
Active:           353908 kB
Mem:          3.8G       3.7G       114M       5.7M        27M       3.2G

MemTotal:        4016004 kB
MemFree:          116924 kB
Active:           353988 kB
Mem:          3.8G       3.7G       114M       5.7M        27M       3.2G

MemTotal:        4016004 kB
MemFree:          116900 kB
Active:           353936 kB
Mem:          3.8G       3.7G       114M       5.7M        27M       3.2G

MemTotal:        4016004 kB
MemFree:          116800 kB
Active:           353876 kB
Mem:          3.8G       3.7G       114M       5.7M        27M       3.2G

MemTotal:        4016004 kB
MemFree:          117124 kB
Active:           354036 kB
Mem:          3.8G       3.7G       114M       5.7M        27M       3.2G

MemTotal:        4016004 kB
MemFree:          117176 kB
Active:           353896 kB
Mem:          3.8G       3.7G       114M       5.7M        27M       3.2G

MemTotal:        4016004 kB
MemFree:          117176 kB
Active:           353860 kB
Mem:          3.8G       3.7G       114M       5.7M        27M       3.2G

MemTotal:        4016004 kB
MemFree:          116944 kB
Active:           353964 kB
Mem:          3.8G       3.7G       114M       5.7M        27M       3.2G

MemTotal:        4016004 kB
MemFree:          117116 kB
Active:           353872 kB
Mem:          3.8G       3.7G       114M       5.7M        27M       3.2G

MemTotal:        4016004 kB
MemFree:          117224 kB
Active:           353868 kB
Mem:          3.8G       3.7G       114M       5.7M        27M       3.2G

MemTotal:        4016004 kB
MemFree:          116712 kB
Active:           353924 kB
Mem:          3.8G       3.7G       114M       5.7M        27M       3.2G

MemTotal:        4016004 kB
MemFree:          117068 kB
Active:           353780 kB
Mem:          3.8G       3.7G       114M       5.7M        27M       3.2G

MemTotal:        4016004 kB
MemFree:          117316 kB
Active:           353680 kB
Mem:          3.8G       3.7G       114M       5.7M        27M       3.2G

MemTotal:        4016004 kB
MemFree:          117192 kB
Active:           353868 kB
Mem:          3.8G       3.7G       114M       5.7M        27M       3.2G

MemTotal:        4016004 kB
MemFree:          117332 kB
Active:           353824 kB
Mem:          3.8G       3.7G       114M       5.7M        27M       3.2G

MemTotal:        4016004 kB
MemFree:          117440 kB
Active:           353916 kB
Mem:          3.8G       3.7G       114M       5.7M        27M       3.2G

MemTotal:        4016004 kB
MemFree:          117316 kB
Active:           354056 kB
Mem:          3.8G       3.7G       114M       5.7M        27M       3.2G

MemTotal:        4016004 kB
MemFree:          117116 kB
Active:           353916 kB
Mem:          3.8G       3.7G       114M       5.7M        27M       3.2G

MemTotal:        4016004 kB
MemFree:          117116 kB
Active:           353896 kB
Mem:          3.8G       3.7G       114M       5.7M        27M       3.2G

MemTotal:        4016004 kB
MemFree:          117100 kB
Active:           353932 kB
Mem:          3.8G       3.7G       114M       5.7M        27M       3.2G

MemTotal:        4016004 kB
MemFree:          117084 kB
Active:           354052 kB
Mem:          3.8G       3.7G       114M       5.7M        27M       3.2G

MemTotal:        4016004 kB
MemFree:          116868 kB
Active:           353892 kB
Mem:          3.8G       3.7G       114M       5.7M        27M       3.2G

MemTotal:        4016004 kB
MemFree:          116868 kB
Active:           353920 kB
Mem:          3.8G       3.7G       114M       5.7M        27M       3.2G

MemTotal:        4016004 kB
MemFree:          116480 kB
Active:           353936 kB
Mem:          3.8G       3.7G       114M       5.7M        27M       3.2G

MemTotal:        4016004 kB
MemFree:          116940 kB
Active:           354068 kB
Mem:          3.8G       3.7G       113M       5.7M        27M       3.2G

MemTotal:        4016004 kB
MemFree:          116420 kB
Active:           354000 kB
Mem:          3.8G       3.7G       113M       5.7M        27M       3.2G

MemTotal:        4016004 kB
MemFree:          116868 kB
Active:           353916 kB
Mem:          3.8G       3.7G       114M       5.7M        27M       3.2G

MemTotal:        4016004 kB
MemFree:          116868 kB
Active:           353896 kB
Mem:          3.8G       3.7G       114M       5.7M        27M       3.2G

MemTotal:        4016004 kB
MemFree:          116588 kB
Active:           353908 kB
Mem:          3.8G       3.7G       113M       5.7M        27M       3.2G

MemTotal:        4016004 kB
MemFree:          116696 kB
Active:           353912 kB
Mem:          3.8G       3.7G       113M       5.7M        27M       3.2G

MemTotal:        4016004 kB
MemFree:          116820 kB
Active:           353908 kB
Mem:          3.8G       3.7G       113M       5.7M        27M       3.2G

MemTotal:        4016004 kB
MemFree:          116696 kB
Active:           353880 kB
Mem:          3.8G       3.7G       114M       5.7M        27M       3.2G

MemTotal:        4016004 kB
MemFree:          116588 kB
Active:           354092 kB
Mem:          3.8G       3.7G       114M       5.7M        27M       3.2G

MemTotal:        4016004 kB
MemFree:          116868 kB
Active:           353964 kB
Mem:          3.8G       3.7G       114M       5.7M        27M       3.2G

MemTotal:        4016004 kB
MemFree:          116868 kB
Active:           353952 kB
Mem:          3.8G       3.7G       114M       5.7M        27M       3.2G

MemTotal:        4016004 kB
MemFree:          116868 kB
Active:           353936 kB
Mem:          3.8G       3.7G       113M       5.7M        27M       3.2G

MemTotal:        4016004 kB
MemFree:          116868 kB
Active:           353920 kB
Mem:          3.8G       3.7G       114M       5.7M        27M       3.2G

MemTotal:        4016004 kB
MemFree:          116992 kB
Active:           353960 kB
Mem:          3.8G       3.7G       114M       5.7M        27M       3.2G

MemTotal:        4016004 kB
MemFree:          116992 kB
Active:           353980 kB
Mem:          3.8G       3.7G       113M       5.7M        27M       3.2G

MemTotal:        4016004 kB
MemFree:          116620 kB
Active:           353952 kB
Mem:          3.8G       3.7G       113M       5.7M        27M       3.2G

MemTotal:        4016004 kB
MemFree:          116744 kB
Active:           353952 kB
Mem:          3.8G       3.7G       113M       5.7M        27M       3.2G

MemTotal:        4016004 kB
MemFree:          116372 kB
Active:           353984 kB
Mem:          3.8G       3.7G       113M       5.7M        27M       3.2G

MemTotal:        4016004 kB
MemFree:          116496 kB
Active:           353956 kB
Mem:          3.8G       3.7G       113M       5.7M        27M       3.2G

MemTotal:        4016004 kB
MemFree:          116372 kB
Active:           353944 kB
Mem:          3.8G       3.7G       113M       5.7M        27M       3.2G

MemTotal:        4016004 kB
MemFree:          116248 kB
Active:           353972 kB
Mem:          3.8G       3.7G       113M       5.7M        27M       3.2G

MemTotal:        4016004 kB
MemFree:          116248 kB
Active:           353968 kB
Mem:          3.8G       3.7G       113M       5.7M        27M       3.2G

MemTotal:        4016004 kB
MemFree:          116868 kB
Active:           353944 kB
Mem:          3.8G       3.7G       114M       5.7M        27M       3.2G

MemTotal:        4016004 kB
MemFree:          117116 kB
Active:           353988 kB
Mem:          3.8G       3.7G       113M       5.7M        27M       3.2G

MemTotal:        4016004 kB
MemFree:          116496 kB
Active:           354004 kB
Mem:          3.8G       3.7G       113M       5.7M        27M       3.2G

MemTotal:        4016004 kB
MemFree:          116868 kB
Active:           353988 kB
Mem:          3.8G       3.7G       114M       5.7M        27M       3.2G

MemTotal:        4016004 kB
MemFree:          116868 kB
Active:           353964 kB
Mem:          3.8G       3.7G       114M       5.7M        27M       3.2G

MemTotal:        4016004 kB
MemFree:          116620 kB
Active:           353980 kB
Mem:          3.8G       3.7G       113M       5.7M        27M       3.2G

MemTotal:        4016004 kB
MemFree:          116496 kB
Active:           353960 kB
Mem:          3.8G       3.7G       113M       5.7M        27M       3.2G

MemTotal:        4016004 kB
MemFree:          116620 kB
Active:           353952 kB
Mem:          3.8G       3.7G       113M       5.7M        27M       3.2G

MemTotal:        4016004 kB
MemFree:          116620 kB
Active:           353988 kB
Mem:          3.8G       3.7G       113M       5.7M        27M       3.2G

MemTotal:        4016004 kB
MemFree:          117116 kB
Active:           353988 kB
Mem:          3.8G       3.7G       114M       5.7M        27M       3.2G

MemTotal:        4016004 kB
MemFree:          116372 kB
Active:           354012 kB
Mem:          3.8G       3.7G       113M       5.7M        27M       3.2G

MemTotal:        4016004 kB
MemFree:          116744 kB
Active:           354008 kB
Mem:          3.8G       3.7G       113M       5.7M        27M       3.2G

MemTotal:        4016004 kB
MemFree:          116496 kB
Active:           353984 kB
Mem:          3.8G       3.7G       113M       5.7M        27M       3.2G

MemTotal:        4016004 kB
MemFree:          116496 kB
Active:           353976 kB
Mem:          3.8G       3.7G       113M       5.7M        27M       3.2G

MemTotal:        4016004 kB
MemFree:          116744 kB
Active:           354004 kB
Mem:          3.8G       3.7G       114M       5.7M        27M       3.2G

MemTotal:        4016004 kB
MemFree:          116744 kB
Active:           353968 kB
Mem:          3.8G       3.7G       114M       5.7M        27M       3.2G

MemTotal:        4016004 kB
MemFree:          116744 kB
Active:           353964 kB
Mem:          3.8G       3.7G       113M       5.7M        27M       3.2G

MemTotal:        4016004 kB
MemFree:          116124 kB
Active:           354020 kB
Mem:          3.8G       3.7G       113M       5.7M        27M       3.2G

MemTotal:        4016004 kB
MemFree:          116496 kB
Active:           354004 kB
Mem:          3.8G       3.7G       113M       5.7M        27M       3.2G

MemTotal:        4016004 kB
MemFree:          116124 kB
Active:           353964 kB
Mem:          3.8G       3.7G       113M       5.7M        27M       3.2G

MemTotal:        4016004 kB
MemFree:          116372 kB
Active:           353964 kB
Mem:          3.8G       3.7G       113M       5.7M        27M       3.2G

MemTotal:        4016004 kB
MemFree:          116372 kB
Active:           353968 kB
Mem:          3.8G       3.7G       113M       5.7M        27M       3.2G

MemTotal:        4016004 kB
MemFree:          116496 kB
Active:           354020 kB
Mem:          3.8G       3.7G       113M       5.7M        27M       3.2G

MemTotal:        4016004 kB
MemFree:          116496 kB
Active:           353988 kB
Mem:          3.8G       3.7G       113M       5.7M        27M       3.2G

MemTotal:        4016004 kB
MemFree:          116496 kB
Active:           353988 kB
Mem:          3.8G       3.7G       113M       5.7M        27M       3.2G

MemTotal:        4016004 kB
MemFree:          116620 kB
Active:           353976 kB
Mem:          3.8G       3.7G       113M       5.7M        27M       3.2G

MemTotal:        4016004 kB
MemFree:          116372 kB
Active:           353988 kB
Mem:          3.8G       3.7G       113M       5.7M        27M       3.2G

MemTotal:        4016004 kB
MemFree:          116496 kB
Active:           354028 kB
Mem:          3.8G       3.7G       113M       5.7M        27M       3.2G

MemTotal:        4016004 kB
MemFree:          116604 kB
Active:           354024 kB
Mem:          3.8G       3.7G       113M       5.7M        27M       3.2G

MemTotal:        4016004 kB
MemFree:          116604 kB
Active:           353980 kB
Mem:          3.8G       3.7G       113M       5.7M        27M       3.2G

MemTotal:        4016004 kB
MemFree:          116604 kB
Active:           354020 kB
Mem:          3.8G       3.7G       113M       5.7M        27M       3.2G

MemTotal:        4016004 kB
MemFree:          116232 kB
Active:           354040 kB
Mem:          3.8G       3.7G       113M       5.7M        27M       3.2G

MemTotal:        4016004 kB
MemFree:          116480 kB
Active:           354000 kB
Mem:          3.8G       3.7G       113M       5.7M        27M       3.2G

MemTotal:        4016004 kB
MemFree:          116604 kB
Active:           354028 kB
Mem:          3.8G       3.7G       113M       5.7M        27M       3.2G

MemTotal:        4016004 kB
MemFree:          116108 kB
Active:           354004 kB
Mem:          3.8G       3.7G       113M       5.7M        27M       3.2G

MemTotal:        4016004 kB
MemFree:          116232 kB
Active:           353992 kB
Mem:          3.8G       3.7G       113M       5.7M        27M       3.2G

MemTotal:        4016004 kB
MemFree:          116232 kB
Active:           354044 kB
Mem:          3.8G       3.7G       113M       5.7M        27M       3.2G

MemTotal:        4016004 kB
MemFree:          116232 kB
Active:           354056 kB
Mem:          3.8G       3.7G       113M       5.7M        27M       3.2G

MemTotal:        4016004 kB
MemFree:          116108 kB
Active:           354064 kB
Mem:          3.8G       3.7G       113M       5.7M        27M       3.2G

MemTotal:        4016004 kB
MemFree:          116480 kB
Active:           354036 kB
Mem:          3.8G       3.7G       113M       5.7M        27M       3.2G

MemTotal:        4016004 kB
MemFree:          116604 kB
Active:           354036 kB
Mem:          3.8G       3.7G       113M       5.7M        27M       3.2G

MemTotal:        4016004 kB
MemFree:          116108 kB
Active:           354068 kB
Mem:          3.8G       3.7G       113M       5.7M        27M       3.2G

MemTotal:        4016004 kB
MemFree:          116232 kB
Active:           354024 kB
Mem:          3.8G       3.7G       113M       5.7M        27M       3.2G

MemTotal:        4016004 kB
MemFree:          116852 kB
Active:           354020 kB
Mem:          3.8G       3.7G       113M       5.7M        27M       3.2G

MemTotal:        4016004 kB
MemFree:          116232 kB
Active:           354076 kB
Mem:          3.8G       3.7G       113M       5.7M        27M       3.2G

MemTotal:        4016004 kB
MemFree:          116232 kB
Active:           354032 kB
Mem:          3.8G       3.7G       113M       5.7M        27M       3.2G

MemTotal:        4016004 kB
MemFree:          116728 kB
Active:           354040 kB
Mem:          3.8G       3.7G       113M       5.7M        27M       3.2G

MemTotal:        4016004 kB
MemFree:          116728 kB
Active:           354048 kB
Mem:          3.8G       3.7G       114M       5.7M        27M       3.2G

MemTotal:        4016004 kB
MemFree:          116604 kB
Active:           354056 kB
Mem:          3.8G       3.7G       113M       5.7M        27M       3.2G

MemTotal:        4016004 kB
MemFree:          116604 kB
Active:           354088 kB
Mem:          3.8G       3.7G       113M       5.7M        27M       3.2G

MemTotal:        4016004 kB
MemFree:          116604 kB
Active:           354040 kB
Mem:          3.8G       3.7G       113M       5.7M        27M       3.2G

MemTotal:        4016004 kB
MemFree:          116108 kB
Active:           354100 kB
Mem:          3.8G       3.7G       113M       5.7M        27M       3.2G

MemTotal:        4016004 kB
MemFree:          115612 kB
Active:           354100 kB
Mem:          3.8G       3.7G       113M       5.7M        27M       3.2G

MemTotal:        4016004 kB
MemFree:          115984 kB
Active:           354056 kB
Mem:          3.8G       3.7G       113M       5.7M        27M       3.2G

MemTotal:        4016004 kB
MemFree:          115984 kB
Active:           354112 kB
Mem:          3.8G       3.7G       113M       5.7M        27M       3.2G

MemTotal:        4016004 kB
MemFree:          116232 kB
Active:           354112 kB
Mem:          3.8G       3.7G       113M       5.7M        27M       3.2G

MemTotal:        4016004 kB
MemFree:          116604 kB
Active:           354060 kB
Mem:          3.8G       3.7G       113M       5.7M        27M       3.2G

MemTotal:        4016004 kB
MemFree:          116356 kB
Active:           354068 kB
Mem:          3.8G       3.7G       113M       5.7M        27M       3.2G

MemTotal:        4016004 kB
MemFree:          116728 kB
Active:           354056 kB
Mem:          3.8G       3.7G       113M       5.7M        27M       3.2G

MemTotal:        4016004 kB
MemFree:          116604 kB
Active:           354064 kB
Mem:          3.8G       3.7G       113M       5.7M        27M       3.2G

MemTotal:        4016004 kB
MemFree:          116852 kB
Active:           354068 kB
Mem:          3.8G       3.7G       114M       5.7M        27M       3.2G

MemTotal:        4016004 kB
MemFree:          116604 kB
Active:           354120 kB
Mem:          3.8G       3.7G       113M       5.7M        27M       3.2G

MemTotal:        4016004 kB
MemFree:          116728 kB
Active:           354124 kB
Mem:          3.8G       3.7G       114M       5.7M        27M       3.2G

MemTotal:        4016004 kB
MemFree:          117100 kB
Active:           354100 kB
Mem:          3.8G       3.7G       114M       5.7M        27M       3.2G

MemTotal:        4016004 kB
MemFree:          116976 kB
Active:           354072 kB
Mem:          3.8G       3.7G       114M       5.7M        27M       3.2G

MemTotal:        4016004 kB
MemFree:          116976 kB
Active:           354116 kB
Mem:          3.8G       3.7G       114M       5.7M        27M       3.2G

MemTotal:        4016004 kB
MemFree:          116976 kB
Active:           354068 kB
Mem:          3.8G       3.7G       114M       5.7M        27M       3.2G

MemTotal:        4016004 kB
MemFree:          116728 kB
Active:           354148 kB
Mem:          3.8G       3.7G       114M       5.7M        27M       3.2G

MemTotal:        4016004 kB
MemFree:          116976 kB
Active:           354140 kB
Mem:          3.8G       3.7G       113M       5.7M        27M       3.2G

MemTotal:        4016004 kB
MemFree:          116836 kB
Active:           354160 kB
Mem:          3.8G       3.7G       113M       5.7M        27M       3.2G

MemTotal:        4016004 kB
MemFree:          116464 kB
Active:           354184 kB
Mem:          3.8G       3.7G       113M       5.7M        27M       3.2G

MemTotal:        4016004 kB
MemFree:          116340 kB
Active:           354164 kB
Mem:          3.8G       3.7G       113M       5.7M        27M       3.2G

MemTotal:        4016004 kB
MemFree:          116092 kB
Active:           354216 kB
Mem:          3.8G       3.7G       113M       5.7M        27M       3.2G

