MemTotal:        4016004 kB
MemFree:         3207788 kB
Active:           455316 kB
Mem:          3.8G       789M       3.1G       5.7M        55M       326M

MemTotal:        4016004 kB
MemFree:         3207576 kB
Active:           455548 kB
Mem:          3.8G       789M       3.1G       5.7M        55M       326M

MemTotal:        4016004 kB
MemFree:         3207684 kB
Active:           455624 kB
Mem:          3.8G       789M       3.1G       5.7M        55M       326M

MemTotal:        4016004 kB
MemFree:         3207924 kB
Active:           455656 kB
Mem:          3.8G       789M       3.1G       5.7M        55M       326M

MemTotal:        4016004 kB
MemFree:         3207908 kB
Active:           455640 kB
Mem:          3.8G       789M       3.1G       5.7M        55M       326M

MemTotal:        4016004 kB
MemFree:         3208016 kB
Active:           455676 kB
Mem:          3.8G       789M       3.1G       5.7M        55M       326M

MemTotal:        4016004 kB
MemFree:         3207644 kB
Active:           455652 kB
Mem:          3.8G       789M       3.1G       5.7M        55M       326M

MemTotal:        4016004 kB
MemFree:         3207768 kB
Active:           455688 kB
Mem:          3.8G       789M       3.1G       5.7M        55M       326M

MemTotal:        4016004 kB
MemFree:         3208016 kB
Active:           455636 kB
Mem:          3.8G       789M       3.1G       5.7M        55M       326M

MemTotal:        4016004 kB
MemFree:         3208140 kB
Active:           455680 kB
Mem:          3.8G       789M       3.1G       5.7M        55M       326M

MemTotal:        4016004 kB
MemFree:         3208620 kB
Active:           455664 kB
Mem:          3.8G       788M       3.1G       5.7M        55M       326M

MemTotal:        4016004 kB
MemFree:         3208668 kB
Active:           455656 kB
Mem:          3.8G       788M       3.1G       5.7M        55M       326M

MemTotal:        4016004 kB
MemFree:         3208792 kB
Active:           455680 kB
Mem:          3.8G       788M       3.1G       5.7M        55M       326M

MemTotal:        4016004 kB
MemFree:         3208544 kB
Active:           455636 kB
Mem:          3.8G       789M       3.1G       5.7M        55M       326M

MemTotal:        4016004 kB
MemFree:         3208420 kB
Active:           455676 kB
Mem:          3.8G       788M       3.1G       5.7M        55M       326M

MemTotal:        4016004 kB
MemFree:         3208576 kB
Active:           455664 kB
Mem:          3.8G       788M       3.1G       5.7M        55M       326M

MemTotal:        4016004 kB
MemFree:         3208328 kB
Active:           455648 kB
Mem:          3.8G       788M       3.1G       5.7M        55M       326M

MemTotal:        4016004 kB
MemFree:         3208452 kB
Active:           455692 kB
Mem:          3.8G       788M       3.1G       5.7M        55M       326M

MemTotal:        4016004 kB
MemFree:         3208436 kB
Active:           455648 kB
Mem:          3.8G       788M       3.1G       5.7M        55M       326M

MemTotal:        4016004 kB
MemFree:         3208592 kB
Active:           455676 kB
Mem:          3.8G       788M       3.1G       5.7M        55M       326M

MemTotal:        4016004 kB
MemFree:         3208096 kB
Active:           455704 kB
Mem:          3.8G       788M       3.1G       5.7M        55M       326M

MemTotal:        4016004 kB
MemFree:         3208468 kB
Active:           455696 kB
Mem:          3.8G       788M       3.1G       5.7M        55M       326M

MemTotal:        4016004 kB
MemFree:         3208592 kB
Active:           455672 kB
Mem:          3.8G       788M       3.1G       5.7M        55M       326M

MemTotal:        4016004 kB
MemFree:         3208220 kB
Active:           455704 kB
Mem:          3.8G       788M       3.1G       5.7M        55M       326M

MemTotal:        4016004 kB
MemFree:         3207536 kB
Active:           453668 kB
Mem:          3.8G       789M       3.1G       5.7M        55M       326M

MemTotal:        4016004 kB
MemFree:         3208032 kB
Active:           455664 kB
Mem:          3.8G       789M       3.1G       5.7M        55M       326M

MemTotal:        4016004 kB
MemFree:         3208404 kB
Active:           455692 kB
Mem:          3.8G       788M       3.1G       5.7M        55M       326M

MemTotal:        4016004 kB
MemFree:         3208784 kB
Active:           455664 kB
Mem:          3.8G       788M       3.1G       5.7M        55M       326M

MemTotal:        4016004 kB
MemFree:         3208768 kB
Active:           455684 kB
Mem:          3.8G       788M       3.1G       5.7M        55M       326M

MemTotal:        4016004 kB
MemFree:         3208768 kB
Active:           455672 kB
Mem:          3.8G       788M       3.1G       5.7M        55M       326M

MemTotal:        4016004 kB
MemFree:         3208380 kB
Active:           455724 kB
Mem:          3.8G       788M       3.1G       5.7M        55M       326M

MemTotal:        4016004 kB
MemFree:         3208628 kB
Active:           455680 kB
Mem:          3.8G       788M       3.1G       5.7M        55M       326M

MemTotal:        4016004 kB
MemFree:         3208116 kB
Active:           455724 kB
Mem:          3.8G       788M       3.1G       5.7M        55M       326M

MemTotal:        4016004 kB
MemFree:         3208488 kB
Active:           455720 kB
Mem:          3.8G       788M       3.1G       5.7M        55M       326M

MemTotal:        4016004 kB
MemFree:         3205488 kB
Active:           455704 kB
Mem:          3.8G       791M       3.1G       5.7M        55M       326M

MemTotal:        4016004 kB
MemFree:         3206108 kB
Active:           457704 kB
Mem:          3.8G       791M       3.1G       5.7M        55M       326M

MemTotal:        4016004 kB
MemFree:         3205984 kB
Active:           457756 kB
Mem:          3.8G       791M       3.1G       5.7M        55M       326M

MemTotal:        4016004 kB
MemFree:         3205968 kB
Active:           457736 kB
Mem:          3.8G       790M       3.1G       5.7M        55M       326M

MemTotal:        4016004 kB
MemFree:         3206324 kB
Active:           457716 kB
Mem:          3.8G       790M       3.1G       5.7M        55M       326M

MemTotal:        4016004 kB
MemFree:         3206184 kB
Active:           457740 kB
Mem:          3.8G       790M       3.1G       5.7M        55M       326M

MemTotal:        4016004 kB
MemFree:         3205796 kB
Active:           457768 kB
Mem:          3.8G       791M       3.1G       5.7M        55M       326M

MemTotal:        4016004 kB
MemFree:         3206044 kB
Active:           457764 kB
Mem:          3.8G       790M       3.1G       5.7M        55M       326M

MemTotal:        4016004 kB
MemFree:         3206152 kB
Active:           457740 kB
Mem:          3.8G       790M       3.1G       5.7M        55M       326M

MemTotal:        4016004 kB
MemFree:         3206152 kB
Active:           457732 kB
Mem:          3.8G       790M       3.1G       5.7M        55M       326M

MemTotal:        4016004 kB
MemFree:         3206092 kB
Active:           457760 kB
Mem:          3.8G       790M       3.1G       5.7M        55M       326M

MemTotal:        4016004 kB
MemFree:         3206092 kB
Active:           457776 kB
Mem:          3.8G       790M       3.1G       5.7M        55M       326M

MemTotal:        4016004 kB
MemFree:         3206092 kB
Active:           457784 kB
Mem:          3.8G       790M       3.1G       5.7M        55M       326M

MemTotal:        4016004 kB
MemFree:         3205844 kB
Active:           457784 kB
Mem:          3.8G       790M       3.1G       5.7M        55M       326M

MemTotal:        4016004 kB
MemFree:         3206464 kB
Active:           457740 kB
Mem:          3.8G       790M       3.1G       5.7M        55M       326M

MemTotal:        4016004 kB
MemFree:         3206712 kB
Active:           457784 kB
Mem:          3.8G       790M       3.1G       5.7M        55M       326M

MemTotal:        4016004 kB
MemFree:         3206588 kB
Active:           457796 kB
Mem:          3.8G       790M       3.1G       5.7M        55M       326M

MemTotal:        4016004 kB
MemFree:         3206712 kB
Active:           457740 kB
Mem:          3.8G       790M       3.1G       5.7M        55M       326M

MemTotal:        4016004 kB
MemFree:         3206464 kB
Active:           457804 kB
Mem:          3.8G       790M       3.1G       5.7M        55M       326M

MemTotal:        4016004 kB
MemFree:         3206588 kB
Active:           457760 kB
Mem:          3.8G       790M       3.1G       5.7M        55M       326M

MemTotal:        4016004 kB
MemFree:         3206216 kB
Active:           457812 kB
Mem:          3.8G       791M       3.1G       5.7M        55M       326M

MemTotal:        4016004 kB
MemFree:         3206200 kB
Active:           457776 kB
Mem:          3.8G       791M       3.1G       5.7M        55M       326M

MemTotal:        4016004 kB
MemFree:         3206200 kB
Active:           457768 kB
Mem:          3.8G       790M       3.1G       5.7M        55M       326M

MemTotal:        4016004 kB
MemFree:         3206556 kB
Active:           457808 kB
Mem:          3.8G       790M       3.1G       5.7M        55M       326M

MemTotal:        4016004 kB
MemFree:         3206512 kB
Active:           457820 kB
Mem:          3.8G       790M       3.1G       5.7M        55M       326M

MemTotal:        4016004 kB
MemFree:         3206760 kB
Active:           457804 kB
Mem:          3.8G       790M       3.1G       5.7M        55M       326M

MemTotal:        4016004 kB
MemFree:         3206480 kB
Active:           457920 kB
Mem:          3.8G       790M       3.1G       5.7M        55M       326M

MemTotal:        4016004 kB
MemFree:         3089972 kB
Active:           458388 kB
Mem:          3.8G       904M       2.9G       5.7M        55M       439M

MemTotal:        4016004 kB
MemFree:         2978364 kB
Active:           458352 kB
Mem:          3.8G       1.0G       2.8G       5.7M        55M       547M

MemTotal:        4016004 kB
MemFree:         2858060 kB
Active:           458368 kB
Mem:          3.8G       1.1G       2.7G       5.7M        55M       663M

MemTotal:        4016004 kB
MemFree:         2851300 kB
Active:           458384 kB
Mem:          3.8G       1.1G       2.7G       5.7M        55M       667M

MemTotal:        4016004 kB
MemFree:         2774044 kB
Active:           460432 kB
Mem:          3.8G       1.2G       2.6G       5.7M        55M       742M

MemTotal:        4016004 kB
MemFree:         2760012 kB
Active:           460440 kB
Mem:          3.8G       1.2G       2.6G       5.7M        55M       754M

MemTotal:        4016004 kB
MemFree:         2671504 kB
Active:           460444 kB
Mem:          3.8G       1.3G       2.5G       5.7M        55M       840M

MemTotal:        4016004 kB
MemFree:         2668356 kB
Active:           460412 kB
Mem:          3.8G       1.3G       2.5G       5.7M        55M       842M

MemTotal:        4016004 kB
MemFree:         2667312 kB
Active:           460480 kB
Mem:          3.8G       1.3G       2.5G       5.7M        55M       843M

MemTotal:        4016004 kB
MemFree:         2666136 kB
Active:           460480 kB
Mem:          3.8G       1.3G       2.5G       5.7M        55M       844M

MemTotal:        4016004 kB
MemFree:         2664680 kB
Active:           460484 kB
Mem:          3.8G       1.3G       2.5G       5.7M        55M       845M

MemTotal:        4016004 kB
MemFree:         2615132 kB
Active:           460484 kB
Mem:          3.8G       1.3G       2.5G       5.7M        55M       893M

MemTotal:        4016004 kB
MemFree:         2499928 kB
Active:           460484 kB
Mem:          3.8G       1.4G       2.4G       5.7M        55M       1.0G

MemTotal:        4016004 kB
MemFree:         2367748 kB
Active:           458452 kB
Mem:          3.8G       1.6G       2.3G       5.7M        55M       1.1G

MemTotal:        4016004 kB
MemFree:         2317724 kB
Active:           460500 kB
Mem:          3.8G       1.6G       2.2G       5.7M        55M       1.2G

MemTotal:        4016004 kB
MemFree:         2250004 kB
Active:           460500 kB
Mem:          3.8G       1.7G       2.1G       5.7M        55M       1.2G

MemTotal:        4016004 kB
MemFree:         2226608 kB
Active:           460500 kB
Mem:          3.8G       1.7G       2.1G       5.7M        55M       1.2G

MemTotal:        4016004 kB
MemFree:         2140364 kB
Active:           460512 kB
Mem:          3.8G       1.8G       2.0G       5.7M        55M       1.3G

MemTotal:        4016004 kB
MemFree:         2134616 kB
Active:           460520 kB
Mem:          3.8G       1.8G       2.0G       5.7M        55M       1.3G

MemTotal:        4016004 kB
MemFree:         2133780 kB
Active:           460532 kB
Mem:          3.8G       1.8G       2.0G       5.7M        55M       1.3G

MemTotal:        4016004 kB
MemFree:         2132728 kB
Active:           460552 kB
Mem:          3.8G       1.8G       2.0G       5.7M        55M       1.3G

MemTotal:        4016004 kB
MemFree:         2131864 kB
Active:           460556 kB
Mem:          3.8G       1.8G       2.0G       5.7M        55M       1.3G

MemTotal:        4016004 kB
MemFree:         2077800 kB
Active:           460568 kB
Mem:          3.8G       1.8G       2.0G       5.7M        55M       1.4G

MemTotal:        4016004 kB
MemFree:         1970796 kB
Active:           460536 kB
Mem:          3.8G       2.0G       1.9G       5.7M        55M       1.5G

MemTotal:        4016004 kB
MemFree:         1833860 kB
Active:           460544 kB
Mem:          3.8G       2.1G       1.7G       5.7M        55M       1.6G

MemTotal:        4016004 kB
MemFree:         1782200 kB
Active:           460576 kB
Mem:          3.8G       2.1G       1.7G       5.7M        55M       1.7G

MemTotal:        4016004 kB
MemFree:         1748936 kB
Active:           460536 kB
Mem:          3.8G       2.2G       1.7G       5.7M        55M       1.7G

MemTotal:        4016004 kB
MemFree:         1692916 kB
Active:           460560 kB
Mem:          3.8G       2.2G       1.6G       5.7M        55M       1.7G

MemTotal:        4016004 kB
MemFree:         1641320 kB
Active:           460592 kB
Mem:          3.8G       2.3G       1.6G       5.7M        55M       1.8G

MemTotal:        4016004 kB
MemFree:         1599804 kB
Active:           460596 kB
Mem:          3.8G       2.3G       1.5G       5.7M        55M       1.8G

MemTotal:        4016004 kB
MemFree:         1536532 kB
Active:           460596 kB
Mem:          3.8G       2.4G       1.5G       5.7M        55M       1.9G

MemTotal:        4016004 kB
MemFree:         1508952 kB
Active:           460596 kB
Mem:          3.8G       2.4G       1.4G       5.7M        55M       1.9G

MemTotal:        4016004 kB
MemFree:         1507360 kB
Active:           460608 kB
Mem:          3.8G       2.4G       1.4G       5.7M        55M       1.9G

MemTotal:        4016004 kB
MemFree:         1504732 kB
Active:           458556 kB
Mem:          3.8G       2.4G       1.4G       5.7M        55M       1.9G

MemTotal:        4016004 kB
MemFree:         1505420 kB
Active:           462612 kB
Mem:          3.8G       2.4G       1.4G       5.7M        55M       1.9G

MemTotal:        4016004 kB
MemFree:         1452164 kB
Active:           462656 kB
Mem:          3.8G       2.4G       1.4G       5.7M        55M       2.0G

MemTotal:        4016004 kB
MemFree:         1342184 kB
Active:           462660 kB
Mem:          3.8G       2.6G       1.3G       5.7M        55M       2.1G

MemTotal:        4016004 kB
MemFree:         1214408 kB
Active:           462624 kB
Mem:          3.8G       2.7G       1.2G       5.7M        55M       2.2G

MemTotal:        4016004 kB
MemFree:         1158656 kB
Active:           462668 kB
Mem:          3.8G       2.7G       1.1G       5.7M        55M       2.2G

MemTotal:        4016004 kB
MemFree:         1091196 kB
Active:           462680 kB
Mem:          3.8G       2.8G       1.0G       5.7M        55M       2.3G

MemTotal:        4016004 kB
MemFree:          961452 kB
Active:           462680 kB
Mem:          3.8G       2.9G       938M       5.7M        55M       2.4G

MemTotal:        4016004 kB
MemFree:          958392 kB
Active:           462700 kB
Mem:          3.8G       2.9G       935M       5.7M        55M       2.4G

MemTotal:        4016004 kB
MemFree:          952180 kB
Active:           462700 kB
Mem:          3.8G       3.3G       555M       5.7M        55M       2.8G

MemTotal:        4016004 kB
MemFree:          567508 kB
Active:           462824 kB
Mem:          3.8G       3.3G       554M       5.7M        55M       2.8G

MemTotal:        4016004 kB
MemFree:          565700 kB
Active:           462680 kB
Mem:          3.8G       3.3G       551M       5.7M        55M       2.8G

MemTotal:        4016004 kB
MemFree:          564212 kB
Active:           462736 kB
Mem:          3.8G       3.3G       550M       5.7M        55M       2.8G

MemTotal:        4016004 kB
MemFree:          564400 kB
Active:           462704 kB
Mem:          3.8G       3.3G       550M       5.7M        55M       2.8G

MemTotal:        4016004 kB
MemFree:          564064 kB
Active:           462740 kB
Mem:          3.8G       3.3G       550M       5.7M        55M       2.8G

MemTotal:        4016004 kB
MemFree:          552648 kB
Active:           462756 kB
Mem:          3.8G       3.3G       539M       5.7M        55M       2.8G

MemTotal:        4016004 kB
MemFree:          551408 kB
Active:           462768 kB
Mem:          3.8G       3.3G       538M       5.7M        55M       2.8G

MemTotal:        4016004 kB
MemFree:          549268 kB
Active:           462748 kB
Mem:          3.8G       3.3G       536M       5.7M        55M       2.8G

MemTotal:        4016004 kB
MemFree:          549056 kB
Active:           464800 kB
Mem:          3.8G       3.3G       536M       5.7M        55M       2.8G

MemTotal:        4016004 kB
MemFree:          507272 kB
Active:           464776 kB
Mem:          3.8G       3.3G       495M       5.7M        55M       2.8G

MemTotal:        4016004 kB
MemFree:          379156 kB
Active:           464808 kB
Mem:          3.8G       3.5G       369M       5.7M        55M       3.0G

MemTotal:        4016004 kB
MemFree:          255736 kB
Active:           464812 kB
Mem:          3.8G       3.6G       249M       5.7M        55M       3.1G

MemTotal:        4016004 kB
MemFree:          202116 kB
Active:           464792 kB
Mem:          3.8G       3.6G       196M       5.7M        55M       3.1G

MemTotal:        4016004 kB
MemFree:          129928 kB
Active:           464824 kB
Mem:          3.8G       3.7G       126M       5.7M        55M       3.2G

MemTotal:        4016004 kB
MemFree:          155596 kB
Active:           475012 kB
Mem:          3.8G       3.7G       148M       5.7M        22M       3.2G

MemTotal:        4016004 kB
MemFree:          126376 kB
Active:           475168 kB
Mem:          3.8G       3.7G       122M       5.7M        22M       3.2G

MemTotal:        4016004 kB
MemFree:          153700 kB
Active:           520532 kB
Mem:          3.8G       3.7G       149M       5.7M        22M       3.2G

MemTotal:        4016004 kB
MemFree:          153044 kB
Active:           520468 kB
Mem:          3.8G       3.7G       149M       5.7M        22M       3.2G

MemTotal:        4016004 kB
MemFree:          151396 kB
Active:           520448 kB
Mem:          3.8G       3.7G       147M       5.7M        22M       3.2G

MemTotal:        4016004 kB
MemFree:          107652 kB
Active:           520484 kB
Mem:          3.8G       3.7G       105M       5.7M        22M       3.3G

MemTotal:        4016004 kB
MemFree:          124372 kB
Active:           506176 kB
Mem:          3.8G       3.7G       120M       5.7M        22M       3.2G

MemTotal:        4016004 kB
MemFree:          135164 kB
Active:           493912 kB
Mem:          3.8G       3.7G       131M       5.7M        22M       3.2G

MemTotal:        4016004 kB
MemFree:          144768 kB
Active:           486712 kB
Mem:          3.8G       3.7G       140M       5.7M        22M       3.2G

MemTotal:        4016004 kB
MemFree:          139928 kB
Active:           478428 kB
Mem:          3.8G       3.7G       136M       5.7M        22M       3.2G

MemTotal:        4016004 kB
MemFree:          147372 kB
Active:           475100 kB
Mem:          3.8G       3.7G       144M       5.7M        22M       3.2G

MemTotal:        4016004 kB
MemFree:          126952 kB
Active:           475280 kB
Mem:          3.8G       3.7G       123M       5.7M        22M       3.2G

MemTotal:        4016004 kB
MemFree:          138316 kB
Active:           466688 kB
Mem:          3.8G       3.7G       134M       5.7M        22M       3.2G

MemTotal:        4016004 kB
MemFree:          116760 kB
Active:           465244 kB
Mem:          3.8G       3.7G       113M       5.7M        22M       3.2G

MemTotal:        4016004 kB
MemFree:          136028 kB
Active:           464512 kB
Mem:          3.8G       3.7G       132M       5.7M        22M       3.2G

MemTotal:        4016004 kB
MemFree:          134964 kB
Active:           464524 kB
Mem:          3.8G       3.7G       131M       5.7M        22M       3.2G

MemTotal:        4016004 kB
MemFree:          134208 kB
Active:           464528 kB
Mem:          3.8G       3.7G       131M       5.7M        22M       3.2G

MemTotal:        4016004 kB
MemFree:          134448 kB
Active:           464500 kB
Mem:          3.8G       3.7G       131M       5.7M        22M       3.2G

MemTotal:        4016004 kB
MemFree:          129144 kB
Active:           461056 kB
Mem:          3.8G       3.7G       125M       5.7M        22M       3.2G

MemTotal:        4016004 kB
MemFree:          109592 kB
Active:           458544 kB
Mem:          3.8G       3.7G       106M       5.7M        22M       3.3G

MemTotal:        4016004 kB
MemFree:          130492 kB
Active:           453808 kB
Mem:          3.8G       3.7G       126M       5.7M        22M       3.2G

MemTotal:        4016004 kB
MemFree:          106448 kB
Active:           453172 kB
Mem:          3.8G       3.7G       103M       5.7M        22M       3.3G

MemTotal:        4016004 kB
MemFree:          128064 kB
Active:           447260 kB
Mem:          3.8G       3.7G       124M       5.7M        22M       3.2G

MemTotal:        4016004 kB
MemFree:          126900 kB
Active:           447132 kB
Mem:          3.8G       3.7G       124M       5.7M        22M       3.2G

MemTotal:        4016004 kB
MemFree:          134424 kB
Active:           444540 kB
Mem:          3.8G       3.7G       131M       5.7M        22M       3.2G

MemTotal:        4016004 kB
MemFree:          133776 kB
Active:           444576 kB
Mem:          3.8G       3.7G       130M       5.7M        22M       3.2G

MemTotal:        4016004 kB
MemFree:          132288 kB
Active:           444584 kB
Mem:          3.8G       3.7G       128M       5.7M        22M       3.2G

MemTotal:        4016004 kB
MemFree:          132136 kB
Active:           444588 kB
Mem:          3.8G       3.7G       129M       5.7M        22M       3.2G

MemTotal:        4016004 kB
MemFree:          131984 kB
Active:           444560 kB
Mem:          3.8G       3.7G       128M       5.7M        22M       3.2G

MemTotal:        4016004 kB
MemFree:          122576 kB
Active:           444080 kB
Mem:          3.8G       3.7G       119M       5.7M        22M       3.2G

MemTotal:        4016004 kB
MemFree:          118472 kB
Active:           437968 kB
Mem:          3.8G       3.7G       115M       5.7M        22M       3.2G

MemTotal:        4016004 kB
MemFree:          133752 kB
Active:           435760 kB
Mem:          3.8G       3.7G       130M       5.7M        22M       3.2G

MemTotal:        4016004 kB
MemFree:          132952 kB
Active:           429308 kB
Mem:          3.8G       3.7G       129M       5.7M        22M       3.2G

MemTotal:        4016004 kB
MemFree:          125864 kB
Active:           425864 kB
Mem:          3.8G       3.7G       122M       5.7M        22M       3.2G

MemTotal:        4016004 kB
MemFree:          111876 kB
Active:           422284 kB
Mem:          3.8G       3.7G       109M       5.7M        22M       3.3G

MemTotal:        4016004 kB
MemFree:          149600 kB
Active:           416472 kB
Mem:          3.8G       3.7G       145M       5.7M        22M       3.2G

MemTotal:        4016004 kB
MemFree:          148124 kB
Active:           416480 kB
Mem:          3.8G       3.7G       144M       5.7M        22M       3.2G

MemTotal:        4016004 kB
MemFree:          148124 kB
Active:           416496 kB
Mem:          3.8G       3.7G       144M       5.7M        22M       3.2G

MemTotal:        4016004 kB
MemFree:          148300 kB
Active:           416496 kB
Mem:          3.8G       3.7G       144M       5.7M        22M       3.2G

MemTotal:        4016004 kB
MemFree:          148396 kB
Active:           416500 kB
Mem:          3.8G       3.7G       144M       5.7M        22M       3.2G

MemTotal:        4016004 kB
MemFree:          117672 kB
Active:           416500 kB
Mem:          3.8G       3.7G       114M       5.7M        22M       3.2G

MemTotal:        4016004 kB
MemFree:          116980 kB
Active:           416468 kB
Mem:          3.8G       3.7G       113M       5.7M        22M       3.2G

MemTotal:        4016004 kB
MemFree:          115260 kB
Active:           416520 kB
Mem:          3.8G       3.7G       112M       5.7M        22M       3.2G

MemTotal:        4016004 kB
MemFree:          115572 kB
Active:           416476 kB
Mem:          3.8G       3.7G       112M       5.7M        22M       3.2G

MemTotal:        4016004 kB
MemFree:          115448 kB
Active:           416520 kB
Mem:          3.8G       3.7G       112M       5.7M        22M       3.2G

MemTotal:        4016004 kB
MemFree:          127792 kB
Active:           413192 kB
Mem:          3.8G       3.7G       124M       5.7M        22M       3.2G

MemTotal:        4016004 kB
MemFree:          135320 kB
Active:           408212 kB
Mem:          3.8G       3.7G       131M       5.7M        22M       3.2G

MemTotal:        4016004 kB
MemFree:          138088 kB
Active:           403476 kB
Mem:          3.8G       3.7G       134M       5.7M        22M       3.2G

MemTotal:        4016004 kB
MemFree:          127032 kB
Active:           402956 kB
Mem:          3.8G       3.7G       124M       5.7M        22M       3.2G

MemTotal:        4016004 kB
MemFree:          135520 kB
Active:           400504 kB
Mem:          3.8G       3.7G       131M       5.7M        22M       3.2G

MemTotal:        4016004 kB
MemFree:          143616 kB
Active:           399532 kB
Mem:          3.8G       3.7G       140M       5.7M        22M       3.2G

MemTotal:        4016004 kB
MemFree:          136884 kB
Active:           397612 kB
Mem:          3.8G       3.7G       133M       5.7M        22M       3.2G

MemTotal:        4016004 kB
MemFree:          136700 kB
Active:           397616 kB
Mem:          3.8G       3.7G       133M       5.7M        22M       3.2G

MemTotal:        4016004 kB
MemFree:          135544 kB
Active:           397624 kB
Mem:          3.8G       3.7G       132M       5.7M        22M       3.2G

MemTotal:        4016004 kB
MemFree:          135640 kB
Active:           397584 kB
Mem:          3.8G       3.7G       132M       5.7M        22M       3.2G

MemTotal:        4016004 kB
MemFree:          135656 kB
Active:           397624 kB
Mem:          3.8G       3.7G       132M       5.7M        22M       3.2G

MemTotal:        4016004 kB
MemFree:          121124 kB
Active:           396608 kB
Mem:          3.8G       3.7G       118M       5.7M        22M       3.2G

MemTotal:        4016004 kB
MemFree:          137976 kB
Active:           392208 kB
Mem:          3.8G       3.7G       134M       5.7M        22M       3.2G

MemTotal:        4016004 kB
MemFree:          127888 kB
Active:           392240 kB
Mem:          3.8G       3.7G       124M       5.7M        22M       3.2G

MemTotal:        4016004 kB
MemFree:          135728 kB
Active:           392096 kB
Mem:          3.8G       3.7G       132M       5.7M        22M       3.2G

MemTotal:        4016004 kB
MemFree:          127108 kB
Active:           392112 kB
Mem:          3.8G       3.7G       124M       5.7M        22M       3.2G

MemTotal:        4016004 kB
MemFree:          131760 kB
Active:           392124 kB
Mem:          3.8G       3.7G       128M       5.7M        22M       3.2G

MemTotal:        4016004 kB
MemFree:          128236 kB
Active:           392020 kB
Mem:          3.8G       3.7G       124M       5.7M        22M       3.2G

MemTotal:        4016004 kB
MemFree:          124636 kB
Active:           392024 kB
Mem:          3.8G       3.7G       121M       5.7M        22M       3.2G

MemTotal:        4016004 kB
MemFree:          129176 kB
Active:           392024 kB
Mem:          3.8G       3.7G       125M       5.7M        22M       3.2G

MemTotal:        4016004 kB
MemFree:          127416 kB
Active:           391988 kB
Mem:          3.8G       3.7G       124M       5.7M        22M       3.2G

MemTotal:        4016004 kB
MemFree:          125832 kB
Active:           392056 kB
Mem:          3.8G       3.7G       123M       5.7M        22M       3.2G

MemTotal:        4016004 kB
MemFree:          117576 kB
Active:           392016 kB
Mem:          3.8G       3.7G       114M       5.7M        22M       3.2G

MemTotal:        4016004 kB
MemFree:          125448 kB
Active:           392056 kB
Mem:          3.8G       3.7G       121M       5.7M        22M       3.2G

MemTotal:        4016004 kB
MemFree:          131300 kB
Active:           392056 kB
Mem:          3.8G       3.7G       127M       5.7M        22M       3.2G

MemTotal:        4016004 kB
MemFree:          120888 kB
Active:           391876 kB
Mem:          3.8G       3.7G       117M       5.7M        22M       3.2G

MemTotal:        4016004 kB
MemFree:          110592 kB
Active:           391872 kB
Mem:          3.8G       3.7G       108M       5.7M        22M       3.2G

MemTotal:        4016004 kB
MemFree:          107208 kB
Active:           391936 kB
Mem:          3.8G       3.7G       104M       5.7M        22M       3.3G

MemTotal:        4016004 kB
MemFree:          131300 kB
Active:           391896 kB
Mem:          3.8G       3.7G       128M       5.7M        22M       3.2G

MemTotal:        4016004 kB
MemFree:          129396 kB
Active:           391912 kB
Mem:          3.8G       3.7G       126M       5.7M        22M       3.2G

MemTotal:        4016004 kB
MemFree:          123684 kB
Active:           391876 kB
Mem:          3.8G       3.7G       120M       5.7M        22M       3.2G

MemTotal:        4016004 kB
MemFree:          125292 kB
Active:           391928 kB
Mem:          3.8G       3.7G       122M       5.7M        22M       3.2G

MemTotal:        4016004 kB
MemFree:          124804 kB
Active:           391944 kB
Mem:          3.8G       3.7G       121M       5.7M        22M       3.2G

MemTotal:        4016004 kB
MemFree:          123724 kB
Active:           391952 kB
Mem:          3.8G       3.7G       120M       5.7M        22M       3.2G

MemTotal:        4016004 kB
MemFree:          123392 kB
Active:           391916 kB
Mem:          3.8G       3.7G       120M       5.7M        22M       3.2G

MemTotal:        4016004 kB
MemFree:          109536 kB
Active:           391956 kB
Mem:          3.8G       3.7G       106M       5.7M        22M       3.2G

MemTotal:        4016004 kB
MemFree:          141228 kB
Active:           391964 kB
Mem:          3.8G       3.7G       137M       5.7M        22M       3.2G

MemTotal:        4016004 kB
MemFree:          127024 kB
Active:           386360 kB
Mem:          3.8G       3.7G       123M       5.7M        22M       3.2G

MemTotal:        4016004 kB
MemFree:          132236 kB
Active:           386228 kB
Mem:          3.8G       3.7G       128M       5.7M        22M       3.2G

MemTotal:        4016004 kB
MemFree:          118532 kB
Active:           386196 kB
Mem:          3.8G       3.7G       115M       5.7M        22M       3.2G

MemTotal:        4016004 kB
MemFree:          136556 kB
Active:           386188 kB
Mem:          3.8G       3.7G       132M       5.7M        22M       3.2G

MemTotal:        4016004 kB
MemFree:          112712 kB
Active:           386188 kB
Mem:          3.8G       3.7G       109M       5.7M        22M       3.2G

MemTotal:        4016004 kB
MemFree:          130708 kB
Active:           385140 kB
Mem:          3.8G       3.7G       127M       5.7M        22M       3.2G

MemTotal:        4016004 kB
MemFree:          107092 kB
Active:           384940 kB
Mem:          3.8G       3.7G       104M       5.7M        22M       3.3G

MemTotal:        4016004 kB
MemFree:          105708 kB
Active:           384960 kB
Mem:          3.8G       3.7G       103M       5.7M        22M       3.3G

MemTotal:        4016004 kB
MemFree:          127960 kB
Active:           384972 kB
Mem:          3.8G       3.7G       124M       5.7M        22M       3.2G

MemTotal:        4016004 kB
MemFree:          127056 kB
Active:           385016 kB
Mem:          3.8G       3.7G       123M       5.7M        22M       3.2G

MemTotal:        4016004 kB
MemFree:          127340 kB
Active:           384980 kB
Mem:          3.8G       3.7G       124M       5.7M        22M       3.2G

MemTotal:        4016004 kB
MemFree:          128812 kB
Active:           385020 kB
Mem:          3.8G       3.7G       124M       5.7M        22M       3.2G

MemTotal:        4016004 kB
MemFree:          130124 kB
Active:           385024 kB
Mem:          3.8G       3.7G       126M       5.7M        22M       3.2G

MemTotal:        4016004 kB
MemFree:          118336 kB
Active:           383516 kB
Mem:          3.8G       3.7G       115M       5.7M        22M       3.2G

MemTotal:        4016004 kB
MemFree:          135376 kB
Active:           383328 kB
Mem:          3.8G       3.7G       131M       5.7M        22M       3.2G

MemTotal:        4016004 kB
MemFree:          138748 kB
Active:           383432 kB
Mem:          3.8G       3.7G       135M       5.7M        22M       3.2G

MemTotal:        4016004 kB
MemFree:          133496 kB
Active:           383336 kB
Mem:          3.8G       3.7G       130M       5.7M        22M       3.2G

MemTotal:        4016004 kB
MemFree:          123268 kB
Active:           383344 kB
Mem:          3.8G       3.7G       119M       5.7M        22M       3.2G

MemTotal:        4016004 kB
MemFree:          119912 kB
Active:           383352 kB
Mem:          3.8G       3.7G       116M       5.7M        22M       3.2G

MemTotal:        4016004 kB
MemFree:          117928 kB
Active:           385404 kB
Mem:          3.8G       3.7G       115M       5.7M        22M       3.2G

MemTotal:        4016004 kB
MemFree:          116940 kB
Active:           385404 kB
Mem:          3.8G       3.7G       114M       5.7M        22M       3.2G

MemTotal:        4016004 kB
MemFree:          116852 kB
Active:           385412 kB
Mem:          3.8G       3.7G       114M       5.7M        22M       3.2G

MemTotal:        4016004 kB
MemFree:          135864 kB
Active:           384520 kB
Mem:          3.8G       3.7G       131M       5.7M        22M       3.2G

MemTotal:        4016004 kB
MemFree:          145428 kB
Active:           383512 kB
Mem:          3.8G       3.7G       141M       5.7M        22M       3.2G

MemTotal:        4016004 kB
MemFree:          153560 kB
Active:           383452 kB
Mem:          3.8G       3.7G       149M       5.7M        22M       3.2G

MemTotal:        4016004 kB
MemFree:          128828 kB
Active:           383452 kB
Mem:          3.8G       3.7G       125M       5.7M        22M       3.2G

MemTotal:        4016004 kB
MemFree:          107608 kB
Active:           383460 kB
Mem:          3.8G       3.7G       104M       5.7M        22M       3.2G

MemTotal:        4016004 kB
MemFree:          149904 kB
Active:           383460 kB
Mem:          3.8G       3.7G       146M       5.7M        22M       3.2G

MemTotal:        4016004 kB
MemFree:          149748 kB
Active:           371796 kB
Mem:          3.8G       3.7G       145M       5.7M        22M       3.2G

MemTotal:        4016004 kB
MemFree:          132312 kB
Active:           371808 kB
Mem:          3.8G       3.7G       128M       5.7M        22M       3.2G

MemTotal:        4016004 kB
MemFree:          108536 kB
Active:           371808 kB
Mem:          3.8G       3.7G       105M       5.7M        22M       3.2G

MemTotal:        4016004 kB
MemFree:          106984 kB
Active:           371812 kB
Mem:          3.8G       3.7G       104M       5.7M        22M       3.2G

MemTotal:        4016004 kB
MemFree:          106840 kB
Active:           371788 kB
Mem:          3.8G       3.7G       104M       5.7M        22M       3.2G

MemTotal:        4016004 kB
MemFree:          106816 kB
Active:           371828 kB
Mem:          3.8G       3.7G       104M       5.7M        22M       3.2G

MemTotal:        4016004 kB
MemFree:          141316 kB
Active:           371832 kB
Mem:          3.8G       3.7G       137M       5.7M        22M       3.2G

MemTotal:        4016004 kB
MemFree:          130612 kB
Active:           371832 kB
Mem:          3.8G       3.7G       127M       5.7M        22M       3.2G

MemTotal:        4016004 kB
MemFree:          133176 kB
Active:           371844 kB
Mem:          3.8G       3.7G       129M       5.7M        22M       3.2G

MemTotal:        4016004 kB
MemFree:          134880 kB
Active:           368948 kB
Mem:          3.8G       3.7G       131M       5.7M        22M       3.2G

MemTotal:        4016004 kB
MemFree:          124792 kB
Active:           368124 kB
Mem:          3.8G       3.7G       121M       5.7M        22M       3.2G

MemTotal:        4016004 kB
MemFree:          124552 kB
Active:           369548 kB
Mem:          3.8G       3.7G       121M       5.7M        22M       3.2G

MemTotal:        4016004 kB
MemFree:          131692 kB
Active:           369184 kB
Mem:          3.8G       3.7G       128M       5.7M        22M       3.2G

MemTotal:        4016004 kB
MemFree:          105240 kB
Active:           369160 kB
Mem:          3.8G       3.7G       102M       5.7M        22M       3.2G

MemTotal:        4016004 kB
MemFree:          128708 kB
Active:           368920 kB
Mem:          3.8G       3.7G       125M       5.7M        22M       3.2G

MemTotal:        4016004 kB
MemFree:          128152 kB
Active:           368924 kB
Mem:          3.8G       3.7G       124M       5.7M        22M       3.2G

MemTotal:        4016004 kB
MemFree:          126788 kB
Active:           368928 kB
Mem:          3.8G       3.7G       123M       5.7M        22M       3.2G

MemTotal:        4016004 kB
MemFree:          118996 kB
Active:           368928 kB
Mem:          3.8G       3.7G       115M       5.7M        22M       3.2G

MemTotal:        4016004 kB
MemFree:          110092 kB
Active:           368928 kB
Mem:          3.8G       3.7G       107M       5.7M        22M       3.2G

MemTotal:        4016004 kB
MemFree:          133908 kB
Active:           368940 kB
Mem:          3.8G       3.7G       130M       5.7M        22M       3.2G

MemTotal:        4016004 kB
MemFree:          114820 kB
Active:           366284 kB
Mem:          3.8G       3.7G       111M       5.7M        22M       3.2G

MemTotal:        4016004 kB
MemFree:          126700 kB
Active:           366288 kB
Mem:          3.8G       3.7G       122M       5.7M        22M       3.2G

MemTotal:        4016004 kB
MemFree:          117732 kB
Active:           366288 kB
Mem:          3.8G       3.7G       114M       5.7M        22M       3.2G

MemTotal:        4016004 kB
MemFree:          149268 kB
Active:           366288 kB
Mem:          3.8G       3.7G       145M       5.7M        22M       3.2G

MemTotal:        4016004 kB
MemFree:          148772 kB
Active:           366304 kB
Mem:          3.8G       3.7G       145M       5.7M        22M       3.2G

MemTotal:        4016004 kB
MemFree:          146324 kB
Active:           366320 kB
Mem:          3.8G       3.7G       142M       5.7M        22M       3.2G

MemTotal:        4016004 kB
MemFree:          144088 kB
Active:           366320 kB
Mem:          3.8G       3.7G       140M       5.7M        22M       3.2G

MemTotal:        4016004 kB
MemFree:          143500 kB
Active:           366320 kB
Mem:          3.8G       3.7G       139M       5.7M        22M       3.2G

MemTotal:        4016004 kB
MemFree:          143284 kB
Active:           366324 kB
Mem:          3.8G       3.7G       139M       5.7M        22M       3.2G

MemTotal:        4016004 kB
MemFree:          142448 kB
Active:           366336 kB
Mem:          3.8G       3.7G       138M       5.7M        22M       3.2G

MemTotal:        4016004 kB
MemFree:          140216 kB
Active:           366316 kB
Mem:          3.8G       3.7G       136M       5.7M        22M       3.2G

MemTotal:        4016004 kB
MemFree:          140316 kB
Active:           368328 kB
Mem:          3.8G       3.7G       136M       5.7M        22M       3.2G

MemTotal:        4016004 kB
MemFree:          123160 kB
Active:           368372 kB
Mem:          3.8G       3.7G       120M       5.7M        22M       3.2G

MemTotal:        4016004 kB
MemFree:          116940 kB
Active:           363604 kB
Mem:          3.8G       3.7G       113M       5.7M        22M       3.2G

MemTotal:        4016004 kB
MemFree:          125224 kB
Active:           363604 kB
Mem:          3.8G       3.7G       122M       5.7M        22M       3.2G

MemTotal:        4016004 kB
MemFree:          119264 kB
Active:           363616 kB
Mem:          3.8G       3.7G       115M       5.7M        22M       3.2G

MemTotal:        4016004 kB
MemFree:          117108 kB
Active:           363616 kB
Mem:          3.8G       3.7G       113M       5.7M        22M       3.2G

MemTotal:        4016004 kB
MemFree:          128280 kB
Active:           363616 kB
Mem:          3.8G       3.7G       124M       5.7M        22M       3.2G

MemTotal:        4016004 kB
MemFree:          143868 kB
Active:           363640 kB
Mem:          3.8G       3.7G       140M       5.7M        22M       3.2G

MemTotal:        4016004 kB
MemFree:          109092 kB
Active:           363640 kB
Mem:          3.8G       3.7G       106M       5.7M        22M       3.2G

MemTotal:        4016004 kB
MemFree:          106120 kB
Active:           362524 kB
Mem:          3.8G       3.7G       103M       5.7M        22M       3.2G

MemTotal:        4016004 kB
MemFree:          105812 kB
Active:           364572 kB
Mem:          3.8G       3.7G       103M       5.7M        22M       3.2G

MemTotal:        4016004 kB
MemFree:          104480 kB
Active:           364572 kB
Mem:          3.8G       3.7G       117M       5.7M        22M       3.2G

MemTotal:        4016004 kB
MemFree:          110732 kB
Active:           363548 kB
Mem:          3.8G       3.7G       108M       5.7M        22M       3.2G

MemTotal:        4016004 kB
MemFree:          115732 kB
Active:           363548 kB
Mem:          3.8G       3.7G       112M       5.7M        22M       3.2G

MemTotal:        4016004 kB
MemFree:          140916 kB
Active:           317452 kB
Mem:          3.8G       3.7G       136M       5.7M        22M       3.2G

MemTotal:        4016004 kB
MemFree:          138744 kB
Active:           317464 kB
Mem:          3.8G       3.7G       134M       5.7M        22M       3.2G

MemTotal:        4016004 kB
MemFree:          116932 kB
Active:           317464 kB
Mem:          3.8G       3.7G       113M       5.7M        22M       3.2G

MemTotal:        4016004 kB
MemFree:          139900 kB
Active:           317464 kB
Mem:          3.8G       3.7G       136M       5.7M        22M       3.2G

MemTotal:        4016004 kB
MemFree:          138308 kB
Active:           317684 kB
Mem:          3.8G       3.7G       135M       5.7M        22M       3.2G

MemTotal:        4016004 kB
MemFree:          136812 kB
Active:           317696 kB
Mem:          3.8G       3.7G       133M       5.7M        22M       3.2G

MemTotal:        4016004 kB
MemFree:          135820 kB
Active:           317708 kB
Mem:          3.8G       3.7G       132M       5.7M        22M       3.2G

MemTotal:        4016004 kB
MemFree:          134628 kB
Active:           317708 kB
Mem:          3.8G       3.7G       130M       5.7M        22M       3.2G

MemTotal:        4016004 kB
MemFree:          133484 kB
Active:           317708 kB
Mem:          3.8G       3.7G       130M       5.7M        22M       3.2G

MemTotal:        4016004 kB
MemFree:          104908 kB
Active:           317708 kB
Mem:          3.8G       3.7G       125M       5.7M        22M       3.2G

MemTotal:        4016004 kB
MemFree:          136088 kB
Active:           317460 kB
Mem:          3.8G       3.7G       131M       5.7M        22M       3.2G

MemTotal:        4016004 kB
MemFree:          140520 kB
Active:           317460 kB
Mem:          3.8G       3.7G       136M       5.7M        22M       3.2G

MemTotal:        4016004 kB
MemFree:          140504 kB
Active:           314368 kB
Mem:          3.8G       3.7G       136M       5.7M        22M       3.2G

MemTotal:        4016004 kB
MemFree:          105520 kB
Active:           314368 kB
Mem:          3.8G       3.7G       103M       5.7M        22M       3.2G

MemTotal:        4016004 kB
MemFree:          121048 kB
Active:           316272 kB
Mem:          3.8G       3.7G       117M       5.7M        22M       3.2G

MemTotal:        4016004 kB
MemFree:          115856 kB
Active:           315964 kB
Mem:          3.8G       3.7G       112M       5.7M        22M       3.2G

MemTotal:        4016004 kB
MemFree:          115980 kB
Active:           315924 kB
Mem:          3.8G       3.7G       112M       5.7M        22M       3.2G

MemTotal:        4016004 kB
MemFree:          115484 kB
Active:           315964 kB
Mem:          3.8G       3.7G       112M       5.7M        22M       3.2G

MemTotal:        4016004 kB
MemFree:          115856 kB
Active:           315968 kB
Mem:          3.8G       3.7G       113M       5.7M        22M       3.2G

MemTotal:        4016004 kB
MemFree:          115608 kB
Active:           315968 kB
Mem:          3.8G       3.7G       112M       5.7M        22M       3.2G

MemTotal:        4016004 kB
MemFree:          115408 kB
Active:           315984 kB
Mem:          3.8G       3.7G       112M       5.7M        22M       3.2G

MemTotal:        4016004 kB
MemFree:          115192 kB
Active:           315988 kB
Mem:          3.8G       3.7G       112M       5.7M        22M       3.2G

MemTotal:        4016004 kB
MemFree:          115320 kB
Active:           315988 kB
Mem:          3.8G       3.7G       112M       5.7M        22M       3.2G

MemTotal:        4016004 kB
MemFree:          115512 kB
Active:           315988 kB
Mem:          3.8G       3.7G       113M       5.7M        22M       3.2G

MemTotal:        4016004 kB
MemFree:          115668 kB
Active:           315988 kB
Mem:          3.8G       3.7G       112M       5.7M        22M       3.2G

MemTotal:        4016004 kB
MemFree:          115668 kB
Active:           315988 kB
Mem:          3.8G       3.7G       112M       5.7M        22M       3.2G

MemTotal:        4016004 kB
MemFree:          115792 kB
Active:           315988 kB
Mem:          3.8G       3.7G       112M       5.7M        22M       3.2G

MemTotal:        4016004 kB
MemFree:          115792 kB
Active:           315996 kB
Mem:          3.8G       3.7G       112M       5.7M        22M       3.2G

MemTotal:        4016004 kB
MemFree:          115792 kB
Active:           315960 kB
Mem:          3.8G       3.7G       112M       5.7M        22M       3.2G

MemTotal:        4016004 kB
MemFree:          115544 kB
Active:           315996 kB
Mem:          3.8G       3.7G       112M       5.7M        22M       3.2G

MemTotal:        4016004 kB
MemFree:          115420 kB
Active:           315996 kB
Mem:          3.8G       3.7G       112M       5.7M        22M       3.2G

MemTotal:        4016004 kB
MemFree:          115608 kB
Active:           315756 kB
Mem:          3.8G       3.7G       112M       5.7M        22M       3.2G

MemTotal:        4016004 kB
MemFree:          115856 kB
Active:           315720 kB
Mem:          3.8G       3.7G       113M       5.7M        22M       3.2G

MemTotal:        4016004 kB
MemFree:          115732 kB
Active:           315740 kB
Mem:          3.8G       3.7G       112M       5.7M        22M       3.2G

MemTotal:        4016004 kB
MemFree:          115856 kB
Active:           315728 kB
Mem:          3.8G       3.7G       112M       5.7M        22M       3.2G

MemTotal:        4016004 kB
MemFree:          115484 kB
Active:           315736 kB
Mem:          3.8G       3.7G       112M       5.7M        22M       3.2G

MemTotal:        4016004 kB
MemFree:          115236 kB
Active:           315732 kB
Mem:          3.8G       3.7G       112M       5.7M        22M       3.2G

MemTotal:        4016004 kB
MemFree:          115236 kB
Active:           315764 kB
Mem:          3.8G       3.7G       112M       5.7M        22M       3.2G

MemTotal:        4016004 kB
MemFree:          115360 kB
Active:           315768 kB
Mem:          3.8G       3.7G       112M       5.7M        22M       3.2G

MemTotal:        4016004 kB
MemFree:          115484 kB
Active:           315760 kB
Mem:          3.8G       3.7G       112M       5.7M        22M       3.2G

MemTotal:        4016004 kB
MemFree:          115484 kB
Active:           315756 kB
Mem:          3.8G       3.7G       112M       5.7M        22M       3.2G

MemTotal:        4016004 kB
MemFree:          115236 kB
Active:           315748 kB
Mem:          3.8G       3.7G       112M       5.7M        22M       3.2G

MemTotal:        4016004 kB
MemFree:          115360 kB
Active:           315752 kB
Mem:          3.8G       3.7G       112M       5.7M        22M       3.2G

MemTotal:        4016004 kB
MemFree:          115360 kB
Active:           315792 kB
Mem:          3.8G       3.7G       112M       5.7M        22M       3.2G

MemTotal:        4016004 kB
MemFree:          115232 kB
Active:           315012 kB
Mem:          3.8G       3.7G       112M       5.7M        22M       3.2G

MemTotal:        4016004 kB
MemFree:          115356 kB
Active:           317020 kB
Mem:          3.8G       3.7G       112M       5.7M        22M       3.2G

MemTotal:        4016004 kB
MemFree:          114984 kB
Active:           317080 kB
Mem:          3.8G       3.7G       112M       5.7M        22M       3.2G

MemTotal:        4016004 kB
MemFree:          115480 kB
Active:           317028 kB
Mem:          3.8G       3.7G       112M       5.7M        22M       3.2G

MemTotal:        4016004 kB
MemFree:          115108 kB
Active:           317056 kB
Mem:          3.8G       3.7G       112M       5.7M        22M       3.2G

MemTotal:        4016004 kB
MemFree:          115108 kB
Active:           317080 kB
Mem:          3.8G       3.7G       112M       5.7M        22M       3.2G

MemTotal:        4016004 kB
MemFree:          115232 kB
Active:           317080 kB
Mem:          3.8G       3.7G       112M       5.7M        22M       3.2G

MemTotal:        4016004 kB
MemFree:          114860 kB
Active:           317088 kB
Mem:          3.8G       3.7G       112M       5.7M        22M       3.2G

MemTotal:        4016004 kB
MemFree:          115160 kB
Active:           317052 kB
Mem:          3.8G       3.7G       112M       5.7M        22M       3.2G

MemTotal:        4016004 kB
MemFree:          115408 kB
Active:           317052 kB
Mem:          3.8G       3.7G       112M       5.7M        22M       3.2G

MemTotal:        4016004 kB
MemFree:          115408 kB
Active:           317088 kB
Mem:          3.8G       3.7G       112M       5.7M        22M       3.2G

MemTotal:        4016004 kB
MemFree:          115036 kB
Active:           317092 kB
Mem:          3.8G       3.7G       112M       5.7M        22M       3.2G

MemTotal:        4016004 kB
MemFree:          115284 kB
Active:           317064 kB
Mem:          3.8G       3.7G       112M       5.7M        22M       3.2G

MemTotal:        4016004 kB
MemFree:          115160 kB
Active:           317052 kB
Mem:          3.8G       3.7G       112M       5.7M        22M       3.2G

MemTotal:        4016004 kB
MemFree:          115284 kB
Active:           317108 kB
Mem:          3.8G       3.7G       112M       5.7M        22M       3.2G

MemTotal:        4016004 kB
MemFree:          115160 kB
Active:           317064 kB
Mem:          3.8G       3.7G       112M       5.7M        22M       3.2G

MemTotal:        4016004 kB
MemFree:          114788 kB
Active:           317116 kB
Mem:          3.8G       3.7G       112M       5.7M        22M       3.2G

MemTotal:        4016004 kB
MemFree:          115160 kB
Active:           317064 kB
Mem:          3.8G       3.7G       112M       5.7M        22M       3.2G

MemTotal:        4016004 kB
MemFree:          114664 kB
Active:           317220 kB
Mem:          3.8G       3.7G       112M       5.7M        22M       3.2G

MemTotal:        4016004 kB
MemFree:          114912 kB
Active:           317208 kB
Mem:          3.8G       3.7G       112M       5.7M        22M       3.2G

MemTotal:        4016004 kB
MemFree:          114664 kB
Active:           317208 kB
Mem:          3.8G       3.7G       112M       5.7M        22M       3.2G

MemTotal:        4016004 kB
MemFree:          115036 kB
Active:           317212 kB
Mem:          3.8G       3.7G       112M       5.7M        22M       3.2G

MemTotal:        4016004 kB
MemFree:          115160 kB
Active:           317224 kB
Mem:          3.8G       3.7G       112M       5.7M        22M       3.2G

MemTotal:        4016004 kB
MemFree:          114788 kB
Active:           317256 kB
Mem:          3.8G       3.7G       112M       5.7M        22M       3.2G

MemTotal:        4016004 kB
MemFree:          114912 kB
Active:           317220 kB
Mem:          3.8G       3.7G       111M       5.7M        22M       3.2G

MemTotal:        4016004 kB
MemFree:          114788 kB
Active:           317248 kB
Mem:          3.8G       3.7G       112M       5.7M        22M       3.2G

MemTotal:        4016004 kB
MemFree:          114788 kB
Active:           317264 kB
Mem:          3.8G       3.7G       112M       5.7M        22M       3.2G

MemTotal:        4016004 kB
MemFree:          114912 kB
Active:           317216 kB
Mem:          3.8G       3.7G       112M       5.7M        22M       3.2G

MemTotal:        4016004 kB
MemFree:          114540 kB
Active:           317280 kB
Mem:          3.8G       3.7G       112M       5.7M        22M       3.2G

MemTotal:        4016004 kB
MemFree:          114912 kB
Active:           317260 kB
Mem:          3.8G       3.7G       112M       5.7M        22M       3.2G

MemTotal:        4016004 kB
MemFree:          113112 kB
Active:           317256 kB
Mem:          3.8G       3.7G       110M       5.7M        22M       3.2G

MemTotal:        4016004 kB
MemFree:          112740 kB
Active:           319316 kB
Mem:          3.8G       3.7G       110M       5.7M        22M       3.2G

MemTotal:        4016004 kB
MemFree:          112988 kB
Active:           319260 kB
Mem:          3.8G       3.7G       110M       5.7M        22M       3.2G

MemTotal:        4016004 kB
MemFree:          112988 kB
Active:           319296 kB
Mem:          3.8G       3.7G       110M       5.7M        22M       3.2G

MemTotal:        4016004 kB
MemFree:          113112 kB
Active:           319288 kB
Mem:          3.8G       3.7G       110M       5.7M        22M       3.2G

MemTotal:        4016004 kB
MemFree:          112988 kB
Active:           319316 kB
Mem:          3.8G       3.7G       110M       5.7M        22M       3.2G

MemTotal:        4016004 kB
MemFree:          112864 kB
Active:           319288 kB
Mem:          3.8G       3.7G       110M       5.7M        22M       3.2G

MemTotal:        4016004 kB
MemFree:          112988 kB
Active:           319312 kB
Mem:          3.8G       3.7G       110M       5.7M        22M       3.2G

MemTotal:        4016004 kB
MemFree:          113112 kB
Active:           319316 kB
Mem:          3.8G       3.7G       110M       5.7M        22M       3.2G

MemTotal:        4016004 kB
MemFree:          113112 kB
Active:           319284 kB
Mem:          3.8G       3.7G       110M       5.7M        22M       3.2G

MemTotal:        4016004 kB
MemFree:          113236 kB
Active:           319304 kB
Mem:          3.8G       3.7G       110M       5.7M        22M       3.2G

MemTotal:        4016004 kB
MemFree:          113440 kB
Active:           319276 kB
Mem:          3.8G       3.7G       110M       5.7M        22M       3.2G

MemTotal:        4016004 kB
MemFree:          113192 kB
Active:           319288 kB
Mem:          3.8G       3.7G       110M       5.7M        22M       3.2G

MemTotal:        4016004 kB
MemFree:          112944 kB
Active:           319320 kB
Mem:          3.8G       3.7G       110M       5.7M        22M       3.2G

MemTotal:        4016004 kB
MemFree:          112944 kB
Active:           319288 kB
Mem:          3.8G       3.7G       110M       5.7M        22M       3.2G

MemTotal:        4016004 kB
MemFree:          113192 kB
Active:           319316 kB
Mem:          3.8G       3.7G       110M       5.7M        22M       3.2G

MemTotal:        4016004 kB
MemFree:          113564 kB
Active:           319288 kB
Mem:          3.8G       3.7G       110M       5.7M        22M       3.2G

MemTotal:        4016004 kB
MemFree:          113440 kB
Active:           319312 kB
Mem:          3.8G       3.7G       110M       5.7M        22M       3.2G

MemTotal:        4016004 kB
MemFree:          113688 kB
Active:           319328 kB
Mem:          3.8G       3.7G       110M       5.7M        22M       3.2G

MemTotal:        4016004 kB
MemFree:          113068 kB
Active:           319316 kB
Mem:          3.8G       3.7G       110M       5.7M        22M       3.2G

MemTotal:        4016004 kB
MemFree:          113052 kB
Active:           318880 kB
Mem:          3.8G       3.7G       110M       5.7M        22M       3.2G

MemTotal:        4016004 kB
MemFree:          113424 kB
Active:           318912 kB
Mem:          3.8G       3.7G       110M       5.7M        22M       3.2G

MemTotal:        4016004 kB
MemFree:          113176 kB
Active:           320944 kB
Mem:          3.8G       3.7G       110M       5.7M        22M       3.2G

MemTotal:        4016004 kB
MemFree:          113052 kB
Active:           320972 kB
Mem:          3.8G       3.7G       110M       5.7M        22M       3.2G

MemTotal:        4016004 kB
MemFree:          113300 kB
Active:           320940 kB
Mem:          3.8G       3.7G       110M       5.7M        22M       3.2G

MemTotal:        4016004 kB
MemFree:          113052 kB
Active:           320964 kB
Mem:          3.8G       3.7G       110M       5.7M        22M       3.2G

MemTotal:        4016004 kB
MemFree:          112680 kB
Active:           320992 kB
Mem:          3.8G       3.7G       110M       5.7M        22M       3.2G

MemTotal:        4016004 kB
MemFree:          112804 kB
Active:           320968 kB
Mem:          3.8G       3.7G       110M       5.7M        22M       3.2G

MemTotal:        4016004 kB
MemFree:          112804 kB
Active:           320940 kB
Mem:          3.8G       3.7G       110M       5.7M        22M       3.2G

MemTotal:        4016004 kB
MemFree:          112184 kB
Active:           320996 kB
Mem:          3.8G       3.7G       109M       5.7M        22M       3.2G

MemTotal:        4016004 kB
MemFree:          112900 kB
Active:           320996 kB
Mem:          3.8G       3.7G       110M       5.7M        22M       3.2G

MemTotal:        4016004 kB
MemFree:          113272 kB
Active:           320972 kB
Mem:          3.8G       3.7G       110M       5.7M        22M       3.2G

MemTotal:        4016004 kB
MemFree:          112900 kB
Active:           321008 kB
Mem:          3.8G       3.7G       110M       5.7M        22M       3.2G

MemTotal:        4016004 kB
MemFree:          113024 kB
Active:           320980 kB
Mem:          3.8G       3.7G       110M       5.7M        22M       3.2G

MemTotal:        4016004 kB
MemFree:          113892 kB
Active:           320968 kB
Mem:          3.8G       3.7G       111M       5.7M        22M       3.2G

MemTotal:        4016004 kB
MemFree:          113892 kB
Active:           321000 kB
Mem:          3.8G       3.7G       111M       5.7M        22M       3.2G

MemTotal:        4016004 kB
MemFree:          113892 kB
Active:           320968 kB
Mem:          3.8G       3.7G       111M       5.7M        22M       3.2G

MemTotal:        4016004 kB
MemFree:          113272 kB
Active:           320964 kB
Mem:          3.8G       3.7G       110M       5.7M        22M       3.2G

MemTotal:        4016004 kB
MemFree:          113396 kB
Active:           321008 kB
Mem:          3.8G       3.7G       110M       5.7M        22M       3.2G

MemTotal:        4016004 kB
MemFree:          112652 kB
Active:           321016 kB
Mem:          3.8G       3.7G       110M       5.7M        22M       3.2G

MemTotal:        4016004 kB
MemFree:          110976 kB
Active:           320936 kB
Mem:          3.8G       3.7G       108M       5.7M        22M       3.2G

MemTotal:        4016004 kB
MemFree:          111224 kB
Active:           323000 kB
Mem:          3.8G       3.7G       108M       5.7M        22M       3.2G

MemTotal:        4016004 kB
MemFree:          111472 kB
Active:           323020 kB
Mem:          3.8G       3.7G       108M       5.7M        22M       3.2G

MemTotal:        4016004 kB
MemFree:          111596 kB
Active:           322992 kB
Mem:          3.8G       3.7G       108M       5.7M        22M       3.2G

MemTotal:        4016004 kB
MemFree:          111596 kB
Active:           323016 kB
Mem:          3.8G       3.7G       108M       5.7M        22M       3.2G

MemTotal:        4016004 kB
MemFree:          111472 kB
Active:           323020 kB
Mem:          3.8G       3.7G       108M       5.7M        22M       3.2G

MemTotal:        4016004 kB
MemFree:          111472 kB
Active:           323028 kB
Mem:          3.8G       3.7G       108M       5.7M        22M       3.2G

MemTotal:        4016004 kB
MemFree:          111224 kB
Active:           323036 kB
Mem:          3.8G       3.7G       108M       5.7M        22M       3.2G

MemTotal:        4016004 kB
MemFree:          111224 kB
Active:           323008 kB
Mem:          3.8G       3.7G       108M       5.7M        22M       3.2G

MemTotal:        4016004 kB
MemFree:          111472 kB
Active:           323020 kB
Mem:          3.8G       3.7G       108M       5.7M        22M       3.2G

MemTotal:        4016004 kB
MemFree:          111348 kB
Active:           323048 kB
Mem:          3.8G       3.7G       108M       5.7M        22M       3.2G

MemTotal:        4016004 kB
MemFree:          111116 kB
Active:           323068 kB
Mem:          3.8G       3.7G       108M       5.7M        22M       3.2G

MemTotal:        4016004 kB
MemFree:          111240 kB
Active:           323048 kB
Mem:          3.8G       3.7G       108M       5.7M        22M       3.2G

MemTotal:        4016004 kB
MemFree:          111116 kB
Active:           323064 kB
Mem:          3.8G       3.7G       108M       5.7M        22M       3.2G

MemTotal:        4016004 kB
MemFree:          110744 kB
Active:           323080 kB
Mem:          3.8G       3.7G       108M       5.7M        22M       3.2G

MemTotal:        4016004 kB
MemFree:          111612 kB
Active:           323056 kB
Mem:          3.8G       3.7G       108M       5.7M        22M       3.2G

MemTotal:        4016004 kB
MemFree:          111612 kB
Active:           323052 kB
Mem:          3.8G       3.7G       108M       5.7M        22M       3.2G

MemTotal:        4016004 kB
MemFree:          111612 kB
Active:           323072 kB
Mem:          3.8G       3.7G       109M       5.7M        22M       3.2G

MemTotal:        4016004 kB
MemFree:          111612 kB
Active:           323092 kB
Mem:          3.8G       3.7G       108M       5.7M        22M       3.2G

MemTotal:        4016004 kB
MemFree:          111488 kB
Active:           323064 kB
Mem:          3.8G       3.7G       108M       5.7M        22M       3.2G

MemTotal:        4016004 kB
MemFree:          111052 kB
Active:           322216 kB
Mem:          3.8G       3.7G       108M       5.7M        22M       3.2G

MemTotal:        4016004 kB
MemFree:          111548 kB
Active:           324260 kB
Mem:          3.8G       3.7G       109M       5.7M        22M       3.2G

MemTotal:        4016004 kB
MemFree:          111796 kB
Active:           324228 kB
Mem:          3.8G       3.7G       108M       5.7M        22M       3.2G

MemTotal:        4016004 kB
MemFree:          111300 kB
Active:           324208 kB
Mem:          3.8G       3.7G       108M       5.7M        22M       3.2G

MemTotal:        4016004 kB
MemFree:          110804 kB
Active:           324220 kB
Mem:          3.8G       3.7G       108M       5.7M        22M       3.2G

MemTotal:        4016004 kB
MemFree:          110928 kB
Active:           324224 kB
Mem:          3.8G       3.7G       108M       5.7M        22M       3.2G

MemTotal:        4016004 kB
MemFree:          110928 kB
Active:           324216 kB
Mem:          3.8G       3.7G       108M       5.7M        22M       3.2G

MemTotal:        4016004 kB
MemFree:          111052 kB
Active:           324232 kB
Mem:          3.8G       3.7G       108M       5.7M        22M       3.2G

MemTotal:        4016004 kB
MemFree:          111052 kB
Active:           324256 kB
Mem:          3.8G       3.7G       108M       5.7M        22M       3.2G

MemTotal:        4016004 kB
MemFree:          111052 kB
Active:           324240 kB
Mem:          3.8G       3.7G       108M       5.7M        22M       3.2G

MemTotal:        4016004 kB
MemFree:          108632 kB
Active:           324256 kB
Mem:          3.8G       3.7G       105M       5.7M        22M       3.2G

MemTotal:        4016004 kB
MemFree:          108632 kB
Active:           326264 kB
Mem:          3.8G       3.7G       106M       5.7M        22M       3.2G

MemTotal:        4016004 kB
MemFree:          108880 kB
Active:           326248 kB
Mem:          3.8G       3.7G       106M       5.7M        22M       3.2G

MemTotal:        4016004 kB
MemFree:          108880 kB
Active:           326284 kB
Mem:          3.8G       3.7G       106M       5.7M        22M       3.2G

MemTotal:        4016004 kB
MemFree:          108508 kB
Active:           326276 kB
Mem:          3.8G       3.7G       105M       5.7M        22M       3.2G

MemTotal:        4016004 kB
MemFree:          108508 kB
Active:           326288 kB
Mem:          3.8G       3.7G       105M       5.7M        22M       3.2G

MemTotal:        4016004 kB
MemFree:          108508 kB
Active:           326256 kB
Mem:          3.8G       3.7G       105M       5.7M        22M       3.2G

MemTotal:        4016004 kB
MemFree:          108632 kB
Active:           326268 kB
Mem:          3.8G       3.7G       106M       5.7M        22M       3.2G

MemTotal:        4016004 kB
MemFree:          108384 kB
Active:           326312 kB
Mem:          3.8G       3.7G       105M       5.7M        22M       3.2G

MemTotal:        4016004 kB
MemFree:          108880 kB
Active:           326284 kB
Mem:          3.8G       3.7G       106M       5.7M        22M       3.2G

MemTotal:        4016004 kB
MemFree:          108880 kB
Active:           326260 kB
Mem:          3.8G       3.7G       106M       5.7M        22M       3.2G

MemTotal:        4016004 kB
MemFree:          108880 kB
Active:           326280 kB
Mem:          3.8G       3.7G       106M       5.7M        22M       3.2G

MemTotal:        4016004 kB
MemFree:          109004 kB
Active:           326308 kB
Mem:          3.8G       3.7G       106M       5.7M        22M       3.2G

MemTotal:        4016004 kB
MemFree:          109004 kB
Active:           326300 kB
Mem:          3.8G       3.7G       106M       5.7M        22M       3.2G

MemTotal:        4016004 kB
MemFree:          108880 kB
Active:           326324 kB
Mem:          3.8G       3.7G       106M       5.7M        22M       3.2G

MemTotal:        4016004 kB
MemFree:          108880 kB
Active:           326288 kB
Mem:          3.8G       3.7G       106M       5.7M        22M       3.2G

MemTotal:        4016004 kB
MemFree:          109004 kB
Active:           326320 kB
Mem:          3.8G       3.7G       106M       5.7M        22M       3.2G

MemTotal:        4016004 kB
MemFree:          109004 kB
Active:           326292 kB
Mem:          3.8G       3.7G       106M       5.7M        22M       3.2G

MemTotal:        4016004 kB
MemFree:          109004 kB
Active:           326288 kB
Mem:          3.8G       3.7G       106M       5.7M        22M       3.2G

MemTotal:        4016004 kB
MemFree:          108756 kB
Active:           326296 kB
Mem:          3.8G       3.7G       105M       5.7M        22M       3.2G

MemTotal:        4016004 kB
MemFree:          108880 kB
Active:           326320 kB
Mem:          3.8G       3.7G       106M       5.7M        22M       3.2G

MemTotal:        4016004 kB
MemFree:          108508 kB
Active:           326340 kB
Mem:          3.8G       3.7G       106M       5.7M        22M       3.2G

MemTotal:        4016004 kB
MemFree:          108508 kB
Active:           326340 kB
Mem:          3.8G       3.7G       106M       5.7M        22M       3.2G

MemTotal:        4016004 kB
MemFree:          108880 kB
Active:           326308 kB
Mem:          3.8G       3.7G       106M       5.7M        22M       3.2G

MemTotal:        4016004 kB
MemFree:          108508 kB
Active:           326348 kB
Mem:          3.8G       3.7G       106M       5.7M        22M       3.2G

MemTotal:        4016004 kB
MemFree:          108756 kB
Active:           326336 kB
Mem:          3.8G       3.7G       106M       5.7M        22M       3.2G

MemTotal:        4016004 kB
MemFree:          109128 kB
Active:           326296 kB
Mem:          3.8G       3.7G       106M       5.7M        22M       3.2G

MemTotal:        4016004 kB
MemFree:          109376 kB
Active:           326316 kB
Mem:          3.8G       3.7G       106M       5.7M        22M       3.2G

MemTotal:        4016004 kB
MemFree:          109500 kB
Active:           326296 kB
Mem:          3.8G       3.7G       106M       5.7M        22M       3.2G

MemTotal:        4016004 kB
MemFree:          109500 kB
Active:           326328 kB
Mem:          3.8G       3.7G       106M       5.7M        22M       3.2G

MemTotal:        4016004 kB
MemFree:          109500 kB
Active:           326336 kB
Mem:          3.8G       3.7G       106M       5.7M        22M       3.2G

MemTotal:        4016004 kB
MemFree:          109128 kB
Active:           326348 kB
Mem:          3.8G       3.7G       106M       5.7M        22M       3.2G

MemTotal:        4016004 kB
MemFree:          109376 kB
Active:           326356 kB
Mem:          3.8G       3.7G       106M       5.7M        22M       3.2G

MemTotal:        4016004 kB
MemFree:          109252 kB
Active:           326324 kB
Mem:          3.8G       3.7G       106M       5.7M        22M       3.2G

MemTotal:        4016004 kB
MemFree:          109500 kB
Active:           326360 kB
Mem:          3.8G       3.7G       106M       5.7M        22M       3.2G

MemTotal:        4016004 kB
MemFree:          109128 kB
Active:           326372 kB
Mem:          3.8G       3.7G       106M       5.7M        22M       3.2G

MemTotal:        4016004 kB
MemFree:          108880 kB
Active:           326332 kB
Mem:          3.8G       3.7G       106M       5.7M        22M       3.2G

MemTotal:        4016004 kB
MemFree:          108756 kB
Active:           326376 kB
Mem:          3.8G       3.7G       106M       5.7M        22M       3.2G

MemTotal:        4016004 kB
MemFree:          109004 kB
Active:           326388 kB
Mem:          3.8G       3.7G       106M       5.7M        22M       3.2G

MemTotal:        4016004 kB
MemFree:          109252 kB
Active:           326356 kB
Mem:          3.8G       3.7G       106M       5.7M        22M       3.2G

MemTotal:        4016004 kB
MemFree:          108756 kB
Active:           326368 kB
Mem:          3.8G       3.7G       106M       5.7M        22M       3.2G

MemTotal:        4016004 kB
MemFree:          108508 kB
Active:           326396 kB
Mem:          3.8G       3.7G       105M       5.7M        22M       3.2G

MemTotal:        4016004 kB
MemFree:          108260 kB
Active:           326396 kB
Mem:          3.8G       3.7G       105M       5.7M        22M       3.2G

MemTotal:        4016004 kB
MemFree:          108384 kB
Active:           326396 kB
Mem:          3.8G       3.7G       105M       5.7M        22M       3.2G

MemTotal:        4016004 kB
MemFree:          108632 kB
Active:           326352 kB
Mem:          3.8G       3.7G       105M       5.7M        22M       3.2G

MemTotal:        4016004 kB
MemFree:          108260 kB
Active:           326408 kB
Mem:          3.8G       3.7G       105M       5.7M        22M       3.2G

MemTotal:        4016004 kB
MemFree:          109004 kB
Active:           326376 kB
Mem:          3.8G       3.7G       106M       5.7M        22M       3.2G

MemTotal:        4016004 kB
MemFree:          109128 kB
Active:           326364 kB
Mem:          3.8G       3.7G       106M       5.7M        22M       3.2G

MemTotal:        4016004 kB
MemFree:          108632 kB
Active:           326420 kB
Mem:          3.8G       3.7G       106M       5.7M        22M       3.2G

MemTotal:        4016004 kB
MemFree:          109004 kB
Active:           326364 kB
Mem:          3.8G       3.7G       106M       5.7M        22M       3.2G

MemTotal:        4016004 kB
MemFree:          108756 kB
Active:           326420 kB
Mem:          3.8G       3.7G       106M       5.7M        22M       3.2G

MemTotal:        4016004 kB
MemFree:          109128 kB
Active:           326372 kB
Mem:          3.8G       3.7G       106M       5.7M        22M       3.2G

MemTotal:        4016004 kB
MemFree:          109144 kB
Active:           326420 kB
Mem:          3.8G       3.7G       106M       5.7M        22M       3.2G

MemTotal:        4016004 kB
MemFree:          109020 kB
Active:           326416 kB
Mem:          3.8G       3.7G       106M       5.7M        22M       3.2G

MemTotal:        4016004 kB
MemFree:          109020 kB
Active:           326444 kB
Mem:          3.8G       3.7G       106M       5.7M        22M       3.2G

MemTotal:        4016004 kB
MemFree:          109020 kB
Active:           326416 kB
Mem:          3.8G       3.7G       106M       5.7M        22M       3.2G

MemTotal:        4016004 kB
MemFree:          108648 kB
Active:           326472 kB
Mem:          3.8G       3.7G       106M       5.7M        22M       3.2G

MemTotal:        4016004 kB
MemFree:          109128 kB
Active:           326424 kB
Mem:          3.8G       3.7G       106M       5.7M        22M       3.2G

MemTotal:        4016004 kB
MemFree:          109128 kB
Active:           326456 kB
Mem:          3.8G       3.7G       106M       5.7M        22M       3.2G

MemTotal:        4016004 kB
MemFree:          109004 kB
Active:           326440 kB
Mem:          3.8G       3.7G       106M       5.7M        22M       3.2G

MemTotal:        4016004 kB
MemFree:          108756 kB
Active:           326480 kB
Mem:          3.8G       3.7G       106M       5.7M        22M       3.2G

MemTotal:        4016004 kB
MemFree:          108756 kB
Active:           326480 kB
Mem:          3.8G       3.7G       106M       5.7M        22M       3.2G

MemTotal:        4016004 kB
MemFree:          109128 kB
Active:           326480 kB
Mem:          3.8G       3.7G       106M       5.7M        22M       3.2G

