MemTotal:        4016004 kB
MemFree:         3248852 kB
Active:           412276 kB
Mem:          3.8G       749M       3.1G       5.7M        54M       317M

MemTotal:        4016004 kB
MemFree:         3249024 kB
Active:           412352 kB
Mem:          3.8G       749M       3.1G       5.7M        54M       317M

MemTotal:        4016004 kB
MemFree:         3249132 kB
Active:           412424 kB
Mem:          3.8G       748M       3.1G       5.7M        54M       317M

MemTotal:        4016004 kB
MemFree:         3249380 kB
Active:           412388 kB
Mem:          3.8G       748M       3.1G       5.7M        54M       317M

MemTotal:        4016004 kB
MemFree:         3249488 kB
Active:           412376 kB
Mem:          3.8G       748M       3.1G       5.7M        54M       317M

MemTotal:        4016004 kB
MemFree:         3249348 kB
Active:           412376 kB
Mem:          3.8G       748M       3.1G       5.7M        54M       317M

MemTotal:        4016004 kB
MemFree:         3249408 kB
Active:           412408 kB
Mem:          3.8G       748M       3.1G       5.7M        54M       317M

MemTotal:        4016004 kB
MemFree:         3249252 kB
Active:           412384 kB
Mem:          3.8G       748M       3.1G       5.7M        54M       317M

MemTotal:        4016004 kB
MemFree:         3249236 kB
Active:           412384 kB
Mem:          3.8G       749M       3.1G       5.7M        54M       317M

MemTotal:        4016004 kB
MemFree:         3249096 kB
Active:           412392 kB
Mem:          3.8G       748M       3.1G       5.7M        54M       317M

MemTotal:        4016004 kB
MemFree:         3249096 kB
Active:           412376 kB
Mem:          3.8G       748M       3.1G       5.7M        54M       317M

MemTotal:        4016004 kB
MemFree:         3249204 kB
Active:           412380 kB
Mem:          3.8G       748M       3.1G       5.7M        54M       317M

MemTotal:        4016004 kB
MemFree:         3249188 kB
Active:           412412 kB
Mem:          3.8G       749M       3.1G       5.7M        54M       317M

MemTotal:        4016004 kB
MemFree:         3249172 kB
Active:           412392 kB
Mem:          3.8G       748M       3.1G       5.7M        54M       317M

MemTotal:        4016004 kB
MemFree:         3249080 kB
Active:           412432 kB
Mem:          3.8G       748M       3.1G       5.7M        54M       317M

MemTotal:        4016004 kB
MemFree:         3249204 kB
Active:           412420 kB
Mem:          3.8G       749M       3.1G       5.7M        54M       317M

MemTotal:        4016004 kB
MemFree:         3246752 kB
Active:           412416 kB
Mem:          3.8G       751M       3.1G       5.7M        54M       317M

MemTotal:        4016004 kB
MemFree:         3246504 kB
Active:           414464 kB
Mem:          3.8G       751M       3.1G       5.7M        54M       317M

MemTotal:        4016004 kB
MemFree:         3246876 kB
Active:           414432 kB
Mem:          3.8G       751M       3.1G       5.7M        54M       317M

MemTotal:        4016004 kB
MemFree:         3246876 kB
Active:           414420 kB
Mem:          3.8G       751M       3.1G       5.7M        54M       317M

MemTotal:        4016004 kB
MemFree:         3247000 kB
Active:           414456 kB
Mem:          3.8G       751M       3.1G       5.7M        54M       317M

MemTotal:        4016004 kB
MemFree:         3246504 kB
Active:           414472 kB
Mem:          3.8G       751M       3.1G       5.7M        54M       317M

MemTotal:        4016004 kB
MemFree:         3246628 kB
Active:           414472 kB
Mem:          3.8G       751M       3.1G       5.7M        54M       317M

MemTotal:        4016004 kB
MemFree:         3247372 kB
Active:           414428 kB
Mem:          3.8G       750M       3.1G       5.7M        54M       317M

MemTotal:        4016004 kB
MemFree:         3246876 kB
Active:           414472 kB
Mem:          3.8G       750M       3.1G       5.7M        54M       317M

MemTotal:        4016004 kB
MemFree:         3247248 kB
Active:           414460 kB
Mem:          3.8G       750M       3.1G       5.7M        54M       317M

MemTotal:        4016004 kB
MemFree:         3247468 kB
Active:           414444 kB
Mem:          3.8G       750M       3.1G       5.7M        54M       317M

MemTotal:        4016004 kB
MemFree:         3247468 kB
Active:           414440 kB
Mem:          3.8G       750M       3.1G       5.7M        54M       317M

MemTotal:        4016004 kB
MemFree:         3246972 kB
Active:           414484 kB
Mem:          3.8G       751M       3.1G       5.7M        54M       317M

MemTotal:        4016004 kB
MemFree:         3247220 kB
Active:           414464 kB
Mem:          3.8G       750M       3.1G       5.7M        54M       317M

MemTotal:        4016004 kB
MemFree:         3246956 kB
Active:           414484 kB
Mem:          3.8G       751M       3.1G       5.7M        54M       317M

MemTotal:        4016004 kB
MemFree:         3247188 kB
Active:           414452 kB
Mem:          3.8G       750M       3.1G       5.7M        54M       317M

MemTotal:        4016004 kB
MemFree:         3247296 kB
Active:           414480 kB
Mem:          3.8G       750M       3.1G       5.7M        54M       317M

MemTotal:        4016004 kB
MemFree:         3247156 kB
Active:           414468 kB
Mem:          3.8G       750M       3.1G       5.7M        54M       317M

MemTotal:        4016004 kB
MemFree:         3246892 kB
Active:           414492 kB
Mem:          3.8G       751M       3.1G       5.7M        54M       317M

MemTotal:        4016004 kB
MemFree:         3246628 kB
Active:           414492 kB
Mem:          3.8G       751M       3.1G       5.7M        54M       317M

MemTotal:        4016004 kB
MemFree:         3246488 kB
Active:           414496 kB
Mem:          3.8G       751M       3.1G       5.7M        54M       317M

MemTotal:        4016004 kB
MemFree:         3247000 kB
Active:           414460 kB
Mem:          3.8G       751M       3.1G       5.7M        54M       317M

MemTotal:        4016004 kB
MemFree:         3246628 kB
Active:           414496 kB
Mem:          3.8G       751M       3.1G       5.7M        54M       317M

MemTotal:        4016004 kB
MemFree:         3247000 kB
Active:           414480 kB
Mem:          3.8G       750M       3.1G       5.7M        54M       317M

MemTotal:        4016004 kB
MemFree:         3247248 kB
Active:           414460 kB
Mem:          3.8G       750M       3.1G       5.7M        54M       317M

MemTotal:        4016004 kB
MemFree:         3247372 kB
Active:           414496 kB
Mem:          3.8G       750M       3.1G       5.7M        54M       317M

MemTotal:        4016004 kB
MemFree:         3247248 kB
Active:           414464 kB
Mem:          3.8G       750M       3.1G       5.7M        54M       317M

MemTotal:        4016004 kB
MemFree:         3247248 kB
Active:           414484 kB
Mem:          3.8G       750M       3.1G       5.7M        54M       317M

MemTotal:        4016004 kB
MemFree:         3247124 kB
Active:           414512 kB
Mem:          3.8G       750M       3.1G       5.7M        54M       317M

MemTotal:        4016004 kB
MemFree:         3246876 kB
Active:           414520 kB
Mem:          3.8G       751M       3.1G       5.7M        54M       317M

MemTotal:        4016004 kB
MemFree:         3246936 kB
Active:           412440 kB
Mem:          3.8G       751M       3.1G       5.7M        54M       317M

MemTotal:        4016004 kB
MemFree:         3246688 kB
Active:           414520 kB
Mem:          3.8G       751M       3.1G       5.7M        54M       317M

MemTotal:        4016004 kB
MemFree:         3246176 kB
Active:           414528 kB
Mem:          3.8G       751M       3.1G       5.7M        54M       317M

MemTotal:        4016004 kB
MemFree:         3246672 kB
Active:           414504 kB
Mem:          3.8G       751M       3.1G       5.7M        54M       317M

MemTotal:        4016004 kB
MemFree:         3246640 kB
Active:           414492 kB
Mem:          3.8G       751M       3.1G       5.7M        54M       317M

MemTotal:        4016004 kB
MemFree:         3246520 kB
Active:           414532 kB
Mem:          3.8G       751M       3.1G       5.7M        54M       317M

MemTotal:        4016004 kB
MemFree:         3246644 kB
Active:           414548 kB
Mem:          3.8G       751M       3.1G       5.7M        54M       317M

MemTotal:        4016004 kB
MemFree:         3246644 kB
Active:           414536 kB
Mem:          3.8G       751M       3.1G       5.7M        54M       317M

MemTotal:        4016004 kB
MemFree:         3246768 kB
Active:           414536 kB
Mem:          3.8G       751M       3.1G       5.7M        54M       317M

MemTotal:        4016004 kB
MemFree:         3246256 kB
Active:           414552 kB
Mem:          3.8G       751M       3.1G       5.7M        54M       317M

MemTotal:        4016004 kB
MemFree:         3246984 kB
Active:           414520 kB
Mem:          3.8G       751M       3.1G       5.7M        54M       317M

MemTotal:        4016004 kB
MemFree:         3246720 kB
Active:           414512 kB
Mem:          3.8G       751M       3.1G       5.7M        54M       317M

MemTotal:        4016004 kB
MemFree:         3246828 kB
Active:           414560 kB
Mem:          3.8G       751M       3.1G       5.7M        54M       317M

MemTotal:        4016004 kB
MemFree:         3246688 kB
Active:           414564 kB
Mem:          3.8G       751M       3.1G       5.7M        54M       317M

MemTotal:        4016004 kB
MemFree:         3246920 kB
Active:           414512 kB
Mem:          3.8G       751M       3.1G       5.7M        54M       317M

MemTotal:        4016004 kB
MemFree:         3130296 kB
Active:           414976 kB
Mem:          3.8G       865M       3.0G       5.7M        55M       430M

MemTotal:        4016004 kB
MemFree:         3107332 kB
Active:           415016 kB
Mem:          3.8G       888M       3.0G       5.7M        55M       452M

MemTotal:        4016004 kB
MemFree:         3059976 kB
Active:           415016 kB
Mem:          3.8G       934M       2.9G       5.7M        55M       498M

MemTotal:        4016004 kB
MemFree:         2942416 kB
Active:           415016 kB
Mem:          3.8G       1.0G       2.8G       5.7M        55M       610M

MemTotal:        4016004 kB
MemFree:         2825848 kB
Active:           414992 kB
Mem:          3.8G       1.1G       2.7G       5.7M        55M       722M

MemTotal:        4016004 kB
MemFree:         2790024 kB
Active:           415024 kB
Mem:          3.8G       1.2G       2.7G       5.7M        55M       756M

MemTotal:        4016004 kB
MemFree:         2742980 kB
Active:           415028 kB
Mem:          3.8G       1.2G       2.6G       5.7M        55M       802M

MemTotal:        4016004 kB
MemFree:         2690540 kB
Active:           415032 kB
Mem:          3.8G       1.3G       2.6G       5.7M        55M       852M

MemTotal:        4016004 kB
MemFree:         2689264 kB
Active:           415012 kB
Mem:          3.8G       1.3G       2.6G       5.7M        55M       853M

MemTotal:        4016004 kB
MemFree:         2687960 kB
Active:           415072 kB
Mem:          3.8G       1.3G       2.6G       5.7M        55M       854M

MemTotal:        4016004 kB
MemFree:         2687340 kB
Active:           415056 kB
Mem:          3.8G       1.3G       2.6G       5.7M        55M       855M

MemTotal:        4016004 kB
MemFree:         2685720 kB
Active:           415056 kB
Mem:          3.8G       1.3G       2.6G       5.7M        55M       857M

MemTotal:        4016004 kB
MemFree:         2584220 kB
Active:           415080 kB
Mem:          3.8G       1.4G       2.5G       5.7M        55M       955M

MemTotal:        4016004 kB
MemFree:         2449004 kB
Active:           415088 kB
Mem:          3.8G       1.5G       2.3G       5.7M        55M       1.1G

MemTotal:        4016004 kB
MemFree:         2332264 kB
Active:           415088 kB
Mem:          3.8G       1.6G       2.2G       5.7M        55M       1.2G

MemTotal:        4016004 kB
MemFree:         2332232 kB
Active:           415072 kB
Mem:          3.8G       1.6G       2.2G       5.7M        55M       1.2G

MemTotal:        4016004 kB
MemFree:         2237260 kB
Active:           415044 kB
Mem:          3.8G       1.7G       2.1G       5.7M        55M       1.3G

MemTotal:        4016004 kB
MemFree:         2234080 kB
Active:           415088 kB
Mem:          3.8G       1.7G       2.1G       5.7M        55M       1.3G

MemTotal:        4016004 kB
MemFree:         2171256 kB
Active:           415060 kB
Mem:          3.8G       1.8G       2.1G       5.7M        55M       1.3G

MemTotal:        4016004 kB
MemFree:         2134968 kB
Active:           415108 kB
Mem:          3.8G       1.8G       2.0G       5.7M        55M       1.4G

MemTotal:        4016004 kB
MemFree:         2089308 kB
Active:           415060 kB
Mem:          3.8G       1.8G       2.0G       5.7M        55M       1.4G

MemTotal:        4016004 kB
MemFree:         2035752 kB
Active:           415092 kB
Mem:          3.8G       1.9G       1.9G       5.7M        55M       1.4G

MemTotal:        4016004 kB
MemFree:         2033996 kB
Active:           415072 kB
Mem:          3.8G       1.9G       1.9G       5.7M        55M       1.4G

MemTotal:        4016004 kB
MemFree:         2031384 kB
Active:           415140 kB
Mem:          3.8G       1.9G       1.9G       5.7M        55M       1.5G

MemTotal:        4016004 kB
MemFree:         2030380 kB
Active:           415124 kB
Mem:          3.8G       1.9G       1.9G       5.7M        55M       1.5G

MemTotal:        4016004 kB
MemFree:         2021052 kB
Active:           415248 kB
Mem:          3.8G       1.9G       1.9G       5.7M        55M       1.5G

MemTotal:        4016004 kB
MemFree:         1883840 kB
Active:           415196 kB
Mem:          3.8G       2.0G       1.8G       5.7M        55M       1.6G

MemTotal:        4016004 kB
MemFree:         1755852 kB
Active:           415240 kB
Mem:          3.8G       2.2G       1.7G       5.7M        55M       1.7G

MemTotal:        4016004 kB
MemFree:         1680300 kB
Active:           415240 kB
Mem:          3.8G       2.2G       1.6G       5.7M        55M       1.8G

MemTotal:        4016004 kB
MemFree:         1594112 kB
Active:           415260 kB
Mem:          3.8G       2.3G       1.5G       5.7M        55M       1.9G

MemTotal:        4016004 kB
MemFree:         1588900 kB
Active:           415220 kB
Mem:          3.8G       2.3G       1.5G       5.7M        55M       1.9G

MemTotal:        4016004 kB
MemFree:         1541996 kB
Active:           415260 kB
Mem:          3.8G       2.4G       1.5G       5.7M        55M       1.9G

MemTotal:        4016004 kB
MemFree:         1497308 kB
Active:           415260 kB
Mem:          3.8G       2.4G       1.4G       5.7M        55M       2.0G

MemTotal:        4016004 kB
MemFree:         1496164 kB
Active:           415248 kB
Mem:          3.8G       2.4G       1.4G       5.7M        55M       2.0G

MemTotal:        4016004 kB
MemFree:         1494072 kB
Active:           415236 kB
Mem:          3.8G       2.4G       1.4G       5.7M        55M       2.0G

MemTotal:        4016004 kB
MemFree:         1492128 kB
Active:           413260 kB
Mem:          3.8G       2.4G       1.4G       5.7M        55M       2.0G

MemTotal:        4016004 kB
MemFree:         1488444 kB
Active:           415256 kB
Mem:          3.8G       2.4G       1.4G       5.7M        55M       2.0G

MemTotal:        4016004 kB
MemFree:         1376620 kB
Active:           415280 kB
Mem:          3.8G       2.5G       1.3G       5.7M        55M       2.1G

MemTotal:        4016004 kB
MemFree:         1254688 kB
Active:           415276 kB
Mem:          3.8G       2.6G       1.2G       5.7M        55M       2.2G

MemTotal:        4016004 kB
MemFree:         1142072 kB
Active:           415320 kB
Mem:          3.8G       2.7G       1.1G       5.7M        55M       2.3G

MemTotal:        4016004 kB
MemFree:         1070228 kB
Active:           415276 kB
Mem:          3.8G       2.8G       1.0G       5.7M        55M       2.4G

MemTotal:        4016004 kB
MemFree:         1002644 kB
Active:           415332 kB
Mem:          3.8G       2.9G       979M       5.7M        55M       2.4G

MemTotal:        4016004 kB
MemFree:          999936 kB
Active:           415352 kB
Mem:          3.8G       2.9G       976M       5.7M        55M       2.4G

MemTotal:        4016004 kB
MemFree:          974716 kB
Active:           415352 kB
Mem:          3.8G       2.9G       951M       5.7M        55M       2.4G

MemTotal:        4016004 kB
MemFree:          952440 kB
Active:           415360 kB
Mem:          3.8G       2.9G       929M       5.7M        55M       2.5G

MemTotal:        4016004 kB
MemFree:          845440 kB
Active:           415364 kB
Mem:          3.8G       3.0G       824M       5.7M        55M       2.6G

MemTotal:        4016004 kB
MemFree:          721044 kB
Active:           415328 kB
Mem:          3.8G       3.1G       704M       5.7M        55M       2.7G

MemTotal:        4016004 kB
MemFree:          588572 kB
Active:           415360 kB
Mem:          3.8G       3.3G       574M       5.7M        55M       2.8G

MemTotal:        4016004 kB
MemFree:          537108 kB
Active:           415368 kB
Mem:          3.8G       3.3G       524M       5.7M        55M       2.9G

MemTotal:        4016004 kB
MemFree:          533796 kB
Active:           415376 kB
Mem:          3.8G       3.3G       521M       5.7M        55M       2.9G

MemTotal:        4016004 kB
MemFree:          532216 kB
Active:           415400 kB
Mem:          3.8G       3.3G       519M       5.7M        55M       2.9G

MemTotal:        4016004 kB
MemFree:          531432 kB
Active:           415372 kB
Mem:          3.8G       3.3G       518M       5.7M        55M       2.9G

MemTotal:        4016004 kB
MemFree:          530352 kB
Active:           415352 kB
Mem:          3.8G       3.3G       517M       5.7M        55M       2.9G

MemTotal:        4016004 kB
MemFree:          507804 kB
Active:           415392 kB
Mem:          3.8G       3.3G       495M       5.7M        55M       2.9G

MemTotal:        4016004 kB
MemFree:          506780 kB
Active:           415412 kB
Mem:          3.8G       3.3G       494M       5.7M        55M       2.9G

MemTotal:        4016004 kB
MemFree:          505672 kB
Active:           415388 kB
Mem:          3.8G       3.3G       493M       5.7M        55M       2.9G

MemTotal:        4016004 kB
MemFree:          503656 kB
Active:           415448 kB
Mem:          3.8G       3.3G       491M       5.7M        55M       2.9G

MemTotal:        4016004 kB
MemFree:          395508 kB
Active:           415436 kB
Mem:          3.8G       3.5G       385M       5.7M        55M       3.0G

MemTotal:        4016004 kB
MemFree:          277684 kB
Active:           415412 kB
Mem:          3.8G       3.6G       270M       5.7M        55M       3.1G

MemTotal:        4016004 kB
MemFree:          155876 kB
Active:           415456 kB
Mem:          3.8G       3.7G       151M       5.7M        55M       3.2G

MemTotal:        4016004 kB
MemFree:          122464 kB
Active:           435612 kB
Mem:          3.8G       3.7G       133M       5.7M        20M       3.3G

MemTotal:        4016004 kB
MemFree:          126976 kB
Active:           472620 kB
Mem:          3.8G       3.7G       123M       5.7M        20M       3.3G

MemTotal:        4016004 kB
MemFree:          149436 kB
Active:           447168 kB
Mem:          3.8G       3.7G       146M       5.7M        20M       3.3G

MemTotal:        4016004 kB
MemFree:          148456 kB
Active:           440512 kB
Mem:          3.8G       3.7G       144M       5.7M        20M       3.3G

MemTotal:        4016004 kB
MemFree:          147656 kB
Active:           440524 kB
Mem:          3.8G       3.7G       144M       5.7M        20M       3.3G

MemTotal:        4016004 kB
MemFree:          147796 kB
Active:           440492 kB
Mem:          3.8G       3.7G       144M       5.7M        20M       3.3G

MemTotal:        4016004 kB
MemFree:          147656 kB
Active:           440540 kB
Mem:          3.8G       3.7G       144M       5.7M        20M       3.3G

MemTotal:        4016004 kB
MemFree:          146604 kB
Active:           440508 kB
Mem:          3.8G       3.7G       143M       5.7M        20M       3.3G

MemTotal:        4016004 kB
MemFree:          144416 kB
Active:           440556 kB
Mem:          3.8G       3.7G       140M       5.7M        20M       3.3G

MemTotal:        4016004 kB
MemFree:          143292 kB
Active:           440532 kB
Mem:          3.8G       3.7G       139M       5.7M        20M       3.3G

MemTotal:        4016004 kB
MemFree:          141080 kB
Active:           440560 kB
Mem:          3.8G       3.7G       137M       5.7M        20M       3.3G

MemTotal:        4016004 kB
MemFree:          124212 kB
Active:           439524 kB
Mem:          3.8G       3.7G       121M       5.7M        20M       3.3G

MemTotal:        4016004 kB
MemFree:          138304 kB
Active:           433300 kB
Mem:          3.8G       3.7G       134M       5.7M        20M       3.3G

MemTotal:        4016004 kB
MemFree:          132760 kB
Active:           428948 kB
Mem:          3.8G       3.7G       129M       5.7M        20M       3.3G

MemTotal:        4016004 kB
MemFree:          132400 kB
Active:           424860 kB
Mem:          3.8G       3.7G       128M       5.7M        20M       3.3G

MemTotal:        4016004 kB
MemFree:          129736 kB
Active:           422376 kB
Mem:          3.8G       3.7G       126M       5.7M        20M       3.3G

MemTotal:        4016004 kB
MemFree:          140752 kB
Active:           415848 kB
Mem:          3.8G       3.7G       138M       5.7M        20M       3.3G

MemTotal:        4016004 kB
MemFree:          147552 kB
Active:           414568 kB
Mem:          3.8G       3.7G       143M       5.7M        20M       3.3G

MemTotal:        4016004 kB
MemFree:          147180 kB
Active:           414584 kB
Mem:          3.8G       3.7G       143M       5.7M        20M       3.3G

MemTotal:        4016004 kB
MemFree:          145932 kB
Active:           414556 kB
Mem:          3.8G       3.7G       142M       5.7M        20M       3.3G

MemTotal:        4016004 kB
MemFree:          144168 kB
Active:           414576 kB
Mem:          3.8G       3.7G       140M       5.7M        20M       3.3G

MemTotal:        4016004 kB
MemFree:          142780 kB
Active:           414604 kB
Mem:          3.8G       3.7G       139M       5.7M        20M       3.3G

MemTotal:        4016004 kB
MemFree:          112936 kB
Active:           414564 kB
Mem:          3.8G       3.7G       110M       5.7M        20M       3.3G

MemTotal:        4016004 kB
MemFree:          112564 kB
Active:           414588 kB
Mem:          3.8G       3.7G       109M       5.7M        20M       3.3G

MemTotal:        4016004 kB
MemFree:          112516 kB
Active:           414628 kB
Mem:          3.8G       3.7G       109M       5.7M        20M       3.3G

MemTotal:        4016004 kB
MemFree:          110696 kB
Active:           412580 kB
Mem:          3.8G       3.7G       108M       5.7M        20M       3.3G

MemTotal:        4016004 kB
MemFree:          129988 kB
Active:           407164 kB
Mem:          3.8G       3.7G       126M       5.7M        20M       3.3G

MemTotal:        4016004 kB
MemFree:          126808 kB
Active:           400388 kB
Mem:          3.8G       3.7G       135M       5.7M        20M       3.3G

MemTotal:        4016004 kB
MemFree:          142196 kB
Active:           396416 kB
Mem:          3.8G       3.7G       138M       5.7M        20M       3.3G

MemTotal:        4016004 kB
MemFree:          124576 kB
Active:           395880 kB
Mem:          3.8G       3.7G       121M       5.7M        20M       3.3G

MemTotal:        4016004 kB
MemFree:          138660 kB
Active:           392804 kB
Mem:          3.8G       3.7G       135M       5.7M        20M       3.3G

MemTotal:        4016004 kB
MemFree:          125272 kB
Active:           392168 kB
Mem:          3.8G       3.7G       121M       5.7M        20M       3.3G

MemTotal:        4016004 kB
MemFree:          125916 kB
Active:           388840 kB
Mem:          3.8G       3.7G       122M       5.7M        20M       3.3G

MemTotal:        4016004 kB
MemFree:          126112 kB
Active:           388472 kB
Mem:          3.8G       3.7G       123M       5.7M        20M       3.3G

MemTotal:        4016004 kB
MemFree:          131652 kB
Active:           387148 kB
Mem:          3.8G       3.7G       128M       5.7M        20M       3.3G

MemTotal:        4016004 kB
MemFree:          128264 kB
Active:           385672 kB
Mem:          3.8G       3.7G       125M       5.7M        20M       3.3G

MemTotal:        4016004 kB
MemFree:          126160 kB
Active:           385684 kB
Mem:          3.8G       3.7G       123M       5.7M        20M       3.3G

MemTotal:        4016004 kB
MemFree:          125832 kB
Active:           385672 kB
Mem:          3.8G       3.7G       122M       5.7M        20M       3.3G

MemTotal:        4016004 kB
MemFree:          125060 kB
Active:           385664 kB
Mem:          3.8G       3.7G       122M       5.7M        20M       3.3G

MemTotal:        4016004 kB
MemFree:          130312 kB
Active:           381844 kB
Mem:          3.8G       3.7G       126M       5.7M        20M       3.3G

MemTotal:        4016004 kB
MemFree:          135116 kB
Active:           374848 kB
Mem:          3.8G       3.7G       131M       5.7M        20M       3.3G

MemTotal:        4016004 kB
MemFree:          141984 kB
Active:           370368 kB
Mem:          3.8G       3.7G       138M       5.7M        20M       3.3G

MemTotal:        4016004 kB
MemFree:          132780 kB
Active:           370236 kB
Mem:          3.8G       3.7G       128M       5.7M        20M       3.3G

MemTotal:        4016004 kB
MemFree:          107448 kB
Active:           368432 kB
Mem:          3.8G       3.7G       104M       5.7M        20M       3.3G

MemTotal:        4016004 kB
MemFree:          127364 kB
Active:           367828 kB
Mem:          3.8G       3.7G       124M       5.7M        20M       3.3G

MemTotal:        4016004 kB
MemFree:          106216 kB
Active:           367332 kB
Mem:          3.8G       3.7G       103M       5.7M        20M       3.3G

MemTotal:        4016004 kB
MemFree:          125552 kB
Active:           365748 kB
Mem:          3.8G       3.7G       122M       5.7M        20M       3.3G

MemTotal:        4016004 kB
MemFree:          123160 kB
Active:           365748 kB
Mem:          3.8G       3.7G       120M       5.7M        20M       3.3G

MemTotal:        4016004 kB
MemFree:          122220 kB
Active:           365780 kB
Mem:          3.8G       3.7G       119M       5.7M        20M       3.3G

MemTotal:        4016004 kB
MemFree:          121540 kB
Active:           365772 kB
Mem:          3.8G       3.7G       118M       5.7M        20M       3.3G

MemTotal:        4016004 kB
MemFree:          121668 kB
Active:           365752 kB
Mem:          3.8G       3.7G       118M       5.7M        20M       3.3G

MemTotal:        4016004 kB
MemFree:          136636 kB
Active:           363992 kB
Mem:          3.8G       3.7G       132M       5.7M        20M       3.3G

MemTotal:        4016004 kB
MemFree:          118152 kB
Active:           362332 kB
Mem:          3.8G       3.7G       114M       5.7M        20M       3.3G

MemTotal:        4016004 kB
MemFree:          130180 kB
Active:           362336 kB
Mem:          3.8G       3.7G       126M       5.7M        20M       3.3G

MemTotal:        4016004 kB
MemFree:          136016 kB
Active:           362336 kB
Mem:          3.8G       3.7G       132M       5.7M        20M       3.3G

MemTotal:        4016004 kB
MemFree:          130000 kB
Active:           362348 kB
Mem:          3.8G       3.7G       126M       5.7M        20M       3.3G

MemTotal:        4016004 kB
MemFree:          112240 kB
Active:           362324 kB
Mem:          3.8G       3.7G       109M       5.7M        20M       3.3G

MemTotal:        4016004 kB
MemFree:          125448 kB
Active:           362332 kB
Mem:          3.8G       3.7G       122M       5.7M        20M       3.3G

MemTotal:        4016004 kB
MemFree:          133724 kB
Active:           362228 kB
Mem:          3.8G       3.7G       130M       5.7M        20M       3.3G

MemTotal:        4016004 kB
MemFree:          137300 kB
Active:           362232 kB
Mem:          3.8G       3.7G       133M       5.7M        20M       3.3G

MemTotal:        4016004 kB
MemFree:          134644 kB
Active:           362256 kB
Mem:          3.8G       3.7G       131M       5.7M        20M       3.3G

MemTotal:        4016004 kB
MemFree:          134724 kB
Active:           362248 kB
Mem:          3.8G       3.7G       130M       5.7M        20M       3.3G

MemTotal:        4016004 kB
MemFree:          117088 kB
Active:           359132 kB
Mem:          3.8G       3.7G       114M       5.7M        20M       3.3G

MemTotal:        4016004 kB
MemFree:          136248 kB
Active:           359048 kB
Mem:          3.8G       3.7G       132M       5.7M        20M       3.3G

MemTotal:        4016004 kB
MemFree:          124140 kB
Active:           360092 kB
Mem:          3.8G       3.7G       120M       5.7M        20M       3.3G

MemTotal:        4016004 kB
MemFree:          120032 kB
Active:           360004 kB
Mem:          3.8G       3.7G       116M       5.7M        20M       3.3G

MemTotal:        4016004 kB
MemFree:          132584 kB
Active:           360024 kB
Mem:          3.8G       3.7G       129M       5.7M        20M       3.3G

MemTotal:        4016004 kB
MemFree:          120944 kB
Active:           359968 kB
Mem:          3.8G       3.7G       116M       5.7M        20M       3.3G

MemTotal:        4016004 kB
MemFree:          110348 kB
Active:           360024 kB
Mem:          3.8G       3.7G       107M       5.7M        20M       3.3G

MemTotal:        4016004 kB
MemFree:          134740 kB
Active:           360024 kB
Mem:          3.8G       3.7G       131M       5.7M        20M       3.3G

MemTotal:        4016004 kB
MemFree:          133388 kB
Active:           360036 kB
Mem:          3.8G       3.7G       130M       5.7M        20M       3.3G

MemTotal:        4016004 kB
MemFree:          133236 kB
Active:           360040 kB
Mem:          3.8G       3.7G       129M       5.7M        20M       3.3G

MemTotal:        4016004 kB
MemFree:          133892 kB
Active:           360000 kB
Mem:          3.8G       3.7G       130M       5.7M        20M       3.3G

MemTotal:        4016004 kB
MemFree:          127484 kB
Active:           359788 kB
Mem:          3.8G       3.7G       124M       5.7M        20M       3.3G

MemTotal:        4016004 kB
MemFree:          113836 kB
Active:           359668 kB
Mem:          3.8G       3.7G       111M       5.7M        20M       3.3G

MemTotal:        4016004 kB
MemFree:          116632 kB
Active:           359404 kB
Mem:          3.8G       3.7G       113M       5.7M        20M       3.3G

MemTotal:        4016004 kB
MemFree:          120220 kB
Active:           359404 kB
Mem:          3.8G       3.7G       116M       5.7M        20M       3.3G

MemTotal:        4016004 kB
MemFree:          127152 kB
Active:           359424 kB
Mem:          3.8G       3.7G       124M       5.7M        20M       3.3G

MemTotal:        4016004 kB
MemFree:          133080 kB
Active:           358644 kB
Mem:          3.8G       3.7G       129M       5.7M        20M       3.3G

MemTotal:        4016004 kB
MemFree:          122628 kB
Active:           358644 kB
Mem:          3.8G       3.7G       119M       5.7M        20M       3.3G

MemTotal:        4016004 kB
MemFree:          115604 kB
Active:           358620 kB
Mem:          3.8G       3.7G       112M       5.7M        20M       3.3G

MemTotal:        4016004 kB
MemFree:          146248 kB
Active:           358644 kB
Mem:          3.8G       3.7G       142M       5.7M        20M       3.2G

MemTotal:        4016004 kB
MemFree:          146056 kB
Active:           358648 kB
Mem:          3.8G       3.7G       142M       5.7M        20M       3.2G

MemTotal:        4016004 kB
MemFree:          143340 kB
Active:           358640 kB
Mem:          3.8G       3.7G       139M       5.7M        20M       3.3G

MemTotal:        4016004 kB
MemFree:          142380 kB
Active:           358672 kB
Mem:          3.8G       3.7G       139M       5.7M        20M       3.3G

MemTotal:        4016004 kB
MemFree:          141456 kB
Active:           358684 kB
Mem:          3.8G       3.7G       138M       5.7M        20M       3.3G

MemTotal:        4016004 kB
MemFree:          121532 kB
Active:           358652 kB
Mem:          3.8G       3.7G       118M       5.7M        20M       3.3G

MemTotal:        4016004 kB
MemFree:          130912 kB
Active:           356148 kB
Mem:          3.8G       3.7G       127M       5.7M        20M       3.3G

MemTotal:        4016004 kB
MemFree:          128572 kB
Active:           356088 kB
Mem:          3.8G       3.7G       125M       5.7M        20M       3.3G

MemTotal:        4016004 kB
MemFree:          120568 kB
Active:           356088 kB
Mem:          3.8G       3.7G       117M       5.7M        20M       3.3G

MemTotal:        4016004 kB
MemFree:          128396 kB
Active:           356092 kB
Mem:          3.8G       3.7G       125M       5.7M        20M       3.3G

MemTotal:        4016004 kB
MemFree:          120112 kB
Active:           356068 kB
Mem:          3.8G       3.7G       116M       5.7M        20M       3.3G

MemTotal:        4016004 kB
MemFree:          119428 kB
Active:           355940 kB
Mem:          3.8G       3.7G       116M       5.7M        20M       3.3G

MemTotal:        4016004 kB
MemFree:          105716 kB
Active:           355948 kB
Mem:          3.8G       3.7G       103M       5.7M        20M       3.3G

MemTotal:        4016004 kB
MemFree:          130676 kB
Active:           355936 kB
Mem:          3.8G       3.7G       127M       5.7M        20M       3.3G

MemTotal:        4016004 kB
MemFree:          130880 kB
Active:           355928 kB
Mem:          3.8G       3.7G       127M       5.7M        20M       3.3G

MemTotal:        4016004 kB
MemFree:          130180 kB
Active:           355956 kB
Mem:          3.8G       3.7G       127M       5.7M        20M       3.3G

MemTotal:        4016004 kB
MemFree:          129924 kB
Active:           355932 kB
Mem:          3.8G       3.7G       126M       5.7M        20M       3.3G

MemTotal:        4016004 kB
MemFree:          128344 kB
Active:           355976 kB
Mem:          3.8G       3.7G       125M       5.7M        20M       3.3G

MemTotal:        4016004 kB
MemFree:          138284 kB
Active:           355980 kB
Mem:          3.8G       3.7G       134M       5.7M        20M       3.3G

MemTotal:        4016004 kB
MemFree:          133448 kB
Active:           355988 kB
Mem:          3.8G       3.7G       130M       5.7M        20M       3.3G

MemTotal:        4016004 kB
MemFree:          130924 kB
Active:           353072 kB
Mem:          3.8G       3.7G       127M       5.7M        20M       3.3G

MemTotal:        4016004 kB
MemFree:          127692 kB
Active:           353072 kB
Mem:          3.8G       3.7G       124M       5.7M        20M       3.3G

MemTotal:        4016004 kB
MemFree:          129096 kB
Active:           354584 kB
Mem:          3.8G       3.7G       125M       5.7M        20M       3.3G

MemTotal:        4016004 kB
MemFree:          143592 kB
Active:           354592 kB
Mem:          3.8G       3.7G       139M       5.7M        20M       3.2G

MemTotal:        4016004 kB
MemFree:          127840 kB
Active:           354592 kB
Mem:          3.8G       3.7G       124M       5.7M        20M       3.3G

MemTotal:        4016004 kB
MemFree:          127804 kB
Active:           354560 kB
Mem:          3.8G       3.7G       124M       5.7M        20M       3.3G

MemTotal:        4016004 kB
MemFree:          126704 kB
Active:           354616 kB
Mem:          3.8G       3.7G       123M       5.7M        20M       3.3G

MemTotal:        4016004 kB
MemFree:          126040 kB
Active:           354616 kB
Mem:          3.8G       3.7G       122M       5.7M        20M       3.3G

MemTotal:        4016004 kB
MemFree:          125580 kB
Active:           354616 kB
Mem:          3.8G       3.7G       122M       5.7M        20M       3.3G

MemTotal:        4016004 kB
MemFree:          122236 kB
Active:           354584 kB
Mem:          3.8G       3.7G       118M       5.7M        20M       3.3G

MemTotal:        4016004 kB
MemFree:          128888 kB
Active:           350672 kB
Mem:          3.8G       3.7G       125M       5.7M        20M       3.3G

MemTotal:        4016004 kB
MemFree:          127092 kB
Active:           350556 kB
Mem:          3.8G       3.7G       123M       5.7M        20M       3.3G

MemTotal:        4016004 kB
MemFree:          111000 kB
Active:           350540 kB
Mem:          3.8G       3.7G       108M       5.7M        20M       3.3G

MemTotal:        4016004 kB
MemFree:          127680 kB
Active:           350556 kB
Mem:          3.8G       3.7G       124M       5.7M        20M       3.3G

MemTotal:        4016004 kB
MemFree:          108428 kB
Active:           350568 kB
Mem:          3.8G       3.7G       105M       5.7M        20M       3.3G

MemTotal:        4016004 kB
MemFree:          148816 kB
Active:           348976 kB
Mem:          3.8G       3.7G       145M       5.7M        20M       3.2G

MemTotal:        4016004 kB
MemFree:          133028 kB
Active:           348864 kB
Mem:          3.8G       3.7G       129M       5.7M        20M       3.3G

MemTotal:        4016004 kB
MemFree:          132800 kB
Active:           348884 kB
Mem:          3.8G       3.7G       129M       5.7M        20M       3.3G

MemTotal:        4016004 kB
MemFree:          131420 kB
Active:           348912 kB
Mem:          3.8G       3.7G       127M       5.7M        20M       3.3G

MemTotal:        4016004 kB
MemFree:          129164 kB
Active:           348916 kB
Mem:          3.8G       3.7G       126M       5.7M        20M       3.3G

MemTotal:        4016004 kB
MemFree:          128436 kB
Active:           348896 kB
Mem:          3.8G       3.7G       125M       5.7M        20M       3.3G

MemTotal:        4016004 kB
MemFree:          128528 kB
Active:           348880 kB
Mem:          3.8G       3.7G       125M       5.7M        20M       3.3G

MemTotal:        4016004 kB
MemFree:          127604 kB
Active:           348928 kB
Mem:          3.8G       3.7G       124M       5.7M        20M       3.3G

MemTotal:        4016004 kB
MemFree:          123660 kB
Active:           348928 kB
Mem:          3.8G       3.7G       120M       5.7M        20M       3.3G

MemTotal:        4016004 kB
MemFree:          149732 kB
Active:           345924 kB
Mem:          3.8G       3.7G       146M       5.7M        20M       3.2G

MemTotal:        4016004 kB
MemFree:          118480 kB
Active:           345896 kB
Mem:          3.8G       3.7G       114M       5.7M        20M       3.3G

MemTotal:        4016004 kB
MemFree:          135752 kB
Active:           345928 kB
Mem:          3.8G       3.7G       132M       5.7M        20M       3.3G

MemTotal:        4016004 kB
MemFree:          131544 kB
Active:           345940 kB
Mem:          3.8G       3.7G       128M       5.7M        20M       3.3G

MemTotal:        4016004 kB
MemFree:          107460 kB
Active:           345944 kB
Mem:          3.8G       3.7G       104M       5.7M        20M       3.3G

MemTotal:        4016004 kB
MemFree:          107264 kB
Active:           345920 kB
Mem:          3.8G       3.7G       104M       5.7M        20M       3.3G

MemTotal:        4016004 kB
MemFree:          107088 kB
Active:           345960 kB
Mem:          3.8G       3.7G       104M       5.7M        20M       3.3G

MemTotal:        4016004 kB
MemFree:          105632 kB
Active:           345956 kB
Mem:          3.8G       3.7G       102M       5.7M        20M       3.3G

MemTotal:        4016004 kB
MemFree:          128912 kB
Active:           345964 kB
Mem:          3.8G       3.7G       125M       5.7M        20M       3.3G

MemTotal:        4016004 kB
MemFree:          123596 kB
Active:           346000 kB
Mem:          3.8G       3.7G       119M       5.7M        20M       3.3G

MemTotal:        4016004 kB
MemFree:          134468 kB
Active:           346064 kB
Mem:          3.8G       3.7G       131M       5.7M        20M       3.3G

MemTotal:        4016004 kB
MemFree:          131184 kB
Active:           342776 kB
Mem:          3.8G       3.7G       127M       5.7M        20M       3.3G

MemTotal:        4016004 kB
MemFree:          134892 kB
Active:           342700 kB
Mem:          3.8G       3.7G       131M       5.7M        20M       3.3G

MemTotal:        4016004 kB
MemFree:          136996 kB
Active:           342728 kB
Mem:          3.8G       3.7G       133M       5.7M        20M       3.2G

MemTotal:        4016004 kB
MemFree:          121876 kB
Active:           342752 kB
Mem:          3.8G       3.7G       119M       5.7M        20M       3.3G

MemTotal:        4016004 kB
MemFree:          133132 kB
Active:           342760 kB
Mem:          3.8G       3.7G       130M       5.7M        20M       3.3G

MemTotal:        4016004 kB
MemFree:          133192 kB
Active:           342792 kB
Mem:          3.8G       3.7G       129M       5.7M        20M       3.3G

MemTotal:        4016004 kB
MemFree:          143368 kB
Active:           342840 kB
Mem:          3.8G       3.7G       139M       5.7M        20M       3.2G

MemTotal:        4016004 kB
MemFree:          142256 kB
Active:           342848 kB
Mem:          3.8G       3.7G       138M       5.7M        20M       3.2G

MemTotal:        4016004 kB
MemFree:          140060 kB
Active:           342868 kB
Mem:          3.8G       3.7G       136M       5.7M        20M       3.2G

MemTotal:        4016004 kB
MemFree:          139228 kB
Active:           342832 kB
Mem:          3.8G       3.7G       135M       5.7M        20M       3.2G

MemTotal:        4016004 kB
MemFree:          138208 kB
Active:           342880 kB
Mem:          3.8G       3.7G       134M       5.7M        20M       3.2G

MemTotal:        4016004 kB
MemFree:          126524 kB
Active:           342900 kB
Mem:          3.8G       3.7G       123M       5.7M        20M       3.3G

MemTotal:        4016004 kB
MemFree:          120556 kB
Active:           342960 kB
Mem:          3.8G       3.7G       117M       5.7M        20M       3.3G

MemTotal:        4016004 kB
MemFree:          140068 kB
Active:           339724 kB
Mem:          3.8G       3.7G       136M       5.7M        20M       3.2G

MemTotal:        4016004 kB
MemFree:          146044 kB
Active:           339724 kB
Mem:          3.8G       3.7G       142M       5.7M        20M       3.2G

MemTotal:        4016004 kB
MemFree:          139464 kB
Active:           339704 kB
Mem:          3.8G       3.7G       135M       5.7M        20M       3.2G

MemTotal:        4016004 kB
MemFree:          115936 kB
Active:           339768 kB
Mem:          3.8G       3.7G       113M       5.7M        20M       3.3G

MemTotal:        4016004 kB
MemFree:          131764 kB
Active:           339900 kB
Mem:          3.8G       3.7G       128M       5.7M        20M       3.3G

MemTotal:        4016004 kB
MemFree:          104744 kB
Active:           339800 kB
Mem:          3.8G       3.7G       102M       5.7M        20M       3.3G

MemTotal:        4016004 kB
MemFree:          128012 kB
Active:           340020 kB
Mem:          3.8G       3.7G       124M       5.7M        20M       3.3G

MemTotal:        4016004 kB
MemFree:          127568 kB
Active:           340040 kB
Mem:          3.8G       3.7G       124M       5.7M        20M       3.3G

MemTotal:        4016004 kB
MemFree:          126952 kB
Active:           340072 kB
Mem:          3.8G       3.7G       124M       5.7M        20M       3.3G

MemTotal:        4016004 kB
MemFree:          126816 kB
Active:           340124 kB
Mem:          3.8G       3.7G       123M       5.7M        20M       3.3G

MemTotal:        4016004 kB
MemFree:          104960 kB
Active:           340020 kB
Mem:          3.8G       3.7G       104M       5.7M        20M       3.3G

MemTotal:        4016004 kB
MemFree:          114116 kB
Active:           337904 kB
Mem:          3.8G       3.7G       111M       5.7M        20M       3.3G

MemTotal:        4016004 kB
MemFree:          133508 kB
Active:           337828 kB
Mem:          3.8G       3.7G       129M       5.7M        20M       3.3G

MemTotal:        4016004 kB
MemFree:          108364 kB
Active:           345660 kB
Mem:          3.8G       3.7G       105M       5.7M        27M       3.3G

MemTotal:        4016004 kB
MemFree:          127640 kB
Active:           345796 kB
Mem:          3.8G       3.7G       124M       5.7M        27M       3.2G

MemTotal:        4016004 kB
MemFree:          138436 kB
Active:           345352 kB
Mem:          3.8G       3.7G       135M       5.7M        27M       3.2G

MemTotal:        4016004 kB
MemFree:          107688 kB
Active:           344940 kB
Mem:          3.8G       3.7G       104M       5.7M        27M       3.3G

MemTotal:        4016004 kB
MemFree:          137668 kB
Active:           344968 kB
Mem:          3.8G       3.7G       134M       5.7M        27M       3.2G

MemTotal:        4016004 kB
MemFree:          137884 kB
Active:           344972 kB
Mem:          3.8G       3.7G       134M       5.7M        27M       3.2G

MemTotal:        4016004 kB
MemFree:          135904 kB
Active:           344968 kB
Mem:          3.8G       3.7G       132M       5.7M        27M       3.2G

MemTotal:        4016004 kB
MemFree:          135264 kB
Active:           344976 kB
Mem:          3.8G       3.7G       131M       5.7M        27M       3.2G

MemTotal:        4016004 kB
MemFree:          122780 kB
Active:           344948 kB
Mem:          3.8G       3.7G       119M       5.7M        27M       3.3G

MemTotal:        4016004 kB
MemFree:          137348 kB
Active:           344996 kB
Mem:          3.8G       3.7G       134M       5.7M        27M       3.2G

MemTotal:        4016004 kB
MemFree:          133928 kB
Active:           344996 kB
Mem:          3.8G       3.7G       130M       5.7M        27M       3.2G

MemTotal:        4016004 kB
MemFree:          120440 kB
Active:           344752 kB
Mem:          3.8G       3.7G       117M       5.7M        27M       3.3G

MemTotal:        4016004 kB
MemFree:          112788 kB
Active:           344468 kB
Mem:          3.8G       3.7G       110M       5.7M        27M       3.3G

MemTotal:        4016004 kB
MemFree:          113264 kB
Active:           344280 kB
Mem:          3.8G       3.7G       110M       5.7M        27M       3.3G

MemTotal:        4016004 kB
MemFree:          113264 kB
Active:           344256 kB
Mem:          3.8G       3.7G       110M       5.7M        27M       3.3G

MemTotal:        4016004 kB
MemFree:          113760 kB
Active:           344296 kB
Mem:          3.8G       3.7G       110M       5.7M        27M       3.3G

MemTotal:        4016004 kB
MemFree:          113140 kB
Active:           344312 kB
Mem:          3.8G       3.7G       110M       5.7M        27M       3.3G

MemTotal:        4016004 kB
MemFree:          113228 kB
Active:           344284 kB
Mem:          3.8G       3.7G       110M       5.7M        27M       3.3G

MemTotal:        4016004 kB
MemFree:          112740 kB
Active:           344328 kB
Mem:          3.8G       3.7G       109M       5.7M        27M       3.3G

MemTotal:        4016004 kB
MemFree:          112556 kB
Active:           344292 kB
Mem:          3.8G       3.7G       109M       5.7M        27M       3.3G

MemTotal:        4016004 kB
MemFree:          112252 kB
Active:           344344 kB
Mem:          3.8G       3.7G       109M       5.7M        27M       3.3G

MemTotal:        4016004 kB
MemFree:          112784 kB
Active:           344308 kB
Mem:          3.8G       3.7G       110M       5.7M        27M       3.3G

MemTotal:        4016004 kB
MemFree:          112412 kB
Active:           344348 kB
Mem:          3.8G       3.7G       109M       5.7M        27M       3.3G

MemTotal:        4016004 kB
MemFree:          112908 kB
Active:           344308 kB
Mem:          3.8G       3.7G       110M       5.7M        27M       3.3G

MemTotal:        4016004 kB
MemFree:          112412 kB
Active:           344336 kB
Mem:          3.8G       3.7G       109M       5.7M        27M       3.3G

MemTotal:        4016004 kB
MemFree:          112908 kB
Active:           344304 kB
Mem:          3.8G       3.7G       110M       5.7M        27M       3.3G

MemTotal:        4016004 kB
MemFree:          112908 kB
Active:           344336 kB
Mem:          3.8G       3.7G       110M       5.7M        27M       3.3G

MemTotal:        4016004 kB
MemFree:          112412 kB
Active:           344360 kB
Mem:          3.8G       3.7G       110M       5.7M        27M       3.3G

MemTotal:        4016004 kB
MemFree:          112908 kB
Active:           344344 kB
Mem:          3.8G       3.7G       110M       5.7M        27M       3.3G

MemTotal:        4016004 kB
MemFree:          113032 kB
Active:           344340 kB
Mem:          3.8G       3.7G       110M       5.7M        27M       3.3G

MemTotal:        4016004 kB
MemFree:          112784 kB
Active:           344360 kB
Mem:          3.8G       3.7G       110M       5.7M        27M       3.3G

MemTotal:        4016004 kB
MemFree:          113032 kB
Active:           344332 kB
Mem:          3.8G       3.7G       110M       5.7M        27M       3.3G

MemTotal:        4016004 kB
MemFree:          112908 kB
Active:           344328 kB
Mem:          3.8G       3.7G       110M       5.7M        27M       3.3G

MemTotal:        4016004 kB
MemFree:          112908 kB
Active:           344368 kB
Mem:          3.8G       3.7G       110M       5.7M        27M       3.3G

MemTotal:        4016004 kB
MemFree:          112412 kB
Active:           344384 kB
Mem:          3.8G       3.7G       110M       5.7M        27M       3.3G

MemTotal:        4016004 kB
MemFree:          112784 kB
Active:           344344 kB
Mem:          3.8G       3.7G       110M       5.7M        27M       3.3G

MemTotal:        4016004 kB
MemFree:          112412 kB
Active:           344388 kB
Mem:          3.8G       3.7G       109M       5.7M        27M       3.3G

MemTotal:        4016004 kB
MemFree:          112908 kB
Active:           344364 kB
Mem:          3.8G       3.7G       110M       5.7M        27M       3.3G

MemTotal:        4016004 kB
MemFree:          112536 kB
Active:           344388 kB
Mem:          3.8G       3.7G       109M       5.7M        27M       3.3G

MemTotal:        4016004 kB
MemFree:          112784 kB
Active:           344352 kB
Mem:          3.8G       3.7G       110M       5.7M        27M       3.3G

MemTotal:        4016004 kB
MemFree:          112536 kB
Active:           344388 kB
Mem:          3.8G       3.7G       109M       5.7M        27M       3.3G

MemTotal:        4016004 kB
MemFree:          112908 kB
Active:           344348 kB
Mem:          3.8G       3.7G       110M       5.7M        27M       3.3G

MemTotal:        4016004 kB
MemFree:          113156 kB
Active:           344340 kB
Mem:          3.8G       3.7G       110M       5.7M        27M       3.3G

MemTotal:        4016004 kB
MemFree:          112908 kB
Active:           344372 kB
Mem:          3.8G       3.7G       110M       5.7M        27M       3.3G

MemTotal:        4016004 kB
MemFree:          112908 kB
Active:           344352 kB
Mem:          3.8G       3.7G       110M       5.7M        27M       3.3G

MemTotal:        4016004 kB
MemFree:          112784 kB
Active:           344388 kB
Mem:          3.8G       3.7G       110M       5.7M        27M       3.3G

MemTotal:        4016004 kB
MemFree:          112784 kB
Active:           344368 kB
Mem:          3.8G       3.7G       109M       5.7M        27M       3.3G

MemTotal:        4016004 kB
MemFree:          112784 kB
Active:           344348 kB
Mem:          3.8G       3.7G       110M       5.7M        27M       3.3G

MemTotal:        4016004 kB
MemFree:          112288 kB
Active:           344404 kB
Mem:          3.8G       3.7G       109M       5.7M        27M       3.3G

MemTotal:        4016004 kB
MemFree:          112660 kB
Active:           344372 kB
Mem:          3.8G       3.7G       110M       5.7M        27M       3.3G

MemTotal:        4016004 kB
MemFree:          112288 kB
Active:           344420 kB
Mem:          3.8G       3.7G       109M       5.7M        27M       3.3G

MemTotal:        4016004 kB
MemFree:          110364 kB
Active:           344420 kB
Mem:          3.8G       3.7G       108M       5.7M        27M       3.3G

MemTotal:        4016004 kB
MemFree:          110736 kB
Active:           346420 kB
Mem:          3.8G       3.7G       107M       5.7M        27M       3.3G

MemTotal:        4016004 kB
MemFree:          110612 kB
Active:           346440 kB
Mem:          3.8G       3.7G       108M       5.7M        27M       3.3G

MemTotal:        4016004 kB
MemFree:          110240 kB
Active:           346468 kB
Mem:          3.8G       3.7G       107M       5.7M        27M       3.3G

MemTotal:        4016004 kB
MemFree:          110612 kB
Active:           346428 kB
Mem:          3.8G       3.7G       107M       5.7M        27M       3.3G

MemTotal:        4016004 kB
MemFree:          110240 kB
Active:           346468 kB
Mem:          3.8G       3.7G       107M       5.7M        27M       3.3G

MemTotal:        4016004 kB
MemFree:          110612 kB
Active:           346428 kB
Mem:          3.8G       3.7G       107M       5.7M        27M       3.3G

MemTotal:        4016004 kB
MemFree:          110240 kB
Active:           346468 kB
Mem:          3.8G       3.7G       107M       5.7M        27M       3.3G

MemTotal:        4016004 kB
MemFree:          110364 kB
Active:           346436 kB
Mem:          3.8G       3.7G       107M       5.7M        27M       3.3G

MemTotal:        4016004 kB
MemFree:          110488 kB
Active:           346452 kB
Mem:          3.8G       3.7G       107M       5.7M        27M       3.3G

MemTotal:        4016004 kB
MemFree:          110488 kB
Active:           346484 kB
Mem:          3.8G       3.7G       107M       5.7M        27M       3.3G

MemTotal:        4016004 kB
MemFree:          109992 kB
Active:           346488 kB
Mem:          3.8G       3.7G       107M       5.7M        27M       3.3G

MemTotal:        4016004 kB
MemFree:          109992 kB
Active:           346496 kB
Mem:          3.8G       3.7G       107M       5.7M        27M       3.3G

MemTotal:        4016004 kB
MemFree:          110612 kB
Active:           346464 kB
Mem:          3.8G       3.7G       108M       5.7M        27M       3.3G

MemTotal:        4016004 kB
MemFree:          110736 kB
Active:           346440 kB
Mem:          3.8G       3.7G       108M       5.7M        27M       3.3G

MemTotal:        4016004 kB
MemFree:          110860 kB
Active:           346472 kB
Mem:          3.8G       3.7G       108M       5.7M        27M       3.3G

MemTotal:        4016004 kB
MemFree:          110984 kB
Active:           346452 kB
Mem:          3.8G       3.7G       108M       5.7M        27M       3.3G

MemTotal:        4016004 kB
MemFree:          110612 kB
Active:           346504 kB
Mem:          3.8G       3.7G       108M       5.7M        27M       3.3G

MemTotal:        4016004 kB
MemFree:          110984 kB
Active:           346460 kB
Mem:          3.8G       3.7G       108M       5.7M        27M       3.3G

MemTotal:        4016004 kB
MemFree:          110860 kB
Active:           346484 kB
Mem:          3.8G       3.7G       108M       5.7M        27M       3.3G

MemTotal:        4016004 kB
MemFree:          110488 kB
Active:           346504 kB
Mem:          3.8G       3.7G       108M       5.7M        27M       3.3G

MemTotal:        4016004 kB
MemFree:          110488 kB
Active:           346504 kB
Mem:          3.8G       3.7G       107M       5.7M        27M       3.3G

MemTotal:        4016004 kB
MemFree:          110116 kB
Active:           346504 kB
Mem:          3.8G       3.7G       107M       5.7M        27M       3.3G

MemTotal:        4016004 kB
MemFree:          110488 kB
Active:           346464 kB
Mem:          3.8G       3.7G       107M       5.7M        27M       3.3G

MemTotal:        4016004 kB
MemFree:          110736 kB
Active:           346484 kB
Mem:          3.8G       3.7G       108M       5.7M        27M       3.3G

MemTotal:        4016004 kB
MemFree:          110736 kB
Active:           346500 kB
Mem:          3.8G       3.7G       108M       5.7M        27M       3.3G

MemTotal:        4016004 kB
MemFree:          110612 kB
Active:           346468 kB
Mem:          3.8G       3.7G       108M       5.7M        27M       3.3G

MemTotal:        4016004 kB
MemFree:          110736 kB
Active:           346488 kB
Mem:          3.8G       3.7G       108M       5.7M        27M       3.3G

MemTotal:        4016004 kB
MemFree:          110984 kB
Active:           346464 kB
Mem:          3.8G       3.7G       108M       5.7M        27M       3.3G

MemTotal:        4016004 kB
MemFree:          110860 kB
Active:           346448 kB
Mem:          3.8G       3.7G       108M       5.7M        27M       3.3G

MemTotal:        4016004 kB
MemFree:          110860 kB
Active:           346500 kB
Mem:          3.8G       3.7G       108M       5.7M        27M       3.3G

MemTotal:        4016004 kB
MemFree:          110488 kB
Active:           346516 kB
Mem:          3.8G       3.7G       108M       5.7M        27M       3.3G

MemTotal:        4016004 kB
MemFree:          110488 kB
Active:           346492 kB
Mem:          3.8G       3.7G       107M       5.7M        27M       3.3G

MemTotal:        4016004 kB
MemFree:          110736 kB
Active:           346520 kB
Mem:          3.8G       3.7G       108M       5.7M        27M       3.3G

MemTotal:        4016004 kB
MemFree:          110364 kB
Active:           346524 kB
Mem:          3.8G       3.7G       107M       5.7M        27M       3.3G

MemTotal:        4016004 kB
MemFree:          110612 kB
Active:           346500 kB
Mem:          3.8G       3.7G       108M       5.7M        27M       3.3G

MemTotal:        4016004 kB
MemFree:          110612 kB
Active:           346480 kB
Mem:          3.8G       3.7G       108M       5.7M        27M       3.3G

MemTotal:        4016004 kB
MemFree:          110612 kB
Active:           346516 kB
Mem:          3.8G       3.7G       108M       5.7M        27M       3.3G

MemTotal:        4016004 kB
MemFree:          110240 kB
Active:           346524 kB
Mem:          3.8G       3.7G       107M       5.7M        27M       3.3G

MemTotal:        4016004 kB
MemFree:          110364 kB
Active:           346492 kB
Mem:          3.8G       3.7G       107M       5.7M        27M       3.3G

MemTotal:        4016004 kB
MemFree:          110240 kB
Active:           346468 kB
Mem:          3.8G       3.7G       107M       5.7M        27M       3.3G

MemTotal:        4016004 kB
MemFree:          109992 kB
Active:           346528 kB
Mem:          3.8G       3.7G       107M       5.7M        27M       3.3G

MemTotal:        4016004 kB
MemFree:          110116 kB
Active:           346528 kB
Mem:          3.8G       3.7G       107M       5.7M        27M       3.3G

MemTotal:        4016004 kB
MemFree:          110364 kB
Active:           346508 kB
Mem:          3.8G       3.7G       107M       5.7M        27M       3.3G

MemTotal:        4016004 kB
MemFree:          110364 kB
Active:           346484 kB
Mem:          3.8G       3.7G       107M       5.7M        27M       3.3G

MemTotal:        4016004 kB
MemFree:          110364 kB
Active:           346508 kB
Mem:          3.8G       3.7G       107M       5.7M        27M       3.3G

MemTotal:        4016004 kB
MemFree:          110240 kB
Active:           346536 kB
Mem:          3.8G       3.7G       107M       5.7M        27M       3.3G

MemTotal:        4016004 kB
MemFree:          110736 kB
Active:           346500 kB
Mem:          3.8G       3.7G       108M       5.7M        27M       3.3G

MemTotal:        4016004 kB
MemFree:          110736 kB
Active:           346520 kB
Mem:          3.8G       3.7G       108M       5.7M        27M       3.3G

MemTotal:        4016004 kB
MemFree:          110364 kB
Active:           346536 kB
Mem:          3.8G       3.7G       108M       5.7M        27M       3.3G

MemTotal:        4016004 kB
MemFree:          108564 kB
Active:           346484 kB
Mem:          3.8G       3.7G       106M       5.7M        27M       3.3G

MemTotal:        4016004 kB
MemFree:          108192 kB
Active:           348560 kB
Mem:          3.8G       3.7G       106M       5.7M        27M       3.3G

MemTotal:        4016004 kB
MemFree:          108316 kB
Active:           348560 kB
Mem:          3.8G       3.7G       106M       5.7M        27M       3.3G

MemTotal:        4016004 kB
MemFree:          108688 kB
Active:           348528 kB
Mem:          3.8G       3.7G       106M       5.7M        27M       3.3G

MemTotal:        4016004 kB
MemFree:          108812 kB
Active:           348552 kB
Mem:          3.8G       3.7G       106M       5.7M        27M       3.3G

MemTotal:        4016004 kB
MemFree:          108440 kB
Active:           348564 kB
Mem:          3.8G       3.7G       105M       5.7M        27M       3.3G

MemTotal:        4016004 kB
MemFree:          108812 kB
Active:           348528 kB
Mem:          3.8G       3.7G       106M       5.7M        27M       3.3G

MemTotal:        4016004 kB
MemFree:          108936 kB
Active:           348544 kB
Mem:          3.8G       3.7G       106M       5.7M        27M       3.3G

MemTotal:        4016004 kB
MemFree:          108936 kB
Active:           348528 kB
Mem:          3.8G       3.7G       106M       5.7M        27M       3.3G

MemTotal:        4016004 kB
MemFree:          108936 kB
Active:           348556 kB
Mem:          3.8G       3.7G       106M       5.7M        27M       3.3G

MemTotal:        4016004 kB
MemFree:          108936 kB
Active:           348576 kB
Mem:          3.8G       3.7G       106M       5.7M        27M       3.3G

MemTotal:        4016004 kB
MemFree:          108812 kB
Active:           348548 kB
Mem:          3.8G       3.7G       106M       5.7M        27M       3.3G

MemTotal:        4016004 kB
MemFree:          108936 kB
Active:           348572 kB
Mem:          3.8G       3.7G       106M       5.7M        27M       3.3G

MemTotal:        4016004 kB
MemFree:          108812 kB
Active:           348540 kB
Mem:          3.8G       3.7G       106M       5.7M        27M       3.3G

MemTotal:        4016004 kB
MemFree:          108936 kB
Active:           348556 kB
Mem:          3.8G       3.7G       106M       5.7M        27M       3.3G

MemTotal:        4016004 kB
MemFree:          108564 kB
Active:           348588 kB
Mem:          3.8G       3.7G       106M       5.7M        27M       3.3G

MemTotal:        4016004 kB
MemFree:          108564 kB
Active:           348548 kB
Mem:          3.8G       3.7G       105M       5.7M        27M       3.3G

MemTotal:        4016004 kB
MemFree:          108068 kB
Active:           348588 kB
Mem:          3.8G       3.7G       105M       5.7M        27M       3.3G

MemTotal:        4016004 kB
MemFree:          108192 kB
Active:           348576 kB
Mem:          3.8G       3.7G       105M       5.7M        27M       3.3G

MemTotal:        4016004 kB
MemFree:          108068 kB
Active:           348600 kB
Mem:          3.8G       3.7G       105M       5.7M        27M       3.3G

MemTotal:        4016004 kB
MemFree:          108192 kB
Active:           348560 kB
Mem:          3.8G       3.7G       105M       5.7M        27M       3.3G

MemTotal:        4016004 kB
MemFree:          108192 kB
Active:           348548 kB
Mem:          3.8G       3.7G       105M       5.7M        27M       3.3G

MemTotal:        4016004 kB
MemFree:          108440 kB
Active:           348592 kB
Mem:          3.8G       3.7G       105M       5.7M        27M       3.3G

MemTotal:        4016004 kB
MemFree:          108440 kB
Active:           348560 kB
Mem:          3.8G       3.7G       105M       5.7M        28M       3.3G

MemTotal:        4016004 kB
MemFree:          108564 kB
Active:           348600 kB
Mem:          3.8G       3.7G       106M       5.7M        28M       3.3G

MemTotal:        4016004 kB
MemFree:          108564 kB
Active:           348608 kB
Mem:          3.8G       3.7G       106M       5.7M        28M       3.3G

MemTotal:        4016004 kB
MemFree:          108688 kB
Active:           348596 kB
Mem:          3.8G       3.7G       105M       5.7M        28M       3.3G

MemTotal:        4016004 kB
MemFree:          108564 kB
Active:           348588 kB
Mem:          3.8G       3.7G       105M       5.7M        28M       3.3G

MemTotal:        4016004 kB
MemFree:          108564 kB
Active:           348568 kB
Mem:          3.8G       3.7G       106M       5.7M        28M       3.3G

MemTotal:        4016004 kB
MemFree:          108192 kB
Active:           348612 kB
Mem:          3.8G       3.7G       105M       5.7M        28M       3.3G

MemTotal:        4016004 kB
MemFree:          108564 kB
Active:           348580 kB
Mem:          3.8G       3.7G       106M       5.7M        28M       3.3G

MemTotal:        4016004 kB
MemFree:          108688 kB
Active:           348556 kB
Mem:          3.8G       3.7G       106M       5.7M        28M       3.3G

MemTotal:        4016004 kB
MemFree:          108688 kB
Active:           348604 kB
Mem:          3.8G       3.7G       106M       5.7M        28M       3.3G

MemTotal:        4016004 kB
MemFree:          108316 kB
Active:           348620 kB
Mem:          3.8G       3.7G       105M       5.7M        28M       3.3G

MemTotal:        4016004 kB
MemFree:          108688 kB
Active:           348596 kB
Mem:          3.8G       3.7G       106M       5.7M        28M       3.3G

MemTotal:        4016004 kB
MemFree:          108688 kB
Active:           348612 kB
Mem:          3.8G       3.7G       105M       5.7M        28M       3.3G

MemTotal:        4016004 kB
MemFree:          108068 kB
Active:           348628 kB
Mem:          3.8G       3.7G       105M       5.7M        28M       3.3G

MemTotal:        4016004 kB
MemFree:          108564 kB
Active:           348600 kB
Mem:          3.8G       3.7G       106M       5.7M        28M       3.3G

MemTotal:        4016004 kB
MemFree:          108564 kB
Active:           348580 kB
Mem:          3.8G       3.7G       106M       5.7M        28M       3.3G

MemTotal:        4016004 kB
MemFree:          108688 kB
Active:           348612 kB
Mem:          3.8G       3.7G       105M       5.7M        28M       3.3G

MemTotal:        4016004 kB
MemFree:          108316 kB
Active:           348628 kB
Mem:          3.8G       3.7G       106M       5.7M        28M       3.3G

MemTotal:        4016004 kB
MemFree:          108440 kB
Active:           348628 kB
Mem:          3.8G       3.7G       105M       5.7M        28M       3.3G

MemTotal:        4016004 kB
MemFree:          108564 kB
Active:           348612 kB
Mem:          3.8G       3.7G       105M       5.7M        28M       3.3G

MemTotal:        4016004 kB
MemFree:          108440 kB
Active:           348596 kB
Mem:          3.8G       3.7G       105M       5.7M        28M       3.3G

MemTotal:        4016004 kB
MemFree:          107944 kB
Active:           348640 kB
Mem:          3.8G       3.7G       105M       5.7M        28M       3.3G

MemTotal:        4016004 kB
MemFree:          107944 kB
Active:           348616 kB
Mem:          3.8G       3.7G       105M       5.7M        28M       3.3G

MemTotal:        4016004 kB
MemFree:          108068 kB
Active:           348600 kB
Mem:          3.8G       3.7G       105M       5.7M        28M       3.3G

MemTotal:        4016004 kB
MemFree:          107820 kB
Active:           348648 kB
Mem:          3.8G       3.7G       105M       5.7M        28M       3.3G

MemTotal:        4016004 kB
MemFree:          108192 kB
Active:           348624 kB
Mem:          3.8G       3.7G       105M       5.7M        28M       3.3G

MemTotal:        4016004 kB
MemFree:          108192 kB
Active:           348604 kB
Mem:          3.8G       3.7G       105M       5.7M        28M       3.3G

MemTotal:        4016004 kB
MemFree:          107952 kB
Active:           348652 kB
Mem:          3.8G       3.7G       105M       5.7M        28M       3.3G

MemTotal:        4016004 kB
MemFree:          108448 kB
Active:           348620 kB
Mem:          3.8G       3.7G       105M       5.7M        28M       3.3G

MemTotal:        4016004 kB
MemFree:          108448 kB
Active:           348604 kB
Mem:          3.8G       3.7G       105M       5.7M        28M       3.3G

MemTotal:        4016004 kB
MemFree:          108200 kB
Active:           348660 kB
Mem:          3.8G       3.7G       105M       5.7M        28M       3.3G

MemTotal:        4016004 kB
MemFree:          108184 kB
Active:           348660 kB
Mem:          3.8G       3.7G       105M       5.7M        28M       3.3G

MemTotal:        4016004 kB
MemFree:          108448 kB
Active:           348632 kB
Mem:          3.8G       3.7G       105M       5.7M        28M       3.3G

MemTotal:        4016004 kB
MemFree:          108572 kB
Active:           348632 kB
Mem:          3.8G       3.7G       105M       5.7M        28M       3.3G

MemTotal:        4016004 kB
MemFree:          108184 kB
Active:           348664 kB
Mem:          3.8G       3.7G       105M       5.7M        28M       3.3G

MemTotal:        4016004 kB
MemFree:          108324 kB
Active:           348632 kB
Mem:          3.8G       3.7G       105M       5.7M        28M       3.3G

MemTotal:        4016004 kB
MemFree:          108200 kB
Active:           348652 kB
Mem:          3.8G       3.7G       105M       5.7M        28M       3.3G

MemTotal:        4016004 kB
MemFree:          107936 kB
Active:           348676 kB
Mem:          3.8G       3.7G       105M       5.7M        28M       3.3G

MemTotal:        4016004 kB
MemFree:          108200 kB
Active:           348652 kB
Mem:          3.8G       3.7G       105M       5.7M        28M       3.3G

MemTotal:        4016004 kB
MemFree:          108200 kB
Active:           348644 kB
Mem:          3.8G       3.7G       105M       5.7M        28M       3.3G

MemTotal:        4016004 kB
MemFree:          108076 kB
Active:           348656 kB
Mem:          3.8G       3.7G       105M       5.7M        28M       3.3G

MemTotal:        4016004 kB
MemFree:          107812 kB
Active:           348680 kB
Mem:          3.8G       3.7G       105M       5.7M        28M       3.3G

MemTotal:        4016004 kB
MemFree:          107936 kB
Active:           348660 kB
Mem:          3.8G       3.7G       105M       5.7M        28M       3.3G

MemTotal:        4016004 kB
MemFree:          108200 kB
Active:           348640 kB
Mem:          3.8G       3.7G       105M       5.7M        28M       3.3G

MemTotal:        4016004 kB
MemFree:          108448 kB
Active:           348680 kB
Mem:          3.8G       3.7G       105M       5.7M        28M       3.3G

MemTotal:        4016004 kB
MemFree:          108432 kB
Active:           348652 kB
Mem:          3.8G       3.7G       105M       5.7M        28M       3.3G

MemTotal:        4016004 kB
MemFree:          108356 kB
Active:           348792 kB
Mem:          3.8G       3.7G       105M       5.7M        28M       3.3G

MemTotal:        4016004 kB
MemFree:          108308 kB
Active:           348660 kB
Mem:          3.8G       3.7G       105M       5.7M        28M       3.3G

MemTotal:        4016004 kB
MemFree:          108076 kB
Active:           348700 kB
Mem:          3.8G       3.7G       105M       5.7M        28M       3.3G

MemTotal:        4016004 kB
MemFree:          107812 kB
Active:           348704 kB
Mem:          3.8G       3.7G       105M       5.7M        28M       3.3G

MemTotal:        4016004 kB
MemFree:          107728 kB
Active:           348788 kB
Mem:          3.8G       3.7G       105M       5.7M        28M       3.3G

MemTotal:        4016004 kB
MemFree:          107456 kB
Active:           348832 kB
Mem:          3.8G       3.7G       105M       5.7M        28M       3.3G

MemTotal:        4016004 kB
MemFree:          107812 kB
Active:           348696 kB
Mem:          3.8G       3.7G       105M       5.7M        28M       3.3G

MemTotal:        4016004 kB
MemFree:          107796 kB
Active:           348708 kB
Mem:          3.8G       3.7G       105M       5.7M        28M       3.3G

MemTotal:        4016004 kB
MemFree:          108044 kB
Active:           348816 kB
Mem:          3.8G       3.7G       105M       5.7M        28M       3.3G

MemTotal:        4016004 kB
MemFree:          107812 kB
Active:           348720 kB
Mem:          3.8G       3.7G       105M       5.7M        28M       3.3G

MemTotal:        4016004 kB
MemFree:          108028 kB
Active:           348692 kB
Mem:          3.8G       3.7G       105M       5.7M        28M       3.3G

MemTotal:        4016004 kB
MemFree:          107952 kB
Active:           348784 kB
Mem:          3.8G       3.7G       105M       5.7M        28M       3.3G

MemTotal:        4016004 kB
MemFree:          107548 kB
Active:           348856 kB
Mem:          3.8G       3.7G       105M       5.7M        28M       3.3G

MemTotal:        4016004 kB
MemFree:          107780 kB
Active:           348700 kB
Mem:          3.8G       3.7G       105M       5.7M        28M       3.3G

MemTotal:        4016004 kB
MemFree:          107904 kB
Active:           348724 kB
Mem:          3.8G       3.7G       105M       5.7M        28M       3.3G

MemTotal:        4016004 kB
MemFree:          108200 kB
Active:           348864 kB
Mem:          3.8G       3.7G       105M       5.7M        28M       3.3G

MemTotal:        4016004 kB
MemFree:          108068 kB
Active:           348808 kB
Mem:          3.8G       3.7G       105M       5.7M        28M       3.3G

MemTotal:        4016004 kB
MemFree:          108148 kB
Active:           348788 kB
Mem:          3.8G       3.7G       105M       5.7M        28M       3.3G

MemTotal:        4016004 kB
MemFree:          108152 kB
Active:           348704 kB
Mem:          3.8G       3.7G       105M       5.7M        28M       3.3G

MemTotal:        4016004 kB
MemFree:          108152 kB
Active:           348692 kB
Mem:          3.8G       3.7G       105M       5.7M        28M       3.3G

MemTotal:        4016004 kB
MemFree:          108152 kB
Active:           348676 kB
Mem:          3.8G       3.7G       105M       5.7M        28M       3.3G

MemTotal:        4016004 kB
MemFree:          108152 kB
Active:           348664 kB
Mem:          3.8G       3.7G       105M       5.7M        28M       3.3G

MemTotal:        4016004 kB
MemFree:          108152 kB
Active:           348660 kB
Mem:          3.8G       3.7G       105M       5.7M        28M       3.3G

MemTotal:        4016004 kB
MemFree:          107920 kB
Active:           348864 kB
Mem:          3.8G       3.7G       105M       5.7M        28M       3.3G

MemTotal:        4016004 kB
MemFree:          107548 kB
Active:           348896 kB
Mem:          3.8G       3.7G       105M       5.7M        28M       3.3G

MemTotal:        4016004 kB
MemFree:          107688 kB
Active:           348668 kB
Mem:          3.8G       3.7G       105M       5.7M        28M       3.3G

MemTotal:        4016004 kB
MemFree:          107548 kB
Active:           348840 kB
Mem:          3.8G       3.7G       104M       5.7M        28M       3.3G

