MemTotal:        4016004 kB
MemFree:         3245304 kB
Active:           413208 kB
Mem:          3.8G       752M       3.1G       5.7M        55M       315M

MemTotal:        4016004 kB
MemFree:         3247140 kB
Active:           412024 kB
Mem:          3.8G       751M       3.1G       5.7M        55M       315M

MemTotal:        4016004 kB
MemFree:         3247156 kB
Active:           412056 kB
Mem:          3.8G       750M       3.1G       5.7M        55M       315M

MemTotal:        4016004 kB
MemFree:         3247172 kB
Active:           412008 kB
Mem:          3.8G       750M       3.1G       5.7M        55M       315M

MemTotal:        4016004 kB
MemFree:         3247280 kB
Active:           412016 kB
Mem:          3.8G       750M       3.1G       5.7M        55M       315M

MemTotal:        4016004 kB
MemFree:         3247140 kB
Active:           412028 kB
Mem:          3.8G       750M       3.1G       5.7M        55M       315M

MemTotal:        4016004 kB
MemFree:         3247124 kB
Active:           412056 kB
Mem:          3.8G       750M       3.1G       5.7M        55M       315M

MemTotal:        4016004 kB
MemFree:         3246628 kB
Active:           412068 kB
Mem:          3.8G       751M       3.1G       5.7M        55M       315M

MemTotal:        4016004 kB
MemFree:         3247000 kB
Active:           412040 kB
Mem:          3.8G       750M       3.1G       5.7M        55M       315M

MemTotal:        4016004 kB
MemFree:         3247248 kB
Active:           412032 kB
Mem:          3.8G       750M       3.1G       5.7M        55M       315M

MemTotal:        4016004 kB
MemFree:         3246752 kB
Active:           412072 kB
Mem:          3.8G       750M       3.1G       5.7M        55M       315M

MemTotal:        4016004 kB
MemFree:         3247372 kB
Active:           412036 kB
Mem:          3.8G       750M       3.1G       5.7M        55M       315M

MemTotal:        4016004 kB
MemFree:         3247248 kB
Active:           412064 kB
Mem:          3.8G       750M       3.1G       5.7M        55M       315M

MemTotal:        4016004 kB
MemFree:         3247232 kB
Active:           412036 kB
Mem:          3.8G       750M       3.1G       5.7M        55M       315M

MemTotal:        4016004 kB
MemFree:         3247216 kB
Active:           412028 kB
Mem:          3.8G       750M       3.1G       5.7M        55M       315M

MemTotal:        4016004 kB
MemFree:         3247324 kB
Active:           412052 kB
Mem:          3.8G       750M       3.1G       5.7M        55M       315M

MemTotal:        4016004 kB
MemFree:         3247388 kB
Active:           412056 kB
Mem:          3.8G       750M       3.1G       5.7M        55M       315M

MemTotal:        4016004 kB
MemFree:         3247404 kB
Active:           412080 kB
Mem:          3.8G       750M       3.1G       5.7M        55M       315M

MemTotal:        4016004 kB
MemFree:         3245728 kB
Active:           412016 kB
Mem:          3.8G       752M       3.1G       5.7M        55M       315M

MemTotal:        4016004 kB
MemFree:         3245356 kB
Active:           414104 kB
Mem:          3.8G       752M       3.1G       5.7M        55M       315M

MemTotal:        4016004 kB
MemFree:         3245480 kB
Active:           414084 kB
Mem:          3.8G       752M       3.1G       5.7M        55M       315M

MemTotal:        4016004 kB
MemFree:         3245216 kB
Active:           414112 kB
Mem:          3.8G       752M       3.1G       5.7M        55M       315M

MemTotal:        4016004 kB
MemFree:         3245340 kB
Active:           414092 kB
Mem:          3.8G       752M       3.1G       5.7M        55M       315M

MemTotal:        4016004 kB
MemFree:         3244952 kB
Active:           414112 kB
Mem:          3.8G       752M       3.1G       5.7M        55M       315M

MemTotal:        4016004 kB
MemFree:         3245308 kB
Active:           414080 kB
Mem:          3.8G       752M       3.1G       5.7M        55M       315M

MemTotal:        4016004 kB
MemFree:         3245464 kB
Active:           414092 kB
Mem:          3.8G       752M       3.1G       5.7M        55M       315M

MemTotal:        4016004 kB
MemFree:         3245216 kB
Active:           414112 kB
Mem:          3.8G       752M       3.1G       5.7M        55M       315M

MemTotal:        4016004 kB
MemFree:         3245340 kB
Active:           414060 kB
Mem:          3.8G       752M       3.1G       5.7M        55M       315M

MemTotal:        4016004 kB
MemFree:         3244904 kB
Active:           414132 kB
Mem:          3.8G       752M       3.1G       5.7M        55M       315M

MemTotal:        4016004 kB
MemFree:         3245152 kB
Active:           414116 kB
Mem:          3.8G       752M       3.1G       5.7M        55M       315M

MemTotal:        4016004 kB
MemFree:         3244780 kB
Active:           414132 kB
Mem:          3.8G       752M       3.1G       5.7M        55M       315M

MemTotal:        4016004 kB
MemFree:         3245184 kB
Active:           414088 kB
Mem:          3.8G       752M       3.1G       5.7M        55M       315M

MemTotal:        4016004 kB
MemFree:         3245184 kB
Active:           414108 kB
Mem:          3.8G       752M       3.1G       5.7M        55M       315M

MemTotal:        4016004 kB
MemFree:         3244812 kB
Active:           414132 kB
Mem:          3.8G       753M       3.1G       5.7M        55M       315M

MemTotal:        4016004 kB
MemFree:         3245184 kB
Active:           414112 kB
Mem:          3.8G       753M       3.1G       5.7M        55M       315M

MemTotal:        4016004 kB
MemFree:         3245184 kB
Active:           414132 kB
Mem:          3.8G       752M       3.1G       5.7M        55M       315M

MemTotal:        4016004 kB
MemFree:         3244672 kB
Active:           414144 kB
Mem:          3.8G       753M       3.1G       5.7M        55M       315M

MemTotal:        4016004 kB
MemFree:         3245184 kB
Active:           414092 kB
Mem:          3.8G       752M       3.1G       5.7M        55M       315M

MemTotal:        4016004 kB
MemFree:         3245308 kB
Active:           414104 kB
Mem:          3.8G       752M       3.1G       5.7M        55M       315M

MemTotal:        4016004 kB
MemFree:         3244936 kB
Active:           414144 kB
Mem:          3.8G       752M       3.1G       5.7M        55M       315M

MemTotal:        4016004 kB
MemFree:         3244936 kB
Active:           414148 kB
Mem:          3.8G       752M       3.1G       5.7M        55M       315M

MemTotal:        4016004 kB
MemFree:         3245044 kB
Active:           414144 kB
Mem:          3.8G       753M       3.1G       5.7M        55M       315M

MemTotal:        4016004 kB
MemFree:         3244920 kB
Active:           414100 kB
Mem:          3.8G       753M       3.1G       5.7M        55M       315M

MemTotal:        4016004 kB
MemFree:         3244920 kB
Active:           414124 kB
Mem:          3.8G       753M       3.1G       5.7M        55M       315M

MemTotal:        4016004 kB
MemFree:         3244548 kB
Active:           414156 kB
Mem:          3.8G       753M       3.1G       5.7M        55M       315M

MemTotal:        4016004 kB
MemFree:         3244920 kB
Active:           414136 kB
Mem:          3.8G       753M       3.1G       5.7M        55M       315M

MemTotal:        4016004 kB
MemFree:         3245044 kB
Active:           414152 kB
Mem:          3.8G       753M       3.1G       5.7M        55M       315M

MemTotal:        4016004 kB
MemFree:         3244532 kB
Active:           412248 kB
Mem:          3.8G       753M       3.1G       5.7M        55M       315M

MemTotal:        4016004 kB
MemFree:         3244980 kB
Active:           414140 kB
Mem:          3.8G       752M       3.1G       5.7M        55M       315M

MemTotal:        4016004 kB
MemFree:         3245120 kB
Active:           414156 kB
Mem:          3.8G       752M       3.1G       5.7M        55M       315M

MemTotal:        4016004 kB
MemFree:         3244748 kB
Active:           414180 kB
Mem:          3.8G       753M       3.1G       5.7M        55M       315M

MemTotal:        4016004 kB
MemFree:         3244996 kB
Active:           414148 kB
Mem:          3.8G       753M       3.1G       5.7M        55M       315M

MemTotal:        4016004 kB
MemFree:         3244872 kB
Active:           414196 kB
Mem:          3.8G       753M       3.1G       5.7M        55M       315M

MemTotal:        4016004 kB
MemFree:         3244872 kB
Active:           414156 kB
Mem:          3.8G       753M       3.1G       5.7M        55M       315M

MemTotal:        4016004 kB
MemFree:         3244872 kB
Active:           414172 kB
Mem:          3.8G       753M       3.1G       5.7M        55M       315M

MemTotal:        4016004 kB
MemFree:         3244748 kB
Active:           414164 kB
Mem:          3.8G       753M       3.1G       5.7M        55M       315M

MemTotal:        4016004 kB
MemFree:         3244872 kB
Active:           414176 kB
Mem:          3.8G       753M       3.1G       5.7M        55M       315M

MemTotal:        4016004 kB
MemFree:         3242808 kB
Active:           414188 kB
Mem:          3.8G       755M       3.1G       5.7M        55M       315M

MemTotal:        4016004 kB
MemFree:         3242932 kB
Active:           416228 kB
Mem:          3.8G       755M       3.1G       5.7M        55M       315M

MemTotal:        4016004 kB
MemFree:         3243056 kB
Active:           416176 kB
Mem:          3.8G       755M       3.1G       5.7M        55M       315M

MemTotal:        4016004 kB
MemFree:         3243056 kB
Active:           416208 kB
Mem:          3.8G       755M       3.1G       5.7M        55M       315M

MemTotal:        4016004 kB
MemFree:         3128068 kB
Active:           416556 kB
Mem:          3.8G       867M       3.0G       5.7M        55M       426M

MemTotal:        4016004 kB
MemFree:         3083496 kB
Active:           416556 kB
Mem:          3.8G       910M       2.9G       5.7M        55M       469M

MemTotal:        4016004 kB
MemFree:         3059580 kB
Active:           416556 kB
Mem:          3.8G       933M       2.9G       5.7M        55M       491M

MemTotal:        4016004 kB
MemFree:         2943776 kB
Active:           416564 kB
Mem:          3.8G       1.0G       2.8G       5.7M        55M       603M

MemTotal:        4016004 kB
MemFree:         2826836 kB
Active:           416564 kB
Mem:          3.8G       1.1G       2.7G       5.7M        55M       716M

MemTotal:        4016004 kB
MemFree:         2787256 kB
Active:           416544 kB
Mem:          3.8G       1.2G       2.7G       5.7M        55M       754M

MemTotal:        4016004 kB
MemFree:         2745276 kB
Active:           416520 kB
Mem:          3.8G       1.2G       2.6G       5.7M        55M       795M

MemTotal:        4016004 kB
MemFree:         2689580 kB
Active:           416544 kB
Mem:          3.8G       1.3G       2.6G       5.7M        55M       848M

MemTotal:        4016004 kB
MemFree:         2686596 kB
Active:           416532 kB
Mem:          3.8G       1.3G       2.6G       5.7M        55M       850M

MemTotal:        4016004 kB
MemFree:         2685212 kB
Active:           416620 kB
Mem:          3.8G       1.3G       2.6G       5.7M        55M       851M

MemTotal:        4016004 kB
MemFree:         2684360 kB
Active:           416572 kB
Mem:          3.8G       1.3G       2.6G       5.7M        55M       852M

MemTotal:        4016004 kB
MemFree:         2602904 kB
Active:           416620 kB
Mem:          3.8G       1.3G       2.5G       5.7M        55M       930M

MemTotal:        4016004 kB
MemFree:         2465828 kB
Active:           416620 kB
Mem:          3.8G       1.5G       2.4G       5.7M        55M       1.0G

MemTotal:        4016004 kB
MemFree:         2409776 kB
Active:           416572 kB
Mem:          3.8G       1.5G       2.3G       5.7M        55M       1.1G

MemTotal:        4016004 kB
MemFree:         2330508 kB
Active:           416628 kB
Mem:          3.8G       1.6G       2.2G       5.7M        55M       1.2G

MemTotal:        4016004 kB
MemFree:         2286336 kB
Active:           416576 kB
Mem:          3.8G       1.6G       2.2G       5.7M        55M       1.2G

MemTotal:        4016004 kB
MemFree:         2231400 kB
Active:           416632 kB
Mem:          3.8G       1.7G       2.1G       5.7M        55M       1.3G

MemTotal:        4016004 kB
MemFree:         2229508 kB
Active:           416644 kB
Mem:          3.8G       1.7G       2.1G       5.7M        55M       1.3G

MemTotal:        4016004 kB
MemFree:         2149712 kB
Active:           416644 kB
Mem:          3.8G       1.8G       2.0G       5.7M        55M       1.3G

MemTotal:        4016004 kB
MemFree:         2132712 kB
Active:           416652 kB
Mem:          3.8G       1.8G       2.0G       5.7M        55M       1.4G

MemTotal:        4016004 kB
MemFree:         2130600 kB
Active:           416668 kB
Mem:          3.8G       1.8G       2.0G       5.7M        55M       1.4G

MemTotal:        4016004 kB
MemFree:         2129192 kB
Active:           416664 kB
Mem:          3.8G       1.8G       2.0G       5.7M        55M       1.4G

MemTotal:        4016004 kB
MemFree:         2127676 kB
Active:           416684 kB
Mem:          3.8G       1.8G       2.0G       5.7M        55M       1.4G

MemTotal:        4016004 kB
MemFree:         2046316 kB
Active:           416684 kB
Mem:          3.8G       1.9G       2.0G       5.7M        55M       1.4G

MemTotal:        4016004 kB
MemFree:         1918680 kB
Active:           416688 kB
Mem:          3.8G       2.0G       1.8G       5.7M        55M       1.6G

MemTotal:        4016004 kB
MemFree:         1786580 kB
Active:           416688 kB
Mem:          3.8G       2.1G       1.7G       5.7M        55M       1.7G

MemTotal:        4016004 kB
MemFree:         1779216 kB
Active:           416644 kB
Mem:          3.8G       2.1G       1.7G       5.7M        55M       1.7G

MemTotal:        4016004 kB
MemFree:         1740496 kB
Active:           416696 kB
Mem:          3.8G       2.2G       1.7G       5.7M        55M       1.7G

MemTotal:        4016004 kB
MemFree:         1679904 kB
Active:           416696 kB
Mem:          3.8G       2.2G       1.6G       5.7M        55M       1.8G

MemTotal:        4016004 kB
MemFree:         1582764 kB
Active:           416716 kB
Mem:          3.8G       2.3G       1.5G       5.7M        55M       1.9G

MemTotal:        4016004 kB
MemFree:         1580172 kB
Active:           416716 kB
Mem:          3.8G       2.3G       1.5G       5.7M        55M       1.9G

MemTotal:        4016004 kB
MemFree:         1560040 kB
Active:           416684 kB
Mem:          3.8G       2.3G       1.5G       5.7M        55M       1.9G

MemTotal:        4016004 kB
MemFree:         1480008 kB
Active:           416716 kB
Mem:          3.8G       2.4G       1.4G       5.7M        55M       2.0G

MemTotal:        4016004 kB
MemFree:         1479232 kB
Active:           416716 kB
Mem:          3.8G       2.4G       1.4G       5.7M        55M       2.0G

MemTotal:        4016004 kB
MemFree:         1477444 kB
Active:           416680 kB
Mem:          3.8G       2.4G       1.4G       5.7M        55M       2.0G

MemTotal:        4016004 kB
MemFree:         1475584 kB
Active:           416704 kB
Mem:          3.8G       2.4G       1.4G       5.7M        55M       2.0G

MemTotal:        4016004 kB
MemFree:         1473136 kB
Active:           416736 kB
Mem:          3.8G       2.4G       1.4G       5.7M        55M       2.0G

MemTotal:        4016004 kB
MemFree:         1393280 kB
Active:           418764 kB
Mem:          3.8G       2.5G       1.3G       5.7M        55M       2.0G

MemTotal:        4016004 kB
MemFree:         1269628 kB
Active:           418708 kB
Mem:          3.8G       2.6G       1.2G       5.7M        55M       2.2G

MemTotal:        4016004 kB
MemFree:         1141744 kB
Active:           418724 kB
Mem:          3.8G       2.7G       1.1G       5.7M        55M       2.3G

MemTotal:        4016004 kB
MemFree:         1123760 kB
Active:           418784 kB
Mem:          3.8G       2.8G       1.1G       5.7M        55M       2.3G

MemTotal:        4016004 kB
MemFree:         1046276 kB
Active:           418752 kB
Mem:          3.8G       2.8G       1.0G       5.7M        55M       2.4G

MemTotal:        4016004 kB
MemFree:         1023888 kB
Active:           418784 kB
Mem:          3.8G       2.9G       999M       5.7M        55M       2.4G

MemTotal:        4016004 kB
MemFree:          966444 kB
Active:           418784 kB
Mem:          3.8G       2.9G       943M       5.7M        55M       2.4G

MemTotal:        4016004 kB
MemFree:          925216 kB
Active:           418800 kB
Mem:          3.8G       2.9G       903M       5.7M        55M       2.5G

MemTotal:        4016004 kB
MemFree:          923472 kB
Active:           418816 kB
Mem:          3.8G       2.9G       901M       5.7M        55M       2.5G

MemTotal:        4016004 kB
MemFree:          860864 kB
Active:           416892 kB
Mem:          3.8G       3.0G       839M       5.7M        55M       2.5G

MemTotal:        4016004 kB
MemFree:          743536 kB
Active:           418828 kB
Mem:          3.8G       3.1G       726M       5.7M        55M       2.7G

MemTotal:        4016004 kB
MemFree:          651064 kB
Active:           418840 kB
Mem:          3.8G       3.2G       635M       5.7M        55M       2.7G

MemTotal:        4016004 kB
MemFree:          648680 kB
Active:           418824 kB
Mem:          3.8G       3.2G       633M       5.7M        55M       2.7G

MemTotal:        4016004 kB
MemFree:          647580 kB
Active:           418824 kB
Mem:          3.8G       3.2G       632M       5.7M        55M       2.7G

MemTotal:        4016004 kB
MemFree:          577472 kB
Active:           418824 kB
Mem:          3.8G       3.3G       563M       5.7M        55M       2.8G

MemTotal:        4016004 kB
MemFree:          554916 kB
Active:           418864 kB
Mem:          3.8G       3.3G       541M       5.7M        55M       2.8G

MemTotal:        4016004 kB
MemFree:          488884 kB
Active:           418848 kB
Mem:          3.8G       3.4G       477M       5.7M        55M       2.9G

MemTotal:        4016004 kB
MemFree:          488140 kB
Active:           418896 kB
Mem:          3.8G       3.4G       476M       5.7M        55M       2.9G

MemTotal:        4016004 kB
MemFree:          487832 kB
Active:           418904 kB
Mem:          3.8G       3.4G       476M       5.7M        55M       2.9G

MemTotal:        4016004 kB
MemFree:          488024 kB
Active:           418884 kB
Mem:          3.8G       3.4G       476M       5.7M        55M       2.9G

MemTotal:        4016004 kB
MemFree:          486320 kB
Active:           418912 kB
Mem:          3.8G       3.4G       475M       5.7M        55M       2.9G

MemTotal:        4016004 kB
MemFree:          360052 kB
Active:           418916 kB
Mem:          3.8G       3.5G       351M       5.7M        55M       3.0G

MemTotal:        4016004 kB
MemFree:          256504 kB
Active:           418904 kB
Mem:          3.8G       3.6G       249M       5.7M        55M       3.1G

MemTotal:        4016004 kB
MemFree:          136040 kB
Active:           418916 kB
Mem:          3.8G       3.7G       132M       5.7M        55M       3.2G

MemTotal:        4016004 kB
MemFree:          129436 kB
Active:           418900 kB
Mem:          3.8G       3.7G       125M       5.7M        55M       3.2G

MemTotal:        4016004 kB
MemFree:          131300 kB
Active:           427332 kB
Mem:          3.8G       3.7G       147M       5.7M        19M       3.2G

MemTotal:        4016004 kB
MemFree:          149152 kB
Active:           480388 kB
Mem:          3.8G       3.7G       143M       5.7M        19M       3.2G

MemTotal:        4016004 kB
MemFree:          135880 kB
Active:           475196 kB
Mem:          3.8G       3.7G       132M       5.7M        19M       3.3G

MemTotal:        4016004 kB
MemFree:          133696 kB
Active:           475044 kB
Mem:          3.8G       3.7G       130M       5.7M        19M       3.3G

MemTotal:        4016004 kB
MemFree:          132892 kB
Active:           474912 kB
Mem:          3.8G       3.7G       129M       5.7M        19M       3.3G

MemTotal:        4016004 kB
MemFree:          131148 kB
Active:           474968 kB
Mem:          3.8G       3.7G       128M       5.7M        19M       3.3G

MemTotal:        4016004 kB
MemFree:          130808 kB
Active:           474968 kB
Mem:          3.8G       3.7G       127M       5.7M        19M       3.3G

MemTotal:        4016004 kB
MemFree:          141032 kB
Active:           461220 kB
Mem:          3.8G       3.7G       137M       5.7M        19M       3.3G

MemTotal:        4016004 kB
MemFree:          119348 kB
Active:           447568 kB
Mem:          3.8G       3.7G       115M       5.7M        19M       3.3G

MemTotal:        4016004 kB
MemFree:          133260 kB
Active:           432208 kB
Mem:          3.8G       3.7G       129M       5.7M        19M       3.3G

MemTotal:        4016004 kB
MemFree:          126152 kB
Active:           428628 kB
Mem:          3.8G       3.7G       123M       5.7M        19M       3.3G

MemTotal:        4016004 kB
MemFree:          142140 kB
Active:           424624 kB
Mem:          3.8G       3.7G       138M       5.7M        19M       3.3G

MemTotal:        4016004 kB
MemFree:          138264 kB
Active:           423088 kB
Mem:          3.8G       3.7G       134M       5.7M        20M       3.3G

MemTotal:        4016004 kB
MemFree:          143140 kB
Active:           420456 kB
Mem:          3.8G       3.7G       140M       5.7M        20M       3.3G

MemTotal:        4016004 kB
MemFree:          140632 kB
Active:           420048 kB
Mem:          3.8G       3.7G       137M       5.7M        20M       3.3G

MemTotal:        4016004 kB
MemFree:          140320 kB
Active:           419752 kB
Mem:          3.8G       3.7G       136M       5.7M        20M       3.3G

MemTotal:        4016004 kB
MemFree:          138712 kB
Active:           419808 kB
Mem:          3.8G       3.7G       135M       5.7M        20M       3.3G

MemTotal:        4016004 kB
MemFree:          137628 kB
Active:           419796 kB
Mem:          3.8G       3.7G       133M       5.7M        20M       3.3G

MemTotal:        4016004 kB
MemFree:          136952 kB
Active:           419788 kB
Mem:          3.8G       3.7G       133M       5.7M        20M       3.3G

MemTotal:        4016004 kB
MemFree:          138600 kB
Active:           418020 kB
Mem:          3.8G       3.7G       135M       5.7M        20M       3.3G

MemTotal:        4016004 kB
MemFree:          124440 kB
Active:           414312 kB
Mem:          3.8G       3.7G       126M       5.7M        20M       3.3G

MemTotal:        4016004 kB
MemFree:          139272 kB
Active:           407348 kB
Mem:          3.8G       3.7G       135M       5.7M        20M       3.3G

MemTotal:        4016004 kB
MemFree:          136980 kB
Active:           406200 kB
Mem:          3.8G       3.7G       133M       5.7M        20M       3.3G

MemTotal:        4016004 kB
MemFree:          149316 kB
Active:           399376 kB
Mem:          3.8G       3.7G       145M       5.7M        20M       3.2G

MemTotal:        4016004 kB
MemFree:          126048 kB
Active:           399200 kB
Mem:          3.8G       3.7G       122M       5.7M        20M       3.3G

MemTotal:        4016004 kB
MemFree:          141040 kB
Active:           397052 kB
Mem:          3.8G       3.7G       137M       5.7M        20M       3.3G

MemTotal:        4016004 kB
MemFree:          127608 kB
Active:           393600 kB
Mem:          3.8G       3.7G       124M       5.7M        20M       3.3G

MemTotal:        4016004 kB
MemFree:          140552 kB
Active:           392836 kB
Mem:          3.8G       3.7G       137M       5.7M        20M       3.3G

MemTotal:        4016004 kB
MemFree:          140568 kB
Active:           392808 kB
Mem:          3.8G       3.7G       137M       5.7M        20M       3.3G

MemTotal:        4016004 kB
MemFree:          141060 kB
Active:           392840 kB
Mem:          3.8G       3.7G       137M       5.7M        20M       3.3G

MemTotal:        4016004 kB
MemFree:          141140 kB
Active:           392800 kB
Mem:          3.8G       3.7G       137M       5.7M        20M       3.3G

MemTotal:        4016004 kB
MemFree:          124344 kB
Active:           392344 kB
Mem:          3.8G       3.7G       120M       5.7M        20M       3.3G

MemTotal:        4016004 kB
MemFree:          126176 kB
Active:           388632 kB
Mem:          3.8G       3.7G       122M       5.7M        20M       3.3G

MemTotal:        4016004 kB
MemFree:          121128 kB
Active:           383000 kB
Mem:          3.8G       3.7G       118M       5.7M        20M       3.3G

MemTotal:        4016004 kB
MemFree:          136688 kB
Active:           380144 kB
Mem:          3.8G       3.7G       133M       5.7M        20M       3.3G

MemTotal:        4016004 kB
MemFree:          133772 kB
Active:           377460 kB
Mem:          3.8G       3.7G       130M       5.7M        20M       3.3G

MemTotal:        4016004 kB
MemFree:          133468 kB
Active:           377436 kB
Mem:          3.8G       3.7G       128M       5.7M        20M       3.3G

MemTotal:        4016004 kB
MemFree:          139016 kB
Active:           375164 kB
Mem:          3.8G       3.7G       135M       5.7M        20M       3.3G

MemTotal:        4016004 kB
MemFree:          127280 kB
Active:           373116 kB
Mem:          3.8G       3.7G       124M       5.7M        20M       3.3G

MemTotal:        4016004 kB
MemFree:          127780 kB
Active:           372820 kB
Mem:          3.8G       3.7G       124M       5.7M        20M       3.3G

MemTotal:        4016004 kB
MemFree:          126480 kB
Active:           372880 kB
Mem:          3.8G       3.7G       123M       5.7M        20M       3.3G

MemTotal:        4016004 kB
MemFree:          125616 kB
Active:           372876 kB
Mem:          3.8G       3.7G       122M       5.7M        20M       3.3G

MemTotal:        4016004 kB
MemFree:          125004 kB
Active:           372880 kB
Mem:          3.8G       3.7G       122M       5.7M        20M       3.3G

MemTotal:        4016004 kB
MemFree:          116716 kB
Active:           371096 kB
Mem:          3.8G       3.7G       113M       5.7M        20M       3.3G

MemTotal:        4016004 kB
MemFree:          110192 kB
Active:           368544 kB
Mem:          3.8G       3.7G       106M       5.7M        20M       3.3G

MemTotal:        4016004 kB
MemFree:          135740 kB
Active:           363808 kB
Mem:          3.8G       3.7G       143M       5.7M        20M       3.2G

MemTotal:        4016004 kB
MemFree:          116844 kB
Active:           361760 kB
Mem:          3.8G       3.7G       113M       5.7M        20M       3.3G

MemTotal:        4016004 kB
MemFree:          131904 kB
Active:           360484 kB
Mem:          3.8G       3.7G       128M       5.7M        20M       3.3G

MemTotal:        4016004 kB
MemFree:          114660 kB
Active:           360460 kB
Mem:          3.8G       3.7G       111M       5.7M        20M       3.3G

MemTotal:        4016004 kB
MemFree:          140456 kB
Active:           360372 kB
Mem:          3.8G       3.7G       137M       5.7M        20M       3.3G

MemTotal:        4016004 kB
MemFree:          133432 kB
Active:           360372 kB
Mem:          3.8G       3.7G       130M       5.7M        20M       3.3G

MemTotal:        4016004 kB
MemFree:          129564 kB
Active:           360376 kB
Mem:          3.8G       3.7G       126M       5.7M        20M       3.3G

MemTotal:        4016004 kB
MemFree:          130060 kB
Active:           360348 kB
Mem:          3.8G       3.7G       127M       5.7M        20M       3.3G

MemTotal:        4016004 kB
MemFree:          129164 kB
Active:           360360 kB
Mem:          3.8G       3.7G       126M       5.7M        20M       3.3G

MemTotal:        4016004 kB
MemFree:          129452 kB
Active:           360380 kB
Mem:          3.8G       3.7G       126M       5.7M        20M       3.3G

MemTotal:        4016004 kB
MemFree:          135136 kB
Active:           360420 kB
Mem:          3.8G       3.7G       131M       5.7M        20M       3.3G

MemTotal:        4016004 kB
MemFree:          113336 kB
Active:           360264 kB
Mem:          3.8G       3.7G       110M       5.7M        20M       3.3G

MemTotal:        4016004 kB
MemFree:          125388 kB
Active:           359904 kB
Mem:          3.8G       3.7G       123M       5.7M        20M       3.3G

MemTotal:        4016004 kB
MemFree:          135204 kB
Active:           359804 kB
Mem:          3.8G       3.7G       131M       5.7M        20M       3.3G

MemTotal:        4016004 kB
MemFree:          142944 kB
Active:           359816 kB
Mem:          3.8G       3.7G       139M       5.7M        20M       3.2G

MemTotal:        4016004 kB
MemFree:          137964 kB
Active:           359800 kB
Mem:          3.8G       3.7G       134M       5.7M        20M       3.3G

MemTotal:        4016004 kB
MemFree:          122220 kB
Active:           359828 kB
Mem:          3.8G       3.7G       119M       5.7M        20M       3.3G

MemTotal:        4016004 kB
MemFree:          121988 kB
Active:           357800 kB
Mem:          3.8G       3.7G       118M       5.7M        20M       3.3G

MemTotal:        4016004 kB
MemFree:          130068 kB
Active:           358628 kB
Mem:          3.8G       3.7G       126M       5.7M        20M       3.3G

MemTotal:        4016004 kB
MemFree:          129588 kB
Active:           358544 kB
Mem:          3.8G       3.7G       126M       5.7M        20M       3.3G

MemTotal:        4016004 kB
MemFree:          127476 kB
Active:           358560 kB
Mem:          3.8G       3.7G       124M       5.7M        20M       3.3G

MemTotal:        4016004 kB
MemFree:          126516 kB
Active:           358524 kB
Mem:          3.8G       3.7G       122M       5.7M        20M       3.3G

MemTotal:        4016004 kB
MemFree:          120536 kB
Active:           358512 kB
Mem:          3.8G       3.7G       117M       5.7M        20M       3.3G

MemTotal:        4016004 kB
MemFree:          119044 kB
Active:           358436 kB
Mem:          3.8G       3.7G       115M       5.7M        20M       3.3G

MemTotal:        4016004 kB
MemFree:          132240 kB
Active:           358440 kB
Mem:          3.8G       3.7G       128M       5.7M        20M       3.3G

MemTotal:        4016004 kB
MemFree:          132180 kB
Active:           358444 kB
Mem:          3.8G       3.7G       129M       5.7M        20M       3.3G

MemTotal:        4016004 kB
MemFree:          129152 kB
Active:           358440 kB
Mem:          3.8G       3.7G       125M       5.7M        20M       3.3G

MemTotal:        4016004 kB
MemFree:          130364 kB
Active:           358460 kB
Mem:          3.8G       3.7G       126M       5.7M        20M       3.3G

MemTotal:        4016004 kB
MemFree:          126536 kB
Active:           358560 kB
Mem:          3.8G       3.7G       123M       5.7M        20M       3.3G

MemTotal:        4016004 kB
MemFree:          126188 kB
Active:           357096 kB
Mem:          3.8G       3.7G       122M       5.7M        20M       3.3G

MemTotal:        4016004 kB
MemFree:          122752 kB
Active:           356960 kB
Mem:          3.8G       3.7G       119M       5.7M        20M       3.3G

MemTotal:        4016004 kB
MemFree:          134708 kB
Active:           356960 kB
Mem:          3.8G       3.7G       131M       5.7M        20M       3.3G

MemTotal:        4016004 kB
MemFree:          134536 kB
Active:           356948 kB
Mem:          3.8G       3.7G       131M       5.7M        20M       3.3G

MemTotal:        4016004 kB
MemFree:          134076 kB
Active:           356944 kB
Mem:          3.8G       3.7G       130M       5.7M        20M       3.3G

MemTotal:        4016004 kB
MemFree:          132948 kB
Active:           356952 kB
Mem:          3.8G       3.7G       129M       5.7M        20M       3.3G

MemTotal:        4016004 kB
MemFree:          121684 kB
Active:           356960 kB
Mem:          3.8G       3.7G       118M       5.7M        20M       3.3G

MemTotal:        4016004 kB
MemFree:          122524 kB
Active:           356948 kB
Mem:          3.8G       3.7G       119M       5.7M        20M       3.3G

MemTotal:        4016004 kB
MemFree:          138564 kB
Active:           355864 kB
Mem:          3.8G       3.7G       137M       5.7M        20M       3.2G

MemTotal:        4016004 kB
MemFree:          144532 kB
Active:           357708 kB
Mem:          3.8G       3.7G       140M       5.7M        20M       3.2G

MemTotal:        4016004 kB
MemFree:          127880 kB
Active:           357672 kB
Mem:          3.8G       3.7G       124M       5.7M        20M       3.3G

MemTotal:        4016004 kB
MemFree:          126524 kB
Active:           357668 kB
Mem:          3.8G       3.7G       123M       5.7M        20M       3.3G

MemTotal:        4016004 kB
MemFree:          112564 kB
Active:           357704 kB
Mem:          3.8G       3.7G       109M       5.7M        20M       3.3G

MemTotal:        4016004 kB
MemFree:          127132 kB
Active:           357708 kB
Mem:          3.8G       3.7G       124M       5.7M        20M       3.3G

MemTotal:        4016004 kB
MemFree:          126332 kB
Active:           357720 kB
Mem:          3.8G       3.7G       123M       5.7M        20M       3.3G

MemTotal:        4016004 kB
MemFree:          125172 kB
Active:           357732 kB
Mem:          3.8G       3.7G       122M       5.7M        20M       3.3G

MemTotal:        4016004 kB
MemFree:          124276 kB
Active:           357712 kB
Mem:          3.8G       3.7G       121M       5.7M        20M       3.3G

MemTotal:        4016004 kB
MemFree:          118100 kB
Active:           357712 kB
Mem:          3.8G       3.7G       114M       5.7M        20M       3.3G

MemTotal:        4016004 kB
MemFree:          128604 kB
Active:           352824 kB
Mem:          3.8G       3.7G       125M       5.7M        20M       3.3G

MemTotal:        4016004 kB
MemFree:          134040 kB
Active:           352684 kB
Mem:          3.8G       3.7G       130M       5.7M        20M       3.3G

MemTotal:        4016004 kB
MemFree:          120716 kB
Active:           352680 kB
Mem:          3.8G       3.7G       116M       5.7M        20M       3.3G

MemTotal:        4016004 kB
MemFree:          125356 kB
Active:           350080 kB
Mem:          3.8G       3.7G       122M       5.7M        20M       3.3G

MemTotal:        4016004 kB
MemFree:          117504 kB
Active:           350076 kB
Mem:          3.8G       3.7G       114M       5.7M        20M       3.3G

MemTotal:        4016004 kB
MemFree:          128804 kB
Active:           350072 kB
Mem:          3.8G       3.7G       125M       5.7M        20M       3.3G

MemTotal:        4016004 kB
MemFree:          125232 kB
Active:           350096 kB
Mem:          3.8G       3.7G       121M       5.7M        20M       3.3G

MemTotal:        4016004 kB
MemFree:          140148 kB
Active:           350124 kB
Mem:          3.8G       3.7G       136M       5.7M        20M       3.2G

MemTotal:        4016004 kB
MemFree:          139040 kB
Active:           350140 kB
Mem:          3.8G       3.7G       135M       5.7M        20M       3.2G

MemTotal:        4016004 kB
MemFree:          136672 kB
Active:           350148 kB
Mem:          3.8G       3.7G       133M       5.7M        20M       3.2G

MemTotal:        4016004 kB
MemFree:          135680 kB
Active:           350132 kB
Mem:          3.8G       3.7G       132M       5.7M        20M       3.3G

MemTotal:        4016004 kB
MemFree:          118948 kB
Active:           350096 kB
Mem:          3.8G       3.7G       115M       5.7M        20M       3.3G

MemTotal:        4016004 kB
MemFree:          120184 kB
Active:           350120 kB
Mem:          3.8G       3.7G       116M       5.7M        20M       3.3G

MemTotal:        4016004 kB
MemFree:          131264 kB
Active:           347188 kB
Mem:          3.8G       3.7G       127M       5.7M        20M       3.3G

MemTotal:        4016004 kB
MemFree:          129548 kB
Active:           346992 kB
Mem:          3.8G       3.7G       126M       5.7M        20M       3.3G

MemTotal:        4016004 kB
MemFree:          149196 kB
Active:           347000 kB
Mem:          3.8G       3.7G       145M       5.7M        20M       3.2G

MemTotal:        4016004 kB
MemFree:          135088 kB
Active:           346980 kB
Mem:          3.8G       3.7G       132M       5.7M        20M       3.2G

MemTotal:        4016004 kB
MemFree:          147724 kB
Active:           347004 kB
Mem:          3.8G       3.7G       144M       5.7M        20M       3.2G

MemTotal:        4016004 kB
MemFree:          132188 kB
Active:           347008 kB
Mem:          3.8G       3.7G       129M       5.7M        20M       3.3G

MemTotal:        4016004 kB
MemFree:          131300 kB
Active:           347020 kB
Mem:          3.8G       3.7G       128M       5.7M        20M       3.3G

MemTotal:        4016004 kB
MemFree:          131220 kB
Active:           347028 kB
Mem:          3.8G       3.7G       128M       5.7M        20M       3.3G

MemTotal:        4016004 kB
MemFree:          130816 kB
Active:           346020 kB
Mem:          3.8G       3.7G       127M       5.7M        20M       3.3G

MemTotal:        4016004 kB
MemFree:          131416 kB
Active:           347948 kB
Mem:          3.8G       3.7G       128M       5.7M        20M       3.3G

MemTotal:        4016004 kB
MemFree:          126092 kB
Active:           345092 kB
Mem:          3.8G       3.7G       122M       5.7M        20M       3.3G

MemTotal:        4016004 kB
MemFree:          117640 kB
Active:           344920 kB
Mem:          3.8G       3.7G       113M       5.7M        20M       3.3G

MemTotal:        4016004 kB
MemFree:          129812 kB
Active:           344960 kB
Mem:          3.8G       3.7G       125M       5.7M        20M       3.3G

MemTotal:        4016004 kB
MemFree:          130400 kB
Active:           344968 kB
Mem:          3.8G       3.7G       127M       5.7M        20M       3.3G

MemTotal:        4016004 kB
MemFree:          127100 kB
Active:           344840 kB
Mem:          3.8G       3.7G       123M       5.7M        20M       3.3G

MemTotal:        4016004 kB
MemFree:          140000 kB
Active:           343432 kB
Mem:          3.8G       3.7G       136M       5.7M        20M       3.2G

MemTotal:        4016004 kB
MemFree:          121136 kB
Active:           343344 kB
Mem:          3.8G       3.7G       118M       5.7M        20M       3.3G

MemTotal:        4016004 kB
MemFree:          105244 kB
Active:           343340 kB
Mem:          3.8G       3.7G       102M       5.7M        20M       3.3G

MemTotal:        4016004 kB
MemFree:          130184 kB
Active:           343336 kB
Mem:          3.8G       3.7G       126M       5.7M        20M       3.3G

MemTotal:        4016004 kB
MemFree:          128612 kB
Active:           343380 kB
Mem:          3.8G       3.7G       125M       5.7M        20M       3.3G

MemTotal:        4016004 kB
MemFree:          127580 kB
Active:           343344 kB
Mem:          3.8G       3.7G       124M       5.7M        20M       3.3G

MemTotal:        4016004 kB
MemFree:          126548 kB
Active:           343352 kB
Mem:          3.8G       3.7G       123M       5.7M        20M       3.3G

MemTotal:        4016004 kB
MemFree:          124816 kB
Active:           343352 kB
Mem:          3.8G       3.7G       121M       5.7M        20M       3.3G

MemTotal:        4016004 kB
MemFree:          129268 kB
Active:           343348 kB
Mem:          3.8G       3.7G       125M       5.7M        20M       3.3G

MemTotal:        4016004 kB
MemFree:          127040 kB
Active:           343384 kB
Mem:          3.8G       3.7G       123M       5.7M        20M       3.3G

MemTotal:        4016004 kB
MemFree:          126984 kB
Active:           342388 kB
Mem:          3.8G       3.7G       123M       5.7M        20M       3.3G

MemTotal:        4016004 kB
MemFree:          124388 kB
Active:           342332 kB
Mem:          3.8G       3.7G       121M       5.7M        20M       3.3G

MemTotal:        4016004 kB
MemFree:          134928 kB
Active:           342292 kB
Mem:          3.8G       3.7G       131M       5.7M        20M       3.2G

MemTotal:        4016004 kB
MemFree:          137460 kB
Active:           342312 kB
Mem:          3.8G       3.7G       134M       5.7M        20M       3.2G

MemTotal:        4016004 kB
MemFree:          127136 kB
Active:           342368 kB
Mem:          3.8G       3.7G       124M       5.7M        20M       3.3G

MemTotal:        4016004 kB
MemFree:          126484 kB
Active:           342384 kB
Mem:          3.8G       3.7G       123M       5.7M        20M       3.3G

MemTotal:        4016004 kB
MemFree:          125464 kB
Active:           342380 kB
Mem:          3.8G       3.7G       122M       5.7M        20M       3.3G

MemTotal:        4016004 kB
MemFree:          112668 kB
Active:           342384 kB
Mem:          3.8G       3.7G       109M       5.7M        20M       3.3G

MemTotal:        4016004 kB
MemFree:          149756 kB
Active:           342504 kB
Mem:          3.8G       3.7G       146M       5.7M        20M       3.2G

MemTotal:        4016004 kB
MemFree:          120972 kB
Active:           342352 kB
Mem:          3.8G       3.7G       117M       5.7M        20M       3.3G

MemTotal:        4016004 kB
MemFree:          136124 kB
Active:           340540 kB
Mem:          3.8G       3.7G       133M       5.7M        20M       3.2G

MemTotal:        4016004 kB
MemFree:          134620 kB
Active:           340492 kB
Mem:          3.8G       3.7G       131M       5.7M        20M       3.2G

MemTotal:        4016004 kB
MemFree:          138612 kB
Active:           340576 kB
Mem:          3.8G       3.7G       135M       5.7M        20M       3.2G

MemTotal:        4016004 kB
MemFree:          127056 kB
Active:           342764 kB
Mem:          3.8G       3.7G       124M       5.7M        20M       3.3G

MemTotal:        4016004 kB
MemFree:          135084 kB
Active:           342600 kB
Mem:          3.8G       3.7G       131M       5.7M        20M       3.2G

MemTotal:        4016004 kB
MemFree:          139156 kB
Active:           342728 kB
Mem:          3.8G       3.7G       135M       5.7M        20M       3.2G

MemTotal:        4016004 kB
MemFree:          138436 kB
Active:           342736 kB
Mem:          3.8G       3.7G       135M       5.7M        20M       3.2G

MemTotal:        4016004 kB
MemFree:          136892 kB
Active:           342804 kB
Mem:          3.8G       3.7G       133M       5.7M        20M       3.2G

MemTotal:        4016004 kB
MemFree:          135808 kB
Active:           342744 kB
Mem:          3.8G       3.7G       132M       5.7M        20M       3.2G

MemTotal:        4016004 kB
MemFree:          136072 kB
Active:           342664 kB
Mem:          3.8G       3.7G       133M       5.7M        20M       3.2G

MemTotal:        4016004 kB
MemFree:          126276 kB
Active:           342704 kB
Mem:          3.8G       3.7G       122M       5.7M        20M       3.3G

MemTotal:        4016004 kB
MemFree:          127012 kB
Active:           342736 kB
Mem:          3.8G       3.7G       123M       5.7M        20M       3.3G

MemTotal:        4016004 kB
MemFree:          130544 kB
Active:           340904 kB
Mem:          3.8G       3.7G       127M       5.7M        20M       3.2G

MemTotal:        4016004 kB
MemFree:          137436 kB
Active:           340936 kB
Mem:          3.8G       3.7G       134M       5.7M        20M       3.2G

MemTotal:        4016004 kB
MemFree:          132864 kB
Active:           340772 kB
Mem:          3.8G       3.7G       128M       5.7M        20M       3.2G

MemTotal:        4016004 kB
MemFree:          138944 kB
Active:           340628 kB
Mem:          3.8G       3.7G       135M       5.7M        20M       3.2G

MemTotal:        4016004 kB
MemFree:          127552 kB
Active:           340668 kB
Mem:          3.8G       3.7G       124M       5.7M        20M       3.2G

MemTotal:        4016004 kB
MemFree:          138084 kB
Active:           340652 kB
Mem:          3.8G       3.7G       134M       5.7M        20M       3.2G

MemTotal:        4016004 kB
MemFree:          110832 kB
Active:           340568 kB
Mem:          3.8G       3.7G       108M       5.7M        20M       3.3G

MemTotal:        4016004 kB
MemFree:          109476 kB
Active:           340784 kB
Mem:          3.8G       3.7G       106M       5.7M        20M       3.3G

MemTotal:        4016004 kB
MemFree:          108732 kB
Active:           340804 kB
Mem:          3.8G       3.7G       106M       5.7M        20M       3.3G

MemTotal:        4016004 kB
MemFree:          108828 kB
Active:           340836 kB
Mem:          3.8G       3.7G       106M       5.7M        20M       3.3G

MemTotal:        4016004 kB
MemFree:          109176 kB
Active:           340628 kB
Mem:          3.8G       3.7G       106M       5.7M        20M       3.3G

MemTotal:        4016004 kB
MemFree:          122272 kB
Active:           340592 kB
Mem:          3.8G       3.7G       119M       5.7M        20M       3.3G

MemTotal:        4016004 kB
MemFree:          112576 kB
Active:           340692 kB
Mem:          3.8G       3.7G       109M       5.7M        20M       3.3G

MemTotal:        4016004 kB
MemFree:          145480 kB
Active:           340692 kB
Mem:          3.8G       3.7G       141M       5.7M        20M       3.2G

MemTotal:        4016004 kB
MemFree:          127136 kB
Active:           340544 kB
Mem:          3.8G       3.7G       123M       5.7M        20M       3.2G

MemTotal:        4016004 kB
MemFree:          142704 kB
Active:           340556 kB
Mem:          3.8G       3.7G       139M       5.7M        20M       3.2G

MemTotal:        4016004 kB
MemFree:          138148 kB
Active:           340556 kB
Mem:          3.8G       3.7G       134M       5.7M        20M       3.2G

MemTotal:        4016004 kB
MemFree:          115276 kB
Active:           340556 kB
Mem:          3.8G       3.7G       112M       5.7M        20M       3.3G

MemTotal:        4016004 kB
MemFree:          114936 kB
Active:           340572 kB
Mem:          3.8G       3.7G       112M       5.7M        20M       3.3G

MemTotal:        4016004 kB
MemFree:          114472 kB
Active:           340576 kB
Mem:          3.8G       3.7G       111M       5.7M        20M       3.3G

MemTotal:        4016004 kB
MemFree:          112096 kB
Active:           340580 kB
Mem:          3.8G       3.7G       109M       5.7M        20M       3.3G

MemTotal:        4016004 kB
MemFree:          119072 kB
Active:           340580 kB
Mem:          3.8G       3.7G       115M       5.7M        20M       3.3G

MemTotal:        4016004 kB
MemFree:          112728 kB
Active:           340268 kB
Mem:          3.8G       3.7G       110M       5.7M        20M       3.3G

MemTotal:        4016004 kB
MemFree:          113348 kB
Active:           340232 kB
Mem:          3.8G       3.7G       110M       5.7M        20M       3.3G

MemTotal:        4016004 kB
MemFree:          112728 kB
Active:           340276 kB
Mem:          3.8G       3.7G       110M       5.7M        20M       3.3G

MemTotal:        4016004 kB
MemFree:          112852 kB
Active:           340276 kB
Mem:          3.8G       3.7G       110M       5.7M        20M       3.3G

MemTotal:        4016004 kB
MemFree:          113348 kB
Active:           340256 kB
Mem:          3.8G       3.7G       110M       5.7M        20M       3.3G

MemTotal:        4016004 kB
MemFree:          112976 kB
Active:           340276 kB
Mem:          3.8G       3.7G       110M       5.7M        20M       3.3G

MemTotal:        4016004 kB
MemFree:          113348 kB
Active:           340272 kB
Mem:          3.8G       3.7G       110M       5.7M        20M       3.3G

MemTotal:        4016004 kB
MemFree:          112976 kB
Active:           340276 kB
Mem:          3.8G       3.7G       110M       5.7M        20M       3.3G

MemTotal:        4016004 kB
MemFree:          113472 kB
Active:           340248 kB
Mem:          3.8G       3.7G       110M       5.7M        20M       3.3G

MemTotal:        4016004 kB
MemFree:          113100 kB
Active:           340280 kB
Mem:          3.8G       3.7G       110M       5.7M        20M       3.3G

MemTotal:        4016004 kB
MemFree:          113348 kB
Active:           340264 kB
Mem:          3.8G       3.7G       110M       5.7M        20M       3.3G

MemTotal:        4016004 kB
MemFree:          113348 kB
Active:           340272 kB
Mem:          3.8G       3.7G       110M       5.7M        20M       3.3G

MemTotal:        4016004 kB
MemFree:          113224 kB
Active:           340256 kB
Mem:          3.8G       3.7G       110M       5.7M        20M       3.3G

MemTotal:        4016004 kB
MemFree:          112976 kB
Active:           340292 kB
Mem:          3.8G       3.7G       110M       5.7M        20M       3.3G

MemTotal:        4016004 kB
MemFree:          113348 kB
Active:           340260 kB
Mem:          3.8G       3.7G       110M       5.7M        20M       3.3G

MemTotal:        4016004 kB
MemFree:          113348 kB
Active:           340276 kB
Mem:          3.8G       3.7G       110M       5.7M        20M       3.3G

MemTotal:        4016004 kB
MemFree:          113224 kB
Active:           340292 kB
Mem:          3.8G       3.7G       110M       5.7M        20M       3.3G

MemTotal:        4016004 kB
MemFree:          112852 kB
Active:           340300 kB
Mem:          3.8G       3.7G       110M       5.7M        20M       3.3G

MemTotal:        4016004 kB
MemFree:          113224 kB
Active:           340284 kB
Mem:          3.8G       3.7G       110M       5.7M        20M       3.3G

MemTotal:        4016004 kB
MemFree:          110804 kB
Active:           340288 kB
Mem:          3.8G       3.7G       108M       5.7M        20M       3.3G

MemTotal:        4016004 kB
MemFree:          111052 kB
Active:           342308 kB
Mem:          3.8G       3.7G       108M       5.7M        20M       3.3G

MemTotal:        4016004 kB
MemFree:          111052 kB
Active:           342316 kB
Mem:          3.8G       3.7G       108M       5.7M        20M       3.3G

MemTotal:        4016004 kB
MemFree:          111052 kB
Active:           342316 kB
Mem:          3.8G       3.7G       108M       5.7M        20M       3.3G

MemTotal:        4016004 kB
MemFree:          110804 kB
Active:           342340 kB
Mem:          3.8G       3.7G       108M       5.7M        20M       3.3G

MemTotal:        4016004 kB
MemFree:          111176 kB
Active:           342284 kB
Mem:          3.8G       3.7G       108M       5.7M        20M       3.3G

MemTotal:        4016004 kB
MemFree:          111176 kB
Active:           342308 kB
Mem:          3.8G       3.7G       108M       5.7M        20M       3.3G

MemTotal:        4016004 kB
MemFree:          110680 kB
Active:           342340 kB
Mem:          3.8G       3.7G       108M       5.7M        20M       3.3G

MemTotal:        4016004 kB
MemFree:          111176 kB
Active:           342336 kB
Mem:          3.8G       3.7G       108M       5.7M        20M       3.3G

MemTotal:        4016004 kB
MemFree:          111176 kB
Active:           342348 kB
Mem:          3.8G       3.7G       108M       5.7M        20M       3.3G

MemTotal:        4016004 kB
MemFree:          110868 kB
Active:           342348 kB
Mem:          3.8G       3.7G       108M       5.7M        20M       3.3G

MemTotal:        4016004 kB
MemFree:          111240 kB
Active:           342336 kB
Mem:          3.8G       3.7G       108M       5.7M        20M       3.3G

MemTotal:        4016004 kB
MemFree:          110868 kB
Active:           342348 kB
Mem:          3.8G       3.7G       108M       5.7M        20M       3.3G

MemTotal:        4016004 kB
MemFree:          111364 kB
Active:           342304 kB
Mem:          3.8G       3.7G       108M       5.7M        20M       3.3G

MemTotal:        4016004 kB
MemFree:          110868 kB
Active:           342356 kB
Mem:          3.8G       3.7G       108M       5.7M        20M       3.3G

MemTotal:        4016004 kB
MemFree:          110744 kB
Active:           342364 kB
Mem:          3.8G       3.7G       108M       5.7M        20M       3.3G

MemTotal:        4016004 kB
MemFree:          111240 kB
Active:           342324 kB
Mem:          3.8G       3.7G       108M       5.7M        20M       3.3G

MemTotal:        4016004 kB
MemFree:          110868 kB
Active:           342372 kB
Mem:          3.8G       3.7G       108M       5.7M        20M       3.3G

MemTotal:        4016004 kB
MemFree:          111116 kB
Active:           342364 kB
Mem:          3.8G       3.7G       108M       5.7M        20M       3.3G

MemTotal:        4016004 kB
MemFree:          111116 kB
Active:           342328 kB
Mem:          3.8G       3.7G       108M       5.7M        20M       3.3G

MemTotal:        4016004 kB
MemFree:          111240 kB
Active:           342336 kB
Mem:          3.8G       3.7G       108M       5.7M        20M       3.3G

MemTotal:        4016004 kB
MemFree:          110868 kB
Active:           342372 kB
Mem:          3.8G       3.7G       108M       5.7M        20M       3.3G

MemTotal:        4016004 kB
MemFree:          111240 kB
Active:           342352 kB
Mem:          3.8G       3.7G       108M       5.7M        20M       3.3G

MemTotal:        4016004 kB
MemFree:          111240 kB
Active:           342364 kB
Mem:          3.8G       3.7G       108M       5.7M        20M       3.3G

MemTotal:        4016004 kB
MemFree:          110744 kB
Active:           342380 kB
Mem:          3.8G       3.7G       108M       5.7M        20M       3.3G

MemTotal:        4016004 kB
MemFree:          111100 kB
Active:           342372 kB
Mem:          3.8G       3.7G       108M       5.7M        20M       3.3G

MemTotal:        4016004 kB
MemFree:          110588 kB
Active:           342520 kB
Mem:          3.8G       3.7G       108M       5.7M        20M       3.3G

MemTotal:        4016004 kB
MemFree:          138472 kB
Active:           348848 kB
Mem:          3.8G       3.7G       135M       5.7M        27M       3.2G

MemTotal:        4016004 kB
MemFree:          137976 kB
Active:           348852 kB
Mem:          3.8G       3.7G       135M       5.7M        27M       3.2G

MemTotal:        4016004 kB
MemFree:          138348 kB
Active:           348848 kB
Mem:          3.8G       3.7G       134M       5.7M        27M       3.2G

MemTotal:        4016004 kB
MemFree:          138844 kB
Active:           348848 kB
Mem:          3.8G       3.7G       135M       5.7M        27M       3.2G

MemTotal:        4016004 kB
MemFree:          138348 kB
Active:           348872 kB
Mem:          3.8G       3.7G       135M       5.7M        27M       3.2G

MemTotal:        4016004 kB
MemFree:          138720 kB
Active:           348820 kB
Mem:          3.8G       3.7G       135M       5.7M        27M       3.2G

MemTotal:        4016004 kB
MemFree:          138720 kB
Active:           348836 kB
Mem:          3.8G       3.7G       135M       5.7M        27M       3.2G

MemTotal:        4016004 kB
MemFree:          138844 kB
Active:           348860 kB
Mem:          3.8G       3.7G       135M       5.7M        27M       3.2G

MemTotal:        4016004 kB
MemFree:          138472 kB
Active:           348872 kB
Mem:          3.8G       3.7G       135M       5.7M        27M       3.2G

MemTotal:        4016004 kB
MemFree:          138720 kB
Active:           348872 kB
Mem:          3.8G       3.7G       135M       5.7M        27M       3.2G

MemTotal:        4016004 kB
MemFree:          138844 kB
Active:           348824 kB
Mem:          3.8G       3.7G       135M       5.7M        27M       3.2G

MemTotal:        4016004 kB
MemFree:          138472 kB
Active:           348880 kB
Mem:          3.8G       3.7G       134M       5.7M        27M       3.2G

MemTotal:        4016004 kB
MemFree:          138224 kB
Active:           348852 kB
Mem:          3.8G       3.7G       134M       5.7M        27M       3.2G

MemTotal:        4016004 kB
MemFree:          138224 kB
Active:           348864 kB
Mem:          3.8G       3.7G       134M       5.7M        27M       3.2G

MemTotal:        4016004 kB
MemFree:          138472 kB
Active:           348836 kB
Mem:          3.8G       3.7G       135M       5.7M        27M       3.2G

MemTotal:        4016004 kB
MemFree:          138348 kB
Active:           348880 kB
Mem:          3.8G       3.7G       135M       5.7M        27M       3.2G

MemTotal:        4016004 kB
MemFree:          138596 kB
Active:           348840 kB
Mem:          3.8G       3.7G       135M       5.7M        27M       3.2G

MemTotal:        4016004 kB
MemFree:          138844 kB
Active:           348840 kB
Mem:          3.8G       3.7G       135M       5.7M        27M       3.2G

MemTotal:        4016004 kB
MemFree:          138472 kB
Active:           348884 kB
Mem:          3.8G       3.7G       135M       5.7M        27M       3.2G

MemTotal:        4016004 kB
MemFree:          138720 kB
Active:           348852 kB
Mem:          3.8G       3.7G       135M       5.7M        27M       3.2G

MemTotal:        4016004 kB
MemFree:          138844 kB
Active:           348864 kB
Mem:          3.8G       3.7G       135M       5.7M        27M       3.2G

MemTotal:        4016004 kB
MemFree:          138596 kB
Active:           348848 kB
Mem:          3.8G       3.7G       135M       5.7M        27M       3.2G

MemTotal:        4016004 kB
MemFree:          138224 kB
Active:           348896 kB
Mem:          3.8G       3.7G       135M       5.7M        27M       3.2G

MemTotal:        4016004 kB
MemFree:          138100 kB
Active:           348904 kB
Mem:          3.8G       3.7G       134M       5.7M        27M       3.2G

MemTotal:        4016004 kB
MemFree:          138348 kB
Active:           348848 kB
Mem:          3.8G       3.7G       135M       5.7M        27M       3.2G

MemTotal:        4016004 kB
MemFree:          138348 kB
Active:           348876 kB
Mem:          3.8G       3.7G       135M       5.7M        27M       3.2G

MemTotal:        4016004 kB
MemFree:          138348 kB
Active:           348880 kB
Mem:          3.8G       3.7G       134M       5.7M        27M       3.2G

MemTotal:        4016004 kB
MemFree:          138348 kB
Active:           348860 kB
Mem:          3.8G       3.7G       134M       5.7M        27M       3.2G

MemTotal:        4016004 kB
MemFree:          138348 kB
Active:           348892 kB
Mem:          3.8G       3.7G       134M       5.7M        27M       3.2G

MemTotal:        4016004 kB
MemFree:          138596 kB
Active:           348864 kB
Mem:          3.8G       3.7G       135M       5.7M        27M       3.2G

MemTotal:        4016004 kB
MemFree:          138720 kB
Active:           348848 kB
Mem:          3.8G       3.7G       135M       5.7M        27M       3.2G

MemTotal:        4016004 kB
MemFree:          138596 kB
Active:           348868 kB
Mem:          3.8G       3.7G       135M       5.7M        27M       3.2G

MemTotal:        4016004 kB
MemFree:          138720 kB
Active:           348896 kB
Mem:          3.8G       3.7G       135M       5.7M        27M       3.2G

MemTotal:        4016004 kB
MemFree:          138720 kB
Active:           348860 kB
Mem:          3.8G       3.7G       135M       5.7M        27M       3.2G

MemTotal:        4016004 kB
MemFree:          138720 kB
Active:           348876 kB
Mem:          3.8G       3.7G       135M       5.7M        27M       3.2G

MemTotal:        4016004 kB
MemFree:          138720 kB
Active:           348852 kB
Mem:          3.8G       3.7G       135M       5.7M        27M       3.2G

MemTotal:        4016004 kB
MemFree:          138348 kB
Active:           348912 kB
Mem:          3.8G       3.7G       135M       5.7M        27M       3.2G

MemTotal:        4016004 kB
MemFree:          138720 kB
Active:           348900 kB
Mem:          3.8G       3.7G       135M       5.7M        27M       3.2G

MemTotal:        4016004 kB
MemFree:          138224 kB
Active:           348920 kB
Mem:          3.8G       3.7G       134M       5.7M        27M       3.2G

MemTotal:        4016004 kB
MemFree:          138720 kB
Active:           348864 kB
Mem:          3.8G       3.7G       135M       5.7M        27M       3.2G

MemTotal:        4016004 kB
MemFree:          138596 kB
Active:           348892 kB
Mem:          3.8G       3.7G       135M       5.7M        27M       3.2G

MemTotal:        4016004 kB
MemFree:          138720 kB
Active:           348880 kB
Mem:          3.8G       3.7G       135M       5.7M        27M       3.2G

MemTotal:        4016004 kB
MemFree:          138720 kB
Active:           348892 kB
Mem:          3.8G       3.7G       135M       5.7M        27M       3.2G

MemTotal:        4016004 kB
MemFree:          138472 kB
Active:           348928 kB
Mem:          3.8G       3.7G       135M       5.7M        27M       3.2G

MemTotal:        4016004 kB
MemFree:          138596 kB
Active:           348904 kB
Mem:          3.8G       3.7G       135M       5.7M        27M       3.2G

MemTotal:        4016004 kB
MemFree:          138596 kB
Active:           348916 kB
Mem:          3.8G       3.7G       135M       5.7M        27M       3.2G

MemTotal:        4016004 kB
MemFree:          138720 kB
Active:           348924 kB
Mem:          3.8G       3.7G       135M       5.7M        27M       3.2G

MemTotal:        4016004 kB
MemFree:          138348 kB
Active:           348932 kB
Mem:          3.8G       3.7G       135M       5.7M        27M       3.2G

MemTotal:        4016004 kB
MemFree:          138844 kB
Active:           348920 kB
Mem:          3.8G       3.7G       135M       5.7M        27M       3.2G

MemTotal:        4016004 kB
MemFree:          138224 kB
Active:           348932 kB
Mem:          3.8G       3.7G       134M       5.7M        27M       3.2G

MemTotal:        4016004 kB
MemFree:          138348 kB
Active:           348900 kB
Mem:          3.8G       3.7G       135M       5.7M        27M       3.2G

MemTotal:        4016004 kB
MemFree:          138472 kB
Active:           348924 kB
Mem:          3.8G       3.7G       135M       5.7M        27M       3.2G

MemTotal:        4016004 kB
MemFree:          138100 kB
Active:           348952 kB
Mem:          3.8G       3.7G       134M       5.7M        27M       3.2G

MemTotal:        4016004 kB
MemFree:          138472 kB
Active:           348900 kB
Mem:          3.8G       3.7G       135M       5.7M        27M       3.2G

MemTotal:        4016004 kB
MemFree:          138472 kB
Active:           348916 kB
Mem:          3.8G       3.7G       135M       5.7M        27M       3.2G

MemTotal:        4016004 kB
MemFree:          138844 kB
Active:           348936 kB
Mem:          3.8G       3.7G       135M       5.7M        27M       3.2G

MemTotal:        4016004 kB
MemFree:          138348 kB
Active:           348960 kB
Mem:          3.8G       3.7G       135M       5.7M        27M       3.2G

MemTotal:        4016004 kB
MemFree:          138596 kB
Active:           348956 kB
Mem:          3.8G       3.7G       135M       5.7M        27M       3.2G

MemTotal:        4016004 kB
MemFree:          138968 kB
Active:           348924 kB
Mem:          3.8G       3.7G       135M       5.7M        27M       3.2G

MemTotal:        4016004 kB
MemFree:          138596 kB
Active:           348940 kB
Mem:          3.8G       3.7G       135M       5.7M        27M       3.2G

MemTotal:        4016004 kB
MemFree:          138596 kB
Active:           348920 kB
Mem:          3.8G       3.7G       135M       5.7M        27M       3.2G

MemTotal:        4016004 kB
MemFree:          138596 kB
Active:           348936 kB
Mem:          3.8G       3.7G       135M       5.7M        27M       3.2G

MemTotal:        4016004 kB
MemFree:          138596 kB
Active:           348960 kB
Mem:          3.8G       3.7G       135M       5.7M        27M       3.2G

MemTotal:        4016004 kB
MemFree:          138100 kB
Active:           348976 kB
Mem:          3.8G       3.7G       134M       5.7M        27M       3.2G

MemTotal:        4016004 kB
MemFree:          138224 kB
Active:           348948 kB
Mem:          3.8G       3.7G       134M       5.7M        27M       3.2G

MemTotal:        4016004 kB
MemFree:          138224 kB
Active:           348952 kB
Mem:          3.8G       3.7G       134M       5.7M        27M       3.2G

MemTotal:        4016004 kB
MemFree:          137852 kB
Active:           348984 kB
Mem:          3.8G       3.7G       134M       5.7M        27M       3.2G

MemTotal:        4016004 kB
MemFree:          137976 kB
Active:           348984 kB
Mem:          3.8G       3.7G       134M       5.7M        27M       3.2G

MemTotal:        4016004 kB
MemFree:          138224 kB
Active:           348952 kB
Mem:          3.8G       3.7G       135M       5.7M        27M       3.2G

MemTotal:        4016004 kB
MemFree:          138348 kB
Active:           348960 kB
Mem:          3.8G       3.7G       134M       5.7M        27M       3.2G

MemTotal:        4016004 kB
MemFree:          137728 kB
Active:           348984 kB
Mem:          3.8G       3.7G       134M       5.7M        27M       3.2G

MemTotal:        4016004 kB
MemFree:          138100 kB
Active:           348952 kB
Mem:          3.8G       3.7G       134M       5.7M        27M       3.2G

MemTotal:        4016004 kB
MemFree:          138100 kB
Active:           348968 kB
Mem:          3.8G       3.7G       134M       5.7M        27M       3.2G

MemTotal:        4016004 kB
MemFree:          137852 kB
Active:           348992 kB
Mem:          3.8G       3.7G       134M       5.7M        27M       3.2G

MemTotal:        4016004 kB
MemFree:          137976 kB
Active:           348992 kB
Mem:          3.8G       3.7G       134M       5.7M        27M       3.2G

MemTotal:        4016004 kB
MemFree:          138596 kB
Active:           348940 kB
Mem:          3.8G       3.7G       135M       5.7M        27M       3.2G

MemTotal:        4016004 kB
MemFree:          138596 kB
Active:           348968 kB
Mem:          3.8G       3.7G       135M       5.7M        27M       3.2G

MemTotal:        4016004 kB
MemFree:          138224 kB
Active:           349000 kB
Mem:          3.8G       3.7G       135M       5.7M        27M       3.2G

MemTotal:        4016004 kB
MemFree:          138100 kB
Active:           349000 kB
Mem:          3.8G       3.7G       134M       5.7M        27M       3.2G

MemTotal:        4016004 kB
MemFree:          138720 kB
Active:           348996 kB
Mem:          3.8G       3.7G       135M       5.7M        27M       3.2G

MemTotal:        4016004 kB
MemFree:          138348 kB
Active:           349000 kB
Mem:          3.8G       3.7G       135M       5.7M        27M       3.2G

MemTotal:        4016004 kB
MemFree:          138720 kB
Active:           348948 kB
Mem:          3.8G       3.7G       135M       5.7M        27M       3.2G

MemTotal:        4016004 kB
MemFree:          138596 kB
Active:           348956 kB
Mem:          3.8G       3.7G       135M       5.7M        27M       3.2G

MemTotal:        4016004 kB
MemFree:          138596 kB
Active:           348984 kB
Mem:          3.8G       3.7G       135M       5.7M        27M       3.2G

MemTotal:        4016004 kB
MemFree:          138100 kB
Active:           349008 kB
Mem:          3.8G       3.7G       134M       5.7M        27M       3.2G

MemTotal:        4016004 kB
MemFree:          137852 kB
Active:           349012 kB
Mem:          3.8G       3.7G       134M       5.7M        27M       3.2G

MemTotal:        4016004 kB
MemFree:          138224 kB
Active:           348968 kB
Mem:          3.8G       3.7G       135M       5.7M        27M       3.2G

MemTotal:        4016004 kB
MemFree:          137976 kB
Active:           349020 kB
Mem:          3.8G       3.7G       134M       5.7M        27M       3.2G

MemTotal:        4016004 kB
MemFree:          138348 kB
Active:           349004 kB
Mem:          3.8G       3.7G       135M       5.7M        27M       3.2G

MemTotal:        4016004 kB
MemFree:          138348 kB
Active:           348976 kB
Mem:          3.8G       3.7G       135M       5.7M        27M       3.2G

MemTotal:        4016004 kB
MemFree:          138596 kB
Active:           349008 kB
Mem:          3.8G       3.7G       135M       5.7M        27M       3.2G

MemTotal:        4016004 kB
MemFree:          138224 kB
Active:           349020 kB
Mem:          3.8G       3.7G       134M       5.7M        27M       3.2G

MemTotal:        4016004 kB
MemFree:          138596 kB
Active:           349004 kB
Mem:          3.8G       3.7G       135M       5.7M        27M       3.2G

MemTotal:        4016004 kB
MemFree:          138472 kB
Active:           348976 kB
Mem:          3.8G       3.7G       135M       5.7M        27M       3.2G

MemTotal:        4016004 kB
MemFree:          138100 kB
Active:           349028 kB
Mem:          3.8G       3.7G       135M       5.7M        27M       3.2G

MemTotal:        4016004 kB
MemFree:          138100 kB
Active:           349028 kB
Mem:          3.8G       3.7G       135M       5.7M        27M       3.2G

MemTotal:        4016004 kB
MemFree:          138472 kB
Active:           349012 kB
Mem:          3.8G       3.7G       135M       5.7M        27M       3.2G

MemTotal:        4016004 kB
MemFree:          138100 kB
Active:           349028 kB
Mem:          3.8G       3.7G       134M       5.7M        27M       3.2G

MemTotal:        4016004 kB
MemFree:          138472 kB
Active:           349012 kB
Mem:          3.8G       3.7G       135M       5.7M        27M       3.2G

MemTotal:        4016004 kB
MemFree:          138720 kB
Active:           349028 kB
Mem:          3.8G       3.7G       135M       5.7M        27M       3.2G

MemTotal:        4016004 kB
MemFree:          138596 kB
Active:           348984 kB
Mem:          3.8G       3.7G       135M       5.7M        27M       3.2G

MemTotal:        4016004 kB
MemFree:          138100 kB
Active:           349044 kB
Mem:          3.8G       3.7G       134M       5.7M        27M       3.2G

MemTotal:        4016004 kB
MemFree:          138348 kB
Active:           348992 kB
Mem:          3.8G       3.7G       135M       5.7M        27M       3.2G

MemTotal:        4016004 kB
MemFree:          138348 kB
Active:           349020 kB
Mem:          3.8G       3.7G       135M       5.7M        27M       3.2G

MemTotal:        4016004 kB
MemFree:          137976 kB
Active:           349048 kB
Mem:          3.8G       3.7G       134M       5.7M        27M       3.2G

MemTotal:        4016004 kB
MemFree:          138100 kB
Active:           349000 kB
Mem:          3.8G       3.7G       134M       5.7M        27M       3.2G

MemTotal:        4016004 kB
MemFree:          138224 kB
Active:           349036 kB
Mem:          3.8G       3.7G       135M       5.7M        27M       3.2G

MemTotal:        4016004 kB
MemFree:          137976 kB
Active:           349060 kB
Mem:          3.8G       3.7G       134M       5.7M        27M       3.2G

MemTotal:        4016004 kB
MemFree:          138100 kB
Active:           349040 kB
Mem:          3.8G       3.7G       134M       5.7M        27M       3.2G

MemTotal:        4016004 kB
MemFree:          138100 kB
Active:           349020 kB
Mem:          3.8G       3.7G       134M       5.7M        27M       3.2G

MemTotal:        4016004 kB
MemFree:          138472 kB
Active:           349052 kB
Mem:          3.8G       3.7G       135M       5.7M        27M       3.2G

MemTotal:        4016004 kB
MemFree:          138100 kB
Active:           349064 kB
Mem:          3.8G       3.7G       134M       5.7M        27M       3.2G

MemTotal:        4016004 kB
MemFree:          138472 kB
Active:           349060 kB
Mem:          3.8G       3.7G       135M       5.7M        27M       3.2G

MemTotal:        4016004 kB
MemFree:          138472 kB
Active:           349032 kB
Mem:          3.8G       3.7G       134M       5.7M        27M       3.2G

MemTotal:        4016004 kB
MemFree:          138472 kB
Active:           349032 kB
Mem:          3.8G       3.7G       135M       5.7M        27M       3.2G

MemTotal:        4016004 kB
MemFree:          138224 kB
Active:           349076 kB
Mem:          3.8G       3.7G       135M       5.7M        27M       3.2G

MemTotal:        4016004 kB
MemFree:          137976 kB
Active:           349060 kB
Mem:          3.8G       3.7G       134M       5.7M        27M       3.2G

MemTotal:        4016004 kB
MemFree:          138100 kB
Active:           349036 kB
Mem:          3.8G       3.7G       134M       5.7M        27M       3.2G

MemTotal:        4016004 kB
MemFree:          138224 kB
Active:           349064 kB
Mem:          3.8G       3.7G       134M       5.7M        27M       3.2G

MemTotal:        4016004 kB
MemFree:          138472 kB
Active:           349052 kB
Mem:          3.8G       3.7G       135M       5.7M        27M       3.2G

MemTotal:        4016004 kB
MemFree:          138224 kB
Active:           349064 kB
Mem:          3.8G       3.7G       135M       5.7M        27M       3.2G

MemTotal:        4016004 kB
MemFree:          138472 kB
Active:           349068 kB
Mem:          3.8G       3.7G       135M       5.7M        27M       3.2G

MemTotal:        4016004 kB
MemFree:          138472 kB
Active:           349084 kB
Mem:          3.8G       3.7G       135M       5.7M        27M       3.2G

MemTotal:        4016004 kB
MemFree:          138472 kB
Active:           349048 kB
Mem:          3.8G       3.7G       135M       5.7M        27M       3.2G

MemTotal:        4016004 kB
MemFree:          138472 kB
Active:           349076 kB
Mem:          3.8G       3.7G       135M       5.7M        27M       3.2G

MemTotal:        4016004 kB
MemFree:          137976 kB
Active:           349104 kB
Mem:          3.8G       3.7G       134M       5.7M        27M       3.2G

MemTotal:        4016004 kB
MemFree:          137976 kB
Active:           349104 kB
Mem:          3.8G       3.7G       134M       5.7M        27M       3.2G

MemTotal:        4016004 kB
MemFree:          138720 kB
Active:           349092 kB
Mem:          3.8G       3.7G       135M       5.7M        27M       3.2G

MemTotal:        4016004 kB
MemFree:          138720 kB
Active:           349052 kB
Mem:          3.8G       3.7G       135M       5.7M        27M       3.2G

MemTotal:        4016004 kB
MemFree:          138348 kB
Active:           349108 kB
Mem:          3.8G       3.7G       135M       5.7M        27M       3.2G

MemTotal:        4016004 kB
MemFree:          138596 kB
Active:           349084 kB
Mem:          3.8G       3.7G       135M       5.7M        27M       3.2G

MemTotal:        4016004 kB
MemFree:          138348 kB
Active:           349108 kB
Mem:          3.8G       3.7G       135M       5.7M        27M       3.2G

MemTotal:        4016004 kB
MemFree:          138348 kB
Active:           349108 kB
Mem:          3.8G       3.7G       135M       5.7M        27M       3.2G

MemTotal:        4016004 kB
MemFree:          138596 kB
Active:           349100 kB
Mem:          3.8G       3.7G       135M       5.7M        27M       3.2G

MemTotal:        4016004 kB
MemFree:          138100 kB
Active:           349116 kB
Mem:          3.8G       3.7G       135M       5.7M        28M       3.2G

MemTotal:        4016004 kB
MemFree:          138100 kB
Active:           349200 kB
Mem:          3.8G       3.7G       134M       5.7M        28M       3.2G

MemTotal:        4016004 kB
MemFree:          137604 kB
Active:           349232 kB
Mem:          3.8G       3.7G       134M       5.7M        28M       3.2G

