MemTotal:        4016004 kB
MemFree:         3223320 kB
Active:           438424 kB
Mem:          3.8G       774M       3.1G       5.7M        52M       322M

MemTotal:        4016004 kB
MemFree:         3223064 kB
Active:           438732 kB
Mem:          3.8G       774M       3.1G       5.7M        52M       322M

MemTotal:        4016004 kB
MemFree:         3222892 kB
Active:           438816 kB
Mem:          3.8G       774M       3.1G       5.7M        52M       322M

MemTotal:        4016004 kB
MemFree:         3223000 kB
Active:           438784 kB
Mem:          3.8G       774M       3.1G       5.7M        52M       322M

MemTotal:        4016004 kB
MemFree:         3222984 kB
Active:           438800 kB
Mem:          3.8G       774M       3.1G       5.7M        52M       322M

MemTotal:        4016004 kB
MemFree:         3222968 kB
Active:           438820 kB
Mem:          3.8G       774M       3.1G       5.7M        52M       322M

MemTotal:        4016004 kB
MemFree:         3222580 kB
Active:           438828 kB
Mem:          3.8G       774M       3.1G       5.7M        52M       322M

MemTotal:        4016004 kB
MemFree:         3222564 kB
Active:           438808 kB
Mem:          3.8G       774M       3.1G       5.7M        52M       322M

MemTotal:        4016004 kB
MemFree:         3222920 kB
Active:           438832 kB
Mem:          3.8G       774M       3.1G       5.7M        52M       322M

MemTotal:        4016004 kB
MemFree:         3222780 kB
Active:           438796 kB
Mem:          3.8G       774M       3.1G       5.7M        52M       322M

MemTotal:        4016004 kB
MemFree:         3222780 kB
Active:           438816 kB
Mem:          3.8G       774M       3.1G       5.7M        52M       322M

MemTotal:        4016004 kB
MemFree:         3222904 kB
Active:           438836 kB
Mem:          3.8G       774M       3.1G       5.7M        52M       322M

MemTotal:        4016004 kB
MemFree:         3222780 kB
Active:           438804 kB
Mem:          3.8G       774M       3.1G       5.7M        52M       322M

MemTotal:        4016004 kB
MemFree:         3222268 kB
Active:           438844 kB
Mem:          3.8G       774M       3.1G       5.7M        52M       322M

MemTotal:        4016004 kB
MemFree:         3222656 kB
Active:           438848 kB
Mem:          3.8G       774M       3.1G       5.7M        52M       322M

MemTotal:        4016004 kB
MemFree:         3222672 kB
Active:           438812 kB
Mem:          3.8G       774M       3.1G       5.7M        52M       322M

MemTotal:        4016004 kB
MemFree:         3222656 kB
Active:           438816 kB
Mem:          3.8G       774M       3.1G       5.7M        52M       322M

MemTotal:        4016004 kB
MemFree:         3222020 kB
Active:           438848 kB
Mem:          3.8G       774M       3.1G       5.7M        52M       322M

MemTotal:        4016004 kB
MemFree:         3222376 kB
Active:           438816 kB
Mem:          3.8G       774M       3.1G       5.7M        52M       322M

MemTotal:        4016004 kB
MemFree:         3222360 kB
Active:           438844 kB
Mem:          3.8G       775M       3.1G       5.7M        52M       322M

MemTotal:        4016004 kB
MemFree:         3222484 kB
Active:           438820 kB
Mem:          3.8G       774M       3.1G       5.7M        52M       322M

MemTotal:        4016004 kB
MemFree:         3222608 kB
Active:           438836 kB
Mem:          3.8G       774M       3.1G       5.7M        52M       322M

MemTotal:        4016004 kB
MemFree:         3222484 kB
Active:           438804 kB
Mem:          3.8G       774M       3.1G       5.7M        52M       322M

MemTotal:        4016004 kB
MemFree:         3222840 kB
Active:           438820 kB
Mem:          3.8G       774M       3.1G       5.7M        52M       322M

MemTotal:        4016004 kB
MemFree:         3222948 kB
Active:           438824 kB
Mem:          3.8G       774M       3.1G       5.7M        52M       322M

MemTotal:        4016004 kB
MemFree:         3223028 kB
Active:           438800 kB
Mem:          3.8G       774M       3.1G       5.7M        52M       322M

MemTotal:        4016004 kB
MemFree:         3222904 kB
Active:           438840 kB
Mem:          3.8G       774M       3.1G       5.7M        52M       322M

MemTotal:        4016004 kB
MemFree:         3222904 kB
Active:           438812 kB
Mem:          3.8G       774M       3.1G       5.7M        52M       322M

MemTotal:        4016004 kB
MemFree:         3223152 kB
Active:           438808 kB
Mem:          3.8G       774M       3.1G       5.7M        52M       322M

MemTotal:        4016004 kB
MemFree:         3222780 kB
Active:           438860 kB
Mem:          3.8G       774M       3.1G       5.7M        52M       322M

MemTotal:        4016004 kB
MemFree:         3223028 kB
Active:           438816 kB
Mem:          3.8G       774M       3.1G       5.7M        52M       322M

MemTotal:        4016004 kB
MemFree:         3223028 kB
Active:           438824 kB
Mem:          3.8G       774M       3.1G       5.7M        52M       322M

MemTotal:        4016004 kB
MemFree:         3222780 kB
Active:           438860 kB
Mem:          3.8G       774M       3.1G       5.7M        52M       322M

MemTotal:        4016004 kB
MemFree:         3220608 kB
Active:           438836 kB
Mem:          3.8G       776M       3.1G       5.7M        52M       322M

MemTotal:        4016004 kB
MemFree:         3220608 kB
Active:           440836 kB
Mem:          3.8G       776M       3.1G       5.7M        52M       322M

MemTotal:        4016004 kB
MemFree:         3220608 kB
Active:           440884 kB
Mem:          3.8G       776M       3.1G       5.7M        52M       322M

MemTotal:        4016004 kB
MemFree:         3220112 kB
Active:           440892 kB
Mem:          3.8G       776M       3.1G       5.7M        52M       322M

MemTotal:        4016004 kB
MemFree:         3220484 kB
Active:           440836 kB
Mem:          3.8G       776M       3.1G       5.7M        52M       322M

MemTotal:        4016004 kB
MemFree:         3220608 kB
Active:           440844 kB
Mem:          3.8G       777M       3.1G       5.7M        52M       322M

MemTotal:        4016004 kB
MemFree:         3220468 kB
Active:           440896 kB
Mem:          3.8G       777M       3.1G       5.7M        52M       322M

MemTotal:        4016004 kB
MemFree:         3220468 kB
Active:           440868 kB
Mem:          3.8G       776M       3.1G       5.7M        52M       322M

MemTotal:        4016004 kB
MemFree:         3220700 kB
Active:           440856 kB
Mem:          3.8G       776M       3.1G       5.7M        52M       322M

MemTotal:        4016004 kB
MemFree:         3220560 kB
Active:           440900 kB
Mem:          3.8G       776M       3.1G       5.7M        52M       322M

MemTotal:        4016004 kB
MemFree:         3220048 kB
Active:           440916 kB
Mem:          3.8G       777M       3.1G       5.7M        52M       322M

MemTotal:        4016004 kB
MemFree:         3220544 kB
Active:           440872 kB
Mem:          3.8G       777M       3.1G       5.7M        52M       322M

MemTotal:        4016004 kB
MemFree:         3220672 kB
Active:           440912 kB
Mem:          3.8G       776M       3.1G       5.7M        52M       322M

MemTotal:        4016004 kB
MemFree:         3220424 kB
Active:           440888 kB
Mem:          3.8G       777M       3.1G       5.7M        52M       322M

MemTotal:        4016004 kB
MemFree:         3220672 kB
Active:           440876 kB
Mem:          3.8G       776M       3.1G       5.7M        52M       322M

MemTotal:        4016004 kB
MemFree:         3220424 kB
Active:           440904 kB
Mem:          3.8G       777M       3.1G       5.7M        52M       322M

MemTotal:        4016004 kB
MemFree:         3220548 kB
Active:           440868 kB
Mem:          3.8G       776M       3.1G       5.7M        52M       322M

MemTotal:        4016004 kB
MemFree:         3220548 kB
Active:           440920 kB
Mem:          3.8G       776M       3.1G       5.7M        52M       322M

MemTotal:        4016004 kB
MemFree:         3220548 kB
Active:           440916 kB
Mem:          3.8G       776M       3.1G       5.7M        52M       322M

MemTotal:        4016004 kB
MemFree:         3220424 kB
Active:           440916 kB
Mem:          3.8G       776M       3.1G       5.7M        52M       322M

MemTotal:        4016004 kB
MemFree:         3218608 kB
Active:           440932 kB
Mem:          3.8G       778M       3.1G       5.7M        52M       322M

MemTotal:        4016004 kB
MemFree:         3219104 kB
Active:           440896 kB
Mem:          3.8G       778M       3.1G       5.7M        52M       322M

MemTotal:        4016004 kB
MemFree:         3218360 kB
Active:           442980 kB
Mem:          3.8G       778M       3.1G       5.7M        52M       322M

MemTotal:        4016004 kB
MemFree:         3218112 kB
Active:           442984 kB
Mem:          3.8G       779M       3.1G       5.7M        52M       322M

MemTotal:        4016004 kB
MemFree:         3217848 kB
Active:           442952 kB
Mem:          3.8G       779M       3.1G       5.7M        52M       322M

MemTotal:        4016004 kB
MemFree:         3218080 kB
Active:           442940 kB
Mem:          3.8G       779M       3.1G       5.7M        52M       322M

MemTotal:        4016004 kB
MemFree:         3217956 kB
Active:           442952 kB
Mem:          3.8G       779M       3.1G       5.7M        52M       322M

MemTotal:        4016004 kB
MemFree:         3217832 kB
Active:           442956 kB
Mem:          3.8G       779M       3.1G       5.7M        52M       322M

MemTotal:        4016004 kB
MemFree:         3217816 kB
Active:           442972 kB
Mem:          3.8G       779M       3.1G       5.7M        52M       322M

MemTotal:        4016004 kB
MemFree:         3217428 kB
Active:           442992 kB
Mem:          3.8G       779M       3.1G       5.7M        52M       322M

MemTotal:        4016004 kB
MemFree:         3218124 kB
Active:           442936 kB
Mem:          3.8G       779M       3.1G       5.7M        52M       322M

MemTotal:        4016004 kB
MemFree:         3218016 kB
Active:           442980 kB
Mem:          3.8G       779M       3.1G       5.7M        52M       322M

MemTotal:        4016004 kB
MemFree:         3218280 kB
Active:           442976 kB
Mem:          3.8G       778M       3.1G       5.7M        52M       322M

MemTotal:        4016004 kB
MemFree:         3218388 kB
Active:           442984 kB
Mem:          3.8G       778M       3.1G       5.7M        52M       322M

MemTotal:        4016004 kB
MemFree:         3218496 kB
Active:           442980 kB
Mem:          3.8G       778M       3.1G       5.7M        52M       322M

MemTotal:        4016004 kB
MemFree:         3218480 kB
Active:           442952 kB
Mem:          3.8G       778M       3.1G       5.7M        52M       322M

MemTotal:        4016004 kB
MemFree:         3218092 kB
Active:           442968 kB
Mem:          3.8G       779M       3.1G       5.7M        52M       322M

MemTotal:        4016004 kB
MemFree:         3218200 kB
Active:           442964 kB
Mem:          3.8G       779M       3.1G       5.7M        52M       322M

MemTotal:        4016004 kB
MemFree:         3218076 kB
Active:           442980 kB
Mem:          3.8G       779M       3.1G       5.7M        52M       322M

MemTotal:        4016004 kB
MemFree:         3218324 kB
Active:           442940 kB
Mem:          3.8G       779M       3.1G       5.7M        52M       322M

MemTotal:        4016004 kB
MemFree:         3216136 kB
Active:           442928 kB
Mem:          3.8G       781M       3.1G       5.7M        52M       322M

MemTotal:        4016004 kB
MemFree:         3215892 kB
Active:           445020 kB
Mem:          3.8G       781M       3.1G       5.7M        52M       322M

MemTotal:        4016004 kB
MemFree:         3216512 kB
Active:           445008 kB
Mem:          3.8G       780M       3.1G       5.7M        52M       322M

MemTotal:        4016004 kB
MemFree:         3216388 kB
Active:           445012 kB
Mem:          3.8G       780M       3.1G       5.7M        52M       322M

MemTotal:        4016004 kB
MemFree:         3216512 kB
Active:           445024 kB
Mem:          3.8G       780M       3.1G       5.7M        52M       322M

MemTotal:        4016004 kB
MemFree:         3216760 kB
Active:           445020 kB
Mem:          3.8G       780M       3.1G       5.7M        52M       322M

MemTotal:        4016004 kB
MemFree:         3216264 kB
Active:           444988 kB
Mem:          3.8G       781M       3.1G       5.7M        52M       322M

MemTotal:        4016004 kB
MemFree:         3216388 kB
Active:           444984 kB
Mem:          3.8G       780M       3.1G       5.7M        52M       322M

MemTotal:        4016004 kB
MemFree:         3216760 kB
Active:           445008 kB
Mem:          3.8G       781M       3.1G       5.7M        52M       322M

MemTotal:        4016004 kB
MemFree:         3216016 kB
Active:           445028 kB
Mem:          3.8G       780M       3.1G       5.7M        52M       322M

MemTotal:        4016004 kB
MemFree:         3214200 kB
Active:           444980 kB
Mem:          3.8G       782M       3.1G       5.7M        52M       322M

MemTotal:        4016004 kB
MemFree:         3214296 kB
Active:           444984 kB
Mem:          3.8G       782M       3.1G       5.7M        52M       322M

MemTotal:        4016004 kB
MemFree:         3214296 kB
Active:           447052 kB
Mem:          3.8G       783M       3.1G       5.7M        52M       322M

MemTotal:        4016004 kB
MemFree:         3213676 kB
Active:           447068 kB
Mem:          3.8G       783M       3.1G       5.7M        52M       322M

MemTotal:        4016004 kB
MemFree:         3213800 kB
Active:           447068 kB
Mem:          3.8G       783M       3.1G       5.7M        52M       322M

MemTotal:        4016004 kB
MemFree:         3214048 kB
Active:           447076 kB
Mem:          3.8G       783M       3.1G       5.7M        52M       322M

MemTotal:        4016004 kB
MemFree:         3214296 kB
Active:           447068 kB
Mem:          3.8G       782M       3.1G       5.7M        52M       322M

MemTotal:        4016004 kB
MemFree:         3214296 kB
Active:           447064 kB
Mem:          3.8G       782M       3.1G       5.7M        52M       322M

MemTotal:        4016004 kB
MemFree:         3214420 kB
Active:           447076 kB
Mem:          3.8G       782M       3.1G       5.7M        52M       322M

MemTotal:        4016004 kB
MemFree:         3214296 kB
Active:           447064 kB
Mem:          3.8G       782M       3.1G       5.7M        52M       322M

MemTotal:        4016004 kB
MemFree:         3214544 kB
Active:           447064 kB
Mem:          3.8G       782M       3.1G       5.7M        52M       322M

MemTotal:        4016004 kB
MemFree:         3214916 kB
Active:           447064 kB
Mem:          3.8G       782M       3.1G       5.7M        52M       322M

MemTotal:        4016004 kB
MemFree:         3215148 kB
Active:           447084 kB
Mem:          3.8G       782M       3.1G       5.7M        52M       322M

MemTotal:        4016004 kB
MemFree:         3215008 kB
Active:           447040 kB
Mem:          3.8G       782M       3.1G       5.7M        52M       322M

MemTotal:        4016004 kB
MemFree:         3214992 kB
Active:           447048 kB
Mem:          3.8G       782M       3.1G       5.7M        52M       322M

MemTotal:        4016004 kB
MemFree:         3214868 kB
Active:           447072 kB
Mem:          3.8G       782M       3.1G       5.7M        52M       322M

MemTotal:        4016004 kB
MemFree:         3214852 kB
Active:           447072 kB
Mem:          3.8G       782M       3.1G       5.7M        52M       322M

MemTotal:        4016004 kB
MemFree:         3214836 kB
Active:           447060 kB
Mem:          3.8G       782M       3.1G       5.7M        52M       322M

MemTotal:        4016004 kB
MemFree:         2803520 kB
Active:           457252 kB
Mem:          3.8G       1.2G       2.7G       5.7M        52M       706M

MemTotal:        4016004 kB
MemFree:         2758100 kB
Active:           457456 kB
Mem:          3.8G       1.2G       2.6G       5.7M        52M       748M

MemTotal:        4016004 kB
MemFree:         2709976 kB
Active:           457636 kB
Mem:          3.8G       1.2G       2.6G       5.7M        52M       795M

MemTotal:        4016004 kB
MemFree:         2667024 kB
Active:           457796 kB
Mem:          3.8G       1.3G       2.5G       5.7M        52M       834M

MemTotal:        4016004 kB
MemFree:         2625848 kB
Active:           457964 kB
Mem:          3.8G       1.3G       2.5G       5.7M        52M       874M

MemTotal:        4016004 kB
MemFree:         2579816 kB
Active:           458140 kB
Mem:          3.8G       1.4G       2.5G       5.7M        52M       917M

MemTotal:        4016004 kB
MemFree:         2578204 kB
Active:           458240 kB
Mem:          3.8G       1.4G       2.5G       5.7M        52M       918M

MemTotal:        4016004 kB
MemFree:         2577896 kB
Active:           458216 kB
Mem:          3.8G       1.4G       2.5G       5.7M        52M       918M

MemTotal:        4016004 kB
MemFree:         2578224 kB
Active:           458240 kB
Mem:          3.8G       1.4G       2.5G       5.7M        52M       918M

MemTotal:        4016004 kB
MemFree:         2398472 kB
Active:           458240 kB
Mem:          3.8G       1.5G       2.3G       5.7M        52M       1.1G

MemTotal:        4016004 kB
MemFree:         2356484 kB
Active:           458988 kB
Mem:          3.8G       1.6G       2.2G       5.7M        52M       1.1G

MemTotal:        4016004 kB
MemFree:         2330456 kB
Active:           457184 kB
Mem:          3.8G       1.6G       2.2G       5.7M        52M       1.1G

MemTotal:        4016004 kB
MemFree:         2330072 kB
Active:           459228 kB
Mem:          3.8G       1.6G       2.2G       5.7M        52M       1.1G

MemTotal:        4016004 kB
MemFree:         2298132 kB
Active:           459228 kB
Mem:          3.8G       1.6G       2.2G       5.7M        52M       1.2G

MemTotal:        4016004 kB
MemFree:         2190428 kB
Active:           459512 kB
Mem:          3.8G       1.7G       2.1G       5.7M        52M       1.3G

MemTotal:        4016004 kB
MemFree:         2151364 kB
Active:           459820 kB
Mem:          3.8G       1.8G       2.1G       5.7M        52M       1.3G

MemTotal:        4016004 kB
MemFree:         2110612 kB
Active:           459968 kB
Mem:          3.8G       1.8G       2.0G       5.7M        52M       1.3G

MemTotal:        4016004 kB
MemFree:         2069472 kB
Active:           460148 kB
Mem:          3.8G       1.9G       2.0G       5.7M        52M       1.4G

MemTotal:        4016004 kB
MemFree:         2034888 kB
Active:           460292 kB
Mem:          3.8G       1.9G       1.9G       5.7M        52M       1.4G

MemTotal:        4016004 kB
MemFree:         2010316 kB
Active:           460424 kB
Mem:          3.8G       1.9G       1.9G       5.7M        52M       1.4G

MemTotal:        4016004 kB
MemFree:         1949888 kB
Active:           460564 kB
Mem:          3.8G       2.0G       1.9G       5.7M        52M       1.5G

MemTotal:        4016004 kB
MemFree:         1900108 kB
Active:           460792 kB
Mem:          3.8G       2.0G       1.8G       5.7M        52M       1.5G

MemTotal:        4016004 kB
MemFree:         1849612 kB
Active:           460976 kB
Mem:          3.8G       2.1G       1.8G       5.7M        52M       1.6G

MemTotal:        4016004 kB
MemFree:         1809024 kB
Active:           461172 kB
Mem:          3.8G       2.1G       1.7G       5.7M        52M       1.6G

MemTotal:        4016004 kB
MemFree:         1792856 kB
Active:           461328 kB
Mem:          3.8G       2.1G       1.7G       5.7M        52M       1.6G

MemTotal:        4016004 kB
MemFree:         1776300 kB
Active:           461388 kB
Mem:          3.8G       2.1G       1.7G       5.7M        52M       1.6G

MemTotal:        4016004 kB
MemFree:         1727656 kB
Active:           461424 kB
Mem:          3.8G       2.2G       1.6G       5.7M        52M       1.7G

MemTotal:        4016004 kB
MemFree:         1655860 kB
Active:           461668 kB
Mem:          3.8G       2.3G       1.6G       5.7M        52M       1.8G

MemTotal:        4016004 kB
MemFree:         1590120 kB
Active:           461956 kB
Mem:          3.8G       2.3G       1.5G       5.7M        52M       1.8G

MemTotal:        4016004 kB
MemFree:         1559180 kB
Active:           462200 kB
Mem:          3.8G       2.3G       1.5G       5.7M        52M       1.8G

MemTotal:        4016004 kB
MemFree:         1525764 kB
Active:           462320 kB
Mem:          3.8G       2.4G       1.5G       5.7M        52M       1.9G

MemTotal:        4016004 kB
MemFree:         1490276 kB
Active:           462388 kB
Mem:          3.8G       2.4G       1.4G       5.7M        52M       1.9G

MemTotal:        4016004 kB
MemFree:         1427676 kB
Active:           462604 kB
Mem:          3.8G       2.5G       1.4G       5.7M        52M       2.0G

MemTotal:        4016004 kB
MemFree:         1375668 kB
Active:           462932 kB
Mem:          3.8G       2.5G       1.3G       5.7M        52M       2.0G

MemTotal:        4016004 kB
MemFree:         1347532 kB
Active:           463092 kB
Mem:          3.8G       2.5G       1.3G       5.7M        52M       2.0G

MemTotal:        4016004 kB
MemFree:         1330292 kB
Active:           463220 kB
Mem:          3.8G       2.6G       1.3G       5.7M        52M       2.1G

MemTotal:        4016004 kB
MemFree:         1302980 kB
Active:           463296 kB
Mem:          3.8G       2.6G       1.2G       5.7M        52M       2.1G

MemTotal:        4016004 kB
MemFree:         1218956 kB
Active:           463644 kB
Mem:          3.8G       2.7G       1.2G       5.7M        52M       2.2G

MemTotal:        4016004 kB
MemFree:         1021120 kB
Active:           464360 kB
Mem:          3.8G       2.9G       996M       5.7M        52M       2.3G

MemTotal:        4016004 kB
MemFree:          928516 kB
Active:           464760 kB
Mem:          3.8G       2.9G       906M       5.7M        52M       2.4G

MemTotal:        4016004 kB
MemFree:          880588 kB
Active:           464952 kB
Mem:          3.8G       3.0G       858M       5.7M        52M       2.5G

MemTotal:        4016004 kB
MemFree:          836292 kB
Active:           465120 kB
Mem:          3.8G       3.0G       815M       5.7M        52M       2.5G

MemTotal:        4016004 kB
MemFree:          794416 kB
Active:           465292 kB
Mem:          3.8G       3.1G       775M       5.7M        52M       2.6G

MemTotal:        4016004 kB
MemFree:          784504 kB
Active:           465348 kB
Mem:          3.8G       3.1G       765M       5.7M        52M       2.6G

MemTotal:        4016004 kB
MemFree:          772468 kB
Active:           465336 kB
Mem:          3.8G       3.1G       753M       5.7M        52M       2.6G

MemTotal:        4016004 kB
MemFree:          700868 kB
Active:           465556 kB
Mem:          3.8G       3.2G       683M       5.7M        52M       2.6G

MemTotal:        4016004 kB
MemFree:          612088 kB
Active:           465996 kB
Mem:          3.8G       3.2G       596M       5.7M        52M       2.7G

MemTotal:        4016004 kB
MemFree:          567308 kB
Active:           466180 kB
Mem:          3.8G       3.3G       553M       5.7M        52M       2.8G

MemTotal:        4016004 kB
MemFree:          564400 kB
Active:           466208 kB
Mem:          3.8G       3.3G       551M       5.7M        52M       2.8G

MemTotal:        4016004 kB
MemFree:          504264 kB
Active:           466368 kB
Mem:          3.8G       3.3G       491M       5.7M        52M       2.8G

MemTotal:        4016004 kB
MemFree:          437336 kB
Active:           466684 kB
Mem:          3.8G       3.4G       426M       5.7M        52M       2.9G

MemTotal:        4016004 kB
MemFree:          388308 kB
Active:           466860 kB
Mem:          3.8G       3.5G       378M       5.7M        52M       2.9G

MemTotal:        4016004 kB
MemFree:          347556 kB
Active:           467048 kB
Mem:          3.8G       3.5G       338M       5.7M        52M       3.0G

MemTotal:        4016004 kB
MemFree:          308244 kB
Active:           467200 kB
Mem:          3.8G       3.5G       300M       5.7M        52M       3.0G

MemTotal:        4016004 kB
MemFree:          275632 kB
Active:           467268 kB
Mem:          3.8G       3.6G       268M       5.7M        52M       3.0G

MemTotal:        4016004 kB
MemFree:          237924 kB
Active:           467460 kB
Mem:          3.8G       3.6G       232M       5.7M        52M       3.1G

MemTotal:        4016004 kB
MemFree:          196940 kB
Active:           467608 kB
Mem:          3.8G       3.6G       192M       5.7M        52M       3.1G

MemTotal:        4016004 kB
MemFree:          153952 kB
Active:           445632 kB
Mem:          3.8G       3.7G       149M       5.7M        44M       3.2G

MemTotal:        4016004 kB
MemFree:          147392 kB
Active:           453564 kB
Mem:          3.8G       3.7G       126M       5.7M        20M       3.2G

MemTotal:        4016004 kB
MemFree:          116808 kB
Active:           468080 kB
Mem:          3.8G       3.7G       113M       5.7M        19M       3.2G

MemTotal:        4016004 kB
MemFree:          123128 kB
Active:           487372 kB
Mem:          3.8G       3.7G       114M       5.7M        19M       3.2G

MemTotal:        4016004 kB
MemFree:          127228 kB
Active:           484772 kB
Mem:          3.8G       3.7G       123M       5.7M        19M       3.2G

MemTotal:        4016004 kB
MemFree:          144844 kB
Active:           480500 kB
Mem:          3.8G       3.7G       141M       5.7M        19M       3.2G

MemTotal:        4016004 kB
MemFree:          123960 kB
Active:           480292 kB
Mem:          3.8G       3.7G       120M       5.7M        19M       3.2G

MemTotal:        4016004 kB
MemFree:          106576 kB
Active:           479684 kB
Mem:          3.8G       3.7G       102M       5.7M        19M       3.2G

MemTotal:        4016004 kB
MemFree:          106888 kB
Active:           470388 kB
Mem:          3.8G       3.7G       104M       5.7M        19M       3.2G

MemTotal:        4016004 kB
MemFree:          132404 kB
Active:           467576 kB
Mem:          3.8G       3.7G       129M       5.7M        19M       3.2G

MemTotal:        4016004 kB
MemFree:          112288 kB
Active:           465640 kB
Mem:          3.8G       3.7G       108M       5.7M        19M       3.2G

MemTotal:        4016004 kB
MemFree:          130156 kB
Active:           463888 kB
Mem:          3.8G       3.7G       126M       5.7M        19M       3.2G

MemTotal:        4016004 kB
MemFree:          115072 kB
Active:           463888 kB
Mem:          3.8G       3.7G       112M       5.7M        19M       3.2G

MemTotal:        4016004 kB
MemFree:          127892 kB
Active:           463232 kB
Mem:          3.8G       3.7G       124M       5.7M        19M       3.2G

MemTotal:        4016004 kB
MemFree:          126468 kB
Active:           460868 kB
Mem:          3.8G       3.7G       122M       5.7M        19M       3.2G

MemTotal:        4016004 kB
MemFree:          110728 kB
Active:           455448 kB
Mem:          3.8G       3.7G       107M       5.7M        19M       3.2G

MemTotal:        4016004 kB
MemFree:          131104 kB
Active:           453420 kB
Mem:          3.8G       3.7G       127M       5.7M        19M       3.2G

MemTotal:        4016004 kB
MemFree:          125332 kB
Active:           452692 kB
Mem:          3.8G       3.7G       122M       5.7M        19M       3.2G

MemTotal:        4016004 kB
MemFree:          130324 kB
Active:           451156 kB
Mem:          3.8G       3.7G       127M       5.7M        19M       3.2G

MemTotal:        4016004 kB
MemFree:          111400 kB
Active:           450400 kB
Mem:          3.8G       3.7G       108M       5.7M        19M       3.2G

MemTotal:        4016004 kB
MemFree:          128084 kB
Active:           448476 kB
Mem:          3.8G       3.7G       124M       5.7M        19M       3.2G

MemTotal:        4016004 kB
MemFree:          114744 kB
Active:           447500 kB
Mem:          3.8G       3.7G       111M       5.7M        19M       3.2G

MemTotal:        4016004 kB
MemFree:          116696 kB
Active:           446984 kB
Mem:          3.8G       3.7G       113M       5.7M        19M       3.2G

MemTotal:        4016004 kB
MemFree:          122752 kB
Active:           446548 kB
Mem:          3.8G       3.7G       119M       5.7M        19M       3.2G

MemTotal:        4016004 kB
MemFree:          104544 kB
Active:           443496 kB
Mem:          3.8G       3.7G       110M       5.7M        19M       3.2G

MemTotal:        4016004 kB
MemFree:          130644 kB
Active:           439368 kB
Mem:          3.8G       3.7G       126M       5.7M        19M       3.2G

MemTotal:        4016004 kB
MemFree:          140340 kB
Active:           437648 kB
Mem:          3.8G       3.7G       136M       5.7M        19M       3.2G

MemTotal:        4016004 kB
MemFree:          125060 kB
Active:           437184 kB
Mem:          3.8G       3.7G       121M       5.7M        19M       3.2G

MemTotal:        4016004 kB
MemFree:          111624 kB
Active:           437120 kB
Mem:          3.8G       3.7G       108M       5.7M        19M       3.2G

MemTotal:        4016004 kB
MemFree:          132592 kB
Active:           435364 kB
Mem:          3.8G       3.7G       129M       5.7M        19M       3.2G

MemTotal:        4016004 kB
MemFree:          131592 kB
Active:           433816 kB
Mem:          3.8G       3.7G       128M       5.7M        19M       3.2G

MemTotal:        4016004 kB
MemFree:          108936 kB
Active:           433900 kB
Mem:          3.8G       3.7G       106M       5.7M        19M       3.2G

MemTotal:        4016004 kB
MemFree:          122584 kB
Active:           433432 kB
Mem:          3.8G       3.7G       119M       5.7M        19M       3.2G

MemTotal:        4016004 kB
MemFree:          109596 kB
Active:           432844 kB
Mem:          3.8G       3.7G       106M       5.7M        19M       3.2G

MemTotal:        4016004 kB
MemFree:          116124 kB
Active:           429892 kB
Mem:          3.8G       3.7G       111M       5.7M        19M       3.2G

MemTotal:        4016004 kB
MemFree:          122584 kB
Active:           426232 kB
Mem:          3.8G       3.7G       119M       5.7M        19M       3.2G

MemTotal:        4016004 kB
MemFree:          128912 kB
Active:           424972 kB
Mem:          3.8G       3.7G       125M       5.7M        19M       3.2G

MemTotal:        4016004 kB
MemFree:          105876 kB
Active:           424944 kB
Mem:          3.8G       3.7G       103M       5.7M        19M       3.2G

MemTotal:        4016004 kB
MemFree:          115640 kB
Active:           421744 kB
Mem:          3.8G       3.7G       112M       5.7M        19M       3.2G

MemTotal:        4016004 kB
MemFree:          129888 kB
Active:           421432 kB
Mem:          3.8G       3.7G       126M       5.7M        19M       3.2G

MemTotal:        4016004 kB
MemFree:          110644 kB
Active:           418156 kB
Mem:          3.8G       3.7G       107M       5.7M        19M       3.2G

MemTotal:        4016004 kB
MemFree:          114612 kB
Active:           417740 kB
Mem:          3.8G       3.7G       111M       5.7M        19M       3.2G

MemTotal:        4016004 kB
MemFree:          113452 kB
Active:           417720 kB
Mem:          3.8G       3.7G       110M       5.7M        19M       3.2G

MemTotal:        4016004 kB
MemFree:          126052 kB
Active:           416492 kB
Mem:          3.8G       3.7G       122M       5.7M        19M       3.2G

MemTotal:        4016004 kB
MemFree:          117320 kB
Active:           414652 kB
Mem:          3.8G       3.7G       113M       5.7M        19M       3.2G

MemTotal:        4016004 kB
MemFree:          123004 kB
Active:           412776 kB
Mem:          3.8G       3.7G       120M       5.7M        19M       3.2G

MemTotal:        4016004 kB
MemFree:          115212 kB
Active:           411700 kB
Mem:          3.8G       3.7G       112M       5.7M        19M       3.2G

MemTotal:        4016004 kB
MemFree:          109216 kB
Active:           410716 kB
Mem:          3.8G       3.7G       105M       5.7M        19M       3.2G

MemTotal:        4016004 kB
MemFree:          130748 kB
Active:           406756 kB
Mem:          3.8G       3.7G       127M       5.7M        19M       3.2G

MemTotal:        4016004 kB
MemFree:          120968 kB
Active:           406872 kB
Mem:          3.8G       3.7G       118M       5.7M        19M       3.2G

MemTotal:        4016004 kB
MemFree:          146560 kB
Active:           405372 kB
Mem:          3.8G       3.7G       143M       5.7M        19M       3.2G

MemTotal:        4016004 kB
MemFree:          146556 kB
Active:           403664 kB
Mem:          3.8G       3.7G       146M       5.7M        19M       3.2G

MemTotal:        4016004 kB
MemFree:          130344 kB
Active:           403836 kB
Mem:          3.8G       3.7G       126M       5.7M        19M       3.2G

MemTotal:        4016004 kB
MemFree:          130464 kB
Active:           403940 kB
Mem:          3.8G       3.7G       126M       5.7M        19M       3.2G

MemTotal:        4016004 kB
MemFree:          135252 kB
Active:           403904 kB
Mem:          3.8G       3.7G       132M       5.7M        19M       3.2G

MemTotal:        4016004 kB
MemFree:          124756 kB
Active:           404064 kB
Mem:          3.8G       3.7G       130M       5.7M        19M       3.2G

MemTotal:        4016004 kB
MemFree:          135344 kB
Active:           404068 kB
Mem:          3.8G       3.7G       131M       5.7M        19M       3.2G

MemTotal:        4016004 kB
MemFree:          137180 kB
Active:           404220 kB
Mem:          3.8G       3.7G       133M       5.7M        19M       3.2G

MemTotal:        4016004 kB
MemFree:          113868 kB
Active:           404400 kB
Mem:          3.8G       3.7G       110M       5.7M        19M       3.2G

MemTotal:        4016004 kB
MemFree:          123260 kB
Active:           404568 kB
Mem:          3.8G       3.7G       120M       5.7M        19M       3.2G

MemTotal:        4016004 kB
MemFree:          127120 kB
Active:           404668 kB
Mem:          3.8G       3.7G       123M       5.7M        19M       3.2G

MemTotal:        4016004 kB
MemFree:          128224 kB
Active:           404840 kB
Mem:          3.8G       3.7G       124M       5.7M        19M       3.2G

MemTotal:        4016004 kB
MemFree:          112580 kB
Active:           405064 kB
Mem:          3.8G       3.7G       108M       5.7M        20M       3.2G

MemTotal:        4016004 kB
MemFree:          105068 kB
Active:           405332 kB
Mem:          3.8G       3.7G       102M       5.7M        20M       3.2G

MemTotal:        4016004 kB
MemFree:          126788 kB
Active:           405928 kB
Mem:          3.8G       3.7G       133M       5.7M        20M       3.2G

MemTotal:        4016004 kB
MemFree:          113732 kB
Active:           407716 kB
Mem:          3.8G       3.7G       109M       5.7M        20M       3.2G

MemTotal:        4016004 kB
MemFree:          119432 kB
Active:           407848 kB
Mem:          3.8G       3.7G       116M       5.7M        20M       3.2G

MemTotal:        4016004 kB
MemFree:          106296 kB
Active:           408016 kB
Mem:          3.8G       3.7G       103M       5.7M        20M       3.2G

MemTotal:        4016004 kB
MemFree:          126620 kB
Active:           408048 kB
Mem:          3.8G       3.7G       123M       5.7M        20M       3.2G

MemTotal:        4016004 kB
MemFree:          112140 kB
Active:           408164 kB
Mem:          3.8G       3.7G       109M       5.7M        20M       3.2G

MemTotal:        4016004 kB
MemFree:          138604 kB
Active:           408252 kB
Mem:          3.8G       3.7G       135M       5.7M        20M       3.2G

MemTotal:        4016004 kB
MemFree:          141076 kB
Active:           408384 kB
Mem:          3.8G       3.7G       137M       5.7M        20M       3.2G

MemTotal:        4016004 kB
MemFree:          123236 kB
Active:           408656 kB
Mem:          3.8G       3.7G       119M       5.7M        20M       3.2G

MemTotal:        4016004 kB
MemFree:          120712 kB
Active:           408884 kB
Mem:          3.8G       3.7G       117M       5.7M        20M       3.2G

MemTotal:        4016004 kB
MemFree:          126728 kB
Active:           408988 kB
Mem:          3.8G       3.7G       123M       5.7M        20M       3.2G

MemTotal:        4016004 kB
MemFree:          125608 kB
Active:           409004 kB
Mem:          3.8G       3.7G       122M       5.7M        20M       3.2G

MemTotal:        4016004 kB
MemFree:          117976 kB
Active:           405664 kB
Mem:          3.8G       3.7G       114M       5.7M        20M       3.2G

MemTotal:        4016004 kB
MemFree:          130228 kB
Active:           406008 kB
Mem:          3.8G       3.7G       126M       5.7M        20M       3.2G

MemTotal:        4016004 kB
MemFree:          126420 kB
Active:           406184 kB
Mem:          3.8G       3.7G       122M       5.7M        20M       3.2G

MemTotal:        4016004 kB
MemFree:          121568 kB
Active:           406276 kB
Mem:          3.8G       3.7G       118M       5.7M        20M       3.2G

MemTotal:        4016004 kB
MemFree:          120328 kB
Active:           406228 kB
Mem:          3.8G       3.7G       117M       5.7M        20M       3.2G

MemTotal:        4016004 kB
MemFree:          148320 kB
Active:           406236 kB
Mem:          3.8G       3.7G       144M       5.7M        20M       3.2G

MemTotal:        4016004 kB
MemFree:          110348 kB
Active:           406712 kB
Mem:          3.8G       3.7G       106M       5.7M        20M       3.2G

MemTotal:        4016004 kB
MemFree:          127076 kB
Active:           403388 kB
Mem:          3.8G       3.7G       124M       5.7M        20M       3.2G

MemTotal:        4016004 kB
MemFree:          141296 kB
Active:           403576 kB
Mem:          3.8G       3.7G       137M       5.7M        20M       3.2G

MemTotal:        4016004 kB
MemFree:          126544 kB
Active:           403760 kB
Mem:          3.8G       3.7G       122M       5.7M        20M       3.2G

MemTotal:        4016004 kB
MemFree:          126996 kB
Active:           403916 kB
Mem:          3.8G       3.7G       122M       5.7M        20M       3.2G

MemTotal:        4016004 kB
MemFree:          113092 kB
Active:           404096 kB
Mem:          3.8G       3.7G       109M       5.7M        20M       3.2G

MemTotal:        4016004 kB
MemFree:          107572 kB
Active:           404260 kB
Mem:          3.8G       3.7G       105M       5.7M        20M       3.2G

MemTotal:        4016004 kB
MemFree:          120880 kB
Active:           404416 kB
Mem:          3.8G       3.7G       117M       5.7M        20M       3.2G

MemTotal:        4016004 kB
MemFree:          104704 kB
Active:           404568 kB
Mem:          3.8G       3.7G       106M       5.7M        20M       3.2G

MemTotal:        4016004 kB
MemFree:          129260 kB
Active:           403148 kB
Mem:          3.8G       3.7G       125M       5.7M        20M       3.2G

MemTotal:        4016004 kB
MemFree:          105024 kB
Active:           403452 kB
Mem:          3.8G       3.7G       107M       5.7M        20M       3.2G

MemTotal:        4016004 kB
MemFree:          125760 kB
Active:           406804 kB
Mem:          3.8G       3.7G       122M       5.7M        20M       3.2G

MemTotal:        4016004 kB
MemFree:          124048 kB
Active:           406132 kB
Mem:          3.8G       3.7G       120M       5.7M        20M       3.2G

MemTotal:        4016004 kB
MemFree:          130164 kB
Active:           404824 kB
Mem:          3.8G       3.7G       126M       5.7M        20M       3.2G

MemTotal:        4016004 kB
MemFree:          134668 kB
Active:           403804 kB
Mem:          3.8G       3.7G       131M       5.7M        20M       3.2G

MemTotal:        4016004 kB
MemFree:          127044 kB
Active:           403820 kB
Mem:          3.8G       3.7G       123M       5.7M        20M       3.2G

MemTotal:        4016004 kB
MemFree:          119212 kB
Active:           404112 kB
Mem:          3.8G       3.7G       115M       5.7M        20M       3.2G

MemTotal:        4016004 kB
MemFree:          112312 kB
Active:           404336 kB
Mem:          3.8G       3.7G       109M       5.7M        20M       3.2G

MemTotal:        4016004 kB
MemFree:          136016 kB
Active:           403032 kB
Mem:          3.8G       3.7G       102M       5.7M        20M       3.2G

MemTotal:        4016004 kB
MemFree:          109276 kB
Active:           403596 kB
Mem:          3.8G       3.7G       105M       5.7M        20M       3.2G

MemTotal:        4016004 kB
MemFree:          123100 kB
Active:           403812 kB
Mem:          3.8G       3.7G       119M       5.7M        20M       3.2G

MemTotal:        4016004 kB
MemFree:          112732 kB
Active:           403932 kB
Mem:          3.8G       3.7G       109M       5.7M        20M       3.2G

MemTotal:        4016004 kB
MemFree:          128888 kB
Active:           404000 kB
Mem:          3.8G       3.7G       125M       5.7M        20M       3.2G

MemTotal:        4016004 kB
MemFree:          126636 kB
Active:           404632 kB
Mem:          3.8G       3.7G       123M       5.7M        20M       3.2G

MemTotal:        4016004 kB
MemFree:          126492 kB
Active:           404832 kB
Mem:          3.8G       3.7G       122M       5.7M        20M       3.2G

MemTotal:        4016004 kB
MemFree:          125380 kB
Active:           405068 kB
Mem:          3.8G       3.7G       122M       5.7M        20M       3.2G

MemTotal:        4016004 kB
MemFree:          125736 kB
Active:           405112 kB
Mem:          3.8G       3.7G       122M       5.7M        20M       3.2G

MemTotal:        4016004 kB
MemFree:          133012 kB
Active:           403424 kB
Mem:          3.8G       3.7G       129M       5.7M        27M       3.2G

MemTotal:        4016004 kB
MemFree:          109284 kB
Active:           404768 kB
Mem:          3.8G       3.7G       105M       5.7M        27M       3.2G

MemTotal:        4016004 kB
MemFree:          126324 kB
Active:           404264 kB
Mem:          3.8G       3.7G       122M       5.7M        27M       3.2G

MemTotal:        4016004 kB
MemFree:          122736 kB
Active:           404252 kB
Mem:          3.8G       3.7G       119M       5.7M        27M       3.2G

MemTotal:        4016004 kB
MemFree:          114072 kB
Active:           404428 kB
Mem:          3.8G       3.7G       111M       5.7M        27M       3.2G

MemTotal:        4016004 kB
MemFree:          115324 kB
Active:           404604 kB
Mem:          3.8G       3.7G       112M       5.7M        27M       3.2G

MemTotal:        4016004 kB
MemFree:          122272 kB
Active:           404828 kB
Mem:          3.8G       3.7G       119M       5.7M        27M       3.2G

MemTotal:        4016004 kB
MemFree:          127996 kB
Active:           404980 kB
Mem:          3.8G       3.7G       124M       5.7M        27M       3.2G

MemTotal:        4016004 kB
MemFree:          133776 kB
Active:           403284 kB
Mem:          3.8G       3.7G       130M       5.7M        27M       3.2G

MemTotal:        4016004 kB
MemFree:          128816 kB
Active:           403480 kB
Mem:          3.8G       3.7G       125M       5.7M        27M       3.2G

MemTotal:        4016004 kB
MemFree:          124236 kB
Active:           403572 kB
Mem:          3.8G       3.7G       120M       5.7M        27M       3.2G

MemTotal:        4016004 kB
MemFree:          138724 kB
Active:           403896 kB
Mem:          3.8G       3.7G       135M       5.7M        27M       3.2G

MemTotal:        4016004 kB
MemFree:          128684 kB
Active:           404188 kB
Mem:          3.8G       3.7G       124M       5.7M        27M       3.2G

MemTotal:        4016004 kB
MemFree:          128988 kB
Active:           404360 kB
Mem:          3.8G       3.7G       125M       5.7M        27M       3.2G

MemTotal:        4016004 kB
MemFree:          134068 kB
Active:           404492 kB
Mem:          3.8G       3.7G       130M       5.7M        27M       3.2G

MemTotal:        4016004 kB
MemFree:          132984 kB
Active:           404572 kB
Mem:          3.8G       3.7G       129M       5.7M        27M       3.2G

MemTotal:        4016004 kB
MemFree:          132872 kB
Active:           404588 kB
Mem:          3.8G       3.7G       129M       5.7M        27M       3.2G

MemTotal:        4016004 kB
MemFree:          107456 kB
Active:           404768 kB
Mem:          3.8G       3.7G       103M       5.7M        27M       3.2G

MemTotal:        4016004 kB
MemFree:          129280 kB
Active:           405028 kB
Mem:          3.8G       3.7G       126M       5.7M        27M       3.2G

MemTotal:        4016004 kB
MemFree:          131556 kB
Active:           404908 kB
Mem:          3.8G       3.7G       127M       5.7M        27M       3.2G

MemTotal:        4016004 kB
MemFree:          129724 kB
Active:           404224 kB
Mem:          3.8G       3.7G       126M       5.7M        27M       3.2G

MemTotal:        4016004 kB
MemFree:          129744 kB
Active:           404372 kB
Mem:          3.8G       3.7G       125M       5.7M        27M       3.2G

MemTotal:        4016004 kB
MemFree:          128768 kB
Active:           404588 kB
Mem:          3.8G       3.7G       125M       5.7M        27M       3.2G

MemTotal:        4016004 kB
MemFree:          114504 kB
Active:           404564 kB
Mem:          3.8G       3.7G       111M       5.7M        27M       3.2G

MemTotal:        4016004 kB
MemFree:          121116 kB
Active:           404736 kB
Mem:          3.8G       3.7G       117M       5.7M        27M       3.2G

MemTotal:        4016004 kB
MemFree:          137844 kB
Active:           404888 kB
Mem:          3.8G       3.7G       133M       5.7M        27M       3.2G

MemTotal:        4016004 kB
MemFree:          133484 kB
Active:           405128 kB
Mem:          3.8G       3.7G       130M       5.7M        27M       3.2G

MemTotal:        4016004 kB
MemFree:          132604 kB
Active:           405300 kB
Mem:          3.8G       3.7G       128M       5.7M        27M       3.2G

MemTotal:        4016004 kB
MemFree:          108440 kB
Active:           405412 kB
Mem:          3.8G       3.7G       105M       5.7M        27M       3.2G

MemTotal:        4016004 kB
MemFree:          128292 kB
Active:           405496 kB
Mem:          3.8G       3.7G       124M       5.7M        27M       3.2G

MemTotal:        4016004 kB
MemFree:          109768 kB
Active:           405684 kB
Mem:          3.8G       3.7G       106M       5.7M        27M       3.2G

MemTotal:        4016004 kB
MemFree:          137432 kB
Active:           405908 kB
Mem:          3.8G       3.7G       133M       5.7M        27M       3.2G

MemTotal:        4016004 kB
MemFree:          135252 kB
Active:           403388 kB
Mem:          3.8G       3.7G       131M       5.7M        27M       3.2G

MemTotal:        4016004 kB
MemFree:          138388 kB
Active:           403432 kB
Mem:          3.8G       3.7G       134M       5.7M        27M       3.2G

MemTotal:        4016004 kB
MemFree:          131432 kB
Active:           403596 kB
Mem:          3.8G       3.7G       127M       5.7M        27M       3.2G

MemTotal:        4016004 kB
MemFree:          124312 kB
Active:           403752 kB
Mem:          3.8G       3.7G       121M       5.7M        27M       3.2G

MemTotal:        4016004 kB
MemFree:          112616 kB
Active:           403928 kB
Mem:          3.8G       3.7G       109M       5.7M        27M       3.2G

MemTotal:        4016004 kB
MemFree:          137040 kB
Active:           404108 kB
Mem:          3.8G       3.7G       133M       5.7M        27M       3.2G

MemTotal:        4016004 kB
MemFree:          112216 kB
Active:           404676 kB
Mem:          3.8G       3.7G       109M       5.7M        27M       3.2G

MemTotal:        4016004 kB
MemFree:          108988 kB
Active:           404908 kB
Mem:          3.8G       3.7G       105M       5.7M        27M       3.2G

MemTotal:        4016004 kB
MemFree:          112756 kB
Active:           405088 kB
Mem:          3.8G       3.7G       109M       5.7M        27M       3.2G

MemTotal:        4016004 kB
MemFree:          125764 kB
Active:           405172 kB
Mem:          3.8G       3.7G       122M       5.7M        27M       3.2G

MemTotal:        4016004 kB
MemFree:          115252 kB
Active:           405228 kB
Mem:          3.8G       3.7G       112M       5.7M        27M       3.2G

MemTotal:        4016004 kB
MemFree:          121904 kB
Active:           405548 kB
Mem:          3.8G       3.7G       118M       5.7M        27M       3.2G

MemTotal:        4016004 kB
MemFree:          140888 kB
Active:           402372 kB
Mem:          3.8G       3.7G       136M       5.7M        27M       3.2G

MemTotal:        4016004 kB
MemFree:          106988 kB
Active:           402352 kB
Mem:          3.8G       3.7G       104M       5.7M        27M       3.2G

MemTotal:        4016004 kB
MemFree:          121928 kB
Active:           402456 kB
Mem:          3.8G       3.7G       118M       5.7M        27M       3.2G

MemTotal:        4016004 kB
MemFree:          127776 kB
Active:           402568 kB
Mem:          3.8G       3.7G       124M       5.7M        27M       3.2G

MemTotal:        4016004 kB
MemFree:          130080 kB
Active:           402704 kB
Mem:          3.8G       3.7G       126M       5.7M        27M       3.2G

MemTotal:        4016004 kB
MemFree:          136072 kB
Active:           403028 kB
Mem:          3.8G       3.7G       132M       5.7M        27M       3.2G

MemTotal:        4016004 kB
MemFree:          111484 kB
Active:           403076 kB
Mem:          3.8G       3.7G       108M       5.7M        27M       3.2G

MemTotal:        4016004 kB
MemFree:          114708 kB
Active:           403208 kB
Mem:          3.8G       3.7G       111M       5.7M        27M       3.2G

MemTotal:        4016004 kB
MemFree:          117544 kB
Active:           403536 kB
Mem:          3.8G       3.7G       114M       5.7M        27M       3.2G

MemTotal:        4016004 kB
MemFree:          126184 kB
Active:           403784 kB
Mem:          3.8G       3.7G       122M       5.7M        27M       3.2G

MemTotal:        4016004 kB
MemFree:          126656 kB
Active:           403960 kB
Mem:          3.8G       3.7G       123M       5.7M        27M       3.2G

MemTotal:        4016004 kB
MemFree:          125728 kB
Active:           404028 kB
Mem:          3.8G       3.7G       122M       5.7M        27M       3.2G

MemTotal:        4016004 kB
MemFree:          125060 kB
Active:           404012 kB
Mem:          3.8G       3.7G       121M       5.7M        27M       3.2G

MemTotal:        4016004 kB
MemFree:          106084 kB
Active:           404320 kB
Mem:          3.8G       3.7G       103M       5.7M        27M       3.2G

MemTotal:        4016004 kB
MemFree:          105032 kB
Active:           404560 kB
Mem:          3.8G       3.7G       102M       5.7M        27M       3.2G

MemTotal:        4016004 kB
MemFree:          122576 kB
Active:           404784 kB
Mem:          3.8G       3.7G       119M       5.7M        27M       3.2G

MemTotal:        4016004 kB
MemFree:          107368 kB
Active:           404972 kB
Mem:          3.8G       3.7G       104M       5.7M        27M       3.2G

MemTotal:        4016004 kB
MemFree:          118896 kB
Active:           405164 kB
Mem:          3.8G       3.7G       115M       5.7M        27M       3.2G

MemTotal:        4016004 kB
MemFree:          130944 kB
Active:           405124 kB
Mem:          3.8G       3.7G       127M       5.7M        27M       3.2G

MemTotal:        4016004 kB
MemFree:          107560 kB
Active:           405052 kB
Mem:          3.8G       3.7G       104M       5.7M        27M       3.2G

MemTotal:        4016004 kB
MemFree:          107824 kB
Active:           405156 kB
Mem:          3.8G       3.7G       105M       5.7M        27M       3.2G

MemTotal:        4016004 kB
MemFree:          138724 kB
Active:           405408 kB
Mem:          3.8G       3.7G       135M       5.7M        27M       3.2G

MemTotal:        4016004 kB
MemFree:          125548 kB
Active:           405652 kB
Mem:          3.8G       3.7G       122M       5.7M        27M       3.2G

MemTotal:        4016004 kB
MemFree:          115284 kB
Active:           405728 kB
Mem:          3.8G       3.7G       112M       5.7M        27M       3.2G

MemTotal:        4016004 kB
MemFree:          112212 kB
Active:           405776 kB
Mem:          3.8G       3.7G       109M       5.7M        27M       3.2G

MemTotal:        4016004 kB
MemFree:          126408 kB
Active:           406116 kB
Mem:          3.8G       3.7G       123M       5.7M        27M       3.2G

MemTotal:        4016004 kB
MemFree:          138112 kB
Active:           406476 kB
Mem:          3.8G       3.7G       134M       5.7M        27M       3.2G

MemTotal:        4016004 kB
MemFree:          105716 kB
Active:           406648 kB
Mem:          3.8G       3.7G       102M       5.7M        27M       3.2G

MemTotal:        4016004 kB
MemFree:          121012 kB
Active:           406728 kB
Mem:          3.8G       3.7G       117M       5.7M        27M       3.2G

MemTotal:        4016004 kB
MemFree:          132740 kB
Active:           406892 kB
Mem:          3.8G       3.7G       129M       5.7M        27M       3.2G

MemTotal:        4016004 kB
MemFree:          134488 kB
Active:           407024 kB
Mem:          3.8G       3.7G       131M       5.7M        27M       3.2G

MemTotal:        4016004 kB
MemFree:          142968 kB
Active:           407156 kB
Mem:          3.8G       3.7G       138M       5.7M        27M       3.2G

MemTotal:        4016004 kB
MemFree:          131028 kB
Active:           407448 kB
Mem:          3.8G       3.7G       127M       5.7M        27M       3.2G

MemTotal:        4016004 kB
MemFree:          108040 kB
Active:           407656 kB
Mem:          3.8G       3.7G       105M       5.7M        27M       3.2G

MemTotal:        4016004 kB
MemFree:          136568 kB
Active:           408092 kB
Mem:          3.8G       3.7G       132M       5.7M        27M       3.2G

MemTotal:        4016004 kB
MemFree:          125784 kB
Active:           408380 kB
Mem:          3.8G       3.7G       122M       5.7M        27M       3.2G

MemTotal:        4016004 kB
MemFree:          122292 kB
Active:           408544 kB
Mem:          3.8G       3.7G       118M       5.7M        27M       3.2G

MemTotal:        4016004 kB
MemFree:          115084 kB
Active:           408608 kB
Mem:          3.8G       3.7G       112M       5.7M        27M       3.2G

MemTotal:        4016004 kB
MemFree:          114480 kB
Active:           408600 kB
Mem:          3.8G       3.7G       111M       5.7M        27M       3.2G

MemTotal:        4016004 kB
MemFree:          152016 kB
Active:           408596 kB
Mem:          3.8G       3.7G       148M       5.7M        27M       3.2G

MemTotal:        4016004 kB
MemFree:          127416 kB
Active:           409044 kB
Mem:          3.8G       3.7G       123M       5.7M        27M       3.2G

MemTotal:        4016004 kB
MemFree:          132028 kB
Active:           409328 kB
Mem:          3.8G       3.7G       128M       5.7M        27M       3.2G

MemTotal:        4016004 kB
MemFree:          105400 kB
Active:           409504 kB
Mem:          3.8G       3.7G       102M       5.7M        27M       3.2G

MemTotal:        4016004 kB
MemFree:          118272 kB
Active:           409652 kB
Mem:          3.8G       3.7G       114M       5.7M        27M       3.2G

MemTotal:        4016004 kB
MemFree:          120924 kB
Active:           409776 kB
Mem:          3.8G       3.7G       117M       5.7M        27M       3.2G

MemTotal:        4016004 kB
MemFree:          115872 kB
Active:           409908 kB
Mem:          3.8G       3.7G       112M       5.7M        27M       3.2G

MemTotal:        4016004 kB
MemFree:          121908 kB
Active:           410148 kB
Mem:          3.8G       3.7G       118M       5.7M        27M       3.2G

MemTotal:        4016004 kB
MemFree:          140916 kB
Active:           410372 kB
Mem:          3.8G       3.7G       137M       5.7M        27M       3.2G

MemTotal:        4016004 kB
MemFree:          139940 kB
Active:           410440 kB
Mem:          3.8G       3.7G       136M       5.7M        27M       3.2G

MemTotal:        4016004 kB
MemFree:          109496 kB
Active:           410764 kB
Mem:          3.8G       3.7G       104M       5.7M        27M       3.2G

MemTotal:        4016004 kB
MemFree:          142768 kB
Active:           411016 kB
Mem:          3.8G       3.7G       138M       5.7M        27M       3.2G

MemTotal:        4016004 kB
MemFree:          140180 kB
Active:           411248 kB
Mem:          3.8G       3.7G       136M       5.7M        27M       3.2G

MemTotal:        4016004 kB
MemFree:          129888 kB
Active:           411448 kB
Mem:          3.8G       3.7G       126M       5.7M        27M       3.2G

MemTotal:        4016004 kB
MemFree:          130512 kB
Active:           411680 kB
Mem:          3.8G       3.7G       127M       5.7M        27M       3.2G

MemTotal:        4016004 kB
MemFree:          113792 kB
Active:           411724 kB
Mem:          3.8G       3.7G       110M       5.7M        27M       3.2G

MemTotal:        4016004 kB
MemFree:          122160 kB
Active:           411932 kB
Mem:          3.8G       3.7G       118M       5.7M        27M       3.2G

MemTotal:        4016004 kB
MemFree:          105152 kB
Active:           412240 kB
Mem:          3.8G       3.7G       106M       5.7M        27M       3.2G

MemTotal:        4016004 kB
MemFree:          106992 kB
Active:           412464 kB
Mem:          3.8G       3.7G       104M       5.7M        27M       3.2G

MemTotal:        4016004 kB
MemFree:          142748 kB
Active:           412604 kB
Mem:          3.8G       3.7G       138M       5.7M        27M       3.2G

MemTotal:        4016004 kB
MemFree:          105288 kB
Active:           412672 kB
Mem:          3.8G       3.7G       104M       5.7M        27M       3.2G

MemTotal:        4016004 kB
MemFree:          109252 kB
Active:           412904 kB
Mem:          3.8G       3.7G       105M       5.7M        27M       3.2G

MemTotal:        4016004 kB
MemFree:          123088 kB
Active:           413156 kB
Mem:          3.8G       3.7G       119M       5.7M        27M       3.2G

MemTotal:        4016004 kB
MemFree:          104872 kB
Active:           413360 kB
Mem:          3.8G       3.7G       105M       5.7M        27M       3.2G

MemTotal:        4016004 kB
MemFree:          122780 kB
Active:           413872 kB
Mem:          3.8G       3.7G       119M       5.7M        27M       3.2G

MemTotal:        4016004 kB
MemFree:          123352 kB
Active:           414184 kB
Mem:          3.8G       3.7G       119M       5.7M        27M       3.2G

MemTotal:        4016004 kB
MemFree:          127544 kB
Active:           414420 kB
Mem:          3.8G       3.7G       124M       5.7M        27M       3.2G

MemTotal:        4016004 kB
MemFree:          124860 kB
Active:           414572 kB
Mem:          3.8G       3.7G       121M       5.7M        27M       3.2G

MemTotal:        4016004 kB
MemFree:          122704 kB
Active:           414736 kB
Mem:          3.8G       3.7G       119M       5.7M        27M       3.2G

MemTotal:        4016004 kB
MemFree:          126140 kB
Active:           414828 kB
Mem:          3.8G       3.7G       122M       5.7M        27M       3.2G

MemTotal:        4016004 kB
MemFree:          114060 kB
Active:           414888 kB
Mem:          3.8G       3.7G       111M       5.7M        27M       3.2G

MemTotal:        4016004 kB
MemFree:          135312 kB
Active:           415008 kB
Mem:          3.8G       3.7G       131M       5.7M        27M       3.2G

MemTotal:        4016004 kB
MemFree:          123876 kB
Active:           415384 kB
Mem:          3.8G       3.7G       120M       5.7M        27M       3.2G

MemTotal:        4016004 kB
MemFree:          131044 kB
Active:           415620 kB
Mem:          3.8G       3.7G       127M       5.7M        27M       3.2G

MemTotal:        4016004 kB
MemFree:          141020 kB
Active:           415764 kB
Mem:          3.8G       3.7G       136M       5.7M        27M       3.2G

MemTotal:        4016004 kB
MemFree:          107332 kB
Active:           415928 kB
Mem:          3.8G       3.7G       104M       5.7M        27M       3.2G

MemTotal:        4016004 kB
MemFree:          105212 kB
Active:           416060 kB
Mem:          3.8G       3.7G       102M       5.7M        27M       3.2G

MemTotal:        4016004 kB
MemFree:          132144 kB
Active:           416216 kB
Mem:          3.8G       3.7G       128M       5.7M        27M       3.2G

MemTotal:        4016004 kB
MemFree:          132324 kB
Active:           416440 kB
Mem:          3.8G       3.7G       128M       5.7M        27M       3.2G

MemTotal:        4016004 kB
MemFree:          106596 kB
Active:           416616 kB
Mem:          3.8G       3.7G       103M       5.7M        27M       3.2G

MemTotal:        4016004 kB
MemFree:          112768 kB
Active:           416664 kB
Mem:          3.8G       3.7G       109M       5.7M        27M       3.2G

MemTotal:        4016004 kB
MemFree:          124228 kB
Active:           416784 kB
Mem:          3.8G       3.7G       120M       5.7M        27M       3.2G

MemTotal:        4016004 kB
MemFree:          107244 kB
Active:           417036 kB
Mem:          3.8G       3.7G       103M       5.7M        27M       3.2G

MemTotal:        4016004 kB
MemFree:          132588 kB
Active:           417428 kB
Mem:          3.8G       3.7G       128M       5.7M        27M       3.2G

MemTotal:        4016004 kB
MemFree:          114964 kB
Active:           417584 kB
Mem:          3.8G       3.7G       112M       5.7M        27M       3.2G

MemTotal:        4016004 kB
MemFree:          127316 kB
Active:           417632 kB
Mem:          3.8G       3.7G       124M       5.7M        27M       3.2G

MemTotal:        4016004 kB
MemFree:          108364 kB
Active:           417700 kB
Mem:          3.8G       3.7G       105M       5.7M        27M       3.2G

MemTotal:        4016004 kB
MemFree:          131208 kB
Active:           418164 kB
Mem:          3.8G       3.7G       127M       5.7M        27M       3.2G

MemTotal:        4016004 kB
MemFree:          120904 kB
Active:           418400 kB
Mem:          3.8G       3.7G       117M       5.7M        27M       3.2G

MemTotal:        4016004 kB
MemFree:          128900 kB
Active:           418564 kB
Mem:          3.8G       3.7G       125M       5.7M        28M       3.2G

MemTotal:        4016004 kB
MemFree:          130140 kB
Active:           418692 kB
Mem:          3.8G       3.7G       126M       5.7M        28M       3.2G

MemTotal:        4016004 kB
MemFree:          114164 kB
Active:           418856 kB
Mem:          3.8G       3.7G       111M       5.7M        28M       3.2G

MemTotal:        4016004 kB
MemFree:          119016 kB
Active:           419088 kB
Mem:          3.8G       3.7G       115M       5.7M        28M       3.2G

MemTotal:        4016004 kB
MemFree:          107660 kB
Active:           419272 kB
Mem:          3.8G       3.7G       104M       5.7M        28M       3.2G

MemTotal:        4016004 kB
MemFree:          105736 kB
Active:           419388 kB
Mem:          3.8G       3.7G       103M       5.7M        28M       3.2G

MemTotal:        4016004 kB
MemFree:          105460 kB
Active:           419356 kB
Mem:          3.8G       3.7G       103M       5.7M        28M       3.2G

MemTotal:        4016004 kB
MemFree:          105748 kB
Active:           419352 kB
Mem:          3.8G       3.7G       103M       5.7M        28M       3.2G

MemTotal:        4016004 kB
MemFree:          111520 kB
Active:           419792 kB
Mem:          3.8G       3.7G       107M       5.7M        28M       3.2G

MemTotal:        4016004 kB
MemFree:          124184 kB
Active:           420044 kB
Mem:          3.8G       3.7G       120M       5.7M        28M       3.2G

MemTotal:        4016004 kB
MemFree:          129360 kB
Active:           420244 kB
Mem:          3.8G       3.7G       125M       5.7M        28M       3.2G

MemTotal:        4016004 kB
MemFree:          106744 kB
Active:           420356 kB
Mem:          3.8G       3.7G       103M       5.7M        28M       3.2G

MemTotal:        4016004 kB
MemFree:          114300 kB
Active:           420460 kB
Mem:          3.8G       3.7G       111M       5.7M        28M       3.2G

MemTotal:        4016004 kB
MemFree:          120136 kB
Active:           420648 kB
Mem:          3.8G       3.7G       117M       5.7M        28M       3.2G

MemTotal:        4016004 kB
MemFree:          108792 kB
Active:           420932 kB
Mem:          3.8G       3.7G       105M       5.7M        28M       3.2G

MemTotal:        4016004 kB
MemFree:          110556 kB
Active:           421120 kB
Mem:          3.8G       3.7G       107M       5.7M        28M       3.2G

MemTotal:        4016004 kB
MemFree:          133404 kB
Active:           421832 kB
Mem:          3.8G       3.7G       129M       5.7M        28M       3.2G

MemTotal:        4016004 kB
MemFree:          139400 kB
Active:           422036 kB
Mem:          3.8G       3.7G       135M       5.7M        28M       3.2G

MemTotal:        4016004 kB
MemFree:          138100 kB
Active:           422044 kB
Mem:          3.8G       3.7G       134M       5.7M        28M       3.2G

MemTotal:        4016004 kB
MemFree:          138452 kB
Active:           422044 kB
Mem:          3.8G       3.7G       135M       5.7M        28M       3.2G

MemTotal:        4016004 kB
MemFree:          123400 kB
Active:           422252 kB
Mem:          3.8G       3.7G       120M       5.7M        28M       3.2G

MemTotal:        4016004 kB
MemFree:          124584 kB
Active:           422604 kB
Mem:          3.8G       3.7G       121M       5.7M        28M       3.2G

MemTotal:        4016004 kB
MemFree:          140772 kB
Active:           422848 kB
Mem:          3.8G       3.7G       137M       5.7M        28M       3.2G

MemTotal:        4016004 kB
MemFree:          126884 kB
Active:           423008 kB
Mem:          3.8G       3.7G       123M       5.7M        28M       3.2G

MemTotal:        4016004 kB
MemFree:          126412 kB
Active:           423176 kB
Mem:          3.8G       3.7G       122M       5.7M        28M       3.2G

MemTotal:        4016004 kB
MemFree:          128488 kB
Active:           423320 kB
Mem:          3.8G       3.7G       125M       5.7M        28M       3.2G

MemTotal:        4016004 kB
MemFree:          128444 kB
Active:           423432 kB
Mem:          3.8G       3.7G       124M       5.7M        28M       3.2G

MemTotal:        4016004 kB
MemFree:          132740 kB
Active:           423564 kB
Mem:          3.8G       3.7G       129M       5.7M        28M       3.2G

MemTotal:        4016004 kB
MemFree:          122616 kB
Active:           423792 kB
Mem:          3.8G       3.7G       119M       5.7M        28M       3.2G

MemTotal:        4016004 kB
MemFree:          132724 kB
Active:           423992 kB
Mem:          3.8G       3.7G       129M       5.7M        28M       3.2G

MemTotal:        4016004 kB
MemFree:          146620 kB
Active:           424344 kB
Mem:          3.8G       3.7G       142M       5.7M        28M       3.1G

MemTotal:        4016004 kB
MemFree:          133900 kB
Active:           424608 kB
Mem:          3.8G       3.7G       130M       5.7M        28M       3.2G

MemTotal:        4016004 kB
MemFree:          124000 kB
Active:           424824 kB
Mem:          3.8G       3.7G       120M       5.7M        28M       3.2G

MemTotal:        4016004 kB
MemFree:          130192 kB
Active:           425060 kB
Mem:          3.8G       3.7G       126M       5.7M        28M       3.2G

MemTotal:        4016004 kB
MemFree:          120560 kB
Active:           425244 kB
Mem:          3.8G       3.7G       117M       5.7M        28M       3.2G

MemTotal:        4016004 kB
MemFree:          120008 kB
Active:           425284 kB
Mem:          3.8G       3.7G       117M       5.7M        28M       3.2G

MemTotal:        4016004 kB
MemFree:          120104 kB
Active:           425296 kB
Mem:          3.8G       3.7G       117M       5.7M        28M       3.2G

MemTotal:        4016004 kB
MemFree:          119104 kB
Active:           425268 kB
Mem:          3.8G       3.7G       114M       5.7M        28M       3.2G

MemTotal:        4016004 kB
MemFree:          134596 kB
Active:           425716 kB
Mem:          3.8G       3.7G       130M       5.7M        28M       3.2G

MemTotal:        4016004 kB
MemFree:          121644 kB
Active:           425956 kB
Mem:          3.8G       3.7G       117M       5.7M        28M       3.2G

MemTotal:        4016004 kB
MemFree:          126032 kB
Active:           426180 kB
Mem:          3.8G       3.7G       122M       5.7M        28M       3.2G

MemTotal:        4016004 kB
MemFree:          130028 kB
Active:           426492 kB
Mem:          3.8G       3.7G       126M       5.7M        28M       3.2G

MemTotal:        4016004 kB
MemFree:          129256 kB
Active:           426392 kB
Mem:          3.8G       3.7G       126M       5.7M        28M       3.2G

MemTotal:        4016004 kB
MemFree:          120100 kB
Active:           426384 kB
Mem:          3.8G       3.7G       117M       5.7M        28M       3.2G

MemTotal:        4016004 kB
MemFree:          122840 kB
Active:           426792 kB
Mem:          3.8G       3.7G       119M       5.7M        28M       3.2G

MemTotal:        4016004 kB
MemFree:          128528 kB
Active:           427036 kB
Mem:          3.8G       3.7G       125M       5.7M        28M       3.2G

MemTotal:        4016004 kB
MemFree:          113804 kB
Active:           427248 kB
Mem:          3.8G       3.7G       110M       5.7M        28M       3.2G

MemTotal:        4016004 kB
MemFree:          125420 kB
Active:           427428 kB
Mem:          3.8G       3.7G       121M       5.7M        28M       3.2G

MemTotal:        4016004 kB
MemFree:          114308 kB
Active:           427604 kB
Mem:          3.8G       3.7G       110M       5.7M        28M       3.2G

MemTotal:        4016004 kB
MemFree:          112944 kB
Active:           427684 kB
Mem:          3.8G       3.7G       110M       5.7M        28M       3.2G

MemTotal:        4016004 kB
MemFree:          112636 kB
Active:           427636 kB
Mem:          3.8G       3.7G       109M       5.7M        28M       3.2G

MemTotal:        4016004 kB
MemFree:          125484 kB
Active:           427904 kB
Mem:          3.8G       3.7G       121M       5.7M        28M       3.2G

MemTotal:        4016004 kB
MemFree:          123652 kB
Active:           428172 kB
Mem:          3.8G       3.7G       120M       5.7M        28M       3.2G

MemTotal:        4016004 kB
MemFree:          105868 kB
Active:           428444 kB
Mem:          3.8G       3.7G       102M       5.7M        28M       3.2G

MemTotal:        4016004 kB
MemFree:          105492 kB
Active:           428672 kB
Mem:          3.8G       3.7G       102M       5.7M        28M       3.2G

MemTotal:        4016004 kB
MemFree:          129824 kB
Active:           428860 kB
Mem:          3.8G       3.7G       126M       5.7M        28M       3.2G

MemTotal:        4016004 kB
MemFree:          119688 kB
Active:           429004 kB
Mem:          3.8G       3.7G       116M       5.7M        28M       3.2G

MemTotal:        4016004 kB
MemFree:          107040 kB
Active:           429000 kB
Mem:          3.8G       3.7G       104M       5.7M        28M       3.2G

MemTotal:        4016004 kB
MemFree:          112800 kB
Active:           429572 kB
Mem:          3.8G       3.7G       109M       5.7M        28M       3.2G

MemTotal:        4016004 kB
MemFree:          137408 kB
Active:           429816 kB
Mem:          3.8G       3.7G       133M       5.7M        28M       3.2G

MemTotal:        4016004 kB
MemFree:          133020 kB
Active:           430020 kB
Mem:          3.8G       3.7G       129M       5.7M        28M       3.2G

MemTotal:        4016004 kB
MemFree:          112536 kB
Active:           430504 kB
Mem:          3.8G       3.7G       109M       5.7M        28M       3.2G

MemTotal:        4016004 kB
MemFree:          118028 kB
Active:           430724 kB
Mem:          3.8G       3.7G       114M       5.7M        28M       3.2G

MemTotal:        4016004 kB
MemFree:          128268 kB
Active:           430912 kB
Mem:          3.8G       3.7G       124M       5.7M        28M       3.2G

MemTotal:        4016004 kB
MemFree:          144864 kB
Active:           431008 kB
Mem:          3.8G       3.7G       140M       5.7M        28M       3.1G

MemTotal:        4016004 kB
MemFree:          122196 kB
Active:           431136 kB
Mem:          3.8G       3.7G       119M       5.7M        28M       3.2G

MemTotal:        4016004 kB
MemFree:          127284 kB
Active:           431400 kB
Mem:          3.8G       3.7G       123M       5.7M        28M       3.2G

MemTotal:        4016004 kB
MemFree:          113600 kB
Active:           431768 kB
Mem:          3.8G       3.7G       110M       5.7M        28M       3.2G

MemTotal:        4016004 kB
MemFree:          128460 kB
Active:           431932 kB
Mem:          3.8G       3.7G       124M       5.7M        28M       3.2G

MemTotal:        4016004 kB
MemFree:          128384 kB
Active:           432164 kB
Mem:          3.8G       3.7G       125M       5.7M        28M       3.2G

MemTotal:        4016004 kB
MemFree:          115356 kB
Active:           432428 kB
Mem:          3.8G       3.7G       111M       5.7M        28M       3.2G

MemTotal:        4016004 kB
MemFree:          123204 kB
Active:           432624 kB
Mem:          3.8G       3.7G       119M       5.7M        28M       3.2G

MemTotal:        4016004 kB
MemFree:          114048 kB
Active:           432800 kB
Mem:          3.8G       3.7G       110M       5.7M        28M       3.2G

MemTotal:        4016004 kB
MemFree:          118932 kB
Active:           432912 kB
Mem:          3.8G       3.7G       115M       5.7M        28M       3.2G

MemTotal:        4016004 kB
MemFree:          126624 kB
Active:           432944 kB
Mem:          3.8G       3.7G       123M       5.7M        28M       3.2G

MemTotal:        4016004 kB
MemFree:          108556 kB
Active:           433024 kB
Mem:          3.8G       3.7G       106M       5.7M        28M       3.2G

MemTotal:        4016004 kB
MemFree:          135296 kB
Active:           433400 kB
Mem:          3.8G       3.7G       131M       5.7M        28M       3.2G

MemTotal:        4016004 kB
MemFree:          129256 kB
Active:           433648 kB
Mem:          3.8G       3.7G       125M       5.7M        28M       3.2G

MemTotal:        4016004 kB
MemFree:          135400 kB
Active:           433768 kB
Mem:          3.8G       3.7G       131M       5.7M        28M       3.2G

MemTotal:        4016004 kB
MemFree:          116540 kB
Active:           433956 kB
Mem:          3.8G       3.7G       121M       5.7M        28M       3.2G

MemTotal:        4016004 kB
MemFree:          129224 kB
Active:           434108 kB
Mem:          3.8G       3.7G       126M       5.7M        28M       3.2G

MemTotal:        4016004 kB
MemFree:          120804 kB
Active:           434328 kB
Mem:          3.8G       3.7G       117M       5.7M        28M       3.2G

MemTotal:        4016004 kB
MemFree:          109864 kB
Active:           434516 kB
Mem:          3.8G       3.7G       107M       5.7M        28M       3.2G

MemTotal:        4016004 kB
MemFree:          110088 kB
Active:           434684 kB
Mem:          3.8G       3.7G       107M       5.7M        28M       3.2G

MemTotal:        4016004 kB
MemFree:          130384 kB
Active:           434780 kB
Mem:          3.8G       3.7G       127M       5.7M        28M       3.2G

MemTotal:        4016004 kB
MemFree:          126600 kB
Active:           434840 kB
Mem:          3.8G       3.7G       123M       5.7M        28M       3.2G

MemTotal:        4016004 kB
MemFree:          124940 kB
Active:           435268 kB
Mem:          3.8G       3.7G       121M       5.7M        28M       3.2G

MemTotal:        4016004 kB
MemFree:          115908 kB
Active:           435504 kB
Mem:          3.8G       3.7G       112M       5.7M        28M       3.2G

MemTotal:        4016004 kB
MemFree:          123472 kB
Active:           435660 kB
Mem:          3.8G       3.7G       120M       5.7M        28M       3.2G

MemTotal:        4016004 kB
MemFree:          131160 kB
Active:           435792 kB
Mem:          3.8G       3.7G       127M       5.7M        28M       3.2G

MemTotal:        4016004 kB
MemFree:          126756 kB
Active:           435868 kB
Mem:          3.8G       3.7G       123M       5.7M        28M       3.2G

MemTotal:        4016004 kB
MemFree:          123128 kB
Active:           436084 kB
Mem:          3.8G       3.7G       119M       5.7M        28M       3.2G

MemTotal:        4016004 kB
MemFree:          135116 kB
Active:           436356 kB
Mem:          3.8G       3.7G       131M       5.7M        28M       3.2G

MemTotal:        4016004 kB
MemFree:          129768 kB
Active:           436544 kB
Mem:          3.8G       3.7G       126M       5.7M        28M       3.2G

MemTotal:        4016004 kB
MemFree:          127744 kB
Active:           436700 kB
Mem:          3.8G       3.7G       124M       5.7M        28M       3.2G

MemTotal:        4016004 kB
MemFree:          126872 kB
Active:           436828 kB
Mem:          3.8G       3.7G       122M       5.7M        28M       3.2G

MemTotal:        4016004 kB
MemFree:          112944 kB
Active:           437056 kB
Mem:          3.8G       3.7G       109M       5.7M        28M       3.2G

MemTotal:        4016004 kB
MemFree:          127996 kB
Active:           437252 kB
Mem:          3.8G       3.7G       124M       5.7M        28M       3.2G

MemTotal:        4016004 kB
MemFree:          107064 kB
Active:           437408 kB
Mem:          3.8G       3.7G       104M       5.7M        28M       3.2G

MemTotal:        4016004 kB
MemFree:          114556 kB
Active:           437532 kB
Mem:          3.8G       3.7G       111M       5.7M        28M       3.2G

MemTotal:        4016004 kB
MemFree:          118236 kB
Active:           437648 kB
Mem:          3.8G       3.7G       115M       5.7M        28M       3.2G

MemTotal:        4016004 kB
MemFree:          134708 kB
Active:           437768 kB
Mem:          3.8G       3.7G       131M       5.7M        28M       3.2G

MemTotal:        4016004 kB
MemFree:          121824 kB
Active:           437956 kB
Mem:          3.8G       3.7G       118M       5.7M        28M       3.2G

MemTotal:        4016004 kB
MemFree:          117912 kB
Active:           438180 kB
Mem:          3.8G       3.7G       114M       5.7M        28M       3.2G

MemTotal:        4016004 kB
MemFree:          124540 kB
Active:           438380 kB
Mem:          3.8G       3.7G       121M       5.7M        28M       3.2G

MemTotal:        4016004 kB
MemFree:          122008 kB
Active:           438440 kB
Mem:          3.8G       3.7G       118M       5.7M        28M       3.2G

MemTotal:        4016004 kB
MemFree:          111624 kB
Active:           438548 kB
Mem:          3.8G       3.7G       108M       5.7M        28M       3.2G

MemTotal:        4016004 kB
MemFree:          141300 kB
Active:           438896 kB
Mem:          3.8G       3.7G       137M       5.7M        28M       3.1G

MemTotal:        4016004 kB
MemFree:          126484 kB
Active:           439120 kB
Mem:          3.8G       3.7G       123M       5.7M        28M       3.2G

MemTotal:        4016004 kB
MemFree:          105564 kB
Active:           439228 kB
Mem:          3.8G       3.7G       102M       5.7M        28M       3.2G

MemTotal:        4016004 kB
MemFree:          131804 kB
Active:           439456 kB
Mem:          3.8G       3.7G       128M       5.7M        28M       3.2G

MemTotal:        4016004 kB
MemFree:          150732 kB
Active:           439700 kB
Mem:          3.8G       3.7G       146M       5.7M        28M       3.1G

MemTotal:        4016004 kB
MemFree:          109268 kB
Active:           439924 kB
Mem:          3.8G       3.7G       106M       5.7M        28M       3.2G

MemTotal:        4016004 kB
MemFree:          116876 kB
Active:           440132 kB
Mem:          3.8G       3.7G       113M       5.7M        28M       3.2G

MemTotal:        4016004 kB
MemFree:          115948 kB
Active:           440140 kB
Mem:          3.8G       3.7G       112M       5.7M        28M       3.2G

MemTotal:        4016004 kB
MemFree:          112044 kB
Active:           440340 kB
Mem:          3.8G       3.7G       109M       5.7M        28M       3.2G

MemTotal:        4016004 kB
MemFree:          107692 kB
Active:           440560 kB
Mem:          3.8G       3.7G       104M       5.7M        28M       3.2G

MemTotal:        4016004 kB
MemFree:          124768 kB
Active:           440776 kB
Mem:          3.8G       3.7G       121M       5.7M        28M       3.2G

MemTotal:        4016004 kB
MemFree:          123852 kB
Active:           440952 kB
Mem:          3.8G       3.7G       120M       5.7M        28M       3.2G

MemTotal:        4016004 kB
MemFree:          122952 kB
Active:           441060 kB
Mem:          3.8G       3.7G       120M       5.7M        28M       3.2G

MemTotal:        4016004 kB
MemFree:          106772 kB
Active:           441116 kB
Mem:          3.8G       3.7G       104M       5.7M        28M       3.2G

MemTotal:        4016004 kB
MemFree:          129280 kB
Active:           441244 kB
Mem:          3.8G       3.7G       125M       5.7M        28M       3.2G

MemTotal:        4016004 kB
MemFree:          136112 kB
Active:           441512 kB
Mem:          3.8G       3.7G       132M       5.7M        28M       3.1G

MemTotal:        4016004 kB
MemFree:          149632 kB
Active:           441864 kB
Mem:          3.8G       3.7G       145M       5.7M        28M       3.1G

MemTotal:        4016004 kB
MemFree:          137376 kB
Active:           441956 kB
Mem:          3.8G       3.7G       133M       5.7M        28M       3.1G

MemTotal:        4016004 kB
MemFree:          136356 kB
Active:           441908 kB
Mem:          3.8G       3.7G       132M       5.7M        28M       3.1G

MemTotal:        4016004 kB
MemFree:          125712 kB
Active:           442216 kB
Mem:          3.8G       3.7G       120M       5.7M        28M       3.2G

MemTotal:        4016004 kB
MemFree:          126620 kB
Active:           442540 kB
Mem:          3.8G       3.7G       123M       5.7M        28M       3.2G

MemTotal:        4016004 kB
MemFree:          107900 kB
Active:           442712 kB
Mem:          3.8G       3.7G       105M       5.7M        28M       3.2G

MemTotal:        4016004 kB
MemFree:          132956 kB
Active:           442768 kB
Mem:          3.8G       3.7G       129M       5.7M        28M       3.2G

MemTotal:        4016004 kB
MemFree:          132772 kB
Active:           442772 kB
Mem:          3.8G       3.7G       129M       5.7M        28M       3.2G

MemTotal:        4016004 kB
MemFree:          117320 kB
Active:           442752 kB
Mem:          3.8G       3.7G       113M       5.7M        28M       3.2G

MemTotal:        4016004 kB
MemFree:          126496 kB
Active:           443292 kB
Mem:          3.8G       3.7G       123M       5.7M        28M       3.2G

MemTotal:        4016004 kB
MemFree:          118488 kB
Active:           443564 kB
Mem:          3.8G       3.7G       115M       5.7M        28M       3.2G

MemTotal:        4016004 kB
MemFree:          122464 kB
Active:           443680 kB
Mem:          3.8G       3.7G       119M       5.7M        28M       3.2G

MemTotal:        4016004 kB
MemFree:          127996 kB
Active:           443740 kB
Mem:          3.8G       3.7G       124M       5.7M        28M       3.2G

MemTotal:        4016004 kB
MemFree:          114768 kB
Active:           443896 kB
Mem:          3.8G       3.7G       111M       5.7M        28M       3.2G

MemTotal:        4016004 kB
MemFree:          126488 kB
Active:           444200 kB
Mem:          3.8G       3.7G       122M       5.7M        28M       3.2G

MemTotal:        4016004 kB
MemFree:          107584 kB
Active:           444412 kB
Mem:          3.8G       3.7G       104M       5.7M        28M       3.2G

MemTotal:        4016004 kB
MemFree:          111252 kB
Active:           444540 kB
Mem:          3.8G       3.7G       108M       5.7M        28M       3.2G

MemTotal:        4016004 kB
MemFree:          121608 kB
Active:           444584 kB
Mem:          3.8G       3.7G       118M       5.7M        28M       3.2G

MemTotal:        4016004 kB
MemFree:          137604 kB
Active:           444668 kB
Mem:          3.8G       3.7G       134M       5.7M        28M       3.1G

MemTotal:        4016004 kB
MemFree:          124148 kB
Active:           445060 kB
Mem:          3.8G       3.7G       119M       5.7M        28M       3.2G

MemTotal:        4016004 kB
MemFree:          108896 kB
Active:           445300 kB
Mem:          3.8G       3.7G       106M       5.7M        28M       3.2G

MemTotal:        4016004 kB
MemFree:          131140 kB
Active:           445412 kB
Mem:          3.8G       3.7G       127M       5.7M        28M       3.2G

MemTotal:        4016004 kB
MemFree:          122820 kB
Active:           445360 kB
Mem:          3.8G       3.7G       119M       5.7M        28M       3.2G

MemTotal:        4016004 kB
MemFree:          109916 kB
Active:           445704 kB
Mem:          3.8G       3.7G       106M       5.7M        28M       3.2G

MemTotal:        4016004 kB
MemFree:          105508 kB
Active:           446160 kB
Mem:          3.8G       3.7G       102M       5.7M        28M       3.2G

MemTotal:        4016004 kB
MemFree:          121060 kB
Active:           446344 kB
Mem:          3.8G       3.7G       117M       5.7M        28M       3.2G

MemTotal:        4016004 kB
MemFree:          111040 kB
Active:           446508 kB
Mem:          3.8G       3.7G       108M       5.7M        28M       3.2G

MemTotal:        4016004 kB
MemFree:         1545900 kB
Active:           399272 kB
Mem:          3.8G       2.4G       1.5G       5.7M        28M       1.8G

MemTotal:        4016004 kB
MemFree:         1597380 kB
Active:           399148 kB
Mem:          3.8G       2.3G       1.5G       5.7M        28M       1.8G

MemTotal:        4016004 kB
MemFree:         1620824 kB
Active:           399044 kB
Mem:          3.8G       2.3G       1.5G       5.7M        28M       1.8G

MemTotal:        4016004 kB
MemFree:         3378336 kB
Active:           354080 kB
Mem:          3.8G       622M       3.2G       5.7M        28M       183M

MemTotal:        4016004 kB
MemFree:         3378584 kB
Active:           354084 kB
Mem:          3.8G       622M       3.2G       5.7M        28M       183M

MemTotal:        4016004 kB
MemFree:         3379104 kB
Active:           354072 kB
Mem:          3.8G       621M       3.2G       5.7M        28M       183M

MemTotal:        4016004 kB
MemFree:         3379476 kB
Active:           354036 kB
Mem:          3.8G       621M       3.2G       5.7M        28M       183M

MemTotal:        4016004 kB
MemFree:         3379476 kB
Active:           354076 kB
Mem:          3.8G       621M       3.2G       5.7M        28M       183M

MemTotal:        4016004 kB
MemFree:         3379228 kB
Active:           354100 kB
Mem:          3.8G       621M       3.2G       5.7M        28M       183M

MemTotal:        4016004 kB
MemFree:         3379228 kB
Active:           354100 kB
Mem:          3.8G       621M       3.2G       5.7M        28M       183M

MemTotal:        4016004 kB
MemFree:         3379724 kB
Active:           354052 kB
Mem:          3.8G       621M       3.2G       5.7M        28M       183M

MemTotal:        4016004 kB
MemFree:         3379476 kB
Active:           354100 kB
Mem:          3.8G       621M       3.2G       5.7M        28M       183M

MemTotal:        4016004 kB
MemFree:         3379972 kB
Active:           354096 kB
Mem:          3.8G       621M       3.2G       5.7M        28M       183M

MemTotal:        4016004 kB
MemFree:         3380096 kB
Active:           354084 kB
Mem:          3.8G       620M       3.2G       5.7M        28M       183M

MemTotal:        4016004 kB
MemFree:         3380220 kB
Active:           354084 kB
Mem:          3.8G       620M       3.2G       5.7M        28M       183M

MemTotal:        4016004 kB
MemFree:         3380344 kB
Active:           354072 kB
Mem:          3.8G       620M       3.2G       5.7M        28M       183M

MemTotal:        4016004 kB
MemFree:         3380220 kB
Active:           354076 kB
Mem:          3.8G       620M       3.2G       5.7M        28M       183M

MemTotal:        4016004 kB
MemFree:         3379724 kB
Active:           354108 kB
Mem:          3.8G       621M       3.2G       5.7M        28M       183M

MemTotal:        4016004 kB
MemFree:         3379724 kB
Active:           354092 kB
Mem:          3.8G       621M       3.2G       5.7M        28M       183M

MemTotal:        4016004 kB
MemFree:         3378980 kB
Active:           354120 kB
Mem:          3.8G       621M       3.2G       5.7M        28M       183M

MemTotal:        4016004 kB
MemFree:         3379352 kB
Active:           354076 kB
Mem:          3.8G       621M       3.2G       5.7M        28M       183M

MemTotal:        4016004 kB
MemFree:         3379352 kB
Active:           354064 kB
Mem:          3.8G       621M       3.2G       5.7M        28M       183M

MemTotal:        4016004 kB
MemFree:         3379724 kB
Active:           354080 kB
Mem:          3.8G       621M       3.2G       5.7M        28M       183M

MemTotal:        4016004 kB
MemFree:         3379972 kB
Active:           354064 kB
Mem:          3.8G       621M       3.2G       5.7M        28M       183M

MemTotal:        4016004 kB
MemFree:         3379848 kB
Active:           354088 kB
Mem:          3.8G       621M       3.2G       5.7M        28M       183M

MemTotal:        4016004 kB
MemFree:         3379848 kB
Active:           354088 kB
Mem:          3.8G       621M       3.2G       5.7M        28M       183M

MemTotal:        4016004 kB
MemFree:         3379972 kB
Active:           354116 kB
Mem:          3.8G       621M       3.2G       5.7M        28M       183M

MemTotal:        4016004 kB
MemFree:         3379848 kB
Active:           354084 kB
Mem:          3.8G       621M       3.2G       5.7M        28M       183M

MemTotal:        4016004 kB
MemFree:         3379724 kB
Active:           354112 kB
Mem:          3.8G       621M       3.2G       5.7M        28M       183M

MemTotal:        4016004 kB
MemFree:         3379848 kB
Active:           354108 kB
Mem:          3.8G       621M       3.2G       5.7M        28M       183M

MemTotal:        4016004 kB
MemFree:         3379848 kB
Active:           354124 kB
Mem:          3.8G       621M       3.2G       5.7M        28M       183M

MemTotal:        4016004 kB
MemFree:         3379724 kB
Active:           354092 kB
Mem:          3.8G       621M       3.2G       5.7M        28M       183M

MemTotal:        4016004 kB
MemFree:         3380096 kB
Active:           354140 kB
Mem:          3.8G       621M       3.2G       5.7M        28M       183M

MemTotal:        4016004 kB
MemFree:         3379972 kB
Active:           354088 kB
Mem:          3.8G       621M       3.2G       5.7M        28M       183M

MemTotal:        4016004 kB
MemFree:         3380096 kB
Active:           354128 kB
Mem:          3.8G       620M       3.2G       5.7M        28M       183M

MemTotal:        4016004 kB
MemFree:         3379972 kB
Active:           354132 kB
Mem:          3.8G       621M       3.2G       5.7M        28M       183M

MemTotal:        4016004 kB
MemFree:         3379600 kB
Active:           354148 kB
Mem:          3.8G       621M       3.2G       5.7M        28M       183M

MemTotal:        4016004 kB
MemFree:         3379600 kB
Active:           354112 kB
Mem:          3.8G       621M       3.2G       5.7M        28M       183M

MemTotal:        4016004 kB
MemFree:         3379692 kB
Active:           354128 kB
Mem:          3.8G       621M       3.2G       5.7M        28M       183M

MemTotal:        4016004 kB
MemFree:         3380344 kB
Active:           354132 kB
Mem:          3.8G       620M       3.2G       5.7M        28M       183M

MemTotal:        4016004 kB
MemFree:         3380096 kB
Active:           354132 kB
Mem:          3.8G       620M       3.2G       5.7M        28M       183M

MemTotal:        4016004 kB
MemFree:         3379724 kB
Active:           354152 kB
Mem:          3.8G       621M       3.2G       5.7M        28M       183M

MemTotal:        4016004 kB
MemFree:         3379848 kB
Active:           354108 kB
Mem:          3.8G       621M       3.2G       5.7M        28M       183M

MemTotal:        4016004 kB
MemFree:         3379848 kB
Active:           354152 kB
Mem:          3.8G       621M       3.2G       5.7M        28M       183M

MemTotal:        4016004 kB
MemFree:         3379724 kB
Active:           354112 kB
Mem:          3.8G       621M       3.2G       5.7M        28M       183M

MemTotal:        4016004 kB
MemFree:         3378980 kB
Active:           354164 kB
Mem:          3.8G       621M       3.2G       5.7M        28M       183M

MemTotal:        4016004 kB
MemFree:         3379600 kB
Active:           354140 kB
Mem:          3.8G       621M       3.2G       5.7M        28M       183M

MemTotal:        4016004 kB
MemFree:         3379848 kB
Active:           354160 kB
Mem:          3.8G       621M       3.2G       5.7M        28M       183M

MemTotal:        4016004 kB
MemFree:         3379600 kB
Active:           354160 kB
Mem:          3.8G       621M       3.2G       5.7M        28M       183M

MemTotal:        4016004 kB
MemFree:         3379724 kB
Active:           354160 kB
Mem:          3.8G       621M       3.2G       5.7M        28M       183M

MemTotal:        4016004 kB
MemFree:         3379848 kB
Active:           354148 kB
Mem:          3.8G       621M       3.2G       5.7M        28M       183M

MemTotal:        4016004 kB
MemFree:         3379724 kB
Active:           354148 kB
Mem:          3.8G       621M       3.2G       5.7M        28M       183M

MemTotal:        4016004 kB
MemFree:         3379600 kB
Active:           354148 kB
Mem:          3.8G       621M       3.2G       5.7M        28M       183M

MemTotal:        4016004 kB
MemFree:         3379600 kB
Active:           354180 kB
Mem:          3.8G       621M       3.2G       5.7M        28M       183M

MemTotal:        4016004 kB
MemFree:         3379476 kB
Active:           354144 kB
Mem:          3.8G       621M       3.2G       5.7M        28M       183M

MemTotal:        4016004 kB
MemFree:         3379848 kB
Active:           354180 kB
Mem:          3.8G       621M       3.2G       5.7M        28M       183M

MemTotal:        4016004 kB
MemFree:         3379476 kB
Active:           354184 kB
Mem:          3.8G       621M       3.2G       5.7M        28M       183M

MemTotal:        4016004 kB
MemFree:         3379228 kB
Active:           354184 kB
Mem:          3.8G       621M       3.2G       5.7M        28M       183M

MemTotal:        4016004 kB
MemFree:         3379724 kB
Active:           354172 kB
Mem:          3.8G       621M       3.2G       5.7M        28M       183M

MemTotal:        4016004 kB
MemFree:         3379600 kB
Active:           354192 kB
Mem:          3.8G       621M       3.2G       5.7M        28M       183M

MemTotal:        4016004 kB
MemFree:         3379600 kB
Active:           354204 kB
Mem:          3.8G       621M       3.2G       5.7M        28M       183M

MemTotal:        4016004 kB
MemFree:         3379476 kB
Active:           354188 kB
Mem:          3.8G       621M       3.2G       5.7M        28M       183M

MemTotal:        4016004 kB
MemFree:         3379600 kB
Active:           354184 kB
Mem:          3.8G       621M       3.2G       5.7M        28M       183M

MemTotal:        4016004 kB
MemFree:         3379600 kB
Active:           354176 kB
Mem:          3.8G       621M       3.2G       5.7M        28M       183M

MemTotal:        4016004 kB
MemFree:         3379600 kB
Active:           354180 kB
Mem:          3.8G       621M       3.2G       5.7M        28M       183M

MemTotal:        4016004 kB
MemFree:         3379600 kB
Active:           354172 kB
Mem:          3.8G       621M       3.2G       5.7M        28M       183M

MemTotal:        4016004 kB
MemFree:         3379724 kB
Active:           354208 kB
Mem:          3.8G       621M       3.2G       5.7M        28M       183M

MemTotal:        4016004 kB
MemFree:         3379600 kB
Active:           354180 kB
Mem:          3.8G       621M       3.2G       5.7M        28M       183M

MemTotal:        4016004 kB
MemFree:         3379724 kB
Active:           354176 kB
Mem:          3.8G       621M       3.2G       5.7M        28M       183M

MemTotal:        4016004 kB
MemFree:         3379476 kB
Active:           354212 kB
Mem:          3.8G       621M       3.2G       5.7M        28M       183M

MemTotal:        4016004 kB
MemFree:         3379476 kB
Active:           354176 kB
Mem:          3.8G       621M       3.2G       5.7M        28M       183M

MemTotal:        4016004 kB
MemFree:         3379476 kB
Active:           354216 kB
Mem:          3.8G       621M       3.2G       5.7M        28M       183M

MemTotal:        4016004 kB
MemFree:         3379972 kB
Active:           354164 kB
Mem:          3.8G       621M       3.2G       5.7M        28M       183M

MemTotal:        4016004 kB
MemFree:         3379848 kB
Active:           354184 kB
Mem:          3.8G       621M       3.2G       5.7M        28M       183M

MemTotal:        4016004 kB
MemFree:         3379724 kB
Active:           354176 kB
Mem:          3.8G       621M       3.2G       5.7M        28M       183M

MemTotal:        4016004 kB
MemFree:         3379724 kB
Active:           354172 kB
Mem:          3.8G       621M       3.2G       5.7M        28M       183M

MemTotal:        4016004 kB
MemFree:         3379848 kB
Active:           354192 kB
Mem:          3.8G       621M       3.2G       5.7M        28M       183M

MemTotal:        4016004 kB
MemFree:         3379848 kB
Active:           354208 kB
Mem:          3.8G       621M       3.2G       5.7M        28M       183M

MemTotal:        4016004 kB
MemFree:         3379600 kB
Active:           354224 kB
Mem:          3.8G       621M       3.2G       5.7M        28M       183M

MemTotal:        4016004 kB
MemFree:         3379724 kB
Active:           354228 kB
