MemTotal:        4016004 kB
MemFree:         3234136 kB
Active:           425556 kB
Mem:          3.8G       763M       3.1G       5.7M        55M       318M

MemTotal:        4016004 kB
MemFree:         3233904 kB
Active:           425924 kB
Mem:          3.8G       763M       3.1G       5.7M        55M       318M

MemTotal:        4016004 kB
MemFree:         3234028 kB
Active:           425976 kB
Mem:          3.8G       763M       3.1G       5.7M        55M       318M

MemTotal:        4016004 kB
MemFree:         3234028 kB
Active:           425968 kB
Mem:          3.8G       763M       3.1G       5.7M        55M       318M

MemTotal:        4016004 kB
MemFree:         3233904 kB
Active:           425976 kB
Mem:          3.8G       764M       3.1G       5.7M        55M       318M

MemTotal:        4016004 kB
MemFree:         3233764 kB
Active:           425980 kB
Mem:          3.8G       764M       3.1G       5.7M        55M       318M

MemTotal:        4016004 kB
MemFree:         3233624 kB
Active:           425996 kB
Mem:          3.8G       764M       3.1G       5.7M        55M       318M

MemTotal:        4016004 kB
MemFree:         3233872 kB
Active:           425996 kB
Mem:          3.8G       763M       3.1G       5.7M        55M       318M

MemTotal:        4016004 kB
MemFree:         3233640 kB
Active:           426000 kB
Mem:          3.8G       763M       3.1G       5.7M        55M       318M

MemTotal:        4016004 kB
MemFree:         3233640 kB
Active:           425992 kB
Mem:          3.8G       763M       3.1G       5.7M        55M       318M

MemTotal:        4016004 kB
MemFree:         3233764 kB
Active:           425992 kB
Mem:          3.8G       763M       3.1G       5.7M        55M       318M

MemTotal:        4016004 kB
MemFree:         3233516 kB
Active:           425996 kB
Mem:          3.8G       764M       3.1G       5.7M        55M       318M

MemTotal:        4016004 kB
MemFree:         3233516 kB
Active:           425992 kB
Mem:          3.8G       764M       3.1G       5.7M        55M       318M

MemTotal:        4016004 kB
MemFree:         3233376 kB
Active:           425952 kB
Mem:          3.8G       764M       3.1G       5.7M        55M       318M

MemTotal:        4016004 kB
MemFree:         3233376 kB
Active:           426004 kB
Mem:          3.8G       764M       3.1G       5.7M        55M       318M

MemTotal:        4016004 kB
MemFree:         3233748 kB
Active:           425964 kB
Mem:          3.8G       764M       3.1G       5.7M        55M       318M

MemTotal:        4016004 kB
MemFree:         3233764 kB
Active:           425960 kB
Mem:          3.8G       764M       3.1G       5.7M        55M       318M

MemTotal:        4016004 kB
MemFree:         3233920 kB
Active:           425972 kB
Mem:          3.8G       764M       3.1G       5.7M        55M       318M

MemTotal:        4016004 kB
MemFree:         3233176 kB
Active:           426012 kB
Mem:          3.8G       764M       3.1G       5.7M        55M       318M

MemTotal:        4016004 kB
MemFree:         3233548 kB
Active:           425996 kB
Mem:          3.8G       764M       3.1G       5.7M        55M       318M

MemTotal:        4016004 kB
MemFree:         3233672 kB
Active:           426000 kB
Mem:          3.8G       763M       3.1G       5.7M        55M       318M

MemTotal:        4016004 kB
MemFree:         3233548 kB
Active:           425992 kB
Mem:          3.8G       764M       3.1G       5.7M        55M       318M

MemTotal:        4016004 kB
MemFree:         3233424 kB
Active:           425992 kB
Mem:          3.8G       764M       3.1G       5.7M        55M       318M

MemTotal:        4016004 kB
MemFree:         3233300 kB
Active:           425984 kB
Mem:          3.8G       764M       3.1G       5.7M        55M       318M

MemTotal:        4016004 kB
MemFree:         3233424 kB
Active:           425988 kB
Mem:          3.8G       764M       3.1G       5.7M        55M       318M

MemTotal:        4016004 kB
MemFree:         3233052 kB
Active:           426036 kB
Mem:          3.8G       764M       3.1G       5.7M        55M       318M

MemTotal:        4016004 kB
MemFree:         3233632 kB
Active:           424040 kB
Mem:          3.8G       764M       3.1G       5.7M        55M       318M

MemTotal:        4016004 kB
MemFree:         3233468 kB
Active:           425980 kB
Mem:          3.8G       764M       3.1G       5.7M        55M       318M

MemTotal:        4016004 kB
MemFree:         3233328 kB
Active:           425992 kB
Mem:          3.8G       764M       3.1G       5.7M        55M       318M

MemTotal:        4016004 kB
MemFree:         3232956 kB
Active:           426048 kB
Mem:          3.8G       764M       3.1G       5.7M        55M       318M

MemTotal:        4016004 kB
MemFree:         3233436 kB
Active:           426020 kB
Mem:          3.8G       764M       3.1G       5.7M        55M       318M

MemTotal:        4016004 kB
MemFree:         3233312 kB
Active:           426020 kB
Mem:          3.8G       764M       3.1G       5.7M        55M       318M

MemTotal:        4016004 kB
MemFree:         3233312 kB
Active:           426048 kB
Mem:          3.8G       764M       3.1G       5.7M        55M       318M

MemTotal:        4016004 kB
MemFree:         3233420 kB
Active:           426004 kB
Mem:          3.8G       764M       3.1G       5.7M        55M       318M

MemTotal:        4016004 kB
MemFree:         3233560 kB
Active:           426000 kB
Mem:          3.8G       763M       3.1G       5.7M        55M       318M

MemTotal:        4016004 kB
MemFree:         3233684 kB
Active:           426052 kB
Mem:          3.8G       763M       3.1G       5.7M        55M       318M

MemTotal:        4016004 kB
MemFree:         3231388 kB
Active:           426060 kB
Mem:          3.8G       766M       3.1G       5.7M        55M       318M

MemTotal:        4016004 kB
MemFree:         3231636 kB
Active:           428064 kB
Mem:          3.8G       766M       3.1G       5.7M        55M       318M

MemTotal:        4016004 kB
MemFree:         3231760 kB
Active:           428068 kB
Mem:          3.8G       766M       3.1G       5.7M        55M       318M

MemTotal:        4016004 kB
MemFree:         3231512 kB
Active:           428036 kB
Mem:          3.8G       766M       3.1G       5.7M        55M       318M

MemTotal:        4016004 kB
MemFree:         3231744 kB
Active:           428040 kB
Mem:          3.8G       765M       3.1G       5.7M        55M       318M

MemTotal:        4016004 kB
MemFree:         3231744 kB
Active:           428044 kB
Mem:          3.8G       765M       3.1G       5.7M        55M       318M

MemTotal:        4016004 kB
MemFree:         3231976 kB
Active:           428084 kB
Mem:          3.8G       765M       3.1G       5.7M        55M       318M

MemTotal:        4016004 kB
MemFree:         3231960 kB
Active:           428080 kB
Mem:          3.8G       765M       3.1G       5.7M        55M       318M

MemTotal:        4016004 kB
MemFree:         3232024 kB
Active:           428084 kB
Mem:          3.8G       765M       3.1G       5.7M        55M       318M

MemTotal:        4016004 kB
MemFree:         3232024 kB
Active:           428076 kB
Mem:          3.8G       765M       3.1G       5.7M        55M       318M

MemTotal:        4016004 kB
MemFree:         3231656 kB
Active:           426124 kB
Mem:          3.8G       766M       3.1G       5.7M        55M       318M

MemTotal:        4016004 kB
MemFree:         3231712 kB
Active:           428060 kB
Mem:          3.8G       765M       3.1G       5.7M        55M       318M

MemTotal:        4016004 kB
MemFree:         3231712 kB
Active:           428104 kB
Mem:          3.8G       766M       3.1G       5.7M        55M       318M

MemTotal:        4016004 kB
MemFree:         3231712 kB
Active:           428100 kB
Mem:          3.8G       765M       3.1G       5.7M        55M       318M

MemTotal:        4016004 kB
MemFree:         3231760 kB
Active:           428092 kB
Mem:          3.8G       765M       3.1G       5.7M        55M       318M

MemTotal:        4016004 kB
MemFree:         3231760 kB
Active:           428084 kB
Mem:          3.8G       766M       3.1G       5.7M        55M       318M

MemTotal:        4016004 kB
MemFree:         3231388 kB
Active:           428136 kB
Mem:          3.8G       766M       3.1G       5.7M        55M       318M

MemTotal:        4016004 kB
MemFree:         3231388 kB
Active:           428128 kB
Mem:          3.8G       765M       3.1G       5.7M        55M       318M

MemTotal:        4016004 kB
MemFree:         3231760 kB
Active:           428128 kB
Mem:          3.8G       766M       3.1G       5.7M        55M       318M

MemTotal:        4016004 kB
MemFree:         3231264 kB
Active:           428136 kB
Mem:          3.8G       766M       3.1G       5.7M        55M       318M

MemTotal:        4016004 kB
MemFree:         3231388 kB
Active:           428124 kB
Mem:          3.8G       765M       3.1G       5.7M        55M       318M

MemTotal:        4016004 kB
MemFree:         3231496 kB
Active:           428116 kB
Mem:          3.8G       766M       3.1G       5.7M        55M       318M

MemTotal:        4016004 kB
MemFree:         3231604 kB
Active:           428120 kB
Mem:          3.8G       765M       3.1G       5.7M        55M       318M

MemTotal:        4016004 kB
MemFree:         3231588 kB
Active:           428104 kB
Mem:          3.8G       766M       3.1G       5.7M        55M       318M

MemTotal:        4016004 kB
MemFree:         3231588 kB
Active:           428108 kB
Mem:          3.8G       766M       3.1G       5.7M        55M       318M

MemTotal:        4016004 kB
MemFree:         3231572 kB
Active:           428116 kB
Mem:          3.8G       766M       3.1G       5.7M        55M       318M

MemTotal:        4016004 kB
MemFree:         3231432 kB
Active:           428108 kB
Mem:          3.8G       766M       3.1G       5.7M        55M       318M

MemTotal:        4016004 kB
MemFree:         3231540 kB
Active:           428120 kB
Mem:          3.8G       766M       3.1G       5.7M        55M       318M

MemTotal:        4016004 kB
MemFree:         3231524 kB
Active:           428100 kB
Mem:          3.8G       766M       3.1G       5.7M        55M       318M

MemTotal:        4016004 kB
MemFree:         3231384 kB
Active:           428136 kB
Mem:          3.8G       766M       3.1G       5.7M        55M       318M

MemTotal:        4016004 kB
MemFree:         3231384 kB
Active:           428124 kB
Mem:          3.8G       766M       3.1G       5.7M        55M       318M

MemTotal:        4016004 kB
MemFree:         3231260 kB
Active:           428156 kB
Mem:          3.8G       766M       3.1G       5.7M        55M       318M

MemTotal:        4016004 kB
MemFree:         3231492 kB
Active:           428124 kB
Mem:          3.8G       766M       3.1G       5.7M        55M       318M

MemTotal:        4016004 kB
MemFree:         3231120 kB
Active:           428156 kB
Mem:          3.8G       766M       3.1G       5.7M        55M       318M

MemTotal:        4016004 kB
MemFree:         3231244 kB
Active:           428152 kB
Mem:          3.8G       766M       3.1G       5.7M        55M       318M

MemTotal:        4016004 kB
MemFree:         3231120 kB
Active:           428148 kB
Mem:          3.8G       766M       3.1G       5.7M        55M       318M

MemTotal:        4016004 kB
MemFree:         3230872 kB
Active:           428160 kB
Mem:          3.8G       766M       3.1G       5.7M        55M       318M

MemTotal:        4016004 kB
MemFree:         3231244 kB
Active:           428152 kB
Mem:          3.8G       766M       3.1G       5.7M        55M       318M

MemTotal:        4016004 kB
MemFree:         3231020 kB
Active:           428160 kB
Mem:          3.8G       766M       3.1G       5.7M        55M       318M

MemTotal:        4016004 kB
MemFree:         3231004 kB
Active:           428144 kB
Mem:          3.8G       766M       3.1G       5.7M        55M       318M

MemTotal:        4016004 kB
MemFree:         3230864 kB
Active:           428120 kB
Mem:          3.8G       766M       3.1G       5.7M        55M       318M

MemTotal:        4016004 kB
MemFree:         3230988 kB
Active:           428120 kB
Mem:          3.8G       766M       3.1G       5.7M        55M       318M

MemTotal:        4016004 kB
MemFree:         3230988 kB
Active:           428164 kB
Mem:          3.8G       766M       3.1G       5.7M        55M       318M

MemTotal:        4016004 kB
MemFree:         3230864 kB
Active:           428160 kB
Mem:          3.8G       766M       3.1G       5.7M        55M       318M

MemTotal:        4016004 kB
MemFree:         3230492 kB
Active:           428168 kB
Mem:          3.8G       766M       3.1G       5.7M        55M       318M

MemTotal:        4016004 kB
MemFree:         3230600 kB
Active:           428116 kB
Mem:          3.8G       767M       3.1G       5.7M        55M       318M

MemTotal:        4016004 kB
MemFree:         3231144 kB
Active:           428176 kB
Mem:          3.8G       766M       3.1G       5.7M        55M       318M

MemTotal:        4016004 kB
MemFree:         3230936 kB
Active:           428184 kB
Mem:          3.8G       766M       3.1G       5.7M        55M       318M

MemTotal:        4016004 kB
MemFree:         3231060 kB
Active:           428128 kB
Mem:          3.8G       766M       3.1G       5.7M        55M       318M

MemTotal:        4016004 kB
MemFree:         3231060 kB
Active:           428128 kB
Mem:          3.8G       766M       3.1G       5.7M        55M       318M

MemTotal:        4016004 kB
MemFree:         3229136 kB
Active:           428160 kB
Mem:          3.8G       768M       3.1G       5.7M        55M       318M

MemTotal:        4016004 kB
MemFree:         3229260 kB
Active:           430180 kB
Mem:          3.8G       768M       3.1G       5.7M        55M       318M

MemTotal:        4016004 kB
MemFree:         3229012 kB
Active:           430200 kB
Mem:          3.8G       768M       3.1G       5.7M        55M       318M

MemTotal:        4016004 kB
MemFree:         3228888 kB
Active:           430196 kB
Mem:          3.8G       769M       3.1G       5.7M        55M       318M

MemTotal:        4016004 kB
MemFree:         3228640 kB
Active:           430204 kB
Mem:          3.8G       768M       3.1G       5.7M        55M       318M

MemTotal:        4016004 kB
MemFree:         3228860 kB
Active:           430192 kB
Mem:          3.8G       768M       3.1G       5.7M        55M       318M

MemTotal:        4016004 kB
MemFree:         3228860 kB
Active:           430192 kB
Mem:          3.8G       768M       3.1G       5.7M        55M       318M

MemTotal:        4016004 kB
MemFree:         3228736 kB
Active:           430220 kB
Mem:          3.8G       768M       3.1G       5.7M        55M       318M

MemTotal:        4016004 kB
MemFree:         3228984 kB
Active:           430184 kB
Mem:          3.8G       768M       3.1G       5.7M        55M       318M

MemTotal:        4016004 kB
MemFree:         3228984 kB
Active:           430180 kB
Mem:          3.8G       768M       3.1G       5.7M        55M       318M

MemTotal:        4016004 kB
MemFree:         3229060 kB
Active:           428168 kB
Mem:          3.8G       768M       3.1G       5.7M        55M       318M

MemTotal:        4016004 kB
MemFree:         3228920 kB
Active:           428196 kB
Mem:          3.8G       768M       3.1G       5.7M        55M       318M

MemTotal:        4016004 kB
MemFree:         3228796 kB
Active:           430244 kB
Mem:          3.8G       768M       3.1G       5.7M        55M       318M

MemTotal:        4016004 kB
MemFree:         3228796 kB
Active:           430196 kB
Mem:          3.8G       768M       3.1G       5.7M        55M       318M

MemTotal:        4016004 kB
MemFree:         3228608 kB
Active:           430536 kB
Mem:          3.8G       769M       3.1G       5.7M        55M       318M

MemTotal:        4016004 kB
MemFree:         3186828 kB
Active:           431612 kB
Mem:          3.8G       811M       3.0G       5.7M        55M       360M

MemTotal:        4016004 kB
MemFree:         3140992 kB
Active:           431616 kB
Mem:          3.8G       855M       3.0G       5.7M        55M       403M

MemTotal:        4016004 kB
MemFree:         3094984 kB
Active:           431640 kB
Mem:          3.8G       901M       3.0G       5.7M        55M       447M

MemTotal:        4016004 kB
MemFree:         3048744 kB
Active:           431652 kB
Mem:          3.8G       945M       2.9G       5.7M        55M       490M

MemTotal:        4016004 kB
MemFree:         3002288 kB
Active:           431680 kB
Mem:          3.8G       990M       2.9G       5.7M        55M       534M

MemTotal:        4016004 kB
MemFree:         2955488 kB
Active:           431796 kB
Mem:          3.8G       1.0G       2.8G       5.7M        55M       577M

MemTotal:        4016004 kB
MemFree:         2909556 kB
Active:           431740 kB
Mem:          3.8G       1.1G       2.8G       5.7M        55M       621M

MemTotal:        4016004 kB
MemFree:         2866296 kB
Active:           433784 kB
Mem:          3.8G       1.1G       2.7G       5.7M        55M       664M

MemTotal:        4016004 kB
MemFree:         2821452 kB
Active:           433804 kB
Mem:          3.8G       1.1G       2.7G       5.7M        55M       706M

MemTotal:        4016004 kB
MemFree:         2775320 kB
Active:           433816 kB
Mem:          3.8G       1.2G       2.6G       5.7M        55M       751M

MemTotal:        4016004 kB
MemFree:         2731004 kB
Active:           433860 kB
Mem:          3.8G       1.2G       2.6G       5.7M        55M       793M

MemTotal:        4016004 kB
MemFree:         2711492 kB
Active:           433896 kB
Mem:          3.8G       1.2G       2.6G       5.7M        55M       812M

MemTotal:        4016004 kB
MemFree:         2666756 kB
Active:           433928 kB
Mem:          3.8G       1.3G       2.5G       5.7M        55M       855M

MemTotal:        4016004 kB
MemFree:         2621292 kB
Active:           433928 kB
Mem:          3.8G       1.3G       2.5G       5.7M        55M       899M

MemTotal:        4016004 kB
MemFree:         2576288 kB
Active:           433980 kB
Mem:          3.8G       1.4G       2.5G       5.7M        55M       940M

MemTotal:        4016004 kB
MemFree:         2532048 kB
Active:           434000 kB
Mem:          3.8G       1.4G       2.4G       5.7M        55M       983M

MemTotal:        4016004 kB
MemFree:         2519584 kB
Active:           434012 kB
Mem:          3.8G       1.4G       2.4G       5.7M        55M       995M

MemTotal:        4016004 kB
MemFree:         2474912 kB
Active:           434200 kB
Mem:          3.8G       1.5G       2.4G       5.7M        56M       1.0G

MemTotal:        4016004 kB
MemFree:         2429124 kB
Active:           434060 kB
Mem:          3.8G       1.5G       2.3G       5.7M        56M       1.1G

MemTotal:        4016004 kB
MemFree:         2384544 kB
Active:           434108 kB
Mem:          3.8G       1.6G       2.3G       5.7M        56M       1.1G

MemTotal:        4016004 kB
MemFree:         2338816 kB
Active:           434116 kB
Mem:          3.8G       1.6G       2.2G       5.7M        56M       1.1G

MemTotal:        4016004 kB
MemFree:         2293832 kB
Active:           434156 kB
Mem:          3.8G       1.6G       2.2G       5.7M        56M       1.2G

MemTotal:        4016004 kB
MemFree:         2248352 kB
Active:           434140 kB
Mem:          3.8G       1.7G       2.1G       5.7M        56M       1.2G

MemTotal:        4016004 kB
MemFree:         2203476 kB
Active:           434204 kB
Mem:          3.8G       1.7G       2.1G       5.7M        56M       1.3G

MemTotal:        4016004 kB
MemFree:         2158228 kB
Active:           434228 kB
Mem:          3.8G       1.8G       2.1G       5.7M        56M       1.3G

MemTotal:        4016004 kB
MemFree:         2110388 kB
Active:           432460 kB
Mem:          3.8G       1.8G       2.0G       5.7M        56M       1.4G

MemTotal:        4016004 kB
MemFree:         2068320 kB
Active:           434372 kB
Mem:          3.8G       1.9G       2.0G       5.7M        56M       1.4G

MemTotal:        4016004 kB
MemFree:         2022312 kB
Active:           434380 kB
Mem:          3.8G       1.9G       1.9G       5.7M        56M       1.4G

MemTotal:        4016004 kB
MemFree:         1978108 kB
Active:           434444 kB
Mem:          3.8G       1.9G       1.9G       5.7M        56M       1.5G

MemTotal:        4016004 kB
MemFree:         1931700 kB
Active:           434456 kB
Mem:          3.8G       2.0G       1.8G       5.7M        56M       1.5G

MemTotal:        4016004 kB
MemFree:         1887336 kB
Active:           434488 kB
Mem:          3.8G       2.0G       1.8G       5.7M        56M       1.6G

MemTotal:        4016004 kB
MemFree:         1841620 kB
Active:           434536 kB
Mem:          3.8G       2.1G       1.8G       5.7M        56M       1.6G

MemTotal:        4016004 kB
MemFree:         1796168 kB
Active:           434556 kB
Mem:          3.8G       2.1G       1.7G       5.7M        56M       1.7G

MemTotal:        4016004 kB
MemFree:         1749868 kB
Active:           434544 kB
Mem:          3.8G       2.2G       1.7G       5.7M        56M       1.7G

MemTotal:        4016004 kB
MemFree:         1705448 kB
Active:           434596 kB
Mem:          3.8G       2.2G       1.6G       5.7M        56M       1.7G

MemTotal:        4016004 kB
MemFree:         1658512 kB
Active:           432660 kB
Mem:          3.8G       2.2G       1.6G       5.7M        56M       1.8G

MemTotal:        4016004 kB
MemFree:         1614812 kB
Active:           434672 kB
Mem:          3.8G       2.3G       1.5G       5.7M        56M       1.8G

MemTotal:        4016004 kB
MemFree:         1568448 kB
Active:           434656 kB
Mem:          3.8G       2.3G       1.5G       5.7M        56M       1.9G

MemTotal:        4016004 kB
MemFree:         1523572 kB
Active:           434688 kB
Mem:          3.8G       2.4G       1.5G       5.7M        56M       1.9G

MemTotal:        4016004 kB
MemFree:         1477968 kB
Active:           434868 kB
Mem:          3.8G       2.4G       1.4G       5.7M        56M       2.0G

MemTotal:        4016004 kB
MemFree:         1434236 kB
Active:           434760 kB
Mem:          3.8G       2.5G       1.4G       5.7M        56M       2.0G

MemTotal:        4016004 kB
MemFree:         1428688 kB
Active:           434768 kB
Mem:          3.8G       2.5G       1.4G       5.7M        56M       2.0G

MemTotal:        4016004 kB
MemFree:         1412384 kB
Active:           434812 kB
Mem:          3.8G       2.5G       1.3G       5.7M        56M       2.0G

MemTotal:        4016004 kB
MemFree:         1368284 kB
Active:           434796 kB
Mem:          3.8G       2.5G       1.3G       5.7M        56M       2.1G

MemTotal:        4016004 kB
MemFree:         1322076 kB
Active:           434852 kB
Mem:          3.8G       2.6G       1.3G       5.7M        56M       2.1G

MemTotal:        4016004 kB
MemFree:         1275840 kB
Active:           433748 kB
Mem:          3.8G       2.6G       1.2G       5.7M        56M       2.1G

MemTotal:        4016004 kB
MemFree:         1270624 kB
Active:           435728 kB
Mem:          3.8G       2.6G       1.2G       5.7M        56M       2.1G

MemTotal:        4016004 kB
MemFree:         1242392 kB
Active:           435648 kB
Mem:          3.8G       2.6G       1.2G       5.7M        56M       2.2G

MemTotal:        4016004 kB
MemFree:         1197272 kB
Active:           435660 kB
Mem:          3.8G       2.7G       1.1G       5.7M        56M       2.2G

MemTotal:        4016004 kB
MemFree:         1152636 kB
Active:           435700 kB
Mem:          3.8G       2.7G       1.1G       5.7M        56M       2.3G

MemTotal:        4016004 kB
MemFree:         1107040 kB
Active:           435704 kB
Mem:          3.8G       2.8G       1.1G       5.7M        56M       2.3G

MemTotal:        4016004 kB
MemFree:         1062120 kB
Active:           435812 kB
Mem:          3.8G       2.8G       1.0G       5.7M        56M       2.3G

MemTotal:        4016004 kB
MemFree:         1016204 kB
Active:           435764 kB
Mem:          3.8G       2.9G       991M       5.7M        56M       2.4G

MemTotal:        4016004 kB
MemFree:          971616 kB
Active:           435900 kB
Mem:          3.8G       2.9G       947M       5.7M        56M       2.4G

MemTotal:        4016004 kB
MemFree:          925104 kB
Active:           435948 kB
Mem:          3.8G       2.9G       903M       5.7M        56M       2.5G

MemTotal:        4016004 kB
MemFree:          881916 kB
Active:           435848 kB
Mem:          3.8G       3.0G       859M       5.7M        56M       2.5G

MemTotal:        4016004 kB
MemFree:          865704 kB
Active:           435992 kB
Mem:          3.8G       3.0G       844M       5.7M        56M       2.5G

MemTotal:        4016004 kB
MemFree:          820968 kB
Active:           436016 kB
Mem:          3.8G       3.0G       801M       5.7M        56M       2.6G

MemTotal:        4016004 kB
MemFree:          776896 kB
Active:           436068 kB
Mem:          3.8G       3.1G       757M       5.7M        56M       2.6G

MemTotal:        4016004 kB
MemFree:          732080 kB
Active:           435960 kB
Mem:          3.8G       3.1G       713M       5.7M        56M       2.7G

MemTotal:        4016004 kB
MemFree:          687128 kB
Active:           436104 kB
Mem:          3.8G       3.2G       670M       5.7M        56M       2.7G

MemTotal:        4016004 kB
MemFree:          642432 kB
Active:           436144 kB
Mem:          3.8G       3.2G       626M       5.7M        56M       2.7G

MemTotal:        4016004 kB
MemFree:          596700 kB
Active:           436184 kB
Mem:          3.8G       3.3G       582M       5.7M        56M       2.8G

MemTotal:        4016004 kB
MemFree:          552232 kB
Active:           436188 kB
Mem:          3.8G       3.3G       538M       5.7M        57M       2.8G

MemTotal:        4016004 kB
MemFree:          505744 kB
Active:           436108 kB
Mem:          3.8G       3.3G       493M       5.7M        57M       2.9G

MemTotal:        4016004 kB
MemFree:          461556 kB
Active:           434328 kB
Mem:          3.8G       3.4G       448M       5.7M        57M       2.9G

MemTotal:        4016004 kB
MemFree:          414520 kB
Active:           436368 kB
Mem:          3.8G       3.4G       404M       5.7M        57M       2.9G

MemTotal:        4016004 kB
MemFree:          369620 kB
Active:           436308 kB
Mem:          3.8G       3.5G       360M       5.7M        57M       3.0G

MemTotal:        4016004 kB
MemFree:          324152 kB
Active:           436448 kB
Mem:          3.8G       3.5G       316M       5.7M        57M       3.0G

MemTotal:        4016004 kB
MemFree:          279832 kB
Active:           436528 kB
Mem:          3.8G       3.6G       273M       5.7M        57M       3.1G

MemTotal:        4016004 kB
MemFree:          234536 kB
Active:           436188 kB
Mem:          3.8G       3.6G       228M       5.7M        57M       3.1G

MemTotal:        4016004 kB
MemFree:          205760 kB
Active:           436268 kB
Mem:          3.8G       3.6G       201M       5.7M        57M       3.1G

MemTotal:        4016004 kB
MemFree:          205404 kB
Active:           436420 kB
Mem:          3.8G       3.6G       200M       5.7M        57M       3.1G

MemTotal:        4016004 kB
MemFree:          205144 kB
Active:           436360 kB
Mem:          3.8G       3.6G       200M       5.7M        57M       3.1G

MemTotal:        4016004 kB
MemFree:          205232 kB
Active:           436268 kB
Mem:          3.8G       3.6G       197M       5.7M        57M       3.1G

MemTotal:        4016004 kB
MemFree:          158704 kB
Active:           436376 kB
Mem:          3.8G       3.7G       152M       5.7M        57M       3.2G

MemTotal:        4016004 kB
MemFree:          112908 kB
Active:           436372 kB
Mem:          3.8G       3.7G       109M       5.7M        57M       3.2G

MemTotal:        4016004 kB
MemFree:          138196 kB
Active:           446716 kB
Mem:          3.8G       3.7G       133M       5.7M        22M       3.2G

MemTotal:        4016004 kB
MemFree:          127096 kB
Active:           469616 kB
Mem:          3.8G       3.7G       121M       5.7M        22M       3.3G

MemTotal:        4016004 kB
MemFree:          152196 kB
Active:           498092 kB
Mem:          3.8G       3.7G       147M       5.7M        22M       3.2G

MemTotal:        4016004 kB
MemFree:          106724 kB
Active:           498028 kB
Mem:          3.8G       3.7G       104M       5.7M        22M       3.3G

MemTotal:        4016004 kB
MemFree:          114404 kB
Active:           489936 kB
Mem:          3.8G       3.7G       111M       5.7M        22M       3.3G

MemTotal:        4016004 kB
MemFree:          118152 kB
Active:           484348 kB
Mem:          3.8G       3.7G       115M       5.7M        22M       3.3G

MemTotal:        4016004 kB
MemFree:          126376 kB
Active:           482484 kB
Mem:          3.8G       3.7G       122M       5.7M        22M       3.3G

MemTotal:        4016004 kB
MemFree:          134144 kB
Active:           472468 kB
Mem:          3.8G       3.7G       130M       5.7M        22M       3.2G

MemTotal:        4016004 kB
MemFree:          125160 kB
Active:           468756 kB
Mem:          3.8G       3.7G       121M       5.7M        22M       3.3G

MemTotal:        4016004 kB
MemFree:          136276 kB
Active:           463832 kB
Mem:          3.8G       3.7G       132M       5.7M        22M       3.2G

MemTotal:        4016004 kB
MemFree:          138032 kB
Active:           459908 kB
Mem:          3.8G       3.7G       134M       5.7M        22M       3.2G

MemTotal:        4016004 kB
MemFree:          129876 kB
Active:           454356 kB
Mem:          3.8G       3.7G       126M       5.7M        22M       3.2G

MemTotal:        4016004 kB
MemFree:          123224 kB
Active:           451020 kB
Mem:          3.8G       3.7G       119M       5.7M        22M       3.3G

MemTotal:        4016004 kB
MemFree:          127876 kB
Active:           445732 kB
Mem:          3.8G       3.7G       124M       5.7M        22M       3.3G

MemTotal:        4016004 kB
MemFree:          142632 kB
Active:           441820 kB
Mem:          3.8G       3.7G       138M       5.7M        22M       3.2G

MemTotal:        4016004 kB
MemFree:          133768 kB
Active:           440404 kB
Mem:          3.8G       3.7G       128M       5.7M        22M       3.2G

MemTotal:        4016004 kB
MemFree:          126996 kB
Active:           439812 kB
Mem:          3.8G       3.7G       123M       5.7M        22M       3.3G

MemTotal:        4016004 kB
MemFree:          117676 kB
Active:           438812 kB
Mem:          3.8G       3.7G       113M       5.7M        22M       3.3G

MemTotal:        4016004 kB
MemFree:          107244 kB
Active:           434792 kB
Mem:          3.8G       3.7G       104M       5.7M        22M       3.3G

MemTotal:        4016004 kB
MemFree:          136176 kB
Active:           435764 kB
Mem:          3.8G       3.7G       132M       5.7M        22M       3.2G

MemTotal:        4016004 kB
MemFree:          105344 kB
Active:           435144 kB
Mem:          3.8G       3.7G       102M       5.7M        22M       3.3G

MemTotal:        4016004 kB
MemFree:          132536 kB
Active:           433664 kB
Mem:          3.8G       3.7G       129M       5.7M        22M       3.2G

MemTotal:        4016004 kB
MemFree:          141020 kB
Active:           432340 kB
Mem:          3.8G       3.7G       136M       5.7M        22M       3.2G

MemTotal:        4016004 kB
MemFree:          144708 kB
Active:           431164 kB
Mem:          3.8G       3.7G       139M       5.7M        22M       3.2G

MemTotal:        4016004 kB
MemFree:          124492 kB
Active:           430292 kB
Mem:          3.8G       3.7G       131M       5.7M        22M       3.2G

MemTotal:        4016004 kB
MemFree:          130484 kB
Active:           428844 kB
Mem:          3.8G       3.7G       125M       5.7M        22M       3.3G

MemTotal:        4016004 kB
MemFree:          132616 kB
Active:           426884 kB
Mem:          3.8G       3.7G       127M       5.7M        22M       3.2G

MemTotal:        4016004 kB
MemFree:          139368 kB
Active:           425524 kB
Mem:          3.8G       3.7G       135M       5.7M        22M       3.2G

MemTotal:        4016004 kB
MemFree:          133968 kB
Active:           426928 kB
Mem:          3.8G       3.7G       131M       5.7M        22M       3.2G

MemTotal:        4016004 kB
MemFree:          137280 kB
Active:           424752 kB
Mem:          3.8G       3.7G       133M       5.7M        22M       3.2G

MemTotal:        4016004 kB
MemFree:          153680 kB
Active:           422996 kB
Mem:          3.8G       3.7G       149M       5.7M        22M       3.2G

MemTotal:        4016004 kB
MemFree:          108616 kB
Active:           422588 kB
Mem:          3.8G       3.7G       105M       5.7M        22M       3.3G

MemTotal:        4016004 kB
MemFree:          116352 kB
Active:           420628 kB
Mem:          3.8G       3.7G       113M       5.7M        22M       3.3G

MemTotal:        4016004 kB
MemFree:          107004 kB
Active:           419492 kB
Mem:          3.8G       3.7G       104M       5.7M        22M       3.3G

MemTotal:        4016004 kB
MemFree:          136200 kB
Active:           417212 kB
Mem:          3.8G       3.7G       131M       5.7M        23M       3.2G

MemTotal:        4016004 kB
MemFree:          128948 kB
Active:           415964 kB
Mem:          3.8G       3.7G       125M       5.7M        23M       3.2G

MemTotal:        4016004 kB
MemFree:          105760 kB
Active:           414736 kB
Mem:          3.8G       3.7G       102M       5.7M        23M       3.3G

MemTotal:        4016004 kB
MemFree:          119884 kB
Active:           413144 kB
Mem:          3.8G       3.7G       117M       5.7M        23M       3.3G

MemTotal:        4016004 kB
MemFree:          121308 kB
Active:           410540 kB
Mem:          3.8G       3.7G       116M       5.7M        23M       3.3G

MemTotal:        4016004 kB
MemFree:          124032 kB
Active:           411448 kB
Mem:          3.8G       3.7G       120M       5.7M        23M       3.3G

MemTotal:        4016004 kB
MemFree:          127536 kB
Active:           411412 kB
Mem:          3.8G       3.7G       123M       5.7M        23M       3.2G

MemTotal:        4016004 kB
MemFree:          120264 kB
Active:           410320 kB
Mem:          3.8G       3.7G       116M       5.7M        23M       3.3G

MemTotal:        4016004 kB
MemFree:          110408 kB
Active:           408988 kB
Mem:          3.8G       3.7G       107M       5.7M        23M       3.3G

MemTotal:        4016004 kB
MemFree:          135704 kB
Active:           407876 kB
Mem:          3.8G       3.7G       132M       5.7M        23M       3.2G

MemTotal:        4016004 kB
MemFree:          112816 kB
Active:           407856 kB
Mem:          3.8G       3.7G       109M       5.7M        23M       3.3G

MemTotal:        4016004 kB
MemFree:          121276 kB
Active:           406336 kB
Mem:          3.8G       3.7G       123M       5.7M        23M       3.2G

MemTotal:        4016004 kB
MemFree:          135928 kB
Active:           403940 kB
Mem:          3.8G       3.7G       132M       5.7M        23M       3.2G

MemTotal:        4016004 kB
MemFree:          133144 kB
Active:           402436 kB
Mem:          3.8G       3.7G       128M       5.7M        23M       3.2G

MemTotal:        4016004 kB
MemFree:          113456 kB
Active:           400112 kB
Mem:          3.8G       3.7G       110M       5.7M        23M       3.3G

MemTotal:        4016004 kB
MemFree:          106204 kB
Active:           398796 kB
Mem:          3.8G       3.7G       102M       5.7M        23M       3.3G

MemTotal:        4016004 kB
MemFree:          112620 kB
Active:           396800 kB
Mem:          3.8G       3.7G       109M       5.7M        23M       3.3G

MemTotal:        4016004 kB
MemFree:          129152 kB
Active:           395268 kB
Mem:          3.8G       3.7G       125M       5.7M        23M       3.2G

MemTotal:        4016004 kB
MemFree:          125748 kB
Active:           393516 kB
Mem:          3.8G       3.7G       122M       5.7M        23M       3.2G

MemTotal:        4016004 kB
MemFree:          110896 kB
Active:           392524 kB
Mem:          3.8G       3.7G       107M       5.7M        23M       3.3G

MemTotal:        4016004 kB
MemFree:          127208 kB
Active:           390712 kB
Mem:          3.8G       3.7G       124M       5.7M        23M       3.2G

MemTotal:        4016004 kB
MemFree:          125432 kB
Active:           389240 kB
Mem:          3.8G       3.7G       121M       5.7M        23M       3.3G

MemTotal:        4016004 kB
MemFree:          123636 kB
Active:           387312 kB
Mem:          3.8G       3.7G       120M       5.7M        23M       3.3G

MemTotal:        4016004 kB
MemFree:          113880 kB
Active:           386220 kB
Mem:          3.8G       3.7G       110M       5.7M        23M       3.3G

MemTotal:        4016004 kB
MemFree:          104728 kB
Active:           385104 kB
Mem:          3.8G       3.7G       102M       5.7M        23M       3.3G

MemTotal:        4016004 kB
MemFree:          132608 kB
Active:           383076 kB
Mem:          3.8G       3.7G       128M       5.7M        23M       3.2G

MemTotal:        4016004 kB
MemFree:          123584 kB
Active:           381828 kB
Mem:          3.8G       3.7G       120M       5.7M        23M       3.2G

MemTotal:        4016004 kB
MemFree:          114704 kB
Active:           380692 kB
Mem:          3.8G       3.7G       111M       5.7M        23M       3.3G

MemTotal:        4016004 kB
MemFree:          121800 kB
Active:           379176 kB
Mem:          3.8G       3.7G       117M       5.7M        23M       3.3G

MemTotal:        4016004 kB
MemFree:          125808 kB
Active:           377548 kB
Mem:          3.8G       3.7G       121M       5.7M        23M       3.2G

MemTotal:        4016004 kB
MemFree:          129116 kB
Active:           376048 kB
Mem:          3.8G       3.7G       125M       5.7M        23M       3.2G

MemTotal:        4016004 kB
MemFree:          131656 kB
Active:           376076 kB
Mem:          3.8G       3.7G       128M       5.7M        23M       3.2G

MemTotal:        4016004 kB
MemFree:          142304 kB
Active:           373204 kB
Mem:          3.8G       3.7G       138M       5.7M        23M       3.2G

MemTotal:        4016004 kB
MemFree:          134240 kB
Active:           373216 kB
Mem:          3.8G       3.7G       130M       5.7M        23M       3.2G

MemTotal:        4016004 kB
MemFree:          126188 kB
Active:           373252 kB
Mem:          3.8G       3.7G       122M       5.7M        23M       3.2G

MemTotal:        4016004 kB
MemFree:          129500 kB
Active:           373332 kB
Mem:          3.8G       3.7G       125M       5.7M        23M       3.2G

MemTotal:        4016004 kB
MemFree:          121112 kB
Active:           373352 kB
Mem:          3.8G       3.7G       117M       5.7M        23M       3.3G

MemTotal:        4016004 kB
MemFree:          111008 kB
Active:           373336 kB
Mem:          3.8G       3.7G       108M       5.7M        23M       3.3G

MemTotal:        4016004 kB
MemFree:          114688 kB
Active:           373288 kB
Mem:          3.8G       3.7G       111M       5.7M        23M       3.3G

MemTotal:        4016004 kB
MemFree:          129456 kB
Active:           373304 kB
Mem:          3.8G       3.7G       126M       5.7M        23M       3.2G

MemTotal:        4016004 kB
MemFree:          121424 kB
Active:           373348 kB
Mem:          3.8G       3.7G       117M       5.7M        23M       3.3G

MemTotal:        4016004 kB
MemFree:          128892 kB
Active:           373352 kB
Mem:          3.8G       3.7G       125M       5.7M        23M       3.2G

MemTotal:        4016004 kB
MemFree:          132204 kB
Active:           373392 kB
Mem:          3.8G       3.7G       127M       5.7M        23M       3.2G

MemTotal:        4016004 kB
MemFree:          136464 kB
Active:           373428 kB
Mem:          3.8G       3.7G       132M       5.7M        23M       3.2G

MemTotal:        4016004 kB
MemFree:          124780 kB
Active:           373444 kB
Mem:          3.8G       3.7G       121M       5.7M        23M       3.2G

MemTotal:        4016004 kB
MemFree:          138280 kB
Active:           373392 kB
Mem:          3.8G       3.7G       134M       5.7M        24M       3.2G

MemTotal:        4016004 kB
MemFree:          130900 kB
Active:           373068 kB
Mem:          3.8G       3.7G       126M       5.7M        24M       3.2G

MemTotal:        4016004 kB
MemFree:          122496 kB
Active:           373108 kB
Mem:          3.8G       3.7G       118M       5.7M        24M       3.3G

MemTotal:        4016004 kB
MemFree:          125516 kB
Active:           373164 kB
Mem:          3.8G       3.7G       121M       5.7M        24M       3.2G

MemTotal:        4016004 kB
MemFree:          133404 kB
Active:           373204 kB
Mem:          3.8G       3.7G       129M       5.7M        24M       3.2G

MemTotal:        4016004 kB
MemFree:          120664 kB
Active:           373208 kB
Mem:          3.8G       3.7G       117M       5.7M        24M       3.3G

MemTotal:        4016004 kB
MemFree:          117724 kB
Active:           373260 kB
Mem:          3.8G       3.7G       114M       5.7M        24M       3.3G

MemTotal:        4016004 kB
MemFree:          121620 kB
Active:           373108 kB
Mem:          3.8G       3.7G       117M       5.7M        24M       3.3G

MemTotal:        4016004 kB
MemFree:          113432 kB
Active:           373608 kB
Mem:          3.8G       3.7G       110M       5.7M        24M       3.3G

MemTotal:        4016004 kB
MemFree:          106204 kB
Active:           372764 kB
Mem:          3.8G       3.7G       102M       5.7M        24M       3.3G

MemTotal:        4016004 kB
MemFree:          134752 kB
Active:           372544 kB
Mem:          3.8G       3.7G       130M       5.7M        24M       3.2G

MemTotal:        4016004 kB
MemFree:          141724 kB
Active:           372564 kB
Mem:          3.8G       3.7G       137M       5.7M        24M       3.2G

MemTotal:        4016004 kB
MemFree:          133172 kB
Active:           372584 kB
Mem:          3.8G       3.7G       129M       5.7M        24M       3.2G

MemTotal:        4016004 kB
MemFree:          124984 kB
Active:           372608 kB
Mem:          3.8G       3.7G       121M       5.7M        24M       3.2G

MemTotal:        4016004 kB
MemFree:          105332 kB
Active:           372524 kB
Mem:          3.8G       3.7G       124M       5.7M        24M       3.2G

MemTotal:        4016004 kB
MemFree:          109332 kB
Active:           372544 kB
Mem:          3.8G       3.7G       105M       5.7M        24M       3.3G

MemTotal:        4016004 kB
MemFree:          125776 kB
Active:           370320 kB
Mem:          3.8G       3.7G       122M       5.7M        24M       3.2G

MemTotal:        4016004 kB
MemFree:          124612 kB
Active:           370348 kB
Mem:          3.8G       3.7G       120M       5.7M        24M       3.2G

MemTotal:        4016004 kB
MemFree:          122716 kB
Active:           370368 kB
Mem:          3.8G       3.7G       119M       5.7M        24M       3.2G

MemTotal:        4016004 kB
MemFree:          125848 kB
Active:           370388 kB
Mem:          3.8G       3.7G       126M       5.7M        24M       3.2G

MemTotal:        4016004 kB
MemFree:          118148 kB
Active:           370360 kB
Mem:          3.8G       3.7G       115M       5.7M        24M       3.3G

MemTotal:        4016004 kB
MemFree:          110688 kB
Active:           370360 kB
Mem:          3.8G       3.7G       107M       5.7M        24M       3.3G

MemTotal:        4016004 kB
MemFree:          127076 kB
Active:           370408 kB
Mem:          3.8G       3.7G       122M       5.7M        24M       3.2G

MemTotal:        4016004 kB
MemFree:          136020 kB
Active:           370460 kB
Mem:          3.8G       3.7G       133M       5.7M        24M       3.2G

MemTotal:        4016004 kB
MemFree:          126208 kB
Active:           370456 kB
Mem:          3.8G       3.7G       122M       5.7M        24M       3.2G

MemTotal:        4016004 kB
MemFree:          119044 kB
Active:           370492 kB
Mem:          3.8G       3.7G       114M       5.7M        24M       3.3G

MemTotal:        4016004 kB
MemFree:          110888 kB
Active:           370476 kB
Mem:          3.8G       3.7G       107M       5.7M        24M       3.3G

MemTotal:        4016004 kB
MemFree:          114388 kB
Active:           370028 kB
Mem:          3.8G       3.7G       110M       5.7M        24M       3.3G

MemTotal:        4016004 kB
MemFree:          106728 kB
Active:           370040 kB
Mem:          3.8G       3.7G       102M       5.7M        24M       3.3G

MemTotal:        4016004 kB
MemFree:          133664 kB
Active:           370052 kB
Mem:          3.8G       3.7G       130M       5.7M        24M       3.2G

MemTotal:        4016004 kB
MemFree:          137024 kB
Active:           370080 kB
Mem:          3.8G       3.7G       132M       5.7M        24M       3.2G

MemTotal:        4016004 kB
MemFree:          134372 kB
Active:           370100 kB
Mem:          3.8G       3.7G       130M       5.7M        24M       3.2G

MemTotal:        4016004 kB
MemFree:          140728 kB
Active:           370144 kB
Mem:          3.8G       3.7G       137M       5.7M        24M       3.2G

MemTotal:        4016004 kB
MemFree:          114904 kB
Active:           370136 kB
Mem:          3.8G       3.7G       112M       5.7M        24M       3.3G

MemTotal:        4016004 kB
MemFree:          112880 kB
Active:           370160 kB
Mem:          3.8G       3.7G       109M       5.7M        24M       3.3G

MemTotal:        4016004 kB
MemFree:          128044 kB
Active:           370404 kB
Mem:          3.8G       3.7G       123M       5.7M        24M       3.2G

MemTotal:        4016004 kB
MemFree:          112788 kB
Active:           370568 kB
Mem:          3.8G       3.7G       109M       5.7M        24M       3.3G

MemTotal:        4016004 kB
MemFree:          128000 kB
Active:           368664 kB
Mem:          3.8G       3.7G       123M       5.7M        24M       3.2G

MemTotal:        4016004 kB
MemFree:          125712 kB
Active:           368608 kB
Mem:          3.8G       3.7G       121M       5.7M        24M       3.2G

MemTotal:        4016004 kB
MemFree:          111084 kB
Active:           368488 kB
Mem:          3.8G       3.7G       107M       5.7M        24M       3.3G

MemTotal:        4016004 kB
MemFree:          127092 kB
Active:           368628 kB
Mem:          3.8G       3.7G       123M       5.7M        24M       3.2G

MemTotal:        4016004 kB
MemFree:          106528 kB
Active:           368516 kB
Mem:          3.8G       3.7G       103M       5.7M        24M       3.3G

MemTotal:        4016004 kB
MemFree:          125220 kB
Active:           368760 kB
Mem:          3.8G       3.7G       121M       5.7M        24M       3.2G

MemTotal:        4016004 kB
MemFree:          134656 kB
Active:           368668 kB
Mem:          3.8G       3.7G       130M       5.7M        24M       3.2G

MemTotal:        4016004 kB
MemFree:          126220 kB
Active:           368636 kB
Mem:          3.8G       3.7G       123M       5.7M        24M       3.2G

MemTotal:        4016004 kB
MemFree:          123516 kB
Active:           367316 kB
Mem:          3.8G       3.7G       120M       5.7M        24M       3.2G

MemTotal:        4016004 kB
MemFree:          110300 kB
Active:           367048 kB
Mem:          3.8G       3.7G       106M       5.7M        24M       3.3G

MemTotal:        4016004 kB
MemFree:          129432 kB
Active:           366360 kB
Mem:          3.8G       3.7G       126M       5.7M        24M       3.2G

MemTotal:        4016004 kB
MemFree:          118088 kB
Active:           366344 kB
Mem:          3.8G       3.7G       114M       5.7M        24M       3.2G

MemTotal:        4016004 kB
MemFree:          110048 kB
Active:           367528 kB
Mem:          3.8G       3.7G       106M       5.7M        24M       3.3G

MemTotal:        4016004 kB
MemFree:          126804 kB
Active:           367428 kB
Mem:          3.8G       3.7G       122M       5.7M        24M       3.2G

MemTotal:        4016004 kB
MemFree:          119256 kB
Active:           367516 kB
Mem:          3.8G       3.7G       115M       5.7M        25M       3.2G

MemTotal:        4016004 kB
MemFree:          137048 kB
Active:           367528 kB
Mem:          3.8G       3.7G       132M       5.7M        25M       3.2G

MemTotal:        4016004 kB
MemFree:          132868 kB
Active:           367372 kB
Mem:          3.8G       3.7G       151M       5.7M        25M       3.2G

MemTotal:        4016004 kB
MemFree:          113048 kB
Active:           367484 kB
Mem:          3.8G       3.7G       109M       5.7M        25M       3.3G

MemTotal:        4016004 kB
MemFree:          122696 kB
Active:           362400 kB
Mem:          3.8G       3.7G       119M       5.7M        25M       3.2G

MemTotal:        4016004 kB
MemFree:          115036 kB
Active:           362204 kB
Mem:          3.8G       3.7G       111M       5.7M        25M       3.3G

MemTotal:        4016004 kB
MemFree:          111780 kB
Active:           362200 kB
Mem:          3.8G       3.7G       108M       5.7M        25M       3.3G

MemTotal:        4016004 kB
MemFree:          128004 kB
Active:           362148 kB
Mem:          3.8G       3.7G       124M       5.7M        25M       3.2G

MemTotal:        4016004 kB
MemFree:          108736 kB
Active:           362304 kB
Mem:          3.8G       3.7G       105M       5.7M        25M       3.3G

MemTotal:        4016004 kB
MemFree:          128360 kB
Active:           362080 kB
Mem:          3.8G       3.7G       125M       5.7M        25M       3.2G

MemTotal:        4016004 kB
MemFree:          125508 kB
Active:           362228 kB
Mem:          3.8G       3.7G       121M       5.7M        25M       3.2G

MemTotal:        4016004 kB
MemFree:          110008 kB
Active:           362256 kB
Mem:          3.8G       3.7G       107M       5.7M        25M       3.3G

MemTotal:        4016004 kB
MemFree:          125376 kB
Active:           362264 kB
Mem:          3.8G       3.7G       121M       5.7M        25M       3.2G

MemTotal:        4016004 kB
MemFree:          110508 kB
Active:           362308 kB
Mem:          3.8G       3.7G       107M       5.7M        25M       3.3G

MemTotal:        4016004 kB
MemFree:          126764 kB
Active:           362372 kB
Mem:          3.8G       3.7G       122M       5.7M        25M       3.2G

MemTotal:        4016004 kB
MemFree:          125072 kB
Active:           362300 kB
Mem:          3.8G       3.7G       121M       5.7M        25M       3.2G

MemTotal:        4016004 kB
MemFree:          117676 kB
Active:           359672 kB
Mem:          3.8G       3.7G       114M       5.7M        25M       3.2G

MemTotal:        4016004 kB
MemFree:          126632 kB
Active:           360860 kB
Mem:          3.8G       3.7G       123M       5.7M        25M       3.2G

MemTotal:        4016004 kB
MemFree:          119220 kB
Active:           360876 kB
Mem:          3.8G       3.7G       114M       5.7M        25M       3.2G

MemTotal:        4016004 kB
MemFree:          110800 kB
Active:           360892 kB
Mem:          3.8G       3.7G       107M       5.7M        25M       3.3G

MemTotal:        4016004 kB
MemFree:          121844 kB
Active:           360768 kB
Mem:          3.8G       3.7G       118M       5.7M        25M       3.2G

MemTotal:        4016004 kB
MemFree:          121628 kB
Active:           360764 kB
Mem:          3.8G       3.7G       118M       5.7M        25M       3.2G

MemTotal:        4016004 kB
MemFree:          121508 kB
Active:           360808 kB
Mem:          3.8G       3.7G       118M       5.7M        25M       3.2G

MemTotal:        4016004 kB
MemFree:          118476 kB
Active:           360808 kB
Mem:          3.8G       3.7G       114M       5.7M        25M       3.2G

MemTotal:        4016004 kB
MemFree:          110204 kB
Active:           360864 kB
Mem:          3.8G       3.7G       106M       5.7M        25M       3.3G

MemTotal:        4016004 kB
MemFree:          119020 kB
Active:           360888 kB
Mem:          3.8G       3.7G       115M       5.7M        25M       3.2G

MemTotal:        4016004 kB
MemFree:          121836 kB
Active:           362904 kB
Mem:          3.8G       3.7G       118M       5.7M        25M       3.2G

MemTotal:        4016004 kB
MemFree:          113680 kB
Active:           362948 kB
Mem:          3.8G       3.7G       110M       5.7M        25M       3.2G

MemTotal:        4016004 kB
MemFree:          104904 kB
Active:           362972 kB
Mem:          3.8G       3.7G       125M       5.7M        25M       3.2G

MemTotal:        4016004 kB
MemFree:          108296 kB
Active:           360584 kB
Mem:          3.8G       3.7G       104M       5.7M        25M       3.3G

MemTotal:        4016004 kB
MemFree:          124816 kB
Active:           360604 kB
Mem:          3.8G       3.7G       120M       5.7M        25M       3.2G

MemTotal:        4016004 kB
MemFree:          116352 kB
Active:           360656 kB
Mem:          3.8G       3.7G       112M       5.7M        25M       3.2G

MemTotal:        4016004 kB
MemFree:          126548 kB
Active:           360688 kB
Mem:          3.8G       3.7G       122M       5.7M        25M       3.2G

MemTotal:        4016004 kB
MemFree:          112844 kB
Active:           360716 kB
Mem:          3.8G       3.7G       109M       5.7M        25M       3.2G

MemTotal:        4016004 kB
MemFree:          109884 kB
Active:           360720 kB
Mem:          3.8G       3.7G       107M       5.7M        25M       3.2G

MemTotal:        4016004 kB
MemFree:          130964 kB
Active:           360756 kB
Mem:          3.8G       3.7G       127M       5.7M        25M       3.2G

MemTotal:        4016004 kB
MemFree:          116984 kB
Active:           360800 kB
Mem:          3.8G       3.7G       113M       5.7M        25M       3.2G

MemTotal:        4016004 kB
MemFree:          126568 kB
Active:           360800 kB
Mem:          3.8G       3.7G       122M       5.7M        25M       3.2G

MemTotal:        4016004 kB
MemFree:          130440 kB
Active:           360852 kB
Mem:          3.8G       3.7G       126M       5.7M        25M       3.2G

MemTotal:        4016004 kB
MemFree:          133940 kB
Active:           360840 kB
Mem:          3.8G       3.7G       130M       5.7M        25M       3.2G

MemTotal:        4016004 kB
MemFree:          143128 kB
Active:           360896 kB
Mem:          3.8G       3.7G       139M       5.7M        25M       3.2G

MemTotal:        4016004 kB
MemFree:          138384 kB
Active:           357664 kB
Mem:          3.8G       3.7G       134M       5.7M        25M       3.2G

MemTotal:        4016004 kB
MemFree:          135764 kB
Active:           357512 kB
Mem:          3.8G       3.7G       131M       5.7M        25M       3.2G

MemTotal:        4016004 kB
MemFree:          133388 kB
Active:           357440 kB
Mem:          3.8G       3.7G       129M       5.7M        25M       3.2G

MemTotal:        4016004 kB
MemFree:          125108 kB
Active:           357316 kB
Mem:          3.8G       3.7G       121M       5.7M        25M       3.2G

MemTotal:        4016004 kB
MemFree:          110040 kB
Active:           357344 kB
Mem:          3.8G       3.7G       106M       5.7M        25M       3.2G

MemTotal:        4016004 kB
MemFree:          121672 kB
Active:           357372 kB
Mem:          3.8G       3.7G       117M       5.7M        25M       3.2G

MemTotal:        4016004 kB
MemFree:          117348 kB
Active:           357376 kB
Mem:          3.8G       3.7G       114M       5.7M        25M       3.2G

MemTotal:        4016004 kB
MemFree:          117072 kB
Active:           357372 kB
Mem:          3.8G       3.7G       113M       5.7M        25M       3.2G

MemTotal:        4016004 kB
MemFree:          116676 kB
Active:           357344 kB
Mem:          3.8G       3.7G       114M       5.7M        25M       3.2G

MemTotal:        4016004 kB
MemFree:          126204 kB
Active:           357392 kB
Mem:          3.8G       3.7G       122M       5.7M        25M       3.2G

MemTotal:        4016004 kB
MemFree:          118528 kB
Active:           357416 kB
Mem:          3.8G       3.7G       114M       5.7M        25M       3.2G

MemTotal:        4016004 kB
MemFree:          110000 kB
Active:           357448 kB
Mem:          3.8G       3.7G       106M       5.7M        25M       3.2G

MemTotal:        4016004 kB
MemFree:          125776 kB
Active:           357468 kB
Mem:          3.8G       3.7G       122M       5.7M        26M       3.2G

MemTotal:        4016004 kB
MemFree:          105964 kB
Active:           357496 kB
Mem:          3.8G       3.7G       102M       5.7M        26M       3.3G

MemTotal:        4016004 kB
MemFree:          109960 kB
Active:           357516 kB
Mem:          3.8G       3.7G       106M       5.7M        26M       3.2G

MemTotal:        4016004 kB
MemFree:          114204 kB
Active:           357540 kB
Mem:          3.8G       3.7G       109M       5.7M        26M       3.2G

MemTotal:        4016004 kB
MemFree:          122896 kB
Active:           357572 kB
Mem:          3.8G       3.7G       119M       5.7M        26M       3.2G

MemTotal:        4016004 kB
MemFree:          112900 kB
Active:           353872 kB
Mem:          3.8G       3.7G       109M       5.7M        26M       3.2G

MemTotal:        4016004 kB
MemFree:          105024 kB
Active:           353892 kB
Mem:          3.8G       3.7G       124M       5.7M        26M       3.2G

MemTotal:        4016004 kB
MemFree:          132748 kB
Active:           353916 kB
Mem:          3.8G       3.7G       132M       5.7M        26M       3.2G

MemTotal:        4016004 kB
MemFree:          125152 kB
Active:           353936 kB
Mem:          3.8G       3.7G       121M       5.7M        26M       3.2G

MemTotal:        4016004 kB
MemFree:          134604 kB
Active:           353956 kB
Mem:          3.8G       3.7G       131M       5.7M        26M       3.2G

MemTotal:        4016004 kB
MemFree:          112320 kB
Active:           353968 kB
Mem:          3.8G       3.7G       108M       5.7M        26M       3.2G

MemTotal:        4016004 kB
MemFree:          105144 kB
Active:           353988 kB
Mem:          3.8G       3.7G       124M       5.7M        26M       3.2G

MemTotal:        4016004 kB
MemFree:          127744 kB
Active:           354012 kB
Mem:          3.8G       3.7G       123M       5.7M        26M       3.2G

MemTotal:        4016004 kB
MemFree:          130348 kB
Active:           354036 kB
Mem:          3.8G       3.7G       125M       5.7M        26M       3.2G

MemTotal:        4016004 kB
MemFree:          123928 kB
Active:           354064 kB
Mem:          3.8G       3.7G       120M       5.7M        26M       3.2G

MemTotal:        4016004 kB
MemFree:          127676 kB
Active:           354084 kB
Mem:          3.8G       3.7G       123M       5.7M        26M       3.2G

MemTotal:        4016004 kB
MemFree:          131176 kB
Active:           354108 kB
Mem:          3.8G       3.7G       127M       5.7M        26M       3.2G

MemTotal:        4016004 kB
MemFree:          139992 kB
Active:           354128 kB
Mem:          3.8G       3.7G       135M       5.7M        26M       3.2G

MemTotal:        4016004 kB
MemFree:          132704 kB
Active:           354160 kB
Mem:          3.8G       3.7G       128M       5.7M        26M       3.2G

MemTotal:        4016004 kB
MemFree:          131012 kB
Active:           354180 kB
Mem:          3.8G       3.7G       127M       5.7M        26M       3.2G

MemTotal:        4016004 kB
MemFree:          106428 kB
Active:           354200 kB
Mem:          3.8G       3.7G       108M       5.7M        26M       3.2G

MemTotal:        4016004 kB
MemFree:          128312 kB
Active:           354020 kB
Mem:          3.8G       3.7G       125M       5.7M        26M       3.2G

MemTotal:        4016004 kB
MemFree:          117332 kB
Active:           354036 kB
Mem:          3.8G       3.7G       110M       5.7M        26M       3.2G

MemTotal:        4016004 kB
MemFree:          106848 kB
Active:           353584 kB
Mem:          3.8G       3.7G       103M       5.7M        26M       3.2G

MemTotal:        4016004 kB
MemFree:          134996 kB
Active:           355268 kB
Mem:          3.8G       3.7G       131M       5.7M        26M       3.2G

MemTotal:        4016004 kB
MemFree:          122680 kB
Active:           355280 kB
Mem:          3.8G       3.7G       118M       5.7M        26M       3.2G

MemTotal:        4016004 kB
MemFree:          108060 kB
Active:           355300 kB
Mem:          3.8G       3.7G       104M       5.7M        26M       3.2G

MemTotal:        4016004 kB
MemFree:          124580 kB
Active:           355328 kB
Mem:          3.8G       3.7G       131M       5.7M        26M       3.2G

MemTotal:        4016004 kB
MemFree:          127816 kB
Active:           355220 kB
Mem:          3.8G       3.7G       124M       5.7M        26M       3.2G

MemTotal:        4016004 kB
MemFree:          113352 kB
Active:           355248 kB
Mem:          3.8G       3.7G       109M       5.7M        26M       3.2G

MemTotal:        4016004 kB
MemFree:          135144 kB
Active:           354956 kB
Mem:          3.8G       3.7G       132M       5.7M        26M       3.2G

MemTotal:        4016004 kB
MemFree:          135268 kB
Active:           354924 kB
Mem:          3.8G       3.7G       132M       5.7M        26M       3.2G

MemTotal:        4016004 kB
MemFree:          135888 kB
Active:           354952 kB
Mem:          3.8G       3.7G       132M       5.7M        26M       3.2G

MemTotal:        4016004 kB
MemFree:          135764 kB
Active:           354936 kB
Mem:          3.8G       3.7G       132M       5.7M        26M       3.2G

MemTotal:        4016004 kB
MemFree:          135640 kB
Active:           354964 kB
Mem:          3.8G       3.7G       132M       5.7M        26M       3.2G

MemTotal:        4016004 kB
MemFree:          136012 kB
Active:           354968 kB
Mem:          3.8G       3.7G       132M       5.7M        26M       3.2G

MemTotal:        4016004 kB
MemFree:          136012 kB
Active:           354944 kB
Mem:          3.8G       3.7G       132M       5.7M        26M       3.2G

MemTotal:        4016004 kB
MemFree:          136012 kB
Active:           354928 kB
Mem:          3.8G       3.7G       132M       5.7M        26M       3.2G

MemTotal:        4016004 kB
MemFree:          135888 kB
Active:           354956 kB
Mem:          3.8G       3.7G       132M       5.7M        26M       3.2G

MemTotal:        4016004 kB
MemFree:          136012 kB
Active:           354952 kB
Mem:          3.8G       3.7G       132M       5.7M        26M       3.2G

MemTotal:        4016004 kB
MemFree:          135888 kB
Active:           354928 kB
Mem:          3.8G       3.7G       132M       5.7M        26M       3.2G

MemTotal:        4016004 kB
MemFree:          135764 kB
Active:           354944 kB
Mem:          3.8G       3.7G       132M       5.7M        26M       3.2G

MemTotal:        4016004 kB
MemFree:          135764 kB
Active:           354968 kB
Mem:          3.8G       3.7G       132M       5.7M        26M       3.2G

MemTotal:        4016004 kB
MemFree:          135516 kB
Active:           354988 kB
Mem:          3.8G       3.7G       132M       5.7M        26M       3.2G

MemTotal:        4016004 kB
MemFree:          135888 kB
Active:           354936 kB
Mem:          3.8G       3.7G       132M       5.7M        26M       3.2G

MemTotal:        4016004 kB
MemFree:          135764 kB
Active:           354968 kB
Mem:          3.8G       3.7G       132M       5.7M        26M       3.2G

MemTotal:        4016004 kB
MemFree:          135764 kB
Active:           354940 kB
Mem:          3.8G       3.7G       132M       5.7M        26M       3.2G

MemTotal:        4016004 kB
MemFree:          135764 kB
Active:           354988 kB
Mem:          3.8G       3.7G       132M       5.7M        26M       3.2G

MemTotal:        4016004 kB
MemFree:          135268 kB
Active:           354996 kB
Mem:          3.8G       3.7G       132M       5.7M        26M       3.2G

MemTotal:        4016004 kB
MemFree:          135640 kB
Active:           354960 kB
Mem:          3.8G       3.7G       132M       5.7M        26M       3.2G

MemTotal:        4016004 kB
MemFree:          135516 kB
Active:           354980 kB
Mem:          3.8G       3.7G       132M       5.7M        26M       3.2G

MemTotal:        4016004 kB
MemFree:          135764 kB
Active:           354980 kB
Mem:          3.8G       3.7G       132M       5.7M        26M       3.2G

MemTotal:        4016004 kB
MemFree:          135980 kB
Active:           354996 kB
Mem:          3.8G       3.7G       132M       5.7M        26M       3.2G

MemTotal:        4016004 kB
MemFree:          135288 kB
Active:           355012 kB
Mem:          3.8G       3.7G       132M       5.7M        26M       3.2G

MemTotal:        4016004 kB
MemFree:          135568 kB
Active:           354988 kB
Mem:          3.8G       3.7G       132M       5.7M        26M       3.2G

MemTotal:        4016004 kB
MemFree:          135728 kB
Active:           354964 kB
Mem:          3.8G       3.7G       132M       5.7M        26M       3.2G

MemTotal:        4016004 kB
MemFree:          135984 kB
Active:           354956 kB
Mem:          3.8G       3.7G       132M       5.7M        26M       3.2G

MemTotal:        4016004 kB
MemFree:          135736 kB
Active:           354984 kB
Mem:          3.8G       3.7G       132M       5.7M        26M       3.2G

MemTotal:        4016004 kB
MemFree:          135860 kB
Active:           355024 kB
Mem:          3.8G       3.7G       132M       5.7M        26M       3.2G

MemTotal:        4016004 kB
MemFree:          135860 kB
Active:           355012 kB
Mem:          3.8G       3.7G       132M       5.7M        26M       3.2G

MemTotal:        4016004 kB
MemFree:          135860 kB
Active:           354968 kB
Mem:          3.8G       3.7G       132M       5.7M        26M       3.2G

MemTotal:        4016004 kB
MemFree:          135860 kB
Active:           355024 kB
Mem:          3.8G       3.7G       132M       5.7M        26M       3.2G

MemTotal:        4016004 kB
MemFree:          135788 kB
Active:           354128 kB
Mem:          3.8G       3.7G       132M       5.7M        26M       3.2G

MemTotal:        4016004 kB
MemFree:          135920 kB
Active:           356120 kB
Mem:          3.8G       3.7G       132M       5.7M        26M       3.2G

MemTotal:        4016004 kB
MemFree:          135796 kB
Active:           356124 kB
Mem:          3.8G       3.7G       132M       5.7M        26M       3.2G

MemTotal:        4016004 kB
MemFree:          135920 kB
Active:           356112 kB
Mem:          3.8G       3.7G       132M       5.7M        26M       3.2G

MemTotal:        4016004 kB
MemFree:          136044 kB
Active:           356076 kB
Mem:          3.8G       3.7G       132M       5.7M        26M       3.2G

MemTotal:        4016004 kB
MemFree:          135672 kB
Active:           356076 kB
Mem:          3.8G       3.7G       132M       5.7M        26M       3.2G

MemTotal:        4016004 kB
MemFree:          135796 kB
Active:           356100 kB
Mem:          3.8G       3.7G       132M       5.7M        26M       3.2G

MemTotal:        4016004 kB
MemFree:          135796 kB
Active:           356136 kB
Mem:          3.8G       3.7G       132M       5.7M        26M       3.2G

MemTotal:        4016004 kB
MemFree:          135672 kB
Active:           356120 kB
Mem:          3.8G       3.7G       132M       5.7M        26M       3.2G

MemTotal:        4016004 kB
MemFree:          135796 kB
Active:           356112 kB
Mem:          3.8G       3.7G       132M       5.7M        26M       3.2G

MemTotal:        4016004 kB
MemFree:          131592 kB
Active:           358708 kB
Mem:          3.8G       3.7G       127M       5.7M        28M       3.2G

MemTotal:        4016004 kB
MemFree:          131004 kB
Active:           360484 kB
Mem:          3.8G       3.7G       128M       5.7M        28M       3.2G

MemTotal:        4016004 kB
MemFree:          131252 kB
Active:           360464 kB
Mem:          3.8G       3.7G       127M       5.7M        28M       3.2G

MemTotal:        4016004 kB
MemFree:          131128 kB
Active:           360432 kB
Mem:          3.8G       3.7G       127M       5.7M        28M       3.2G

MemTotal:        4016004 kB
MemFree:          130880 kB
Active:           360484 kB
Mem:          3.8G       3.7G       128M       5.7M        28M       3.2G

MemTotal:        4016004 kB
MemFree:          131004 kB
Active:           360476 kB
Mem:          3.8G       3.7G       127M       5.7M        28M       3.2G

MemTotal:        4016004 kB
MemFree:          131128 kB
Active:           360452 kB
Mem:          3.8G       3.7G       127M       5.7M        28M       3.2G

MemTotal:        4016004 kB
MemFree:          130756 kB
Active:           360444 kB
Mem:          3.8G       3.7G       127M       5.7M        28M       3.2G

MemTotal:        4016004 kB
MemFree:          130632 kB
Active:           360476 kB
Mem:          3.8G       3.7G       127M       5.7M        28M       3.2G

MemTotal:        4016004 kB
MemFree:          130384 kB
Active:           360484 kB
Mem:          3.8G       3.7G       127M       5.7M        28M       3.2G

MemTotal:        4016004 kB
MemFree:          128460 kB
Active:           360460 kB
Mem:          3.8G       3.7G       125M       5.7M        28M       3.2G

MemTotal:        4016004 kB
MemFree:          128584 kB
Active:           362520 kB
Mem:          3.8G       3.7G       125M       5.7M        28M       3.2G

MemTotal:        4016004 kB
MemFree:          128584 kB
Active:           362544 kB
Mem:          3.8G       3.7G       125M       5.7M        28M       3.2G

MemTotal:        4016004 kB
MemFree:          128584 kB
Active:           362516 kB
Mem:          3.8G       3.7G       125M       5.7M        28M       3.2G

MemTotal:        4016004 kB
MemFree:          128956 kB
Active:           362492 kB
Mem:          3.8G       3.7G       125M       5.7M        28M       3.2G

MemTotal:        4016004 kB
MemFree:          128956 kB
Active:           362532 kB
Mem:          3.8G       3.7G       125M       5.7M        28M       3.2G

MemTotal:        4016004 kB
MemFree:          128584 kB
Active:           362508 kB
Mem:          3.8G       3.7G       125M       5.7M        28M       3.2G

MemTotal:        4016004 kB
MemFree:          128584 kB
Active:           362552 kB
Mem:          3.8G       3.7G       125M       5.7M        28M       3.2G

MemTotal:        4016004 kB
MemFree:          128460 kB
Active:           362540 kB
Mem:          3.8G       3.7G       125M       5.7M        28M       3.2G

MemTotal:        4016004 kB
MemFree:          128584 kB
Active:           362552 kB
Mem:          3.8G       3.7G       125M       5.7M        28M       3.2G

MemTotal:        4016004 kB
MemFree:          128708 kB
Active:           362540 kB
Mem:          3.8G       3.7G       125M       5.7M        28M       3.2G

MemTotal:        4016004 kB
MemFree:          128476 kB
Active:           362516 kB
Mem:          3.8G       3.7G       125M       5.7M        28M       3.2G

MemTotal:        4016004 kB
MemFree:          128476 kB
Active:           362560 kB
Mem:          3.8G       3.7G       125M       5.7M        28M       3.2G

MemTotal:        4016004 kB
MemFree:          128352 kB
Active:           362540 kB
Mem:          3.8G       3.7G       125M       5.7M        28M       3.2G

MemTotal:        4016004 kB
MemFree:          128476 kB
Active:           362568 kB
Mem:          3.8G       3.7G       125M       5.7M        28M       3.2G

MemTotal:        4016004 kB
MemFree:          128600 kB
Active:           362532 kB
Mem:          3.8G       3.7G       125M       5.7M        28M       3.2G

MemTotal:        4016004 kB
MemFree:          128600 kB
Active:           362528 kB
Mem:          3.8G       3.7G       125M       5.7M        28M       3.2G

MemTotal:        4016004 kB
MemFree:          128600 kB
Active:           362520 kB
Mem:          3.8G       3.7G       125M       5.7M        28M       3.2G

MemTotal:        4016004 kB
MemFree:          128600 kB
Active:           362560 kB
Mem:          3.8G       3.7G       125M       5.7M        28M       3.2G

MemTotal:        4016004 kB
MemFree:          128476 kB
Active:           362572 kB
Mem:          3.8G       3.7G       125M       5.7M        28M       3.2G

MemTotal:        4016004 kB
MemFree:          128476 kB
Active:           362552 kB
Mem:          3.8G       3.7G       125M       5.7M        28M       3.2G

MemTotal:        4016004 kB
MemFree:          128352 kB
Active:           362528 kB
Mem:          3.8G       3.7G       125M       5.7M        28M       3.2G

MemTotal:        4016004 kB
MemFree:          128600 kB
Active:           362560 kB
Mem:          3.8G       3.7G       125M       5.7M        28M       3.2G

MemTotal:        4016004 kB
MemFree:          128476 kB
Active:           362572 kB
Mem:          3.8G       3.7G       125M       5.7M        28M       3.2G

MemTotal:        4016004 kB
MemFree:          128476 kB
Active:           362588 kB
Mem:          3.8G       3.7G       125M       5.7M        28M       3.2G

MemTotal:        4016004 kB
MemFree:          128600 kB
Active:           362552 kB
Mem:          3.8G       3.7G       125M       5.7M        28M       3.2G

MemTotal:        4016004 kB
MemFree:          128476 kB
Active:           362588 kB
Mem:          3.8G       3.7G       125M       5.7M        28M       3.2G

MemTotal:        4016004 kB
MemFree:          128476 kB
Active:           362588 kB
Mem:          3.8G       3.7G       125M       5.7M        28M       3.2G

MemTotal:        4016004 kB
MemFree:          128476 kB
Active:           362552 kB
Mem:          3.8G       3.7G       125M       5.7M        28M       3.2G

MemTotal:        4016004 kB
MemFree:          128104 kB
Active:           362612 kB
Mem:          3.8G       3.7G       125M       5.7M        28M       3.2G

MemTotal:        4016004 kB
MemFree:          128228 kB
Active:           362608 kB
Mem:          3.8G       3.7G       125M       5.7M        28M       3.2G

MemTotal:        4016004 kB
MemFree:          128352 kB
Active:           362580 kB
Mem:          3.8G       3.7G       125M       5.7M        28M       3.2G

MemTotal:        4016004 kB
MemFree:          128600 kB
Active:           362560 kB
Mem:          3.8G       3.7G       125M       5.7M        28M       3.2G

MemTotal:        4016004 kB
MemFree:          128724 kB
Active:           362600 kB
Mem:          3.8G       3.7G       125M       5.7M        28M       3.2G

MemTotal:        4016004 kB
MemFree:          128228 kB
Active:           362728 kB
Mem:          3.8G       3.7G       125M       5.7M        28M       3.2G

MemTotal:        4016004 kB
MemFree:          128212 kB
Active:           362776 kB
Mem:          3.8G       3.7G       125M       5.7M        28M       3.2G

MemTotal:        4016004 kB
MemFree:          128460 kB
Active:           362752 kB
Mem:          3.8G       3.7G       125M       5.7M        28M       3.2G

MemTotal:        4016004 kB
MemFree:          128708 kB
Active:           362736 kB
Mem:          3.8G       3.7G       125M       5.7M        28M       3.2G

MemTotal:        4016004 kB
MemFree:          128088 kB
Active:           362784 kB
Mem:          3.8G       3.7G       125M       5.7M        28M       3.2G

MemTotal:        4016004 kB
MemFree:          128088 kB
Active:           362776 kB
Mem:          3.8G       3.7G       125M       5.7M        28M       3.2G

MemTotal:        4016004 kB
MemFree:          126164 kB
Active:           362760 kB
Mem:          3.8G       3.7G       123M       5.7M        28M       3.2G

MemTotal:        4016004 kB
MemFree:          126040 kB
Active:           364764 kB
Mem:          3.8G       3.7G       122M       5.7M        28M       3.2G

MemTotal:        4016004 kB
MemFree:          126040 kB
Active:           364764 kB
Mem:          3.8G       3.7G       123M       5.7M        28M       3.2G

MemTotal:        4016004 kB
MemFree:          126164 kB
Active:           364808 kB
Mem:          3.8G       3.7G       123M       5.7M        28M       3.2G

MemTotal:        4016004 kB
MemFree:          126288 kB
Active:           364800 kB
Mem:          3.8G       3.7G       123M       5.7M        28M       3.2G

MemTotal:        4016004 kB
MemFree:          126164 kB
Active:           364784 kB
Mem:          3.8G       3.7G       123M       5.7M        28M       3.2G

MemTotal:        4016004 kB
MemFree:          126040 kB
Active:           364768 kB
Mem:          3.8G       3.7G       122M       5.7M        28M       3.2G

MemTotal:        4016004 kB
MemFree:          126040 kB
Active:           364784 kB
Mem:          3.8G       3.7G       123M       5.7M        28M       3.2G

MemTotal:        4016004 kB
MemFree:          126412 kB
Active:           364812 kB
Mem:          3.8G       3.7G       123M       5.7M        28M       3.2G

MemTotal:        4016004 kB
MemFree:          126288 kB
Active:           364828 kB
Mem:          3.8G       3.7G       123M       5.7M        28M       3.2G

MemTotal:        4016004 kB
MemFree:          126412 kB
Active:           364816 kB
Mem:          3.8G       3.7G       123M       5.7M        28M       3.2G

MemTotal:        4016004 kB
MemFree:          126296 kB
Active:           364824 kB
Mem:          3.8G       3.7G       123M       5.7M        28M       3.2G

MemTotal:        4016004 kB
MemFree:          126048 kB
Active:           364800 kB
Mem:          3.8G       3.7G       123M       5.7M        28M       3.2G

MemTotal:        4016004 kB
MemFree:          126296 kB
Active:           364788 kB
Mem:          3.8G       3.7G       123M       5.7M        28M       3.2G

MemTotal:        4016004 kB
MemFree:          126296 kB
Active:           364772 kB
Mem:          3.8G       3.7G       123M       5.7M        28M       3.2G

MemTotal:        4016004 kB
MemFree:          126296 kB
Active:           364796 kB
Mem:          3.8G       3.7G       123M       5.7M        28M       3.2G

MemTotal:        4016004 kB
MemFree:          126420 kB
Active:           364792 kB
Mem:          3.8G       3.7G       123M       5.7M        28M       3.2G

MemTotal:        4016004 kB
MemFree:          126296 kB
Active:           364836 kB
Mem:          3.8G       3.7G       123M       5.7M        28M       3.2G

MemTotal:        4016004 kB
MemFree:          126296 kB
Active:           364820 kB
Mem:          3.8G       3.7G       123M       5.7M        28M       3.2G

MemTotal:        4016004 kB
MemFree:          126420 kB
Active:           364796 kB
Mem:          3.8G       3.7G       123M       5.7M        28M       3.2G

MemTotal:        4016004 kB
MemFree:          126172 kB
Active:           364804 kB
Mem:          3.8G       3.7G       123M       5.7M        28M       3.2G

MemTotal:        4016004 kB
MemFree:          126296 kB
Active:           364824 kB
Mem:          3.8G       3.7G       123M       5.7M        28M       3.2G

MemTotal:        4016004 kB
MemFree:          126420 kB
Active:           364800 kB
Mem:          3.8G       3.7G       123M       5.7M        28M       3.2G

MemTotal:        4016004 kB
MemFree:          126420 kB
Active:           364792 kB
Mem:          3.8G       3.7G       122M       5.7M        28M       3.2G

MemTotal:        4016004 kB
MemFree:          125924 kB
Active:           364820 kB
Mem:          3.8G       3.7G       122M       5.7M        28M       3.2G

MemTotal:        4016004 kB
MemFree:          126048 kB
Active:           364844 kB
Mem:          3.8G       3.7G       122M       5.7M        28M       3.2G

MemTotal:        4016004 kB
MemFree:          125924 kB
Active:           364828 kB
Mem:          3.8G       3.7G       122M       5.7M        28M       3.2G

MemTotal:        4016004 kB
MemFree:          125800 kB
Active:           364840 kB
Mem:          3.8G       3.7G       122M       5.7M        28M       3.2G

MemTotal:        4016004 kB
MemFree:          125924 kB
Active:           364860 kB
Mem:          3.8G       3.7G       122M       5.7M        28M       3.2G

MemTotal:        4016004 kB
MemFree:          126048 kB
Active:           364848 kB
Mem:          3.8G       3.7G       123M       5.7M        28M       3.2G

MemTotal:        4016004 kB
MemFree:          126420 kB
Active:           364808 kB
Mem:          3.8G       3.7G       123M       5.7M        28M       3.2G

MemTotal:        4016004 kB
MemFree:          126296 kB
Active:           364832 kB
Mem:          3.8G       3.7G       123M       5.7M        28M       3.2G

MemTotal:        4016004 kB
MemFree:          126296 kB
Active:           364804 kB
Mem:          3.8G       3.7G       123M       5.7M        28M       3.2G

MemTotal:        4016004 kB
MemFree:          126296 kB
Active:           364828 kB
Mem:          3.8G       3.7G       123M       5.7M        28M       3.2G

MemTotal:        4016004 kB
MemFree:          126296 kB
Active:           364852 kB
Mem:          3.8G       3.7G       123M       5.7M        28M       3.2G

MemTotal:        4016004 kB
MemFree:          126296 kB
Active:           364840 kB
Mem:          3.8G       3.7G       123M       5.7M        28M       3.2G

MemTotal:        4016004 kB
MemFree:          126296 kB
Active:           364868 kB
Mem:          3.8G       3.7G       123M       5.7M        28M       3.2G

MemTotal:        4016004 kB
MemFree:          126296 kB
Active:           364844 kB
Mem:          3.8G       3.7G       123M       5.7M        28M       3.2G

MemTotal:        4016004 kB
MemFree:          126048 kB
Active:           364832 kB
Mem:          3.8G       3.7G       122M       5.7M        28M       3.2G

MemTotal:        4016004 kB
MemFree:          126296 kB
Active:           364848 kB
Mem:          3.8G       3.7G       123M       5.7M        28M       3.2G

MemTotal:        4016004 kB
MemFree:          126048 kB
Active:           364828 kB
Mem:          3.8G       3.7G       122M       5.7M        28M       3.2G

MemTotal:        4016004 kB
MemFree:          125924 kB
Active:           364856 kB
Mem:          3.8G       3.7G       123M       5.7M        28M       3.2G

MemTotal:        4016004 kB
MemFree:          126172 kB
Active:           364856 kB
Mem:          3.8G       3.7G       123M       5.7M        28M       3.2G

MemTotal:        4016004 kB
MemFree:          126172 kB
Active:           364824 kB
Mem:          3.8G       3.7G       123M       5.7M        28M       3.2G

MemTotal:        4016004 kB
MemFree:          126048 kB
Active:           364836 kB
Mem:          3.8G       3.7G       123M       5.7M        28M       3.2G

MemTotal:        4016004 kB
MemFree:          126172 kB
Active:           364820 kB
Mem:          3.8G       3.7G       123M       5.7M        28M       3.2G

MemTotal:        4016004 kB
MemFree:          126172 kB
Active:           364856 kB
Mem:          3.8G       3.7G       122M       5.7M        28M       3.2G

MemTotal:        4016004 kB
MemFree:          126296 kB
Active:           364836 kB
Mem:          3.8G       3.7G       123M       5.7M        28M       3.2G

MemTotal:        4016004 kB
MemFree:          125924 kB
Active:           364856 kB
Mem:          3.8G       3.7G       122M       5.7M        28M       3.2G

MemTotal:        4016004 kB
MemFree:          125800 kB
Active:           364880 kB
Mem:          3.8G       3.7G       123M       5.7M        28M       3.2G

MemTotal:        4016004 kB
MemFree:          125924 kB
Active:           364844 kB
Mem:          3.8G       3.7G       123M       5.7M        28M       3.2G

MemTotal:        4016004 kB
MemFree:          126048 kB
Active:           364872 kB
Mem:          3.8G       3.7G       122M       5.7M        28M       3.2G

MemTotal:        4016004 kB
MemFree:          126048 kB
Active:           364880 kB
Mem:          3.8G       3.7G       123M       5.7M        28M       3.2G

MemTotal:        4016004 kB
MemFree:          126048 kB
Active:           364832 kB
Mem:          3.8G       3.7G       123M       5.7M        28M       3.2G

MemTotal:        4016004 kB
MemFree:          126048 kB
Active:           364840 kB
Mem:          3.8G       3.7G       123M       5.7M        28M       3.2G

MemTotal:        4016004 kB
MemFree:          125676 kB
Active:           364904 kB
Mem:          3.8G       3.7G       122M       5.7M        28M       3.2G

MemTotal:        4016004 kB
MemFree:          125800 kB
Active:           364884 kB
Mem:          3.8G       3.7G       122M       5.7M        28M       3.2G

MemTotal:        4016004 kB
MemFree:          125676 kB
Active:           364868 kB
Mem:          3.8G       3.7G       122M       5.7M        28M       3.2G

MemTotal:        4016004 kB
MemFree:          126172 kB
Active:           364904 kB
Mem:          3.8G       3.7G       123M       5.7M        28M       3.2G

MemTotal:        4016004 kB
MemFree:          126048 kB
Active:           364916 kB
Mem:          3.8G       3.7G       123M       5.7M        28M       3.2G

MemTotal:        4016004 kB
MemFree:          126172 kB
Active:           364880 kB
Mem:          3.8G       3.7G       123M       5.7M        28M       3.2G

MemTotal:        4016004 kB
MemFree:          126172 kB
Active:           364900 kB
Mem:          3.8G       3.7G       123M       5.7M        28M       3.2G

MemTotal:        4016004 kB
MemFree:          126172 kB
Active:           364900 kB
Mem:          3.8G       3.7G       123M       5.7M        28M       3.2G

MemTotal:        4016004 kB
MemFree:          126172 kB
Active:           364876 kB
Mem:          3.8G       3.7G       123M       5.7M        28M       3.2G

MemTotal:        4016004 kB
MemFree:          126048 kB
Active:           364916 kB
Mem:          3.8G       3.7G       123M       5.7M        28M       3.2G

MemTotal:        4016004 kB
MemFree:          126048 kB
Active:           364908 kB
Mem:          3.8G       3.7G       122M       5.7M        28M       3.2G

MemTotal:        4016004 kB
MemFree:          125800 kB
Active:           364904 kB
Mem:          3.8G       3.7G       122M       5.7M        28M       3.2G

MemTotal:        4016004 kB
MemFree:          125800 kB
Active:           364916 kB
Mem:          3.8G       3.7G       122M       5.7M        28M       3.2G

MemTotal:        4016004 kB
MemFree:          125552 kB
Active:           364936 kB
Mem:          3.8G       3.7G       122M       5.7M        28M       3.2G

MemTotal:        4016004 kB
MemFree:          125924 kB
Active:           364944 kB
Mem:          3.8G       3.7G       123M       5.7M        28M       3.2G

MemTotal:        4016004 kB
MemFree:          125924 kB
Active:           365000 kB
Mem:          3.8G       3.7G       122M       5.7M        28M       3.2G

MemTotal:        4016004 kB
MemFree:          125800 kB
Active:           364988 kB
Mem:          3.8G       3.7G       122M       5.7M        28M       3.2G

MemTotal:        4016004 kB
MemFree:          125924 kB
Active:           365004 kB
Mem:          3.8G       3.7G       122M       5.7M        28M       3.2G

MemTotal:        4016004 kB
MemFree:          126172 kB
Active:           365004 kB
Mem:          3.8G       3.7G       123M       5.7M        28M       3.2G

MemTotal:        4016004 kB
MemFree:          126296 kB
Active:           364976 kB
Mem:          3.8G       3.7G       123M       5.7M        28M       3.2G

MemTotal:        4016004 kB
MemFree:          126172 kB
Active:           364956 kB
Mem:          3.8G       3.7G       123M       5.7M        28M       3.2G

MemTotal:        4016004 kB
MemFree:          126172 kB
Active:           364996 kB
Mem:          3.8G       3.7G       122M       5.7M        28M       3.2G

MemTotal:        4016004 kB
MemFree:          125924 kB
Active:           364988 kB
Mem:          3.8G       3.7G       123M       5.7M        28M       3.2G

MemTotal:        4016004 kB
MemFree:          126048 kB
Active:           364980 kB
Mem:          3.8G       3.7G       123M       5.7M        28M       3.2G

MemTotal:        4016004 kB
MemFree:          126172 kB
Active:           365004 kB
Mem:          3.8G       3.7G       122M       5.7M        28M       3.2G

MemTotal:        4016004 kB
MemFree:          126048 kB
Active:           364976 kB
Mem:          3.8G       3.7G       122M       5.7M        28M       3.2G

MemTotal:        4016004 kB
MemFree:          126048 kB
Active:           364956 kB
Mem:          3.8G       3.7G       122M       5.7M        28M       3.2G

MemTotal:        4016004 kB
MemFree:          126048 kB
Active:           364992 kB
Mem:          3.8G       3.7G       123M       5.7M        28M       3.2G

MemTotal:        4016004 kB
MemFree:          126172 kB
Active:           364968 kB
Mem:          3.8G       3.7G       122M       5.7M        28M       3.2G

MemTotal:        4016004 kB
MemFree:          126048 kB
Active:           365012 kB
Mem:          3.8G       3.7G       123M       5.7M        28M       3.2G

MemTotal:        4016004 kB
MemFree:          126172 kB
Active:           365008 kB
Mem:          3.8G       3.7G       123M       5.7M        28M       3.2G

MemTotal:        4016004 kB
MemFree:          125552 kB
Active:           365032 kB
Mem:          3.8G       3.7G       122M       5.7M        28M       3.2G

MemTotal:        4016004 kB
MemFree:          125924 kB
Active:           365028 kB
Mem:          3.8G       3.7G       122M       5.7M        28M       3.2G

MemTotal:        4016004 kB
MemFree:          126048 kB
Active:           365028 kB
Mem:          3.8G       3.7G       122M       5.7M        28M       3.2G

MemTotal:        4016004 kB
MemFree:          125924 kB
Active:           365012 kB
Mem:          3.8G       3.7G       122M       5.7M        28M       3.2G

MemTotal:        4016004 kB
MemFree:          125800 kB
Active:           364992 kB
Mem:          3.8G       3.7G       122M       5.7M        28M       3.2G

MemTotal:        4016004 kB
MemFree:          125924 kB
Active:           365020 kB
Mem:          3.8G       3.7G       122M       5.7M        28M       3.2G

MemTotal:        4016004 kB
MemFree:          126048 kB
Active:           364996 kB
Mem:          3.8G       3.7G       122M       5.7M        28M       3.2G

MemTotal:        4016004 kB
MemFree:          126048 kB
Active:           365024 kB
Mem:          3.8G       3.7G       122M       5.7M        28M       3.2G

MemTotal:        4016004 kB
MemFree:          126048 kB
Active:           365016 kB
Mem:          3.8G       3.7G       123M       5.7M        28M       3.2G

MemTotal:        4016004 kB
MemFree:          126172 kB
Active:           364988 kB
Mem:          3.8G       3.7G       123M       5.7M        28M       3.2G

MemTotal:        4016004 kB
MemFree:          126172 kB
Active:           365024 kB
Mem:          3.8G       3.7G       122M       5.7M        28M       3.2G

MemTotal:        4016004 kB
MemFree:          125924 kB
Active:           365040 kB
Mem:          3.8G       3.7G       122M       5.7M        29M       3.2G

MemTotal:        4016004 kB
MemFree:          126048 kB
Active:           365020 kB
Mem:          3.8G       3.7G       122M       5.7M        29M       3.2G

MemTotal:        4016004 kB
MemFree:          126172 kB
Active:           365008 kB
Mem:          3.8G       3.7G       123M       5.7M        29M       3.2G

MemTotal:        4016004 kB
MemFree:          126296 kB
Active:           365020 kB
Mem:          3.8G       3.7G       123M       5.7M        29M       3.2G

MemTotal:        4016004 kB
MemFree:          125552 kB
Active:           365056 kB
Mem:          3.8G       3.7G       122M       5.7M        29M       3.2G

MemTotal:        4016004 kB
MemFree:          126048 kB
Active:           365052 kB
Mem:          3.8G       3.7G       122M       5.7M        29M       3.2G

MemTotal:        4016004 kB
MemFree:          125924 kB
Active:           365040 kB
Mem:          3.8G       3.7G       123M       5.7M        29M       3.2G

MemTotal:        4016004 kB
MemFree:          125924 kB
Active:           365064 kB
Mem:          3.8G       3.7G       123M       5.7M        29M       3.2G

MemTotal:        4016004 kB
MemFree:          125924 kB
Active:           365060 kB
Mem:          3.8G       3.7G       123M       5.7M        29M       3.2G

MemTotal:        4016004 kB
MemFree:          126048 kB
Active:           365044 kB
Mem:          3.8G       3.7G       122M       5.7M        29M       3.2G

MemTotal:        4016004 kB
MemFree:          126048 kB
Active:           365012 kB
Mem:          3.8G       3.7G       122M       5.7M        29M       3.2G

MemTotal:        4016004 kB
MemFree:          125800 kB
Active:           365012 kB
Mem:          3.8G       3.7G       122M       5.7M        29M       3.2G

MemTotal:        4016004 kB
MemFree:          125428 kB
Active:           365064 kB
Mem:          3.8G       3.7G       122M       5.7M        29M       3.2G

MemTotal:        4016004 kB
MemFree:          125800 kB
Active:           365048 kB
Mem:          3.8G       3.7G       122M       5.7M        29M       3.2G

MemTotal:        4016004 kB
MemFree:          125924 kB
Active:           365036 kB
Mem:          3.8G       3.7G       122M       5.7M        29M       3.2G

MemTotal:        4016004 kB
MemFree:          125676 kB
Active:           365020 kB
Mem:          3.8G       3.7G       122M       5.7M        29M       3.2G

MemTotal:        4016004 kB
MemFree:          125800 kB
Active:           365064 kB
Mem:          3.8G       3.7G       122M       5.7M        29M       3.2G

MemTotal:        4016004 kB
MemFree:          126580 kB
Active:           364656 kB
Mem:          3.8G       3.7G       123M       5.7M        29M       3.2G

MemTotal:        4016004 kB
MemFree:          126580 kB
Active:           364656 kB
Mem:          3.8G       3.7G       123M       5.7M        29M       3.2G

MemTotal:        4016004 kB
MemFree:          126828 kB
Active:           364652 kB
Mem:          3.8G       3.7G       123M       5.7M        29M       3.2G

MemTotal:        4016004 kB
MemFree:          127032 kB
Active:           364628 kB
Mem:          3.8G       3.7G       124M       5.7M        29M       3.2G

MemTotal:        4016004 kB
MemFree:          127156 kB
Active:           364620 kB
Mem:          3.8G       3.7G       124M       5.7M        29M       3.2G

MemTotal:        4016004 kB
MemFree:          127280 kB
Active:           364628 kB
Mem:          3.8G       3.7G       124M       5.7M        29M       3.2G

MemTotal:        4016004 kB
MemFree:          127156 kB
Active:           364632 kB
Mem:          3.8G       3.7G       124M       5.7M        29M       3.2G

MemTotal:        4016004 kB
MemFree:          127404 kB
Active:           364624 kB
Mem:          3.8G       3.7G       124M       5.7M        29M       3.2G

MemTotal:        4016004 kB
MemFree:          127156 kB
Active:           364648 kB
Mem:          3.8G       3.7G       124M       5.7M        29M       3.2G

MemTotal:        4016004 kB
MemFree:          127156 kB
Active:           364672 kB
Mem:          3.8G       3.7G       124M       5.7M        29M       3.2G

MemTotal:        4016004 kB
MemFree:          127156 kB
Active:           364636 kB
Mem:          3.8G       3.7G       124M       5.7M        29M       3.2G

MemTotal:        4016004 kB
MemFree:          127280 kB
Active:           364644 kB
Mem:          3.8G       3.7G       124M       5.7M        29M       3.2G

MemTotal:        4016004 kB
MemFree:          126908 kB
Active:           364656 kB
Mem:          3.8G       3.7G       124M       5.7M        29M       3.2G

MemTotal:        4016004 kB
MemFree:          127280 kB
Active:           364652 kB
Mem:          3.8G       3.7G       124M       5.7M        29M       3.2G

MemTotal:        4016004 kB
MemFree:          127156 kB
Active:           364648 kB
Mem:          3.8G       3.7G       124M       5.7M        29M       3.2G

MemTotal:        4016004 kB
MemFree:          126784 kB
Active:           364692 kB
Mem:          3.8G       3.7G       123M       5.7M        29M       3.2G

MemTotal:        4016004 kB
MemFree:          126908 kB
Active:           364640 kB
Mem:          3.8G       3.7G       123M       5.7M        29M       3.2G

MemTotal:        4016004 kB
MemFree:          126784 kB
Active:           364648 kB
Mem:          3.8G       3.7G       124M       5.7M        29M       3.2G

MemTotal:        4016004 kB
MemFree:          127652 kB
Active:           364648 kB
Mem:          3.8G       3.7G       124M       5.7M        29M       3.2G

MemTotal:        4016004 kB
MemFree:          127776 kB
Active:           364672 kB
Mem:          3.8G       3.7G       124M       5.7M        29M       3.2G

MemTotal:        4016004 kB
MemFree:          127652 kB
Active:           364672 kB
Mem:          3.8G       3.7G       124M       5.7M        29M       3.2G

MemTotal:        4016004 kB
MemFree:          127900 kB
Active:           364676 kB
Mem:          3.8G       3.7G       125M       5.7M        29M       3.2G

MemTotal:        4016004 kB
MemFree:          128024 kB
Active:           364684 kB
Mem:          3.8G       3.7G       124M       5.7M        29M       3.2G

MemTotal:        4016004 kB
MemFree:          127404 kB
Active:           364708 kB
Mem:          3.8G       3.7G       124M       5.7M        29M       3.2G

MemTotal:        4016004 kB
MemFree:          127776 kB
Active:           364656 kB
Mem:          3.8G       3.7G       124M       5.7M        29M       3.2G

MemTotal:        4016004 kB
MemFree:          127652 kB
Active:           364656 kB
Mem:          3.8G       3.7G       124M       5.7M        29M       3.2G

MemTotal:        4016004 kB
MemFree:          127776 kB
Active:           364704 kB
Mem:          3.8G       3.7G       124M       5.7M        29M       3.2G

MemTotal:        4016004 kB
MemFree:          128024 kB
Active:           364700 kB
Mem:          3.8G       3.7G       124M       5.7M        29M       3.2G

MemTotal:        4016004 kB
MemFree:          128024 kB
Active:           364692 kB
Mem:          3.8G       3.7G       124M       5.7M        29M       3.2G

MemTotal:        4016004 kB
MemFree:          127900 kB
Active:           364696 kB
Mem:          3.8G       3.7G       125M       5.7M        29M       3.2G

MemTotal:        4016004 kB
MemFree:          128024 kB
Active:           364692 kB
Mem:          3.8G       3.7G       125M       5.7M        29M       3.2G

MemTotal:        4016004 kB
MemFree:          128024 kB
Active:           364692 kB
