MemTotal:        4016004 kB
MemFree:         3243448 kB
Active:           417264 kB
Mem:          3.8G       754M       3.1G       5.7M        55M       317M

MemTotal:        4016004 kB
MemFree:         3243536 kB
Active:           417148 kB
Mem:          3.8G       754M       3.1G       5.7M        55M       317M

MemTotal:        4016004 kB
MemFree:         3243436 kB
Active:           417240 kB
Mem:          3.8G       754M       3.1G       5.7M        55M       317M

MemTotal:        4016004 kB
MemFree:         3244040 kB
Active:           417184 kB
Mem:          3.8G       753M       3.1G       5.7M        55M       317M

MemTotal:        4016004 kB
MemFree:         3244024 kB
Active:           417188 kB
Mem:          3.8G       753M       3.1G       5.7M        55M       317M

MemTotal:        4016004 kB
MemFree:         3244008 kB
Active:           417228 kB
Mem:          3.8G       754M       3.1G       5.7M        55M       317M

MemTotal:        4016004 kB
MemFree:         3241788 kB
Active:           417192 kB
Mem:          3.8G       755M       3.1G       5.7M        55M       317M

MemTotal:        4016004 kB
MemFree:         3241524 kB
Active:           419272 kB
Mem:          3.8G       756M       3.1G       5.7M        55M       317M

MemTotal:        4016004 kB
MemFree:         3241912 kB
Active:           419260 kB
Mem:          3.8G       756M       3.1G       5.7M        55M       317M

MemTotal:        4016004 kB
MemFree:         3241912 kB
Active:           419224 kB
Mem:          3.8G       756M       3.1G       5.7M        55M       317M

MemTotal:        4016004 kB
MemFree:         3242036 kB
Active:           419240 kB
Mem:          3.8G       755M       3.1G       5.7M        55M       317M

MemTotal:        4016004 kB
MemFree:         3242036 kB
Active:           419264 kB
Mem:          3.8G       755M       3.1G       5.7M        55M       317M

MemTotal:        4016004 kB
MemFree:         3241664 kB
Active:           419272 kB
Mem:          3.8G       756M       3.1G       5.7M        55M       317M

MemTotal:        4016004 kB
MemFree:         3241912 kB
Active:           419256 kB
Mem:          3.8G       755M       3.1G       5.7M        55M       317M

MemTotal:        4016004 kB
MemFree:         3241912 kB
Active:           419260 kB
Mem:          3.8G       755M       3.1G       5.7M        55M       317M

MemTotal:        4016004 kB
MemFree:         3241912 kB
Active:           419272 kB
Mem:          3.8G       756M       3.1G       5.7M        55M       317M

MemTotal:        4016004 kB
MemFree:         3241368 kB
Active:           417228 kB
Mem:          3.8G       756M       3.1G       5.7M        55M       317M

MemTotal:        4016004 kB
MemFree:         3241600 kB
Active:           419268 kB
Mem:          3.8G       756M       3.1G       5.7M        55M       317M

MemTotal:        4016004 kB
MemFree:         3242052 kB
Active:           419244 kB
Mem:          3.8G       755M       3.1G       5.7M        55M       317M

MemTotal:        4016004 kB
MemFree:         3241680 kB
Active:           419276 kB
Mem:          3.8G       756M       3.1G       5.7M        55M       317M

MemTotal:        4016004 kB
MemFree:         3242052 kB
Active:           419280 kB
Mem:          3.8G       755M       3.1G       5.7M        55M       317M

MemTotal:        4016004 kB
MemFree:         3242052 kB
Active:           419244 kB
Mem:          3.8G       755M       3.1G       5.7M        55M       317M

MemTotal:        4016004 kB
MemFree:         3242052 kB
Active:           419268 kB
Mem:          3.8G       755M       3.1G       5.7M        55M       317M

MemTotal:        4016004 kB
MemFree:         3242036 kB
Active:           419268 kB
Mem:          3.8G       756M       3.1G       5.7M        55M       317M

MemTotal:        4016004 kB
MemFree:         3242020 kB
Active:           419260 kB
Mem:          3.8G       755M       3.1G       5.7M        55M       317M

MemTotal:        4016004 kB
MemFree:         3242128 kB
Active:           419268 kB
Mem:          3.8G       755M       3.1G       5.7M        55M       317M

MemTotal:        4016004 kB
MemFree:         3241368 kB
Active:           419288 kB
Mem:          3.8G       756M       3.1G       5.7M        55M       317M

MemTotal:        4016004 kB
MemFree:         3241648 kB
Active:           419272 kB
Mem:          3.8G       756M       3.1G       5.7M        55M       317M

MemTotal:        4016004 kB
MemFree:         3241772 kB
Active:           419240 kB
Mem:          3.8G       756M       3.1G       5.7M        55M       317M

MemTotal:        4016004 kB
MemFree:         3241772 kB
Active:           419260 kB
Mem:          3.8G       756M       3.1G       5.7M        55M       317M

MemTotal:        4016004 kB
MemFree:         3241648 kB
Active:           419260 kB
Mem:          3.8G       756M       3.1G       5.7M        55M       317M

MemTotal:        4016004 kB
MemFree:         3241648 kB
Active:           419268 kB
Mem:          3.8G       756M       3.1G       5.7M        55M       317M

MemTotal:        4016004 kB
MemFree:         3242144 kB
Active:           419296 kB
Mem:          3.8G       755M       3.1G       5.7M        55M       317M

MemTotal:        4016004 kB
MemFree:         3241648 kB
Active:           419300 kB
Mem:          3.8G       756M       3.1G       5.7M        55M       317M

MemTotal:        4016004 kB
MemFree:         3242020 kB
Active:           419284 kB
Mem:          3.8G       756M       3.1G       5.7M        55M       317M

MemTotal:        4016004 kB
MemFree:         3242128 kB
Active:           419292 kB
Mem:          3.8G       755M       3.1G       5.7M        55M       317M

MemTotal:        4016004 kB
MemFree:         3242236 kB
Active:           419268 kB
Mem:          3.8G       755M       3.1G       5.7M        55M       317M

MemTotal:        4016004 kB
MemFree:         3241804 kB
Active:           419312 kB
Mem:          3.8G       756M       3.1G       5.7M        55M       317M

MemTotal:        4016004 kB
MemFree:         3242052 kB
Active:           419296 kB
Mem:          3.8G       755M       3.1G       5.7M        55M       317M

MemTotal:        4016004 kB
MemFree:         3242176 kB
Active:           419284 kB
Mem:          3.8G       755M       3.1G       5.7M        55M       317M

MemTotal:        4016004 kB
MemFree:         3242176 kB
Active:           419300 kB
Mem:          3.8G       755M       3.1G       5.7M        55M       317M

MemTotal:        4016004 kB
MemFree:         3242176 kB
Active:           419268 kB
Mem:          3.8G       755M       3.1G       5.7M        55M       317M

MemTotal:        4016004 kB
MemFree:         3242036 kB
Active:           419284 kB
Mem:          3.8G       755M       3.1G       5.7M        55M       317M

MemTotal:        4016004 kB
MemFree:         3242020 kB
Active:           419304 kB
Mem:          3.8G       756M       3.1G       5.7M        55M       317M

MemTotal:        4016004 kB
MemFree:         3241260 kB
Active:           419324 kB
Mem:          3.8G       756M       3.1G       5.7M        55M       317M

MemTotal:        4016004 kB
MemFree:         3241492 kB
Active:           419320 kB
Mem:          3.8G       756M       3.1G       5.7M        55M       317M

MemTotal:        4016004 kB
MemFree:         3241492 kB
Active:           419276 kB
Mem:          3.8G       756M       3.1G       5.7M        55M       317M

MemTotal:        4016004 kB
MemFree:         3241524 kB
Active:           419284 kB
Mem:          3.8G       756M       3.1G       5.7M        55M       317M

MemTotal:        4016004 kB
MemFree:         3241648 kB
Active:           419288 kB
Mem:          3.8G       756M       3.1G       5.7M        55M       317M

MemTotal:        4016004 kB
MemFree:         3241524 kB
Active:           419288 kB
Mem:          3.8G       755M       3.1G       5.7M        55M       317M

MemTotal:        4016004 kB
MemFree:         3241648 kB
Active:           419336 kB
Mem:          3.8G       756M       3.1G       5.7M        55M       317M

MemTotal:        4016004 kB
MemFree:         3241896 kB
Active:           419324 kB
Mem:          3.8G       756M       3.1G       5.7M        55M       317M

MemTotal:        4016004 kB
MemFree:         3241772 kB
Active:           419336 kB
Mem:          3.8G       756M       3.1G       5.7M        55M       317M

MemTotal:        4016004 kB
MemFree:         3241772 kB
Active:           419352 kB
Mem:          3.8G       756M       3.1G       5.7M        55M       317M

MemTotal:        4016004 kB
MemFree:         3241756 kB
Active:           419320 kB
Mem:          3.8G       756M       3.1G       5.7M        55M       317M

MemTotal:        4016004 kB
MemFree:         3241616 kB
Active:           419316 kB
Mem:          3.8G       756M       3.1G       5.7M        55M       317M

MemTotal:        4016004 kB
MemFree:         3241680 kB
Active:           419320 kB
Mem:          3.8G       756M       3.1G       5.7M        55M       317M

MemTotal:        4016004 kB
MemFree:         3241308 kB
Active:           419364 kB
Mem:          3.8G       756M       3.1G       5.7M        55M       317M

MemTotal:        4016004 kB
MemFree:         3241556 kB
Active:           419364 kB
Mem:          3.8G       756M       3.1G       5.7M        55M       317M

MemTotal:        4016004 kB
MemFree:         3241680 kB
Active:           419348 kB
Mem:          3.8G       756M       3.1G       5.7M        55M       317M

MemTotal:        4016004 kB
MemFree:         3241664 kB
Active:           419476 kB
Mem:          3.8G       755M       3.1G       5.7M        55M       317M

MemTotal:        4016004 kB
MemFree:         3133388 kB
Active:           419788 kB
Mem:          3.8G       862M       3.0G       5.7M        55M       422M

MemTotal:        4016004 kB
MemFree:         3018664 kB
Active:           419828 kB
Mem:          3.8G       973M       2.9G       5.7M        55M       531M

MemTotal:        4016004 kB
MemFree:         2991904 kB
Active:           419828 kB
Mem:          3.8G       1.0G       2.9G       5.7M        55M       557M

MemTotal:        4016004 kB
MemFree:         2990772 kB
Active:           419812 kB
Mem:          3.8G       1.0G       2.9G       5.7M        55M       558M

MemTotal:        4016004 kB
MemFree:         2911208 kB
Active:           419812 kB
Mem:          3.8G       1.1G       2.8G       5.7M        55M       635M

MemTotal:        4016004 kB
MemFree:         2800128 kB
Active:           419828 kB
Mem:          3.8G       1.2G       2.7G       5.7M        55M       742M

MemTotal:        4016004 kB
MemFree:         2688628 kB
Active:           419836 kB
Mem:          3.8G       1.3G       2.6G       5.7M        55M       849M

MemTotal:        4016004 kB
MemFree:         2686368 kB
Active:           419812 kB
Mem:          3.8G       1.3G       2.6G       5.7M        55M       852M

MemTotal:        4016004 kB
MemFree:         2664620 kB
Active:           419856 kB
Mem:          3.8G       1.3G       2.5G       5.7M        55M       873M

MemTotal:        4016004 kB
MemFree:         2586224 kB
Active:           419848 kB
Mem:          3.8G       1.4G       2.5G       5.7M        55M       948M

MemTotal:        4016004 kB
MemFree:         2585852 kB
Active:           419856 kB
Mem:          3.8G       1.4G       2.5G       5.7M        55M       948M

MemTotal:        4016004 kB
MemFree:         2586044 kB
Active:           419856 kB
Mem:          3.8G       1.4G       2.5G       5.7M        55M       948M

MemTotal:        4016004 kB
MemFree:         2582716 kB
Active:           419884 kB
Mem:          3.8G       1.4G       2.5G       5.7M        55M       950M

MemTotal:        4016004 kB
MemFree:         2542816 kB
Active:           419832 kB
Mem:          3.8G       1.4G       2.4G       5.7M        55M       990M

MemTotal:        4016004 kB
MemFree:         2410284 kB
Active:           419884 kB
Mem:          3.8G       1.5G       2.3G       5.7M        55M       1.1G

MemTotal:        4016004 kB
MemFree:         2283392 kB
Active:           419884 kB
Mem:          3.8G       1.7G       2.2G       5.7M        55M       1.2G

MemTotal:        4016004 kB
MemFree:         2153384 kB
Active:           419888 kB
Mem:          3.8G       1.8G       2.1G       5.7M        55M       1.3G

MemTotal:        4016004 kB
MemFree:         2050908 kB
Active:           419868 kB
Mem:          3.8G       1.9G       2.0G       5.7M        55M       1.4G

MemTotal:        4016004 kB
MemFree:         1923040 kB
Active:           419888 kB
Mem:          3.8G       2.0G       1.8G       5.7M        55M       1.5G

MemTotal:        4016004 kB
MemFree:         1875360 kB
Active:           419888 kB
Mem:          3.8G       2.0G       1.8G       5.7M        55M       1.6G

MemTotal:        4016004 kB
MemFree:         1874148 kB
Active:           419908 kB
Mem:          3.8G       2.0G       1.8G       5.7M        55M       1.6G

MemTotal:        4016004 kB
MemFree:         1873476 kB
Active:           419916 kB
Mem:          3.8G       2.0G       1.8G       5.7M        55M       1.6G

MemTotal:        4016004 kB
MemFree:         1873184 kB
Active:           420020 kB
Mem:          3.8G       2.0G       1.8G       5.7M        55M       1.6G

MemTotal:        4016004 kB
MemFree:         1856008 kB
Active:           419940 kB
Mem:          3.8G       2.1G       1.8G       5.7M        55M       1.6G

MemTotal:        4016004 kB
MemFree:         1854452 kB
Active:           417924 kB
Mem:          3.8G       2.1G       1.8G       5.7M        55M       1.6G

MemTotal:        4016004 kB
MemFree:         1852464 kB
Active:           420020 kB
Mem:          3.8G       2.1G       1.8G       5.7M        55M       1.6G

MemTotal:        4016004 kB
MemFree:         1851384 kB
Active:           419980 kB
Mem:          3.8G       2.1G       1.8G       5.7M        55M       1.6G

MemTotal:        4016004 kB
MemFree:         1849480 kB
Active:           420028 kB
Mem:          3.8G       2.1G       1.8G       5.7M        55M       1.6G

MemTotal:        4016004 kB
MemFree:         1726080 kB
Active:           420032 kB
Mem:          3.8G       2.2G       1.6G       5.7M        55M       1.7G

MemTotal:        4016004 kB
MemFree:         1597824 kB
Active:           420028 kB
Mem:          3.8G       2.3G       1.5G       5.7M        55M       1.9G

MemTotal:        4016004 kB
MemFree:         1500740 kB
Active:           420032 kB
Mem:          3.8G       2.4G       1.4G       5.7M        55M       1.9G

MemTotal:        4016004 kB
MemFree:         1493836 kB
Active:           419984 kB
Mem:          3.8G       2.4G       1.4G       5.7M        55M       2.0G

MemTotal:        4016004 kB
MemFree:         1434764 kB
Active:           420012 kB
Mem:          3.8G       2.5G       1.4G       5.7M        55M       2.0G

MemTotal:        4016004 kB
MemFree:         1377844 kB
Active:           419992 kB
Mem:          3.8G       2.5G       1.3G       5.7M        55M       2.1G

MemTotal:        4016004 kB
MemFree:         1361536 kB
Active:           420052 kB
Mem:          3.8G       2.5G       1.3G       5.7M        55M       2.1G

MemTotal:        4016004 kB
MemFree:         1302088 kB
Active:           420000 kB
Mem:          3.8G       2.6G       1.2G       5.7M        55M       2.1G

MemTotal:        4016004 kB
MemFree:         1300752 kB
Active:           420008 kB
Mem:          3.8G       2.6G       1.2G       5.7M        55M       2.1G

MemTotal:        4016004 kB
MemFree:         1298232 kB
Active:           420076 kB
Mem:          3.8G       2.6G       1.2G       5.7M        55M       2.1G

MemTotal:        4016004 kB
MemFree:         1297304 kB
Active:           420076 kB
Mem:          3.8G       2.6G       1.2G       5.7M        55M       2.1G

MemTotal:        4016004 kB
MemFree:         1229348 kB
Active:           420052 kB
Mem:          3.8G       2.7G       1.2G       5.7M        55M       2.2G

MemTotal:        4016004 kB
MemFree:         1103916 kB
Active:           420076 kB
Mem:          3.8G       2.8G       1.1G       5.7M        55M       2.3G

MemTotal:        4016004 kB
MemFree:          998292 kB
Active:           420080 kB
Mem:          3.8G       2.9G       974M       5.7M        55M       2.4G

MemTotal:        4016004 kB
MemFree:          916416 kB
Active:           420060 kB
Mem:          3.8G       3.0G       893M       5.7M        55M       2.5G

MemTotal:        4016004 kB
MemFree:          810488 kB
Active:           418064 kB
Mem:          3.8G       3.1G       791M       5.7M        55M       2.6G

MemTotal:        4016004 kB
MemFree:          678488 kB
Active:           420112 kB
Mem:          3.8G       3.2G       661M       5.7M        55M       2.7G

MemTotal:        4016004 kB
MemFree:          655252 kB
Active:           420116 kB
Mem:          3.8G       3.2G       639M       5.7M        55M       2.7G

MemTotal:        4016004 kB
MemFree:          652692 kB
Active:           420156 kB
Mem:          3.8G       3.2G       637M       5.7M        55M       2.7G

MemTotal:        4016004 kB
MemFree:          652412 kB
Active:           420168 kB
Mem:          3.8G       3.2G       636M       5.7M        55M       2.7G

MemTotal:        4016004 kB
MemFree:          652260 kB
Active:           420168 kB
Mem:          3.8G       3.2G       636M       5.7M        55M       2.7G

MemTotal:        4016004 kB
MemFree:          602676 kB
Active:           420172 kB
Mem:          3.8G       3.3G       587M       5.7M        55M       2.8G

MemTotal:        4016004 kB
MemFree:          599988 kB
Active:           420172 kB
Mem:          3.8G       3.3G       585M       5.7M        55M       2.8G

MemTotal:        4016004 kB
MemFree:          598920 kB
Active:           420188 kB
Mem:          3.8G       3.3G       584M       5.7M        55M       2.8G

MemTotal:        4016004 kB
MemFree:          596240 kB
Active:           420196 kB
Mem:          3.8G       3.3G       581M       5.7M        55M       2.8G

MemTotal:        4016004 kB
MemFree:          594660 kB
Active:           420140 kB
Mem:          3.8G       3.3G       580M       5.7M        55M       2.8G

MemTotal:        4016004 kB
MemFree:          553880 kB
Active:           420156 kB
Mem:          3.8G       3.3G       540M       5.7M        55M       2.8G

MemTotal:        4016004 kB
MemFree:          426076 kB
Active:           420200 kB
Mem:          3.8G       3.4G       415M       5.7M        55M       3.0G

MemTotal:        4016004 kB
MemFree:          311740 kB
Active:           420200 kB
Mem:          3.8G       3.5G       303M       5.7M        55M       3.1G

MemTotal:        4016004 kB
MemFree:          246248 kB
Active:           420192 kB
Mem:          3.8G       3.6G       240M       5.7M        55M       3.1G

MemTotal:        4016004 kB
MemFree:          193312 kB
Active:           420168 kB
Mem:          3.8G       3.6G       188M       5.7M        55M       3.2G

MemTotal:        4016004 kB
MemFree:          114740 kB
Active:           420228 kB
Mem:          3.8G       3.7G       111M       5.7M        55M       3.2G

MemTotal:        4016004 kB
MemFree:          134448 kB
Active:           416876 kB
Mem:          3.8G       3.7G       129M       5.7M        21M       3.3G

MemTotal:        4016004 kB
MemFree:          126036 kB
Active:           447480 kB
Mem:          3.8G       3.7G       117M       5.7M        20M       3.3G

MemTotal:        4016004 kB
MemFree:          141100 kB
Active:           480668 kB
Mem:          3.8G       3.7G       138M       5.7M        20M       3.3G

MemTotal:        4016004 kB
MemFree:          139940 kB
Active:           478712 kB
Mem:          3.8G       3.7G       136M       5.7M        20M       3.3G

MemTotal:        4016004 kB
MemFree:          139512 kB
Active:           480672 kB
Mem:          3.8G       3.7G       136M       5.7M        20M       3.3G

MemTotal:        4016004 kB
MemFree:          138424 kB
Active:           480740 kB
Mem:          3.8G       3.7G       134M       5.7M        20M       3.3G

MemTotal:        4016004 kB
MemFree:          136892 kB
Active:           480684 kB
Mem:          3.8G       3.7G       133M       5.7M        20M       3.3G

MemTotal:        4016004 kB
MemFree:          136736 kB
Active:           475812 kB
Mem:          3.8G       3.7G       129M       5.7M        20M       3.3G

MemTotal:        4016004 kB
MemFree:          132744 kB
Active:           436700 kB
Mem:          3.8G       3.7G       129M       5.7M        20M       3.3G

MemTotal:        4016004 kB
MemFree:          127436 kB
Active:           434780 kB
Mem:          3.8G       3.7G       124M       5.7M        20M       3.3G

MemTotal:        4016004 kB
MemFree:          129828 kB
Active:           430012 kB
Mem:          3.8G       3.7G       127M       5.7M        20M       3.3G

MemTotal:        4016004 kB
MemFree:          127768 kB
Active:           428872 kB
Mem:          3.8G       3.7G       125M       5.7M        20M       3.3G

MemTotal:        4016004 kB
MemFree:          126688 kB
Active:           428884 kB
Mem:          3.8G       3.7G       123M       5.7M        20M       3.3G

MemTotal:        4016004 kB
MemFree:          126068 kB
Active:           428844 kB
Mem:          3.8G       3.7G       123M       5.7M        20M       3.3G

MemTotal:        4016004 kB
MemFree:          126624 kB
Active:           428864 kB
Mem:          3.8G       3.7G       123M       5.7M        20M       3.3G

MemTotal:        4016004 kB
MemFree:          126596 kB
Active:           428900 kB
Mem:          3.8G       3.7G       123M       5.7M        20M       3.3G

MemTotal:        4016004 kB
MemFree:          126228 kB
Active:           426856 kB
Mem:          3.8G       3.7G       123M       5.7M        20M       3.3G

MemTotal:        4016004 kB
MemFree:          106900 kB
Active:           424424 kB
Mem:          3.8G       3.7G       104M       5.7M        20M       3.3G

MemTotal:        4016004 kB
MemFree:          126064 kB
Active:           419564 kB
Mem:          3.8G       3.7G       123M       5.7M        20M       3.3G

MemTotal:        4016004 kB
MemFree:          126160 kB
Active:           416752 kB
Mem:          3.8G       3.7G       122M       5.7M        20M       3.3G

MemTotal:        4016004 kB
MemFree:          120404 kB
Active:           415988 kB
Mem:          3.8G       3.7G       117M       5.7M        20M       3.3G

MemTotal:        4016004 kB
MemFree:          141016 kB
Active:           413300 kB
Mem:          3.8G       3.7G       137M       5.7M        20M       3.3G

MemTotal:        4016004 kB
MemFree:          129196 kB
Active:           412416 kB
Mem:          3.8G       3.7G       125M       5.7M        20M       3.3G

MemTotal:        4016004 kB
MemFree:          125380 kB
Active:           409244 kB
Mem:          3.8G       3.7G       122M       5.7M        20M       3.3G

MemTotal:        4016004 kB
MemFree:          119880 kB
Active:           408104 kB
Mem:          3.8G       3.7G       116M       5.7M        20M       3.3G

MemTotal:        4016004 kB
MemFree:          118932 kB
Active:           408116 kB
Mem:          3.8G       3.7G       116M       5.7M        20M       3.3G

MemTotal:        4016004 kB
MemFree:          117156 kB
Active:           408116 kB
Mem:          3.8G       3.7G       114M       5.7M        20M       3.3G

MemTotal:        4016004 kB
MemFree:          116184 kB
Active:           408116 kB
Mem:          3.8G       3.7G       113M       5.7M        20M       3.3G

MemTotal:        4016004 kB
MemFree:          128012 kB
Active:           406964 kB
Mem:          3.8G       3.7G       125M       5.7M        20M       3.3G

MemTotal:        4016004 kB
MemFree:          126148 kB
Active:           405700 kB
Mem:          3.8G       3.7G       123M       5.7M        20M       3.3G

MemTotal:        4016004 kB
MemFree:          119544 kB
Active:           402244 kB
Mem:          3.8G       3.7G       116M       5.7M        20M       3.3G

MemTotal:        4016004 kB
MemFree:          139620 kB
Active:           397512 kB
Mem:          3.8G       3.7G       135M       5.7M        20M       3.3G

MemTotal:        4016004 kB
MemFree:          136940 kB
Active:           396364 kB
Mem:          3.8G       3.7G       133M       5.7M        20M       3.3G

MemTotal:        4016004 kB
MemFree:          138080 kB
Active:           393040 kB
Mem:          3.8G       3.7G       134M       5.7M        20M       3.3G

MemTotal:        4016004 kB
MemFree:          150188 kB
Active:           388956 kB
Mem:          3.8G       3.7G       146M       5.7M        20M       3.2G

MemTotal:        4016004 kB
MemFree:          147920 kB
Active:           388960 kB
Mem:          3.8G       3.7G       144M       5.7M        20M       3.2G

MemTotal:        4016004 kB
MemFree:          128348 kB
Active:           388924 kB
Mem:          3.8G       3.7G       125M       5.7M        20M       3.3G

MemTotal:        4016004 kB
MemFree:          117580 kB
Active:           388920 kB
Mem:          3.8G       3.7G       114M       5.7M        20M       3.3G

MemTotal:        4016004 kB
MemFree:          115824 kB
Active:           388976 kB
Mem:          3.8G       3.7G       113M       5.7M        20M       3.3G

MemTotal:        4016004 kB
MemFree:          114968 kB
Active:           388976 kB
Mem:          3.8G       3.7G       111M       5.7M        20M       3.3G

MemTotal:        4016004 kB
MemFree:          115004 kB
Active:           388956 kB
Mem:          3.8G       3.7G       112M       5.7M        20M       3.3G

MemTotal:        4016004 kB
MemFree:          130412 kB
Active:           386168 kB
Mem:          3.8G       3.7G       126M       5.7M        20M       3.3G

MemTotal:        4016004 kB
MemFree:          138892 kB
Active:           382456 kB
Mem:          3.8G       3.7G       135M       5.7M        20M       3.3G

MemTotal:        4016004 kB
MemFree:          124484 kB
Active:           379388 kB
Mem:          3.8G       3.7G       121M       5.7M        20M       3.3G

MemTotal:        4016004 kB
MemFree:          129088 kB
Active:           374600 kB
Mem:          3.8G       3.7G       125M       5.7M        20M       3.3G

MemTotal:        4016004 kB
MemFree:          131600 kB
Active:           373452 kB
Mem:          3.8G       3.7G       127M       5.7M        20M       3.3G

MemTotal:        4016004 kB
MemFree:          127040 kB
Active:           371668 kB
Mem:          3.8G       3.7G       123M       5.7M        20M       3.3G

MemTotal:        4016004 kB
MemFree:          114412 kB
Active:           371492 kB
Mem:          3.8G       3.7G       111M       5.7M        20M       3.3G

MemTotal:        4016004 kB
MemFree:          142352 kB
Active:           370264 kB
Mem:          3.8G       3.7G       139M       5.7M        20M       3.3G

MemTotal:        4016004 kB
MemFree:          140196 kB
Active:           370272 kB
Mem:          3.8G       3.7G       136M       5.7M        20M       3.3G

MemTotal:        4016004 kB
MemFree:          138328 kB
Active:           370300 kB
Mem:          3.8G       3.7G       135M       5.7M        20M       3.3G

MemTotal:        4016004 kB
MemFree:          137836 kB
Active:           372352 kB
Mem:          3.8G       3.7G       134M       5.7M        20M       3.3G

MemTotal:        4016004 kB
MemFree:          138524 kB
Active:           369536 kB
Mem:          3.8G       3.7G       135M       5.7M        20M       3.3G

MemTotal:        4016004 kB
MemFree:          131872 kB
Active:           366084 kB
Mem:          3.8G       3.7G       128M       5.7M        20M       3.3G

MemTotal:        4016004 kB
MemFree:          137536 kB
Active:           364808 kB
Mem:          3.8G       3.7G       134M       5.7M        20M       3.3G

MemTotal:        4016004 kB
MemFree:          117316 kB
Active:           364816 kB
Mem:          3.8G       3.7G       114M       5.7M        20M       3.3G

MemTotal:        4016004 kB
MemFree:          127144 kB
Active:           364712 kB
Mem:          3.8G       3.7G       123M       5.7M        20M       3.3G

MemTotal:        4016004 kB
MemFree:          124116 kB
Active:           364584 kB
Mem:          3.8G       3.7G       121M       5.7M        20M       3.3G

MemTotal:        4016004 kB
MemFree:          116524 kB
Active:           361608 kB
Mem:          3.8G       3.7G       113M       5.7M        20M       3.3G

MemTotal:        4016004 kB
MemFree:          138248 kB
Active:           361484 kB
Mem:          3.8G       3.7G       134M       5.7M        20M       3.3G

MemTotal:        4016004 kB
MemFree:          126228 kB
Active:           360124 kB
Mem:          3.8G       3.7G       123M       5.7M        20M       3.3G

MemTotal:        4016004 kB
MemFree:          125440 kB
Active:           362184 kB
Mem:          3.8G       3.7G       122M       5.7M        20M       3.3G

MemTotal:        4016004 kB
MemFree:          124480 kB
Active:           362192 kB
Mem:          3.8G       3.7G       121M       5.7M        20M       3.3G

MemTotal:        4016004 kB
MemFree:          104720 kB
Active:           362176 kB
Mem:          3.8G       3.7G       110M       5.7M        20M       3.3G

MemTotal:        4016004 kB
MemFree:          129616 kB
Active:           361552 kB
Mem:          3.8G       3.7G       126M       5.7M        20M       3.3G

MemTotal:        4016004 kB
MemFree:          122484 kB
Active:           361468 kB
Mem:          3.8G       3.7G       118M       5.7M        20M       3.3G

MemTotal:        4016004 kB
MemFree:          133252 kB
Active:           361472 kB
Mem:          3.8G       3.7G       130M       5.7M        20M       3.3G

MemTotal:        4016004 kB
MemFree:          137672 kB
Active:           361472 kB
Mem:          3.8G       3.7G       134M       5.7M        20M       3.3G

MemTotal:        4016004 kB
MemFree:          136720 kB
Active:           361412 kB
Mem:          3.8G       3.7G       133M       5.7M        20M       3.3G

MemTotal:        4016004 kB
MemFree:          131900 kB
Active:           361388 kB
Mem:          3.8G       3.7G       128M       5.7M        20M       3.3G

MemTotal:        4016004 kB
MemFree:          133872 kB
Active:           362412 kB
Mem:          3.8G       3.7G       130M       5.7M        20M       3.3G

MemTotal:        4016004 kB
MemFree:          134888 kB
Active:           362424 kB
Mem:          3.8G       3.7G       131M       5.7M        20M       3.3G

MemTotal:        4016004 kB
MemFree:          127900 kB
Active:           362424 kB
Mem:          3.8G       3.7G       124M       5.7M        20M       3.3G

MemTotal:        4016004 kB
MemFree:          124532 kB
Active:           362440 kB
Mem:          3.8G       3.7G       121M       5.7M        20M       3.3G

MemTotal:        4016004 kB
MemFree:          123496 kB
Active:           362444 kB
Mem:          3.8G       3.7G       120M       5.7M        20M       3.3G

MemTotal:        4016004 kB
MemFree:          122708 kB
Active:           362444 kB
Mem:          3.8G       3.7G       119M       5.7M        20M       3.3G

MemTotal:        4016004 kB
MemFree:          119584 kB
Active:           362448 kB
Mem:          3.8G       3.7G       116M       5.7M        20M       3.3G

MemTotal:        4016004 kB
MemFree:          130388 kB
Active:           361760 kB
Mem:          3.8G       3.7G       127M       5.7M        20M       3.3G

MemTotal:        4016004 kB
MemFree:          124384 kB
Active:           361668 kB
Mem:          3.8G       3.7G       121M       5.7M        20M       3.3G

MemTotal:        4016004 kB
MemFree:          136168 kB
Active:           361676 kB
Mem:          3.8G       3.7G       132M       5.7M        20M       3.3G

MemTotal:        4016004 kB
MemFree:          132164 kB
Active:           361692 kB
Mem:          3.8G       3.7G       129M       5.7M        20M       3.3G

MemTotal:        4016004 kB
MemFree:          123676 kB
Active:           359208 kB
Mem:          3.8G       3.7G       121M       5.7M        20M       3.3G

MemTotal:        4016004 kB
MemFree:          135972 kB
Active:           359204 kB
Mem:          3.8G       3.7G       132M       5.7M        20M       3.3G

MemTotal:        4016004 kB
MemFree:          105204 kB
Active:           359264 kB
Mem:          3.8G       3.7G       102M       5.7M        20M       3.3G

MemTotal:        4016004 kB
MemFree:          126604 kB
Active:           359176 kB
Mem:          3.8G       3.7G       123M       5.7M        20M       3.3G

MemTotal:        4016004 kB
MemFree:          126052 kB
Active:           359188 kB
Mem:          3.8G       3.7G       123M       5.7M        20M       3.3G

MemTotal:        4016004 kB
MemFree:          125748 kB
Active:           359152 kB
Mem:          3.8G       3.7G       122M       5.7M        20M       3.3G

MemTotal:        4016004 kB
MemFree:          122140 kB
Active:           359204 kB
Mem:          3.8G       3.7G       119M       5.7M        20M       3.3G

MemTotal:        4016004 kB
MemFree:          113344 kB
Active:           359256 kB
Mem:          3.8G       3.7G       110M       5.7M        20M       3.3G

MemTotal:        4016004 kB
MemFree:          125492 kB
Active:           359636 kB
Mem:          3.8G       3.7G       121M       5.7M        20M       3.3G

MemTotal:        4016004 kB
MemFree:          123024 kB
Active:           359372 kB
Mem:          3.8G       3.7G       120M       5.7M        20M       3.3G

MemTotal:        4016004 kB
MemFree:          133076 kB
Active:           359460 kB
Mem:          3.8G       3.7G       129M       5.7M        20M       3.3G

MemTotal:        4016004 kB
MemFree:          143984 kB
Active:           359316 kB
Mem:          3.8G       3.7G       140M       5.7M        20M       3.2G

MemTotal:        4016004 kB
MemFree:          137684 kB
Active:           359412 kB
Mem:          3.8G       3.7G       134M       5.7M        20M       3.3G

MemTotal:        4016004 kB
MemFree:          126512 kB
Active:           359408 kB
Mem:          3.8G       3.7G       122M       5.7M        20M       3.3G

MemTotal:        4016004 kB
MemFree:          131196 kB
Active:           359388 kB
Mem:          3.8G       3.7G       128M       5.7M        20M       3.3G

MemTotal:        4016004 kB
MemFree:          128612 kB
Active:           359404 kB
Mem:          3.8G       3.7G       125M       5.7M        20M       3.3G

MemTotal:        4016004 kB
MemFree:          127860 kB
Active:           359392 kB
Mem:          3.8G       3.7G       124M       5.7M        20M       3.3G

MemTotal:        4016004 kB
MemFree:          126500 kB
Active:           359416 kB
Mem:          3.8G       3.7G       123M       5.7M        20M       3.3G

MemTotal:        4016004 kB
MemFree:          132124 kB
Active:           360636 kB
Mem:          3.8G       3.7G       128M       5.7M        20M       3.3G

MemTotal:        4016004 kB
MemFree:          135716 kB
Active:           359244 kB
Mem:          3.8G       3.7G       132M       5.7M        22M       3.2G

MemTotal:        4016004 kB
MemFree:          125760 kB
Active:           365560 kB
Mem:          3.8G       3.7G       122M       5.7M        28M       3.3G

MemTotal:        4016004 kB
MemFree:          145580 kB
Active:           365560 kB
Mem:          3.8G       3.7G       141M       5.7M        28M       3.2G

MemTotal:        4016004 kB
MemFree:          105252 kB
Active:           364796 kB
Mem:          3.8G       3.7G       123M       5.7M        28M       3.2G

MemTotal:        4016004 kB
MemFree:          132828 kB
Active:           364796 kB
Mem:          3.8G       3.7G       129M       5.7M        28M       3.2G

MemTotal:        4016004 kB
MemFree:          149524 kB
Active:           364796 kB
Mem:          3.8G       3.7G       146M       5.7M        28M       3.2G

MemTotal:        4016004 kB
MemFree:          148104 kB
Active:           363988 kB
Mem:          3.8G       3.7G       144M       5.7M        28M       3.2G

MemTotal:        4016004 kB
MemFree:          146908 kB
Active:           363988 kB
Mem:          3.8G       3.7G       143M       5.7M        28M       3.2G

MemTotal:        4016004 kB
MemFree:          145940 kB
Active:           363988 kB
Mem:          3.8G       3.7G       142M       5.7M        28M       3.2G

MemTotal:        4016004 kB
MemFree:          144956 kB
Active:           364000 kB
Mem:          3.8G       3.7G       141M       5.7M        28M       3.2G

MemTotal:        4016004 kB
MemFree:          143732 kB
Active:           364000 kB
Mem:          3.8G       3.7G       140M       5.7M        28M       3.2G

MemTotal:        4016004 kB
MemFree:          143416 kB
Active:           364008 kB
Mem:          3.8G       3.7G       140M       5.7M        28M       3.2G

MemTotal:        4016004 kB
MemFree:          143592 kB
Active:           364000 kB
Mem:          3.8G       3.7G       140M       5.7M        28M       3.2G

MemTotal:        4016004 kB
MemFree:          142948 kB
Active:           363960 kB
Mem:          3.8G       3.7G       139M       5.7M        28M       3.2G

MemTotal:        4016004 kB
MemFree:          142020 kB
Active:           359508 kB
Mem:          3.8G       3.7G       138M       5.7M        28M       3.2G

MemTotal:        4016004 kB
MemFree:          119396 kB
Active:           359508 kB
Mem:          3.8G       3.7G       116M       5.7M        28M       3.3G

MemTotal:        4016004 kB
MemFree:          132856 kB
Active:           359512 kB
Mem:          3.8G       3.7G       129M       5.7M        28M       3.2G

MemTotal:        4016004 kB
MemFree:          134900 kB
Active:           359520 kB
Mem:          3.8G       3.7G       131M       5.7M        28M       3.2G

MemTotal:        4016004 kB
MemFree:          153108 kB
Active:           356912 kB
Mem:          3.8G       3.7G       149M       5.7M        28M       3.2G

MemTotal:        4016004 kB
MemFree:          139052 kB
Active:           356912 kB
Mem:          3.8G       3.7G       135M       5.7M        28M       3.2G

MemTotal:        4016004 kB
MemFree:          129840 kB
Active:           356888 kB
Mem:          3.8G       3.7G       126M       5.7M        28M       3.2G

MemTotal:        4016004 kB
MemFree:          134096 kB
Active:           356912 kB
Mem:          3.8G       3.7G       131M       5.7M        28M       3.2G

MemTotal:        4016004 kB
MemFree:          127640 kB
Active:           356920 kB
Mem:          3.8G       3.7G       124M       5.7M        28M       3.2G

MemTotal:        4016004 kB
MemFree:          125360 kB
Active:           356936 kB
Mem:          3.8G       3.7G       121M       5.7M        28M       3.2G

MemTotal:        4016004 kB
MemFree:          124368 kB
Active:           356900 kB
Mem:          3.8G       3.7G       121M       5.7M        28M       3.3G

MemTotal:        4016004 kB
MemFree:          123488 kB
Active:           356904 kB
Mem:          3.8G       3.7G       120M       5.7M        28M       3.3G

MemTotal:        4016004 kB
MemFree:          129520 kB
Active:           356944 kB
Mem:          3.8G       3.7G       126M       5.7M        28M       3.2G

MemTotal:        4016004 kB
MemFree:          130844 kB
Active:           356900 kB
Mem:          3.8G       3.7G       127M       5.7M        28M       3.2G

MemTotal:        4016004 kB
MemFree:          115052 kB
Active:           356916 kB
Mem:          3.8G       3.7G       111M       5.7M        28M       3.3G

MemTotal:        4016004 kB
MemFree:          121236 kB
Active:           354112 kB
Mem:          3.8G       3.7G       118M       5.7M        28M       3.3G

MemTotal:        4016004 kB
MemFree:          143924 kB
Active:           354140 kB
Mem:          3.8G       3.7G       140M       5.7M        28M       3.2G

MemTotal:        4016004 kB
MemFree:          145680 kB
Active:           354148 kB
Mem:          3.8G       3.7G       142M       5.7M        28M       3.2G

MemTotal:        4016004 kB
MemFree:          130360 kB
Active:           354160 kB
Mem:          3.8G       3.7G       127M       5.7M        28M       3.2G

MemTotal:        4016004 kB
MemFree:          130928 kB
Active:           354160 kB
Mem:          3.8G       3.7G       127M       5.7M        28M       3.2G

MemTotal:        4016004 kB
MemFree:          108676 kB
Active:           354160 kB
Mem:          3.8G       3.7G       105M       5.7M        28M       3.3G

MemTotal:        4016004 kB
MemFree:          144824 kB
Active:           354168 kB
Mem:          3.8G       3.7G       141M       5.7M        28M       3.2G

MemTotal:        4016004 kB
MemFree:          145116 kB
Active:           354180 kB
Mem:          3.8G       3.7G       141M       5.7M        28M       3.2G

MemTotal:        4016004 kB
MemFree:          142380 kB
Active:           354184 kB
Mem:          3.8G       3.7G       139M       5.7M        28M       3.2G

MemTotal:        4016004 kB
MemFree:          141548 kB
Active:           354156 kB
Mem:          3.8G       3.7G       138M       5.7M        28M       3.2G

MemTotal:        4016004 kB
MemFree:          136564 kB
Active:           354180 kB
Mem:          3.8G       3.7G       133M       5.7M        28M       3.2G

MemTotal:        4016004 kB
MemFree:          125516 kB
Active:           354176 kB
Mem:          3.8G       3.7G       122M       5.7M        28M       3.2G

MemTotal:        4016004 kB
MemFree:          123012 kB
Active:           351364 kB
Mem:          3.8G       3.7G       119M       5.7M        28M       3.3G

MemTotal:        4016004 kB
MemFree:          130044 kB
Active:           351388 kB
Mem:          3.8G       3.7G       126M       5.7M        28M       3.2G

MemTotal:        4016004 kB
MemFree:          126120 kB
Active:           351388 kB
Mem:          3.8G       3.7G       123M       5.7M        28M       3.2G

MemTotal:        4016004 kB
MemFree:          132844 kB
Active:           351388 kB
Mem:          3.8G       3.7G       130M       5.7M        28M       3.2G

MemTotal:        4016004 kB
MemFree:          116760 kB
Active:           351340 kB
Mem:          3.8G       3.7G       113M       5.7M        28M       3.3G

MemTotal:        4016004 kB
MemFree:          137528 kB
Active:           351396 kB
Mem:          3.8G       3.7G       134M       5.7M        28M       3.2G

MemTotal:        4016004 kB
MemFree:          106044 kB
Active:           351396 kB
Mem:          3.8G       3.7G       103M       5.7M        28M       3.3G

MemTotal:        4016004 kB
MemFree:          102944 kB
Active:           351384 kB
Mem:          3.8G       3.7G       104M       5.7M        28M       3.3G

MemTotal:        4016004 kB
MemFree:          151236 kB
Active:           352804 kB
Mem:          3.8G       3.7G       147M       5.7M        28M       3.2G

MemTotal:        4016004 kB
MemFree:          149568 kB
Active:           352776 kB
Mem:          3.8G       3.7G       145M       5.7M        28M       3.2G

MemTotal:        4016004 kB
MemFree:          107844 kB
Active:           352776 kB
Mem:          3.8G       3.7G       104M       5.7M        28M       3.3G

MemTotal:        4016004 kB
MemFree:          138824 kB
Active:           348940 kB
Mem:          3.8G       3.7G       135M       5.7M        28M       3.2G

MemTotal:        4016004 kB
MemFree:          123560 kB
Active:           348920 kB
Mem:          3.8G       3.7G       120M       5.7M        28M       3.2G

MemTotal:        4016004 kB
MemFree:          129228 kB
Active:           348948 kB
Mem:          3.8G       3.7G       125M       5.7M        28M       3.2G

MemTotal:        4016004 kB
MemFree:          139080 kB
Active:           348928 kB
Mem:          3.8G       3.7G       135M       5.7M        28M       3.2G

MemTotal:        4016004 kB
MemFree:          125460 kB
Active:           348932 kB
Mem:          3.8G       3.7G       122M       5.7M        28M       3.2G

MemTotal:        4016004 kB
MemFree:          135756 kB
Active:           348956 kB
Mem:          3.8G       3.7G       132M       5.7M        28M       3.2G

MemTotal:        4016004 kB
MemFree:          128000 kB
Active:           348960 kB
Mem:          3.8G       3.7G       125M       5.7M        28M       3.2G

MemTotal:        4016004 kB
MemFree:          128016 kB
Active:           348936 kB
Mem:          3.8G       3.7G       124M       5.7M        28M       3.2G

MemTotal:        4016004 kB
MemFree:          127180 kB
Active:           348984 kB
Mem:          3.8G       3.7G       124M       5.7M        28M       3.2G

MemTotal:        4016004 kB
MemFree:          126224 kB
Active:           348988 kB
Mem:          3.8G       3.7G       123M       5.7M        28M       3.2G

MemTotal:        4016004 kB
MemFree:          121252 kB
Active:           348988 kB
Mem:          3.8G       3.7G       118M       5.7M        28M       3.2G

MemTotal:        4016004 kB
MemFree:          124304 kB
Active:           348992 kB
Mem:          3.8G       3.7G       121M       5.7M        28M       3.2G

MemTotal:        4016004 kB
MemFree:          121172 kB
Active:           348992 kB
Mem:          3.8G       3.7G       117M       5.7M        28M       3.2G

MemTotal:        4016004 kB
MemFree:          131736 kB
Active:           348788 kB
Mem:          3.8G       3.7G       128M       5.7M        28M       3.2G

MemTotal:        4016004 kB
MemFree:          133688 kB
Active:           348848 kB
Mem:          3.8G       3.7G       130M       5.7M        28M       3.2G

MemTotal:        4016004 kB
MemFree:          149484 kB
Active:           348820 kB
Mem:          3.8G       3.7G       145M       5.7M        28M       3.2G

MemTotal:        4016004 kB
MemFree:          130124 kB
Active:           348708 kB
Mem:          3.8G       3.7G       127M       5.7M        28M       3.2G

MemTotal:        4016004 kB
MemFree:          130468 kB
Active:           348520 kB
Mem:          3.8G       3.7G       127M       5.7M        28M       3.2G

MemTotal:        4016004 kB
MemFree:          130592 kB
Active:           348524 kB
Mem:          3.8G       3.7G       127M       5.7M        28M       3.2G

MemTotal:        4016004 kB
MemFree:          130220 kB
Active:           348552 kB
Mem:          3.8G       3.7G       126M       5.7M        28M       3.2G

MemTotal:        4016004 kB
MemFree:          130220 kB
Active:           348556 kB
Mem:          3.8G       3.7G       126M       5.7M        28M       3.2G

MemTotal:        4016004 kB
MemFree:          129656 kB
Active:           348524 kB
Mem:          3.8G       3.7G       126M       5.7M        28M       3.2G

MemTotal:        4016004 kB
MemFree:          129124 kB
Active:           348584 kB
Mem:          3.8G       3.7G       126M       5.7M        28M       3.2G

MemTotal:        4016004 kB
MemFree:          129560 kB
Active:           348580 kB
Mem:          3.8G       3.7G       126M       5.7M        28M       3.2G

MemTotal:        4016004 kB
MemFree:          129972 kB
Active:           348536 kB
Mem:          3.8G       3.7G       126M       5.7M        28M       3.2G

MemTotal:        4016004 kB
MemFree:          129352 kB
Active:           348584 kB
Mem:          3.8G       3.7G       126M       5.7M        28M       3.2G

MemTotal:        4016004 kB
MemFree:          129724 kB
Active:           348532 kB
Mem:          3.8G       3.7G       126M       5.7M        28M       3.2G

MemTotal:        4016004 kB
MemFree:          129848 kB
Active:           348548 kB
Mem:          3.8G       3.7G       126M       5.7M        28M       3.2G

MemTotal:        4016004 kB
MemFree:          129476 kB
Active:           348580 kB
Mem:          3.8G       3.7G       126M       5.7M        28M       3.2G

MemTotal:        4016004 kB
MemFree:          129972 kB
Active:           348540 kB
Mem:          3.8G       3.7G       126M       5.7M        28M       3.2G

MemTotal:        4016004 kB
MemFree:          129972 kB
Active:           348584 kB
Mem:          3.8G       3.7G       126M       5.7M        28M       3.2G

MemTotal:        4016004 kB
MemFree:          129848 kB
Active:           348584 kB
Mem:          3.8G       3.7G       126M       5.7M        28M       3.2G

MemTotal:        4016004 kB
MemFree:          129600 kB
Active:           348600 kB
Mem:          3.8G       3.7G       126M       5.7M        28M       3.2G

MemTotal:        4016004 kB
MemFree:          129848 kB
Active:           348548 kB
Mem:          3.8G       3.7G       126M       5.7M        28M       3.2G

MemTotal:        4016004 kB
MemFree:          129972 kB
Active:           348556 kB
Mem:          3.8G       3.7G       126M       5.7M        28M       3.2G

MemTotal:        4016004 kB
MemFree:          129972 kB
Active:           348568 kB
Mem:          3.8G       3.7G       126M       5.7M        28M       3.2G

MemTotal:        4016004 kB
MemFree:          130096 kB
Active:           348556 kB
Mem:          3.8G       3.7G       126M       5.7M        28M       3.2G

MemTotal:        4016004 kB
MemFree:          129972 kB
Active:           348600 kB
Mem:          3.8G       3.7G       126M       5.7M        28M       3.2G

MemTotal:        4016004 kB
MemFree:          130096 kB
Active:           348584 kB
Mem:          3.8G       3.7G       126M       5.7M        28M       3.2G

MemTotal:        4016004 kB
MemFree:          129972 kB
Active:           348604 kB
Mem:          3.8G       3.7G       126M       5.7M        28M       3.2G

MemTotal:        4016004 kB
MemFree:          129476 kB
Active:           348612 kB
Mem:          3.8G       3.7G       126M       5.7M        28M       3.2G

MemTotal:        4016004 kB
MemFree:          129972 kB
Active:           348600 kB
Mem:          3.8G       3.7G       126M       5.7M        28M       3.2G

MemTotal:        4016004 kB
MemFree:          129972 kB
Active:           348596 kB
Mem:          3.8G       3.7G       126M       5.7M        28M       3.2G

MemTotal:        4016004 kB
MemFree:          129724 kB
Active:           348632 kB
Mem:          3.8G       3.7G       126M       5.7M        28M       3.2G

MemTotal:        4016004 kB
MemFree:          129600 kB
Active:           348620 kB
Mem:          3.8G       3.7G       126M       5.7M        28M       3.2G

MemTotal:        4016004 kB
MemFree:          129228 kB
Active:           348632 kB
Mem:          3.8G       3.7G       126M       5.7M        28M       3.2G

MemTotal:        4016004 kB
MemFree:          129600 kB
Active:           348616 kB
Mem:          3.8G       3.7G       126M       5.7M        28M       3.2G

MemTotal:        4016004 kB
MemFree:          129848 kB
Active:           348608 kB
Mem:          3.8G       3.7G       126M       5.7M        28M       3.2G

MemTotal:        4016004 kB
MemFree:          129740 kB
Active:           348752 kB
Mem:          3.8G       3.7G       126M       5.7M        28M       3.2G

MemTotal:        4016004 kB
MemFree:          129476 kB
Active:           348648 kB
Mem:          3.8G       3.7G       126M       5.7M        28M       3.2G

MemTotal:        4016004 kB
MemFree:          129352 kB
Active:           348648 kB
Mem:          3.8G       3.7G       126M       5.7M        28M       3.2G

MemTotal:        4016004 kB
MemFree:          129848 kB
Active:           348592 kB
Mem:          3.8G       3.7G       126M       5.7M        28M       3.2G

MemTotal:        4016004 kB
MemFree:          129352 kB
Active:           348656 kB
Mem:          3.8G       3.7G       126M       5.7M        28M       3.2G

MemTotal:        4016004 kB
MemFree:          129352 kB
Active:           348656 kB
Mem:          3.8G       3.7G       126M       5.7M        28M       3.2G

MemTotal:        4016004 kB
MemFree:          128980 kB
Active:           348656 kB
Mem:          3.8G       3.7G       125M       5.7M        28M       3.2G

MemTotal:        4016004 kB
MemFree:          129352 kB
Active:           348632 kB
Mem:          3.8G       3.7G       126M       5.7M        28M       3.2G

MemTotal:        4016004 kB
MemFree:          129352 kB
Active:           348636 kB
Mem:          3.8G       3.7G       126M       5.7M        28M       3.2G

MemTotal:        4016004 kB
MemFree:          128856 kB
Active:           348664 kB
Mem:          3.8G       3.7G       125M       5.7M        28M       3.2G

MemTotal:        4016004 kB
MemFree:          129104 kB
Active:           348636 kB
Mem:          3.8G       3.7G       126M       5.7M        28M       3.2G

MemTotal:        4016004 kB
MemFree:          129228 kB
Active:           348636 kB
Mem:          3.8G       3.7G       126M       5.7M        28M       3.2G

MemTotal:        4016004 kB
MemFree:          128980 kB
Active:           348680 kB
Mem:          3.8G       3.7G       125M       5.7M        28M       3.2G

MemTotal:        4016004 kB
MemFree:          129352 kB
Active:           348664 kB
Mem:          3.8G       3.7G       126M       5.7M        28M       3.2G

MemTotal:        4016004 kB
MemFree:          129476 kB
Active:           348676 kB
Mem:          3.8G       3.7G       126M       5.7M        28M       3.2G

MemTotal:        4016004 kB
MemFree:          129352 kB
Active:           348680 kB
Mem:          3.8G       3.7G       126M       5.7M        28M       3.2G

MemTotal:        4016004 kB
MemFree:          129600 kB
Active:           348668 kB
Mem:          3.8G       3.7G       126M       5.7M        28M       3.2G

MemTotal:        4016004 kB
MemFree:          129600 kB
Active:           348676 kB
Mem:          3.8G       3.7G       126M       5.7M        28M       3.2G

MemTotal:        4016004 kB
MemFree:          129352 kB
Active:           348688 kB
Mem:          3.8G       3.7G       126M       5.7M        28M       3.2G

MemTotal:        4016004 kB
MemFree:          129724 kB
Active:           348636 kB
Mem:          3.8G       3.7G       126M       5.7M        28M       3.2G

MemTotal:        4016004 kB
MemFree:          129724 kB
Active:           348636 kB
Mem:          3.8G       3.7G       126M       5.7M        28M       3.2G

MemTotal:        4016004 kB
MemFree:          129600 kB
Active:           348640 kB
Mem:          3.8G       3.7G       126M       5.7M        28M       3.2G

MemTotal:        4016004 kB
MemFree:          129104 kB
Active:           348696 kB
Mem:          3.8G       3.7G       126M       5.7M        28M       3.2G

MemTotal:        4016004 kB
MemFree:          128980 kB
Active:           348700 kB
Mem:          3.8G       3.7G       126M       5.7M        28M       3.2G

MemTotal:        4016004 kB
MemFree:          129600 kB
Active:           348684 kB
Mem:          3.8G       3.7G       126M       5.7M        28M       3.2G

MemTotal:        4016004 kB
MemFree:          128980 kB
Active:           348712 kB
Mem:          3.8G       3.7G       125M       5.7M        28M       3.2G

MemTotal:        4016004 kB
MemFree:          127056 kB
Active:           348716 kB
Mem:          3.8G       3.7G       124M       5.7M        28M       3.2G

MemTotal:        4016004 kB
MemFree:          127056 kB
Active:           350724 kB
Mem:          3.8G       3.7G       124M       5.7M        28M       3.2G

MemTotal:        4016004 kB
MemFree:          127180 kB
Active:           350748 kB
Mem:          3.8G       3.7G       124M       5.7M        28M       3.2G

MemTotal:        4016004 kB
MemFree:          127056 kB
Active:           350768 kB
Mem:          3.8G       3.7G       124M       5.7M        28M       3.2G

MemTotal:        4016004 kB
MemFree:          127304 kB
Active:           350768 kB
Mem:          3.8G       3.7G       124M       5.7M        28M       3.2G

MemTotal:        4016004 kB
MemFree:          127552 kB
Active:           350720 kB
Mem:          3.8G       3.7G       124M       5.7M        28M       3.2G

MemTotal:        4016004 kB
MemFree:          127428 kB
Active:           350740 kB
Mem:          3.8G       3.7G       124M       5.7M        28M       3.2G

MemTotal:        4016004 kB
MemFree:          127180 kB
Active:           350768 kB
Mem:          3.8G       3.7G       124M       5.7M        28M       3.2G

MemTotal:        4016004 kB
MemFree:          127676 kB
Active:           350748 kB
Mem:          3.8G       3.7G       124M       5.7M        28M       3.2G

MemTotal:        4016004 kB
MemFree:          127552 kB
Active:           350764 kB
Mem:          3.8G       3.7G       124M       5.7M        28M       3.2G

MemTotal:        4016004 kB
MemFree:          127428 kB
Active:           350728 kB
Mem:          3.8G       3.7G       124M       5.7M        28M       3.2G

MemTotal:        4016004 kB
MemFree:          127304 kB
Active:           350736 kB
Mem:          3.8G       3.7G       124M       5.7M        28M       3.2G

MemTotal:        4016004 kB
MemFree:          127304 kB
Active:           350744 kB
Mem:          3.8G       3.7G       124M       5.7M        28M       3.2G

MemTotal:        4016004 kB
MemFree:          127056 kB
Active:           350772 kB
Mem:          3.8G       3.7G       124M       5.7M        28M       3.2G

MemTotal:        4016004 kB
MemFree:          127180 kB
Active:           350764 kB
Mem:          3.8G       3.7G       124M       5.7M        28M       3.2G

MemTotal:        4016004 kB
MemFree:          127180 kB
Active:           350732 kB
Mem:          3.8G       3.7G       124M       5.7M        28M       3.2G

MemTotal:        4016004 kB
MemFree:          126808 kB
Active:           350784 kB
Mem:          3.8G       3.7G       123M       5.7M        28M       3.2G

MemTotal:        4016004 kB
MemFree:          126808 kB
Active:           350784 kB
Mem:          3.8G       3.7G       123M       5.7M        28M       3.2G

MemTotal:        4016004 kB
MemFree:          127304 kB
Active:           350788 kB
Mem:          3.8G       3.7G       124M       5.7M        28M       3.2G

MemTotal:        4016004 kB
MemFree:          127180 kB
Active:           350740 kB
Mem:          3.8G       3.7G       124M       5.7M        28M       3.2G

MemTotal:        4016004 kB
MemFree:          127180 kB
Active:           350788 kB
Mem:          3.8G       3.7G       124M       5.7M        28M       3.2G

MemTotal:        4016004 kB
MemFree:          127428 kB
Active:           350788 kB
Mem:          3.8G       3.7G       124M       5.7M        28M       3.2G

MemTotal:        4016004 kB
MemFree:          127428 kB
Active:           350744 kB
Mem:          3.8G       3.7G       124M       5.7M        28M       3.2G

MemTotal:        4016004 kB
MemFree:          127428 kB
Active:           350756 kB
Mem:          3.8G       3.7G       124M       5.7M        28M       3.2G

MemTotal:        4016004 kB
MemFree:          126808 kB
Active:           350796 kB
Mem:          3.8G       3.7G       123M       5.7M        28M       3.2G

MemTotal:        4016004 kB
MemFree:          127304 kB
Active:           350784 kB
Mem:          3.8G       3.7G       124M       5.7M        28M       3.2G

MemTotal:        4016004 kB
MemFree:          127304 kB
Active:           350792 kB
Mem:          3.8G       3.7G       124M       5.7M        28M       3.2G

MemTotal:        4016004 kB
MemFree:          126932 kB
Active:           350800 kB
Mem:          3.8G       3.7G       123M       5.7M        28M       3.2G

MemTotal:        4016004 kB
MemFree:          127552 kB
Active:           350796 kB
Mem:          3.8G       3.7G       124M       5.7M        28M       3.2G

MemTotal:        4016004 kB
MemFree:          127552 kB
Active:           350792 kB
Mem:          3.8G       3.7G       124M       5.7M        28M       3.2G

MemTotal:        4016004 kB
MemFree:          127428 kB
Active:           350792 kB
Mem:          3.8G       3.7G       124M       5.7M        28M       3.2G

MemTotal:        4016004 kB
MemFree:          127552 kB
Active:           350792 kB
Mem:          3.8G       3.7G       124M       5.7M        28M       3.2G

MemTotal:        4016004 kB
MemFree:          127552 kB
Active:           350744 kB
Mem:          3.8G       3.7G       124M       5.7M        28M       3.2G

MemTotal:        4016004 kB
MemFree:          127428 kB
Active:           350756 kB
Mem:          3.8G       3.7G       124M       5.7M        28M       3.2G

MemTotal:        4016004 kB
MemFree:          127056 kB
Active:           350808 kB
Mem:          3.8G       3.7G       124M       5.7M        28M       3.2G

MemTotal:        4016004 kB
MemFree:          127428 kB
Active:           350768 kB
Mem:          3.8G       3.7G       124M       5.7M        28M       3.2G

MemTotal:        4016004 kB
MemFree:          127552 kB
Active:           350764 kB
Mem:          3.8G       3.7G       124M       5.7M        28M       3.2G

MemTotal:        4016004 kB
MemFree:          127552 kB
Active:           350772 kB
Mem:          3.8G       3.7G       124M       5.7M        28M       3.2G

MemTotal:        4016004 kB
MemFree:          127552 kB
Active:           350784 kB
Mem:          3.8G       3.7G       124M       5.7M        28M       3.2G

MemTotal:        4016004 kB
MemFree:          127676 kB
Active:           350792 kB
Mem:          3.8G       3.7G       124M       5.7M        28M       3.2G

MemTotal:        4016004 kB
MemFree:          127552 kB
Active:           350796 kB
Mem:          3.8G       3.7G       124M       5.7M        28M       3.2G

MemTotal:        4016004 kB
MemFree:          127056 kB
Active:           350812 kB
Mem:          3.8G       3.7G       124M       5.7M        28M       3.2G

MemTotal:        4016004 kB
MemFree:          127428 kB
Active:           350776 kB
Mem:          3.8G       3.7G       124M       5.7M        28M       3.2G

MemTotal:        4016004 kB
MemFree:          127428 kB
Active:           350776 kB
Mem:          3.8G       3.7G       124M       5.7M        28M       3.2G

MemTotal:        4016004 kB
MemFree:          127304 kB
Active:           350788 kB
Mem:          3.8G       3.7G       124M       5.7M        28M       3.2G

MemTotal:        4016004 kB
MemFree:          127304 kB
Active:           350796 kB
Mem:          3.8G       3.7G       124M       5.7M        28M       3.2G

MemTotal:        4016004 kB
MemFree:          127180 kB
Active:           350788 kB
Mem:          3.8G       3.7G       124M       5.7M        28M       3.2G

MemTotal:        4016004 kB
MemFree:          127304 kB
Active:           350804 kB
Mem:          3.8G       3.7G       124M       5.7M        28M       3.2G

MemTotal:        4016004 kB
MemFree:          126932 kB
Active:           350828 kB
Mem:          3.8G       3.7G       124M       5.7M        28M       3.2G

MemTotal:        4016004 kB
MemFree:          127428 kB
Active:           350788 kB
Mem:          3.8G       3.7G       124M       5.7M        28M       3.2G

MemTotal:        4016004 kB
MemFree:          127428 kB
Active:           350788 kB
Mem:          3.8G       3.7G       124M       5.7M        28M       3.2G

MemTotal:        4016004 kB
MemFree:          127304 kB
Active:           350800 kB
Mem:          3.8G       3.7G       124M       5.7M        28M       3.2G

MemTotal:        4016004 kB
MemFree:          126824 kB
Active:           350836 kB
Mem:          3.8G       3.7G       124M       5.7M        28M       3.2G

MemTotal:        4016004 kB
MemFree:          127196 kB
Active:           350832 kB
Mem:          3.8G       3.7G       124M       5.7M        28M       3.2G

MemTotal:        4016004 kB
MemFree:          127568 kB
Active:           350780 kB
Mem:          3.8G       3.7G       124M       5.7M        28M       3.2G

MemTotal:        4016004 kB
MemFree:          127320 kB
Active:           350808 kB
Mem:          3.8G       3.7G       123M       5.7M        28M       3.2G

MemTotal:        4016004 kB
MemFree:          126948 kB
Active:           350848 kB
Mem:          3.8G       3.7G       123M       5.7M        28M       3.2G

MemTotal:        4016004 kB
MemFree:          127072 kB
Active:           350828 kB
Mem:          3.8G       3.7G       124M       5.7M        28M       3.2G

MemTotal:        4016004 kB
MemFree:          127196 kB
Active:           350848 kB
Mem:          3.8G       3.7G       124M       5.7M        28M       3.2G

MemTotal:        4016004 kB
MemFree:          126948 kB
Active:           350852 kB
Mem:          3.8G       3.7G       124M       5.7M        28M       3.2G

MemTotal:        4016004 kB
MemFree:          126824 kB
Active:           350852 kB
Mem:          3.8G       3.7G       123M       5.7M        28M       3.2G

MemTotal:        4016004 kB
MemFree:          126576 kB
Active:           350860 kB
Mem:          3.8G       3.7G       123M       5.7M        28M       3.2G

MemTotal:        4016004 kB
MemFree:          126824 kB
Active:           350848 kB
Mem:          3.8G       3.7G       124M       5.7M        28M       3.2G

MemTotal:        4016004 kB
MemFree:          126824 kB
Active:           350860 kB
Mem:          3.8G       3.7G       123M       5.7M        28M       3.2G

MemTotal:        4016004 kB
MemFree:          127196 kB
Active:           350852 kB
Mem:          3.8G       3.7G       124M       5.7M        28M       3.2G

MemTotal:        4016004 kB
MemFree:          126576 kB
Active:           350860 kB
Mem:          3.8G       3.7G       123M       5.7M        28M       3.2G

MemTotal:        4016004 kB
MemFree:          126700 kB
Active:           350852 kB
Mem:          3.8G       3.7G       123M       5.7M        28M       3.2G

MemTotal:        4016004 kB
MemFree:          126452 kB
Active:           350864 kB
Mem:          3.8G       3.7G       123M       5.7M        28M       3.2G

MemTotal:        4016004 kB
MemFree:          126452 kB
Active:           350868 kB
Mem:          3.8G       3.7G       123M       5.7M        28M       3.2G

MemTotal:        4016004 kB
MemFree:          126700 kB
Active:           350856 kB
Mem:          3.8G       3.7G       123M       5.7M        28M       3.2G

MemTotal:        4016004 kB
MemFree:          126204 kB
Active:           350868 kB
Mem:          3.8G       3.7G       123M       5.7M        28M       3.2G

MemTotal:        4016004 kB
MemFree:          126700 kB
Active:           350860 kB
Mem:          3.8G       3.7G       124M       5.7M        28M       3.2G

MemTotal:        4016004 kB
MemFree:          126824 kB
Active:           350868 kB
Mem:          3.8G       3.7G       123M       5.7M        28M       3.2G

MemTotal:        4016004 kB
MemFree:          127196 kB
Active:           350852 kB
Mem:          3.8G       3.7G       124M       5.7M        28M       3.2G

MemTotal:        4016004 kB
MemFree:          127072 kB
Active:           350820 kB
Mem:          3.8G       3.7G       124M       5.7M        28M       3.2G

MemTotal:        4016004 kB
MemFree:          127072 kB
Active:           350860 kB
Mem:          3.8G       3.7G       124M       5.7M        28M       3.2G

MemTotal:        4016004 kB
MemFree:          127320 kB
Active:           350872 kB
Mem:          3.8G       3.7G       124M       5.7M        28M       3.2G

MemTotal:        4016004 kB
MemFree:          127320 kB
Active:           350836 kB
Mem:          3.8G       3.7G       124M       5.7M        28M       3.2G

MemTotal:        4016004 kB
MemFree:          127320 kB
Active:           350864 kB
Mem:          3.8G       3.7G       124M       5.7M        28M       3.2G

MemTotal:        4016004 kB
MemFree:          127320 kB
Active:           350844 kB
Mem:          3.8G       3.7G       124M       5.7M        28M       3.2G

MemTotal:        4016004 kB
MemFree:          127320 kB
Active:           350836 kB
Mem:          3.8G       3.7G       124M       5.7M        28M       3.2G

MemTotal:        4016004 kB
MemFree:          127320 kB
Active:           350832 kB
Mem:          3.8G       3.7G       124M       5.7M        28M       3.2G

MemTotal:        4016004 kB
MemFree:          127320 kB
Active:           350856 kB
Mem:          3.8G       3.7G       124M       5.7M        28M       3.2G

MemTotal:        4016004 kB
MemFree:          127320 kB
Active:           350836 kB
Mem:          3.8G       3.7G       124M       5.7M        28M       3.2G

MemTotal:        4016004 kB
MemFree:          127320 kB
Active:           350872 kB
Mem:          3.8G       3.7G       124M       5.7M        28M       3.2G

MemTotal:        4016004 kB
MemFree:          126948 kB
Active:           350888 kB
Mem:          3.8G       3.7G       123M       5.7M        28M       3.2G

MemTotal:        4016004 kB
MemFree:          126948 kB
Active:           350888 kB
Mem:          3.8G       3.7G       124M       5.7M        28M       3.2G

MemTotal:        4016004 kB
MemFree:          127444 kB
Active:           350864 kB
Mem:          3.8G       3.7G       124M       5.7M        28M       3.2G

MemTotal:        4016004 kB
MemFree:          127568 kB
Active:           350884 kB
Mem:          3.8G       3.7G       124M       5.7M        28M       3.2G

MemTotal:        4016004 kB
MemFree:          126932 kB
Active:           350896 kB
Mem:          3.8G       3.7G       123M       5.7M        28M       3.2G

MemTotal:        4016004 kB
MemFree:          126808 kB
Active:           350896 kB
Mem:          3.8G       3.7G       124M       5.7M        28M       3.2G

MemTotal:        4016004 kB
MemFree:          127196 kB
Active:           350868 kB
Mem:          3.8G       3.7G       124M       5.7M        28M       3.2G

MemTotal:        4016004 kB
MemFree:          127196 kB
Active:           350880 kB
Mem:          3.8G       3.7G       124M       5.7M        28M       3.2G

MemTotal:        4016004 kB
MemFree:          126808 kB
Active:           350900 kB
Mem:          3.8G       3.7G       123M       5.7M        28M       3.2G

MemTotal:        4016004 kB
MemFree:          127072 kB
Active:           350896 kB
Mem:          3.8G       3.7G       124M       5.7M        28M       3.2G

MemTotal:        4016004 kB
MemFree:          127196 kB
Active:           350860 kB
Mem:          3.8G       3.7G       124M       5.7M        28M       3.2G

MemTotal:        4016004 kB
MemFree:          126808 kB
Active:           350916 kB
Mem:          3.8G       3.7G       123M       5.7M        28M       3.2G

MemTotal:        4016004 kB
MemFree:          127320 kB
Active:           350912 kB
Mem:          3.8G       3.7G       124M       5.7M        28M       3.2G

MemTotal:        4016004 kB
MemFree:          127320 kB
Active:           350888 kB
Mem:          3.8G       3.7G       124M       5.7M        28M       3.2G

MemTotal:        4016004 kB
MemFree:          127180 kB
Active:           350908 kB
Mem:          3.8G       3.7G       124M       5.7M        28M       3.2G

MemTotal:        4016004 kB
MemFree:          126560 kB
Active:           350920 kB
Mem:          3.8G       3.7G       123M       5.7M        28M       3.2G

MemTotal:        4016004 kB
MemFree:          126948 kB
Active:           350916 kB
Mem:          3.8G       3.7G       123M       5.7M        28M       3.2G

MemTotal:        4016004 kB
MemFree:          126932 kB
Active:           350872 kB
Mem:          3.8G       3.7G       123M       5.7M        28M       3.2G

MemTotal:        4016004 kB
MemFree:          126792 kB
Active:           350904 kB
Mem:          3.8G       3.7G       123M       5.7M        28M       3.2G

MemTotal:        4016004 kB
MemFree:          126808 kB
Active:           350920 kB
Mem:          3.8G       3.7G       123M       5.7M        28M       3.2G

MemTotal:        4016004 kB
MemFree:          126932 kB
Active:           350892 kB
Mem:          3.8G       3.7G       124M       5.7M        28M       3.2G

MemTotal:        4016004 kB
MemFree:          127148 kB
Active:           350908 kB
Mem:          3.8G       3.7G       124M       5.7M        28M       3.2G

MemTotal:        4016004 kB
MemFree:          126792 kB
Active:           350928 kB
Mem:          3.8G       3.7G       123M       5.7M        28M       3.2G

MemTotal:        4016004 kB
MemFree:          126700 kB
Active:           350940 kB
Mem:          3.8G       3.7G       123M       5.7M        28M       3.2G

MemTotal:        4016004 kB
MemFree:          126684 kB
Active:           351064 kB
Mem:          3.8G       3.7G       123M       5.7M        28M       3.2G

MemTotal:        4016004 kB
MemFree:          126668 kB
Active:           350976 kB
Mem:          3.8G       3.7G       123M       5.7M        28M       3.2G

MemTotal:        4016004 kB
MemFree:          126436 kB
Active:           350948 kB
Mem:          3.8G       3.7G       123M       5.7M        28M       3.2G

MemTotal:        4016004 kB
MemFree:          126544 kB
Active:           350892 kB
Mem:          3.8G       3.7G       123M       5.7M        28M       3.2G

MemTotal:        4016004 kB
MemFree:          126476 kB
Active:           351004 kB
Mem:          3.8G       3.7G       123M       5.7M        28M       3.2G

MemTotal:        4016004 kB
MemFree:          126452 kB
Active:           350968 kB
Mem:          3.8G       3.7G       123M       5.7M        28M       3.2G

MemTotal:        4016004 kB
MemFree:          127148 kB
Active:           351012 kB
Mem:          3.8G       3.7G       123M       5.7M        28M       3.2G

MemTotal:        4016004 kB
MemFree:          127288 kB
Active:           350920 kB
Mem:          3.8G       3.7G       124M       5.7M        28M       3.2G

MemTotal:        4016004 kB
MemFree:          127272 kB
Active:           351040 kB
Mem:          3.8G       3.7G       124M       5.7M        28M       3.2G

MemTotal:        4016004 kB
MemFree:          127196 kB
Active:           351056 kB
Mem:          3.8G       3.7G       124M       5.7M        28M       3.2G

MemTotal:        4016004 kB
MemFree:          127272 kB
Active:           350952 kB
Mem:          3.8G       3.7G       124M       5.7M        28M       3.2G

MemTotal:        4016004 kB
MemFree:          127024 kB
Active:           350908 kB
Mem:          3.8G       3.7G       124M       5.7M        28M       3.2G

MemTotal:        4016004 kB
MemFree:          126792 kB
Active:           350964 kB
Mem:          3.8G       3.7G       123M       5.7M        28M       3.2G

MemTotal:        4016004 kB
MemFree:          126792 kB
Active:           350964 kB
Mem:          3.8G       3.7G       124M       5.7M        28M       3.2G

MemTotal:        4016004 kB
MemFree:          127396 kB
Active:           350804 kB
Mem:          3.8G       3.7G       124M       5.7M        28M       3.2G

MemTotal:        4016004 kB
MemFree:          126900 kB
Active:           350928 kB
Mem:          3.8G       3.7G       123M       5.7M        28M       3.2G

MemTotal:        4016004 kB
MemFree:          126420 kB
Active:           351072 kB
Mem:          3.8G       3.7G       123M       5.7M        28M       3.2G

MemTotal:        4016004 kB
MemFree:          126900 kB
Active:           350992 kB
Mem:          3.8G       3.7G       123M       5.7M        28M       3.2G

MemTotal:        4016004 kB
MemFree:          126436 kB
Active:           351264 kB
Mem:          3.8G       3.7G       123M       5.7M        28M       3.2G

MemTotal:        4016004 kB
MemFree:          126528 kB
Active:           351184 kB
Mem:          3.8G       3.7G       123M       5.7M        28M       3.2G

MemTotal:        4016004 kB
MemFree:          126436 kB
Active:           351144 kB
Mem:          3.8G       3.7G       123M       5.7M        28M       3.2G

MemTotal:        4016004 kB
MemFree:          126932 kB
Active:           351140 kB
Mem:          3.8G       3.7G       123M       5.7M        28M       3.2G

MemTotal:        4016004 kB
MemFree:          126808 kB
Active:           351124 kB
Mem:          3.8G       3.7G       123M       5.7M        28M       3.2G

MemTotal:        4016004 kB
MemFree:          126436 kB
Active:           351152 kB
Mem:          3.8G       3.7G       123M       5.7M        28M       3.2G

