MemTotal:        4016004 kB
MemFree:         3246204 kB
Active:           415720 kB
Mem:          3.8G       752M       3.1G       5.7M        55M       314M

MemTotal:        4016004 kB
MemFree:         3245228 kB
Active:           416176 kB
Mem:          3.8G       752M       3.1G       5.7M        55M       314M

MemTotal:        4016004 kB
MemFree:         3245088 kB
Active:           416224 kB
Mem:          3.8G       752M       3.1G       5.7M        55M       314M

MemTotal:        4016004 kB
MemFree:         3244964 kB
Active:           416256 kB
Mem:          3.8G       752M       3.1G       5.7M        55M       314M

MemTotal:        4016004 kB
MemFree:         3244964 kB
Active:           416256 kB
Mem:          3.8G       752M       3.1G       5.7M        55M       314M

MemTotal:        4016004 kB
MemFree:         3244824 kB
Active:           416212 kB
Mem:          3.8G       752M       3.1G       5.7M        55M       314M

MemTotal:        4016004 kB
MemFree:         3244948 kB
Active:           416220 kB
Mem:          3.8G       753M       3.1G       5.7M        55M       314M

MemTotal:        4016004 kB
MemFree:         3244700 kB
Active:           416236 kB
Mem:          3.8G       753M       3.1G       5.7M        55M       314M

MemTotal:        4016004 kB
MemFree:         3244544 kB
Active:           416236 kB
Mem:          3.8G       753M       3.1G       5.7M        55M       314M

MemTotal:        4016004 kB
MemFree:         3244652 kB
Active:           416232 kB
Mem:          3.8G       753M       3.1G       5.7M        55M       314M

MemTotal:        4016004 kB
MemFree:         3244636 kB
Active:           416240 kB
Mem:          3.8G       753M       3.1G       5.7M        55M       314M

MemTotal:        4016004 kB
MemFree:         3244744 kB
Active:           416232 kB
Mem:          3.8G       753M       3.1G       5.7M        55M       314M

MemTotal:        4016004 kB
MemFree:         3244744 kB
Active:           416224 kB
Mem:          3.8G       753M       3.1G       5.7M        55M       314M

MemTotal:        4016004 kB
MemFree:         3244372 kB
Active:           416268 kB
Mem:          3.8G       753M       3.1G       5.7M        55M       314M

MemTotal:        4016004 kB
MemFree:         3244464 kB
Active:           416244 kB
Mem:          3.8G       753M       3.1G       5.7M        55M       314M

MemTotal:        4016004 kB
MemFree:         3244712 kB
Active:           416236 kB
Mem:          3.8G       753M       3.1G       5.7M        55M       314M

MemTotal:        4016004 kB
MemFree:         3244620 kB
Active:           416228 kB
Mem:          3.8G       753M       3.1G       5.7M        55M       314M

MemTotal:        4016004 kB
MemFree:         3241264 kB
Active:           416364 kB
Mem:          3.8G       756M       3.1G       5.7M        55M       314M

MemTotal:        4016004 kB
MemFree:         3242384 kB
Active:           418288 kB
Mem:          3.8G       755M       3.1G       5.7M        55M       314M

MemTotal:        4016004 kB
MemFree:         3242260 kB
Active:           418288 kB
Mem:          3.8G       755M       3.1G       5.7M        55M       314M

MemTotal:        4016004 kB
MemFree:         3242260 kB
Active:           418280 kB
Mem:          3.8G       755M       3.1G       5.7M        55M       314M

MemTotal:        4016004 kB
MemFree:         3242260 kB
Active:           418316 kB
Mem:          3.8G       755M       3.1G       5.7M        55M       314M

MemTotal:        4016004 kB
MemFree:         3242632 kB
Active:           418284 kB
Mem:          3.8G       755M       3.1G       5.7M        55M       314M

MemTotal:        4016004 kB
MemFree:         3242632 kB
Active:           418280 kB
Mem:          3.8G       755M       3.1G       5.7M        55M       314M

MemTotal:        4016004 kB
MemFree:         3242852 kB
Active:           418284 kB
Mem:          3.8G       755M       3.1G       5.7M        55M       314M

MemTotal:        4016004 kB
MemFree:         3242852 kB
Active:           418280 kB
Mem:          3.8G       755M       3.1G       5.7M        55M       314M

MemTotal:        4016004 kB
MemFree:         3242712 kB
Active:           418288 kB
Mem:          3.8G       755M       3.1G       5.7M        55M       314M

MemTotal:        4016004 kB
MemFree:         3242820 kB
Active:           418300 kB
Mem:          3.8G       755M       3.1G       5.7M        55M       314M

MemTotal:        4016004 kB
MemFree:         3242680 kB
Active:           418296 kB
Mem:          3.8G       755M       3.1G       5.7M        55M       314M

MemTotal:        4016004 kB
MemFree:         3242664 kB
Active:           418292 kB
Mem:          3.8G       755M       3.1G       5.7M        55M       314M

MemTotal:        4016004 kB
MemFree:         3242648 kB
Active:           418288 kB
Mem:          3.8G       755M       3.1G       5.7M        55M       314M

MemTotal:        4016004 kB
MemFree:         3242632 kB
Active:           418276 kB
Mem:          3.8G       755M       3.1G       5.7M        55M       314M

MemTotal:        4016004 kB
MemFree:         3242508 kB
Active:           418284 kB
Mem:          3.8G       755M       3.1G       5.7M        55M       314M

MemTotal:        4016004 kB
MemFree:         3242012 kB
Active:           418328 kB
Mem:          3.8G       755M       3.1G       5.7M        55M       314M

MemTotal:        4016004 kB
MemFree:         3242508 kB
Active:           418320 kB
Mem:          3.8G       755M       3.1G       5.7M        55M       314M

MemTotal:        4016004 kB
MemFree:         3242384 kB
Active:           418328 kB
Mem:          3.8G       755M       3.1G       5.7M        55M       314M

MemTotal:        4016004 kB
MemFree:         3242508 kB
Active:           418284 kB
Mem:          3.8G       755M       3.1G       5.7M        55M       314M

MemTotal:        4016004 kB
MemFree:         3241324 kB
Active:           416460 kB
Mem:          3.8G       756M       3.1G       5.7M        55M       314M

MemTotal:        4016004 kB
MemFree:         3241824 kB
Active:           418340 kB
Mem:          3.8G       755M       3.1G       5.7M        55M       314M

MemTotal:        4016004 kB
MemFree:         3242072 kB
Active:           418332 kB
Mem:          3.8G       755M       3.1G       5.7M        55M       314M

MemTotal:        4016004 kB
MemFree:         3242292 kB
Active:           418308 kB
Mem:          3.8G       755M       3.1G       5.7M        55M       314M

MemTotal:        4016004 kB
MemFree:         3242788 kB
Active:           418308 kB
Mem:          3.8G       755M       3.1G       5.7M        55M       314M

MemTotal:        4016004 kB
MemFree:         3242664 kB
Active:           418304 kB
Mem:          3.8G       755M       3.1G       5.7M        55M       314M

MemTotal:        4016004 kB
MemFree:         3242276 kB
Active:           418352 kB
Mem:          3.8G       755M       3.1G       5.7M        55M       314M

MemTotal:        4016004 kB
MemFree:         3242772 kB
Active:           418324 kB
Mem:          3.8G       755M       3.1G       5.7M        55M       314M

MemTotal:        4016004 kB
MemFree:         3242400 kB
Active:           418360 kB
Mem:          3.8G       755M       3.1G       5.7M        55M       314M

MemTotal:        4016004 kB
MemFree:         3242136 kB
Active:           418360 kB
Mem:          3.8G       755M       3.1G       5.7M        55M       314M

MemTotal:        4016004 kB
MemFree:         3242244 kB
Active:           418332 kB
Mem:          3.8G       755M       3.1G       5.7M        55M       314M

MemTotal:        4016004 kB
MemFree:         3242104 kB
Active:           418312 kB
Mem:          3.8G       755M       3.1G       5.7M        55M       314M

MemTotal:        4016004 kB
MemFree:         3242584 kB
Active:           418368 kB
Mem:          3.8G       755M       3.1G       5.7M        55M       314M

MemTotal:        4016004 kB
MemFree:         3242444 kB
Active:           418352 kB
Mem:          3.8G       755M       3.1G       5.7M        55M       314M

MemTotal:        4016004 kB
MemFree:         3242212 kB
Active:           418372 kB
Mem:          3.8G       755M       3.1G       5.7M        55M       314M

MemTotal:        4016004 kB
MemFree:         3242460 kB
Active:           418364 kB
Mem:          3.8G       755M       3.1G       5.7M        55M       314M

MemTotal:        4016004 kB
MemFree:         3242088 kB
Active:           418392 kB
Mem:          3.8G       755M       3.1G       5.7M        55M       314M

MemTotal:        4016004 kB
MemFree:         3242460 kB
Active:           418380 kB
Mem:          3.8G       755M       3.1G       5.7M        55M       314M

MemTotal:        4016004 kB
MemFree:         3241964 kB
Active:           418400 kB
Mem:          3.8G       755M       3.1G       5.7M        55M       314M

MemTotal:        4016004 kB
MemFree:         3242088 kB
Active:           418372 kB
Mem:          3.8G       755M       3.1G       5.7M        55M       314M

MemTotal:        4016004 kB
MemFree:         3242336 kB
Active:           418404 kB
Mem:          3.8G       755M       3.1G       5.7M        55M       314M

MemTotal:        4016004 kB
MemFree:         3242196 kB
Active:           418404 kB
Mem:          3.8G       755M       3.1G       5.7M        55M       314M

MemTotal:        4016004 kB
MemFree:         3242692 kB
Active:           418388 kB
Mem:          3.8G       755M       3.1G       5.7M        55M       314M

MemTotal:        4016004 kB
MemFree:         3242648 kB
Active:           418356 kB
Mem:          3.8G       755M       3.1G       5.7M        55M       314M

MemTotal:        4016004 kB
MemFree:         3132496 kB
Active:           418696 kB
Mem:          3.8G       862M       3.0G       5.7M        55M       420M

MemTotal:        4016004 kB
MemFree:         3019276 kB
Active:           418684 kB
Mem:          3.8G       974M       2.9G       5.7M        55M       530M

MemTotal:        4016004 kB
MemFree:         2892384 kB
Active:           418740 kB
Mem:          3.8G       1.1G       2.8G       5.7M        55M       651M

MemTotal:        4016004 kB
MemFree:         2886240 kB
Active:           418740 kB
Mem:          3.8G       1.1G       2.8G       5.7M        55M       657M

MemTotal:        4016004 kB
MemFree:         2822548 kB
Active:           418740 kB
Mem:          3.8G       1.1G       2.7G       5.7M        55M       718M

MemTotal:        4016004 kB
MemFree:         2786040 kB
Active:           418748 kB
Mem:          3.8G       1.2G       2.7G       5.7M        55M       753M

MemTotal:        4016004 kB
MemFree:         2756076 kB
Active:           418704 kB
Mem:          3.8G       1.2G       2.6G       5.7M        55M       782M

MemTotal:        4016004 kB
MemFree:         2686344 kB
Active:           418752 kB
Mem:          3.8G       1.3G       2.6G       5.7M        55M       848M

MemTotal:        4016004 kB
MemFree:         2685364 kB
Active:           418776 kB
Mem:          3.8G       1.3G       2.6G       5.7M        55M       849M

MemTotal:        4016004 kB
MemFree:         2683860 kB
Active:           418796 kB
Mem:          3.8G       1.3G       2.6G       5.7M        55M       850M

MemTotal:        4016004 kB
MemFree:         2681476 kB
Active:           418796 kB
Mem:          3.8G       1.3G       2.6G       5.7M        55M       852M

MemTotal:        4016004 kB
MemFree:         2681312 kB
Active:           418752 kB
Mem:          3.8G       1.3G       2.6G       5.7M        55M       853M

MemTotal:        4016004 kB
MemFree:         2579536 kB
Active:           418800 kB
Mem:          3.8G       1.4G       2.5G       5.7M        55M       952M

MemTotal:        4016004 kB
MemFree:         2444676 kB
Active:           418804 kB
Mem:          3.8G       1.5G       2.3G       5.7M        55M       1.1G

MemTotal:        4016004 kB
MemFree:         2332700 kB
Active:           418804 kB
Mem:          3.8G       1.6G       2.2G       5.7M        55M       1.2G

MemTotal:        4016004 kB
MemFree:         2332732 kB
Active:           418796 kB
Mem:          3.8G       1.6G       2.2G       5.7M        55M       1.2G

MemTotal:        4016004 kB
MemFree:         2231604 kB
Active:           420856 kB
Mem:          3.8G       1.7G       2.1G       5.7M        55M       1.3G

MemTotal:        4016004 kB
MemFree:         2230408 kB
Active:           420840 kB
Mem:          3.8G       1.7G       2.1G       5.7M        55M       1.3G

MemTotal:        4016004 kB
MemFree:         2141728 kB
Active:           420848 kB
Mem:          3.8G       1.8G       2.0G       5.7M        55M       1.3G

MemTotal:        4016004 kB
MemFree:         2130808 kB
Active:           420848 kB
Mem:          3.8G       1.8G       2.0G       5.7M        55M       1.3G

MemTotal:        4016004 kB
MemFree:         2128744 kB
Active:           420864 kB
Mem:          3.8G       1.8G       2.0G       5.7M        55M       1.4G

MemTotal:        4016004 kB
MemFree:         2127244 kB
Active:           420832 kB
Mem:          3.8G       1.8G       2.0G       5.7M        55M       1.4G

MemTotal:        4016004 kB
MemFree:         2126100 kB
Active:           420880 kB
Mem:          3.8G       1.8G       2.0G       5.7M        55M       1.4G

MemTotal:        4016004 kB
MemFree:         2084552 kB
Active:           420880 kB
Mem:          3.8G       1.8G       2.0G       5.7M        55M       1.4G

MemTotal:        4016004 kB
MemFree:         1969208 kB
Active:           420884 kB
Mem:          3.8G       2.0G       1.9G       5.7M        55M       1.5G

MemTotal:        4016004 kB
MemFree:         1843572 kB
Active:           420884 kB
Mem:          3.8G       2.1G       1.8G       5.7M        55M       1.6G

MemTotal:        4016004 kB
MemFree:         1777212 kB
Active:           420896 kB
Mem:          3.8G       2.1G       1.7G       5.7M        55M       1.7G

MemTotal:        4016004 kB
MemFree:         1747852 kB
Active:           420896 kB
Mem:          3.8G       2.2G       1.7G       5.7M        55M       1.7G

MemTotal:        4016004 kB
MemFree:         1678408 kB
Active:           420892 kB
Mem:          3.8G       2.2G       1.6G       5.7M        55M       1.8G

MemTotal:        4016004 kB
MemFree:         1649608 kB
Active:           420908 kB
Mem:          3.8G       2.3G       1.6G       5.7M        55M       1.8G

MemTotal:        4016004 kB
MemFree:         1576936 kB
Active:           420908 kB
Mem:          3.8G       2.3G       1.5G       5.7M        55M       1.9G

MemTotal:        4016004 kB
MemFree:         1560848 kB
Active:           420908 kB
Mem:          3.8G       2.3G       1.5G       5.7M        55M       1.9G

MemTotal:        4016004 kB
MemFree:         1478476 kB
Active:           420888 kB
Mem:          3.8G       2.4G       1.4G       5.7M        55M       2.0G

MemTotal:        4016004 kB
MemFree:         1476308 kB
Active:           420920 kB
Mem:          3.8G       2.4G       1.4G       5.7M        55M       2.0G

MemTotal:        4016004 kB
MemFree:         1474820 kB
Active:           420892 kB
Mem:          3.8G       2.4G       1.4G       5.7M        55M       2.0G

MemTotal:        4016004 kB
MemFree:         1473832 kB
Active:           420884 kB
Mem:          3.8G       2.4G       1.4G       5.7M        55M       2.0G

MemTotal:        4016004 kB
MemFree:         1471900 kB
Active:           418964 kB
Mem:          3.8G       2.4G       1.4G       5.7M        55M       2.0G

MemTotal:        4016004 kB
MemFree:         1404080 kB
Active:           421016 kB
Mem:          3.8G       2.5G       1.3G       5.7M        55M       2.0G

MemTotal:        4016004 kB
MemFree:         1267004 kB
Active:           421016 kB
Mem:          3.8G       2.6G       1.2G       5.7M        55M       2.2G

MemTotal:        4016004 kB
MemFree:         1139616 kB
Active:           421000 kB
Mem:          3.8G       2.7G       1.1G       5.7M        55M       2.3G

MemTotal:        4016004 kB
MemFree:         1105544 kB
Active:           420976 kB
Mem:          3.8G       2.8G       1.1G       5.7M        55M       2.3G

MemTotal:        4016004 kB
MemFree:          997728 kB
Active:           420988 kB
Mem:          3.8G       2.9G       974M       5.7M        55M       2.4G

MemTotal:        4016004 kB
MemFree:          996936 kB
Active:           421048 kB
Mem:          3.8G       2.9G       972M       5.7M        55M       2.4G

MemTotal:        4016004 kB
MemFree:          968776 kB
Active:           421172 kB
Mem:          3.8G       2.9G       945M       5.7M        55M       2.4G

MemTotal:        4016004 kB
MemFree:          923428 kB
Active:           421060 kB
Mem:          3.8G       2.9G       901M       5.7M        55M       2.5G

MemTotal:        4016004 kB
MemFree:          922092 kB
Active:           421084 kB
Mem:          3.8G       3.0G       900M       5.7M        55M       2.5G

MemTotal:        4016004 kB
MemFree:          920512 kB
Active:           419116 kB
Mem:          3.8G       3.0G       899M       5.7M        55M       2.5G

MemTotal:        4016004 kB
MemFree:          919196 kB
Active:           421124 kB
Mem:          3.8G       3.0G       897M       5.7M        55M       2.5G

MemTotal:        4016004 kB
MemFree:          823804 kB
Active:           421132 kB
Mem:          3.8G       3.0G       803M       5.7M        55M       2.6G

MemTotal:        4016004 kB
MemFree:          695176 kB
Active:           421132 kB
Mem:          3.8G       3.2G       678M       5.7M        55M       2.7G

MemTotal:        4016004 kB
MemFree:          643680 kB
Active:           421136 kB
Mem:          3.8G       3.2G       628M       5.7M        55M       2.7G

MemTotal:        4016004 kB
MemFree:          601704 kB
Active:           421136 kB
Mem:          3.8G       3.3G       586M       5.7M        55M       2.8G

MemTotal:        4016004 kB
MemFree:          553924 kB
Active:           421136 kB
Mem:          3.8G       3.3G       540M       5.7M        55M       2.8G

MemTotal:        4016004 kB
MemFree:          491628 kB
Active:           421140 kB
Mem:          3.8G       3.4G       479M       5.7M        55M       2.9G

MemTotal:        4016004 kB
MemFree:          469156 kB
Active:           421160 kB
Mem:          3.8G       3.4G       458M       5.7M        55M       2.9G

MemTotal:        4016004 kB
MemFree:          387536 kB
Active:           421160 kB
Mem:          3.8G       3.5G       378M       5.7M        55M       3.0G

MemTotal:        4016004 kB
MemFree:          385888 kB
Active:           421136 kB
Mem:          3.8G       3.5G       376M       5.7M        55M       3.0G

MemTotal:        4016004 kB
MemFree:          384848 kB
Active:           421172 kB
Mem:          3.8G       3.5G       375M       5.7M        55M       3.0G

MemTotal:        4016004 kB
MemFree:          383828 kB
Active:           421168 kB
Mem:          3.8G       3.5G       374M       5.7M        55M       3.0G

MemTotal:        4016004 kB
MemFree:          382332 kB
Active:           421168 kB
Mem:          3.8G       3.5G       373M       5.7M        55M       3.0G

MemTotal:        4016004 kB
MemFree:          296556 kB
Active:           421172 kB
Mem:          3.8G       3.5G       289M       5.7M        55M       3.1G

MemTotal:        4016004 kB
MemFree:          179864 kB
Active:           421172 kB
Mem:          3.8G       3.7G       175M       5.7M        55M       3.2G

MemTotal:        4016004 kB
MemFree:          124744 kB
Active:           430652 kB
Mem:          3.8G       3.7G       126M       5.7M        20M       3.3G

MemTotal:        4016004 kB
MemFree:          129772 kB
Active:           433112 kB
Mem:          3.8G       3.7G       126M       5.7M        20M       3.3G

MemTotal:        4016004 kB
MemFree:          147992 kB
Active:           476360 kB
Mem:          3.8G       3.7G       143M       5.7M        20M       3.2G

MemTotal:        4016004 kB
MemFree:          133376 kB
Active:           470996 kB
Mem:          3.8G       3.7G       129M       5.7M        20M       3.3G

MemTotal:        4016004 kB
MemFree:          112196 kB
Active:           466700 kB
Mem:          3.8G       3.7G       109M       5.7M        20M       3.3G

MemTotal:        4016004 kB
MemFree:          131300 kB
Active:           461048 kB
Mem:          3.8G       3.7G       128M       5.7M        20M       3.3G

MemTotal:        4016004 kB
MemFree:          131352 kB
Active:           460936 kB
Mem:          3.8G       3.7G       128M       5.7M        20M       3.3G

MemTotal:        4016004 kB
MemFree:          129492 kB
Active:           460916 kB
Mem:          3.8G       3.7G       126M       5.7M        20M       3.3G

MemTotal:        4016004 kB
MemFree:          107976 kB
Active:           460944 kB
Mem:          3.8G       3.7G       105M       5.7M        20M       3.3G

MemTotal:        4016004 kB
MemFree:          131892 kB
Active:           444764 kB
Mem:          3.8G       3.7G       128M       5.7M        20M       3.3G

MemTotal:        4016004 kB
MemFree:          108608 kB
Active:           432828 kB
Mem:          3.8G       3.7G       105M       5.7M        20M       3.3G

MemTotal:        4016004 kB
MemFree:          146012 kB
Active:           429608 kB
Mem:          3.8G       3.7G       142M       5.7M        20M       3.2G

MemTotal:        4016004 kB
MemFree:          144088 kB
Active:           429512 kB
Mem:          3.8G       3.7G       139M       5.7M        20M       3.3G

MemTotal:        4016004 kB
MemFree:          142524 kB
Active:           427120 kB
Mem:          3.8G       3.7G       138M       5.7M        20M       3.3G

MemTotal:        4016004 kB
MemFree:          110380 kB
Active:           427032 kB
Mem:          3.8G       3.7G       106M       5.7M        20M       3.3G

MemTotal:        4016004 kB
MemFree:          143708 kB
Active:           424624 kB
Mem:          3.8G       3.7G       139M       5.7M        20M       3.2G

MemTotal:        4016004 kB
MemFree:          142404 kB
Active:           422704 kB
Mem:          3.8G       3.7G       138M       5.7M        20M       3.3G

MemTotal:        4016004 kB
MemFree:          130660 kB
Active:           422716 kB
Mem:          3.8G       3.7G       127M       5.7M        20M       3.3G

MemTotal:        4016004 kB
MemFree:          129408 kB
Active:           422728 kB
Mem:          3.8G       3.7G       126M       5.7M        20M       3.3G

MemTotal:        4016004 kB
MemFree:          127412 kB
Active:           422704 kB
Mem:          3.8G       3.7G       124M       5.7M        20M       3.3G

MemTotal:        4016004 kB
MemFree:          126328 kB
Active:           422716 kB
Mem:          3.8G       3.7G       123M       5.7M        20M       3.3G

MemTotal:        4016004 kB
MemFree:          117836 kB
Active:           421960 kB
Mem:          3.8G       3.7G       122M       5.7M        20M       3.3G

MemTotal:        4016004 kB
MemFree:          123100 kB
Active:           415016 kB
Mem:          3.8G       3.7G       120M       5.7M        20M       3.3G

MemTotal:        4016004 kB
MemFree:          134092 kB
Active:           409896 kB
Mem:          3.8G       3.7G       130M       5.7M        20M       3.3G

MemTotal:        4016004 kB
MemFree:          107896 kB
Active:           409128 kB
Mem:          3.8G       3.7G       105M       5.7M        20M       3.3G

MemTotal:        4016004 kB
MemFree:          137704 kB
Active:           406324 kB
Mem:          3.8G       3.7G       134M       5.7M        20M       3.3G

MemTotal:        4016004 kB
MemFree:          131908 kB
Active:           406196 kB
Mem:          3.8G       3.7G       128M       5.7M        20M       3.3G

MemTotal:        4016004 kB
MemFree:          148572 kB
Active:           403392 kB
Mem:          3.8G       3.7G       145M       5.7M        20M       3.2G

MemTotal:        4016004 kB
MemFree:          136352 kB
Active:           402372 kB
Mem:          3.8G       3.7G       138M       5.7M        20M       3.3G

MemTotal:        4016004 kB
MemFree:          129640 kB
Active:           401096 kB
Mem:          3.8G       3.7G       126M       5.7M        20M       3.3G

MemTotal:        4016004 kB
MemFree:          127180 kB
Active:           400916 kB
Mem:          3.8G       3.7G       123M       5.7M        20M       3.3G

MemTotal:        4016004 kB
MemFree:          125828 kB
Active:           400936 kB
Mem:          3.8G       3.7G       123M       5.7M        20M       3.3G

MemTotal:        4016004 kB
MemFree:          126332 kB
Active:           400968 kB
Mem:          3.8G       3.7G       123M       5.7M        20M       3.3G

MemTotal:        4016004 kB
MemFree:          124576 kB
Active:           401524 kB
Mem:          3.8G       3.7G       121M       5.7M        20M       3.3G

MemTotal:        4016004 kB
MemFree:          127108 kB
Active:           395860 kB
Mem:          3.8G       3.7G       123M       5.7M        20M       3.3G

MemTotal:        4016004 kB
MemFree:          119620 kB
Active:           392380 kB
Mem:          3.8G       3.7G       124M       5.7M        20M       3.3G

MemTotal:        4016004 kB
MemFree:          127864 kB
Active:           390344 kB
Mem:          3.8G       3.7G       124M       5.7M        20M       3.3G

MemTotal:        4016004 kB
MemFree:          123936 kB
Active:           389152 kB
Mem:          3.8G       3.7G       120M       5.7M        20M       3.3G

MemTotal:        4016004 kB
MemFree:          129156 kB
Active:           385704 kB
Mem:          3.8G       3.7G       125M       5.7M        20M       3.3G

MemTotal:        4016004 kB
MemFree:          140376 kB
Active:           383400 kB
Mem:          3.8G       3.7G       137M       5.7M        20M       3.2G

MemTotal:        4016004 kB
MemFree:          123984 kB
Active:           382120 kB
Mem:          3.8G       3.7G       120M       5.7M        20M       3.3G

MemTotal:        4016004 kB
MemFree:          122784 kB
Active:           382084 kB
Mem:          3.8G       3.7G       119M       5.7M        20M       3.3G

MemTotal:        4016004 kB
MemFree:          122048 kB
Active:           382100 kB
Mem:          3.8G       3.7G       119M       5.7M        20M       3.3G

MemTotal:        4016004 kB
MemFree:          121712 kB
Active:           382152 kB
Mem:          3.8G       3.7G       118M       5.7M        20M       3.3G

MemTotal:        4016004 kB
MemFree:          121876 kB
Active:           382156 kB
Mem:          3.8G       3.7G       118M       5.7M        20M       3.3G

MemTotal:        4016004 kB
MemFree:          136068 kB
Active:           379544 kB
Mem:          3.8G       3.7G       132M       5.7M        20M       3.3G

MemTotal:        4016004 kB
MemFree:          141516 kB
Active:           372632 kB
Mem:          3.8G       3.7G       140M       5.7M        20M       3.2G

MemTotal:        4016004 kB
MemFree:          125404 kB
Active:           368336 kB
Mem:          3.8G       3.7G       122M       5.7M        20M       3.3G

MemTotal:        4016004 kB
MemFree:          135400 kB
Active:           367056 kB
Mem:          3.8G       3.7G       132M       5.7M        20M       3.3G

MemTotal:        4016004 kB
MemFree:          144464 kB
Active:           365004 kB
Mem:          3.8G       3.7G       140M       5.7M        20M       3.2G

MemTotal:        4016004 kB
MemFree:          124112 kB
Active:           364376 kB
Mem:          3.8G       3.7G       120M       5.7M        20M       3.3G

MemTotal:        4016004 kB
MemFree:          126948 kB
Active:           363996 kB
Mem:          3.8G       3.7G       123M       5.7M        20M       3.3G

MemTotal:        4016004 kB
MemFree:          141140 kB
Active:           363952 kB
Mem:          3.8G       3.7G       137M       5.7M        20M       3.2G

MemTotal:        4016004 kB
MemFree:          140540 kB
Active:           366008 kB
Mem:          3.8G       3.7G       137M       5.7M        20M       3.2G

MemTotal:        4016004 kB
MemFree:          140528 kB
Active:           366008 kB
Mem:          3.8G       3.7G       137M       5.7M        20M       3.2G

MemTotal:        4016004 kB
MemFree:          140440 kB
Active:           366040 kB
Mem:          3.8G       3.7G       137M       5.7M        20M       3.2G

MemTotal:        4016004 kB
MemFree:          127224 kB
Active:           366104 kB
Mem:          3.8G       3.7G       123M       5.7M        20M       3.3G

MemTotal:        4016004 kB
MemFree:          121524 kB
Active:           364332 kB
Mem:          3.8G       3.7G       118M       5.7M        20M       3.3G

MemTotal:        4016004 kB
MemFree:          132792 kB
Active:           363184 kB
Mem:          3.8G       3.7G       129M       5.7M        20M       3.3G

MemTotal:        4016004 kB
MemFree:          134424 kB
Active:           363020 kB
Mem:          3.8G       3.7G       131M       5.7M        20M       3.3G

MemTotal:        4016004 kB
MemFree:          124092 kB
Active:           363100 kB
Mem:          3.8G       3.7G       120M       5.7M        20M       3.3G

MemTotal:        4016004 kB
MemFree:          126024 kB
Active:           360968 kB
Mem:          3.8G       3.7G       122M       5.7M        20M       3.3G

MemTotal:        4016004 kB
MemFree:          115880 kB
Active:           360796 kB
Mem:          3.8G       3.7G       112M       5.7M        20M       3.3G

MemTotal:        4016004 kB
MemFree:          149668 kB
Active:           360796 kB
Mem:          3.8G       3.7G       146M       5.7M        20M       3.2G

MemTotal:        4016004 kB
MemFree:          148132 kB
Active:           360668 kB
Mem:          3.8G       3.7G       144M       5.7M        20M       3.2G

MemTotal:        4016004 kB
MemFree:          147044 kB
Active:           360720 kB
Mem:          3.8G       3.7G       143M       5.7M        20M       3.2G

MemTotal:        4016004 kB
MemFree:          145712 kB
Active:           360732 kB
Mem:          3.8G       3.7G       142M       5.7M        20M       3.2G

MemTotal:        4016004 kB
MemFree:          145804 kB
Active:           360740 kB
Mem:          3.8G       3.7G       142M       5.7M        20M       3.2G

MemTotal:        4016004 kB
MemFree:          143464 kB
Active:           360804 kB
Mem:          3.8G       3.7G       140M       5.7M        20M       3.2G

MemTotal:        4016004 kB
MemFree:          143276 kB
Active:           361004 kB
Mem:          3.8G       3.7G       139M       5.7M        20M       3.2G

MemTotal:        4016004 kB
MemFree:          142816 kB
Active:           361028 kB
Mem:          3.8G       3.7G       139M       5.7M        20M       3.2G

MemTotal:        4016004 kB
MemFree:          142348 kB
Active:           360988 kB
Mem:          3.8G       3.7G       138M       5.7M        20M       3.2G

MemTotal:        4016004 kB
MemFree:          133332 kB
Active:           367064 kB
Mem:          3.8G       3.7G       130M       5.7M        26M       3.2G

MemTotal:        4016004 kB
MemFree:          123820 kB
Active:           367852 kB
Mem:          3.8G       3.7G       120M       5.7M        27M       3.3G

MemTotal:        4016004 kB
MemFree:          141812 kB
Active:           367776 kB
Mem:          3.8G       3.7G       138M       5.7M        27M       3.2G

MemTotal:        4016004 kB
MemFree:          139376 kB
Active:           367632 kB
Mem:          3.8G       3.7G       136M       5.7M        27M       3.2G

MemTotal:        4016004 kB
MemFree:          136232 kB
Active:           367748 kB
Mem:          3.8G       3.7G       133M       5.7M        27M       3.2G

MemTotal:        4016004 kB
MemFree:          133380 kB
Active:           367632 kB
Mem:          3.8G       3.7G       130M       5.7M        27M       3.2G

MemTotal:        4016004 kB
MemFree:          127312 kB
Active:           367548 kB
Mem:          3.8G       3.7G       124M       5.7M        27M       3.3G

MemTotal:        4016004 kB
MemFree:          116684 kB
Active:           367524 kB
Mem:          3.8G       3.7G       113M       5.7M        27M       3.3G

MemTotal:        4016004 kB
MemFree:          133132 kB
Active:           366108 kB
Mem:          3.8G       3.7G       129M       5.7M        27M       3.2G

MemTotal:        4016004 kB
MemFree:          132396 kB
Active:           366336 kB
Mem:          3.8G       3.7G       128M       5.7M        27M       3.2G

MemTotal:        4016004 kB
MemFree:          128448 kB
Active:           365716 kB
Mem:          3.8G       3.7G       125M       5.7M        27M       3.2G

MemTotal:        4016004 kB
MemFree:          127056 kB
Active:           369796 kB
Mem:          3.8G       3.7G       123M       5.7M        27M       3.2G

MemTotal:        4016004 kB
MemFree:          126256 kB
Active:           369816 kB
Mem:          3.8G       3.7G       123M       5.7M        27M       3.2G

MemTotal:        4016004 kB
MemFree:          121512 kB
Active:           367272 kB
Mem:          3.8G       3.7G       118M       5.7M        27M       3.3G

MemTotal:        4016004 kB
MemFree:          146536 kB
Active:           367288 kB
Mem:          3.8G       3.7G       142M       5.7M        27M       3.2G

MemTotal:        4016004 kB
MemFree:          117776 kB
Active:           367260 kB
Mem:          3.8G       3.7G       115M       5.7M        27M       3.3G

MemTotal:        4016004 kB
MemFree:          145888 kB
Active:           362652 kB
Mem:          3.8G       3.7G       142M       5.7M        27M       3.2G

MemTotal:        4016004 kB
MemFree:          138744 kB
Active:           362652 kB
Mem:          3.8G       3.7G       134M       5.7M        27M       3.2G

MemTotal:        4016004 kB
MemFree:          135280 kB
Active:           362652 kB
Mem:          3.8G       3.7G       132M       5.7M        27M       3.2G

MemTotal:        4016004 kB
MemFree:          117688 kB
Active:           362660 kB
Mem:          3.8G       3.7G       114M       5.7M        27M       3.3G

MemTotal:        4016004 kB
MemFree:          133492 kB
Active:           362660 kB
Mem:          3.8G       3.7G       130M       5.7M        27M       3.2G

MemTotal:        4016004 kB
MemFree:          130036 kB
Active:           362672 kB
Mem:          3.8G       3.7G       127M       5.7M        27M       3.2G

MemTotal:        4016004 kB
MemFree:          130004 kB
Active:           362684 kB
Mem:          3.8G       3.7G       126M       5.7M        27M       3.2G

MemTotal:        4016004 kB
MemFree:          128828 kB
Active:           362684 kB
Mem:          3.8G       3.7G       125M       5.7M        27M       3.2G

MemTotal:        4016004 kB
MemFree:          128864 kB
Active:           362672 kB
Mem:          3.8G       3.7G       126M       5.7M        27M       3.2G

MemTotal:        4016004 kB
MemFree:          128900 kB
Active:           362692 kB
Mem:          3.8G       3.7G       125M       5.7M        27M       3.2G

MemTotal:        4016004 kB
MemFree:          132728 kB
Active:           361544 kB
Mem:          3.8G       3.7G       129M       5.7M        27M       3.2G

MemTotal:        4016004 kB
MemFree:          127528 kB
Active:           361548 kB
Mem:          3.8G       3.7G       124M       5.7M        27M       3.2G

MemTotal:        4016004 kB
MemFree:          120684 kB
Active:           361548 kB
Mem:          3.8G       3.7G       117M       5.7M        27M       3.3G

MemTotal:        4016004 kB
MemFree:          135572 kB
Active:           361548 kB
Mem:          3.8G       3.7G       131M       5.7M        27M       3.2G

MemTotal:        4016004 kB
MemFree:          138748 kB
Active:           357060 kB
Mem:          3.8G       3.7G       135M       5.7M        27M       3.2G

MemTotal:        4016004 kB
MemFree:          135084 kB
Active:           357060 kB
Mem:          3.8G       3.7G       131M       5.7M        27M       3.2G

MemTotal:        4016004 kB
MemFree:          149868 kB
Active:           357072 kB
Mem:          3.8G       3.7G       146M       5.7M        27M       3.2G

MemTotal:        4016004 kB
MemFree:          137832 kB
Active:           357072 kB
Mem:          3.8G       3.7G       134M       5.7M        27M       3.2G

MemTotal:        4016004 kB
MemFree:          126400 kB
Active:           357072 kB
Mem:          3.8G       3.7G       123M       5.7M        27M       3.2G

MemTotal:        4016004 kB
MemFree:          131824 kB
Active:           356956 kB
Mem:          3.8G       3.7G       128M       5.7M        27M       3.2G

MemTotal:        4016004 kB
MemFree:          132076 kB
Active:           356908 kB
Mem:          3.8G       3.7G       128M       5.7M        27M       3.2G

MemTotal:        4016004 kB
MemFree:          130104 kB
Active:           356968 kB
Mem:          3.8G       3.7G       127M       5.7M        27M       3.2G

MemTotal:        4016004 kB
MemFree:          129176 kB
Active:           356920 kB
Mem:          3.8G       3.7G       126M       5.7M        27M       3.2G

MemTotal:        4016004 kB
MemFree:          137752 kB
Active:           356968 kB
Mem:          3.8G       3.7G       134M       5.7M        27M       3.2G

MemTotal:        4016004 kB
MemFree:          115704 kB
Active:           354408 kB
Mem:          3.8G       3.7G       112M       5.7M        27M       3.3G

MemTotal:        4016004 kB
MemFree:          109156 kB
Active:           354412 kB
Mem:          3.8G       3.7G       106M       5.7M        27M       3.3G

MemTotal:        4016004 kB
MemFree:          139840 kB
Active:           354420 kB
Mem:          3.8G       3.7G       135M       5.7M        27M       3.2G

MemTotal:        4016004 kB
MemFree:          148104 kB
Active:           354432 kB
Mem:          3.8G       3.7G       144M       5.7M        27M       3.2G

MemTotal:        4016004 kB
MemFree:          132512 kB
Active:           354432 kB
Mem:          3.8G       3.7G       129M       5.7M        27M       3.2G

MemTotal:        4016004 kB
MemFree:          127452 kB
Active:           354432 kB
Mem:          3.8G       3.7G       124M       5.7M        27M       3.2G

MemTotal:        4016004 kB
MemFree:          129836 kB
Active:           354440 kB
Mem:          3.8G       3.7G       126M       5.7M        27M       3.2G

MemTotal:        4016004 kB
MemFree:          125396 kB
Active:           354440 kB
Mem:          3.8G       3.7G       122M       5.7M        27M       3.2G

MemTotal:        4016004 kB
MemFree:          123588 kB
Active:           354452 kB
Mem:          3.8G       3.7G       120M       5.7M        27M       3.2G

MemTotal:        4016004 kB
MemFree:          121608 kB
Active:           354456 kB
Mem:          3.8G       3.7G       118M       5.7M        27M       3.2G

MemTotal:        4016004 kB
MemFree:          120388 kB
Active:           354472 kB
Mem:          3.8G       3.7G       117M       5.7M        27M       3.3G

MemTotal:        4016004 kB
MemFree:          119372 kB
Active:           356524 kB
Mem:          3.8G       3.7G       116M       5.7M        27M       3.3G

MemTotal:        4016004 kB
MemFree:          127192 kB
Active:           354016 kB
Mem:          3.8G       3.7G       123M       5.7M        27M       3.2G

MemTotal:        4016004 kB
MemFree:          105700 kB
Active:           353868 kB
Mem:          3.8G       3.7G       102M       5.7M        27M       3.3G

MemTotal:        4016004 kB
MemFree:          134020 kB
Active:           353780 kB
Mem:          3.8G       3.7G       130M       5.7M        27M       3.2G

MemTotal:        4016004 kB
MemFree:          117816 kB
Active:           353792 kB
Mem:          3.8G       3.7G       114M       5.7M        27M       3.3G

MemTotal:        4016004 kB
MemFree:          136148 kB
Active:           353792 kB
Mem:          3.8G       3.7G       132M       5.7M        27M       3.2G

MemTotal:        4016004 kB
MemFree:          125816 kB
Active:           353800 kB
Mem:          3.8G       3.7G       126M       5.7M        27M       3.2G

MemTotal:        4016004 kB
MemFree:          118452 kB
Active:           353800 kB
Mem:          3.8G       3.7G       114M       5.7M        27M       3.3G

MemTotal:        4016004 kB
MemFree:          134708 kB
Active:           352432 kB
Mem:          3.8G       3.7G       131M       5.7M        27M       3.2G

MemTotal:        4016004 kB
MemFree:          133460 kB
Active:           353116 kB
Mem:          3.8G       3.7G       129M       5.7M        27M       3.2G

MemTotal:        4016004 kB
MemFree:          132496 kB
Active:           353120 kB
Mem:          3.8G       3.7G       129M       5.7M        27M       3.2G

MemTotal:        4016004 kB
MemFree:          130888 kB
Active:           353120 kB
Mem:          3.8G       3.7G       127M       5.7M        27M       3.2G

MemTotal:        4016004 kB
MemFree:          116228 kB
Active:           353128 kB
Mem:          3.8G       3.7G       113M       5.7M        27M       3.3G

MemTotal:        4016004 kB
MemFree:          130304 kB
Active:           352876 kB
Mem:          3.8G       3.7G       127M       5.7M        27M       3.2G

MemTotal:        4016004 kB
MemFree:          133880 kB
Active:           352876 kB
Mem:          3.8G       3.7G       130M       5.7M        27M       3.2G

MemTotal:        4016004 kB
MemFree:          145080 kB
Active:           352880 kB
Mem:          3.8G       3.7G       141M       5.7M        27M       3.2G

MemTotal:        4016004 kB
MemFree:          112344 kB
Active:           352868 kB
Mem:          3.8G       3.7G       109M       5.7M        27M       3.3G

MemTotal:        4016004 kB
MemFree:          131020 kB
Active:           352904 kB
Mem:          3.8G       3.7G       127M       5.7M        27M       3.2G

MemTotal:        4016004 kB
MemFree:          143432 kB
Active:           350980 kB
Mem:          3.8G       3.7G       139M       5.7M        27M       3.2G

MemTotal:        4016004 kB
MemFree:          128728 kB
Active:           350972 kB
Mem:          3.8G       3.7G       128M       5.7M        27M       3.2G

MemTotal:        4016004 kB
MemFree:          110320 kB
Active:           350996 kB
Mem:          3.8G       3.7G       107M       5.7M        27M       3.3G

MemTotal:        4016004 kB
MemFree:          144108 kB
Active:           351008 kB
Mem:          3.8G       3.7G       140M       5.7M        27M       3.2G

MemTotal:        4016004 kB
MemFree:          143536 kB
Active:           350988 kB
Mem:          3.8G       3.7G       139M       5.7M        27M       3.2G

MemTotal:        4016004 kB
MemFree:          142144 kB
Active:           351012 kB
Mem:          3.8G       3.7G       138M       5.7M        27M       3.2G

MemTotal:        4016004 kB
MemFree:          141436 kB
Active:           350996 kB
Mem:          3.8G       3.7G       137M       5.7M        27M       3.2G

MemTotal:        4016004 kB
MemFree:          128140 kB
Active:           351012 kB
Mem:          3.8G       3.7G       124M       5.7M        27M       3.2G

MemTotal:        4016004 kB
MemFree:          110044 kB
Active:           351016 kB
Mem:          3.8G       3.7G       107M       5.7M        27M       3.3G

MemTotal:        4016004 kB
MemFree:          125644 kB
Active:           351024 kB
Mem:          3.8G       3.7G       122M       5.7M        27M       3.2G

MemTotal:        4016004 kB
MemFree:          136164 kB
Active:           351040 kB
Mem:          3.8G       3.7G       132M       5.7M        27M       3.2G

MemTotal:        4016004 kB
MemFree:          129980 kB
Active:           351040 kB
Mem:          3.8G       3.7G       126M       5.7M        27M       3.2G

MemTotal:        4016004 kB
MemFree:          118836 kB
Active:           351040 kB
Mem:          3.8G       3.7G       115M       5.7M        27M       3.3G

MemTotal:        4016004 kB
MemFree:          136920 kB
Active:           351040 kB
Mem:          3.8G       3.7G       133M       5.7M        27M       3.2G

MemTotal:        4016004 kB
MemFree:          147316 kB
Active:           349420 kB
Mem:          3.8G       3.7G       143M       5.7M        27M       3.2G

MemTotal:        4016004 kB
MemFree:          123136 kB
Active:           349424 kB
Mem:          3.8G       3.7G       119M       5.7M        27M       3.2G

MemTotal:        4016004 kB
MemFree:          120888 kB
Active:           349440 kB
Mem:          3.8G       3.7G       118M       5.7M        27M       3.2G

MemTotal:        4016004 kB
MemFree:          119160 kB
Active:           349448 kB
Mem:          3.8G       3.7G       116M       5.7M        27M       3.2G

MemTotal:        4016004 kB
MemFree:          117524 kB
Active:           349452 kB
Mem:          3.8G       3.7G       114M       5.7M        27M       3.3G

MemTotal:        4016004 kB
MemFree:          117156 kB
Active:           349432 kB
Mem:          3.8G       3.7G       114M       5.7M        27M       3.3G

MemTotal:        4016004 kB
MemFree:          135392 kB
Active:           349460 kB
Mem:          3.8G       3.7G       132M       5.7M        27M       3.2G

MemTotal:        4016004 kB
MemFree:          141964 kB
Active:           349460 kB
Mem:          3.8G       3.7G       138M       5.7M        27M       3.2G

MemTotal:        4016004 kB
MemFree:          130972 kB
Active:           349460 kB
Mem:          3.8G       3.7G       127M       5.7M        27M       3.2G

MemTotal:        4016004 kB
MemFree:          131252 kB
Active:           349460 kB
Mem:          3.8G       3.7G       128M       5.7M        27M       3.2G

MemTotal:        4016004 kB
MemFree:          116868 kB
Active:           349460 kB
Mem:          3.8G       3.7G       113M       5.7M        27M       3.3G

MemTotal:        4016004 kB
MemFree:          136300 kB
Active:           349440 kB
Mem:          3.8G       3.7G       132M       5.7M        27M       3.2G

MemTotal:        4016004 kB
MemFree:          130576 kB
Active:           349472 kB
Mem:          3.8G       3.7G       127M       5.7M        27M       3.2G

MemTotal:        4016004 kB
MemFree:          135628 kB
Active:           349476 kB
Mem:          3.8G       3.7G       132M       5.7M        27M       3.2G

MemTotal:        4016004 kB
MemFree:          114612 kB
Active:           349488 kB
Mem:          3.8G       3.7G       111M       5.7M        27M       3.3G

MemTotal:        4016004 kB
MemFree:          112068 kB
Active:           349500 kB
Mem:          3.8G       3.7G       108M       5.7M        27M       3.3G

MemTotal:        4016004 kB
MemFree:          111032 kB
Active:           349452 kB
Mem:          3.8G       3.7G       108M       5.7M        27M       3.3G

MemTotal:        4016004 kB
MemFree:          109952 kB
Active:           349456 kB
Mem:          3.8G       3.7G       107M       5.7M        27M       3.3G

MemTotal:        4016004 kB
MemFree:          136732 kB
Active:           349284 kB
Mem:          3.8G       3.7G       132M       5.7M        27M       3.2G

MemTotal:        4016004 kB
MemFree:          137196 kB
Active:           348972 kB
Mem:          3.8G       3.7G       133M       5.7M        27M       3.2G

MemTotal:        4016004 kB
MemFree:          137072 kB
Active:           348972 kB
Mem:          3.8G       3.7G       134M       5.7M        27M       3.2G

MemTotal:        4016004 kB
MemFree:          137444 kB
Active:           348964 kB
Mem:          3.8G       3.7G       134M       5.7M        27M       3.2G

MemTotal:        4016004 kB
MemFree:          137568 kB
Active:           348972 kB
Mem:          3.8G       3.7G       134M       5.7M        27M       3.2G

MemTotal:        4016004 kB
MemFree:          137568 kB
Active:           348936 kB
Mem:          3.8G       3.7G       134M       5.7M        27M       3.2G

MemTotal:        4016004 kB
MemFree:          137196 kB
Active:           348980 kB
Mem:          3.8G       3.7G       133M       5.7M        27M       3.2G

MemTotal:        4016004 kB
MemFree:          137196 kB
Active:           348980 kB
Mem:          3.8G       3.7G       133M       5.7M        27M       3.2G

MemTotal:        4016004 kB
MemFree:          134900 kB
Active:           348948 kB
Mem:          3.8G       3.7G       131M       5.7M        27M       3.2G

MemTotal:        4016004 kB
MemFree:          134652 kB
Active:           351008 kB
Mem:          3.8G       3.7G       131M       5.7M        27M       3.2G

MemTotal:        4016004 kB
MemFree:          135024 kB
Active:           350956 kB
Mem:          3.8G       3.7G       131M       5.7M        27M       3.2G

MemTotal:        4016004 kB
MemFree:          135024 kB
Active:           350964 kB
Mem:          3.8G       3.7G       131M       5.7M        27M       3.2G

MemTotal:        4016004 kB
MemFree:          135024 kB
Active:           351012 kB
Mem:          3.8G       3.7G       131M       5.7M        27M       3.2G

MemTotal:        4016004 kB
MemFree:          134528 kB
Active:           351016 kB
Mem:          3.8G       3.7G       131M       5.7M        27M       3.2G

MemTotal:        4016004 kB
MemFree:          134404 kB
Active:           351020 kB
Mem:          3.8G       3.7G       131M       5.7M        27M       3.2G

MemTotal:        4016004 kB
MemFree:          134776 kB
Active:           351012 kB
Mem:          3.8G       3.7G       131M       5.7M        27M       3.2G

MemTotal:        4016004 kB
MemFree:          134404 kB
Active:           351020 kB
Mem:          3.8G       3.7G       131M       5.7M        27M       3.2G

MemTotal:        4016004 kB
MemFree:          134776 kB
Active:           351012 kB
Mem:          3.8G       3.7G       131M       5.7M        27M       3.2G

MemTotal:        4016004 kB
MemFree:          135272 kB
Active:           351012 kB
Mem:          3.8G       3.7G       132M       5.7M        27M       3.2G

MemTotal:        4016004 kB
MemFree:          135272 kB
Active:           351012 kB
Mem:          3.8G       3.7G       132M       5.7M        27M       3.2G

MemTotal:        4016004 kB
MemFree:          134776 kB
Active:           351040 kB
Mem:          3.8G       3.7G       131M       5.7M        27M       3.2G

MemTotal:        4016004 kB
MemFree:          135148 kB
Active:           351012 kB
Mem:          3.8G       3.7G       132M       5.7M        27M       3.2G

MemTotal:        4016004 kB
MemFree:          135272 kB
Active:           351016 kB
Mem:          3.8G       3.7G       132M       5.7M        27M       3.2G

MemTotal:        4016004 kB
MemFree:          135024 kB
Active:           351044 kB
Mem:          3.8G       3.7G       131M       5.7M        27M       3.2G

MemTotal:        4016004 kB
MemFree:          135024 kB
Active:           351016 kB
Mem:          3.8G       3.7G       131M       5.7M        27M       3.2G

MemTotal:        4016004 kB
MemFree:          135024 kB
Active:           351036 kB
Mem:          3.8G       3.7G       131M       5.7M        27M       3.2G

MemTotal:        4016004 kB
MemFree:          134652 kB
Active:           351044 kB
Mem:          3.8G       3.7G       131M       5.7M        27M       3.2G

MemTotal:        4016004 kB
MemFree:          134988 kB
Active:           351004 kB
Mem:          3.8G       3.7G       131M       5.7M        27M       3.2G

MemTotal:        4016004 kB
MemFree:          134680 kB
Active:           351044 kB
Mem:          3.8G       3.7G       131M       5.7M        27M       3.2G

MemTotal:        4016004 kB
MemFree:          134932 kB
Active:           351032 kB
Mem:          3.8G       3.7G       131M       5.7M        27M       3.2G

MemTotal:        4016004 kB
MemFree:          134560 kB
Active:           351052 kB
Mem:          3.8G       3.7G       131M       5.7M        27M       3.2G

MemTotal:        4016004 kB
MemFree:          134932 kB
Active:           351016 kB
Mem:          3.8G       3.7G       131M       5.7M        27M       3.2G

MemTotal:        4016004 kB
MemFree:          135180 kB
Active:           350996 kB
Mem:          3.8G       3.7G       131M       5.7M        27M       3.2G

MemTotal:        4016004 kB
MemFree:          135056 kB
Active:           351056 kB
Mem:          3.8G       3.7G       131M       5.7M        27M       3.2G

MemTotal:        4016004 kB
MemFree:          134808 kB
Active:           351060 kB
Mem:          3.8G       3.7G       131M       5.7M        27M       3.2G

MemTotal:        4016004 kB
MemFree:          134560 kB
Active:           351060 kB
Mem:          3.8G       3.7G       131M       5.7M        27M       3.2G

MemTotal:        4016004 kB
MemFree:          134684 kB
Active:           351044 kB
Mem:          3.8G       3.7G       131M       5.7M        27M       3.2G

MemTotal:        4016004 kB
MemFree:          134436 kB
Active:           351068 kB
Mem:          3.8G       3.7G       131M       5.7M        27M       3.2G

MemTotal:        4016004 kB
MemFree:          134436 kB
Active:           351076 kB
Mem:          3.8G       3.7G       131M       5.7M        27M       3.2G

MemTotal:        4016004 kB
MemFree:          135056 kB
Active:           351028 kB
Mem:          3.8G       3.7G       131M       5.7M        27M       3.2G

MemTotal:        4016004 kB
MemFree:          134684 kB
Active:           351076 kB
Mem:          3.8G       3.7G       131M       5.7M        27M       3.2G

MemTotal:        4016004 kB
MemFree:          135428 kB
Active:           351056 kB
Mem:          3.8G       3.7G       132M       5.7M        27M       3.2G

MemTotal:        4016004 kB
MemFree:          135552 kB
Active:           351044 kB
Mem:          3.8G       3.7G       132M       5.7M        27M       3.2G

MemTotal:        4016004 kB
MemFree:          135056 kB
Active:           351076 kB
Mem:          3.8G       3.7G       132M       5.7M        27M       3.2G

MemTotal:        4016004 kB
MemFree:          135304 kB
Active:           351032 kB
Mem:          3.8G       3.7G       132M       5.7M        27M       3.2G

MemTotal:        4016004 kB
MemFree:          135180 kB
Active:           351048 kB
Mem:          3.8G       3.7G       131M       5.7M        27M       3.2G

MemTotal:        4016004 kB
MemFree:          135180 kB
Active:           351040 kB
Mem:          3.8G       3.7G       131M       5.7M        27M       3.2G

MemTotal:        4016004 kB
MemFree:          134932 kB
Active:           351048 kB
Mem:          3.8G       3.7G       131M       5.7M        27M       3.2G

MemTotal:        4016004 kB
MemFree:          133132 kB
Active:           351092 kB
Mem:          3.8G       3.7G       130M       5.7M        27M       3.2G

MemTotal:        4016004 kB
MemFree:          133380 kB
Active:           353116 kB
Mem:          3.8G       3.7G       129M       5.7M        27M       3.2G

MemTotal:        4016004 kB
MemFree:          133380 kB
Active:           353092 kB
Mem:          3.8G       3.7G       130M       5.7M        27M       3.2G

MemTotal:        4016004 kB
MemFree:          132884 kB
Active:           353132 kB
Mem:          3.8G       3.7G       129M       5.7M        27M       3.2G

MemTotal:        4016004 kB
MemFree:          132760 kB
Active:           353116 kB
Mem:          3.8G       3.7G       129M       5.7M        27M       3.2G

MemTotal:        4016004 kB
MemFree:          132512 kB
Active:           353132 kB
Mem:          3.8G       3.7G       129M       5.7M        27M       3.2G

MemTotal:        4016004 kB
MemFree:          132388 kB
Active:           353132 kB
Mem:          3.8G       3.7G       129M       5.7M        27M       3.2G

MemTotal:        4016004 kB
MemFree:          132264 kB
Active:           353140 kB
Mem:          3.8G       3.7G       129M       5.7M        27M       3.2G

MemTotal:        4016004 kB
MemFree:          132264 kB
Active:           353140 kB
Mem:          3.8G       3.7G       129M       5.7M        27M       3.2G

MemTotal:        4016004 kB
MemFree:          132264 kB
Active:           353140 kB
Mem:          3.8G       3.7G       129M       5.7M        27M       3.2G

MemTotal:        4016004 kB
MemFree:          132760 kB
Active:           353140 kB
Mem:          3.8G       3.7G       129M       5.7M        27M       3.2G

MemTotal:        4016004 kB
MemFree:          133008 kB
Active:           353124 kB
Mem:          3.8G       3.7G       129M       5.7M        27M       3.2G

MemTotal:        4016004 kB
MemFree:          133132 kB
Active:           353108 kB
Mem:          3.8G       3.7G       130M       5.7M        27M       3.2G

MemTotal:        4016004 kB
MemFree:          133008 kB
Active:           353140 kB
Mem:          3.8G       3.7G       130M       5.7M        27M       3.2G

MemTotal:        4016004 kB
MemFree:          133008 kB
Active:           353140 kB
Mem:          3.8G       3.7G       129M       5.7M        27M       3.2G

MemTotal:        4016004 kB
MemFree:          133256 kB
Active:           353100 kB
Mem:          3.8G       3.7G       130M       5.7M        27M       3.2G

MemTotal:        4016004 kB
MemFree:          132884 kB
Active:           353144 kB
Mem:          3.8G       3.7G       129M       5.7M        27M       3.2G

MemTotal:        4016004 kB
MemFree:          133256 kB
Active:           353120 kB
Mem:          3.8G       3.7G       130M       5.7M        27M       3.2G

MemTotal:        4016004 kB
MemFree:          133132 kB
Active:           353128 kB
Mem:          3.8G       3.7G       129M       5.7M        27M       3.2G

MemTotal:        4016004 kB
MemFree:          133256 kB
Active:           353132 kB
Mem:          3.8G       3.7G       130M       5.7M        27M       3.2G

MemTotal:        4016004 kB
MemFree:          132760 kB
Active:           353148 kB
Mem:          3.8G       3.7G       129M       5.7M        27M       3.2G

MemTotal:        4016004 kB
MemFree:          132760 kB
Active:           353132 kB
Mem:          3.8G       3.7G       129M       5.7M        27M       3.2G

MemTotal:        4016004 kB
MemFree:          132760 kB
Active:           353140 kB
Mem:          3.8G       3.7G       129M       5.7M        27M       3.2G

MemTotal:        4016004 kB
MemFree:          132388 kB
Active:           353160 kB
Mem:          3.8G       3.7G       129M       5.7M        27M       3.2G

MemTotal:        4016004 kB
MemFree:          132760 kB
Active:           353128 kB
Mem:          3.8G       3.7G       129M       5.7M        27M       3.2G

MemTotal:        4016004 kB
MemFree:          132636 kB
Active:           353124 kB
Mem:          3.8G       3.7G       129M       5.7M        27M       3.2G

MemTotal:        4016004 kB
MemFree:          132636 kB
Active:           353124 kB
Mem:          3.8G       3.7G       129M       5.7M        27M       3.2G

MemTotal:        4016004 kB
MemFree:          132884 kB
Active:           353160 kB
Mem:          3.8G       3.7G       129M       5.7M        27M       3.2G

MemTotal:        4016004 kB
MemFree:          132636 kB
Active:           353160 kB
Mem:          3.8G       3.7G       129M       5.7M        27M       3.2G

MemTotal:        4016004 kB
MemFree:          133132 kB
Active:           353112 kB
Mem:          3.8G       3.7G       130M       5.7M        27M       3.2G

MemTotal:        4016004 kB
MemFree:          132884 kB
Active:           353164 kB
Mem:          3.8G       3.7G       129M       5.7M        27M       3.2G

MemTotal:        4016004 kB
MemFree:          133008 kB
Active:           353116 kB
Mem:          3.8G       3.7G       129M       5.7M        27M       3.2G

MemTotal:        4016004 kB
MemFree:          133132 kB
Active:           353160 kB
Mem:          3.8G       3.7G       129M       5.7M        27M       3.2G

MemTotal:        4016004 kB
MemFree:          132636 kB
Active:           353164 kB
Mem:          3.8G       3.7G       129M       5.7M        27M       3.2G

MemTotal:        4016004 kB
MemFree:          133008 kB
Active:           353144 kB
Mem:          3.8G       3.7G       129M       5.7M        27M       3.2G

MemTotal:        4016004 kB
MemFree:          132760 kB
Active:           353168 kB
Mem:          3.8G       3.7G       129M       5.7M        27M       3.2G

MemTotal:        4016004 kB
MemFree:          132760 kB
Active:           353136 kB
Mem:          3.8G       3.7G       129M       5.7M        27M       3.2G

MemTotal:        4016004 kB
MemFree:          132512 kB
Active:           353176 kB
Mem:          3.8G       3.7G       129M       5.7M        27M       3.2G

MemTotal:        4016004 kB
MemFree:          132636 kB
Active:           353176 kB
Mem:          3.8G       3.7G       129M       5.7M        27M       3.2G

MemTotal:        4016004 kB
MemFree:          132884 kB
Active:           353168 kB
Mem:          3.8G       3.7G       129M       5.7M        27M       3.2G

MemTotal:        4016004 kB
MemFree:          130464 kB
Active:           353176 kB
Mem:          3.8G       3.7G       127M       5.7M        27M       3.2G

MemTotal:        4016004 kB
MemFree:          130836 kB
Active:           355192 kB
Mem:          3.8G       3.7G       127M       5.7M        27M       3.2G

MemTotal:        4016004 kB
MemFree:          130712 kB
Active:           355184 kB
Mem:          3.8G       3.7G       127M       5.7M        27M       3.2G

MemTotal:        4016004 kB
MemFree:          131084 kB
Active:           355168 kB
Mem:          3.8G       3.7G       127M       5.7M        27M       3.2G

MemTotal:        4016004 kB
MemFree:          130836 kB
Active:           355228 kB
Mem:          3.8G       3.7G       127M       5.7M        27M       3.2G

MemTotal:        4016004 kB
MemFree:          130836 kB
Active:           355228 kB
Mem:          3.8G       3.7G       127M       5.7M        27M       3.2G

MemTotal:        4016004 kB
MemFree:          131084 kB
Active:           355220 kB
Mem:          3.8G       3.7G       127M       5.7M        27M       3.2G

MemTotal:        4016004 kB
MemFree:          131084 kB
Active:           355196 kB
Mem:          3.8G       3.7G       127M       5.7M        27M       3.2G

MemTotal:        4016004 kB
MemFree:          130712 kB
Active:           355228 kB
Mem:          3.8G       3.7G       127M       5.7M        27M       3.2G

MemTotal:        4016004 kB
MemFree:          130712 kB
Active:           355232 kB
Mem:          3.8G       3.7G       127M       5.7M        28M       3.2G

MemTotal:        4016004 kB
MemFree:          131084 kB
Active:           355228 kB
Mem:          3.8G       3.7G       127M       5.7M        28M       3.2G

MemTotal:        4016004 kB
MemFree:          130712 kB
Active:           355244 kB
Mem:          3.8G       3.7G       127M       5.7M        28M       3.2G

MemTotal:        4016004 kB
MemFree:          130588 kB
Active:           355216 kB
Mem:          3.8G       3.7G       127M       5.7M        28M       3.2G

MemTotal:        4016004 kB
MemFree:          130836 kB
Active:           355208 kB
Mem:          3.8G       3.7G       127M       5.7M        28M       3.2G

MemTotal:        4016004 kB
MemFree:          130836 kB
Active:           355248 kB
Mem:          3.8G       3.7G       127M       5.7M        28M       3.2G

MemTotal:        4016004 kB
MemFree:          130588 kB
Active:           355260 kB
Mem:          3.8G       3.7G       127M       5.7M        28M       3.2G

MemTotal:        4016004 kB
MemFree:          130960 kB
Active:           355236 kB
Mem:          3.8G       3.7G       127M       5.7M        28M       3.2G

MemTotal:        4016004 kB
MemFree:          130960 kB
Active:           355208 kB
Mem:          3.8G       3.7G       127M       5.7M        28M       3.2G

MemTotal:        4016004 kB
MemFree:          130464 kB
Active:           355264 kB
Mem:          3.8G       3.7G       127M       5.7M        28M       3.2G

MemTotal:        4016004 kB
MemFree:          130464 kB
Active:           355264 kB
Mem:          3.8G       3.7G       127M       5.7M        28M       3.2G

MemTotal:        4016004 kB
MemFree:          131208 kB
Active:           355236 kB
Mem:          3.8G       3.7G       128M       5.7M        28M       3.2G

MemTotal:        4016004 kB
MemFree:          131208 kB
Active:           355264 kB
Mem:          3.8G       3.7G       127M       5.7M        28M       3.2G

MemTotal:        4016004 kB
MemFree:          130712 kB
Active:           355268 kB
Mem:          3.8G       3.7G       127M       5.7M        28M       3.2G

MemTotal:        4016004 kB
MemFree:          130836 kB
Active:           355240 kB
Mem:          3.8G       3.7G       127M       5.7M        28M       3.2G

MemTotal:        4016004 kB
MemFree:          130464 kB
Active:           355276 kB
Mem:          3.8G       3.7G       127M       5.7M        28M       3.2G

MemTotal:        4016004 kB
MemFree:          130588 kB
Active:           355232 kB
Mem:          3.8G       3.7G       127M       5.7M        28M       3.2G

MemTotal:        4016004 kB
MemFree:          130960 kB
Active:           355228 kB
Mem:          3.8G       3.7G       127M       5.7M        28M       3.2G

MemTotal:        4016004 kB
MemFree:          130836 kB
Active:           355260 kB
Mem:          3.8G       3.7G       127M       5.7M        28M       3.2G

MemTotal:        4016004 kB
MemFree:          131084 kB
Active:           355244 kB
Mem:          3.8G       3.7G       128M       5.7M        28M       3.2G

MemTotal:        4016004 kB
MemFree:          131084 kB
Active:           355276 kB
Mem:          3.8G       3.7G       127M       5.7M        28M       3.2G

MemTotal:        4016004 kB
MemFree:          131332 kB
Active:           355284 kB
Mem:          3.8G       3.7G       128M       5.7M        28M       3.2G

MemTotal:        4016004 kB
MemFree:          131456 kB
Active:           355228 kB
Mem:          3.8G       3.7G       128M       5.7M        28M       3.2G

MemTotal:        4016004 kB
MemFree:          131580 kB
Active:           355244 kB
Mem:          3.8G       3.7G       128M       5.7M        28M       3.2G

MemTotal:        4016004 kB
MemFree:          131208 kB
Active:           355256 kB
Mem:          3.8G       3.7G       128M       5.7M        28M       3.2G

MemTotal:        4016004 kB
MemFree:          131208 kB
Active:           355240 kB
Mem:          3.8G       3.7G       127M       5.7M        28M       3.2G

MemTotal:        4016004 kB
MemFree:          130836 kB
Active:           355288 kB
Mem:          3.8G       3.7G       127M       5.7M        28M       3.2G

MemTotal:        4016004 kB
MemFree:          131332 kB
Active:           355296 kB
Mem:          3.8G       3.7G       128M       5.7M        28M       3.2G

MemTotal:        4016004 kB
MemFree:          131208 kB
Active:           355240 kB
Mem:          3.8G       3.7G       127M       5.7M        28M       3.2G

MemTotal:        4016004 kB
MemFree:          131332 kB
Active:           355268 kB
Mem:          3.8G       3.7G       128M       5.7M        28M       3.2G

MemTotal:        4016004 kB
MemFree:          130836 kB
Active:           355296 kB
Mem:          3.8G       3.7G       128M       5.7M        28M       3.2G

MemTotal:        4016004 kB
MemFree:          131084 kB
Active:           355288 kB
Mem:          3.8G       3.7G       128M       5.7M        28M       3.2G

MemTotal:        4016004 kB
MemFree:          131208 kB
Active:           355288 kB
Mem:          3.8G       3.7G       127M       5.7M        28M       3.2G

MemTotal:        4016004 kB
MemFree:          131084 kB
Active:           355292 kB
Mem:          3.8G       3.7G       128M       5.7M        28M       3.2G

MemTotal:        4016004 kB
MemFree:          130712 kB
Active:           355296 kB
Mem:          3.8G       3.7G       127M       5.7M        28M       3.2G

MemTotal:        4016004 kB
MemFree:          131084 kB
Active:           355292 kB
Mem:          3.8G       3.7G       127M       5.7M        28M       3.2G

MemTotal:        4016004 kB
MemFree:          130588 kB
Active:           355308 kB
Mem:          3.8G       3.7G       127M       5.7M        28M       3.2G

MemTotal:        4016004 kB
MemFree:          131084 kB
Active:           355284 kB
Mem:          3.8G       3.7G       127M       5.7M        28M       3.2G

MemTotal:        4016004 kB
MemFree:          131332 kB
Active:           355276 kB
Mem:          3.8G       3.7G       128M       5.7M        28M       3.2G

MemTotal:        4016004 kB
MemFree:          131208 kB
Active:           355272 kB
Mem:          3.8G       3.7G       128M       5.7M        28M       3.2G

MemTotal:        4016004 kB
MemFree:          131208 kB
Active:           355268 kB
Mem:          3.8G       3.7G       128M       5.7M        28M       3.2G

MemTotal:        4016004 kB
MemFree:          130712 kB
Active:           355308 kB
Mem:          3.8G       3.7G       127M       5.7M        28M       3.2G

MemTotal:        4016004 kB
MemFree:          131084 kB
Active:           355288 kB
Mem:          3.8G       3.7G       127M       5.7M        28M       3.2G

MemTotal:        4016004 kB
MemFree:          131332 kB
Active:           355296 kB
Mem:          3.8G       3.7G       128M       5.7M        28M       3.2G

MemTotal:        4016004 kB
MemFree:          130960 kB
Active:           355316 kB
Mem:          3.8G       3.7G       128M       5.7M        28M       3.2G

MemTotal:        4016004 kB
MemFree:          131208 kB
Active:           355264 kB
Mem:          3.8G       3.7G       128M       5.7M        28M       3.2G

MemTotal:        4016004 kB
MemFree:          131084 kB
Active:           355312 kB
Mem:          3.8G       3.7G       127M       5.7M        28M       3.2G

MemTotal:        4016004 kB
MemFree:          130836 kB
Active:           355316 kB
Mem:          3.8G       3.7G       128M       5.7M        28M       3.2G

MemTotal:        4016004 kB
MemFree:          130960 kB
Active:           355320 kB
Mem:          3.8G       3.7G       127M       5.7M        28M       3.2G

MemTotal:        4016004 kB
MemFree:          131208 kB
Active:           355304 kB
Mem:          3.8G       3.7G       128M       5.7M        28M       3.2G

MemTotal:        4016004 kB
MemFree:          131208 kB
Active:           355292 kB
Mem:          3.8G       3.7G       128M       5.7M        28M       3.2G

MemTotal:        4016004 kB
MemFree:          130712 kB
Active:           355276 kB
Mem:          3.8G       3.7G       127M       5.7M        28M       3.2G

MemTotal:        4016004 kB
MemFree:          130836 kB
Active:           355280 kB
Mem:          3.8G       3.7G       127M       5.7M        28M       3.2G

MemTotal:        4016004 kB
MemFree:          130960 kB
Active:           355276 kB
Mem:          3.8G       3.7G       127M       5.7M        28M       3.2G

MemTotal:        4016004 kB
MemFree:          130960 kB
Active:           355276 kB
Mem:          3.8G       3.7G       127M       5.7M        28M       3.2G

MemTotal:        4016004 kB
MemFree:          130836 kB
Active:           355328 kB
Mem:          3.8G       3.7G       128M       5.7M        28M       3.2G

MemTotal:        4016004 kB
MemFree:          131084 kB
Active:           355332 kB
Mem:          3.8G       3.7G       127M       5.7M        28M       3.2G

MemTotal:        4016004 kB
MemFree:          131084 kB
Active:           355336 kB
Mem:          3.8G       3.7G       128M       5.7M        28M       3.2G

MemTotal:        4016004 kB
MemFree:          130712 kB
Active:           355340 kB
Mem:          3.8G       3.7G       127M       5.7M        28M       3.2G

MemTotal:        4016004 kB
MemFree:          131084 kB
Active:           355288 kB
Mem:          3.8G       3.7G       128M       5.7M        28M       3.2G

MemTotal:        4016004 kB
MemFree:          131208 kB
Active:           355340 kB
Mem:          3.8G       3.7G       128M       5.7M        28M       3.2G

MemTotal:        4016004 kB
MemFree:          131084 kB
Active:           355348 kB
Mem:          3.8G       3.7G       128M       5.7M        28M       3.2G

MemTotal:        4016004 kB
MemFree:          130836 kB
Active:           355356 kB
Mem:          3.8G       3.7G       127M       5.7M        28M       3.2G

MemTotal:        4016004 kB
MemFree:          130712 kB
Active:           355332 kB
Mem:          3.8G       3.7G       127M       5.7M        28M       3.2G

MemTotal:        4016004 kB
MemFree:          130836 kB
Active:           355316 kB
Mem:          3.8G       3.7G       127M       5.7M        28M       3.2G

MemTotal:        4016004 kB
MemFree:          130340 kB
Active:           355364 kB
Mem:          3.8G       3.7G       127M       5.7M        28M       3.2G

MemTotal:        4016004 kB
MemFree:          130464 kB
Active:           355364 kB
Mem:          3.8G       3.7G       127M       5.7M        28M       3.2G

MemTotal:        4016004 kB
MemFree:          130712 kB
Active:           355332 kB
Mem:          3.8G       3.7G       127M       5.7M        28M       3.2G

MemTotal:        4016004 kB
MemFree:          130216 kB
Active:           355368 kB
Mem:          3.8G       3.7G       127M       5.7M        28M       3.2G

MemTotal:        4016004 kB
MemFree:          130588 kB
Active:           355364 kB
Mem:          3.8G       3.7G       127M       5.7M        28M       3.2G

MemTotal:        4016004 kB
MemFree:          130604 kB
Active:           355352 kB
Mem:          3.8G       3.7G       127M       5.7M        28M       3.2G

MemTotal:        4016004 kB
MemFree:          130604 kB
Active:           355348 kB
Mem:          3.8G       3.7G       127M       5.7M        28M       3.2G

MemTotal:        4016004 kB
MemFree:          130604 kB
Active:           355380 kB
Mem:          3.8G       3.7G       127M       5.7M        28M       3.2G

MemTotal:        4016004 kB
MemFree:          131100 kB
Active:           355332 kB
Mem:          3.8G       3.7G       128M       5.7M        28M       3.2G

MemTotal:        4016004 kB
MemFree:          131224 kB
Active:           355336 kB
Mem:          3.8G       3.7G       128M       5.7M        28M       3.2G

MemTotal:        4016004 kB
MemFree:          131224 kB
Active:           355340 kB
Mem:          3.8G       3.7G       128M       5.7M        28M       3.2G

MemTotal:        4016004 kB
MemFree:          131224 kB
Active:           355328 kB
Mem:          3.8G       3.7G       128M       5.7M        28M       3.2G

MemTotal:        4016004 kB
MemFree:          131224 kB
Active:           355340 kB
Mem:          3.8G       3.7G       128M       5.7M        28M       3.2G

MemTotal:        4016004 kB
MemFree:          131224 kB
Active:           355376 kB
Mem:          3.8G       3.7G       127M       5.7M        28M       3.2G

MemTotal:        4016004 kB
MemFree:          130976 kB
Active:           355360 kB
Mem:          3.8G       3.7G       127M       5.7M        28M       3.2G

MemTotal:        4016004 kB
MemFree:          130976 kB
Active:           355368 kB
Mem:          3.8G       3.7G       127M       5.7M        28M       3.2G

MemTotal:        4016004 kB
MemFree:          131100 kB
Active:           355392 kB
Mem:          3.8G       3.7G       127M       5.7M        28M       3.2G

MemTotal:        4016004 kB
MemFree:          130604 kB
Active:           355392 kB
Mem:          3.8G       3.7G       127M       5.7M        28M       3.2G

MemTotal:        4016004 kB
MemFree:          131100 kB
Active:           355340 kB
Mem:          3.8G       3.7G       127M       5.7M        28M       3.2G

MemTotal:        4016004 kB
MemFree:          130976 kB
Active:           355348 kB
Mem:          3.8G       3.7G       127M       5.7M        28M       3.2G

MemTotal:        4016004 kB
MemFree:          130852 kB
Active:           355408 kB
Mem:          3.8G       3.7G       127M       5.7M        28M       3.2G

MemTotal:        4016004 kB
MemFree:          129968 kB
Active:           355484 kB
Mem:          3.8G       3.7G       126M       5.7M        28M       3.2G

