MemTotal:        4016004 kB
MemFree:         3246676 kB
Active:           412316 kB
Mem:          3.8G       751M       3.1G       5.7M        54M       315M

MemTotal:        4016004 kB
MemFree:         3246184 kB
Active:           412192 kB
Mem:          3.8G       751M       3.1G       5.7M        54M       315M

MemTotal:        4016004 kB
MemFree:         3246044 kB
Active:           412268 kB
Mem:          3.8G       751M       3.1G       5.7M        54M       315M

MemTotal:        4016004 kB
MemFree:         3246152 kB
Active:           412252 kB
Mem:          3.8G       751M       3.1G       5.7M        54M       315M

MemTotal:        4016004 kB
MemFree:         3245888 kB
Active:           412272 kB
Mem:          3.8G       751M       3.1G       5.7M        54M       315M

MemTotal:        4016004 kB
MemFree:         3246492 kB
Active:           412264 kB
Mem:          3.8G       751M       3.1G       5.7M        54M       315M

MemTotal:        4016004 kB
MemFree:         3246848 kB
Active:           412264 kB
Mem:          3.8G       751M       3.1G       5.7M        54M       315M

MemTotal:        4016004 kB
MemFree:         3246104 kB
Active:           412272 kB
Mem:          3.8G       751M       3.1G       5.7M        54M       315M

MemTotal:        4016004 kB
MemFree:         3246460 kB
Active:           412272 kB
Mem:          3.8G       751M       3.1G       5.7M        54M       315M

MemTotal:        4016004 kB
MemFree:         3246320 kB
Active:           412256 kB
Mem:          3.8G       751M       3.1G       5.7M        54M       315M

MemTotal:        4016004 kB
MemFree:         3246196 kB
Active:           412248 kB
Mem:          3.8G       751M       3.1G       5.7M        54M       315M

MemTotal:        4016004 kB
MemFree:         3245824 kB
Active:           412280 kB
Mem:          3.8G       752M       3.1G       5.7M        54M       315M

MemTotal:        4016004 kB
MemFree:         3245700 kB
Active:           412224 kB
Mem:          3.8G       752M       3.1G       5.7M        54M       315M

MemTotal:        4016004 kB
MemFree:         3245808 kB
Active:           412272 kB
Mem:          3.8G       752M       3.1G       5.7M        54M       315M

MemTotal:        4016004 kB
MemFree:         3245328 kB
Active:           412284 kB
Mem:          3.8G       752M       3.1G       5.7M        54M       315M

MemTotal:        4016004 kB
MemFree:         3245512 kB
Active:           410280 kB
Mem:          3.8G       752M       3.1G       5.7M        54M       315M

MemTotal:        4016004 kB
MemFree:         3247652 kB
Active:           410252 kB
Mem:          3.8G       750M       3.1G       5.7M        54M       315M

MemTotal:        4016004 kB
MemFree:         3247776 kB
Active:           410248 kB
Mem:          3.8G       750M       3.1G       5.7M        54M       315M

MemTotal:        4016004 kB
MemFree:         3247528 kB
Active:           410224 kB
Mem:          3.8G       750M       3.1G       5.7M        54M       315M

MemTotal:        4016004 kB
MemFree:         3247900 kB
Active:           410220 kB
Mem:          3.8G       750M       3.1G       5.7M        54M       315M

MemTotal:        4016004 kB
MemFree:         3248024 kB
Active:           410208 kB
Mem:          3.8G       749M       3.1G       5.7M        54M       315M

MemTotal:        4016004 kB
MemFree:         3248024 kB
Active:           410228 kB
Mem:          3.8G       750M       3.1G       5.7M        54M       315M

MemTotal:        4016004 kB
MemFree:         3247900 kB
Active:           410216 kB
Mem:          3.8G       749M       3.1G       5.7M        54M       315M

MemTotal:        4016004 kB
MemFree:         3248148 kB
Active:           410264 kB
Mem:          3.8G       750M       3.1G       5.7M        54M       315M

MemTotal:        4016004 kB
MemFree:         3247528 kB
Active:           410272 kB
Mem:          3.8G       750M       3.1G       5.7M        54M       315M

MemTotal:        4016004 kB
MemFree:         3248008 kB
Active:           410224 kB
Mem:          3.8G       750M       3.1G       5.7M        54M       315M

MemTotal:        4016004 kB
MemFree:         3248008 kB
Active:           410268 kB
Mem:          3.8G       750M       3.1G       5.7M        54M       315M

MemTotal:        4016004 kB
MemFree:         3248008 kB
Active:           410256 kB
Mem:          3.8G       749M       3.1G       5.7M        54M       315M

MemTotal:        4016004 kB
MemFree:         3247620 kB
Active:           410284 kB
Mem:          3.8G       750M       3.1G       5.7M        54M       315M

MemTotal:        4016004 kB
MemFree:         3247836 kB
Active:           410240 kB
Mem:          3.8G       750M       3.1G       5.7M        54M       315M

MemTotal:        4016004 kB
MemFree:         3248208 kB
Active:           410272 kB
Mem:          3.8G       749M       3.1G       5.7M        54M       315M

MemTotal:        4016004 kB
MemFree:         3248084 kB
Active:           410236 kB
Mem:          3.8G       749M       3.1G       5.7M        54M       315M

MemTotal:        4016004 kB
MemFree:         3247820 kB
Active:           410284 kB
Mem:          3.8G       749M       3.1G       5.7M        54M       315M

MemTotal:        4016004 kB
MemFree:         3247928 kB
Active:           410264 kB
Mem:          3.8G       749M       3.1G       5.7M        54M       315M

MemTotal:        4016004 kB
MemFree:         3247912 kB
Active:           410260 kB
Mem:          3.8G       750M       3.1G       5.7M        54M       315M

MemTotal:        4016004 kB
MemFree:         3247480 kB
Active:           408316 kB
Mem:          3.8G       750M       3.1G       5.7M        54M       315M

MemTotal:        4016004 kB
MemFree:         3247412 kB
Active:           410292 kB
Mem:          3.8G       750M       3.1G       5.7M        54M       315M

MemTotal:        4016004 kB
MemFree:         3247520 kB
Active:           410292 kB
Mem:          3.8G       750M       3.1G       5.7M        54M       315M

MemTotal:        4016004 kB
MemFree:         3247132 kB
Active:           410300 kB
Mem:          3.8G       750M       3.1G       5.7M        54M       315M

MemTotal:        4016004 kB
MemFree:         3247116 kB
Active:           410252 kB
Mem:          3.8G       750M       3.1G       5.7M        54M       315M

MemTotal:        4016004 kB
MemFree:         3247428 kB
Active:           410292 kB
Mem:          3.8G       750M       3.1G       5.7M        54M       315M

MemTotal:        4016004 kB
MemFree:         3247428 kB
Active:           410280 kB
Mem:          3.8G       750M       3.1G       5.7M        54M       315M

MemTotal:        4016004 kB
MemFree:         3247552 kB
Active:           410260 kB
Mem:          3.8G       750M       3.1G       5.7M        54M       315M

MemTotal:        4016004 kB
MemFree:         3247676 kB
Active:           410288 kB
Mem:          3.8G       750M       3.1G       5.7M        54M       315M

MemTotal:        4016004 kB
MemFree:         3247552 kB
Active:           410280 kB
Mem:          3.8G       750M       3.1G       5.7M        54M       315M

MemTotal:        4016004 kB
MemFree:         3247256 kB
Active:           408352 kB
Mem:          3.8G       750M       3.1G       5.7M        54M       315M

MemTotal:        4016004 kB
MemFree:         3246992 kB
Active:           410380 kB
Mem:          3.8G       750M       3.1G       5.7M        54M       315M

MemTotal:        4016004 kB
MemFree:         3247488 kB
Active:           410376 kB
Mem:          3.8G       750M       3.1G       5.7M        54M       315M

MemTotal:        4016004 kB
MemFree:         3247488 kB
Active:           410356 kB
Mem:          3.8G       750M       3.1G       5.7M        54M       315M

MemTotal:        4016004 kB
MemFree:         3247364 kB
Active:           410348 kB
Mem:          3.8G       750M       3.1G       5.7M        54M       315M

MemTotal:        4016004 kB
MemFree:         3247488 kB
Active:           410380 kB
Mem:          3.8G       750M       3.1G       5.7M        54M       315M

MemTotal:        4016004 kB
MemFree:         3247612 kB
Active:           410356 kB
Mem:          3.8G       750M       3.1G       5.7M        54M       315M

MemTotal:        4016004 kB
MemFree:         3247348 kB
Active:           410404 kB
Mem:          3.8G       750M       3.1G       5.7M        54M       315M

MemTotal:        4016004 kB
MemFree:         3247472 kB
Active:           410404 kB
Mem:          3.8G       750M       3.1G       5.7M        54M       315M

MemTotal:        4016004 kB
MemFree:         3247704 kB
Active:           410396 kB
Mem:          3.8G       750M       3.1G       5.7M        54M       315M

MemTotal:        4016004 kB
MemFree:         3248200 kB
Active:           410368 kB
Mem:          3.8G       749M       3.1G       5.7M        54M       315M

MemTotal:        4016004 kB
MemFree:         3247936 kB
Active:           410404 kB
Mem:          3.8G       750M       3.1G       5.7M        54M       315M

MemTotal:        4016004 kB
MemFree:         3247672 kB
Active:           410384 kB
Mem:          3.8G       750M       3.1G       5.7M        54M       315M

MemTotal:        4016004 kB
MemFree:         3247844 kB
Active:           410380 kB
Mem:          3.8G       750M       3.1G       5.7M        54M       315M

MemTotal:        4016004 kB
MemFree:         3247472 kB
Active:           410420 kB
Mem:          3.8G       750M       3.1G       5.7M        54M       315M

MemTotal:        4016004 kB
MemFree:         3247952 kB
Active:           410508 kB
Mem:          3.8G       750M       3.1G       5.7M        54M       315M

MemTotal:        4016004 kB
MemFree:         3138696 kB
Active:           411036 kB
Mem:          3.8G       857M       3.0G       5.7M        54M       420M

MemTotal:        4016004 kB
MemFree:         3099900 kB
Active:           411052 kB
Mem:          3.8G       895M       3.0G       5.7M        54M       457M

MemTotal:        4016004 kB
MemFree:         3071504 kB
Active:           411088 kB
Mem:          3.8G       922M       2.9G       5.7M        54M       485M

MemTotal:        4016004 kB
MemFree:         2957416 kB
Active:           411060 kB
Mem:          3.8G       1.0G       2.8G       5.7M        54M       595M

MemTotal:        4016004 kB
MemFree:         2841820 kB
Active:           409156 kB
Mem:          3.8G       1.1G       2.7G       5.7M        54M       705M

MemTotal:        4016004 kB
MemFree:         2790376 kB
Active:           411204 kB
Mem:          3.8G       1.2G       2.7G       5.7M        54M       755M

MemTotal:        4016004 kB
MemFree:         2770200 kB
Active:           411188 kB
Mem:          3.8G       1.2G       2.6G       5.7M        54M       775M

MemTotal:        4016004 kB
MemFree:         2692400 kB
Active:           411172 kB
Mem:          3.8G       1.3G       2.6G       5.7M        54M       850M

MemTotal:        4016004 kB
MemFree:         2687140 kB
Active:           411224 kB
Mem:          3.8G       1.3G       2.6G       5.7M        54M       854M

MemTotal:        4016004 kB
MemFree:         2685524 kB
Active:           411220 kB
Mem:          3.8G       1.3G       2.6G       5.7M        54M       855M

MemTotal:        4016004 kB
MemFree:         2685400 kB
Active:           411204 kB
Mem:          3.8G       1.3G       2.6G       5.7M        54M       855M

MemTotal:        4016004 kB
MemFree:         2685376 kB
Active:           411260 kB
Mem:          3.8G       1.3G       2.6G       5.7M        54M       855M

MemTotal:        4016004 kB
MemFree:         2604732 kB
Active:           411216 kB
Mem:          3.8G       1.3G       2.5G       5.7M        54M       934M

MemTotal:        4016004 kB
MemFree:         2469020 kB
Active:           411224 kB
Mem:          3.8G       1.5G       2.4G       5.7M        54M       1.0G

MemTotal:        4016004 kB
MemFree:         2341136 kB
Active:           411220 kB
Mem:          3.8G       1.6G       2.2G       5.7M        54M       1.2G

MemTotal:        4016004 kB
MemFree:         2329668 kB
Active:           411216 kB
Mem:          3.8G       1.6G       2.2G       5.7M        54M       1.2G

MemTotal:        4016004 kB
MemFree:         2266348 kB
Active:           411264 kB
Mem:          3.8G       1.7G       2.2G       5.7M        55M       1.2G

MemTotal:        4016004 kB
MemFree:         2232028 kB
Active:           411260 kB
Mem:          3.8G       1.7G       2.1G       5.7M        55M       1.3G

MemTotal:        4016004 kB
MemFree:         2143640 kB
Active:           411260 kB
Mem:          3.8G       1.8G       2.0G       5.7M        55M       1.3G

MemTotal:        4016004 kB
MemFree:         2130632 kB
Active:           411260 kB
Mem:          3.8G       1.8G       2.0G       5.7M        55M       1.4G

MemTotal:        4016004 kB
MemFree:         2109228 kB
Active:           411236 kB
Mem:          3.8G       1.8G       2.0G       5.7M        55M       1.4G

MemTotal:        4016004 kB
MemFree:         2031788 kB
Active:           411292 kB
Mem:          3.8G       1.9G       1.9G       5.7M        55M       1.5G

MemTotal:        4016004 kB
MemFree:         2030396 kB
Active:           411280 kB
Mem:          3.8G       1.9G       1.9G       5.7M        55M       1.5G

MemTotal:        4016004 kB
MemFree:         2029120 kB
Active:           411284 kB
Mem:          3.8G       1.9G       1.9G       5.7M        55M       1.5G

MemTotal:        4016004 kB
MemFree:         2026424 kB
Active:           409376 kB
Mem:          3.8G       1.9G       1.9G       5.7M        55M       1.5G

MemTotal:        4016004 kB
MemFree:         1994452 kB
Active:           411332 kB
Mem:          3.8G       1.9G       1.9G       5.7M        55M       1.5G

MemTotal:        4016004 kB
MemFree:         1857608 kB
Active:           411328 kB
Mem:          3.8G       2.1G       1.8G       5.7M        55M       1.6G

MemTotal:        4016004 kB
MemFree:         1730532 kB
Active:           411284 kB
Mem:          3.8G       2.2G       1.6G       5.7M        55M       1.7G

MemTotal:        4016004 kB
MemFree:         1601796 kB
Active:           411296 kB
Mem:          3.8G       2.3G       1.5G       5.7M        55M       1.9G

MemTotal:        4016004 kB
MemFree:         1486452 kB
Active:           411344 kB
Mem:          3.8G       2.4G       1.4G       5.7M        55M       2.0G

MemTotal:        4016004 kB
MemFree:         1326760 kB
Active:           411328 kB
Mem:          3.8G       2.6G       1.3G       5.7M        55M       2.1G

MemTotal:        4016004 kB
MemFree:         1325308 kB
Active:           411364 kB
Mem:          3.8G       2.6G       1.3G       5.7M        55M       2.1G

MemTotal:        4016004 kB
MemFree:         1325184 kB
Active:           411356 kB
Mem:          3.8G       2.6G       1.3G       5.7M        55M       2.1G

MemTotal:        4016004 kB
MemFree:         1325268 kB
Active:           411328 kB
Mem:          3.8G       2.6G       1.3G       5.7M        55M       2.1G

MemTotal:        4016004 kB
MemFree:         1325332 kB
Active:           411328 kB
Mem:          3.8G       2.6G       1.3G       5.7M        55M       2.1G

MemTotal:        4016004 kB
MemFree:         1323476 kB
Active:           411384 kB
Mem:          3.8G       2.6G       1.3G       5.7M        55M       2.1G

MemTotal:        4016004 kB
MemFree:         1284800 kB
Active:           411384 kB
Mem:          3.8G       2.6G       1.2G       5.7M        55M       2.2G

MemTotal:        4016004 kB
MemFree:         1284896 kB
Active:           411400 kB
Mem:          3.8G       2.6G       1.2G       5.7M        55M       2.2G

MemTotal:        4016004 kB
MemFree:         1282492 kB
Active:           411404 kB
Mem:          3.8G       2.6G       1.2G       5.7M        55M       2.2G

MemTotal:        4016004 kB
MemFree:         1281752 kB
Active:           411388 kB
Mem:          3.8G       2.6G       1.2G       5.7M        55M       2.2G

MemTotal:        4016004 kB
MemFree:         1213116 kB
Active:           411356 kB
Mem:          3.8G       2.7G       1.2G       5.7M        55M       2.2G

MemTotal:        4016004 kB
MemFree:         1085480 kB
Active:           411408 kB
Mem:          3.8G       2.8G       1.0G       5.7M        55M       2.3G

MemTotal:        4016004 kB
MemFree:         1003108 kB
Active:           411408 kB
Mem:          3.8G       2.9G       979M       5.7M        55M       2.4G

MemTotal:        4016004 kB
MemFree:          894800 kB
Active:           411420 kB
Mem:          3.8G       3.0G       872M       5.7M        55M       2.5G

MemTotal:        4016004 kB
MemFree:          785440 kB
Active:           411404 kB
Mem:          3.8G       3.1G       766M       5.7M        55M       2.6G

MemTotal:        4016004 kB
MemFree:          648116 kB
Active:           411404 kB
Mem:          3.8G       3.2G       632M       5.7M        55M       2.7G

MemTotal:        4016004 kB
MemFree:          556300 kB
Active:           411404 kB
Mem:          3.8G       3.3G       542M       5.7M        55M       2.8G

MemTotal:        4016004 kB
MemFree:          554720 kB
Active:           411364 kB
Mem:          3.8G       3.3G       541M       5.7M        55M       2.8G

MemTotal:        4016004 kB
MemFree:          552800 kB
Active:           411464 kB
Mem:          3.8G       3.3G       539M       5.7M        55M       2.8G

MemTotal:        4016004 kB
MemFree:          551816 kB
Active:           411464 kB
Mem:          3.8G       3.3G       538M       5.7M        55M       2.8G

MemTotal:        4016004 kB
MemFree:          550556 kB
Active:           411480 kB
Mem:          3.8G       3.3G       537M       5.7M        55M       2.8G

MemTotal:        4016004 kB
MemFree:          548852 kB
Active:           411480 kB
Mem:          3.8G       3.3G       535M       5.7M        55M       2.8G

MemTotal:        4016004 kB
MemFree:          548572 kB
Active:           411448 kB
Mem:          3.8G       3.3G       535M       5.7M        55M       2.8G

MemTotal:        4016004 kB
MemFree:          548092 kB
Active:           411496 kB
Mem:          3.8G       3.3G       535M       5.7M        55M       2.8G

MemTotal:        4016004 kB
MemFree:          544892 kB
Active:           411496 kB
Mem:          3.8G       3.3G       531M       5.7M        55M       2.8G

MemTotal:        4016004 kB
MemFree:          429788 kB
Active:           411504 kB
Mem:          3.8G       3.4G       419M       5.7M        55M       3.0G

MemTotal:        4016004 kB
MemFree:          305144 kB
Active:           411504 kB
Mem:          3.8G       3.5G       297M       5.7M        55M       3.1G

MemTotal:        4016004 kB
MemFree:          200744 kB
Active:           411512 kB
Mem:          3.8G       3.6G       195M       5.7M        55M       3.2G

MemTotal:        4016004 kB
MemFree:          153496 kB
Active:           411516 kB
Mem:          3.8G       3.7G       149M       5.7M        55M       3.2G

MemTotal:        4016004 kB
MemFree:          119960 kB
Active:           409724 kB
Mem:          3.8G       3.7G       128M       5.7M        20M       3.3G

MemTotal:        4016004 kB
MemFree:          131372 kB
Active:           423324 kB
Mem:          3.8G       3.7G       128M       5.7M        20M       3.3G

MemTotal:        4016004 kB
MemFree:          142828 kB
Active:           478600 kB
Mem:          3.8G       3.7G       137M       5.7M        19M       3.3G

MemTotal:        4016004 kB
MemFree:          137136 kB
Active:           477008 kB
Mem:          3.8G       3.7G       133M       5.7M        19M       3.3G

MemTotal:        4016004 kB
MemFree:          147340 kB
Active:           473316 kB
Mem:          3.8G       3.7G       144M       5.7M        19M       3.3G

MemTotal:        4016004 kB
MemFree:          147004 kB
Active:           473032 kB
Mem:          3.8G       3.7G       143M       5.7M        19M       3.3G

MemTotal:        4016004 kB
MemFree:          145716 kB
Active:           473076 kB
Mem:          3.8G       3.7G       141M       5.7M        19M       3.3G

MemTotal:        4016004 kB
MemFree:          144512 kB
Active:           473076 kB
Mem:          3.8G       3.7G       140M       5.7M        19M       3.3G

MemTotal:        4016004 kB
MemFree:          136692 kB
Active:           473040 kB
Mem:          3.8G       3.7G       132M       5.7M        19M       3.3G

MemTotal:        4016004 kB
MemFree:          138236 kB
Active:           461848 kB
Mem:          3.8G       3.7G       134M       5.7M        19M       3.3G

MemTotal:        4016004 kB
MemFree:          140072 kB
Active:           441584 kB
Mem:          3.8G       3.7G       136M       5.7M        19M       3.3G

MemTotal:        4016004 kB
MemFree:          133568 kB
Active:           428744 kB
Mem:          3.8G       3.7G       129M       5.7M        19M       3.3G

MemTotal:        4016004 kB
MemFree:          126792 kB
Active:           428488 kB
Mem:          3.8G       3.7G       123M       5.7M        19M       3.3G

MemTotal:        4016004 kB
MemFree:          139224 kB
Active:           420040 kB
Mem:          3.8G       3.7G       136M       5.7M        19M       3.3G

MemTotal:        4016004 kB
MemFree:          106548 kB
Active:           420016 kB
Mem:          3.8G       3.7G       104M       5.7M        19M       3.3G

MemTotal:        4016004 kB
MemFree:          134228 kB
Active:           417228 kB
Mem:          3.8G       3.7G       130M       5.7M        19M       3.3G

MemTotal:        4016004 kB
MemFree:          133004 kB
Active:           417204 kB
Mem:          3.8G       3.7G       129M       5.7M        19M       3.3G

MemTotal:        4016004 kB
MemFree:          132336 kB
Active:           417236 kB
Mem:          3.8G       3.7G       129M       5.7M        19M       3.3G

MemTotal:        4016004 kB
MemFree:          130900 kB
Active:           417216 kB
Mem:          3.8G       3.7G       127M       5.7M        19M       3.3G

MemTotal:        4016004 kB
MemFree:          119380 kB
Active:           416732 kB
Mem:          3.8G       3.7G       124M       5.7M        19M       3.3G

MemTotal:        4016004 kB
MemFree:          138128 kB
Active:           410904 kB
Mem:          3.8G       3.7G       134M       5.7M        19M       3.3G

MemTotal:        4016004 kB
MemFree:          118560 kB
Active:           408088 kB
Mem:          3.8G       3.7G       115M       5.7M        19M       3.3G

MemTotal:        4016004 kB
MemFree:          146268 kB
Active:           404248 kB
Mem:          3.8G       3.7G       142M       5.7M        19M       3.2G

MemTotal:        4016004 kB
MemFree:          118056 kB
Active:           403552 kB
Mem:          3.8G       3.7G       114M       5.7M        19M       3.3G

MemTotal:        4016004 kB
MemFree:          127880 kB
Active:           402460 kB
Mem:          3.8G       3.7G       124M       5.7M        19M       3.3G

MemTotal:        4016004 kB
MemFree:          124124 kB
Active:           400680 kB
Mem:          3.8G       3.7G       121M       5.7M        19M       3.3G

MemTotal:        4016004 kB
MemFree:          114860 kB
Active:           399344 kB
Mem:          3.8G       3.7G       111M       5.7M        19M       3.3G

MemTotal:        4016004 kB
MemFree:          130812 kB
Active:           399636 kB
Mem:          3.8G       3.7G       127M       5.7M        19M       3.3G

MemTotal:        4016004 kB
MemFree:          130972 kB
Active:           399460 kB
Mem:          3.8G       3.7G       127M       5.7M        19M       3.3G

MemTotal:        4016004 kB
MemFree:          128928 kB
Active:           399504 kB
Mem:          3.8G       3.7G       125M       5.7M        20M       3.3G

MemTotal:        4016004 kB
MemFree:          127724 kB
Active:           399508 kB
Mem:          3.8G       3.7G       124M       5.7M        20M       3.3G

MemTotal:        4016004 kB
MemFree:          126580 kB
Active:           399504 kB
Mem:          3.8G       3.7G       123M       5.7M        20M       3.3G

MemTotal:        4016004 kB
MemFree:          127328 kB
Active:           395916 kB
Mem:          3.8G       3.7G       123M       5.7M        20M       3.3G

MemTotal:        4016004 kB
MemFree:          137480 kB
Active:           391956 kB
Mem:          3.8G       3.7G       133M       5.7M        20M       3.3G

MemTotal:        4016004 kB
MemFree:          119316 kB
Active:           389144 kB
Mem:          3.8G       3.7G       116M       5.7M        20M       3.3G

MemTotal:        4016004 kB
MemFree:          127100 kB
Active:           385060 kB
Mem:          3.8G       3.7G       123M       5.7M        20M       3.3G

MemTotal:        4016004 kB
MemFree:          123776 kB
Active:           381860 kB
Mem:          3.8G       3.7G       120M       5.7M        20M       3.3G

MemTotal:        4016004 kB
MemFree:          116196 kB
Active:           378020 kB
Mem:          3.8G       3.7G       112M       5.7M        20M       3.3G

MemTotal:        4016004 kB
MemFree:          146520 kB
Active:           374052 kB
Mem:          3.8G       3.7G       142M       5.7M        20M       3.2G

MemTotal:        4016004 kB
MemFree:          143156 kB
Active:           374064 kB
Mem:          3.8G       3.7G       139M       5.7M        20M       3.3G

MemTotal:        4016004 kB
MemFree:          142784 kB
Active:           374044 kB
Mem:          3.8G       3.7G       139M       5.7M        20M       3.3G

MemTotal:        4016004 kB
MemFree:          142820 kB
Active:           374040 kB
Mem:          3.8G       3.7G       139M       5.7M        20M       3.3G

MemTotal:        4016004 kB
MemFree:          142612 kB
Active:           374080 kB
Mem:          3.8G       3.7G       139M       5.7M        20M       3.3G

MemTotal:        4016004 kB
MemFree:          127328 kB
Active:           372100 kB
Mem:          3.8G       3.7G       124M       5.7M        20M       3.3G

MemTotal:        4016004 kB
MemFree:          126084 kB
Active:           372016 kB
Mem:          3.8G       3.7G       122M       5.7M        20M       3.3G

MemTotal:        4016004 kB
MemFree:          125716 kB
Active:           372036 kB
Mem:          3.8G       3.7G       122M       5.7M        20M       3.3G

MemTotal:        4016004 kB
MemFree:          125488 kB
Active:           372076 kB
Mem:          3.8G       3.7G       122M       5.7M        20M       3.3G

MemTotal:        4016004 kB
MemFree:          126108 kB
Active:           372032 kB
Mem:          3.8G       3.7G       123M       5.7M        20M       3.3G

MemTotal:        4016004 kB
MemFree:          108496 kB
Active:           369772 kB
Mem:          3.8G       3.7G       105M       5.7M        20M       3.3G

MemTotal:        4016004 kB
MemFree:          143800 kB
Active:           365040 kB
Mem:          3.8G       3.7G       139M       5.7M        20M       3.3G

MemTotal:        4016004 kB
MemFree:          144188 kB
Active:           360176 kB
Mem:          3.8G       3.7G       140M       5.7M        20M       3.3G

MemTotal:        4016004 kB
MemFree:          147512 kB
Active:           359544 kB
Mem:          3.8G       3.7G       143M       5.7M        20M       3.2G

MemTotal:        4016004 kB
MemFree:          127064 kB
Active:           360956 kB
Mem:          3.8G       3.7G       123M       5.7M        20M       3.3G

MemTotal:        4016004 kB
MemFree:          132400 kB
Active:           360952 kB
Mem:          3.8G       3.7G       128M       5.7M        20M       3.3G

MemTotal:        4016004 kB
MemFree:          142556 kB
Active:           360944 kB
Mem:          3.8G       3.7G       138M       5.7M        20M       3.3G

MemTotal:        4016004 kB
MemFree:          116468 kB
Active:           362968 kB
Mem:          3.8G       3.7G       113M       5.7M        20M       3.3G

MemTotal:        4016004 kB
MemFree:          115848 kB
Active:           362948 kB
Mem:          3.8G       3.7G       112M       5.7M        20M       3.3G

MemTotal:        4016004 kB
MemFree:          114500 kB
Active:           363004 kB
Mem:          3.8G       3.7G       111M       5.7M        20M       3.3G

MemTotal:        4016004 kB
MemFree:          113572 kB
Active:           363016 kB
Mem:          3.8G       3.7G       110M       5.7M        20M       3.3G

MemTotal:        4016004 kB
MemFree:          111996 kB
Active:           362984 kB
Mem:          3.8G       3.7G       109M       5.7M        20M       3.3G

MemTotal:        4016004 kB
MemFree:          129596 kB
Active:           361348 kB
Mem:          3.8G       3.7G       125M       5.7M        20M       3.3G

MemTotal:        4016004 kB
MemFree:          129388 kB
Active:           361292 kB
Mem:          3.8G       3.7G       125M       5.7M        20M       3.3G

MemTotal:        4016004 kB
MemFree:          122716 kB
Active:           361292 kB
Mem:          3.8G       3.7G       119M       5.7M        20M       3.3G

MemTotal:        4016004 kB
MemFree:          133440 kB
Active:           358952 kB
Mem:          3.8G       3.7G       129M       5.7M        20M       3.3G

MemTotal:        4016004 kB
MemFree:          124964 kB
Active:           359904 kB
Mem:          3.8G       3.7G       122M       5.7M        20M       3.3G

MemTotal:        4016004 kB
MemFree:          129604 kB
Active:           359900 kB
Mem:          3.8G       3.7G       126M       5.7M        20M       3.3G

MemTotal:        4016004 kB
MemFree:          129908 kB
Active:           359784 kB
Mem:          3.8G       3.7G       126M       5.7M        20M       3.3G

MemTotal:        4016004 kB
MemFree:          135040 kB
Active:           359784 kB
Mem:          3.8G       3.7G       131M       5.7M        20M       3.3G

MemTotal:        4016004 kB
MemFree:          113844 kB
Active:           359748 kB
Mem:          3.8G       3.7G       110M       5.7M        20M       3.3G

MemTotal:        4016004 kB
MemFree:          111832 kB
Active:           359744 kB
Mem:          3.8G       3.7G       109M       5.7M        20M       3.3G

MemTotal:        4016004 kB
MemFree:          110392 kB
Active:           359780 kB
Mem:          3.8G       3.7G       107M       5.7M        20M       3.3G

MemTotal:        4016004 kB
MemFree:          108876 kB
Active:           359800 kB
Mem:          3.8G       3.7G       106M       5.7M        20M       3.3G

MemTotal:        4016004 kB
MemFree:          107980 kB
Active:           359804 kB
Mem:          3.8G       3.7G       105M       5.7M        20M       3.3G

MemTotal:        4016004 kB
MemFree:          113324 kB
Active:           359292 kB
Mem:          3.8G       3.7G       110M       5.7M        20M       3.3G

MemTotal:        4016004 kB
MemFree:          127828 kB
Active:           358932 kB
Mem:          3.8G       3.7G       127M       5.7M        20M       3.3G

MemTotal:        4016004 kB
MemFree:          140604 kB
Active:           358932 kB
Mem:          3.8G       3.7G       137M       5.7M        20M       3.2G

MemTotal:        4016004 kB
MemFree:          119068 kB
Active:           359680 kB
Mem:          3.8G       3.7G       119M       5.7M        20M       3.3G

MemTotal:        4016004 kB
MemFree:          116052 kB
Active:           359352 kB
Mem:          3.8G       3.7G       113M       5.7M        20M       3.3G

MemTotal:        4016004 kB
MemFree:          150236 kB
Active:           358488 kB
Mem:          3.8G       3.7G       146M       5.7M        20M       3.2G

MemTotal:        4016004 kB
MemFree:          149136 kB
Active:           358176 kB
Mem:          3.8G       3.7G       145M       5.7M        20M       3.2G

MemTotal:        4016004 kB
MemFree:          147588 kB
Active:           358180 kB
Mem:          3.8G       3.7G       143M       5.7M        20M       3.2G

MemTotal:        4016004 kB
MemFree:          146248 kB
Active:           358180 kB
Mem:          3.8G       3.7G       142M       5.7M        20M       3.2G

MemTotal:        4016004 kB
MemFree:          144668 kB
Active:           358208 kB
Mem:          3.8G       3.7G       141M       5.7M        20M       3.2G

MemTotal:        4016004 kB
MemFree:          144544 kB
Active:           358192 kB
Mem:          3.8G       3.7G       140M       5.7M        20M       3.2G

MemTotal:        4016004 kB
MemFree:          144452 kB
Active:           358180 kB
Mem:          3.8G       3.7G       140M       5.7M        20M       3.2G

MemTotal:        4016004 kB
MemFree:          144456 kB
Active:           358212 kB
Mem:          3.8G       3.7G       140M       5.7M        20M       3.2G

MemTotal:        4016004 kB
MemFree:          144444 kB
Active:           358292 kB
Mem:          3.8G       3.7G       141M       5.7M        20M       3.2G

MemTotal:        4016004 kB
MemFree:          143104 kB
Active:           358308 kB
Mem:          3.8G       3.7G       139M       5.7M        20M       3.2G

MemTotal:        4016004 kB
MemFree:          140276 kB
Active:           358352 kB
Mem:          3.8G       3.7G       136M       5.7M        20M       3.2G

MemTotal:        4016004 kB
MemFree:          118012 kB
Active:           358396 kB
Mem:          3.8G       3.7G       114M       5.7M        20M       3.3G

MemTotal:        4016004 kB
MemFree:          121000 kB
Active:           358440 kB
Mem:          3.8G       3.7G       117M       5.7M        20M       3.3G

MemTotal:        4016004 kB
MemFree:          143208 kB
Active:           356736 kB
Mem:          3.8G       3.7G       139M       5.7M        20M       3.2G

MemTotal:        4016004 kB
MemFree:          121808 kB
Active:           356564 kB
Mem:          3.8G       3.7G       118M       5.7M        20M       3.3G

MemTotal:        4016004 kB
MemFree:          135516 kB
Active:           356616 kB
Mem:          3.8G       3.7G       132M       5.7M        20M       3.2G

MemTotal:        4016004 kB
MemFree:          143252 kB
Active:           357640 kB
Mem:          3.8G       3.7G       139M       5.7M        20M       3.2G

MemTotal:        4016004 kB
MemFree:          127604 kB
Active:           357656 kB
Mem:          3.8G       3.7G       124M       5.7M        20M       3.3G

MemTotal:        4016004 kB
MemFree:          125640 kB
Active:           357816 kB
Mem:          3.8G       3.7G       122M       5.7M        20M       3.3G

MemTotal:        4016004 kB
MemFree:          131304 kB
Active:           357900 kB
Mem:          3.8G       3.7G       128M       5.7M        20M       3.3G

MemTotal:        4016004 kB
MemFree:          130844 kB
Active:           357824 kB
Mem:          3.8G       3.7G       127M       5.7M        20M       3.3G

MemTotal:        4016004 kB
MemFree:          129540 kB
Active:           357880 kB
Mem:          3.8G       3.7G       126M       5.7M        20M       3.3G

MemTotal:        4016004 kB
MemFree:          129216 kB
Active:           357900 kB
Mem:          3.8G       3.7G       126M       5.7M        20M       3.3G

MemTotal:        4016004 kB
MemFree:          129484 kB
Active:           358052 kB
Mem:          3.8G       3.7G       126M       5.7M        20M       3.3G

MemTotal:        4016004 kB
MemFree:          117328 kB
Active:           364684 kB
Mem:          3.8G       3.7G       114M       5.7M        27M       3.3G

MemTotal:        4016004 kB
MemFree:          136012 kB
Active:           364756 kB
Mem:          3.8G       3.7G       132M       5.7M        27M       3.2G

MemTotal:        4016004 kB
MemFree:          141236 kB
Active:           364756 kB
Mem:          3.8G       3.7G       137M       5.7M        27M       3.2G

MemTotal:        4016004 kB
MemFree:          145624 kB
Active:           361644 kB
Mem:          3.8G       3.7G       142M       5.7M        27M       3.2G

MemTotal:        4016004 kB
MemFree:          130608 kB
Active:           361364 kB
Mem:          3.8G       3.7G       127M       5.7M        27M       3.2G

MemTotal:        4016004 kB
MemFree:          137468 kB
Active:           361388 kB
Mem:          3.8G       3.7G       133M       5.7M        27M       3.2G

MemTotal:        4016004 kB
MemFree:          141364 kB
Active:           361412 kB
Mem:          3.8G       3.7G       137M       5.7M        27M       3.2G

MemTotal:        4016004 kB
MemFree:          105428 kB
Active:           361404 kB
Mem:          3.8G       3.7G       102M       5.7M        27M       3.3G

MemTotal:        4016004 kB
MemFree:          105256 kB
Active:           361408 kB
Mem:          3.8G       3.7G       102M       5.7M        27M       3.3G

MemTotal:        4016004 kB
MemFree:          128180 kB
Active:           361432 kB
Mem:          3.8G       3.7G       125M       5.7M        27M       3.2G

MemTotal:        4016004 kB
MemFree:          127232 kB
Active:           361380 kB
Mem:          3.8G       3.7G       124M       5.7M        27M       3.2G

MemTotal:        4016004 kB
MemFree:          127080 kB
Active:           362448 kB
Mem:          3.8G       3.7G       123M       5.7M        27M       3.2G

MemTotal:        4016004 kB
MemFree:          134076 kB
Active:           361852 kB
Mem:          3.8G       3.7G       130M       5.7M        27M       3.2G

MemTotal:        4016004 kB
MemFree:          132240 kB
Active:           358660 kB
Mem:          3.8G       3.7G       128M       5.7M        27M       3.2G

MemTotal:        4016004 kB
MemFree:          136940 kB
Active:           358632 kB
Mem:          3.8G       3.7G       133M       5.7M        27M       3.2G

MemTotal:        4016004 kB
MemFree:          134432 kB
Active:           358604 kB
Mem:          3.8G       3.7G       131M       5.7M        27M       3.2G

MemTotal:        4016004 kB
MemFree:          135796 kB
Active:           358660 kB
Mem:          3.8G       3.7G       132M       5.7M        27M       3.2G

MemTotal:        4016004 kB
MemFree:          139020 kB
Active:           355876 kB
Mem:          3.8G       3.7G       135M       5.7M        27M       3.2G

MemTotal:        4016004 kB
MemFree:          135596 kB
Active:           355616 kB
Mem:          3.8G       3.7G       132M       5.7M        27M       3.2G

MemTotal:        4016004 kB
MemFree:          133160 kB
Active:           355688 kB
Mem:          3.8G       3.7G       129M       5.7M        27M       3.2G

MemTotal:        4016004 kB
MemFree:          130696 kB
Active:           355796 kB
Mem:          3.8G       3.7G       127M       5.7M        27M       3.2G

MemTotal:        4016004 kB
MemFree:          129576 kB
Active:           356336 kB
Mem:          3.8G       3.7G       126M       5.7M        27M       3.2G

MemTotal:        4016004 kB
MemFree:          128328 kB
Active:           356256 kB
Mem:          3.8G       3.7G       124M       5.7M        27M       3.2G

MemTotal:        4016004 kB
MemFree:          128268 kB
Active:           356280 kB
Mem:          3.8G       3.7G       125M       5.7M        27M       3.2G

MemTotal:        4016004 kB
MemFree:          128644 kB
Active:           356096 kB
Mem:          3.8G       3.7G       125M       5.7M        27M       3.2G

MemTotal:        4016004 kB
MemFree:          128912 kB
Active:           356132 kB
Mem:          3.8G       3.7G       125M       5.7M        27M       3.2G

MemTotal:        4016004 kB
MemFree:          121328 kB
Active:           356136 kB
Mem:          3.8G       3.7G       117M       5.7M        27M       3.3G

MemTotal:        4016004 kB
MemFree:          133068 kB
Active:           355788 kB
Mem:          3.8G       3.7G       129M       5.7M        27M       3.2G

MemTotal:        4016004 kB
MemFree:          129016 kB
Active:           355416 kB
Mem:          3.8G       3.7G       125M       5.7M        27M       3.2G

MemTotal:        4016004 kB
MemFree:          128636 kB
Active:           355428 kB
Mem:          3.8G       3.7G       124M       5.7M        27M       3.2G

MemTotal:        4016004 kB
MemFree:          130772 kB
Active:           355412 kB
Mem:          3.8G       3.7G       127M       5.7M        27M       3.2G

MemTotal:        4016004 kB
MemFree:          125172 kB
Active:           352952 kB
Mem:          3.8G       3.7G       121M       5.7M        27M       3.2G

MemTotal:        4016004 kB
MemFree:          127292 kB
Active:           353064 kB
Mem:          3.8G       3.7G       124M       5.7M        27M       3.2G

MemTotal:        4016004 kB
MemFree:          108520 kB
Active:           353020 kB
Mem:          3.8G       3.7G       105M       5.7M        27M       3.3G

MemTotal:        4016004 kB
MemFree:          133240 kB
Active:           352864 kB
Mem:          3.8G       3.7G       129M       5.7M        27M       3.2G

MemTotal:        4016004 kB
MemFree:          127644 kB
Active:           353112 kB
Mem:          3.8G       3.7G       124M       5.7M        27M       3.2G

MemTotal:        4016004 kB
MemFree:          126480 kB
Active:           352896 kB
Mem:          3.8G       3.7G       123M       5.7M        27M       3.2G

MemTotal:        4016004 kB
MemFree:          125104 kB
Active:           353008 kB
Mem:          3.8G       3.7G       121M       5.7M        27M       3.2G

MemTotal:        4016004 kB
MemFree:          123744 kB
Active:           353008 kB
Mem:          3.8G       3.7G       120M       5.7M        27M       3.2G

MemTotal:        4016004 kB
MemFree:          122264 kB
Active:           353016 kB
Mem:          3.8G       3.7G       119M       5.7M        27M       3.3G

MemTotal:        4016004 kB
MemFree:          117004 kB
Active:           353020 kB
Mem:          3.8G       3.7G       113M       5.7M        27M       3.3G

MemTotal:        4016004 kB
MemFree:          129396 kB
Active:           353024 kB
Mem:          3.8G       3.7G       125M       5.7M        27M       3.2G

MemTotal:        4016004 kB
MemFree:          132800 kB
Active:           351844 kB
Mem:          3.8G       3.7G       129M       5.7M        27M       3.2G

MemTotal:        4016004 kB
MemFree:          113752 kB
Active:           351844 kB
Mem:          3.8G       3.7G       111M       5.7M        27M       3.3G

MemTotal:        4016004 kB
MemFree:          139268 kB
Active:           351852 kB
Mem:          3.8G       3.7G       135M       5.7M        27M       3.2G

MemTotal:        4016004 kB
MemFree:          136960 kB
Active:           351852 kB
Mem:          3.8G       3.7G       133M       5.7M        27M       3.2G

MemTotal:        4016004 kB
MemFree:          112740 kB
Active:           351864 kB
Mem:          3.8G       3.7G       109M       5.7M        27M       3.3G

MemTotal:        4016004 kB
MemFree:          126220 kB
Active:           351864 kB
Mem:          3.8G       3.7G       123M       5.7M        27M       3.2G

MemTotal:        4016004 kB
MemFree:          130756 kB
Active:           351876 kB
Mem:          3.8G       3.7G       127M       5.7M        27M       3.2G

MemTotal:        4016004 kB
MemFree:          130292 kB
Active:           351864 kB
Mem:          3.8G       3.7G       126M       5.7M        27M       3.2G

MemTotal:        4016004 kB
MemFree:          130096 kB
Active:           351824 kB
Mem:          3.8G       3.7G       126M       5.7M        27M       3.2G

MemTotal:        4016004 kB
MemFree:          129204 kB
Active:           351860 kB
Mem:          3.8G       3.7G       125M       5.7M        27M       3.2G

MemTotal:        4016004 kB
MemFree:          133668 kB
Active:           351888 kB
Mem:          3.8G       3.7G       129M       5.7M        27M       3.2G

MemTotal:        4016004 kB
MemFree:          140196 kB
Active:           351888 kB
Mem:          3.8G       3.7G       136M       5.7M        27M       3.2G

MemTotal:        4016004 kB
MemFree:          118324 kB
Active:           349844 kB
Mem:          3.8G       3.7G       125M       5.7M        27M       3.2G

MemTotal:        4016004 kB
MemFree:          141728 kB
Active:           349856 kB
Mem:          3.8G       3.7G       138M       5.7M        27M       3.2G

MemTotal:        4016004 kB
MemFree:          113356 kB
Active:           349856 kB
Mem:          3.8G       3.7G       110M       5.7M        27M       3.3G

MemTotal:        4016004 kB
MemFree:          136736 kB
Active:           349868 kB
Mem:          3.8G       3.7G       133M       5.7M        27M       3.2G

MemTotal:        4016004 kB
MemFree:          131976 kB
Active:           349868 kB
Mem:          3.8G       3.7G       128M       5.7M        27M       3.2G

MemTotal:        4016004 kB
MemFree:          140484 kB
Active:           349872 kB
Mem:          3.8G       3.7G       136M       5.7M        27M       3.2G

MemTotal:        4016004 kB
MemFree:          137816 kB
Active:           349888 kB
Mem:          3.8G       3.7G       134M       5.7M        27M       3.2G

MemTotal:        4016004 kB
MemFree:          136668 kB
Active:           351760 kB
Mem:          3.8G       3.7G       133M       5.7M        27M       3.2G

MemTotal:        4016004 kB
MemFree:          135524 kB
Active:           351716 kB
Mem:          3.8G       3.7G       132M       5.7M        27M       3.2G

MemTotal:        4016004 kB
MemFree:          134180 kB
Active:           351760 kB
Mem:          3.8G       3.7G       130M       5.7M        27M       3.2G

MemTotal:        4016004 kB
MemFree:          114964 kB
Active:           351760 kB
Mem:          3.8G       3.7G       111M       5.7M        27M       3.3G

MemTotal:        4016004 kB
MemFree:          119344 kB
Active:           350488 kB
Mem:          3.8G       3.7G       116M       5.7M        27M       3.3G

MemTotal:        4016004 kB
MemFree:          135388 kB
Active:           350488 kB
Mem:          3.8G       3.7G       131M       5.7M        27M       3.2G

MemTotal:        4016004 kB
MemFree:          137644 kB
Active:           350364 kB
Mem:          3.8G       3.7G       134M       5.7M        27M       3.2G

MemTotal:        4016004 kB
MemFree:          111716 kB
Active:           350376 kB
Mem:          3.8G       3.7G       109M       5.7M        27M       3.3G

MemTotal:        4016004 kB
MemFree:          141628 kB
Active:           350252 kB
Mem:          3.8G       3.7G       138M       5.7M        27M       3.2G

MemTotal:        4016004 kB
MemFree:          139896 kB
Active:           350260 kB
Mem:          3.8G       3.7G       136M       5.7M        27M       3.2G

MemTotal:        4016004 kB
MemFree:          105240 kB
Active:           350260 kB
Mem:          3.8G       3.7G       102M       5.7M        27M       3.3G

MemTotal:        4016004 kB
MemFree:          126192 kB
Active:           350144 kB
Mem:          3.8G       3.7G       122M       5.7M        27M       3.2G

MemTotal:        4016004 kB
MemFree:          124736 kB
Active:           350120 kB
Mem:          3.8G       3.7G       121M       5.7M        27M       3.2G

MemTotal:        4016004 kB
MemFree:          123344 kB
Active:           350144 kB
Mem:          3.8G       3.7G       120M       5.7M        27M       3.2G

MemTotal:        4016004 kB
MemFree:          135932 kB
Active:           350144 kB
Mem:          3.8G       3.7G       132M       5.7M        27M       3.2G

MemTotal:        4016004 kB
MemFree:          127584 kB
Active:           349836 kB
Mem:          3.8G       3.7G       124M       5.7M        27M       3.2G

MemTotal:        4016004 kB
MemFree:          127120 kB
Active:           349784 kB
Mem:          3.8G       3.7G       123M       5.7M        27M       3.2G

MemTotal:        4016004 kB
MemFree:          126996 kB
Active:           349840 kB
Mem:          3.8G       3.7G       124M       5.7M        27M       3.2G

MemTotal:        4016004 kB
MemFree:          127368 kB
Active:           349820 kB
Mem:          3.8G       3.7G       124M       5.7M        27M       3.2G

MemTotal:        4016004 kB
MemFree:          126872 kB
Active:           349840 kB
Mem:          3.8G       3.7G       123M       5.7M        27M       3.2G

MemTotal:        4016004 kB
MemFree:          127368 kB
Active:           349848 kB
Mem:          3.8G       3.7G       124M       5.7M        27M       3.2G

MemTotal:        4016004 kB
MemFree:          127492 kB
Active:           349848 kB
Mem:          3.8G       3.7G       124M       5.7M        27M       3.2G

MemTotal:        4016004 kB
MemFree:          127492 kB
Active:           349844 kB
Mem:          3.8G       3.7G       124M       5.7M        27M       3.2G

MemTotal:        4016004 kB
MemFree:          127120 kB
Active:           349852 kB
Mem:          3.8G       3.7G       124M       5.7M        27M       3.2G

MemTotal:        4016004 kB
MemFree:          127244 kB
Active:           349840 kB
Mem:          3.8G       3.7G       124M       5.7M        27M       3.2G

MemTotal:        4016004 kB
MemFree:          127540 kB
Active:           349636 kB
Mem:          3.8G       3.7G       124M       5.7M        27M       3.2G

MemTotal:        4016004 kB
MemFree:          127540 kB
Active:           349624 kB
Mem:          3.8G       3.7G       124M       5.7M        27M       3.2G

MemTotal:        4016004 kB
MemFree:          127416 kB
Active:           349628 kB
Mem:          3.8G       3.7G       124M       5.7M        27M       3.2G

MemTotal:        4016004 kB
MemFree:          127168 kB
Active:           349648 kB
Mem:          3.8G       3.7G       123M       5.7M        27M       3.2G

MemTotal:        4016004 kB
MemFree:          127168 kB
Active:           349612 kB
Mem:          3.8G       3.7G       124M       5.7M        27M       3.2G

MemTotal:        4016004 kB
MemFree:          126796 kB
Active:           349648 kB
Mem:          3.8G       3.7G       123M       5.7M        27M       3.2G

MemTotal:        4016004 kB
MemFree:          127292 kB
Active:           349648 kB
Mem:          3.8G       3.7G       124M       5.7M        27M       3.2G

MemTotal:        4016004 kB
MemFree:          127292 kB
Active:           349648 kB
Mem:          3.8G       3.7G       124M       5.7M        27M       3.2G

MemTotal:        4016004 kB
MemFree:          127292 kB
Active:           349636 kB
Mem:          3.8G       3.7G       124M       5.7M        27M       3.2G

MemTotal:        4016004 kB
MemFree:          127416 kB
Active:           349656 kB
Mem:          3.8G       3.7G       124M       5.7M        27M       3.2G

MemTotal:        4016004 kB
MemFree:          127168 kB
Active:           349632 kB
Mem:          3.8G       3.7G       124M       5.7M        27M       3.2G

MemTotal:        4016004 kB
MemFree:          127292 kB
Active:           349652 kB
Mem:          3.8G       3.7G       124M       5.7M        27M       3.2G

MemTotal:        4016004 kB
MemFree:          127416 kB
Active:           349636 kB
Mem:          3.8G       3.7G       124M       5.7M        27M       3.2G

MemTotal:        4016004 kB
MemFree:          127292 kB
Active:           349624 kB
Mem:          3.8G       3.7G       124M       5.7M        27M       3.2G

MemTotal:        4016004 kB
MemFree:          127540 kB
Active:           349616 kB
Mem:          3.8G       3.7G       124M       5.7M        27M       3.2G

MemTotal:        4016004 kB
MemFree:          126608 kB
Active:           349328 kB
Mem:          3.8G       3.7G       123M       5.7M        27M       3.2G

MemTotal:        4016004 kB
MemFree:          126608 kB
Active:           351380 kB
Mem:          3.8G       3.7G       123M       5.7M        27M       3.2G

MemTotal:        4016004 kB
MemFree:          126856 kB
Active:           351368 kB
Mem:          3.8G       3.7G       123M       5.7M        27M       3.2G

MemTotal:        4016004 kB
MemFree:          126856 kB
Active:           351400 kB
Mem:          3.8G       3.7G       123M       5.7M        27M       3.2G

MemTotal:        4016004 kB
MemFree:          126856 kB
Active:           351376 kB
Mem:          3.8G       3.7G       123M       5.7M        27M       3.2G

MemTotal:        4016004 kB
MemFree:          126732 kB
Active:           351404 kB
Mem:          3.8G       3.7G       123M       5.7M        27M       3.2G

MemTotal:        4016004 kB
MemFree:          126608 kB
Active:           351400 kB
Mem:          3.8G       3.7G       123M       5.7M        27M       3.2G

MemTotal:        4016004 kB
MemFree:          126856 kB
Active:           351404 kB
Mem:          3.8G       3.7G       124M       5.7M        27M       3.2G

MemTotal:        4016004 kB
MemFree:          127476 kB
Active:           351388 kB
Mem:          3.8G       3.7G       124M       5.7M        27M       3.2G

MemTotal:        4016004 kB
MemFree:          127600 kB
Active:           351384 kB
Mem:          3.8G       3.7G       124M       5.7M        27M       3.2G

MemTotal:        4016004 kB
MemFree:          127476 kB
Active:           351380 kB
Mem:          3.8G       3.7G       124M       5.7M        27M       3.2G

MemTotal:        4016004 kB
MemFree:          127476 kB
Active:           351372 kB
Mem:          3.8G       3.7G       124M       5.7M        27M       3.2G

MemTotal:        4016004 kB
MemFree:          127228 kB
Active:           351408 kB
Mem:          3.8G       3.7G       124M       5.7M        27M       3.2G

MemTotal:        4016004 kB
MemFree:          126856 kB
Active:           351424 kB
Mem:          3.8G       3.7G       123M       5.7M        27M       3.2G

MemTotal:        4016004 kB
MemFree:          127228 kB
Active:           351372 kB
Mem:          3.8G       3.7G       123M       5.7M        27M       3.2G

MemTotal:        4016004 kB
MemFree:          126608 kB
Active:           351436 kB
Mem:          3.8G       3.7G       123M       5.7M        27M       3.2G

MemTotal:        4016004 kB
MemFree:          126980 kB
Active:           351416 kB
Mem:          3.8G       3.7G       123M       5.7M        27M       3.2G

MemTotal:        4016004 kB
MemFree:          126856 kB
Active:           351392 kB
Mem:          3.8G       3.7G       123M       5.7M        27M       3.2G

MemTotal:        4016004 kB
MemFree:          126856 kB
Active:           351440 kB
Mem:          3.8G       3.7G       123M       5.7M        27M       3.2G

MemTotal:        4016004 kB
MemFree:          126236 kB
Active:           351444 kB
Mem:          3.8G       3.7G       123M       5.7M        27M       3.2G

MemTotal:        4016004 kB
MemFree:          124684 kB
Active:           351400 kB
Mem:          3.8G       3.7G       121M       5.7M        27M       3.2G

MemTotal:        4016004 kB
MemFree:          124932 kB
Active:           353464 kB
Mem:          3.8G       3.7G       121M       5.7M        27M       3.2G

MemTotal:        4016004 kB
MemFree:          124684 kB
Active:           353448 kB
Mem:          3.8G       3.7G       121M       5.7M        27M       3.2G

MemTotal:        4016004 kB
MemFree:          124560 kB
Active:           353440 kB
Mem:          3.8G       3.7G       121M       5.7M        27M       3.2G

MemTotal:        4016004 kB
MemFree:          124684 kB
Active:           353432 kB
Mem:          3.8G       3.7G       121M       5.7M        27M       3.2G

MemTotal:        4016004 kB
MemFree:          124188 kB
Active:           353492 kB
Mem:          3.8G       3.7G       121M       5.7M        27M       3.2G

MemTotal:        4016004 kB
MemFree:          124312 kB
Active:           353492 kB
Mem:          3.8G       3.7G       121M       5.7M        27M       3.2G

MemTotal:        4016004 kB
MemFree:          124808 kB
Active:           353452 kB
Mem:          3.8G       3.7G       121M       5.7M        27M       3.2G

MemTotal:        4016004 kB
MemFree:          124808 kB
Active:           353448 kB
Mem:          3.8G       3.7G       121M       5.7M        27M       3.2G

MemTotal:        4016004 kB
MemFree:          124436 kB
Active:           353492 kB
Mem:          3.8G       3.7G       121M       5.7M        27M       3.2G

MemTotal:        4016004 kB
MemFree:          124932 kB
Active:           353452 kB
Mem:          3.8G       3.7G       121M       5.7M        27M       3.2G

MemTotal:        4016004 kB
MemFree:          124808 kB
Active:           353484 kB
Mem:          3.8G       3.7G       121M       5.7M        27M       3.2G

MemTotal:        4016004 kB
MemFree:          124932 kB
Active:           353492 kB
Mem:          3.8G       3.7G       122M       5.7M        27M       3.2G

MemTotal:        4016004 kB
MemFree:          125056 kB
Active:           353484 kB
Mem:          3.8G       3.7G       122M       5.7M        27M       3.2G

MemTotal:        4016004 kB
MemFree:          124980 kB
Active:           353472 kB
Mem:          3.8G       3.7G       121M       5.7M        27M       3.2G

MemTotal:        4016004 kB
MemFree:          124980 kB
Active:           353464 kB
Mem:          3.8G       3.7G       122M       5.7M        27M       3.2G

MemTotal:        4016004 kB
MemFree:          125104 kB
Active:           353452 kB
Mem:          3.8G       3.7G       122M       5.7M        27M       3.2G

MemTotal:        4016004 kB
MemFree:          124980 kB
Active:           353444 kB
Mem:          3.8G       3.7G       121M       5.7M        27M       3.2G

MemTotal:        4016004 kB
MemFree:          125104 kB
Active:           353484 kB
Mem:          3.8G       3.7G       121M       5.7M        27M       3.2G

MemTotal:        4016004 kB
MemFree:          125104 kB
Active:           353448 kB
Mem:          3.8G       3.7G       122M       5.7M        27M       3.2G

MemTotal:        4016004 kB
MemFree:          124980 kB
Active:           353460 kB
Mem:          3.8G       3.7G       122M       5.7M        27M       3.2G

MemTotal:        4016004 kB
MemFree:          124980 kB
Active:           353500 kB
Mem:          3.8G       3.7G       121M       5.7M        27M       3.2G

MemTotal:        4016004 kB
MemFree:          124980 kB
Active:           353484 kB
Mem:          3.8G       3.7G       122M       5.7M        27M       3.2G

MemTotal:        4016004 kB
MemFree:          124980 kB
Active:           353508 kB
Mem:          3.8G       3.7G       122M       5.7M        27M       3.2G

MemTotal:        4016004 kB
MemFree:          124980 kB
Active:           353496 kB
Mem:          3.8G       3.7G       122M       5.7M        27M       3.2G

MemTotal:        4016004 kB
MemFree:          125012 kB
Active:           353484 kB
Mem:          3.8G       3.7G       121M       5.7M        27M       3.2G

MemTotal:        4016004 kB
MemFree:          125012 kB
Active:           353480 kB
Mem:          3.8G       3.7G       122M       5.7M        27M       3.2G

MemTotal:        4016004 kB
MemFree:          124888 kB
Active:           353468 kB
Mem:          3.8G       3.7G       122M       5.7M        27M       3.2G

MemTotal:        4016004 kB
MemFree:          125136 kB
Active:           353460 kB
Mem:          3.8G       3.7G       122M       5.7M        27M       3.2G

MemTotal:        4016004 kB
MemFree:          125136 kB
Active:           353476 kB
Mem:          3.8G       3.7G       122M       5.7M        27M       3.2G

MemTotal:        4016004 kB
MemFree:          125136 kB
Active:           353476 kB
Mem:          3.8G       3.7G       122M       5.7M        27M       3.2G

MemTotal:        4016004 kB
MemFree:          124764 kB
Active:           353516 kB
Mem:          3.8G       3.7G       121M       5.7M        27M       3.2G

MemTotal:        4016004 kB
MemFree:          125136 kB
Active:           353504 kB
Mem:          3.8G       3.7G       122M       5.7M        27M       3.2G

MemTotal:        4016004 kB
MemFree:          125136 kB
Active:           353516 kB
Mem:          3.8G       3.7G       122M       5.7M        27M       3.2G

MemTotal:        4016004 kB
MemFree:          124888 kB
Active:           353516 kB
Mem:          3.8G       3.7G       121M       5.7M        27M       3.2G

MemTotal:        4016004 kB
MemFree:          124888 kB
Active:           353512 kB
Mem:          3.8G       3.7G       121M       5.7M        27M       3.2G

MemTotal:        4016004 kB
MemFree:          124888 kB
Active:           353488 kB
Mem:          3.8G       3.7G       121M       5.7M        27M       3.2G

MemTotal:        4016004 kB
MemFree:          125136 kB
Active:           353480 kB
Mem:          3.8G       3.7G       122M       5.7M        27M       3.2G

MemTotal:        4016004 kB
MemFree:          124888 kB
Active:           353524 kB
Mem:          3.8G       3.7G       122M       5.7M        27M       3.2G

MemTotal:        4016004 kB
MemFree:          125260 kB
Active:           353508 kB
Mem:          3.8G       3.7G       122M       5.7M        27M       3.2G

MemTotal:        4016004 kB
MemFree:          125012 kB
Active:           353476 kB
Mem:          3.8G       3.7G       122M       5.7M        27M       3.2G

MemTotal:        4016004 kB
MemFree:          125012 kB
Active:           353488 kB
Mem:          3.8G       3.7G       122M       5.7M        27M       3.2G

MemTotal:        4016004 kB
MemFree:          125012 kB
Active:           353476 kB
Mem:          3.8G       3.7G       122M       5.7M        27M       3.2G

MemTotal:        4016004 kB
MemFree:          125508 kB
Active:           353512 kB
Mem:          3.8G       3.7G       122M       5.7M        27M       3.2G

MemTotal:        4016004 kB
MemFree:          125260 kB
Active:           353524 kB
Mem:          3.8G       3.7G       122M       5.7M        27M       3.2G

MemTotal:        4016004 kB
MemFree:          125136 kB
Active:           353504 kB
Mem:          3.8G       3.7G       122M       5.7M        27M       3.2G

MemTotal:        4016004 kB
MemFree:          125508 kB
Active:           353488 kB
Mem:          3.8G       3.7G       122M       5.7M        27M       3.2G

MemTotal:        4016004 kB
MemFree:          125508 kB
Active:           353476 kB
Mem:          3.8G       3.7G       122M       5.7M        27M       3.2G

MemTotal:        4016004 kB
MemFree:          125508 kB
Active:           353496 kB
Mem:          3.8G       3.7G       122M       5.7M        27M       3.2G

MemTotal:        4016004 kB
MemFree:          125632 kB
Active:           353488 kB
Mem:          3.8G       3.7G       122M       5.7M        27M       3.2G

MemTotal:        4016004 kB
MemFree:          123460 kB
Active:           353500 kB
Mem:          3.8G       3.7G       120M       5.7M        27M       3.2G

MemTotal:        4016004 kB
MemFree:          123584 kB
Active:           355552 kB
Mem:          3.8G       3.7G       120M       5.7M        27M       3.2G

MemTotal:        4016004 kB
MemFree:          123460 kB
Active:           355552 kB
Mem:          3.8G       3.7G       120M       5.7M        27M       3.2G

MemTotal:        4016004 kB
MemFree:          123584 kB
Active:           355568 kB
Mem:          3.8G       3.7G       120M       5.7M        27M       3.2G

MemTotal:        4016004 kB
MemFree:          123212 kB
Active:           355568 kB
Mem:          3.8G       3.7G       120M       5.7M        27M       3.2G

MemTotal:        4016004 kB
MemFree:          123088 kB
Active:           355556 kB
Mem:          3.8G       3.7G       120M       5.7M        27M       3.2G

MemTotal:        4016004 kB
MemFree:          122964 kB
Active:           355544 kB
Mem:          3.8G       3.7G       120M       5.7M        27M       3.2G

MemTotal:        4016004 kB
MemFree:          122964 kB
Active:           355568 kB
Mem:          3.8G       3.7G       119M       5.7M        27M       3.2G

MemTotal:        4016004 kB
MemFree:          122716 kB
Active:           355576 kB
Mem:          3.8G       3.7G       120M       5.7M        27M       3.2G

MemTotal:        4016004 kB
MemFree:          123584 kB
Active:           355572 kB
Mem:          3.8G       3.7G       120M       5.7M        27M       3.2G

MemTotal:        4016004 kB
MemFree:          123584 kB
Active:           355564 kB
Mem:          3.8G       3.7G       120M       5.7M        27M       3.2G

MemTotal:        4016004 kB
MemFree:          123352 kB
Active:           355584 kB
Mem:          3.8G       3.7G       120M       5.7M        27M       3.2G

MemTotal:        4016004 kB
MemFree:          123228 kB
Active:           355592 kB
Mem:          3.8G       3.7G       120M       5.7M        27M       3.2G

MemTotal:        4016004 kB
MemFree:          123352 kB
Active:           355540 kB
Mem:          3.8G       3.7G       120M       5.7M        27M       3.2G

MemTotal:        4016004 kB
MemFree:          123228 kB
Active:           355572 kB
Mem:          3.8G       3.7G       120M       5.7M        27M       3.2G

MemTotal:        4016004 kB
MemFree:          123228 kB
Active:           355580 kB
Mem:          3.8G       3.7G       120M       5.7M        27M       3.2G

MemTotal:        4016004 kB
MemFree:          123228 kB
Active:           355560 kB
Mem:          3.8G       3.7G       120M       5.7M        27M       3.2G

MemTotal:        4016004 kB
MemFree:          123228 kB
Active:           355592 kB
Mem:          3.8G       3.7G       120M       5.7M        27M       3.2G

MemTotal:        4016004 kB
MemFree:          122980 kB
Active:           355600 kB
Mem:          3.8G       3.7G       120M       5.7M        27M       3.2G

MemTotal:        4016004 kB
MemFree:          122980 kB
Active:           355572 kB
Mem:          3.8G       3.7G       119M       5.7M        27M       3.2G

MemTotal:        4016004 kB
MemFree:          123352 kB
Active:           355588 kB
Mem:          3.8G       3.7G       120M       5.7M        27M       3.2G

MemTotal:        4016004 kB
MemFree:          122980 kB
Active:           355604 kB
Mem:          3.8G       3.7G       120M       5.7M        27M       3.2G

MemTotal:        4016004 kB
MemFree:          122856 kB
Active:           355556 kB
Mem:          3.8G       3.7G       120M       5.7M        27M       3.2G

MemTotal:        4016004 kB
MemFree:          122856 kB
Active:           355564 kB
Mem:          3.8G       3.7G       120M       5.7M        27M       3.2G

MemTotal:        4016004 kB
MemFree:          122484 kB
Active:           355608 kB
Mem:          3.8G       3.7G       119M       5.7M        27M       3.2G

MemTotal:        4016004 kB
MemFree:          122608 kB
Active:           355608 kB
Mem:          3.8G       3.7G       119M       5.7M        27M       3.2G

MemTotal:        4016004 kB
MemFree:          122856 kB
Active:           355608 kB
Mem:          3.8G       3.7G       119M       5.7M        27M       3.2G

MemTotal:        4016004 kB
MemFree:          122856 kB
Active:           355592 kB
Mem:          3.8G       3.7G       119M       5.7M        27M       3.2G

MemTotal:        4016004 kB
MemFree:          122484 kB
Active:           355616 kB
Mem:          3.8G       3.7G       119M       5.7M        27M       3.2G

MemTotal:        4016004 kB
MemFree:          122484 kB
Active:           355600 kB
Mem:          3.8G       3.7G       119M       5.7M        27M       3.2G

MemTotal:        4016004 kB
MemFree:          122732 kB
Active:           355588 kB
Mem:          3.8G       3.7G       119M       5.7M        27M       3.2G

MemTotal:        4016004 kB
MemFree:          122608 kB
Active:           355572 kB
Mem:          3.8G       3.7G       119M       5.7M        27M       3.2G

MemTotal:        4016004 kB
MemFree:          122360 kB
Active:           355616 kB
Mem:          3.8G       3.7G       119M       5.7M        27M       3.2G

MemTotal:        4016004 kB
MemFree:          122484 kB
Active:           355560 kB
Mem:          3.8G       3.7G       119M       5.7M        27M       3.2G

MemTotal:        4016004 kB
MemFree:          122856 kB
Active:           355604 kB
Mem:          3.8G       3.7G       120M       5.7M        27M       3.2G

MemTotal:        4016004 kB
MemFree:          123352 kB
Active:           355620 kB
Mem:          3.8G       3.7G       120M       5.7M        27M       3.2G

MemTotal:        4016004 kB
MemFree:          123228 kB
Active:           355588 kB
Mem:          3.8G       3.7G       120M       5.7M        27M       3.2G

MemTotal:        4016004 kB
MemFree:          123104 kB
Active:           355596 kB
Mem:          3.8G       3.7G       120M       5.7M        27M       3.2G

MemTotal:        4016004 kB
MemFree:          122732 kB
Active:           355584 kB
Mem:          3.8G       3.7G       120M       5.7M        27M       3.2G

MemTotal:        4016004 kB
MemFree:          122732 kB
Active:           355592 kB
Mem:          3.8G       3.7G       119M       5.7M        27M       3.2G

MemTotal:        4016004 kB
MemFree:          122608 kB
Active:           355580 kB
Mem:          3.8G       3.7G       119M       5.7M        27M       3.2G

MemTotal:        4016004 kB
MemFree:          122608 kB
Active:           355624 kB
Mem:          3.8G       3.7G       119M       5.7M        27M       3.2G

MemTotal:        4016004 kB
MemFree:          122608 kB
Active:           355620 kB
Mem:          3.8G       3.7G       119M       5.7M        27M       3.2G

MemTotal:        4016004 kB
MemFree:          122360 kB
Active:           355644 kB
Mem:          3.8G       3.7G       119M       5.7M        27M       3.2G

MemTotal:        4016004 kB
MemFree:          122608 kB
Active:           355608 kB
Mem:          3.8G       3.7G       119M       5.7M        27M       3.2G

MemTotal:        4016004 kB
MemFree:          122360 kB
Active:           355644 kB
Mem:          3.8G       3.7G       119M       5.7M        27M       3.2G

MemTotal:        4016004 kB
MemFree:          122608 kB
Active:           355632 kB
Mem:          3.8G       3.7G       119M       5.7M        27M       3.2G

MemTotal:        4016004 kB
MemFree:          122484 kB
Active:           355624 kB
Mem:          3.8G       3.7G       119M       5.7M        27M       3.2G

MemTotal:        4016004 kB
MemFree:          122856 kB
Active:           355624 kB
Mem:          3.8G       3.7G       120M       5.7M        27M       3.2G

MemTotal:        4016004 kB
MemFree:          122980 kB
Active:           355628 kB
Mem:          3.8G       3.7G       120M       5.7M        27M       3.2G

MemTotal:        4016004 kB
MemFree:          122608 kB
Active:           355660 kB
Mem:          3.8G       3.7G       119M       5.7M        27M       3.2G

MemTotal:        4016004 kB
MemFree:          122484 kB
Active:           355620 kB
Mem:          3.8G       3.7G       119M       5.7M        27M       3.2G

MemTotal:        4016004 kB
MemFree:          122608 kB
Active:           355660 kB
Mem:          3.8G       3.7G       119M       5.7M        27M       3.2G

MemTotal:        4016004 kB
MemFree:          122856 kB
Active:           355644 kB
Mem:          3.8G       3.7G       119M       5.7M        27M       3.2G

MemTotal:        4016004 kB
MemFree:          122856 kB
Active:           355640 kB
Mem:          3.8G       3.7G       120M       5.7M        27M       3.2G

MemTotal:        4016004 kB
MemFree:          122608 kB
Active:           355664 kB
Mem:          3.8G       3.7G       119M       5.7M        27M       3.2G

MemTotal:        4016004 kB
MemFree:          122608 kB
Active:           355664 kB
Mem:          3.8G       3.7G       120M       5.7M        27M       3.2G

MemTotal:        4016004 kB
MemFree:          122980 kB
Active:           355620 kB
Mem:          3.8G       3.7G       119M       5.7M        27M       3.2G

MemTotal:        4016004 kB
MemFree:          122856 kB
Active:           355676 kB
Mem:          3.8G       3.7G       120M       5.7M        27M       3.2G

MemTotal:        4016004 kB
MemFree:          122856 kB
Active:           355656 kB
Mem:          3.8G       3.7G       119M       5.7M        27M       3.2G

MemTotal:        4016004 kB
MemFree:          122980 kB
Active:           355648 kB
Mem:          3.8G       3.7G       119M       5.7M        27M       3.2G

MemTotal:        4016004 kB
MemFree:          122732 kB
Active:           355632 kB
Mem:          3.8G       3.7G       120M       5.7M        27M       3.2G

MemTotal:        4016004 kB
MemFree:          122856 kB
Active:           355660 kB
Mem:          3.8G       3.7G       120M       5.7M        27M       3.2G

MemTotal:        4016004 kB
MemFree:          123352 kB
Active:           355644 kB
Mem:          3.8G       3.7G       120M       5.7M        27M       3.2G

MemTotal:        4016004 kB
MemFree:          123476 kB
Active:           355672 kB
Mem:          3.8G       3.7G       120M       5.7M        27M       3.2G

MemTotal:        4016004 kB
MemFree:          123600 kB
Active:           355672 kB
Mem:          3.8G       3.7G       120M       5.7M        27M       3.2G

MemTotal:        4016004 kB
MemFree:          123104 kB
Active:           355696 kB
Mem:          3.8G       3.7G       120M       5.7M        27M       3.2G

MemTotal:        4016004 kB
MemFree:          122980 kB
Active:           355692 kB
Mem:          3.8G       3.7G       120M       5.7M        27M       3.2G

MemTotal:        4016004 kB
MemFree:          122980 kB
Active:           355700 kB
Mem:          3.8G       3.7G       119M       5.7M        27M       3.2G

MemTotal:        4016004 kB
MemFree:          122608 kB
Active:           355700 kB
Mem:          3.8G       3.7G       119M       5.7M        27M       3.2G

MemTotal:        4016004 kB
MemFree:          122732 kB
Active:           355708 kB
Mem:          3.8G       3.7G       119M       5.7M        27M       3.2G

MemTotal:        4016004 kB
MemFree:          123104 kB
Active:           355696 kB
Mem:          3.8G       3.7G       120M       5.7M        27M       3.2G

MemTotal:        4016004 kB
MemFree:          123104 kB
Active:           355684 kB
Mem:          3.8G       3.7G       120M       5.7M        27M       3.2G

MemTotal:        4016004 kB
MemFree:          123228 kB
Active:           355700 kB
Mem:          3.8G       3.7G       120M       5.7M        27M       3.2G

MemTotal:        4016004 kB
MemFree:          123104 kB
Active:           355692 kB
Mem:          3.8G       3.7G       120M       5.7M        27M       3.2G

MemTotal:        4016004 kB
MemFree:          123104 kB
Active:           355692 kB
Mem:          3.8G       3.7G       120M       5.7M        27M       3.2G

MemTotal:        4016004 kB
MemFree:          122732 kB
Active:           355724 kB
Mem:          3.8G       3.7G       120M       5.7M        27M       3.2G

MemTotal:        4016004 kB
MemFree:          123600 kB
Active:           355688 kB
Mem:          3.8G       3.7G       120M       5.7M        27M       3.2G

MemTotal:        4016004 kB
MemFree:          123104 kB
Active:           355692 kB
Mem:          3.8G       3.7G       120M       5.7M        27M       3.2G

MemTotal:        4016004 kB
MemFree:          123104 kB
Active:           355668 kB
Mem:          3.8G       3.7G       120M       5.7M        27M       3.2G

MemTotal:        4016004 kB
MemFree:          123104 kB
Active:           355728 kB
Mem:          3.8G       3.7G       120M       5.7M        27M       3.2G

MemTotal:        4016004 kB
MemFree:          122980 kB
Active:           355688 kB
Mem:          3.8G       3.7G       120M       5.7M        27M       3.2G

MemTotal:        4016004 kB
MemFree:          123104 kB
Active:           355692 kB
Mem:          3.8G       3.7G       120M       5.7M        27M       3.2G

MemTotal:        4016004 kB
MemFree:          122608 kB
Active:           355728 kB
Mem:          3.8G       3.7G       119M       5.7M        28M       3.2G

MemTotal:        4016004 kB
MemFree:          122484 kB
Active:           355900 kB
Mem:          3.8G       3.7G       119M       5.7M        28M       3.2G

MemTotal:        4016004 kB
MemFree:          122732 kB
Active:           355856 kB
Mem:          3.8G       3.7G       119M       5.7M        28M       3.2G

MemTotal:        4016004 kB
MemFree:          122592 kB
Active:           355912 kB
Mem:          3.8G       3.7G       119M       5.7M        28M       3.2G

