MemTotal:        4016004 kB
MemFree:         3228492 kB
Active:           433588 kB
Mem:          3.8G       769M       3.1G       5.7M        52M       322M

MemTotal:        4016004 kB
MemFree:         3228368 kB
Active:           433900 kB
Mem:          3.8G       769M       3.1G       5.7M        52M       322M

MemTotal:        4016004 kB
MemFree:         3227872 kB
Active:           434004 kB
Mem:          3.8G       769M       3.1G       5.7M        52M       322M

MemTotal:        4016004 kB
MemFree:         3227980 kB
Active:           433988 kB
Mem:          3.8G       769M       3.1G       5.7M        52M       322M

MemTotal:        4016004 kB
MemFree:         3227344 kB
Active:           434016 kB
Mem:          3.8G       770M       3.1G       5.7M        52M       322M

MemTotal:        4016004 kB
MemFree:         3227012 kB
Active:           433984 kB
Mem:          3.8G       770M       3.1G       5.7M        52M       322M

MemTotal:        4016004 kB
MemFree:         3226516 kB
Active:           434028 kB
Mem:          3.8G       770M       3.1G       5.7M        52M       322M

MemTotal:        4016004 kB
MemFree:         3226888 kB
Active:           434004 kB
Mem:          3.8G       770M       3.1G       5.7M        52M       322M

MemTotal:        4016004 kB
MemFree:         3226872 kB
Active:           434028 kB
Mem:          3.8G       770M       3.1G       5.7M        52M       322M

MemTotal:        4016004 kB
MemFree:         3226500 kB
Active:           434032 kB
Mem:          3.8G       770M       3.1G       5.7M        52M       322M

MemTotal:        4016004 kB
MemFree:         3226376 kB
Active:           434032 kB
Mem:          3.8G       770M       3.1G       5.7M        52M       322M

MemTotal:        4016004 kB
MemFree:         3226236 kB
Active:           434032 kB
Mem:          3.8G       771M       3.1G       5.7M        52M       322M

MemTotal:        4016004 kB
MemFree:         3226592 kB
Active:           434024 kB
Mem:          3.8G       771M       3.1G       5.7M        52M       322M

MemTotal:        4016004 kB
MemFree:         3226220 kB
Active:           434032 kB
Mem:          3.8G       771M       3.1G       5.7M        52M       322M

MemTotal:        4016004 kB
MemFree:         3226468 kB
Active:           434004 kB
Mem:          3.8G       771M       3.1G       5.7M        52M       322M

MemTotal:        4016004 kB
MemFree:         3226820 kB
Active:           431972 kB
Mem:          3.8G       770M       3.1G       5.7M        52M       322M

MemTotal:        4016004 kB
MemFree:         3226920 kB
Active:           431952 kB
Mem:          3.8G       770M       3.1G       5.7M        52M       322M

MemTotal:        4016004 kB
MemFree:         3227664 kB
Active:           434008 kB
Mem:          3.8G       769M       3.1G       5.7M        52M       322M

MemTotal:        4016004 kB
MemFree:         3227664 kB
Active:           434012 kB
Mem:          3.8G       770M       3.1G       5.7M        52M       322M

MemTotal:        4016004 kB
MemFree:         3227540 kB
Active:           434032 kB
Mem:          3.8G       770M       3.1G       5.7M        52M       322M

MemTotal:        4016004 kB
MemFree:         3227664 kB
Active:           433988 kB
Mem:          3.8G       769M       3.1G       5.7M        52M       322M

MemTotal:        4016004 kB
MemFree:         3227416 kB
Active:           434032 kB
Mem:          3.8G       770M       3.1G       5.7M        52M       322M

MemTotal:        4016004 kB
MemFree:         3227168 kB
Active:           434044 kB
Mem:          3.8G       770M       3.1G       5.7M        52M       322M

MemTotal:        4016004 kB
MemFree:         3227044 kB
Active:           434044 kB
Mem:          3.8G       770M       3.1G       5.7M        52M       322M

MemTotal:        4016004 kB
MemFree:         3227168 kB
Active:           433996 kB
Mem:          3.8G       770M       3.1G       5.7M        52M       322M

MemTotal:        4016004 kB
MemFree:         3227168 kB
Active:           434028 kB
Mem:          3.8G       770M       3.1G       5.7M        52M       322M

MemTotal:        4016004 kB
MemFree:         3227044 kB
Active:           434004 kB
Mem:          3.8G       770M       3.1G       5.7M        52M       322M

MemTotal:        4016004 kB
MemFree:         3227168 kB
Active:           434044 kB
Mem:          3.8G       770M       3.1G       5.7M        52M       322M

MemTotal:        4016004 kB
MemFree:         3227044 kB
Active:           434040 kB
Mem:          3.8G       770M       3.1G       5.7M        52M       322M

MemTotal:        4016004 kB
MemFree:         3226548 kB
Active:           434052 kB
Mem:          3.8G       770M       3.1G       5.7M        52M       322M

MemTotal:        4016004 kB
MemFree:         3226796 kB
Active:           434012 kB
Mem:          3.8G       770M       3.1G       5.7M        52M       322M

MemTotal:        4016004 kB
MemFree:         3226672 kB
Active:           434008 kB
Mem:          3.8G       770M       3.1G       5.7M        52M       322M

MemTotal:        4016004 kB
MemFree:         3226548 kB
Active:           434020 kB
Mem:          3.8G       771M       3.1G       5.7M        52M       322M

MemTotal:        4016004 kB
MemFree:         3226472 kB
Active:           434016 kB
Mem:          3.8G       771M       3.1G       5.7M        52M       322M

MemTotal:        4016004 kB
MemFree:         3226348 kB
Active:           434012 kB
Mem:          3.8G       771M       3.1G       5.7M        52M       322M

MemTotal:        4016004 kB
MemFree:         3223864 kB
Active:           432208 kB
Mem:          3.8G       773M       3.1G       5.7M        52M       322M

MemTotal:        4016004 kB
MemFree:         3224112 kB
Active:           431984 kB
Mem:          3.8G       773M       3.1G       5.7M        52M       322M

MemTotal:        4016004 kB
MemFree:         3224236 kB
Active:           431996 kB
Mem:          3.8G       773M       3.1G       5.7M        52M       322M

MemTotal:        4016004 kB
MemFree:         3224360 kB
Active:           436092 kB
Mem:          3.8G       773M       3.1G       5.7M        52M       322M

MemTotal:        4016004 kB
MemFree:         3224344 kB
Active:           436056 kB
Mem:          3.8G       773M       3.1G       5.7M        52M       322M

MemTotal:        4016004 kB
MemFree:         3224204 kB
Active:           436056 kB
Mem:          3.8G       773M       3.1G       5.7M        52M       322M

MemTotal:        4016004 kB
MemFree:         3224576 kB
Active:           436072 kB
Mem:          3.8G       773M       3.1G       5.7M        52M       322M

MemTotal:        4016004 kB
MemFree:         3224328 kB
Active:           436068 kB
Mem:          3.8G       772M       3.1G       5.7M        52M       322M

MemTotal:        4016004 kB
MemFree:         3224452 kB
Active:           436112 kB
Mem:          3.8G       772M       3.1G       5.7M        52M       322M

MemTotal:        4016004 kB
MemFree:         3224452 kB
Active:           436096 kB
Mem:          3.8G       772M       3.1G       5.7M        52M       322M

MemTotal:        4016004 kB
MemFree:         3223916 kB
Active:           434096 kB
Mem:          3.8G       773M       3.1G       5.7M        52M       322M

MemTotal:        4016004 kB
MemFree:         3224076 kB
Active:           434008 kB
Mem:          3.8G       773M       3.1G       5.7M        52M       322M

MemTotal:        4016004 kB
MemFree:         3224448 kB
Active:           436088 kB
Mem:          3.8G       773M       3.1G       5.7M        52M       322M

MemTotal:        4016004 kB
MemFree:         3224308 kB
Active:           436096 kB
Mem:          3.8G       773M       3.1G       5.7M        52M       322M

MemTotal:        4016004 kB
MemFree:         3224308 kB
Active:           436064 kB
Mem:          3.8G       772M       3.1G       5.7M        52M       322M

MemTotal:        4016004 kB
MemFree:         3224432 kB
Active:           436120 kB
Mem:          3.8G       773M       3.1G       5.7M        52M       322M

MemTotal:        4016004 kB
MemFree:         3224416 kB
Active:           436088 kB
Mem:          3.8G       773M       3.1G       5.7M        52M       322M

MemTotal:        4016004 kB
MemFree:         3224340 kB
Active:           436124 kB
Mem:          3.8G       773M       3.1G       5.7M        52M       322M

MemTotal:        4016004 kB
MemFree:         3224340 kB
Active:           436124 kB
Mem:          3.8G       773M       3.1G       5.7M        52M       322M

MemTotal:        4016004 kB
MemFree:         3224216 kB
Active:           436100 kB
Mem:          3.8G       773M       3.1G       5.7M        52M       322M

MemTotal:        4016004 kB
MemFree:         3223140 kB
Active:           434336 kB
Mem:          3.8G       774M       3.1G       5.7M        52M       322M

MemTotal:        4016004 kB
MemFree:         3224152 kB
Active:           436200 kB
Mem:          3.8G       773M       3.1G       5.7M        52M       322M

MemTotal:        4016004 kB
MemFree:         3223872 kB
Active:           436192 kB
Mem:          3.8G       773M       3.1G       5.7M        52M       322M

MemTotal:        4016004 kB
MemFree:         3223780 kB
Active:           436208 kB
Mem:          3.8G       773M       3.1G       5.7M        52M       322M

MemTotal:        4016004 kB
MemFree:         3224276 kB
Active:           436204 kB
Mem:          3.8G       773M       3.1G       5.7M        52M       322M

MemTotal:        4016004 kB
MemFree:         3224276 kB
Active:           436164 kB
Mem:          3.8G       773M       3.1G       5.7M        52M       322M

MemTotal:        4016004 kB
MemFree:         3224012 kB
Active:           436184 kB
Mem:          3.8G       773M       3.1G       5.7M        52M       322M

MemTotal:        4016004 kB
MemFree:         3223656 kB
Active:           436208 kB
Mem:          3.8G       773M       3.1G       5.7M        52M       322M

MemTotal:        4016004 kB
MemFree:         3224400 kB
Active:           436196 kB
Mem:          3.8G       773M       3.1G       5.7M        52M       322M

MemTotal:        4016004 kB
MemFree:         3225020 kB
Active:           436216 kB
Mem:          3.8G       772M       3.1G       5.7M        52M       322M

MemTotal:        4016004 kB
MemFree:         3224212 kB
Active:           434288 kB
Mem:          3.8G       772M       3.1G       5.7M        52M       322M

MemTotal:        4016004 kB
MemFree:         3224956 kB
Active:           436284 kB
Mem:          3.8G       772M       3.1G       5.7M        52M       322M

MemTotal:        4016004 kB
MemFree:         3224956 kB
Active:           436332 kB
Mem:          3.8G       772M       3.1G       5.7M        52M       322M

MemTotal:        4016004 kB
MemFree:         3224988 kB
Active:           436312 kB
Mem:          3.8G       772M       3.1G       5.7M        52M       322M

MemTotal:        4016004 kB
MemFree:         3225112 kB
Active:           436320 kB
Mem:          3.8G       772M       3.1G       5.7M        52M       322M

MemTotal:        4016004 kB
MemFree:         3224492 kB
Active:           436340 kB
Mem:          3.8G       772M       3.1G       5.7M        52M       322M

MemTotal:        4016004 kB
MemFree:         3224740 kB
Active:           436336 kB
Mem:          3.8G       772M       3.1G       5.7M        52M       322M

MemTotal:        4016004 kB
MemFree:         3224616 kB
Active:           436300 kB
Mem:          3.8G       772M       3.1G       5.7M        52M       322M

MemTotal:        4016004 kB
MemFree:         3224740 kB
Active:           436324 kB
Mem:          3.8G       772M       3.1G       5.7M        52M       322M

MemTotal:        4016004 kB
MemFree:         3224368 kB
Active:           436340 kB
Mem:          3.8G       773M       3.1G       5.7M        52M       322M

MemTotal:        4016004 kB
MemFree:         3224368 kB
Active:           436316 kB
Mem:          3.8G       773M       3.1G       5.7M        52M       322M

MemTotal:        4016004 kB
MemFree:         3224352 kB
Active:           436332 kB
Mem:          3.8G       773M       3.1G       5.7M        52M       322M

MemTotal:        4016004 kB
MemFree:         3224028 kB
Active:           436320 kB
Mem:          3.8G       773M       3.1G       5.7M        52M       322M

MemTotal:        4016004 kB
MemFree:         3224152 kB
Active:           436304 kB
Mem:          3.8G       773M       3.1G       5.7M        52M       322M

MemTotal:        4016004 kB
MemFree:         3224260 kB
Active:           436324 kB
Mem:          3.8G       773M       3.1G       5.7M        52M       322M

MemTotal:        4016004 kB
MemFree:         3224492 kB
Active:           436292 kB
Mem:          3.8G       773M       3.1G       5.7M        52M       322M

MemTotal:        4016004 kB
MemFree:         3224492 kB
Active:           436336 kB
Mem:          3.8G       772M       3.1G       5.7M        52M       322M

MemTotal:        4016004 kB
MemFree:         3224616 kB
Active:           436324 kB
Mem:          3.8G       772M       3.1G       5.7M        52M       322M

MemTotal:        4016004 kB
MemFree:         3224460 kB
Active:           436332 kB
Mem:          3.8G       772M       3.1G       5.7M        52M       322M

MemTotal:        4016004 kB
MemFree:         3222412 kB
Active:           436340 kB
Mem:          3.8G       774M       3.1G       5.7M        52M       322M

MemTotal:        4016004 kB
MemFree:         3222784 kB
Active:           438352 kB
Mem:          3.8G       774M       3.1G       5.7M        52M       322M

MemTotal:        4016004 kB
MemFree:         3222444 kB
Active:           438388 kB
Mem:          3.8G       775M       3.1G       5.7M        52M       322M

MemTotal:        4016004 kB
MemFree:         3222692 kB
Active:           438368 kB
Mem:          3.8G       774M       3.1G       5.7M        52M       322M

MemTotal:        4016004 kB
MemFree:         3222816 kB
Active:           438384 kB
Mem:          3.8G       774M       3.1G       5.7M        52M       322M

MemTotal:        4016004 kB
MemFree:         3222940 kB
Active:           438356 kB
Mem:          3.8G       774M       3.1G       5.7M        52M       322M

MemTotal:        4016004 kB
MemFree:         3222940 kB
Active:           438376 kB
Mem:          3.8G       774M       3.1G       5.7M        52M       322M

MemTotal:        4016004 kB
MemFree:         3222692 kB
Active:           438396 kB
Mem:          3.8G       774M       3.1G       5.7M        52M       322M

MemTotal:        4016004 kB
MemFree:         3222692 kB
Active:           438368 kB
Mem:          3.8G       774M       3.1G       5.7M        52M       322M

MemTotal:        4016004 kB
MemFree:         3222816 kB
Active:           438360 kB
Mem:          3.8G       774M       3.1G       5.7M        52M       322M

MemTotal:        4016004 kB
MemFree:         3221900 kB
Active:           436420 kB
Mem:          3.8G       775M       3.1G       5.7M        52M       322M

MemTotal:        4016004 kB
MemFree:         3222204 kB
Active:           438344 kB
Mem:          3.8G       775M       3.1G       5.7M        52M       322M

MemTotal:        4016004 kB
MemFree:         3222204 kB
Active:           438368 kB
Mem:          3.8G       775M       3.1G       5.7M        52M       322M

MemTotal:        4016004 kB
MemFree:         3221956 kB
Active:           438380 kB
Mem:          3.8G       775M       3.1G       5.7M        52M       322M

MemTotal:        4016004 kB
MemFree:         3222204 kB
Active:           438380 kB
Mem:          3.8G       775M       3.1G       5.7M        52M       322M

MemTotal:        4016004 kB
MemFree:         3222452 kB
Active:           438364 kB
Mem:          3.8G       774M       3.1G       5.7M        52M       322M

MemTotal:        4016004 kB
MemFree:         3222932 kB
Active:           438368 kB
Mem:          3.8G       774M       3.1G       5.7M        52M       322M

MemTotal:        4016004 kB
MemFree:         2949360 kB
Active:           440684 kB
Mem:          3.8G       1.0G       2.8G       5.7M        52M       580M

MemTotal:        4016004 kB
MemFree:         2949284 kB
Active:           440692 kB
Mem:          3.8G       1.0G       2.8G       5.7M        52M       580M

MemTotal:        4016004 kB
MemFree:         2949584 kB
Active:           440692 kB
Mem:          3.8G       1.0G       2.8G       5.7M        52M       580M

MemTotal:        4016004 kB
MemFree:         2895152 kB
Active:           438892 kB
Mem:          3.8G       1.1G       2.8G       5.7M        52M       632M

MemTotal:        4016004 kB
MemFree:         2878420 kB
Active:           438944 kB
Mem:          3.8G       1.1G       2.7G       5.7M        52M       648M

MemTotal:        4016004 kB
MemFree:         2872232 kB
Active:           441036 kB
Mem:          3.8G       1.1G       2.7G       5.7M        52M       654M

MemTotal:        4016004 kB
MemFree:         2569552 kB
Active:           442148 kB
Mem:          3.8G       1.4G       2.5G       5.7M        52M       941M

MemTotal:        4016004 kB
MemFree:         2555956 kB
Active:           442304 kB
Mem:          3.8G       1.4G       2.4G       5.7M        52M       954M

MemTotal:        4016004 kB
MemFree:         2555072 kB
Active:           442308 kB
Mem:          3.8G       1.4G       2.4G       5.7M        52M       954M

MemTotal:        4016004 kB
MemFree:         2552116 kB
Active:           442268 kB
Mem:          3.8G       1.4G       2.4G       5.7M        52M       957M

MemTotal:        4016004 kB
MemFree:         2545824 kB
Active:           442336 kB
Mem:          3.8G       1.4G       2.4G       5.7M        52M       963M

MemTotal:        4016004 kB
MemFree:         2511200 kB
Active:           442324 kB
Mem:          3.8G       1.4G       2.4G       5.7M        52M       997M

MemTotal:        4016004 kB
MemFree:         2504456 kB
Active:           442576 kB
Mem:          3.8G       1.4G       2.4G       5.7M        52M       1.0G

MemTotal:        4016004 kB
MemFree:         2494352 kB
Active:           440604 kB
Mem:          3.8G       1.5G       2.4G       5.7M        52M       1.0G

MemTotal:        4016004 kB
MemFree:         2478344 kB
Active:           442648 kB
Mem:          3.8G       1.5G       2.4G       5.7M        52M       1.0G

MemTotal:        4016004 kB
MemFree:         2471260 kB
Active:           442728 kB
Mem:          3.8G       1.5G       2.4G       5.7M        52M       1.0G

MemTotal:        4016004 kB
MemFree:         2450008 kB
Active:           442772 kB
Mem:          3.8G       1.5G       2.3G       5.7M        52M       1.0G

MemTotal:        4016004 kB
MemFree:         2220560 kB
Active:           443680 kB
Mem:          3.8G       1.7G       2.1G       5.7M        52M       1.2G

MemTotal:        4016004 kB
MemFree:         2086252 kB
Active:           444192 kB
Mem:          3.8G       1.8G       2.0G       5.7M        52M       1.4G

MemTotal:        4016004 kB
MemFree:         1985776 kB
Active:           444416 kB
Mem:          3.8G       1.9G       1.9G       5.7M        52M       1.5G

MemTotal:        4016004 kB
MemFree:         1940232 kB
Active:           444712 kB
Mem:          3.8G       2.0G       1.8G       5.7M        52M       1.5G

MemTotal:        4016004 kB
MemFree:         1924428 kB
Active:           444884 kB
Mem:          3.8G       2.0G       1.8G       5.7M        52M       1.5G

MemTotal:        4016004 kB
MemFree:         1924288 kB
Active:           444936 kB
Mem:          3.8G       2.0G       1.8G       5.7M        52M       1.5G

MemTotal:        4016004 kB
MemFree:         1922084 kB
Active:           444872 kB
Mem:          3.8G       2.0G       1.8G       5.7M        52M       1.5G

MemTotal:        4016004 kB
MemFree:         1873608 kB
Active:           447164 kB
Mem:          3.8G       2.0G       1.8G       5.7M        52M       1.6G

MemTotal:        4016004 kB
MemFree:         1740872 kB
Active:           447664 kB
Mem:          3.8G       2.2G       1.7G       5.7M        52M       1.7G

MemTotal:        4016004 kB
MemFree:         1702560 kB
Active:           447824 kB
Mem:          3.8G       2.2G       1.6G       5.7M        52M       1.7G

MemTotal:        4016004 kB
MemFree:         1702084 kB
Active:           447784 kB
Mem:          3.8G       2.2G       1.6G       5.7M        52M       1.7G

MemTotal:        4016004 kB
MemFree:         1702184 kB
Active:           447812 kB
Mem:          3.8G       2.2G       1.6G       5.7M        52M       1.7G

MemTotal:        4016004 kB
MemFree:         1691024 kB
Active:           447872 kB
Mem:          3.8G       2.2G       1.6G       5.7M        52M       1.7G

MemTotal:        4016004 kB
MemFree:         1609300 kB
Active:           448212 kB
Mem:          3.8G       2.3G       1.5G       5.7M        52M       1.8G

MemTotal:        4016004 kB
MemFree:         1524188 kB
Active:           448524 kB
Mem:          3.8G       2.4G       1.5G       5.7M        52M       1.9G

MemTotal:        4016004 kB
MemFree:         1523880 kB
Active:           448544 kB
Mem:          3.8G       2.4G       1.5G       5.7M        52M       1.9G

MemTotal:        4016004 kB
MemFree:         1523576 kB
Active:           448544 kB
Mem:          3.8G       2.4G       1.5G       5.7M        52M       1.9G

MemTotal:        4016004 kB
MemFree:         1521816 kB
Active:           448500 kB
Mem:          3.8G       2.4G       1.5G       5.7M        52M       1.9G

MemTotal:        4016004 kB
MemFree:         1344696 kB
Active:           449008 kB
Mem:          3.8G       2.5G       1.3G       5.7M        52M       2.1G

MemTotal:        4016004 kB
MemFree:         1279628 kB
Active:           449388 kB
Mem:          3.8G       2.6G       1.2G       5.7M        52M       2.1G

MemTotal:        4016004 kB
MemFree:         1200216 kB
Active:           449824 kB
Mem:          3.8G       2.7G       1.1G       5.7M        52M       2.2G

MemTotal:        4016004 kB
MemFree:         1199536 kB
Active:           449796 kB
Mem:          3.8G       2.7G       1.1G       5.7M        52M       2.2G

MemTotal:        4016004 kB
MemFree:         1198868 kB
Active:           449828 kB
Mem:          3.8G       2.7G       1.1G       5.7M        52M       2.2G

MemTotal:        4016004 kB
MemFree:         1085556 kB
Active:           450104 kB
Mem:          3.8G       2.8G       1.0G       5.7M        52M       2.3G

MemTotal:        4016004 kB
MemFree:          996048 kB
Active:           450564 kB
Mem:          3.8G       2.9G       972M       5.7M        52M       2.4G

MemTotal:        4016004 kB
MemFree:          995104 kB
Active:           450584 kB
Mem:          3.8G       2.9G       971M       5.7M        52M       2.4G

MemTotal:        4016004 kB
MemFree:          995388 kB
Active:           450604 kB
Mem:          3.8G       2.9G       972M       5.7M        52M       2.4G

MemTotal:        4016004 kB
MemFree:          995276 kB
Active:           450604 kB
Mem:          3.8G       2.9G       971M       5.7M        52M       2.4G

MemTotal:        4016004 kB
MemFree:          831644 kB
Active:           451068 kB
Mem:          3.8G       3.0G       811M       5.7M        52M       2.5G

MemTotal:        4016004 kB
MemFree:          768080 kB
Active:           451468 kB
Mem:          3.8G       3.1G       749M       5.7M        52M       2.6G

MemTotal:        4016004 kB
MemFree:          760760 kB
Active:           451552 kB
Mem:          3.8G       3.1G       742M       5.7M        52M       2.6G

MemTotal:        4016004 kB
MemFree:          760516 kB
Active:           451496 kB
Mem:          3.8G       3.1G       742M       5.7M        52M       2.6G

MemTotal:        4016004 kB
MemFree:          760496 kB
Active:           451504 kB
Mem:          3.8G       3.1G       742M       5.7M        52M       2.6G

MemTotal:        4016004 kB
MemFree:          629700 kB
Active:           451976 kB
Mem:          3.8G       3.2G       613M       5.7M        52M       2.7G

MemTotal:        4016004 kB
MemFree:          598884 kB
Active:           452192 kB
Mem:          3.8G       3.3G       584M       5.7M        52M       2.7G

MemTotal:        4016004 kB
MemFree:          579012 kB
Active:           452244 kB
Mem:          3.8G       3.3G       565M       5.7M        52M       2.8G

MemTotal:        4016004 kB
MemFree:          579328 kB
Active:           452240 kB
Mem:          3.8G       3.3G       565M       5.7M        52M       2.8G

MemTotal:        4016004 kB
MemFree:          387768 kB
Active:           452816 kB
Mem:          3.8G       3.5G       377M       5.7M        52M       2.9G

MemTotal:        4016004 kB
MemFree:          329824 kB
Active:           453156 kB
Mem:          3.8G       3.5G       321M       5.7M        52M       3.0G

MemTotal:        4016004 kB
MemFree:          307184 kB
Active:           453340 kB
Mem:          3.8G       3.5G       300M       5.7M        52M       3.0G

MemTotal:        4016004 kB
MemFree:          236408 kB
Active:           453548 kB
Mem:          3.8G       3.6G       230M       5.7M        52M       3.1G

MemTotal:        4016004 kB
MemFree:          195856 kB
Active:           453696 kB
Mem:          3.8G       3.6G       191M       5.7M        52M       3.1G

MemTotal:        4016004 kB
MemFree:          195308 kB
Active:           453776 kB
Mem:          3.8G       3.6G       190M       5.7M        52M       3.1G

MemTotal:        4016004 kB
MemFree:          194820 kB
Active:           453732 kB
Mem:          3.8G       3.6G       190M       5.7M        52M       3.1G

MemTotal:        4016004 kB
MemFree:          194636 kB
Active:           453756 kB
Mem:          3.8G       3.6G       190M       5.7M        52M       3.1G

MemTotal:        4016004 kB
MemFree:          126488 kB
Active:           461868 kB
Mem:          3.8G       3.7G       127M       5.7M        20M       3.2G

MemTotal:        4016004 kB
MemFree:          108300 kB
Active:           507276 kB
Mem:          3.8G       3.7G       142M       5.7M        20M       3.2G

MemTotal:        4016004 kB
MemFree:          135716 kB
Active:           490784 kB
Mem:          3.8G       3.7G       132M       5.7M        20M       3.2G

MemTotal:        4016004 kB
MemFree:          131300 kB
Active:           490956 kB
Mem:          3.8G       3.7G       128M       5.7M        20M       3.2G

MemTotal:        4016004 kB
MemFree:          129596 kB
Active:           490928 kB
Mem:          3.8G       3.7G       126M       5.7M        20M       3.2G

MemTotal:        4016004 kB
MemFree:          129196 kB
Active:           493012 kB
Mem:          3.8G       3.7G       126M       5.7M        20M       3.2G

MemTotal:        4016004 kB
MemFree:          118040 kB
Active:           492988 kB
Mem:          3.8G       3.7G       115M       5.7M        20M       3.2G

MemTotal:        4016004 kB
MemFree:          139512 kB
Active:           486908 kB
Mem:          3.8G       3.7G       136M       5.7M        20M       3.2G

MemTotal:        4016004 kB
MemFree:          140344 kB
Active:           486764 kB
Mem:          3.8G       3.7G       136M       5.7M        20M       3.2G

MemTotal:        4016004 kB
MemFree:          140100 kB
Active:           486808 kB
Mem:          3.8G       3.7G       136M       5.7M        20M       3.2G

MemTotal:        4016004 kB
MemFree:          140576 kB
Active:           486784 kB
Mem:          3.8G       3.7G       137M       5.7M        20M       3.2G

MemTotal:        4016004 kB
MemFree:          127720 kB
Active:           477460 kB
Mem:          3.8G       3.7G       124M       5.7M        20M       3.2G

MemTotal:        4016004 kB
MemFree:          124644 kB
Active:           476596 kB
Mem:          3.8G       3.7G       121M       5.7M        20M       3.2G

MemTotal:        4016004 kB
MemFree:          110560 kB
Active:           476084 kB
Mem:          3.8G       3.7G       107M       5.7M        20M       3.2G

MemTotal:        4016004 kB
MemFree:          109840 kB
Active:           476168 kB
Mem:          3.8G       3.7G       107M       5.7M        20M       3.2G

MemTotal:        4016004 kB
MemFree:          110092 kB
Active:           476156 kB
Mem:          3.8G       3.7G       107M       5.7M        20M       3.2G

MemTotal:        4016004 kB
MemFree:          127456 kB
Active:           470528 kB
Mem:          3.8G       3.7G       124M       5.7M        20M       3.2G

MemTotal:        4016004 kB
MemFree:          127344 kB
Active:           468916 kB
Mem:          3.8G       3.7G       124M       5.7M        20M       3.2G

MemTotal:        4016004 kB
MemFree:          115924 kB
Active:           466172 kB
Mem:          3.8G       3.7G       113M       5.7M        20M       3.2G

MemTotal:        4016004 kB
MemFree:          115624 kB
Active:           466172 kB
Mem:          3.8G       3.7G       112M       5.7M        20M       3.2G

MemTotal:        4016004 kB
MemFree:          115720 kB
Active:           466132 kB
Mem:          3.8G       3.7G       113M       5.7M        20M       3.2G

MemTotal:        4016004 kB
MemFree:          125720 kB
Active:           464416 kB
Mem:          3.8G       3.7G       125M       5.7M        20M       3.2G

MemTotal:        4016004 kB
MemFree:          130756 kB
Active:           463872 kB
Mem:          3.8G       3.7G       127M       5.7M        20M       3.2G

MemTotal:        4016004 kB
MemFree:          130920 kB
Active:           463884 kB
Mem:          3.8G       3.7G       127M       5.7M        20M       3.2G

MemTotal:        4016004 kB
MemFree:          131080 kB
Active:           463868 kB
Mem:          3.8G       3.7G       127M       5.7M        20M       3.2G

MemTotal:        4016004 kB
MemFree:          116820 kB
Active:           461064 kB
Mem:          3.8G       3.7G       113M       5.7M        20M       3.2G

MemTotal:        4016004 kB
MemFree:          128084 kB
Active:           457664 kB
Mem:          3.8G       3.7G       125M       5.7M        20M       3.2G

MemTotal:        4016004 kB
MemFree:          108220 kB
Active:           456656 kB
Mem:          3.8G       3.7G       105M       5.7M        20M       3.2G

MemTotal:        4016004 kB
MemFree:          135928 kB
Active:           455676 kB
Mem:          3.8G       3.7G       132M       5.7M        20M       3.2G

MemTotal:        4016004 kB
MemFree:          121256 kB
Active:           454228 kB
Mem:          3.8G       3.7G       118M       5.7M        20M       3.2G

MemTotal:        4016004 kB
MemFree:          123920 kB
Active:           451004 kB
Mem:          3.8G       3.7G       121M       5.7M        20M       3.2G

MemTotal:        4016004 kB
MemFree:          134432 kB
Active:           449328 kB
Mem:          3.8G       3.7G       130M       5.7M        20M       3.2G

MemTotal:        4016004 kB
MemFree:          129984 kB
Active:           448152 kB
Mem:          3.8G       3.7G       126M       5.7M        20M       3.2G

MemTotal:        4016004 kB
MemFree:          129796 kB
Active:           445140 kB
Mem:          3.8G       3.7G       126M       5.7M        20M       3.2G

MemTotal:        4016004 kB
MemFree:          129796 kB
Active:           447092 kB
Mem:          3.8G       3.7G       126M       5.7M        20M       3.2G

MemTotal:        4016004 kB
MemFree:          129800 kB
Active:           447092 kB
Mem:          3.8G       3.7G       126M       5.7M        20M       3.2G

MemTotal:        4016004 kB
MemFree:          130084 kB
Active:           447132 kB
Mem:          3.8G       3.7G       126M       5.7M        20M       3.2G

MemTotal:        4016004 kB
MemFree:          132500 kB
Active:           445416 kB
Mem:          3.8G       3.7G       126M       5.7M        20M       3.2G

MemTotal:        4016004 kB
MemFree:          132660 kB
Active:           441632 kB
Mem:          3.8G       3.7G       129M       5.7M        20M       3.2G

MemTotal:        4016004 kB
MemFree:          106080 kB
Active:           441756 kB
Mem:          3.8G       3.7G       103M       5.7M        20M       3.2G

MemTotal:        4016004 kB
MemFree:          106084 kB
Active:           441748 kB
Mem:          3.8G       3.7G       103M       5.7M        20M       3.2G

MemTotal:        4016004 kB
MemFree:          105652 kB
Active:           441804 kB
Mem:          3.8G       3.7G       102M       5.7M        20M       3.2G

MemTotal:        4016004 kB
MemFree:          127572 kB
Active:           440524 kB
Mem:          3.8G       3.7G       124M       5.7M        20M       3.2G

MemTotal:        4016004 kB
MemFree:          126944 kB
Active:           438164 kB
Mem:          3.8G       3.7G       123M       5.7M        20M       3.2G

MemTotal:        4016004 kB
MemFree:          150284 kB
Active:           434372 kB
Mem:          3.8G       3.7G       146M       5.7M        20M       3.2G

MemTotal:        4016004 kB
MemFree:          150008 kB
Active:           434476 kB
Mem:          3.8G       3.7G       146M       5.7M        20M       3.2G

MemTotal:        4016004 kB
MemFree:          150692 kB
Active:           434484 kB
Mem:          3.8G       3.7G       147M       5.7M        20M       3.2G

MemTotal:        4016004 kB
MemFree:          115012 kB
Active:           434484 kB
Mem:          3.8G       3.7G       110M       5.7M        20M       3.2G

MemTotal:        4016004 kB
MemFree:          138148 kB
Active:           432772 kB
Mem:          3.8G       3.7G       134M       5.7M        20M       3.2G

MemTotal:        4016004 kB
MemFree:          112404 kB
Active:           432936 kB
Mem:          3.8G       3.7G       109M       5.7M        20M       3.2G

MemTotal:        4016004 kB
MemFree:          112124 kB
Active:           432964 kB
Mem:          3.8G       3.7G       109M       5.7M        20M       3.2G

MemTotal:        4016004 kB
MemFree:          112176 kB
Active:           432960 kB
Mem:          3.8G       3.7G       109M       5.7M        20M       3.2G

MemTotal:        4016004 kB
MemFree:          133112 kB
Active:           429112 kB
Mem:          3.8G       3.7G       129M       5.7M        20M       3.2G

MemTotal:        4016004 kB
MemFree:          120760 kB
Active:           427492 kB
Mem:          3.8G       3.7G       117M       5.7M        20M       3.2G

MemTotal:        4016004 kB
MemFree:          121720 kB
Active:           425868 kB
Mem:          3.8G       3.7G       118M       5.7M        20M       3.2G

MemTotal:        4016004 kB
MemFree:          120892 kB
Active:           425884 kB
Mem:          3.8G       3.7G       117M       5.7M        20M       3.2G

MemTotal:        4016004 kB
MemFree:          120604 kB
Active:           425872 kB
Mem:          3.8G       3.7G       117M       5.7M        20M       3.2G

MemTotal:        4016004 kB
MemFree:          120980 kB
Active:           425880 kB
Mem:          3.8G       3.7G       118M       5.7M        20M       3.2G

MemTotal:        4016004 kB
MemFree:          127528 kB
Active:           424112 kB
Mem:          3.8G       3.7G       123M       5.7M        20M       3.2G

MemTotal:        4016004 kB
MemFree:          127560 kB
Active:           421064 kB
Mem:          3.8G       3.7G       124M       5.7M        20M       3.2G

MemTotal:        4016004 kB
MemFree:          121744 kB
Active:           419732 kB
Mem:          3.8G       3.7G       118M       5.7M        20M       3.2G

MemTotal:        4016004 kB
MemFree:          122056 kB
Active:           419748 kB
Mem:          3.8G       3.7G       119M       5.7M        20M       3.2G

MemTotal:        4016004 kB
MemFree:          122060 kB
Active:           419696 kB
Mem:          3.8G       3.7G       119M       5.7M        20M       3.2G

MemTotal:        4016004 kB
MemFree:          121060 kB
Active:           419696 kB
Mem:          3.8G       3.7G       118M       5.7M        20M       3.2G

MemTotal:        4016004 kB
MemFree:          131880 kB
Active:           415516 kB
Mem:          3.8G       3.7G       128M       5.7M        20M       3.2G

MemTotal:        4016004 kB
MemFree:          127788 kB
Active:           413640 kB
Mem:          3.8G       3.7G       124M       5.7M        20M       3.2G

MemTotal:        4016004 kB
MemFree:          121220 kB
Active:           413580 kB
Mem:          3.8G       3.7G       118M       5.7M        20M       3.2G

MemTotal:        4016004 kB
MemFree:          120540 kB
Active:           413584 kB
Mem:          3.8G       3.7G       117M       5.7M        20M       3.2G

MemTotal:        4016004 kB
MemFree:          120692 kB
Active:           413548 kB
Mem:          3.8G       3.7G       117M       5.7M        20M       3.2G

MemTotal:        4016004 kB
MemFree:          108604 kB
Active:           411856 kB
Mem:          3.8G       3.7G       105M       5.7M        20M       3.2G

MemTotal:        4016004 kB
MemFree:          111812 kB
Active:           410476 kB
Mem:          3.8G       3.7G       109M       5.7M        20M       3.2G

MemTotal:        4016004 kB
MemFree:          134160 kB
Active:           406604 kB
Mem:          3.8G       3.7G       131M       5.7M        20M       3.2G

MemTotal:        4016004 kB
MemFree:          134660 kB
Active:           406572 kB
Mem:          3.8G       3.7G       131M       5.7M        20M       3.2G

MemTotal:        4016004 kB
MemFree:          134788 kB
Active:           406568 kB
Mem:          3.8G       3.7G       131M       5.7M        20M       3.2G

MemTotal:        4016004 kB
MemFree:          118740 kB
Active:           401928 kB
Mem:          3.8G       3.7G       114M       5.7M        20M       3.2G

MemTotal:        4016004 kB
MemFree:          123780 kB
Active:           402008 kB
Mem:          3.8G       3.7G       120M       5.7M        20M       3.2G

MemTotal:        4016004 kB
MemFree:          126416 kB
Active:           402164 kB
Mem:          3.8G       3.7G       123M       5.7M        20M       3.2G

MemTotal:        4016004 kB
MemFree:          125956 kB
Active:           402148 kB
Mem:          3.8G       3.7G       122M       5.7M        20M       3.2G

MemTotal:        4016004 kB
MemFree:          148680 kB
Active:           402128 kB
Mem:          3.8G       3.7G       144M       5.7M        20M       3.2G

MemTotal:        4016004 kB
MemFree:          108672 kB
Active:           402552 kB
Mem:          3.8G       3.7G       105M       5.7M        20M       3.2G

MemTotal:        4016004 kB
MemFree:          116348 kB
Active:           402828 kB
Mem:          3.8G       3.7G       113M       5.7M        20M       3.2G

MemTotal:        4016004 kB
MemFree:          104976 kB
Active:           403036 kB
Mem:          3.8G       3.7G       102M       5.7M        20M       3.2G

MemTotal:        4016004 kB
MemFree:          117088 kB
Active:           401760 kB
Mem:          3.8G       3.7G       114M       5.7M        20M       3.2G

MemTotal:        4016004 kB
MemFree:          131084 kB
Active:           401644 kB
Mem:          3.8G       3.7G       127M       5.7M        20M       3.2G

MemTotal:        4016004 kB
MemFree:          130252 kB
Active:           401664 kB
Mem:          3.8G       3.7G       127M       5.7M        20M       3.2G

MemTotal:        4016004 kB
MemFree:          130320 kB
Active:           401684 kB
Mem:          3.8G       3.7G       127M       5.7M        20M       3.2G

MemTotal:        4016004 kB
MemFree:          127436 kB
Active:           402144 kB
Mem:          3.8G       3.7G       124M       5.7M        20M       3.2G

MemTotal:        4016004 kB
MemFree:          136824 kB
Active:           402404 kB
Mem:          3.8G       3.7G       133M       5.7M        20M       3.2G

MemTotal:        4016004 kB
MemFree:          136344 kB
Active:           402436 kB
Mem:          3.8G       3.7G       132M       5.7M        20M       3.2G

MemTotal:        4016004 kB
MemFree:          136288 kB
Active:           402492 kB
Mem:          3.8G       3.7G       133M       5.7M        20M       3.2G

MemTotal:        4016004 kB
MemFree:          137076 kB
Active:           402444 kB
Mem:          3.8G       3.7G       133M       5.7M        20M       3.2G

MemTotal:        4016004 kB
MemFree:          134688 kB
Active:           397308 kB
Mem:          3.8G       3.7G       131M       5.7M        20M       3.2G

MemTotal:        4016004 kB
MemFree:          110756 kB
Active:           399352 kB
Mem:          3.8G       3.7G       107M       5.7M        20M       3.2G

MemTotal:        4016004 kB
MemFree:          109876 kB
Active:           399364 kB
Mem:          3.8G       3.7G       107M       5.7M        20M       3.2G

MemTotal:        4016004 kB
MemFree:          110220 kB
Active:           399348 kB
Mem:          3.8G       3.7G       107M       5.7M        20M       3.2G

MemTotal:        4016004 kB
MemFree:          127620 kB
Active:           400192 kB
Mem:          3.8G       3.7G       124M       5.7M        20M       3.2G

MemTotal:        4016004 kB
MemFree:          126144 kB
Active:           400348 kB
Mem:          3.8G       3.7G       122M       5.7M        20M       3.2G

MemTotal:        4016004 kB
MemFree:          113556 kB
Active:           399664 kB
Mem:          3.8G       3.7G       110M       5.7M        20M       3.2G

MemTotal:        4016004 kB
MemFree:          128188 kB
Active:           399884 kB
Mem:          3.8G       3.7G       124M       5.7M        20M       3.2G

MemTotal:        4016004 kB
MemFree:          127696 kB
Active:           399876 kB
Mem:          3.8G       3.7G       124M       5.7M        20M       3.2G

MemTotal:        4016004 kB
MemFree:          141380 kB
Active:           400448 kB
Mem:          3.8G       3.7G       138M       5.7M        20M       3.2G

MemTotal:        4016004 kB
MemFree:          128744 kB
Active:           400704 kB
Mem:          3.8G       3.7G       125M       5.7M        20M       3.2G

MemTotal:        4016004 kB
MemFree:          129096 kB
Active:           400672 kB
Mem:          3.8G       3.7G       125M       5.7M        20M       3.2G

MemTotal:        4016004 kB
MemFree:          128696 kB
Active:           400672 kB
Mem:          3.8G       3.7G       125M       5.7M        20M       3.2G

MemTotal:        4016004 kB
MemFree:          124912 kB
Active:           398956 kB
Mem:          3.8G       3.7G       122M       5.7M        20M       3.2G

MemTotal:        4016004 kB
MemFree:          131304 kB
Active:           399296 kB
Mem:          3.8G       3.7G       128M       5.7M        20M       3.2G

MemTotal:        4016004 kB
MemFree:          123240 kB
Active:           399320 kB
Mem:          3.8G       3.7G       120M       5.7M        20M       3.2G

MemTotal:        4016004 kB
MemFree:          123364 kB
Active:           399320 kB
Mem:          3.8G       3.7G       120M       5.7M        20M       3.2G

MemTotal:        4016004 kB
MemFree:          123492 kB
Active:           399340 kB
Mem:          3.8G       3.7G       120M       5.7M        20M       3.2G

MemTotal:        4016004 kB
MemFree:          123588 kB
Active:           399332 kB
Mem:          3.8G       3.7G       120M       5.7M        20M       3.2G

MemTotal:        4016004 kB
MemFree:          110668 kB
Active:           400068 kB
Mem:          3.8G       3.7G       108M       5.7M        20M       3.2G

MemTotal:        4016004 kB
MemFree:          135348 kB
Active:           400348 kB
Mem:          3.8G       3.7G       132M       5.7M        20M       3.2G

MemTotal:        4016004 kB
MemFree:          136296 kB
Active:           400312 kB
Mem:          3.8G       3.7G       133M       5.7M        20M       3.2G

MemTotal:        4016004 kB
MemFree:          136740 kB
Active:           400324 kB
Mem:          3.8G       3.7G       133M       5.7M        20M       3.2G

MemTotal:        4016004 kB
MemFree:          134708 kB
Active:           393048 kB
Mem:          3.8G       3.7G       131M       5.7M        20M       3.2G

MemTotal:        4016004 kB
MemFree:          139204 kB
Active:           393112 kB
Mem:          3.8G       3.7G       135M       5.7M        20M       3.2G

MemTotal:        4016004 kB
MemFree:          112256 kB
Active:           393472 kB
Mem:          3.8G       3.7G       109M       5.7M        20M       3.2G

MemTotal:        4016004 kB
MemFree:          112792 kB
Active:           393500 kB
Mem:          3.8G       3.7G       109M       5.7M        20M       3.2G

MemTotal:        4016004 kB
MemFree:          112828 kB
Active:           393508 kB
Mem:          3.8G       3.7G       110M       5.7M        20M       3.2G

MemTotal:        4016004 kB
MemFree:          106984 kB
Active:           394472 kB
Mem:          3.8G       3.7G       102M       5.7M        20M       3.2G

MemTotal:        4016004 kB
MemFree:          121636 kB
Active:           394144 kB
Mem:          3.8G       3.7G       118M       5.7M        20M       3.2G

MemTotal:        4016004 kB
MemFree:          126496 kB
Active:           394404 kB
Mem:          3.8G       3.7G       123M       5.7M        20M       3.2G

MemTotal:        4016004 kB
MemFree:          131232 kB
Active:           394524 kB
Mem:          3.8G       3.7G       128M       5.7M        20M       3.2G

MemTotal:        4016004 kB
MemFree:          131296 kB
Active:           394528 kB
Mem:          3.8G       3.7G       128M       5.7M        20M       3.2G

MemTotal:        4016004 kB
MemFree:          131296 kB
Active:           394544 kB
Mem:          3.8G       3.7G       128M       5.7M        20M       3.2G

MemTotal:        4016004 kB
MemFree:          136704 kB
Active:           391864 kB
Mem:          3.8G       3.7G       133M       5.7M        20M       3.2G

MemTotal:        4016004 kB
MemFree:          130136 kB
Active:           392276 kB
Mem:          3.8G       3.7G       126M       5.7M        20M       3.2G

MemTotal:        4016004 kB
MemFree:          116320 kB
Active:           392420 kB
Mem:          3.8G       3.7G       113M       5.7M        20M       3.2G

MemTotal:        4016004 kB
MemFree:          116292 kB
Active:           392452 kB
Mem:          3.8G       3.7G       113M       5.7M        20M       3.2G

MemTotal:        4016004 kB
MemFree:          116672 kB
Active:           392436 kB
Mem:          3.8G       3.7G       113M       5.7M        20M       3.2G

MemTotal:        4016004 kB
MemFree:          147936 kB
Active:           392456 kB
Mem:          3.8G       3.7G       144M       5.7M        20M       3.2G

MemTotal:        4016004 kB
MemFree:          123744 kB
Active:           393188 kB
Mem:          3.8G       3.7G       120M       5.7M        20M       3.2G

MemTotal:        4016004 kB
MemFree:          132628 kB
Active:           393356 kB
Mem:          3.8G       3.7G       129M       5.7M        20M       3.2G

MemTotal:        4016004 kB
MemFree:          132496 kB
Active:           393388 kB
Mem:          3.8G       3.7G       129M       5.7M        20M       3.2G

MemTotal:        4016004 kB
MemFree:          132684 kB
Active:           393428 kB
Mem:          3.8G       3.7G       129M       5.7M        20M       3.2G

MemTotal:        4016004 kB
MemFree:          128192 kB
Active:           393596 kB
Mem:          3.8G       3.7G       133M       5.7M        20M       3.2G

MemTotal:        4016004 kB
MemFree:          136916 kB
Active:           392572 kB
Mem:          3.8G       3.7G       132M       5.7M        20M       3.2G

MemTotal:        4016004 kB
MemFree:          132656 kB
Active:           392596 kB
Mem:          3.8G       3.7G       129M       5.7M        20M       3.2G

MemTotal:        4016004 kB
MemFree:          130536 kB
Active:           392688 kB
Mem:          3.8G       3.7G       127M       5.7M        20M       3.2G

MemTotal:        4016004 kB
MemFree:          130892 kB
Active:           392820 kB
Mem:          3.8G       3.7G       127M       5.7M        20M       3.2G

MemTotal:        4016004 kB
MemFree:          130720 kB
Active:           392836 kB
Mem:          3.8G       3.7G       127M       5.7M        20M       3.2G

MemTotal:        4016004 kB
MemFree:          139380 kB
Active:           392876 kB
Mem:          3.8G       3.7G       134M       5.7M        20M       3.2G

MemTotal:        4016004 kB
MemFree:          111324 kB
Active:           393388 kB
Mem:          3.8G       3.7G       108M       5.7M        20M       3.2G

MemTotal:        4016004 kB
MemFree:          124344 kB
Active:           393704 kB
Mem:          3.8G       3.7G       125M       5.7M        20M       3.2G

MemTotal:        4016004 kB
MemFree:          121236 kB
Active:           393720 kB
Mem:          3.8G       3.7G       118M       5.7M        20M       3.2G

MemTotal:        4016004 kB
MemFree:          121084 kB
Active:           393720 kB
Mem:          3.8G       3.7G       118M       5.7M        20M       3.2G

MemTotal:        4016004 kB
MemFree:          121648 kB
Active:           393704 kB
Mem:          3.8G       3.7G       118M       5.7M        20M       3.2G

MemTotal:        4016004 kB
MemFree:          122804 kB
Active:           391012 kB
Mem:          3.8G       3.7G       119M       5.7M        20M       3.2G

MemTotal:        4016004 kB
MemFree:          131588 kB
Active:           391324 kB
Mem:          3.8G       3.7G       128M       5.7M        20M       3.2G

MemTotal:        4016004 kB
MemFree:          113452 kB
Active:           391420 kB
Mem:          3.8G       3.7G       110M       5.7M        20M       3.2G

MemTotal:        4016004 kB
MemFree:          113144 kB
Active:           391420 kB
Mem:          3.8G       3.7G       110M       5.7M        20M       3.2G

MemTotal:        4016004 kB
MemFree:          112528 kB
Active:           391428 kB
Mem:          3.8G       3.7G       110M       5.7M        20M       3.2G

MemTotal:        4016004 kB
MemFree:          126948 kB
Active:           391724 kB
Mem:          3.8G       3.7G       124M       5.7M        20M       3.2G

MemTotal:        4016004 kB
MemFree:          124348 kB
Active:           392036 kB
Mem:          3.8G       3.7G       120M       5.7M        20M       3.2G

MemTotal:        4016004 kB
MemFree:          125260 kB
Active:           392348 kB
Mem:          3.8G       3.7G       122M       5.7M        20M       3.2G

MemTotal:        4016004 kB
MemFree:          125148 kB
Active:           392344 kB
Mem:          3.8G       3.7G       122M       5.7M        20M       3.2G

MemTotal:        4016004 kB
MemFree:          124968 kB
Active:           392380 kB
Mem:          3.8G       3.7G       121M       5.7M        20M       3.2G

MemTotal:        4016004 kB
MemFree:          124940 kB
Active:           392344 kB
Mem:          3.8G       3.7G       121M       5.7M        20M       3.2G

MemTotal:        4016004 kB
MemFree:          127656 kB
Active:           392976 kB
Mem:          3.8G       3.7G       124M       5.7M        20M       3.2G

MemTotal:        4016004 kB
MemFree:          115056 kB
Active:           393048 kB
Mem:          3.8G       3.7G       112M       5.7M        20M       3.2G

MemTotal:        4016004 kB
MemFree:          113072 kB
Active:           393124 kB
Mem:          3.8G       3.7G       109M       5.7M        20M       3.2G

MemTotal:        4016004 kB
MemFree:          112548 kB
Active:           393092 kB
Mem:          3.8G       3.7G       110M       5.7M        20M       3.2G

MemTotal:        4016004 kB
MemFree:          112584 kB
Active:           393128 kB
Mem:          3.8G       3.7G       110M       5.7M        20M       3.2G

MemTotal:        4016004 kB
MemFree:          130140 kB
Active:           389944 kB
Mem:          3.8G       3.7G       127M       5.7M        20M       3.2G

MemTotal:        4016004 kB
MemFree:          140256 kB
Active:           390188 kB
Mem:          3.8G       3.7G       136M       5.7M        20M       3.2G

MemTotal:        4016004 kB
MemFree:          139448 kB
Active:           390288 kB
Mem:          3.8G       3.7G       136M       5.7M        20M       3.2G

MemTotal:        4016004 kB
MemFree:          139484 kB
Active:           390292 kB
Mem:          3.8G       3.7G       136M       5.7M        20M       3.2G

MemTotal:        4016004 kB
MemFree:          139488 kB
Active:           390292 kB
Mem:          3.8G       3.7G       136M       5.7M        20M       3.2G

MemTotal:        4016004 kB
MemFree:          147400 kB
Active:           390740 kB
Mem:          3.8G       3.7G       144M       5.7M        20M       3.2G

MemTotal:        4016004 kB
MemFree:          128272 kB
Active:           391016 kB
Mem:          3.8G       3.7G       124M       5.7M        20M       3.2G

MemTotal:        4016004 kB
MemFree:          127092 kB
Active:           391324 kB
Mem:          3.8G       3.7G       123M       5.7M        20M       3.2G

MemTotal:        4016004 kB
MemFree:          127032 kB
Active:           391352 kB
Mem:          3.8G       3.7G       124M       5.7M        20M       3.2G

MemTotal:        4016004 kB
MemFree:          127160 kB
Active:           391316 kB
Mem:          3.8G       3.7G       124M       5.7M        20M       3.2G

MemTotal:        4016004 kB
MemFree:          117556 kB
Active:           391472 kB
Mem:          3.8G       3.7G       113M       5.7M        20M       3.2G

MemTotal:        4016004 kB
MemFree:          118728 kB
Active:           391936 kB
Mem:          3.8G       3.7G       115M       5.7M        20M       3.2G

MemTotal:        4016004 kB
MemFree:          125340 kB
Active:           392232 kB
Mem:          3.8G       3.7G       122M       5.7M        20M       3.2G

MemTotal:        4016004 kB
MemFree:          134812 kB
Active:           392364 kB
Mem:          3.8G       3.7G       131M       5.7M        20M       3.2G

MemTotal:        4016004 kB
MemFree:          135652 kB
Active:           392308 kB
Mem:          3.8G       3.7G       132M       5.7M        20M       3.2G

MemTotal:        4016004 kB
MemFree:          123876 kB
Active:           392312 kB
Mem:          3.8G       3.7G       120M       5.7M        20M       3.2G

MemTotal:        4016004 kB
MemFree:          125460 kB
Active:           392088 kB
Mem:          3.8G       3.7G       122M       5.7M        20M       3.2G

MemTotal:        4016004 kB
MemFree:          127640 kB
Active:           392272 kB
Mem:          3.8G       3.7G       124M       5.7M        20M       3.2G

MemTotal:        4016004 kB
MemFree:          127836 kB
Active:           392508 kB
Mem:          3.8G       3.7G       124M       5.7M        20M       3.2G

MemTotal:        4016004 kB
MemFree:          127932 kB
Active:           392516 kB
Mem:          3.8G       3.7G       125M       5.7M        20M       3.2G

MemTotal:        4016004 kB
MemFree:          128712 kB
Active:           392504 kB
Mem:          3.8G       3.7G       125M       5.7M        20M       3.2G

MemTotal:        4016004 kB
MemFree:          111620 kB
Active:           393080 kB
Mem:          3.8G       3.7G       109M       5.7M        20M       3.2G

MemTotal:        4016004 kB
MemFree:          133624 kB
Active:           393372 kB
Mem:          3.8G       3.7G       130M       5.7M        20M       3.2G

MemTotal:        4016004 kB
MemFree:          134180 kB
Active:           393632 kB
Mem:          3.8G       3.7G       131M       5.7M        20M       3.2G

MemTotal:        4016004 kB
MemFree:          133940 kB
Active:           393616 kB
Mem:          3.8G       3.7G       130M       5.7M        20M       3.2G

MemTotal:        4016004 kB
MemFree:          133632 kB
Active:           393644 kB
Mem:          3.8G       3.7G       130M       5.7M        20M       3.2G

MemTotal:        4016004 kB
MemFree:          123392 kB
Active:           394020 kB
Mem:          3.8G       3.7G       120M       5.7M        20M       3.2G

MemTotal:        4016004 kB
MemFree:          133792 kB
Active:           394192 kB
Mem:          3.8G       3.7G       130M       5.7M        20M       3.2G

MemTotal:        4016004 kB
MemFree:          117820 kB
Active:           394512 kB
Mem:          3.8G       3.7G       114M       5.7M        20M       3.2G

MemTotal:        4016004 kB
MemFree:          117076 kB
Active:           394628 kB
Mem:          3.8G       3.7G       114M       5.7M        20M       3.2G

MemTotal:        4016004 kB
MemFree:          117140 kB
Active:           394636 kB
Mem:          3.8G       3.7G       114M       5.7M        20M       3.2G

MemTotal:        4016004 kB
MemFree:          117176 kB
Active:           394596 kB
Mem:          3.8G       3.7G       113M       5.7M        20M       3.2G

MemTotal:        4016004 kB
MemFree:          148212 kB
Active:           395048 kB
Mem:          3.8G       3.7G       144M       5.7M        20M       3.2G

MemTotal:        4016004 kB
MemFree:          108792 kB
Active:           395216 kB
Mem:          3.8G       3.7G       105M       5.7M        20M       3.2G

MemTotal:        4016004 kB
MemFree:          125860 kB
Active:           395488 kB
Mem:          3.8G       3.7G       122M       5.7M        20M       3.2G

MemTotal:        4016004 kB
MemFree:          125592 kB
Active:           395656 kB
Mem:          3.8G       3.7G       122M       5.7M        20M       3.2G

MemTotal:        4016004 kB
MemFree:          125408 kB
Active:           395660 kB
Mem:          3.8G       3.7G       122M       5.7M        20M       3.2G

MemTotal:        4016004 kB
MemFree:          127944 kB
Active:           395808 kB
Mem:          3.8G       3.7G       124M       5.7M        20M       3.2G

MemTotal:        4016004 kB
MemFree:          130784 kB
Active:           396360 kB
Mem:          3.8G       3.7G       126M       5.7M        20M       3.2G

MemTotal:        4016004 kB
MemFree:          136300 kB
Active:           396596 kB
Mem:          3.8G       3.7G       133M       5.7M        20M       3.2G

MemTotal:        4016004 kB
MemFree:          135964 kB
Active:           396564 kB
Mem:          3.8G       3.7G       133M       5.7M        20M       3.2G

MemTotal:        4016004 kB
MemFree:          136348 kB
Active:           396572 kB
Mem:          3.8G       3.7G       133M       5.7M        20M       3.2G

MemTotal:        4016004 kB
MemFree:          124152 kB
Active:           397004 kB
Mem:          3.8G       3.7G       120M       5.7M        20M       3.2G

MemTotal:        4016004 kB
MemFree:          125988 kB
Active:           397324 kB
Mem:          3.8G       3.7G       123M       5.7M        20M       3.2G

MemTotal:        4016004 kB
MemFree:          126252 kB
Active:           397344 kB
Mem:          3.8G       3.7G       123M       5.7M        20M       3.2G

MemTotal:        4016004 kB
MemFree:          126412 kB
Active:           397396 kB
Mem:          3.8G       3.7G       123M       5.7M        20M       3.2G

MemTotal:        4016004 kB
MemFree:          143756 kB
Active:           397364 kB
Mem:          3.8G       3.7G       140M       5.7M        20M       3.2G

MemTotal:        4016004 kB
MemFree:          128316 kB
Active:           397796 kB
Mem:          3.8G       3.7G       125M       5.7M        20M       3.2G

MemTotal:        4016004 kB
MemFree:          124116 kB
Active:           398132 kB
Mem:          3.8G       3.7G       120M       5.7M        20M       3.2G

MemTotal:        4016004 kB
MemFree:          130152 kB
Active:           398380 kB
Mem:          3.8G       3.7G       126M       5.7M        20M       3.2G

MemTotal:        4016004 kB
MemFree:          129356 kB
Active:           398420 kB
Mem:          3.8G       3.7G       126M       5.7M        20M       3.2G

MemTotal:        4016004 kB
MemFree:          130076 kB
Active:           398364 kB
Mem:          3.8G       3.7G       126M       5.7M        20M       3.2G

MemTotal:        4016004 kB
MemFree:          118228 kB
Active:           398728 kB
Mem:          3.8G       3.7G       115M       5.7M        20M       3.2G

MemTotal:        4016004 kB
MemFree:          130872 kB
Active:           399024 kB
Mem:          3.8G       3.7G       127M       5.7M        20M       3.2G

MemTotal:        4016004 kB
MemFree:          118228 kB
Active:           399288 kB
Mem:          3.8G       3.7G       115M       5.7M        20M       3.2G

MemTotal:        4016004 kB
MemFree:          118384 kB
Active:           399328 kB
Mem:          3.8G       3.7G       115M       5.7M        20M       3.2G

MemTotal:        4016004 kB
MemFree:          118384 kB
Active:           399308 kB
Mem:          3.8G       3.7G       115M       5.7M        20M       3.2G

MemTotal:        4016004 kB
MemFree:          118080 kB
Active:           399328 kB
Mem:          3.8G       3.7G       115M       5.7M        20M       3.2G

MemTotal:        4016004 kB
MemFree:          128232 kB
Active:           399788 kB
Mem:          3.8G       3.7G       124M       5.7M        20M       3.2G

MemTotal:        4016004 kB
MemFree:          127928 kB
Active:           399872 kB
Mem:          3.8G       3.7G       124M       5.7M        20M       3.2G

MemTotal:        4016004 kB
MemFree:          128024 kB
Active:           399876 kB
Mem:          3.8G       3.7G       125M       5.7M        20M       3.2G

MemTotal:        4016004 kB
MemFree:          128136 kB
Active:           399928 kB
Mem:          3.8G       3.7G       124M       5.7M        20M       3.2G

MemTotal:        4016004 kB
MemFree:          132104 kB
Active:           400444 kB
Mem:          3.8G       3.7G       128M       5.7M        20M       3.2G

MemTotal:        4016004 kB
MemFree:          127168 kB
Active:           400716 kB
Mem:          3.8G       3.7G       123M       5.7M        20M       3.2G

MemTotal:        4016004 kB
MemFree:          111368 kB
Active:           401008 kB
Mem:          3.8G       3.7G       107M       5.7M        20M       3.2G

MemTotal:        4016004 kB
MemFree:          143360 kB
Active:           401220 kB
Mem:          3.8G       3.7G       139M       5.7M        20M       3.2G

MemTotal:        4016004 kB
MemFree:          124808 kB
Active:           401408 kB
Mem:          3.8G       3.7G       121M       5.7M        20M       3.2G

MemTotal:        4016004 kB
MemFree:          129900 kB
Active:           401588 kB
Mem:          3.8G       3.7G       126M       5.7M        20M       3.2G

MemTotal:        4016004 kB
MemFree:          115184 kB
Active:           401808 kB
Mem:          3.8G       3.7G       112M       5.7M        20M       3.2G

MemTotal:        4016004 kB
MemFree:          108296 kB
Active:           401972 kB
Mem:          3.8G       3.7G       105M       5.7M        20M       3.2G

MemTotal:        4016004 kB
MemFree:          117620 kB
Active:           402132 kB
Mem:          3.8G       3.7G       114M       5.7M        20M       3.2G

MemTotal:        4016004 kB
MemFree:          117384 kB
Active:           402176 kB
Mem:          3.8G       3.7G       114M       5.7M        20M       3.2G

MemTotal:        4016004 kB
MemFree:          117208 kB
Active:           402196 kB
Mem:          3.8G       3.7G       114M       5.7M        20M       3.2G

MemTotal:        4016004 kB
MemFree:          123400 kB
Active:           402416 kB
Mem:          3.8G       3.7G       120M       5.7M        20M       3.2G

MemTotal:        4016004 kB
MemFree:          123388 kB
Active:           402656 kB
Mem:          3.8G       3.7G       120M       5.7M        20M       3.2G

MemTotal:        4016004 kB
MemFree:          127216 kB
Active:           402968 kB
Mem:          3.8G       3.7G       123M       5.7M        20M       3.2G

MemTotal:        4016004 kB
MemFree:          125760 kB
Active:           403100 kB
Mem:          3.8G       3.7G       122M       5.7M        20M       3.2G

MemTotal:        4016004 kB
MemFree:          125204 kB
Active:           403100 kB
Mem:          3.8G       3.7G       122M       5.7M        20M       3.2G

MemTotal:        4016004 kB
MemFree:          113632 kB
Active:           403204 kB
Mem:          3.8G       3.7G       110M       5.7M        20M       3.2G

MemTotal:        4016004 kB
MemFree:          125628 kB
Active:           403648 kB
Mem:          3.8G       3.7G       122M       5.7M        20M       3.2G

MemTotal:        4016004 kB
MemFree:          106804 kB
Active:           403680 kB
Mem:          3.8G       3.7G       104M       5.7M        20M       3.2G

MemTotal:        4016004 kB
MemFree:          107208 kB
Active:           403760 kB
Mem:          3.8G       3.7G       104M       5.7M        20M       3.2G

MemTotal:        4016004 kB
MemFree:          106868 kB
Active:           403796 kB
Mem:          3.8G       3.7G       104M       5.7M        20M       3.2G

MemTotal:        4016004 kB
MemFree:          106872 kB
Active:           403756 kB
Mem:          3.8G       3.7G       104M       5.7M        20M       3.2G

MemTotal:        4016004 kB
MemFree:          108640 kB
Active:           404484 kB
Mem:          3.8G       3.7G       105M       5.7M        20M       3.2G

MemTotal:        4016004 kB
MemFree:          126540 kB
Active:           404592 kB
Mem:          3.8G       3.7G       123M       5.7M        20M       3.2G

MemTotal:        4016004 kB
MemFree:          129444 kB
Active:           404640 kB
Mem:          3.8G       3.7G       126M       5.7M        20M       3.2G

MemTotal:        4016004 kB
MemFree:          129348 kB
Active:           404824 kB
Mem:          3.8G       3.7G       125M       5.7M        20M       3.2G

MemTotal:        4016004 kB
MemFree:          129632 kB
Active:           404852 kB
Mem:          3.8G       3.7G       126M       5.7M        20M       3.2G

MemTotal:        4016004 kB
MemFree:          115984 kB
Active:           404940 kB
Mem:          3.8G       3.7G       112M       5.7M        20M       3.2G

MemTotal:        4016004 kB
MemFree:          117824 kB
Active:           405556 kB
Mem:          3.8G       3.7G       114M       5.7M        20M       3.2G

MemTotal:        4016004 kB
MemFree:          131548 kB
Active:           405760 kB
Mem:          3.8G       3.7G       128M       5.7M        20M       3.2G

MemTotal:        4016004 kB
MemFree:          131240 kB
Active:           405772 kB
Mem:          3.8G       3.7G       128M       5.7M        20M       3.2G

MemTotal:        4016004 kB
MemFree:          131152 kB
Active:           405728 kB
Mem:          3.8G       3.7G       128M       5.7M        20M       3.2G

MemTotal:        4016004 kB
MemFree:          109284 kB
Active:           406332 kB
Mem:          3.8G       3.7G       106M       5.7M        20M       3.2G

MemTotal:        4016004 kB
MemFree:          124600 kB
Active:           406656 kB
Mem:          3.8G       3.7G       121M       5.7M        20M       3.2G

MemTotal:        4016004 kB
MemFree:          126220 kB
Active:           406836 kB
Mem:          3.8G       3.7G       124M       5.7M        20M       3.2G

MemTotal:        4016004 kB
MemFree:          119092 kB
Active:           407036 kB
Mem:          3.8G       3.7G       116M       5.7M        20M       3.2G

MemTotal:        4016004 kB
MemFree:          112316 kB
Active:           407192 kB
Mem:          3.8G       3.7G       109M       5.7M        20M       3.2G

MemTotal:        4016004 kB
MemFree:          105556 kB
Active:           407356 kB
Mem:          3.8G       3.7G       102M       5.7M        20M       3.2G

MemTotal:        4016004 kB
MemFree:          132944 kB
Active:           407440 kB
Mem:          3.8G       3.7G       129M       5.7M        20M       3.2G

MemTotal:        4016004 kB
MemFree:          120136 kB
Active:           407764 kB
Mem:          3.8G       3.7G       117M       5.7M        20M       3.2G

MemTotal:        4016004 kB
MemFree:          117392 kB
Active:           407812 kB
Mem:          3.8G       3.7G       114M       5.7M        20M       3.2G

MemTotal:        4016004 kB
MemFree:          111880 kB
Active:           407820 kB
Mem:          3.8G       3.7G       108M       5.7M        20M       3.2G

MemTotal:        4016004 kB
MemFree:          126268 kB
Active:           407972 kB
Mem:          3.8G       3.7G       123M       5.7M        20M       3.2G

MemTotal:        4016004 kB
MemFree:          130044 kB
Active:           408392 kB
Mem:          3.8G       3.7G       126M       5.7M        20M       3.2G

MemTotal:        4016004 kB
MemFree:          109984 kB
Active:           408628 kB
Mem:          3.8G       3.7G       107M       5.7M        20M       3.2G

MemTotal:        4016004 kB
MemFree:          109396 kB
Active:           408612 kB
Mem:          3.8G       3.7G       107M       5.7M        20M       3.2G

MemTotal:        4016004 kB
MemFree:          109432 kB
Active:           408632 kB
Mem:          3.8G       3.7G       106M       5.7M        20M       3.2G

MemTotal:        4016004 kB
MemFree:          146428 kB
Active:           408576 kB
Mem:          3.8G       3.7G       142M       5.7M        20M       3.2G

MemTotal:        4016004 kB
MemFree:          137348 kB
Active:           408960 kB
Mem:          3.8G       3.7G       132M       5.7M        20M       3.2G

MemTotal:        4016004 kB
MemFree:          110080 kB
Active:           409220 kB
Mem:          3.8G       3.7G       107M       5.7M        20M       3.2G

MemTotal:        4016004 kB
MemFree:          112404 kB
Active:           409264 kB
Mem:          3.8G       3.7G       113M       5.7M        20M       3.2G

MemTotal:        4016004 kB
MemFree:          137168 kB
Active:           409980 kB
Mem:          3.8G       3.7G       134M       5.7M        20M       3.2G

MemTotal:        4016004 kB
MemFree:          125684 kB
Active:           410172 kB
Mem:          3.8G       3.7G       122M       5.7M        20M       3.2G

MemTotal:        4016004 kB
MemFree:          121536 kB
Active:           410356 kB
Mem:          3.8G       3.7G       118M       5.7M        20M       3.2G

MemTotal:        4016004 kB
MemFree:          114796 kB
Active:           410608 kB
Mem:          3.8G       3.7G       112M       5.7M        20M       3.2G

MemTotal:        4016004 kB
MemFree:          128704 kB
Active:           410980 kB
Mem:          3.8G       3.7G       125M       5.7M        20M       3.2G

MemTotal:        4016004 kB
MemFree:          106724 kB
Active:           411300 kB
Mem:          3.8G       3.7G       104M       5.7M        20M       3.2G

MemTotal:        4016004 kB
MemFree:          121908 kB
Active:           411476 kB
Mem:          3.8G       3.7G       118M       5.7M        20M       3.2G

MemTotal:        4016004 kB
MemFree:          122076 kB
Active:           411568 kB
Mem:          3.8G       3.7G       118M       5.7M        20M       3.2G

MemTotal:        4016004 kB
MemFree:          122236 kB
Active:           411596 kB
Mem:          3.8G       3.7G       119M       5.7M        20M       3.2G

MemTotal:        4016004 kB
MemFree:          127968 kB
Active:           412028 kB
Mem:          3.8G       3.7G       125M       5.7M        20M       3.2G

MemTotal:        4016004 kB
MemFree:          134020 kB
Active:           412244 kB
Mem:          3.8G       3.7G       130M       5.7M        20M       3.2G

MemTotal:        4016004 kB
MemFree:          130964 kB
Active:           412440 kB
Mem:          3.8G       3.7G       128M       5.7M        20M       3.2G

MemTotal:        4016004 kB
MemFree:          131120 kB
Active:           412456 kB
Mem:          3.8G       3.7G       127M       5.7M        20M       3.2G

MemTotal:        4016004 kB
MemFree:          131004 kB
Active:           412432 kB
Mem:          3.8G       3.7G       127M       5.7M        20M       3.2G

MemTotal:        4016004 kB
MemFree:          133384 kB
Active:           412668 kB
Mem:          3.8G       3.7G       128M       5.7M        20M       3.2G

MemTotal:        4016004 kB
MemFree:          115468 kB
Active:           413088 kB
Mem:          3.8G       3.7G       112M       5.7M        20M       3.2G

MemTotal:        4016004 kB
MemFree:          135520 kB
Active:           413480 kB
Mem:          3.8G       3.7G       132M       5.7M        20M       3.2G

MemTotal:        4016004 kB
MemFree:          135508 kB
Active:           413524 kB
Mem:          3.8G       3.7G       132M       5.7M        20M       3.2G

MemTotal:        4016004 kB
MemFree:          135048 kB
Active:           413520 kB
Mem:          3.8G       3.7G       132M       5.7M        21M       3.2G

MemTotal:        4016004 kB
MemFree:          121880 kB
Active:           414168 kB
Mem:          3.8G       3.7G       118M       5.7M        21M       3.2G

MemTotal:        4016004 kB
MemFree:          121508 kB
Active:           414184 kB
Mem:          3.8G       3.7G       118M       5.7M        21M       3.2G

MemTotal:        4016004 kB
MemFree:          139132 kB
Active:           414328 kB
Mem:          3.8G       3.7G       135M       5.7M        21M       3.2G

MemTotal:        4016004 kB
MemFree:          132068 kB
Active:           414372 kB
Mem:          3.8G       3.7G       128M       5.7M        21M       3.2G

MemTotal:        4016004 kB
MemFree:          131984 kB
Active:           414364 kB
Mem:          3.8G       3.7G       128M       5.7M        21M       3.2G

MemTotal:        4016004 kB
MemFree:          132344 kB
Active:           414364 kB
Mem:          3.8G       3.7G       129M       5.7M        21M       3.2G

MemTotal:        4016004 kB
MemFree:          139028 kB
Active:           414984 kB
Mem:          3.8G       3.7G       135M       5.7M        21M       3.2G

MemTotal:        4016004 kB
MemFree:          130792 kB
Active:           415460 kB
Mem:          3.8G       3.7G       127M       5.7M        21M       3.2G

MemTotal:        4016004 kB
MemFree:          131264 kB
Active:           415512 kB
Mem:          3.8G       3.7G       128M       5.7M        21M       3.2G

MemTotal:        4016004 kB
MemFree:          131336 kB
Active:           415580 kB
Mem:          3.8G       3.7G       128M       5.7M        21M       3.2G

MemTotal:        4016004 kB
MemFree:          116404 kB
Active:           415744 kB
Mem:          3.8G       3.7G       113M       5.7M        21M       3.2G

MemTotal:        4016004 kB
MemFree:          122384 kB
Active:           416072 kB
Mem:          3.8G       3.7G       119M       5.7M        21M       3.2G

MemTotal:        4016004 kB
MemFree:          113076 kB
Active:           416272 kB
Mem:          3.8G       3.7G       110M       5.7M        21M       3.2G

MemTotal:        4016004 kB
MemFree:          113416 kB
Active:           416352 kB
Mem:          3.8G       3.7G       110M       5.7M        21M       3.2G

MemTotal:        4016004 kB
MemFree:          118192 kB
Active:           416672 kB
Mem:          3.8G       3.7G       115M       5.7M        21M       3.2G

MemTotal:        4016004 kB
MemFree:          111684 kB
Active:           416844 kB
Mem:          3.8G       3.7G       108M       5.7M        21M       3.2G

MemTotal:        4016004 kB
MemFree:          129968 kB
Active:           417028 kB
Mem:          3.8G       3.7G       125M       5.7M        21M       3.2G

MemTotal:        4016004 kB
MemFree:          108096 kB
Active:           417208 kB
Mem:          3.8G       3.7G       105M       5.7M        21M       3.2G

MemTotal:        4016004 kB
MemFree:          107808 kB
Active:           417296 kB
Mem:          3.8G       3.7G       105M       5.7M        21M       3.2G

MemTotal:        4016004 kB
MemFree:          107840 kB
Active:           417312 kB
Mem:          3.8G       3.7G       105M       5.7M        21M       3.2G

MemTotal:        4016004 kB
MemFree:          107908 kB
Active:           417364 kB
Mem:          3.8G       3.7G       105M       5.7M        21M       3.2G

MemTotal:        4016004 kB
MemFree:          133284 kB
Active:           417768 kB
Mem:          3.8G       3.7G       129M       5.7M        21M       3.2G

MemTotal:        4016004 kB
MemFree:          126968 kB
Active:           417908 kB
Mem:          3.8G       3.7G       123M       5.7M        21M       3.2G

MemTotal:        4016004 kB
MemFree:          108320 kB
Active:           418292 kB
Mem:          3.8G       3.7G       105M       5.7M        21M       3.2G

MemTotal:        4016004 kB
MemFree:          107328 kB
Active:           418376 kB
Mem:          3.8G       3.7G       104M       5.7M        21M       3.2G

MemTotal:        4016004 kB
MemFree:          107720 kB
Active:           418424 kB
Mem:          3.8G       3.7G       105M       5.7M        21M       3.2G

MemTotal:        4016004 kB
MemFree:          132804 kB
Active:           417524 kB
Mem:          3.8G       3.7G       129M       5.7M        21M       3.2G

MemTotal:        4016004 kB
MemFree:          127672 kB
Active:           417608 kB
Mem:          3.8G       3.7G       124M       5.7M        21M       3.2G

MemTotal:        4016004 kB
MemFree:          131812 kB
Active:           417900 kB
Mem:          3.8G       3.7G       128M       5.7M        21M       3.2G

MemTotal:        4016004 kB
MemFree:          131556 kB
Active:           418260 kB
Mem:          3.8G       3.7G       128M       5.7M        21M       3.2G

MemTotal:        4016004 kB
MemFree:          130660 kB
Active:           418296 kB
Mem:          3.8G       3.7G       127M       5.7M        21M       3.2G

MemTotal:        4016004 kB
MemFree:          126912 kB
Active:           426264 kB
Mem:          3.8G       3.7G       123M       5.7M        28M       3.2G

MemTotal:        4016004 kB
MemFree:          139716 kB
Active:           426572 kB
Mem:          3.8G       3.7G       136M       5.7M        28M       3.2G

MemTotal:        4016004 kB
MemFree:          133876 kB
Active:           426828 kB
Mem:          3.8G       3.7G       131M       5.7M        28M       3.2G

MemTotal:        4016004 kB
MemFree:          137296 kB
Active:           426532 kB
Mem:          3.8G       3.7G       133M       5.7M        28M       3.2G

MemTotal:        4016004 kB
MemFree:          142708 kB
Active:           426408 kB
Mem:          3.8G       3.7G       139M       5.7M        28M       3.2G

MemTotal:        4016004 kB
MemFree:          105252 kB
Active:           426568 kB
Mem:          3.8G       3.7G       102M       5.7M        28M       3.2G

MemTotal:        4016004 kB
MemFree:          111844 kB
Active:           426720 kB
Mem:          3.8G       3.7G       108M       5.7M        28M       3.2G

MemTotal:        4016004 kB
MemFree:          133836 kB
Active:           427008 kB
Mem:          3.8G       3.7G       130M       5.7M        28M       3.2G

MemTotal:        4016004 kB
MemFree:          129212 kB
Active:           427072 kB
Mem:          3.8G       3.7G       125M       5.7M        28M       3.2G

MemTotal:        4016004 kB
MemFree:          128996 kB
Active:           427080 kB
Mem:          3.8G       3.7G       125M       5.7M        28M       3.2G

MemTotal:        4016004 kB
MemFree:          128764 kB
Active:           427100 kB
Mem:          3.8G       3.7G       125M       5.7M        28M       3.2G

MemTotal:        4016004 kB
MemFree:          128552 kB
Active:           427344 kB
Mem:          3.8G       3.7G       125M       5.7M        28M       3.2G

MemTotal:        4016004 kB
MemFree:          139876 kB
Active:           427472 kB
Mem:          3.8G       3.7G       134M       5.7M        28M       3.2G

MemTotal:        4016004 kB
MemFree:          129236 kB
Active:           427888 kB
Mem:          3.8G       3.7G       126M       5.7M        28M       3.2G

MemTotal:        4016004 kB
MemFree:          129116 kB
Active:           427852 kB
Mem:          3.8G       3.7G       125M       5.7M        28M       3.2G

MemTotal:        4016004 kB
MemFree:          128872 kB
Active:           427868 kB
Mem:          3.8G       3.7G       125M       5.7M        28M       3.2G

MemTotal:        4016004 kB
MemFree:          106896 kB
Active:           428040 kB
Mem:          3.8G       3.7G       102M       5.7M        28M       3.2G

MemTotal:        4016004 kB
MemFree:          135648 kB
Active:           428336 kB
Mem:          3.8G       3.7G       132M       5.7M        28M       3.2G

MemTotal:        4016004 kB
MemFree:          106336 kB
Active:           428440 kB
Mem:          3.8G       3.7G       103M       5.7M        28M       3.2G

MemTotal:        4016004 kB
MemFree:          106368 kB
Active:           428448 kB
Mem:          3.8G       3.7G       104M       5.7M        28M       3.2G

MemTotal:        4016004 kB
MemFree:          106484 kB
Active:           428452 kB
Mem:          3.8G       3.7G       103M       5.7M        28M       3.2G

MemTotal:        4016004 kB
MemFree:          106644 kB
Active:           428440 kB
Mem:          3.8G       3.7G       103M       5.7M        28M       3.2G

MemTotal:        4016004 kB
MemFree:          123360 kB
Active:           429496 kB
Mem:          3.8G       3.7G       120M       5.7M        28M       3.2G

MemTotal:        4016004 kB
MemFree:          122652 kB
Active:           429852 kB
Mem:          3.8G       3.7G       119M       5.7M        28M       3.2G

MemTotal:        4016004 kB
MemFree:          111780 kB
Active:           430028 kB
Mem:          3.8G       3.7G       108M       5.7M        28M       3.2G

MemTotal:        4016004 kB
MemFree:          127660 kB
Active:           430212 kB
Mem:          3.8G       3.7G       124M       5.7M        28M       3.2G

MemTotal:        4016004 kB
MemFree:          116948 kB
Active:           430408 kB
Mem:          3.8G       3.7G       113M       5.7M        28M       3.2G

MemTotal:        4016004 kB
MemFree:          129988 kB
Active:           430524 kB
Mem:          3.8G       3.7G       127M       5.7M        28M       3.2G

MemTotal:        4016004 kB
MemFree:          111832 kB
Active:           430804 kB
Mem:          3.8G       3.7G       108M       5.7M        28M       3.2G

MemTotal:        4016004 kB
MemFree:          110936 kB
Active:           430808 kB
Mem:          3.8G       3.7G       108M       5.7M        28M       3.2G

MemTotal:        4016004 kB
MemFree:          110504 kB
Active:           430832 kB
Mem:          3.8G       3.7G       108M       5.7M        28M       3.2G

MemTotal:        4016004 kB
MemFree:          107628 kB
Active:           430808 kB
Mem:          3.8G       3.7G       103M       5.7M        28M       3.2G

MemTotal:        4016004 kB
MemFree:          128896 kB
Active:           431216 kB
Mem:          3.8G       3.7G       125M       5.7M        28M       3.2G

MemTotal:        4016004 kB
MemFree:          145816 kB
Active:           431496 kB
Mem:          3.8G       3.7G       142M       5.7M        28M       3.2G

MemTotal:        4016004 kB
MemFree:          145364 kB
Active:           431524 kB
Mem:          3.8G       3.7G       142M       5.7M        28M       3.2G

MemTotal:        4016004 kB
MemFree:          145432 kB
Active:           431528 kB
Mem:          3.8G       3.7G       142M       5.7M        28M       3.2G

MemTotal:        4016004 kB
MemFree:          119484 kB
Active:           431492 kB
Mem:          3.8G       3.7G       116M       5.7M        28M       3.2G

MemTotal:        4016004 kB
MemFree:          126744 kB
Active:           432168 kB
Mem:          3.8G       3.7G       123M       5.7M        28M       3.2G

MemTotal:        4016004 kB
MemFree:          126516 kB
Active:           432412 kB
Mem:          3.8G       3.7G       123M       5.7M        28M       3.2G

MemTotal:        4016004 kB
MemFree:          140584 kB
Active:           432620 kB
Mem:          3.8G       3.7G       137M       5.7M        28M       3.2G

MemTotal:        4016004 kB
MemFree:          140988 kB
Active:           432636 kB
Mem:          3.8G       3.7G       137M       5.7M        28M       3.2G

MemTotal:        4016004 kB
MemFree:          141268 kB
Active:           432632 kB
Mem:          3.8G       3.7G       138M       5.7M        28M       3.2G

MemTotal:        4016004 kB
MemFree:          131404 kB
Active:           433036 kB
Mem:          3.8G       3.7G       128M       5.7M        28M       3.2G

MemTotal:        4016004 kB
MemFree:          123220 kB
Active:           433168 kB
Mem:          3.8G       3.7G       120M       5.7M        28M       3.2G

MemTotal:        4016004 kB
MemFree:          132576 kB
Active:           433480 kB
Mem:          3.8G       3.7G       129M       5.7M        28M       3.2G

MemTotal:        4016004 kB
MemFree:          133024 kB
Active:           433660 kB
Mem:          3.8G       3.7G       129M       5.7M        28M       3.2G

MemTotal:        4016004 kB
MemFree:          132716 kB
Active:           433668 kB
Mem:          3.8G       3.7G       129M       5.7M        28M       3.2G

MemTotal:        4016004 kB
MemFree:          132876 kB
Active:           433632 kB
Mem:          3.8G       3.7G       129M       5.7M        28M       3.2G

MemTotal:        4016004 kB
MemFree:          132632 kB
Active:           433800 kB
Mem:          3.8G       3.7G       129M       5.7M        28M       3.2G

MemTotal:        4016004 kB
MemFree:          128776 kB
Active:           434312 kB
Mem:          3.8G       3.7G       125M       5.7M        28M       3.2G

MemTotal:        4016004 kB
MemFree:          115608 kB
Active:           434536 kB
Mem:          3.8G       3.7G       113M       5.7M        28M       3.2G

MemTotal:        4016004 kB
MemFree:          116536 kB
Active:           434620 kB
Mem:          3.8G       3.7G       113M       5.7M        28M       3.2G

MemTotal:        4016004 kB
MemFree:          116600 kB
Active:           434576 kB
Mem:          3.8G       3.7G       113M       5.7M        28M       3.2G

MemTotal:        4016004 kB
MemFree:          121336 kB
Active:           435040 kB
Mem:          3.8G       3.7G       118M       5.7M        28M       3.2G

MemTotal:        4016004 kB
MemFree:          126000 kB
Active:           435220 kB
Mem:          3.8G       3.7G       122M       5.7M        28M       3.2G

MemTotal:        4016004 kB
MemFree:          123560 kB
Active:           435492 kB
Mem:          3.8G       3.7G       118M       5.7M        28M       3.2G

MemTotal:        4016004 kB
MemFree:          120120 kB
Active:           435716 kB
Mem:          3.8G       3.7G       117M       5.7M        28M       3.2G

MemTotal:        4016004 kB
MemFree:          128748 kB
Active:           435896 kB
Mem:          3.8G       3.7G       125M       5.7M        28M       3.2G

MemTotal:        4016004 kB
MemFree:          128988 kB
Active:           436136 kB
Mem:          3.8G       3.7G       125M       5.7M        28M       3.2G

MemTotal:        4016004 kB
MemFree:          125300 kB
Active:           436268 kB
Mem:          3.8G       3.7G       122M       5.7M        28M       3.2G

MemTotal:        4016004 kB
MemFree:          124512 kB
Active:           436332 kB
Mem:          3.8G       3.7G       121M       5.7M        28M       3.2G

MemTotal:        4016004 kB
MemFree:          124236 kB
Active:           436352 kB
Mem:          3.8G       3.7G       121M       5.7M        28M       3.2G

MemTotal:        4016004 kB
MemFree:          137292 kB
Active:           436772 kB
Mem:          3.8G       3.7G       133M       5.7M        28M       3.2G

MemTotal:        4016004 kB
MemFree:          106392 kB
Active:           437060 kB
Mem:          3.8G       3.7G       103M       5.7M        28M       3.2G

MemTotal:        4016004 kB
MemFree:          125096 kB
Active:           437208 kB
Mem:          3.8G       3.7G       121M       5.7M        28M       3.2G

MemTotal:        4016004 kB
MemFree:          135448 kB
Active:           437400 kB
Mem:          3.8G       3.7G       132M       5.7M        28M       3.2G

MemTotal:        4016004 kB
MemFree:          135264 kB
Active:           437424 kB
Mem:          3.8G       3.7G       132M       5.7M        28M       3.2G

MemTotal:        4016004 kB
MemFree:          126980 kB
Active:           437420 kB
Mem:          3.8G       3.7G       123M       5.7M        28M       3.2G

MemTotal:        4016004 kB
MemFree:          115320 kB
Active:           437780 kB
Mem:          3.8G       3.7G       112M       5.7M        28M       3.2G

MemTotal:        4016004 kB
MemFree:          122996 kB
Active:           438020 kB
Mem:          3.8G       3.7G       120M       5.7M        28M       3.2G

MemTotal:        4016004 kB
MemFree:          124380 kB
Active:           438408 kB
Mem:          3.8G       3.7G       121M       5.7M        28M       3.2G

MemTotal:        4016004 kB
MemFree:          123884 kB
Active:           438420 kB
Mem:          3.8G       3.7G       121M       5.7M        28M       3.2G

MemTotal:        4016004 kB
MemFree:          124696 kB
Active:           438364 kB
Mem:          3.8G       3.7G       121M       5.7M        28M       3.2G

MemTotal:        4016004 kB
MemFree:          139608 kB
Active:           438648 kB
Mem:          3.8G       3.7G       136M       5.7M        28M       3.2G

MemTotal:        4016004 kB
MemFree:          130428 kB
Active:           439084 kB
Mem:          3.8G       3.7G       127M       5.7M        28M       3.2G

MemTotal:        4016004 kB
MemFree:          133772 kB
Active:           439352 kB
Mem:          3.8G       3.7G       130M       5.7M        28M       3.2G

MemTotal:        4016004 kB
MemFree:          133556 kB
Active:           439332 kB
Mem:          3.8G       3.7G       130M       5.7M        28M       3.2G

MemTotal:        4016004 kB
MemFree:          132916 kB
Active:           439356 kB
Mem:          3.8G       3.7G       129M       5.7M        28M       3.2G

MemTotal:        4016004 kB
MemFree:          132488 kB
Active:           439360 kB
Mem:          3.8G       3.7G       129M       5.7M        28M       3.2G

MemTotal:        4016004 kB
MemFree:          117272 kB
Active:           439628 kB
Mem:          3.8G       3.7G       114M       5.7M        28M       3.2G

MemTotal:        4016004 kB
MemFree:          131092 kB
Active:           440100 kB
Mem:          3.8G       3.7G       127M       5.7M        28M       3.2G

MemTotal:        4016004 kB
MemFree:          138964 kB
Active:           440228 kB
Mem:          3.8G       3.7G       135M       5.7M        28M       3.2G

MemTotal:        4016004 kB
MemFree:          139176 kB
Active:           440200 kB
Mem:          3.8G       3.7G       135M       5.7M        28M       3.2G

MemTotal:        4016004 kB
MemFree:          139244 kB
Active:           440232 kB
Mem:          3.8G       3.7G       136M       5.7M        28M       3.2G

MemTotal:        4016004 kB
MemFree:          145380 kB
Active:           440492 kB
Mem:          3.8G       3.7G       141M       5.7M        28M       3.1G

MemTotal:        4016004 kB
MemFree:          128916 kB
Active:           440888 kB
Mem:          3.8G       3.7G       126M       5.7M        28M       3.2G

MemTotal:        4016004 kB
MemFree:          124484 kB
Active:           441264 kB
Mem:          3.8G       3.7G       121M       5.7M        28M       3.2G

MemTotal:        4016004 kB
MemFree:          114612 kB
Active:           441380 kB
Mem:          3.8G       3.7G       111M       5.7M        28M       3.2G

MemTotal:        4016004 kB
MemFree:          113780 kB
Active:           441340 kB
Mem:          3.8G       3.7G       111M       5.7M        28M       3.2G

MemTotal:        4016004 kB
MemFree:          121724 kB
Active:           433332 kB
Mem:          3.8G       3.7G       118M       5.7M        28M       3.2G

MemTotal:        4016004 kB
MemFree:         3387560 kB
Active:           355236 kB
Mem:          3.8G       613M       3.2G       5.7M        28M       183M

MemTotal:        4016004 kB
MemFree:         3388196 kB
Active:           355216 kB
Mem:          3.8G       613M       3.2G       5.7M        28M       183M

MemTotal:        4016004 kB
MemFree:         3388328 kB
Active:           355224 kB
Mem:          3.8G       612M       3.2G       5.7M        28M       183M

MemTotal:        4016004 kB
MemFree:         3388328 kB
Active:           355268 kB
Mem:          3.8G       612M       3.2G       5.7M        28M       183M

MemTotal:        4016004 kB
MemFree:         3387956 kB
Active:           355280 kB
Mem:          3.8G       613M       3.2G       5.7M        28M       183M

MemTotal:        4016004 kB
MemFree:         3388452 kB
Active:           355244 kB
Mem:          3.8G       613M       3.2G       5.7M        28M       183M

MemTotal:        4016004 kB
MemFree:         3388576 kB
Active:           355272 kB
Mem:          3.8G       612M       3.2G       5.7M        28M       183M

MemTotal:        4016004 kB
MemFree:         3388576 kB
Active:           355236 kB
Mem:          3.8G       612M       3.2G       5.7M        28M       183M

MemTotal:        4016004 kB
MemFree:         3388080 kB
Active:           355284 kB
Mem:          3.8G       612M       3.2G       5.7M        28M       183M

MemTotal:        4016004 kB
MemFree:         3388328 kB
Active:           355244 kB
Mem:          3.8G       612M       3.2G       5.7M        28M       183M

MemTotal:        4016004 kB
MemFree:         3388204 kB
Active:           355244 kB
Mem:          3.8G       613M       3.2G       5.7M        28M       183M

MemTotal:        4016004 kB
MemFree:         3388204 kB
Active:           355232 kB
Mem:          3.8G       613M       3.2G       5.7M        28M       183M

MemTotal:        4016004 kB
MemFree:         3388328 kB
Active:           355272 kB
Mem:          3.8G       613M       3.2G       5.7M        28M       183M

MemTotal:        4016004 kB
MemFree:         3387708 kB
Active:           355280 kB
Mem:          3.8G       613M       3.2G       5.7M        28M       183M

MemTotal:        4016004 kB
MemFree:         3387584 kB
Active:           355268 kB
Mem:          3.8G       613M       3.2G       5.7M        28M       183M

MemTotal:        4016004 kB
MemFree:         3387460 kB
Active:           355284 kB
Mem:          3.8G       613M       3.2G       5.7M        28M       183M

MemTotal:        4016004 kB
MemFree:         3387584 kB
Active:           355240 kB
Mem:          3.8G       613M       3.2G       5.7M        28M       183M

MemTotal:        4016004 kB
MemFree:         3387956 kB
Active:           355252 kB
Mem:          3.8G       613M       3.2G       5.7M        28M       183M

MemTotal:        4016004 kB
MemFree:         3387832 kB
Active:           355268 kB
Mem:          3.8G       613M       3.2G       5.7M        28M       183M

MemTotal:        4016004 kB
MemFree:         3387708 kB
Active:           355264 kB
Mem:          3.8G       613M       3.2G       5.7M        28M       183M

MemTotal:        4016004 kB
MemFree:         3387832 kB
Active:           355268 kB
Mem:          3.8G       613M       3.2G       5.7M        28M       183M

MemTotal:        4016004 kB
MemFree:         3387832 kB
Active:           355268 kB
Mem:          3.8G       613M       3.2G       5.7M        28M       183M

MemTotal:        4016004 kB
MemFree:         3387700 kB
Active:           355292 kB
Mem:          3.8G       613M       3.2G       5.7M        28M       183M

MemTotal:        4016004 kB
MemFree:         3387828 kB
Active:           355288 kB
Mem:          3.8G       613M       3.2G       5.7M        28M       183M

MemTotal:        4016004 kB
MemFree:         3387832 kB
Active:           355292 kB
Mem:          3.8G       613M       3.2G       5.7M        28M       183M

MemTotal:        4016004 kB
MemFree:         3387088 kB
Active:           355316 kB
Mem:          3.8G       613M       3.2G       5.7M        28M       183M

MemTotal:        4016004 kB
MemFree:         3387584 kB
Active:           355304 kB
Mem:          3.8G       613M       3.2G       5.7M        28M       183M

MemTotal:        4016004 kB
MemFree:         3387212 kB
Active:           355316 kB
Mem:          3.8G       613M       3.2G       5.7M        28M       183M

MemTotal:        4016004 kB
MemFree:         3387460 kB
Active:           355292 kB
Mem:          3.8G       613M       3.2G       5.7M        28M       183M

MemTotal:        4016004 kB
MemFree:         3387460 kB
Active:           355320 kB
Mem:          3.8G       614M       3.2G       5.7M        28M       183M

MemTotal:        4016004 kB
MemFree:         3387684 kB
Active:           355296 kB
Mem:          3.8G       613M       3.2G       5.7M        28M       183M

MemTotal:        4016004 kB
MemFree:         3387436 kB
Active:           355336 kB
Mem:          3.8G       613M       3.2G       5.7M        28M       183M

MemTotal:        4016004 kB
MemFree:         3387808 kB
Active:           355296 kB
Mem:          3.8G       613M       3.2G       5.7M        28M       183M

MemTotal:        4016004 kB
MemFree:         3387560 kB
Active:           355336 kB
Mem:          3.8G       613M       3.2G       5.7M        28M       183M

MemTotal:        4016004 kB
MemFree:         3387808 kB
Active:           355332 kB
Mem:          3.8G       613M       3.2G       5.7M        28M       183M

MemTotal:        4016004 kB
MemFree:         3387932 kB
Active:           355300 kB
Mem:          3.8G       613M       3.2G       5.7M        28M       183M

MemTotal:        4016004 kB
MemFree:         3388056 kB
Active:           355320 kB
Mem:          3.8G       613M       3.2G       5.7M        28M       183M

MemTotal:        4016004 kB
MemFree:         3388056 kB
Active:           355316 kB
Mem:          3.8G       613M       3.2G       5.7M        28M       183M

MemTotal:        4016004 kB
MemFree:         3388180 kB
Active:           355332 kB
Mem:          3.8G       613M       3.2G       5.7M        28M       183M

MemTotal:        4016004 kB
MemFree:         3388056 kB
Active:           355328 kB
Mem:          3.8G       613M       3.2G       5.7M        28M       183M

MemTotal:        4016004 kB
MemFree:         3387684 kB
Active:           355344 kB
Mem:          3.8G       613M       3.2G       5.7M        28M       183M

MemTotal:        4016004 kB
MemFree:         3387188 kB
Active:           355352 kB
Mem:          3.8G       613M       3.2G       5.7M        28M       183M

MemTotal:        4016004 kB
MemFree:         3387560 kB
Active:           355312 kB
Mem:          3.8G       613M       3.2G       5.7M        28M       183M

MemTotal:        4016004 kB
MemFree:         3387684 kB
Active:           355312 kB
Mem:          3.8G       613M       3.2G       5.7M        28M       183M

MemTotal:        4016004 kB
MemFree:         3387684 kB
Active:           355316 kB
Mem:          3.8G       613M       3.2G       5.7M        28M       183M

MemTotal:        4016004 kB
MemFree:         3387808 kB
Active:           355316 kB
Mem:          3.8G       613M       3.2G       5.7M        28M       183M

MemTotal:        4016004 kB
MemFree:         3388056 kB
Active:           355324 kB
Mem:          3.8G       613M       3.2G       5.7M        28M       183M

MemTotal:        4016004 kB
MemFree:         3388008 kB
Active:           355328 kB
Mem:          3.8G       613M       3.2G       5.7M        28M       183M

MemTotal:        4016004 kB
MemFree:         3388056 kB
Active:           355332 kB
Mem:          3.8G       613M       3.2G       5.7M        28M       183M

MemTotal:        4016004 kB
MemFree:         3388056 kB
Active:           355340 kB
