MemTotal:        4016004 kB
MemFree:         3250596 kB
Active:           407264 kB
Mem:          3.8G       747M       3.1G       5.7M        54M       315M

MemTotal:        4016004 kB
MemFree:         3250336 kB
Active:           407844 kB
Mem:          3.8G       747M       3.1G       5.7M        54M       315M

MemTotal:        4016004 kB
MemFree:         3249948 kB
Active:           407964 kB
Mem:          3.8G       748M       3.1G       5.7M        54M       315M

MemTotal:        4016004 kB
MemFree:         3249560 kB
Active:           407972 kB
Mem:          3.8G       748M       3.1G       5.7M        54M       315M

MemTotal:        4016004 kB
MemFree:         3249932 kB
Active:           407964 kB
Mem:          3.8G       748M       3.1G       5.7M        54M       315M

MemTotal:        4016004 kB
MemFree:         3249916 kB
Active:           407948 kB
Mem:          3.8G       748M       3.1G       5.7M        54M       315M

MemTotal:        4016004 kB
MemFree:         3250396 kB
Active:           407940 kB
Mem:          3.8G       747M       3.1G       5.7M        54M       315M

MemTotal:        4016004 kB
MemFree:         3250008 kB
Active:           407972 kB
Mem:          3.8G       747M       3.1G       5.7M        54M       315M

MemTotal:        4016004 kB
MemFree:         3250256 kB
Active:           407980 kB
Mem:          3.8G       747M       3.1G       5.7M        54M       315M

MemTotal:        4016004 kB
MemFree:         3250240 kB
Active:           407964 kB
Mem:          3.8G       747M       3.1G       5.7M        54M       315M

MemTotal:        4016004 kB
MemFree:         3249868 kB
Active:           407964 kB
Mem:          3.8G       748M       3.1G       5.7M        54M       315M

MemTotal:        4016004 kB
MemFree:         3249852 kB
Active:           407968 kB
Mem:          3.8G       748M       3.1G       5.7M        54M       315M

MemTotal:        4016004 kB
MemFree:         3249960 kB
Active:           407984 kB
Mem:          3.8G       748M       3.1G       5.7M        54M       315M

MemTotal:        4016004 kB
MemFree:         3249356 kB
Active:           407984 kB
Mem:          3.8G       748M       3.1G       5.7M        54M       315M

MemTotal:        4016004 kB
MemFree:         3249480 kB
Active:           407956 kB
Mem:          3.8G       748M       3.1G       5.7M        54M       315M

MemTotal:        4016004 kB
MemFree:         3249356 kB
Active:           407988 kB
Mem:          3.8G       748M       3.1G       5.7M        54M       315M

MemTotal:        4016004 kB
MemFree:         3249636 kB
Active:           407952 kB
Mem:          3.8G       748M       3.1G       5.7M        54M       315M

MemTotal:        4016004 kB
MemFree:         3249620 kB
Active:           407988 kB
Mem:          3.8G       748M       3.1G       5.7M        54M       315M

MemTotal:        4016004 kB
MemFree:         3249604 kB
Active:           407988 kB
Mem:          3.8G       748M       3.1G       5.7M        54M       315M

MemTotal:        4016004 kB
MemFree:         3249976 kB
Active:           407932 kB
Mem:          3.8G       748M       3.1G       5.7M        54M       315M

MemTotal:        4016004 kB
MemFree:         3249836 kB
Active:           407976 kB
Mem:          3.8G       747M       3.1G       5.7M        54M       315M

MemTotal:        4016004 kB
MemFree:         3250192 kB
Active:           407944 kB
Mem:          3.8G       747M       3.1G       5.7M        54M       315M

MemTotal:        4016004 kB
MemFree:         3250672 kB
Active:           407944 kB
Mem:          3.8G       747M       3.1G       5.7M        54M       315M

MemTotal:        4016004 kB
MemFree:         3250780 kB
Active:           407980 kB
Mem:          3.8G       747M       3.1G       5.7M        54M       315M

MemTotal:        4016004 kB
MemFree:         3250904 kB
Active:           407988 kB
Mem:          3.8G       747M       3.1G       5.7M        54M       315M

MemTotal:        4016004 kB
MemFree:         3250656 kB
Active:           407948 kB
Mem:          3.8G       747M       3.1G       5.7M        54M       315M

MemTotal:        4016004 kB
MemFree:         3250632 kB
Active:           406088 kB
Mem:          3.8G       747M       3.1G       5.7M        54M       315M

MemTotal:        4016004 kB
MemFree:         3250452 kB
Active:           408008 kB
Mem:          3.8G       747M       3.1G       5.7M        54M       315M

MemTotal:        4016004 kB
MemFree:         3250328 kB
Active:           407980 kB
Mem:          3.8G       747M       3.1G       5.7M        54M       315M

MemTotal:        4016004 kB
MemFree:         3250176 kB
Active:           407988 kB
Mem:          3.8G       747M       3.1G       5.7M        54M       315M

MemTotal:        4016004 kB
MemFree:         3250300 kB
Active:           407968 kB
Mem:          3.8G       747M       3.1G       5.7M        54M       315M

MemTotal:        4016004 kB
MemFree:         3250548 kB
Active:           407984 kB
Mem:          3.8G       747M       3.1G       5.7M        54M       315M

MemTotal:        4016004 kB
MemFree:         3250300 kB
Active:           407972 kB
Mem:          3.8G       747M       3.1G       5.7M        54M       315M

MemTotal:        4016004 kB
MemFree:         3250424 kB
Active:           407992 kB
Mem:          3.8G       747M       3.1G       5.7M        54M       315M

MemTotal:        4016004 kB
MemFree:         3250052 kB
Active:           408024 kB
Mem:          3.8G       747M       3.1G       5.7M        54M       315M

MemTotal:        4016004 kB
MemFree:         3250052 kB
Active:           407972 kB
Mem:          3.8G       748M       3.1G       5.7M        54M       315M

MemTotal:        4016004 kB
MemFree:         3250300 kB
Active:           408020 kB
Mem:          3.8G       747M       3.1G       5.7M        54M       315M

MemTotal:        4016004 kB
MemFree:         3250300 kB
Active:           408020 kB
Mem:          3.8G       747M       3.1G       5.7M        54M       315M

MemTotal:        4016004 kB
MemFree:         3250176 kB
Active:           407992 kB
Mem:          3.8G       747M       3.1G       5.7M        54M       315M

MemTotal:        4016004 kB
MemFree:         3250176 kB
Active:           408016 kB
Mem:          3.8G       747M       3.1G       5.7M        54M       315M

MemTotal:        4016004 kB
MemFree:         3250160 kB
Active:           407996 kB
Mem:          3.8G       748M       3.1G       5.7M        54M       315M

MemTotal:        4016004 kB
MemFree:         3250380 kB
Active:           408012 kB
Mem:          3.8G       747M       3.1G       5.7M        54M       315M

MemTotal:        4016004 kB
MemFree:         3250256 kB
Active:           408040 kB
Mem:          3.8G       747M       3.1G       5.7M        54M       315M

MemTotal:        4016004 kB
MemFree:         3250380 kB
Active:           407996 kB
Mem:          3.8G       747M       3.1G       5.7M        54M       315M

MemTotal:        4016004 kB
MemFree:         3250380 kB
Active:           408000 kB
Mem:          3.8G       747M       3.1G       5.7M        54M       315M

MemTotal:        4016004 kB
MemFree:         3249884 kB
Active:           408044 kB
Mem:          3.8G       747M       3.1G       5.7M        54M       315M

MemTotal:        4016004 kB
MemFree:         3250140 kB
Active:           406108 kB
Mem:          3.8G       747M       3.1G       5.7M        54M       315M

MemTotal:        4016004 kB
MemFree:         3250192 kB
Active:           408044 kB
Mem:          3.8G       748M       3.1G       5.7M        54M       315M

MemTotal:        4016004 kB
MemFree:         3250316 kB
Active:           408008 kB
Mem:          3.8G       747M       3.1G       5.7M        54M       315M

MemTotal:        4016004 kB
MemFree:         3250316 kB
Active:           408056 kB
Mem:          3.8G       747M       3.1G       5.7M        54M       315M

MemTotal:        4016004 kB
MemFree:         3250300 kB
Active:           408056 kB
Mem:          3.8G       747M       3.1G       5.7M        54M       315M

MemTotal:        4016004 kB
MemFree:         3250284 kB
Active:           408020 kB
Mem:          3.8G       747M       3.1G       5.7M        54M       315M

MemTotal:        4016004 kB
MemFree:         3250160 kB
Active:           408092 kB
Mem:          3.8G       747M       3.1G       5.7M        54M       315M

MemTotal:        4016004 kB
MemFree:         3250020 kB
Active:           408044 kB
Mem:          3.8G       748M       3.1G       5.7M        54M       315M

MemTotal:        4016004 kB
MemFree:         3250004 kB
Active:           408084 kB
Mem:          3.8G       748M       3.1G       5.7M        54M       315M

MemTotal:        4016004 kB
MemFree:         3249508 kB
Active:           408092 kB
Mem:          3.8G       748M       3.1G       5.7M        54M       315M

MemTotal:        4016004 kB
MemFree:         3249136 kB
Active:           408096 kB
Mem:          3.8G       748M       3.1G       5.7M        54M       315M

MemTotal:        4016004 kB
MemFree:         3249384 kB
Active:           408052 kB
Mem:          3.8G       748M       3.1G       5.7M        55M       315M

MemTotal:        4016004 kB
MemFree:         3249384 kB
Active:           408092 kB
Mem:          3.8G       748M       3.1G       5.7M        55M       315M

MemTotal:        4016004 kB
MemFree:         3249464 kB
Active:           408084 kB
Mem:          3.8G       748M       3.1G       5.7M        55M       315M

MemTotal:        4016004 kB
MemFree:         3248812 kB
Active:           408080 kB
Mem:          3.8G       749M       3.1G       5.7M        55M       315M

MemTotal:        4016004 kB
MemFree:         3135544 kB
Active:           408732 kB
Mem:          3.8G       860M       3.0G       5.7M        55M       425M

MemTotal:        4016004 kB
MemFree:         3022324 kB
Active:           408716 kB
Mem:          3.8G       970M       2.9G       5.7M        55M       534M

MemTotal:        4016004 kB
MemFree:         2904748 kB
Active:           408724 kB
Mem:          3.8G       1.1G       2.8G       5.7M        55M       647M

MemTotal:        4016004 kB
MemFree:         2891068 kB
Active:           408776 kB
Mem:          3.8G       1.1G       2.8G       5.7M        55M       660M

MemTotal:        4016004 kB
MemFree:         2840104 kB
Active:           408760 kB
Mem:          3.8G       1.1G       2.7G       5.7M        55M       709M

MemTotal:        4016004 kB
MemFree:         2791092 kB
Active:           408776 kB
Mem:          3.8G       1.2G       2.7G       5.7M        55M       756M

MemTotal:        4016004 kB
MemFree:         2755460 kB
Active:           408764 kB
Mem:          3.8G       1.2G       2.6G       5.7M        55M       791M

MemTotal:        4016004 kB
MemFree:         2694076 kB
Active:           408760 kB
Mem:          3.8G       1.3G       2.6G       5.7M        55M       850M

MemTotal:        4016004 kB
MemFree:         2692516 kB
Active:           408796 kB
Mem:          3.8G       1.3G       2.6G       5.7M        55M       851M

MemTotal:        4016004 kB
MemFree:         2691432 kB
Active:           408804 kB
Mem:          3.8G       1.3G       2.6G       5.7M        55M       852M

MemTotal:        4016004 kB
MemFree:         2690068 kB
Active:           408784 kB
Mem:          3.8G       1.3G       2.6G       5.7M        55M       853M

MemTotal:        4016004 kB
MemFree:         2689360 kB
Active:           408820 kB
Mem:          3.8G       1.3G       2.6G       5.7M        55M       854M

MemTotal:        4016004 kB
MemFree:         2600496 kB
Active:           408792 kB
Mem:          3.8G       1.4G       2.5G       5.7M        55M       940M

MemTotal:        4016004 kB
MemFree:         2464628 kB
Active:           408800 kB
Mem:          3.8G       1.5G       2.3G       5.7M        55M       1.0G

MemTotal:        4016004 kB
MemFree:         2337892 kB
Active:           408788 kB
Mem:          3.8G       1.6G       2.2G       5.7M        55M       1.2G

MemTotal:        4016004 kB
MemFree:         2319180 kB
Active:           408796 kB
Mem:          3.8G       1.6G       2.2G       5.7M        55M       1.2G

MemTotal:        4016004 kB
MemFree:         2237396 kB
Active:           408832 kB
Mem:          3.8G       1.7G       2.1G       5.7M        55M       1.3G

MemTotal:        4016004 kB
MemFree:         2237032 kB
Active:           408804 kB
Mem:          3.8G       1.7G       2.1G       5.7M        55M       1.3G

MemTotal:        4016004 kB
MemFree:         2183524 kB
Active:           408812 kB
Mem:          3.8G       1.7G       2.1G       5.7M        55M       1.3G

MemTotal:        4016004 kB
MemFree:         2136568 kB
Active:           408804 kB
Mem:          3.8G       1.8G       2.0G       5.7M        55M       1.4G

MemTotal:        4016004 kB
MemFree:         2098060 kB
Active:           408848 kB
Mem:          3.8G       1.8G       2.0G       5.7M        55M       1.4G

MemTotal:        4016004 kB
MemFree:         2036724 kB
Active:           408844 kB
Mem:          3.8G       1.9G       1.9G       5.7M        55M       1.4G

MemTotal:        4016004 kB
MemFree:         2035320 kB
Active:           408856 kB
Mem:          3.8G       1.9G       1.9G       5.7M        55M       1.4G

MemTotal:        4016004 kB
MemFree:         2033104 kB
Active:           408856 kB
Mem:          3.8G       1.9G       1.9G       5.7M        55M       1.4G

MemTotal:        4016004 kB
MemFree:         2032396 kB
Active:           408884 kB
Mem:          3.8G       1.9G       1.9G       5.7M        55M       1.5G

MemTotal:        4016004 kB
MemFree:         2029316 kB
Active:           408848 kB
Mem:          3.8G       1.9G       1.9G       5.7M        55M       1.5G

MemTotal:        4016004 kB
MemFree:         1896536 kB
Active:           408860 kB
Mem:          3.8G       2.0G       1.8G       5.7M        55M       1.6G

MemTotal:        4016004 kB
MemFree:         1767644 kB
Active:           408876 kB
Mem:          3.8G       2.1G       1.7G       5.7M        55M       1.7G

MemTotal:        4016004 kB
MemFree:         1683100 kB
Active:           408868 kB
Mem:          3.8G       2.2G       1.6G       5.7M        55M       1.8G

MemTotal:        4016004 kB
MemFree:         1605108 kB
Active:           408884 kB
Mem:          3.8G       2.3G       1.5G       5.7M        55M       1.9G

MemTotal:        4016004 kB
MemFree:         1580496 kB
Active:           408888 kB
Mem:          3.8G       2.3G       1.5G       5.7M        55M       1.9G

MemTotal:        4016004 kB
MemFree:         1578980 kB
Active:           408896 kB
Mem:          3.8G       2.3G       1.5G       5.7M        55M       1.9G

MemTotal:        4016004 kB
MemFree:         1481884 kB
Active:           408872 kB
Mem:          3.8G       2.4G       1.4G       5.7M        55M       2.0G

MemTotal:        4016004 kB
MemFree:         1481636 kB
Active:           408908 kB
Mem:          3.8G       2.4G       1.4G       5.7M        55M       2.0G

MemTotal:        4016004 kB
MemFree:         1479576 kB
Active:           408876 kB
Mem:          3.8G       2.4G       1.4G       5.7M        55M       2.0G

MemTotal:        4016004 kB
MemFree:         1477740 kB
Active:           407068 kB
Mem:          3.8G       2.4G       1.4G       5.7M        55M       2.0G

MemTotal:        4016004 kB
MemFree:         1477332 kB
Active:           409016 kB
Mem:          3.8G       2.4G       1.4G       5.7M        55M       2.0G

MemTotal:        4016004 kB
MemFree:         1414820 kB
Active:           409000 kB
Mem:          3.8G       2.5G       1.3G       5.7M        55M       2.0G

MemTotal:        4016004 kB
MemFree:         1292904 kB
Active:           409004 kB
Mem:          3.8G       2.6G       1.2G       5.7M        55M       2.1G

MemTotal:        4016004 kB
MemFree:         1163640 kB
Active:           408976 kB
Mem:          3.8G       2.7G       1.1G       5.7M        55M       2.3G

MemTotal:        4016004 kB
MemFree:         1127088 kB
Active:           408992 kB
Mem:          3.8G       2.8G       1.1G       5.7M        55M       2.3G

MemTotal:        4016004 kB
MemFree:         1078804 kB
Active:           409056 kB
Mem:          3.8G       2.8G       1.0G       5.7M        55M       2.3G

MemTotal:        4016004 kB
MemFree:         1027392 kB
Active:           409052 kB
Mem:          3.8G       2.9G       1.0G       5.7M        55M       2.4G

MemTotal:        4016004 kB
MemFree:          996656 kB
Active:           409036 kB
Mem:          3.8G       2.9G       972M       5.7M        55M       2.4G

MemTotal:        4016004 kB
MemFree:          928092 kB
Active:           409040 kB
Mem:          3.8G       2.9G       906M       5.7M        55M       2.5G

MemTotal:        4016004 kB
MemFree:          926140 kB
Active:           407112 kB
Mem:          3.8G       2.9G       904M       5.7M        55M       2.5G

MemTotal:        4016004 kB
MemFree:          896820 kB
Active:           409072 kB
Mem:          3.8G       3.0G       875M       5.7M        55M       2.5G

MemTotal:        4016004 kB
MemFree:          788576 kB
Active:           409064 kB
Mem:          3.8G       3.1G       769M       5.7M        55M       2.6G

MemTotal:        4016004 kB
MemFree:          670272 kB
Active:           409088 kB
Mem:          3.8G       3.2G       653M       5.7M        55M       2.7G

MemTotal:        4016004 kB
MemFree:          667956 kB
Active:           409064 kB
Mem:          3.8G       3.2G       652M       5.7M        55M       2.7G

MemTotal:        4016004 kB
MemFree:          666608 kB
Active:           409108 kB
Mem:          3.8G       3.2G       651M       5.7M        55M       2.7G

MemTotal:        4016004 kB
MemFree:          613368 kB
Active:           409068 kB
Mem:          3.8G       3.2G       598M       5.7M        55M       2.8G

MemTotal:        4016004 kB
MemFree:          574356 kB
Active:           409100 kB
Mem:          3.8G       3.3G       560M       5.7M        55M       2.8G

MemTotal:        4016004 kB
MemFree:          484668 kB
Active:           409084 kB
Mem:          3.8G       3.4G       473M       5.7M        55M       2.9G

MemTotal:        4016004 kB
MemFree:          483348 kB
Active:           409088 kB
Mem:          3.8G       3.4G       471M       5.7M        55M       2.9G

MemTotal:        4016004 kB
MemFree:          482040 kB
Active:           409140 kB
Mem:          3.8G       3.4G       470M       5.7M        55M       2.9G

MemTotal:        4016004 kB
MemFree:          481140 kB
Active:           409132 kB
Mem:          3.8G       3.4G       469M       5.7M        55M       2.9G

MemTotal:        4016004 kB
MemFree:          480740 kB
Active:           409136 kB
Mem:          3.8G       3.4G       469M       5.7M        55M       2.9G

MemTotal:        4016004 kB
MemFree:          425780 kB
Active:           409164 kB
Mem:          3.8G       3.4G       415M       5.7M        55M       3.0G

MemTotal:        4016004 kB
MemFree:          303740 kB
Active:           409172 kB
Mem:          3.8G       3.5G       295M       5.7M        55M       3.1G

MemTotal:        4016004 kB
MemFree:          185916 kB
Active:           409180 kB
Mem:          3.8G       3.7G       181M       5.7M        55M       3.2G

MemTotal:        4016004 kB
MemFree:          130856 kB
Active:           409184 kB
Mem:          3.8G       3.7G       127M       5.7M        55M       3.2G

MemTotal:        4016004 kB
MemFree:          136508 kB
Active:           420092 kB
Mem:          3.8G       3.7G       138M       5.7M        20M       3.3G

MemTotal:        4016004 kB
MemFree:          141388 kB
Active:           430340 kB
Mem:          3.8G       3.7G       137M       5.7M        20M       3.3G

MemTotal:        4016004 kB
MemFree:          155108 kB
Active:           472148 kB
Mem:          3.8G       3.7G       137M       5.7M        20M       3.3G

MemTotal:        4016004 kB
MemFree:          138184 kB
Active:           466808 kB
Mem:          3.8G       3.7G       134M       5.7M        20M       3.3G

MemTotal:        4016004 kB
MemFree:          137800 kB
Active:           466800 kB
Mem:          3.8G       3.7G       134M       5.7M        20M       3.3G

MemTotal:        4016004 kB
MemFree:          137464 kB
Active:           466800 kB
Mem:          3.8G       3.7G       134M       5.7M        20M       3.3G

MemTotal:        4016004 kB
MemFree:          116016 kB
Active:           466800 kB
Mem:          3.8G       3.7G       112M       5.7M        20M       3.3G

MemTotal:        4016004 kB
MemFree:          130408 kB
Active:           446360 kB
Mem:          3.8G       3.7G       126M       5.7M        20M       3.3G

MemTotal:        4016004 kB
MemFree:          128808 kB
Active:           434456 kB
Mem:          3.8G       3.7G       125M       5.7M        20M       3.3G

MemTotal:        4016004 kB
MemFree:          153812 kB
Active:           425112 kB
Mem:          3.8G       3.7G       150M       5.7M        20M       3.2G

MemTotal:        4016004 kB
MemFree:          120408 kB
Active:           423328 kB
Mem:          3.8G       3.7G       116M       5.7M        20M       3.3G

MemTotal:        4016004 kB
MemFree:          138200 kB
Active:           420140 kB
Mem:          3.8G       3.7G       134M       5.7M        20M       3.3G

MemTotal:        4016004 kB
MemFree:          133976 kB
Active:           416360 kB
Mem:          3.8G       3.7G       131M       5.7M        20M       3.3G

MemTotal:        4016004 kB
MemFree:          150348 kB
Active:           414064 kB
Mem:          3.8G       3.7G       146M       5.7M        20M       3.3G

MemTotal:        4016004 kB
MemFree:          136708 kB
Active:           414064 kB
Mem:          3.8G       3.7G       132M       5.7M        20M       3.3G

MemTotal:        4016004 kB
MemFree:          116844 kB
Active:           412920 kB
Mem:          3.8G       3.7G       114M       5.7M        20M       3.3G

MemTotal:        4016004 kB
MemFree:          115740 kB
Active:           412932 kB
Mem:          3.8G       3.7G       112M       5.7M        20M       3.3G

MemTotal:        4016004 kB
MemFree:          115184 kB
Active:           412884 kB
Mem:          3.8G       3.7G       112M       5.7M        20M       3.3G

MemTotal:        4016004 kB
MemFree:          114292 kB
Active:           412892 kB
Mem:          3.8G       3.7G       111M       5.7M        20M       3.3G

MemTotal:        4016004 kB
MemFree:          112840 kB
Active:           412936 kB
Mem:          3.8G       3.7G       110M       5.7M        20M       3.3G

MemTotal:        4016004 kB
MemFree:          123148 kB
Active:           410068 kB
Mem:          3.8G       3.7G       121M       5.7M        20M       3.3G

MemTotal:        4016004 kB
MemFree:          130616 kB
Active:           405052 kB
Mem:          3.8G       3.7G       126M       5.7M        20M       3.3G

MemTotal:        4016004 kB
MemFree:          118812 kB
Active:           401728 kB
Mem:          3.8G       3.7G       115M       5.7M        20M       3.3G

MemTotal:        4016004 kB
MemFree:          124328 kB
Active:           399820 kB
Mem:          3.8G       3.7G       121M       5.7M        20M       3.3G

MemTotal:        4016004 kB
MemFree:          123332 kB
Active:           399308 kB
Mem:          3.8G       3.7G       120M       5.7M        20M       3.3G

MemTotal:        4016004 kB
MemFree:          137080 kB
Active:           395496 kB
Mem:          3.8G       3.7G       133M       5.7M        20M       3.3G

MemTotal:        4016004 kB
MemFree:          136364 kB
Active:           394224 kB
Mem:          3.8G       3.7G       132M       5.7M        20M       3.3G

MemTotal:        4016004 kB
MemFree:          129712 kB
Active:           393988 kB
Mem:          3.8G       3.7G       126M       5.7M        20M       3.3G

MemTotal:        4016004 kB
MemFree:          128812 kB
Active:           393952 kB
Mem:          3.8G       3.7G       125M       5.7M        20M       3.3G

MemTotal:        4016004 kB
MemFree:          127948 kB
Active:           393968 kB
Mem:          3.8G       3.7G       124M       5.7M        20M       3.3G

MemTotal:        4016004 kB
MemFree:          124912 kB
Active:           393956 kB
Mem:          3.8G       3.7G       121M       5.7M        20M       3.3G

MemTotal:        4016004 kB
MemFree:          121220 kB
Active:           393724 kB
Mem:          3.8G       3.7G       117M       5.7M        20M       3.3G

MemTotal:        4016004 kB
MemFree:          136488 kB
Active:           389760 kB
Mem:          3.8G       3.7G       132M       5.7M        20M       3.3G

MemTotal:        4016004 kB
MemFree:          139756 kB
Active:           385524 kB
Mem:          3.8G       3.7G       136M       5.7M        20M       3.3G

MemTotal:        4016004 kB
MemFree:          135600 kB
Active:           383488 kB
Mem:          3.8G       3.7G       132M       5.7M        20M       3.3G

MemTotal:        4016004 kB
MemFree:          121992 kB
Active:           382848 kB
Mem:          3.8G       3.7G       118M       5.7M        20M       3.3G

MemTotal:        4016004 kB
MemFree:          135316 kB
Active:           381580 kB
Mem:          3.8G       3.7G       131M       5.7M        20M       3.3G

MemTotal:        4016004 kB
MemFree:          138924 kB
Active:           380560 kB
Mem:          3.8G       3.7G       135M       5.7M        20M       3.3G

MemTotal:        4016004 kB
MemFree:          139680 kB
Active:           378900 kB
Mem:          3.8G       3.7G       136M       5.7M        20M       3.3G

MemTotal:        4016004 kB
MemFree:          138344 kB
Active:           378908 kB
Mem:          3.8G       3.7G       135M       5.7M        20M       3.3G

MemTotal:        4016004 kB
MemFree:          135864 kB
Active:           378920 kB
Mem:          3.8G       3.7G       132M       5.7M        20M       3.3G

MemTotal:        4016004 kB
MemFree:          134344 kB
Active:           380948 kB
Mem:          3.8G       3.7G       130M       5.7M        20M       3.3G

MemTotal:        4016004 kB
MemFree:          114992 kB
Active:           380928 kB
Mem:          3.8G       3.7G       111M       5.7M        20M       3.3G

MemTotal:        4016004 kB
MemFree:          133188 kB
Active:           377372 kB
Mem:          3.8G       3.7G       129M       5.7M        20M       3.3G

MemTotal:        4016004 kB
MemFree:          146772 kB
Active:           373276 kB
Mem:          3.8G       3.7G       143M       5.7M        20M       3.2G

MemTotal:        4016004 kB
MemFree:          140512 kB
Active:           370336 kB
Mem:          3.8G       3.7G       136M       5.7M        20M       3.3G

MemTotal:        4016004 kB
MemFree:          121336 kB
Active:           369828 kB
Mem:          3.8G       3.7G       125M       5.7M        20M       3.3G

MemTotal:        4016004 kB
MemFree:          127792 kB
Active:           367400 kB
Mem:          3.8G       3.7G       124M       5.7M        20M       3.3G

MemTotal:        4016004 kB
MemFree:          118448 kB
Active:           367352 kB
Mem:          3.8G       3.7G       114M       5.7M        20M       3.3G

MemTotal:        4016004 kB
MemFree:          136728 kB
Active:           363816 kB
Mem:          3.8G       3.7G       133M       5.7M        20M       3.3G

MemTotal:        4016004 kB
MemFree:          116032 kB
Active:           363876 kB
Mem:          3.8G       3.7G       112M       5.7M        20M       3.3G

MemTotal:        4016004 kB
MemFree:          136420 kB
Active:           361696 kB
Mem:          3.8G       3.7G       133M       5.7M        20M       3.3G

MemTotal:        4016004 kB
MemFree:          136700 kB
Active:           361664 kB
Mem:          3.8G       3.7G       132M       5.7M        20M       3.3G

MemTotal:        4016004 kB
MemFree:          136796 kB
Active:           361708 kB
Mem:          3.8G       3.7G       133M       5.7M        20M       3.3G

MemTotal:        4016004 kB
MemFree:          135368 kB
Active:           361728 kB
Mem:          3.8G       3.7G       131M       5.7M        20M       3.3G

MemTotal:        4016004 kB
MemFree:          140512 kB
Active:           361472 kB
Mem:          3.8G       3.7G       137M       5.7M        20M       3.3G

MemTotal:        4016004 kB
MemFree:          138860 kB
Active:           361224 kB
Mem:          3.8G       3.7G       135M       5.7M        20M       3.3G

MemTotal:        4016004 kB
MemFree:          151124 kB
Active:           361100 kB
Mem:          3.8G       3.7G       147M       5.7M        20M       3.2G

MemTotal:        4016004 kB
MemFree:          122488 kB
Active:           361112 kB
Mem:          3.8G       3.7G       118M       5.7M        20M       3.3G

MemTotal:        4016004 kB
MemFree:          141204 kB
Active:           358544 kB
Mem:          3.8G       3.7G       137M       5.7M        20M       3.3G

MemTotal:        4016004 kB
MemFree:          131232 kB
Active:           356520 kB
Mem:          3.8G       3.7G       127M       5.7M        20M       3.3G

MemTotal:        4016004 kB
MemFree:          116312 kB
Active:           358544 kB
Mem:          3.8G       3.7G       113M       5.7M        20M       3.3G

MemTotal:        4016004 kB
MemFree:          138200 kB
Active:           358416 kB
Mem:          3.8G       3.7G       134M       5.7M        20M       3.3G

MemTotal:        4016004 kB
MemFree:          142520 kB
Active:           358424 kB
Mem:          3.8G       3.7G       138M       5.7M        20M       3.3G

MemTotal:        4016004 kB
MemFree:          136800 kB
Active:           358440 kB
Mem:          3.8G       3.7G       133M       5.7M        20M       3.3G

MemTotal:        4016004 kB
MemFree:          135652 kB
Active:           358448 kB
Mem:          3.8G       3.7G       132M       5.7M        20M       3.3G

MemTotal:        4016004 kB
MemFree:          135840 kB
Active:           358400 kB
Mem:          3.8G       3.7G       132M       5.7M        20M       3.3G

MemTotal:        4016004 kB
MemFree:          133520 kB
Active:           358392 kB
Mem:          3.8G       3.7G       130M       5.7M        20M       3.3G

MemTotal:        4016004 kB
MemFree:          132160 kB
Active:           358452 kB
Mem:          3.8G       3.7G       128M       5.7M        20M       3.3G

MemTotal:        4016004 kB
MemFree:          121240 kB
Active:           358460 kB
Mem:          3.8G       3.7G       117M       5.7M        20M       3.3G

MemTotal:        4016004 kB
MemFree:          147256 kB
Active:           358112 kB
Mem:          3.8G       3.7G       143M       5.7M        20M       3.2G

MemTotal:        4016004 kB
MemFree:          134688 kB
Active:           357948 kB
Mem:          3.8G       3.7G       131M       5.7M        20M       3.3G

MemTotal:        4016004 kB
MemFree:          145428 kB
Active:           357768 kB
Mem:          3.8G       3.7G       141M       5.7M        20M       3.2G

MemTotal:        4016004 kB
MemFree:          124860 kB
Active:           357768 kB
Mem:          3.8G       3.7G       121M       5.7M        20M       3.3G

MemTotal:        4016004 kB
MemFree:          136540 kB
Active:           357780 kB
Mem:          3.8G       3.7G       133M       5.7M        20M       3.3G

MemTotal:        4016004 kB
MemFree:          134700 kB
Active:           357800 kB
Mem:          3.8G       3.7G       131M       5.7M        20M       3.3G

MemTotal:        4016004 kB
MemFree:          134496 kB
Active:           357812 kB
Mem:          3.8G       3.7G       130M       5.7M        20M       3.3G

MemTotal:        4016004 kB
MemFree:          133752 kB
Active:           357772 kB
Mem:          3.8G       3.7G       130M       5.7M        20M       3.3G

MemTotal:        4016004 kB
MemFree:          132672 kB
Active:           357792 kB
Mem:          3.8G       3.7G       129M       5.7M        20M       3.3G

MemTotal:        4016004 kB
MemFree:          131684 kB
Active:           357788 kB
Mem:          3.8G       3.7G       128M       5.7M        20M       3.3G

MemTotal:        4016004 kB
MemFree:          134200 kB
Active:           357820 kB
Mem:          3.8G       3.7G       130M       5.7M        20M       3.3G

MemTotal:        4016004 kB
MemFree:          105372 kB
Active:           357820 kB
Mem:          3.8G       3.7G       102M       5.7M        20M       3.3G

MemTotal:        4016004 kB
MemFree:          106712 kB
Active:           357108 kB
Mem:          3.8G       3.7G       103M       5.7M        20M       3.3G

MemTotal:        4016004 kB
MemFree:          132048 kB
Active:           357112 kB
Mem:          3.8G       3.7G       128M       5.7M        20M       3.3G

MemTotal:        4016004 kB
MemFree:          123840 kB
Active:           357112 kB
Mem:          3.8G       3.7G       120M       5.7M        20M       3.3G

MemTotal:        4016004 kB
MemFree:          119888 kB
Active:           357120 kB
Mem:          3.8G       3.7G       116M       5.7M        20M       3.3G

MemTotal:        4016004 kB
MemFree:          133764 kB
Active:           354520 kB
Mem:          3.8G       3.7G       130M       5.7M        20M       3.3G

MemTotal:        4016004 kB
MemFree:          133776 kB
Active:           354516 kB
Mem:          3.8G       3.7G       130M       5.7M        20M       3.3G

MemTotal:        4016004 kB
MemFree:          132220 kB
Active:           354544 kB
Mem:          3.8G       3.7G       128M       5.7M        20M       3.3G

MemTotal:        4016004 kB
MemFree:          131164 kB
Active:           354512 kB
Mem:          3.8G       3.7G       127M       5.7M        20M       3.3G

MemTotal:        4016004 kB
MemFree:          127088 kB
Active:           354544 kB
Mem:          3.8G       3.7G       123M       5.7M        20M       3.3G

MemTotal:        4016004 kB
MemFree:          137252 kB
Active:           354548 kB
Mem:          3.8G       3.7G       134M       5.7M        20M       3.3G

MemTotal:        4016004 kB
MemFree:          131400 kB
Active:           354548 kB
Mem:          3.8G       3.7G       127M       5.7M        20M       3.3G

MemTotal:        4016004 kB
MemFree:          111260 kB
Active:           354548 kB
Mem:          3.8G       3.7G       108M       5.7M        20M       3.3G

MemTotal:        4016004 kB
MemFree:          119860 kB
Active:           353752 kB
Mem:          3.8G       3.7G       116M       5.7M        20M       3.3G

MemTotal:        4016004 kB
MemFree:          136948 kB
Active:           353752 kB
Mem:          3.8G       3.7G       133M       5.7M        20M       3.3G

MemTotal:        4016004 kB
MemFree:          119608 kB
Active:           353760 kB
Mem:          3.8G       3.7G       117M       5.7M        20M       3.3G

MemTotal:        4016004 kB
MemFree:          131256 kB
Active:           353768 kB
Mem:          3.8G       3.7G       127M       5.7M        20M       3.3G

MemTotal:        4016004 kB
MemFree:          127820 kB
Active:           353896 kB
Mem:          3.8G       3.7G       124M       5.7M        20M       3.3G

MemTotal:        4016004 kB
MemFree:          126868 kB
Active:           353932 kB
Mem:          3.8G       3.7G       123M       5.7M        20M       3.3G

MemTotal:        4016004 kB
MemFree:          125720 kB
Active:           353960 kB
Mem:          3.8G       3.7G       122M       5.7M        20M       3.3G

MemTotal:        4016004 kB
MemFree:          123988 kB
Active:           353976 kB
Mem:          3.8G       3.7G       120M       5.7M        20M       3.3G

MemTotal:        4016004 kB
MemFree:          115360 kB
Active:           353972 kB
Mem:          3.8G       3.7G       111M       5.7M        20M       3.3G

MemTotal:        4016004 kB
MemFree:          133344 kB
Active:           353904 kB
Mem:          3.8G       3.7G       129M       5.7M        20M       3.3G

MemTotal:        4016004 kB
MemFree:          149868 kB
Active:           351584 kB
Mem:          3.8G       3.7G       145M       5.7M        20M       3.2G

MemTotal:        4016004 kB
MemFree:          148180 kB
Active:           351584 kB
Mem:          3.8G       3.7G       144M       5.7M        20M       3.2G

MemTotal:        4016004 kB
MemFree:          146180 kB
Active:           351596 kB
Mem:          3.8G       3.7G       142M       5.7M        20M       3.2G

MemTotal:        4016004 kB
MemFree:          140780 kB
Active:           351524 kB
Mem:          3.8G       3.7G       136M       5.7M        20M       3.2G

MemTotal:        4016004 kB
MemFree:          135124 kB
Active:           351524 kB
Mem:          3.8G       3.7G       131M       5.7M        20M       3.3G

MemTotal:        4016004 kB
MemFree:          149164 kB
Active:           348612 kB
Mem:          3.8G       3.7G       145M       5.7M        20M       3.2G

MemTotal:        4016004 kB
MemFree:          117472 kB
Active:           348692 kB
Mem:          3.8G       3.7G       114M       5.7M        20M       3.3G

MemTotal:        4016004 kB
MemFree:          116140 kB
Active:           348776 kB
Mem:          3.8G       3.7G       113M       5.7M        20M       3.3G

MemTotal:        4016004 kB
MemFree:          115660 kB
Active:           348872 kB
Mem:          3.8G       3.7G       112M       5.7M        20M       3.3G

MemTotal:        4016004 kB
MemFree:          114876 kB
Active:           349132 kB
Mem:          3.8G       3.7G       112M       5.7M        20M       3.3G

MemTotal:        4016004 kB
MemFree:          131688 kB
Active:           348948 kB
Mem:          3.8G       3.7G       128M       5.7M        20M       3.3G

MemTotal:        4016004 kB
MemFree:          121652 kB
Active:           348948 kB
Mem:          3.8G       3.7G       117M       5.7M        20M       3.3G

MemTotal:        4016004 kB
MemFree:          125756 kB
Active:           355064 kB
Mem:          3.8G       3.7G       122M       5.7M        26M       3.3G

MemTotal:        4016004 kB
MemFree:          150548 kB
Active:           353500 kB
Mem:          3.8G       3.7G       147M       5.7M        27M       3.2G

MemTotal:        4016004 kB
MemFree:          134620 kB
Active:           352660 kB
Mem:          3.8G       3.7G       131M       5.7M        27M       3.2G

MemTotal:        4016004 kB
MemFree:          117924 kB
Active:           352660 kB
Mem:          3.8G       3.7G       114M       5.7M        27M       3.3G

MemTotal:        4016004 kB
MemFree:          131052 kB
Active:           352672 kB
Mem:          3.8G       3.7G       127M       5.7M        27M       3.2G

MemTotal:        4016004 kB
MemFree:          136648 kB
Active:           352680 kB
Mem:          3.8G       3.7G       132M       5.7M        27M       3.2G

MemTotal:        4016004 kB
MemFree:          136588 kB
Active:           352688 kB
Mem:          3.8G       3.7G       133M       5.7M        27M       3.2G

MemTotal:        4016004 kB
MemFree:          136592 kB
Active:           352688 kB
Mem:          3.8G       3.7G       133M       5.7M        27M       3.2G

MemTotal:        4016004 kB
MemFree:          134968 kB
Active:           352700 kB
Mem:          3.8G       3.7G       131M       5.7M        27M       3.2G

MemTotal:        4016004 kB
MemFree:          129792 kB
Active:           352700 kB
Mem:          3.8G       3.7G       126M       5.7M        27M       3.3G

MemTotal:        4016004 kB
MemFree:          133240 kB
Active:           352700 kB
Mem:          3.8G       3.7G       129M       5.7M        27M       3.2G

MemTotal:        4016004 kB
MemFree:          129028 kB
Active:           352708 kB
Mem:          3.8G       3.7G       126M       5.7M        27M       3.3G

MemTotal:        4016004 kB
MemFree:          113804 kB
Active:           351176 kB
Mem:          3.8G       3.7G       111M       5.7M        27M       3.3G

MemTotal:        4016004 kB
MemFree:          149216 kB
Active:           351176 kB
Mem:          3.8G       3.7G       146M       5.7M        27M       3.2G

MemTotal:        4016004 kB
MemFree:          126664 kB
Active:           351128 kB
Mem:          3.8G       3.7G       122M       5.7M        27M       3.3G

MemTotal:        4016004 kB
MemFree:          137852 kB
Active:           351180 kB
Mem:          3.8G       3.7G       134M       5.7M        27M       3.2G

MemTotal:        4016004 kB
MemFree:          131624 kB
Active:           351200 kB
Mem:          3.8G       3.7G       128M       5.7M        28M       3.2G

MemTotal:        4016004 kB
MemFree:          104900 kB
Active:           351204 kB
Mem:          3.8G       3.7G       111M       5.7M        28M       3.3G

MemTotal:        4016004 kB
MemFree:          128864 kB
Active:           351216 kB
Mem:          3.8G       3.7G       125M       5.7M        28M       3.2G

MemTotal:        4016004 kB
MemFree:          127624 kB
Active:           351228 kB
Mem:          3.8G       3.7G       124M       5.7M        28M       3.3G

MemTotal:        4016004 kB
MemFree:          125768 kB
Active:           351232 kB
Mem:          3.8G       3.7G       122M       5.7M        28M       3.3G

MemTotal:        4016004 kB
MemFree:          124844 kB
Active:           351232 kB
Mem:          3.8G       3.7G       121M       5.7M        28M       3.3G

MemTotal:        4016004 kB
MemFree:          131076 kB
Active:           351244 kB
Mem:          3.8G       3.7G       127M       5.7M        28M       3.2G

MemTotal:        4016004 kB
MemFree:          127256 kB
Active:           349508 kB
Mem:          3.8G       3.7G       124M       5.7M        28M       3.2G

MemTotal:        4016004 kB
MemFree:          130736 kB
Active:           351408 kB
Mem:          3.8G       3.7G       127M       5.7M        28M       3.2G

MemTotal:        4016004 kB
MemFree:          129420 kB
Active:           351408 kB
Mem:          3.8G       3.7G       126M       5.7M        28M       3.2G

MemTotal:        4016004 kB
MemFree:          129332 kB
Active:           351416 kB
Mem:          3.8G       3.7G       125M       5.7M        28M       3.2G

MemTotal:        4016004 kB
MemFree:          126664 kB
Active:           351416 kB
Mem:          3.8G       3.7G       122M       5.7M        28M       3.3G

MemTotal:        4016004 kB
MemFree:          131504 kB
Active:           351428 kB
Mem:          3.8G       3.7G       128M       5.7M        28M       3.2G

MemTotal:        4016004 kB
MemFree:          135000 kB
Active:           351428 kB
Mem:          3.8G       3.7G       131M       5.7M        28M       3.2G

MemTotal:        4016004 kB
MemFree:          110976 kB
Active:           351428 kB
Mem:          3.8G       3.7G       107M       5.7M        28M       3.3G

MemTotal:        4016004 kB
MemFree:          130436 kB
Active:           351428 kB
Mem:          3.8G       3.7G       127M       5.7M        28M       3.2G

MemTotal:        4016004 kB
MemFree:          130564 kB
Active:           351420 kB
Mem:          3.8G       3.7G       127M       5.7M        28M       3.2G

MemTotal:        4016004 kB
MemFree:          128184 kB
Active:           350484 kB
Mem:          3.8G       3.7G       125M       5.7M        28M       3.2G

MemTotal:        4016004 kB
MemFree:          127912 kB
Active:           352368 kB
Mem:          3.8G       3.7G       124M       5.7M        28M       3.2G

MemTotal:        4016004 kB
MemFree:          123024 kB
Active:           348816 kB
Mem:          3.8G       3.7G       119M       5.7M        28M       3.3G

MemTotal:        4016004 kB
MemFree:          122932 kB
Active:           348688 kB
Mem:          3.8G       3.7G       119M       5.7M        28M       3.3G

MemTotal:        4016004 kB
MemFree:          127460 kB
Active:           348692 kB
Mem:          3.8G       3.7G       123M       5.7M        28M       3.2G

MemTotal:        4016004 kB
MemFree:          119028 kB
Active:           348700 kB
Mem:          3.8G       3.7G       115M       5.7M        28M       3.3G

MemTotal:        4016004 kB
MemFree:          137880 kB
Active:           348704 kB
Mem:          3.8G       3.7G       134M       5.7M        28M       3.2G

MemTotal:        4016004 kB
MemFree:          135448 kB
Active:           348712 kB
Mem:          3.8G       3.7G       132M       5.7M        28M       3.2G

MemTotal:        4016004 kB
MemFree:          137052 kB
Active:           348712 kB
Mem:          3.8G       3.7G       133M       5.7M        28M       3.2G

MemTotal:        4016004 kB
MemFree:          138540 kB
Active:           348720 kB
Mem:          3.8G       3.7G       135M       5.7M        28M       3.2G

MemTotal:        4016004 kB
MemFree:          104984 kB
Active:           348720 kB
Mem:          3.8G       3.7G       105M       5.7M        28M       3.3G

MemTotal:        4016004 kB
MemFree:          123992 kB
Active:           348604 kB
Mem:          3.8G       3.7G       121M       5.7M        28M       3.2G

MemTotal:        4016004 kB
MemFree:          123620 kB
Active:           348568 kB
Mem:          3.8G       3.7G       120M       5.7M        28M       3.2G

MemTotal:        4016004 kB
MemFree:          122724 kB
Active:           348560 kB
Mem:          3.8G       3.7G       119M       5.7M        28M       3.3G

MemTotal:        4016004 kB
MemFree:          122108 kB
Active:           348560 kB
Mem:          3.8G       3.7G       118M       5.7M        28M       3.3G

MemTotal:        4016004 kB
MemFree:          133900 kB
Active:           348612 kB
Mem:          3.8G       3.7G       130M       5.7M        28M       3.2G

MemTotal:        4016004 kB
MemFree:          142988 kB
Active:           348508 kB
Mem:          3.8G       3.7G       139M       5.7M        28M       3.2G

MemTotal:        4016004 kB
MemFree:          141304 kB
Active:           348508 kB
Mem:          3.8G       3.7G       137M       5.7M        28M       3.2G

MemTotal:        4016004 kB
MemFree:          109624 kB
Active:           348524 kB
Mem:          3.8G       3.7G       107M       5.7M        28M       3.3G

MemTotal:        4016004 kB
MemFree:          126504 kB
Active:           348536 kB
Mem:          3.8G       3.7G       123M       5.7M        28M       3.2G

MemTotal:        4016004 kB
MemFree:          126464 kB
Active:           348536 kB
Mem:          3.8G       3.7G       123M       5.7M        28M       3.2G

MemTotal:        4016004 kB
MemFree:          108624 kB
Active:           350560 kB
Mem:          3.8G       3.7G       105M       5.7M        28M       3.3G

MemTotal:        4016004 kB
MemFree:          132648 kB
Active:           349356 kB
Mem:          3.8G       3.7G       129M       5.7M        28M       3.2G

MemTotal:        4016004 kB
MemFree:          132772 kB
Active:           349304 kB
Mem:          3.8G       3.7G       129M       5.7M        28M       3.2G

MemTotal:        4016004 kB
MemFree:          132772 kB
Active:           349312 kB
Mem:          3.8G       3.7G       129M       5.7M        28M       3.2G

MemTotal:        4016004 kB
MemFree:          132648 kB
Active:           349312 kB
Mem:          3.8G       3.7G       129M       5.7M        28M       3.2G

MemTotal:        4016004 kB
MemFree:          132524 kB
Active:           349308 kB
Mem:          3.8G       3.7G       129M       5.7M        28M       3.2G

MemTotal:        4016004 kB
MemFree:          132160 kB
Active:           349364 kB
Mem:          3.8G       3.7G       129M       5.7M        28M       3.2G

MemTotal:        4016004 kB
MemFree:          132440 kB
Active:           349368 kB
Mem:          3.8G       3.7G       129M       5.7M        28M       3.2G

MemTotal:        4016004 kB
MemFree:          132164 kB
Active:           349368 kB
Mem:          3.8G       3.7G       129M       5.7M        28M       3.2G

MemTotal:        4016004 kB
MemFree:          132448 kB
Active:           349364 kB
Mem:          3.8G       3.7G       129M       5.7M        28M       3.2G

MemTotal:        4016004 kB
MemFree:          132576 kB
Active:           349368 kB
Mem:          3.8G       3.7G       129M       5.7M        28M       3.2G

MemTotal:        4016004 kB
MemFree:          132452 kB
Active:           349368 kB
Mem:          3.8G       3.7G       129M       5.7M        28M       3.2G

MemTotal:        4016004 kB
MemFree:          132576 kB
Active:           349372 kB
Mem:          3.8G       3.7G       129M       5.7M        28M       3.2G

MemTotal:        4016004 kB
MemFree:          132452 kB
Active:           349352 kB
Mem:          3.8G       3.7G       129M       5.7M        28M       3.2G

MemTotal:        4016004 kB
MemFree:          132748 kB
Active:           349176 kB
Mem:          3.8G       3.7G       129M       5.7M        28M       3.2G

MemTotal:        4016004 kB
MemFree:          132996 kB
Active:           349152 kB
Mem:          3.8G       3.7G       129M       5.7M        28M       3.2G

MemTotal:        4016004 kB
MemFree:          132872 kB
Active:           349148 kB
Mem:          3.8G       3.7G       129M       5.7M        28M       3.2G

MemTotal:        4016004 kB
MemFree:          133120 kB
Active:           349164 kB
Mem:          3.8G       3.7G       130M       5.7M        28M       3.2G

MemTotal:        4016004 kB
MemFree:          133244 kB
Active:           349124 kB
Mem:          3.8G       3.7G       129M       5.7M        28M       3.2G

MemTotal:        4016004 kB
MemFree:          133244 kB
Active:           349160 kB
Mem:          3.8G       3.7G       129M       5.7M        28M       3.2G

MemTotal:        4016004 kB
MemFree:          133244 kB
Active:           349188 kB
Mem:          3.8G       3.7G       130M       5.7M        28M       3.2G

MemTotal:        4016004 kB
MemFree:          133120 kB
Active:           349188 kB
Mem:          3.8G       3.7G       130M       5.7M        28M       3.2G

MemTotal:        4016004 kB
MemFree:          133244 kB
Active:           349144 kB
Mem:          3.8G       3.7G       130M       5.7M        28M       3.2G

MemTotal:        4016004 kB
MemFree:          133244 kB
Active:           349144 kB
Mem:          3.8G       3.7G       130M       5.7M        28M       3.2G

MemTotal:        4016004 kB
MemFree:          132748 kB
Active:           349200 kB
Mem:          3.8G       3.7G       129M       5.7M        28M       3.2G

MemTotal:        4016004 kB
MemFree:          132500 kB
Active:           349200 kB
Mem:          3.8G       3.7G       129M       5.7M        28M       3.2G

MemTotal:        4016004 kB
MemFree:          132500 kB
Active:           349168 kB
Mem:          3.8G       3.7G       129M       5.7M        28M       3.2G

MemTotal:        4016004 kB
MemFree:          132748 kB
Active:           349192 kB
Mem:          3.8G       3.7G       129M       5.7M        28M       3.2G

MemTotal:        4016004 kB
MemFree:          132624 kB
Active:           349148 kB
Mem:          3.8G       3.7G       129M       5.7M        28M       3.2G

MemTotal:        4016004 kB
MemFree:          132128 kB
Active:           349204 kB
Mem:          3.8G       3.7G       129M       5.7M        28M       3.2G

MemTotal:        4016004 kB
MemFree:          132252 kB
Active:           349172 kB
Mem:          3.8G       3.7G       128M       5.7M        28M       3.2G

MemTotal:        4016004 kB
MemFree:          132748 kB
Active:           349172 kB
Mem:          3.8G       3.7G       129M       5.7M        28M       3.2G

MemTotal:        4016004 kB
MemFree:          132500 kB
Active:           349192 kB
Mem:          3.8G       3.7G       129M       5.7M        28M       3.2G

MemTotal:        4016004 kB
MemFree:          132500 kB
Active:           349168 kB
Mem:          3.8G       3.7G       129M       5.7M        28M       3.2G

MemTotal:        4016004 kB
MemFree:          132748 kB
Active:           349196 kB
Mem:          3.8G       3.7G       129M       5.7M        28M       3.2G

MemTotal:        4016004 kB
MemFree:          132376 kB
Active:           349212 kB
Mem:          3.8G       3.7G       129M       5.7M        28M       3.2G

MemTotal:        4016004 kB
MemFree:          132748 kB
Active:           349192 kB
Mem:          3.8G       3.7G       129M       5.7M        28M       3.2G

MemTotal:        4016004 kB
MemFree:          132748 kB
Active:           349192 kB
Mem:          3.8G       3.7G       129M       5.7M        28M       3.2G

MemTotal:        4016004 kB
MemFree:          132748 kB
Active:           349172 kB
Mem:          3.8G       3.7G       129M       5.7M        28M       3.2G

MemTotal:        4016004 kB
MemFree:          130328 kB
Active:           349232 kB
Mem:          3.8G       3.7G       127M       5.7M        28M       3.2G

MemTotal:        4016004 kB
MemFree:          129832 kB
Active:           351256 kB
Mem:          3.8G       3.7G       127M       5.7M        28M       3.2G

MemTotal:        4016004 kB
MemFree:          130328 kB
Active:           351204 kB
Mem:          3.8G       3.7G       127M       5.7M        28M       3.2G

MemTotal:        4016004 kB
MemFree:          130344 kB
Active:           351228 kB
Mem:          3.8G       3.7G       127M       5.7M        28M       3.2G

MemTotal:        4016004 kB
MemFree:          130344 kB
Active:           351208 kB
Mem:          3.8G       3.7G       127M       5.7M        28M       3.2G

MemTotal:        4016004 kB
MemFree:          130468 kB
Active:           351228 kB
Mem:          3.8G       3.7G       127M       5.7M        28M       3.2G

MemTotal:        4016004 kB
MemFree:          130220 kB
Active:           351212 kB
Mem:          3.8G       3.7G       127M       5.7M        28M       3.2G

MemTotal:        4016004 kB
MemFree:          130096 kB
Active:           351316 kB
Mem:          3.8G       3.7G       127M       5.7M        28M       3.2G

MemTotal:        4016004 kB
MemFree:          130716 kB
Active:           351332 kB
Mem:          3.8G       3.7G       127M       5.7M        28M       3.2G

MemTotal:        4016004 kB
MemFree:          130716 kB
Active:           351308 kB
Mem:          3.8G       3.7G       127M       5.7M        28M       3.2G

MemTotal:        4016004 kB
MemFree:          130468 kB
Active:           351352 kB
Mem:          3.8G       3.7G       127M       5.7M        28M       3.2G

MemTotal:        4016004 kB
MemFree:          130964 kB
Active:           351316 kB
Mem:          3.8G       3.7G       127M       5.7M        28M       3.2G

MemTotal:        4016004 kB
MemFree:          130344 kB
Active:           351356 kB
Mem:          3.8G       3.7G       127M       5.7M        28M       3.2G

MemTotal:        4016004 kB
MemFree:          130840 kB
Active:           351324 kB
Mem:          3.8G       3.7G       127M       5.7M        28M       3.2G

MemTotal:        4016004 kB
MemFree:          130344 kB
Active:           351376 kB
Mem:          3.8G       3.7G       127M       5.7M        28M       3.2G

MemTotal:        4016004 kB
MemFree:          130840 kB
Active:           351360 kB
Mem:          3.8G       3.7G       127M       5.7M        28M       3.2G

MemTotal:        4016004 kB
MemFree:          131088 kB
Active:           351352 kB
Mem:          3.8G       3.7G       128M       5.7M        28M       3.2G

MemTotal:        4016004 kB
MemFree:          130592 kB
Active:           351376 kB
Mem:          3.8G       3.7G       127M       5.7M        28M       3.2G

MemTotal:        4016004 kB
MemFree:          130592 kB
Active:           351356 kB
Mem:          3.8G       3.7G       127M       5.7M        28M       3.2G

MemTotal:        4016004 kB
MemFree:          130780 kB
Active:           351352 kB
Mem:          3.8G       3.7G       127M       5.7M        28M       3.2G

MemTotal:        4016004 kB
MemFree:          130780 kB
Active:           351344 kB
Mem:          3.8G       3.7G       127M       5.7M        28M       3.2G

MemTotal:        4016004 kB
MemFree:          130532 kB
Active:           351328 kB
Mem:          3.8G       3.7G       127M       5.7M        28M       3.2G

MemTotal:        4016004 kB
MemFree:          130532 kB
Active:           351360 kB
Mem:          3.8G       3.7G       127M       5.7M        28M       3.2G

MemTotal:        4016004 kB
MemFree:          130408 kB
Active:           351360 kB
Mem:          3.8G       3.7G       127M       5.7M        28M       3.2G

MemTotal:        4016004 kB
MemFree:          130904 kB
Active:           351352 kB
Mem:          3.8G       3.7G       127M       5.7M        28M       3.2G

MemTotal:        4016004 kB
MemFree:          131028 kB
Active:           351340 kB
Mem:          3.8G       3.7G       128M       5.7M        28M       3.2G

MemTotal:        4016004 kB
MemFree:          131028 kB
Active:           351332 kB
Mem:          3.8G       3.7G       128M       5.7M        28M       3.2G

MemTotal:        4016004 kB
MemFree:          130780 kB
Active:           351384 kB
Mem:          3.8G       3.7G       128M       5.7M        28M       3.2G

MemTotal:        4016004 kB
MemFree:          131152 kB
Active:           351344 kB
Mem:          3.8G       3.7G       128M       5.7M        28M       3.2G

MemTotal:        4016004 kB
MemFree:          131276 kB
Active:           351352 kB
Mem:          3.8G       3.7G       128M       5.7M        28M       3.2G

MemTotal:        4016004 kB
MemFree:          131128 kB
Active:           349452 kB
Mem:          3.8G       3.7G       127M       5.7M        28M       3.2G

MemTotal:        4016004 kB
MemFree:          131336 kB
Active:           351344 kB
Mem:          3.8G       3.7G       128M       5.7M        28M       3.2G

MemTotal:        4016004 kB
MemFree:          131336 kB
Active:           351384 kB
Mem:          3.8G       3.7G       128M       5.7M        28M       3.2G

MemTotal:        4016004 kB
MemFree:          131460 kB
Active:           351376 kB
Mem:          3.8G       3.7G       128M       5.7M        28M       3.2G

MemTotal:        4016004 kB
MemFree:          130840 kB
Active:           351404 kB
Mem:          3.8G       3.7G       128M       5.7M        28M       3.2G

MemTotal:        4016004 kB
MemFree:          131212 kB
Active:           351400 kB
Mem:          3.8G       3.7G       128M       5.7M        28M       3.2G

MemTotal:        4016004 kB
MemFree:          131212 kB
Active:           351352 kB
Mem:          3.8G       3.7G       128M       5.7M        28M       3.2G

MemTotal:        4016004 kB
MemFree:          131212 kB
Active:           351352 kB
Mem:          3.8G       3.7G       127M       5.7M        28M       3.2G

MemTotal:        4016004 kB
MemFree:          131088 kB
Active:           351380 kB
Mem:          3.8G       3.7G       128M       5.7M        28M       3.2G

MemTotal:        4016004 kB
MemFree:          131088 kB
Active:           351348 kB
Mem:          3.8G       3.7G       127M       5.7M        28M       3.2G

MemTotal:        4016004 kB
MemFree:          129164 kB
Active:           351392 kB
Mem:          3.8G       3.7G       125M       5.7M        28M       3.2G

MemTotal:        4016004 kB
MemFree:          128916 kB
Active:           353436 kB
Mem:          3.8G       3.7G       125M       5.7M        28M       3.2G

MemTotal:        4016004 kB
MemFree:          128296 kB
Active:           353456 kB
Mem:          3.8G       3.7G       125M       5.7M        28M       3.2G

MemTotal:        4016004 kB
MemFree:          128544 kB
Active:           353440 kB
Mem:          3.8G       3.7G       125M       5.7M        28M       3.2G

MemTotal:        4016004 kB
MemFree:          128544 kB
Active:           353444 kB
Mem:          3.8G       3.7G       125M       5.7M        28M       3.2G

MemTotal:        4016004 kB
MemFree:          128048 kB
Active:           353460 kB
Mem:          3.8G       3.7G       125M       5.7M        28M       3.2G

MemTotal:        4016004 kB
MemFree:          127800 kB
Active:           353464 kB
Mem:          3.8G       3.7G       124M       5.7M        28M       3.2G

MemTotal:        4016004 kB
MemFree:          128544 kB
Active:           353432 kB
Mem:          3.8G       3.7G       125M       5.7M        28M       3.2G

MemTotal:        4016004 kB
MemFree:          128668 kB
Active:           353440 kB
Mem:          3.8G       3.7G       125M       5.7M        28M       3.2G

MemTotal:        4016004 kB
MemFree:          128792 kB
Active:           353412 kB
Mem:          3.8G       3.7G       125M       5.7M        28M       3.2G

MemTotal:        4016004 kB
MemFree:          128792 kB
Active:           353416 kB
Mem:          3.8G       3.7G       125M       5.7M        28M       3.2G

MemTotal:        4016004 kB
MemFree:          128932 kB
Active:           353420 kB
Mem:          3.8G       3.7G       125M       5.7M        28M       3.2G

MemTotal:        4016004 kB
MemFree:          128808 kB
Active:           353432 kB
Mem:          3.8G       3.7G       125M       5.7M        28M       3.2G

MemTotal:        4016004 kB
MemFree:          128684 kB
Active:           353464 kB
Mem:          3.8G       3.7G       125M       5.7M        28M       3.2G

MemTotal:        4016004 kB
MemFree:          128684 kB
Active:           353456 kB
Mem:          3.8G       3.7G       125M       5.7M        28M       3.2G

MemTotal:        4016004 kB
MemFree:          129180 kB
Active:           353440 kB
Mem:          3.8G       3.7G       125M       5.7M        28M       3.2G

MemTotal:        4016004 kB
MemFree:          128932 kB
Active:           353448 kB
Mem:          3.8G       3.7G       125M       5.7M        28M       3.2G

MemTotal:        4016004 kB
MemFree:          128932 kB
Active:           353456 kB
Mem:          3.8G       3.7G       125M       5.7M        28M       3.2G

MemTotal:        4016004 kB
MemFree:          128684 kB
Active:           353476 kB
Mem:          3.8G       3.7G       125M       5.7M        28M       3.2G

MemTotal:        4016004 kB
MemFree:          129056 kB
Active:           353460 kB
Mem:          3.8G       3.7G       126M       5.7M        28M       3.2G

MemTotal:        4016004 kB
MemFree:          129304 kB
Active:           353472 kB
Mem:          3.8G       3.7G       126M       5.7M        28M       3.2G

MemTotal:        4016004 kB
MemFree:          129180 kB
Active:           353468 kB
Mem:          3.8G       3.7G       125M       5.7M        28M       3.2G

MemTotal:        4016004 kB
MemFree:          129304 kB
Active:           353440 kB
Mem:          3.8G       3.7G       126M       5.7M        28M       3.2G

MemTotal:        4016004 kB
MemFree:          129180 kB
Active:           353488 kB
Mem:          3.8G       3.7G       126M       5.7M        28M       3.2G

MemTotal:        4016004 kB
MemFree:          129056 kB
Active:           353484 kB
Mem:          3.8G       3.7G       125M       5.7M        28M       3.2G

MemTotal:        4016004 kB
MemFree:          129056 kB
Active:           353468 kB
Mem:          3.8G       3.7G       126M       5.7M        28M       3.2G

MemTotal:        4016004 kB
MemFree:          128684 kB
Active:           353496 kB
Mem:          3.8G       3.7G       125M       5.7M        28M       3.2G

MemTotal:        4016004 kB
MemFree:          128684 kB
Active:           353500 kB
Mem:          3.8G       3.7G       125M       5.7M        28M       3.2G

MemTotal:        4016004 kB
MemFree:          129056 kB
Active:           353444 kB
Mem:          3.8G       3.7G       126M       5.7M        28M       3.2G

MemTotal:        4016004 kB
MemFree:          129056 kB
Active:           353468 kB
Mem:          3.8G       3.7G       126M       5.7M        28M       3.2G

MemTotal:        4016004 kB
MemFree:          129180 kB
Active:           353460 kB
Mem:          3.8G       3.7G       125M       5.7M        28M       3.2G

MemTotal:        4016004 kB
MemFree:          129056 kB
Active:           353492 kB
Mem:          3.8G       3.7G       126M       5.7M        28M       3.2G

MemTotal:        4016004 kB
MemFree:          129180 kB
Active:           353448 kB
Mem:          3.8G       3.7G       126M       5.7M        28M       3.2G

MemTotal:        4016004 kB
MemFree:          128808 kB
Active:           353456 kB
Mem:          3.8G       3.7G       125M       5.7M        28M       3.2G

MemTotal:        4016004 kB
MemFree:          128808 kB
Active:           353480 kB
Mem:          3.8G       3.7G       125M       5.7M        28M       3.2G

MemTotal:        4016004 kB
MemFree:          128932 kB
Active:           353472 kB
Mem:          3.8G       3.7G       125M       5.7M        28M       3.2G

MemTotal:        4016004 kB
MemFree:          128560 kB
Active:           353516 kB
Mem:          3.8G       3.7G       125M       5.7M        28M       3.2G

MemTotal:        4016004 kB
MemFree:          128188 kB
Active:           353516 kB
Mem:          3.8G       3.7G       125M       5.7M        28M       3.2G

MemTotal:        4016004 kB
MemFree:          128436 kB
Active:           353500 kB
Mem:          3.8G       3.7G       125M       5.7M        28M       3.2G

MemTotal:        4016004 kB
MemFree:          128560 kB
Active:           353472 kB
Mem:          3.8G       3.7G       125M       5.7M        28M       3.2G

MemTotal:        4016004 kB
MemFree:          128436 kB
Active:           353468 kB
Mem:          3.8G       3.7G       125M       5.7M        28M       3.2G

MemTotal:        4016004 kB
MemFree:          128560 kB
Active:           353460 kB
Mem:          3.8G       3.7G       125M       5.7M        28M       3.2G

MemTotal:        4016004 kB
MemFree:          128436 kB
Active:           353480 kB
Mem:          3.8G       3.7G       125M       5.7M        28M       3.2G

MemTotal:        4016004 kB
MemFree:          127940 kB
Active:           353532 kB
Mem:          3.8G       3.7G       125M       5.7M        28M       3.2G

MemTotal:        4016004 kB
MemFree:          128560 kB
Active:           353480 kB
Mem:          3.8G       3.7G       125M       5.7M        28M       3.2G

MemTotal:        4016004 kB
MemFree:          128808 kB
Active:           353492 kB
Mem:          3.8G       3.7G       125M       5.7M        28M       3.2G

MemTotal:        4016004 kB
MemFree:          128684 kB
Active:           353532 kB
Mem:          3.8G       3.7G       125M       5.7M        28M       3.2G

MemTotal:        4016004 kB
MemFree:          128188 kB
Active:           353540 kB
Mem:          3.8G       3.7G       125M       5.7M        28M       3.2G

MemTotal:        4016004 kB
MemFree:          128312 kB
Active:           353544 kB
Mem:          3.8G       3.7G       125M       5.7M        28M       3.2G

MemTotal:        4016004 kB
MemFree:          128808 kB
Active:           353548 kB
Mem:          3.8G       3.7G       125M       5.7M        28M       3.2G

MemTotal:        4016004 kB
MemFree:          128808 kB
Active:           353512 kB
Mem:          3.8G       3.7G       125M       5.7M        28M       3.2G

MemTotal:        4016004 kB
MemFree:          128560 kB
Active:           353544 kB
Mem:          3.8G       3.7G       125M       5.7M        28M       3.2G

MemTotal:        4016004 kB
MemFree:          128808 kB
Active:           353492 kB
Mem:          3.8G       3.7G       125M       5.7M        28M       3.2G

MemTotal:        4016004 kB
MemFree:          128436 kB
Active:           353548 kB
Mem:          3.8G       3.7G       125M       5.7M        28M       3.2G

MemTotal:        4016004 kB
MemFree:          128684 kB
Active:           353524 kB
Mem:          3.8G       3.7G       125M       5.7M        28M       3.2G

MemTotal:        4016004 kB
MemFree:          128808 kB
Active:           353520 kB
Mem:          3.8G       3.7G       125M       5.7M        28M       3.2G

MemTotal:        4016004 kB
MemFree:          129056 kB
Active:           353528 kB
Mem:          3.8G       3.7G       125M       5.7M        28M       3.2G

MemTotal:        4016004 kB
MemFree:          128436 kB
Active:           353560 kB
Mem:          3.8G       3.7G       125M       5.7M        28M       3.2G

MemTotal:        4016004 kB
MemFree:          128436 kB
Active:           353540 kB
Mem:          3.8G       3.7G       125M       5.7M        28M       3.2G

MemTotal:        4016004 kB
MemFree:          128064 kB
Active:           353560 kB
Mem:          3.8G       3.7G       125M       5.7M        28M       3.2G

MemTotal:        4016004 kB
MemFree:          128684 kB
Active:           353512 kB
Mem:          3.8G       3.7G       125M       5.7M        28M       3.2G

MemTotal:        4016004 kB
MemFree:          129056 kB
Active:           353552 kB
Mem:          3.8G       3.7G       126M       5.7M        28M       3.2G

MemTotal:        4016004 kB
MemFree:          129056 kB
Active:           353548 kB
Mem:          3.8G       3.7G       126M       5.7M        28M       3.2G

MemTotal:        4016004 kB
MemFree:          129056 kB
Active:           353544 kB
Mem:          3.8G       3.7G       126M       5.7M        28M       3.2G

MemTotal:        4016004 kB
MemFree:          128684 kB
Active:           353568 kB
Mem:          3.8G       3.7G       125M       5.7M        28M       3.2G

MemTotal:        4016004 kB
MemFree:          128808 kB
Active:           353532 kB
Mem:          3.8G       3.7G       125M       5.7M        28M       3.2G

MemTotal:        4016004 kB
MemFree:          128808 kB
Active:           353544 kB
Mem:          3.8G       3.7G       125M       5.7M        28M       3.2G

MemTotal:        4016004 kB
MemFree:          128808 kB
Active:           353568 kB
Mem:          3.8G       3.7G       125M       5.7M        28M       3.2G

MemTotal:        4016004 kB
MemFree:          128560 kB
Active:           353568 kB
Mem:          3.8G       3.7G       125M       5.7M        28M       3.2G

MemTotal:        4016004 kB
MemFree:          128560 kB
Active:           353572 kB
Mem:          3.8G       3.7G       125M       5.7M        28M       3.2G

MemTotal:        4016004 kB
MemFree:          126760 kB
Active:           353516 kB
Mem:          3.8G       3.7G       123M       5.7M        28M       3.2G

MemTotal:        4016004 kB
MemFree:          126884 kB
Active:           355568 kB
Mem:          3.8G       3.7G       123M       5.7M        28M       3.2G

MemTotal:        4016004 kB
MemFree:          126760 kB
Active:           355568 kB
Mem:          3.8G       3.7G       123M       5.7M        28M       3.2G

MemTotal:        4016004 kB
MemFree:          126884 kB
Active:           355564 kB
Mem:          3.8G       3.7G       123M       5.7M        28M       3.2G

MemTotal:        4016004 kB
MemFree:          126760 kB
Active:           355552 kB
Mem:          3.8G       3.7G       123M       5.7M        28M       3.2G

MemTotal:        4016004 kB
MemFree:          126636 kB
Active:           355552 kB
Mem:          3.8G       3.7G       123M       5.7M        28M       3.2G

MemTotal:        4016004 kB
MemFree:          126512 kB
Active:           355608 kB
Mem:          3.8G       3.7G       123M       5.7M        28M       3.2G

MemTotal:        4016004 kB
MemFree:          126760 kB
Active:           355580 kB
Mem:          3.8G       3.7G       123M       5.7M        28M       3.2G

MemTotal:        4016004 kB
MemFree:          126636 kB
Active:           355608 kB
Mem:          3.8G       3.7G       123M       5.7M        28M       3.2G

MemTotal:        4016004 kB
MemFree:          126512 kB
Active:           355596 kB
Mem:          3.8G       3.7G       123M       5.7M        28M       3.2G

MemTotal:        4016004 kB
MemFree:          126884 kB
Active:           355604 kB
Mem:          3.8G       3.7G       123M       5.7M        28M       3.2G

MemTotal:        4016004 kB
MemFree:          126760 kB
Active:           355596 kB
Mem:          3.8G       3.7G       123M       5.7M        28M       3.2G

MemTotal:        4016004 kB
MemFree:          126636 kB
Active:           355624 kB
Mem:          3.8G       3.7G       123M       5.7M        28M       3.2G

MemTotal:        4016004 kB
MemFree:          127132 kB
Active:           355632 kB
Mem:          3.8G       3.7G       124M       5.7M        28M       3.2G

MemTotal:        4016004 kB
MemFree:          127008 kB
Active:           355600 kB
Mem:          3.8G       3.7G       124M       5.7M        28M       3.2G

MemTotal:        4016004 kB
MemFree:          127008 kB
Active:           355620 kB
Mem:          3.8G       3.7G       124M       5.7M        28M       3.2G

MemTotal:        4016004 kB
MemFree:          127008 kB
Active:           355620 kB
Mem:          3.8G       3.7G       124M       5.7M        28M       3.2G

MemTotal:        4016004 kB
MemFree:          127008 kB
Active:           355624 kB
Mem:          3.8G       3.7G       124M       5.7M        28M       3.2G

MemTotal:        4016004 kB
MemFree:          127008 kB
Active:           355596 kB
Mem:          3.8G       3.7G       123M       5.7M        28M       3.2G

MemTotal:        4016004 kB
MemFree:          127008 kB
Active:           355636 kB
Mem:          3.8G       3.7G       123M       5.7M        28M       3.2G

MemTotal:        4016004 kB
MemFree:          126512 kB
Active:           355656 kB
Mem:          3.8G       3.7G       123M       5.7M        28M       3.2G

MemTotal:        4016004 kB
MemFree:          126760 kB
Active:           355652 kB
Mem:          3.8G       3.7G       123M       5.7M        28M       3.2G

MemTotal:        4016004 kB
MemFree:          126884 kB
Active:           355600 kB
Mem:          3.8G       3.7G       123M       5.7M        28M       3.2G

MemTotal:        4016004 kB
MemFree:          126760 kB
Active:           355616 kB
Mem:          3.8G       3.7G       123M       5.7M        28M       3.2G

MemTotal:        4016004 kB
MemFree:          126636 kB
Active:           355624 kB
Mem:          3.8G       3.7G       123M       5.7M        28M       3.2G

MemTotal:        4016004 kB
MemFree:          126636 kB
Active:           355644 kB
Mem:          3.8G       3.7G       123M       5.7M        28M       3.2G

MemTotal:        4016004 kB
MemFree:          126760 kB
Active:           355620 kB
Mem:          3.8G       3.7G       123M       5.7M        28M       3.2G

MemTotal:        4016004 kB
MemFree:          126140 kB
Active:           355656 kB
Mem:          3.8G       3.7G       123M       5.7M        28M       3.2G

MemTotal:        4016004 kB
MemFree:          126388 kB
Active:           355628 kB
Mem:          3.8G       3.7G       123M       5.7M        28M       3.2G

MemTotal:        4016004 kB
MemFree:          126388 kB
Active:           355656 kB
Mem:          3.8G       3.7G       123M       5.7M        28M       3.2G

MemTotal:        4016004 kB
MemFree:          126016 kB
Active:           355672 kB
Mem:          3.8G       3.7G       123M       5.7M        28M       3.2G

MemTotal:        4016004 kB
MemFree:          126388 kB
Active:           355656 kB
Mem:          3.8G       3.7G       123M       5.7M        28M       3.2G

MemTotal:        4016004 kB
MemFree:          126512 kB
Active:           355648 kB
Mem:          3.8G       3.7G       123M       5.7M        28M       3.2G

MemTotal:        4016004 kB
MemFree:          126512 kB
Active:           355636 kB
Mem:          3.8G       3.7G       123M       5.7M        28M       3.2G

MemTotal:        4016004 kB
MemFree:          126636 kB
Active:           355700 kB
Mem:          3.8G       3.7G       123M       5.7M        28M       3.2G

MemTotal:        4016004 kB
MemFree:          126512 kB
Active:           355684 kB
Mem:          3.8G       3.7G       123M       5.7M        28M       3.2G

MemTotal:        4016004 kB
MemFree:          125876 kB
Active:           355772 kB
Mem:          3.8G       3.7G       123M       5.7M        28M       3.2G

MemTotal:        4016004 kB
MemFree:          125752 kB
Active:           355776 kB
Mem:          3.8G       3.7G       122M       5.7M        28M       3.2G

