MemTotal:        4016004 kB
MemFree:         3242048 kB
Active:           417308 kB
Mem:          3.8G       756M       3.1G       5.7M        55M       315M

MemTotal:        4016004 kB
MemFree:         3241424 kB
Active:           417556 kB
Mem:          3.8G       756M       3.1G       5.7M        55M       316M

MemTotal:        4016004 kB
MemFree:         3241268 kB
Active:           417620 kB
Mem:          3.8G       756M       3.1G       5.7M        55M       316M

MemTotal:        4016004 kB
MemFree:         3241500 kB
Active:           417656 kB
Mem:          3.8G       756M       3.1G       5.7M        55M       316M

MemTotal:        4016004 kB
MemFree:         3241500 kB
Active:           417612 kB
Mem:          3.8G       756M       3.1G       5.7M        55M       316M

MemTotal:        4016004 kB
MemFree:         3241624 kB
Active:           417624 kB
Mem:          3.8G       756M       3.1G       5.7M        55M       316M

MemTotal:        4016004 kB
MemFree:         3241608 kB
Active:           417664 kB
Mem:          3.8G       756M       3.1G       5.7M        55M       316M

MemTotal:        4016004 kB
MemFree:         3233212 kB
Active:           424992 kB
Mem:          3.8G       764M       3.1G       5.7M        59M       315M

MemTotal:        4016004 kB
MemFree:         3230040 kB
Active:           427492 kB
Mem:          3.8G       767M       3.1G       5.7M        62M       316M

MemTotal:        4016004 kB
MemFree:         3230420 kB
Active:           427488 kB
Mem:          3.8G       767M       3.1G       5.7M        62M       316M

MemTotal:        4016004 kB
MemFree:         3230404 kB
Active:           427452 kB
Mem:          3.8G       767M       3.1G       5.7M        62M       316M

MemTotal:        4016004 kB
MemFree:         3230032 kB
Active:           427496 kB
Mem:          3.8G       767M       3.1G       5.7M        62M       316M

MemTotal:        4016004 kB
MemFree:         3230404 kB
Active:           427488 kB
Mem:          3.8G       767M       3.1G       5.7M        62M       316M

MemTotal:        4016004 kB
MemFree:         3230140 kB
Active:           427496 kB
Mem:          3.8G       767M       3.1G       5.7M        62M       316M

MemTotal:        4016004 kB
MemFree:         3230496 kB
Active:           427504 kB
Mem:          3.8G       767M       3.1G       5.7M        62M       316M

MemTotal:        4016004 kB
MemFree:         3230512 kB
Active:           427508 kB
Mem:          3.8G       767M       3.1G       5.7M        62M       316M

MemTotal:        4016004 kB
MemFree:         3230280 kB
Active:           427508 kB
Mem:          3.8G       767M       3.1G       5.7M        62M       316M

MemTotal:        4016004 kB
MemFree:         3230076 kB
Active:           425456 kB
Mem:          3.8G       767M       3.1G       5.7M        62M       316M

MemTotal:        4016004 kB
MemFree:         3229952 kB
Active:           427508 kB
Mem:          3.8G       767M       3.1G       5.7M        62M       316M

MemTotal:        4016004 kB
MemFree:         3230200 kB
Active:           427484 kB
Mem:          3.8G       767M       3.1G       5.7M        62M       316M

MemTotal:        4016004 kB
MemFree:         3230060 kB
Active:           427496 kB
Mem:          3.8G       767M       3.1G       5.7M        62M       316M

MemTotal:        4016004 kB
MemFree:         3230168 kB
Active:           427472 kB
Mem:          3.8G       767M       3.1G       5.7M        62M       316M

MemTotal:        4016004 kB
MemFree:         3230168 kB
Active:           427464 kB
Mem:          3.8G       767M       3.1G       5.7M        62M       316M

MemTotal:        4016004 kB
MemFree:         3230168 kB
Active:           427488 kB
Mem:          3.8G       767M       3.1G       5.7M        62M       316M

MemTotal:        4016004 kB
MemFree:         3230028 kB
Active:           427504 kB
Mem:          3.8G       767M       3.1G       5.7M        62M       316M

MemTotal:        4016004 kB
MemFree:         3230136 kB
Active:           427464 kB
Mem:          3.8G       767M       3.1G       5.7M        62M       316M

MemTotal:        4016004 kB
MemFree:         3229748 kB
Active:           427468 kB
Mem:          3.8G       767M       3.1G       5.7M        62M       316M

MemTotal:        4016004 kB
MemFree:         3230104 kB
Active:           427464 kB
Mem:          3.8G       767M       3.1G       5.7M        62M       316M

MemTotal:        4016004 kB
MemFree:         3230088 kB
Active:           427488 kB
Mem:          3.8G       767M       3.1G       5.7M        62M       316M

MemTotal:        4016004 kB
MemFree:         3229700 kB
Active:           427524 kB
Mem:          3.8G       767M       3.1G       5.7M        62M       316M

MemTotal:        4016004 kB
MemFree:         3229312 kB
Active:           427524 kB
Mem:          3.8G       767M       3.1G       5.7M        62M       316M

MemTotal:        4016004 kB
MemFree:         3229668 kB
Active:           427512 kB
Mem:          3.8G       767M       3.1G       5.7M        62M       316M

MemTotal:        4016004 kB
MemFree:         3229872 kB
Active:           427472 kB
Mem:          3.8G       767M       3.1G       5.7M        62M       316M

MemTotal:        4016004 kB
MemFree:         3229996 kB
Active:           427492 kB
Mem:          3.8G       767M       3.1G       5.7M        62M       316M

MemTotal:        4016004 kB
MemFree:         3230244 kB
Active:           427500 kB
Mem:          3.8G       767M       3.1G       5.7M        62M       316M

MemTotal:        4016004 kB
MemFree:         3230244 kB
Active:           427520 kB
Mem:          3.8G       767M       3.1G       5.7M        62M       316M

MemTotal:        4016004 kB
MemFree:         3230244 kB
Active:           427536 kB
Mem:          3.8G       767M       3.1G       5.7M        62M       316M

MemTotal:        4016004 kB
MemFree:         3230304 kB
Active:           425476 kB
Mem:          3.8G       767M       3.1G       5.7M        62M       316M

MemTotal:        4016004 kB
MemFree:         3230180 kB
Active:           427552 kB
Mem:          3.8G       767M       3.1G       5.7M        62M       316M

MemTotal:        4016004 kB
MemFree:         3230180 kB
Active:           427548 kB
Mem:          3.8G       767M       3.1G       5.7M        62M       316M

MemTotal:        4016004 kB
MemFree:         3230180 kB
Active:           427548 kB
Mem:          3.8G       767M       3.1G       5.7M        62M       316M

MemTotal:        4016004 kB
MemFree:         3230412 kB
Active:           427556 kB
Mem:          3.8G       767M       3.1G       5.7M        62M       316M

MemTotal:        4016004 kB
MemFree:         3230164 kB
Active:           427524 kB
Mem:          3.8G       767M       3.1G       5.7M        62M       316M

MemTotal:        4016004 kB
MemFree:         3229792 kB
Active:           427564 kB
Mem:          3.8G       767M       3.1G       5.7M        62M       316M

MemTotal:        4016004 kB
MemFree:         3229916 kB
Active:           427548 kB
Mem:          3.8G       767M       3.1G       5.7M        62M       316M

MemTotal:        4016004 kB
MemFree:         3229916 kB
Active:           427536 kB
Mem:          3.8G       767M       3.1G       5.7M        62M       316M

MemTotal:        4016004 kB
MemFree:         3229916 kB
Active:           427536 kB
Mem:          3.8G       767M       3.1G       5.7M        62M       316M

MemTotal:        4016004 kB
MemFree:         3229404 kB
Active:           427568 kB
Mem:          3.8G       767M       3.1G       5.7M        62M       316M

MemTotal:        4016004 kB
MemFree:         3229760 kB
Active:           427564 kB
Mem:          3.8G       767M       3.1G       5.7M        62M       316M

MemTotal:        4016004 kB
MemFree:         3229868 kB
Active:           427564 kB
Mem:          3.8G       767M       3.1G       5.7M        62M       316M

MemTotal:        4016004 kB
MemFree:         3229868 kB
Active:           427572 kB
Mem:          3.8G       767M       3.1G       5.7M        62M       316M

MemTotal:        4016004 kB
MemFree:         3229484 kB
Active:           427576 kB
Mem:          3.8G       767M       3.1G       5.7M        62M       316M

MemTotal:        4016004 kB
MemFree:         3229732 kB
Active:           427568 kB
Mem:          3.8G       767M       3.1G       5.7M        62M       316M

MemTotal:        4016004 kB
MemFree:         3229732 kB
Active:           427580 kB
Mem:          3.8G       767M       3.1G       5.7M        62M       316M

MemTotal:        4016004 kB
MemFree:         3229732 kB
Active:           427584 kB
Mem:          3.8G       767M       3.1G       5.7M        62M       316M

MemTotal:        4016004 kB
MemFree:         3229360 kB
Active:           427596 kB
Mem:          3.8G       768M       3.1G       5.7M        62M       316M

MemTotal:        4016004 kB
MemFree:         3229608 kB
Active:           427584 kB
Mem:          3.8G       767M       3.1G       5.7M        62M       316M

MemTotal:        4016004 kB
MemFree:         3229784 kB
Active:           425616 kB
Mem:          3.8G       767M       3.1G       5.7M        62M       316M

MemTotal:        4016004 kB
MemFree:         3229892 kB
Active:           427680 kB
Mem:          3.8G       767M       3.1G       5.7M        62M       316M

MemTotal:        4016004 kB
MemFree:         3230000 kB
Active:           427688 kB
Mem:          3.8G       767M       3.1G       5.7M        62M       316M

MemTotal:        4016004 kB
MemFree:         3229704 kB
Active:           427856 kB
Mem:          3.8G       767M       3.1G       5.7M        62M       316M

MemTotal:        4016004 kB
MemFree:         3125860 kB
Active:           428336 kB
Mem:          3.8G       869M       3.0G       5.7M        62M       416M

MemTotal:        4016004 kB
MemFree:         3011028 kB
Active:           428360 kB
Mem:          3.8G       981M       2.9G       5.7M        62M       526M

MemTotal:        4016004 kB
MemFree:         2895188 kB
Active:           428376 kB
Mem:          3.8G       1.1G       2.8G       5.7M        62M       637M

MemTotal:        4016004 kB
MemFree:         2873472 kB
Active:           428376 kB
Mem:          3.8G       1.1G       2.7G       5.7M        62M       658M

MemTotal:        4016004 kB
MemFree:         2774392 kB
Active:           428376 kB
Mem:          3.8G       1.2G       2.6G       5.7M        62M       753M

MemTotal:        4016004 kB
MemFree:         2772932 kB
Active:           428376 kB
Mem:          3.8G       1.2G       2.6G       5.7M        62M       754M

MemTotal:        4016004 kB
MemFree:         2742000 kB
Active:           426356 kB
Mem:          3.8G       1.2G       2.6G       5.7M        62M       784M

MemTotal:        4016004 kB
MemFree:         2674880 kB
Active:           428436 kB
Mem:          3.8G       1.3G       2.6G       5.7M        62M       849M

MemTotal:        4016004 kB
MemFree:         2673200 kB
Active:           428456 kB
Mem:          3.8G       1.3G       2.5G       5.7M        62M       850M

MemTotal:        4016004 kB
MemFree:         2672216 kB
Active:           428464 kB
Mem:          3.8G       1.3G       2.5G       5.7M        62M       851M

MemTotal:        4016004 kB
MemFree:         2670792 kB
Active:           428472 kB
Mem:          3.8G       1.3G       2.5G       5.7M        62M       852M

MemTotal:        4016004 kB
MemFree:         2669868 kB
Active:           428432 kB
Mem:          3.8G       1.3G       2.5G       5.7M        62M       853M

MemTotal:        4016004 kB
MemFree:         2586784 kB
Active:           428452 kB
Mem:          3.8G       1.4G       2.5G       5.7M        62M       934M

MemTotal:        4016004 kB
MemFree:         2450576 kB
Active:           428456 kB
Mem:          3.8G       1.5G       2.3G       5.7M        62M       1.0G

MemTotal:        4016004 kB
MemFree:         2323204 kB
Active:           428452 kB
Mem:          3.8G       1.6G       2.2G       5.7M        62M       1.2G

MemTotal:        4016004 kB
MemFree:         2316784 kB
Active:           428460 kB
Mem:          3.8G       1.6G       2.2G       5.7M        62M       1.2G

MemTotal:        4016004 kB
MemFree:         2242352 kB
Active:           428452 kB
Mem:          3.8G       1.7G       2.1G       5.7M        62M       1.2G

MemTotal:        4016004 kB
MemFree:         2219668 kB
Active:           428456 kB
Mem:          3.8G       1.7G       2.1G       5.7M        62M       1.3G

MemTotal:        4016004 kB
MemFree:         2175972 kB
Active:           428484 kB
Mem:          3.8G       1.8G       2.1G       5.7M        62M       1.3G

MemTotal:        4016004 kB
MemFree:         2118692 kB
Active:           428484 kB
Mem:          3.8G       1.8G       2.0G       5.7M        62M       1.4G

MemTotal:        4016004 kB
MemFree:         2096096 kB
Active:           428500 kB
Mem:          3.8G       1.8G       2.0G       5.7M        62M       1.4G

MemTotal:        4016004 kB
MemFree:         2018972 kB
Active:           428496 kB
Mem:          3.8G       1.9G       1.9G       5.7M        62M       1.4G

MemTotal:        4016004 kB
MemFree:         2018668 kB
Active:           428520 kB
Mem:          3.8G       1.9G       1.9G       5.7M        62M       1.4G

MemTotal:        4016004 kB
MemFree:         2016572 kB
Active:           428504 kB
Mem:          3.8G       1.9G       1.9G       5.7M        62M       1.4G

MemTotal:        4016004 kB
MemFree:         2015052 kB
Active:           428512 kB
Mem:          3.8G       1.9G       1.9G       5.7M        62M       1.4G

MemTotal:        4016004 kB
MemFree:         2014376 kB
Active:           428528 kB
Mem:          3.8G       1.9G       1.9G       5.7M        62M       1.4G

MemTotal:        4016004 kB
MemFree:         1892196 kB
Active:           428484 kB
Mem:          3.8G       2.0G       1.8G       5.7M        62M       1.6G

MemTotal:        4016004 kB
MemFree:         1770512 kB
Active:           428508 kB
Mem:          3.8G       2.1G       1.7G       5.7M        62M       1.7G

MemTotal:        4016004 kB
MemFree:         1665912 kB
Active:           428528 kB
Mem:          3.8G       2.2G       1.6G       5.7M        62M       1.8G

MemTotal:        4016004 kB
MemFree:         1596840 kB
Active:           428504 kB
Mem:          3.8G       2.3G       1.5G       5.7M        62M       1.8G

MemTotal:        4016004 kB
MemFree:         1563416 kB
Active:           428556 kB
Mem:          3.8G       2.3G       1.5G       5.7M        62M       1.9G

MemTotal:        4016004 kB
MemFree:         1563016 kB
Active:           428552 kB
Mem:          3.8G       2.3G       1.5G       5.7M        62M       1.9G

MemTotal:        4016004 kB
MemFree:         1470956 kB
Active:           428520 kB
Mem:          3.8G       2.4G       1.4G       5.7M        62M       2.0G

MemTotal:        4016004 kB
MemFree:         1463808 kB
Active:           428548 kB
Mem:          3.8G       2.4G       1.4G       5.7M        62M       2.0G

MemTotal:        4016004 kB
MemFree:         1407944 kB
Active:           428556 kB
Mem:          3.8G       2.5G       1.3G       5.7M        62M       2.0G

MemTotal:        4016004 kB
MemFree:         1366684 kB
Active:           428556 kB
Mem:          3.8G       2.5G       1.3G       5.7M        62M       2.1G

MemTotal:        4016004 kB
MemFree:         1365132 kB
Active:           426524 kB
Mem:          3.8G       2.5G       1.3G       5.7M        62M       2.1G

MemTotal:        4016004 kB
MemFree:         1364248 kB
Active:           428580 kB
Mem:          3.8G       2.5G       1.3G       5.7M        62M       2.1G

MemTotal:        4016004 kB
MemFree:         1364112 kB
Active:           428592 kB
Mem:          3.8G       2.5G       1.3G       5.7M        62M       2.1G

MemTotal:        4016004 kB
MemFree:         1324316 kB
Active:           428580 kB
Mem:          3.8G       2.6G       1.3G       5.7M        62M       2.1G

MemTotal:        4016004 kB
MemFree:         1191456 kB
Active:           428612 kB
Mem:          3.8G       2.7G       1.1G       5.7M        62M       2.2G

MemTotal:        4016004 kB
MemFree:         1064084 kB
Active:           428592 kB
Mem:          3.8G       2.8G       1.0G       5.7M        62M       2.3G

MemTotal:        4016004 kB
MemFree:          986776 kB
Active:           428620 kB
Mem:          3.8G       2.9G       963M       5.7M        62M       2.4G

MemTotal:        4016004 kB
MemFree:          970084 kB
Active:           428596 kB
Mem:          3.8G       2.9G       946M       5.7M        62M       2.4G

MemTotal:        4016004 kB
MemFree:          922492 kB
Active:           428600 kB
Mem:          3.8G       3.0G       900M       5.7M        62M       2.5G

MemTotal:        4016004 kB
MemFree:          920556 kB
Active:           428616 kB
Mem:          3.8G       3.0G       899M       5.7M        62M       2.5G

MemTotal:        4016004 kB
MemFree:          853392 kB
Active:           428604 kB
Mem:          3.8G       3.0G       833M       5.7M        62M       2.5G

MemTotal:        4016004 kB
MemFree:          736684 kB
Active:           428656 kB
Mem:          3.8G       3.1G       719M       5.7M        62M       2.7G

MemTotal:        4016004 kB
MemFree:          686676 kB
Active:           428652 kB
Mem:          3.8G       3.2G       670M       5.7M        62M       2.7G

MemTotal:        4016004 kB
MemFree:          683028 kB
Active:           428664 kB
Mem:          3.8G       3.2G       666M       5.7M        62M       2.7G

MemTotal:        4016004 kB
MemFree:          681604 kB
Active:           428664 kB
Mem:          3.8G       3.2G       665M       5.7M        62M       2.7G

MemTotal:        4016004 kB
MemFree:          589300 kB
Active:           428672 kB
Mem:          3.8G       3.3G       574M       5.7M        62M       2.8G

MemTotal:        4016004 kB
MemFree:          568184 kB
Active:           428708 kB
Mem:          3.8G       3.3G       554M       5.7M        62M       2.8G

MemTotal:        4016004 kB
MemFree:          496448 kB
Active:           428676 kB
Mem:          3.8G       3.4G       484M       5.7M        62M       2.9G

MemTotal:        4016004 kB
MemFree:          477588 kB
Active:           428736 kB
Mem:          3.8G       3.4G       466M       5.7M        62M       2.9G

MemTotal:        4016004 kB
MemFree:          476940 kB
Active:           428732 kB
Mem:          3.8G       3.4G       465M       5.7M        62M       2.9G

MemTotal:        4016004 kB
MemFree:          474432 kB
Active:           428696 kB
Mem:          3.8G       3.4G       463M       5.7M        62M       2.9G

MemTotal:        4016004 kB
MemFree:          437064 kB
Active:           428724 kB
Mem:          3.8G       3.4G       426M       5.7M        62M       2.9G

MemTotal:        4016004 kB
MemFree:          307924 kB
Active:           428744 kB
Mem:          3.8G       3.5G       299M       5.7M        62M       3.1G

MemTotal:        4016004 kB
MemFree:          196548 kB
Active:           428712 kB
Mem:          3.8G       3.6G       191M       5.7M        62M       3.2G

MemTotal:        4016004 kB
MemFree:          127292 kB
Active:           428728 kB
Mem:          3.8G       3.7G       124M       5.7M        62M       3.2G

MemTotal:        4016004 kB
MemFree:          125296 kB
Active:           428752 kB
Mem:          3.8G       3.7G       122M       5.7M        62M       3.2G

MemTotal:        4016004 kB
MemFree:          136220 kB
Active:           439664 kB
Mem:          3.8G       3.7G       111M       5.7M        27M       3.3G

MemTotal:        4016004 kB
MemFree:          113884 kB
Active:           439728 kB
Mem:          3.8G       3.7G       111M       5.7M        27M       3.3G

MemTotal:        4016004 kB
MemFree:          129596 kB
Active:           484256 kB
Mem:          3.8G       3.7G       136M       5.7M        27M       3.2G

MemTotal:        4016004 kB
MemFree:          135848 kB
Active:           483456 kB
Mem:          3.8G       3.7G       132M       5.7M        27M       3.2G

MemTotal:        4016004 kB
MemFree:          134284 kB
Active:           483472 kB
Mem:          3.8G       3.7G       130M       5.7M        27M       3.2G

MemTotal:        4016004 kB
MemFree:          116740 kB
Active:           483472 kB
Mem:          3.8G       3.7G       113M       5.7M        27M       3.3G

MemTotal:        4016004 kB
MemFree:          118748 kB
Active:           474388 kB
Mem:          3.8G       3.7G       115M       5.7M        27M       3.3G

MemTotal:        4016004 kB
MemFree:          132524 kB
Active:           459300 kB
Mem:          3.8G       3.7G       129M       5.7M        27M       3.2G

MemTotal:        4016004 kB
MemFree:          126748 kB
Active:           447524 kB
Mem:          3.8G       3.7G       123M       5.7M        27M       3.3G

MemTotal:        4016004 kB
MemFree:          124424 kB
Active:           435764 kB
Mem:          3.8G       3.7G       121M       5.7M        27M       3.3G

MemTotal:        4016004 kB
MemFree:          141652 kB
Active:           429640 kB
Mem:          3.8G       3.7G       137M       5.7M        27M       3.2G

MemTotal:        4016004 kB
MemFree:          149820 kB
Active:           424956 kB
Mem:          3.8G       3.7G       145M       5.7M        27M       3.2G

MemTotal:        4016004 kB
MemFree:          148364 kB
Active:           424968 kB
Mem:          3.8G       3.7G       144M       5.7M        27M       3.2G

MemTotal:        4016004 kB
MemFree:          148396 kB
Active:           424980 kB
Mem:          3.8G       3.7G       144M       5.7M        27M       3.2G

MemTotal:        4016004 kB
MemFree:          146960 kB
Active:           424968 kB
Mem:          3.8G       3.7G       143M       5.7M        27M       3.2G

MemTotal:        4016004 kB
MemFree:          137736 kB
Active:           424988 kB
Mem:          3.8G       3.7G       134M       5.7M        27M       3.2G

MemTotal:        4016004 kB
MemFree:          137136 kB
Active:           425000 kB
Mem:          3.8G       3.7G       133M       5.7M        27M       3.2G

MemTotal:        4016004 kB
MemFree:          135104 kB
Active:           425008 kB
Mem:          3.8G       3.7G       131M       5.7M        27M       3.2G

MemTotal:        4016004 kB
MemFree:          134004 kB
Active:           424996 kB
Mem:          3.8G       3.7G       130M       5.7M        27M       3.2G

MemTotal:        4016004 kB
MemFree:          133140 kB
Active:           425008 kB
Mem:          3.8G       3.7G       129M       5.7M        27M       3.2G

MemTotal:        4016004 kB
MemFree:          128792 kB
Active:           424964 kB
Mem:          3.8G       3.7G       125M       5.7M        27M       3.3G

MemTotal:        4016004 kB
MemFree:          120388 kB
Active:           420920 kB
Mem:          3.8G       3.7G       117M       5.7M        27M       3.3G

MemTotal:        4016004 kB
MemFree:          130880 kB
Active:           415284 kB
Mem:          3.8G       3.7G       127M       5.7M        27M       3.3G

MemTotal:        4016004 kB
MemFree:          140572 kB
Active:           410260 kB
Mem:          3.8G       3.7G       136M       5.7M        27M       3.2G

MemTotal:        4016004 kB
MemFree:          122456 kB
Active:           406540 kB
Mem:          3.8G       3.7G       119M       5.7M        27M       3.3G

MemTotal:        4016004 kB
MemFree:          130732 kB
Active:           405444 kB
Mem:          3.8G       3.7G       127M       5.7M        27M       3.3G

MemTotal:        4016004 kB
MemFree:          144204 kB
Active:           403600 kB
Mem:          3.8G       3.7G       140M       5.7M        27M       3.2G

MemTotal:        4016004 kB
MemFree:          136300 kB
Active:           402636 kB
Mem:          3.8G       3.7G       133M       5.7M        27M       3.2G

MemTotal:        4016004 kB
MemFree:          126968 kB
Active:           402516 kB
Mem:          3.8G       3.7G       123M       5.7M        27M       3.3G

MemTotal:        4016004 kB
MemFree:          125960 kB
Active:           402492 kB
Mem:          3.8G       3.7G       122M       5.7M        27M       3.3G

MemTotal:        4016004 kB
MemFree:          124504 kB
Active:           402548 kB
Mem:          3.8G       3.7G       121M       5.7M        27M       3.3G

MemTotal:        4016004 kB
MemFree:          121304 kB
Active:           402492 kB
Mem:          3.8G       3.7G       118M       5.7M        27M       3.3G

MemTotal:        4016004 kB
MemFree:          118572 kB
Active:           400032 kB
Mem:          3.8G       3.7G       115M       5.7M        27M       3.3G

MemTotal:        4016004 kB
MemFree:          129800 kB
Active:           393952 kB
Mem:          3.8G       3.7G       126M       5.7M        27M       3.3G

MemTotal:        4016004 kB
MemFree:          127540 kB
Active:           392416 kB
Mem:          3.8G       3.7G       124M       5.7M        27M       3.3G

MemTotal:        4016004 kB
MemFree:          129240 kB
Active:           389088 kB
Mem:          3.8G       3.7G       125M       5.7M        27M       3.3G

MemTotal:        4016004 kB
MemFree:          118352 kB
Active:           388908 kB
Mem:          3.8G       3.7G       114M       5.7M        27M       3.3G

MemTotal:        4016004 kB
MemFree:          105164 kB
Active:           387296 kB
Mem:          3.8G       3.7G       102M       5.7M        27M       3.3G

MemTotal:        4016004 kB
MemFree:          131724 kB
Active:           384608 kB
Mem:          3.8G       3.7G       128M       5.7M        27M       3.2G

MemTotal:        4016004 kB
MemFree:          146724 kB
Active:           382952 kB
Mem:          3.8G       3.7G       143M       5.7M        27M       3.2G

MemTotal:        4016004 kB
MemFree:          108000 kB
Active:           382812 kB
Mem:          3.8G       3.7G       105M       5.7M        27M       3.3G

MemTotal:        4016004 kB
MemFree:          107132 kB
Active:           382844 kB
Mem:          3.8G       3.7G       104M       5.7M        27M       3.3G

MemTotal:        4016004 kB
MemFree:          105768 kB
Active:           382800 kB
Mem:          3.8G       3.7G       103M       5.7M        27M       3.3G

MemTotal:        4016004 kB
MemFree:          105208 kB
Active:           382856 kB
Mem:          3.8G       3.7G       102M       5.7M        27M       3.3G

MemTotal:        4016004 kB
MemFree:          105216 kB
Active:           382816 kB
Mem:          3.8G       3.7G       102M       5.7M        27M       3.3G

MemTotal:        4016004 kB
MemFree:          105364 kB
Active:           381068 kB
Mem:          3.8G       3.7G       106M       5.7M        27M       3.3G

MemTotal:        4016004 kB
MemFree:          132108 kB
Active:           376208 kB
Mem:          3.8G       3.7G       128M       5.7M        27M       3.2G

MemTotal:        4016004 kB
MemFree:          125476 kB
Active:           372880 kB
Mem:          3.8G       3.7G       121M       5.7M        27M       3.3G

MemTotal:        4016004 kB
MemFree:          139188 kB
Active:           372880 kB
Mem:          3.8G       3.7G       135M       5.7M        27M       3.2G

MemTotal:        4016004 kB
MemFree:          127028 kB
Active:           372880 kB
Mem:          3.8G       3.7G       123M       5.7M        27M       3.3G

MemTotal:        4016004 kB
MemFree:          130284 kB
Active:           372888 kB
Mem:          3.8G       3.7G       126M       5.7M        27M       3.2G

MemTotal:        4016004 kB
MemFree:          140116 kB
Active:           372840 kB
Mem:          3.8G       3.7G       137M       5.7M        27M       3.2G

MemTotal:        4016004 kB
MemFree:          131716 kB
Active:           373420 kB
Mem:          3.8G       3.7G       128M       5.7M        27M       3.2G

MemTotal:        4016004 kB
MemFree:          132120 kB
Active:           375476 kB
Mem:          3.8G       3.7G       129M       5.7M        27M       3.2G

MemTotal:        4016004 kB
MemFree:          131796 kB
Active:           375488 kB
Mem:          3.8G       3.7G       128M       5.7M        27M       3.2G

MemTotal:        4016004 kB
MemFree:          131548 kB
Active:           375492 kB
Mem:          3.8G       3.7G       128M       5.7M        27M       3.2G

MemTotal:        4016004 kB
MemFree:          130860 kB
Active:           375464 kB
Mem:          3.8G       3.7G       127M       5.7M        27M       3.2G

MemTotal:        4016004 kB
MemFree:          113072 kB
Active:           371824 kB
Mem:          3.8G       3.7G       110M       5.7M        27M       3.3G

MemTotal:        4016004 kB
MemFree:          126012 kB
Active:           371788 kB
Mem:          3.8G       3.7G       122M       5.7M        27M       3.3G

MemTotal:        4016004 kB
MemFree:          135228 kB
Active:           369908 kB
Mem:          3.8G       3.7G       131M       5.7M        27M       3.2G

MemTotal:        4016004 kB
MemFree:          130916 kB
Active:           369788 kB
Mem:          3.8G       3.7G       127M       5.7M        27M       3.2G

MemTotal:        4016004 kB
MemFree:          128016 kB
Active:           369804 kB
Mem:          3.8G       3.7G       124M       5.7M        27M       3.2G

MemTotal:        4016004 kB
MemFree:          127616 kB
Active:           370040 kB
Mem:          3.8G       3.7G       124M       5.7M        27M       3.2G

MemTotal:        4016004 kB
MemFree:          146092 kB
Active:           369668 kB
Mem:          3.8G       3.7G       142M       5.7M        27M       3.2G

MemTotal:        4016004 kB
MemFree:          144348 kB
Active:           369672 kB
Mem:          3.8G       3.7G       140M       5.7M        27M       3.2G

MemTotal:        4016004 kB
MemFree:          144192 kB
Active:           369676 kB
Mem:          3.8G       3.7G       140M       5.7M        27M       3.2G

MemTotal:        4016004 kB
MemFree:          143884 kB
Active:           369684 kB
Mem:          3.8G       3.7G       140M       5.7M        27M       3.2G

MemTotal:        4016004 kB
MemFree:          143924 kB
Active:           369684 kB
Mem:          3.8G       3.7G       140M       5.7M        27M       3.2G

MemTotal:        4016004 kB
MemFree:          127788 kB
Active:           369628 kB
Mem:          3.8G       3.7G       124M       5.7M        27M       3.2G

MemTotal:        4016004 kB
MemFree:          126336 kB
Active:           369680 kB
Mem:          3.8G       3.7G       122M       5.7M        27M       3.3G

MemTotal:        4016004 kB
MemFree:          125708 kB
Active:           369652 kB
Mem:          3.8G       3.7G       122M       5.7M        27M       3.3G

MemTotal:        4016004 kB
MemFree:          125740 kB
Active:           369704 kB
Mem:          3.8G       3.7G       122M       5.7M        27M       3.3G

MemTotal:        4016004 kB
MemFree:          125136 kB
Active:           369584 kB
Mem:          3.8G       3.7G       122M       5.7M        27M       3.3G

MemTotal:        4016004 kB
MemFree:          147876 kB
Active:           370872 kB
Mem:          3.8G       3.7G       144M       5.7M        27M       3.2G

MemTotal:        4016004 kB
MemFree:          140396 kB
Active:           370876 kB
Mem:          3.8G       3.7G       136M       5.7M        27M       3.2G

MemTotal:        4016004 kB
MemFree:          131488 kB
Active:           370776 kB
Mem:          3.8G       3.7G       127M       5.7M        27M       3.2G

MemTotal:        4016004 kB
MemFree:          133692 kB
Active:           370796 kB
Mem:          3.8G       3.7G       130M       5.7M        27M       3.2G

MemTotal:        4016004 kB
MemFree:          118104 kB
Active:           370808 kB
Mem:          3.8G       3.7G       115M       5.7M        27M       3.3G

MemTotal:        4016004 kB
MemFree:          126532 kB
Active:           369868 kB
Mem:          3.8G       3.7G       123M       5.7M        27M       3.2G

MemTotal:        4016004 kB
MemFree:          111940 kB
Active:           369684 kB
Mem:          3.8G       3.7G       108M       5.7M        27M       3.3G

MemTotal:        4016004 kB
MemFree:          149580 kB
Active:           369684 kB
Mem:          3.8G       3.7G       146M       5.7M        27M       3.2G

MemTotal:        4016004 kB
MemFree:          148352 kB
Active:           369688 kB
Mem:          3.8G       3.7G       144M       5.7M        27M       3.2G

MemTotal:        4016004 kB
MemFree:          146384 kB
Active:           369716 kB
Mem:          3.8G       3.7G       142M       5.7M        27M       3.2G

MemTotal:        4016004 kB
MemFree:          145984 kB
Active:           369692 kB
Mem:          3.8G       3.7G       142M       5.7M        27M       3.2G

MemTotal:        4016004 kB
MemFree:          126868 kB
Active:           369728 kB
Mem:          3.8G       3.7G       124M       5.7M        27M       3.2G

MemTotal:        4016004 kB
MemFree:          127636 kB
Active:           369732 kB
Mem:          3.8G       3.7G       124M       5.7M        27M       3.2G

MemTotal:        4016004 kB
MemFree:          140212 kB
Active:           364720 kB
Mem:          3.8G       3.7G       136M       5.7M        27M       3.2G

MemTotal:        4016004 kB
MemFree:          123156 kB
Active:           364576 kB
Mem:          3.8G       3.7G       120M       5.7M        27M       3.3G

MemTotal:        4016004 kB
MemFree:          140804 kB
Active:           364528 kB
Mem:          3.8G       3.7G       137M       5.7M        27M       3.2G

MemTotal:        4016004 kB
MemFree:          137876 kB
Active:           364576 kB
Mem:          3.8G       3.7G       134M       5.7M        27M       3.2G

MemTotal:        4016004 kB
MemFree:          132648 kB
Active:           364568 kB
Mem:          3.8G       3.7G       129M       5.7M        27M       3.2G

MemTotal:        4016004 kB
MemFree:          130052 kB
Active:           364580 kB
Mem:          3.8G       3.7G       126M       5.7M        27M       3.2G

MemTotal:        4016004 kB
MemFree:          135532 kB
Active:           363856 kB
Mem:          3.8G       3.7G       131M       5.7M        27M       3.2G

MemTotal:        4016004 kB
MemFree:          134480 kB
Active:           363744 kB
Mem:          3.8G       3.7G       131M       5.7M        27M       3.2G

MemTotal:        4016004 kB
MemFree:          133964 kB
Active:           363720 kB
Mem:          3.8G       3.7G       130M       5.7M        27M       3.2G

MemTotal:        4016004 kB
MemFree:          132512 kB
Active:           363756 kB
Mem:          3.8G       3.7G       129M       5.7M        27M       3.2G

MemTotal:        4016004 kB
MemFree:          131044 kB
Active:           363760 kB
Mem:          3.8G       3.7G       127M       5.7M        27M       3.2G

MemTotal:        4016004 kB
MemFree:          134416 kB
Active:           363752 kB
Mem:          3.8G       3.7G       130M       5.7M        27M       3.2G

MemTotal:        4016004 kB
MemFree:          126984 kB
Active:           363772 kB
Mem:          3.8G       3.7G       123M       5.7M        27M       3.2G

MemTotal:        4016004 kB
MemFree:          124396 kB
Active:           363776 kB
Mem:          3.8G       3.7G       120M       5.7M        27M       3.2G

MemTotal:        4016004 kB
MemFree:          139472 kB
Active:           361012 kB
Mem:          3.8G       3.7G       135M       5.7M        27M       3.2G

MemTotal:        4016004 kB
MemFree:          117292 kB
Active:           360920 kB
Mem:          3.8G       3.7G       114M       5.7M        27M       3.3G

MemTotal:        4016004 kB
MemFree:          138016 kB
Active:           360976 kB
Mem:          3.8G       3.7G       134M       5.7M        27M       3.2G

MemTotal:        4016004 kB
MemFree:          114716 kB
Active:           360984 kB
Mem:          3.8G       3.7G       111M       5.7M        27M       3.3G

MemTotal:        4016004 kB
MemFree:          143220 kB
Active:           361136 kB
Mem:          3.8G       3.7G       139M       5.7M        27M       3.2G

MemTotal:        4016004 kB
MemFree:          142220 kB
Active:           360972 kB
Mem:          3.8G       3.7G       138M       5.7M        27M       3.2G

MemTotal:        4016004 kB
MemFree:          141452 kB
Active:           360952 kB
Mem:          3.8G       3.7G       137M       5.7M        27M       3.2G

MemTotal:        4016004 kB
MemFree:          141024 kB
Active:           361004 kB
Mem:          3.8G       3.7G       137M       5.7M        27M       3.2G

MemTotal:        4016004 kB
MemFree:          141044 kB
Active:           361096 kB
Mem:          3.8G       3.7G       137M       5.7M        27M       3.2G

MemTotal:        4016004 kB
MemFree:          132964 kB
Active:           361012 kB
Mem:          3.8G       3.7G       129M       5.7M        27M       3.2G

MemTotal:        4016004 kB
MemFree:          133440 kB
Active:           359688 kB
Mem:          3.8G       3.7G       129M       5.7M        27M       3.2G

MemTotal:        4016004 kB
MemFree:          125976 kB
Active:           359496 kB
Mem:          3.8G       3.7G       122M       5.7M        27M       3.2G

MemTotal:        4016004 kB
MemFree:          126940 kB
Active:           359476 kB
Mem:          3.8G       3.7G       123M       5.7M        27M       3.2G

MemTotal:        4016004 kB
MemFree:          110264 kB
Active:           360512 kB
Mem:          3.8G       3.7G       106M       5.7M        27M       3.3G

MemTotal:        4016004 kB
MemFree:          143320 kB
Active:           360512 kB
Mem:          3.8G       3.7G       139M       5.7M        27M       3.2G

MemTotal:        4016004 kB
MemFree:          113836 kB
Active:           360636 kB
Mem:          3.8G       3.7G       110M       5.7M        27M       3.3G

MemTotal:        4016004 kB
MemFree:          138580 kB
Active:           356620 kB
Mem:          3.8G       3.7G       135M       5.7M        27M       3.2G

MemTotal:        4016004 kB
MemFree:          127308 kB
Active:           356568 kB
Mem:          3.8G       3.7G       124M       5.7M        27M       3.2G

MemTotal:        4016004 kB
MemFree:          126220 kB
Active:           356500 kB
Mem:          3.8G       3.7G       123M       5.7M        27M       3.2G

MemTotal:        4016004 kB
MemFree:          125580 kB
Active:           356360 kB
Mem:          3.8G       3.7G       122M       5.7M        27M       3.2G

MemTotal:        4016004 kB
MemFree:          123524 kB
Active:           356420 kB
Mem:          3.8G       3.7G       120M       5.7M        27M       3.2G

MemTotal:        4016004 kB
MemFree:          122368 kB
Active:           356668 kB
Mem:          3.8G       3.7G       119M       5.7M        27M       3.2G

MemTotal:        4016004 kB
MemFree:          129644 kB
Active:           356776 kB
Mem:          3.8G       3.7G       126M       5.7M        27M       3.2G

MemTotal:        4016004 kB
MemFree:          122356 kB
Active:           356716 kB
Mem:          3.8G       3.7G       118M       5.7M        27M       3.2G

MemTotal:        4016004 kB
MemFree:          144496 kB
Active:           356820 kB
Mem:          3.8G       3.7G       140M       5.7M        27M       3.2G

MemTotal:        4016004 kB
MemFree:          138984 kB
Active:           355716 kB
Mem:          3.8G       3.7G       135M       5.7M        27M       3.2G

MemTotal:        4016004 kB
MemFree:          137972 kB
Active:           355472 kB
Mem:          3.8G       3.7G       134M       5.7M        27M       3.2G

MemTotal:        4016004 kB
MemFree:          132420 kB
Active:           355380 kB
Mem:          3.8G       3.7G       129M       5.7M        27M       3.2G

MemTotal:        4016004 kB
MemFree:          134300 kB
Active:           355520 kB
Mem:          3.8G       3.7G       131M       5.7M        27M       3.2G

MemTotal:        4016004 kB
MemFree:          134492 kB
Active:           355356 kB
Mem:          3.8G       3.7G       131M       5.7M        27M       3.2G

MemTotal:        4016004 kB
MemFree:          134076 kB
Active:           355356 kB
Mem:          3.8G       3.7G       130M       5.7M        27M       3.2G

MemTotal:        4016004 kB
MemFree:          132080 kB
Active:           355436 kB
Mem:          3.8G       3.7G       128M       5.7M        27M       3.2G

MemTotal:        4016004 kB
MemFree:          124036 kB
Active:           355548 kB
Mem:          3.8G       3.7G       120M       5.7M        27M       3.2G

MemTotal:        4016004 kB
MemFree:          135296 kB
Active:           355432 kB
Mem:          3.8G       3.7G       131M       5.7M        27M       3.2G

MemTotal:        4016004 kB
MemFree:          127584 kB
Active:           355376 kB
Mem:          3.8G       3.7G       124M       5.7M        27M       3.2G

MemTotal:        4016004 kB
MemFree:          139532 kB
Active:           355376 kB
Mem:          3.8G       3.7G       135M       5.7M        27M       3.2G

MemTotal:        4016004 kB
MemFree:          141356 kB
Active:           353500 kB
Mem:          3.8G       3.7G       137M       5.7M        27M       3.2G

MemTotal:        4016004 kB
MemFree:          122616 kB
Active:           353404 kB
Mem:          3.8G       3.7G       119M       5.7M        27M       3.2G

MemTotal:        4016004 kB
MemFree:          120132 kB
Active:           353504 kB
Mem:          3.8G       3.7G       117M       5.7M        27M       3.2G

MemTotal:        4016004 kB
MemFree:          136080 kB
Active:           353516 kB
Mem:          3.8G       3.7G       132M       5.7M        27M       3.2G

MemTotal:        4016004 kB
MemFree:          146324 kB
Active:           353520 kB
Mem:          3.8G       3.7G       143M       5.7M        27M       3.2G

MemTotal:        4016004 kB
MemFree:          146436 kB
Active:           353532 kB
Mem:          3.8G       3.7G       142M       5.7M        27M       3.2G

MemTotal:        4016004 kB
MemFree:          142616 kB
Active:           353532 kB
Mem:          3.8G       3.7G       139M       5.7M        27M       3.2G

MemTotal:        4016004 kB
MemFree:          142092 kB
Active:           355584 kB
Mem:          3.8G       3.7G       138M       5.7M        27M       3.2G

MemTotal:        4016004 kB
MemFree:          141136 kB
Active:           355556 kB
Mem:          3.8G       3.7G       137M       5.7M        27M       3.2G

MemTotal:        4016004 kB
MemFree:          131416 kB
Active:           354564 kB
Mem:          3.8G       3.7G       128M       5.7M        27M       3.2G

MemTotal:        4016004 kB
MemFree:          144644 kB
Active:           354564 kB
Mem:          3.8G       3.7G       140M       5.7M        27M       3.2G

MemTotal:        4016004 kB
MemFree:          132468 kB
Active:           354564 kB
Mem:          3.8G       3.7G       129M       5.7M        27M       3.2G

MemTotal:        4016004 kB
MemFree:          132048 kB
Active:           352680 kB
Mem:          3.8G       3.7G       128M       5.7M        27M       3.2G

MemTotal:        4016004 kB
MemFree:          121972 kB
Active:           352680 kB
Mem:          3.8G       3.7G       119M       5.7M        27M       3.2G

MemTotal:        4016004 kB
MemFree:          114932 kB
Active:           352564 kB
Mem:          3.8G       3.7G       111M       5.7M        27M       3.2G

MemTotal:        4016004 kB
MemFree:          128876 kB
Active:           352568 kB
Mem:          3.8G       3.7G       125M       5.7M        27M       3.2G

MemTotal:        4016004 kB
MemFree:          129556 kB
Active:           352572 kB
Mem:          3.8G       3.7G       126M       5.7M        27M       3.2G

MemTotal:        4016004 kB
MemFree:          128868 kB
Active:           352576 kB
Mem:          3.8G       3.7G       125M       5.7M        27M       3.2G

MemTotal:        4016004 kB
MemFree:          126488 kB
Active:           352592 kB
Mem:          3.8G       3.7G       123M       5.7M        27M       3.2G

MemTotal:        4016004 kB
MemFree:          125096 kB
Active:           352592 kB
Mem:          3.8G       3.7G       122M       5.7M        27M       3.2G

MemTotal:        4016004 kB
MemFree:          124240 kB
Active:           352592 kB
Mem:          3.8G       3.7G       121M       5.7M        27M       3.2G

MemTotal:        4016004 kB
MemFree:          144588 kB
Active:           352592 kB
Mem:          3.8G       3.7G       141M       5.7M        27M       3.2G

MemTotal:        4016004 kB
MemFree:          117592 kB
Active:           352596 kB
Mem:          3.8G       3.7G       114M       5.7M        27M       3.2G

MemTotal:        4016004 kB
MemFree:          131580 kB
Active:           352596 kB
Mem:          3.8G       3.7G       127M       5.7M        27M       3.2G

MemTotal:        4016004 kB
MemFree:          126260 kB
Active:           352376 kB
Mem:          3.8G       3.7G       123M       5.7M        27M       3.2G

MemTotal:        4016004 kB
MemFree:          131056 kB
Active:           352376 kB
Mem:          3.8G       3.7G       131M       5.7M        27M       3.2G

MemTotal:        4016004 kB
MemFree:          150196 kB
Active:           351788 kB
Mem:          3.8G       3.7G       146M       5.7M        27M       3.2G

MemTotal:        4016004 kB
MemFree:          148180 kB
Active:           351804 kB
Mem:          3.8G       3.7G       144M       5.7M        27M       3.2G

MemTotal:        4016004 kB
MemFree:          147188 kB
Active:           351804 kB
Mem:          3.8G       3.7G       143M       5.7M        27M       3.2G

MemTotal:        4016004 kB
MemFree:          146924 kB
Active:           351812 kB
Mem:          3.8G       3.7G       143M       5.7M        27M       3.2G

MemTotal:        4016004 kB
MemFree:          133572 kB
Active:           351828 kB
Mem:          3.8G       3.7G       129M       5.7M        27M       3.2G

MemTotal:        4016004 kB
MemFree:          131804 kB
Active:           351840 kB
Mem:          3.8G       3.7G       128M       5.7M        27M       3.2G

MemTotal:        4016004 kB
MemFree:          128324 kB
Active:           351844 kB
Mem:          3.8G       3.7G       125M       5.7M        27M       3.2G

MemTotal:        4016004 kB
MemFree:          125000 kB
Active:           351852 kB
Mem:          3.8G       3.7G       121M       5.7M        27M       3.2G

MemTotal:        4016004 kB
MemFree:          134344 kB
Active:           351540 kB
Mem:          3.8G       3.7G       131M       5.7M        27M       3.2G

MemTotal:        4016004 kB
MemFree:          134468 kB
Active:           351512 kB
Mem:          3.8G       3.7G       131M       5.7M        27M       3.2G

MemTotal:        4016004 kB
MemFree:          134716 kB
Active:           351516 kB
Mem:          3.8G       3.7G       131M       5.7M        27M       3.2G

MemTotal:        4016004 kB
MemFree:          134592 kB
Active:           351516 kB
Mem:          3.8G       3.7G       131M       5.7M        27M       3.2G

MemTotal:        4016004 kB
MemFree:          134220 kB
Active:           351548 kB
Mem:          3.8G       3.7G       131M       5.7M        27M       3.2G

MemTotal:        4016004 kB
MemFree:          134468 kB
Active:           351548 kB
Mem:          3.8G       3.7G       131M       5.7M        27M       3.2G

MemTotal:        4016004 kB
MemFree:          134840 kB
Active:           351500 kB
Mem:          3.8G       3.7G       131M       5.7M        27M       3.2G

MemTotal:        4016004 kB
MemFree:          134840 kB
Active:           351492 kB
Mem:          3.8G       3.7G       131M       5.7M        27M       3.2G

MemTotal:        4016004 kB
MemFree:          134344 kB
Active:           351548 kB
Mem:          3.8G       3.7G       131M       5.7M        27M       3.2G

MemTotal:        4016004 kB
MemFree:          134592 kB
Active:           351516 kB
Mem:          3.8G       3.7G       131M       5.7M        27M       3.2G

MemTotal:        4016004 kB
MemFree:          134716 kB
Active:           351548 kB
Mem:          3.8G       3.7G       131M       5.7M        27M       3.2G

MemTotal:        4016004 kB
MemFree:          134716 kB
Active:           351548 kB
Mem:          3.8G       3.7G       131M       5.7M        27M       3.2G

MemTotal:        4016004 kB
MemFree:          134716 kB
Active:           351496 kB
Mem:          3.8G       3.7G       131M       5.7M        27M       3.2G

MemTotal:        4016004 kB
MemFree:          135012 kB
Active:           351348 kB
Mem:          3.8G       3.7G       131M       5.7M        27M       3.2G

MemTotal:        4016004 kB
MemFree:          135756 kB
Active:           351304 kB
Mem:          3.8G       3.7G       132M       5.7M        27M       3.2G

MemTotal:        4016004 kB
MemFree:          135756 kB
Active:           351308 kB
Mem:          3.8G       3.7G       132M       5.7M        27M       3.2G

MemTotal:        4016004 kB
MemFree:          135880 kB
Active:           351316 kB
Mem:          3.8G       3.7G       132M       5.7M        27M       3.2G

MemTotal:        4016004 kB
MemFree:          135928 kB
Active:           351316 kB
Mem:          3.8G       3.7G       132M       5.7M        27M       3.2G

MemTotal:        4016004 kB
MemFree:          135432 kB
Active:           351308 kB
Mem:          3.8G       3.7G       132M       5.7M        27M       3.2G

MemTotal:        4016004 kB
MemFree:          135804 kB
Active:           351336 kB
Mem:          3.8G       3.7G       132M       5.7M        27M       3.2G

MemTotal:        4016004 kB
MemFree:          135804 kB
Active:           351360 kB
Mem:          3.8G       3.7G       132M       5.7M        27M       3.2G

MemTotal:        4016004 kB
MemFree:          135928 kB
Active:           351360 kB
Mem:          3.8G       3.7G       132M       5.7M        27M       3.2G

MemTotal:        4016004 kB
MemFree:          135432 kB
Active:           351360 kB
Mem:          3.8G       3.7G       132M       5.7M        27M       3.2G

MemTotal:        4016004 kB
MemFree:          135060 kB
Active:           351380 kB
Mem:          3.8G       3.7G       131M       5.7M        27M       3.2G

MemTotal:        4016004 kB
MemFree:          135060 kB
Active:           351328 kB
Mem:          3.8G       3.7G       132M       5.7M        27M       3.2G

MemTotal:        4016004 kB
MemFree:          135184 kB
Active:           351356 kB
Mem:          3.8G       3.7G       132M       5.7M        27M       3.2G

MemTotal:        4016004 kB
MemFree:          135060 kB
Active:           351356 kB
Mem:          3.8G       3.7G       131M       5.7M        27M       3.2G

MemTotal:        4016004 kB
MemFree:          135060 kB
Active:           351356 kB
Mem:          3.8G       3.7G       131M       5.7M        27M       3.2G

MemTotal:        4016004 kB
MemFree:          135060 kB
Active:           351340 kB
Mem:          3.8G       3.7G       131M       5.7M        27M       3.2G

MemTotal:        4016004 kB
MemFree:          134688 kB
Active:           351388 kB
Mem:          3.8G       3.7G       131M       5.7M        27M       3.2G

MemTotal:        4016004 kB
MemFree:          134868 kB
Active:           351388 kB
Mem:          3.8G       3.7G       131M       5.7M        27M       3.2G

MemTotal:        4016004 kB
MemFree:          135272 kB
Active:           351388 kB
Mem:          3.8G       3.7G       132M       5.7M        27M       3.2G

MemTotal:        4016004 kB
MemFree:          135184 kB
Active:           351396 kB
Mem:          3.8G       3.7G       132M       5.7M        27M       3.2G

MemTotal:        4016004 kB
MemFree:          135804 kB
Active:           351388 kB
Mem:          3.8G       3.7G       132M       5.7M        27M       3.2G

MemTotal:        4016004 kB
MemFree:          136300 kB
Active:           351340 kB
Mem:          3.8G       3.7G       132M       5.7M        27M       3.2G

MemTotal:        4016004 kB
MemFree:          136176 kB
Active:           351344 kB
Mem:          3.8G       3.7G       132M       5.7M        27M       3.2G

MemTotal:        4016004 kB
MemFree:          135620 kB
Active:           351360 kB
Mem:          3.8G       3.7G       132M       5.7M        27M       3.2G

MemTotal:        4016004 kB
MemFree:          135744 kB
Active:           351380 kB
Mem:          3.8G       3.7G       132M       5.7M        27M       3.2G

MemTotal:        4016004 kB
MemFree:          135744 kB
Active:           351380 kB
Mem:          3.8G       3.7G       132M       5.7M        27M       3.2G

MemTotal:        4016004 kB
MemFree:          135496 kB
Active:           351420 kB
Mem:          3.8G       3.7G       132M       5.7M        27M       3.2G

MemTotal:        4016004 kB
MemFree:          135000 kB
Active:           351420 kB
Mem:          3.8G       3.7G       132M       5.7M        27M       3.2G

MemTotal:        4016004 kB
MemFree:          135372 kB
Active:           351372 kB
Mem:          3.8G       3.7G       132M       5.7M        27M       3.2G

MemTotal:        4016004 kB
MemFree:          135372 kB
Active:           351420 kB
Mem:          3.8G       3.7G       132M       5.7M        27M       3.2G

MemTotal:        4016004 kB
MemFree:          135496 kB
Active:           351372 kB
Mem:          3.8G       3.7G       132M       5.7M        27M       3.2G

MemTotal:        4016004 kB
MemFree:          135372 kB
Active:           351376 kB
Mem:          3.8G       3.7G       132M       5.7M        27M       3.2G

MemTotal:        4016004 kB
MemFree:          135496 kB
Active:           351384 kB
Mem:          3.8G       3.7G       132M       5.7M        27M       3.2G

MemTotal:        4016004 kB
MemFree:          135620 kB
Active:           351404 kB
Mem:          3.8G       3.7G       132M       5.7M        27M       3.2G

MemTotal:        4016004 kB
MemFree:          135620 kB
Active:           351400 kB
Mem:          3.8G       3.7G       132M       5.7M        27M       3.2G

MemTotal:        4016004 kB
MemFree:          135620 kB
Active:           351400 kB
Mem:          3.8G       3.7G       132M       5.7M        27M       3.2G

MemTotal:        4016004 kB
MemFree:          135760 kB
Active:           351404 kB
Mem:          3.8G       3.7G       132M       5.7M        27M       3.2G

MemTotal:        4016004 kB
MemFree:          135388 kB
Active:           351436 kB
Mem:          3.8G       3.7G       132M       5.7M        27M       3.2G

MemTotal:        4016004 kB
MemFree:          135760 kB
Active:           351392 kB
Mem:          3.8G       3.7G       132M       5.7M        27M       3.2G

MemTotal:        4016004 kB
MemFree:          135884 kB
Active:           351396 kB
Mem:          3.8G       3.7G       132M       5.7M        27M       3.2G

MemTotal:        4016004 kB
MemFree:          135884 kB
Active:           351388 kB
Mem:          3.8G       3.7G       132M       5.7M        27M       3.2G

MemTotal:        4016004 kB
MemFree:          135884 kB
Active:           351412 kB
Mem:          3.8G       3.7G       132M       5.7M        27M       3.2G

MemTotal:        4016004 kB
MemFree:          135884 kB
Active:           351420 kB
Mem:          3.8G       3.7G       132M       5.7M        27M       3.2G

MemTotal:        4016004 kB
MemFree:          135760 kB
Active:           351388 kB
Mem:          3.8G       3.7G       132M       5.7M        27M       3.2G

MemTotal:        4016004 kB
MemFree:          135760 kB
Active:           351452 kB
Mem:          3.8G       3.7G       132M       5.7M        27M       3.2G

MemTotal:        4016004 kB
MemFree:          136132 kB
Active:           351420 kB
Mem:          3.8G       3.7G       132M       5.7M        27M       3.2G

MemTotal:        4016004 kB
MemFree:          136132 kB
Active:           351436 kB
Mem:          3.8G       3.7G       132M       5.7M        27M       3.2G

MemTotal:        4016004 kB
MemFree:          136008 kB
Active:           351424 kB
Mem:          3.8G       3.7G       132M       5.7M        27M       3.2G

MemTotal:        4016004 kB
MemFree:          136132 kB
Active:           351420 kB
Mem:          3.8G       3.7G       132M       5.7M        27M       3.2G

MemTotal:        4016004 kB
MemFree:          136132 kB
Active:           351420 kB
Mem:          3.8G       3.7G       132M       5.7M        27M       3.2G

MemTotal:        4016004 kB
MemFree:          136008 kB
Active:           351420 kB
Mem:          3.8G       3.7G       132M       5.7M        27M       3.2G

MemTotal:        4016004 kB
MemFree:          136132 kB
Active:           351428 kB
Mem:          3.8G       3.7G       132M       5.7M        27M       3.2G

MemTotal:        4016004 kB
MemFree:          136256 kB
Active:           351460 kB
Mem:          3.8G       3.7G       132M       5.7M        27M       3.2G

MemTotal:        4016004 kB
MemFree:          135884 kB
Active:           351460 kB
Mem:          3.8G       3.7G       132M       5.7M        27M       3.2G

MemTotal:        4016004 kB
MemFree:          136132 kB
Active:           351408 kB
Mem:          3.8G       3.7G       132M       5.7M        27M       3.2G

MemTotal:        4016004 kB
MemFree:          136132 kB
Active:           351464 kB
Mem:          3.8G       3.7G       132M       5.7M        27M       3.2G

MemTotal:        4016004 kB
MemFree:          134084 kB
Active:           351392 kB
Mem:          3.8G       3.7G       130M       5.7M        27M       3.2G

MemTotal:        4016004 kB
MemFree:          134084 kB
Active:           351424 kB
Mem:          3.8G       3.7G       130M       5.7M        27M       3.2G

MemTotal:        4016004 kB
MemFree:          133712 kB
Active:           353484 kB
Mem:          3.8G       3.7G       130M       5.7M        27M       3.2G

MemTotal:        4016004 kB
MemFree:          133836 kB
Active:           353484 kB
Mem:          3.8G       3.7G       130M       5.7M        27M       3.2G

MemTotal:        4016004 kB
MemFree:          133588 kB
Active:           353500 kB
Mem:          3.8G       3.7G       130M       5.7M        27M       3.2G

MemTotal:        4016004 kB
MemFree:          133588 kB
Active:           353484 kB
Mem:          3.8G       3.7G       130M       5.7M        27M       3.2G

MemTotal:        4016004 kB
MemFree:          132844 kB
Active:           353504 kB
Mem:          3.8G       3.7G       129M       5.7M        27M       3.2G

MemTotal:        4016004 kB
MemFree:          133216 kB
Active:           353460 kB
Mem:          3.8G       3.7G       130M       5.7M        27M       3.2G

MemTotal:        4016004 kB
MemFree:          133216 kB
Active:           353480 kB
Mem:          3.8G       3.7G       130M       5.7M        27M       3.2G

MemTotal:        4016004 kB
MemFree:          133092 kB
Active:           353492 kB
Mem:          3.8G       3.7G       129M       5.7M        27M       3.2G

MemTotal:        4016004 kB
MemFree:          133092 kB
Active:           353500 kB
Mem:          3.8G       3.7G       130M       5.7M        27M       3.2G

MemTotal:        4016004 kB
MemFree:          132720 kB
Active:           353504 kB
Mem:          3.8G       3.7G       129M       5.7M        27M       3.2G

MemTotal:        4016004 kB
MemFree:          133340 kB
Active:           353464 kB
Mem:          3.8G       3.7G       130M       5.7M        27M       3.2G

MemTotal:        4016004 kB
MemFree:          133464 kB
Active:           353456 kB
Mem:          3.8G       3.7G       130M       5.7M        27M       3.2G

MemTotal:        4016004 kB
MemFree:          133588 kB
Active:           353468 kB
Mem:          3.8G       3.7G       130M       5.7M        27M       3.2G

MemTotal:        4016004 kB
MemFree:          133092 kB
Active:           353508 kB
Mem:          3.8G       3.7G       130M       5.7M        27M       3.2G

MemTotal:        4016004 kB
MemFree:          133340 kB
Active:           353472 kB
Mem:          3.8G       3.7G       130M       5.7M        27M       3.2G

MemTotal:        4016004 kB
MemFree:          133588 kB
Active:           353460 kB
Mem:          3.8G       3.7G       130M       5.7M        27M       3.2G

MemTotal:        4016004 kB
MemFree:          133216 kB
Active:           353512 kB
Mem:          3.8G       3.7G       130M       5.7M        27M       3.2G

MemTotal:        4016004 kB
MemFree:          133092 kB
Active:           353516 kB
Mem:          3.8G       3.7G       130M       5.7M        27M       3.2G

MemTotal:        4016004 kB
MemFree:          131540 kB
Active:           353492 kB
Mem:          3.8G       3.7G       128M       5.7M        27M       3.2G

MemTotal:        4016004 kB
MemFree:          131540 kB
Active:           353464 kB
Mem:          3.8G       3.7G       128M       5.7M        27M       3.2G

MemTotal:        4016004 kB
MemFree:          131416 kB
Active:           355560 kB
Mem:          3.8G       3.7G       128M       5.7M        27M       3.2G

MemTotal:        4016004 kB
MemFree:          131416 kB
Active:           355564 kB
Mem:          3.8G       3.7G       128M       5.7M        27M       3.2G

MemTotal:        4016004 kB
MemFree:          131416 kB
Active:           355520 kB
Mem:          3.8G       3.7G       128M       5.7M        27M       3.2G

MemTotal:        4016004 kB
MemFree:          131292 kB
Active:           355524 kB
Mem:          3.8G       3.7G       128M       5.7M        27M       3.2G

MemTotal:        4016004 kB
MemFree:          131416 kB
Active:           355520 kB
Mem:          3.8G       3.7G       128M       5.7M        27M       3.2G

MemTotal:        4016004 kB
MemFree:          131416 kB
Active:           355548 kB
Mem:          3.8G       3.7G       128M       5.7M        27M       3.2G

MemTotal:        4016004 kB
MemFree:          131540 kB
Active:           355540 kB
Mem:          3.8G       3.7G       128M       5.7M        27M       3.2G

MemTotal:        4016004 kB
MemFree:          131664 kB
Active:           355544 kB
Mem:          3.8G       3.7G       128M       5.7M        27M       3.2G

MemTotal:        4016004 kB
MemFree:          129492 kB
Active:           355548 kB
Mem:          3.8G       3.7G       126M       5.7M        27M       3.2G

MemTotal:        4016004 kB
MemFree:          129616 kB
Active:           357620 kB
Mem:          3.8G       3.7G       126M       5.7M        27M       3.2G

MemTotal:        4016004 kB
MemFree:          129864 kB
Active:           357624 kB
Mem:          3.8G       3.7G       126M       5.7M        27M       3.2G

MemTotal:        4016004 kB
MemFree:          129244 kB
Active:           357632 kB
Mem:          3.8G       3.7G       126M       5.7M        27M       3.2G

MemTotal:        4016004 kB
MemFree:          129616 kB
Active:           357624 kB
Mem:          3.8G       3.7G       126M       5.7M        27M       3.2G

MemTotal:        4016004 kB
MemFree:          129740 kB
Active:           357620 kB
Mem:          3.8G       3.7G       126M       5.7M        27M       3.2G

MemTotal:        4016004 kB
MemFree:          129740 kB
Active:           357636 kB
Mem:          3.8G       3.7G       126M       5.7M        27M       3.2G

MemTotal:        4016004 kB
MemFree:          129616 kB
Active:           357620 kB
Mem:          3.8G       3.7G       126M       5.7M        27M       3.2G

MemTotal:        4016004 kB
MemFree:          129616 kB
Active:           357600 kB
Mem:          3.8G       3.7G       126M       5.7M        27M       3.2G

MemTotal:        4016004 kB
MemFree:          129492 kB
Active:           357612 kB
Mem:          3.8G       3.7G       126M       5.7M        27M       3.2G

MemTotal:        4016004 kB
MemFree:          129368 kB
Active:           357616 kB
Mem:          3.8G       3.7G       126M       5.7M        27M       3.2G

MemTotal:        4016004 kB
MemFree:          129368 kB
Active:           357592 kB
Mem:          3.8G       3.7G       126M       5.7M        27M       3.2G

MemTotal:        4016004 kB
MemFree:          129616 kB
Active:           357636 kB
Mem:          3.8G       3.7G       126M       5.7M        27M       3.2G

MemTotal:        4016004 kB
MemFree:          129492 kB
Active:           357652 kB
Mem:          3.8G       3.7G       126M       5.7M        27M       3.2G

MemTotal:        4016004 kB
MemFree:          129616 kB
Active:           357620 kB
Mem:          3.8G       3.7G       126M       5.7M        27M       3.2G

MemTotal:        4016004 kB
MemFree:          129368 kB
Active:           357628 kB
Mem:          3.8G       3.7G       126M       5.7M        27M       3.2G

MemTotal:        4016004 kB
MemFree:          129616 kB
Active:           357628 kB
Mem:          3.8G       3.7G       126M       5.7M        27M       3.2G

MemTotal:        4016004 kB
MemFree:          129740 kB
Active:           357640 kB
Mem:          3.8G       3.7G       126M       5.7M        27M       3.2G

MemTotal:        4016004 kB
MemFree:          129988 kB
Active:           357600 kB
Mem:          3.8G       3.7G       126M       5.7M        27M       3.2G

MemTotal:        4016004 kB
MemFree:          130112 kB
Active:           357612 kB
Mem:          3.8G       3.7G       127M       5.7M        27M       3.2G

MemTotal:        4016004 kB
MemFree:          130236 kB
Active:           357608 kB
Mem:          3.8G       3.7G       126M       5.7M        27M       3.2G

MemTotal:        4016004 kB
MemFree:          130112 kB
Active:           357652 kB
Mem:          3.8G       3.7G       126M       5.7M        27M       3.2G

MemTotal:        4016004 kB
MemFree:          130112 kB
Active:           357600 kB
Mem:          3.8G       3.7G       127M       5.7M        27M       3.2G

MemTotal:        4016004 kB
MemFree:          129740 kB
Active:           357672 kB
Mem:          3.8G       3.7G       126M       5.7M        27M       3.2G

MemTotal:        4016004 kB
MemFree:          129616 kB
Active:           357656 kB
Mem:          3.8G       3.7G       126M       5.7M        27M       3.2G

MemTotal:        4016004 kB
MemFree:          129864 kB
Active:           357616 kB
Mem:          3.8G       3.7G       126M       5.7M        27M       3.2G

MemTotal:        4016004 kB
MemFree:          129368 kB
Active:           357672 kB
Mem:          3.8G       3.7G       126M       5.7M        27M       3.2G

MemTotal:        4016004 kB
MemFree:          129120 kB
Active:           357672 kB
Mem:          3.8G       3.7G       125M       5.7M        27M       3.2G

MemTotal:        4016004 kB
MemFree:          129244 kB
Active:           357632 kB
Mem:          3.8G       3.7G       126M       5.7M        27M       3.2G

MemTotal:        4016004 kB
MemFree:          129244 kB
Active:           357680 kB
Mem:          3.8G       3.7G       126M       5.7M        27M       3.2G

MemTotal:        4016004 kB
MemFree:          129120 kB
Active:           357680 kB
Mem:          3.8G       3.7G       126M       5.7M        27M       3.2G

MemTotal:        4016004 kB
MemFree:          129616 kB
Active:           357668 kB
Mem:          3.8G       3.7G       126M       5.7M        27M       3.2G

MemTotal:        4016004 kB
MemFree:          129756 kB
Active:           357680 kB
Mem:          3.8G       3.7G       126M       5.7M        27M       3.2G

MemTotal:        4016004 kB
MemFree:          129508 kB
Active:           357684 kB
Mem:          3.8G       3.7G       126M       5.7M        27M       3.2G

MemTotal:        4016004 kB
MemFree:          129756 kB
Active:           357664 kB
Mem:          3.8G       3.7G       126M       5.7M        27M       3.2G

MemTotal:        4016004 kB
MemFree:          130004 kB
Active:           357668 kB
Mem:          3.8G       3.7G       126M       5.7M        27M       3.2G

MemTotal:        4016004 kB
MemFree:          130004 kB
Active:           357684 kB
Mem:          3.8G       3.7G       126M       5.7M        27M       3.2G

MemTotal:        4016004 kB
MemFree:          129508 kB
Active:           357644 kB
Mem:          3.8G       3.7G       126M       5.7M        27M       3.2G

MemTotal:        4016004 kB
MemFree:          129632 kB
Active:           357636 kB
Mem:          3.8G       3.7G       126M       5.7M        27M       3.2G

MemTotal:        4016004 kB
MemFree:          129756 kB
Active:           357688 kB
Mem:          3.8G       3.7G       126M       5.7M        27M       3.2G

MemTotal:        4016004 kB
MemFree:          129756 kB
Active:           357668 kB
Mem:          3.8G       3.7G       126M       5.7M        27M       3.2G

MemTotal:        4016004 kB
MemFree:          129136 kB
Active:           357696 kB
Mem:          3.8G       3.7G       126M       5.7M        27M       3.2G

MemTotal:        4016004 kB
MemFree:          129384 kB
Active:           357648 kB
Mem:          3.8G       3.7G       126M       5.7M        27M       3.2G

MemTotal:        4016004 kB
MemFree:          129384 kB
Active:           357652 kB
Mem:          3.8G       3.7G       126M       5.7M        27M       3.2G

MemTotal:        4016004 kB
MemFree:          129508 kB
Active:           357680 kB
Mem:          3.8G       3.7G       126M       5.7M        27M       3.2G

MemTotal:        4016004 kB
MemFree:          129508 kB
Active:           357652 kB
Mem:          3.8G       3.7G       126M       5.7M        27M       3.2G

MemTotal:        4016004 kB
MemFree:          129880 kB
Active:           357704 kB
Mem:          3.8G       3.7G       126M       5.7M        27M       3.2G

MemTotal:        4016004 kB
MemFree:          130376 kB
Active:           357668 kB
Mem:          3.8G       3.7G       127M       5.7M        27M       3.2G

MemTotal:        4016004 kB
MemFree:          130376 kB
Active:           357684 kB
Mem:          3.8G       3.7G       126M       5.7M        27M       3.2G

MemTotal:        4016004 kB
MemFree:          129880 kB
Active:           357684 kB
Mem:          3.8G       3.7G       126M       5.7M        27M       3.2G

MemTotal:        4016004 kB
MemFree:          129880 kB
Active:           357700 kB
Mem:          3.8G       3.7G       126M       5.7M        27M       3.2G

MemTotal:        4016004 kB
MemFree:          130004 kB
Active:           357700 kB
Mem:          3.8G       3.7G       126M       5.7M        27M       3.2G

MemTotal:        4016004 kB
MemFree:          129880 kB
Active:           357660 kB
Mem:          3.8G       3.7G       126M       5.7M        27M       3.2G

MemTotal:        4016004 kB
MemFree:          129508 kB
Active:           357712 kB
Mem:          3.8G       3.7G       126M       5.7M        27M       3.2G

MemTotal:        4016004 kB
MemFree:          129632 kB
Active:           357668 kB
Mem:          3.8G       3.7G       126M       5.7M        27M       3.2G

MemTotal:        4016004 kB
MemFree:          129508 kB
Active:           357684 kB
Mem:          3.8G       3.7G       126M       5.7M        27M       3.2G

MemTotal:        4016004 kB
MemFree:          130004 kB
Active:           357716 kB
Mem:          3.8G       3.7G       126M       5.7M        27M       3.2G

MemTotal:        4016004 kB
MemFree:          130004 kB
Active:           357684 kB
Mem:          3.8G       3.7G       126M       5.7M        27M       3.2G

MemTotal:        4016004 kB
MemFree:          130004 kB
Active:           357700 kB
Mem:          3.8G       3.7G       126M       5.7M        27M       3.2G

MemTotal:        4016004 kB
MemFree:          129632 kB
Active:           357712 kB
Mem:          3.8G       3.7G       126M       5.7M        27M       3.2G

MemTotal:        4016004 kB
MemFree:          129756 kB
Active:           357680 kB
Mem:          3.8G       3.7G       126M       5.7M        27M       3.2G

MemTotal:        4016004 kB
MemFree:          129880 kB
Active:           357708 kB
Mem:          3.8G       3.7G       126M       5.7M        27M       3.2G

MemTotal:        4016004 kB
MemFree:          129508 kB
Active:           357740 kB
Mem:          3.8G       3.7G       126M       5.7M        27M       3.2G

MemTotal:        4016004 kB
MemFree:          129880 kB
Active:           357724 kB
Mem:          3.8G       3.7G       126M       5.7M        27M       3.2G

MemTotal:        4016004 kB
MemFree:          129880 kB
Active:           357712 kB
Mem:          3.8G       3.7G       126M       5.7M        27M       3.2G

MemTotal:        4016004 kB
MemFree:          129384 kB
Active:           357748 kB
Mem:          3.8G       3.7G       126M       5.7M        27M       3.2G

MemTotal:        4016004 kB
MemFree:          129508 kB
Active:           357712 kB
Mem:          3.8G       3.7G       126M       5.7M        27M       3.2G

MemTotal:        4016004 kB
MemFree:          129632 kB
Active:           357724 kB
Mem:          3.8G       3.7G       126M       5.7M        27M       3.2G

MemTotal:        4016004 kB
MemFree:          129756 kB
Active:           357708 kB
Mem:          3.8G       3.7G       126M       5.7M        27M       3.2G

MemTotal:        4016004 kB
MemFree:          129384 kB
Active:           357768 kB
Mem:          3.8G       3.7G       126M       5.7M        27M       3.2G

MemTotal:        4016004 kB
MemFree:          129632 kB
Active:           357744 kB
Mem:          3.8G       3.7G       126M       5.7M        27M       3.2G

MemTotal:        4016004 kB
MemFree:          129632 kB
Active:           357760 kB
Mem:          3.8G       3.7G       126M       5.7M        27M       3.2G

MemTotal:        4016004 kB
MemFree:          129260 kB
Active:           357768 kB
Mem:          3.8G       3.7G       126M       5.7M        27M       3.2G

MemTotal:        4016004 kB
MemFree:          129260 kB
Active:           357736 kB
Mem:          3.8G       3.7G       126M       5.7M        27M       3.2G

MemTotal:        4016004 kB
MemFree:          129384 kB
Active:           357748 kB
Mem:          3.8G       3.7G       126M       5.7M        27M       3.2G

MemTotal:        4016004 kB
MemFree:          129756 kB
Active:           357748 kB
Mem:          3.8G       3.7G       126M       5.7M        27M       3.2G

MemTotal:        4016004 kB
MemFree:          129756 kB
Active:           357748 kB
Mem:          3.8G       3.7G       126M       5.7M        27M       3.2G

MemTotal:        4016004 kB
MemFree:          129508 kB
Active:           357772 kB
Mem:          3.8G       3.7G       126M       5.7M        27M       3.2G

MemTotal:        4016004 kB
MemFree:          129880 kB
Active:           357748 kB
Mem:          3.8G       3.7G       126M       5.7M        27M       3.2G

MemTotal:        4016004 kB
MemFree:          129756 kB
Active:           357728 kB
Mem:          3.8G       3.7G       126M       5.7M        27M       3.2G

MemTotal:        4016004 kB
MemFree:          129632 kB
Active:           357760 kB
Mem:          3.8G       3.7G       126M       5.7M        27M       3.2G

MemTotal:        4016004 kB
MemFree:          129756 kB
Active:           357752 kB
Mem:          3.8G       3.7G       126M       5.7M        27M       3.2G

MemTotal:        4016004 kB
MemFree:          129880 kB
Active:           357764 kB
Mem:          3.8G       3.7G       126M       5.7M        27M       3.2G

MemTotal:        4016004 kB
MemFree:          129244 kB
Active:           357836 kB
Mem:          3.8G       3.7G       126M       5.7M        28M       3.2G

MemTotal:        4016004 kB
MemFree:          129492 kB
Active:           357876 kB
Mem:          3.8G       3.7G       126M       5.7M        28M       3.2G

MemTotal:        4016004 kB
MemFree:          129476 kB
Active:           357936 kB
Mem:          3.8G       3.7G       126M       5.7M        28M       3.2G

MemTotal:        4016004 kB
MemFree:          129352 kB
Active:           357948 kB
Mem:          3.8G       3.7G       126M       5.7M        28M       3.2G

MemTotal:        4016004 kB
MemFree:          128608 kB
Active:           357952 kB
Mem:          3.8G       3.7G       125M       5.7M        28M       3.2G

