MemTotal:        4016004 kB
MemFree:         3202812 kB
Active:           458276 kB
Mem:          3.8G       794M       3.1G       5.7M        55M       327M

MemTotal:        4016004 kB
MemFree:         3202932 kB
Active:           458388 kB
Mem:          3.8G       793M       3.1G       5.7M        55M       327M

MemTotal:        4016004 kB
MemFree:         3203304 kB
Active:           458484 kB
Mem:          3.8G       793M       3.1G       5.7M        55M       327M

MemTotal:        4016004 kB
MemFree:         3202808 kB
Active:           458484 kB
Mem:          3.8G       794M       3.1G       5.7M        55M       327M

MemTotal:        4016004 kB
MemFree:         3203288 kB
Active:           458464 kB
Mem:          3.8G       793M       3.1G       5.7M        55M       327M

MemTotal:        4016004 kB
MemFree:         3203472 kB
Active:           458460 kB
Mem:          3.8G       793M       3.1G       5.7M        55M       327M

MemTotal:        4016004 kB
MemFree:         3203192 kB
Active:           458500 kB
Mem:          3.8G       793M       3.1G       5.7M        55M       327M

MemTotal:        4016004 kB
MemFree:         3203300 kB
Active:           458488 kB
Mem:          3.8G       793M       3.1G       5.7M        55M       327M

MemTotal:        4016004 kB
MemFree:         3203284 kB
Active:           458464 kB
Mem:          3.8G       793M       3.1G       5.7M        55M       327M

MemTotal:        4016004 kB
MemFree:         3203020 kB
Active:           458500 kB
Mem:          3.8G       793M       3.1G       5.7M        55M       327M

MemTotal:        4016004 kB
MemFree:         3202880 kB
Active:           458480 kB
Mem:          3.8G       794M       3.1G       5.7M        55M       327M

MemTotal:        4016004 kB
MemFree:         3202988 kB
Active:           458476 kB
Mem:          3.8G       794M       3.1G       5.7M        55M       327M

MemTotal:        4016004 kB
MemFree:         3202972 kB
Active:           458448 kB
Mem:          3.8G       793M       3.1G       5.7M        55M       327M

MemTotal:        4016004 kB
MemFree:         3203052 kB
Active:           458500 kB
Mem:          3.8G       793M       3.1G       5.7M        55M       327M

MemTotal:        4016004 kB
MemFree:         3202960 kB
Active:           458504 kB
Mem:          3.8G       793M       3.1G       5.7M        55M       327M

MemTotal:        4016004 kB
MemFree:         3203208 kB
Active:           458448 kB
Mem:          3.8G       793M       3.1G       5.7M        55M       327M

MemTotal:        4016004 kB
MemFree:         3202960 kB
Active:           458504 kB
Mem:          3.8G       793M       3.1G       5.7M        55M       327M

MemTotal:        4016004 kB
MemFree:         3203332 kB
Active:           458480 kB
Mem:          3.8G       793M       3.1G       5.7M        55M       327M

MemTotal:        4016004 kB
MemFree:         3203332 kB
Active:           458452 kB
Mem:          3.8G       793M       3.1G       5.7M        55M       327M

MemTotal:        4016004 kB
MemFree:         3203084 kB
Active:           458504 kB
Mem:          3.8G       793M       3.1G       5.7M        55M       327M

MemTotal:        4016004 kB
MemFree:         3203456 kB
Active:           458492 kB
Mem:          3.8G       793M       3.1G       5.7M        55M       327M

MemTotal:        4016004 kB
MemFree:         3203440 kB
Active:           458468 kB
Mem:          3.8G       793M       3.1G       5.7M        55M       327M

MemTotal:        4016004 kB
MemFree:         3203424 kB
Active:           458504 kB
Mem:          3.8G       793M       3.1G       5.7M        55M       327M

MemTotal:        4016004 kB
MemFree:         3203096 kB
Active:           456476 kB
Mem:          3.8G       793M       3.1G       5.7M        55M       327M

MemTotal:        4016004 kB
MemFree:         3203328 kB
Active:           458508 kB
Mem:          3.8G       793M       3.1G       5.7M        55M       327M

MemTotal:        4016004 kB
MemFree:         3203312 kB
Active:           458480 kB
Mem:          3.8G       793M       3.1G       5.7M        55M       327M

MemTotal:        4016004 kB
MemFree:         3202788 kB
Active:           458524 kB
Mem:          3.8G       794M       3.1G       5.7M        55M       327M

MemTotal:        4016004 kB
MemFree:         3202664 kB
Active:           458532 kB
Mem:          3.8G       794M       3.1G       5.7M        55M       327M

MemTotal:        4016004 kB
MemFree:         3202912 kB
Active:           458508 kB
Mem:          3.8G       794M       3.1G       5.7M        55M       327M

MemTotal:        4016004 kB
MemFree:         3203408 kB
Active:           458484 kB
Mem:          3.8G       793M       3.1G       5.7M        55M       327M

MemTotal:        4016004 kB
MemFree:         3203036 kB
Active:           458540 kB
Mem:          3.8G       793M       3.1G       5.7M        55M       327M

MemTotal:        4016004 kB
MemFree:         3203284 kB
Active:           458524 kB
Mem:          3.8G       793M       3.1G       5.7M        55M       327M

MemTotal:        4016004 kB
MemFree:         3203408 kB
Active:           458540 kB
Mem:          3.8G       793M       3.1G       5.7M        55M       327M

MemTotal:        4016004 kB
MemFree:         3202912 kB
Active:           458544 kB
Mem:          3.8G       793M       3.1G       5.7M        55M       327M

MemTotal:        4016004 kB
MemFree:         3203160 kB
Active:           458528 kB
Mem:          3.8G       793M       3.1G       5.7M        55M       327M

MemTotal:        4016004 kB
MemFree:         3203036 kB
Active:           458496 kB
Mem:          3.8G       794M       3.1G       5.7M        55M       327M

MemTotal:        4016004 kB
MemFree:         3203020 kB
Active:           458504 kB
Mem:          3.8G       794M       3.1G       5.7M        55M       327M

MemTotal:        4016004 kB
MemFree:         3202632 kB
Active:           458556 kB
Mem:          3.8G       794M       3.1G       5.7M        55M       327M

MemTotal:        4016004 kB
MemFree:         3202492 kB
Active:           458556 kB
Mem:          3.8G       794M       3.1G       5.7M        55M       327M

MemTotal:        4016004 kB
MemFree:         3202740 kB
Active:           458528 kB
Mem:          3.8G       794M       3.1G       5.7M        55M       327M

MemTotal:        4016004 kB
MemFree:         3202352 kB
Active:           458560 kB
Mem:          3.8G       794M       3.1G       5.7M        55M       327M

MemTotal:        4016004 kB
MemFree:         3202228 kB
Active:           458560 kB
Mem:          3.8G       794M       3.1G       5.7M        55M       327M

MemTotal:        4016004 kB
MemFree:         3202584 kB
Active:           458520 kB
Mem:          3.8G       794M       3.1G       5.7M        55M       327M

MemTotal:        4016004 kB
MemFree:         3202816 kB
Active:           458536 kB
Mem:          3.8G       794M       3.1G       5.7M        55M       327M

MemTotal:        4016004 kB
MemFree:         3202756 kB
Active:           458564 kB
Mem:          3.8G       794M       3.1G       5.7M        55M       327M

MemTotal:        4016004 kB
MemFree:         3203004 kB
Active:           458540 kB
Mem:          3.8G       794M       3.1G       5.7M        55M       327M

MemTotal:        4016004 kB
MemFree:         3203004 kB
Active:           458512 kB
Mem:          3.8G       794M       3.1G       5.7M        55M       327M

MemTotal:        4016004 kB
MemFree:         3202756 kB
Active:           458540 kB
Mem:          3.8G       794M       3.1G       5.7M        55M       327M

MemTotal:        4016004 kB
MemFree:         3202632 kB
Active:           458556 kB
Mem:          3.8G       794M       3.1G       5.7M        55M       327M

MemTotal:        4016004 kB
MemFree:         3202632 kB
Active:           458536 kB
Mem:          3.8G       794M       3.1G       5.7M        55M       327M

MemTotal:        4016004 kB
MemFree:         3202260 kB
Active:           458580 kB
Mem:          3.8G       794M       3.1G       5.7M        55M       327M

MemTotal:        4016004 kB
MemFree:         3202756 kB
Active:           458576 kB
Mem:          3.8G       794M       3.1G       5.7M        55M       327M

MemTotal:        4016004 kB
MemFree:         3202632 kB
Active:           458584 kB
Mem:          3.8G       794M       3.1G       5.7M        55M       327M

MemTotal:        4016004 kB
MemFree:         3202880 kB
Active:           458580 kB
Mem:          3.8G       794M       3.1G       5.7M        55M       327M

MemTotal:        4016004 kB
MemFree:         3202632 kB
Active:           458608 kB
Mem:          3.8G       794M       3.1G       5.7M        55M       327M

MemTotal:        4016004 kB
MemFree:         3202988 kB
Active:           458600 kB
Mem:          3.8G       793M       3.1G       5.7M        55M       327M

MemTotal:        4016004 kB
MemFree:         3202972 kB
Active:           458584 kB
Mem:          3.8G       793M       3.1G       5.7M        55M       327M

MemTotal:        4016004 kB
MemFree:         3202708 kB
Active:           458600 kB
Mem:          3.8G       794M       3.1G       5.7M        55M       327M

MemTotal:        4016004 kB
MemFree:         3202320 kB
Active:           458612 kB
Mem:          3.8G       794M       3.1G       5.7M        55M       327M

MemTotal:        4016004 kB
MemFree:         3202788 kB
Active:           458568 kB
Mem:          3.8G       794M       3.1G       5.7M        55M       327M

MemTotal:        4016004 kB
MemFree:         3202912 kB
Active:           458556 kB
Mem:          3.8G       794M       3.1G       5.7M        55M       327M

MemTotal:        4016004 kB
MemFree:         3202292 kB
Active:           458612 kB
Mem:          3.8G       794M       3.1G       5.7M        55M       327M

MemTotal:        4016004 kB
MemFree:         3202788 kB
Active:           458600 kB
Mem:          3.8G       794M       3.1G       5.7M        55M       327M

MemTotal:        4016004 kB
MemFree:         3200864 kB
Active:           460640 kB
Mem:          3.8G       796M       3.1G       5.7M        55M       327M

MemTotal:        4016004 kB
MemFree:         3200864 kB
Active:           460600 kB
Mem:          3.8G       795M       3.1G       5.7M        55M       327M

MemTotal:        4016004 kB
MemFree:         3200600 kB
Active:           460648 kB
Mem:          3.8G       796M       3.1G       5.7M        55M       327M

MemTotal:        4016004 kB
MemFree:         3200972 kB
Active:           460644 kB
Mem:          3.8G       795M       3.1G       5.7M        55M       327M

MemTotal:        4016004 kB
MemFree:         3201096 kB
Active:           460620 kB
Mem:          3.8G       795M       3.1G       5.7M        55M       327M

MemTotal:        4016004 kB
MemFree:         3200708 kB
Active:           460648 kB
Mem:          3.8G       795M       3.1G       5.7M        55M       327M

MemTotal:        4016004 kB
MemFree:         3201064 kB
Active:           460612 kB
Mem:          3.8G       795M       3.1G       5.7M        55M       327M

MemTotal:        4016004 kB
MemFree:         3200676 kB
Active:           460652 kB
Mem:          3.8G       796M       3.1G       5.7M        55M       327M

MemTotal:        4016004 kB
MemFree:         3200784 kB
Active:           460604 kB
Mem:          3.8G       796M       3.1G       5.7M        55M       327M

MemTotal:        4016004 kB
MemFree:         3200148 kB
Active:           460652 kB
Mem:          3.8G       796M       3.1G       5.7M        55M       327M

MemTotal:        4016004 kB
MemFree:         3200396 kB
Active:           460608 kB
Mem:          3.8G       796M       3.1G       5.7M        55M       327M

MemTotal:        4016004 kB
MemFree:         3200104 kB
Active:           460652 kB
Mem:          3.8G       796M       3.1G       5.7M        55M       327M

MemTotal:        4016004 kB
MemFree:         3200228 kB
Active:           460596 kB
Mem:          3.8G       796M       3.1G       5.7M        55M       327M

MemTotal:        4016004 kB
MemFree:         3200352 kB
Active:           460628 kB
Mem:          3.8G       796M       3.1G       5.7M        55M       327M

MemTotal:        4016004 kB
MemFree:         3200352 kB
Active:           460652 kB
Mem:          3.8G       796M       3.1G       5.7M        55M       327M

MemTotal:        4016004 kB
MemFree:         3200848 kB
Active:           460628 kB
Mem:          3.8G       796M       3.1G       5.7M        55M       327M

MemTotal:        4016004 kB
MemFree:         3200352 kB
Active:           460660 kB
Mem:          3.8G       796M       3.1G       5.7M        55M       327M

MemTotal:        4016004 kB
MemFree:         3200724 kB
Active:           460608 kB
Mem:          3.8G       796M       3.1G       5.7M        55M       327M

MemTotal:        4016004 kB
MemFree:         3200972 kB
Active:           460640 kB
Mem:          3.8G       796M       3.1G       5.7M        55M       327M

MemTotal:        4016004 kB
MemFree:         3200600 kB
Active:           460660 kB
Mem:          3.8G       796M       3.1G       5.7M        55M       327M

MemTotal:        4016004 kB
MemFree:         3200708 kB
Active:           460628 kB
Mem:          3.8G       796M       3.1G       5.7M        55M       327M

MemTotal:        4016004 kB
MemFree:         3200832 kB
Active:           460652 kB
Mem:          3.8G       796M       3.1G       5.7M        55M       327M

MemTotal:        4016004 kB
MemFree:         3200816 kB
Active:           460632 kB
Mem:          3.8G       796M       3.1G       5.7M        55M       327M

MemTotal:        4016004 kB
MemFree:         3200924 kB
Active:           460664 kB
Mem:          3.8G       796M       3.1G       5.7M        55M       327M

MemTotal:        4016004 kB
MemFree:         3200164 kB
Active:           460672 kB
Mem:          3.8G       796M       3.1G       5.7M        55M       327M

MemTotal:        4016004 kB
MemFree:         3200396 kB
Active:           460628 kB
Mem:          3.8G       796M       3.1G       5.7M        55M       327M

MemTotal:        4016004 kB
MemFree:         3200024 kB
Active:           460680 kB
Mem:          3.8G       796M       3.1G       5.7M        55M       327M

MemTotal:        4016004 kB
MemFree:         3200380 kB
Active:           460636 kB
Mem:          3.8G       796M       3.1G       5.7M        55M       327M

MemTotal:        4016004 kB
MemFree:         3200352 kB
Active:           460656 kB
Mem:          3.8G       796M       3.1G       5.7M        55M       327M

MemTotal:        4016004 kB
MemFree:         3200352 kB
Active:           460684 kB
Mem:          3.8G       796M       3.1G       5.7M        55M       327M

MemTotal:        4016004 kB
MemFree:         3200228 kB
Active:           460656 kB
Mem:          3.8G       796M       3.1G       5.7M        55M       327M

MemTotal:        4016004 kB
MemFree:         3200352 kB
Active:           460632 kB
Mem:          3.8G       796M       3.1G       5.7M        55M       327M

MemTotal:        4016004 kB
MemFree:         3200104 kB
Active:           460684 kB
Mem:          3.8G       796M       3.1G       5.7M        55M       327M

MemTotal:        4016004 kB
MemFree:         3200600 kB
Active:           460676 kB
Mem:          3.8G       796M       3.1G       5.7M        55M       327M

MemTotal:        4016004 kB
MemFree:         3200600 kB
Active:           460692 kB
Mem:          3.8G       796M       3.1G       5.7M        55M       327M

MemTotal:        4016004 kB
MemFree:         3200568 kB
Active:           460660 kB
Mem:          3.8G       796M       3.1G       5.7M        55M       327M

MemTotal:        4016004 kB
MemFree:         3200304 kB
Active:           460700 kB
Mem:          3.8G       796M       3.1G       5.7M        55M       327M

MemTotal:        4016004 kB
MemFree:         3200660 kB
Active:           460664 kB
Mem:          3.8G       796M       3.1G       5.7M        55M       327M

MemTotal:        4016004 kB
MemFree:         3200644 kB
Active:           460680 kB
Mem:          3.8G       796M       3.1G       5.7M        55M       327M

MemTotal:        4016004 kB
MemFree:         3200428 kB
Active:           458720 kB
Mem:          3.8G       796M       3.1G       5.7M        55M       327M

MemTotal:        4016004 kB
MemFree:         3200764 kB
Active:           460652 kB
Mem:          3.8G       796M       3.1G       5.7M        55M       327M

MemTotal:        4016004 kB
MemFree:         3200144 kB
Active:           460712 kB
Mem:          3.8G       796M       3.1G       5.7M        55M       327M

MemTotal:        4016004 kB
MemFree:         3199896 kB
Active:           460712 kB
Mem:          3.8G       796M       3.1G       5.7M        55M       327M

MemTotal:        4016004 kB
MemFree:         3200020 kB
Active:           460712 kB
Mem:          3.8G       796M       3.1G       5.7M        55M       327M

MemTotal:        4016004 kB
MemFree:         3200392 kB
Active:           460656 kB
Mem:          3.8G       796M       3.1G       5.7M        55M       327M

MemTotal:        4016004 kB
MemFree:         3200516 kB
Active:           460688 kB
Mem:          3.8G       796M       3.1G       5.7M        55M       327M

MemTotal:        4016004 kB
MemFree:         3200144 kB
Active:           460712 kB
Mem:          3.8G       796M       3.1G       5.7M        55M       327M

MemTotal:        4016004 kB
MemFree:         3200284 kB
Active:           460716 kB
Mem:          3.8G       796M       3.1G       5.7M        55M       327M

MemTotal:        4016004 kB
MemFree:         3200640 kB
Active:           460672 kB
Mem:          3.8G       796M       3.1G       5.7M        55M       327M

MemTotal:        4016004 kB
MemFree:         3200460 kB
Active:           458752 kB
Mem:          3.8G       796M       3.1G       5.7M        55M       327M

MemTotal:        4016004 kB
MemFree:         3200232 kB
Active:           460728 kB
Mem:          3.8G       796M       3.1G       5.7M        55M       327M

MemTotal:        4016004 kB
MemFree:         3200604 kB
Active:           460712 kB
Mem:          3.8G       796M       3.1G       5.7M        55M       327M

MemTotal:        4016004 kB
MemFree:         3200712 kB
Active:           460704 kB
Mem:          3.8G       796M       3.1G       5.7M        55M       327M

MemTotal:        4016004 kB
MemFree:         3200464 kB
Active:           460712 kB
Mem:          3.8G       796M       3.1G       5.7M        55M       327M

MemTotal:        4016004 kB
MemFree:         3200464 kB
Active:           460712 kB
Mem:          3.8G       796M       3.1G       5.7M        55M       327M

MemTotal:        4016004 kB
MemFree:         3200188 kB
Active:           460740 kB
Mem:          3.8G       796M       3.1G       5.7M        55M       327M

MemTotal:        4016004 kB
MemFree:         3200684 kB
Active:           460724 kB
Mem:          3.8G       796M       3.1G       5.7M        55M       327M

MemTotal:        4016004 kB
MemFree:         3200560 kB
Active:           460704 kB
Mem:          3.8G       796M       3.1G       5.7M        55M       327M

MemTotal:        4016004 kB
MemFree:         3200684 kB
Active:           460736 kB
Mem:          3.8G       796M       3.1G       5.7M        55M       327M

MemTotal:        4016004 kB
MemFree:         3200560 kB
Active:           460724 kB
Mem:          3.8G       796M       3.1G       5.7M        55M       327M

MemTotal:        4016004 kB
MemFree:         3200188 kB
Active:           460748 kB
Mem:          3.8G       796M       3.1G       5.7M        55M       327M

MemTotal:        4016004 kB
MemFree:         3200560 kB
Active:           460724 kB
Mem:          3.8G       796M       3.1G       5.7M        55M       327M

MemTotal:        4016004 kB
MemFree:         3200652 kB
Active:           460740 kB
Mem:          3.8G       796M       3.1G       5.7M        55M       327M

MemTotal:        4016004 kB
MemFree:         3200636 kB
Active:           460704 kB
Mem:          3.8G       796M       3.1G       5.7M        55M       327M

MemTotal:        4016004 kB
MemFree:         3200744 kB
Active:           460732 kB
Mem:          3.8G       796M       3.1G       5.7M        55M       327M

MemTotal:        4016004 kB
MemFree:         3200232 kB
Active:           460760 kB
Mem:          3.8G       796M       3.1G       5.7M        55M       327M

MemTotal:        4016004 kB
MemFree:         3200464 kB
Active:           460756 kB
Mem:          3.8G       796M       3.1G       5.7M        55M       327M

MemTotal:        4016004 kB
MemFree:         3199952 kB
Active:           460760 kB
Mem:          3.8G       796M       3.1G       5.7M        55M       327M

MemTotal:        4016004 kB
MemFree:         3200436 kB
Active:           460748 kB
Mem:          3.8G       796M       3.1G       5.7M        55M       327M

MemTotal:        4016004 kB
MemFree:         3200064 kB
Active:           460760 kB
Mem:          3.8G       796M       3.1G       5.7M        55M       327M

MemTotal:        4016004 kB
MemFree:         3200436 kB
Active:           460756 kB
Mem:          3.8G       796M       3.1G       5.7M        55M       327M

MemTotal:        4016004 kB
MemFree:         3200560 kB
Active:           460744 kB
Mem:          3.8G       796M       3.1G       5.7M        55M       327M

MemTotal:        4016004 kB
MemFree:         3200064 kB
Active:           460760 kB
Mem:          3.8G       796M       3.1G       5.7M        55M       327M

MemTotal:        4016004 kB
MemFree:         3200188 kB
Active:           460760 kB
Mem:          3.8G       796M       3.1G       5.7M        55M       327M

MemTotal:        4016004 kB
MemFree:         3199940 kB
Active:           460768 kB
Mem:          3.8G       797M       3.1G       5.7M        55M       327M

MemTotal:        4016004 kB
MemFree:         3200544 kB
Active:           460772 kB
Mem:          3.8G       796M       3.1G       5.7M        55M       327M

MemTotal:        4016004 kB
MemFree:         3200156 kB
Active:           460780 kB
Mem:          3.8G       796M       3.1G       5.7M        55M       327M

MemTotal:        4016004 kB
MemFree:         3200264 kB
Active:           460760 kB
Mem:          3.8G       796M       3.1G       5.7M        55M       327M

MemTotal:        4016004 kB
MemFree:         3200372 kB
Active:           460776 kB
Mem:          3.8G       796M       3.1G       5.7M        55M       327M

MemTotal:        4016004 kB
MemFree:         3198184 kB
Active:           460756 kB
Mem:          3.8G       798M       3.0G       5.7M        55M       327M

MemTotal:        4016004 kB
MemFree:         3198416 kB
Active:           462772 kB
Mem:          3.8G       798M       3.1G       5.7M        55M       327M

MemTotal:        4016004 kB
MemFree:         3198496 kB
Active:           462800 kB
Mem:          3.8G       798M       3.1G       5.7M        55M       327M

MemTotal:        4016004 kB
MemFree:         3198496 kB
Active:           462780 kB
Mem:          3.8G       798M       3.0G       5.7M        55M       327M

MemTotal:        4016004 kB
MemFree:         3198248 kB
Active:           462796 kB
Mem:          3.8G       798M       3.0G       5.7M        55M       327M

MemTotal:        4016004 kB
MemFree:         3198248 kB
Active:           462768 kB
Mem:          3.8G       798M       3.0G       5.7M        55M       327M

MemTotal:        4016004 kB
MemFree:         3198360 kB
Active:           462808 kB
Mem:          3.8G       798M       3.1G       5.7M        55M       327M

MemTotal:        4016004 kB
MemFree:         3197988 kB
Active:           462820 kB
Mem:          3.8G       798M       3.0G       5.7M        55M       327M

MemTotal:        4016004 kB
MemFree:         3197864 kB
Active:           462824 kB
Mem:          3.8G       798M       3.1G       5.7M        55M       327M

MemTotal:        4016004 kB
MemFree:         3198236 kB
Active:           462808 kB
Mem:          3.8G       798M       3.0G       5.7M        55M       327M

MemTotal:        4016004 kB
MemFree:         3198484 kB
Active:           462784 kB
Mem:          3.8G       798M       3.1G       5.7M        55M       327M

MemTotal:        4016004 kB
MemFree:         3198332 kB
Active:           462836 kB
Mem:          3.8G       798M       3.1G       5.7M        55M       327M

MemTotal:        4016004 kB
MemFree:         3198704 kB
Active:           462808 kB
Mem:          3.8G       798M       3.1G       5.7M        55M       327M

MemTotal:        4016004 kB
MemFree:         3198704 kB
Active:           462828 kB
Mem:          3.8G       798M       3.1G       5.7M        55M       327M

MemTotal:        4016004 kB
MemFree:         3198564 kB
Active:           462820 kB
Mem:          3.8G       798M       3.1G       5.7M        55M       327M

MemTotal:        4016004 kB
MemFree:         3198332 kB
Active:           462848 kB
Mem:          3.8G       798M       3.1G       5.7M        55M       327M

MemTotal:        4016004 kB
MemFree:         3198704 kB
Active:           462828 kB
Mem:          3.8G       798M       3.1G       5.7M        55M       327M

MemTotal:        4016004 kB
MemFree:         3198704 kB
Active:           462792 kB
Mem:          3.8G       798M       3.1G       5.7M        55M       327M

MemTotal:        4016004 kB
MemFree:         3198472 kB
Active:           462848 kB
Mem:          3.8G       798M       3.1G       5.7M        55M       327M

MemTotal:        4016004 kB
MemFree:         3198520 kB
Active:           462836 kB
Mem:          3.8G       798M       3.1G       5.7M        55M       327M

MemTotal:        4016004 kB
MemFree:         3198320 kB
Active:           460856 kB
Mem:          3.8G       798M       3.1G       5.7M        55M       327M

MemTotal:        4016004 kB
MemFree:         3198824 kB
Active:           462900 kB
Mem:          3.8G       798M       3.1G       5.7M        55M       327M

MemTotal:        4016004 kB
MemFree:         3198468 kB
Active:           462912 kB
Mem:          3.8G       798M       3.1G       5.7M        55M       327M

MemTotal:        4016004 kB
MemFree:         3198856 kB
Active:           462880 kB
Mem:          3.8G       798M       3.1G       5.7M        55M       327M

MemTotal:        4016004 kB
MemFree:         3198996 kB
Active:           462904 kB
Mem:          3.8G       798M       3.1G       5.7M        55M       327M

MemTotal:        4016004 kB
MemFree:         3198624 kB
Active:           462916 kB
Mem:          3.8G       798M       3.1G       5.7M        55M       327M

MemTotal:        4016004 kB
MemFree:         3197684 kB
Active:           463684 kB
Mem:          3.8G       799M       3.0G       5.7M        55M       327M

MemTotal:        4016004 kB
MemFree:         3189252 kB
Active:           470784 kB
Mem:          3.8G       807M       3.0G       5.7M        62M       327M

MemTotal:        4016004 kB
MemFree:         3189416 kB
Active:           470688 kB
Mem:          3.8G       807M       3.0G       5.7M        62M       327M

MemTotal:        4016004 kB
MemFree:         3189664 kB
Active:           470728 kB
Mem:          3.8G       806M       3.0G       5.7M        62M       327M

MemTotal:        4016004 kB
MemFree:         3189592 kB
Active:           468664 kB
Mem:          3.8G       807M       3.0G       5.7M        62M       327M

MemTotal:        4016004 kB
MemFree:         3189096 kB
Active:           470748 kB
Mem:          3.8G       807M       3.0G       5.7M        62M       327M

MemTotal:        4016004 kB
MemFree:         3189220 kB
Active:           470752 kB
Mem:          3.8G       807M       3.0G       5.7M        62M       327M

MemTotal:        4016004 kB
MemFree:         3189840 kB
Active:           470720 kB
Mem:          3.8G       806M       3.0G       5.7M        62M       327M

MemTotal:        4016004 kB
MemFree:         3189468 kB
Active:           470752 kB
Mem:          3.8G       807M       3.0G       5.7M        62M       327M

MemTotal:        4016004 kB
MemFree:         3189716 kB
Active:           470612 kB
Mem:          3.8G       806M       3.0G       5.7M        62M       327M

MemTotal:        4016004 kB
MemFree:         3189732 kB
Active:           470540 kB
Mem:          3.8G       806M       3.0G       5.7M        62M       327M

MemTotal:        4016004 kB
MemFree:         3189732 kB
Active:           470576 kB
Mem:          3.8G       806M       3.0G       5.7M        62M       327M

MemTotal:        4016004 kB
MemFree:         3189360 kB
Active:           470596 kB
Mem:          3.8G       806M       3.0G       5.7M        62M       327M

MemTotal:        4016004 kB
MemFree:         3189732 kB
Active:           470564 kB
Mem:          3.8G       807M       3.0G       5.7M        62M       327M

MemTotal:        4016004 kB
MemFree:         3189732 kB
Active:           470588 kB
Mem:          3.8G       806M       3.0G       5.7M        62M       327M

MemTotal:        4016004 kB
MemFree:         3189484 kB
Active:           470600 kB
Mem:          3.8G       806M       3.0G       5.7M        62M       327M

MemTotal:        4016004 kB
MemFree:         3189872 kB
Active:           470560 kB
Mem:          3.8G       806M       3.0G       5.7M        62M       327M

MemTotal:        4016004 kB
MemFree:         3189748 kB
Active:           470596 kB
Mem:          3.8G       806M       3.0G       5.7M        62M       327M

MemTotal:        4016004 kB
MemFree:         3189376 kB
Active:           470608 kB
Mem:          3.8G       807M       3.0G       5.7M        62M       327M

MemTotal:        4016004 kB
MemFree:         3189748 kB
Active:           470596 kB
Mem:          3.8G       807M       3.0G       5.7M        62M       327M

MemTotal:        4016004 kB
MemFree:         3189748 kB
Active:           470580 kB
Mem:          3.8G       806M       3.0G       5.7M        62M       327M

MemTotal:        4016004 kB
MemFree:         3189748 kB
Active:           470568 kB
Mem:          3.8G       807M       3.0G       5.7M        62M       327M

MemTotal:        4016004 kB
MemFree:         3189252 kB
Active:           470608 kB
Mem:          3.8G       807M       3.0G       5.7M        62M       327M

MemTotal:        4016004 kB
MemFree:         3189376 kB
Active:           470604 kB
Mem:          3.8G       807M       3.0G       5.7M        62M       327M

MemTotal:        4016004 kB
MemFree:         3189624 kB
Active:           470580 kB
Mem:          3.8G       807M       3.0G       5.7M        62M       327M

MemTotal:        4016004 kB
MemFree:         3189500 kB
Active:           470612 kB
Mem:          3.8G       807M       3.0G       5.7M        62M       327M

MemTotal:        4016004 kB
MemFree:         3189872 kB
Active:           470600 kB
Mem:          3.8G       806M       3.0G       5.7M        62M       327M

MemTotal:        4016004 kB
MemFree:         3189872 kB
Active:           470572 kB
Mem:          3.8G       806M       3.0G       5.7M        62M       327M

MemTotal:        4016004 kB
MemFree:         3189748 kB
Active:           470604 kB
Mem:          3.8G       806M       3.0G       5.7M        62M       327M

MemTotal:        4016004 kB
MemFree:         3189500 kB
Active:           470624 kB
Mem:          3.8G       807M       3.0G       5.7M        62M       327M

MemTotal:        4016004 kB
MemFree:         3189376 kB
Active:           470624 kB
Mem:          3.8G       807M       3.0G       5.7M        62M       327M

MemTotal:        4016004 kB
MemFree:         3189252 kB
Active:           470628 kB
Mem:          3.8G       807M       3.0G       5.7M        62M       327M

MemTotal:        4016004 kB
MemFree:         3189376 kB
Active:           470608 kB
Mem:          3.8G       807M       3.0G       5.7M        62M       327M

MemTotal:        4016004 kB
MemFree:         3189004 kB
Active:           470632 kB
Mem:          3.8G       807M       3.0G       5.7M        62M       327M

MemTotal:        4016004 kB
MemFree:         3189252 kB
Active:           470628 kB
Mem:          3.8G       807M       3.0G       5.7M        62M       327M

MemTotal:        4016004 kB
MemFree:         3189500 kB
Active:           470588 kB
Mem:          3.8G       807M       3.0G       5.7M        62M       327M

MemTotal:        4016004 kB
MemFree:         3189004 kB
Active:           470632 kB
Mem:          3.8G       807M       3.0G       5.7M        62M       327M

MemTotal:        4016004 kB
MemFree:         3189004 kB
Active:           470640 kB
Mem:          3.8G       807M       3.0G       5.7M        62M       327M

MemTotal:        4016004 kB
MemFree:         3189376 kB
Active:           470624 kB
Mem:          3.8G       807M       3.0G       5.7M        62M       327M

MemTotal:        4016004 kB
MemFree:         3189252 kB
Active:           470640 kB
Mem:          3.8G       807M       3.0G       5.7M        62M       327M

MemTotal:        4016004 kB
MemFree:         3189004 kB
Active:           470656 kB
Mem:          3.8G       807M       3.0G       5.7M        62M       327M

MemTotal:        4016004 kB
MemFree:         3189252 kB
Active:           470624 kB
Mem:          3.8G       807M       3.0G       5.7M        62M       327M

MemTotal:        4016004 kB
MemFree:         3189748 kB
Active:           470612 kB
Mem:          3.8G       807M       3.0G       5.7M        62M       327M

MemTotal:        4016004 kB
MemFree:         3189500 kB
Active:           470656 kB
Mem:          3.8G       807M       3.0G       5.7M        62M       327M

MemTotal:        4016004 kB
MemFree:         3189872 kB
Active:           470644 kB
Mem:          3.8G       806M       3.0G       5.7M        62M       327M

MemTotal:        4016004 kB
MemFree:         3189872 kB
Active:           470620 kB
Mem:          3.8G       806M       3.0G       5.7M        62M       327M

MemTotal:        4016004 kB
MemFree:         3189376 kB
Active:           470664 kB
Mem:          3.8G       807M       3.0G       5.7M        62M       327M

MemTotal:        4016004 kB
MemFree:         3189252 kB
Active:           470664 kB
Mem:          3.8G       807M       3.0G       5.7M        62M       327M

MemTotal:        4016004 kB
MemFree:         3189500 kB
Active:           470664 kB
Mem:          3.8G       807M       3.0G       5.7M        62M       327M

MemTotal:        4016004 kB
MemFree:         3189624 kB
Active:           470632 kB
Mem:          3.8G       807M       3.0G       5.7M        62M       327M

MemTotal:        4016004 kB
MemFree:         3189500 kB
Active:           470612 kB
Mem:          3.8G       807M       3.0G       5.7M        62M       327M

MemTotal:        4016004 kB
MemFree:         3189996 kB
Active:           470664 kB
Mem:          3.8G       806M       3.0G       5.7M        62M       327M

MemTotal:        4016004 kB
MemFree:         3189872 kB
Active:           470644 kB
Mem:          3.8G       806M       3.0G       5.7M        62M       327M

MemTotal:        4016004 kB
MemFree:         3189996 kB
Active:           470676 kB
Mem:          3.8G       806M       3.0G       5.7M        62M       327M

MemTotal:        4016004 kB
MemFree:         3188072 kB
Active:           470636 kB
Mem:          3.8G       808M       3.0G       5.7M        62M       327M

MemTotal:        4016004 kB
MemFree:         3188196 kB
Active:           472692 kB
Mem:          3.8G       808M       3.0G       5.7M        62M       327M

MemTotal:        4016004 kB
MemFree:         3187824 kB
Active:           472660 kB
Mem:          3.8G       808M       3.0G       5.7M        62M       327M

MemTotal:        4016004 kB
MemFree:         3187576 kB
Active:           472708 kB
Mem:          3.8G       809M       3.0G       5.7M        62M       327M

MemTotal:        4016004 kB
MemFree:         3187700 kB
Active:           472660 kB
Mem:          3.8G       809M       3.0G       5.7M        62M       327M

MemTotal:        4016004 kB
MemFree:         3187684 kB
Active:           472688 kB
Mem:          3.8G       809M       3.0G       5.7M        62M       327M

MemTotal:        4016004 kB
MemFree:         3187684 kB
Active:           472688 kB
Mem:          3.8G       809M       3.0G       5.7M        62M       327M

MemTotal:        4016004 kB
MemFree:         3187684 kB
Active:           472660 kB
Mem:          3.8G       809M       3.0G       5.7M        62M       327M

MemTotal:        4016004 kB
MemFree:         3187684 kB
Active:           472676 kB
Mem:          3.8G       809M       3.0G       5.7M        62M       327M

MemTotal:        4016004 kB
MemFree:         3187560 kB
Active:           472704 kB
Mem:          3.8G       808M       3.0G       5.7M        62M       327M

MemTotal:        4016004 kB
MemFree:         3187560 kB
Active:           472684 kB
Mem:          3.8G       809M       3.0G       5.7M        62M       327M

MemTotal:        4016004 kB
MemFree:         3187700 kB
Active:           472688 kB
Mem:          3.8G       809M       3.0G       5.7M        62M       327M

MemTotal:        4016004 kB
MemFree:         3187204 kB
Active:           472720 kB
Mem:          3.8G       809M       3.0G       5.7M        62M       327M

MemTotal:        4016004 kB
MemFree:         3187204 kB
Active:           472720 kB
Mem:          3.8G       809M       3.0G       5.7M        62M       327M

MemTotal:        4016004 kB
MemFree:         3187328 kB
Active:           472700 kB
Mem:          3.8G       809M       3.0G       5.7M        62M       327M

MemTotal:        4016004 kB
MemFree:         3187328 kB
Active:           472724 kB
Mem:          3.8G       809M       3.0G       5.7M        62M       327M

MemTotal:        4016004 kB
MemFree:         3187204 kB
Active:           472732 kB
Mem:          3.8G       809M       3.0G       5.7M        62M       327M

MemTotal:        4016004 kB
MemFree:         3187328 kB
Active:           472728 kB
Mem:          3.8G       809M       3.0G       5.7M        62M       327M

MemTotal:        4016004 kB
MemFree:         3187328 kB
Active:           472696 kB
Mem:          3.8G       809M       3.0G       5.7M        62M       327M

MemTotal:        4016004 kB
MemFree:         3186956 kB
Active:           472732 kB
Mem:          3.8G       809M       3.0G       5.7M        62M       327M

MemTotal:        4016004 kB
MemFree:         3187080 kB
Active:           470792 kB
Mem:          3.8G       809M       3.0G       5.7M        62M       327M

MemTotal:        4016004 kB
MemFree:         3187636 kB
Active:           472740 kB
Mem:          3.8G       808M       3.0G       5.7M        62M       327M

MemTotal:        4016004 kB
MemFree:         3187884 kB
Active:           472708 kB
Mem:          3.8G       808M       3.0G       5.7M        62M       327M

MemTotal:        4016004 kB
MemFree:         3187512 kB
Active:           472744 kB
Mem:          3.8G       809M       3.0G       5.7M        62M       327M

MemTotal:        4016004 kB
MemFree:         3187636 kB
Active:           472728 kB
Mem:          3.8G       808M       3.0G       5.7M        62M       327M

MemTotal:        4016004 kB
MemFree:         3187760 kB
Active:           472692 kB
Mem:          3.8G       808M       3.0G       5.7M        62M       327M

MemTotal:        4016004 kB
MemFree:         3187884 kB
Active:           472708 kB
Mem:          3.8G       808M       3.0G       5.7M        62M       327M

MemTotal:        4016004 kB
MemFree:         3187388 kB
Active:           472752 kB
Mem:          3.8G       809M       3.0G       5.7M        62M       327M

MemTotal:        4016004 kB
MemFree:         3187636 kB
Active:           472704 kB
Mem:          3.8G       809M       3.0G       5.7M        62M       327M

MemTotal:        4016004 kB
MemFree:         3187636 kB
Active:           472740 kB
Mem:          3.8G       809M       3.0G       5.7M        62M       327M

MemTotal:        4016004 kB
MemFree:         3187712 kB
Active:           470716 kB
Mem:          3.8G       808M       3.0G       5.7M        62M       327M

MemTotal:        4016004 kB
MemFree:         3187816 kB
Active:           472728 kB
Mem:          3.8G       808M       3.0G       5.7M        62M       327M

MemTotal:        4016004 kB
MemFree:         3187816 kB
Active:           472700 kB
Mem:          3.8G       808M       3.0G       5.7M        62M       327M

MemTotal:        4016004 kB
MemFree:         3187320 kB
Active:           472760 kB
Mem:          3.8G       809M       3.0G       5.7M        62M       327M

MemTotal:        4016004 kB
MemFree:         3187196 kB
Active:           472760 kB
Mem:          3.8G       809M       3.0G       5.7M        62M       327M

MemTotal:        4016004 kB
MemFree:         3187568 kB
Active:           472732 kB
Mem:          3.8G       808M       3.0G       5.7M        62M       327M

MemTotal:        4016004 kB
MemFree:         3187320 kB
Active:           472764 kB
Mem:          3.8G       809M       3.0G       5.7M        62M       327M

MemTotal:        4016004 kB
MemFree:         3187444 kB
Active:           472768 kB
Mem:          3.8G       808M       3.0G       5.7M        62M       327M

MemTotal:        4016004 kB
MemFree:         3187692 kB
Active:           472756 kB
Mem:          3.8G       808M       3.0G       5.7M        62M       327M

MemTotal:        4016004 kB
MemFree:         3187692 kB
Active:           472748 kB
Mem:          3.8G       808M       3.0G       5.7M        62M       327M

MemTotal:        4016004 kB
MemFree:         3187120 kB
Active:           470772 kB
Mem:          3.8G       809M       3.0G       5.7M        62M       327M

MemTotal:        4016004 kB
MemFree:         3187304 kB
Active:           472776 kB
Mem:          3.8G       809M       3.0G       5.7M        62M       327M

MemTotal:        4016004 kB
MemFree:         3187552 kB
Active:           472744 kB
Mem:          3.8G       809M       3.0G       5.7M        62M       327M

MemTotal:        4016004 kB
MemFree:         3187552 kB
Active:           472784 kB
Mem:          3.8G       809M       3.0G       5.7M        62M       327M

MemTotal:        4016004 kB
MemFree:         3187428 kB
Active:           472764 kB
Mem:          3.8G       809M       3.0G       5.7M        62M       327M

MemTotal:        4016004 kB
MemFree:         3187800 kB
Active:           472780 kB
Mem:          3.8G       808M       3.0G       5.7M        62M       327M

MemTotal:        4016004 kB
MemFree:         3187676 kB
Active:           472740 kB
Mem:          3.8G       808M       3.0G       5.7M        62M       327M

MemTotal:        4016004 kB
MemFree:         3187924 kB
Active:           472756 kB
Mem:          3.8G       808M       3.0G       5.7M        62M       327M

MemTotal:        4016004 kB
MemFree:         3187552 kB
Active:           472740 kB
Mem:          3.8G       808M       3.0G       5.7M        62M       327M

MemTotal:        4016004 kB
MemFree:         3187056 kB
Active:           472784 kB
Mem:          3.8G       809M       3.0G       5.7M        62M       327M

MemTotal:        4016004 kB
MemFree:         3187692 kB
Active:           470808 kB
Mem:          3.8G       809M       3.0G       5.7M        62M       327M

MemTotal:        4016004 kB
MemFree:         3187232 kB
Active:           472784 kB
Mem:          3.8G       809M       3.0G       5.7M        62M       328M

MemTotal:        4016004 kB
MemFree:         3187604 kB
Active:           472764 kB
Mem:          3.8G       808M       3.0G       5.7M        62M       328M

MemTotal:        4016004 kB
MemFree:         3187232 kB
Active:           472788 kB
Mem:          3.8G       809M       3.0G       5.7M        62M       328M

MemTotal:        4016004 kB
MemFree:         3187232 kB
Active:           472792 kB
Mem:          3.8G       809M       3.0G       5.7M        62M       328M

MemTotal:        4016004 kB
MemFree:         3187604 kB
Active:           472756 kB
Mem:          3.8G       809M       3.0G       5.7M        62M       328M

MemTotal:        4016004 kB
MemFree:         3187604 kB
Active:           472740 kB
Mem:          3.8G       809M       3.0G       5.7M        62M       328M

MemTotal:        4016004 kB
MemFree:         3187232 kB
Active:           472804 kB
Mem:          3.8G       809M       3.0G       5.7M        62M       328M

MemTotal:        4016004 kB
MemFree:         3187232 kB
Active:           472804 kB
Mem:          3.8G       809M       3.0G       5.7M        62M       328M

MemTotal:        4016004 kB
MemFree:         3187356 kB
Active:           472772 kB
Mem:          3.8G       809M       3.0G       5.7M        62M       328M

MemTotal:        4016004 kB
MemFree:         3187232 kB
Active:           472772 kB
Mem:          3.8G       809M       3.0G       5.7M        62M       328M

MemTotal:        4016004 kB
MemFree:         3186736 kB
Active:           472804 kB
Mem:          3.8G       809M       3.0G       5.7M        62M       328M

MemTotal:        4016004 kB
MemFree:         3187108 kB
Active:           472772 kB
Mem:          3.8G       809M       3.0G       5.7M        62M       328M

MemTotal:        4016004 kB
MemFree:         3186736 kB
Active:           472804 kB
Mem:          3.8G       809M       3.0G       5.7M        62M       328M

MemTotal:        4016004 kB
MemFree:         3186736 kB
Active:           472804 kB
Mem:          3.8G       809M       3.0G       5.7M        62M       328M

MemTotal:        4016004 kB
MemFree:         3186984 kB
Active:           472804 kB
Mem:          3.8G       809M       3.0G       5.7M        62M       328M

MemTotal:        4016004 kB
MemFree:         3186736 kB
Active:           472804 kB
Mem:          3.8G       809M       3.0G       5.7M        62M       328M

MemTotal:        4016004 kB
MemFree:         3186860 kB
Active:           472808 kB
Mem:          3.8G       809M       3.0G       5.7M        62M       328M

MemTotal:        4016004 kB
MemFree:         3187232 kB
Active:           472804 kB
Mem:          3.8G       809M       3.0G       5.7M        62M       328M

MemTotal:        4016004 kB
MemFree:         3187108 kB
Active:           472760 kB
Mem:          3.8G       809M       3.0G       5.7M        62M       328M

MemTotal:        4016004 kB
MemFree:         3184812 kB
Active:           472812 kB
Mem:          3.8G       811M       3.0G       5.7M        62M       328M

MemTotal:        4016004 kB
MemFree:         3185060 kB
Active:           474840 kB
Mem:          3.8G       811M       3.0G       5.7M        62M       328M

MemTotal:        4016004 kB
MemFree:         3184936 kB
Active:           474860 kB
Mem:          3.8G       811M       3.0G       5.7M        62M       328M

MemTotal:        4016004 kB
MemFree:         3185432 kB
Active:           474836 kB
Mem:          3.8G       811M       3.0G       5.7M        62M       328M

MemTotal:        4016004 kB
MemFree:         3184812 kB
Active:           474860 kB
Mem:          3.8G       811M       3.0G       5.7M        62M       328M

MemTotal:        4016004 kB
MemFree:         3184936 kB
Active:           474860 kB
Mem:          3.8G       811M       3.0G       5.7M        62M       328M

MemTotal:        4016004 kB
MemFree:         3185184 kB
Active:           474824 kB
Mem:          3.8G       811M       3.0G       5.7M        62M       328M

MemTotal:        4016004 kB
MemFree:         3184812 kB
Active:           474860 kB
Mem:          3.8G       811M       3.0G       5.7M        62M       328M

MemTotal:        4016004 kB
MemFree:         3184640 kB
Active:           475008 kB
Mem:          3.8G       811M       3.0G       5.7M        62M       328M

MemTotal:        4016004 kB
MemFree:         3142856 kB
Active:           475388 kB
Mem:          3.8G       852M       3.0G       5.7M        62M       369M

MemTotal:        4016004 kB
MemFree:         3094780 kB
Active:           473552 kB
Mem:          3.8G       899M       3.0G       5.7M        62M       414M

MemTotal:        4016004 kB
MemFree:         3048492 kB
Active:           475460 kB
Mem:          3.8G       945M       2.9G       5.7M        62M       459M

MemTotal:        4016004 kB
MemFree:         3002628 kB
Active:           475456 kB
Mem:          3.8G       989M       2.9G       5.7M        62M       503M

MemTotal:        4016004 kB
MemFree:         2956032 kB
Active:           475460 kB
Mem:          3.8G       1.0G       2.8G       5.7M        62M       548M

MemTotal:        4016004 kB
MemFree:         2909916 kB
Active:           475460 kB
Mem:          3.8G       1.1G       2.8G       5.7M        62M       593M

MemTotal:        4016004 kB
MemFree:         2863692 kB
Active:           475460 kB
Mem:          3.8G       1.1G       2.7G       5.7M        62M       637M

MemTotal:        4016004 kB
MemFree:         2817452 kB
Active:           475468 kB
Mem:          3.8G       1.1G       2.7G       5.7M        62M       682M

MemTotal:        4016004 kB
MemFree:         2771104 kB
Active:           475468 kB
Mem:          3.8G       1.2G       2.6G       5.7M        62M       726M

MemTotal:        4016004 kB
MemFree:         2724236 kB
Active:           475472 kB
Mem:          3.8G       1.2G       2.6G       5.7M        62M       771M

MemTotal:        4016004 kB
MemFree:         2677396 kB
Active:           475472 kB
Mem:          3.8G       1.3G       2.6G       5.7M        62M       816M

MemTotal:        4016004 kB
MemFree:         2646292 kB
Active:           473460 kB
Mem:          3.8G       1.3G       2.5G       5.7M        62M       845M

MemTotal:        4016004 kB
MemFree:         2612164 kB
Active:           473428 kB
Mem:          3.8G       1.3G       2.5G       5.7M        62M       879M

MemTotal:        4016004 kB
MemFree:         2576712 kB
Active:           473432 kB
Mem:          3.8G       1.4G       2.5G       5.7M        62M       912M

MemTotal:        4016004 kB
MemFree:         2559288 kB
Active:           473436 kB
Mem:          3.8G       1.4G       2.4G       5.7M        62M       930M

MemTotal:        4016004 kB
MemFree:         2512476 kB
Active:           473448 kB
Mem:          3.8G       1.4G       2.4G       5.7M        62M       974M

MemTotal:        4016004 kB
MemFree:         2481852 kB
Active:           473448 kB
Mem:          3.8G       1.5G       2.4G       5.7M        62M       1.0G

MemTotal:        4016004 kB
MemFree:         2481512 kB
Active:           473456 kB
Mem:          3.8G       1.5G       2.4G       5.7M        62M       1.0G

MemTotal:        4016004 kB
MemFree:         2436424 kB
Active:           473456 kB
Mem:          3.8G       1.5G       2.3G       5.7M        62M       1.0G

MemTotal:        4016004 kB
MemFree:         2389952 kB
Active:           473456 kB
Mem:          3.8G       1.6G       2.3G       5.7M        62M       1.1G

MemTotal:        4016004 kB
MemFree:         2343712 kB
Active:           473456 kB
Mem:          3.8G       1.6G       2.2G       5.7M        62M       1.1G

MemTotal:        4016004 kB
MemFree:         2295316 kB
Active:           473456 kB
Mem:          3.8G       1.6G       2.2G       5.7M        62M       1.2G

MemTotal:        4016004 kB
MemFree:         2249324 kB
Active:           473440 kB
Mem:          3.8G       1.7G       2.1G       5.7M        62M       1.2G

MemTotal:        4016004 kB
MemFree:         2226304 kB
Active:           473444 kB
Mem:          3.8G       1.7G       2.1G       5.7M        62M       1.2G

MemTotal:        4016004 kB
MemFree:         2194548 kB
Active:           473444 kB
Mem:          3.8G       1.7G       2.1G       5.7M        62M       1.2G

MemTotal:        4016004 kB
MemFree:         2148248 kB
Active:           473456 kB
Mem:          3.8G       1.8G       2.0G       5.7M        62M       1.3G

MemTotal:        4016004 kB
MemFree:         2134064 kB
Active:           473460 kB
Mem:          3.8G       1.8G       2.0G       5.7M        62M       1.3G

MemTotal:        4016004 kB
MemFree:         2133888 kB
Active:           473464 kB
Mem:          3.8G       1.8G       2.0G       5.7M        62M       1.3G

MemTotal:        4016004 kB
MemFree:         2133828 kB
Active:           473484 kB
Mem:          3.8G       1.8G       2.0G       5.7M        62M       1.3G

MemTotal:        4016004 kB
MemFree:         2105216 kB
Active:           473488 kB
Mem:          3.8G       1.8G       2.0G       5.7M        62M       1.3G

MemTotal:        4016004 kB
MemFree:         2059120 kB
Active:           473504 kB
Mem:          3.8G       1.9G       2.0G       5.7M        62M       1.4G

MemTotal:        4016004 kB
MemFree:         2012788 kB
Active:           473508 kB
Mem:          3.8G       1.9G       1.9G       5.7M        62M       1.4G

MemTotal:        4016004 kB
MemFree:         1966316 kB
Active:           473508 kB
Mem:          3.8G       2.0G       1.9G       5.7M        62M       1.5G

MemTotal:        4016004 kB
MemFree:         1920324 kB
Active:           473516 kB
Mem:          3.8G       2.0G       1.8G       5.7M        62M       1.5G

MemTotal:        4016004 kB
MemFree:         1873604 kB
Active:           473516 kB
Mem:          3.8G       2.0G       1.8G       5.7M        62M       1.6G

MemTotal:        4016004 kB
MemFree:         1827116 kB
Active:           473516 kB
Mem:          3.8G       2.1G       1.7G       5.7M        62M       1.6G

MemTotal:        4016004 kB
MemFree:         1780764 kB
Active:           473516 kB
Mem:          3.8G       2.1G       1.7G       5.7M        62M       1.6G

MemTotal:        4016004 kB
MemFree:         1760628 kB
Active:           473516 kB
Mem:          3.8G       2.2G       1.7G       5.7M        62M       1.7G

MemTotal:        4016004 kB
MemFree:         1716856 kB
Active:           473528 kB
Mem:          3.8G       2.2G       1.6G       5.7M        62M       1.7G

MemTotal:        4016004 kB
MemFree:         1695056 kB
Active:           473528 kB
Mem:          3.8G       2.2G       1.6G       5.7M        62M       1.7G

MemTotal:        4016004 kB
MemFree:         1661904 kB
Active:           473532 kB
Mem:          3.8G       2.2G       1.6G       5.7M        62M       1.7G

MemTotal:        4016004 kB
MemFree:         1615996 kB
Active:           473544 kB
Mem:          3.8G       2.3G       1.5G       5.7M        62M       1.8G

MemTotal:        4016004 kB
MemFree:         1569544 kB
Active:           473544 kB
Mem:          3.8G       2.3G       1.5G       5.7M        62M       1.8G

MemTotal:        4016004 kB
MemFree:         1544296 kB
Active:           473548 kB
Mem:          3.8G       2.4G       1.5G       5.7M        62M       1.9G

MemTotal:        4016004 kB
MemFree:         1498088 kB
Active:           473560 kB
Mem:          3.8G       2.4G       1.4G       5.7M        62M       1.9G

MemTotal:        4016004 kB
MemFree:         1451368 kB
Active:           473568 kB
Mem:          3.8G       2.4G       1.4G       5.7M        62M       1.9G

MemTotal:        4016004 kB
MemFree:         1405004 kB
Active:           477676 kB
Mem:          3.8G       2.5G       1.3G       5.7M        62M       2.0G

MemTotal:        4016004 kB
MemFree:         1358656 kB
Active:           477664 kB
Mem:          3.8G       2.5G       1.3G       5.7M        62M       2.0G

MemTotal:        4016004 kB
MemFree:         1312768 kB
Active:           477680 kB
Mem:          3.8G       2.6G       1.3G       5.7M        62M       2.1G

MemTotal:        4016004 kB
MemFree:         1266088 kB
Active:           477692 kB
Mem:          3.8G       2.6G       1.2G       5.7M        62M       2.1G

MemTotal:        4016004 kB
MemFree:         1219960 kB
Active:           477692 kB
Mem:          3.8G       2.7G       1.2G       5.7M        62M       2.2G

MemTotal:        4016004 kB
MemFree:         1170952 kB
Active:           477692 kB
Mem:          3.8G       2.7G       1.1G       5.7M        62M       2.2G

MemTotal:        4016004 kB
MemFree:         1159904 kB
Active:           479740 kB
Mem:          3.8G       2.7G       1.1G       5.7M        62M       2.2G

MemTotal:        4016004 kB
MemFree:         1156568 kB
Active:           479728 kB
Mem:          3.8G       2.7G       1.1G       5.7M        62M       2.2G

MemTotal:        4016004 kB
MemFree:         1156012 kB
Active:           479732 kB
Mem:          3.8G       2.7G       1.1G       5.7M        62M       2.2G

MemTotal:        4016004 kB
MemFree:         1156236 kB
Active:           479732 kB
Mem:          3.8G       2.7G       1.1G       5.7M        62M       2.2G

MemTotal:        4016004 kB
MemFree:         1134676 kB
Active:           479736 kB
Mem:          3.8G       2.7G       1.1G       5.7M        62M       2.2G

MemTotal:        4016004 kB
MemFree:         1088548 kB
Active:           479740 kB
Mem:          3.8G       2.8G       1.0G       5.7M        62M       2.3G

MemTotal:        4016004 kB
MemFree:         1041688 kB
Active:           479748 kB
Mem:          3.8G       2.8G       1.0G       5.7M        62M       2.3G

MemTotal:        4016004 kB
MemFree:          995448 kB
Active:           479752 kB
Mem:          3.8G       2.9G       971M       5.7M        62M       2.4G

MemTotal:        4016004 kB
MemFree:          949224 kB
Active:           479752 kB
Mem:          3.8G       2.9G       926M       5.7M        62M       2.4G

MemTotal:        4016004 kB
MemFree:          902612 kB
Active:           479756 kB
Mem:          3.8G       3.0G       881M       5.7M        62M       2.5G

MemTotal:        4016004 kB
MemFree:          856372 kB
Active:           479756 kB
Mem:          3.8G       3.0G       836M       5.7M        62M       2.5G

MemTotal:        4016004 kB
MemFree:          809724 kB
Active:           479756 kB
Mem:          3.8G       3.1G       790M       5.7M        63M       2.5G

MemTotal:        4016004 kB
MemFree:          762508 kB
Active:           479792 kB
Mem:          3.8G       3.1G       744M       5.7M        63M       2.6G

MemTotal:        4016004 kB
MemFree:          716292 kB
Active:           479792 kB
Mem:          3.8G       3.1G       699M       5.7M        63M       2.6G

MemTotal:        4016004 kB
MemFree:          669448 kB
Active:           479792 kB
Mem:          3.8G       3.2G       653M       5.7M        63M       2.7G

MemTotal:        4016004 kB
MemFree:          631520 kB
Active:           479792 kB
Mem:          3.8G       3.2G       616M       5.7M        63M       2.7G

MemTotal:        4016004 kB
MemFree:          630804 kB
Active:           479796 kB
Mem:          3.8G       3.2G       616M       5.7M        63M       2.7G

MemTotal:        4016004 kB
MemFree:          629348 kB
Active:           479808 kB
Mem:          3.8G       3.2G       614M       5.7M        63M       2.7G

MemTotal:        4016004 kB
MemFree:          583684 kB
Active:           479812 kB
Mem:          3.8G       3.3G       569M       5.7M        63M       2.8G

MemTotal:        4016004 kB
MemFree:          534528 kB
Active:           479812 kB
Mem:          3.8G       3.3G       521M       5.7M        63M       2.8G

MemTotal:        4016004 kB
MemFree:          488428 kB
Active:           479788 kB
Mem:          3.8G       3.4G       476M       5.7M        63M       2.8G

MemTotal:        4016004 kB
MemFree:          462572 kB
Active:           479792 kB
Mem:          3.8G       3.4G       451M       5.7M        63M       2.9G

MemTotal:        4016004 kB
MemFree:          462108 kB
Active:           479796 kB
Mem:          3.8G       3.4G       451M       5.7M        63M       2.9G

MemTotal:        4016004 kB
MemFree:          460248 kB
Active:           479808 kB
Mem:          3.8G       3.4G       449M       5.7M        63M       2.9G

MemTotal:        4016004 kB
MemFree:          413236 kB
Active:           479812 kB
Mem:          3.8G       3.4G       403M       5.7M        63M       2.9G

MemTotal:        4016004 kB
MemFree:          366640 kB
Active:           479812 kB
Mem:          3.8G       3.5G       357M       5.7M        63M       3.0G

MemTotal:        4016004 kB
MemFree:          320496 kB
Active:           479812 kB
Mem:          3.8G       3.5G       312M       5.7M        63M       3.0G

MemTotal:        4016004 kB
MemFree:          273652 kB
Active:           479812 kB
Mem:          3.8G       3.6G       266M       5.7M        63M       3.0G

MemTotal:        4016004 kB
MemFree:          227412 kB
Active:           479820 kB
Mem:          3.8G       3.6G       221M       5.7M        63M       3.1G

MemTotal:        4016004 kB
MemFree:          180444 kB
Active:           479820 kB
Mem:          3.8G       3.7G       175M       5.7M        63M       3.1G

MemTotal:        4016004 kB
MemFree:          134204 kB
Active:           479820 kB
Mem:          3.8G       3.7G       130M       5.7M        63M       3.2G

MemTotal:        4016004 kB
MemFree:          162812 kB
Active:           488704 kB
Mem:          3.8G       3.7G       139M       5.7M        30M       3.2G

MemTotal:        4016004 kB
MemFree:          119908 kB
Active:           488792 kB
Mem:          3.8G       3.7G       116M       5.7M        30M       3.2G

MemTotal:        4016004 kB
MemFree:          161804 kB
Active:           539924 kB
Mem:          3.8G       3.7G       146M       5.7M        29M       3.2G

MemTotal:        4016004 kB
MemFree:          115764 kB
Active:           540116 kB
Mem:          3.8G       3.7G       112M       5.7M        29M       3.2G

MemTotal:        4016004 kB
MemFree:          127140 kB
Active:           536108 kB
Mem:          3.8G       3.7G       123M       5.7M        29M       3.2G

MemTotal:        4016004 kB
MemFree:          122556 kB
Active:           531512 kB
Mem:          3.8G       3.7G       119M       5.7M        29M       3.2G

MemTotal:        4016004 kB
MemFree:          106220 kB
Active:           531512 kB
Mem:          3.8G       3.7G       103M       5.7M        29M       3.2G

MemTotal:        4016004 kB
MemFree:          105824 kB
Active:           531516 kB
Mem:          3.8G       3.7G       103M       5.7M        29M       3.2G

MemTotal:        4016004 kB
MemFree:          133864 kB
Active:           525372 kB
Mem:          3.8G       3.7G       130M       5.7M        29M       3.2G

MemTotal:        4016004 kB
MemFree:          123508 kB
Active:           522052 kB
Mem:          3.8G       3.7G       120M       5.7M        29M       3.2G

MemTotal:        4016004 kB
MemFree:          112980 kB
Active:           518600 kB
Mem:          3.8G       3.7G       110M       5.7M        29M       3.2G

MemTotal:        4016004 kB
MemFree:          126524 kB
Active:           511200 kB
Mem:          3.8G       3.7G       123M       5.7M        29M       3.2G

MemTotal:        4016004 kB
MemFree:          115376 kB
Active:           507752 kB
Mem:          3.8G       3.7G       112M       5.7M        29M       3.2G

MemTotal:        4016004 kB
MemFree:          116520 kB
Active:           502760 kB
Mem:          3.8G       3.7G       113M       5.7M        29M       3.2G

MemTotal:        4016004 kB
MemFree:          122792 kB
Active:           496492 kB
Mem:          3.8G       3.7G       119M       5.7M        29M       3.2G

MemTotal:        4016004 kB
MemFree:          130676 kB
Active:           490760 kB
Mem:          3.8G       3.7G       127M       5.7M        29M       3.2G

MemTotal:        4016004 kB
MemFree:          129300 kB
Active:           490636 kB
Mem:          3.8G       3.7G       125M       5.7M        29M       3.2G

MemTotal:        4016004 kB
MemFree:          129148 kB
Active:           490648 kB
Mem:          3.8G       3.7G       126M       5.7M        29M       3.2G

MemTotal:        4016004 kB
MemFree:          128316 kB
Active:           490660 kB
Mem:          3.8G       3.7G       125M       5.7M        29M       3.2G

MemTotal:        4016004 kB
MemFree:          144328 kB
Active:           484524 kB
Mem:          3.8G       3.7G       140M       5.7M        29M       3.2G

MemTotal:        4016004 kB
MemFree:          146200 kB
Active:           480688 kB
Mem:          3.8G       3.7G       142M       5.7M        29M       3.2G

MemTotal:        4016004 kB
MemFree:          134960 kB
Active:           475308 kB
Mem:          3.8G       3.7G       131M       5.7M        29M       3.2G

MemTotal:        4016004 kB
MemFree:          142148 kB
Active:           471700 kB
Mem:          3.8G       3.7G       138M       5.7M        29M       3.2G

MemTotal:        4016004 kB
MemFree:          131884 kB
Active:           470652 kB
Mem:          3.8G       3.7G       128M       5.7M        29M       3.2G

MemTotal:        4016004 kB
MemFree:          121976 kB
Active:           469500 kB
Mem:          3.8G       3.7G       118M       5.7M        29M       3.2G

MemTotal:        4016004 kB
MemFree:          128328 kB
Active:           467324 kB
Mem:          3.8G       3.7G       124M       5.7M        29M       3.2G

MemTotal:        4016004 kB
MemFree:          135144 kB
Active:           466300 kB
Mem:          3.8G       3.7G       132M       5.7M        29M       3.2G

MemTotal:        4016004 kB
MemFree:          108408 kB
Active:           466176 kB
Mem:          3.8G       3.7G       105M       5.7M        29M       3.2G

MemTotal:        4016004 kB
MemFree:          133508 kB
Active:           464004 kB
Mem:          3.8G       3.7G       129M       5.7M        29M       3.2G

MemTotal:        4016004 kB
MemFree:          133572 kB
Active:           457632 kB
Mem:          3.8G       3.7G       127M       5.7M        29M       3.2G

MemTotal:        4016004 kB
MemFree:          122300 kB
Active:           457124 kB
Mem:          3.8G       3.7G       118M       5.7M        29M       3.2G

MemTotal:        4016004 kB
MemFree:          121864 kB
Active:           457004 kB
Mem:          3.8G       3.7G       119M       5.7M        29M       3.2G

MemTotal:        4016004 kB
MemFree:          112384 kB
Active:           457016 kB
Mem:          3.8G       3.7G       109M       5.7M        29M       3.2G

MemTotal:        4016004 kB
MemFree:          125696 kB
Active:           455368 kB
Mem:          3.8G       3.7G       122M       5.7M        29M       3.2G

MemTotal:        4016004 kB
MemFree:          109436 kB
Active:           454216 kB
Mem:          3.8G       3.7G       106M       5.7M        29M       3.2G

MemTotal:        4016004 kB
MemFree:          134064 kB
Active:           450112 kB
Mem:          3.8G       3.7G       130M       5.7M        29M       3.2G

MemTotal:        4016004 kB
MemFree:          124048 kB
Active:           448960 kB
Mem:          3.8G       3.7G       120M       5.7M        29M       3.2G

MemTotal:        4016004 kB
MemFree:          125176 kB
Active:           443272 kB
Mem:          3.8G       3.7G       121M       5.7M        29M       3.2G

MemTotal:        4016004 kB
MemFree:          138084 kB
Active:           439684 kB
Mem:          3.8G       3.7G       134M       5.7M        29M       3.2G

MemTotal:        4016004 kB
MemFree:          126704 kB
Active:           438532 kB
Mem:          3.8G       3.7G       123M       5.7M        29M       3.2G

MemTotal:        4016004 kB
MemFree:          132964 kB
Active:           436356 kB
Mem:          3.8G       3.7G       128M       5.7M        29M       3.2G

MemTotal:        4016004 kB
MemFree:          122520 kB
Active:           435332 kB
Mem:          3.8G       3.7G       119M       5.7M        29M       3.2G

MemTotal:        4016004 kB
MemFree:          121968 kB
Active:           434188 kB
Mem:          3.8G       3.7G       118M       5.7M        29M       3.2G

MemTotal:        4016004 kB
MemFree:          123936 kB
Active:           431316 kB
Mem:          3.8G       3.7G       120M       5.7M        29M       3.2G

MemTotal:        4016004 kB
MemFree:          114188 kB
Active:           430176 kB
Mem:          3.8G       3.7G       111M       5.7M        29M       3.2G

MemTotal:        4016004 kB
MemFree:          127056 kB
Active:           428392 kB
Mem:          3.8G       3.7G       123M       5.7M        29M       3.2G

MemTotal:        4016004 kB
MemFree:          123884 kB
Active:           426600 kB
Mem:          3.8G       3.7G       120M       5.7M        29M       3.2G

MemTotal:        4016004 kB
MemFree:          123712 kB
Active:           424948 kB
Mem:          3.8G       3.7G       119M       5.7M        29M       3.2G

MemTotal:        4016004 kB
MemFree:          106396 kB
Active:           423780 kB
Mem:          3.8G       3.7G       103M       5.7M        29M       3.2G

MemTotal:        4016004 kB
MemFree:          131132 kB
Active:           421604 kB
Mem:          3.8G       3.7G       127M       5.7M        29M       3.2G

MemTotal:        4016004 kB
MemFree:          131148 kB
Active:           419684 kB
Mem:          3.8G       3.7G       127M       5.7M        29M       3.2G

MemTotal:        4016004 kB
MemFree:          118212 kB
Active:           419044 kB
Mem:          3.8G       3.7G       114M       5.7M        29M       3.2G

MemTotal:        4016004 kB
MemFree:          108060 kB
Active:           415860 kB
Mem:          3.8G       3.7G       104M       5.7M        29M       3.2G

MemTotal:        4016004 kB
MemFree:          126332 kB
Active:           413556 kB
Mem:          3.8G       3.7G       123M       5.7M        29M       3.2G

MemTotal:        4016004 kB
MemFree:          132916 kB
Active:           411636 kB
Mem:          3.8G       3.7G       129M       5.7M        29M       3.2G

MemTotal:        4016004 kB
MemFree:          122364 kB
Active:           410484 kB
Mem:          3.8G       3.7G       119M       5.7M        29M       3.2G

MemTotal:        4016004 kB
MemFree:          135872 kB
Active:           408564 kB
Mem:          3.8G       3.7G       132M       5.7M        29M       3.2G

MemTotal:        4016004 kB
MemFree:          136904 kB
Active:           407056 kB
Mem:          3.8G       3.7G       133M       5.7M        29M       3.2G

MemTotal:        4016004 kB
MemFree:          109172 kB
Active:           406392 kB
Mem:          3.8G       3.7G       106M       5.7M        29M       3.2G

MemTotal:        4016004 kB
MemFree:          126984 kB
Active:           405376 kB
Mem:          3.8G       3.7G       123M       5.7M        29M       3.2G

MemTotal:        4016004 kB
MemFree:          116968 kB
Active:           402316 kB
Mem:          3.8G       3.7G       113M       5.7M        29M       3.2G

MemTotal:        4016004 kB
MemFree:          112660 kB
Active:           402316 kB
Mem:          3.8G       3.7G       109M       5.7M        29M       3.2G

MemTotal:        4016004 kB
MemFree:          112168 kB
Active:           402320 kB
Mem:          3.8G       3.7G       109M       5.7M        29M       3.2G

MemTotal:        4016004 kB
MemFree:          127884 kB
Active:           402324 kB
Mem:          3.8G       3.7G       124M       5.7M        29M       3.2G

MemTotal:        4016004 kB
MemFree:          104896 kB
Active:           402328 kB
Mem:          3.8G       3.7G       124M       5.7M        29M       3.2G

MemTotal:        4016004 kB
MemFree:          123648 kB
Active:           402328 kB
Mem:          3.8G       3.7G       120M       5.7M        29M       3.2G

MemTotal:        4016004 kB
MemFree:          106796 kB
Active:           402332 kB
Mem:          3.8G       3.7G       104M       5.7M        29M       3.2G

MemTotal:        4016004 kB
MemFree:          132632 kB
Active:           406052 kB
Mem:          3.8G       3.7G       129M       5.7M        29M       3.2G

MemTotal:        4016004 kB
MemFree:          139912 kB
Active:           406012 kB
Mem:          3.8G       3.7G       135M       5.7M        29M       3.2G

MemTotal:        4016004 kB
MemFree:          129836 kB
Active:           406016 kB
Mem:          3.8G       3.7G       126M       5.7M        29M       3.2G

MemTotal:        4016004 kB
MemFree:          124536 kB
Active:           406016 kB
Mem:          3.8G       3.7G       121M       5.7M        29M       3.2G

MemTotal:        4016004 kB
MemFree:          108232 kB
Active:           406044 kB
Mem:          3.8G       3.7G       104M       5.7M        29M       3.2G

MemTotal:        4016004 kB
MemFree:          121604 kB
Active:           406052 kB
Mem:          3.8G       3.7G       118M       5.7M        29M       3.2G

MemTotal:        4016004 kB
MemFree:          127836 kB
Active:           406056 kB
Mem:          3.8G       3.7G       124M       5.7M        29M       3.2G

MemTotal:        4016004 kB
MemFree:          121144 kB
Active:           406056 kB
Mem:          3.8G       3.7G       117M       5.7M        29M       3.2G

MemTotal:        4016004 kB
MemFree:          127572 kB
Active:           405936 kB
Mem:          3.8G       3.7G       124M       5.7M        29M       3.2G

MemTotal:        4016004 kB
MemFree:          122704 kB
Active:           405940 kB
Mem:          3.8G       3.7G       119M       5.7M        29M       3.2G

MemTotal:        4016004 kB
MemFree:          124264 kB
Active:           405940 kB
Mem:          3.8G       3.7G       132M       5.7M        29M       3.2G

MemTotal:        4016004 kB
MemFree:          125852 kB
Active:           405940 kB
Mem:          3.8G       3.7G       122M       5.7M        29M       3.2G

MemTotal:        4016004 kB
MemFree:          126812 kB
Active:           405944 kB
Mem:          3.8G       3.7G       122M       5.7M        29M       3.2G

MemTotal:        4016004 kB
MemFree:          109528 kB
Active:           405840 kB
Mem:          3.8G       3.7G       106M       5.7M        29M       3.2G

MemTotal:        4016004 kB
MemFree:          123040 kB
Active:           405848 kB
Mem:          3.8G       3.7G       119M       5.7M        29M       3.2G

MemTotal:        4016004 kB
MemFree:          112236 kB
Active:           405868 kB
Mem:          3.8G       3.7G       109M       5.7M        29M       3.2G

MemTotal:        4016004 kB
MemFree:          124892 kB
Active:           405872 kB
Mem:          3.8G       3.7G       121M       5.7M        29M       3.2G

MemTotal:        4016004 kB
MemFree:          132404 kB
Active:           405872 kB
Mem:          3.8G       3.7G       128M       5.7M        29M       3.2G

MemTotal:        4016004 kB
MemFree:          126792 kB
Active:           405752 kB
Mem:          3.8G       3.7G       123M       5.7M        29M       3.2G

MemTotal:        4016004 kB
MemFree:          139948 kB
Active:           405752 kB
Mem:          3.8G       3.7G       136M       5.7M        29M       3.2G

MemTotal:        4016004 kB
MemFree:          129684 kB
Active:           405756 kB
Mem:          3.8G       3.7G       126M       5.7M        29M       3.2G

MemTotal:        4016004 kB
MemFree:          129216 kB
Active:           405608 kB
Mem:          3.8G       3.7G       125M       5.7M        29M       3.2G

MemTotal:        4016004 kB
MemFree:          120596 kB
Active:           405608 kB
Mem:          3.8G       3.7G       117M       5.7M        29M       3.2G

MemTotal:        4016004 kB
MemFree:          134128 kB
Active:           405620 kB
Mem:          3.8G       3.7G       130M       5.7M        29M       3.2G

MemTotal:        4016004 kB
MemFree:          134672 kB
Active:           405652 kB
Mem:          3.8G       3.7G       131M       5.7M        29M       3.2G

MemTotal:        4016004 kB
MemFree:          147828 kB
Active:           405924 kB
Mem:          3.8G       3.7G       144M       5.7M        29M       3.2G

MemTotal:        4016004 kB
MemFree:          130180 kB
Active:           405660 kB
Mem:          3.8G       3.7G       126M       5.7M        29M       3.2G

MemTotal:        4016004 kB
MemFree:          120784 kB
Active:           405672 kB
Mem:          3.8G       3.7G       117M       5.7M        29M       3.2G

MemTotal:        4016004 kB
MemFree:          127776 kB
Active:           405672 kB
Mem:          3.8G       3.7G       124M       5.7M        29M       3.2G

MemTotal:        4016004 kB
MemFree:          127836 kB
Active:           405676 kB
Mem:          3.8G       3.7G       124M       5.7M        29M       3.2G

MemTotal:        4016004 kB
MemFree:          113488 kB
Active:           405676 kB
Mem:          3.8G       3.7G       110M       5.7M        29M       3.2G

MemTotal:        4016004 kB
MemFree:          131980 kB
Active:           405680 kB
Mem:          3.8G       3.7G       128M       5.7M        29M       3.2G

MemTotal:        4016004 kB
MemFree:          122196 kB
Active:           405564 kB
Mem:          3.8G       3.7G       118M       5.7M        29M       3.2G

MemTotal:        4016004 kB
MemFree:          111188 kB
Active:           405564 kB
Mem:          3.8G       3.7G       108M       5.7M        29M       3.2G

MemTotal:        4016004 kB
MemFree:          112316 kB
Active:           405576 kB
Mem:          3.8G       3.7G       109M       5.7M        29M       3.2G

MemTotal:        4016004 kB
MemFree:          118544 kB
Active:           405576 kB
Mem:          3.8G       3.7G       115M       5.7M        29M       3.2G

MemTotal:        4016004 kB
MemFree:          107424 kB
Active:           405576 kB
Mem:          3.8G       3.7G       104M       5.7M        29M       3.2G

MemTotal:        4016004 kB
MemFree:          132748 kB
Active:           399056 kB
Mem:          3.8G       3.7G       128M       5.7M        29M       3.2G

MemTotal:        4016004 kB
MemFree:          127276 kB
Active:           398996 kB
Mem:          3.8G       3.7G       124M       5.7M        29M       3.2G

MemTotal:        4016004 kB
MemFree:          127668 kB
Active:           399028 kB
Mem:          3.8G       3.7G       124M       5.7M        29M       3.2G

MemTotal:        4016004 kB
MemFree:          118228 kB
Active:           399028 kB
Mem:          3.8G       3.7G       114M       5.7M        29M       3.2G

MemTotal:        4016004 kB
MemFree:          109624 kB
Active:           397104 kB
Mem:          3.8G       3.7G       106M       5.7M        29M       3.2G

MemTotal:        4016004 kB
MemFree:          110696 kB
Active:           397004 kB
Mem:          3.8G       3.7G       107M       5.7M        29M       3.2G

MemTotal:        4016004 kB
MemFree:          123000 kB
Active:           397004 kB
Mem:          3.8G       3.7G       119M       5.7M        29M       3.2G

MemTotal:        4016004 kB
MemFree:          125492 kB
Active:           397012 kB
Mem:          3.8G       3.7G       122M       5.7M        29M       3.2G

MemTotal:        4016004 kB
MemFree:          114484 kB
Active:           397012 kB
Mem:          3.8G       3.7G       111M       5.7M        29M       3.2G

MemTotal:        4016004 kB
MemFree:          127884 kB
Active:           396596 kB
Mem:          3.8G       3.7G       124M       5.7M        29M       3.2G

MemTotal:        4016004 kB
MemFree:          111780 kB
Active:           396408 kB
Mem:          3.8G       3.7G       108M       5.7M        29M       3.2G

MemTotal:        4016004 kB
MemFree:          108600 kB
Active:           396408 kB
Mem:          3.8G       3.7G       105M       5.7M        29M       3.2G

MemTotal:        4016004 kB
MemFree:          132376 kB
Active:           396416 kB
Mem:          3.8G       3.7G       128M       5.7M        29M       3.2G

MemTotal:        4016004 kB
MemFree:          133708 kB
Active:           396420 kB
Mem:          3.8G       3.7G       130M       5.7M        29M       3.2G

MemTotal:        4016004 kB
MemFree:          146380 kB
Active:           396428 kB
Mem:          3.8G       3.7G       142M       5.7M        29M       3.2G

MemTotal:        4016004 kB
MemFree:          123888 kB
Active:           396428 kB
Mem:          3.8G       3.7G       120M       5.7M        29M       3.2G

MemTotal:        4016004 kB
MemFree:          129320 kB
Active:           396428 kB
Mem:          3.8G       3.7G       125M       5.7M        29M       3.2G

MemTotal:        4016004 kB
MemFree:          127288 kB
Active:           394984 kB
Mem:          3.8G       3.7G       123M       5.7M        29M       3.2G

MemTotal:        4016004 kB
MemFree:          117024 kB
Active:           394860 kB
Mem:          3.8G       3.7G       113M       5.7M        29M       3.2G

MemTotal:        4016004 kB
MemFree:          123608 kB
Active:           394860 kB
Mem:          3.8G       3.7G       120M       5.7M        29M       3.2G

MemTotal:        4016004 kB
MemFree:          112776 kB
Active:           394860 kB
Mem:          3.8G       3.7G       109M       5.7M        29M       3.2G

MemTotal:        4016004 kB
MemFree:          108124 kB
Active:           394876 kB
Mem:          3.8G       3.7G       105M       5.7M        30M       3.2G

MemTotal:        4016004 kB
MemFree:          131924 kB
Active:           394888 kB
Mem:          3.8G       3.7G       129M       5.7M        30M       3.2G

MemTotal:        4016004 kB
MemFree:          114788 kB
Active:           394888 kB
Mem:          3.8G       3.7G       112M       5.7M        30M       3.2G

MemTotal:        4016004 kB
MemFree:          120868 kB
Active:           394896 kB
Mem:          3.8G       3.7G       118M       5.7M        30M       3.2G

MemTotal:        4016004 kB
MemFree:          110148 kB
Active:           394904 kB
Mem:          3.8G       3.7G       107M       5.7M        30M       3.2G

MemTotal:        4016004 kB
MemFree:          136412 kB
Active:           394064 kB
Mem:          3.8G       3.7G       132M       5.7M        30M       3.2G

MemTotal:        4016004 kB
MemFree:          137620 kB
Active:           393988 kB
Mem:          3.8G       3.7G       134M       5.7M        30M       3.2G

MemTotal:        4016004 kB
MemFree:          134052 kB
Active:           393992 kB
Mem:          3.8G       3.7G       129M       5.7M        30M       3.2G

MemTotal:        4016004 kB
MemFree:          134552 kB
Active:           393996 kB
Mem:          3.8G       3.7G       131M       5.7M        30M       3.2G

MemTotal:        4016004 kB
MemFree:          123924 kB
Active:           393996 kB
Mem:          3.8G       3.7G       120M       5.7M        30M       3.2G

MemTotal:        4016004 kB
MemFree:          140832 kB
Active:           394000 kB
Mem:          3.8G       3.7G       137M       5.7M        30M       3.2G

MemTotal:        4016004 kB
MemFree:          127668 kB
Active:           394012 kB
Mem:          3.8G       3.7G       124M       5.7M        30M       3.2G

MemTotal:        4016004 kB
MemFree:          128712 kB
Active:           394020 kB
Mem:          3.8G       3.7G       125M       5.7M        30M       3.2G

MemTotal:        4016004 kB
MemFree:          107024 kB
Active:           394020 kB
Mem:          3.8G       3.7G       104M       5.7M        30M       3.2G

MemTotal:        4016004 kB
MemFree:          116768 kB
Active:           394020 kB
Mem:          3.8G       3.7G       113M       5.7M        30M       3.2G

MemTotal:        4016004 kB
MemFree:          118376 kB
Active:           383024 kB
Mem:          3.8G       3.7G       115M       5.7M        30M       3.2G

MemTotal:        4016004 kB
MemFree:          117788 kB
Active:           382816 kB
Mem:          3.8G       3.7G       115M       5.7M        30M       3.2G

MemTotal:        4016004 kB
MemFree:          116636 kB
Active:           382916 kB
Mem:          3.8G       3.7G       113M       5.7M        30M       3.2G

MemTotal:        4016004 kB
MemFree:          131220 kB
Active:           382824 kB
Mem:          3.8G       3.7G       127M       5.7M        30M       3.2G

MemTotal:        4016004 kB
MemFree:          121436 kB
Active:           382824 kB
Mem:          3.8G       3.7G       117M       5.7M        30M       3.2G

MemTotal:        4016004 kB
MemFree:          110552 kB
Active:           382824 kB
Mem:          3.8G       3.7G       107M       5.7M        30M       3.2G

MemTotal:        4016004 kB
MemFree:          111804 kB
Active:           382832 kB
Mem:          3.8G       3.7G       108M       5.7M        30M       3.2G

MemTotal:        4016004 kB
MemFree:          118652 kB
Active:           382832 kB
Mem:          3.8G       3.7G       115M       5.7M        30M       3.2G

MemTotal:        4016004 kB
MemFree:          107752 kB
Active:           382832 kB
Mem:          3.8G       3.7G       104M       5.7M        30M       3.2G

MemTotal:        4016004 kB
MemFree:          133160 kB
Active:           382832 kB
Mem:          3.8G       3.7G       129M       5.7M        30M       3.2G

MemTotal:        4016004 kB
MemFree:          120248 kB
Active:           382832 kB
Mem:          3.8G       3.7G       116M       5.7M        30M       3.2G

MemTotal:        4016004 kB
MemFree:          137792 kB
Active:           382976 kB
Mem:          3.8G       3.7G       134M       5.7M        30M       3.2G

MemTotal:        4016004 kB
MemFree:          127808 kB
Active:           382976 kB
Mem:          3.8G       3.7G       124M       5.7M        30M       3.2G

MemTotal:        4016004 kB
MemFree:          119792 kB
Active:           380168 kB
Mem:          3.8G       3.7G       116M       5.7M        30M       3.2G

MemTotal:        4016004 kB
MemFree:          128708 kB
Active:           380112 kB
Mem:          3.8G       3.7G       125M       5.7M        30M       3.2G

MemTotal:        4016004 kB
MemFree:          127840 kB
Active:           380004 kB
Mem:          3.8G       3.7G       124M       5.7M        30M       3.2G

MemTotal:        4016004 kB
MemFree:          127716 kB
Active:           380008 kB
Mem:          3.8G       3.7G       124M       5.7M        30M       3.2G

MemTotal:        4016004 kB
MemFree:          127784 kB
Active:           380008 kB
Mem:          3.8G       3.7G       124M       5.7M        30M       3.2G

MemTotal:        4016004 kB
MemFree:          122188 kB
Active:           380012 kB
Mem:          3.8G       3.7G       118M       5.7M        30M       3.2G

MemTotal:        4016004 kB
MemFree:          105632 kB
Active:           380012 kB
Mem:          3.8G       3.7G       102M       5.7M        30M       3.2G

MemTotal:        4016004 kB
MemFree:          124368 kB
Active:           379892 kB
Mem:          3.8G       3.7G       121M       5.7M        30M       3.2G

MemTotal:        4016004 kB
MemFree:          108276 kB
Active:           379892 kB
Mem:          3.8G       3.7G       104M       5.7M        30M       3.2G

MemTotal:        4016004 kB
MemFree:          127260 kB
Active:           379892 kB
Mem:          3.8G       3.7G       124M       5.7M        30M       3.2G

MemTotal:        4016004 kB
MemFree:          116996 kB
Active:           379896 kB
Mem:          3.8G       3.7G       113M       5.7M        30M       3.2G

MemTotal:        4016004 kB
MemFree:          106840 kB
Active:           379896 kB
Mem:          3.8G       3.7G       103M       5.7M        30M       3.2G

MemTotal:        4016004 kB
MemFree:          118592 kB
Active:           379896 kB
Mem:          3.8G       3.7G       115M       5.7M        30M       3.2G

MemTotal:        4016004 kB
MemFree:          138816 kB
Active:           376908 kB
Mem:          3.8G       3.7G       135M       5.7M        30M       3.2G

MemTotal:        4016004 kB
MemFree:          128892 kB
Active:           376924 kB
Mem:          3.8G       3.7G       125M       5.7M        30M       3.2G

MemTotal:        4016004 kB
MemFree:          126792 kB
Active:           376924 kB
Mem:          3.8G       3.7G       123M       5.7M        30M       3.2G

MemTotal:        4016004 kB
MemFree:          108824 kB
Active:           376936 kB
Mem:          3.8G       3.7G       106M       5.7M        30M       3.2G

MemTotal:        4016004 kB
MemFree:          121548 kB
Active:           376940 kB
Mem:          3.8G       3.7G       118M       5.7M        30M       3.2G

MemTotal:        4016004 kB
MemFree:          121240 kB
Active:           376944 kB
Mem:          3.8G       3.7G       118M       5.7M        30M       3.2G

MemTotal:        4016004 kB
MemFree:          121464 kB
Active:           376944 kB
Mem:          3.8G       3.7G       118M       5.7M        30M       3.2G

MemTotal:        4016004 kB
MemFree:          111928 kB
Active:           376948 kB
Mem:          3.8G       3.7G       109M       5.7M        30M       3.2G

MemTotal:        4016004 kB
MemFree:          125348 kB
Active:           376948 kB
Mem:          3.8G       3.7G       121M       5.7M        30M       3.2G

MemTotal:        4016004 kB
MemFree:          109240 kB
Active:           376956 kB
Mem:          3.8G       3.7G       106M       5.7M        30M       3.2G

MemTotal:        4016004 kB
MemFree:          134564 kB
Active:           376956 kB
Mem:          3.8G       3.7G       131M       5.7M        30M       3.2G

MemTotal:        4016004 kB
MemFree:          124036 kB
Active:           376956 kB
Mem:          3.8G       3.7G       120M       5.7M        30M       3.2G

MemTotal:        4016004 kB
MemFree:          138076 kB
Active:           376956 kB
Mem:          3.8G       3.7G       134M       5.7M        30M       3.2G

MemTotal:        4016004 kB
MemFree:          127544 kB
Active:           376956 kB
Mem:          3.8G       3.7G       124M       5.7M        30M       3.2G

MemTotal:        4016004 kB
MemFree:          141952 kB
Active:           376956 kB
Mem:          3.8G       3.7G       138M       5.7M        30M       3.2G

MemTotal:        4016004 kB
MemFree:          132776 kB
Active:           376980 kB
Mem:          3.8G       3.7G       129M       5.7M        30M       3.2G

MemTotal:        4016004 kB
MemFree:          137116 kB
Active:           374308 kB
Mem:          3.8G       3.7G       133M       5.7M        30M       3.2G

MemTotal:        4016004 kB
MemFree:          127168 kB
Active:           374308 kB
Mem:          3.8G       3.7G       123M       5.7M        30M       3.2G

MemTotal:        4016004 kB
MemFree:          116380 kB
Active:           374316 kB
Mem:          3.8G       3.7G       113M       5.7M        30M       3.2G

MemTotal:        4016004 kB
MemFree:          116656 kB
Active:           374320 kB
Mem:          3.8G       3.7G       113M       5.7M        30M       3.2G

MemTotal:        4016004 kB
MemFree:          106004 kB
Active:           374328 kB
Mem:          3.8G       3.7G       103M       5.7M        30M       3.2G

MemTotal:        4016004 kB
MemFree:          119548 kB
Active:           374328 kB
Mem:          3.8G       3.7G       116M       5.7M        30M       3.2G

MemTotal:        4016004 kB
MemFree:          138904 kB
Active:           374328 kB
Mem:          3.8G       3.7G       134M       5.7M        30M       3.2G

MemTotal:        4016004 kB
MemFree:          133984 kB
Active:           374352 kB
Mem:          3.8G       3.7G       130M       5.7M        30M       3.2G

MemTotal:        4016004 kB
MemFree:          134664 kB
Active:           374364 kB
Mem:          3.8G       3.7G       131M       5.7M        30M       3.2G

MemTotal:        4016004 kB
MemFree:          128228 kB
Active:           374376 kB
Mem:          3.8G       3.7G       124M       5.7M        30M       3.2G

MemTotal:        4016004 kB
MemFree:          116688 kB
Active:           374388 kB
Mem:          3.8G       3.7G       113M       5.7M        30M       3.2G

MemTotal:        4016004 kB
MemFree:          116948 kB
Active:           374388 kB
Mem:          3.8G       3.7G       113M       5.7M        30M       3.2G

MemTotal:        4016004 kB
MemFree:          106904 kB
Active:           374388 kB
Mem:          3.8G       3.7G       103M       5.7M        30M       3.2G

MemTotal:        4016004 kB
MemFree:          108224 kB
Active:           374388 kB
Mem:          3.8G       3.7G       105M       5.7M        30M       3.2G

MemTotal:        4016004 kB
MemFree:          112380 kB
Active:           371404 kB
Mem:          3.8G       3.7G       109M       5.7M        30M       3.2G

MemTotal:        4016004 kB
MemFree:          126048 kB
Active:           371408 kB
Mem:          3.8G       3.7G       122M       5.7M        30M       3.2G

MemTotal:        4016004 kB
MemFree:          121596 kB
Active:           371408 kB
Mem:          3.8G       3.7G       118M       5.7M        30M       3.2G

MemTotal:        4016004 kB
MemFree:          105132 kB
Active:           371408 kB
Mem:          3.8G       3.7G       124M       5.7M        30M       3.2G

MemTotal:        4016004 kB
MemFree:          121112 kB
Active:           371408 kB
Mem:          3.8G       3.7G       117M       5.7M        30M       3.2G

MemTotal:        4016004 kB
MemFree:          127980 kB
Active:           371416 kB
Mem:          3.8G       3.7G       124M       5.7M        30M       3.2G

MemTotal:        4016004 kB
MemFree:          120348 kB
Active:           371416 kB
Mem:          3.8G       3.7G       117M       5.7M        30M       3.2G

MemTotal:        4016004 kB
MemFree:          110924 kB
Active:           371428 kB
Mem:          3.8G       3.7G       108M       5.7M        30M       3.2G

MemTotal:        4016004 kB
MemFree:          112216 kB
Active:           371440 kB
Mem:          3.8G       3.7G       109M       5.7M        30M       3.2G

MemTotal:        4016004 kB
MemFree:          125716 kB
Active:           371440 kB
Mem:          3.8G       3.7G       122M       5.7M        30M       3.2G

MemTotal:        4016004 kB
MemFree:          118684 kB
Active:           371440 kB
Mem:          3.8G       3.7G       115M       5.7M        30M       3.2G

MemTotal:        4016004 kB
MemFree:          122464 kB
Active:           371448 kB
Mem:          3.8G       3.7G       119M       5.7M        30M       3.2G

MemTotal:        4016004 kB
MemFree:          128552 kB
Active:           371448 kB
Mem:          3.8G       3.7G       125M       5.7M        30M       3.2G

MemTotal:        4016004 kB
MemFree:          118412 kB
Active:           371448 kB
Mem:          3.8G       3.7G       115M       5.7M        30M       3.2G

MemTotal:        4016004 kB
MemFree:          107760 kB
Active:           371448 kB
Mem:          3.8G       3.7G       104M       5.7M        30M       3.2G

MemTotal:        4016004 kB
MemFree:          114980 kB
Active:           371460 kB
Mem:          3.8G       3.7G       111M       5.7M        30M       3.2G

MemTotal:        4016004 kB
MemFree:          130512 kB
Active:           369160 kB
Mem:          3.8G       3.7G       127M       5.7M        30M       3.2G

MemTotal:        4016004 kB
MemFree:          120552 kB
Active:           368952 kB
Mem:          3.8G       3.7G       117M       5.7M        30M       3.2G

MemTotal:        4016004 kB
MemFree:          129316 kB
Active:           368736 kB
Mem:          3.8G       3.7G       126M       5.7M        30M       3.2G

MemTotal:        4016004 kB
MemFree:          129620 kB
Active:           368640 kB
Mem:          3.8G       3.7G       126M       5.7M        30M       3.2G

MemTotal:        4016004 kB
MemFree:          129620 kB
Active:           368640 kB
Mem:          3.8G       3.7G       126M       5.7M        30M       3.2G

MemTotal:        4016004 kB
MemFree:          129620 kB
Active:           368648 kB
Mem:          3.8G       3.7G       126M       5.7M        30M       3.2G

MemTotal:        4016004 kB
MemFree:          129620 kB
Active:           368656 kB
Mem:          3.8G       3.7G       126M       5.7M        30M       3.2G

MemTotal:        4016004 kB
MemFree:          129172 kB
Active:           368668 kB
Mem:          3.8G       3.7G       126M       5.7M        30M       3.2G

MemTotal:        4016004 kB
MemFree:          129144 kB
Active:           368668 kB
Mem:          3.8G       3.7G       126M       5.7M        30M       3.2G

MemTotal:        4016004 kB
MemFree:          129272 kB
Active:           368668 kB
Mem:          3.8G       3.7G       126M       5.7M        30M       3.2G

MemTotal:        4016004 kB
MemFree:          129400 kB
Active:           368668 kB
Mem:          3.8G       3.7G       126M       5.7M        30M       3.2G

MemTotal:        4016004 kB
MemFree:          129400 kB
Active:           368676 kB
Mem:          3.8G       3.7G       126M       5.7M        30M       3.2G

MemTotal:        4016004 kB
MemFree:          129524 kB
Active:           368684 kB
Mem:          3.8G       3.7G       126M       5.7M        30M       3.2G

MemTotal:        4016004 kB
MemFree:          129524 kB
Active:           368688 kB
Mem:          3.8G       3.7G       126M       5.7M        30M       3.2G

MemTotal:        4016004 kB
MemFree:          129524 kB
Active:           368688 kB
Mem:          3.8G       3.7G       126M       5.7M        30M       3.2G

MemTotal:        4016004 kB
MemFree:          129524 kB
Active:           368688 kB
Mem:          3.8G       3.7G       126M       5.7M        30M       3.2G

MemTotal:        4016004 kB
MemFree:          129400 kB
Active:           368688 kB
Mem:          3.8G       3.7G       126M       5.7M        30M       3.2G

MemTotal:        4016004 kB
MemFree:          129400 kB
Active:           368688 kB
Mem:          3.8G       3.7G       126M       5.7M        30M       3.2G

MemTotal:        4016004 kB
MemFree:          129400 kB
Active:           368688 kB
Mem:          3.8G       3.7G       126M       5.7M        30M       3.2G

MemTotal:        4016004 kB
MemFree:          129400 kB
Active:           368696 kB
Mem:          3.8G       3.7G       126M       5.7M        30M       3.2G

MemTotal:        4016004 kB
MemFree:          129524 kB
Active:           368696 kB
Mem:          3.8G       3.7G       126M       5.7M        30M       3.2G

MemTotal:        4016004 kB
MemFree:          129524 kB
Active:           368696 kB
Mem:          3.8G       3.7G       126M       5.7M        30M       3.2G

MemTotal:        4016004 kB
MemFree:          129524 kB
Active:           368696 kB
Mem:          3.8G       3.7G       126M       5.7M        30M       3.2G

MemTotal:        4016004 kB
MemFree:          129524 kB
Active:           368696 kB
Mem:          3.8G       3.7G       126M       5.7M        30M       3.2G

MemTotal:        4016004 kB
MemFree:          129524 kB
Active:           368700 kB
Mem:          3.8G       3.7G       126M       5.7M        30M       3.2G

MemTotal:        4016004 kB
MemFree:          129524 kB
Active:           368704 kB
Mem:          3.8G       3.7G       126M       5.7M        30M       3.2G

MemTotal:        4016004 kB
MemFree:          129400 kB
Active:           368708 kB
Mem:          3.8G       3.7G       126M       5.7M        30M       3.2G

MemTotal:        4016004 kB
MemFree:          129524 kB
Active:           368712 kB
Mem:          3.8G       3.7G       126M       5.7M        30M       3.2G

MemTotal:        4016004 kB
MemFree:          129524 kB
Active:           368712 kB
Mem:          3.8G       3.7G       126M       5.7M        30M       3.2G

MemTotal:        4016004 kB
MemFree:          129400 kB
Active:           368712 kB
Mem:          3.8G       3.7G       126M       5.7M        30M       3.2G

MemTotal:        4016004 kB
MemFree:          129524 kB
Active:           368720 kB
Mem:          3.8G       3.7G       126M       5.7M        30M       3.2G

MemTotal:        4016004 kB
MemFree:          129524 kB
Active:           368720 kB
Mem:          3.8G       3.7G       126M       5.7M        30M       3.2G

MemTotal:        4016004 kB
MemFree:          129524 kB
Active:           368720 kB
