MemTotal:        4016004 kB
MemFree:         3255872 kB
Active:           406680 kB
Mem:          3.8G       742M       3.1G       5.7M        54M       314M

MemTotal:        4016004 kB
MemFree:         3257872 kB
Active:           404668 kB
Mem:          3.8G       740M       3.1G       5.7M        54M       314M

MemTotal:        4016004 kB
MemFree:         3258244 kB
Active:           404688 kB
Mem:          3.8G       739M       3.1G       5.7M        54M       314M

MemTotal:        4016004 kB
MemFree:         3258104 kB
Active:           404692 kB
Mem:          3.8G       740M       3.1G       5.7M        54M       314M

MemTotal:        4016004 kB
MemFree:         3258088 kB
Active:           404744 kB
Mem:          3.8G       740M       3.1G       5.7M        54M       314M

MemTotal:        4016004 kB
MemFree:         3258584 kB
Active:           404708 kB
Mem:          3.8G       739M       3.1G       5.7M        54M       314M

MemTotal:        4016004 kB
MemFree:         3258568 kB
Active:           404700 kB
Mem:          3.8G       739M       3.1G       5.7M        54M       314M

MemTotal:        4016004 kB
MemFree:         3256456 kB
Active:           404712 kB
Mem:          3.8G       741M       3.1G       5.7M        54M       314M

MemTotal:        4016004 kB
MemFree:         3256564 kB
Active:           406760 kB
Mem:          3.8G       741M       3.1G       5.7M        54M       314M

MemTotal:        4016004 kB
MemFree:         3256796 kB
Active:           406752 kB
Mem:          3.8G       741M       3.1G       5.7M        54M       314M

MemTotal:        4016004 kB
MemFree:         3256780 kB
Active:           406756 kB
Mem:          3.8G       741M       3.1G       5.7M        54M       314M

MemTotal:        4016004 kB
MemFree:         3256720 kB
Active:           406724 kB
Mem:          3.8G       741M       3.1G       5.7M        54M       314M

MemTotal:        4016004 kB
MemFree:         3256844 kB
Active:           406772 kB
Mem:          3.8G       741M       3.1G       5.7M        54M       314M

MemTotal:        4016004 kB
MemFree:         3256720 kB
Active:           406768 kB
Mem:          3.8G       741M       3.1G       5.7M        54M       314M

MemTotal:        4016004 kB
MemFree:         3256472 kB
Active:           406784 kB
Mem:          3.8G       741M       3.1G       5.7M        54M       314M

MemTotal:        4016004 kB
MemFree:         3256348 kB
Active:           406740 kB
Mem:          3.8G       741M       3.1G       5.7M        54M       314M

MemTotal:        4016004 kB
MemFree:         3256364 kB
Active:           406784 kB
Mem:          3.8G       741M       3.1G       5.7M        54M       314M

MemTotal:        4016004 kB
MemFree:         3256116 kB
Active:           406784 kB
Mem:          3.8G       742M       3.1G       5.7M        54M       314M

MemTotal:        4016004 kB
MemFree:         3256472 kB
Active:           406736 kB
Mem:          3.8G       741M       3.1G       5.7M        54M       314M

MemTotal:        4016004 kB
MemFree:         3256456 kB
Active:           406732 kB
Mem:          3.8G       741M       3.1G       5.7M        54M       314M

MemTotal:        4016004 kB
MemFree:         3256564 kB
Active:           406756 kB
Mem:          3.8G       741M       3.1G       5.7M        54M       314M

MemTotal:        4016004 kB
MemFree:         3256752 kB
Active:           406756 kB
Mem:          3.8G       741M       3.1G       5.7M        54M       314M

MemTotal:        4016004 kB
MemFree:         3256752 kB
Active:           406768 kB
Mem:          3.8G       741M       3.1G       5.7M        54M       314M

MemTotal:        4016004 kB
MemFree:         3256628 kB
Active:           406768 kB
Mem:          3.8G       741M       3.1G       5.7M        54M       314M

MemTotal:        4016004 kB
MemFree:         3256752 kB
Active:           406764 kB
Mem:          3.8G       741M       3.1G       5.7M        54M       314M

MemTotal:        4016004 kB
MemFree:         3256380 kB
Active:           406792 kB
Mem:          3.8G       741M       3.1G       5.7M        54M       314M

MemTotal:        4016004 kB
MemFree:         3256752 kB
Active:           406740 kB
Mem:          3.8G       741M       3.1G       5.7M        54M       314M

MemTotal:        4016004 kB
MemFree:         3255648 kB
Active:           404848 kB
Mem:          3.8G       742M       3.1G       5.7M        54M       314M

MemTotal:        4016004 kB
MemFree:         3255540 kB
Active:           406812 kB
Mem:          3.8G       742M       3.1G       5.7M        54M       314M

MemTotal:        4016004 kB
MemFree:         3255772 kB
Active:           406808 kB
Mem:          3.8G       742M       3.1G       5.7M        54M       314M

MemTotal:        4016004 kB
MemFree:         3256128 kB
Active:           406808 kB
Mem:          3.8G       741M       3.1G       5.7M        54M       314M

MemTotal:        4016004 kB
MemFree:         3256192 kB
Active:           406812 kB
Mem:          3.8G       741M       3.1G       5.7M        54M       314M

MemTotal:        4016004 kB
MemFree:         3256192 kB
Active:           406812 kB
Mem:          3.8G       741M       3.1G       5.7M        54M       314M

MemTotal:        4016004 kB
MemFree:         3256688 kB
Active:           406764 kB
Mem:          3.8G       741M       3.1G       5.7M        54M       314M

MemTotal:        4016004 kB
MemFree:         3256564 kB
Active:           406776 kB
Mem:          3.8G       741M       3.1G       5.7M        54M       314M

MemTotal:        4016004 kB
MemFree:         3256316 kB
Active:           406820 kB
Mem:          3.8G       741M       3.1G       5.7M        54M       314M

MemTotal:        4016004 kB
MemFree:         3256192 kB
Active:           406824 kB
Mem:          3.8G       742M       3.1G       5.7M        54M       314M

MemTotal:        4016004 kB
MemFree:         3256300 kB
Active:           406800 kB
Mem:          3.8G       742M       3.1G       5.7M        54M       314M

MemTotal:        4016004 kB
MemFree:         3256284 kB
Active:           406820 kB
Mem:          3.8G       742M       3.1G       5.7M        54M       314M

MemTotal:        4016004 kB
MemFree:         3256392 kB
Active:           406784 kB
Mem:          3.8G       741M       3.1G       5.7M        54M       314M

MemTotal:        4016004 kB
MemFree:         3256392 kB
Active:           406784 kB
Mem:          3.8G       741M       3.1G       5.7M        54M       314M

MemTotal:        4016004 kB
MemFree:         3256004 kB
Active:           406836 kB
Mem:          3.8G       742M       3.1G       5.7M        54M       314M

MemTotal:        4016004 kB
MemFree:         3256316 kB
Active:           406804 kB
Mem:          3.8G       741M       3.1G       5.7M        54M       314M

MemTotal:        4016004 kB
MemFree:         3256316 kB
Active:           406792 kB
Mem:          3.8G       741M       3.1G       5.7M        54M       314M

MemTotal:        4016004 kB
MemFree:         3256316 kB
Active:           406796 kB
Mem:          3.8G       741M       3.1G       5.7M        54M       314M

MemTotal:        4016004 kB
MemFree:         3256316 kB
Active:           406840 kB
Mem:          3.8G       741M       3.1G       5.7M        54M       314M

MemTotal:        4016004 kB
MemFree:         3256192 kB
Active:           406840 kB
Mem:          3.8G       741M       3.1G       5.7M        54M       314M

MemTotal:        4016004 kB
MemFree:         3256564 kB
Active:           406836 kB
Mem:          3.8G       741M       3.1G       5.7M        54M       314M

MemTotal:        4016004 kB
MemFree:         3256564 kB
Active:           406844 kB
Mem:          3.8G       741M       3.1G       5.7M        54M       314M

MemTotal:        4016004 kB
MemFree:         3256160 kB
Active:           406852 kB
Mem:          3.8G       742M       3.1G       5.7M        54M       314M

MemTotal:        4016004 kB
MemFree:         3256392 kB
Active:           406820 kB
Mem:          3.8G       741M       3.1G       5.7M        54M       314M

MemTotal:        4016004 kB
MemFree:         3256500 kB
Active:           406816 kB
Mem:          3.8G       741M       3.1G       5.7M        54M       314M

MemTotal:        4016004 kB
MemFree:         3256456 kB
Active:           406812 kB
Mem:          3.8G       741M       3.1G       5.7M        54M       314M

MemTotal:        4016004 kB
MemFree:         3256332 kB
Active:           406820 kB
Mem:          3.8G       742M       3.1G       5.7M        54M       314M

MemTotal:        4016004 kB
MemFree:         3256332 kB
Active:           406820 kB
Mem:          3.8G       742M       3.1G       5.7M        54M       314M

MemTotal:        4016004 kB
MemFree:         3255960 kB
Active:           406876 kB
Mem:          3.8G       741M       3.1G       5.7M        54M       314M

MemTotal:        4016004 kB
MemFree:         3256084 kB
Active:           406880 kB
Mem:          3.8G       742M       3.1G       5.7M        54M       314M

MemTotal:        4016004 kB
MemFree:         3254268 kB
Active:           406844 kB
Mem:          3.8G       743M       3.1G       5.7M        54M       314M

MemTotal:        4016004 kB
MemFree:         3253880 kB
Active:           408900 kB
Mem:          3.8G       744M       3.1G       5.7M        54M       314M

MemTotal:        4016004 kB
MemFree:         3253740 kB
Active:           408904 kB
Mem:          3.8G       744M       3.1G       5.7M        54M       314M

MemTotal:        4016004 kB
MemFree:         3254096 kB
Active:           408884 kB
Mem:          3.8G       744M       3.1G       5.7M        54M       314M

MemTotal:        4016004 kB
MemFree:         3253956 kB
Active:           408872 kB
Mem:          3.8G       744M       3.1G       5.7M        55M       314M

MemTotal:        4016004 kB
MemFree:         3253880 kB
Active:           408912 kB
Mem:          3.8G       744M       3.1G       5.7M        55M       314M

MemTotal:        4016004 kB
MemFree:         3254128 kB
Active:           408896 kB
Mem:          3.8G       743M       3.1G       5.7M        55M       314M

MemTotal:        4016004 kB
MemFree:         3254252 kB
Active:           408888 kB
Mem:          3.8G       744M       3.1G       5.7M        55M       314M

MemTotal:        4016004 kB
MemFree:         3254252 kB
Active:           408892 kB
Mem:          3.8G       744M       3.1G       5.7M        55M       314M

MemTotal:        4016004 kB
MemFree:         3253880 kB
Active:           408912 kB
Mem:          3.8G       744M       3.1G       5.7M        55M       314M

MemTotal:        4016004 kB
MemFree:         3254128 kB
Active:           408868 kB
Mem:          3.8G       743M       3.1G       5.7M        55M       314M

MemTotal:        4016004 kB
MemFree:         3254252 kB
Active:           408860 kB
Mem:          3.8G       743M       3.1G       5.7M        55M       314M

MemTotal:        4016004 kB
MemFree:         3253988 kB
Active:           408912 kB
Mem:          3.8G       744M       3.1G       5.7M        55M       314M

MemTotal:        4016004 kB
MemFree:         3253972 kB
Active:           408904 kB
Mem:          3.8G       744M       3.1G       5.7M        55M       314M

MemTotal:        4016004 kB
MemFree:         3253956 kB
Active:           408864 kB
Mem:          3.8G       744M       3.1G       5.7M        55M       314M

MemTotal:        4016004 kB
MemFree:         3254532 kB
Active:           408880 kB
Mem:          3.8G       743M       3.1G       5.7M        55M       314M

MemTotal:        4016004 kB
MemFree:         3254160 kB
Active:           408920 kB
Mem:          3.8G       743M       3.1G       5.7M        55M       314M

MemTotal:        4016004 kB
MemFree:         3254532 kB
Active:           408900 kB
Mem:          3.8G       743M       3.1G       5.7M        55M       314M

MemTotal:        4016004 kB
MemFree:         3254656 kB
Active:           408888 kB
Mem:          3.8G       743M       3.1G       5.7M        55M       314M

MemTotal:        4016004 kB
MemFree:         3254268 kB
Active:           408928 kB
Mem:          3.8G       743M       3.1G       5.7M        55M       314M

MemTotal:        4016004 kB
MemFree:         3254516 kB
Active:           408880 kB
Mem:          3.8G       743M       3.1G       5.7M        55M       314M

MemTotal:        4016004 kB
MemFree:         3254484 kB
Active:           408924 kB
Mem:          3.8G       743M       3.1G       5.7M        55M       314M

MemTotal:        4016004 kB
MemFree:         3254468 kB
Active:           408920 kB
Mem:          3.8G       743M       3.1G       5.7M        55M       314M

MemTotal:        4016004 kB
MemFree:         3253964 kB
Active:           408928 kB
Mem:          3.8G       744M       3.1G       5.7M        55M       314M

MemTotal:        4016004 kB
MemFree:         3253920 kB
Active:           408932 kB
Mem:          3.8G       744M       3.1G       5.7M        55M       314M

MemTotal:        4016004 kB
MemFree:         3254292 kB
Active:           408920 kB
Mem:          3.8G       743M       3.1G       5.7M        55M       314M

MemTotal:        4016004 kB
MemFree:         3254292 kB
Active:           408924 kB
Mem:          3.8G       743M       3.1G       5.7M        55M       314M

MemTotal:        4016004 kB
MemFree:         3253920 kB
Active:           408948 kB
Mem:          3.8G       744M       3.1G       5.7M        55M       314M

MemTotal:        4016004 kB
MemFree:         3254168 kB
Active:           408940 kB
Mem:          3.8G       743M       3.1G       5.7M        55M       314M

MemTotal:        4016004 kB
MemFree:         3254648 kB
Active:           408892 kB
Mem:          3.8G       743M       3.1G       5.7M        55M       314M

MemTotal:        4016004 kB
MemFree:         3252212 kB
Active:           408948 kB
Mem:          3.8G       746M       3.1G       5.7M        55M       314M

MemTotal:        4016004 kB
MemFree:         3251948 kB
Active:           410972 kB
Mem:          3.8G       746M       3.1G       5.7M        55M       314M

MemTotal:        4016004 kB
MemFree:         3251932 kB
Active:           410924 kB
Mem:          3.8G       746M       3.1G       5.7M        55M       314M

MemTotal:        4016004 kB
MemFree:         3251420 kB
Active:           410980 kB
Mem:          3.8G       746M       3.1G       5.7M        55M       314M

MemTotal:        4016004 kB
MemFree:         3251652 kB
Active:           410972 kB
Mem:          3.8G       746M       3.1G       5.7M        55M       314M

MemTotal:        4016004 kB
MemFree:         3251512 kB
Active:           410948 kB
Mem:          3.8G       746M       3.1G       5.7M        55M       314M

MemTotal:        4016004 kB
MemFree:         3251372 kB
Active:           410980 kB
Mem:          3.8G       746M       3.1G       5.7M        55M       314M

MemTotal:        4016004 kB
MemFree:         3252024 kB
Active:           410976 kB
Mem:          3.8G       746M       3.1G       5.7M        55M       314M

MemTotal:        4016004 kB
MemFree:         3252024 kB
Active:           410964 kB
Mem:          3.8G       746M       3.1G       5.7M        55M       314M

MemTotal:        4016004 kB
MemFree:         3252024 kB
Active:           410952 kB
Mem:          3.8G       746M       3.1G       5.7M        55M       314M

MemTotal:        4016004 kB
MemFree:         3251012 kB
Active:           409064 kB
Mem:          3.8G       746M       3.1G       5.7M        55M       314M

MemTotal:        4016004 kB
MemFree:         3251204 kB
Active:           410992 kB
Mem:          3.8G       746M       3.1G       5.7M        55M       314M

MemTotal:        4016004 kB
MemFree:         3251576 kB
Active:           410964 kB
Mem:          3.8G       746M       3.1G       5.7M        55M       314M

MemTotal:        4016004 kB
MemFree:         3251452 kB
Active:           410960 kB
Mem:          3.8G       746M       3.1G       5.7M        55M       314M

MemTotal:        4016004 kB
MemFree:         3209856 kB
Active:           411672 kB
Mem:          3.8G       788M       3.1G       5.7M        55M       354M

MemTotal:        4016004 kB
MemFree:         3164716 kB
Active:           411736 kB
Mem:          3.8G       832M       3.0G       5.7M        55M       398M

MemTotal:        4016004 kB
MemFree:         3120104 kB
Active:           411744 kB
Mem:          3.8G       875M       3.0G       5.7M        55M       440M

MemTotal:        4016004 kB
MemFree:         3075368 kB
Active:           411800 kB
Mem:          3.8G       918M       2.9G       5.7M        55M       483M

MemTotal:        4016004 kB
MemFree:         3031004 kB
Active:           411824 kB
Mem:          3.8G       962M       2.9G       5.7M        55M       526M

MemTotal:        4016004 kB
MemFree:         2986252 kB
Active:           411868 kB
Mem:          3.8G       1.0G       2.8G       5.7M        55M       569M

MemTotal:        4016004 kB
MemFree:         2941744 kB
Active:           409912 kB
Mem:          3.8G       1.0G       2.8G       5.7M        55M       611M

MemTotal:        4016004 kB
MemFree:         2897260 kB
Active:           411920 kB
Mem:          3.8G       1.1G       2.8G       5.7M        55M       654M

MemTotal:        4016004 kB
MemFree:         2852176 kB
Active:           411944 kB
Mem:          3.8G       1.1G       2.7G       5.7M        55M       697M

MemTotal:        4016004 kB
MemFree:         2808248 kB
Active:           411952 kB
Mem:          3.8G       1.2G       2.7G       5.7M        55M       740M

MemTotal:        4016004 kB
MemFree:         2764740 kB
Active:           411960 kB
Mem:          3.8G       1.2G       2.6G       5.7M        55M       781M

MemTotal:        4016004 kB
MemFree:         2738468 kB
Active:           412024 kB
Mem:          3.8G       1.2G       2.6G       5.7M        55M       807M

MemTotal:        4016004 kB
MemFree:         2695624 kB
Active:           412032 kB
Mem:          3.8G       1.3G       2.6G       5.7M        55M       847M

MemTotal:        4016004 kB
MemFree:         2690400 kB
Active:           412048 kB
Mem:          3.8G       1.3G       2.6G       5.7M        55M       852M

MemTotal:        4016004 kB
MemFree:         2646352 kB
Active:           412072 kB
Mem:          3.8G       1.3G       2.5G       5.7M        55M       896M

MemTotal:        4016004 kB
MemFree:         2602764 kB
Active:           412068 kB
Mem:          3.8G       1.3G       2.5G       5.7M        55M       937M

MemTotal:        4016004 kB
MemFree:         2600220 kB
Active:           412124 kB
Mem:          3.8G       1.4G       2.5G       5.7M        55M       937M

MemTotal:        4016004 kB
MemFree:         2570820 kB
Active:           414108 kB
Mem:          3.8G       1.4G       2.5G       5.7M        55M       967M

MemTotal:        4016004 kB
MemFree:         2525808 kB
Active:           414136 kB
Mem:          3.8G       1.4G       2.4G       5.7M        55M       1.0G

MemTotal:        4016004 kB
MemFree:         2481568 kB
Active:           414172 kB
Mem:          3.8G       1.5G       2.4G       5.7M        55M       1.0G

MemTotal:        4016004 kB
MemFree:         2436584 kB
Active:           414212 kB
Mem:          3.8G       1.5G       2.3G       5.7M        55M       1.1G

MemTotal:        4016004 kB
MemFree:         2392220 kB
Active:           414212 kB
Mem:          3.8G       1.5G       2.3G       5.7M        55M       1.1G

MemTotal:        4016004 kB
MemFree:         2348476 kB
Active:           414220 kB
Mem:          3.8G       1.6G       2.2G       5.7M        55M       1.2G

MemTotal:        4016004 kB
MemFree:         2339128 kB
Active:           414272 kB
Mem:          3.8G       1.6G       2.2G       5.7M        55M       1.2G

MemTotal:        4016004 kB
MemFree:         2294660 kB
Active:           414304 kB
Mem:          3.8G       1.6G       2.2G       5.7M        55M       1.2G

MemTotal:        4016004 kB
MemFree:         2249924 kB
Active:           414332 kB
Mem:          3.8G       1.7G       2.1G       5.7M        55M       1.2G

MemTotal:        4016004 kB
MemFree:         2235932 kB
Active:           414356 kB
Mem:          3.8G       1.7G       2.1G       5.7M        55M       1.3G

MemTotal:        4016004 kB
MemFree:         2233660 kB
Active:           414332 kB
Mem:          3.8G       1.7G       2.1G       5.7M        55M       1.3G

MemTotal:        4016004 kB
MemFree:         2195784 kB
Active:           414376 kB
Mem:          3.8G       1.7G       2.1G       5.7M        55M       1.3G

MemTotal:        4016004 kB
MemFree:         2151220 kB
Active:           414416 kB
Mem:          3.8G       1.8G       2.1G       5.7M        55M       1.3G

MemTotal:        4016004 kB
MemFree:         2106580 kB
Active:           414436 kB
Mem:          3.8G       1.8G       2.0G       5.7M        55M       1.4G

MemTotal:        4016004 kB
MemFree:         2062468 kB
Active:           414468 kB
Mem:          3.8G       1.9G       2.0G       5.7M        55M       1.4G

MemTotal:        4016004 kB
MemFree:         2017608 kB
Active:           414488 kB
Mem:          3.8G       1.9G       1.9G       5.7M        55M       1.5G

MemTotal:        4016004 kB
MemFree:         1973228 kB
Active:           414512 kB
Mem:          3.8G       1.9G       1.9G       5.7M        55M       1.5G

MemTotal:        4016004 kB
MemFree:         1928740 kB
Active:           414540 kB
Mem:          3.8G       2.0G       1.8G       5.7M        55M       1.5G

MemTotal:        4016004 kB
MemFree:         1883756 kB
Active:           414564 kB
Mem:          3.8G       2.0G       1.8G       5.7M        55M       1.6G

MemTotal:        4016004 kB
MemFree:         1840352 kB
Active:           414596 kB
Mem:          3.8G       2.1G       1.8G       5.7M        55M       1.6G

MemTotal:        4016004 kB
MemFree:         1795400 kB
Active:           414616 kB
Mem:          3.8G       2.1G       1.7G       5.7M        55M       1.7G

MemTotal:        4016004 kB
MemFree:         1776172 kB
Active:           414764 kB
Mem:          3.8G       2.1G       1.7G       5.7M        55M       1.7G

MemTotal:        4016004 kB
MemFree:         1761300 kB
Active:           414660 kB
Mem:          3.8G       2.2G       1.7G       5.7M        55M       1.7G

MemTotal:        4016004 kB
MemFree:         1717644 kB
Active:           414680 kB
Mem:          3.8G       2.2G       1.6G       5.7M        55M       1.7G

MemTotal:        4016004 kB
MemFree:         1717568 kB
Active:           414712 kB
Mem:          3.8G       2.2G       1.6G       5.7M        55M       1.7G

MemTotal:        4016004 kB
MemFree:         1693688 kB
Active:           414672 kB
Mem:          3.8G       2.2G       1.6G       5.7M        55M       1.8G

MemTotal:        4016004 kB
MemFree:         1649232 kB
Active:           414720 kB
Mem:          3.8G       2.3G       1.6G       5.7M        55M       1.8G

MemTotal:        4016004 kB
MemFree:         1605240 kB
Active:           414748 kB
Mem:          3.8G       2.3G       1.5G       5.7M        55M       1.9G

MemTotal:        4016004 kB
MemFree:         1560280 kB
Active:           414896 kB
Mem:          3.8G       2.3G       1.5G       5.7M        55M       1.9G

MemTotal:        4016004 kB
MemFree:         1515580 kB
Active:           414924 kB
Mem:          3.8G       2.4G       1.4G       5.7M        55M       1.9G

MemTotal:        4016004 kB
MemFree:         1471448 kB
Active:           414944 kB
Mem:          3.8G       2.4G       1.4G       5.7M        55M       2.0G

MemTotal:        4016004 kB
MemFree:         1426588 kB
Active:           414852 kB
Mem:          3.8G       2.5G       1.4G       5.7M        56M       2.0G

MemTotal:        4016004 kB
MemFree:         1382068 kB
Active:           414876 kB
Mem:          3.8G       2.5G       1.3G       5.7M        56M       2.1G

MemTotal:        4016004 kB
MemFree:         1338080 kB
Active:           414928 kB
Mem:          3.8G       2.6G       1.3G       5.7M        56M       2.1G

MemTotal:        4016004 kB
MemFree:         1323680 kB
Active:           415040 kB
Mem:          3.8G       2.6G       1.3G       5.7M        56M       2.1G

MemTotal:        4016004 kB
MemFree:         1283008 kB
Active:           415028 kB
Mem:          3.8G       2.6G       1.2G       5.7M        56M       2.2G

MemTotal:        4016004 kB
MemFree:         1238564 kB
Active:           415044 kB
Mem:          3.8G       2.7G       1.2G       5.7M        56M       2.2G

MemTotal:        4016004 kB
MemFree:         1193616 kB
Active:           414948 kB
Mem:          3.8G       2.7G       1.1G       5.7M        56M       2.2G

MemTotal:        4016004 kB
MemFree:         1149268 kB
Active:           415112 kB
Mem:          3.8G       2.7G       1.1G       5.7M        56M       2.3G

MemTotal:        4016004 kB
MemFree:         1104652 kB
Active:           415136 kB
Mem:          3.8G       2.8G       1.1G       5.7M        56M       2.3G

MemTotal:        4016004 kB
MemFree:         1059900 kB
Active:           415164 kB
Mem:          3.8G       2.8G       1.0G       5.7M        56M       2.4G

MemTotal:        4016004 kB
MemFree:         1015164 kB
Active:           415232 kB
Mem:          3.8G       2.9G       990M       5.7M        56M       2.4G

MemTotal:        4016004 kB
MemFree:          971172 kB
Active:           415164 kB
Mem:          3.8G       2.9G       947M       5.7M        56M       2.4G

MemTotal:        4016004 kB
MemFree:          927164 kB
Active:           415224 kB
Mem:          3.8G       2.9G       905M       5.7M        56M       2.5G

MemTotal:        4016004 kB
MemFree:          888544 kB
Active:           415192 kB
Mem:          3.8G       3.0G       867M       5.7M        56M       2.5G

MemTotal:        4016004 kB
MemFree:          873520 kB
Active:           415124 kB
Mem:          3.8G       3.0G       852M       5.7M        56M       2.5G

MemTotal:        4016004 kB
MemFree:          872804 kB
Active:           415276 kB
Mem:          3.8G       3.0G       852M       5.7M        56M       2.5G

MemTotal:        4016004 kB
MemFree:          835504 kB
Active:           415304 kB
Mem:          3.8G       3.0G       815M       5.7M        56M       2.6G

MemTotal:        4016004 kB
MemFree:          792072 kB
Active:           415484 kB
Mem:          3.8G       3.1G       773M       5.7M        56M       2.6G

MemTotal:        4016004 kB
MemFree:          763304 kB
Active:           415400 kB
Mem:          3.8G       3.1G       744M       5.7M        56M       2.6G

MemTotal:        4016004 kB
MemFree:          718276 kB
Active:           415260 kB
Mem:          3.8G       3.1G       700M       5.7M        56M       2.7G

MemTotal:        4016004 kB
MemFree:          673712 kB
Active:           415316 kB
Mem:          3.8G       3.2G       657M       5.7M        56M       2.7G

MemTotal:        4016004 kB
MemFree:          629100 kB
Active:           415320 kB
Mem:          3.8G       3.2G       613M       5.7M        56M       2.8G

MemTotal:        4016004 kB
MemFree:          584984 kB
Active:           415388 kB
Mem:          3.8G       3.3G       569M       5.7M        56M       2.8G

MemTotal:        4016004 kB
MemFree:          540108 kB
Active:           415560 kB
Mem:          3.8G       3.3G       526M       5.7M        56M       2.9G

MemTotal:        4016004 kB
MemFree:          495880 kB
Active:           415380 kB
Mem:          3.8G       3.4G       483M       5.7M        56M       2.9G

MemTotal:        4016004 kB
MemFree:          451912 kB
Active:           415428 kB
Mem:          3.8G       3.4G       439M       5.7M        56M       2.9G

MemTotal:        4016004 kB
MemFree:          406804 kB
Active:           415568 kB
Mem:          3.8G       3.4G       396M       5.7M        56M       3.0G

MemTotal:        4016004 kB
MemFree:          362456 kB
Active:           415416 kB
Mem:          3.8G       3.5G       352M       5.7M        56M       3.0G

MemTotal:        4016004 kB
MemFree:          350452 kB
Active:           417588 kB
Mem:          3.8G       3.5G       341M       5.7M        56M       3.0G

MemTotal:        4016004 kB
MemFree:          319444 kB
Active:           417660 kB
Mem:          3.8G       3.5G       310M       5.7M        56M       3.1G

MemTotal:        4016004 kB
MemFree:          274748 kB
Active:           417556 kB
Mem:          3.8G       3.6G       267M       5.7M        56M       3.1G

MemTotal:        4016004 kB
MemFree:          230608 kB
Active:           417452 kB
Mem:          3.8G       3.6G       224M       5.7M        56M       3.1G

MemTotal:        4016004 kB
MemFree:          185656 kB
Active:           417476 kB
Mem:          3.8G       3.7G       180M       5.7M        56M       3.2G

MemTotal:        4016004 kB
MemFree:          141076 kB
Active:           417636 kB
Mem:          3.8G       3.7G       137M       5.7M        56M       3.2G

MemTotal:        4016004 kB
MemFree:          133032 kB
Active:           414292 kB
Mem:          3.8G       3.7G       127M       5.7M        22M       3.3G

MemTotal:        4016004 kB
MemFree:          122520 kB
Active:           427760 kB
Mem:          3.8G       3.7G       118M       5.7M        21M       3.3G

MemTotal:        4016004 kB
MemFree:          109032 kB
Active:           444748 kB
Mem:          3.8G       3.7G       104M       5.7M        21M       3.3G

MemTotal:        4016004 kB
MemFree:          129892 kB
Active:           479780 kB
Mem:          3.8G       3.7G       124M       5.7M        21M       3.3G

MemTotal:        4016004 kB
MemFree:          132852 kB
Active:           472288 kB
Mem:          3.8G       3.7G       129M       5.7M        21M       3.3G

MemTotal:        4016004 kB
MemFree:          115624 kB
Active:           474440 kB
Mem:          3.8G       3.7G       112M       5.7M        21M       3.3G

MemTotal:        4016004 kB
MemFree:          111908 kB
Active:           470872 kB
Mem:          3.8G       3.7G       108M       5.7M        21M       3.3G

MemTotal:        4016004 kB
MemFree:          134052 kB
Active:           462264 kB
Mem:          3.8G       3.7G       129M       5.7M        21M       3.3G

MemTotal:        4016004 kB
MemFree:          125216 kB
Active:           458984 kB
Mem:          3.8G       3.7G       121M       5.7M        21M       3.3G

MemTotal:        4016004 kB
MemFree:          125660 kB
Active:           453768 kB
Mem:          3.8G       3.7G       121M       5.7M        21M       3.3G

MemTotal:        4016004 kB
MemFree:          111460 kB
Active:           450688 kB
Mem:          3.8G       3.7G       107M       5.7M        21M       3.3G

MemTotal:        4016004 kB
MemFree:          132876 kB
Active:           444064 kB
Mem:          3.8G       3.7G       129M       5.7M        21M       3.3G

MemTotal:        4016004 kB
MemFree:          118160 kB
Active:           441036 kB
Mem:          3.8G       3.7G       113M       5.7M        21M       3.3G

MemTotal:        4016004 kB
MemFree:          110808 kB
Active:           438728 kB
Mem:          3.8G       3.7G       107M       5.7M        21M       3.3G

MemTotal:        4016004 kB
MemFree:          126612 kB
Active:           439024 kB
Mem:          3.8G       3.7G       123M       5.7M        21M       3.3G

MemTotal:        4016004 kB
MemFree:          129476 kB
Active:           437132 kB
Mem:          3.8G       3.7G       125M       5.7M        21M       3.3G

MemTotal:        4016004 kB
MemFree:          120872 kB
Active:           433988 kB
Mem:          3.8G       3.7G       116M       5.7M        21M       3.3G

MemTotal:        4016004 kB
MemFree:          146212 kB
Active:           432432 kB
Mem:          3.8G       3.7G       142M       5.7M        21M       3.2G

MemTotal:        4016004 kB
MemFree:          126724 kB
Active:           432280 kB
Mem:          3.8G       3.7G       123M       5.7M        21M       3.3G

MemTotal:        4016004 kB
MemFree:          126892 kB
Active:           432148 kB
Mem:          3.8G       3.7G       123M       5.7M        21M       3.3G

MemTotal:        4016004 kB
MemFree:          126456 kB
Active:           432108 kB
Mem:          3.8G       3.7G       123M       5.7M        21M       3.3G

MemTotal:        4016004 kB
MemFree:          125128 kB
Active:           432188 kB
Mem:          3.8G       3.7G       121M       5.7M        21M       3.3G

MemTotal:        4016004 kB
MemFree:          128472 kB
Active:           430312 kB
Mem:          3.8G       3.7G       123M       5.7M        21M       3.3G

MemTotal:        4016004 kB
MemFree:          112396 kB
Active:           429552 kB
Mem:          3.8G       3.7G       108M       5.7M        21M       3.3G

MemTotal:        4016004 kB
MemFree:          133876 kB
Active:           425308 kB
Mem:          3.8G       3.7G       129M       5.7M        21M       3.3G

MemTotal:        4016004 kB
MemFree:          136788 kB
Active:           423304 kB
Mem:          3.8G       3.7G       132M       5.7M        21M       3.3G

MemTotal:        4016004 kB
MemFree:          128616 kB
Active:           420308 kB
Mem:          3.8G       3.7G       123M       5.7M        21M       3.3G

MemTotal:        4016004 kB
MemFree:          135092 kB
Active:           418904 kB
Mem:          3.8G       3.7G       130M       5.7M        22M       3.3G

MemTotal:        4016004 kB
MemFree:          130516 kB
Active:           417124 kB
Mem:          3.8G       3.7G       126M       5.7M        22M       3.3G

MemTotal:        4016004 kB
MemFree:          127160 kB
Active:           416660 kB
Mem:          3.8G       3.7G       123M       5.7M        22M       3.3G

MemTotal:        4016004 kB
MemFree:          105468 kB
Active:           415380 kB
Mem:          3.8G       3.7G       124M       5.7M        22M       3.3G

MemTotal:        4016004 kB
MemFree:          127724 kB
Active:           413248 kB
Mem:          3.8G       3.7G       123M       5.7M        22M       3.3G

MemTotal:        4016004 kB
MemFree:          114948 kB
Active:           412472 kB
Mem:          3.8G       3.7G       111M       5.7M        22M       3.3G

MemTotal:        4016004 kB
MemFree:          107536 kB
Active:           411296 kB
Mem:          3.8G       3.7G       103M       5.7M        22M       3.3G

MemTotal:        4016004 kB
MemFree:          127248 kB
Active:           410116 kB
Mem:          3.8G       3.7G       124M       5.7M        22M       3.3G

MemTotal:        4016004 kB
MemFree:          123820 kB
Active:           409956 kB
Mem:          3.8G       3.7G       120M       5.7M        22M       3.3G

MemTotal:        4016004 kB
MemFree:          126620 kB
Active:           406508 kB
Mem:          3.8G       3.7G       122M       5.7M        22M       3.3G

MemTotal:        4016004 kB
MemFree:          120468 kB
Active:           405208 kB
Mem:          3.8G       3.7G       116M       5.7M        22M       3.3G

MemTotal:        4016004 kB
MemFree:          111804 kB
Active:           403944 kB
Mem:          3.8G       3.7G       108M       5.7M        22M       3.3G

MemTotal:        4016004 kB
MemFree:          111400 kB
Active:           402256 kB
Mem:          3.8G       3.7G       107M       5.7M        22M       3.3G

MemTotal:        4016004 kB
MemFree:          128028 kB
Active:           400536 kB
Mem:          3.8G       3.7G       124M       5.7M        22M       3.3G

MemTotal:        4016004 kB
MemFree:          120368 kB
Active:           399404 kB
Mem:          3.8G       3.7G       116M       5.7M        22M       3.3G

MemTotal:        4016004 kB
MemFree:          112832 kB
Active:           398272 kB
Mem:          3.8G       3.7G       108M       5.7M        22M       3.3G

MemTotal:        4016004 kB
MemFree:          128980 kB
Active:           396504 kB
Mem:          3.8G       3.7G       124M       5.7M        22M       3.3G

MemTotal:        4016004 kB
MemFree:          121724 kB
Active:           393604 kB
Mem:          3.8G       3.7G       117M       5.7M        22M       3.3G

MemTotal:        4016004 kB
MemFree:          113772 kB
Active:           394524 kB
Mem:          3.8G       3.7G       109M       5.7M        22M       3.3G

MemTotal:        4016004 kB
MemFree:          130540 kB
Active:           392752 kB
Mem:          3.8G       3.7G       127M       5.7M        22M       3.3G

MemTotal:        4016004 kB
MemFree:          112836 kB
Active:           392776 kB
Mem:          3.8G       3.7G       109M       5.7M        22M       3.3G

MemTotal:        4016004 kB
MemFree:          128772 kB
Active:           391900 kB
Mem:          3.8G       3.7G       124M       5.7M        22M       3.3G

MemTotal:        4016004 kB
MemFree:          126900 kB
Active:           390256 kB
Mem:          3.8G       3.7G       123M       5.7M        22M       3.3G

MemTotal:        4016004 kB
MemFree:          125988 kB
Active:           388612 kB
Mem:          3.8G       3.7G       121M       5.7M        22M       3.3G

MemTotal:        4016004 kB
MemFree:          123384 kB
Active:           387124 kB
Mem:          3.8G       3.7G       118M       5.7M        22M       3.3G

MemTotal:        4016004 kB
MemFree:          108780 kB
Active:           386120 kB
Mem:          3.8G       3.7G       105M       5.7M        22M       3.3G

MemTotal:        4016004 kB
MemFree:          125380 kB
Active:           384348 kB
Mem:          3.8G       3.7G       121M       5.7M        22M       3.3G

MemTotal:        4016004 kB
MemFree:          111124 kB
Active:           383204 kB
Mem:          3.8G       3.7G       108M       5.7M        22M       3.3G

MemTotal:        4016004 kB
MemFree:          128140 kB
Active:           383352 kB
Mem:          3.8G       3.7G       123M       5.7M        22M       3.3G

MemTotal:        4016004 kB
MemFree:          119884 kB
Active:           382220 kB
Mem:          3.8G       3.7G       116M       5.7M        22M       3.3G

MemTotal:        4016004 kB
MemFree:          132500 kB
Active:           380324 kB
Mem:          3.8G       3.7G       128M       5.7M        22M       3.3G

MemTotal:        4016004 kB
MemFree:          124460 kB
Active:           379204 kB
Mem:          3.8G       3.7G       120M       5.7M        22M       3.3G

MemTotal:        4016004 kB
MemFree:          126080 kB
Active:           378320 kB
Mem:          3.8G       3.7G       123M       5.7M        22M       3.3G

MemTotal:        4016004 kB
MemFree:          108268 kB
Active:           378356 kB
Mem:          3.8G       3.7G       104M       5.7M        22M       3.3G

MemTotal:        4016004 kB
MemFree:          125048 kB
Active:           376592 kB
Mem:          3.8G       3.7G       125M       5.7M        22M       3.3G

MemTotal:        4016004 kB
MemFree:          127716 kB
Active:           374820 kB
Mem:          3.8G       3.7G       124M       5.7M        22M       3.3G

MemTotal:        4016004 kB
MemFree:          125516 kB
Active:           371148 kB
Mem:          3.8G       3.7G       122M       5.7M        22M       3.3G

MemTotal:        4016004 kB
MemFree:          105952 kB
Active:           370536 kB
Mem:          3.8G       3.7G       103M       5.7M        22M       3.3G

MemTotal:        4016004 kB
MemFree:          128300 kB
Active:           368364 kB
Mem:          3.8G       3.7G       124M       5.7M        22M       3.3G

MemTotal:        4016004 kB
MemFree:          121244 kB
Active:           367224 kB
Mem:          3.8G       3.7G       116M       5.7M        22M       3.3G

MemTotal:        4016004 kB
MemFree:          124268 kB
Active:           365312 kB
Mem:          3.8G       3.7G       120M       5.7M        22M       3.3G

MemTotal:        4016004 kB
MemFree:          110748 kB
Active:           364860 kB
Mem:          3.8G       3.7G       107M       5.7M        22M       3.3G

MemTotal:        4016004 kB
MemFree:          127116 kB
Active:           364836 kB
Mem:          3.8G       3.7G       123M       5.7M        22M       3.3G

MemTotal:        4016004 kB
MemFree:          126820 kB
Active:           364752 kB
Mem:          3.8G       3.7G       122M       5.7M        22M       3.3G

MemTotal:        4016004 kB
MemFree:          114540 kB
Active:           364784 kB
Mem:          3.8G       3.7G       111M       5.7M        22M       3.3G

MemTotal:        4016004 kB
MemFree:          113736 kB
Active:           364792 kB
Mem:          3.8G       3.7G       111M       5.7M        22M       3.3G

MemTotal:        4016004 kB
MemFree:          113608 kB
Active:           364820 kB
Mem:          3.8G       3.7G       110M       5.7M        22M       3.3G

MemTotal:        4016004 kB
MemFree:          113616 kB
Active:           364784 kB
Mem:          3.8G       3.7G       110M       5.7M        22M       3.3G

MemTotal:        4016004 kB
MemFree:          124164 kB
Active:           364852 kB
Mem:          3.8G       3.7G       124M       5.7M        22M       3.3G

MemTotal:        4016004 kB
MemFree:          127128 kB
Active:           364876 kB
Mem:          3.8G       3.7G       122M       5.7M        23M       3.3G

MemTotal:        4016004 kB
MemFree:          112772 kB
Active:           364900 kB
Mem:          3.8G       3.7G       109M       5.7M        23M       3.3G

MemTotal:        4016004 kB
MemFree:          105112 kB
Active:           364900 kB
Mem:          3.8G       3.7G       127M       5.7M        23M       3.3G

MemTotal:        4016004 kB
MemFree:          118860 kB
Active:           362032 kB
Mem:          3.8G       3.7G       114M       5.7M        23M       3.3G

MemTotal:        4016004 kB
MemFree:          117964 kB
Active:           362008 kB
Mem:          3.8G       3.7G       124M       5.7M        23M       3.3G

MemTotal:        4016004 kB
MemFree:          123488 kB
Active:           362040 kB
Mem:          3.8G       3.7G       119M       5.7M        23M       3.3G

MemTotal:        4016004 kB
MemFree:          127568 kB
Active:           362076 kB
Mem:          3.8G       3.7G       123M       5.7M        23M       3.3G

MemTotal:        4016004 kB
MemFree:          108992 kB
Active:           362112 kB
Mem:          3.8G       3.7G       105M       5.7M        23M       3.3G

MemTotal:        4016004 kB
MemFree:          125648 kB
Active:           362644 kB
Mem:          3.8G       3.7G       121M       5.7M        23M       3.3G

MemTotal:        4016004 kB
MemFree:          106596 kB
Active:           362628 kB
Mem:          3.8G       3.7G       102M       5.7M        23M       3.3G

MemTotal:        4016004 kB
MemFree:          120304 kB
Active:           362672 kB
Mem:          3.8G       3.7G       115M       5.7M        23M       3.3G

MemTotal:        4016004 kB
MemFree:          106028 kB
Active:           362704 kB
Mem:          3.8G       3.7G       102M       5.7M        23M       3.3G

MemTotal:        4016004 kB
MemFree:          127804 kB
Active:           362680 kB
Mem:          3.8G       3.7G       124M       5.7M        23M       3.3G

MemTotal:        4016004 kB
MemFree:          114476 kB
Active:           362620 kB
Mem:          3.8G       3.7G       111M       5.7M        23M       3.3G

MemTotal:        4016004 kB
MemFree:          106168 kB
Active:           362620 kB
Mem:          3.8G       3.7G       102M       5.7M        23M       3.3G

MemTotal:        4016004 kB
MemFree:          128640 kB
Active:           362504 kB
Mem:          3.8G       3.7G       125M       5.7M        23M       3.3G

MemTotal:        4016004 kB
MemFree:          108316 kB
Active:           362548 kB
Mem:          3.8G       3.7G       105M       5.7M        23M       3.3G

MemTotal:        4016004 kB
MemFree:          127020 kB
Active:           362432 kB
Mem:          3.8G       3.7G       123M       5.7M        23M       3.3G

MemTotal:        4016004 kB
MemFree:          122260 kB
Active:           362488 kB
Mem:          3.8G       3.7G       118M       5.7M        23M       3.3G

MemTotal:        4016004 kB
MemFree:          107236 kB
Active:           362788 kB
Mem:          3.8G       3.7G       102M       5.7M        23M       3.3G

MemTotal:        4016004 kB
MemFree:          130964 kB
Active:           365668 kB
Mem:          3.8G       3.7G       127M       5.7M        25M       3.3G

MemTotal:        4016004 kB
MemFree:          124096 kB
Active:           367516 kB
Mem:          3.8G       3.7G       121M       5.7M        27M       3.3G

MemTotal:        4016004 kB
MemFree:          136192 kB
Active:           367528 kB
Mem:          3.8G       3.7G       133M       5.7M        27M       3.2G

MemTotal:        4016004 kB
MemFree:          136852 kB
Active:           367020 kB
Mem:          3.8G       3.7G       133M       5.7M        27M       3.2G

MemTotal:        4016004 kB
MemFree:          137576 kB
Active:           366992 kB
Mem:          3.8G       3.7G       134M       5.7M        27M       3.2G

MemTotal:        4016004 kB
MemFree:          137116 kB
Active:           367024 kB
Mem:          3.8G       3.7G       134M       5.7M        27M       3.2G

MemTotal:        4016004 kB
MemFree:          123892 kB
Active:           366644 kB
Mem:          3.8G       3.7G       131M       5.7M        27M       3.2G

MemTotal:        4016004 kB
MemFree:          125904 kB
Active:           366684 kB
Mem:          3.8G       3.7G       121M       5.7M        27M       3.3G

MemTotal:        4016004 kB
MemFree:          127888 kB
Active:           365896 kB
Mem:          3.8G       3.7G       123M       5.7M        27M       3.3G

MemTotal:        4016004 kB
MemFree:          106448 kB
Active:           365908 kB
Mem:          3.8G       3.7G       102M       5.7M        27M       3.3G

MemTotal:        4016004 kB
MemFree:          125696 kB
Active:           365908 kB
Mem:          3.8G       3.7G       122M       5.7M        27M       3.3G

MemTotal:        4016004 kB
MemFree:          116036 kB
Active:           365908 kB
Mem:          3.8G       3.7G       112M       5.7M        27M       3.3G

MemTotal:        4016004 kB
MemFree:          135120 kB
Active:           365912 kB
Mem:          3.8G       3.7G       131M       5.7M        27M       3.2G

MemTotal:        4016004 kB
MemFree:          128032 kB
Active:           365912 kB
Mem:          3.8G       3.7G       123M       5.7M        27M       3.3G

MemTotal:        4016004 kB
MemFree:          121396 kB
Active:           365948 kB
Mem:          3.8G       3.7G       117M       5.7M        27M       3.3G

MemTotal:        4016004 kB
MemFree:          125548 kB
Active:           363424 kB
Mem:          3.8G       3.7G       121M       5.7M        27M       3.3G

MemTotal:        4016004 kB
MemFree:          127668 kB
Active:           363424 kB
Mem:          3.8G       3.7G       123M       5.7M        27M       3.3G

MemTotal:        4016004 kB
MemFree:          129432 kB
Active:           363424 kB
Mem:          3.8G       3.7G       125M       5.7M        27M       3.3G

MemTotal:        4016004 kB
MemFree:          127692 kB
Active:           363424 kB
Mem:          3.8G       3.7G       124M       5.7M        27M       3.3G

MemTotal:        4016004 kB
MemFree:          121724 kB
Active:           363444 kB
Mem:          3.8G       3.7G       117M       5.7M        27M       3.3G

MemTotal:        4016004 kB
MemFree:          111376 kB
Active:           363444 kB
Mem:          3.8G       3.7G       108M       5.7M        27M       3.3G

MemTotal:        4016004 kB
MemFree:          108088 kB
Active:           363444 kB
Mem:          3.8G       3.7G       104M       5.7M        27M       3.3G

MemTotal:        4016004 kB
MemFree:          134176 kB
Active:           363444 kB
Mem:          3.8G       3.7G       130M       5.7M        27M       3.2G

MemTotal:        4016004 kB
MemFree:          135976 kB
Active:           363056 kB
Mem:          3.8G       3.7G       131M       5.7M        27M       3.2G

MemTotal:        4016004 kB
MemFree:          143072 kB
Active:           363064 kB
Mem:          3.8G       3.7G       139M       5.7M        27M       3.2G

MemTotal:        4016004 kB
MemFree:          133308 kB
Active:           363064 kB
Mem:          3.8G       3.7G       129M       5.7M        27M       3.2G

MemTotal:        4016004 kB
MemFree:          123460 kB
Active:           363068 kB
Mem:          3.8G       3.7G       119M       5.7M        27M       3.3G

MemTotal:        4016004 kB
MemFree:          125408 kB
Active:           363080 kB
Mem:          3.8G       3.7G       121M       5.7M        27M       3.3G

MemTotal:        4016004 kB
MemFree:          115656 kB
Active:           363080 kB
Mem:          3.8G       3.7G       111M       5.7M        27M       3.3G

MemTotal:        4016004 kB
MemFree:          124328 kB
Active:           363088 kB
Mem:          3.8G       3.7G       121M       5.7M        27M       3.3G

MemTotal:        4016004 kB
MemFree:          112444 kB
Active:           363072 kB
Mem:          3.8G       3.7G       108M       5.7M        27M       3.3G

MemTotal:        4016004 kB
MemFree:          126460 kB
Active:           363064 kB
Mem:          3.8G       3.7G       122M       5.7M        27M       3.3G

MemTotal:        4016004 kB
MemFree:          127772 kB
Active:           360436 kB
Mem:          3.8G       3.7G       123M       5.7M        27M       3.3G

MemTotal:        4016004 kB
MemFree:          124536 kB
Active:           360404 kB
Mem:          3.8G       3.7G       120M       5.7M        27M       3.3G

MemTotal:        4016004 kB
MemFree:          134392 kB
Active:           360452 kB
Mem:          3.8G       3.7G       129M       5.7M        27M       3.2G

MemTotal:        4016004 kB
MemFree:          123384 kB
Active:           360452 kB
Mem:          3.8G       3.7G       119M       5.7M        27M       3.3G

MemTotal:        4016004 kB
MemFree:          107152 kB
Active:           360456 kB
Mem:          3.8G       3.7G       103M       5.7M        27M       3.3G

MemTotal:        4016004 kB
MemFree:          127392 kB
Active:           360460 kB
Mem:          3.8G       3.7G       123M       5.7M        27M       3.3G

MemTotal:        4016004 kB
MemFree:          111348 kB
Active:           360464 kB
Mem:          3.8G       3.7G       108M       5.7M        27M       3.3G

MemTotal:        4016004 kB
MemFree:          126040 kB
Active:           360484 kB
Mem:          3.8G       3.7G       122M       5.7M        27M       3.3G

MemTotal:        4016004 kB
MemFree:          123476 kB
Active:           359236 kB
Mem:          3.8G       3.7G       119M       5.7M        27M       3.3G

MemTotal:        4016004 kB
MemFree:          124356 kB
Active:           359236 kB
Mem:          3.8G       3.7G       120M       5.7M        27M       3.3G

MemTotal:        4016004 kB
MemFree:          119692 kB
Active:           359204 kB
Mem:          3.8G       3.7G       117M       5.7M        27M       3.3G

MemTotal:        4016004 kB
MemFree:          132952 kB
Active:           359248 kB
Mem:          3.8G       3.7G       129M       5.7M        27M       3.2G

MemTotal:        4016004 kB
MemFree:          114372 kB
Active:           359248 kB
Mem:          3.8G       3.7G       111M       5.7M        27M       3.3G

MemTotal:        4016004 kB
MemFree:          114780 kB
Active:           359216 kB
Mem:          3.8G       3.7G       112M       5.7M        27M       3.3G

MemTotal:        4016004 kB
MemFree:          116780 kB
Active:           359256 kB
Mem:          3.8G       3.7G       113M       5.7M        27M       3.3G

MemTotal:        4016004 kB
MemFree:          106888 kB
Active:           359256 kB
Mem:          3.8G       3.7G       103M       5.7M        27M       3.3G

MemTotal:        4016004 kB
MemFree:          104916 kB
Active:           359256 kB
Mem:          3.8G       3.7G       124M       5.7M        27M       3.2G

MemTotal:        4016004 kB
MemFree:          125900 kB
Active:           359256 kB
Mem:          3.8G       3.7G       121M       5.7M        27M       3.3G

MemTotal:        4016004 kB
MemFree:          127360 kB
Active:           359260 kB
Mem:          3.8G       3.7G       123M       5.7M        27M       3.3G

MemTotal:        4016004 kB
MemFree:          123584 kB
Active:           359272 kB
Mem:          3.8G       3.7G       120M       5.7M        27M       3.3G

MemTotal:        4016004 kB
MemFree:          129560 kB
Active:           356352 kB
Mem:          3.8G       3.7G       125M       5.7M        27M       3.2G

MemTotal:        4016004 kB
MemFree:          123620 kB
Active:           356120 kB
Mem:          3.8G       3.7G       120M       5.7M        27M       3.3G

MemTotal:        4016004 kB
MemFree:          122432 kB
Active:           356136 kB
Mem:          3.8G       3.7G       119M       5.7M        27M       3.3G

MemTotal:        4016004 kB
MemFree:          122740 kB
Active:           356148 kB
Mem:          3.8G       3.7G       119M       5.7M        27M       3.3G

MemTotal:        4016004 kB
MemFree:          122776 kB
Active:           356132 kB
Mem:          3.8G       3.7G       119M       5.7M        27M       3.3G

MemTotal:        4016004 kB
MemFree:          123720 kB
Active:           356120 kB
Mem:          3.8G       3.7G       119M       5.7M        27M       3.3G

MemTotal:        4016004 kB
MemFree:          127964 kB
Active:           356156 kB
Mem:          3.8G       3.7G       124M       5.7M        27M       3.2G

MemTotal:        4016004 kB
MemFree:          122064 kB
Active:           356128 kB
Mem:          3.8G       3.7G       117M       5.7M        27M       3.3G

MemTotal:        4016004 kB
MemFree:          105724 kB
Active:           356136 kB
Mem:          3.8G       3.7G       123M       5.7M        27M       3.3G

MemTotal:        4016004 kB
MemFree:          122120 kB
Active:           356164 kB
Mem:          3.8G       3.7G       118M       5.7M        27M       3.3G

MemTotal:        4016004 kB
MemFree:          126308 kB
Active:           356164 kB
Mem:          3.8G       3.7G       122M       5.7M        27M       3.3G

MemTotal:        4016004 kB
MemFree:          122408 kB
Active:           356168 kB
Mem:          3.8G       3.7G       118M       5.7M        27M       3.3G

MemTotal:        4016004 kB
MemFree:          106176 kB
Active:           356168 kB
Mem:          3.8G       3.7G       102M       5.7M        27M       3.3G

MemTotal:        4016004 kB
MemFree:          125452 kB
Active:           356176 kB
Mem:          3.8G       3.7G       121M       5.7M        27M       3.3G

MemTotal:        4016004 kB
MemFree:          123404 kB
Active:           354952 kB
Mem:          3.8G       3.7G       119M       5.7M        27M       3.3G

MemTotal:        4016004 kB
MemFree:          106412 kB
Active:           354940 kB
Mem:          3.8G       3.7G       103M       5.7M        27M       3.3G

MemTotal:        4016004 kB
MemFree:          126752 kB
Active:           354972 kB
Mem:          3.8G       3.7G       123M       5.7M        27M       3.2G

MemTotal:        4016004 kB
MemFree:          114624 kB
Active:           354984 kB
Mem:          3.8G       3.7G       111M       5.7M        27M       3.3G

MemTotal:        4016004 kB
MemFree:          112612 kB
Active:           354976 kB
Mem:          3.8G       3.7G       110M       5.7M        27M       3.3G

MemTotal:        4016004 kB
MemFree:          111720 kB
Active:           354980 kB
Mem:          3.8G       3.7G       107M       5.7M        27M       3.3G

MemTotal:        4016004 kB
MemFree:          128844 kB
Active:           354988 kB
Mem:          3.8G       3.7G       124M       5.7M        27M       3.2G

MemTotal:        4016004 kB
MemFree:          119076 kB
Active:           354992 kB
Mem:          3.8G       3.7G       115M       5.7M        27M       3.3G

MemTotal:        4016004 kB
MemFree:          120576 kB
Active:           354992 kB
Mem:          3.8G       3.7G       116M       5.7M        27M       3.3G

MemTotal:        4016004 kB
MemFree:          109568 kB
Active:           355000 kB
Mem:          3.8G       3.7G       105M       5.7M        27M       3.3G

MemTotal:        4016004 kB
MemFree:          111688 kB
Active:           355000 kB
Mem:          3.8G       3.7G       107M       5.7M        27M       3.3G

MemTotal:        4016004 kB
MemFree:          113452 kB
Active:           355000 kB
Mem:          3.8G       3.7G       109M       5.7M        27M       3.3G

MemTotal:        4016004 kB
MemFree:          127724 kB
Active:           355000 kB
Mem:          3.8G       3.7G       123M       5.7M        27M       3.2G

MemTotal:        4016004 kB
MemFree:          117732 kB
Active:           355000 kB
Mem:          3.8G       3.7G       113M       5.7M        27M       3.3G

MemTotal:        4016004 kB
MemFree:          141344 kB
Active:           351376 kB
Mem:          3.8G       3.7G       137M       5.7M        27M       3.2G

MemTotal:        4016004 kB
MemFree:          141440 kB
Active:           351380 kB
Mem:          3.8G       3.7G       138M       5.7M        27M       3.2G

MemTotal:        4016004 kB
MemFree:          119980 kB
Active:           351404 kB
Mem:          3.8G       3.7G       115M       5.7M        27M       3.3G

MemTotal:        4016004 kB
MemFree:          109948 kB
Active:           351408 kB
Mem:          3.8G       3.7G       106M       5.7M        27M       3.3G

MemTotal:        4016004 kB
MemFree:          129400 kB
Active:           351408 kB
Mem:          3.8G       3.7G       125M       5.7M        27M       3.2G

MemTotal:        4016004 kB
MemFree:          122876 kB
Active:           351420 kB
Mem:          3.8G       3.7G       118M       5.7M        27M       3.3G

MemTotal:        4016004 kB
MemFree:          130328 kB
Active:           351420 kB
Mem:          3.8G       3.7G       126M       5.7M        27M       3.2G

MemTotal:        4016004 kB
MemFree:          120560 kB
Active:           351420 kB
Mem:          3.8G       3.7G       116M       5.7M        27M       3.3G

MemTotal:        4016004 kB
MemFree:          110668 kB
Active:           351420 kB
Mem:          3.8G       3.7G       106M       5.7M        27M       3.3G

MemTotal:        4016004 kB
MemFree:          112168 kB
Active:           351420 kB
Mem:          3.8G       3.7G       107M       5.7M        27M       3.3G

MemTotal:        4016004 kB
MemFree:          129700 kB
Active:           351440 kB
Mem:          3.8G       3.7G       126M       5.7M        27M       3.2G

MemTotal:        4016004 kB
MemFree:          120812 kB
Active:           351440 kB
Mem:          3.8G       3.7G       116M       5.7M        27M       3.3G

MemTotal:        4016004 kB
MemFree:          131800 kB
Active:           351432 kB
Mem:          3.8G       3.7G       128M       5.7M        27M       3.2G

MemTotal:        4016004 kB
MemFree:          125708 kB
Active:           351440 kB
Mem:          3.8G       3.7G       121M       5.7M        27M       3.2G

MemTotal:        4016004 kB
MemFree:          126020 kB
Active:           347116 kB
Mem:          3.8G       3.7G       121M       5.7M        27M       3.2G

MemTotal:        4016004 kB
MemFree:          121536 kB
Active:           347104 kB
Mem:          3.8G       3.7G       117M       5.7M        27M       3.3G

MemTotal:        4016004 kB
MemFree:          126724 kB
Active:           347132 kB
Mem:          3.8G       3.7G       122M       5.7M        27M       3.2G

MemTotal:        4016004 kB
MemFree:          117204 kB
Active:           347120 kB
Mem:          3.8G       3.7G       113M       5.7M        27M       3.3G

MemTotal:        4016004 kB
MemFree:          106552 kB
Active:           347132 kB
Mem:          3.8G       3.7G       103M       5.7M        27M       3.3G

MemTotal:        4016004 kB
MemFree:          108440 kB
Active:           347132 kB
Mem:          3.8G       3.7G       104M       5.7M        27M       3.3G

MemTotal:        4016004 kB
MemFree:          128432 kB
Active:           347140 kB
Mem:          3.8G       3.7G       125M       5.7M        27M       3.2G

MemTotal:        4016004 kB
MemFree:          130676 kB
Active:           347112 kB
Mem:          3.8G       3.7G       127M       5.7M        27M       3.2G

MemTotal:        4016004 kB
MemFree:          129676 kB
Active:           347140 kB
Mem:          3.8G       3.7G       126M       5.7M        27M       3.2G

MemTotal:        4016004 kB
MemFree:          130736 kB
Active:           347148 kB
Mem:          3.8G       3.7G       127M       5.7M        27M       3.2G

MemTotal:        4016004 kB
MemFree:          130896 kB
Active:           347128 kB
Mem:          3.8G       3.7G       127M       5.7M        27M       3.2G

MemTotal:        4016004 kB
MemFree:          130900 kB
Active:           347164 kB
Mem:          3.8G       3.7G       127M       5.7M        27M       3.2G

MemTotal:        4016004 kB
MemFree:          130936 kB
Active:           347144 kB
Mem:          3.8G       3.7G       127M       5.7M        27M       3.2G

MemTotal:        4016004 kB
MemFree:          137536 kB
Active:           348552 kB
Mem:          3.8G       3.7G       134M       5.7M        27M       3.2G

MemTotal:        4016004 kB
MemFree:          139656 kB
Active:           348404 kB
Mem:          3.8G       3.7G       135M       5.7M        27M       3.2G

MemTotal:        4016004 kB
MemFree:          135220 kB
Active:           348304 kB
Mem:          3.8G       3.7G       132M       5.7M        27M       3.2G

MemTotal:        4016004 kB
MemFree:          126072 kB
Active:           348280 kB
Mem:          3.8G       3.7G       122M       5.7M        27M       3.2G

MemTotal:        4016004 kB
MemFree:          127324 kB
Active:           348304 kB
Mem:          3.8G       3.7G       123M       5.7M        27M       3.2G

MemTotal:        4016004 kB
MemFree:          130132 kB
Active:           346328 kB
Mem:          3.8G       3.7G       126M       5.7M        27M       3.2G

MemTotal:        4016004 kB
MemFree:          131248 kB
Active:           346368 kB
Mem:          3.8G       3.7G       127M       5.7M        27M       3.2G

MemTotal:        4016004 kB
MemFree:          140312 kB
Active:           346380 kB
Mem:          3.8G       3.7G       137M       5.7M        27M       3.2G

MemTotal:        4016004 kB
MemFree:          107048 kB
Active:           346364 kB
Mem:          3.8G       3.7G       103M       5.7M        27M       3.3G

MemTotal:        4016004 kB
MemFree:          107248 kB
Active:           346400 kB
Mem:          3.8G       3.7G       104M       5.7M        27M       3.3G

MemTotal:        4016004 kB
MemFree:          131268 kB
Active:           346400 kB
Mem:          3.8G       3.7G       128M       5.7M        27M       3.2G

MemTotal:        4016004 kB
MemFree:          127256 kB
Active:           346412 kB
Mem:          3.8G       3.7G       124M       5.7M        27M       3.2G

MemTotal:        4016004 kB
MemFree:          127956 kB
Active:           346400 kB
Mem:          3.8G       3.7G       124M       5.7M        27M       3.2G

MemTotal:        4016004 kB
MemFree:          120396 kB
Active:           346400 kB
Mem:          3.8G       3.7G       117M       5.7M        27M       3.3G

MemTotal:        4016004 kB
MemFree:          133992 kB
Active:           346440 kB
Mem:          3.8G       3.7G       129M       5.7M        27M       3.2G

MemTotal:        4016004 kB
MemFree:          142328 kB
Active:           346408 kB
Mem:          3.8G       3.7G       138M       5.7M        27M       3.2G

MemTotal:        4016004 kB
MemFree:          133040 kB
Active:           346440 kB
Mem:          3.8G       3.7G       129M       5.7M        27M       3.2G

MemTotal:        4016004 kB
MemFree:          123644 kB
Active:           346416 kB
Mem:          3.8G       3.7G       119M       5.7M        27M       3.2G

MemTotal:        4016004 kB
MemFree:          131980 kB
Active:           346448 kB
Mem:          3.8G       3.7G       128M       5.7M        27M       3.2G

MemTotal:        4016004 kB
MemFree:          122196 kB
Active:           346444 kB
Mem:          3.8G       3.7G       119M       5.7M        27M       3.2G

MemTotal:        4016004 kB
MemFree:          120740 kB
Active:           346108 kB
Mem:          3.8G       3.7G       117M       5.7M        27M       3.2G

MemTotal:        4016004 kB
MemFree:          120740 kB
Active:           346140 kB
Mem:          3.8G       3.7G       117M       5.7M        27M       3.2G

MemTotal:        4016004 kB
MemFree:          120492 kB
Active:           346116 kB
Mem:          3.8G       3.7G       117M       5.7M        27M       3.2G

MemTotal:        4016004 kB
MemFree:          120616 kB
Active:           346136 kB
Mem:          3.8G       3.7G       117M       5.7M        27M       3.2G

MemTotal:        4016004 kB
MemFree:          120740 kB
Active:           346112 kB
Mem:          3.8G       3.7G       117M       5.7M        27M       3.2G

MemTotal:        4016004 kB
MemFree:          120244 kB
Active:           346116 kB
Mem:          3.8G       3.7G       117M       5.7M        27M       3.2G

MemTotal:        4016004 kB
MemFree:          120740 kB
Active:           346096 kB
Mem:          3.8G       3.7G       117M       5.7M        27M       3.2G

MemTotal:        4016004 kB
MemFree:          120988 kB
Active:           346112 kB
Mem:          3.8G       3.7G       118M       5.7M        27M       3.2G

MemTotal:        4016004 kB
MemFree:          121484 kB
Active:           346128 kB
Mem:          3.8G       3.7G       118M       5.7M        27M       3.2G

MemTotal:        4016004 kB
MemFree:          121360 kB
Active:           346136 kB
Mem:          3.8G       3.7G       118M       5.7M        27M       3.2G

MemTotal:        4016004 kB
MemFree:          121360 kB
Active:           346144 kB
Mem:          3.8G       3.7G       118M       5.7M        27M       3.2G

MemTotal:        4016004 kB
MemFree:          121360 kB
Active:           346124 kB
Mem:          3.8G       3.7G       118M       5.7M        27M       3.2G

MemTotal:        4016004 kB
MemFree:          121484 kB
Active:           346144 kB
Mem:          3.8G       3.7G       118M       5.7M        27M       3.2G

MemTotal:        4016004 kB
MemFree:          120988 kB
Active:           346124 kB
Mem:          3.8G       3.7G       117M       5.7M        27M       3.2G

MemTotal:        4016004 kB
MemFree:          120988 kB
Active:           346136 kB
Mem:          3.8G       3.7G       118M       5.7M        27M       3.2G

MemTotal:        4016004 kB
MemFree:          120616 kB
Active:           346164 kB
Mem:          3.8G       3.7G       118M       5.7M        27M       3.2G

MemTotal:        4016004 kB
MemFree:          121236 kB
Active:           346148 kB
Mem:          3.8G       3.7G       118M       5.7M        27M       3.2G

MemTotal:        4016004 kB
MemFree:          121236 kB
Active:           346172 kB
Mem:          3.8G       3.7G       118M       5.7M        27M       3.2G

MemTotal:        4016004 kB
MemFree:          121236 kB
Active:           346136 kB
Mem:          3.8G       3.7G       118M       5.7M        27M       3.2G

MemTotal:        4016004 kB
MemFree:          120864 kB
Active:           346172 kB
Mem:          3.8G       3.7G       118M       5.7M        27M       3.2G

MemTotal:        4016004 kB
MemFree:          121236 kB
Active:           346140 kB
Mem:          3.8G       3.7G       118M       5.7M        27M       3.2G

MemTotal:        4016004 kB
MemFree:          121112 kB
Active:           346168 kB
Mem:          3.8G       3.7G       118M       5.7M        27M       3.2G

MemTotal:        4016004 kB
MemFree:          120736 kB
Active:           346136 kB
Mem:          3.8G       3.7G       117M       5.7M        27M       3.3G

MemTotal:        4016004 kB
MemFree:          120924 kB
Active:           346136 kB
Mem:          3.8G       3.7G       117M       5.7M        27M       3.3G

MemTotal:        4016004 kB
MemFree:          121176 kB
Active:           346184 kB
Mem:          3.8G       3.7G       118M       5.7M        27M       3.3G

MemTotal:        4016004 kB
MemFree:          121120 kB
Active:           346160 kB
Mem:          3.8G       3.7G       118M       5.7M        27M       3.3G

MemTotal:        4016004 kB
MemFree:          121120 kB
Active:           346196 kB
Mem:          3.8G       3.7G       118M       5.7M        27M       3.3G

MemTotal:        4016004 kB
MemFree:          120996 kB
Active:           346160 kB
Mem:          3.8G       3.7G       118M       5.7M        27M       3.3G

MemTotal:        4016004 kB
MemFree:          121120 kB
Active:           346204 kB
Mem:          3.8G       3.7G       118M       5.7M        27M       3.3G

MemTotal:        4016004 kB
MemFree:          120996 kB
Active:           346152 kB
Mem:          3.8G       3.7G       118M       5.7M        27M       3.3G

MemTotal:        4016004 kB
MemFree:          121368 kB
Active:           346196 kB
Mem:          3.8G       3.7G       118M       5.7M        27M       3.3G

MemTotal:        4016004 kB
MemFree:          120872 kB
Active:           346168 kB
Mem:          3.8G       3.7G       118M       5.7M        27M       3.3G

MemTotal:        4016004 kB
MemFree:          121244 kB
Active:           346204 kB
Mem:          3.8G       3.7G       118M       5.7M        27M       3.3G

MemTotal:        4016004 kB
MemFree:          121368 kB
Active:           346180 kB
Mem:          3.8G       3.7G       118M       5.7M        27M       3.3G

MemTotal:        4016004 kB
MemFree:          121368 kB
Active:           346180 kB
Mem:          3.8G       3.7G       118M       5.7M        27M       3.3G

MemTotal:        4016004 kB
MemFree:          121244 kB
Active:           346212 kB
Mem:          3.8G       3.7G       118M       5.7M        27M       3.3G

MemTotal:        4016004 kB
MemFree:          120996 kB
Active:           346216 kB
Mem:          3.8G       3.7G       118M       5.7M        27M       3.3G

MemTotal:        4016004 kB
MemFree:          121244 kB
Active:           346168 kB
Mem:          3.8G       3.7G       118M       5.7M        27M       3.3G

MemTotal:        4016004 kB
MemFree:          121368 kB
Active:           346212 kB
Mem:          3.8G       3.7G       118M       5.7M        27M       3.3G

MemTotal:        4016004 kB
MemFree:          121244 kB
Active:           346216 kB
Mem:          3.8G       3.7G       118M       5.7M        27M       3.3G

MemTotal:        4016004 kB
MemFree:          121120 kB
Active:           346200 kB
Mem:          3.8G       3.7G       118M       5.7M        27M       3.3G

MemTotal:        4016004 kB
MemFree:          120996 kB
Active:           346188 kB
Mem:          3.8G       3.7G       118M       5.7M        27M       3.3G

MemTotal:        4016004 kB
MemFree:          120996 kB
Active:           346192 kB
Mem:          3.8G       3.7G       118M       5.7M        27M       3.3G

MemTotal:        4016004 kB
MemFree:          120872 kB
Active:           346224 kB
Mem:          3.8G       3.7G       118M       5.7M        27M       3.3G

MemTotal:        4016004 kB
MemFree:          120996 kB
Active:           346236 kB
Mem:          3.8G       3.7G       117M       5.7M        27M       3.3G

MemTotal:        4016004 kB
MemFree:          120872 kB
Active:           346212 kB
Mem:          3.8G       3.7G       118M       5.7M        27M       3.3G

MemTotal:        4016004 kB
MemFree:          120500 kB
Active:           346236 kB
Mem:          3.8G       3.7G       117M       5.7M        27M       3.3G

MemTotal:        4016004 kB
MemFree:          120376 kB
Active:           346240 kB
Mem:          3.8G       3.7G       117M       5.7M        27M       3.3G

MemTotal:        4016004 kB
MemFree:          120748 kB
Active:           346216 kB
Mem:          3.8G       3.7G       117M       5.7M        27M       3.3G

MemTotal:        4016004 kB
MemFree:          120748 kB
Active:           346248 kB
Mem:          3.8G       3.7G       118M       5.7M        27M       3.3G

MemTotal:        4016004 kB
MemFree:          121120 kB
Active:           346232 kB
Mem:          3.8G       3.7G       118M       5.7M        27M       3.3G

MemTotal:        4016004 kB
MemFree:          121244 kB
Active:           346244 kB
Mem:          3.8G       3.7G       118M       5.7M        27M       3.3G

MemTotal:        4016004 kB
MemFree:          121120 kB
Active:           346208 kB
Mem:          3.8G       3.7G       118M       5.7M        27M       3.3G

MemTotal:        4016004 kB
MemFree:          120748 kB
Active:           346252 kB
Mem:          3.8G       3.7G       118M       5.7M        27M       3.3G

MemTotal:        4016004 kB
MemFree:          121244 kB
Active:           346212 kB
Mem:          3.8G       3.7G       118M       5.7M        28M       3.3G

MemTotal:        4016004 kB
MemFree:          121120 kB
Active:           346256 kB
Mem:          3.8G       3.7G       118M       5.7M        28M       3.3G

MemTotal:        4016004 kB
MemFree:          120748 kB
Active:           346224 kB
Mem:          3.8G       3.7G       118M       5.7M        28M       3.3G

MemTotal:        4016004 kB
MemFree:          120996 kB
Active:           346244 kB
Mem:          3.8G       3.7G       118M       5.7M        28M       3.3G

MemTotal:        4016004 kB
MemFree:          121120 kB
Active:           346264 kB
Mem:          3.8G       3.7G       118M       5.7M        28M       3.3G

MemTotal:        4016004 kB
MemFree:          120872 kB
Active:           346232 kB
Mem:          3.8G       3.7G       118M       5.7M        28M       3.3G

MemTotal:        4016004 kB
MemFree:          120996 kB
Active:           346268 kB
Mem:          3.8G       3.7G       118M       5.7M        28M       3.3G

MemTotal:        4016004 kB
MemFree:          120952 kB
Active:           346232 kB
Mem:          3.8G       3.7G       118M       5.7M        28M       3.3G

MemTotal:        4016004 kB
MemFree:          120828 kB
Active:           346244 kB
Mem:          3.8G       3.7G       118M       5.7M        28M       3.3G

MemTotal:        4016004 kB
MemFree:          120952 kB
Active:           346268 kB
Mem:          3.8G       3.7G       118M       5.7M        28M       3.3G

MemTotal:        4016004 kB
MemFree:          121200 kB
Active:           346264 kB
Mem:          3.8G       3.7G       118M       5.7M        28M       3.3G

MemTotal:        4016004 kB
MemFree:          121324 kB
Active:           346276 kB
Mem:          3.8G       3.7G       118M       5.7M        28M       3.3G

MemTotal:        4016004 kB
MemFree:          121076 kB
Active:           346276 kB
Mem:          3.8G       3.7G       117M       5.7M        28M       3.3G

MemTotal:        4016004 kB
MemFree:          121076 kB
Active:           346264 kB
Mem:          3.8G       3.7G       118M       5.7M        28M       3.3G

MemTotal:        4016004 kB
MemFree:          121076 kB
Active:           346276 kB
Mem:          3.8G       3.7G       118M       5.7M        28M       3.3G

MemTotal:        4016004 kB
MemFree:          121200 kB
Active:           346252 kB
Mem:          3.8G       3.7G       118M       5.7M        28M       3.3G

MemTotal:        4016004 kB
MemFree:          121200 kB
Active:           346260 kB
Mem:          3.8G       3.7G       118M       5.7M        28M       3.3G

MemTotal:        4016004 kB
MemFree:          120828 kB
Active:           346288 kB
Mem:          3.8G       3.7G       118M       5.7M        28M       3.3G

MemTotal:        4016004 kB
MemFree:          121076 kB
Active:           346312 kB
Mem:          3.8G       3.7G       118M       5.7M        28M       3.3G

MemTotal:        4016004 kB
MemFree:          121076 kB
Active:           346324 kB
Mem:          3.8G       3.7G       117M       5.7M        28M       3.3G

MemTotal:        4016004 kB
MemFree:          120952 kB
Active:           346312 kB
Mem:          3.8G       3.7G       118M       5.7M        28M       3.3G

MemTotal:        4016004 kB
MemFree:          120812 kB
Active:           346376 kB
Mem:          3.8G       3.7G       117M       5.7M        28M       3.3G

MemTotal:        4016004 kB
MemFree:          120812 kB
Active:           346360 kB
Mem:          3.8G       3.7G       117M       5.7M        28M       3.3G

MemTotal:        4016004 kB
MemFree:          120936 kB
Active:           346376 kB
Mem:          3.8G       3.7G       118M       5.7M        28M       3.3G

MemTotal:        4016004 kB
MemFree:          120936 kB
Active:           346344 kB
Mem:          3.8G       3.7G       118M       5.7M        28M       3.3G

MemTotal:        4016004 kB
MemFree:          120936 kB
Active:           346364 kB
Mem:          3.8G       3.7G       117M       5.7M        28M       3.3G

MemTotal:        4016004 kB
MemFree:          120936 kB
Active:           346368 kB
Mem:          3.8G       3.7G       118M       5.7M        28M       3.3G

MemTotal:        4016004 kB
MemFree:          120316 kB
Active:           346388 kB
Mem:          3.8G       3.7G       117M       5.7M        28M       3.3G

MemTotal:        4016004 kB
MemFree:          120936 kB
Active:           346376 kB
Mem:          3.8G       3.7G       118M       5.7M        28M       3.3G

MemTotal:        4016004 kB
MemFree:          120936 kB
Active:           346392 kB
Mem:          3.8G       3.7G       117M       5.7M        28M       3.3G

MemTotal:        4016004 kB
MemFree:          120936 kB
Active:           346348 kB
Mem:          3.8G       3.7G       117M       5.7M        28M       3.3G

MemTotal:        4016004 kB
MemFree:          121060 kB
Active:           346368 kB
Mem:          3.8G       3.7G       118M       5.7M        28M       3.3G

MemTotal:        4016004 kB
MemFree:          120936 kB
Active:           346372 kB
Mem:          3.8G       3.7G       117M       5.7M        28M       3.3G

MemTotal:        4016004 kB
MemFree:          120936 kB
Active:           346360 kB
Mem:          3.8G       3.7G       118M       5.7M        28M       3.3G

MemTotal:        4016004 kB
MemFree:          121060 kB
Active:           346400 kB
Mem:          3.8G       3.7G       117M       5.7M        28M       3.3G

MemTotal:        4016004 kB
MemFree:          120936 kB
Active:           346368 kB
Mem:          3.8G       3.7G       118M       5.7M        28M       3.3G

MemTotal:        4016004 kB
MemFree:          121060 kB
Active:           346400 kB
Mem:          3.8G       3.7G       117M       5.7M        28M       3.3G

MemTotal:        4016004 kB
MemFree:          120952 kB
Active:           346396 kB
Mem:          3.8G       3.7G       118M       5.7M        28M       3.3G

MemTotal:        4016004 kB
MemFree:          120580 kB
Active:           346400 kB
Mem:          3.8G       3.7G       117M       5.7M        28M       3.3G

MemTotal:        4016004 kB
MemFree:          120952 kB
Active:           346400 kB
Mem:          3.8G       3.7G       117M       5.7M        28M       3.3G

MemTotal:        4016004 kB
MemFree:          120952 kB
Active:           346388 kB
Mem:          3.8G       3.7G       118M       5.7M        28M       3.3G

MemTotal:        4016004 kB
MemFree:          120952 kB
Active:           346396 kB
Mem:          3.8G       3.7G       118M       5.7M        28M       3.3G

MemTotal:        4016004 kB
MemFree:          120828 kB
Active:           346376 kB
Mem:          3.8G       3.7G       117M       5.7M        28M       3.3G

MemTotal:        4016004 kB
MemFree:          120828 kB
Active:           346408 kB
Mem:          3.8G       3.7G       117M       5.7M        28M       3.3G

MemTotal:        4016004 kB
MemFree:          120828 kB
Active:           346408 kB
Mem:          3.8G       3.7G       117M       5.7M        28M       3.3G

MemTotal:        4016004 kB
MemFree:          120952 kB
Active:           346380 kB
Mem:          3.8G       3.7G       117M       5.7M        28M       3.3G

MemTotal:        4016004 kB
MemFree:          120952 kB
Active:           346376 kB
Mem:          3.8G       3.7G       118M       5.7M        28M       3.3G

MemTotal:        4016004 kB
MemFree:          120704 kB
Active:           346384 kB
Mem:          3.8G       3.7G       118M       5.7M        28M       3.3G

MemTotal:        4016004 kB
MemFree:          121076 kB
Active:           346424 kB
Mem:          3.8G       3.7G       118M       5.7M        28M       3.3G

MemTotal:        4016004 kB
MemFree:          121076 kB
Active:           346392 kB
Mem:          3.8G       3.7G       118M       5.7M        28M       3.3G

MemTotal:        4016004 kB
MemFree:          120828 kB
Active:           346424 kB
Mem:          3.8G       3.7G       118M       5.7M        28M       3.3G

MemTotal:        4016004 kB
MemFree:          120952 kB
Active:           346388 kB
Mem:          3.8G       3.7G       117M       5.7M        28M       3.3G

MemTotal:        4016004 kB
MemFree:          120952 kB
Active:           346380 kB
Mem:          3.8G       3.7G       117M       5.7M        28M       3.3G

MemTotal:        4016004 kB
MemFree:          120456 kB
Active:           346396 kB
Mem:          3.8G       3.7G       117M       5.7M        28M       3.3G

MemTotal:        4016004 kB
MemFree:          120828 kB
Active:           346408 kB
Mem:          3.8G       3.7G       117M       5.7M        28M       3.3G

MemTotal:        4016004 kB
MemFree:          120952 kB
Active:           346420 kB
Mem:          3.8G       3.7G       117M       5.7M        28M       3.3G

MemTotal:        4016004 kB
MemFree:          120828 kB
Active:           346424 kB
Mem:          3.8G       3.7G       117M       5.7M        28M       3.3G

MemTotal:        4016004 kB
MemFree:          120828 kB
Active:           346436 kB
Mem:          3.8G       3.7G       118M       5.7M        28M       3.3G

MemTotal:        4016004 kB
MemFree:          120828 kB
Active:           346444 kB
Mem:          3.8G       3.7G       117M       5.7M        28M       3.3G

MemTotal:        4016004 kB
MemFree:          120828 kB
Active:           346452 kB
Mem:          3.8G       3.7G       118M       5.7M        28M       3.3G

MemTotal:        4016004 kB
MemFree:          120828 kB
Active:           346444 kB
Mem:          3.8G       3.7G       117M       5.7M        28M       3.3G

MemTotal:        4016004 kB
MemFree:          120828 kB
Active:           346448 kB
Mem:          3.8G       3.7G       117M       5.7M        28M       3.3G

MemTotal:        4016004 kB
MemFree:          120704 kB
Active:           346412 kB
Mem:          3.8G       3.7G       117M       5.7M        28M       3.3G

MemTotal:        4016004 kB
MemFree:          120952 kB
Active:           346416 kB
Mem:          3.8G       3.7G       118M       5.7M        28M       3.3G

MemTotal:        4016004 kB
MemFree:          120704 kB
Active:           346432 kB
Mem:          3.8G       3.7G       117M       5.7M        28M       3.3G

MemTotal:        4016004 kB
MemFree:          120704 kB
Active:           346444 kB
Mem:          3.8G       3.7G       117M       5.7M        28M       3.3G

MemTotal:        4016004 kB
MemFree:          120828 kB
Active:           346440 kB
Mem:          3.8G       3.7G       117M       5.7M        28M       3.3G

MemTotal:        4016004 kB
MemFree:          120704 kB
Active:           346460 kB
Mem:          3.8G       3.7G       117M       5.7M        28M       3.3G

MemTotal:        4016004 kB
MemFree:          120828 kB
Active:           346456 kB
Mem:          3.8G       3.7G       117M       5.7M        28M       3.3G

MemTotal:        4016004 kB
MemFree:          120828 kB
Active:           346436 kB
Mem:          3.8G       3.7G       117M       5.7M        28M       3.3G

MemTotal:        4016004 kB
MemFree:          120084 kB
Active:           346464 kB
Mem:          3.8G       3.7G       117M       5.7M        28M       3.3G

MemTotal:        4016004 kB
MemFree:          120828 kB
Active:           346448 kB
Mem:          3.8G       3.7G       117M       5.7M        28M       3.3G

MemTotal:        4016004 kB
MemFree:          120704 kB
Active:           346472 kB
Mem:          3.8G       3.7G       118M       5.7M        28M       3.3G

MemTotal:        4016004 kB
MemFree:          120456 kB
Active:           346472 kB
Mem:          3.8G       3.7G       117M       5.7M        28M       3.3G

MemTotal:        4016004 kB
MemFree:          120828 kB
Active:           346472 kB
Mem:          3.8G       3.7G       118M       5.7M        28M       3.3G

MemTotal:        4016004 kB
MemFree:          120704 kB
Active:           346444 kB
Mem:          3.8G       3.7G       117M       5.7M        28M       3.3G

MemTotal:        4016004 kB
MemFree:          120704 kB
Active:           346468 kB
Mem:          3.8G       3.7G       117M       5.7M        28M       3.3G

MemTotal:        4016004 kB
MemFree:          120828 kB
Active:           346472 kB
Mem:          3.8G       3.7G       117M       5.7M        28M       3.3G

MemTotal:        4016004 kB
MemFree:          120704 kB
Active:           346436 kB
Mem:          3.8G       3.7G       117M       5.7M        28M       3.3G

MemTotal:        4016004 kB
MemFree:          120704 kB
Active:           346476 kB
Mem:          3.8G       3.7G       117M       5.7M        28M       3.3G

MemTotal:        4016004 kB
MemFree:          120704 kB
Active:           346456 kB
Mem:          3.8G       3.7G       117M       5.7M        28M       3.3G

MemTotal:        4016004 kB
MemFree:          120828 kB
Active:           346476 kB
Mem:          3.8G       3.7G       117M       5.7M        28M       3.3G

MemTotal:        4016004 kB
MemFree:          120704 kB
Active:           346444 kB
Mem:          3.8G       3.7G       117M       5.7M        28M       3.3G

MemTotal:        4016004 kB
MemFree:          120828 kB
Active:           346452 kB
Mem:          3.8G       3.7G       117M       5.7M        28M       3.3G

MemTotal:        4016004 kB
MemFree:          120704 kB
Active:           346444 kB
Mem:          3.8G       3.7G       117M       5.7M        28M       3.3G

MemTotal:        4016004 kB
MemFree:          120828 kB
Active:           346448 kB
Mem:          3.8G       3.7G       117M       5.7M        28M       3.3G

MemTotal:        4016004 kB
MemFree:          120332 kB
Active:           346492 kB
Mem:          3.8G       3.7G       117M       5.7M        28M       3.3G

MemTotal:        4016004 kB
MemFree:          120580 kB
Active:           346460 kB
Mem:          3.8G       3.7G       117M       5.7M        28M       3.3G

MemTotal:        4016004 kB
MemFree:          120704 kB
Active:           346476 kB
Mem:          3.8G       3.7G       117M       5.7M        28M       3.3G

MemTotal:        4016004 kB
MemFree:          120828 kB
Active:           346500 kB
Mem:          3.8G       3.7G       117M       5.7M        28M       3.3G

MemTotal:        4016004 kB
MemFree:          120580 kB
Active:           346464 kB
Mem:          3.8G       3.7G       117M       5.7M        28M       3.3G

MemTotal:        4016004 kB
MemFree:          120704 kB
Active:           346464 kB
Mem:          3.8G       3.7G       117M       5.7M        28M       3.3G

MemTotal:        4016004 kB
MemFree:          120456 kB
Active:           346480 kB
Mem:          3.8G       3.7G       117M       5.7M        28M       3.3G

MemTotal:        4016004 kB
MemFree:          120456 kB
Active:           346500 kB
Mem:          3.8G       3.7G       117M       5.7M        28M       3.3G

MemTotal:        4016004 kB
MemFree:          120208 kB
Active:           346476 kB
Mem:          3.8G       3.7G       117M       5.7M        28M       3.3G

MemTotal:        4016004 kB
MemFree:          120332 kB
Active:           346476 kB
Mem:          3.8G       3.7G       117M       5.7M        28M       3.3G

MemTotal:        4016004 kB
MemFree:          120580 kB
Active:           346516 kB
Mem:          3.8G       3.7G       117M       5.7M        28M       3.3G

MemTotal:        4016004 kB
MemFree:          120456 kB
Active:           346480 kB
Mem:          3.8G       3.7G       117M       5.7M        28M       3.3G

MemTotal:        4016004 kB
MemFree:          120580 kB
Active:           346476 kB
Mem:          3.8G       3.7G       117M       5.7M        28M       3.3G

MemTotal:        4016004 kB
MemFree:          120456 kB
Active:           346516 kB
Mem:          3.8G       3.7G       117M       5.7M        28M       3.3G

MemTotal:        4016004 kB
MemFree:          120456 kB
Active:           346484 kB
Mem:          3.8G       3.7G       117M       5.7M        28M       3.3G

MemTotal:        4016004 kB
MemFree:          120456 kB
Active:           346472 kB
Mem:          3.8G       3.7G       117M       5.7M        28M       3.3G

MemTotal:        4016004 kB
MemFree:          119960 kB
Active:           346524 kB
Mem:          3.8G       3.7G       117M       5.7M        28M       3.3G

MemTotal:        4016004 kB
MemFree:          120084 kB
Active:           346524 kB
Mem:          3.8G       3.7G       117M       5.7M        28M       3.3G

MemTotal:        4016004 kB
MemFree:          120580 kB
Active:           346500 kB
Mem:          3.8G       3.7G       117M       5.7M        28M       3.3G

MemTotal:        4016004 kB
MemFree:          120084 kB
Active:           346528 kB
Mem:          3.8G       3.7G       117M       5.7M        28M       3.3G

MemTotal:        4016004 kB
MemFree:          120580 kB
Active:           346488 kB
Mem:          3.8G       3.7G       117M       5.7M        28M       3.3G

MemTotal:        4016004 kB
MemFree:          120456 kB
Active:           346512 kB
Mem:          3.8G       3.7G       117M       5.7M        28M       3.3G

MemTotal:        4016004 kB
MemFree:          120456 kB
Active:           346492 kB
Mem:          3.8G       3.7G       117M       5.7M        28M       3.3G

MemTotal:        4016004 kB
MemFree:          120456 kB
Active:           346516 kB
Mem:          3.8G       3.7G       117M       5.7M        28M       3.3G

MemTotal:        4016004 kB
MemFree:          120456 kB
Active:           346532 kB
Mem:          3.8G       3.7G       117M       5.7M        28M       3.3G

MemTotal:        4016004 kB
MemFree:          120332 kB
Active:           346532 kB
Mem:          3.8G       3.7G       117M       5.7M        28M       3.3G

MemTotal:        4016004 kB
MemFree:          120456 kB
Active:           346476 kB
Mem:          3.8G       3.7G       117M       5.7M        28M       3.3G

MemTotal:        4016004 kB
MemFree:          120580 kB
Active:           346488 kB
Mem:          3.8G       3.7G       117M       5.7M        28M       3.3G

MemTotal:        4016004 kB
MemFree:          120332 kB
Active:           346504 kB
Mem:          3.8G       3.7G       117M       5.7M        28M       3.3G

MemTotal:        4016004 kB
MemFree:          120284 kB
Active:           346540 kB
Mem:          3.8G       3.7G       117M       5.7M        28M       3.3G

MemTotal:        4016004 kB
MemFree:          119912 kB
Active:           346540 kB
Mem:          3.8G       3.7G       117M       5.7M        28M       3.3G

MemTotal:        4016004 kB
MemFree:          120036 kB
Active:           346512 kB
Mem:          3.8G       3.7G       117M       5.7M        28M       3.3G

MemTotal:        4016004 kB
MemFree:          120036 kB
Active:           346532 kB
Mem:          3.8G       3.7G       116M       5.7M        28M       3.3G

MemTotal:        4016004 kB
MemFree:          119912 kB
Active:           346552 kB
Mem:          3.8G       3.7G       117M       5.7M        28M       3.3G

MemTotal:        4016004 kB
MemFree:          119912 kB
Active:           346540 kB
Mem:          3.8G       3.7G       116M       5.7M        28M       3.3G

MemTotal:        4016004 kB
MemFree:          119912 kB
Active:           346544 kB
Mem:          3.8G       3.7G       117M       5.7M        28M       3.3G

MemTotal:        4016004 kB
MemFree:          119788 kB
Active:           346532 kB
Mem:          3.8G       3.7G       117M       5.7M        28M       3.3G

MemTotal:        4016004 kB
MemFree:          119540 kB
Active:           346564 kB
Mem:          3.8G       3.7G       116M       5.7M        28M       3.3G

MemTotal:        4016004 kB
MemFree:          120036 kB
Active:           346564 kB
Mem:          3.8G       3.7G       117M       5.7M        28M       3.3G

MemTotal:        4016004 kB
MemFree:          120160 kB
Active:           346548 kB
Mem:          3.8G       3.7G       117M       5.7M        28M       3.3G

MemTotal:        4016004 kB
MemFree:          120160 kB
Active:           346512 kB
Mem:          3.8G       3.7G       116M       5.7M        28M       3.3G

MemTotal:        4016004 kB
MemFree:          119664 kB
Active:           346572 kB
Mem:          3.8G       3.7G       117M       5.7M        28M       3.3G

MemTotal:        4016004 kB
MemFree:          120036 kB
Active:           346564 kB
Mem:          3.8G       3.7G       117M       5.7M        28M       3.3G

MemTotal:        4016004 kB
MemFree:          120036 kB
Active:           346544 kB
Mem:          3.8G       3.7G       117M       5.7M        28M       3.3G

MemTotal:        4016004 kB
MemFree:          119664 kB
Active:           346572 kB
Mem:          3.8G       3.7G       116M       5.7M        28M       3.3G

MemTotal:        4016004 kB
MemFree:          119912 kB
Active:           346572 kB
Mem:          3.8G       3.7G       117M       5.7M        28M       3.3G

MemTotal:        4016004 kB
MemFree:          120036 kB
Active:           346532 kB
Mem:          3.8G       3.7G       117M       5.7M        28M       3.3G

MemTotal:        4016004 kB
MemFree:          120036 kB
Active:           346572 kB
Mem:          3.8G       3.7G       117M       5.7M        28M       3.3G

MemTotal:        4016004 kB
MemFree:          120160 kB
Active:           346540 kB
Mem:          3.8G       3.7G       117M       5.7M        28M       3.3G

MemTotal:        4016004 kB
MemFree:          120036 kB
Active:           346548 kB
Mem:          3.8G       3.7G       117M       5.7M        28M       3.3G

MemTotal:        4016004 kB
MemFree:          120036 kB
Active:           346564 kB
Mem:          3.8G       3.7G       117M       5.7M        28M       3.3G

MemTotal:        4016004 kB
MemFree:          120036 kB
Active:           346572 kB
Mem:          3.8G       3.7G       117M       5.7M        28M       3.3G

MemTotal:        4016004 kB
MemFree:          119912 kB
Active:           346548 kB
Mem:          3.8G       3.7G       117M       5.7M        28M       3.3G

MemTotal:        4016004 kB
MemFree:          120204 kB
Active:           346172 kB
Mem:          3.8G       3.7G       117M       5.7M        28M       3.3G

MemTotal:        4016004 kB
MemFree:          120840 kB
Active:           346116 kB
Mem:          3.8G       3.7G       117M       5.7M        28M       3.3G

MemTotal:        4016004 kB
MemFree:          120592 kB
Active:           346160 kB
Mem:          3.8G       3.7G       117M       5.7M        28M       3.3G

MemTotal:        4016004 kB
MemFree:          120220 kB
Active:           346188 kB
Mem:          3.8G       3.7G       117M       5.7M        28M       3.3G

MemTotal:        4016004 kB
MemFree:          120716 kB
Active:           346160 kB
Mem:          3.8G       3.7G       117M       5.7M        28M       3.3G

MemTotal:        4016004 kB
MemFree:          120344 kB
Active:           346188 kB
Mem:          3.8G       3.7G       117M       5.7M        28M       3.3G

MemTotal:        4016004 kB
MemFree:          120840 kB
Active:           346176 kB
Mem:          3.8G       3.7G       117M       5.7M        28M       3.3G

MemTotal:        4016004 kB
MemFree:          120468 kB
Active:           346180 kB
Mem:          3.8G       3.7G       117M       5.7M        28M       3.3G

MemTotal:        4016004 kB
MemFree:          120716 kB
Active:           346172 kB
Mem:          3.8G       3.7G       117M       5.7M        28M       3.3G

MemTotal:        4016004 kB
MemFree:          120344 kB
Active:           346204 kB
Mem:          3.8G       3.7G       117M       5.7M        28M       3.3G

MemTotal:        4016004 kB
MemFree:          120716 kB
Active:           346164 kB
Mem:          3.8G       3.7G       117M       5.7M        28M       3.3G

MemTotal:        4016004 kB
MemFree:          120344 kB
Active:           346208 kB
Mem:          3.8G       3.7G       117M       5.7M        28M       3.3G

MemTotal:        4016004 kB
MemFree:          120592 kB
Active:           346180 kB
Mem:          3.8G       3.7G       117M       5.7M        28M       3.3G

MemTotal:        4016004 kB
MemFree:          120112 kB
Active:           346208 kB
Mem:          3.8G       3.7G       117M       5.7M        28M       3.3G

MemTotal:        4016004 kB
MemFree:          120484 kB
Active:           346176 kB
Mem:          3.8G       3.7G       117M       5.7M        28M       3.3G

MemTotal:        4016004 kB
MemFree:          119988 kB
Active:           346208 kB
Mem:          3.8G       3.7G       117M       5.7M        28M       3.3G

MemTotal:        4016004 kB
MemFree:          120360 kB
Active:           346160 kB
Mem:          3.8G       3.7G       117M       5.7M        28M       3.3G

MemTotal:        4016004 kB
MemFree:          120360 kB
Active:           346168 kB
Mem:          3.8G       3.7G       117M       5.7M        28M       3.3G

MemTotal:        4016004 kB
MemFree:          120236 kB
Active:           346176 kB
Mem:          3.8G       3.7G       117M       5.7M        28M       3.3G

MemTotal:        4016004 kB
MemFree:          119864 kB
Active:           346216 kB
Mem:          3.8G       3.7G       117M       5.7M        28M       3.3G

MemTotal:        4016004 kB
MemFree:          120360 kB
Active:           346160 kB
Mem:          3.8G       3.7G       117M       5.7M        28M       3.3G

MemTotal:        4016004 kB
MemFree:          120360 kB
Active:           346164 kB
Mem:          3.8G       3.7G       117M       5.7M        28M       3.3G

MemTotal:        4016004 kB
MemFree:          119988 kB
Active:           346224 kB
Mem:          3.8G       3.7G       117M       5.7M        28M       3.3G

MemTotal:        4016004 kB
MemFree:          119988 kB
Active:           346228 kB
Mem:          3.8G       3.7G       117M       5.7M        28M       3.3G

MemTotal:        4016004 kB
MemFree:          120112 kB
Active:           346232 kB
Mem:          3.8G       3.7G       117M       5.7M        28M       3.3G

MemTotal:        4016004 kB
MemFree:          120360 kB
Active:           346180 kB
Mem:          3.8G       3.7G       117M       5.7M        28M       3.3G

MemTotal:        4016004 kB
MemFree:          120484 kB
Active:           346184 kB
Mem:          3.8G       3.7G       117M       5.7M        28M       3.3G

MemTotal:        4016004 kB
MemFree:          119988 kB
Active:           346240 kB
Mem:          3.8G       3.7G       117M       5.7M        28M       3.3G

MemTotal:        4016004 kB
MemFree:          120360 kB
Active:           346228 kB
Mem:          3.8G       3.7G       117M       5.7M        28M       3.3G

MemTotal:        4016004 kB
MemFree:          120360 kB
Active:           346232 kB
