MemTotal:        4016004 kB
MemFree:         3229688 kB
Active:           431468 kB
Mem:          3.8G       767M       3.1G       5.7M        51M       321M

MemTotal:        4016004 kB
MemFree:         3230020 kB
Active:           430948 kB
Mem:          3.8G       767M       3.1G       5.7M        51M       321M

MemTotal:        4016004 kB
MemFree:         3230392 kB
Active:           431056 kB
Mem:          3.8G       767M       3.1G       5.7M        51M       321M

MemTotal:        4016004 kB
MemFree:         3230872 kB
Active:           431068 kB
Mem:          3.8G       766M       3.1G       5.7M        51M       321M

MemTotal:        4016004 kB
MemFree:         3231104 kB
Active:           431016 kB
Mem:          3.8G       766M       3.1G       5.7M        51M       321M

MemTotal:        4016004 kB
MemFree:         3230772 kB
Active:           428976 kB
Mem:          3.8G       766M       3.1G       5.7M        51M       321M

MemTotal:        4016004 kB
MemFree:         3230524 kB
Active:           431072 kB
Mem:          3.8G       766M       3.1G       5.7M        51M       321M

MemTotal:        4016004 kB
MemFree:         3230524 kB
Active:           431048 kB
Mem:          3.8G       767M       3.1G       5.7M        51M       321M

MemTotal:        4016004 kB
MemFree:         3230524 kB
Active:           431052 kB
Mem:          3.8G       767M       3.1G       5.7M        51M       321M

MemTotal:        4016004 kB
MemFree:         3230400 kB
Active:           431080 kB
Mem:          3.8G       767M       3.1G       5.7M        51M       321M

MemTotal:        4016004 kB
MemFree:         3230672 kB
Active:           431076 kB
Mem:          3.8G       767M       3.1G       5.7M        51M       321M

MemTotal:        4016004 kB
MemFree:         3230672 kB
Active:           431076 kB
Mem:          3.8G       767M       3.1G       5.7M        51M       321M

MemTotal:        4016004 kB
MemFree:         3231168 kB
Active:           431068 kB
Mem:          3.8G       766M       3.1G       5.7M        51M       321M

MemTotal:        4016004 kB
MemFree:         3230672 kB
Active:           431080 kB
Mem:          3.8G       766M       3.1G       5.7M        51M       321M

MemTotal:        4016004 kB
MemFree:         3230952 kB
Active:           431076 kB
Mem:          3.8G       766M       3.1G       5.7M        51M       321M

MemTotal:        4016004 kB
MemFree:         3230828 kB
Active:           431028 kB
Mem:          3.8G       766M       3.1G       5.7M        51M       321M

MemTotal:        4016004 kB
MemFree:         3230564 kB
Active:           431088 kB
Mem:          3.8G       766M       3.1G       5.7M        51M       321M

MemTotal:        4016004 kB
MemFree:         3230936 kB
Active:           431048 kB
Mem:          3.8G       766M       3.1G       5.7M        51M       321M

MemTotal:        4016004 kB
MemFree:         3230984 kB
Active:           431040 kB
Mem:          3.8G       766M       3.1G       5.7M        51M       321M

MemTotal:        4016004 kB
MemFree:         3231108 kB
Active:           431056 kB
Mem:          3.8G       766M       3.1G       5.7M        51M       321M

MemTotal:        4016004 kB
MemFree:         3230240 kB
Active:           431088 kB
Mem:          3.8G       766M       3.1G       5.7M        51M       321M

MemTotal:        4016004 kB
MemFree:         3230612 kB
Active:           431064 kB
Mem:          3.8G       766M       3.1G       5.7M        51M       321M

MemTotal:        4016004 kB
MemFree:         3230860 kB
Active:           431044 kB
Mem:          3.8G       766M       3.1G       5.7M        51M       321M

MemTotal:        4016004 kB
MemFree:         3230860 kB
Active:           431060 kB
Mem:          3.8G       766M       3.1G       5.7M        51M       321M

MemTotal:        4016004 kB
MemFree:         3230364 kB
Active:           431096 kB
Mem:          3.8G       766M       3.1G       5.7M        51M       321M

MemTotal:        4016004 kB
MemFree:         3230796 kB
Active:           429004 kB
Mem:          3.8G       766M       3.1G       5.7M        51M       321M

MemTotal:        4016004 kB
MemFree:         3231168 kB
Active:           431088 kB
Mem:          3.8G       766M       3.1G       5.7M        51M       321M

MemTotal:        4016004 kB
MemFree:         3231044 kB
Active:           431096 kB
Mem:          3.8G       766M       3.1G       5.7M        51M       321M

MemTotal:        4016004 kB
MemFree:         3230780 kB
Active:           431052 kB
Mem:          3.8G       766M       3.1G       5.7M        51M       321M

MemTotal:        4016004 kB
MemFree:         3230532 kB
Active:           431092 kB
Mem:          3.8G       767M       3.1G       5.7M        51M       321M

MemTotal:        4016004 kB
MemFree:         3230516 kB
Active:           431064 kB
Mem:          3.8G       767M       3.1G       5.7M        51M       321M

MemTotal:        4016004 kB
MemFree:         3230516 kB
Active:           431088 kB
Mem:          3.8G       767M       3.1G       5.7M        51M       321M

MemTotal:        4016004 kB
MemFree:         3230376 kB
Active:           431064 kB
Mem:          3.8G       767M       3.1G       5.7M        51M       321M

MemTotal:        4016004 kB
MemFree:         3230112 kB
Active:           431104 kB
Mem:          3.8G       767M       3.1G       5.7M        51M       321M

MemTotal:        4016004 kB
MemFree:         3230608 kB
Active:           431084 kB
Mem:          3.8G       767M       3.1G       5.7M        51M       321M

MemTotal:        4016004 kB
MemFree:         3230096 kB
Active:           431120 kB
Mem:          3.8G       767M       3.1G       5.7M        51M       321M

MemTotal:        4016004 kB
MemFree:         3230592 kB
Active:           431092 kB
Mem:          3.8G       767M       3.1G       5.7M        51M       321M

MemTotal:        4016004 kB
MemFree:         3230452 kB
Active:           431088 kB
Mem:          3.8G       766M       3.1G       5.7M        51M       321M

MemTotal:        4016004 kB
MemFree:         3230452 kB
Active:           431116 kB
Mem:          3.8G       767M       3.1G       5.7M        51M       321M

MemTotal:        4016004 kB
MemFree:         3230436 kB
Active:           431064 kB
Mem:          3.8G       767M       3.1G       5.7M        51M       321M

MemTotal:        4016004 kB
MemFree:         3230420 kB
Active:           431100 kB
Mem:          3.8G       767M       3.1G       5.7M        51M       321M

MemTotal:        4016004 kB
MemFree:         3229908 kB
Active:           431132 kB
Mem:          3.8G       767M       3.1G       5.7M        51M       321M

MemTotal:        4016004 kB
MemFree:         3230644 kB
Active:           431128 kB
Mem:          3.8G       767M       3.1G       5.7M        51M       321M

MemTotal:        4016004 kB
MemFree:         3230752 kB
Active:           431112 kB
Mem:          3.8G       767M       3.1G       5.7M        51M       321M

MemTotal:        4016004 kB
MemFree:         3228812 kB
Active:           431128 kB
Mem:          3.8G       768M       3.1G       5.7M        51M       321M

MemTotal:        4016004 kB
MemFree:         3228828 kB
Active:           433136 kB
Mem:          3.8G       768M       3.1G       5.7M        51M       321M

MemTotal:        4016004 kB
MemFree:         3228332 kB
Active:           433168 kB
Mem:          3.8G       768M       3.1G       5.7M        51M       321M

MemTotal:        4016004 kB
MemFree:         3228828 kB
Active:           433112 kB
Mem:          3.8G       769M       3.1G       5.7M        51M       321M

MemTotal:        4016004 kB
MemFree:         3228828 kB
Active:           433124 kB
Mem:          3.8G       768M       3.1G       5.7M        51M       321M

MemTotal:        4016004 kB
MemFree:         3228952 kB
Active:           433144 kB
Mem:          3.8G       769M       3.1G       5.7M        51M       321M

MemTotal:        4016004 kB
MemFree:         3228952 kB
Active:           433156 kB
Mem:          3.8G       768M       3.1G       5.7M        51M       321M

MemTotal:        4016004 kB
MemFree:         3228828 kB
Active:           433128 kB
Mem:          3.8G       768M       3.1G       5.7M        51M       321M

MemTotal:        4016004 kB
MemFree:         3228828 kB
Active:           433192 kB
Mem:          3.8G       768M       3.1G       5.7M        51M       321M

MemTotal:        4016004 kB
MemFree:         3228176 kB
Active:           433196 kB
Mem:          3.8G       769M       3.1G       5.7M        51M       321M

MemTotal:        4016004 kB
MemFree:         3228580 kB
Active:           433144 kB
Mem:          3.8G       768M       3.1G       5.7M        51M       321M

MemTotal:        4016004 kB
MemFree:         3228656 kB
Active:           433188 kB
Mem:          3.8G       768M       3.1G       5.7M        51M       321M

MemTotal:        4016004 kB
MemFree:         3228688 kB
Active:           433160 kB
Mem:          3.8G       768M       3.1G       5.7M        51M       321M

MemTotal:        4016004 kB
MemFree:         3228736 kB
Active:           433168 kB
Mem:          3.8G       768M       3.1G       5.7M        51M       321M

MemTotal:        4016004 kB
MemFree:         3228736 kB
Active:           433196 kB
Mem:          3.8G       769M       3.1G       5.7M        51M       321M

MemTotal:        4016004 kB
MemFree:         3228736 kB
Active:           433184 kB
Mem:          3.8G       768M       3.1G       5.7M        51M       321M

MemTotal:        4016004 kB
MemFree:         3228596 kB
Active:           433172 kB
Mem:          3.8G       768M       3.1G       5.7M        51M       321M

MemTotal:        4016004 kB
MemFree:         3228704 kB
Active:           433160 kB
Mem:          3.8G       768M       3.1G       5.7M        51M       321M

MemTotal:        4016004 kB
MemFree:         3228688 kB
Active:           433180 kB
Mem:          3.8G       768M       3.1G       5.7M        51M       321M

MemTotal:        4016004 kB
MemFree:         3228332 kB
Active:           433208 kB
Mem:          3.8G       769M       3.1G       5.7M        51M       321M

MemTotal:        4016004 kB
MemFree:         3228208 kB
Active:           433212 kB
Mem:          3.8G       769M       3.1G       5.7M        51M       321M

MemTotal:        4016004 kB
MemFree:         3228580 kB
Active:           433208 kB
Mem:          3.8G       768M       3.1G       5.7M        51M       321M

MemTotal:        4016004 kB
MemFree:         3228208 kB
Active:           433216 kB
Mem:          3.8G       769M       3.1G       5.7M        51M       321M

MemTotal:        4016004 kB
MemFree:         3228580 kB
Active:           433160 kB
Mem:          3.8G       769M       3.1G       5.7M        51M       321M

MemTotal:        4016004 kB
MemFree:         3228740 kB
Active:           433172 kB
Mem:          3.8G       769M       3.1G       5.7M        51M       321M

MemTotal:        4016004 kB
MemFree:         3228244 kB
Active:           433204 kB
Mem:          3.8G       768M       3.1G       5.7M        51M       321M

MemTotal:        4016004 kB
MemFree:         3228368 kB
Active:           433168 kB
Mem:          3.8G       769M       3.1G       5.7M        51M       321M

MemTotal:        4016004 kB
MemFree:         3228616 kB
Active:           433168 kB
Mem:          3.8G       769M       3.1G       5.7M        51M       321M

MemTotal:        4016004 kB
MemFree:         3228616 kB
Active:           433200 kB
Mem:          3.8G       769M       3.1G       5.7M        51M       321M

MemTotal:        4016004 kB
MemFree:         3228244 kB
Active:           433220 kB
Mem:          3.8G       769M       3.1G       5.7M        51M       321M

MemTotal:        4016004 kB
MemFree:         3227732 kB
Active:           433220 kB
Mem:          3.8G       769M       3.1G       5.7M        51M       321M

MemTotal:        4016004 kB
MemFree:         3228368 kB
Active:           433192 kB
Mem:          3.8G       769M       3.1G       5.7M        51M       321M

MemTotal:        4016004 kB
MemFree:         3228392 kB
Active:           433196 kB
Mem:          3.8G       769M       3.1G       5.7M        51M       321M

MemTotal:        4016004 kB
MemFree:         3228516 kB
Active:           433224 kB
Mem:          3.8G       768M       3.1G       5.7M        51M       321M

MemTotal:        4016004 kB
MemFree:         3228812 kB
Active:           433184 kB
Mem:          3.8G       769M       3.1G       5.7M        51M       321M

MemTotal:        4016004 kB
MemFree:         3228316 kB
Active:           433204 kB
Mem:          3.8G       768M       3.1G       5.7M        51M       321M

MemTotal:        4016004 kB
MemFree:         3228316 kB
Active:           433224 kB
Mem:          3.8G       769M       3.1G       5.7M        51M       321M

MemTotal:        4016004 kB
MemFree:         3228440 kB
Active:           433208 kB
Mem:          3.8G       769M       3.1G       5.7M        51M       321M

MemTotal:        4016004 kB
MemFree:         3228564 kB
Active:           433224 kB
Mem:          3.8G       769M       3.1G       5.7M        51M       321M

MemTotal:        4016004 kB
MemFree:         3228936 kB
Active:           433192 kB
Mem:          3.8G       768M       3.1G       5.7M        51M       321M

MemTotal:        4016004 kB
MemFree:         3228872 kB
Active:           431308 kB
Mem:          3.8G       768M       3.1G       5.7M        51M       321M

MemTotal:        4016004 kB
MemFree:         3228608 kB
Active:           433360 kB
Mem:          3.8G       768M       3.1G       5.7M        51M       321M

MemTotal:        4016004 kB
MemFree:         3228716 kB
Active:           433332 kB
Mem:          3.8G       768M       3.1G       5.7M        51M       321M

MemTotal:        4016004 kB
MemFree:         3228716 kB
Active:           433316 kB
Mem:          3.8G       768M       3.1G       5.7M        51M       321M

MemTotal:        4016004 kB
MemFree:         3228344 kB
Active:           433380 kB
Mem:          3.8G       768M       3.1G       5.7M        51M       321M

MemTotal:        4016004 kB
MemFree:         3228716 kB
Active:           433340 kB
Mem:          3.8G       768M       3.1G       5.7M        51M       321M

MemTotal:        4016004 kB
MemFree:         3228716 kB
Active:           433340 kB
Mem:          3.8G       769M       3.1G       5.7M        51M       321M

MemTotal:        4016004 kB
MemFree:         3228220 kB
Active:           433352 kB
Mem:          3.8G       769M       3.1G       5.7M        51M       321M

MemTotal:        4016004 kB
MemFree:         3228096 kB
Active:           433360 kB
Mem:          3.8G       769M       3.1G       5.7M        51M       321M

MemTotal:        4016004 kB
MemFree:         3228220 kB
Active:           433332 kB
Mem:          3.8G       769M       3.1G       5.7M        51M       321M

MemTotal:        4016004 kB
MemFree:         3228344 kB
Active:           433364 kB
Mem:          3.8G       769M       3.1G       5.7M        51M       321M

MemTotal:        4016004 kB
MemFree:         3228328 kB
Active:           433356 kB
Mem:          3.8G       769M       3.1G       5.7M        51M       321M

MemTotal:        4016004 kB
MemFree:         3227940 kB
Active:           433384 kB
Mem:          3.8G       769M       3.1G       5.7M        51M       321M

MemTotal:        4016004 kB
MemFree:         3228188 kB
Active:           433388 kB
Mem:          3.8G       769M       3.1G       5.7M        51M       321M

MemTotal:        4016004 kB
MemFree:         3228436 kB
Active:           433348 kB
Mem:          3.8G       769M       3.1G       5.7M        51M       321M

MemTotal:        4016004 kB
MemFree:         3228312 kB
Active:           433368 kB
Mem:          3.8G       769M       3.1G       5.7M        51M       321M

MemTotal:        4016004 kB
MemFree:         3228064 kB
Active:           433392 kB
Mem:          3.8G       769M       3.1G       5.7M        51M       321M

MemTotal:        4016004 kB
MemFree:         3228560 kB
Active:           433376 kB
Mem:          3.8G       768M       3.1G       5.7M        51M       321M

MemTotal:        4016004 kB
MemFree:         3227924 kB
Active:           433408 kB
Mem:          3.8G       769M       3.1G       5.7M        51M       321M

MemTotal:        4016004 kB
MemFree:         3228172 kB
Active:           433392 kB
Mem:          3.8G       769M       3.1G       5.7M        51M       321M

MemTotal:        4016004 kB
MemFree:         3227892 kB
Active:           433412 kB
Mem:          3.8G       769M       3.1G       5.7M        51M       321M

MemTotal:        4016004 kB
MemFree:         3228372 kB
Active:           433380 kB
Mem:          3.8G       769M       3.1G       5.7M        51M       321M

MemTotal:        4016004 kB
MemFree:         3228372 kB
Active:           433400 kB
Mem:          3.8G       769M       3.1G       5.7M        51M       321M

MemTotal:        4016004 kB
MemFree:         3228108 kB
Active:           433384 kB
Mem:          3.8G       769M       3.1G       5.7M        51M       321M

MemTotal:        4016004 kB
MemFree:         3228340 kB
Active:           433408 kB
Mem:          3.8G       769M       3.1G       5.7M        51M       321M

MemTotal:        4016004 kB
MemFree:         3228200 kB
Active:           433380 kB
Mem:          3.8G       769M       3.1G       5.7M        51M       321M

MemTotal:        4016004 kB
MemFree:         3228200 kB
Active:           433404 kB
Mem:          3.8G       769M       3.1G       5.7M        51M       321M

MemTotal:        4016004 kB
MemFree:         3228076 kB
Active:           433368 kB
Mem:          3.8G       769M       3.1G       5.7M        51M       321M

MemTotal:        4016004 kB
MemFree:         3228060 kB
Active:           433396 kB
Mem:          3.8G       769M       3.1G       5.7M        51M       321M

MemTotal:        4016004 kB
MemFree:         3225996 kB
Active:           433376 kB
Mem:          3.8G       771M       3.1G       5.7M        51M       321M

MemTotal:        4016004 kB
MemFree:         3225812 kB
Active:           435448 kB
Mem:          3.8G       771M       3.1G       5.7M        51M       321M

MemTotal:        4016004 kB
MemFree:         3226308 kB
Active:           435404 kB
Mem:          3.8G       771M       3.1G       5.7M        51M       321M

MemTotal:        4016004 kB
MemFree:         3226184 kB
Active:           435428 kB
Mem:          3.8G       770M       3.1G       5.7M        51M       321M

MemTotal:        4016004 kB
MemFree:         3226556 kB
Active:           435424 kB
Mem:          3.8G       770M       3.1G       5.7M        51M       321M

MemTotal:        4016004 kB
MemFree:         3226680 kB
Active:           435408 kB
Mem:          3.8G       770M       3.1G       5.7M        51M       321M

MemTotal:        4016004 kB
MemFree:         3226388 kB
Active:           435464 kB
Mem:          3.8G       771M       3.1G       5.7M        51M       321M

MemTotal:        4016004 kB
MemFree:         3226264 kB
Active:           435428 kB
Mem:          3.8G       771M       3.1G       5.7M        51M       321M

MemTotal:        4016004 kB
MemFree:         3226372 kB
Active:           435428 kB
Mem:          3.8G       771M       3.1G       5.7M        51M       321M

MemTotal:        4016004 kB
MemFree:         3226232 kB
Active:           435464 kB
Mem:          3.8G       771M       3.1G       5.7M        51M       321M

MemTotal:        4016004 kB
MemFree:         3226264 kB
Active:           435416 kB
Mem:          3.8G       771M       3.1G       5.7M        51M       321M

MemTotal:        4016004 kB
MemFree:         3226388 kB
Active:           435448 kB
Mem:          3.8G       771M       3.1G       5.7M        51M       321M

MemTotal:        4016004 kB
MemFree:         3226264 kB
Active:           435468 kB
Mem:          3.8G       770M       3.1G       5.7M        51M       321M

MemTotal:        4016004 kB
MemFree:         3226512 kB
Active:           435468 kB
Mem:          3.8G       770M       3.1G       5.7M        51M       321M

MemTotal:        4016004 kB
MemFree:         3225892 kB
Active:           435468 kB
Mem:          3.8G       771M       3.1G       5.7M        51M       321M

MemTotal:        4016004 kB
MemFree:         3226248 kB
Active:           435448 kB
Mem:          3.8G       771M       3.1G       5.7M        51M       321M

MemTotal:        4016004 kB
MemFree:         3226232 kB
Active:           435448 kB
Mem:          3.8G       771M       3.1G       5.7M        51M       321M

MemTotal:        4016004 kB
MemFree:         3226216 kB
Active:           435420 kB
Mem:          3.8G       771M       3.1G       5.7M        51M       321M

MemTotal:        4016004 kB
MemFree:         3225952 kB
Active:           435448 kB
Mem:          3.8G       771M       3.1G       5.7M        51M       321M

MemTotal:        4016004 kB
MemFree:         3225828 kB
Active:           435452 kB
Mem:          3.8G       771M       3.1G       5.7M        51M       321M

MemTotal:        4016004 kB
MemFree:         3226368 kB
Active:           433404 kB
Mem:          3.8G       771M       3.1G       5.7M        51M       321M

MemTotal:        4016004 kB
MemFree:         3226476 kB
Active:           435464 kB
Mem:          3.8G       770M       3.1G       5.7M        51M       321M

MemTotal:        4016004 kB
MemFree:         3225980 kB
Active:           435488 kB
Mem:          3.8G       771M       3.1G       5.7M        51M       321M

MemTotal:        4016004 kB
MemFree:         3226708 kB
Active:           435476 kB
Mem:          3.8G       771M       3.1G       5.7M        51M       321M

MemTotal:        4016004 kB
MemFree:         3226444 kB
Active:           435444 kB
Mem:          3.8G       771M       3.1G       5.7M        51M       321M

MemTotal:        4016004 kB
MemFree:         3226476 kB
Active:           435472 kB
Mem:          3.8G       771M       3.1G       5.7M        51M       321M

MemTotal:        4016004 kB
MemFree:         3226228 kB
Active:           435512 kB
Mem:          3.8G       771M       3.1G       5.7M        51M       321M

MemTotal:        4016004 kB
MemFree:         3226724 kB
Active:           435468 kB
Mem:          3.8G       770M       3.1G       5.7M        51M       321M

MemTotal:        4016004 kB
MemFree:         3226848 kB
Active:           435508 kB
Mem:          3.8G       771M       3.1G       5.7M        51M       321M

MemTotal:        4016004 kB
MemFree:         3226104 kB
Active:           435512 kB
Mem:          3.8G       771M       3.1G       5.7M        51M       321M

MemTotal:        4016004 kB
MemFree:         3225976 kB
Active:           433452 kB
Mem:          3.8G       771M       3.1G       5.7M        51M       321M

MemTotal:        4016004 kB
MemFree:         3225728 kB
Active:           435468 kB
Mem:          3.8G       772M       3.1G       5.7M        51M       321M

MemTotal:        4016004 kB
MemFree:         3225480 kB
Active:           435464 kB
Mem:          3.8G       772M       3.1G       5.7M        51M       321M

MemTotal:        4016004 kB
MemFree:         3225604 kB
Active:           435492 kB
Mem:          3.8G       771M       3.1G       5.7M        51M       321M

MemTotal:        4016004 kB
MemFree:         3226100 kB
Active:           435476 kB
Mem:          3.8G       771M       3.1G       5.7M        51M       321M

MemTotal:        4016004 kB
MemFree:         3226060 kB
Active:           435500 kB
Mem:          3.8G       771M       3.1G       5.7M        51M       321M

MemTotal:        4016004 kB
MemFree:         3226184 kB
Active:           435476 kB
Mem:          3.8G       771M       3.1G       5.7M        51M       321M

MemTotal:        4016004 kB
MemFree:         3226308 kB
Active:           435472 kB
Mem:          3.8G       771M       3.1G       5.7M        51M       321M

MemTotal:        4016004 kB
MemFree:         3226480 kB
Active:           435512 kB
Mem:          3.8G       771M       3.1G       5.7M        51M       321M

MemTotal:        4016004 kB
MemFree:         3226356 kB
Active:           435540 kB
Mem:          3.8G       771M       3.1G       5.7M        51M       321M

MemTotal:        4016004 kB
MemFree:         3226108 kB
Active:           435544 kB
Mem:          3.8G       771M       3.1G       5.7M        51M       321M

MemTotal:        4016004 kB
MemFree:         3226356 kB
Active:           435516 kB
Mem:          3.8G       770M       3.1G       5.7M        51M       321M

MemTotal:        4016004 kB
MemFree:         3226480 kB
Active:           435540 kB
Mem:          3.8G       771M       3.1G       5.7M        51M       321M

MemTotal:        4016004 kB
MemFree:         3225984 kB
Active:           435548 kB
Mem:          3.8G       771M       3.1G       5.7M        51M       321M

MemTotal:        4016004 kB
MemFree:         3225984 kB
Active:           435548 kB
Mem:          3.8G       771M       3.1G       5.7M        51M       321M

MemTotal:        4016004 kB
MemFree:         3226480 kB
Active:           435512 kB
Mem:          3.8G       770M       3.1G       5.7M        51M       321M

MemTotal:        4016004 kB
MemFree:         3226636 kB
Active:           435536 kB
Mem:          3.8G       770M       3.1G       5.7M        51M       321M

MemTotal:        4016004 kB
MemFree:         3226140 kB
Active:           435552 kB
Mem:          3.8G       771M       3.1G       5.7M        51M       321M

MemTotal:        4016004 kB
MemFree:         3226388 kB
Active:           435548 kB
Mem:          3.8G       771M       3.1G       5.7M        51M       321M

MemTotal:        4016004 kB
MemFree:         3226296 kB
Active:           435540 kB
Mem:          3.8G       771M       3.1G       5.7M        51M       321M

MemTotal:        4016004 kB
MemFree:         3226512 kB
Active:           433488 kB
Mem:          3.8G       771M       3.1G       5.7M        51M       321M

MemTotal:        4016004 kB
MemFree:         3226420 kB
Active:           435512 kB
Mem:          3.8G       771M       3.1G       5.7M        51M       321M

MemTotal:        4016004 kB
MemFree:         3226420 kB
Active:           435552 kB
Mem:          3.8G       771M       3.1G       5.7M        51M       321M

MemTotal:        4016004 kB
MemFree:         3226560 kB
Active:           435568 kB
Mem:          3.8G       771M       3.1G       5.7M        51M       321M

MemTotal:        4016004 kB
MemFree:         3226436 kB
Active:           435572 kB
Mem:          3.8G       770M       3.1G       5.7M        51M       321M

MemTotal:        4016004 kB
MemFree:         3226188 kB
Active:           435556 kB
Mem:          3.8G       771M       3.1G       5.7M        51M       321M

MemTotal:        4016004 kB
MemFree:         3226312 kB
Active:           435540 kB
Mem:          3.8G       771M       3.1G       5.7M        51M       321M

MemTotal:        4016004 kB
MemFree:         3226560 kB
Active:           435560 kB
Mem:          3.8G       770M       3.1G       5.7M        51M       321M

MemTotal:        4016004 kB
MemFree:         3226808 kB
Active:           435536 kB
Mem:          3.8G       770M       3.1G       5.7M        51M       321M

MemTotal:        4016004 kB
MemFree:         3226808 kB
Active:           435572 kB
Mem:          3.8G       770M       3.1G       5.7M        51M       321M

MemTotal:        4016004 kB
MemFree:         3226808 kB
Active:           435560 kB
Mem:          3.8G       770M       3.1G       5.7M        51M       321M

MemTotal:        4016004 kB
MemFree:         3226808 kB
Active:           435532 kB
Mem:          3.8G       770M       3.1G       5.7M        51M       321M

MemTotal:        4016004 kB
MemFree:         3226436 kB
Active:           435588 kB
Mem:          3.8G       771M       3.1G       5.7M        51M       321M

MemTotal:        4016004 kB
MemFree:         3227056 kB
Active:           435404 kB
Mem:          3.8G       770M       3.1G       5.7M        51M       321M

MemTotal:        4016004 kB
MemFree:         3227088 kB
Active:           435408 kB
Mem:          3.8G       770M       3.1G       5.7M        51M       321M

MemTotal:        4016004 kB
MemFree:         3227212 kB
Active:           435368 kB
Mem:          3.8G       770M       3.1G       5.7M        51M       321M

MemTotal:        4016004 kB
MemFree:         3227088 kB
Active:           435416 kB
Mem:          3.8G       770M       3.1G       5.7M        51M       321M

MemTotal:        4016004 kB
MemFree:         3226964 kB
Active:           435372 kB
Mem:          3.8G       770M       3.1G       5.7M        51M       321M

MemTotal:        4016004 kB
MemFree:         3226964 kB
Active:           435400 kB
Mem:          3.8G       770M       3.1G       5.7M        51M       321M

MemTotal:        4016004 kB
MemFree:         3227212 kB
Active:           435392 kB
Mem:          3.8G       770M       3.1G       5.7M        51M       321M

MemTotal:        4016004 kB
MemFree:         3227212 kB
Active:           435420 kB
Mem:          3.8G       770M       3.1G       5.7M        51M       321M

MemTotal:        4016004 kB
MemFree:         3227088 kB
Active:           435404 kB
Mem:          3.8G       770M       3.1G       5.7M        51M       321M

MemTotal:        4016004 kB
MemFree:         3227088 kB
Active:           435404 kB
Mem:          3.8G       770M       3.1G       5.7M        51M       321M

MemTotal:        4016004 kB
MemFree:         3227056 kB
Active:           435416 kB
Mem:          3.8G       770M       3.1G       5.7M        51M       321M

MemTotal:        4016004 kB
MemFree:         3227320 kB
Active:           435428 kB
Mem:          3.8G       770M       3.1G       5.7M        51M       321M

MemTotal:        4016004 kB
MemFree:         3227088 kB
Active:           435396 kB
Mem:          3.8G       770M       3.1G       5.7M        51M       321M

MemTotal:        4016004 kB
MemFree:         3227288 kB
Active:           435388 kB
Mem:          3.8G       770M       3.1G       5.7M        51M       321M

MemTotal:        4016004 kB
MemFree:         3227212 kB
Active:           435420 kB
Mem:          3.8G       770M       3.1G       5.7M        51M       321M

MemTotal:        4016004 kB
MemFree:         3227088 kB
Active:           435428 kB
Mem:          3.8G       770M       3.1G       5.7M        51M       321M

MemTotal:        4016004 kB
MemFree:         3227088 kB
Active:           435420 kB
Mem:          3.8G       770M       3.1G       5.7M        51M       321M

MemTotal:        4016004 kB
MemFree:         3227088 kB
Active:           435404 kB
Mem:          3.8G       770M       3.1G       5.7M        51M       321M

MemTotal:        4016004 kB
MemFree:         3227088 kB
Active:           435428 kB
Mem:          3.8G       770M       3.1G       5.7M        51M       321M

MemTotal:        4016004 kB
MemFree:         3226716 kB
Active:           435456 kB
Mem:          3.8G       770M       3.1G       5.7M        51M       321M

MemTotal:        4016004 kB
MemFree:         3226716 kB
Active:           435412 kB
Mem:          3.8G       770M       3.1G       5.7M        51M       321M

MemTotal:        4016004 kB
MemFree:         3226592 kB
Active:           435448 kB
Mem:          3.8G       770M       3.1G       5.7M        51M       321M

MemTotal:        4016004 kB
MemFree:         3227088 kB
Active:           435464 kB
Mem:          3.8G       770M       3.1G       5.7M        51M       321M

MemTotal:        4016004 kB
MemFree:         3227088 kB
Active:           435448 kB
Mem:          3.8G       770M       3.1G       5.7M        51M       321M

MemTotal:        4016004 kB
MemFree:         3227088 kB
Active:           435452 kB
Mem:          3.8G       770M       3.1G       5.7M        51M       321M

MemTotal:        4016004 kB
MemFree:         3227212 kB
Active:           435432 kB
Mem:          3.8G       770M       3.1G       5.7M        51M       321M

MemTotal:        4016004 kB
MemFree:         3225164 kB
Active:           435428 kB
Mem:          3.8G       772M       3.1G       5.7M        51M       321M

MemTotal:        4016004 kB
MemFree:         3225164 kB
Active:           437456 kB
Mem:          3.8G       772M       3.1G       5.7M        51M       321M

MemTotal:        4016004 kB
MemFree:         3225164 kB
Active:           437484 kB
Mem:          3.8G       772M       3.1G       5.7M        51M       321M

MemTotal:        4016004 kB
MemFree:         3225164 kB
Active:           437496 kB
Mem:          3.8G       772M       3.1G       5.7M        51M       321M

MemTotal:        4016004 kB
MemFree:         3225164 kB
Active:           437464 kB
Mem:          3.8G       772M       3.1G       5.7M        51M       321M

MemTotal:        4016004 kB
MemFree:         3225040 kB
Active:           437504 kB
Mem:          3.8G       772M       3.1G       5.7M        51M       321M

MemTotal:        4016004 kB
MemFree:         3224916 kB
Active:           437488 kB
Mem:          3.8G       772M       3.1G       5.7M        51M       321M

MemTotal:        4016004 kB
MemFree:         3224668 kB
Active:           437524 kB
Mem:          3.8G       772M       3.1G       5.7M        51M       321M

MemTotal:        4016004 kB
MemFree:         3224420 kB
Active:           437524 kB
Mem:          3.8G       772M       3.1G       5.7M        51M       321M

MemTotal:        4016004 kB
MemFree:         3224792 kB
Active:           437520 kB
Mem:          3.8G       772M       3.1G       5.7M        51M       321M

MemTotal:        4016004 kB
MemFree:         3224728 kB
Active:           435460 kB
Mem:          3.8G       772M       3.1G       5.7M        51M       321M

MemTotal:        4016004 kB
MemFree:         3224356 kB
Active:           437528 kB
Mem:          3.8G       772M       3.1G       5.7M        51M       321M

MemTotal:        4016004 kB
MemFree:         3224728 kB
Active:           437504 kB
Mem:          3.8G       772M       3.1G       5.7M        51M       321M

MemTotal:        4016004 kB
MemFree:         3224852 kB
Active:           437496 kB
Mem:          3.8G       772M       3.1G       5.7M        51M       321M

MemTotal:        4016004 kB
MemFree:         3224232 kB
Active:           437532 kB
Mem:          3.8G       773M       3.1G       5.7M        51M       321M

MemTotal:        4016004 kB
MemFree:         3224480 kB
Active:           437508 kB
Mem:          3.8G       772M       3.1G       5.7M        51M       321M

MemTotal:        4016004 kB
MemFree:         3224852 kB
Active:           437496 kB
Mem:          3.8G       772M       3.1G       5.7M        51M       321M

MemTotal:        4016004 kB
MemFree:         3224728 kB
Active:           437528 kB
Mem:          3.8G       772M       3.1G       5.7M        51M       321M

MemTotal:        4016004 kB
MemFree:         3224728 kB
Active:           437488 kB
Mem:          3.8G       772M       3.1G       5.7M        51M       321M

MemTotal:        4016004 kB
MemFree:         3224480 kB
Active:           437548 kB
Mem:          3.8G       772M       3.1G       5.7M        51M       321M

MemTotal:        4016004 kB
MemFree:         3224852 kB
Active:           437512 kB
Mem:          3.8G       772M       3.1G       5.7M        51M       321M

MemTotal:        4016004 kB
MemFree:         3224728 kB
Active:           437496 kB
Mem:          3.8G       772M       3.1G       5.7M        51M       321M

MemTotal:        4016004 kB
MemFree:         3225224 kB
Active:           437524 kB
Mem:          3.8G       772M       3.1G       5.7M        51M       321M

MemTotal:        4016004 kB
MemFree:         3224728 kB
Active:           437552 kB
Mem:          3.8G       772M       3.1G       5.7M        51M       321M

MemTotal:        4016004 kB
MemFree:         3225100 kB
Active:           437512 kB
Mem:          3.8G       772M       3.1G       5.7M        51M       321M

MemTotal:        4016004 kB
MemFree:         3225348 kB
Active:           437548 kB
Mem:          3.8G       772M       3.1G       5.7M        51M       321M

MemTotal:        4016004 kB
MemFree:         3224728 kB
Active:           437544 kB
Mem:          3.8G       772M       3.1G       5.7M        51M       321M

MemTotal:        4016004 kB
MemFree:         3224728 kB
Active:           437520 kB
Mem:          3.8G       772M       3.1G       5.7M        51M       321M

MemTotal:        4016004 kB
MemFree:         3224356 kB
Active:           437564 kB
Mem:          3.8G       772M       3.1G       5.7M        51M       321M

MemTotal:        4016004 kB
MemFree:         3224728 kB
Active:           437544 kB
Mem:          3.8G       772M       3.1G       5.7M        51M       321M

MemTotal:        4016004 kB
MemFree:         3224852 kB
Active:           437516 kB
Mem:          3.8G       772M       3.1G       5.7M        51M       321M

MemTotal:        4016004 kB
MemFree:         3224728 kB
Active:           437536 kB
Mem:          3.8G       772M       3.1G       5.7M        51M       321M

MemTotal:        4016004 kB
MemFree:         3224356 kB
Active:           437568 kB
Mem:          3.8G       773M       3.1G       5.7M        51M       321M

MemTotal:        4016004 kB
MemFree:         3224232 kB
Active:           437548 kB
Mem:          3.8G       773M       3.1G       5.7M        51M       321M

MemTotal:        4016004 kB
MemFree:         3224232 kB
Active:           437568 kB
Mem:          3.8G       773M       3.1G       5.7M        51M       321M

MemTotal:        4016004 kB
MemFree:         3224480 kB
Active:           437564 kB
Mem:          3.8G       772M       3.1G       5.7M        51M       321M

MemTotal:        4016004 kB
MemFree:         3224480 kB
Active:           437552 kB
Mem:          3.8G       772M       3.1G       5.7M        51M       321M

MemTotal:        4016004 kB
MemFree:         3224480 kB
Active:           437552 kB
Mem:          3.8G       772M       3.1G       5.7M        51M       321M

MemTotal:        4016004 kB
MemFree:         3224728 kB
Active:           437528 kB
Mem:          3.8G       772M       3.1G       5.7M        51M       321M

MemTotal:        4016004 kB
MemFree:         3224624 kB
Active:           435524 kB
Mem:          3.8G       772M       3.1G       5.7M        51M       321M

MemTotal:        4016004 kB
MemFree:         3225032 kB
Active:           437556 kB
Mem:          3.8G       772M       3.1G       5.7M        51M       321M

MemTotal:        4016004 kB
MemFree:         3225032 kB
Active:           437532 kB
Mem:          3.8G       772M       3.1G       5.7M        51M       321M

MemTotal:        4016004 kB
MemFree:         3225032 kB
Active:           437568 kB
Mem:          3.8G       772M       3.1G       5.7M        51M       321M

MemTotal:        4016004 kB
MemFree:         3225156 kB
Active:           437548 kB
Mem:          3.8G       772M       3.1G       5.7M        51M       321M

MemTotal:        4016004 kB
MemFree:         3225156 kB
Active:           437536 kB
Mem:          3.8G       772M       3.1G       5.7M        51M       321M

MemTotal:        4016004 kB
MemFree:         3225032 kB
Active:           437576 kB
Mem:          3.8G       772M       3.1G       5.7M        51M       321M

MemTotal:        4016004 kB
MemFree:         3225156 kB
Active:           437560 kB
Mem:          3.8G       772M       3.1G       5.7M        51M       321M

MemTotal:        4016004 kB
MemFree:         3224784 kB
Active:           437564 kB
Mem:          3.8G       772M       3.1G       5.7M        51M       321M

MemTotal:        4016004 kB
MemFree:         3224536 kB
Active:           437596 kB
Mem:          3.8G       772M       3.1G       5.7M        51M       321M

MemTotal:        4016004 kB
MemFree:         3224612 kB
Active:           435592 kB
Mem:          3.8G       773M       3.1G       5.7M        51M       321M

MemTotal:        4016004 kB
MemFree:         3224768 kB
Active:           437552 kB
Mem:          3.8G       772M       3.1G       5.7M        51M       321M

MemTotal:        4016004 kB
MemFree:         3224768 kB
Active:           437540 kB
Mem:          3.8G       772M       3.1G       5.7M        51M       321M

MemTotal:        4016004 kB
MemFree:         3224768 kB
Active:           437572 kB
Mem:          3.8G       772M       3.1G       5.7M        51M       321M

MemTotal:        4016004 kB
MemFree:         3225000 kB
Active:           437564 kB
Mem:          3.8G       772M       3.1G       5.7M        51M       321M

MemTotal:        4016004 kB
MemFree:         3224968 kB
Active:           437588 kB
Mem:          3.8G       772M       3.1G       5.7M        51M       321M

MemTotal:        4016004 kB
MemFree:         3225016 kB
Active:           437600 kB
Mem:          3.8G       772M       3.1G       5.7M        51M       321M

MemTotal:        4016004 kB
MemFree:         3224892 kB
Active:           437572 kB
Mem:          3.8G       772M       3.1G       5.7M        51M       321M

MemTotal:        4016004 kB
MemFree:         3224892 kB
Active:           437604 kB
Mem:          3.8G       772M       3.1G       5.7M        51M       321M

MemTotal:        4016004 kB
MemFree:         3225016 kB
Active:           437604 kB
Mem:          3.8G       772M       3.1G       5.7M        51M       321M

MemTotal:        4016004 kB
MemFree:         3225068 kB
Active:           435524 kB
Mem:          3.8G       772M       3.1G       5.7M        51M       321M

MemTotal:        4016004 kB
MemFree:         3224944 kB
Active:           435568 kB
Mem:          3.8G       772M       3.1G       5.7M        51M       321M

MemTotal:        4016004 kB
MemFree:         3224944 kB
Active:           437620 kB
Mem:          3.8G       772M       3.1G       5.7M        51M       321M

MemTotal:        4016004 kB
MemFree:         3224572 kB
Active:           437632 kB
Mem:          3.8G       772M       3.1G       5.7M        51M       321M

MemTotal:        4016004 kB
MemFree:         3224944 kB
Active:           437612 kB
Mem:          3.8G       772M       3.1G       5.7M        51M       321M

MemTotal:        4016004 kB
MemFree:         3224696 kB
Active:           437624 kB
Mem:          3.8G       772M       3.1G       5.7M        51M       321M

MemTotal:        4016004 kB
MemFree:         3224324 kB
Active:           437604 kB
Mem:          3.8G       773M       3.1G       5.7M        51M       321M

MemTotal:        4016004 kB
MemFree:         3223952 kB
Active:           437632 kB
Mem:          3.8G       773M       3.1G       5.7M        51M       321M

MemTotal:        4016004 kB
MemFree:         3224076 kB
Active:           437588 kB
Mem:          3.8G       773M       3.1G       5.7M        51M       321M

MemTotal:        4016004 kB
MemFree:         3224448 kB
Active:           437628 kB
Mem:          3.8G       773M       3.1G       5.7M        51M       321M

MemTotal:        4016004 kB
MemFree:         3222400 kB
Active:           437600 kB
Mem:          3.8G       774M       3.1G       5.7M        51M       321M

MemTotal:        4016004 kB
MemFree:         3222276 kB
Active:           439616 kB
Mem:          3.8G       775M       3.1G       5.7M        51M       321M

MemTotal:        4016004 kB
MemFree:         3222276 kB
Active:           439652 kB
Mem:          3.8G       775M       3.1G       5.7M        51M       321M

MemTotal:        4016004 kB
MemFree:         3222400 kB
Active:           439612 kB
Mem:          3.8G       775M       3.1G       5.7M        51M       321M

MemTotal:        4016004 kB
MemFree:         3222028 kB
Active:           439668 kB
Mem:          3.8G       775M       3.1G       5.7M        51M       321M

MemTotal:        4016004 kB
MemFree:         3222524 kB
Active:           439652 kB
Mem:          3.8G       775M       3.1G       5.7M        51M       321M

MemTotal:        4016004 kB
MemFree:         3223020 kB
Active:           439640 kB
Mem:          3.8G       774M       3.1G       5.7M        51M       321M

MemTotal:        4016004 kB
MemFree:         3223144 kB
Active:           439672 kB
Mem:          3.8G       774M       3.1G       5.7M        51M       321M

MemTotal:        4016004 kB
MemFree:         3223144 kB
Active:           439668 kB
Mem:          3.8G       774M       3.1G       5.7M        51M       321M

MemTotal:        4016004 kB
MemFree:         3222896 kB
Active:           439684 kB
Mem:          3.8G       774M       3.1G       5.7M        51M       321M

MemTotal:        4016004 kB
MemFree:         3223020 kB
Active:           439636 kB
Mem:          3.8G       774M       3.1G       5.7M        51M       321M

MemTotal:        4016004 kB
MemFree:         3222896 kB
Active:           439652 kB
Mem:          3.8G       774M       3.1G       5.7M        51M       321M

MemTotal:        4016004 kB
MemFree:         3222400 kB
Active:           439644 kB
Mem:          3.8G       775M       3.1G       5.7M        51M       321M

MemTotal:        4016004 kB
MemFree:         3222276 kB
Active:           439668 kB
Mem:          3.8G       775M       3.1G       5.7M        51M       321M

MemTotal:        4016004 kB
MemFree:         3222896 kB
Active:           439656 kB
Mem:          3.8G       774M       3.1G       5.7M        51M       321M

MemTotal:        4016004 kB
MemFree:         3222524 kB
Active:           439688 kB
Mem:          3.8G       774M       3.1G       5.7M        51M       321M

MemTotal:        4016004 kB
MemFree:         3222896 kB
Active:           439668 kB
Mem:          3.8G       774M       3.1G       5.7M        51M       321M

MemTotal:        4016004 kB
MemFree:         3222896 kB
Active:           439688 kB
Mem:          3.8G       774M       3.1G       5.7M        51M       321M

MemTotal:        4016004 kB
MemFree:         3222524 kB
Active:           439696 kB
Mem:          3.8G       774M       3.1G       5.7M        51M       321M

MemTotal:        4016004 kB
MemFree:         3222772 kB
Active:           439680 kB
Mem:          3.8G       774M       3.1G       5.7M        51M       321M

MemTotal:        4016004 kB
MemFree:         3222644 kB
Active:           437676 kB
Mem:          3.8G       775M       3.1G       5.7M        51M       321M

MemTotal:        4016004 kB
MemFree:         3222520 kB
Active:           439728 kB
Mem:          3.8G       774M       3.1G       5.7M        51M       321M

MemTotal:        4016004 kB
MemFree:         3222644 kB
Active:           439712 kB
Mem:          3.8G       774M       3.1G       5.7M        51M       321M

MemTotal:        4016004 kB
MemFree:         3222644 kB
Active:           439756 kB
Mem:          3.8G       774M       3.1G       5.7M        51M       321M

MemTotal:        4016004 kB
MemFree:         3222644 kB
Active:           439740 kB
Mem:          3.8G       774M       3.1G       5.7M        51M       321M

MemTotal:        4016004 kB
MemFree:         3222148 kB
Active:           439768 kB
Mem:          3.8G       774M       3.1G       5.7M        51M       321M

MemTotal:        4016004 kB
MemFree:         3222768 kB
Active:           439716 kB
Mem:          3.8G       774M       3.1G       5.7M        51M       321M

MemTotal:        4016004 kB
MemFree:         3222768 kB
Active:           439752 kB
Mem:          3.8G       774M       3.1G       5.7M        51M       321M

MemTotal:        4016004 kB
MemFree:         3222768 kB
Active:           439732 kB
Mem:          3.8G       774M       3.1G       5.7M        51M       321M

MemTotal:        4016004 kB
MemFree:         3222644 kB
Active:           439736 kB
Mem:          3.8G       775M       3.1G       5.7M        51M       321M

MemTotal:        4016004 kB
MemFree:         3180852 kB
Active:           438128 kB
Mem:          3.8G       815M       3.0G       5.7M        51M       362M

MemTotal:        4016004 kB
MemFree:         3136984 kB
Active:           440140 kB
Mem:          3.8G       859M       3.0G       5.7M        51M       405M

MemTotal:        4016004 kB
MemFree:         3092124 kB
Active:           440196 kB
Mem:          3.8G       902M       2.9G       5.7M        51M       447M

MemTotal:        4016004 kB
MemFree:         3047636 kB
Active:           440216 kB
Mem:          3.8G       945M       2.9G       5.7M        51M       490M

MemTotal:        4016004 kB
MemFree:         3002404 kB
Active:           440264 kB
Mem:          3.8G       989M       2.9G       5.7M        51M       532M

MemTotal:        4016004 kB
MemFree:         2957528 kB
Active:           440264 kB
Mem:          3.8G       1.0G       2.8G       5.7M        51M       575M

MemTotal:        4016004 kB
MemFree:         2913412 kB
Active:           440272 kB
Mem:          3.8G       1.1G       2.8G       5.7M        51M       618M

MemTotal:        4016004 kB
MemFree:         2869172 kB
Active:           440336 kB
Mem:          3.8G       1.1G       2.7G       5.7M        51M       660M

MemTotal:        4016004 kB
MemFree:         2853636 kB
Active:           440356 kB
Mem:          3.8G       1.1G       2.7G       5.7M        51M       675M

MemTotal:        4016004 kB
MemFree:         2807444 kB
Active:           442380 kB
Mem:          3.8G       1.2G       2.7G       5.7M        51M       718M

MemTotal:        4016004 kB
MemFree:         2767916 kB
Active:           442384 kB
Mem:          3.8G       1.2G       2.6G       5.7M        51M       756M

MemTotal:        4016004 kB
MemFree:         2749964 kB
Active:           442436 kB
Mem:          3.8G       1.2G       2.6G       5.7M        51M       774M

MemTotal:        4016004 kB
MemFree:         2705400 kB
Active:           442452 kB
Mem:          3.8G       1.2G       2.6G       5.7M        51M       816M

MemTotal:        4016004 kB
MemFree:         2669360 kB
Active:           442464 kB
Mem:          3.8G       1.3G       2.5G       5.7M        51M       851M

MemTotal:        4016004 kB
MemFree:         2666508 kB
Active:           442484 kB
Mem:          3.8G       1.3G       2.5G       5.7M        51M       853M

MemTotal:        4016004 kB
MemFree:         2660164 kB
Active:           442536 kB
Mem:          3.8G       1.3G       2.5G       5.7M        51M       859M

MemTotal:        4016004 kB
MemFree:         2616468 kB
Active:           442584 kB
Mem:          3.8G       1.3G       2.5G       5.7M        52M       901M

MemTotal:        4016004 kB
MemFree:         2572352 kB
Active:           442564 kB
Mem:          3.8G       1.4G       2.5G       5.7M        52M       944M

MemTotal:        4016004 kB
MemFree:         2527960 kB
Active:           442628 kB
Mem:          3.8G       1.4G       2.4G       5.7M        52M       987M

MemTotal:        4016004 kB
MemFree:         2485332 kB
Active:           442632 kB
Mem:          3.8G       1.5G       2.4G       5.7M        52M       1.0G

MemTotal:        4016004 kB
MemFree:         2439604 kB
Active:           442676 kB
Mem:          3.8G       1.5G       2.3G       5.7M        52M       1.0G

MemTotal:        4016004 kB
MemFree:         2395612 kB
Active:           442720 kB
Mem:          3.8G       1.5G       2.3G       5.7M        52M       1.1G

MemTotal:        4016004 kB
MemFree:         2351620 kB
Active:           442692 kB
Mem:          3.8G       1.6G       2.2G       5.7M        52M       1.1G

MemTotal:        4016004 kB
MemFree:         2306884 kB
Active:           442740 kB
Mem:          3.8G       1.6G       2.2G       5.7M        52M       1.2G

MemTotal:        4016004 kB
MemFree:         2262692 kB
Active:           442788 kB
Mem:          3.8G       1.7G       2.2G       5.7M        52M       1.2G

MemTotal:        4016004 kB
MemFree:         2218080 kB
Active:           442820 kB
Mem:          3.8G       1.7G       2.1G       5.7M        52M       1.3G

MemTotal:        4016004 kB
MemFree:         2211364 kB
Active:           442804 kB
Mem:          3.8G       1.7G       2.1G       5.7M        52M       1.3G

MemTotal:        4016004 kB
MemFree:         2186044 kB
Active:           442856 kB
Mem:          3.8G       1.7G       2.1G       5.7M        52M       1.3G

MemTotal:        4016004 kB
MemFree:         2142024 kB
Active:           442860 kB
Mem:          3.8G       1.8G       2.0G       5.7M        52M       1.3G

MemTotal:        4016004 kB
MemFree:         2096892 kB
Active:           442900 kB
Mem:          3.8G       1.8G       2.0G       5.7M        52M       1.4G

MemTotal:        4016004 kB
MemFree:         2053180 kB
Active:           442896 kB
Mem:          3.8G       1.9G       2.0G       5.7M        52M       1.4G

MemTotal:        4016004 kB
MemFree:         2007576 kB
Active:           442960 kB
Mem:          3.8G       1.9G       1.9G       5.7M        52M       1.5G

MemTotal:        4016004 kB
MemFree:         1962716 kB
Active:           442964 kB
Mem:          3.8G       2.0G       1.9G       5.7M        52M       1.5G

MemTotal:        4016004 kB
MemFree:         1918832 kB
Active:           442952 kB
Mem:          3.8G       2.0G       1.8G       5.7M        52M       1.5G

MemTotal:        4016004 kB
MemFree:         1874468 kB
Active:           442960 kB
Mem:          3.8G       2.0G       1.8G       5.7M        52M       1.6G

MemTotal:        4016004 kB
MemFree:         1858316 kB
Active:           443040 kB
Mem:          3.8G       2.1G       1.8G       5.7M        52M       1.6G

MemTotal:        4016004 kB
MemFree:         1819828 kB
Active:           443068 kB
Mem:          3.8G       2.1G       1.7G       5.7M        52M       1.6G

MemTotal:        4016004 kB
MemFree:         1775448 kB
Active:           443068 kB
Mem:          3.8G       2.1G       1.7G       5.7M        52M       1.7G

MemTotal:        4016004 kB
MemFree:         1757496 kB
Active:           443104 kB
Mem:          3.8G       2.2G       1.7G       5.7M        52M       1.7G

MemTotal:        4016004 kB
MemFree:         1728164 kB
Active:           445144 kB
Mem:          3.8G       2.2G       1.6G       5.7M        52M       1.7G

MemTotal:        4016004 kB
MemFree:         1683492 kB
Active:           445148 kB
Mem:          3.8G       2.2G       1.6G       5.7M        52M       1.8G

MemTotal:        4016004 kB
MemFree:         1639256 kB
Active:           445156 kB
Mem:          3.8G       2.3G       1.6G       5.7M        52M       1.8G

MemTotal:        4016004 kB
MemFree:         1596028 kB
Active:           445216 kB
Mem:          3.8G       2.3G       1.5G       5.7M        52M       1.8G

MemTotal:        4016004 kB
MemFree:         1551400 kB
Active:           445220 kB
Mem:          3.8G       2.4G       1.5G       5.7M        52M       1.9G

MemTotal:        4016004 kB
MemFree:         1507176 kB
Active:           445244 kB
Mem:          3.8G       2.4G       1.4G       5.7M        52M       1.9G

MemTotal:        4016004 kB
MemFree:         1462192 kB
Active:           445284 kB
Mem:          3.8G       2.4G       1.4G       5.7M        52M       2.0G

MemTotal:        4016004 kB
MemFree:         1417316 kB
Active:           445292 kB
Mem:          3.8G       2.5G       1.4G       5.7M        52M       2.0G

MemTotal:        4016004 kB
MemFree:         1372176 kB
Active:           445332 kB
Mem:          3.8G       2.5G       1.3G       5.7M        52M       2.0G

MemTotal:        4016004 kB
MemFree:         1328092 kB
Active:           445372 kB
Mem:          3.8G       2.6G       1.3G       5.7M        52M       2.1G

MemTotal:        4016004 kB
MemFree:         1310304 kB
Active:           445352 kB
Mem:          3.8G       2.6G       1.2G       5.7M        52M       2.1G

MemTotal:        4016004 kB
MemFree:         1266796 kB
Active:           445424 kB
Mem:          3.8G       2.6G       1.2G       5.7M        52M       2.1G

MemTotal:        4016004 kB
MemFree:         1221844 kB
Active:           445448 kB
Mem:          3.8G       2.7G       1.2G       5.7M        52M       2.2G

MemTotal:        4016004 kB
MemFree:         1177644 kB
Active:           445468 kB
Mem:          3.8G       2.7G       1.1G       5.7M        52M       2.2G

MemTotal:        4016004 kB
MemFree:         1134800 kB
Active:           445488 kB
Mem:          3.8G       2.7G       1.1G       5.7M        52M       2.3G

MemTotal:        4016004 kB
MemFree:         1089940 kB
Active:           445492 kB
Mem:          3.8G       2.8G       1.0G       5.7M        52M       2.3G

MemTotal:        4016004 kB
MemFree:         1044460 kB
Active:           445528 kB
Mem:          3.8G       2.8G       1.0G       5.7M        52M       2.4G

MemTotal:        4016004 kB
MemFree:          999956 kB
Active:           445520 kB
Mem:          3.8G       2.9G       976M       5.7M        52M       2.4G

MemTotal:        4016004 kB
MemFree:          955592 kB
Active:           445556 kB
Mem:          3.8G       2.9G       933M       5.7M        52M       2.4G

MemTotal:        4016004 kB
MemFree:          910468 kB
Active:           445624 kB
Mem:          3.8G       3.0G       889M       5.7M        52M       2.5G

MemTotal:        4016004 kB
MemFree:          866260 kB
Active:           445640 kB
Mem:          3.8G       3.0G       845M       5.7M        52M       2.5G

MemTotal:        4016004 kB
MemFree:          829092 kB
Active:           445712 kB
Mem:          3.8G       3.0G       809M       5.7M        52M       2.6G

MemTotal:        4016004 kB
MemFree:          812160 kB
Active:           445712 kB
Mem:          3.8G       3.1G       793M       5.7M        52M       2.6G

MemTotal:        4016004 kB
MemFree:          767376 kB
Active:           445728 kB
Mem:          3.8G       3.1G       749M       5.7M        52M       2.6G

MemTotal:        4016004 kB
MemFree:          723140 kB
Active:           445776 kB
Mem:          3.8G       3.1G       705M       5.7M        53M       2.7G

MemTotal:        4016004 kB
MemFree:          678160 kB
Active:           445772 kB
Mem:          3.8G       3.2G       662M       5.7M        53M       2.7G

MemTotal:        4016004 kB
MemFree:          633564 kB
Active:           445880 kB
Mem:          3.8G       3.2G       618M       5.7M        53M       2.7G

MemTotal:        4016004 kB
MemFree:          589648 kB
Active:           445860 kB
Mem:          3.8G       3.3G       575M       5.7M        53M       2.8G

MemTotal:        4016004 kB
MemFree:          544292 kB
Active:           445944 kB
Mem:          3.8G       3.3G       531M       5.7M        53M       2.8G

MemTotal:        4016004 kB
MemFree:          499184 kB
Active:           445964 kB
Mem:          3.8G       3.4G       487M       5.7M        53M       2.9G

MemTotal:        4016004 kB
MemFree:          455564 kB
Active:           445964 kB
Mem:          3.8G       3.4G       445M       5.7M        53M       2.9G

MemTotal:        4016004 kB
MemFree:          410952 kB
Active:           445984 kB
Mem:          3.8G       3.4G       400M       5.7M        53M       2.9G

MemTotal:        4016004 kB
MemFree:          366620 kB
Active:           445996 kB
Mem:          3.8G       3.5G       357M       5.7M        53M       3.0G

MemTotal:        4016004 kB
MemFree:          321696 kB
Active:           446056 kB
Mem:          3.8G       3.5G       313M       5.7M        53M       3.0G

MemTotal:        4016004 kB
MemFree:          276704 kB
Active:           446080 kB
Mem:          3.8G       3.6G       270M       5.7M        53M       3.1G

MemTotal:        4016004 kB
MemFree:          232560 kB
Active:           446088 kB
Mem:          3.8G       3.6G       226M       5.7M        53M       3.1G

MemTotal:        4016004 kB
MemFree:          229252 kB
Active:           446156 kB
Mem:          3.8G       3.6G       223M       5.7M        53M       3.1G

MemTotal:        4016004 kB
MemFree:          227428 kB
Active:           446184 kB
Mem:          3.8G       3.6G       222M       5.7M        53M       3.1G

MemTotal:        4016004 kB
MemFree:          226220 kB
Active:           446192 kB
Mem:          3.8G       3.6G       220M       5.7M        53M       3.1G

MemTotal:        4016004 kB
MemFree:          190272 kB
Active:           446192 kB
Mem:          3.8G       3.6G       185M       5.7M        53M       3.2G

MemTotal:        4016004 kB
MemFree:          145648 kB
Active:           446236 kB
Mem:          3.8G       3.7G       141M       5.7M        53M       3.2G

MemTotal:        4016004 kB
MemFree:          125528 kB
Active:           444452 kB
Mem:          3.8G       3.7G       131M       5.7M        20M       3.2G

MemTotal:        4016004 kB
MemFree:          106380 kB
Active:           447860 kB
Mem:          3.8G       3.7G       103M       5.7M        20M       3.3G

MemTotal:        4016004 kB
MemFree:          122044 kB
Active:           483440 kB
Mem:          3.8G       3.7G       143M       5.7M        20M       3.2G

MemTotal:        4016004 kB
MemFree:          125012 kB
Active:           503356 kB
Mem:          3.8G       3.7G       121M       5.7M        20M       3.2G

MemTotal:        4016004 kB
MemFree:          119096 kB
Active:           498504 kB
Mem:          3.8G       3.7G       115M       5.7M        20M       3.3G

MemTotal:        4016004 kB
MemFree:          113916 kB
Active:           495072 kB
Mem:          3.8G       3.7G       110M       5.7M        20M       3.3G

MemTotal:        4016004 kB
MemFree:          123524 kB
Active:           491652 kB
Mem:          3.8G       3.7G       119M       5.7M        20M       3.3G

MemTotal:        4016004 kB
MemFree:          116112 kB
Active:           488200 kB
Mem:          3.8G       3.7G       112M       5.7M        20M       3.3G

MemTotal:        4016004 kB
MemFree:          106884 kB
Active:           488216 kB
Mem:          3.8G       3.7G       104M       5.7M        20M       3.3G

MemTotal:        4016004 kB
MemFree:          117492 kB
Active:           486852 kB
Mem:          3.8G       3.7G       114M       5.7M        20M       3.3G

MemTotal:        4016004 kB
MemFree:          126980 kB
Active:           478784 kB
Mem:          3.8G       3.7G       124M       5.7M        20M       3.2G

MemTotal:        4016004 kB
MemFree:          119852 kB
Active:           475324 kB
Mem:          3.8G       3.7G       116M       5.7M        20M       3.3G

MemTotal:        4016004 kB
MemFree:          136620 kB
Active:           469624 kB
Mem:          3.8G       3.7G       132M       5.7M        20M       3.2G

MemTotal:        4016004 kB
MemFree:          128916 kB
Active:           465936 kB
Mem:          3.8G       3.7G       125M       5.7M        20M       3.2G

MemTotal:        4016004 kB
MemFree:          135924 kB
Active:           458200 kB
Mem:          3.8G       3.7G       132M       5.7M        20M       3.2G

MemTotal:        4016004 kB
MemFree:          105564 kB
Active:           455948 kB
Mem:          3.8G       3.7G       102M       5.7M        20M       3.3G

MemTotal:        4016004 kB
MemFree:          109232 kB
Active:           454368 kB
Mem:          3.8G       3.7G       106M       5.7M        22M       3.3G

MemTotal:        4016004 kB
MemFree:          134984 kB
Active:           449268 kB
Mem:          3.8G       3.7G       132M       5.7M        22M       3.2G

MemTotal:        4016004 kB
MemFree:          143328 kB
Active:           447476 kB
Mem:          3.8G       3.7G       139M       5.7M        23M       3.2G

MemTotal:        4016004 kB
MemFree:          133880 kB
Active:           446720 kB
Mem:          3.8G       3.7G       129M       5.7M        23M       3.2G

MemTotal:        4016004 kB
MemFree:          133460 kB
Active:           446672 kB
Mem:          3.8G       3.7G       129M       5.7M        26M       3.2G

MemTotal:        4016004 kB
MemFree:          108320 kB
Active:           446864 kB
Mem:          3.8G       3.7G       105M       5.7M        26M       3.3G

MemTotal:        4016004 kB
MemFree:          136428 kB
Active:           443976 kB
Mem:          3.8G       3.7G       133M       5.7M        26M       3.2G

MemTotal:        4016004 kB
MemFree:          125980 kB
Active:           442600 kB
Mem:          3.8G       3.7G       123M       5.7M        26M       3.2G

MemTotal:        4016004 kB
MemFree:          140728 kB
Active:           440812 kB
Mem:          3.8G       3.7G       137M       5.7M        26M       3.2G

MemTotal:        4016004 kB
MemFree:          132104 kB
Active:           437768 kB
Mem:          3.8G       3.7G       128M       5.7M        26M       3.2G

MemTotal:        4016004 kB
MemFree:          127092 kB
Active:           436108 kB
Mem:          3.8G       3.7G       123M       5.7M        26M       3.2G

MemTotal:        4016004 kB
MemFree:          128592 kB
Active:           434444 kB
Mem:          3.8G       3.7G       125M       5.7M        26M       3.2G

MemTotal:        4016004 kB
MemFree:          112304 kB
Active:           433292 kB
Mem:          3.8G       3.7G       109M       5.7M        26M       3.3G

MemTotal:        4016004 kB
MemFree:          127988 kB
Active:           431252 kB
Mem:          3.8G       3.7G       124M       5.7M        26M       3.2G

MemTotal:        4016004 kB
MemFree:          122936 kB
Active:           429844 kB
Mem:          3.8G       3.7G       120M       5.7M        26M       3.2G

MemTotal:        4016004 kB
MemFree:          109648 kB
Active:           426764 kB
Mem:          3.8G       3.7G       107M       5.7M        26M       3.3G

MemTotal:        4016004 kB
MemFree:          107540 kB
Active:           426772 kB
Mem:          3.8G       3.7G       104M       5.7M        26M       3.3G

MemTotal:        4016004 kB
MemFree:          107076 kB
Active:           426788 kB
Mem:          3.8G       3.7G       104M       5.7M        26M       3.3G

MemTotal:        4016004 kB
MemFree:          114992 kB
Active:           422940 kB
Mem:          3.8G       3.7G       112M       5.7M        26M       3.2G

MemTotal:        4016004 kB
MemFree:          105336 kB
Active:           421764 kB
Mem:          3.8G       3.7G       102M       5.7M        26M       3.3G

MemTotal:        4016004 kB
MemFree:          130784 kB
Active:           416552 kB
Mem:          3.8G       3.7G       127M       5.7M        26M       3.2G

MemTotal:        4016004 kB
MemFree:          127036 kB
Active:           414976 kB
Mem:          3.8G       3.7G       124M       5.7M        26M       3.2G

MemTotal:        4016004 kB
MemFree:          135304 kB
Active:           413056 kB
Mem:          3.8G       3.7G       131M       5.7M        26M       3.2G

MemTotal:        4016004 kB
MemFree:          142760 kB
Active:           410896 kB
Mem:          3.8G       3.7G       139M       5.7M        26M       3.2G

MemTotal:        4016004 kB
MemFree:          132488 kB
Active:           407784 kB
Mem:          3.8G       3.7G       129M       5.7M        26M       3.2G

MemTotal:        4016004 kB
MemFree:          105808 kB
Active:           406760 kB
Mem:          3.8G       3.7G       102M       5.7M        26M       3.3G

MemTotal:        4016004 kB
MemFree:          120564 kB
Active:           404840 kB
Mem:          3.8G       3.7G       117M       5.7M        26M       3.2G

MemTotal:        4016004 kB
MemFree:          128400 kB
Active:           402632 kB
Mem:          3.8G       3.7G       125M       5.7M        26M       3.2G

MemTotal:        4016004 kB
MemFree:          127424 kB
Active:           402160 kB
Mem:          3.8G       3.7G       124M       5.7M        26M       3.2G

MemTotal:        4016004 kB
MemFree:          124896 kB
Active:           402044 kB
Mem:          3.8G       3.7G       122M       5.7M        26M       3.2G

MemTotal:        4016004 kB
MemFree:          128548 kB
Active:           400856 kB
Mem:          3.8G       3.7G       124M       5.7M        26M       3.2G

MemTotal:        4016004 kB
MemFree:          124432 kB
Active:           399112 kB
Mem:          3.8G       3.7G       121M       5.7M        26M       3.2G

MemTotal:        4016004 kB
MemFree:          106020 kB
Active:           396200 kB
Mem:          3.8G       3.7G       103M       5.7M        26M       3.3G

MemTotal:        4016004 kB
MemFree:          132568 kB
Active:           393900 kB
Mem:          3.8G       3.7G       129M       5.7M        26M       3.2G

MemTotal:        4016004 kB
MemFree:          135352 kB
Active:           392112 kB
Mem:          3.8G       3.7G       131M       5.7M        26M       3.2G

MemTotal:        4016004 kB
MemFree:          124596 kB
Active:           390832 kB
Mem:          3.8G       3.7G       121M       5.7M        26M       3.2G

MemTotal:        4016004 kB
MemFree:          132112 kB
Active:           388784 kB
Mem:          3.8G       3.7G       129M       5.7M        26M       3.2G

MemTotal:        4016004 kB
MemFree:          126064 kB
Active:           387384 kB
Mem:          3.8G       3.7G       122M       5.7M        26M       3.2G

MemTotal:        4016004 kB
MemFree:          127084 kB
Active:           385976 kB
Mem:          3.8G       3.7G       123M       5.7M        26M       3.2G

MemTotal:        4016004 kB
MemFree:          110720 kB
Active:           385976 kB
Mem:          3.8G       3.7G       108M       5.7M        26M       3.2G

MemTotal:        4016004 kB
MemFree:          122700 kB
Active:           385852 kB
Mem:          3.8G       3.7G       120M       5.7M        26M       3.2G

MemTotal:        4016004 kB
MemFree:          110792 kB
Active:           385876 kB
Mem:          3.8G       3.7G       107M       5.7M        26M       3.2G

MemTotal:        4016004 kB
MemFree:          114820 kB
Active:           385852 kB
Mem:          3.8G       3.7G       112M       5.7M        26M       3.2G

MemTotal:        4016004 kB
MemFree:          104668 kB
Active:           385752 kB
Mem:          3.8G       3.7G       107M       5.7M        26M       3.2G

MemTotal:        4016004 kB
MemFree:          126200 kB
Active:           385712 kB
Mem:          3.8G       3.7G       122M       5.7M        26M       3.2G

MemTotal:        4016004 kB
MemFree:          110152 kB
Active:           385744 kB
Mem:          3.8G       3.7G       107M       5.7M        26M       3.2G

MemTotal:        4016004 kB
MemFree:          126160 kB
Active:           385716 kB
Mem:          3.8G       3.7G       123M       5.7M        26M       3.2G

MemTotal:        4016004 kB
MemFree:          127584 kB
Active:           385764 kB
Mem:          3.8G       3.7G       125M       5.7M        26M       3.2G

MemTotal:        4016004 kB
MemFree:          115056 kB
Active:           385768 kB
Mem:          3.8G       3.7G       112M       5.7M        26M       3.2G

MemTotal:        4016004 kB
MemFree:          105276 kB
Active:           385780 kB
Mem:          3.8G       3.7G       102M       5.7M        26M       3.3G

MemTotal:        4016004 kB
MemFree:          131912 kB
Active:           385784 kB
Mem:          3.8G       3.7G       128M       5.7M        26M       3.2G

MemTotal:        4016004 kB
MemFree:          141096 kB
Active:           385768 kB
Mem:          3.8G       3.7G       137M       5.7M        26M       3.2G

MemTotal:        4016004 kB
MemFree:          125988 kB
Active:           385796 kB
Mem:          3.8G       3.7G       123M       5.7M        26M       3.2G

MemTotal:        4016004 kB
MemFree:          116824 kB
Active:           385632 kB
Mem:          3.8G       3.7G       114M       5.7M        26M       3.2G

MemTotal:        4016004 kB
MemFree:          126408 kB
Active:           385636 kB
Mem:          3.8G       3.7G       122M       5.7M        26M       3.2G

MemTotal:        4016004 kB
MemFree:          116552 kB
Active:           385636 kB
Mem:          3.8G       3.7G       113M       5.7M        26M       3.2G

MemTotal:        4016004 kB
MemFree:          106880 kB
Active:           385640 kB
Mem:          3.8G       3.7G       104M       5.7M        26M       3.3G

MemTotal:        4016004 kB
MemFree:          114828 kB
Active:           385632 kB
Mem:          3.8G       3.7G       111M       5.7M        26M       3.2G

MemTotal:        4016004 kB
MemFree:          111364 kB
Active:           385604 kB
Mem:          3.8G       3.7G       119M       5.7M        26M       3.2G

MemTotal:        4016004 kB
MemFree:          135136 kB
Active:           385652 kB
Mem:          3.8G       3.7G       132M       5.7M        26M       3.2G

MemTotal:        4016004 kB
MemFree:          107156 kB
Active:           385576 kB
Mem:          3.8G       3.7G       104M       5.7M        26M       3.3G

MemTotal:        4016004 kB
MemFree:          108628 kB
Active:           385596 kB
Mem:          3.8G       3.7G       105M       5.7M        26M       3.3G

MemTotal:        4016004 kB
MemFree:          108096 kB
Active:           385584 kB
Mem:          3.8G       3.7G       105M       5.7M        26M       3.3G

MemTotal:        4016004 kB
MemFree:          134712 kB
Active:           385600 kB
Mem:          3.8G       3.7G       131M       5.7M        26M       3.2G

MemTotal:        4016004 kB
MemFree:          135112 kB
Active:           385584 kB
Mem:          3.8G       3.7G       131M       5.7M        26M       3.2G

MemTotal:        4016004 kB
MemFree:          125720 kB
Active:           385564 kB
Mem:          3.8G       3.7G       122M       5.7M        26M       3.2G

MemTotal:        4016004 kB
MemFree:          116256 kB
Active:           385560 kB
Mem:          3.8G       3.7G       113M       5.7M        26M       3.2G

MemTotal:        4016004 kB
MemFree:          124452 kB
Active:           385620 kB
Mem:          3.8G       3.7G       121M       5.7M        26M       3.2G

MemTotal:        4016004 kB
MemFree:          114680 kB
Active:           385620 kB
Mem:          3.8G       3.7G       112M       5.7M        26M       3.2G

MemTotal:        4016004 kB
MemFree:          105372 kB
Active:           385596 kB
Mem:          3.8G       3.7G       102M       5.7M        26M       3.3G

MemTotal:        4016004 kB
MemFree:          120812 kB
Active:           385624 kB
Mem:          3.8G       3.7G       117M       5.7M        26M       3.2G

MemTotal:        4016004 kB
MemFree:          111020 kB
Active:           385612 kB
Mem:          3.8G       3.7G       108M       5.7M        26M       3.2G

MemTotal:        4016004 kB
MemFree:          118672 kB
Active:           385616 kB
Mem:          3.8G       3.7G       115M       5.7M        26M       3.2G

MemTotal:        4016004 kB
MemFree:          109120 kB
Active:           385636 kB
Mem:          3.8G       3.7G       106M       5.7M        26M       3.2G

MemTotal:        4016004 kB
MemFree:          124720 kB
Active:           385632 kB
Mem:          3.8G       3.7G       122M       5.7M        26M       3.2G

MemTotal:        4016004 kB
MemFree:          131652 kB
Active:           385564 kB
Mem:          3.8G       3.7G       128M       5.7M        26M       3.2G

MemTotal:        4016004 kB
MemFree:          132356 kB
Active:           385544 kB
Mem:          3.8G       3.7G       128M       5.7M        26M       3.2G

MemTotal:        4016004 kB
MemFree:          134668 kB
Active:           385556 kB
Mem:          3.8G       3.7G       131M       5.7M        26M       3.2G

MemTotal:        4016004 kB
MemFree:          124840 kB
Active:           385588 kB
Mem:          3.8G       3.7G       121M       5.7M        26M       3.2G

MemTotal:        4016004 kB
MemFree:          149792 kB
Active:           387016 kB
Mem:          3.8G       3.7G       146M       5.7M        26M       3.2G

MemTotal:        4016004 kB
MemFree:          127308 kB
Active:           386760 kB
Mem:          3.8G       3.7G       125M       5.7M        26M       3.2G

MemTotal:        4016004 kB
MemFree:          125456 kB
Active:           386632 kB
Mem:          3.8G       3.7G       122M       5.7M        26M       3.2G

MemTotal:        4016004 kB
MemFree:          139392 kB
Active:           384016 kB
Mem:          3.8G       3.7G       136M       5.7M        26M       3.2G

MemTotal:        4016004 kB
MemFree:          129472 kB
Active:           383880 kB
Mem:          3.8G       3.7G       125M       5.7M        26M       3.2G

MemTotal:        4016004 kB
MemFree:          119624 kB
Active:           383880 kB
Mem:          3.8G       3.7G       116M       5.7M        26M       3.2G

MemTotal:        4016004 kB
MemFree:          124244 kB
Active:           383836 kB
Mem:          3.8G       3.7G       121M       5.7M        26M       3.2G

MemTotal:        4016004 kB
MemFree:          127428 kB
Active:           383868 kB
Mem:          3.8G       3.7G       124M       5.7M        26M       3.2G

MemTotal:        4016004 kB
MemFree:          116116 kB
Active:           383860 kB
Mem:          3.8G       3.7G       113M       5.7M        26M       3.2G

MemTotal:        4016004 kB
MemFree:          128400 kB
Active:           383884 kB
Mem:          3.8G       3.7G       125M       5.7M        26M       3.2G

MemTotal:        4016004 kB
MemFree:          128748 kB
Active:           383892 kB
Mem:          3.8G       3.7G       125M       5.7M        26M       3.2G

MemTotal:        4016004 kB
MemFree:          127452 kB
Active:           383872 kB
Mem:          3.8G       3.7G       124M       5.7M        26M       3.2G

MemTotal:        4016004 kB
MemFree:          117720 kB
Active:           383908 kB
Mem:          3.8G       3.7G       114M       5.7M        26M       3.2G

MemTotal:        4016004 kB
MemFree:          108748 kB
Active:           383912 kB
Mem:          3.8G       3.7G       105M       5.7M        26M       3.2G

MemTotal:        4016004 kB
MemFree:          117064 kB
Active:           379960 kB
Mem:          3.8G       3.7G       113M       5.7M        26M       3.2G

MemTotal:        4016004 kB
MemFree:          110340 kB
Active:           379948 kB
Mem:          3.8G       3.7G       107M       5.7M        26M       3.2G

MemTotal:        4016004 kB
MemFree:          124752 kB
Active:           379940 kB
Mem:          3.8G       3.7G       122M       5.7M        26M       3.2G

MemTotal:        4016004 kB
MemFree:          126484 kB
Active:           379928 kB
Mem:          3.8G       3.7G       123M       5.7M        26M       3.2G

MemTotal:        4016004 kB
MemFree:          128740 kB
Active:           379888 kB
Mem:          3.8G       3.7G       125M       5.7M        26M       3.2G

MemTotal:        4016004 kB
MemFree:          122780 kB
Active:           379944 kB
Mem:          3.8G       3.7G       119M       5.7M        26M       3.2G

MemTotal:        4016004 kB
MemFree:          125428 kB
Active:           379912 kB
Mem:          3.8G       3.7G       122M       5.7M        26M       3.2G

MemTotal:        4016004 kB
MemFree:          126320 kB
Active:           379952 kB
Mem:          3.8G       3.7G       123M       5.7M        26M       3.2G

MemTotal:        4016004 kB
MemFree:          117136 kB
Active:           379908 kB
Mem:          3.8G       3.7G       114M       5.7M        26M       3.2G

MemTotal:        4016004 kB
MemFree:          110068 kB
Active:           378244 kB
Mem:          3.8G       3.7G       107M       5.7M        26M       3.2G

MemTotal:        4016004 kB
MemFree:          124660 kB
Active:           378244 kB
Mem:          3.8G       3.7G       121M       5.7M        26M       3.2G

MemTotal:        4016004 kB
MemFree:          127996 kB
Active:           378228 kB
Mem:          3.8G       3.7G       124M       5.7M        26M       3.2G

MemTotal:        4016004 kB
MemFree:          126396 kB
Active:           378256 kB
Mem:          3.8G       3.7G       122M       5.7M        26M       3.2G

MemTotal:        4016004 kB
MemFree:          135572 kB
Active:           378264 kB
Mem:          3.8G       3.7G       132M       5.7M        26M       3.2G

MemTotal:        4016004 kB
MemFree:          136764 kB
Active:           378240 kB
Mem:          3.8G       3.7G       133M       5.7M        26M       3.2G

MemTotal:        4016004 kB
MemFree:          128280 kB
Active:           378284 kB
Mem:          3.8G       3.7G       125M       5.7M        26M       3.2G

MemTotal:        4016004 kB
MemFree:          127648 kB
Active:           378248 kB
Mem:          3.8G       3.7G       124M       5.7M        26M       3.2G

MemTotal:        4016004 kB
MemFree:          133244 kB
Active:           378288 kB
Mem:          3.8G       3.7G       129M       5.7M        26M       3.2G

MemTotal:        4016004 kB
MemFree:          137160 kB
Active:           376792 kB
Mem:          3.8G       3.7G       133M       5.7M        26M       3.2G

MemTotal:        4016004 kB
MemFree:          126632 kB
Active:           376696 kB
Mem:          3.8G       3.7G       123M       5.7M        26M       3.2G

MemTotal:        4016004 kB
MemFree:          111140 kB
Active:           376752 kB
Mem:          3.8G       3.7G       107M       5.7M        26M       3.2G

MemTotal:        4016004 kB
MemFree:          126460 kB
Active:           376756 kB
Mem:          3.8G       3.7G       123M       5.7M        26M       3.2G

MemTotal:        4016004 kB
MemFree:          122320 kB
Active:           376704 kB
Mem:          3.8G       3.7G       119M       5.7M        26M       3.2G

MemTotal:        4016004 kB
MemFree:          112416 kB
Active:           377020 kB
Mem:          3.8G       3.7G       109M       5.7M        26M       3.2G

MemTotal:        4016004 kB
MemFree:          128032 kB
Active:           376772 kB
Mem:          3.8G       3.7G       124M       5.7M        26M       3.2G

MemTotal:        4016004 kB
MemFree:          123628 kB
Active:           376792 kB
Mem:          3.8G       3.7G       120M       5.7M        26M       3.2G

MemTotal:        4016004 kB
MemFree:          107752 kB
Active:           376744 kB
Mem:          3.8G       3.7G       104M       5.7M        26M       3.2G

MemTotal:        4016004 kB
MemFree:          119968 kB
Active:           376808 kB
Mem:          3.8G       3.7G       117M       5.7M        26M       3.2G

MemTotal:        4016004 kB
MemFree:          133912 kB
Active:           376824 kB
Mem:          3.8G       3.7G       130M       5.7M        26M       3.2G

MemTotal:        4016004 kB
MemFree:          119704 kB
Active:           370436 kB
Mem:          3.8G       3.7G       116M       5.7M        26M       3.2G

MemTotal:        4016004 kB
MemFree:          120788 kB
Active:           370312 kB
Mem:          3.8G       3.7G       117M       5.7M        26M       3.2G

MemTotal:        4016004 kB
MemFree:          138572 kB
Active:           370312 kB
Mem:          3.8G       3.7G       134M       5.7M        26M       3.2G

MemTotal:        4016004 kB
MemFree:          128216 kB
Active:           370296 kB
Mem:          3.8G       3.7G       125M       5.7M        26M       3.2G

MemTotal:        4016004 kB
MemFree:          131788 kB
Active:           370304 kB
Mem:          3.8G       3.7G       127M       5.7M        26M       3.2G

MemTotal:        4016004 kB
MemFree:          133264 kB
Active:           370320 kB
Mem:          3.8G       3.7G       129M       5.7M        26M       3.2G

MemTotal:        4016004 kB
MemFree:          140636 kB
Active:           370328 kB
Mem:          3.8G       3.7G       137M       5.7M        26M       3.2G

MemTotal:        4016004 kB
MemFree:          131748 kB
Active:           370328 kB
Mem:          3.8G       3.7G       128M       5.7M        26M       3.2G

MemTotal:        4016004 kB
MemFree:          122384 kB
Active:           370332 kB
Mem:          3.8G       3.7G       119M       5.7M        26M       3.2G

MemTotal:        4016004 kB
MemFree:          146708 kB
Active:           370332 kB
Mem:          3.8G       3.7G       143M       5.7M        26M       3.2G

MemTotal:        4016004 kB
MemFree:          143756 kB
Active:           370344 kB
Mem:          3.8G       3.7G       140M       5.7M        26M       3.2G

MemTotal:        4016004 kB
MemFree:          143788 kB
Active:           370356 kB
Mem:          3.8G       3.7G       140M       5.7M        26M       3.2G

MemTotal:        4016004 kB
MemFree:          144052 kB
Active:           370344 kB
Mem:          3.8G       3.7G       140M       5.7M        26M       3.2G

MemTotal:        4016004 kB
MemFree:          116152 kB
Active:           370308 kB
Mem:          3.8G       3.7G       113M       5.7M        26M       3.2G

MemTotal:        4016004 kB
MemFree:          128140 kB
Active:           367724 kB
Mem:          3.8G       3.7G       125M       5.7M        26M       3.2G

MemTotal:        4016004 kB
MemFree:          146408 kB
Active:           367596 kB
Mem:          3.8G       3.7G       142M       5.7M        26M       3.2G

MemTotal:        4016004 kB
MemFree:          123704 kB
Active:           367572 kB
Mem:          3.8G       3.7G       126M       5.7M        27M       3.2G

MemTotal:        4016004 kB
MemFree:          107680 kB
Active:           367620 kB
Mem:          3.8G       3.7G       105M       5.7M        27M       3.2G

MemTotal:        4016004 kB
MemFree:          134280 kB
Active:           367620 kB
Mem:          3.8G       3.7G       131M       5.7M        27M       3.2G

MemTotal:        4016004 kB
MemFree:          123656 kB
Active:           367604 kB
Mem:          3.8G       3.7G       120M       5.7M        27M       3.2G

MemTotal:        4016004 kB
MemFree:          114136 kB
Active:           367604 kB
Mem:          3.8G       3.7G       111M       5.7M        27M       3.2G

MemTotal:        4016004 kB
MemFree:          125644 kB
Active:           367636 kB
Mem:          3.8G       3.7G       125M       5.7M        27M       3.2G

MemTotal:        4016004 kB
MemFree:          124960 kB
Active:           367636 kB
Mem:          3.8G       3.7G       121M       5.7M        27M       3.2G

MemTotal:        4016004 kB
MemFree:          130112 kB
Active:           367612 kB
Mem:          3.8G       3.7G       127M       5.7M        27M       3.2G

MemTotal:        4016004 kB
MemFree:          131640 kB
Active:           367636 kB
Mem:          3.8G       3.7G       128M       5.7M        27M       3.2G

MemTotal:        4016004 kB
MemFree:          140504 kB
Active:           367608 kB
Mem:          3.8G       3.7G       136M       5.7M        27M       3.2G

MemTotal:        4016004 kB
MemFree:          130720 kB
Active:           367636 kB
Mem:          3.8G       3.7G       127M       5.7M        27M       3.2G

MemTotal:        4016004 kB
MemFree:          133176 kB
Active:           365092 kB
Mem:          3.8G       3.7G       129M       5.7M        27M       3.2G

MemTotal:        4016004 kB
MemFree:          135088 kB
Active:           365092 kB
Mem:          3.8G       3.7G       131M       5.7M        27M       3.2G

MemTotal:        4016004 kB
MemFree:          125796 kB
Active:           365096 kB
Mem:          3.8G       3.7G       123M       5.7M        27M       3.2G

MemTotal:        4016004 kB
MemFree:          110764 kB
Active:           365100 kB
Mem:          3.8G       3.7G       107M       5.7M        27M       3.2G

MemTotal:        4016004 kB
MemFree:          117232 kB
Active:           365108 kB
Mem:          3.8G       3.7G       114M       5.7M        27M       3.2G

MemTotal:        4016004 kB
MemFree:          134080 kB
Active:           365112 kB
Mem:          3.8G       3.7G       130M       5.7M        27M       3.2G

MemTotal:        4016004 kB
MemFree:          125464 kB
Active:           365120 kB
Mem:          3.8G       3.7G       122M       5.7M        27M       3.2G

MemTotal:        4016004 kB
MemFree:          125448 kB
Active:           365124 kB
Mem:          3.8G       3.7G       122M       5.7M        27M       3.2G

MemTotal:        4016004 kB
MemFree:          126744 kB
Active:           365132 kB
Mem:          3.8G       3.7G       123M       5.7M        27M       3.2G

MemTotal:        4016004 kB
MemFree:          136816 kB
Active:           365136 kB
Mem:          3.8G       3.7G       133M       5.7M        27M       3.2G

MemTotal:        4016004 kB
MemFree:          132852 kB
Active:           365136 kB
Mem:          3.8G       3.7G       129M       5.7M        27M       3.2G

MemTotal:        4016004 kB
MemFree:          152972 kB
Active:           362388 kB
Mem:          3.8G       3.7G       149M       5.7M        27M       3.2G

MemTotal:        4016004 kB
MemFree:          108240 kB
Active:           362340 kB
Mem:          3.8G       3.7G       104M       5.7M        27M       3.2G

MemTotal:        4016004 kB
MemFree:          115832 kB
Active:           362364 kB
Mem:          3.8G       3.7G       113M       5.7M        27M       3.2G

MemTotal:        4016004 kB
MemFree:          107796 kB
Active:           362372 kB
Mem:          3.8G       3.7G       105M       5.7M        27M       3.2G

MemTotal:        4016004 kB
MemFree:          123236 kB
Active:           362380 kB
Mem:          3.8G       3.7G       120M       5.7M        27M       3.2G

MemTotal:        4016004 kB
MemFree:          131908 kB
Active:           362336 kB
Mem:          3.8G       3.7G       129M       5.7M        27M       3.2G

MemTotal:        4016004 kB
MemFree:          153572 kB
Active:           362356 kB
Mem:          3.8G       3.7G       150M       5.7M        27M       3.2G

MemTotal:        4016004 kB
MemFree:          153768 kB
Active:           362364 kB
Mem:          3.8G       3.7G       150M       5.7M        27M       3.2G

MemTotal:        4016004 kB
MemFree:          154208 kB
Active:           362380 kB
Mem:          3.8G       3.7G       150M       5.7M        27M       3.2G

MemTotal:        4016004 kB
MemFree:          154648 kB
Active:           362344 kB
Mem:          3.8G       3.7G       150M       5.7M        27M       3.2G

MemTotal:        4016004 kB
MemFree:          116408 kB
Active:           362408 kB
Mem:          3.8G       3.7G       113M       5.7M        27M       3.2G

MemTotal:        4016004 kB
MemFree:          106560 kB
Active:           362416 kB
Mem:          3.8G       3.7G       103M       5.7M        27M       3.2G

MemTotal:        4016004 kB
MemFree:          133784 kB
Active:           362420 kB
Mem:          3.8G       3.7G       130M       5.7M        27M       3.2G

MemTotal:        4016004 kB
MemFree:          135300 kB
Active:           362420 kB
Mem:          3.8G       3.7G       131M       5.7M        27M       3.2G

MemTotal:        4016004 kB
MemFree:          128032 kB
Active:           362420 kB
Mem:          3.8G       3.7G       124M       5.7M        27M       3.2G

MemTotal:        4016004 kB
MemFree:          112868 kB
Active:           362400 kB
Mem:          3.8G       3.7G       109M       5.7M        27M       3.2G

MemTotal:        4016004 kB
MemFree:          115888 kB
Active:           362428 kB
Mem:          3.8G       3.7G       113M       5.7M        27M       3.2G

MemTotal:        4016004 kB
MemFree:          106588 kB
Active:           362384 kB
Mem:          3.8G       3.7G       103M       5.7M        27M       3.2G

MemTotal:        4016004 kB
MemFree:          123360 kB
Active:           362424 kB
Mem:          3.8G       3.7G       119M       5.7M        27M       3.2G

MemTotal:        4016004 kB
MemFree:          116176 kB
Active:           360244 kB
Mem:          3.8G       3.7G       113M       5.7M        27M       3.2G

MemTotal:        4016004 kB
MemFree:          128772 kB
Active:           360072 kB
Mem:          3.8G       3.7G       125M       5.7M        27M       3.2G

MemTotal:        4016004 kB
MemFree:          114656 kB
Active:           360136 kB
Mem:          3.8G       3.7G       111M       5.7M        27M       3.2G

MemTotal:        4016004 kB
MemFree:          119212 kB
Active:           360120 kB
Mem:          3.8G       3.7G       115M       5.7M        27M       3.2G

MemTotal:        4016004 kB
MemFree:          121236 kB
Active:           360104 kB
Mem:          3.8G       3.7G       118M       5.7M        27M       3.2G

MemTotal:        4016004 kB
MemFree:          126440 kB
Active:           360108 kB
Mem:          3.8G       3.7G       123M       5.7M        27M       3.2G

MemTotal:        4016004 kB
MemFree:          129928 kB
Active:           360096 kB
Mem:          3.8G       3.7G       126M       5.7M        27M       3.2G

MemTotal:        4016004 kB
MemFree:          120828 kB
Active:           360148 kB
Mem:          3.8G       3.7G       117M       5.7M        27M       3.2G

MemTotal:        4016004 kB
MemFree:          111148 kB
Active:           360160 kB
Mem:          3.8G       3.7G       108M       5.7M        27M       3.2G

MemTotal:        4016004 kB
MemFree:          126288 kB
Active:           360160 kB
Mem:          3.8G       3.7G       122M       5.7M        27M       3.2G

MemTotal:        4016004 kB
MemFree:          128884 kB
Active:           360168 kB
Mem:          3.8G       3.7G       125M       5.7M        27M       3.2G

MemTotal:        4016004 kB
MemFree:          118856 kB
Active:           359860 kB
Mem:          3.8G       3.7G       116M       5.7M        27M       3.2G

MemTotal:        4016004 kB
MemFree:          118980 kB
Active:           359828 kB
Mem:          3.8G       3.7G       116M       5.7M        27M       3.2G

MemTotal:        4016004 kB
MemFree:          119228 kB
Active:           359812 kB
Mem:          3.8G       3.7G       116M       5.7M        27M       3.2G

MemTotal:        4016004 kB
MemFree:          118980 kB
Active:           359868 kB
Mem:          3.8G       3.7G       116M       5.7M        27M       3.2G

MemTotal:        4016004 kB
MemFree:          118660 kB
Active:           359832 kB
Mem:          3.8G       3.7G       115M       5.7M        27M       3.2G

MemTotal:        4016004 kB
MemFree:          118564 kB
Active:           359848 kB
Mem:          3.8G       3.7G       115M       5.7M        27M       3.2G

MemTotal:        4016004 kB
MemFree:          118692 kB
Active:           359868 kB
Mem:          3.8G       3.7G       115M       5.7M        27M       3.2G

MemTotal:        4016004 kB
MemFree:          119068 kB
Active:           359824 kB
Mem:          3.8G       3.7G       116M       5.7M        27M       3.2G

MemTotal:        4016004 kB
MemFree:          118824 kB
Active:           359876 kB
Mem:          3.8G       3.7G       116M       5.7M        27M       3.2G

MemTotal:        4016004 kB
MemFree:          118700 kB
Active:           359876 kB
Mem:          3.8G       3.7G       116M       5.7M        27M       3.2G

MemTotal:        4016004 kB
MemFree:          119072 kB
Active:           359840 kB
Mem:          3.8G       3.7G       116M       5.7M        27M       3.2G

MemTotal:        4016004 kB
MemFree:          119072 kB
Active:           359856 kB
Mem:          3.8G       3.7G       116M       5.7M        27M       3.2G

MemTotal:        4016004 kB
MemFree:          118948 kB
Active:           359828 kB
Mem:          3.8G       3.7G       116M       5.7M        27M       3.2G

MemTotal:        4016004 kB
MemFree:          118576 kB
Active:           359884 kB
Mem:          3.8G       3.7G       115M       5.7M        27M       3.2G

MemTotal:        4016004 kB
MemFree:          118700 kB
Active:           359872 kB
Mem:          3.8G       3.7G       115M       5.7M        27M       3.2G

MemTotal:        4016004 kB
MemFree:          119196 kB
Active:           359836 kB
Mem:          3.8G       3.7G       116M       5.7M        27M       3.2G

MemTotal:        4016004 kB
MemFree:          119072 kB
Active:           359868 kB
Mem:          3.8G       3.7G       116M       5.7M        27M       3.2G

MemTotal:        4016004 kB
MemFree:          118452 kB
Active:           359892 kB
Mem:          3.8G       3.7G       116M       5.7M        27M       3.2G

MemTotal:        4016004 kB
MemFree:          119320 kB
Active:           359856 kB
Mem:          3.8G       3.7G       116M       5.7M        27M       3.2G

MemTotal:        4016004 kB
MemFree:          119196 kB
Active:           359880 kB
Mem:          3.8G       3.7G       116M       5.7M        27M       3.2G

MemTotal:        4016004 kB
MemFree:          118824 kB
Active:           359840 kB
Mem:          3.8G       3.7G       116M       5.7M        27M       3.2G

MemTotal:        4016004 kB
MemFree:          118452 kB
Active:           359900 kB
Mem:          3.8G       3.7G       115M       5.7M        27M       3.2G

MemTotal:        4016004 kB
MemFree:          118824 kB
Active:           359892 kB
Mem:          3.8G       3.7G       116M       5.7M        27M       3.2G

MemTotal:        4016004 kB
MemFree:          118948 kB
Active:           359860 kB
Mem:          3.8G       3.7G       116M       5.7M        27M       3.2G

MemTotal:        4016004 kB
MemFree:          119320 kB
Active:           359876 kB
Mem:          3.8G       3.7G       116M       5.7M        27M       3.2G

MemTotal:        4016004 kB
MemFree:          119196 kB
Active:           359892 kB
Mem:          3.8G       3.7G       116M       5.7M        27M       3.2G

MemTotal:        4016004 kB
MemFree:          118824 kB
Active:           359908 kB
Mem:          3.8G       3.7G       115M       5.7M        27M       3.2G

MemTotal:        4016004 kB
MemFree:          118948 kB
Active:           359868 kB
Mem:          3.8G       3.7G       115M       5.7M        27M       3.2G

MemTotal:        4016004 kB
MemFree:          118948 kB
Active:           359908 kB
Mem:          3.8G       3.7G       115M       5.7M        27M       3.2G

MemTotal:        4016004 kB
MemFree:          118576 kB
Active:           359920 kB
Mem:          3.8G       3.7G       115M       5.7M        27M       3.2G

MemTotal:        4016004 kB
MemFree:          118700 kB
Active:           359884 kB
Mem:          3.8G       3.7G       115M       5.7M        27M       3.2G

MemTotal:        4016004 kB
MemFree:          118700 kB
Active:           359900 kB
Mem:          3.8G       3.7G       116M       5.7M        27M       3.2G

MemTotal:        4016004 kB
MemFree:          118824 kB
Active:           359880 kB
Mem:          3.8G       3.7G       116M       5.7M        27M       3.2G

MemTotal:        4016004 kB
MemFree:          119072 kB
Active:           359876 kB
Mem:          3.8G       3.7G       115M       5.7M        27M       3.2G

MemTotal:        4016004 kB
MemFree:          118824 kB
Active:           359916 kB
Mem:          3.8G       3.7G       115M       5.7M        27M       3.2G

MemTotal:        4016004 kB
MemFree:          118468 kB
Active:           359888 kB
Mem:          3.8G       3.7G       115M       5.7M        27M       3.2G

MemTotal:        4016004 kB
MemFree:          118716 kB
Active:           359880 kB
Mem:          3.8G       3.7G       115M       5.7M        27M       3.2G

MemTotal:        4016004 kB
MemFree:          118220 kB
Active:           359936 kB
Mem:          3.8G       3.7G       115M       5.7M        27M       3.2G

MemTotal:        4016004 kB
MemFree:          118716 kB
Active:           359924 kB
Mem:          3.8G       3.7G       115M       5.7M        27M       3.2G

MemTotal:        4016004 kB
MemFree:          118716 kB
Active:           359884 kB
Mem:          3.8G       3.7G       115M       5.7M        27M       3.2G

MemTotal:        4016004 kB
MemFree:          118964 kB
Active:           359916 kB
Mem:          3.8G       3.7G       116M       5.7M        27M       3.2G

MemTotal:        4016004 kB
MemFree:          118964 kB
Active:           359940 kB
