MemTotal:        4016004 kB
MemFree:         3240032 kB
Active:           419140 kB
Mem:          3.8G       758M       3.1G       5.7M        55M       317M

MemTotal:        4016004 kB
MemFree:         3239284 kB
Active:           419544 kB
Mem:          3.8G       758M       3.1G       5.7M        55M       317M

MemTotal:        4016004 kB
MemFree:         3238600 kB
Active:           419556 kB
Mem:          3.8G       759M       3.1G       5.7M        55M       317M

MemTotal:        4016004 kB
MemFree:         3238320 kB
Active:           419572 kB
Mem:          3.8G       759M       3.1G       5.7M        55M       317M

MemTotal:        4016004 kB
MemFree:         3238972 kB
Active:           419556 kB
Mem:          3.8G       758M       3.1G       5.7M        55M       317M

MemTotal:        4016004 kB
MemFree:         3238584 kB
Active:           419568 kB
Mem:          3.8G       759M       3.1G       5.7M        55M       317M

MemTotal:        4016004 kB
MemFree:         3238568 kB
Active:           419548 kB
Mem:          3.8G       759M       3.1G       5.7M        55M       317M

MemTotal:        4016004 kB
MemFree:         3238488 kB
Active:           417504 kB
Mem:          3.8G       759M       3.1G       5.7M        55M       317M

MemTotal:        4016004 kB
MemFree:         3238472 kB
Active:           419576 kB
Mem:          3.8G       759M       3.1G       5.7M        55M       317M

MemTotal:        4016004 kB
MemFree:         3238952 kB
Active:           419536 kB
Mem:          3.8G       758M       3.1G       5.7M        55M       317M

MemTotal:        4016004 kB
MemFree:         3238936 kB
Active:           419560 kB
Mem:          3.8G       758M       3.1G       5.7M        55M       317M

MemTotal:        4016004 kB
MemFree:         3238920 kB
Active:           419552 kB
Mem:          3.8G       758M       3.1G       5.7M        55M       317M

MemTotal:        4016004 kB
MemFree:         3238920 kB
Active:           419528 kB
Mem:          3.8G       758M       3.1G       5.7M        55M       317M

MemTotal:        4016004 kB
MemFree:         3238424 kB
Active:           419576 kB
Mem:          3.8G       759M       3.1G       5.7M        55M       317M

MemTotal:        4016004 kB
MemFree:         3238424 kB
Active:           419580 kB
Mem:          3.8G       759M       3.1G       5.7M        55M       317M

MemTotal:        4016004 kB
MemFree:         3238548 kB
Active:           419572 kB
Mem:          3.8G       759M       3.1G       5.7M        55M       317M

MemTotal:        4016004 kB
MemFree:         3238704 kB
Active:           419552 kB
Mem:          3.8G       759M       3.1G       5.7M        55M       317M

MemTotal:        4016004 kB
MemFree:         3237028 kB
Active:           419540 kB
Mem:          3.8G       760M       3.1G       5.7M        55M       317M

MemTotal:        4016004 kB
MemFree:         3237152 kB
Active:           421596 kB
Mem:          3.8G       760M       3.1G       5.7M        55M       317M

MemTotal:        4016004 kB
MemFree:         3236780 kB
Active:           421608 kB
Mem:          3.8G       760M       3.1G       5.7M        55M       317M

MemTotal:        4016004 kB
MemFree:         3236904 kB
Active:           421600 kB
Mem:          3.8G       760M       3.1G       5.7M        55M       317M

MemTotal:        4016004 kB
MemFree:         3236904 kB
Active:           421580 kB
Mem:          3.8G       760M       3.1G       5.7M        55M       317M

MemTotal:        4016004 kB
MemFree:         3236408 kB
Active:           421608 kB
Mem:          3.8G       761M       3.1G       5.7M        55M       317M

MemTotal:        4016004 kB
MemFree:         3236532 kB
Active:           421616 kB
Mem:          3.8G       760M       3.1G       5.7M        55M       317M

MemTotal:        4016004 kB
MemFree:         3236532 kB
Active:           421616 kB
Mem:          3.8G       760M       3.1G       5.7M        55M       317M

MemTotal:        4016004 kB
MemFree:         3237136 kB
Active:           421588 kB
Mem:          3.8G       760M       3.1G       5.7M        55M       317M

MemTotal:        4016004 kB
MemFree:         3236748 kB
Active:           421616 kB
Mem:          3.8G       760M       3.1G       5.7M        55M       317M

MemTotal:        4016004 kB
MemFree:         3236916 kB
Active:           419540 kB
Mem:          3.8G       760M       3.1G       5.7M        55M       317M

MemTotal:        4016004 kB
MemFree:         3236916 kB
Active:           419552 kB
Mem:          3.8G       760M       3.1G       5.7M        55M       317M

MemTotal:        4016004 kB
MemFree:         3236916 kB
Active:           421592 kB
Mem:          3.8G       760M       3.1G       5.7M        55M       317M

MemTotal:        4016004 kB
MemFree:         3237040 kB
Active:           421620 kB
Mem:          3.8G       760M       3.1G       5.7M        55M       317M

MemTotal:        4016004 kB
MemFree:         3236900 kB
Active:           421600 kB
Mem:          3.8G       760M       3.1G       5.7M        55M       317M

MemTotal:        4016004 kB
MemFree:         3237120 kB
Active:           421576 kB
Mem:          3.8G       760M       3.1G       5.7M        55M       317M

MemTotal:        4016004 kB
MemFree:         3236748 kB
Active:           421632 kB
Mem:          3.8G       760M       3.1G       5.7M        55M       317M

MemTotal:        4016004 kB
MemFree:         3237120 kB
Active:           421624 kB
Mem:          3.8G       760M       3.1G       5.7M        55M       317M

MemTotal:        4016004 kB
MemFree:         3237244 kB
Active:           421600 kB
Mem:          3.8G       760M       3.1G       5.7M        55M       317M

MemTotal:        4016004 kB
MemFree:         3237244 kB
Active:           421644 kB
Mem:          3.8G       761M       3.1G       5.7M        55M       317M

MemTotal:        4016004 kB
MemFree:         3234948 kB
Active:           421572 kB
Mem:          3.8G       763M       3.1G       5.7M        55M       317M

MemTotal:        4016004 kB
MemFree:         3235072 kB
Active:           423616 kB
Mem:          3.8G       762M       3.1G       5.7M        55M       317M

MemTotal:        4016004 kB
MemFree:         3235196 kB
Active:           423660 kB
Mem:          3.8G       762M       3.1G       5.7M        55M       317M

MemTotal:        4016004 kB
MemFree:         3234700 kB
Active:           423676 kB
Mem:          3.8G       762M       3.1G       5.7M        55M       317M

MemTotal:        4016004 kB
MemFree:         3235196 kB
Active:           423648 kB
Mem:          3.8G       762M       3.1G       5.7M        55M       317M

MemTotal:        4016004 kB
MemFree:         3235196 kB
Active:           423680 kB
Mem:          3.8G       762M       3.1G       5.7M        55M       317M

MemTotal:        4016004 kB
MemFree:         3235196 kB
Active:           423676 kB
Mem:          3.8G       762M       3.1G       5.7M        55M       317M

MemTotal:        4016004 kB
MemFree:         3234948 kB
Active:           423672 kB
Mem:          3.8G       763M       3.1G       5.7M        55M       317M

MemTotal:        4016004 kB
MemFree:         3235196 kB
Active:           423656 kB
Mem:          3.8G       762M       3.1G       5.7M        55M       317M

MemTotal:        4016004 kB
MemFree:         3235180 kB
Active:           423692 kB
Mem:          3.8G       762M       3.1G       5.7M        55M       317M

MemTotal:        4016004 kB
MemFree:         3235056 kB
Active:           423644 kB
Mem:          3.8G       762M       3.1G       5.7M        55M       317M

MemTotal:        4016004 kB
MemFree:         3234792 kB
Active:           423672 kB
Mem:          3.8G       762M       3.1G       5.7M        55M       317M

MemTotal:        4016004 kB
MemFree:         3235024 kB
Active:           423660 kB
Mem:          3.8G       763M       3.1G       5.7M        55M       317M

MemTotal:        4016004 kB
MemFree:         3234900 kB
Active:           423704 kB
Mem:          3.8G       763M       3.1G       5.7M        55M       317M

MemTotal:        4016004 kB
MemFree:         3234900 kB
Active:           423660 kB
Mem:          3.8G       762M       3.1G       5.7M        55M       317M

MemTotal:        4016004 kB
MemFree:         3235024 kB
Active:           423696 kB
Mem:          3.8G       762M       3.1G       5.7M        55M       317M

MemTotal:        4016004 kB
MemFree:         3230864 kB
Active:           427944 kB
Mem:          3.8G       767M       3.1G       5.7M        59M       317M

MemTotal:        4016004 kB
MemFree:         3225916 kB
Active:           431544 kB
Mem:          3.8G       771M       3.1G       5.7M        63M       317M

MemTotal:        4016004 kB
MemFree:         3226040 kB
Active:           431488 kB
Mem:          3.8G       771M       3.1G       5.7M        63M       317M

MemTotal:        4016004 kB
MemFree:         3226040 kB
Active:           431524 kB
Mem:          3.8G       771M       3.1G       5.7M        63M       317M

MemTotal:        4016004 kB
MemFree:         3226272 kB
Active:           431528 kB
Mem:          3.8G       771M       3.1G       5.7M        63M       317M

MemTotal:        4016004 kB
MemFree:         3226148 kB
Active:           431532 kB
Mem:          3.8G       771M       3.1G       5.7M        63M       317M

MemTotal:        4016004 kB
MemFree:         3226132 kB
Active:           431512 kB
Mem:          3.8G       771M       3.1G       5.7M        63M       317M

MemTotal:        4016004 kB
MemFree:         3226256 kB
Active:           431540 kB
Mem:          3.8G       771M       3.1G       5.7M        63M       317M

MemTotal:        4016004 kB
MemFree:         3226240 kB
Active:           431500 kB
Mem:          3.8G       771M       3.1G       5.7M        63M       317M

MemTotal:        4016004 kB
MemFree:         3225992 kB
Active:           431532 kB
Mem:          3.8G       771M       3.1G       5.7M        63M       317M

MemTotal:        4016004 kB
MemFree:         3225976 kB
Active:           431504 kB
Mem:          3.8G       771M       3.1G       5.7M        63M       317M

MemTotal:        4016004 kB
MemFree:         3225792 kB
Active:           431564 kB
Mem:          3.8G       771M       3.1G       5.7M        63M       317M

MemTotal:        4016004 kB
MemFree:         3226040 kB
Active:           431532 kB
Mem:          3.8G       771M       3.1G       5.7M        63M       317M

MemTotal:        4016004 kB
MemFree:         3225916 kB
Active:           431544 kB
Mem:          3.8G       771M       3.1G       5.7M        63M       317M

MemTotal:        4016004 kB
MemFree:         3225792 kB
Active:           431508 kB
Mem:          3.8G       771M       3.1G       5.7M        63M       317M

MemTotal:        4016004 kB
MemFree:         3225792 kB
Active:           431540 kB
Mem:          3.8G       771M       3.1G       5.7M        63M       317M

MemTotal:        4016004 kB
MemFree:         3225916 kB
Active:           431524 kB
Mem:          3.8G       771M       3.1G       5.7M        63M       317M

MemTotal:        4016004 kB
MemFree:         3225916 kB
Active:           431544 kB
Mem:          3.8G       771M       3.1G       5.7M        63M       317M

MemTotal:        4016004 kB
MemFree:         3225792 kB
Active:           431536 kB
Mem:          3.8G       771M       3.1G       5.7M        63M       317M

MemTotal:        4016004 kB
MemFree:         3226164 kB
Active:           431560 kB
Mem:          3.8G       771M       3.1G       5.7M        63M       317M

MemTotal:        4016004 kB
MemFree:         3226288 kB
Active:           431508 kB
Mem:          3.8G       771M       3.1G       5.7M        63M       317M

MemTotal:        4016004 kB
MemFree:         3225484 kB
Active:           431568 kB
Mem:          3.8G       771M       3.1G       5.7M        63M       317M

MemTotal:        4016004 kB
MemFree:         3225360 kB
Active:           431556 kB
Mem:          3.8G       771M       3.1G       5.7M        63M       317M

MemTotal:        4016004 kB
MemFree:         3225112 kB
Active:           431576 kB
Mem:          3.8G       771M       3.1G       5.7M        63M       317M

MemTotal:        4016004 kB
MemFree:         3225484 kB
Active:           431544 kB
Mem:          3.8G       771M       3.1G       5.7M        63M       317M

MemTotal:        4016004 kB
MemFree:         3225484 kB
Active:           431520 kB
Mem:          3.8G       771M       3.1G       5.7M        63M       317M

MemTotal:        4016004 kB
MemFree:         3225608 kB
Active:           431532 kB
Mem:          3.8G       771M       3.1G       5.7M        63M       317M

MemTotal:        4016004 kB
MemFree:         3225980 kB
Active:           431564 kB
Mem:          3.8G       771M       3.1G       5.7M        63M       317M

MemTotal:        4016004 kB
MemFree:         3225360 kB
Active:           431580 kB
Mem:          3.8G       771M       3.1G       5.7M        63M       317M

MemTotal:        4016004 kB
MemFree:         3225732 kB
Active:           431560 kB
Mem:          3.8G       772M       3.1G       5.7M        63M       317M

MemTotal:        4016004 kB
MemFree:         3225608 kB
Active:           431576 kB
Mem:          3.8G       771M       3.1G       5.7M        63M       317M

MemTotal:        4016004 kB
MemFree:         3225732 kB
Active:           431564 kB
Mem:          3.8G       771M       3.1G       5.7M        63M       317M

MemTotal:        4016004 kB
MemFree:         3225608 kB
Active:           431568 kB
Mem:          3.8G       772M       3.1G       5.7M        63M       317M

MemTotal:        4016004 kB
MemFree:         3225236 kB
Active:           431548 kB
Mem:          3.8G       772M       3.1G       5.7M        63M       317M

MemTotal:        4016004 kB
MemFree:         3223312 kB
Active:           431516 kB
Mem:          3.8G       774M       3.1G       5.7M        63M       317M

MemTotal:        4016004 kB
MemFree:         3223436 kB
Active:           433588 kB
Mem:          3.8G       774M       3.1G       5.7M        63M       317M

MemTotal:        4016004 kB
MemFree:         3223544 kB
Active:           433576 kB
Mem:          3.8G       774M       3.1G       5.7M        63M       317M

MemTotal:        4016004 kB
MemFree:         3223916 kB
Active:           433624 kB
Mem:          3.8G       773M       3.1G       5.7M        63M       317M

MemTotal:        4016004 kB
MemFree:         3224024 kB
Active:           433616 kB
Mem:          3.8G       773M       3.1G       5.7M        63M       317M

MemTotal:        4016004 kB
MemFree:         3223652 kB
Active:           433628 kB
Mem:          3.8G       773M       3.1G       5.7M        63M       317M

MemTotal:        4016004 kB
MemFree:         3223652 kB
Active:           433628 kB
Mem:          3.8G       773M       3.1G       5.7M        63M       317M

MemTotal:        4016004 kB
MemFree:         3224024 kB
Active:           433576 kB
Mem:          3.8G       773M       3.1G       5.7M        63M       317M

MemTotal:        4016004 kB
MemFree:         3223760 kB
Active:           433620 kB
Mem:          3.8G       774M       3.1G       5.7M        63M       317M

MemTotal:        4016004 kB
MemFree:         3222876 kB
Active:           433628 kB
Mem:          3.8G       774M       3.1G       5.7M        63M       317M

MemTotal:        4016004 kB
MemFree:         3222812 kB
Active:           431860 kB
Mem:          3.8G       774M       3.1G       5.7M        63M       317M

MemTotal:        4016004 kB
MemFree:         3223292 kB
Active:           433888 kB
Mem:          3.8G       774M       3.1G       5.7M        63M       317M

MemTotal:        4016004 kB
MemFree:         3223448 kB
Active:           433916 kB
Mem:          3.8G       774M       3.1G       5.7M        63M       317M

MemTotal:        4016004 kB
MemFree:         3222540 kB
Active:           434244 kB
Mem:          3.8G       774M       3.1G       5.7M        63M       317M

MemTotal:        4016004 kB
MemFree:         3178376 kB
Active:           435232 kB
Mem:          3.8G       819M       3.0G       5.7M        63M       360M

MemTotal:        4016004 kB
MemFree:         3131268 kB
Active:           435240 kB
Mem:          3.8G       865M       3.0G       5.7M        63M       405M

MemTotal:        4016004 kB
MemFree:         3085044 kB
Active:           435312 kB
Mem:          3.8G       910M       2.9G       5.7M        63M       449M

MemTotal:        4016004 kB
MemFree:         3037564 kB
Active:           435304 kB
Mem:          3.8G       955M       2.9G       5.7M        63M       494M

MemTotal:        4016004 kB
MemFree:         2990704 kB
Active:           435328 kB
Mem:          3.8G       1.0G       2.9G       5.7M        63M       540M

MemTotal:        4016004 kB
MemFree:         2944604 kB
Active:           435272 kB
Mem:          3.8G       1.0G       2.8G       5.7M        63M       584M

MemTotal:        4016004 kB
MemFree:         2896808 kB
Active:           433296 kB
Mem:          3.8G       1.1G       2.8G       5.7M        63M       629M

MemTotal:        4016004 kB
MemFree:         2851344 kB
Active:           435392 kB
Mem:          3.8G       1.1G       2.7G       5.7M        63M       674M

MemTotal:        4016004 kB
MemFree:         2804036 kB
Active:           435404 kB
Mem:          3.8G       1.2G       2.7G       5.7M        63M       719M

MemTotal:        4016004 kB
MemFree:         2757936 kB
Active:           435404 kB
Mem:          3.8G       1.2G       2.6G       5.7M        63M       763M

MemTotal:        4016004 kB
MemFree:         2711484 kB
Active:           435384 kB
Mem:          3.8G       1.2G       2.6G       5.7M        63M       807M

MemTotal:        4016004 kB
MemFree:         2683632 kB
Active:           435400 kB
Mem:          3.8G       1.3G       2.6G       5.7M        63M       835M

MemTotal:        4016004 kB
MemFree:         2637532 kB
Active:           435416 kB
Mem:          3.8G       1.3G       2.5G       5.7M        63M       880M

MemTotal:        4016004 kB
MemFree:         2590040 kB
Active:           435416 kB
Mem:          3.8G       1.4G       2.5G       5.7M        63M       924M

MemTotal:        4016004 kB
MemFree:         2543340 kB
Active:           435420 kB
Mem:          3.8G       1.4G       2.4G       5.7M        63M       968M

MemTotal:        4016004 kB
MemFree:         2497136 kB
Active:           435448 kB
Mem:          3.8G       1.4G       2.4G       5.7M        63M       1.0G

MemTotal:        4016004 kB
MemFree:         2496588 kB
Active:           433476 kB
Mem:          3.8G       1.4G       2.4G       5.7M        63M       1.0G

MemTotal:        4016004 kB
MemFree:         2495784 kB
Active:           435548 kB
Mem:          3.8G       1.4G       2.4G       5.7M        63M       1.0G

MemTotal:        4016004 kB
MemFree:         2496652 kB
Active:           435512 kB
Mem:          3.8G       1.5G       2.4G       5.7M        63M       1.0G

MemTotal:        4016004 kB
MemFree:         2448180 kB
Active:           435556 kB
Mem:          3.8G       1.5G       2.3G       5.7M        63M       1.0G

MemTotal:        4016004 kB
MemFree:         2401072 kB
Active:           435556 kB
Mem:          3.8G       1.5G       2.3G       5.7M        63M       1.1G

MemTotal:        4016004 kB
MemFree:         2355344 kB
Active:           435564 kB
Mem:          3.8G       1.6G       2.2G       5.7M        63M       1.1G

MemTotal:        4016004 kB
MemFree:         2307864 kB
Active:           435564 kB
Mem:          3.8G       1.6G       2.2G       5.7M        63M       1.2G

MemTotal:        4016004 kB
MemFree:         2260772 kB
Active:           435564 kB
Mem:          3.8G       1.7G       2.2G       5.7M        63M       1.2G

MemTotal:        4016004 kB
MemFree:         2215276 kB
Active:           435564 kB
Mem:          3.8G       1.7G       2.1G       5.7M        63M       1.3G

MemTotal:        4016004 kB
MemFree:         2168060 kB
Active:           435564 kB
Mem:          3.8G       1.8G       2.1G       5.7M        63M       1.3G

MemTotal:        4016004 kB
MemFree:         2129832 kB
Active:           435576 kB
Mem:          3.8G       1.8G       2.0G       5.7M        63M       1.3G

MemTotal:        4016004 kB
MemFree:         2112224 kB
Active:           435592 kB
Mem:          3.8G       1.8G       2.0G       5.7M        63M       1.4G

MemTotal:        4016004 kB
MemFree:         2065712 kB
Active:           435592 kB
Mem:          3.8G       1.9G       2.0G       5.7M        63M       1.4G

MemTotal:        4016004 kB
MemFree:         2019028 kB
Active:           435596 kB
Mem:          3.8G       1.9G       1.9G       5.7M        63M       1.4G

MemTotal:        4016004 kB
MemFree:         1973672 kB
Active:           435556 kB
Mem:          3.8G       1.9G       1.9G       5.7M        63M       1.5G

MemTotal:        4016004 kB
MemFree:         1926688 kB
Active:           435564 kB
Mem:          3.8G       2.0G       1.8G       5.7M        63M       1.5G

MemTotal:        4016004 kB
MemFree:         1879844 kB
Active:           435560 kB
Mem:          3.8G       2.0G       1.8G       5.7M        63M       1.6G

MemTotal:        4016004 kB
MemFree:         1834756 kB
Active:           435576 kB
Mem:          3.8G       2.1G       1.7G       5.7M        63M       1.6G

MemTotal:        4016004 kB
MemFree:         1788420 kB
Active:           435620 kB
Mem:          3.8G       2.1G       1.7G       5.7M        63M       1.7G

MemTotal:        4016004 kB
MemFree:         1742348 kB
Active:           435628 kB
Mem:          3.8G       2.2G       1.7G       5.7M        63M       1.7G

MemTotal:        4016004 kB
MemFree:         1696004 kB
Active:           435628 kB
Mem:          3.8G       2.2G       1.6G       5.7M        63M       1.7G

MemTotal:        4016004 kB
MemFree:         1664504 kB
Active:           435580 kB
Mem:          3.8G       2.2G       1.6G       5.7M        63M       1.8G

MemTotal:        4016004 kB
MemFree:         1639808 kB
Active:           435636 kB
Mem:          3.8G       2.3G       1.6G       5.7M        63M       1.8G

MemTotal:        4016004 kB
MemFree:         1592716 kB
Active:           435640 kB
Mem:          3.8G       2.3G       1.5G       5.7M        63M       1.8G

MemTotal:        4016004 kB
MemFree:         1545856 kB
Active:           435640 kB
Mem:          3.8G       2.4G       1.5G       5.7M        63M       1.9G

MemTotal:        4016004 kB
MemFree:         1499136 kB
Active:           435604 kB
Mem:          3.8G       2.4G       1.4G       5.7M        63M       1.9G

MemTotal:        4016004 kB
MemFree:         1453268 kB
Active:           435616 kB
Mem:          3.8G       2.4G       1.4G       5.7M        63M       2.0G

MemTotal:        4016004 kB
MemFree:         1406952 kB
Active:           435624 kB
Mem:          3.8G       2.5G       1.3G       5.7M        63M       2.0G

MemTotal:        4016004 kB
MemFree:         1359908 kB
Active:           435656 kB
Mem:          3.8G       2.5G       1.3G       5.7M        63M       2.1G

MemTotal:        4016004 kB
MemFree:         1313968 kB
Active:           435668 kB
Mem:          3.8G       2.6G       1.3G       5.7M        63M       2.1G

MemTotal:        4016004 kB
MemFree:         1266664 kB
Active:           435668 kB
Mem:          3.8G       2.6G       1.2G       5.7M        63M       2.1G

MemTotal:        4016004 kB
MemFree:         1235880 kB
Active:           435676 kB
Mem:          3.8G       2.7G       1.2G       5.7M        63M       2.2G

MemTotal:        4016004 kB
MemFree:         1235696 kB
Active:           435672 kB
Mem:          3.8G       2.7G       1.2G       5.7M        63M       2.2G

MemTotal:        4016004 kB
MemFree:         1229128 kB
Active:           435640 kB
Mem:          3.8G       2.7G       1.2G       5.7M        63M       2.2G

MemTotal:        4016004 kB
MemFree:         1183688 kB
Active:           435680 kB
Mem:          3.8G       2.7G       1.1G       5.7M        63M       2.2G

MemTotal:        4016004 kB
MemFree:         1136348 kB
Active:           435696 kB
Mem:          3.8G       2.7G       1.1G       5.7M        63M       2.3G

MemTotal:        4016004 kB
MemFree:         1090976 kB
Active:           435696 kB
Mem:          3.8G       2.8G       1.0G       5.7M        63M       2.3G

MemTotal:        4016004 kB
MemFree:         1043496 kB
Active:           435704 kB
Mem:          3.8G       2.8G       1.0G       5.7M        63M       2.4G

MemTotal:        4016004 kB
MemFree:          996404 kB
Active:           435712 kB
Mem:          3.8G       2.9G       972M       5.7M        63M       2.4G

MemTotal:        4016004 kB
MemFree:          950536 kB
Active:           435712 kB
Mem:          3.8G       2.9G       927M       5.7M        63M       2.4G

MemTotal:        4016004 kB
MemFree:          905716 kB
Active:           435728 kB
Mem:          3.8G       3.0G       883M       5.7M        63M       2.5G

MemTotal:        4016004 kB
MemFree:          874188 kB
Active:           435736 kB
Mem:          3.8G       3.0G       853M       5.7M        63M       2.5G

MemTotal:        4016004 kB
MemFree:          853436 kB
Active:           435720 kB
Mem:          3.8G       3.0G       832M       5.7M        63M       2.5G

MemTotal:        4016004 kB
MemFree:          807832 kB
Active:           435736 kB
Mem:          3.8G       3.1G       787M       5.7M        63M       2.6G

MemTotal:        4016004 kB
MemFree:          761344 kB
Active:           435748 kB
Mem:          3.8G       3.1G       742M       5.7M        63M       2.6G

MemTotal:        4016004 kB
MemFree:          714992 kB
Active:           435728 kB
Mem:          3.8G       3.1G       697M       5.7M        63M       2.7G

MemTotal:        4016004 kB
MemFree:          670320 kB
Active:           435772 kB
Mem:          3.8G       3.2G       653M       5.7M        63M       2.7G

MemTotal:        4016004 kB
MemFree:          624300 kB
Active:           435792 kB
Mem:          3.8G       3.2G       608M       5.7M        63M       2.7G

MemTotal:        4016004 kB
MemFree:          577832 kB
Active:           435744 kB
Mem:          3.8G       3.3G       562M       5.7M        63M       2.8G

MemTotal:        4016004 kB
MemFree:          532344 kB
Active:           435772 kB
Mem:          3.8G       3.3G       518M       5.7M        63M       2.8G

MemTotal:        4016004 kB
MemFree:          483976 kB
Active:           433744 kB
Mem:          3.8G       3.4G       471M       5.7M        63M       2.9G

MemTotal:        4016004 kB
MemFree:          437736 kB
Active:           435780 kB
Mem:          3.8G       3.4G       426M       5.7M        63M       2.9G

MemTotal:        4016004 kB
MemFree:          392520 kB
Active:           435800 kB
Mem:          3.8G       3.5G       382M       5.7M        63M       3.0G

MemTotal:        4016004 kB
MemFree:          345272 kB
Active:           435752 kB
Mem:          3.8G       3.5G       335M       5.7M        63M       3.0G

MemTotal:        4016004 kB
MemFree:          299260 kB
Active:           435780 kB
Mem:          3.8G       3.5G       291M       5.7M        63M       3.1G

MemTotal:        4016004 kB
MemFree:          252304 kB
Active:           435808 kB
Mem:          3.8G       3.6G       245M       5.7M        63M       3.1G

MemTotal:        4016004 kB
MemFree:          204968 kB
Active:           435792 kB
Mem:          3.8G       3.6G       199M       5.7M        63M       3.1G

MemTotal:        4016004 kB
MemFree:          159472 kB
Active:           435804 kB
Mem:          3.8G       3.7G       154M       5.7M        63M       3.2G

MemTotal:        4016004 kB
MemFree:          112224 kB
Active:           435796 kB
Mem:          3.8G       3.7G       109M       5.7M        63M       3.2G

MemTotal:        4016004 kB
MemFree:          135440 kB
Active:           446840 kB
Mem:          3.8G       3.7G       141M       5.7M        27M       3.2G

MemTotal:        4016004 kB
MemFree:          146192 kB
Active:           498324 kB
Mem:          3.8G       3.7G       138M       5.7M        27M       3.2G

MemTotal:        4016004 kB
MemFree:          124200 kB
Active:           496596 kB
Mem:          3.8G       3.7G       131M       5.7M        27M       3.2G

MemTotal:        4016004 kB
MemFree:          136432 kB
Active:           489300 kB
Mem:          3.8G       3.7G       132M       5.7M        27M       3.2G

MemTotal:        4016004 kB
MemFree:          129016 kB
Active:           485036 kB
Mem:          3.8G       3.7G       125M       5.7M        27M       3.2G

MemTotal:        4016004 kB
MemFree:          108176 kB
Active:           481084 kB
Mem:          3.8G       3.7G       104M       5.7M        27M       3.3G

MemTotal:        4016004 kB
MemFree:          115396 kB
Active:           474940 kB
Mem:          3.8G       3.7G       111M       5.7M        27M       3.3G

MemTotal:        4016004 kB
MemFree:          118012 kB
Active:           469956 kB
Mem:          3.8G       3.7G       114M       5.7M        27M       3.3G

MemTotal:        4016004 kB
MemFree:          122196 kB
Active:           465360 kB
Mem:          3.8G       3.7G       118M       5.7M        27M       3.3G

MemTotal:        4016004 kB
MemFree:          126568 kB
Active:           461908 kB
Mem:          3.8G       3.7G       123M       5.7M        27M       3.3G

MemTotal:        4016004 kB
MemFree:          126416 kB
Active:           461908 kB
Mem:          3.8G       3.7G       123M       5.7M        27M       3.3G

MemTotal:        4016004 kB
MemFree:          125848 kB
Active:           460128 kB
Mem:          3.8G       3.7G       121M       5.7M        27M       3.3G

MemTotal:        4016004 kB
MemFree:          116808 kB
Active:           456496 kB
Mem:          3.8G       3.7G       112M       5.7M        27M       3.3G

MemTotal:        4016004 kB
MemFree:          124584 kB
Active:           452668 kB
Mem:          3.8G       3.7G       131M       5.7M        27M       3.2G

MemTotal:        4016004 kB
MemFree:          127584 kB
Active:           451500 kB
Mem:          3.8G       3.7G       124M       5.7M        27M       3.2G

MemTotal:        4016004 kB
MemFree:          114992 kB
Active:           451424 kB
Mem:          3.8G       3.7G       110M       5.7M        27M       3.3G

MemTotal:        4016004 kB
MemFree:          105500 kB
Active:           450296 kB
Mem:          3.8G       3.7G       125M       5.7M        27M       3.2G

MemTotal:        4016004 kB
MemFree:          125284 kB
Active:           444304 kB
Mem:          3.8G       3.7G       121M       5.7M        27M       3.3G

MemTotal:        4016004 kB
MemFree:          125008 kB
Active:           443968 kB
Mem:          3.8G       3.7G       124M       5.7M        27M       3.2G

MemTotal:        4016004 kB
MemFree:          123356 kB
Active:           442176 kB
Mem:          3.8G       3.7G       119M       5.7M        27M       3.3G

MemTotal:        4016004 kB
MemFree:          105016 kB
Active:           441280 kB
Mem:          3.8G       3.7G       124M       5.7M        27M       3.3G

MemTotal:        4016004 kB
MemFree:          124016 kB
Active:           437072 kB
Mem:          3.8G       3.7G       119M       5.7M        28M       3.3G

MemTotal:        4016004 kB
MemFree:          126716 kB
Active:           435816 kB
Mem:          3.8G       3.7G       122M       5.7M        28M       3.3G

MemTotal:        4016004 kB
MemFree:          122072 kB
Active:           434152 kB
Mem:          3.8G       3.7G       118M       5.7M        28M       3.3G

MemTotal:        4016004 kB
MemFree:          106468 kB
Active:           433140 kB
Mem:          3.8G       3.7G       103M       5.7M        28M       3.3G

MemTotal:        4016004 kB
MemFree:          124832 kB
Active:           430976 kB
Mem:          3.8G       3.7G       121M       5.7M        28M       3.3G

MemTotal:        4016004 kB
MemFree:          125080 kB
Active:           428056 kB
Mem:          3.8G       3.7G       121M       5.7M        28M       3.3G

MemTotal:        4016004 kB
MemFree:          150688 kB
Active:           425108 kB
Mem:          3.8G       3.7G       146M       5.7M        28M       3.2G

MemTotal:        4016004 kB
MemFree:          105456 kB
Active:           427020 kB
Mem:          3.8G       3.7G       123M       5.7M        28M       3.2G

MemTotal:        4016004 kB
MemFree:          126324 kB
Active:           421340 kB
Mem:          3.8G       3.7G       122M       5.7M        28M       3.3G

MemTotal:        4016004 kB
MemFree:          127852 kB
Active:           419720 kB
Mem:          3.8G       3.7G       123M       5.7M        28M       3.2G

MemTotal:        4016004 kB
MemFree:          126516 kB
Active:           418836 kB
Mem:          3.8G       3.7G       123M       5.7M        28M       3.2G

MemTotal:        4016004 kB
MemFree:          124124 kB
Active:           418656 kB
Mem:          3.8G       3.7G       119M       5.7M        28M       3.3G

MemTotal:        4016004 kB
MemFree:          108544 kB
Active:           417572 kB
Mem:          3.8G       3.7G       104M       5.7M        28M       3.3G

MemTotal:        4016004 kB
MemFree:          126784 kB
Active:           415396 kB
Mem:          3.8G       3.7G       123M       5.7M        28M       3.2G

MemTotal:        4016004 kB
MemFree:          129540 kB
Active:           413572 kB
Mem:          3.8G       3.7G       126M       5.7M        28M       3.2G

MemTotal:        4016004 kB
MemFree:          120252 kB
Active:           412332 kB
Mem:          3.8G       3.7G       116M       5.7M        28M       3.3G

MemTotal:        4016004 kB
MemFree:          122888 kB
Active:           409884 kB
Mem:          3.8G       3.7G       119M       5.7M        28M       3.3G

MemTotal:        4016004 kB
MemFree:          130032 kB
Active:           408200 kB
Mem:          3.8G       3.7G       126M       5.7M        28M       3.2G

MemTotal:        4016004 kB
MemFree:          120268 kB
Active:           406940 kB
Mem:          3.8G       3.7G       116M       5.7M        28M       3.3G

MemTotal:        4016004 kB
MemFree:          111776 kB
Active:           405772 kB
Mem:          3.8G       3.7G       108M       5.7M        28M       3.3G

MemTotal:        4016004 kB
MemFree:          113028 kB
Active:           401844 kB
Mem:          3.8G       3.7G       109M       5.7M        28M       3.3G

MemTotal:        4016004 kB
MemFree:          120864 kB
Active:           399764 kB
Mem:          3.8G       3.7G       117M       5.7M        28M       3.3G

MemTotal:        4016004 kB
MemFree:          111156 kB
Active:           398644 kB
Mem:          3.8G       3.7G       107M       5.7M        28M       3.3G

MemTotal:        4016004 kB
MemFree:          124876 kB
Active:           396996 kB
Mem:          3.8G       3.7G       122M       5.7M        28M       3.3G

MemTotal:        4016004 kB
MemFree:          108680 kB
Active:           395580 kB
Mem:          3.8G       3.7G       105M       5.7M        28M       3.3G

MemTotal:        4016004 kB
MemFree:          120152 kB
Active:           393556 kB
Mem:          3.8G       3.7G       116M       5.7M        28M       3.3G

MemTotal:        4016004 kB
MemFree:          120524 kB
Active:           390436 kB
Mem:          3.8G       3.7G       116M       5.7M        28M       3.3G

MemTotal:        4016004 kB
MemFree:          110136 kB
Active:           389284 kB
Mem:          3.8G       3.7G       106M       5.7M        28M       3.3G

MemTotal:        4016004 kB
MemFree:          112928 kB
Active:           387636 kB
Mem:          3.8G       3.7G       109M       5.7M        28M       3.3G

MemTotal:        4016004 kB
MemFree:          133356 kB
Active:           385816 kB
Mem:          3.8G       3.7G       130M       5.7M        28M       3.2G

MemTotal:        4016004 kB
MemFree:          120916 kB
Active:           387880 kB
Mem:          3.8G       3.7G       116M       5.7M        28M       3.3G

MemTotal:        4016004 kB
MemFree:          135948 kB
Active:           383288 kB
Mem:          3.8G       3.7G       132M       5.7M        28M       3.2G

MemTotal:        4016004 kB
MemFree:          142688 kB
Active:           381364 kB
Mem:          3.8G       3.7G       138M       5.7M        28M       3.2G

MemTotal:        4016004 kB
MemFree:          133620 kB
Active:           378228 kB
Mem:          3.8G       3.7G       129M       5.7M        28M       3.2G

MemTotal:        4016004 kB
MemFree:          130396 kB
Active:           377456 kB
Mem:          3.8G       3.7G       127M       5.7M        28M       3.2G

MemTotal:        4016004 kB
MemFree:          136408 kB
Active:           377084 kB
Mem:          3.8G       3.7G       132M       5.7M        28M       3.2G

MemTotal:        4016004 kB
MemFree:          124956 kB
Active:           378224 kB
Mem:          3.8G       3.7G       121M       5.7M        28M       3.2G

MemTotal:        4016004 kB
MemFree:          107796 kB
Active:           378100 kB
Mem:          3.8G       3.7G       103M       5.7M        28M       3.3G

MemTotal:        4016004 kB
MemFree:          127400 kB
Active:           377972 kB
Mem:          3.8G       3.7G       123M       5.7M        28M       3.2G

MemTotal:        4016004 kB
MemFree:          133876 kB
Active:           377960 kB
Mem:          3.8G       3.7G       129M       5.7M        28M       3.2G

MemTotal:        4016004 kB
MemFree:          140980 kB
Active:           377948 kB
Mem:          3.8G       3.7G       136M       5.7M        28M       3.2G

MemTotal:        4016004 kB
MemFree:          131620 kB
Active:           377980 kB
Mem:          3.8G       3.7G       127M       5.7M        28M       3.2G

MemTotal:        4016004 kB
MemFree:          121716 kB
Active:           377964 kB
Mem:          3.8G       3.7G       117M       5.7M        28M       3.3G

MemTotal:        4016004 kB
MemFree:          129596 kB
Active:           377984 kB
Mem:          3.8G       3.7G       125M       5.7M        28M       3.2G

MemTotal:        4016004 kB
MemFree:          120148 kB
Active:           378004 kB
Mem:          3.8G       3.7G       116M       5.7M        28M       3.3G

MemTotal:        4016004 kB
MemFree:          108756 kB
Active:           378004 kB
Mem:          3.8G       3.7G       106M       5.7M        28M       3.3G

MemTotal:        4016004 kB
MemFree:          126132 kB
Active:           378008 kB
Mem:          3.8G       3.7G       122M       5.7M        28M       3.2G

MemTotal:        4016004 kB
MemFree:          124884 kB
Active:           374772 kB
Mem:          3.8G       3.7G       121M       5.7M        28M       3.2G

MemTotal:        4016004 kB
MemFree:          133304 kB
Active:           374800 kB
Mem:          3.8G       3.7G       140M       5.7M        28M       3.2G

MemTotal:        4016004 kB
MemFree:          133492 kB
Active:           374848 kB
Mem:          3.8G       3.7G       129M       5.7M        28M       3.2G

MemTotal:        4016004 kB
MemFree:          108672 kB
Active:           374828 kB
Mem:          3.8G       3.7G       105M       5.7M        28M       3.3G

MemTotal:        4016004 kB
MemFree:          108336 kB
Active:           374820 kB
Mem:          3.8G       3.7G       105M       5.7M        28M       3.3G

MemTotal:        4016004 kB
MemFree:          108596 kB
Active:           374840 kB
Mem:          3.8G       3.7G       105M       5.7M        28M       3.3G

MemTotal:        4016004 kB
MemFree:          111616 kB
Active:           374860 kB
Mem:          3.8G       3.7G       107M       5.7M        28M       3.3G

MemTotal:        4016004 kB
MemFree:          125452 kB
Active:           374848 kB
Mem:          3.8G       3.7G       121M       5.7M        28M       3.2G

MemTotal:        4016004 kB
MemFree:          144744 kB
Active:           374732 kB
Mem:          3.8G       3.7G       140M       5.7M        28M       3.2G

MemTotal:        4016004 kB
MemFree:          123712 kB
Active:           374628 kB
Mem:          3.8G       3.7G       134M       5.7M        28M       3.2G

MemTotal:        4016004 kB
MemFree:          125204 kB
Active:           374660 kB
Mem:          3.8G       3.7G       121M       5.7M        28M       3.2G

MemTotal:        4016004 kB
MemFree:          127380 kB
Active:           374664 kB
Mem:          3.8G       3.7G       123M       5.7M        28M       3.2G

MemTotal:        4016004 kB
MemFree:          129188 kB
Active:           374668 kB
Mem:          3.8G       3.7G       125M       5.7M        28M       3.2G

MemTotal:        4016004 kB
MemFree:          128380 kB
Active:           374648 kB
Mem:          3.8G       3.7G       124M       5.7M        28M       3.2G

MemTotal:        4016004 kB
MemFree:          134740 kB
Active:           374672 kB
Mem:          3.8G       3.7G       129M       5.7M        28M       3.2G

MemTotal:        4016004 kB
MemFree:          118400 kB
Active:           374636 kB
Mem:          3.8G       3.7G       114M       5.7M        28M       3.3G

MemTotal:        4016004 kB
MemFree:          108100 kB
Active:           374600 kB
Mem:          3.8G       3.7G       105M       5.7M        28M       3.3G

MemTotal:        4016004 kB
MemFree:          134544 kB
Active:           374404 kB
Mem:          3.8G       3.7G       130M       5.7M        28M       3.2G

MemTotal:        4016004 kB
MemFree:          107828 kB
Active:           374264 kB
Mem:          3.8G       3.7G       105M       5.7M        28M       3.3G

MemTotal:        4016004 kB
MemFree:          128600 kB
Active:           375408 kB
Mem:          3.8G       3.7G       125M       5.7M        28M       3.2G

MemTotal:        4016004 kB
MemFree:          108128 kB
Active:           374800 kB
Mem:          3.8G       3.7G       105M       5.7M        28M       3.3G

MemTotal:        4016004 kB
MemFree:          116800 kB
Active:           374676 kB
Mem:          3.8G       3.7G       113M       5.7M        28M       3.3G

MemTotal:        4016004 kB
MemFree:          107748 kB
Active:           374508 kB
Mem:          3.8G       3.7G       103M       5.7M        28M       3.3G

MemTotal:        4016004 kB
MemFree:          110836 kB
Active:           374508 kB
Mem:          3.8G       3.7G       107M       5.7M        28M       3.3G

MemTotal:        4016004 kB
MemFree:          113420 kB
Active:           373728 kB
Mem:          3.8G       3.7G       110M       5.7M        28M       3.3G

MemTotal:        4016004 kB
MemFree:          128684 kB
Active:           373708 kB
Mem:          3.8G       3.7G       123M       5.7M        28M       3.2G

MemTotal:        4016004 kB
MemFree:          118420 kB
Active:           373728 kB
Mem:          3.8G       3.7G       114M       5.7M        28M       3.3G

MemTotal:        4016004 kB
MemFree:          141668 kB
Active:           373716 kB
Mem:          3.8G       3.7G       137M       5.7M        28M       3.2G

MemTotal:        4016004 kB
MemFree:          131684 kB
Active:           373752 kB
Mem:          3.8G       3.7G       127M       5.7M        28M       3.2G

MemTotal:        4016004 kB
MemFree:          121648 kB
Active:           372872 kB
Mem:          3.8G       3.7G       118M       5.7M        28M       3.3G

MemTotal:        4016004 kB
MemFree:          135624 kB
Active:           373844 kB
Mem:          3.8G       3.7G       132M       5.7M        28M       3.2G

MemTotal:        4016004 kB
MemFree:          117624 kB
Active:           373892 kB
Mem:          3.8G       3.7G       113M       5.7M        28M       3.3G

MemTotal:        4016004 kB
MemFree:          109936 kB
Active:           371464 kB
Mem:          3.8G       3.7G       106M       5.7M        28M       3.3G

MemTotal:        4016004 kB
MemFree:          113176 kB
Active:           371452 kB
Mem:          3.8G       3.7G       110M       5.7M        28M       3.3G

MemTotal:        4016004 kB
MemFree:          141600 kB
Active:           371424 kB
Mem:          3.8G       3.7G       138M       5.7M        28M       3.2G

MemTotal:        4016004 kB
MemFree:          134692 kB
Active:           371464 kB
Mem:          3.8G       3.7G       130M       5.7M        28M       3.2G

MemTotal:        4016004 kB
MemFree:          124784 kB
Active:           371472 kB
Mem:          3.8G       3.7G       120M       5.7M        28M       3.2G

MemTotal:        4016004 kB
MemFree:          113388 kB
Active:           371476 kB
Mem:          3.8G       3.7G       110M       5.7M        28M       3.3G

MemTotal:        4016004 kB
MemFree:          115524 kB
Active:           371476 kB
Mem:          3.8G       3.7G       112M       5.7M        28M       3.3G

MemTotal:        4016004 kB
MemFree:          116556 kB
Active:           371460 kB
Mem:          3.8G       3.7G       112M       5.7M        28M       3.3G

MemTotal:        4016004 kB
MemFree:          106324 kB
Active:           372336 kB
Mem:          3.8G       3.7G       102M       5.7M        28M       3.3G

MemTotal:        4016004 kB
MemFree:          112988 kB
Active:           372208 kB
Mem:          3.8G       3.7G       109M       5.7M        28M       3.3G

MemTotal:        4016004 kB
MemFree:          127736 kB
Active:           372092 kB
Mem:          3.8G       3.7G       124M       5.7M        28M       3.2G

MemTotal:        4016004 kB
MemFree:          126564 kB
Active:           372072 kB
Mem:          3.8G       3.7G       123M       5.7M        28M       3.2G

MemTotal:        4016004 kB
MemFree:          127660 kB
Active:           372104 kB
Mem:          3.8G       3.7G       123M       5.7M        28M       3.2G

MemTotal:        4016004 kB
MemFree:          105772 kB
Active:           372116 kB
Mem:          3.8G       3.7G       122M       5.7M        28M       3.2G

MemTotal:        4016004 kB
MemFree:          125656 kB
Active:           372116 kB
Mem:          3.8G       3.7G       121M       5.7M        28M       3.2G

MemTotal:        4016004 kB
MemFree:          104976 kB
Active:           372104 kB
Mem:          3.8G       3.7G       124M       5.7M        28M       3.2G

MemTotal:        4016004 kB
MemFree:          122968 kB
Active:           372128 kB
Mem:          3.8G       3.7G       119M       5.7M        28M       3.2G

MemTotal:        4016004 kB
MemFree:          107496 kB
Active:           372084 kB
Mem:          3.8G       3.7G       104M       5.7M        28M       3.3G

MemTotal:        4016004 kB
MemFree:          129260 kB
Active:           369664 kB
Mem:          3.8G       3.7G       125M       5.7M        28M       3.2G

MemTotal:        4016004 kB
MemFree:          119600 kB
Active:           369668 kB
Mem:          3.8G       3.7G       115M       5.7M        28M       3.2G

MemTotal:        4016004 kB
MemFree:          127424 kB
Active:           369684 kB
Mem:          3.8G       3.7G       124M       5.7M        28M       3.2G

MemTotal:        4016004 kB
MemFree:          126280 kB
Active:           369680 kB
Mem:          3.8G       3.7G       122M       5.7M        28M       3.2G

MemTotal:        4016004 kB
MemFree:          128520 kB
Active:           369636 kB
Mem:          3.8G       3.7G       124M       5.7M        28M       3.2G

MemTotal:        4016004 kB
MemFree:          115612 kB
Active:           369692 kB
Mem:          3.8G       3.7G       112M       5.7M        28M       3.3G

MemTotal:        4016004 kB
MemFree:          112852 kB
Active:           369704 kB
Mem:          3.8G       3.7G       109M       5.7M        28M       3.3G

MemTotal:        4016004 kB
MemFree:          106304 kB
Active:           369716 kB
Mem:          3.8G       3.7G       102M       5.7M        28M       3.3G

MemTotal:        4016004 kB
MemFree:          127932 kB
Active:           369588 kB
Mem:          3.8G       3.7G       124M       5.7M        28M       3.2G

MemTotal:        4016004 kB
MemFree:          127356 kB
Active:           369584 kB
Mem:          3.8G       3.7G       124M       5.7M        28M       3.2G

MemTotal:        4016004 kB
MemFree:          125540 kB
Active:           369600 kB
Mem:          3.8G       3.7G       121M       5.7M        28M       3.2G

MemTotal:        4016004 kB
MemFree:          128376 kB
Active:           368008 kB
Mem:          3.8G       3.7G       124M       5.7M        28M       3.2G

MemTotal:        4016004 kB
MemFree:          117352 kB
Active:           368024 kB
Mem:          3.8G       3.7G       113M       5.7M        28M       3.3G

MemTotal:        4016004 kB
MemFree:          119844 kB
Active:           368024 kB
Mem:          3.8G       3.7G       115M       5.7M        28M       3.2G

MemTotal:        4016004 kB
MemFree:          121484 kB
Active:           368020 kB
Mem:          3.8G       3.7G       117M       5.7M        28M       3.2G

MemTotal:        4016004 kB
MemFree:          135880 kB
Active:           367976 kB
Mem:          3.8G       3.7G       131M       5.7M        28M       3.2G

MemTotal:        4016004 kB
MemFree:          152436 kB
Active:           368032 kB
Mem:          3.8G       3.7G       148M       5.7M        28M       3.2G

MemTotal:        4016004 kB
MemFree:          128448 kB
Active:           369516 kB
Mem:          3.8G       3.7G       124M       5.7M        28M       3.2G

MemTotal:        4016004 kB
MemFree:          131448 kB
Active:           369308 kB
Mem:          3.8G       3.7G       128M       5.7M        28M       3.2G

MemTotal:        4016004 kB
MemFree:          131236 kB
Active:           369312 kB
Mem:          3.8G       3.7G       128M       5.7M        28M       3.2G

MemTotal:        4016004 kB
MemFree:          139496 kB
Active:           369324 kB
Mem:          3.8G       3.7G       135M       5.7M        28M       3.2G

MemTotal:        4016004 kB
MemFree:          135076 kB
Active:           364080 kB
Mem:          3.8G       3.7G       131M       5.7M        28M       3.2G

MemTotal:        4016004 kB
MemFree:          137400 kB
Active:           364104 kB
Mem:          3.8G       3.7G       133M       5.7M        28M       3.2G

MemTotal:        4016004 kB
MemFree:          141024 kB
Active:           364072 kB
Mem:          3.8G       3.7G       136M       5.7M        28M       3.2G

MemTotal:        4016004 kB
MemFree:          134792 kB
Active:           363952 kB
Mem:          3.8G       3.7G       131M       5.7M        28M       3.2G

MemTotal:        4016004 kB
MemFree:          124820 kB
Active:           363984 kB
Mem:          3.8G       3.7G       120M       5.7M        28M       3.2G

MemTotal:        4016004 kB
MemFree:          126692 kB
Active:           363944 kB
Mem:          3.8G       3.7G       122M       5.7M        28M       3.2G

MemTotal:        4016004 kB
MemFree:          131428 kB
Active:           363980 kB
Mem:          3.8G       3.7G       127M       5.7M        28M       3.2G

MemTotal:        4016004 kB
MemFree:          122204 kB
Active:           365124 kB
Mem:          3.8G       3.7G       118M       5.7M        28M       3.2G

MemTotal:        4016004 kB
MemFree:          110808 kB
Active:           365152 kB
Mem:          3.8G       3.7G       107M       5.7M        28M       3.3G

MemTotal:        4016004 kB
MemFree:          139816 kB
Active:           362660 kB
Mem:          3.8G       3.7G       136M       5.7M        28M       3.2G

MemTotal:        4016004 kB
MemFree:          119924 kB
Active:           362672 kB
Mem:          3.8G       3.7G       115M       5.7M        28M       3.2G

MemTotal:        4016004 kB
MemFree:          109088 kB
Active:           362672 kB
Mem:          3.8G       3.7G       105M       5.7M        28M       3.3G

MemTotal:        4016004 kB
MemFree:          108084 kB
Active:           362672 kB
Mem:          3.8G       3.7G       105M       5.7M        28M       3.3G

MemTotal:        4016004 kB
MemFree:          125836 kB
Active:           362652 kB
Mem:          3.8G       3.7G       122M       5.7M        28M       3.2G

MemTotal:        4016004 kB
MemFree:          127872 kB
Active:           362684 kB
Mem:          3.8G       3.7G       123M       5.7M        28M       3.2G

MemTotal:        4016004 kB
MemFree:          112128 kB
Active:           362660 kB
Mem:          3.8G       3.7G       108M       5.7M        28M       3.2G

MemTotal:        4016004 kB
MemFree:          125940 kB
Active:           362688 kB
Mem:          3.8G       3.7G       122M       5.7M        28M       3.2G

MemTotal:        4016004 kB
MemFree:          145732 kB
Active:           362688 kB
Mem:          3.8G       3.7G       141M       5.7M        28M       3.2G

MemTotal:        4016004 kB
MemFree:          135920 kB
Active:           362700 kB
Mem:          3.8G       3.7G       131M       5.7M        28M       3.2G

MemTotal:        4016004 kB
MemFree:          125644 kB
Active:           362664 kB
Mem:          3.8G       3.7G       121M       5.7M        28M       3.2G

MemTotal:        4016004 kB
MemFree:          136772 kB
Active:           362676 kB
Mem:          3.8G       3.7G       133M       5.7M        28M       3.2G

MemTotal:        4016004 kB
MemFree:          131984 kB
Active:           362696 kB
Mem:          3.8G       3.7G       128M       5.7M        28M       3.2G

MemTotal:        4016004 kB
MemFree:          104976 kB
Active:           362732 kB
Mem:          3.8G       3.7G       102M       5.7M        28M       3.3G

MemTotal:        4016004 kB
MemFree:          122432 kB
Active:           359252 kB
Mem:          3.8G       3.7G       118M       5.7M        28M       3.2G

MemTotal:        4016004 kB
MemFree:          111860 kB
Active:           359252 kB
Mem:          3.8G       3.7G       108M       5.7M        28M       3.2G

MemTotal:        4016004 kB
MemFree:          118664 kB
Active:           359260 kB
Mem:          3.8G       3.7G       114M       5.7M        28M       3.2G

MemTotal:        4016004 kB
MemFree:          108484 kB
Active:           359260 kB
Mem:          3.8G       3.7G       105M       5.7M        28M       3.3G

MemTotal:        4016004 kB
MemFree:          128260 kB
Active:           359264 kB
Mem:          3.8G       3.7G       124M       5.7M        28M       3.2G

MemTotal:        4016004 kB
MemFree:          118352 kB
Active:           359272 kB
Mem:          3.8G       3.7G       114M       5.7M        28M       3.2G

MemTotal:        4016004 kB
MemFree:          119124 kB
Active:           359276 kB
Mem:          3.8G       3.7G       115M       5.7M        28M       3.2G

MemTotal:        4016004 kB
MemFree:          109340 kB
Active:           359284 kB
Mem:          3.8G       3.7G       105M       5.7M        28M       3.3G

MemTotal:        4016004 kB
MemFree:          111600 kB
Active:           359288 kB
Mem:          3.8G       3.7G       108M       5.7M        28M       3.2G

MemTotal:        4016004 kB
MemFree:          126336 kB
Active:           359288 kB
Mem:          3.8G       3.7G       122M       5.7M        28M       3.2G

MemTotal:        4016004 kB
MemFree:          122632 kB
Active:           359296 kB
Mem:          3.8G       3.7G       118M       5.7M        28M       3.2G

MemTotal:        4016004 kB
MemFree:          129276 kB
Active:           359296 kB
Mem:          3.8G       3.7G       125M       5.7M        28M       3.2G

MemTotal:        4016004 kB
MemFree:          124136 kB
Active:           356852 kB
Mem:          3.8G       3.7G       120M       5.7M        28M       3.2G

MemTotal:        4016004 kB
MemFree:          131856 kB
Active:           356852 kB
Mem:          3.8G       3.7G       127M       5.7M        28M       3.2G

MemTotal:        4016004 kB
MemFree:          121928 kB
Active:           356852 kB
Mem:          3.8G       3.7G       117M       5.7M        28M       3.2G

MemTotal:        4016004 kB
MemFree:          120028 kB
Active:           356860 kB
Mem:          3.8G       3.7G       116M       5.7M        28M       3.2G

MemTotal:        4016004 kB
MemFree:          110244 kB
Active:           356836 kB
Mem:          3.8G       3.7G       107M       5.7M        28M       3.2G

MemTotal:        4016004 kB
MemFree:          130936 kB
Active:           356832 kB
Mem:          3.8G       3.7G       126M       5.7M        28M       3.2G

MemTotal:        4016004 kB
MemFree:          119956 kB
Active:           356860 kB
Mem:          3.8G       3.7G       115M       5.7M        28M       3.2G

MemTotal:        4016004 kB
MemFree:          129532 kB
Active:           356860 kB
Mem:          3.8G       3.7G       126M       5.7M        28M       3.2G

MemTotal:        4016004 kB
MemFree:          105880 kB
Active:           356880 kB
Mem:          3.8G       3.7G       104M       5.7M        28M       3.3G

MemTotal:        4016004 kB
MemFree:          131512 kB
Active:           356880 kB
Mem:          3.8G       3.7G       128M       5.7M        28M       3.2G

MemTotal:        4016004 kB
MemFree:          110476 kB
Active:           356864 kB
Mem:          3.8G       3.7G       107M       5.7M        28M       3.2G

MemTotal:        4016004 kB
MemFree:          107864 kB
Active:           356880 kB
Mem:          3.8G       3.7G       105M       5.7M        28M       3.3G

MemTotal:        4016004 kB
MemFree:          134252 kB
Active:           356892 kB
Mem:          3.8G       3.7G       130M       5.7M        28M       3.2G

MemTotal:        4016004 kB
MemFree:          124520 kB
Active:           356844 kB
Mem:          3.8G       3.7G       120M       5.7M        28M       3.2G

MemTotal:        4016004 kB
MemFree:          129876 kB
Active:           353628 kB
Mem:          3.8G       3.7G       126M       5.7M        28M       3.2G

MemTotal:        4016004 kB
MemFree:          120048 kB
Active:           353628 kB
Mem:          3.8G       3.7G       116M       5.7M        28M       3.2G

MemTotal:        4016004 kB
MemFree:          111396 kB
Active:           353644 kB
Mem:          3.8G       3.7G       108M       5.7M        28M       3.2G

MemTotal:        4016004 kB
MemFree:          111672 kB
Active:           353612 kB
Mem:          3.8G       3.7G       108M       5.7M        28M       3.2G

MemTotal:        4016004 kB
MemFree:          119248 kB
Active:           353636 kB
Mem:          3.8G       3.7G       114M       5.7M        28M       3.2G

MemTotal:        4016004 kB
MemFree:          108488 kB
Active:           353660 kB
Mem:          3.8G       3.7G       105M       5.7M        28M       3.2G

MemTotal:        4016004 kB
MemFree:          126708 kB
Active:           353660 kB
Mem:          3.8G       3.7G       123M       5.7M        28M       3.2G

MemTotal:        4016004 kB
MemFree:          123272 kB
Active:           353648 kB
Mem:          3.8G       3.7G       119M       5.7M        28M       3.2G

MemTotal:        4016004 kB
MemFree:          135256 kB
Active:           353672 kB
Mem:          3.8G       3.7G       132M       5.7M        28M       3.2G

MemTotal:        4016004 kB
MemFree:          135560 kB
Active:           353688 kB
Mem:          3.8G       3.7G       132M       5.7M        28M       3.2G

MemTotal:        4016004 kB
MemFree:          135008 kB
Active:           353660 kB
Mem:          3.8G       3.7G       131M       5.7M        28M       3.2G

MemTotal:        4016004 kB
MemFree:          125112 kB
Active:           353684 kB
Mem:          3.8G       3.7G       121M       5.7M        28M       3.2G

MemTotal:        4016004 kB
MemFree:          109564 kB
Active:           353668 kB
Mem:          3.8G       3.7G       106M       5.7M        28M       3.2G

MemTotal:        4016004 kB
MemFree:          128480 kB
Active:           353684 kB
Mem:          3.8G       3.7G       124M       5.7M        28M       3.2G

MemTotal:        4016004 kB
MemFree:          118280 kB
Active:           353704 kB
Mem:          3.8G       3.7G       114M       5.7M        28M       3.2G

MemTotal:        4016004 kB
MemFree:          108724 kB
Active:           353704 kB
Mem:          3.8G       3.7G       104M       5.7M        28M       3.2G

MemTotal:        4016004 kB
MemFree:          110736 kB
Active:           353704 kB
Mem:          3.8G       3.7G       106M       5.7M        28M       3.2G

MemTotal:        4016004 kB
MemFree:          126348 kB
Active:           353560 kB
Mem:          3.8G       3.7G       122M       5.7M        28M       3.2G

MemTotal:        4016004 kB
MemFree:          127408 kB
Active:           353432 kB
Mem:          3.8G       3.7G       123M       5.7M        28M       3.2G

MemTotal:        4016004 kB
MemFree:          129684 kB
Active:           353428 kB
Mem:          3.8G       3.7G       125M       5.7M        28M       3.2G

MemTotal:        4016004 kB
MemFree:          119424 kB
Active:           353140 kB
Mem:          3.8G       3.7G       116M       5.7M        28M       3.2G

MemTotal:        4016004 kB
MemFree:          119424 kB
Active:           353104 kB
Mem:          3.8G       3.7G       116M       5.7M        28M       3.2G

MemTotal:        4016004 kB
MemFree:          119176 kB
Active:           353104 kB
Mem:          3.8G       3.7G       116M       5.7M        28M       3.2G

MemTotal:        4016004 kB
MemFree:          119424 kB
Active:           353116 kB
Mem:          3.8G       3.7G       116M       5.7M        28M       3.2G

MemTotal:        4016004 kB
MemFree:          118792 kB
Active:           353120 kB
Mem:          3.8G       3.7G       115M       5.7M        28M       3.2G

MemTotal:        4016004 kB
MemFree:          118264 kB
Active:           353156 kB
Mem:          3.8G       3.7G       115M       5.7M        28M       3.2G

MemTotal:        4016004 kB
MemFree:          118452 kB
Active:           353124 kB
Mem:          3.8G       3.7G       115M       5.7M        28M       3.2G

MemTotal:        4016004 kB
MemFree:          118704 kB
Active:           353140 kB
Mem:          3.8G       3.7G       115M       5.7M        28M       3.2G

MemTotal:        4016004 kB
MemFree:          118896 kB
Active:           353160 kB
Mem:          3.8G       3.7G       115M       5.7M        28M       3.2G

MemTotal:        4016004 kB
MemFree:          118960 kB
Active:           353172 kB
Mem:          3.8G       3.7G       116M       5.7M        28M       3.2G

MemTotal:        4016004 kB
MemFree:          119084 kB
Active:           353180 kB
Mem:          3.8G       3.7G       116M       5.7M        28M       3.2G

MemTotal:        4016004 kB
MemFree:          119084 kB
Active:           353180 kB
Mem:          3.8G       3.7G       116M       5.7M        28M       3.2G

MemTotal:        4016004 kB
MemFree:          119208 kB
Active:           353184 kB
Mem:          3.8G       3.7G       116M       5.7M        28M       3.2G

MemTotal:        4016004 kB
MemFree:          119208 kB
Active:           353160 kB
Mem:          3.8G       3.7G       116M       5.7M        28M       3.2G

MemTotal:        4016004 kB
MemFree:          119084 kB
Active:           353176 kB
Mem:          3.8G       3.7G       115M       5.7M        28M       3.2G

MemTotal:        4016004 kB
MemFree:          119084 kB
Active:           353176 kB
Mem:          3.8G       3.7G       115M       5.7M        28M       3.2G

MemTotal:        4016004 kB
MemFree:          119208 kB
Active:           353192 kB
Mem:          3.8G       3.7G       116M       5.7M        28M       3.2G

MemTotal:        4016004 kB
MemFree:          119332 kB
Active:           353200 kB
Mem:          3.8G       3.7G       116M       5.7M        28M       3.2G

MemTotal:        4016004 kB
MemFree:          119332 kB
Active:           353168 kB
Mem:          3.8G       3.7G       116M       5.7M        28M       3.2G

MemTotal:        4016004 kB
MemFree:          119084 kB
Active:           353200 kB
Mem:          3.8G       3.7G       116M       5.7M        28M       3.2G

MemTotal:        4016004 kB
MemFree:          118960 kB
Active:           353172 kB
Mem:          3.8G       3.7G       116M       5.7M        28M       3.2G

MemTotal:        4016004 kB
MemFree:          119084 kB
Active:           353172 kB
Mem:          3.8G       3.7G       116M       5.7M        28M       3.2G

MemTotal:        4016004 kB
MemFree:          119208 kB
Active:           353184 kB
Mem:          3.8G       3.7G       116M       5.7M        28M       3.2G

MemTotal:        4016004 kB
MemFree:          119208 kB
Active:           353156 kB
Mem:          3.8G       3.7G       116M       5.7M        28M       3.2G

MemTotal:        4016004 kB
MemFree:          119084 kB
Active:           353208 kB
Mem:          3.8G       3.7G       116M       5.7M        28M       3.2G

MemTotal:        4016004 kB
MemFree:          119084 kB
Active:           353176 kB
Mem:          3.8G       3.7G       116M       5.7M        28M       3.2G

MemTotal:        4016004 kB
MemFree:          119084 kB
Active:           353176 kB
Mem:          3.8G       3.7G       116M       5.7M        28M       3.2G

MemTotal:        4016004 kB
MemFree:          118960 kB
Active:           353216 kB
Mem:          3.8G       3.7G       116M       5.7M        28M       3.2G

MemTotal:        4016004 kB
MemFree:          119332 kB
Active:           353216 kB
Mem:          3.8G       3.7G       116M       5.7M        28M       3.2G

MemTotal:        4016004 kB
MemFree:          119208 kB
Active:           353216 kB
Mem:          3.8G       3.7G       116M       5.7M        28M       3.2G

MemTotal:        4016004 kB
MemFree:          119704 kB
Active:           353216 kB
Mem:          3.8G       3.7G       116M       5.7M        28M       3.2G

MemTotal:        4016004 kB
MemFree:          119952 kB
Active:           353208 kB
Mem:          3.8G       3.7G       116M       5.7M        28M       3.2G

MemTotal:        4016004 kB
MemFree:          119704 kB
Active:           353168 kB
Mem:          3.8G       3.7G       116M       5.7M        28M       3.2G

MemTotal:        4016004 kB
MemFree:          119580 kB
Active:           353208 kB
Mem:          3.8G       3.7G       116M       5.7M        28M       3.2G

MemTotal:        4016004 kB
MemFree:          119580 kB
Active:           353184 kB
Mem:          3.8G       3.7G       116M       5.7M        28M       3.2G

MemTotal:        4016004 kB
MemFree:          119580 kB
Active:           353212 kB
Mem:          3.8G       3.7G       116M       5.7M        28M       3.2G

MemTotal:        4016004 kB
MemFree:          119704 kB
Active:           353200 kB
Mem:          3.8G       3.7G       116M       5.7M        28M       3.2G

MemTotal:        4016004 kB
MemFree:          119580 kB
Active:           353212 kB
Mem:          3.8G       3.7G       116M       5.7M        28M       3.2G

MemTotal:        4016004 kB
MemFree:          119208 kB
Active:           353228 kB
Mem:          3.8G       3.7G       116M       5.7M        28M       3.2G

MemTotal:        4016004 kB
MemFree:          119704 kB
Active:           353204 kB
Mem:          3.8G       3.7G       116M       5.7M        28M       3.2G

MemTotal:        4016004 kB
MemFree:          119704 kB
Active:           353204 kB
Mem:          3.8G       3.7G       116M       5.7M        28M       3.2G

MemTotal:        4016004 kB
MemFree:          119208 kB
Active:           353192 kB
Mem:          3.8G       3.7G       116M       5.7M        28M       3.2G

MemTotal:        4016004 kB
MemFree:          119208 kB
Active:           353204 kB
Mem:          3.8G       3.7G       116M       5.7M        28M       3.2G

MemTotal:        4016004 kB
MemFree:          118960 kB
Active:           353232 kB
Mem:          3.8G       3.7G       116M       5.7M        28M       3.2G

MemTotal:        4016004 kB
MemFree:          119332 kB
Active:           353200 kB
Mem:          3.8G       3.7G       116M       5.7M        28M       3.2G

MemTotal:        4016004 kB
MemFree:          119208 kB
Active:           353208 kB
Mem:          3.8G       3.7G       116M       5.7M        28M       3.2G

MemTotal:        4016004 kB
MemFree:          119084 kB
Active:           353220 kB
Mem:          3.8G       3.7G       116M       5.7M        28M       3.2G

MemTotal:        4016004 kB
MemFree:          119084 kB
Active:           353232 kB
Mem:          3.8G       3.7G       116M       5.7M        28M       3.2G

MemTotal:        4016004 kB
MemFree:          119332 kB
Active:           353228 kB
Mem:          3.8G       3.7G       116M       5.7M        28M       3.2G

MemTotal:        4016004 kB
MemFree:          119084 kB
Active:           353236 kB
Mem:          3.8G       3.7G       116M       5.7M        28M       3.2G

MemTotal:        4016004 kB
MemFree:          119332 kB
Active:           353224 kB
Mem:          3.8G       3.7G       116M       5.7M        28M       3.2G

MemTotal:        4016004 kB
MemFree:          119208 kB
Active:           353248 kB
Mem:          3.8G       3.7G       116M       5.7M        28M       3.2G

MemTotal:        4016004 kB
MemFree:          119208 kB
Active:           353228 kB
Mem:          3.8G       3.7G       116M       5.7M        28M       3.2G

MemTotal:        4016004 kB
MemFree:          119084 kB
Active:           353248 kB
Mem:          3.8G       3.7G       116M       5.7M        28M       3.2G

MemTotal:        4016004 kB
MemFree:          119208 kB
Active:           353224 kB
Mem:          3.8G       3.7G       116M       5.7M        28M       3.2G

MemTotal:        4016004 kB
MemFree:          119084 kB
Active:           353224 kB
Mem:          3.8G       3.7G       116M       5.7M        28M       3.2G

MemTotal:        4016004 kB
MemFree:          119084 kB
Active:           353252 kB
Mem:          3.8G       3.7G       116M       5.7M        28M       3.2G

MemTotal:        4016004 kB
MemFree:          119084 kB
Active:           353260 kB
Mem:          3.8G       3.7G       116M       5.7M        28M       3.2G

MemTotal:        4016004 kB
MemFree:          119224 kB
Active:           353236 kB
Mem:          3.8G       3.7G       116M       5.7M        28M       3.2G

MemTotal:        4016004 kB
MemFree:          119224 kB
Active:           353252 kB
Mem:          3.8G       3.7G       116M       5.7M        28M       3.2G

MemTotal:        4016004 kB
MemFree:          119224 kB
Active:           353272 kB
Mem:          3.8G       3.7G       116M       5.7M        28M       3.2G

MemTotal:        4016004 kB
MemFree:          119100 kB
Active:           353236 kB
Mem:          3.8G       3.7G       116M       5.7M        28M       3.2G

MemTotal:        4016004 kB
MemFree:          119224 kB
Active:           353272 kB
Mem:          3.8G       3.7G       116M       5.7M        28M       3.2G

MemTotal:        4016004 kB
MemFree:          119224 kB
Active:           353264 kB
Mem:          3.8G       3.7G       116M       5.7M        28M       3.2G

MemTotal:        4016004 kB
MemFree:          119348 kB
Active:           353244 kB
Mem:          3.8G       3.7G       116M       5.7M        28M       3.2G

MemTotal:        4016004 kB
MemFree:          118852 kB
Active:           353252 kB
Mem:          3.8G       3.7G       115M       5.7M        28M       3.2G

MemTotal:        4016004 kB
MemFree:          118852 kB
Active:           353260 kB
Mem:          3.8G       3.7G       116M       5.7M        28M       3.2G

MemTotal:        4016004 kB
MemFree:          118852 kB
Active:           353288 kB
Mem:          3.8G       3.7G       116M       5.7M        28M       3.2G

MemTotal:        4016004 kB
MemFree:          118852 kB
Active:           353284 kB
Mem:          3.8G       3.7G       116M       5.7M        28M       3.2G

MemTotal:        4016004 kB
MemFree:          119100 kB
Active:           353260 kB
Mem:          3.8G       3.7G       116M       5.7M        28M       3.2G

MemTotal:        4016004 kB
MemFree:          118976 kB
Active:           353272 kB
Mem:          3.8G       3.7G       116M       5.7M        28M       3.2G

MemTotal:        4016004 kB
MemFree:          119100 kB
Active:           353296 kB
Mem:          3.8G       3.7G       116M       5.7M        28M       3.2G

MemTotal:        4016004 kB
MemFree:          119100 kB
Active:           353264 kB
Mem:          3.8G       3.7G       116M       5.7M        28M       3.2G

MemTotal:        4016004 kB
MemFree:          118976 kB
Active:           353280 kB
Mem:          3.8G       3.7G       116M       5.7M        28M       3.2G

MemTotal:        4016004 kB
MemFree:          119100 kB
Active:           353244 kB
Mem:          3.8G       3.7G       116M       5.7M        28M       3.2G

MemTotal:        4016004 kB
MemFree:          118976 kB
Active:           353264 kB
Mem:          3.8G       3.7G       115M       5.7M        28M       3.2G

MemTotal:        4016004 kB
MemFree:          118976 kB
Active:           353264 kB
Mem:          3.8G       3.7G       115M       5.7M        28M       3.2G

MemTotal:        4016004 kB
MemFree:          118976 kB
Active:           353284 kB
Mem:          3.8G       3.7G       116M       5.7M        28M       3.2G

MemTotal:        4016004 kB
MemFree:          119224 kB
Active:           353296 kB
Mem:          3.8G       3.7G       116M       5.7M        28M       3.2G

MemTotal:        4016004 kB
MemFree:          119472 kB
Active:           353288 kB
Mem:          3.8G       3.7G       116M       5.7M        28M       3.2G

MemTotal:        4016004 kB
MemFree:          119332 kB
Active:           353312 kB
Mem:          3.8G       3.7G       116M       5.7M        28M       3.2G

MemTotal:        4016004 kB
MemFree:          119332 kB
Active:           353268 kB
Mem:          3.8G       3.7G       116M       5.7M        28M       3.2G

MemTotal:        4016004 kB
MemFree:          118960 kB
Active:           353312 kB
Mem:          3.8G       3.7G       116M       5.7M        28M       3.2G

MemTotal:        4016004 kB
MemFree:          118836 kB
Active:           353316 kB
Mem:          3.8G       3.7G       116M       5.7M        28M       3.2G

MemTotal:        4016004 kB
MemFree:          118836 kB
Active:           353332 kB
Mem:          3.8G       3.7G       116M       5.7M        28M       3.2G

MemTotal:        4016004 kB
MemFree:          118836 kB
Active:           353292 kB
Mem:          3.8G       3.7G       116M       5.7M        28M       3.2G

MemTotal:        4016004 kB
MemFree:          119084 kB
Active:           353292 kB
Mem:          3.8G       3.7G       116M       5.7M        28M       3.2G

MemTotal:        4016004 kB
MemFree:          119084 kB
Active:           353296 kB
Mem:          3.8G       3.7G       116M       5.7M        28M       3.2G

MemTotal:        4016004 kB
MemFree:          119084 kB
Active:           353320 kB
Mem:          3.8G       3.7G       116M       5.7M        28M       3.2G

MemTotal:        4016004 kB
MemFree:          119084 kB
Active:           353288 kB
Mem:          3.8G       3.7G       116M       5.7M        28M       3.2G

MemTotal:        4016004 kB
MemFree:          118712 kB
Active:           353352 kB
Mem:          3.8G       3.7G       115M       5.7M        28M       3.2G

MemTotal:        4016004 kB
MemFree:          118712 kB
Active:           353356 kB
Mem:          3.8G       3.7G       115M       5.7M        28M       3.2G

MemTotal:        4016004 kB
MemFree:          118324 kB
Active:           353428 kB
Mem:          3.8G       3.7G       115M       5.7M        28M       3.2G

MemTotal:        4016004 kB
MemFree:          119316 kB
Active:           353416 kB
Mem:          3.8G       3.7G       116M       5.7M        28M       3.2G

MemTotal:        4016004 kB
MemFree:          119192 kB
Active:           353416 kB
Mem:          3.8G       3.7G       116M       5.7M        28M       3.2G

MemTotal:        4016004 kB
MemFree:          119440 kB
Active:           353408 kB
Mem:          3.8G       3.7G       116M       5.7M        28M       3.2G

MemTotal:        4016004 kB
MemFree:          119812 kB
Active:           353420 kB
Mem:          3.8G       3.7G       116M       5.7M        28M       3.2G

MemTotal:        4016004 kB
MemFree:          119688 kB
Active:           353412 kB
Mem:          3.8G       3.7G       116M       5.7M        28M       3.2G

MemTotal:        4016004 kB
MemFree:          119564 kB
Active:           353388 kB
Mem:          3.8G       3.7G       116M       5.7M        28M       3.2G

MemTotal:        4016004 kB
MemFree:          119192 kB
Active:           353436 kB
Mem:          3.8G       3.7G       116M       5.7M        28M       3.2G

MemTotal:        4016004 kB
MemFree:          119068 kB
Active:           353436 kB
Mem:          3.8G       3.7G       116M       5.7M        28M       3.2G

MemTotal:        4016004 kB
MemFree:          119936 kB
Active:           353408 kB
Mem:          3.8G       3.7G       116M       5.7M        28M       3.2G

MemTotal:        4016004 kB
MemFree:          119068 kB
Active:           353404 kB
Mem:          3.8G       3.7G       116M       5.7M        28M       3.2G

MemTotal:        4016004 kB
MemFree:          119068 kB
Active:           353392 kB
Mem:          3.8G       3.7G       116M       5.7M        28M       3.2G

MemTotal:        4016004 kB
MemFree:          118696 kB
Active:           353424 kB
Mem:          3.8G       3.7G       115M       5.7M        28M       3.2G

MemTotal:        4016004 kB
MemFree:          118696 kB
Active:           353400 kB
Mem:          3.8G       3.7G       115M       5.7M        28M       3.2G

MemTotal:        4016004 kB
MemFree:          118696 kB
Active:           353384 kB
Mem:          3.8G       3.7G       115M       5.7M        28M       3.2G

MemTotal:        4016004 kB
MemFree:          118324 kB
Active:           353452 kB
Mem:          3.8G       3.7G       115M       5.7M        28M       3.2G

MemTotal:        4016004 kB
MemFree:          118836 kB
Active:           353396 kB
Mem:          3.8G       3.7G       115M       5.7M        28M       3.2G

MemTotal:        4016004 kB
MemFree:          118836 kB
Active:           353420 kB
Mem:          3.8G       3.7G       115M       5.7M        28M       3.2G

MemTotal:        4016004 kB
MemFree:          118836 kB
Active:           353424 kB
Mem:          3.8G       3.7G       115M       5.7M        28M       3.2G

MemTotal:        4016004 kB
MemFree:          118836 kB
Active:           353444 kB
Mem:          3.8G       3.7G       115M       5.7M        28M       3.2G

MemTotal:        4016004 kB
MemFree:          118836 kB
Active:           353404 kB
Mem:          3.8G       3.7G       115M       5.7M        28M       3.2G

MemTotal:        4016004 kB
MemFree:          118960 kB
Active:           353416 kB
Mem:          3.8G       3.7G       115M       5.7M        28M       3.2G

MemTotal:        4016004 kB
MemFree:          118960 kB
Active:           353436 kB
Mem:          3.8G       3.7G       116M       5.7M        28M       3.2G

MemTotal:        4016004 kB
MemFree:          118836 kB
Active:           353448 kB
Mem:          3.8G       3.7G       116M       5.7M        28M       3.2G

MemTotal:        4016004 kB
MemFree:          118960 kB
Active:           353408 kB
Mem:          3.8G       3.7G       115M       5.7M        28M       3.2G

MemTotal:        4016004 kB
MemFree:          118960 kB
Active:           353424 kB
Mem:          3.8G       3.7G       115M       5.7M        28M       3.2G

MemTotal:        4016004 kB
MemFree:          118836 kB
Active:           353436 kB
Mem:          3.8G       3.7G       115M       5.7M        28M       3.2G

MemTotal:        4016004 kB
MemFree:          119084 kB
Active:           353452 kB
Mem:          3.8G       3.7G       116M       5.7M        28M       3.2G

MemTotal:        4016004 kB
MemFree:          118712 kB
Active:           353460 kB
Mem:          3.8G       3.7G       116M       5.7M        28M       3.2G

MemTotal:        4016004 kB
MemFree:          118712 kB
Active:           353412 kB
Mem:          3.8G       3.7G       115M       5.7M        28M       3.2G

MemTotal:        4016004 kB
MemFree:          118464 kB
Active:           353468 kB
Mem:          3.8G       3.7G       115M       5.7M        28M       3.2G

MemTotal:        4016004 kB
MemFree:          118588 kB
Active:           353428 kB
Mem:          3.8G       3.7G       115M       5.7M        28M       3.2G

MemTotal:        4016004 kB
MemFree:          118092 kB
Active:           353472 kB
Mem:          3.8G       3.7G       115M       5.7M        28M       3.2G

MemTotal:        4016004 kB
MemFree:          118464 kB
Active:           353436 kB
Mem:          3.8G       3.7G       115M       5.7M        28M       3.2G

MemTotal:        4016004 kB
MemFree:          118464 kB
Active:           353452 kB
Mem:          3.8G       3.7G       115M       5.7M        28M       3.2G

MemTotal:        4016004 kB
MemFree:          118836 kB
Active:           353460 kB
Mem:          3.8G       3.7G       115M       5.7M        28M       3.2G

MemTotal:        4016004 kB
MemFree:          118712 kB
Active:           353468 kB
Mem:          3.8G       3.7G       115M       5.7M        28M       3.2G

MemTotal:        4016004 kB
MemFree:          118836 kB
Active:           353424 kB
Mem:          3.8G       3.7G       115M       5.7M        28M       3.2G

MemTotal:        4016004 kB
MemFree:          118960 kB
Active:           353480 kB
Mem:          3.8G       3.7G       115M       5.7M        28M       3.2G

MemTotal:        4016004 kB
MemFree:          118960 kB
Active:           353460 kB
Mem:          3.8G       3.7G       116M       5.7M        28M       3.2G

MemTotal:        4016004 kB
MemFree:          119084 kB
Active:           353480 kB
Mem:          3.8G       3.7G       116M       5.7M        28M       3.2G

MemTotal:        4016004 kB
MemFree:          119084 kB
Active:           353440 kB
Mem:          3.8G       3.7G       115M       5.7M        28M       3.2G

MemTotal:        4016004 kB
MemFree:          118960 kB
Active:           353472 kB
Mem:          3.8G       3.7G       115M       5.7M        28M       3.2G

MemTotal:        4016004 kB
MemFree:          118588 kB
Active:           353488 kB
Mem:          3.8G       3.7G       115M       5.7M        28M       3.2G

MemTotal:        4016004 kB
MemFree:          118712 kB
Active:           353456 kB
Mem:          3.8G       3.7G       115M       5.7M        28M       3.2G

MemTotal:        4016004 kB
MemFree:          118836 kB
Active:           353464 kB
Mem:          3.8G       3.7G       116M       5.7M        28M       3.2G

MemTotal:        4016004 kB
MemFree:          118836 kB
Active:           353492 kB
Mem:          3.8G       3.7G       116M       5.7M        28M       3.2G

MemTotal:        4016004 kB
MemFree:          118836 kB
Active:           353444 kB
Mem:          3.8G       3.7G       116M       5.7M        28M       3.2G

MemTotal:        4016004 kB
MemFree:          118464 kB
Active:           353508 kB
Mem:          3.8G       3.7G       115M       5.7M        28M       3.2G

MemTotal:        4016004 kB
MemFree:          118960 kB
Active:           353488 kB
Mem:          3.8G       3.7G       115M       5.7M        28M       3.2G

MemTotal:        4016004 kB
MemFree:          118960 kB
Active:           353512 kB
Mem:          3.8G       3.7G       116M       5.7M        28M       3.2G

MemTotal:        4016004 kB
MemFree:          119208 kB
Active:           353504 kB
Mem:          3.8G       3.7G       116M       5.7M        28M       3.2G

MemTotal:        4016004 kB
MemFree:          119208 kB
Active:           353472 kB
Mem:          3.8G       3.7G       116M       5.7M        28M       3.2G

MemTotal:        4016004 kB
MemFree:          118960 kB
Active:           353500 kB
Mem:          3.8G       3.7G       116M       5.7M        28M       3.2G

MemTotal:        4016004 kB
MemFree:          118588 kB
Active:           353504 kB
Mem:          3.8G       3.7G       115M       5.7M        28M       3.2G

MemTotal:        4016004 kB
MemFree:          118588 kB
Active:           353508 kB
Mem:          3.8G       3.7G       115M       5.7M        28M       3.2G

MemTotal:        4016004 kB
MemFree:          118588 kB
Active:           353508 kB
Mem:          3.8G       3.7G       115M       5.7M        28M       3.2G

MemTotal:        4016004 kB
MemFree:          118712 kB
Active:           353480 kB
Mem:          3.8G       3.7G       115M       5.7M        28M       3.2G

MemTotal:        4016004 kB
MemFree:          118836 kB
Active:           353516 kB
Mem:          3.8G       3.7G       115M       5.7M        28M       3.2G

MemTotal:        4016004 kB
MemFree:          118836 kB
Active:           353500 kB
Mem:          3.8G       3.7G       115M       5.7M        28M       3.2G

MemTotal:        4016004 kB
MemFree:          118836 kB
Active:           353516 kB
Mem:          3.8G       3.7G       115M       5.7M        28M       3.2G

MemTotal:        4016004 kB
MemFree:          118588 kB
Active:           353468 kB
Mem:          3.8G       3.7G       115M       5.7M        28M       3.2G

MemTotal:        4016004 kB
MemFree:          118588 kB
Active:           353488 kB
Mem:          3.8G       3.7G       115M       5.7M        28M       3.2G

MemTotal:        4016004 kB
MemFree:          118836 kB
Active:           353504 kB
Mem:          3.8G       3.7G       116M       5.7M        28M       3.2G

MemTotal:        4016004 kB
MemFree:          118712 kB
Active:           353520 kB
Mem:          3.8G       3.7G       116M       5.7M        28M       3.2G

MemTotal:        4016004 kB
MemFree:          118836 kB
Active:           353516 kB
Mem:          3.8G       3.7G       115M       5.7M        28M       3.2G

MemTotal:        4016004 kB
MemFree:          118836 kB
Active:           353532 kB
Mem:          3.8G       3.7G       115M       5.7M        28M       3.2G

MemTotal:        4016004 kB
MemFree:          118464 kB
Active:           353540 kB
Mem:          3.8G       3.7G       115M       5.7M        28M       3.2G

MemTotal:        4016004 kB
MemFree:          119084 kB
Active:           353500 kB
Mem:          3.8G       3.7G       116M       5.7M        28M       3.2G

MemTotal:        4016004 kB
MemFree:          118588 kB
Active:           353504 kB
Mem:          3.8G       3.7G       115M       5.7M        28M       3.2G

MemTotal:        4016004 kB
MemFree:          118836 kB
Active:           353524 kB
Mem:          3.8G       3.7G       115M       5.7M        28M       3.2G

MemTotal:        4016004 kB
MemFree:          118712 kB
Active:           353532 kB
Mem:          3.8G       3.7G       115M       5.7M        28M       3.2G

MemTotal:        4016004 kB
MemFree:          118712 kB
Active:           353500 kB
Mem:          3.8G       3.7G       115M       5.7M        28M       3.2G

MemTotal:        4016004 kB
MemFree:          118712 kB
Active:           353516 kB
Mem:          3.8G       3.7G       115M       5.7M        28M       3.2G

MemTotal:        4016004 kB
MemFree:          118712 kB
Active:           353544 kB
Mem:          3.8G       3.7G       115M       5.7M        28M       3.2G

MemTotal:        4016004 kB
MemFree:          118712 kB
Active:           353560 kB
Mem:          3.8G       3.7G       115M       5.7M        28M       3.2G

MemTotal:        4016004 kB
MemFree:          118712 kB
Active:           353568 kB
Mem:          3.8G       3.7G       115M       5.7M        28M       3.2G

MemTotal:        4016004 kB
MemFree:          118712 kB
Active:           353528 kB
Mem:          3.8G       3.7G       115M       5.7M        28M       3.2G

MemTotal:        4016004 kB
MemFree:          118216 kB
Active:           353572 kB
Mem:          3.8G       3.7G       115M       5.7M        28M       3.2G

MemTotal:        4016004 kB
MemFree:          118216 kB
Active:           353556 kB
Mem:          3.8G       3.7G       115M       5.7M        28M       3.2G

MemTotal:        4016004 kB
MemFree:          118340 kB
Active:           353516 kB
Mem:          3.8G       3.7G       115M       5.7M        28M       3.2G

MemTotal:        4016004 kB
MemFree:          118464 kB
Active:           353556 kB
Mem:          3.8G       3.7G       115M       5.7M        28M       3.2G

MemTotal:        4016004 kB
MemFree:          118464 kB
Active:           353532 kB
Mem:          3.8G       3.7G       115M       5.7M        28M       3.2G

MemTotal:        4016004 kB
MemFree:          118464 kB
Active:           353532 kB
Mem:          3.8G       3.7G       115M       5.7M        28M       3.2G

MemTotal:        4016004 kB
MemFree:          118464 kB
Active:           353564 kB
Mem:          3.8G       3.7G       115M       5.7M        28M       3.2G

MemTotal:        4016004 kB
MemFree:          118712 kB
Active:           353532 kB
Mem:          3.8G       3.7G       115M       5.7M        28M       3.2G

MemTotal:        4016004 kB
MemFree:          118464 kB
Active:           353580 kB
Mem:          3.8G       3.7G       115M       5.7M        28M       3.2G

MemTotal:        4016004 kB
MemFree:          118836 kB
Active:           353532 kB
Mem:          3.8G       3.7G       116M       5.7M        28M       3.2G

MemTotal:        4016004 kB
MemFree:          118712 kB
Active:           353552 kB
Mem:          3.8G       3.7G       115M       5.7M        28M       3.2G

MemTotal:        4016004 kB
MemFree:          118340 kB
Active:           353584 kB
Mem:          3.8G       3.7G       115M       5.7M        28M       3.2G

MemTotal:        4016004 kB
MemFree:          118588 kB
Active:           353552 kB
Mem:          3.8G       3.7G       115M       5.7M        28M       3.2G

MemTotal:        4016004 kB
MemFree:          118588 kB
Active:           353556 kB
Mem:          3.8G       3.7G       115M       5.7M        28M       3.2G

MemTotal:        4016004 kB
MemFree:          118588 kB
Active:           353588 kB
Mem:          3.8G       3.7G       115M       5.7M        28M       3.2G

MemTotal:        4016004 kB
MemFree:          118464 kB
Active:           353548 kB
Mem:          3.8G       3.7G       115M       5.7M        28M       3.2G

MemTotal:        4016004 kB
MemFree:          118340 kB
Active:           353564 kB
Mem:          3.8G       3.7G       115M       5.7M        28M       3.2G

MemTotal:        4016004 kB
MemFree:          118588 kB
Active:           353556 kB
Mem:          3.8G       3.7G       115M       5.7M        28M       3.2G

MemTotal:        4016004 kB
MemFree:          118464 kB
Active:           353572 kB
Mem:          3.8G       3.7G       115M       5.7M        28M       3.2G

MemTotal:        4016004 kB
MemFree:          118712 kB
Active:           353532 kB
Mem:          3.8G       3.7G       115M       5.7M        28M       3.2G

MemTotal:        4016004 kB
MemFree:          118588 kB
Active:           353552 kB
Mem:          3.8G       3.7G       115M       5.7M        28M       3.2G

MemTotal:        4016004 kB
MemFree:          118588 kB
Active:           353564 kB
Mem:          3.8G       3.7G       115M       5.7M        28M       3.2G

MemTotal:        4016004 kB
MemFree:          118588 kB
Active:           353584 kB
Mem:          3.8G       3.7G       115M       5.7M        28M       3.2G

MemTotal:        4016004 kB
MemFree:          118464 kB
Active:           353544 kB
Mem:          3.8G       3.7G       115M       5.7M        28M       3.2G

MemTotal:        4016004 kB
MemFree:          118464 kB
Active:           353556 kB
Mem:          3.8G       3.7G       115M       5.7M        28M       3.2G

MemTotal:        4016004 kB
MemFree:          118588 kB
Active:           353564 kB
Mem:          3.8G       3.7G       115M       5.7M        28M       3.2G

MemTotal:        4016004 kB
MemFree:          118588 kB
Active:           353580 kB
Mem:          3.8G       3.7G       115M       5.7M        28M       3.2G

MemTotal:        4016004 kB
MemFree:          118464 kB
Active:           353600 kB
Mem:          3.8G       3.7G       115M       5.7M        28M       3.2G

MemTotal:        4016004 kB
MemFree:          118464 kB
Active:           353576 kB
Mem:          3.8G       3.7G       115M       5.7M        28M       3.2G

MemTotal:        4016004 kB
MemFree:          118464 kB
Active:           353600 kB
Mem:          3.8G       3.7G       115M       5.7M        28M       3.2G

MemTotal:        4016004 kB
MemFree:          118464 kB
Active:           353564 kB
Mem:          3.8G       3.7G       115M       5.7M        28M       3.2G

MemTotal:        4016004 kB
MemFree:          118464 kB
Active:           353580 kB
Mem:          3.8G       3.7G       115M       5.7M        28M       3.2G

MemTotal:        4016004 kB
MemFree:          118464 kB
Active:           353572 kB
Mem:          3.8G       3.7G       115M       5.7M        28M       3.2G

MemTotal:        4016004 kB
MemFree:          118712 kB
Active:           353628 kB
Mem:          3.8G       3.7G       115M       5.7M        28M       3.2G

MemTotal:        4016004 kB
MemFree:          118588 kB
Active:           353592 kB
Mem:          3.8G       3.7G       115M       5.7M        28M       3.2G

MemTotal:        4016004 kB
MemFree:          118712 kB
Active:           353588 kB
Mem:          3.8G       3.7G       115M       5.7M        28M       3.2G

MemTotal:        4016004 kB
MemFree:          118712 kB
Active:           353572 kB
Mem:          3.8G       3.7G       115M       5.7M        28M       3.2G

MemTotal:        4016004 kB
MemFree:          118712 kB
Active:           353580 kB
Mem:          3.8G       3.7G       115M       5.7M        28M       3.2G

MemTotal:        4016004 kB
MemFree:          118588 kB
Active:           353612 kB
Mem:          3.8G       3.7G       115M       5.7M        28M       3.2G

MemTotal:        4016004 kB
MemFree:          118588 kB
Active:           353592 kB
Mem:          3.8G       3.7G       115M       5.7M        28M       3.2G

MemTotal:        4016004 kB
MemFree:          119272 kB
Active:           353572 kB
Mem:          3.8G       3.7G       116M       5.7M        28M       3.2G

MemTotal:        4016004 kB
MemFree:          119368 kB
Active:           353200 kB
Mem:          3.8G       3.7G       116M       5.7M        28M       3.2G

MemTotal:        4016004 kB
MemFree:          118996 kB
Active:           353216 kB
Mem:          3.8G       3.7G       116M       5.7M        28M       3.2G

MemTotal:        4016004 kB
MemFree:          119492 kB
Active:           353196 kB
Mem:          3.8G       3.7G       116M       5.7M        28M       3.2G

MemTotal:        4016004 kB
MemFree:          119492 kB
Active:           353196 kB
Mem:          3.8G       3.7G       116M       5.7M        28M       3.2G

MemTotal:        4016004 kB
MemFree:          119492 kB
Active:           353200 kB
Mem:          3.8G       3.7G       116M       5.7M        28M       3.2G

MemTotal:        4016004 kB
MemFree:          119492 kB
Active:           353184 kB
Mem:          3.8G       3.7G       116M       5.7M        28M       3.2G

MemTotal:        4016004 kB
MemFree:          119120 kB
Active:           353224 kB
Mem:          3.8G       3.7G       116M       5.7M        28M       3.2G

MemTotal:        4016004 kB
MemFree:          119368 kB
Active:           353232 kB
Mem:          3.8G       3.7G       116M       5.7M        28M       3.2G

MemTotal:        4016004 kB
MemFree:          119988 kB
Active:           353180 kB
Mem:          3.8G       3.7G       117M       5.7M        28M       3.2G

MemTotal:        4016004 kB
MemFree:          119864 kB
Active:           353192 kB
Mem:          3.8G       3.7G       117M       5.7M        28M       3.2G

MemTotal:        4016004 kB
MemFree:          120112 kB
Active:           353232 kB
Mem:          3.8G       3.7G       117M       5.7M        28M       3.2G

MemTotal:        4016004 kB
MemFree:          120360 kB
Active:           353220 kB
Mem:          3.8G       3.7G       117M       5.7M        28M       3.2G

MemTotal:        4016004 kB
MemFree:          120360 kB
Active:           353216 kB
Mem:          3.8G       3.7G       117M       5.7M        28M       3.2G

MemTotal:        4016004 kB
MemFree:          120316 kB
Active:           353200 kB
Mem:          3.8G       3.7G       117M       5.7M        28M       3.2G

MemTotal:        4016004 kB
MemFree:          119944 kB
Active:           353252 kB
Mem:          3.8G       3.7G       117M       5.7M        28M       3.2G

MemTotal:        4016004 kB
MemFree:          120316 kB
Active:           353236 kB
Mem:          3.8G       3.7G       117M       5.7M        28M       3.2G

MemTotal:        4016004 kB
MemFree:          120812 kB
Active:           353196 kB
Mem:          3.8G       3.7G       117M       5.7M        28M       3.2G

MemTotal:        4016004 kB
MemFree:          120688 kB
Active:           353236 kB
Mem:          3.8G       3.7G       117M       5.7M        28M       3.2G

MemTotal:        4016004 kB
MemFree:          120440 kB
Active:           353224 kB
Mem:          3.8G       3.7G       117M       5.7M        28M       3.2G

MemTotal:        4016004 kB
MemFree:          120564 kB
Active:           353244 kB
Mem:          3.8G       3.7G       117M       5.7M        28M       3.2G

MemTotal:        4016004 kB
MemFree:          120432 kB
Active:           353204 kB
Mem:          3.8G       3.7G       117M       5.7M        28M       3.2G

MemTotal:        4016004 kB
MemFree:          120060 kB
Active:           353260 kB
Mem:          3.8G       3.7G       117M       5.7M        28M       3.2G

MemTotal:        4016004 kB
MemFree:          120680 kB
Active:           353220 kB
Mem:          3.8G       3.7G       117M       5.7M        28M       3.2G

MemTotal:        4016004 kB
MemFree:          120556 kB
Active:           353204 kB
Mem:          3.8G       3.7G       117M       5.7M        28M       3.2G

MemTotal:        4016004 kB
MemFree:          120680 kB
Active:           353236 kB
Mem:          3.8G       3.7G       117M       5.7M        28M       3.2G

MemTotal:        4016004 kB
MemFree:          120184 kB
Active:           353256 kB
Mem:          3.8G       3.7G       117M       5.7M        28M       3.2G

MemTotal:        4016004 kB
MemFree:          120436 kB
Active:           353244 kB
Mem:          3.8G       3.7G       117M       5.7M        28M       3.2G

MemTotal:        4016004 kB
MemFree:          120188 kB
Active:           353256 kB
Mem:          3.8G       3.7G       117M       5.7M        28M       3.2G

MemTotal:        4016004 kB
MemFree:          119940 kB
Active:           353236 kB
Mem:          3.8G       3.7G       117M       5.7M        28M       3.2G

MemTotal:        4016004 kB
MemFree:          119816 kB
Active:           353264 kB
Mem:          3.8G       3.7G       117M       5.7M        28M       3.2G

MemTotal:        4016004 kB
MemFree:          119940 kB
Active:           353244 kB
Mem:          3.8G       3.7G       116M       5.7M        28M       3.2G

MemTotal:        4016004 kB
MemFree:          120188 kB
Active:           353260 kB
Mem:          3.8G       3.7G       117M       5.7M        28M       3.2G

MemTotal:        4016004 kB
MemFree:          120188 kB
Active:           353284 kB
Mem:          3.8G       3.7G       117M       5.7M        28M       3.2G

MemTotal:        4016004 kB
MemFree:          120312 kB
Active:           353268 kB
