MemTotal:        4016004 kB
MemFree:         3246140 kB
Active:           415688 kB
Mem:          3.8G       751M       3.1G       5.7M        50M       319M

MemTotal:        4016004 kB
MemFree:         3246100 kB
Active:           415652 kB
Mem:          3.8G       751M       3.1G       5.7M        50M       319M

MemTotal:        4016004 kB
MemFree:         3246572 kB
Active:           415680 kB
Mem:          3.8G       751M       3.1G       5.7M        51M       319M

MemTotal:        4016004 kB
MemFree:         3246376 kB
Active:           415720 kB
Mem:          3.8G       751M       3.1G       5.7M        51M       319M

MemTotal:        4016004 kB
MemFree:         3245864 kB
Active:           415732 kB
Mem:          3.8G       752M       3.1G       5.7M        51M       319M

MemTotal:        4016004 kB
MemFree:         3246344 kB
Active:           415692 kB
Mem:          3.8G       751M       3.1G       5.7M        51M       319M

MemTotal:        4016004 kB
MemFree:         3246328 kB
Active:           415716 kB
Mem:          3.8G       751M       3.1G       5.7M        51M       319M

MemTotal:        4016004 kB
MemFree:         3246312 kB
Active:           415688 kB
Mem:          3.8G       751M       3.1G       5.7M        51M       319M

MemTotal:        4016004 kB
MemFree:         3246544 kB
Active:           415700 kB
Mem:          3.8G       751M       3.1G       5.7M        51M       319M

MemTotal:        4016004 kB
MemFree:         3246032 kB
Active:           415736 kB
Mem:          3.8G       751M       3.1G       5.7M        51M       319M

MemTotal:        4016004 kB
MemFree:         3246140 kB
Active:           415728 kB
Mem:          3.8G       751M       3.1G       5.7M        51M       319M

MemTotal:        4016004 kB
MemFree:         3246124 kB
Active:           415700 kB
Mem:          3.8G       751M       3.1G       5.7M        51M       319M

MemTotal:        4016004 kB
MemFree:         3246172 kB
Active:           415708 kB
Mem:          3.8G       751M       3.1G       5.7M        51M       319M

MemTotal:        4016004 kB
MemFree:         3246204 kB
Active:           415736 kB
Mem:          3.8G       751M       3.1G       5.7M        51M       319M

MemTotal:        4016004 kB
MemFree:         3246280 kB
Active:           415732 kB
Mem:          3.8G       751M       3.1G       5.7M        51M       319M

MemTotal:        4016004 kB
MemFree:         3246080 kB
Active:           415716 kB
Mem:          3.8G       751M       3.1G       5.7M        51M       319M

MemTotal:        4016004 kB
MemFree:         3246452 kB
Active:           415732 kB
Mem:          3.8G       751M       3.1G       5.7M        51M       319M

MemTotal:        4016004 kB
MemFree:         3246080 kB
Active:           415744 kB
Mem:          3.8G       751M       3.1G       5.7M        51M       319M

MemTotal:        4016004 kB
MemFree:         3246204 kB
Active:           415744 kB
Mem:          3.8G       751M       3.1G       5.7M        51M       319M

MemTotal:        4016004 kB
MemFree:         3245956 kB
Active:           415752 kB
Mem:          3.8G       752M       3.1G       5.7M        51M       319M

MemTotal:        4016004 kB
MemFree:         3246204 kB
Active:           415740 kB
Mem:          3.8G       751M       3.1G       5.7M        51M       319M

MemTotal:        4016004 kB
MemFree:         3246204 kB
Active:           415724 kB
Mem:          3.8G       751M       3.1G       5.7M        51M       319M

MemTotal:        4016004 kB
MemFree:         3245940 kB
Active:           415760 kB
Mem:          3.8G       751M       3.1G       5.7M        51M       319M

MemTotal:        4016004 kB
MemFree:         3246232 kB
Active:           413688 kB
Mem:          3.8G       751M       3.1G       5.7M        51M       319M

MemTotal:        4016004 kB
MemFree:         3246824 kB
Active:           415748 kB
Mem:          3.8G       751M       3.1G       5.7M        51M       319M

MemTotal:        4016004 kB
MemFree:         3246576 kB
Active:           415740 kB
Mem:          3.8G       751M       3.1G       5.7M        51M       319M

MemTotal:        4016004 kB
MemFree:         3246452 kB
Active:           415764 kB
Mem:          3.8G       751M       3.1G       5.7M        51M       319M

MemTotal:        4016004 kB
MemFree:         3246080 kB
Active:           415776 kB
Mem:          3.8G       751M       3.1G       5.7M        51M       319M

MemTotal:        4016004 kB
MemFree:         3246560 kB
Active:           415768 kB
Mem:          3.8G       751M       3.1G       5.7M        51M       319M

MemTotal:        4016004 kB
MemFree:         3246172 kB
Active:           415780 kB
Mem:          3.8G       751M       3.1G       5.7M        51M       319M

MemTotal:        4016004 kB
MemFree:         3246156 kB
Active:           415780 kB
Mem:          3.8G       751M       3.1G       5.7M        51M       319M

MemTotal:        4016004 kB
MemFree:         3246512 kB
Active:           415748 kB
Mem:          3.8G       751M       3.1G       5.7M        51M       319M

MemTotal:        4016004 kB
MemFree:         3246512 kB
Active:           415760 kB
Mem:          3.8G       751M       3.1G       5.7M        51M       319M

MemTotal:        4016004 kB
MemFree:         3246368 kB
Active:           413712 kB
Mem:          3.8G       751M       3.1G       5.7M        51M       319M

MemTotal:        4016004 kB
MemFree:         3246524 kB
Active:           415748 kB
Mem:          3.8G       751M       3.1G       5.7M        51M       319M

MemTotal:        4016004 kB
MemFree:         3246524 kB
Active:           415748 kB
Mem:          3.8G       751M       3.1G       5.7M        51M       319M

MemTotal:        4016004 kB
MemFree:         3246400 kB
Active:           415740 kB
Mem:          3.8G       751M       3.1G       5.7M        51M       319M

MemTotal:        4016004 kB
MemFree:         3246524 kB
Active:           415748 kB
Mem:          3.8G       751M       3.1G       5.7M        51M       319M

MemTotal:        4016004 kB
MemFree:         3246152 kB
Active:           415792 kB
Mem:          3.8G       751M       3.1G       5.7M        51M       319M

MemTotal:        4016004 kB
MemFree:         3246400 kB
Active:           415772 kB
Mem:          3.8G       751M       3.1G       5.7M        51M       319M

MemTotal:        4016004 kB
MemFree:         3246524 kB
Active:           415772 kB
Mem:          3.8G       751M       3.1G       5.7M        51M       319M

MemTotal:        4016004 kB
MemFree:         3246400 kB
Active:           415784 kB
Mem:          3.8G       751M       3.1G       5.7M        51M       319M

MemTotal:        4016004 kB
MemFree:         3246384 kB
Active:           415764 kB
Mem:          3.8G       751M       3.1G       5.7M        51M       319M

MemTotal:        4016004 kB
MemFree:         3245996 kB
Active:           415804 kB
Mem:          3.8G       751M       3.1G       5.7M        51M       319M

MemTotal:        4016004 kB
MemFree:         3246200 kB
Active:           415804 kB
Mem:          3.8G       751M       3.1G       5.7M        51M       319M

MemTotal:        4016004 kB
MemFree:         3246448 kB
Active:           415748 kB
Mem:          3.8G       751M       3.1G       5.7M        51M       319M

MemTotal:        4016004 kB
MemFree:         3246076 kB
Active:           415804 kB
Mem:          3.8G       751M       3.1G       5.7M        51M       319M

MemTotal:        4016004 kB
MemFree:         3246448 kB
Active:           415764 kB
Mem:          3.8G       751M       3.1G       5.7M        51M       319M

MemTotal:        4016004 kB
MemFree:         3246432 kB
Active:           415808 kB
Mem:          3.8G       751M       3.1G       5.7M        51M       319M

MemTotal:        4016004 kB
MemFree:         3246292 kB
Active:           415756 kB
Mem:          3.8G       751M       3.1G       5.7M        51M       319M

MemTotal:        4016004 kB
MemFree:         3245904 kB
Active:           415816 kB
Mem:          3.8G       751M       3.1G       5.7M        51M       319M

MemTotal:        4016004 kB
MemFree:         3246384 kB
Active:           415764 kB
Mem:          3.8G       751M       3.1G       5.7M        51M       319M

MemTotal:        4016004 kB
MemFree:         3246244 kB
Active:           415804 kB
Mem:          3.8G       751M       3.1G       5.7M        51M       319M

MemTotal:        4016004 kB
MemFree:         3246276 kB
Active:           415824 kB
Mem:          3.8G       751M       3.1G       5.7M        51M       319M

MemTotal:        4016004 kB
MemFree:         3246400 kB
Active:           415832 kB
Mem:          3.8G       751M       3.1G       5.7M        51M       319M

MemTotal:        4016004 kB
MemFree:         3246400 kB
Active:           415788 kB
Mem:          3.8G       751M       3.1G       5.7M        51M       319M

MemTotal:        4016004 kB
MemFree:         3245904 kB
Active:           415844 kB
Mem:          3.8G       752M       3.1G       5.7M        51M       319M

MemTotal:        4016004 kB
MemFree:         3245780 kB
Active:           415844 kB
Mem:          3.8G       752M       3.1G       5.7M        51M       319M

MemTotal:        4016004 kB
MemFree:         3246152 kB
Active:           415824 kB
Mem:          3.8G       751M       3.1G       5.7M        51M       319M

MemTotal:        4016004 kB
MemFree:         3245780 kB
Active:           415844 kB
Mem:          3.8G       751M       3.1G       5.7M        51M       319M

MemTotal:        4016004 kB
MemFree:         3245780 kB
Active:           415844 kB
Mem:          3.8G       752M       3.1G       5.7M        51M       319M

MemTotal:        4016004 kB
MemFree:         3246028 kB
Active:           415840 kB
Mem:          3.8G       751M       3.1G       5.7M        51M       319M

MemTotal:        4016004 kB
MemFree:         3245656 kB
Active:           415852 kB
Mem:          3.8G       752M       3.1G       5.7M        51M       319M

MemTotal:        4016004 kB
MemFree:         3245656 kB
Active:           415852 kB
Mem:          3.8G       752M       3.1G       5.7M        51M       319M

MemTotal:        4016004 kB
MemFree:         3245252 kB
Active:           415852 kB
Mem:          3.8G       752M       3.1G       5.7M        51M       319M

MemTotal:        4016004 kB
MemFree:         3245732 kB
Active:           415796 kB
Mem:          3.8G       752M       3.1G       5.7M        51M       319M

MemTotal:        4016004 kB
MemFree:         3246184 kB
Active:           415796 kB
Mem:          3.8G       752M       3.1G       5.7M        51M       319M

MemTotal:        4016004 kB
MemFree:         3245812 kB
Active:           415852 kB
Mem:          3.8G       752M       3.1G       5.7M        51M       319M

MemTotal:        4016004 kB
MemFree:         3245812 kB
Active:           415796 kB
Mem:          3.8G       751M       3.1G       5.7M        51M       319M

MemTotal:        4016004 kB
MemFree:         3245812 kB
Active:           415852 kB
Mem:          3.8G       751M       3.1G       5.7M        51M       319M

MemTotal:        4016004 kB
MemFree:         3246308 kB
Active:           415836 kB
Mem:          3.8G       751M       3.1G       5.7M        51M       319M

MemTotal:        4016004 kB
MemFree:         3246184 kB
Active:           415836 kB
Mem:          3.8G       751M       3.1G       5.7M        51M       319M

MemTotal:        4016004 kB
MemFree:         3246152 kB
Active:           415824 kB
Mem:          3.8G       751M       3.1G       5.7M        51M       319M

MemTotal:        4016004 kB
MemFree:         3246260 kB
Active:           415832 kB
Mem:          3.8G       751M       3.1G       5.7M        51M       319M

MemTotal:        4016004 kB
MemFree:         3246184 kB
Active:           415804 kB
Mem:          3.8G       752M       3.1G       5.7M        51M       319M

MemTotal:        4016004 kB
MemFree:         3246308 kB
Active:           415832 kB
Mem:          3.8G       751M       3.1G       5.7M        51M       319M

MemTotal:        4016004 kB
MemFree:         3245936 kB
Active:           415864 kB
Mem:          3.8G       751M       3.1G       5.7M        51M       319M

MemTotal:        4016004 kB
MemFree:         3246308 kB
Active:           415816 kB
Mem:          3.8G       751M       3.1G       5.7M        51M       319M

MemTotal:        4016004 kB
MemFree:         3245812 kB
Active:           415864 kB
Mem:          3.8G       752M       3.1G       5.7M        51M       319M

MemTotal:        4016004 kB
MemFree:         3245936 kB
Active:           415856 kB
Mem:          3.8G       751M       3.1G       5.7M        51M       319M

MemTotal:        4016004 kB
MemFree:         3246060 kB
Active:           415812 kB
Mem:          3.8G       751M       3.1G       5.7M        51M       319M

MemTotal:        4016004 kB
MemFree:         3245564 kB
Active:           415864 kB
Mem:          3.8G       752M       3.1G       5.7M        51M       319M

MemTotal:        4016004 kB
MemFree:         3243608 kB
Active:           415844 kB
Mem:          3.8G       754M       3.1G       5.7M        51M       319M

MemTotal:        4016004 kB
MemFree:         3243500 kB
Active:           417864 kB
Mem:          3.8G       754M       3.1G       5.7M        51M       319M

MemTotal:        4016004 kB
MemFree:         3243732 kB
Active:           417868 kB
Mem:          3.8G       754M       3.1G       5.7M        51M       319M

MemTotal:        4016004 kB
MemFree:         3243964 kB
Active:           417868 kB
Mem:          3.8G       753M       3.1G       5.7M        51M       319M

MemTotal:        4016004 kB
MemFree:         3243824 kB
Active:           417900 kB
Mem:          3.8G       754M       3.1G       5.7M        51M       319M

MemTotal:        4016004 kB
MemFree:         3244244 kB
Active:           417896 kB
Mem:          3.8G       754M       3.1G       5.7M        51M       319M

MemTotal:        4016004 kB
MemFree:         3244120 kB
Active:           417896 kB
Mem:          3.8G       753M       3.1G       5.7M        51M       319M

MemTotal:        4016004 kB
MemFree:         3243996 kB
Active:           417884 kB
Mem:          3.8G       753M       3.1G       5.7M        51M       319M

MemTotal:        4016004 kB
MemFree:         3243748 kB
Active:           417908 kB
Mem:          3.8G       754M       3.1G       5.7M        51M       319M

MemTotal:        4016004 kB
MemFree:         3243624 kB
Active:           417912 kB
Mem:          3.8G       754M       3.1G       5.7M        51M       319M

MemTotal:        4016004 kB
MemFree:         3243252 kB
Active:           417916 kB
Mem:          3.8G       754M       3.1G       5.7M        51M       319M

MemTotal:        4016004 kB
MemFree:         3243252 kB
Active:           417924 kB
Mem:          3.8G       754M       3.1G       5.7M        51M       319M

MemTotal:        4016004 kB
MemFree:         3243872 kB
Active:           417912 kB
Mem:          3.8G       753M       3.1G       5.7M        51M       319M

MemTotal:        4016004 kB
MemFree:         3243996 kB
Active:           417920 kB
Mem:          3.8G       753M       3.1G       5.7M        51M       319M

MemTotal:        4016004 kB
MemFree:         3243980 kB
Active:           417916 kB
Mem:          3.8G       754M       3.1G       5.7M        51M       319M

MemTotal:        4016004 kB
MemFree:         3243716 kB
Active:           417928 kB
Mem:          3.8G       754M       3.1G       5.7M        51M       319M

MemTotal:        4016004 kB
MemFree:         3243948 kB
Active:           417912 kB
Mem:          3.8G       753M       3.1G       5.7M        51M       319M

MemTotal:        4016004 kB
MemFree:         3243780 kB
Active:           417928 kB
Mem:          3.8G       753M       3.1G       5.7M        51M       319M

MemTotal:        4016004 kB
MemFree:         3243872 kB
Active:           418120 kB
Mem:          3.8G       754M       3.1G       5.7M        51M       319M

MemTotal:        4016004 kB
MemFree:         3197796 kB
Active:           418580 kB
Mem:          3.8G       799M       3.0G       5.7M        51M       362M

MemTotal:        4016004 kB
MemFree:         3150332 kB
Active:           418620 kB
Mem:          3.8G       846M       3.0G       5.7M        51M       408M

MemTotal:        4016004 kB
MemFree:         3102356 kB
Active:           418608 kB
Mem:          3.8G       892M       3.0G       5.7M        51M       455M

MemTotal:        4016004 kB
MemFree:         3052892 kB
Active:           418668 kB
Mem:          3.8G       941M       2.9G       5.7M        51M       503M

MemTotal:        4016004 kB
MemFree:         3004420 kB
Active:           418688 kB
Mem:          3.8G       988M       2.9G       5.7M        51M       549M

MemTotal:        4016004 kB
MemFree:         2955824 kB
Active:           418700 kB
Mem:          3.8G       1.0G       2.8G       5.7M        51M       596M

MemTotal:        4016004 kB
MemFree:         2906980 kB
Active:           418708 kB
Mem:          3.8G       1.1G       2.8G       5.7M        51M       643M

MemTotal:        4016004 kB
MemFree:         2889460 kB
Active:           418744 kB
Mem:          3.8G       1.1G       2.8G       5.7M        51M       659M

MemTotal:        4016004 kB
MemFree:         2853948 kB
Active:           418800 kB
Mem:          3.8G       1.1G       2.7G       5.7M        51M       694M

MemTotal:        4016004 kB
MemFree:         2804484 kB
Active:           418784 kB
Mem:          3.8G       1.2G       2.7G       5.7M        51M       741M

MemTotal:        4016004 kB
MemFree:         2788456 kB
Active:           418828 kB
Mem:          3.8G       1.2G       2.7G       5.7M        51M       756M

MemTotal:        4016004 kB
MemFree:         2750276 kB
Active:           418816 kB
Mem:          3.8G       1.2G       2.6G       5.7M        51M       791M

MemTotal:        4016004 kB
MemFree:         2700688 kB
Active:           418880 kB
Mem:          3.8G       1.3G       2.6G       5.7M        51M       839M

MemTotal:        4016004 kB
MemFree:         2685976 kB
Active:           418904 kB
Mem:          3.8G       1.3G       2.6G       5.7M        51M       852M

MemTotal:        4016004 kB
MemFree:         2652168 kB
Active:           418908 kB
Mem:          3.8G       1.3G       2.5G       5.7M        51M       885M

MemTotal:        4016004 kB
MemFree:         2621392 kB
Active:           418968 kB
Mem:          3.8G       1.3G       2.5G       5.7M        51M       915M

MemTotal:        4016004 kB
MemFree:         2619476 kB
Active:           418984 kB
Mem:          3.8G       1.3G       2.5G       5.7M        51M       917M

MemTotal:        4016004 kB
MemFree:         2570696 kB
Active:           421064 kB
Mem:          3.8G       1.4G       2.5G       5.7M        51M       964M

MemTotal:        4016004 kB
MemFree:         2522348 kB
Active:           421064 kB
Mem:          3.8G       1.4G       2.4G       5.7M        51M       1.0G

MemTotal:        4016004 kB
MemFree:         2473256 kB
Active:           421116 kB
Mem:          3.8G       1.5G       2.4G       5.7M        51M       1.0G

MemTotal:        4016004 kB
MemFree:         2425092 kB
Active:           419152 kB
Mem:          3.8G       1.5G       2.3G       5.7M        51M       1.1G

MemTotal:        4016004 kB
MemFree:         2375272 kB
Active:           421208 kB
Mem:          3.8G       1.6G       2.3G       5.7M        51M       1.1G

MemTotal:        4016004 kB
MemFree:         2326996 kB
Active:           421244 kB
Mem:          3.8G       1.6G       2.2G       5.7M        51M       1.2G

MemTotal:        4016004 kB
MemFree:         2277464 kB
Active:           421256 kB
Mem:          3.8G       1.7G       2.2G       5.7M        51M       1.2G

MemTotal:        4016004 kB
MemFree:         2231316 kB
Active:           421292 kB
Mem:          3.8G       1.7G       2.1G       5.7M        51M       1.3G

MemTotal:        4016004 kB
MemFree:         2231056 kB
Active:           421316 kB
Mem:          3.8G       1.7G       2.1G       5.7M        51M       1.3G

MemTotal:        4016004 kB
MemFree:         2231036 kB
Active:           421320 kB
Mem:          3.8G       1.7G       2.1G       5.7M        51M       1.3G

MemTotal:        4016004 kB
MemFree:         2221068 kB
Active:           421300 kB
Mem:          3.8G       1.7G       2.1G       5.7M        51M       1.3G

MemTotal:        4016004 kB
MemFree:         2171784 kB
Active:           421348 kB
Mem:          3.8G       1.8G       2.1G       5.7M        51M       1.3G

MemTotal:        4016004 kB
MemFree:         2123624 kB
Active:           421332 kB
Mem:          3.8G       1.8G       2.0G       5.7M        51M       1.4G

MemTotal:        4016004 kB
MemFree:         2075028 kB
Active:           419392 kB
Mem:          3.8G       1.9G       2.0G       5.7M        51M       1.4G

MemTotal:        4016004 kB
MemFree:         2025688 kB
Active:           419412 kB
Mem:          3.8G       1.9G       1.9G       5.7M        51M       1.5G

MemTotal:        4016004 kB
MemFree:         1977464 kB
Active:           419416 kB
Mem:          3.8G       1.9G       1.9G       5.7M        51M       1.5G

MemTotal:        4016004 kB
MemFree:         1928000 kB
Active:           419468 kB
Mem:          3.8G       2.0G       1.8G       5.7M        51M       1.5G

MemTotal:        4016004 kB
MemFree:         1878004 kB
Active:           419512 kB
Mem:          3.8G       2.0G       1.8G       5.7M        51M       1.6G

MemTotal:        4016004 kB
MemFree:         1829008 kB
Active:           419504 kB
Mem:          3.8G       2.1G       1.7G       5.7M        51M       1.6G

MemTotal:        4016004 kB
MemFree:         1780428 kB
Active:           419572 kB
Mem:          3.8G       2.1G       1.7G       5.7M        51M       1.7G

MemTotal:        4016004 kB
MemFree:         1746932 kB
Active:           419604 kB
Mem:          3.8G       2.2G       1.7G       5.7M        51M       1.7G

MemTotal:        4016004 kB
MemFree:         1698336 kB
Active:           419588 kB
Mem:          3.8G       2.2G       1.6G       5.7M        51M       1.8G

MemTotal:        4016004 kB
MemFree:         1678872 kB
Active:           419624 kB
Mem:          3.8G       2.2G       1.6G       5.7M        51M       1.8G

MemTotal:        4016004 kB
MemFree:         1678780 kB
Active:           419656 kB
Mem:          3.8G       2.2G       1.6G       5.7M        51M       1.8G

MemTotal:        4016004 kB
MemFree:         1678684 kB
Active:           419624 kB
Mem:          3.8G       2.2G       1.6G       5.7M        51M       1.8G

MemTotal:        4016004 kB
MemFree:         1629656 kB
Active:           419668 kB
Mem:          3.8G       2.3G       1.6G       5.7M        51M       1.8G

MemTotal:        4016004 kB
MemFree:         1580600 kB
Active:           419692 kB
Mem:          3.8G       2.3G       1.5G       5.7M        51M       1.9G

MemTotal:        4016004 kB
MemFree:         1531696 kB
Active:           419700 kB
Mem:          3.8G       2.4G       1.5G       5.7M        52M       1.9G

MemTotal:        4016004 kB
MemFree:         1483348 kB
Active:           419716 kB
Mem:          3.8G       2.4G       1.4G       5.7M        52M       2.0G

MemTotal:        4016004 kB
MemFree:         1434752 kB
Active:           419780 kB
Mem:          3.8G       2.5G       1.4G       5.7M        52M       2.0G

MemTotal:        4016004 kB
MemFree:         1385536 kB
Active:           419752 kB
Mem:          3.8G       2.5G       1.3G       5.7M        52M       2.1G

MemTotal:        4016004 kB
MemFree:         1336832 kB
Active:           419824 kB
Mem:          3.8G       2.6G       1.3G       5.7M        52M       2.1G

MemTotal:        4016004 kB
MemFree:         1286324 kB
Active:           421832 kB
Mem:          3.8G       2.6G       1.2G       5.7M        52M       2.1G

MemTotal:        4016004 kB
MemFree:         1244144 kB
Active:           421896 kB
Mem:          3.8G       2.6G       1.2G       5.7M        52M       2.2G

MemTotal:        4016004 kB
MemFree:         1212148 kB
Active:           421928 kB
Mem:          3.8G       2.7G       1.2G       5.7M        52M       2.2G

MemTotal:        4016004 kB
MemFree:         1163832 kB
Active:           423968 kB
Mem:          3.8G       2.7G       1.1G       5.7M        52M       2.3G

MemTotal:        4016004 kB
MemFree:         1144780 kB
Active:           424004 kB
Mem:          3.8G       2.7G       1.1G       5.7M        52M       2.3G

MemTotal:        4016004 kB
MemFree:         1143504 kB
Active:           424092 kB
Mem:          3.8G       2.7G       1.1G       5.7M        52M       2.3G

MemTotal:        4016004 kB
MemFree:         1143508 kB
Active:           424100 kB
Mem:          3.8G       2.7G       1.1G       5.7M        52M       2.3G

MemTotal:        4016004 kB
MemFree:         1110368 kB
Active:           424136 kB
Mem:          3.8G       2.8G       1.1G       5.7M        52M       2.3G

MemTotal:        4016004 kB
MemFree:         1060828 kB
Active:           424160 kB
Mem:          3.8G       2.8G       1.0G       5.7M        52M       2.4G

MemTotal:        4016004 kB
MemFree:         1011364 kB
Active:           424184 kB
Mem:          3.8G       2.9G       986M       5.7M        52M       2.4G

MemTotal:        4016004 kB
MemFree:          962320 kB
Active:           424204 kB
Mem:          3.8G       2.9G       937M       5.7M        52M       2.5G

MemTotal:        4016004 kB
MemFree:          912220 kB
Active:           424236 kB
Mem:          3.8G       3.0G       889M       5.7M        52M       2.5G

MemTotal:        4016004 kB
MemFree:          862896 kB
Active:           424256 kB
Mem:          3.8G       3.0G       841M       5.7M        52M       2.5G

MemTotal:        4016004 kB
MemFree:          814176 kB
Active:           424280 kB
Mem:          3.8G       3.1G       793M       5.7M        52M       2.6G

MemTotal:        4016004 kB
MemFree:          764984 kB
Active:           424300 kB
Mem:          3.8G       3.1G       745M       5.7M        52M       2.6G

MemTotal:        4016004 kB
MemFree:          734788 kB
Active:           424324 kB
Mem:          3.8G       3.1G       717M       5.7M        52M       2.7G

MemTotal:        4016004 kB
MemFree:          686320 kB
Active:           424344 kB
Mem:          3.8G       3.2G       669M       5.7M        52M       2.7G

MemTotal:        4016004 kB
MemFree:          637104 kB
Active:           424368 kB
Mem:          3.8G       3.2G       621M       5.7M        52M       2.8G

MemTotal:        4016004 kB
MemFree:          597908 kB
Active:           424392 kB
Mem:          3.8G       3.3G       583M       5.7M        52M       2.8G

MemTotal:        4016004 kB
MemFree:          597084 kB
Active:           422508 kB
Mem:          3.8G       3.3G       583M       5.7M        52M       2.8G

MemTotal:        4016004 kB
MemFree:          595604 kB
Active:           424536 kB
Mem:          3.8G       3.3G       581M       5.7M        52M       2.8G

MemTotal:        4016004 kB
MemFree:          596060 kB
Active:           424340 kB
Mem:          3.8G       3.3G       581M       5.7M        52M       2.8G

MemTotal:        4016004 kB
MemFree:          559524 kB
Active:           424396 kB
Mem:          3.8G       3.3G       546M       5.7M        52M       2.8G

MemTotal:        4016004 kB
MemFree:          511052 kB
Active:           424420 kB
Mem:          3.8G       3.3G       499M       5.7M        52M       2.9G

MemTotal:        4016004 kB
MemFree:          461960 kB
Active:           424448 kB
Mem:          3.8G       3.4G       450M       5.7M        52M       2.9G

MemTotal:        4016004 kB
MemFree:          414248 kB
Active:           424472 kB
Mem:          3.8G       3.4G       403M       5.7M        52M       3.0G

MemTotal:        4016004 kB
MemFree:          365900 kB
Active:           424500 kB
Mem:          3.8G       3.5G       356M       5.7M        52M       3.0G

MemTotal:        4016004 kB
MemFree:          316436 kB
Active:           424520 kB
Mem:          3.8G       3.5G       308M       5.7M        52M       3.1G

MemTotal:        4016004 kB
MemFree:          267700 kB
Active:           424640 kB
Mem:          3.8G       3.6G       260M       5.7M        52M       3.1G

MemTotal:        4016004 kB
MemFree:          249780 kB
Active:           424560 kB
Mem:          3.8G       3.6G       243M       5.7M        52M       3.1G

MemTotal:        4016004 kB
MemFree:          209852 kB
Active:           424596 kB
Mem:          3.8G       3.6G       203M       5.7M        52M       3.2G

MemTotal:        4016004 kB
MemFree:          166728 kB
Active:           424624 kB
Mem:          3.8G       3.7G       162M       5.7M        52M       3.2G

MemTotal:        4016004 kB
MemFree:          166852 kB
Active:           424620 kB
Mem:          3.8G       3.7G       162M       5.7M        52M       3.2G

MemTotal:        4016004 kB
MemFree:          165948 kB
Active:           424664 kB
Mem:          3.8G       3.7G       161M       5.7M        52M       3.2G

MemTotal:        4016004 kB
MemFree:          164152 kB
Active:           424680 kB
Mem:          3.8G       3.7G       159M       5.7M        52M       3.2G

MemTotal:        4016004 kB
MemFree:          143584 kB
Active:           424696 kB
Mem:          3.8G       3.7G       139M       5.7M        52M       3.2G

MemTotal:        4016004 kB
MemFree:          119016 kB
Active:           422556 kB
Mem:          3.8G       3.7G       114M       5.7M        29M       3.3G

MemTotal:        4016004 kB
MemFree:          126528 kB
Active:           433532 kB
Mem:          3.8G       3.7G       122M       5.7M        20M       3.3G

MemTotal:        4016004 kB
MemFree:          113644 kB
Active:           471720 kB
Mem:          3.8G       3.7G       108M       5.7M        20M       3.3G

MemTotal:        4016004 kB
MemFree:          135780 kB
Active:           475816 kB
Mem:          3.8G       3.7G       131M       5.7M        20M       3.3G

MemTotal:        4016004 kB
MemFree:          148388 kB
Active:           467732 kB
Mem:          3.8G       3.7G       143M       5.7M        20M       3.2G

MemTotal:        4016004 kB
MemFree:          135640 kB
Active:           462496 kB
Mem:          3.8G       3.7G       132M       5.7M        20M       3.3G

MemTotal:        4016004 kB
MemFree:          125540 kB
Active:           457744 kB
Mem:          3.8G       3.7G       122M       5.7M        20M       3.3G

MemTotal:        4016004 kB
MemFree:          113432 kB
Active:           454320 kB
Mem:          3.8G       3.7G       109M       5.7M        20M       3.3G

MemTotal:        4016004 kB
MemFree:          111044 kB
Active:           450888 kB
Mem:          3.8G       3.7G       107M       5.7M        20M       3.3G

MemTotal:        4016004 kB
MemFree:          110628 kB
Active:           445928 kB
Mem:          3.8G       3.7G       107M       5.7M        20M       3.3G

MemTotal:        4016004 kB
MemFree:          136848 kB
Active:           442468 kB
Mem:          3.8G       3.7G       133M       5.7M        20M       3.3G

MemTotal:        4016004 kB
MemFree:          137072 kB
Active:           442432 kB
Mem:          3.8G       3.7G       133M       5.7M        20M       3.3G

MemTotal:        4016004 kB
MemFree:          125048 kB
Active:           442460 kB
Mem:          3.8G       3.7G       121M       5.7M        20M       3.3G

MemTotal:        4016004 kB
MemFree:          123496 kB
Active:           436740 kB
Mem:          3.8G       3.7G       119M       5.7M        20M       3.3G

MemTotal:        4016004 kB
MemFree:          111108 kB
Active:           433920 kB
Mem:          3.8G       3.7G       107M       5.7M        20M       3.3G

MemTotal:        4016004 kB
MemFree:          116948 kB
Active:           432324 kB
Mem:          3.8G       3.7G       113M       5.7M        20M       3.3G

MemTotal:        4016004 kB
MemFree:          104684 kB
Active:           431176 kB
Mem:          3.8G       3.7G       123M       5.7M        20M       3.3G

MemTotal:        4016004 kB
MemFree:          127352 kB
Active:           428784 kB
Mem:          3.8G       3.7G       123M       5.7M        20M       3.3G

MemTotal:        4016004 kB
MemFree:          120828 kB
Active:           425184 kB
Mem:          3.8G       3.7G       117M       5.7M        20M       3.3G

MemTotal:        4016004 kB
MemFree:          118916 kB
Active:           424212 kB
Mem:          3.8G       3.7G       115M       5.7M        20M       3.3G

MemTotal:        4016004 kB
MemFree:          119296 kB
Active:           423040 kB
Mem:          3.8G       3.7G       116M       5.7M        20M       3.3G

MemTotal:        4016004 kB
MemFree:          110248 kB
Active:           421856 kB
Mem:          3.8G       3.7G       106M       5.7M        20M       3.3G

MemTotal:        4016004 kB
MemFree:          134552 kB
Active:           419580 kB
Mem:          3.8G       3.7G       130M       5.7M        20M       3.3G

MemTotal:        4016004 kB
MemFree:          128088 kB
Active:           418176 kB
Mem:          3.8G       3.7G       124M       5.7M        20M       3.3G

MemTotal:        4016004 kB
MemFree:          132648 kB
Active:           417576 kB
Mem:          3.8G       3.7G       129M       5.7M        20M       3.3G

MemTotal:        4016004 kB
MemFree:          131948 kB
Active:           417564 kB
Mem:          3.8G       3.7G       128M       5.7M        20M       3.3G

MemTotal:        4016004 kB
MemFree:          127476 kB
Active:           416452 kB
Mem:          3.8G       3.7G       123M       5.7M        20M       3.3G

MemTotal:        4016004 kB
MemFree:          126936 kB
Active:           414812 kB
Mem:          3.8G       3.7G       123M       5.7M        20M       3.3G

MemTotal:        4016004 kB
MemFree:          139720 kB
Active:           413040 kB
Mem:          3.8G       3.7G       135M       5.7M        20M       3.3G

MemTotal:        4016004 kB
MemFree:          156116 kB
Active:           409028 kB
Mem:          3.8G       3.7G       151M       5.7M        20M       3.2G

MemTotal:        4016004 kB
MemFree:          105780 kB
Active:           408932 kB
Mem:          3.8G       3.7G       102M       5.7M        20M       3.3G

MemTotal:        4016004 kB
MemFree:          129476 kB
Active:           408792 kB
Mem:          3.8G       3.7G       125M       5.7M        20M       3.3G

MemTotal:        4016004 kB
MemFree:          128552 kB
Active:           407408 kB
Mem:          3.8G       3.7G       125M       5.7M        20M       3.3G

MemTotal:        4016004 kB
MemFree:          123840 kB
Active:           406020 kB
Mem:          3.8G       3.7G       119M       5.7M        20M       3.3G

MemTotal:        4016004 kB
MemFree:          135656 kB
Active:           404264 kB
Mem:          3.8G       3.7G       131M       5.7M        20M       3.3G

MemTotal:        4016004 kB
MemFree:          123720 kB
Active:           403160 kB
Mem:          3.8G       3.7G       120M       5.7M        20M       3.3G

MemTotal:        4016004 kB
MemFree:          112108 kB
Active:           402032 kB
Mem:          3.8G       3.7G       108M       5.7M        20M       3.3G

MemTotal:        4016004 kB
MemFree:          110956 kB
Active:           400272 kB
Mem:          3.8G       3.7G       107M       5.7M        20M       3.3G

MemTotal:        4016004 kB
MemFree:          135120 kB
Active:           398124 kB
Mem:          3.8G       3.7G       131M       5.7M        20M       3.3G

MemTotal:        4016004 kB
MemFree:          115108 kB
Active:           398020 kB
Mem:          3.8G       3.7G       111M       5.7M        20M       3.3G

MemTotal:        4016004 kB
MemFree:          120828 kB
Active:           395988 kB
Mem:          3.8G       3.7G       117M       5.7M        20M       3.3G

MemTotal:        4016004 kB
MemFree:          107944 kB
Active:           394984 kB
Mem:          3.8G       3.7G       104M       5.7M        20M       3.3G

MemTotal:        4016004 kB
MemFree:          132384 kB
Active:           392596 kB
Mem:          3.8G       3.7G       129M       5.7M        21M       3.3G

MemTotal:        4016004 kB
MemFree:          134228 kB
Active:           390708 kB
Mem:          3.8G       3.7G       130M       5.7M        21M       3.3G

MemTotal:        4016004 kB
MemFree:          127180 kB
Active:           389200 kB
Mem:          3.8G       3.7G       122M       5.7M        21M       3.3G

MemTotal:        4016004 kB
MemFree:          107784 kB
Active:           388208 kB
Mem:          3.8G       3.7G       103M       5.7M        21M       3.3G

MemTotal:        4016004 kB
MemFree:          125748 kB
Active:           384016 kB
Mem:          3.8G       3.7G       122M       5.7M        21M       3.3G

MemTotal:        4016004 kB
MemFree:          126020 kB
Active:           382888 kB
Mem:          3.8G       3.7G       121M       5.7M        21M       3.3G

MemTotal:        4016004 kB
MemFree:          126620 kB
Active:           381764 kB
Mem:          3.8G       3.7G       123M       5.7M        21M       3.3G

MemTotal:        4016004 kB
MemFree:          122948 kB
Active:           381144 kB
Mem:          3.8G       3.7G       119M       5.7M        21M       3.3G

MemTotal:        4016004 kB
MemFree:          135108 kB
Active:           381404 kB
Mem:          3.8G       3.7G       131M       5.7M        21M       3.2G

MemTotal:        4016004 kB
MemFree:          124128 kB
Active:           380276 kB
Mem:          3.8G       3.7G       120M       5.7M        21M       3.3G

MemTotal:        4016004 kB
MemFree:          112056 kB
Active:           379016 kB
Mem:          3.8G       3.7G       108M       5.7M        21M       3.3G

MemTotal:        4016004 kB
MemFree:          125560 kB
Active:           377376 kB
Mem:          3.8G       3.7G       122M       5.7M        21M       3.3G

MemTotal:        4016004 kB
MemFree:          126108 kB
Active:           375740 kB
Mem:          3.8G       3.7G       122M       5.7M        21M       3.3G

MemTotal:        4016004 kB
MemFree:          125252 kB
Active:           374100 kB
Mem:          3.8G       3.7G       121M       5.7M        21M       3.3G

MemTotal:        4016004 kB
MemFree:          143780 kB
Active:           371944 kB
Mem:          3.8G       3.7G       140M       5.7M        21M       3.2G

MemTotal:        4016004 kB
MemFree:          128264 kB
Active:           371456 kB
Mem:          3.8G       3.7G       124M       5.7M        21M       3.3G

MemTotal:        4016004 kB
MemFree:          127164 kB
Active:           368700 kB
Mem:          3.8G       3.7G       123M       5.7M        21M       3.3G

MemTotal:        4016004 kB
MemFree:          127944 kB
Active:           368724 kB
Mem:          3.8G       3.7G       123M       5.7M        21M       3.3G

MemTotal:        4016004 kB
MemFree:          110572 kB
Active:           368748 kB
Mem:          3.8G       3.7G       107M       5.7M        21M       3.3G

MemTotal:        4016004 kB
MemFree:          122804 kB
Active:           368772 kB
Mem:          3.8G       3.7G       118M       5.7M        21M       3.3G

MemTotal:        4016004 kB
MemFree:          112192 kB
Active:           368816 kB
Mem:          3.8G       3.7G       109M       5.7M        21M       3.3G

MemTotal:        4016004 kB
MemFree:          119232 kB
Active:           368848 kB
Mem:          3.8G       3.7G       115M       5.7M        21M       3.3G

MemTotal:        4016004 kB
MemFree:          106844 kB
Active:           368868 kB
Mem:          3.8G       3.7G       103M       5.7M        21M       3.3G

MemTotal:        4016004 kB
MemFree:          142032 kB
Active:           368892 kB
Mem:          3.8G       3.7G       137M       5.7M        21M       3.2G

MemTotal:        4016004 kB
MemFree:          136516 kB
Active:           368916 kB
Mem:          3.8G       3.7G       132M       5.7M        21M       3.2G

MemTotal:        4016004 kB
MemFree:          142620 kB
Active:           369648 kB
Mem:          3.8G       3.7G       138M       5.7M        21M       3.2G

MemTotal:        4016004 kB
MemFree:          128868 kB
Active:           371472 kB
Mem:          3.8G       3.7G       125M       5.7M        21M       3.3G

MemTotal:        4016004 kB
MemFree:          117256 kB
Active:           370600 kB
Mem:          3.8G       3.7G       113M       5.7M        21M       3.3G

MemTotal:        4016004 kB
MemFree:          131608 kB
Active:           370492 kB
Mem:          3.8G       3.7G       128M       5.7M        21M       3.2G

MemTotal:        4016004 kB
MemFree:          131372 kB
Active:           370500 kB
Mem:          3.8G       3.7G       128M       5.7M        21M       3.3G

MemTotal:        4016004 kB
MemFree:          131520 kB
Active:           370516 kB
Mem:          3.8G       3.7G       128M       5.7M        21M       3.3G

MemTotal:        4016004 kB
MemFree:          106224 kB
Active:           370460 kB
Mem:          3.8G       3.7G       125M       5.7M        21M       3.3G

MemTotal:        4016004 kB
MemFree:          123720 kB
Active:           370412 kB
Mem:          3.8G       3.7G       120M       5.7M        21M       3.3G

MemTotal:        4016004 kB
MemFree:          128212 kB
Active:           370436 kB
Mem:          3.8G       3.7G       124M       5.7M        21M       3.3G

MemTotal:        4016004 kB
MemFree:          122304 kB
Active:           370408 kB
Mem:          3.8G       3.7G       118M       5.7M        21M       3.3G

MemTotal:        4016004 kB
MemFree:          125568 kB
Active:           371488 kB
Mem:          3.8G       3.7G       121M       5.7M        21M       3.3G

MemTotal:        4016004 kB
MemFree:          125512 kB
Active:           371448 kB
Mem:          3.8G       3.7G       121M       5.7M        21M       3.3G

MemTotal:        4016004 kB
MemFree:          124672 kB
Active:           371432 kB
Mem:          3.8G       3.7G       120M       5.7M        21M       3.3G

MemTotal:        4016004 kB
MemFree:          113188 kB
Active:           371468 kB
Mem:          3.8G       3.7G       110M       5.7M        21M       3.3G

MemTotal:        4016004 kB
MemFree:          116056 kB
Active:           371508 kB
Mem:          3.8G       3.7G       112M       5.7M        21M       3.3G

MemTotal:        4016004 kB
MemFree:          127404 kB
Active:           371544 kB
Mem:          3.8G       3.7G       123M       5.7M        21M       3.3G

MemTotal:        4016004 kB
MemFree:          106612 kB
Active:           371564 kB
Mem:          3.8G       3.7G       103M       5.7M        21M       3.3G

MemTotal:        4016004 kB
MemFree:          123320 kB
Active:           371452 kB
Mem:          3.8G       3.7G       119M       5.7M        21M       3.3G

MemTotal:        4016004 kB
MemFree:          110764 kB
Active:           371484 kB
Mem:          3.8G       3.7G       107M       5.7M        21M       3.3G

MemTotal:        4016004 kB
MemFree:          106320 kB
Active:           371484 kB
Mem:          3.8G       3.7G       103M       5.7M        21M       3.3G

MemTotal:        4016004 kB
MemFree:          119808 kB
Active:           371332 kB
Mem:          3.8G       3.7G       116M       5.7M        21M       3.3G

MemTotal:        4016004 kB
MemFree:          107420 kB
Active:           371380 kB
Mem:          3.8G       3.7G       103M       5.7M        21M       3.3G

MemTotal:        4016004 kB
MemFree:          107184 kB
Active:           371424 kB
Mem:          3.8G       3.7G       103M       5.7M        22M       3.3G

MemTotal:        4016004 kB
MemFree:          112172 kB
Active:           371456 kB
Mem:          3.8G       3.7G       108M       5.7M        22M       3.3G

MemTotal:        4016004 kB
MemFree:          134644 kB
Active:           371476 kB
Mem:          3.8G       3.7G       131M       5.7M        22M       3.2G

MemTotal:        4016004 kB
MemFree:          128028 kB
Active:           371496 kB
Mem:          3.8G       3.7G       124M       5.7M        22M       3.2G

MemTotal:        4016004 kB
MemFree:          127040 kB
Active:           371520 kB
Mem:          3.8G       3.7G       122M       5.7M        22M       3.3G

MemTotal:        4016004 kB
MemFree:          141540 kB
Active:           371496 kB
Mem:          3.8G       3.7G       137M       5.7M        22M       3.2G

MemTotal:        4016004 kB
MemFree:          140904 kB
Active:           371520 kB
Mem:          3.8G       3.7G       137M       5.7M        22M       3.2G

MemTotal:        4016004 kB
MemFree:          125616 kB
Active:           371544 kB
Mem:          3.8G       3.7G       121M       5.7M        22M       3.3G

MemTotal:        4016004 kB
MemFree:          113044 kB
Active:           371564 kB
Mem:          3.8G       3.7G       108M       5.7M        22M       3.3G

MemTotal:        4016004 kB
MemFree:          117708 kB
Active:           371576 kB
Mem:          3.8G       3.7G       113M       5.7M        22M       3.3G

MemTotal:        4016004 kB
MemFree:          106560 kB
Active:           371576 kB
Mem:          3.8G       3.7G       103M       5.7M        22M       3.3G

MemTotal:        4016004 kB
MemFree:          130396 kB
Active:           371632 kB
Mem:          3.8G       3.7G       126M       5.7M        22M       3.2G

MemTotal:        4016004 kB
MemFree:          106228 kB
Active:           371656 kB
Mem:          3.8G       3.7G       102M       5.7M        22M       3.3G

MemTotal:        4016004 kB
MemFree:          129800 kB
Active:           371684 kB
Mem:          3.8G       3.7G       125M       5.7M        22M       3.2G

MemTotal:        4016004 kB
MemFree:          105784 kB
Active:           371708 kB
Mem:          3.8G       3.7G       102M       5.7M        22M       3.3G

MemTotal:        4016004 kB
MemFree:          128540 kB
Active:           366744 kB
Mem:          3.8G       3.7G       124M       5.7M        22M       3.2G

MemTotal:        4016004 kB
MemFree:          126600 kB
Active:           368076 kB
Mem:          3.8G       3.7G       122M       5.7M        22M       3.2G

MemTotal:        4016004 kB
MemFree:          110948 kB
Active:           367940 kB
Mem:          3.8G       3.7G       108M       5.7M        22M       3.3G

MemTotal:        4016004 kB
MemFree:          113180 kB
Active:           367940 kB
Mem:          3.8G       3.7G       109M       5.7M        22M       3.3G

MemTotal:        4016004 kB
MemFree:          125020 kB
Active:           367996 kB
Mem:          3.8G       3.7G       132M       5.7M        22M       3.2G

MemTotal:        4016004 kB
MemFree:          123336 kB
Active:           367848 kB
Mem:          3.8G       3.7G       120M       5.7M        22M       3.3G

MemTotal:        4016004 kB
MemFree:          131552 kB
Active:           367868 kB
Mem:          3.8G       3.7G       127M       5.7M        22M       3.2G

MemTotal:        4016004 kB
MemFree:          119784 kB
Active:           367884 kB
Mem:          3.8G       3.7G       116M       5.7M        22M       3.3G

MemTotal:        4016004 kB
MemFree:          108280 kB
Active:           367924 kB
Mem:          3.8G       3.7G       104M       5.7M        22M       3.3G

MemTotal:        4016004 kB
MemFree:          133776 kB
Active:           366096 kB
Mem:          3.8G       3.7G       129M       5.7M        22M       3.2G

MemTotal:        4016004 kB
MemFree:          122380 kB
Active:           366092 kB
Mem:          3.8G       3.7G       118M       5.7M        22M       3.3G

MemTotal:        4016004 kB
MemFree:          109612 kB
Active:           366116 kB
Mem:          3.8G       3.7G       105M       5.7M        22M       3.3G

MemTotal:        4016004 kB
MemFree:          133208 kB
Active:           366156 kB
Mem:          3.8G       3.7G       129M       5.7M        22M       3.2G

MemTotal:        4016004 kB
MemFree:          133392 kB
Active:           366192 kB
Mem:          3.8G       3.7G       129M       5.7M        22M       3.2G

MemTotal:        4016004 kB
MemFree:          126316 kB
Active:           366204 kB
Mem:          3.8G       3.7G       123M       5.7M        22M       3.2G

MemTotal:        4016004 kB
MemFree:          126096 kB
Active:           366196 kB
Mem:          3.8G       3.7G       123M       5.7M        22M       3.2G

MemTotal:        4016004 kB
MemFree:          126456 kB
Active:           366220 kB
Mem:          3.8G       3.7G       123M       5.7M        22M       3.2G

MemTotal:        4016004 kB
MemFree:          120100 kB
Active:           366244 kB
Mem:          3.8G       3.7G       116M       5.7M        22M       3.3G

MemTotal:        4016004 kB
MemFree:          108364 kB
Active:           366268 kB
Mem:          3.8G       3.7G       105M       5.7M        22M       3.3G

MemTotal:        4016004 kB
MemFree:          132184 kB
Active:           366280 kB
Mem:          3.8G       3.7G       128M       5.7M        22M       3.2G

MemTotal:        4016004 kB
MemFree:          123208 kB
Active:           364388 kB
Mem:          3.8G       3.7G       119M       5.7M        22M       3.3G

MemTotal:        4016004 kB
MemFree:          121840 kB
Active:           364200 kB
Mem:          3.8G       3.7G       118M       5.7M        22M       3.3G

MemTotal:        4016004 kB
MemFree:          110600 kB
Active:           364228 kB
Mem:          3.8G       3.7G       107M       5.7M        22M       3.3G

MemTotal:        4016004 kB
MemFree:          133800 kB
Active:           364248 kB
Mem:          3.8G       3.7G       129M       5.7M        22M       3.2G

MemTotal:        4016004 kB
MemFree:          127992 kB
Active:           364292 kB
Mem:          3.8G       3.7G       124M       5.7M        22M       3.2G

MemTotal:        4016004 kB
MemFree:          116928 kB
Active:           364316 kB
Mem:          3.8G       3.7G       113M       5.7M        22M       3.3G

MemTotal:        4016004 kB
MemFree:          128256 kB
Active:           364340 kB
Mem:          3.8G       3.7G       124M       5.7M        22M       3.2G

MemTotal:        4016004 kB
MemFree:          130216 kB
Active:           364352 kB
Mem:          3.8G       3.7G       126M       5.7M        22M       3.2G

MemTotal:        4016004 kB
MemFree:          114944 kB
Active:           364388 kB
Mem:          3.8G       3.7G       111M       5.7M        22M       3.3G

MemTotal:        4016004 kB
MemFree:          121116 kB
Active:           364412 kB
Mem:          3.8G       3.7G       118M       5.7M        22M       3.2G

MemTotal:        4016004 kB
MemFree:          105064 kB
Active:           364372 kB
Mem:          3.8G       3.7G       124M       5.7M        22M       3.2G

MemTotal:        4016004 kB
MemFree:          117104 kB
Active:           364436 kB
Mem:          3.8G       3.7G       113M       5.7M        22M       3.3G

MemTotal:        4016004 kB
MemFree:          106332 kB
Active:           363344 kB
Mem:          3.8G       3.7G       102M       5.7M        22M       3.3G

MemTotal:        4016004 kB
MemFree:          127632 kB
Active:           363364 kB
Mem:          3.8G       3.7G       123M       5.7M        22M       3.2G

MemTotal:        4016004 kB
MemFree:          126280 kB
Active:           363396 kB
Mem:          3.8G       3.7G       122M       5.7M        23M       3.2G

MemTotal:        4016004 kB
MemFree:          136980 kB
Active:           363416 kB
Mem:          3.8G       3.7G       132M       5.7M        23M       3.2G

MemTotal:        4016004 kB
MemFree:          125848 kB
Active:           363440 kB
Mem:          3.8G       3.7G       121M       5.7M        23M       3.2G

MemTotal:        4016004 kB
MemFree:          138152 kB
Active:           363460 kB
Mem:          3.8G       3.7G       133M       5.7M        23M       3.2G

MemTotal:        4016004 kB
MemFree:          123372 kB
Active:           363484 kB
Mem:          3.8G       3.7G       120M       5.7M        23M       3.2G

MemTotal:        4016004 kB
MemFree:          123292 kB
Active:           363508 kB
Mem:          3.8G       3.7G       120M       5.7M        23M       3.2G

MemTotal:        4016004 kB
MemFree:          123384 kB
Active:           363484 kB
Mem:          3.8G       3.7G       120M       5.7M        23M       3.2G

MemTotal:        4016004 kB
MemFree:          132260 kB
Active:           363524 kB
Mem:          3.8G       3.7G       128M       5.7M        23M       3.2G

MemTotal:        4016004 kB
MemFree:          120896 kB
Active:           363552 kB
Mem:          3.8G       3.7G       117M       5.7M        23M       3.2G

MemTotal:        4016004 kB
MemFree:          125620 kB
Active:           363584 kB
Mem:          3.8G       3.7G       121M       5.7M        23M       3.2G

MemTotal:        4016004 kB
MemFree:          109020 kB
Active:           355536 kB
Mem:          3.8G       3.7G       105M       5.7M        23M       3.3G

MemTotal:        4016004 kB
MemFree:          133212 kB
Active:           355556 kB
Mem:          3.8G       3.7G       128M       5.7M        23M       3.2G

MemTotal:        4016004 kB
MemFree:          131860 kB
Active:           355580 kB
Mem:          3.8G       3.7G       127M       5.7M        23M       3.2G

MemTotal:        4016004 kB
MemFree:          120108 kB
Active:           355600 kB
Mem:          3.8G       3.7G       116M       5.7M        23M       3.2G

MemTotal:        4016004 kB
MemFree:          138440 kB
Active:           355624 kB
Mem:          3.8G       3.7G       135M       5.7M        23M       3.2G

MemTotal:        4016004 kB
MemFree:          134948 kB
Active:           355640 kB
Mem:          3.8G       3.7G       131M       5.7M        23M       3.2G

MemTotal:        4016004 kB
MemFree:          124888 kB
Active:           355660 kB
Mem:          3.8G       3.7G       120M       5.7M        23M       3.2G

MemTotal:        4016004 kB
MemFree:          133108 kB
Active:           355688 kB
Mem:          3.8G       3.7G       129M       5.7M        23M       3.2G

MemTotal:        4016004 kB
MemFree:          128196 kB
Active:           355716 kB
Mem:          3.8G       3.7G       124M       5.7M        23M       3.2G

MemTotal:        4016004 kB
MemFree:          123068 kB
Active:           355736 kB
Mem:          3.8G       3.7G       120M       5.7M        23M       3.2G

MemTotal:        4016004 kB
MemFree:          122888 kB
Active:           355740 kB
Mem:          3.8G       3.7G       120M       5.7M        23M       3.2G

MemTotal:        4016004 kB
MemFree:          124856 kB
Active:           355776 kB
Mem:          3.8G       3.7G       125M       5.7M        23M       3.2G

MemTotal:        4016004 kB
MemFree:          118544 kB
Active:           355672 kB
Mem:          3.8G       3.7G       114M       5.7M        23M       3.3G

MemTotal:        4016004 kB
MemFree:          106172 kB
Active:           355696 kB
Mem:          3.8G       3.7G       112M       5.7M        23M       3.3G

MemTotal:        4016004 kB
MemFree:          125560 kB
Active:           354348 kB
Mem:          3.8G       3.7G       121M       5.7M        23M       3.2G

MemTotal:        4016004 kB
MemFree:          123588 kB
Active:           354368 kB
Mem:          3.8G       3.7G       120M       5.7M        23M       3.2G

MemTotal:        4016004 kB
MemFree:          110968 kB
Active:           354392 kB
Mem:          3.8G       3.7G       107M       5.7M        23M       3.3G

MemTotal:        4016004 kB
MemFree:          111064 kB
Active:           354412 kB
Mem:          3.8G       3.7G       107M       5.7M        23M       3.3G

MemTotal:        4016004 kB
MemFree:          153552 kB
Active:           354432 kB
Mem:          3.8G       3.7G       149M       5.7M        23M       3.2G

MemTotal:        4016004 kB
MemFree:          153400 kB
Active:           354444 kB
Mem:          3.8G       3.7G       149M       5.7M        23M       3.2G

MemTotal:        4016004 kB
MemFree:          153552 kB
Active:           354432 kB
Mem:          3.8G       3.7G       149M       5.7M        23M       3.2G

MemTotal:        4016004 kB
MemFree:          114076 kB
Active:           354456 kB
Mem:          3.8G       3.7G       110M       5.7M        23M       3.3G

MemTotal:        4016004 kB
MemFree:          126504 kB
Active:           354480 kB
Mem:          3.8G       3.7G       122M       5.7M        23M       3.2G

MemTotal:        4016004 kB
MemFree:          134716 kB
Active:           354500 kB
Mem:          3.8G       3.7G       136M       5.7M        23M       3.2G

MemTotal:        4016004 kB
MemFree:          133752 kB
Active:           354528 kB
Mem:          3.8G       3.7G       130M       5.7M        23M       3.2G

MemTotal:        4016004 kB
MemFree:          146040 kB
Active:           354560 kB
Mem:          3.8G       3.7G       142M       5.7M        23M       3.2G

MemTotal:        4016004 kB
MemFree:          133776 kB
Active:           354576 kB
Mem:          3.8G       3.7G       130M       5.7M        23M       3.2G

MemTotal:        4016004 kB
MemFree:          122504 kB
Active:           354600 kB
Mem:          3.8G       3.7G       118M       5.7M        23M       3.2G

MemTotal:        4016004 kB
MemFree:          126848 kB
Active:           354624 kB
Mem:          3.8G       3.7G       123M       5.7M        23M       3.2G

MemTotal:        4016004 kB
MemFree:          117472 kB
Active:           352776 kB
Mem:          3.8G       3.7G       114M       5.7M        23M       3.2G

MemTotal:        4016004 kB
MemFree:          116080 kB
Active:           352684 kB
Mem:          3.8G       3.7G       112M       5.7M        23M       3.3G

MemTotal:        4016004 kB
MemFree:          133508 kB
Active:           352696 kB
Mem:          3.8G       3.7G       130M       5.7M        23M       3.2G

MemTotal:        4016004 kB
MemFree:          122300 kB
Active:           352724 kB
Mem:          3.8G       3.7G       119M       5.7M        23M       3.2G

MemTotal:        4016004 kB
MemFree:          129912 kB
Active:           352744 kB
Mem:          3.8G       3.7G       126M       5.7M        23M       3.2G

MemTotal:        4016004 kB
MemFree:          129792 kB
Active:           352704 kB
Mem:          3.8G       3.7G       126M       5.7M        23M       3.2G

MemTotal:        4016004 kB
MemFree:          128600 kB
Active:           352760 kB
Mem:          3.8G       3.7G       125M       5.7M        23M       3.2G

MemTotal:        4016004 kB
MemFree:          105796 kB
Active:           352780 kB
Mem:          3.8G       3.7G       102M       5.7M        23M       3.3G

MemTotal:        4016004 kB
MemFree:          129988 kB
Active:           352812 kB
Mem:          3.8G       3.7G       125M       5.7M        23M       3.2G

MemTotal:        4016004 kB
MemFree:          128388 kB
Active:           352844 kB
Mem:          3.8G       3.7G       124M       5.7M        23M       3.2G

MemTotal:        4016004 kB
MemFree:          110684 kB
Active:           352868 kB
Mem:          3.8G       3.7G       107M       5.7M        23M       3.3G

MemTotal:        4016004 kB
MemFree:          134208 kB
Active:           352896 kB
Mem:          3.8G       3.7G       130M       5.7M        23M       3.2G

MemTotal:        4016004 kB
MemFree:          133076 kB
Active:           352916 kB
Mem:          3.8G       3.7G       128M       5.7M        24M       3.2G

MemTotal:        4016004 kB
MemFree:          123536 kB
Active:           352944 kB
Mem:          3.8G       3.7G       120M       5.7M        24M       3.2G

MemTotal:        4016004 kB
MemFree:          123532 kB
Active:           352960 kB
Mem:          3.8G       3.7G       120M       5.7M        24M       3.2G

MemTotal:        4016004 kB
MemFree:          123816 kB
Active:           352948 kB
Mem:          3.8G       3.7G       120M       5.7M        24M       3.2G

MemTotal:        4016004 kB
MemFree:          106972 kB
Active:           352956 kB
Mem:          3.8G       3.7G       103M       5.7M        24M       3.3G

MemTotal:        4016004 kB
MemFree:          131308 kB
Active:           352980 kB
Mem:          3.8G       3.7G       127M       5.7M        24M       3.2G

MemTotal:        4016004 kB
MemFree:          137784 kB
Active:           353000 kB
Mem:          3.8G       3.7G       133M       5.7M        24M       3.2G

MemTotal:        4016004 kB
MemFree:          128172 kB
Active:           351376 kB
Mem:          3.8G       3.7G       124M       5.7M        24M       3.2G

MemTotal:        4016004 kB
MemFree:          109460 kB
Active:           351232 kB
Mem:          3.8G       3.7G       105M       5.7M        24M       3.3G

MemTotal:        4016004 kB
MemFree:          126708 kB
Active:           351252 kB
Mem:          3.8G       3.7G       123M       5.7M        24M       3.2G

MemTotal:        4016004 kB
MemFree:          109236 kB
Active:           351276 kB
Mem:          3.8G       3.7G       105M       5.7M        24M       3.3G

MemTotal:        4016004 kB
MemFree:          135076 kB
Active:           351320 kB
Mem:          3.8G       3.7G       131M       5.7M        24M       3.2G

MemTotal:        4016004 kB
MemFree:          109624 kB
Active:           351336 kB
Mem:          3.8G       3.7G       106M       5.7M        24M       3.3G

MemTotal:        4016004 kB
MemFree:          115988 kB
Active:           351364 kB
Mem:          3.8G       3.7G       112M       5.7M        24M       3.2G

MemTotal:        4016004 kB
MemFree:          116184 kB
Active:           351388 kB
Mem:          3.8G       3.7G       113M       5.7M        24M       3.2G

MemTotal:        4016004 kB
MemFree:          128008 kB
Active:           351404 kB
Mem:          3.8G       3.7G       123M       5.7M        24M       3.2G

MemTotal:        4016004 kB
MemFree:          141244 kB
Active:           351424 kB
Mem:          3.8G       3.7G       137M       5.7M        24M       3.2G

MemTotal:        4016004 kB
MemFree:          141248 kB
Active:           351400 kB
Mem:          3.8G       3.7G       137M       5.7M        24M       3.2G

MemTotal:        4016004 kB
MemFree:          125568 kB
Active:           351428 kB
Mem:          3.8G       3.7G       122M       5.7M        24M       3.2G

MemTotal:        4016004 kB
MemFree:          113428 kB
Active:           351452 kB
Mem:          3.8G       3.7G       109M       5.7M        24M       3.3G

MemTotal:        4016004 kB
MemFree:          125204 kB
Active:           351480 kB
Mem:          3.8G       3.7G       126M       5.7M        24M       3.2G

MemTotal:        4016004 kB
MemFree:          124572 kB
Active:           351508 kB
Mem:          3.8G       3.7G       125M       5.7M        24M       3.2G

MemTotal:        4016004 kB
MemFree:          124252 kB
Active:           351536 kB
Mem:          3.8G       3.7G       131M       5.7M        24M       3.2G

MemTotal:        4016004 kB
MemFree:          125008 kB
Active:           351412 kB
Mem:          3.8G       3.7G       133M       5.7M        24M       3.2G

MemTotal:        4016004 kB
MemFree:          137208 kB
Active:           351228 kB
Mem:          3.8G       3.7G       134M       5.7M        24M       3.2G

MemTotal:        4016004 kB
MemFree:          137456 kB
Active:           351236 kB
Mem:          3.8G       3.7G       134M       5.7M        24M       3.2G

MemTotal:        4016004 kB
MemFree:          137580 kB
Active:           351240 kB
Mem:          3.8G       3.7G       134M       5.7M        24M       3.2G

MemTotal:        4016004 kB
MemFree:          137704 kB
Active:           351280 kB
Mem:          3.8G       3.7G       134M       5.7M        24M       3.2G

MemTotal:        4016004 kB
MemFree:          137952 kB
Active:           351264 kB
Mem:          3.8G       3.7G       134M       5.7M        24M       3.2G

MemTotal:        4016004 kB
MemFree:          137704 kB
Active:           351264 kB
Mem:          3.8G       3.7G       134M       5.7M        24M       3.2G

MemTotal:        4016004 kB
MemFree:          137564 kB
Active:           351292 kB
Mem:          3.8G       3.7G       134M       5.7M        24M       3.2G

MemTotal:        4016004 kB
MemFree:          135456 kB
Active:           353540 kB
Mem:          3.8G       3.7G       132M       5.7M        26M       3.2G

MemTotal:        4016004 kB
MemFree:          135456 kB
Active:           353588 kB
Mem:          3.8G       3.7G       132M       5.7M        26M       3.2G

MemTotal:        4016004 kB
MemFree:          135332 kB
Active:           353560 kB
Mem:          3.8G       3.7G       132M       5.7M        26M       3.2G

MemTotal:        4016004 kB
MemFree:          135456 kB
Active:           353576 kB
Mem:          3.8G       3.7G       132M       5.7M        26M       3.2G

MemTotal:        4016004 kB
MemFree:          135332 kB
Active:           353556 kB
Mem:          3.8G       3.7G       132M       5.7M        26M       3.2G

MemTotal:        4016004 kB
MemFree:          135332 kB
Active:           353552 kB
Mem:          3.8G       3.7G       132M       5.7M        26M       3.2G

MemTotal:        4016004 kB
MemFree:          135332 kB
Active:           353576 kB
Mem:          3.8G       3.7G       132M       5.7M        26M       3.2G

MemTotal:        4016004 kB
MemFree:          135456 kB
Active:           353552 kB
Mem:          3.8G       3.7G       132M       5.7M        26M       3.2G

MemTotal:        4016004 kB
MemFree:          135332 kB
Active:           353556 kB
Mem:          3.8G       3.7G       131M       5.7M        26M       3.2G

MemTotal:        4016004 kB
MemFree:          135332 kB
Active:           353576 kB
Mem:          3.8G       3.7G       132M       5.7M        26M       3.2G

MemTotal:        4016004 kB
MemFree:          134960 kB
Active:           353604 kB
Mem:          3.8G       3.7G       131M       5.7M        26M       3.2G

MemTotal:        4016004 kB
MemFree:          135084 kB
Active:           353584 kB
Mem:          3.8G       3.7G       131M       5.7M        26M       3.2G

MemTotal:        4016004 kB
MemFree:          134960 kB
Active:           353576 kB
Mem:          3.8G       3.7G       131M       5.7M        26M       3.2G

MemTotal:        4016004 kB
MemFree:          134504 kB
Active:           353604 kB
Mem:          3.8G       3.7G       131M       5.7M        26M       3.2G

MemTotal:        4016004 kB
MemFree:          134724 kB
Active:           353588 kB
Mem:          3.8G       3.7G       131M       5.7M        26M       3.2G

MemTotal:        4016004 kB
MemFree:          135044 kB
Active:           353580 kB
Mem:          3.8G       3.7G       131M       5.7M        26M       3.2G

MemTotal:        4016004 kB
MemFree:          135108 kB
Active:           353616 kB
Mem:          3.8G       3.7G       131M       5.7M        26M       3.2G

MemTotal:        4016004 kB
MemFree:          135124 kB
Active:           353600 kB
Mem:          3.8G       3.7G       131M       5.7M        26M       3.2G

MemTotal:        4016004 kB
MemFree:          135140 kB
Active:           353616 kB
Mem:          3.8G       3.7G       131M       5.7M        26M       3.2G

MemTotal:        4016004 kB
MemFree:          135264 kB
Active:           353616 kB
Mem:          3.8G       3.7G       132M       5.7M        26M       3.2G

MemTotal:        4016004 kB
MemFree:          135264 kB
Active:           353572 kB
Mem:          3.8G       3.7G       131M       5.7M        26M       3.2G

MemTotal:        4016004 kB
MemFree:          135388 kB
Active:           353576 kB
Mem:          3.8G       3.7G       131M       5.7M        26M       3.2G

MemTotal:        4016004 kB
MemFree:          135388 kB
Active:           353576 kB
Mem:          3.8G       3.7G       131M       5.7M        26M       3.2G

MemTotal:        4016004 kB
MemFree:          135264 kB
Active:           353624 kB
Mem:          3.8G       3.7G       131M       5.7M        26M       3.2G

MemTotal:        4016004 kB
MemFree:          135264 kB
Active:           353620 kB
Mem:          3.8G       3.7G       132M       5.7M        26M       3.2G

MemTotal:        4016004 kB
MemFree:          135264 kB
Active:           353592 kB
Mem:          3.8G       3.7G       132M       5.7M        26M       3.2G

MemTotal:        4016004 kB
MemFree:          135264 kB
Active:           353628 kB
Mem:          3.8G       3.7G       131M       5.7M        26M       3.2G

MemTotal:        4016004 kB
MemFree:          135264 kB
Active:           353600 kB
Mem:          3.8G       3.7G       131M       5.7M        26M       3.2G

MemTotal:        4016004 kB
MemFree:          135264 kB
Active:           353612 kB
Mem:          3.8G       3.7G       131M       5.7M        26M       3.2G

MemTotal:        4016004 kB
MemFree:          135264 kB
Active:           353580 kB
Mem:          3.8G       3.7G       131M       5.7M        26M       3.2G

MemTotal:        4016004 kB
MemFree:          135264 kB
Active:           353616 kB
Mem:          3.8G       3.7G       131M       5.7M        26M       3.2G

MemTotal:        4016004 kB
MemFree:          135264 kB
Active:           353612 kB
Mem:          3.8G       3.7G       132M       5.7M        26M       3.2G

MemTotal:        4016004 kB
MemFree:          135264 kB
Active:           353628 kB
Mem:          3.8G       3.7G       132M       5.7M        26M       3.2G

MemTotal:        4016004 kB
MemFree:          135264 kB
Active:           353608 kB
Mem:          3.8G       3.7G       131M       5.7M        26M       3.2G

MemTotal:        4016004 kB
MemFree:          135140 kB
Active:           353612 kB
Mem:          3.8G       3.7G       131M       5.7M        26M       3.2G

MemTotal:        4016004 kB
MemFree:          135140 kB
Active:           353636 kB
Mem:          3.8G       3.7G       131M       5.7M        26M       3.2G

MemTotal:        4016004 kB
MemFree:          135092 kB
Active:           353612 kB
Mem:          3.8G       3.7G       131M       5.7M        26M       3.2G

MemTotal:        4016004 kB
MemFree:          134768 kB
Active:           353652 kB
Mem:          3.8G       3.7G       131M       5.7M        26M       3.2G

MemTotal:        4016004 kB
MemFree:          134768 kB
Active:           353640 kB
Mem:          3.8G       3.7G       131M       5.7M        26M       3.2G

MemTotal:        4016004 kB
MemFree:          134768 kB
Active:           353640 kB
Mem:          3.8G       3.7G       131M       5.7M        26M       3.2G

MemTotal:        4016004 kB
MemFree:          134768 kB
Active:           353652 kB
Mem:          3.8G       3.7G       131M       5.7M        26M       3.2G

MemTotal:        4016004 kB
MemFree:          134644 kB
Active:           353632 kB
Mem:          3.8G       3.7G       131M       5.7M        26M       3.2G

MemTotal:        4016004 kB
MemFree:          134644 kB
Active:           353656 kB
Mem:          3.8G       3.7G       131M       5.7M        26M       3.2G

MemTotal:        4016004 kB
MemFree:          134644 kB
Active:           353636 kB
Mem:          3.8G       3.7G       131M       5.7M        26M       3.2G

MemTotal:        4016004 kB
MemFree:          134768 kB
Active:           353648 kB
Mem:          3.8G       3.7G       131M       5.7M        26M       3.2G

MemTotal:        4016004 kB
MemFree:          134644 kB
Active:           353640 kB
Mem:          3.8G       3.7G       131M       5.7M        26M       3.2G

MemTotal:        4016004 kB
MemFree:          135140 kB
Active:           353656 kB
Mem:          3.8G       3.7G       132M       5.7M        26M       3.2G

MemTotal:        4016004 kB
MemFree:          135016 kB
Active:           353632 kB
Mem:          3.8G       3.7G       131M       5.7M        26M       3.2G

MemTotal:        4016004 kB
MemFree:          135016 kB
Active:           353668 kB
Mem:          3.8G       3.7G       131M       5.7M        26M       3.2G

MemTotal:        4016004 kB
MemFree:          134520 kB
Active:           353712 kB
Mem:          3.8G       3.7G       131M       5.7M        26M       3.2G

MemTotal:        4016004 kB
MemFree:          134892 kB
Active:           353684 kB
Mem:          3.8G       3.7G       131M       5.7M        26M       3.2G

MemTotal:        4016004 kB
MemFree:          135016 kB
Active:           353688 kB
Mem:          3.8G       3.7G       131M       5.7M        26M       3.2G

MemTotal:        4016004 kB
MemFree:          135016 kB
Active:           353968 kB
Mem:          3.8G       3.7G       131M       5.7M        26M       3.2G

MemTotal:        4016004 kB
MemFree:          134008 kB
Active:           353796 kB
Mem:          3.8G       3.7G       131M       5.7M        26M       3.2G

MemTotal:        4016004 kB
MemFree:          134008 kB
Active:           353796 kB
Mem:          3.8G       3.7G       131M       5.7M        26M       3.2G

MemTotal:        4016004 kB
MemFree:          134488 kB
Active:           353772 kB
Mem:          3.8G       3.7G       131M       5.7M        26M       3.2G

MemTotal:        4016004 kB
MemFree:          134380 kB
Active:           353792 kB
Mem:          3.8G       3.7G       131M       5.7M        26M       3.2G

MemTotal:        4016004 kB
MemFree:          134256 kB
Active:           353808 kB
Mem:          3.8G       3.7G       131M       5.7M        26M       3.2G

MemTotal:        4016004 kB
MemFree:          134380 kB
Active:           353792 kB
Mem:          3.8G       3.7G       131M       5.7M        26M       3.2G

MemTotal:        4016004 kB
MemFree:          134876 kB
Active:           353788 kB
Mem:          3.8G       3.7G       131M       5.7M        26M       3.2G

MemTotal:        4016004 kB
MemFree:          134876 kB
Active:           353804 kB
Mem:          3.8G       3.7G       131M       5.7M        26M       3.2G

MemTotal:        4016004 kB
MemFree:          134876 kB
Active:           353768 kB
Mem:          3.8G       3.7G       131M       5.7M        26M       3.2G

MemTotal:        4016004 kB
MemFree:          134876 kB
Active:           353780 kB
Mem:          3.8G       3.7G       131M       5.7M        26M       3.2G

MemTotal:        4016004 kB
MemFree:          134876 kB
Active:           353812 kB
Mem:          3.8G       3.7G       131M       5.7M        26M       3.2G

MemTotal:        4016004 kB
MemFree:          134876 kB
Active:           353820 kB
Mem:          3.8G       3.7G       131M       5.7M        26M       3.2G

MemTotal:        4016004 kB
MemFree:          134504 kB
Active:           353832 kB
Mem:          3.8G       3.7G       131M       5.7M        26M       3.2G

MemTotal:        4016004 kB
MemFree:          134752 kB
Active:           353804 kB
Mem:          3.8G       3.7G       131M       5.7M        26M       3.2G

MemTotal:        4016004 kB
MemFree:          134628 kB
Active:           353804 kB
Mem:          3.8G       3.7G       131M       5.7M        26M       3.2G

MemTotal:        4016004 kB
MemFree:          134644 kB
Active:           353796 kB
Mem:          3.8G       3.7G       131M       5.7M        26M       3.2G

MemTotal:        4016004 kB
MemFree:          134644 kB
Active:           353824 kB
Mem:          3.8G       3.7G       131M       5.7M        26M       3.2G

MemTotal:        4016004 kB
MemFree:          134768 kB
Active:           353788 kB
Mem:          3.8G       3.7G       131M       5.7M        26M       3.2G

MemTotal:        4016004 kB
MemFree:          134892 kB
Active:           353812 kB
Mem:          3.8G       3.7G       131M       5.7M        26M       3.2G

MemTotal:        4016004 kB
MemFree:          134892 kB
Active:           353832 kB
Mem:          3.8G       3.7G       131M       5.7M        26M       3.2G

MemTotal:        4016004 kB
MemFree:          134768 kB
Active:           353796 kB
Mem:          3.8G       3.7G       131M       5.7M        26M       3.2G

MemTotal:        4016004 kB
MemFree:          134768 kB
Active:           353832 kB
Mem:          3.8G       3.7G       131M       5.7M        26M       3.2G

MemTotal:        4016004 kB
MemFree:          134892 kB
Active:           353796 kB
Mem:          3.8G       3.7G       131M       5.7M        26M       3.2G

MemTotal:        4016004 kB
MemFree:          134892 kB
Active:           353828 kB
Mem:          3.8G       3.7G       131M       5.7M        26M       3.2G

MemTotal:        4016004 kB
MemFree:          134768 kB
Active:           353800 kB
Mem:          3.8G       3.7G       131M       5.7M        26M       3.2G

MemTotal:        4016004 kB
MemFree:          134768 kB
Active:           353808 kB
Mem:          3.8G       3.7G       131M       5.7M        26M       3.2G

MemTotal:        4016004 kB
MemFree:          134892 kB
Active:           353812 kB
Mem:          3.8G       3.7G       131M       5.7M        26M       3.2G

MemTotal:        4016004 kB
MemFree:          134892 kB
Active:           353836 kB
Mem:          3.8G       3.7G       131M       5.7M        26M       3.2G

MemTotal:        4016004 kB
MemFree:          134892 kB
Active:           353828 kB
Mem:          3.8G       3.7G       131M       5.7M        26M       3.2G

MemTotal:        4016004 kB
MemFree:          134768 kB
Active:           353828 kB
Mem:          3.8G       3.7G       131M       5.7M        26M       3.2G

MemTotal:        4016004 kB
MemFree:          134768 kB
Active:           353836 kB
Mem:          3.8G       3.7G       131M       5.7M        26M       3.2G

MemTotal:        4016004 kB
MemFree:          134768 kB
Active:           353800 kB
Mem:          3.8G       3.7G       131M       5.7M        26M       3.2G

MemTotal:        4016004 kB
MemFree:          134768 kB
Active:           353812 kB
Mem:          3.8G       3.7G       131M       5.7M        26M       3.2G

MemTotal:        4016004 kB
MemFree:          134768 kB
Active:           353848 kB
Mem:          3.8G       3.7G       131M       5.7M        26M       3.2G

MemTotal:        4016004 kB
MemFree:          134768 kB
Active:           353832 kB
Mem:          3.8G       3.7G       131M       5.7M        26M       3.2G

MemTotal:        4016004 kB
MemFree:          134892 kB
Active:           353844 kB
Mem:          3.8G       3.7G       131M       5.7M        26M       3.2G

MemTotal:        4016004 kB
MemFree:          134520 kB
Active:           353852 kB
Mem:          3.8G       3.7G       131M       5.7M        26M       3.2G

MemTotal:        4016004 kB
MemFree:          134768 kB
Active:           353824 kB
Mem:          3.8G       3.7G       131M       5.7M        26M       3.2G

MemTotal:        4016004 kB
MemFree:          134752 kB
Active:           353860 kB
Mem:          3.8G       3.7G       131M       5.7M        26M       3.2G

MemTotal:        4016004 kB
MemFree:          134768 kB
Active:           353860 kB
Mem:          3.8G       3.7G       131M       5.7M        26M       3.2G

MemTotal:        4016004 kB
MemFree:          134644 kB
Active:           353836 kB
Mem:          3.8G       3.7G       131M       5.7M        26M       3.2G

MemTotal:        4016004 kB
MemFree:          134520 kB
Active:           353848 kB
Mem:          3.8G       3.7G       131M       5.7M        26M       3.2G

MemTotal:        4016004 kB
MemFree:          134396 kB
Active:           353844 kB
Mem:          3.8G       3.7G       131M       5.7M        26M       3.2G

MemTotal:        4016004 kB
MemFree:          134148 kB
Active:           353872 kB
Mem:          3.8G       3.7G       131M       5.7M        26M       3.2G

MemTotal:        4016004 kB
MemFree:          134024 kB
Active:           353872 kB
Mem:          3.8G       3.7G       130M       5.7M        26M       3.2G

MemTotal:        4016004 kB
MemFree:          134024 kB
Active:           353872 kB
Mem:          3.8G       3.7G       131M       5.7M        26M       3.2G

MemTotal:        4016004 kB
MemFree:          134396 kB
Active:           353864 kB
Mem:          3.8G       3.7G       131M       5.7M        26M       3.2G

MemTotal:        4016004 kB
MemFree:          134024 kB
Active:           353876 kB
Mem:          3.8G       3.7G       131M       5.7M        26M       3.2G

MemTotal:        4016004 kB
MemFree:          134396 kB
Active:           353868 kB
Mem:          3.8G       3.7G       131M       5.7M        26M       3.2G

MemTotal:        4016004 kB
MemFree:          134396 kB
Active:           353860 kB
Mem:          3.8G       3.7G       131M       5.7M        26M       3.2G

MemTotal:        4016004 kB
MemFree:          134396 kB
Active:           353884 kB
Mem:          3.8G       3.7G       130M       5.7M        26M       3.2G

MemTotal:        4016004 kB
MemFree:          134272 kB
Active:           353856 kB
Mem:          3.8G       3.7G       131M       5.7M        26M       3.2G

MemTotal:        4016004 kB
MemFree:          134396 kB
Active:           353892 kB
Mem:          3.8G       3.7G       131M       5.7M        26M       3.2G

MemTotal:        4016004 kB
MemFree:          134768 kB
Active:           353872 kB
Mem:          3.8G       3.7G       131M       5.7M        26M       3.2G

MemTotal:        4016004 kB
MemFree:          134768 kB
Active:           353896 kB
Mem:          3.8G       3.7G       131M       5.7M        26M       3.2G

MemTotal:        4016004 kB
MemFree:          134892 kB
Active:           353864 kB
Mem:          3.8G       3.7G       131M       5.7M        26M       3.2G

MemTotal:        4016004 kB
MemFree:          134768 kB
Active:           353884 kB
Mem:          3.8G       3.7G       131M       5.7M        26M       3.2G

MemTotal:        4016004 kB
MemFree:          134768 kB
Active:           353904 kB
Mem:          3.8G       3.7G       131M       5.7M        26M       3.2G

MemTotal:        4016004 kB
MemFree:          134644 kB
Active:           353888 kB
Mem:          3.8G       3.7G       131M       5.7M        26M       3.2G

MemTotal:        4016004 kB
MemFree:          134768 kB
Active:           353896 kB
Mem:          3.8G       3.7G       131M       5.7M        26M       3.2G

MemTotal:        4016004 kB
MemFree:          134644 kB
Active:           353896 kB
Mem:          3.8G       3.7G       131M       5.7M        26M       3.2G

MemTotal:        4016004 kB
MemFree:          134024 kB
Active:           353968 kB
Mem:          3.8G       3.7G       131M       5.7M        26M       3.2G

MemTotal:        4016004 kB
MemFree:          134396 kB
Active:           353972 kB
Mem:          3.8G       3.7G       131M       5.7M        26M       3.2G

MemTotal:        4016004 kB
MemFree:          134272 kB
Active:           353932 kB
Mem:          3.8G       3.7G       131M       5.7M        26M       3.2G

MemTotal:        4016004 kB
MemFree:          134396 kB
Active:           353956 kB
Mem:          3.8G       3.7G       131M       5.7M        26M       3.2G

MemTotal:        4016004 kB
MemFree:          134272 kB
Active:           353980 kB
Mem:          3.8G       3.7G       131M       5.7M        26M       3.2G

MemTotal:        4016004 kB
MemFree:          134148 kB
Active:           353980 kB
Mem:          3.8G       3.7G       131M       5.7M        26M       3.2G

MemTotal:        4016004 kB
MemFree:          134520 kB
Active:           353980 kB
Mem:          3.8G       3.7G       131M       5.7M        26M       3.2G

MemTotal:        4016004 kB
MemFree:          134148 kB
Active:           353956 kB
Mem:          3.8G       3.7G       130M       5.7M        26M       3.2G

MemTotal:        4016004 kB
MemFree:          134148 kB
Active:           353984 kB
Mem:          3.8G       3.7G       131M       5.7M        26M       3.2G

MemTotal:        4016004 kB
MemFree:          134148 kB
Active:           353944 kB
Mem:          3.8G       3.7G       131M       5.7M        26M       3.2G

MemTotal:        4016004 kB
MemFree:          134272 kB
Active:           353976 kB
Mem:          3.8G       3.7G       131M       5.7M        26M       3.2G

MemTotal:        4016004 kB
MemFree:          134148 kB
Active:           353956 kB
Mem:          3.8G       3.7G       131M       5.7M        26M       3.2G

MemTotal:        4016004 kB
MemFree:          134148 kB
Active:           353956 kB
Mem:          3.8G       3.7G       130M       5.7M        26M       3.2G

MemTotal:        4016004 kB
MemFree:          134396 kB
Active:           353956 kB
Mem:          3.8G       3.7G       130M       5.7M        26M       3.2G

MemTotal:        4016004 kB
MemFree:          134520 kB
Active:           353952 kB
Mem:          3.8G       3.7G       131M       5.7M        26M       3.2G

MemTotal:        4016004 kB
MemFree:          134520 kB
Active:           353972 kB
Mem:          3.8G       3.7G       131M       5.7M        26M       3.2G

MemTotal:        4016004 kB
MemFree:          134644 kB
Active:           353956 kB
Mem:          3.8G       3.7G       131M       5.7M        26M       3.2G

MemTotal:        4016004 kB
MemFree:          134520 kB
Active:           353988 kB
Mem:          3.8G       3.7G       131M       5.7M        26M       3.2G

MemTotal:        4016004 kB
MemFree:          134396 kB
Active:           353960 kB
Mem:          3.8G       3.7G       131M       5.7M        26M       3.2G

MemTotal:        4016004 kB
MemFree:          134520 kB
Active:           353972 kB
Mem:          3.8G       3.7G       131M       5.7M        26M       3.2G

MemTotal:        4016004 kB
MemFree:          134520 kB
Active:           354004 kB
Mem:          3.8G       3.7G       131M       5.7M        26M       3.2G

MemTotal:        4016004 kB
MemFree:          134520 kB
Active:           353996 kB
Mem:          3.8G       3.7G       131M       5.7M        26M       3.2G

MemTotal:        4016004 kB
MemFree:          133900 kB
Active:           354008 kB
Mem:          3.8G       3.7G       130M       5.7M        26M       3.2G

MemTotal:        4016004 kB
MemFree:          134396 kB
Active:           354008 kB
Mem:          3.8G       3.7G       130M       5.7M        26M       3.2G

MemTotal:        4016004 kB
MemFree:          134272 kB
Active:           353960 kB
Mem:          3.8G       3.7G       131M       5.7M        26M       3.2G

MemTotal:        4016004 kB
MemFree:          134272 kB
Active:           354008 kB
Mem:          3.8G       3.7G       131M       5.7M        26M       3.2G

MemTotal:        4016004 kB
MemFree:          134396 kB
Active:           354016 kB
Mem:          3.8G       3.7G       131M       5.7M        26M       3.2G

MemTotal:        4016004 kB
MemFree:          134396 kB
Active:           354004 kB
Mem:          3.8G       3.7G       131M       5.7M        26M       3.2G

MemTotal:        4016004 kB
MemFree:          134520 kB
Active:           354012 kB
Mem:          3.8G       3.7G       131M       5.7M        26M       3.2G

MemTotal:        4016004 kB
MemFree:          134272 kB
Active:           353992 kB
Mem:          3.8G       3.7G       131M       5.7M        26M       3.2G

MemTotal:        4016004 kB
MemFree:          134396 kB
Active:           353984 kB
Mem:          3.8G       3.7G       131M       5.7M        26M       3.2G

MemTotal:        4016004 kB
MemFree:          134396 kB
Active:           354020 kB
Mem:          3.8G       3.7G       130M       5.7M        26M       3.2G

MemTotal:        4016004 kB
MemFree:          134132 kB
Active:           353992 kB
Mem:          3.8G       3.7G       130M       5.7M        26M       3.2G

MemTotal:        4016004 kB
MemFree:          134024 kB
Active:           354036 kB
Mem:          3.8G       3.7G       130M       5.7M        26M       3.2G

MemTotal:        4016004 kB
MemFree:          134148 kB
Active:           353996 kB
Mem:          3.8G       3.7G       130M       5.7M        26M       3.2G

MemTotal:        4016004 kB
MemFree:          134148 kB
Active:           354036 kB
Mem:          3.8G       3.7G       130M       5.7M        26M       3.2G

MemTotal:        4016004 kB
MemFree:          134148 kB
Active:           354020 kB
Mem:          3.8G       3.7G       131M       5.7M        26M       3.2G

MemTotal:        4016004 kB
MemFree:          134396 kB
Active:           354044 kB
Mem:          3.8G       3.7G       131M       5.7M        26M       3.2G

MemTotal:        4016004 kB
MemFree:          134272 kB
Active:           354044 kB
Mem:          3.8G       3.7G       131M       5.7M        26M       3.2G

MemTotal:        4016004 kB
MemFree:          134148 kB
Active:           354044 kB
Mem:          3.8G       3.7G       130M       5.7M        26M       3.2G

MemTotal:        4016004 kB
MemFree:          134272 kB
Active:           354044 kB
Mem:          3.8G       3.7G       130M       5.7M        26M       3.2G

MemTotal:        4016004 kB
MemFree:          134272 kB
Active:           354044 kB
Mem:          3.8G       3.7G       131M       5.7M        26M       3.2G

MemTotal:        4016004 kB
MemFree:          134396 kB
Active:           354036 kB
Mem:          3.8G       3.7G       131M       5.7M        26M       3.2G

MemTotal:        4016004 kB
MemFree:          134396 kB
Active:           354052 kB
Mem:          3.8G       3.7G       131M       5.7M        26M       3.2G

MemTotal:        4016004 kB
MemFree:          133900 kB
Active:           354056 kB
Mem:          3.8G       3.7G       131M       5.7M        26M       3.2G

MemTotal:        4016004 kB
MemFree:          134272 kB
Active:           354024 kB
Mem:          3.8G       3.7G       131M       5.7M        26M       3.2G

MemTotal:        4016004 kB
MemFree:          134396 kB
Active:           354052 kB
Mem:          3.8G       3.7G       131M       5.7M        26M       3.2G

MemTotal:        4016004 kB
MemFree:          134396 kB
Active:           354048 kB
Mem:          3.8G       3.7G       131M       5.7M        26M       3.2G

MemTotal:        4016004 kB
MemFree:          134148 kB
Active:           354072 kB
Mem:          3.8G       3.7G       130M       5.7M        26M       3.2G

MemTotal:        4016004 kB
MemFree:          133900 kB
Active:           354080 kB
Mem:          3.8G       3.7G       130M       5.7M        26M       3.2G

MemTotal:        4016004 kB
MemFree:          134272 kB
Active:           354060 kB
Mem:          3.8G       3.7G       131M       5.7M        26M       3.2G

MemTotal:        4016004 kB
MemFree:          133776 kB
Active:           354080 kB
Mem:          3.8G       3.7G       131M       5.7M        26M       3.2G

MemTotal:        4016004 kB
MemFree:          134396 kB
Active:           354080 kB
Mem:          3.8G       3.7G       131M       5.7M        26M       3.2G

MemTotal:        4016004 kB
MemFree:          134272 kB
Active:           354064 kB
Mem:          3.8G       3.7G       131M       5.7M        26M       3.2G

MemTotal:        4016004 kB
MemFree:          135036 kB
Active:           353768 kB
Mem:          3.8G       3.7G       131M       5.7M        26M       3.2G

MemTotal:        4016004 kB
MemFree:          135036 kB
Active:           353736 kB
Mem:          3.8G       3.7G       131M       5.7M        26M       3.2G

MemTotal:        4016004 kB
MemFree:          134788 kB
Active:           353776 kB
Mem:          3.8G       3.7G       131M       5.7M        26M       3.2G

MemTotal:        4016004 kB
MemFree:          134912 kB
Active:           353772 kB
Mem:          3.8G       3.7G       131M       5.7M        26M       3.2G

MemTotal:        4016004 kB
MemFree:          134788 kB
Active:           353740 kB
Mem:          3.8G       3.7G       131M       5.7M        26M       3.2G

MemTotal:        4016004 kB
MemFree:          134664 kB
Active:           353780 kB
Mem:          3.8G       3.7G       131M       5.7M        26M       3.2G

MemTotal:        4016004 kB
MemFree:          134540 kB
Active:           353788 kB
Mem:          3.8G       3.7G       131M       5.7M        26M       3.2G

MemTotal:        4016004 kB
MemFree:          134416 kB
Active:           353792 kB
Mem:          3.8G       3.7G       131M       5.7M        26M       3.2G

MemTotal:        4016004 kB
MemFree:          134664 kB
Active:           353736 kB
Mem:          3.8G       3.7G       131M       5.7M        26M       3.2G

MemTotal:        4016004 kB
MemFree:          134664 kB
Active:           353764 kB
Mem:          3.8G       3.7G       131M       5.7M        26M       3.2G

MemTotal:        4016004 kB
MemFree:          134868 kB
Active:           353760 kB
Mem:          3.8G       3.7G       131M       5.7M        26M       3.2G

MemTotal:        4016004 kB
MemFree:          134744 kB
Active:           353792 kB
Mem:          3.8G       3.7G       131M       5.7M        26M       3.2G

MemTotal:        4016004 kB
MemFree:          134868 kB
Active:           353768 kB
Mem:          3.8G       3.7G       131M       5.7M        26M       3.2G

MemTotal:        4016004 kB
MemFree:          134868 kB
Active:           353780 kB
Mem:          3.8G       3.7G       131M       5.7M        26M       3.2G

MemTotal:        4016004 kB
MemFree:          134992 kB
Active:           353760 kB
Mem:          3.8G       3.7G       131M       5.7M        26M       3.2G

MemTotal:        4016004 kB
MemFree:          134992 kB
Active:           353792 kB
Mem:          3.8G       3.7G       131M       5.7M        26M       3.2G

MemTotal:        4016004 kB
MemFree:          134992 kB
Active:           353796 kB
Mem:          3.8G       3.7G       131M       5.7M        26M       3.2G

MemTotal:        4016004 kB
MemFree:          134992 kB
Active:           353756 kB
Mem:          3.8G       3.7G       131M       5.7M        26M       3.2G

MemTotal:        4016004 kB
MemFree:          134992 kB
Active:           353792 kB
Mem:          3.8G       3.7G       131M       5.7M        26M       3.2G

MemTotal:        4016004 kB
MemFree:          134744 kB
Active:           353800 kB
Mem:          3.8G       3.7G       131M       5.7M        26M       3.2G

MemTotal:        4016004 kB
MemFree:          134744 kB
Active:           353796 kB
Mem:          3.8G       3.7G       131M       5.7M        26M       3.2G

MemTotal:        4016004 kB
MemFree:          134868 kB
Active:           353760 kB
Mem:          3.8G       3.7G       131M       5.7M        26M       3.2G

MemTotal:        4016004 kB
MemFree:          134496 kB
Active:           353804 kB
Mem:          3.8G       3.7G       131M       5.7M        26M       3.2G

MemTotal:        4016004 kB
MemFree:          134744 kB
Active:           353760 kB
Mem:          3.8G       3.7G       131M       5.7M        26M       3.2G

MemTotal:        4016004 kB
MemFree:          134868 kB
Active:           353768 kB
Mem:          3.8G       3.7G       131M       5.7M        26M       3.2G

MemTotal:        4016004 kB
MemFree:          134372 kB
Active:           353812 kB
Mem:          3.8G       3.7G       131M       5.7M        26M       3.2G

MemTotal:        4016004 kB
MemFree:          134868 kB
Active:           353772 kB
Mem:          3.8G       3.7G       131M       5.7M        26M       3.2G

MemTotal:        4016004 kB
MemFree:          134992 kB
Active:           353788 kB
Mem:          3.8G       3.7G       131M       5.7M        26M       3.2G

MemTotal:        4016004 kB
MemFree:          135116 kB
Active:           353776 kB
Mem:          3.8G       3.7G       131M       5.7M        26M       3.2G

MemTotal:        4016004 kB
MemFree:          134868 kB
Active:           353816 kB
Mem:          3.8G       3.7G       131M       5.7M        26M       3.2G

MemTotal:        4016004 kB
MemFree:          135116 kB
Active:           353812 kB
Mem:          3.8G       3.7G       131M       5.7M        26M       3.2G

MemTotal:        4016004 kB
MemFree:          135116 kB
Active:           353804 kB
Mem:          3.8G       3.7G       131M       5.7M        26M       3.2G

MemTotal:        4016004 kB
MemFree:          134744 kB
Active:           353820 kB
Mem:          3.8G       3.7G       131M       5.7M        26M       3.2G

MemTotal:        4016004 kB
MemFree:          135116 kB
Active:           353800 kB
Mem:          3.8G       3.7G       131M       5.7M        26M       3.2G

MemTotal:        4016004 kB
MemFree:          134992 kB
Active:           353792 kB
Mem:          3.8G       3.7G       131M       5.7M        26M       3.2G

MemTotal:        4016004 kB
MemFree:          135116 kB
Active:           353796 kB
Mem:          3.8G       3.7G       131M       5.7M        26M       3.2G

MemTotal:        4016004 kB
MemFree:          135116 kB
Active:           353788 kB
Mem:          3.8G       3.7G       131M       5.7M        26M       3.2G

MemTotal:        4016004 kB
MemFree:          134744 kB
Active:           353840 kB
Mem:          3.8G       3.7G       131M       5.7M        26M       3.2G

MemTotal:        4016004 kB
MemFree:          135116 kB
Active:           353832 kB
Mem:          3.8G       3.7G       131M       5.7M        26M       3.2G

MemTotal:        4016004 kB
MemFree:          135116 kB
Active:           353828 kB
Mem:          3.8G       3.7G       132M       5.7M        26M       3.2G

MemTotal:        4016004 kB
MemFree:          135352 kB
Active:           353816 kB
Mem:          3.8G       3.7G       132M       5.7M        26M       3.2G

MemTotal:        4016004 kB
MemFree:          134980 kB
Active:           353848 kB
Mem:          3.8G       3.7G       131M       5.7M        26M       3.2G

MemTotal:        4016004 kB
MemFree:          135228 kB
Active:           353844 kB
Mem:          3.8G       3.7G       132M       5.7M        26M       3.2G

MemTotal:        4016004 kB
MemFree:          134856 kB
Active:           353848 kB
Mem:          3.8G       3.7G       131M       5.7M        26M       3.2G

MemTotal:        4016004 kB
MemFree:          135352 kB
Active:           353820 kB
Mem:          3.8G       3.7G       132M       5.7M        26M       3.2G

MemTotal:        4016004 kB
MemFree:          135244 kB
Active:           353816 kB
Mem:          3.8G       3.7G       132M       5.7M        26M       3.2G

MemTotal:        4016004 kB
MemFree:          135492 kB
Active:           353812 kB
Mem:          3.8G       3.7G       132M       5.7M        26M       3.2G

MemTotal:        4016004 kB
MemFree:          135368 kB
Active:           353820 kB
Mem:          3.8G       3.7G       132M       5.7M        26M       3.2G

MemTotal:        4016004 kB
MemFree:          135368 kB
Active:           353808 kB
Mem:          3.8G       3.7G       132M       5.7M        26M       3.2G

MemTotal:        4016004 kB
MemFree:          135368 kB
Active:           353816 kB
Mem:          3.8G       3.7G       132M       5.7M        26M       3.2G

MemTotal:        4016004 kB
MemFree:          135492 kB
Active:           353816 kB
Mem:          3.8G       3.7G       132M       5.7M        26M       3.2G

MemTotal:        4016004 kB
MemFree:          134872 kB
Active:           353864 kB
Mem:          3.8G       3.7G       132M       5.7M        26M       3.2G

MemTotal:        4016004 kB
MemFree:          135368 kB
Active:           353816 kB
Mem:          3.8G       3.7G       132M       5.7M        26M       3.2G

MemTotal:        4016004 kB
MemFree:          135368 kB
Active:           353824 kB
Mem:          3.8G       3.7G       132M       5.7M        26M       3.2G

MemTotal:        4016004 kB
MemFree:          134964 kB
Active:           353872 kB
