MemTotal:        4016004 kB
MemFree:         3198624 kB
Active:           463920 kB
Mem:          3.8G       798M       3.1G       5.7M        56M       327M

MemTotal:        4016004 kB
MemFree:         3198768 kB
Active:           463804 kB
Mem:          3.8G       797M       3.1G       5.7M        56M       327M

MemTotal:        4016004 kB
MemFree:         3199124 kB
Active:           463864 kB
Mem:          3.8G       797M       3.1G       5.7M        56M       327M

MemTotal:        4016004 kB
MemFree:         3199016 kB
Active:           463880 kB
Mem:          3.8G       797M       3.1G       5.7M        56M       327M

MemTotal:        4016004 kB
MemFree:         3198768 kB
Active:           463916 kB
Mem:          3.8G       797M       3.1G       5.7M        56M       327M

MemTotal:        4016004 kB
MemFree:         3199016 kB
Active:           463932 kB
Mem:          3.8G       797M       3.1G       5.7M        56M       327M

MemTotal:        4016004 kB
MemFree:         3199140 kB
Active:           463892 kB
Mem:          3.8G       798M       3.1G       5.7M        56M       327M

MemTotal:        4016004 kB
MemFree:         3199016 kB
Active:           463904 kB
Mem:          3.8G       797M       3.1G       5.7M        56M       327M

MemTotal:        4016004 kB
MemFree:         3198536 kB
Active:           463936 kB
Mem:          3.8G       798M       3.1G       5.7M        56M       327M

MemTotal:        4016004 kB
MemFree:         3199156 kB
Active:           463912 kB
Mem:          3.8G       798M       3.1G       5.7M        56M       327M

MemTotal:        4016004 kB
MemFree:         3199280 kB
Active:           463940 kB
Mem:          3.8G       797M       3.1G       5.7M        56M       327M

MemTotal:        4016004 kB
MemFree:         3199016 kB
Active:           463940 kB
Mem:          3.8G       797M       3.1G       5.7M        56M       327M

MemTotal:        4016004 kB
MemFree:         3198876 kB
Active:           463940 kB
Mem:          3.8G       797M       3.1G       5.7M        56M       327M

MemTotal:        4016004 kB
MemFree:         3198984 kB
Active:           463900 kB
Mem:          3.8G       797M       3.1G       5.7M        56M       327M

MemTotal:        4016004 kB
MemFree:         3198876 kB
Active:           463940 kB
Mem:          3.8G       797M       3.1G       5.7M        56M       327M

MemTotal:        4016004 kB
MemFree:         3198876 kB
Active:           463928 kB
Mem:          3.8G       797M       3.1G       5.7M        56M       327M

MemTotal:        4016004 kB
MemFree:         3199000 kB
Active:           463892 kB
Mem:          3.8G       798M       3.1G       5.7M        56M       327M

MemTotal:        4016004 kB
MemFree:         3199000 kB
Active:           463932 kB
Mem:          3.8G       798M       3.1G       5.7M        56M       327M

MemTotal:        4016004 kB
MemFree:         3198628 kB
Active:           463940 kB
Mem:          3.8G       797M       3.1G       5.7M        56M       327M

MemTotal:        4016004 kB
MemFree:         3198984 kB
Active:           463940 kB
Mem:          3.8G       797M       3.1G       5.7M        56M       327M

MemTotal:        4016004 kB
MemFree:         3198968 kB
Active:           463920 kB
Mem:          3.8G       797M       3.1G       5.7M        56M       327M

MemTotal:        4016004 kB
MemFree:         3198952 kB
Active:           463940 kB
Mem:          3.8G       797M       3.1G       5.7M        56M       327M

MemTotal:        4016004 kB
MemFree:         3199076 kB
Active:           463908 kB
Mem:          3.8G       797M       3.1G       5.7M        56M       327M

MemTotal:        4016004 kB
MemFree:         3198952 kB
Active:           463932 kB
Mem:          3.8G       797M       3.1G       5.7M        56M       327M

MemTotal:        4016004 kB
MemFree:         3198752 kB
Active:           463948 kB
Mem:          3.8G       797M       3.1G       5.7M        56M       327M

MemTotal:        4016004 kB
MemFree:         3198876 kB
Active:           463948 kB
Mem:          3.8G       797M       3.1G       5.7M        56M       327M

MemTotal:        4016004 kB
MemFree:         3199000 kB
Active:           463944 kB
Mem:          3.8G       797M       3.1G       5.7M        56M       327M

MemTotal:        4016004 kB
MemFree:         3199000 kB
Active:           463900 kB
Mem:          3.8G       797M       3.1G       5.7M        56M       327M

MemTotal:        4016004 kB
MemFree:         3199124 kB
Active:           463900 kB
Mem:          3.8G       797M       3.1G       5.7M        56M       327M

MemTotal:        4016004 kB
MemFree:         3199124 kB
Active:           463956 kB
Mem:          3.8G       797M       3.1G       5.7M        56M       327M

MemTotal:        4016004 kB
MemFree:         3199124 kB
Active:           463916 kB
Mem:          3.8G       797M       3.1G       5.7M        56M       327M

MemTotal:        4016004 kB
MemFree:         3199000 kB
Active:           463912 kB
Mem:          3.8G       797M       3.1G       5.7M        56M       327M

MemTotal:        4016004 kB
MemFree:         3199000 kB
Active:           463908 kB
Mem:          3.8G       797M       3.1G       5.7M        56M       327M

MemTotal:        4016004 kB
MemFree:         3198876 kB
Active:           463960 kB
Mem:          3.8G       798M       3.1G       5.7M        56M       327M

MemTotal:        4016004 kB
MemFree:         3198876 kB
Active:           463948 kB
Mem:          3.8G       798M       3.1G       5.7M        56M       327M

MemTotal:        4016004 kB
MemFree:         3198380 kB
Active:           463972 kB
Mem:          3.8G       798M       3.1G       5.7M        56M       327M

MemTotal:        4016004 kB
MemFree:         3198628 kB
Active:           463972 kB
Mem:          3.8G       798M       3.1G       5.7M        56M       327M

MemTotal:        4016004 kB
MemFree:         3198504 kB
Active:           463928 kB
Mem:          3.8G       798M       3.1G       5.7M        56M       327M

MemTotal:        4016004 kB
MemFree:         3198676 kB
Active:           463972 kB
Mem:          3.8G       798M       3.1G       5.7M        56M       327M

MemTotal:        4016004 kB
MemFree:         3198552 kB
Active:           463944 kB
Mem:          3.8G       798M       3.1G       5.7M        56M       327M

MemTotal:        4016004 kB
MemFree:         3198552 kB
Active:           463968 kB
Mem:          3.8G       798M       3.1G       5.7M        56M       327M

MemTotal:        4016004 kB
MemFree:         3199048 kB
Active:           463936 kB
Mem:          3.8G       797M       3.1G       5.7M        56M       327M

MemTotal:        4016004 kB
MemFree:         3196876 kB
Active:           463968 kB
Mem:          3.8G       799M       3.0G       5.7M        56M       327M

MemTotal:        4016004 kB
MemFree:         3197248 kB
Active:           463956 kB
Mem:          3.8G       799M       3.0G       5.7M        56M       327M

MemTotal:        4016004 kB
MemFree:         3197000 kB
Active:           466016 kB
Mem:          3.8G       799M       3.0G       5.7M        56M       327M

MemTotal:        4016004 kB
MemFree:         3197000 kB
Active:           465964 kB
Mem:          3.8G       799M       3.0G       5.7M        56M       327M

MemTotal:        4016004 kB
MemFree:         3197000 kB
Active:           465972 kB
Mem:          3.8G       799M       3.0G       5.7M        56M       327M

MemTotal:        4016004 kB
MemFree:         3197000 kB
Active:           466016 kB
Mem:          3.8G       799M       3.0G       5.7M        56M       327M

MemTotal:        4016004 kB
MemFree:         3197000 kB
Active:           465976 kB
Mem:          3.8G       799M       3.0G       5.7M        56M       327M

MemTotal:        4016004 kB
MemFree:         3197248 kB
Active:           465976 kB
Mem:          3.8G       799M       3.0G       5.7M        56M       327M

MemTotal:        4016004 kB
MemFree:         3197124 kB
Active:           465976 kB
Mem:          3.8G       799M       3.0G       5.7M        56M       327M

MemTotal:        4016004 kB
MemFree:         3197248 kB
Active:           465980 kB
Mem:          3.8G       799M       3.0G       5.7M        56M       327M

MemTotal:        4016004 kB
MemFree:         3196796 kB
Active:           464000 kB
Mem:          3.8G       799M       3.0G       5.7M        56M       327M

MemTotal:        4016004 kB
MemFree:         3196904 kB
Active:           466048 kB
Mem:          3.8G       799M       3.0G       5.7M        56M       327M

MemTotal:        4016004 kB
MemFree:         3197400 kB
Active:           466020 kB
Mem:          3.8G       799M       3.0G       5.7M        56M       327M

MemTotal:        4016004 kB
MemFree:         3197400 kB
Active:           466000 kB
Mem:          3.8G       799M       3.0G       5.7M        56M       327M

MemTotal:        4016004 kB
MemFree:         3197152 kB
Active:           466028 kB
Mem:          3.8G       799M       3.0G       5.7M        56M       327M

MemTotal:        4016004 kB
MemFree:         3197260 kB
Active:           465992 kB
Mem:          3.8G       799M       3.0G       5.7M        56M       327M

MemTotal:        4016004 kB
MemFree:         3197136 kB
Active:           466008 kB
Mem:          3.8G       799M       3.0G       5.7M        56M       327M

MemTotal:        4016004 kB
MemFree:         3197012 kB
Active:           466024 kB
Mem:          3.8G       799M       3.0G       5.7M        56M       327M

MemTotal:        4016004 kB
MemFree:         3196500 kB
Active:           466060 kB
Mem:          3.8G       799M       3.0G       5.7M        56M       327M

MemTotal:        4016004 kB
MemFree:         3088256 kB
Active:           466584 kB
Mem:          3.8G       906M       2.9G       5.7M        56M       433M

MemTotal:        4016004 kB
MemFree:         2974804 kB
Active:           466584 kB
Mem:          3.8G       1.0G       2.8G       5.7M        56M       541M

MemTotal:        4016004 kB
MemFree:         2855988 kB
Active:           466636 kB
Mem:          3.8G       1.1G       2.7G       5.7M        56M       655M

MemTotal:        4016004 kB
MemFree:         2844404 kB
Active:           466644 kB
Mem:          3.8G       1.1G       2.7G       5.7M        56M       666M

MemTotal:        4016004 kB
MemFree:         2843448 kB
Active:           466604 kB
Mem:          3.8G       1.1G       2.7G       5.7M        56M       667M

MemTotal:        4016004 kB
MemFree:         2735312 kB
Active:           466648 kB
Mem:          3.8G       1.2G       2.6G       5.7M        56M       772M

MemTotal:        4016004 kB
MemFree:         2661808 kB
Active:           466676 kB
Mem:          3.8G       1.3G       2.5G       5.7M        56M       842M

MemTotal:        4016004 kB
MemFree:         2660940 kB
Active:           466688 kB
Mem:          3.8G       1.3G       2.5G       5.7M        56M       842M

MemTotal:        4016004 kB
MemFree:         2661192 kB
Active:           466692 kB
Mem:          3.8G       1.3G       2.5G       5.7M        56M       842M

MemTotal:        4016004 kB
MemFree:         2660980 kB
Active:           466696 kB
Mem:          3.8G       1.3G       2.5G       5.7M        56M       842M

MemTotal:        4016004 kB
MemFree:         2658968 kB
Active:           466696 kB
Mem:          3.8G       1.3G       2.5G       5.7M        56M       844M

MemTotal:        4016004 kB
MemFree:         2608296 kB
Active:           466696 kB
Mem:          3.8G       1.3G       2.5G       5.7M        56M       893M

MemTotal:        4016004 kB
MemFree:         2493960 kB
Active:           466708 kB
Mem:          3.8G       1.5G       2.4G       5.7M        56M       1.0G

MemTotal:        4016004 kB
MemFree:         2361860 kB
Active:           466708 kB
Mem:          3.8G       1.6G       2.3G       5.7M        56M       1.1G

MemTotal:        4016004 kB
MemFree:         2310828 kB
Active:           466708 kB
Mem:          3.8G       1.6G       2.2G       5.7M        56M       1.2G

MemTotal:        4016004 kB
MemFree:         2252048 kB
Active:           466708 kB
Mem:          3.8G       1.7G       2.1G       5.7M        56M       1.2G

MemTotal:        4016004 kB
MemFree:         2220884 kB
Active:           466708 kB
Mem:          3.8G       1.7G       2.1G       5.7M        56M       1.2G

MemTotal:        4016004 kB
MemFree:         2149860 kB
Active:           466720 kB
Mem:          3.8G       1.8G       2.1G       5.7M        56M       1.3G

MemTotal:        4016004 kB
MemFree:         2124856 kB
Active:           466728 kB
Mem:          3.8G       1.8G       2.0G       5.7M        56M       1.3G

MemTotal:        4016004 kB
MemFree:         2037396 kB
Active:           466728 kB
Mem:          3.8G       1.9G       1.9G       5.7M        56M       1.4G

MemTotal:        4016004 kB
MemFree:         2036464 kB
Active:           466732 kB
Mem:          3.8G       1.9G       1.9G       5.7M        56M       1.4G

MemTotal:        4016004 kB
MemFree:         2034600 kB
Active:           466780 kB
Mem:          3.8G       1.9G       1.9G       5.7M        56M       1.4G

MemTotal:        4016004 kB
MemFree:         2033392 kB
Active:           466744 kB
Mem:          3.8G       1.9G       1.9G       5.7M        56M       1.4G

MemTotal:        4016004 kB
MemFree:         2033272 kB
Active:           466744 kB
Mem:          3.8G       1.9G       1.9G       5.7M        56M       1.4G

MemTotal:        4016004 kB
MemFree:         1992076 kB
Active:           466792 kB
Mem:          3.8G       1.9G       1.9G       5.7M        56M       1.5G

MemTotal:        4016004 kB
MemFree:         1859992 kB
Active:           466796 kB
Mem:          3.8G       2.1G       1.8G       5.7M        56M       1.6G

MemTotal:        4016004 kB
MemFree:         1729736 kB
Active:           466796 kB
Mem:          3.8G       2.2G       1.6G       5.7M        56M       1.7G

MemTotal:        4016004 kB
MemFree:         1601852 kB
Active:           466796 kB
Mem:          3.8G       2.3G       1.5G       5.7M        56M       1.8G

MemTotal:        4016004 kB
MemFree:         1554240 kB
Active:           466832 kB
Mem:          3.8G       2.3G       1.5G       5.7M        56M       1.9G

MemTotal:        4016004 kB
MemFree:         1553528 kB
Active:           466800 kB
Mem:          3.8G       2.3G       1.5G       5.7M        56M       1.9G

MemTotal:        4016004 kB
MemFree:         1514948 kB
Active:           466832 kB
Mem:          3.8G       2.4G       1.4G       5.7M        56M       1.9G

MemTotal:        4016004 kB
MemFree:         1498068 kB
Active:           466832 kB
Mem:          3.8G       2.4G       1.4G       5.7M        56M       1.9G

MemTotal:        4016004 kB
MemFree:         1421820 kB
Active:           466788 kB
Mem:          3.8G       2.5G       1.4G       5.7M        56M       2.0G

MemTotal:        4016004 kB
MemFree:         1411536 kB
Active:           466832 kB
Mem:          3.8G       2.5G       1.3G       5.7M        56M       2.0G

MemTotal:        4016004 kB
MemFree:         1409168 kB
Active:           466864 kB
Mem:          3.8G       2.5G       1.3G       5.7M        56M       2.0G

MemTotal:        4016004 kB
MemFree:         1406860 kB
Active:           466824 kB
Mem:          3.8G       2.5G       1.3G       5.7M        56M       2.0G

MemTotal:        4016004 kB
MemFree:         1405716 kB
Active:           466868 kB
Mem:          3.8G       2.5G       1.3G       5.7M        56M       2.0G

MemTotal:        4016004 kB
MemFree:         1347344 kB
Active:           466824 kB
Mem:          3.8G       2.5G       1.3G       5.7M        56M       2.1G

MemTotal:        4016004 kB
MemFree:         1219336 kB
Active:           466812 kB
Mem:          3.8G       2.7G       1.2G       5.7M        56M       2.2G

MemTotal:        4016004 kB
MemFree:         1091328 kB
Active:           466876 kB
Mem:          3.8G       2.8G       1.0G       5.7M        56M       2.3G

MemTotal:        4016004 kB
MemFree:         1061116 kB
Active:           466876 kB
Mem:          3.8G       2.8G       1.0G       5.7M        56M       2.3G

MemTotal:        4016004 kB
MemFree:          977756 kB
Active:           466876 kB
Mem:          3.8G       2.9G       954M       5.7M        56M       2.4G

MemTotal:        4016004 kB
MemFree:          973712 kB
Active:           466876 kB
Mem:          3.8G       2.9G       950M       5.7M        56M       2.4G

MemTotal:        4016004 kB
MemFree:          895232 kB
Active:           466884 kB
Mem:          3.8G       3.0G       873M       5.7M        56M       2.5G

MemTotal:        4016004 kB
MemFree:          894332 kB
Active:           466900 kB
Mem:          3.8G       3.0G       873M       5.7M        56M       2.5G

MemTotal:        4016004 kB
MemFree:          850404 kB
Active:           466908 kB
Mem:          3.8G       3.0G       830M       5.7M        56M       2.5G

MemTotal:        4016004 kB
MemFree:          754648 kB
Active:           466908 kB
Mem:          3.8G       3.1G       736M       5.7M        56M       2.6G

MemTotal:        4016004 kB
MemFree:          753140 kB
Active:           466928 kB
Mem:          3.8G       3.1G       735M       5.7M        56M       2.6G

MemTotal:        4016004 kB
MemFree:          752212 kB
Active:           466928 kB
Mem:          3.8G       3.1G       734M       5.7M        56M       2.6G

MemTotal:        4016004 kB
MemFree:          709280 kB
Active:           466936 kB
Mem:          3.8G       3.2G       691M       5.7M        56M       2.7G

MemTotal:        4016004 kB
MemFree:          573444 kB
Active:           466940 kB
Mem:          3.8G       3.3G       559M       5.7M        56M       2.8G

MemTotal:        4016004 kB
MemFree:          547524 kB
Active:           466940 kB
Mem:          3.8G       3.3G       534M       5.7M        56M       2.8G

MemTotal:        4016004 kB
MemFree:          463952 kB
Active:           466892 kB
Mem:          3.8G       3.4G       452M       5.7M        56M       2.9G

MemTotal:        4016004 kB
MemFree:          462180 kB
Active:           466932 kB
Mem:          3.8G       3.4G       451M       5.7M        56M       2.9G

MemTotal:        4016004 kB
MemFree:          460768 kB
Active:           466948 kB
Mem:          3.8G       3.4G       449M       5.7M        56M       2.9G

MemTotal:        4016004 kB
MemFree:          460896 kB
Active:           466960 kB
Mem:          3.8G       3.4G       450M       5.7M        56M       2.9G

MemTotal:        4016004 kB
MemFree:          461212 kB
Active:           466960 kB
Mem:          3.8G       3.4G       450M       5.7M        56M       2.9G

MemTotal:        4016004 kB
MemFree:          369124 kB
Active:           466920 kB
Mem:          3.8G       3.5G       359M       5.7M        56M       3.0G

MemTotal:        4016004 kB
MemFree:          246712 kB
Active:           466972 kB
Mem:          3.8G       3.6G       240M       5.7M        56M       3.1G

MemTotal:        4016004 kB
MemFree:          128904 kB
Active:           466924 kB
Mem:          3.8G       3.7G       125M       5.7M        56M       3.2G

MemTotal:        4016004 kB
MemFree:          113588 kB
Active:           466972 kB
Mem:          3.8G       3.7G       110M       5.7M        56M       3.2G

MemTotal:        4016004 kB
MemFree:          136740 kB
Active:           483352 kB
Mem:          3.8G       3.7G       131M       5.7M        22M       3.2G

MemTotal:        4016004 kB
MemFree:          114760 kB
Active:           483360 kB
Mem:          3.8G       3.7G       111M       5.7M        22M       3.2G

MemTotal:        4016004 kB
MemFree:          112260 kB
Active:           527736 kB
Mem:          3.8G       3.7G       108M       5.7M        22M       3.2G

MemTotal:        4016004 kB
MemFree:          123576 kB
Active:           513236 kB
Mem:          3.8G       3.7G       120M       5.7M        22M       3.2G

MemTotal:        4016004 kB
MemFree:          123340 kB
Active:           513252 kB
Mem:          3.8G       3.7G       120M       5.7M        22M       3.2G

MemTotal:        4016004 kB
MemFree:          123372 kB
Active:           513252 kB
Mem:          3.8G       3.7G       120M       5.7M        22M       3.2G

MemTotal:        4016004 kB
MemFree:          122696 kB
Active:           513252 kB
Mem:          3.8G       3.7G       119M       5.7M        22M       3.2G

MemTotal:        4016004 kB
MemFree:          134832 kB
Active:           498228 kB
Mem:          3.8G       3.7G       131M       5.7M        22M       3.2G

MemTotal:        4016004 kB
MemFree:          127088 kB
Active:           483516 kB
Mem:          3.8G       3.7G       123M       5.7M        22M       3.2G

MemTotal:        4016004 kB
MemFree:          136456 kB
Active:           474688 kB
Mem:          3.8G       3.7G       132M       5.7M        22M       3.2G

MemTotal:        4016004 kB
MemFree:          134592 kB
Active:           473172 kB
Mem:          3.8G       3.7G       130M       5.7M        22M       3.2G

MemTotal:        4016004 kB
MemFree:          134704 kB
Active:           472532 kB
Mem:          3.8G       3.7G       131M       5.7M        22M       3.2G

MemTotal:        4016004 kB
MemFree:          141040 kB
Active:           470232 kB
Mem:          3.8G       3.7G       136M       5.7M        22M       3.2G

MemTotal:        4016004 kB
MemFree:          130312 kB
Active:           470232 kB
Mem:          3.8G       3.7G       126M       5.7M        22M       3.2G

MemTotal:        4016004 kB
MemFree:          143948 kB
Active:           467936 kB
Mem:          3.8G       3.7G       140M       5.7M        22M       3.2G

MemTotal:        4016004 kB
MemFree:          141304 kB
Active:           467896 kB
Mem:          3.8G       3.7G       137M       5.7M        22M       3.2G

MemTotal:        4016004 kB
MemFree:          139580 kB
Active:           467956 kB
Mem:          3.8G       3.7G       136M       5.7M        22M       3.2G

MemTotal:        4016004 kB
MemFree:          139368 kB
Active:           467904 kB
Mem:          3.8G       3.7G       135M       5.7M        22M       3.2G

MemTotal:        4016004 kB
MemFree:          145676 kB
Active:           465656 kB
Mem:          3.8G       3.7G       142M       5.7M        22M       3.2G

MemTotal:        4016004 kB
MemFree:          133744 kB
Active:           460644 kB
Mem:          3.8G       3.7G       130M       5.7M        22M       3.2G

MemTotal:        4016004 kB
MemFree:          106516 kB
Active:           456864 kB
Mem:          3.8G       3.7G       104M       5.7M        22M       3.3G

MemTotal:        4016004 kB
MemFree:          133676 kB
Active:           452128 kB
Mem:          3.8G       3.7G       130M       5.7M        22M       3.2G

MemTotal:        4016004 kB
MemFree:          106744 kB
Active:           452140 kB
Mem:          3.8G       3.7G       103M       5.7M        22M       3.3G

MemTotal:        4016004 kB
MemFree:          138496 kB
Active:           443652 kB
Mem:          3.8G       3.7G       135M       5.7M        22M       3.2G

MemTotal:        4016004 kB
MemFree:          128448 kB
Active:           441988 kB
Mem:          3.8G       3.7G       125M       5.7M        22M       3.2G

MemTotal:        4016004 kB
MemFree:          121412 kB
Active:           441356 kB
Mem:          3.8G       3.7G       118M       5.7M        22M       3.2G

MemTotal:        4016004 kB
MemFree:          124864 kB
Active:           437596 kB
Mem:          3.8G       3.7G       121M       5.7M        22M       3.2G

MemTotal:        4016004 kB
MemFree:          123656 kB
Active:           437560 kB
Mem:          3.8G       3.7G       120M       5.7M        22M       3.2G

MemTotal:        4016004 kB
MemFree:          121148 kB
Active:           437624 kB
Mem:          3.8G       3.7G       118M       5.7M        22M       3.2G

MemTotal:        4016004 kB
MemFree:          121008 kB
Active:           435960 kB
Mem:          3.8G       3.7G       118M       5.7M        22M       3.2G

MemTotal:        4016004 kB
MemFree:          120400 kB
Active:           438012 kB
Mem:          3.8G       3.7G       117M       5.7M        22M       3.2G

MemTotal:        4016004 kB
MemFree:          130168 kB
Active:           434316 kB
Mem:          3.8G       3.7G       127M       5.7M        22M       3.2G

MemTotal:        4016004 kB
MemFree:          136748 kB
Active:           430732 kB
Mem:          3.8G       3.7G       133M       5.7M        22M       3.2G

MemTotal:        4016004 kB
MemFree:          143672 kB
Active:           426128 kB
Mem:          3.8G       3.7G       139M       5.7M        22M       3.2G

MemTotal:        4016004 kB
MemFree:          142032 kB
Active:           425952 kB
Mem:          3.8G       3.7G       138M       5.7M        22M       3.2G

MemTotal:        4016004 kB
MemFree:          128820 kB
Active:           424464 kB
Mem:          3.8G       3.7G       125M       5.7M        22M       3.2G

MemTotal:        4016004 kB
MemFree:          133152 kB
Active:           422552 kB
Mem:          3.8G       3.7G       129M       5.7M        22M       3.2G

MemTotal:        4016004 kB
MemFree:          133284 kB
Active:           420376 kB
Mem:          3.8G       3.7G       129M       5.7M        22M       3.2G

MemTotal:        4016004 kB
MemFree:          127328 kB
Active:           418980 kB
Mem:          3.8G       3.7G       123M       5.7M        22M       3.2G

MemTotal:        4016004 kB
MemFree:          129416 kB
Active:           418084 kB
Mem:          3.8G       3.7G       126M       5.7M        22M       3.2G

MemTotal:        4016004 kB
MemFree:          127804 kB
Active:           420144 kB
Mem:          3.8G       3.7G       124M       5.7M        22M       3.2G

MemTotal:        4016004 kB
MemFree:          127728 kB
Active:           420144 kB
Mem:          3.8G       3.7G       124M       5.7M        22M       3.2G

MemTotal:        4016004 kB
MemFree:          127856 kB
Active:           420148 kB
Mem:          3.8G       3.7G       124M       5.7M        22M       3.2G

MemTotal:        4016004 kB
MemFree:          112868 kB
Active:           418364 kB
Mem:          3.8G       3.7G       109M       5.7M        22M       3.2G

MemTotal:        4016004 kB
MemFree:          128080 kB
Active:           415296 kB
Mem:          3.8G       3.7G       124M       5.7M        22M       3.2G

MemTotal:        4016004 kB
MemFree:          133312 kB
Active:           410948 kB
Mem:          3.8G       3.7G       129M       5.7M        22M       3.2G

MemTotal:        4016004 kB
MemFree:          144708 kB
Active:           409412 kB
Mem:          3.8G       3.7G       141M       5.7M        22M       3.2G

MemTotal:        4016004 kB
MemFree:          138088 kB
Active:           407620 kB
Mem:          3.8G       3.7G       134M       5.7M        22M       3.2G

MemTotal:        4016004 kB
MemFree:          134296 kB
Active:           405836 kB
Mem:          3.8G       3.7G       131M       5.7M        22M       3.2G

MemTotal:        4016004 kB
MemFree:          133240 kB
Active:           406964 kB
Mem:          3.8G       3.7G       129M       5.7M        22M       3.2G

MemTotal:        4016004 kB
MemFree:          132764 kB
Active:           405812 kB
Mem:          3.8G       3.7G       129M       5.7M        22M       3.2G

MemTotal:        4016004 kB
MemFree:          132396 kB
Active:           403764 kB
Mem:          3.8G       3.7G       129M       5.7M        22M       3.2G

MemTotal:        4016004 kB
MemFree:          132500 kB
Active:           403640 kB
Mem:          3.8G       3.7G       129M       5.7M        22M       3.2G

MemTotal:        4016004 kB
MemFree:          132964 kB
Active:           403656 kB
Mem:          3.8G       3.7G       129M       5.7M        22M       3.2G

MemTotal:        4016004 kB
MemFree:          131148 kB
Active:           403660 kB
Mem:          3.8G       3.7G       127M       5.7M        22M       3.2G

MemTotal:        4016004 kB
MemFree:          130032 kB
Active:           403664 kB
Mem:          3.8G       3.7G       126M       5.7M        22M       3.2G

MemTotal:        4016004 kB
MemFree:          125452 kB
Active:           400592 kB
Mem:          3.8G       3.7G       122M       5.7M        22M       3.2G

MemTotal:        4016004 kB
MemFree:          131228 kB
Active:           397136 kB
Mem:          3.8G       3.7G       128M       5.7M        22M       3.2G

MemTotal:        4016004 kB
MemFree:          135116 kB
Active:           394852 kB
Mem:          3.8G       3.7G       131M       5.7M        22M       3.2G

MemTotal:        4016004 kB
MemFree:          127120 kB
Active:           393968 kB
Mem:          3.8G       3.7G       123M       5.7M        22M       3.2G

MemTotal:        4016004 kB
MemFree:          149252 kB
Active:           393892 kB
Mem:          3.8G       3.7G       145M       5.7M        22M       3.2G

MemTotal:        4016004 kB
MemFree:          146980 kB
Active:           393820 kB
Mem:          3.8G       3.7G       143M       5.7M        22M       3.2G

MemTotal:        4016004 kB
MemFree:          146484 kB
Active:           393824 kB
Mem:          3.8G       3.7G       142M       5.7M        22M       3.2G

MemTotal:        4016004 kB
MemFree:          146304 kB
Active:           393824 kB
Mem:          3.8G       3.7G       142M       5.7M        22M       3.2G

MemTotal:        4016004 kB
MemFree:          146592 kB
Active:           393824 kB
Mem:          3.8G       3.7G       143M       5.7M        22M       3.2G

MemTotal:        4016004 kB
MemFree:          127440 kB
Active:           393828 kB
Mem:          3.8G       3.7G       123M       5.7M        22M       3.2G

MemTotal:        4016004 kB
MemFree:          125776 kB
Active:           393852 kB
Mem:          3.8G       3.7G       122M       5.7M        22M       3.2G

MemTotal:        4016004 kB
MemFree:          125296 kB
Active:           393912 kB
Mem:          3.8G       3.7G       122M       5.7M        22M       3.2G

MemTotal:        4016004 kB
MemFree:          125424 kB
Active:           393940 kB
Mem:          3.8G       3.7G       122M       5.7M        22M       3.2G

MemTotal:        4016004 kB
MemFree:          125460 kB
Active:           393908 kB
Mem:          3.8G       3.7G       122M       5.7M        22M       3.2G

MemTotal:        4016004 kB
MemFree:          137500 kB
Active:           394008 kB
Mem:          3.8G       3.7G       133M       5.7M        22M       3.2G

MemTotal:        4016004 kB
MemFree:          117692 kB
Active:           394080 kB
Mem:          3.8G       3.7G       114M       5.7M        22M       3.2G

MemTotal:        4016004 kB
MemFree:          128984 kB
Active:           394132 kB
Mem:          3.8G       3.7G       124M       5.7M        22M       3.2G

MemTotal:        4016004 kB
MemFree:          134920 kB
Active:           393928 kB
Mem:          3.8G       3.7G       131M       5.7M        22M       3.2G

MemTotal:        4016004 kB
MemFree:          124752 kB
Active:           393948 kB
Mem:          3.8G       3.7G       121M       5.7M        22M       3.2G

MemTotal:        4016004 kB
MemFree:          123024 kB
Active:           393904 kB
Mem:          3.8G       3.7G       119M       5.7M        22M       3.2G

MemTotal:        4016004 kB
MemFree:          130612 kB
Active:           394264 kB
Mem:          3.8G       3.7G       126M       5.7M        22M       3.2G

MemTotal:        4016004 kB
MemFree:          141452 kB
Active:           394100 kB
Mem:          3.8G       3.7G       138M       5.7M        22M       3.2G

MemTotal:        4016004 kB
MemFree:          141360 kB
Active:           394100 kB
Mem:          3.8G       3.7G       137M       5.7M        22M       3.2G

MemTotal:        4016004 kB
MemFree:          140156 kB
Active:           394356 kB
Mem:          3.8G       3.7G       136M       5.7M        22M       3.2G

MemTotal:        4016004 kB
MemFree:          138208 kB
Active:           394348 kB
Mem:          3.8G       3.7G       134M       5.7M        22M       3.2G

MemTotal:        4016004 kB
MemFree:          138336 kB
Active:           394456 kB
Mem:          3.8G       3.7G       134M       5.7M        22M       3.2G

MemTotal:        4016004 kB
MemFree:          112312 kB
Active:           393620 kB
Mem:          3.8G       3.7G       109M       5.7M        22M       3.2G

MemTotal:        4016004 kB
MemFree:          127988 kB
Active:           389196 kB
Mem:          3.8G       3.7G       124M       5.7M        22M       3.2G

MemTotal:        4016004 kB
MemFree:          132660 kB
Active:           389200 kB
Mem:          3.8G       3.7G       129M       5.7M        22M       3.2G

MemTotal:        4016004 kB
MemFree:          110848 kB
Active:           389204 kB
Mem:          3.8G       3.7G       107M       5.7M        22M       3.2G

MemTotal:        4016004 kB
MemFree:          120216 kB
Active:           386632 kB
Mem:          3.8G       3.7G       116M       5.7M        22M       3.2G

MemTotal:        4016004 kB
MemFree:          139812 kB
Active:           386560 kB
Mem:          3.8G       3.7G       136M       5.7M        22M       3.2G

MemTotal:        4016004 kB
MemFree:          127984 kB
Active:           386508 kB
Mem:          3.8G       3.7G       125M       5.7M        22M       3.2G

MemTotal:        4016004 kB
MemFree:          142592 kB
Active:           386560 kB
Mem:          3.8G       3.7G       139M       5.7M        22M       3.2G

MemTotal:        4016004 kB
MemFree:          141588 kB
Active:           386584 kB
Mem:          3.8G       3.7G       138M       5.7M        22M       3.2G

MemTotal:        4016004 kB
MemFree:          140536 kB
Active:           386584 kB
Mem:          3.8G       3.7G       137M       5.7M        22M       3.2G

MemTotal:        4016004 kB
MemFree:          140352 kB
Active:           386584 kB
Mem:          3.8G       3.7G       137M       5.7M        22M       3.2G

MemTotal:        4016004 kB
MemFree:          139304 kB
Active:           386536 kB
Mem:          3.8G       3.7G       135M       5.7M        22M       3.2G

MemTotal:        4016004 kB
MemFree:          114388 kB
Active:           386592 kB
Mem:          3.8G       3.7G       110M       5.7M        22M       3.2G

MemTotal:        4016004 kB
MemFree:          130996 kB
Active:           386592 kB
Mem:          3.8G       3.7G       127M       5.7M        22M       3.2G

MemTotal:        4016004 kB
MemFree:          135872 kB
Active:           386424 kB
Mem:          3.8G       3.7G       132M       5.7M        22M       3.2G

MemTotal:        4016004 kB
MemFree:          124536 kB
Active:           386468 kB
Mem:          3.8G       3.7G       123M       5.7M        22M       3.2G

MemTotal:        4016004 kB
MemFree:          124920 kB
Active:           388524 kB
Mem:          3.8G       3.7G       121M       5.7M        22M       3.2G

MemTotal:        4016004 kB
MemFree:          134900 kB
Active:           388528 kB
Mem:          3.8G       3.7G       131M       5.7M        22M       3.2G

MemTotal:        4016004 kB
MemFree:          138816 kB
Active:           386008 kB
Mem:          3.8G       3.7G       134M       5.7M        22M       3.2G

MemTotal:        4016004 kB
MemFree:          118836 kB
Active:           385824 kB
Mem:          3.8G       3.7G       115M       5.7M        22M       3.2G

MemTotal:        4016004 kB
MemFree:          117776 kB
Active:           385836 kB
Mem:          3.8G       3.7G       114M       5.7M        22M       3.2G

MemTotal:        4016004 kB
MemFree:          117156 kB
Active:           385840 kB
Mem:          3.8G       3.7G       114M       5.7M        22M       3.2G

MemTotal:        4016004 kB
MemFree:          117564 kB
Active:           385796 kB
Mem:          3.8G       3.7G       114M       5.7M        22M       3.2G

MemTotal:        4016004 kB
MemFree:          115460 kB
Active:           385840 kB
Mem:          3.8G       3.7G       112M       5.7M        22M       3.2G

MemTotal:        4016004 kB
MemFree:          123964 kB
Active:           385844 kB
Mem:          3.8G       3.7G       120M       5.7M        22M       3.2G

MemTotal:        4016004 kB
MemFree:          122892 kB
Active:           385844 kB
Mem:          3.8G       3.7G       119M       5.7M        22M       3.2G

MemTotal:        4016004 kB
MemFree:          110004 kB
Active:           374172 kB
Mem:          3.8G       3.7G       106M       5.7M        22M       3.2G

MemTotal:        4016004 kB
MemFree:          126376 kB
Active:           374080 kB
Mem:          3.8G       3.7G       123M       5.7M        22M       3.2G

MemTotal:        4016004 kB
MemFree:          123528 kB
Active:           374128 kB
Mem:          3.8G       3.7G       119M       5.7M        22M       3.2G

MemTotal:        4016004 kB
MemFree:          109760 kB
Active:           374128 kB
Mem:          3.8G       3.7G       107M       5.7M        22M       3.2G

MemTotal:        4016004 kB
MemFree:          108952 kB
Active:           374128 kB
Mem:          3.8G       3.7G       105M       5.7M        22M       3.2G

MemTotal:        4016004 kB
MemFree:          124088 kB
Active:           374088 kB
Mem:          3.8G       3.7G       120M       5.7M        23M       3.2G

MemTotal:        4016004 kB
MemFree:          121568 kB
Active:           374140 kB
Mem:          3.8G       3.7G       118M       5.7M        23M       3.2G

MemTotal:        4016004 kB
MemFree:          120700 kB
Active:           374100 kB
Mem:          3.8G       3.7G       117M       5.7M        23M       3.2G

MemTotal:        4016004 kB
MemFree:          119736 kB
Active:           374152 kB
Mem:          3.8G       3.7G       116M       5.7M        23M       3.2G

MemTotal:        4016004 kB
MemFree:          140456 kB
Active:           374152 kB
Mem:          3.8G       3.7G       136M       5.7M        23M       3.2G

MemTotal:        4016004 kB
MemFree:          128080 kB
Active:           374152 kB
Mem:          3.8G       3.7G       124M       5.7M        23M       3.2G

MemTotal:        4016004 kB
MemFree:          125596 kB
Active:           371060 kB
Mem:          3.8G       3.7G       122M       5.7M        23M       3.2G

MemTotal:        4016004 kB
MemFree:          128780 kB
Active:           371028 kB
Mem:          3.8G       3.7G       125M       5.7M        23M       3.2G

MemTotal:        4016004 kB
MemFree:          127088 kB
Active:           371064 kB
Mem:          3.8G       3.7G       123M       5.7M        23M       3.2G

MemTotal:        4016004 kB
MemFree:          126636 kB
Active:           371076 kB
Mem:          3.8G       3.7G       123M       5.7M        23M       3.2G

MemTotal:        4016004 kB
MemFree:          108188 kB
Active:           371084 kB
Mem:          3.8G       3.7G       105M       5.7M        23M       3.2G

MemTotal:        4016004 kB
MemFree:          107984 kB
Active:           371084 kB
Mem:          3.8G       3.7G       104M       5.7M        23M       3.2G

MemTotal:        4016004 kB
MemFree:          133152 kB
Active:           371092 kB
Mem:          3.8G       3.7G       129M       5.7M        23M       3.2G

MemTotal:        4016004 kB
MemFree:          132056 kB
Active:           371100 kB
Mem:          3.8G       3.7G       128M       5.7M        23M       3.2G

MemTotal:        4016004 kB
MemFree:          131160 kB
Active:           371100 kB
Mem:          3.8G       3.7G       127M       5.7M        23M       3.2G

MemTotal:        4016004 kB
MemFree:          128308 kB
Active:           372840 kB
Mem:          3.8G       3.7G       125M       5.7M        23M       3.2G

MemTotal:        4016004 kB
MemFree:          122328 kB
Active:           372456 kB
Mem:          3.8G       3.7G       119M       5.7M        23M       3.2G

MemTotal:        4016004 kB
MemFree:          118864 kB
Active:           370832 kB
Mem:          3.8G       3.7G       116M       5.7M        23M       3.2G

MemTotal:        4016004 kB
MemFree:          131664 kB
Active:           370828 kB
Mem:          3.8G       3.7G       128M       5.7M        23M       3.2G

MemTotal:        4016004 kB
MemFree:          124616 kB
Active:           370844 kB
Mem:          3.8G       3.7G       120M       5.7M        23M       3.2G

MemTotal:        4016004 kB
MemFree:          131588 kB
Active:           370716 kB
Mem:          3.8G       3.7G       128M       5.7M        23M       3.2G

MemTotal:        4016004 kB
MemFree:          111124 kB
Active:           370728 kB
Mem:          3.8G       3.7G       108M       5.7M        23M       3.2G

MemTotal:        4016004 kB
MemFree:          135020 kB
Active:           366324 kB
Mem:          3.8G       3.7G       132M       5.7M        23M       3.2G

MemTotal:        4016004 kB
MemFree:          105356 kB
Active:           366128 kB
Mem:          3.8G       3.7G       102M       5.7M        23M       3.2G

MemTotal:        4016004 kB
MemFree:          125456 kB
Active:           366144 kB
Mem:          3.8G       3.7G       122M       5.7M        23M       3.2G

MemTotal:        4016004 kB
MemFree:          124636 kB
Active:           366144 kB
Mem:          3.8G       3.7G       121M       5.7M        23M       3.2G

MemTotal:        4016004 kB
MemFree:          124484 kB
Active:           366160 kB
Mem:          3.8G       3.7G       121M       5.7M        23M       3.2G

MemTotal:        4016004 kB
MemFree:          124636 kB
Active:           366160 kB
Mem:          3.8G       3.7G       121M       5.7M        23M       3.2G

MemTotal:        4016004 kB
MemFree:          136620 kB
Active:           366284 kB
Mem:          3.8G       3.7G       132M       5.7M        23M       3.2G

MemTotal:        4016004 kB
MemFree:          118112 kB
Active:           366172 kB
Mem:          3.8G       3.7G       114M       5.7M        23M       3.2G

MemTotal:        4016004 kB
MemFree:          115476 kB
Active:           366124 kB
Mem:          3.8G       3.7G       112M       5.7M        23M       3.2G

MemTotal:        4016004 kB
MemFree:          129872 kB
Active:           366176 kB
Mem:          3.8G       3.7G       126M       5.7M        23M       3.2G

MemTotal:        4016004 kB
MemFree:          128040 kB
Active:           366180 kB
Mem:          3.8G       3.7G       124M       5.7M        23M       3.2G

MemTotal:        4016004 kB
MemFree:          106236 kB
Active:           366132 kB
Mem:          3.8G       3.7G       103M       5.7M        23M       3.2G

MemTotal:        4016004 kB
MemFree:          134028 kB
Active:           321000 kB
Mem:          3.8G       3.7G       130M       5.7M        23M       3.2G

MemTotal:        4016004 kB
MemFree:          146956 kB
Active:           321288 kB
Mem:          3.8G       3.7G       143M       5.7M        23M       3.2G

MemTotal:        4016004 kB
MemFree:          111384 kB
Active:           321272 kB
Mem:          3.8G       3.7G       108M       5.7M        23M       3.2G

MemTotal:        4016004 kB
MemFree:          111008 kB
Active:           321284 kB
Mem:          3.8G       3.7G       107M       5.7M        23M       3.2G

MemTotal:        4016004 kB
MemFree:          111012 kB
Active:           321244 kB
Mem:          3.8G       3.7G       108M       5.7M        23M       3.2G

MemTotal:        4016004 kB
MemFree:          110984 kB
Active:           321252 kB
Mem:          3.8G       3.7G       108M       5.7M        23M       3.2G

MemTotal:        4016004 kB
MemFree:          124868 kB
Active:           321304 kB
Mem:          3.8G       3.7G       121M       5.7M        23M       3.2G

MemTotal:        4016004 kB
MemFree:          120164 kB
Active:           321180 kB
Mem:          3.8G       3.7G       116M       5.7M        23M       3.2G

MemTotal:        4016004 kB
MemFree:          124092 kB
Active:           321184 kB
Mem:          3.8G       3.7G       120M       5.7M        23M       3.2G

MemTotal:        4016004 kB
MemFree:          127912 kB
Active:           321196 kB
Mem:          3.8G       3.7G       124M       5.7M        23M       3.2G

MemTotal:        4016004 kB
MemFree:          109712 kB
Active:           321196 kB
Mem:          3.8G       3.7G       106M       5.7M        23M       3.2G

MemTotal:        4016004 kB
MemFree:          128448 kB
Active:           320556 kB
Mem:          3.8G       3.7G       125M       5.7M        23M       3.2G

MemTotal:        4016004 kB
MemFree:          140164 kB
Active:           316288 kB
Mem:          3.8G       3.7G       136M       5.7M        23M       3.2G

MemTotal:        4016004 kB
MemFree:          127060 kB
Active:           316204 kB
Mem:          3.8G       3.7G       123M       5.7M        23M       3.2G

MemTotal:        4016004 kB
MemFree:          121252 kB
Active:           316096 kB
Mem:          3.8G       3.7G       117M       5.7M        23M       3.2G

MemTotal:        4016004 kB
MemFree:          125964 kB
Active:           316100 kB
Mem:          3.8G       3.7G       122M       5.7M        23M       3.2G

MemTotal:        4016004 kB
MemFree:          124508 kB
Active:           316052 kB
Mem:          3.8G       3.7G       121M       5.7M        23M       3.2G

MemTotal:        4016004 kB
MemFree:          122012 kB
Active:           316108 kB
Mem:          3.8G       3.7G       118M       5.7M        23M       3.2G

MemTotal:        4016004 kB
MemFree:          122140 kB
Active:           316108 kB
Mem:          3.8G       3.7G       119M       5.7M        23M       3.2G

MemTotal:        4016004 kB
MemFree:          119644 kB
Active:           316068 kB
Mem:          3.8G       3.7G       116M       5.7M        23M       3.2G

MemTotal:        4016004 kB
MemFree:          121396 kB
Active:           316076 kB
Mem:          3.8G       3.7G       118M       5.7M        23M       3.2G

MemTotal:        4016004 kB
MemFree:          131896 kB
Active:           316084 kB
Mem:          3.8G       3.7G       128M       5.7M        23M       3.2G

MemTotal:        4016004 kB
MemFree:          116560 kB
Active:           316064 kB
Mem:          3.8G       3.7G       113M       5.7M        23M       3.2G

MemTotal:        4016004 kB
MemFree:          127756 kB
Active:           315828 kB
Mem:          3.8G       3.7G       124M       5.7M        23M       3.2G

MemTotal:        4016004 kB
MemFree:          127540 kB
Active:           315820 kB
Mem:          3.8G       3.7G       124M       5.7M        23M       3.2G

MemTotal:        4016004 kB
MemFree:          127540 kB
Active:           315820 kB
Mem:          3.8G       3.7G       124M       5.7M        23M       3.2G

MemTotal:        4016004 kB
MemFree:          128036 kB
Active:           315772 kB
Mem:          3.8G       3.7G       124M       5.7M        23M       3.2G

MemTotal:        4016004 kB
MemFree:          127744 kB
Active:           315772 kB
Mem:          3.8G       3.7G       124M       5.7M        23M       3.2G

MemTotal:        4016004 kB
MemFree:          127324 kB
Active:           315780 kB
Mem:          3.8G       3.7G       124M       5.7M        23M       3.2G

MemTotal:        4016004 kB
MemFree:          127324 kB
Active:           315796 kB
Mem:          3.8G       3.7G       124M       5.7M        23M       3.2G

MemTotal:        4016004 kB
MemFree:          127352 kB
Active:           315836 kB
Mem:          3.8G       3.7G       123M       5.7M        23M       3.2G

MemTotal:        4016004 kB
MemFree:          127488 kB
Active:           315836 kB
Mem:          3.8G       3.7G       124M       5.7M        23M       3.2G

MemTotal:        4016004 kB
MemFree:          127520 kB
Active:           315836 kB
Mem:          3.8G       3.7G       124M       5.7M        23M       3.2G

MemTotal:        4016004 kB
MemFree:          127892 kB
Active:           315792 kB
Mem:          3.8G       3.7G       124M       5.7M        23M       3.2G

MemTotal:        4016004 kB
MemFree:          127892 kB
Active:           315840 kB
Mem:          3.8G       3.7G       124M       5.7M        23M       3.2G

MemTotal:        4016004 kB
MemFree:          127520 kB
Active:           315840 kB
Mem:          3.8G       3.7G       124M       5.7M        23M       3.2G

MemTotal:        4016004 kB
MemFree:          127892 kB
Active:           315832 kB
Mem:          3.8G       3.7G       124M       5.7M        23M       3.2G

MemTotal:        4016004 kB
MemFree:          127768 kB
Active:           315812 kB
Mem:          3.8G       3.7G       124M       5.7M        23M       3.2G

MemTotal:        4016004 kB
MemFree:          127520 kB
Active:           315844 kB
Mem:          3.8G       3.7G       124M       5.7M        23M       3.2G

MemTotal:        4016004 kB
MemFree:          128172 kB
Active:           315796 kB
Mem:          3.8G       3.7G       125M       5.7M        23M       3.2G

MemTotal:        4016004 kB
MemFree:          127428 kB
Active:           315720 kB
Mem:          3.8G       3.7G       124M       5.7M        23M       3.2G

MemTotal:        4016004 kB
MemFree:          127460 kB
Active:           315588 kB
Mem:          3.8G       3.7G       124M       5.7M        23M       3.2G

MemTotal:        4016004 kB
MemFree:          127460 kB
Active:           315604 kB
Mem:          3.8G       3.7G       124M       5.7M        23M       3.2G

MemTotal:        4016004 kB
MemFree:          127336 kB
Active:           315572 kB
Mem:          3.8G       3.7G       124M       5.7M        23M       3.2G

MemTotal:        4016004 kB
MemFree:          127336 kB
Active:           315596 kB
Mem:          3.8G       3.7G       124M       5.7M        23M       3.2G

MemTotal:        4016004 kB
MemFree:          127956 kB
Active:           315588 kB
Mem:          3.8G       3.7G       124M       5.7M        23M       3.2G

MemTotal:        4016004 kB
MemFree:          127956 kB
Active:           315596 kB
Mem:          3.8G       3.7G       124M       5.7M        23M       3.2G

MemTotal:        4016004 kB
MemFree:          127708 kB
Active:           315620 kB
Mem:          3.8G       3.7G       124M       5.7M        23M       3.2G

MemTotal:        4016004 kB
MemFree:          128080 kB
Active:           315604 kB
Mem:          3.8G       3.7G       124M       5.7M        23M       3.2G

MemTotal:        4016004 kB
MemFree:          128080 kB
Active:           315644 kB
Mem:          3.8G       3.7G       125M       5.7M        23M       3.2G

MemTotal:        4016004 kB
MemFree:          127708 kB
Active:           315652 kB
Mem:          3.8G       3.7G       124M       5.7M        23M       3.2G

MemTotal:        4016004 kB
MemFree:          125660 kB
Active:           315620 kB
Mem:          3.8G       3.7G       122M       5.7M        23M       3.2G

MemTotal:        4016004 kB
MemFree:          125660 kB
Active:           317644 kB
Mem:          3.8G       3.7G       122M       5.7M        23M       3.2G

MemTotal:        4016004 kB
MemFree:          125660 kB
Active:           317672 kB
Mem:          3.8G       3.7G       122M       5.7M        23M       3.2G

MemTotal:        4016004 kB
MemFree:          125288 kB
Active:           317676 kB
Mem:          3.8G       3.7G       122M       5.7M        23M       3.2G

MemTotal:        4016004 kB
MemFree:          125908 kB
Active:           317672 kB
Mem:          3.8G       3.7G       122M       5.7M        23M       3.2G

MemTotal:        4016004 kB
MemFree:          125908 kB
Active:           317672 kB
Mem:          3.8G       3.7G       122M       5.7M        23M       3.2G

MemTotal:        4016004 kB
MemFree:          125536 kB
Active:           317684 kB
Mem:          3.8G       3.7G       122M       5.7M        23M       3.2G

MemTotal:        4016004 kB
MemFree:          125660 kB
Active:           317648 kB
Mem:          3.8G       3.7G       122M       5.7M        23M       3.2G

MemTotal:        4016004 kB
MemFree:          125536 kB
Active:           317664 kB
Mem:          3.8G       3.7G       122M       5.7M        23M       3.2G

MemTotal:        4016004 kB
MemFree:          125536 kB
Active:           317680 kB
Mem:          3.8G       3.7G       122M       5.7M        23M       3.2G

MemTotal:        4016004 kB
MemFree:          125408 kB
Active:           316860 kB
Mem:          3.8G       3.7G       122M       5.7M        23M       3.2G

MemTotal:        4016004 kB
MemFree:          125408 kB
Active:           316868 kB
Mem:          3.8G       3.7G       122M       5.7M        23M       3.2G

MemTotal:        4016004 kB
MemFree:          125408 kB
Active:           318960 kB
Mem:          3.8G       3.7G       122M       5.7M        23M       3.2G

MemTotal:        4016004 kB
MemFree:          125408 kB
Active:           318924 kB
Mem:          3.8G       3.7G       122M       5.7M        23M       3.2G

MemTotal:        4016004 kB
MemFree:          125408 kB
Active:           318964 kB
Mem:          3.8G       3.7G       122M       5.7M        23M       3.2G

MemTotal:        4016004 kB
MemFree:          125408 kB
Active:           318964 kB
Mem:          3.8G       3.7G       122M       5.7M        23M       3.2G

MemTotal:        4016004 kB
MemFree:          124912 kB
Active:           318980 kB
Mem:          3.8G       3.7G       121M       5.7M        23M       3.2G

MemTotal:        4016004 kB
MemFree:          124664 kB
Active:           318980 kB
Mem:          3.8G       3.7G       121M       5.7M        23M       3.2G

MemTotal:        4016004 kB
MemFree:          124912 kB
Active:           318976 kB
Mem:          3.8G       3.7G       121M       5.7M        23M       3.2G

MemTotal:        4016004 kB
MemFree:          125284 kB
Active:           318944 kB
Mem:          3.8G       3.7G       122M       5.7M        23M       3.2G

MemTotal:        4016004 kB
MemFree:          124912 kB
Active:           318988 kB
Mem:          3.8G       3.7G       122M       5.7M        23M       3.2G

MemTotal:        4016004 kB
MemFree:          125284 kB
Active:           318976 kB
Mem:          3.8G       3.7G       122M       5.7M        23M       3.2G

MemTotal:        4016004 kB
MemFree:          125456 kB
Active:           318980 kB
Mem:          3.8G       3.7G       122M       5.7M        23M       3.2G

MemTotal:        4016004 kB
MemFree:          125456 kB
Active:           318944 kB
Mem:          3.8G       3.7G       122M       5.7M        23M       3.2G

MemTotal:        4016004 kB
MemFree:          125456 kB
Active:           318948 kB
Mem:          3.8G       3.7G       122M       5.7M        23M       3.2G

MemTotal:        4016004 kB
MemFree:          125332 kB
Active:           318988 kB
Mem:          3.8G       3.7G       122M       5.7M        23M       3.2G

MemTotal:        4016004 kB
MemFree:          125084 kB
Active:           318952 kB
Mem:          3.8G       3.7G       121M       5.7M        23M       3.2G

MemTotal:        4016004 kB
MemFree:          125208 kB
Active:           318976 kB
Mem:          3.8G       3.7G       122M       5.7M        23M       3.2G

MemTotal:        4016004 kB
MemFree:          124836 kB
Active:           319004 kB
Mem:          3.8G       3.7G       122M       5.7M        23M       3.2G

MemTotal:        4016004 kB
MemFree:          125084 kB
Active:           319008 kB
Mem:          3.8G       3.7G       122M       5.7M        23M       3.2G

MemTotal:        4016004 kB
MemFree:          124836 kB
Active:           319008 kB
Mem:          3.8G       3.7G       122M       5.7M        23M       3.2G

MemTotal:        4016004 kB
MemFree:          125084 kB
Active:           318984 kB
Mem:          3.8G       3.7G       122M       5.7M        23M       3.2G

MemTotal:        4016004 kB
MemFree:          125084 kB
Active:           319012 kB
Mem:          3.8G       3.7G       121M       5.7M        23M       3.2G

MemTotal:        4016004 kB
MemFree:          125208 kB
Active:           318976 kB
Mem:          3.8G       3.7G       122M       5.7M        23M       3.2G

MemTotal:        4016004 kB
MemFree:          125332 kB
Active:           318980 kB
Mem:          3.8G       3.7G       122M       5.7M        23M       3.2G

MemTotal:        4016004 kB
MemFree:          125332 kB
Active:           318972 kB
Mem:          3.8G       3.7G       122M       5.7M        23M       3.2G

MemTotal:        4016004 kB
MemFree:          125084 kB
Active:           318976 kB
Mem:          3.8G       3.7G       122M       5.7M        23M       3.2G

MemTotal:        4016004 kB
MemFree:          125456 kB
Active:           318988 kB
Mem:          3.8G       3.7G       122M       5.7M        23M       3.2G

MemTotal:        4016004 kB
MemFree:          125084 kB
Active:           319020 kB
Mem:          3.8G       3.7G       122M       5.7M        23M       3.2G

MemTotal:        4016004 kB
MemFree:          125332 kB
Active:           318988 kB
Mem:          3.8G       3.7G       122M       5.7M        23M       3.2G

MemTotal:        4016004 kB
MemFree:          124524 kB
Active:           318600 kB
Mem:          3.8G       3.7G       121M       5.7M        23M       3.2G

MemTotal:        4016004 kB
MemFree:          124896 kB
Active:           320604 kB
Mem:          3.8G       3.7G       121M       5.7M        23M       3.2G

MemTotal:        4016004 kB
MemFree:          124464 kB
Active:           320652 kB
Mem:          3.8G       3.7G       121M       5.7M        23M       3.2G

MemTotal:        4016004 kB
MemFree:          124836 kB
Active:           320652 kB
Mem:          3.8G       3.7G       122M       5.7M        23M       3.2G

MemTotal:        4016004 kB
MemFree:          125332 kB
Active:           320648 kB
Mem:          3.8G       3.7G       122M       5.7M        23M       3.2G

MemTotal:        4016004 kB
MemFree:          124836 kB
Active:           320664 kB
Mem:          3.8G       3.7G       122M       5.7M        23M       3.2G

MemTotal:        4016004 kB
MemFree:          125084 kB
Active:           320616 kB
Mem:          3.8G       3.7G       122M       5.7M        23M       3.2G

MemTotal:        4016004 kB
MemFree:          124836 kB
Active:           320664 kB
Mem:          3.8G       3.7G       122M       5.7M        23M       3.2G

MemTotal:        4016004 kB
MemFree:          124960 kB
Active:           320664 kB
Mem:          3.8G       3.7G       122M       5.7M        23M       3.2G

MemTotal:        4016004 kB
MemFree:          125580 kB
Active:           320616 kB
Mem:          3.8G       3.7G       122M       5.7M        23M       3.2G

MemTotal:        4016004 kB
MemFree:          125456 kB
Active:           320652 kB
Mem:          3.8G       3.7G       122M       5.7M        23M       3.2G

MemTotal:        4016004 kB
MemFree:          125456 kB
Active:           320664 kB
Mem:          3.8G       3.7G       122M       5.7M        23M       3.2G

MemTotal:        4016004 kB
MemFree:          125580 kB
Active:           320640 kB
Mem:          3.8G       3.7G       122M       5.7M        23M       3.2G

MemTotal:        4016004 kB
MemFree:          125580 kB
Active:           320660 kB
Mem:          3.8G       3.7G       122M       5.7M        23M       3.2G

MemTotal:        4016004 kB
MemFree:          125704 kB
Active:           320636 kB
Mem:          3.8G       3.7G       122M       5.7M        23M       3.2G

MemTotal:        4016004 kB
MemFree:          125332 kB
Active:           320676 kB
Mem:          3.8G       3.7G       122M       5.7M        23M       3.2G

MemTotal:        4016004 kB
MemFree:          125580 kB
Active:           320624 kB
Mem:          3.8G       3.7G       122M       5.7M        23M       3.2G

MemTotal:        4016004 kB
MemFree:          125332 kB
Active:           320684 kB
Mem:          3.8G       3.7G       122M       5.7M        23M       3.2G

MemTotal:        4016004 kB
MemFree:          125580 kB
Active:           320652 kB
Mem:          3.8G       3.7G       122M       5.7M        23M       3.2G

MemTotal:        4016004 kB
MemFree:          125084 kB
Active:           320636 kB
Mem:          3.8G       3.7G       122M       5.7M        23M       3.2G

MemTotal:        4016004 kB
MemFree:          125456 kB
Active:           320664 kB
Mem:          3.8G       3.7G       122M       5.7M        23M       3.2G

MemTotal:        4016004 kB
MemFree:          125456 kB
Active:           320684 kB
Mem:          3.8G       3.7G       122M       5.7M        23M       3.2G

MemTotal:        4016004 kB
MemFree:          125588 kB
Active:           320648 kB
Mem:          3.8G       3.7G       122M       5.7M        23M       3.2G

MemTotal:        4016004 kB
MemFree:          125464 kB
Active:           320680 kB
Mem:          3.8G       3.7G       122M       5.7M        23M       3.2G

MemTotal:        4016004 kB
MemFree:          125216 kB
Active:           320696 kB
Mem:          3.8G       3.7G       122M       5.7M        23M       3.2G

MemTotal:        4016004 kB
MemFree:          125340 kB
Active:           320668 kB
Mem:          3.8G       3.7G       122M       5.7M        23M       3.2G

MemTotal:        4016004 kB
MemFree:          125464 kB
Active:           320684 kB
Mem:          3.8G       3.7G       122M       5.7M        23M       3.2G

MemTotal:        4016004 kB
MemFree:          125512 kB
Active:           320644 kB
Mem:          3.8G       3.7G       122M       5.7M        23M       3.2G

MemTotal:        4016004 kB
MemFree:          125636 kB
Active:           320668 kB
Mem:          3.8G       3.7G       122M       5.7M        23M       3.2G

MemTotal:        4016004 kB
MemFree:          123712 kB
Active:           320692 kB
Mem:          3.8G       3.7G       120M       5.7M        23M       3.2G

MemTotal:        4016004 kB
MemFree:          123588 kB
Active:           322672 kB
Mem:          3.8G       3.7G       120M       5.7M        23M       3.2G

MemTotal:        4016004 kB
MemFree:          123712 kB
Active:           322696 kB
Mem:          3.8G       3.7G       120M       5.7M        23M       3.2G

MemTotal:        4016004 kB
MemFree:          123588 kB
Active:           322676 kB
Mem:          3.8G       3.7G       120M       5.7M        23M       3.2G

MemTotal:        4016004 kB
MemFree:          123464 kB
Active:           322700 kB
Mem:          3.8G       3.7G       120M       5.7M        23M       3.2G

MemTotal:        4016004 kB
MemFree:          123588 kB
Active:           322724 kB
Mem:          3.8G       3.7G       120M       5.7M        23M       3.2G

MemTotal:        4016004 kB
MemFree:          123340 kB
Active:           322740 kB
Mem:          3.8G       3.7G       120M       5.7M        23M       3.2G

MemTotal:        4016004 kB
MemFree:          123712 kB
Active:           322720 kB
Mem:          3.8G       3.7G       120M       5.7M        23M       3.2G

MemTotal:        4016004 kB
MemFree:          123712 kB
Active:           322684 kB
Mem:          3.8G       3.7G       120M       5.7M        23M       3.2G

MemTotal:        4016004 kB
MemFree:          123464 kB
Active:           322748 kB
Mem:          3.8G       3.7G       120M       5.7M        23M       3.2G

MemTotal:        4016004 kB
MemFree:          122952 kB
Active:           320924 kB
Mem:          3.8G       3.7G       119M       5.7M        23M       3.2G

MemTotal:        4016004 kB
MemFree:          122780 kB
Active:           320764 kB
Mem:          3.8G       3.7G       119M       5.7M        23M       3.2G

MemTotal:        4016004 kB
MemFree:          122656 kB
Active:           320796 kB
Mem:          3.8G       3.7G       119M       5.7M        23M       3.2G

MemTotal:        4016004 kB
MemFree:          122656 kB
Active:           322848 kB
Mem:          3.8G       3.7G       119M       5.7M        23M       3.2G

MemTotal:        4016004 kB
MemFree:          123028 kB
Active:           322824 kB
Mem:          3.8G       3.7G       120M       5.7M        23M       3.2G

MemTotal:        4016004 kB
MemFree:          123152 kB
Active:           322840 kB
Mem:          3.8G       3.7G       120M       5.7M        23M       3.2G

MemTotal:        4016004 kB
MemFree:          123276 kB
Active:           322808 kB
Mem:          3.8G       3.7G       120M       5.7M        23M       3.2G

MemTotal:        4016004 kB
MemFree:          123152 kB
Active:           322816 kB
Mem:          3.8G       3.7G       120M       5.7M        23M       3.2G

MemTotal:        4016004 kB
MemFree:          123400 kB
Active:           322820 kB
Mem:          3.8G       3.7G       120M       5.7M        23M       3.2G

MemTotal:        4016004 kB
MemFree:          123276 kB
Active:           322816 kB
Mem:          3.8G       3.7G       120M       5.7M        23M       3.2G

MemTotal:        4016004 kB
MemFree:          122904 kB
Active:           322860 kB
Mem:          3.8G       3.7G       119M       5.7M        23M       3.2G

MemTotal:        4016004 kB
MemFree:          122780 kB
Active:           322820 kB
Mem:          3.8G       3.7G       119M       5.7M        23M       3.2G

MemTotal:        4016004 kB
MemFree:          122780 kB
Active:           322824 kB
Mem:          3.8G       3.7G       119M       5.7M        23M       3.2G

MemTotal:        4016004 kB
MemFree:          122656 kB
Active:           322868 kB
Mem:          3.8G       3.7G       120M       5.7M        23M       3.2G

MemTotal:        4016004 kB
MemFree:          123152 kB
Active:           322844 kB
Mem:          3.8G       3.7G       120M       5.7M        23M       3.2G

MemTotal:        4016004 kB
MemFree:          123276 kB
Active:           322828 kB
Mem:          3.8G       3.7G       120M       5.7M        23M       3.2G

MemTotal:        4016004 kB
MemFree:          123152 kB
Active:           322824 kB
Mem:          3.8G       3.7G       120M       5.7M        23M       3.2G

MemTotal:        4016004 kB
MemFree:          122904 kB
Active:           322876 kB
Mem:          3.8G       3.7G       120M       5.7M        23M       3.2G

MemTotal:        4016004 kB
MemFree:          123276 kB
Active:           322844 kB
Mem:          3.8G       3.7G       120M       5.7M        23M       3.2G

MemTotal:        4016004 kB
MemFree:          122904 kB
Active:           322876 kB
Mem:          3.8G       3.7G       120M       5.7M        23M       3.2G

MemTotal:        4016004 kB
MemFree:          123524 kB
Active:           322832 kB
Mem:          3.8G       3.7G       120M       5.7M        23M       3.2G

MemTotal:        4016004 kB
MemFree:          123028 kB
Active:           322880 kB
Mem:          3.8G       3.7G       120M       5.7M        23M       3.2G

MemTotal:        4016004 kB
MemFree:          123152 kB
Active:           322844 kB
Mem:          3.8G       3.7G       120M       5.7M        23M       3.2G

MemTotal:        4016004 kB
MemFree:          123152 kB
Active:           322864 kB
Mem:          3.8G       3.7G       120M       5.7M        23M       3.2G

MemTotal:        4016004 kB
MemFree:          122904 kB
Active:           322884 kB
Mem:          3.8G       3.7G       120M       5.7M        23M       3.2G

MemTotal:        4016004 kB
MemFree:          123152 kB
Active:           322864 kB
Mem:          3.8G       3.7G       120M       5.7M        23M       3.2G

MemTotal:        4016004 kB
MemFree:          123276 kB
Active:           322876 kB
Mem:          3.8G       3.7G       120M       5.7M        23M       3.2G

MemTotal:        4016004 kB
MemFree:          123400 kB
Active:           322836 kB
Mem:          3.8G       3.7G       120M       5.7M        23M       3.2G

MemTotal:        4016004 kB
MemFree:          123152 kB
Active:           322884 kB
Mem:          3.8G       3.7G       120M       5.7M        23M       3.2G

MemTotal:        4016004 kB
MemFree:          123524 kB
Active:           322876 kB
Mem:          3.8G       3.7G       120M       5.7M        23M       3.2G

MemTotal:        4016004 kB
MemFree:          123928 kB
Active:           322880 kB
Mem:          3.8G       3.7G       120M       5.7M        23M       3.2G

MemTotal:        4016004 kB
MemFree:          123556 kB
Active:           322872 kB
Mem:          3.8G       3.7G       120M       5.7M        23M       3.2G

MemTotal:        4016004 kB
MemFree:          123556 kB
Active:           322872 kB
Mem:          3.8G       3.7G       120M       5.7M        23M       3.2G

MemTotal:        4016004 kB
MemFree:          123556 kB
Active:           322880 kB
Mem:          3.8G       3.7G       120M       5.7M        23M       3.2G

MemTotal:        4016004 kB
MemFree:          123308 kB
Active:           322904 kB
Mem:          3.8G       3.7G       120M       5.7M        23M       3.2G

MemTotal:        4016004 kB
MemFree:          123556 kB
Active:           322872 kB
Mem:          3.8G       3.7G       120M       5.7M        23M       3.2G

MemTotal:        4016004 kB
MemFree:          123556 kB
Active:           322888 kB
Mem:          3.8G       3.7G       120M       5.7M        23M       3.2G

MemTotal:        4016004 kB
MemFree:          123432 kB
Active:           322868 kB
Mem:          3.8G       3.7G       120M       5.7M        23M       3.2G

MemTotal:        4016004 kB
MemFree:          123556 kB
Active:           322884 kB
Mem:          3.8G       3.7G       120M       5.7M        23M       3.2G

MemTotal:        4016004 kB
MemFree:          123432 kB
Active:           322896 kB
Mem:          3.8G       3.7G       120M       5.7M        23M       3.2G

MemTotal:        4016004 kB
MemFree:          123556 kB
Active:           322900 kB
Mem:          3.8G       3.7G       120M       5.7M        23M       3.2G

MemTotal:        4016004 kB
MemFree:          123556 kB
Active:           322872 kB
Mem:          3.8G       3.7G       120M       5.7M        23M       3.2G

MemTotal:        4016004 kB
MemFree:          123308 kB
Active:           322892 kB
Mem:          3.8G       3.7G       120M       5.7M        23M       3.2G

MemTotal:        4016004 kB
MemFree:          123432 kB
Active:           322904 kB
Mem:          3.8G       3.7G       120M       5.7M        23M       3.2G

MemTotal:        4016004 kB
MemFree:          123308 kB
Active:           322908 kB
Mem:          3.8G       3.7G       120M       5.7M        23M       3.2G

MemTotal:        4016004 kB
MemFree:          123308 kB
Active:           322876 kB
Mem:          3.8G       3.7G       120M       5.7M        23M       3.2G

MemTotal:        4016004 kB
MemFree:          123432 kB
Active:           322888 kB
Mem:          3.8G       3.7G       120M       5.7M        23M       3.2G

MemTotal:        4016004 kB
MemFree:          123432 kB
Active:           322916 kB
Mem:          3.8G       3.7G       120M       5.7M        23M       3.2G

MemTotal:        4016004 kB
MemFree:          123432 kB
Active:           322924 kB
Mem:          3.8G       3.7G       120M       5.7M        23M       3.2G

MemTotal:        4016004 kB
MemFree:          123308 kB
Active:           322920 kB
Mem:          3.8G       3.7G       120M       5.7M        23M       3.2G

MemTotal:        4016004 kB
MemFree:          123432 kB
Active:           322880 kB
Mem:          3.8G       3.7G       120M       5.7M        23M       3.2G

MemTotal:        4016004 kB
MemFree:          123556 kB
Active:           322888 kB
Mem:          3.8G       3.7G       120M       5.7M        23M       3.2G

MemTotal:        4016004 kB
MemFree:          123432 kB
Active:           322900 kB
Mem:          3.8G       3.7G       120M       5.7M        23M       3.2G

MemTotal:        4016004 kB
MemFree:          123308 kB
Active:           322884 kB
Mem:          3.8G       3.7G       120M       5.7M        23M       3.2G

MemTotal:        4016004 kB
MemFree:          123184 kB
Active:           322912 kB
Mem:          3.8G       3.7G       120M       5.7M        23M       3.2G

MemTotal:        4016004 kB
MemFree:          123060 kB
Active:           322948 kB
Mem:          3.8G       3.7G       120M       5.7M        23M       3.2G

MemTotal:        4016004 kB
MemFree:          123060 kB
Active:           322920 kB
Mem:          3.8G       3.7G       120M       5.7M        23M       3.2G

MemTotal:        4016004 kB
MemFree:          123060 kB
Active:           322936 kB
Mem:          3.8G       3.7G       120M       5.7M        23M       3.2G

MemTotal:        4016004 kB
MemFree:          123060 kB
Active:           322912 kB
Mem:          3.8G       3.7G       120M       5.7M        23M       3.2G

MemTotal:        4016004 kB
MemFree:          122688 kB
Active:           322960 kB
Mem:          3.8G       3.7G       119M       5.7M        23M       3.2G

MemTotal:        4016004 kB
MemFree:          122936 kB
Active:           322924 kB
Mem:          3.8G       3.7G       120M       5.7M        23M       3.2G

MemTotal:        4016004 kB
MemFree:          123432 kB
Active:           322936 kB
Mem:          3.8G       3.7G       120M       5.7M        23M       3.2G

MemTotal:        4016004 kB
MemFree:          123432 kB
Active:           322932 kB
Mem:          3.8G       3.7G       120M       5.7M        23M       3.2G

MemTotal:        4016004 kB
MemFree:          123556 kB
Active:           322964 kB
Mem:          3.8G       3.7G       120M       5.7M        23M       3.2G

MemTotal:        4016004 kB
MemFree:          124052 kB
Active:           322916 kB
Mem:          3.8G       3.7G       121M       5.7M        23M       3.2G

MemTotal:        4016004 kB
MemFree:          123928 kB
Active:           322944 kB
Mem:          3.8G       3.7G       121M       5.7M        23M       3.2G

MemTotal:        4016004 kB
MemFree:          123804 kB
Active:           322956 kB
Mem:          3.8G       3.7G       120M       5.7M        23M       3.2G

MemTotal:        4016004 kB
MemFree:          123928 kB
Active:           322920 kB
Mem:          3.8G       3.7G       120M       5.7M        23M       3.2G

MemTotal:        4016004 kB
MemFree:          123432 kB
Active:           322932 kB
Mem:          3.8G       3.7G       120M       5.7M        23M       3.2G

MemTotal:        4016004 kB
MemFree:          123308 kB
Active:           322980 kB
Mem:          3.8G       3.7G       120M       5.7M        23M       3.2G

MemTotal:        4016004 kB
MemFree:          123556 kB
Active:           322976 kB
Mem:          3.8G       3.7G       120M       5.7M        23M       3.2G

MemTotal:        4016004 kB
MemFree:          123432 kB
Active:           322932 kB
Mem:          3.8G       3.7G       120M       5.7M        23M       3.2G

MemTotal:        4016004 kB
MemFree:          123556 kB
Active:           322988 kB
Mem:          3.8G       3.7G       120M       5.7M        23M       3.2G

MemTotal:        4016004 kB
MemFree:          123432 kB
Active:           322948 kB
Mem:          3.8G       3.7G       120M       5.7M        23M       3.2G

MemTotal:        4016004 kB
MemFree:          123680 kB
Active:           322944 kB
Mem:          3.8G       3.7G       120M       5.7M        23M       3.2G

MemTotal:        4016004 kB
MemFree:          123804 kB
Active:           323016 kB
Mem:          3.8G       3.7G       120M       5.7M        23M       3.2G

MemTotal:        4016004 kB
MemFree:          123804 kB
Active:           322976 kB
Mem:          3.8G       3.7G       120M       5.7M        23M       3.2G

MemTotal:        4016004 kB
MemFree:          123804 kB
Active:           323004 kB
Mem:          3.8G       3.7G       120M       5.7M        23M       3.2G

MemTotal:        4016004 kB
MemFree:          123556 kB
Active:           323100 kB
Mem:          3.8G       3.7G       120M       5.7M        23M       3.2G

MemTotal:        4016004 kB
MemFree:          123044 kB
Active:           323040 kB
Mem:          3.8G       3.7G       120M       5.7M        23M       3.2G

MemTotal:        4016004 kB
MemFree:          123292 kB
Active:           323024 kB
Mem:          3.8G       3.7G       120M       5.7M        23M       3.2G

