MemTotal:        4016004 kB
MemFree:         3236960 kB
Active:           422156 kB
Mem:          3.8G       760M       3.1G       5.7M        55M       318M

MemTotal:        4016004 kB
MemFree:         3237440 kB
Active:           422028 kB
Mem:          3.8G       759M       3.1G       5.7M        55M       318M

MemTotal:        4016004 kB
MemFree:         3237564 kB
Active:           422084 kB
Mem:          3.8G       760M       3.1G       5.7M        55M       318M

MemTotal:        4016004 kB
MemFree:         3237688 kB
Active:           422068 kB
Mem:          3.8G       760M       3.1G       5.7M        55M       318M

MemTotal:        4016004 kB
MemFree:         3237688 kB
Active:           422100 kB
Mem:          3.8G       760M       3.1G       5.7M        55M       318M

MemTotal:        4016004 kB
MemFree:         3235764 kB
Active:           422064 kB
Mem:          3.8G       761M       3.1G       5.7M        55M       318M

MemTotal:        4016004 kB
MemFree:         3235872 kB
Active:           422036 kB
Mem:          3.8G       761M       3.1G       5.7M        55M       318M

MemTotal:        4016004 kB
MemFree:         3235980 kB
Active:           422068 kB
Mem:          3.8G       761M       3.1G       5.7M        55M       318M

MemTotal:        4016004 kB
MemFree:         3235964 kB
Active:           424084 kB
Mem:          3.8G       761M       3.1G       5.7M        55M       318M

MemTotal:        4016004 kB
MemFree:         3235824 kB
Active:           424112 kB
Mem:          3.8G       762M       3.1G       5.7M        55M       318M

MemTotal:        4016004 kB
MemFree:         3235808 kB
Active:           424088 kB
Mem:          3.8G       761M       3.1G       5.7M        55M       318M

MemTotal:        4016004 kB
MemFree:         3235792 kB
Active:           424080 kB
Mem:          3.8G       761M       3.1G       5.7M        55M       318M

MemTotal:        4016004 kB
MemFree:         3235776 kB
Active:           424124 kB
Mem:          3.8G       761M       3.1G       5.7M        55M       318M

MemTotal:        4016004 kB
MemFree:         3235636 kB
Active:           424136 kB
Mem:          3.8G       761M       3.1G       5.7M        55M       318M

MemTotal:        4016004 kB
MemFree:         3236132 kB
Active:           424116 kB
Mem:          3.8G       761M       3.1G       5.7M        55M       318M

MemTotal:        4016004 kB
MemFree:         3235884 kB
Active:           424140 kB
Mem:          3.8G       761M       3.1G       5.7M        55M       318M

MemTotal:        4016004 kB
MemFree:         3237900 kB
Active:           422060 kB
Mem:          3.8G       760M       3.1G       5.7M        55M       318M

MemTotal:        4016004 kB
MemFree:         3237776 kB
Active:           422104 kB
Mem:          3.8G       759M       3.1G       5.7M        55M       318M

MemTotal:        4016004 kB
MemFree:         3238024 kB
Active:           422080 kB
Mem:          3.8G       759M       3.1G       5.7M        55M       318M

MemTotal:        4016004 kB
MemFree:         3237652 kB
Active:           422116 kB
Mem:          3.8G       760M       3.1G       5.7M        55M       318M

MemTotal:        4016004 kB
MemFree:         3237900 kB
Active:           422088 kB
Mem:          3.8G       759M       3.1G       5.7M        55M       318M

MemTotal:        4016004 kB
MemFree:         3238132 kB
Active:           422104 kB
Mem:          3.8G       759M       3.1G       5.7M        55M       318M

MemTotal:        4016004 kB
MemFree:         3238008 kB
Active:           422120 kB
Mem:          3.8G       759M       3.1G       5.7M        55M       318M

MemTotal:        4016004 kB
MemFree:         3237884 kB
Active:           422124 kB
Mem:          3.8G       759M       3.1G       5.7M        55M       318M

MemTotal:        4016004 kB
MemFree:         3237744 kB
Active:           422108 kB
Mem:          3.8G       760M       3.1G       5.7M        55M       318M

MemTotal:        4016004 kB
MemFree:         3235556 kB
Active:           422072 kB
Mem:          3.8G       762M       3.1G       5.7M        55M       318M

MemTotal:        4016004 kB
MemFree:         3235680 kB
Active:           424124 kB
Mem:          3.8G       762M       3.1G       5.7M        55M       318M

MemTotal:        4016004 kB
MemFree:         3235540 kB
Active:           424108 kB
Mem:          3.8G       762M       3.1G       5.7M        55M       318M

MemTotal:        4016004 kB
MemFree:         3235664 kB
Active:           424132 kB
Mem:          3.8G       762M       3.1G       5.7M        55M       318M

MemTotal:        4016004 kB
MemFree:         3235788 kB
Active:           424128 kB
Mem:          3.8G       762M       3.1G       5.7M        55M       318M

MemTotal:        4016004 kB
MemFree:         3235540 kB
Active:           424152 kB
Mem:          3.8G       762M       3.1G       5.7M        55M       318M

MemTotal:        4016004 kB
MemFree:         3235912 kB
Active:           424120 kB
Mem:          3.8G       761M       3.1G       5.7M        55M       318M

MemTotal:        4016004 kB
MemFree:         3235788 kB
Active:           424156 kB
Mem:          3.8G       761M       3.1G       5.7M        55M       318M

MemTotal:        4016004 kB
MemFree:         3235912 kB
Active:           424140 kB
Mem:          3.8G       761M       3.1G       5.7M        55M       318M

MemTotal:        4016004 kB
MemFree:         3235896 kB
Active:           424132 kB
Mem:          3.8G       761M       3.1G       5.7M        55M       318M

MemTotal:        4016004 kB
MemFree:         3236116 kB
Active:           424160 kB
Mem:          3.8G       761M       3.1G       5.7M        55M       318M

MemTotal:        4016004 kB
MemFree:         3236116 kB
Active:           424140 kB
Mem:          3.8G       761M       3.1G       5.7M        55M       318M

MemTotal:        4016004 kB
MemFree:         3235868 kB
Active:           424124 kB
Mem:          3.8G       761M       3.1G       5.7M        55M       318M

MemTotal:        4016004 kB
MemFree:         3235992 kB
Active:           424164 kB
Mem:          3.8G       761M       3.1G       5.7M        55M       318M

MemTotal:        4016004 kB
MemFree:         3235868 kB
Active:           424132 kB
Mem:          3.8G       761M       3.1G       5.7M        55M       318M

MemTotal:        4016004 kB
MemFree:         3236364 kB
Active:           424132 kB
Mem:          3.8G       761M       3.1G       5.7M        55M       318M

MemTotal:        4016004 kB
MemFree:         3236364 kB
Active:           424164 kB
Mem:          3.8G       761M       3.1G       5.7M        55M       318M

MemTotal:        4016004 kB
MemFree:         3236488 kB
Active:           424124 kB
Mem:          3.8G       761M       3.1G       5.7M        55M       318M

MemTotal:        4016004 kB
MemFree:         3236364 kB
Active:           424140 kB
Mem:          3.8G       761M       3.1G       5.7M        55M       318M

MemTotal:        4016004 kB
MemFree:         3236240 kB
Active:           424168 kB
Mem:          3.8G       761M       3.1G       5.7M        55M       318M

MemTotal:        4016004 kB
MemFree:         3235804 kB
Active:           422132 kB
Mem:          3.8G       762M       3.1G       5.7M        55M       318M

MemTotal:        4016004 kB
MemFree:         3235928 kB
Active:           422088 kB
Mem:          3.8G       762M       3.1G       5.7M        55M       318M

MemTotal:        4016004 kB
MemFree:         3233344 kB
Active:           425972 kB
Mem:          3.8G       764M       3.1G       5.7M        56M       318M

MemTotal:        4016004 kB
MemFree:         3227472 kB
Active:           431980 kB
Mem:          3.8G       770M       3.1G       5.7M        62M       318M

MemTotal:        4016004 kB
MemFree:         3226868 kB
Active:           431972 kB
Mem:          3.8G       770M       3.1G       5.7M        62M       318M

MemTotal:        4016004 kB
MemFree:         3227240 kB
Active:           431980 kB
Mem:          3.8G       770M       3.1G       5.7M        62M       318M

MemTotal:        4016004 kB
MemFree:         3226868 kB
Active:           431996 kB
Mem:          3.8G       770M       3.1G       5.7M        62M       318M

MemTotal:        4016004 kB
MemFree:         3227348 kB
Active:           432020 kB
Mem:          3.8G       770M       3.1G       5.7M        62M       318M

MemTotal:        4016004 kB
MemFree:         3227100 kB
Active:           432004 kB
Mem:          3.8G       770M       3.1G       5.7M        62M       318M

MemTotal:        4016004 kB
MemFree:         3227224 kB
Active:           431992 kB
Mem:          3.8G       770M       3.1G       5.7M        62M       318M

MemTotal:        4016004 kB
MemFree:         3226728 kB
Active:           432020 kB
Mem:          3.8G       771M       3.1G       5.7M        62M       318M

MemTotal:        4016004 kB
MemFree:         3226728 kB
Active:           431980 kB
Mem:          3.8G       770M       3.1G       5.7M        62M       318M

MemTotal:        4016004 kB
MemFree:         3226232 kB
Active:           432032 kB
Mem:          3.8G       771M       3.1G       5.7M        62M       318M

MemTotal:        4016004 kB
MemFree:         3226728 kB
Active:           431996 kB
Mem:          3.8G       770M       3.1G       5.7M        62M       318M

MemTotal:        4016004 kB
MemFree:         3226852 kB
Active:           431984 kB
Mem:          3.8G       770M       3.1G       5.7M        62M       318M

MemTotal:        4016004 kB
MemFree:         3226852 kB
Active:           432016 kB
Mem:          3.8G       770M       3.1G       5.7M        62M       318M

MemTotal:        4016004 kB
MemFree:         3226976 kB
Active:           432008 kB
Mem:          3.8G       770M       3.1G       5.7M        62M       318M

MemTotal:        4016004 kB
MemFree:         3226976 kB
Active:           432024 kB
Mem:          3.8G       770M       3.1G       5.7M        62M       318M

MemTotal:        4016004 kB
MemFree:         3226852 kB
Active:           432032 kB
Mem:          3.8G       770M       3.1G       5.7M        62M       318M

MemTotal:        4016004 kB
MemFree:         3226604 kB
Active:           431988 kB
Mem:          3.8G       771M       3.1G       5.7M        62M       318M

MemTotal:        4016004 kB
MemFree:         3225920 kB
Active:           429976 kB
Mem:          3.8G       771M       3.1G       5.7M        62M       318M

MemTotal:        4016004 kB
MemFree:         3226168 kB
Active:           429948 kB
Mem:          3.8G       771M       3.1G       5.7M        62M       318M

MemTotal:        4016004 kB
MemFree:         3226400 kB
Active:           429972 kB
Mem:          3.8G       771M       3.1G       5.7M        62M       318M

MemTotal:        4016004 kB
MemFree:         3226028 kB
Active:           432048 kB
Mem:          3.8G       771M       3.1G       5.7M        62M       318M

MemTotal:        4016004 kB
MemFree:         3226276 kB
Active:           432016 kB
Mem:          3.8G       771M       3.1G       5.7M        62M       318M

MemTotal:        4016004 kB
MemFree:         3226276 kB
Active:           432040 kB
Mem:          3.8G       771M       3.1G       5.7M        62M       318M

MemTotal:        4016004 kB
MemFree:         3226260 kB
Active:           432024 kB
Mem:          3.8G       771M       3.1G       5.7M        62M       318M

MemTotal:        4016004 kB
MemFree:         3226260 kB
Active:           432048 kB
Mem:          3.8G       771M       3.1G       5.7M        62M       318M

MemTotal:        4016004 kB
MemFree:         3226384 kB
Active:           432032 kB
Mem:          3.8G       771M       3.1G       5.7M        62M       318M

MemTotal:        4016004 kB
MemFree:         3226120 kB
Active:           432024 kB
Mem:          3.8G       771M       3.1G       5.7M        62M       318M

MemTotal:        4016004 kB
MemFree:         3226292 kB
Active:           432052 kB
Mem:          3.8G       771M       3.1G       5.7M        62M       318M

MemTotal:        4016004 kB
MemFree:         3226044 kB
Active:           432064 kB
Mem:          3.8G       771M       3.1G       5.7M        62M       318M

MemTotal:        4016004 kB
MemFree:         3226540 kB
Active:           432056 kB
Mem:          3.8G       771M       3.1G       5.7M        62M       318M

MemTotal:        4016004 kB
MemFree:         3226168 kB
Active:           432064 kB
Mem:          3.8G       771M       3.1G       5.7M        62M       318M

MemTotal:        4016004 kB
MemFree:         3226540 kB
Active:           432060 kB
Mem:          3.8G       771M       3.1G       5.7M        62M       318M

MemTotal:        4016004 kB
MemFree:         3226416 kB
Active:           432020 kB
Mem:          3.8G       771M       3.1G       5.7M        62M       318M

MemTotal:        4016004 kB
MemFree:         3226540 kB
Active:           432040 kB
Mem:          3.8G       771M       3.1G       5.7M        62M       318M

MemTotal:        4016004 kB
MemFree:         3226416 kB
Active:           432064 kB
Mem:          3.8G       770M       3.1G       5.7M        62M       318M

MemTotal:        4016004 kB
MemFree:         3226664 kB
Active:           432076 kB
Mem:          3.8G       771M       3.1G       5.7M        62M       318M

MemTotal:        4016004 kB
MemFree:         3226540 kB
Active:           432056 kB
Mem:          3.8G       770M       3.1G       5.7M        62M       318M

MemTotal:        4016004 kB
MemFree:         3226352 kB
Active:           430032 kB
Mem:          3.8G       771M       3.1G       5.7M        62M       318M

MemTotal:        4016004 kB
MemFree:         3226352 kB
Active:           432048 kB
Mem:          3.8G       771M       3.1G       5.7M        62M       318M

MemTotal:        4016004 kB
MemFree:         3226324 kB
Active:           432072 kB
Mem:          3.8G       771M       3.1G       5.7M        62M       318M

MemTotal:        4016004 kB
MemFree:         3226076 kB
Active:           432092 kB
Mem:          3.8G       771M       3.1G       5.7M        62M       318M

MemTotal:        4016004 kB
MemFree:         3226696 kB
Active:           432048 kB
Mem:          3.8G       771M       3.1G       5.7M        62M       318M

MemTotal:        4016004 kB
MemFree:         3226324 kB
Active:           432104 kB
Mem:          3.8G       771M       3.1G       5.7M        62M       318M

MemTotal:        4016004 kB
MemFree:         3226680 kB
Active:           432068 kB
Mem:          3.8G       771M       3.1G       5.7M        62M       318M

MemTotal:        4016004 kB
MemFree:         3226432 kB
Active:           432104 kB
Mem:          3.8G       770M       3.1G       5.7M        62M       318M

MemTotal:        4016004 kB
MemFree:         3226804 kB
Active:           432104 kB
Mem:          3.8G       770M       3.1G       5.7M        62M       318M

MemTotal:        4016004 kB
MemFree:         3226804 kB
Active:           432092 kB
Mem:          3.8G       770M       3.1G       5.7M        62M       318M

MemTotal:        4016004 kB
MemFree:         3226300 kB
Active:           430108 kB
Mem:          3.8G       770M       3.1G       5.7M        62M       318M

MemTotal:        4016004 kB
MemFree:         3226300 kB
Active:           432160 kB
Mem:          3.8G       771M       3.1G       5.7M        62M       318M

MemTotal:        4016004 kB
MemFree:         3226300 kB
Active:           432140 kB
Mem:          3.8G       771M       3.1G       5.7M        62M       318M

MemTotal:        4016004 kB
MemFree:         3226284 kB
Active:           432132 kB
Mem:          3.8G       771M       3.1G       5.7M        62M       318M

MemTotal:        4016004 kB
MemFree:         3225896 kB
Active:           432164 kB
Mem:          3.8G       771M       3.1G       5.7M        62M       318M

MemTotal:        4016004 kB
MemFree:         3225520 kB
Active:           432416 kB
Mem:          3.8G       772M       3.1G       5.7M        62M       318M

MemTotal:        4016004 kB
MemFree:         3181604 kB
Active:           433320 kB
Mem:          3.8G       815M       3.0G       5.7M        62M       360M

MemTotal:        4016004 kB
MemFree:         3134992 kB
Active:           433320 kB
Mem:          3.8G       861M       3.0G       5.7M        62M       406M

MemTotal:        4016004 kB
MemFree:         3089132 kB
Active:           433328 kB
Mem:          3.8G       906M       2.9G       5.7M        62M       449M

MemTotal:        4016004 kB
MemFree:         3041160 kB
Active:           433332 kB
Mem:          3.8G       952M       2.9G       5.7M        62M       495M

MemTotal:        4016004 kB
MemFree:         2993904 kB
Active:           431288 kB
Mem:          3.8G       998M       2.9G       5.7M        62M       540M

MemTotal:        4016004 kB
MemFree:         2949788 kB
Active:           433336 kB
Mem:          3.8G       1.0G       2.8G       5.7M        62M       584M

MemTotal:        4016004 kB
MemFree:         2902432 kB
Active:           433344 kB
Mem:          3.8G       1.1G       2.8G       5.7M        62M       629M

MemTotal:        4016004 kB
MemFree:         2856208 kB
Active:           433344 kB
Mem:          3.8G       1.1G       2.7G       5.7M        62M       674M

MemTotal:        4016004 kB
MemFree:         2810372 kB
Active:           433344 kB
Mem:          3.8G       1.2G       2.7G       5.7M        62M       718M

MemTotal:        4016004 kB
MemFree:         2764016 kB
Active:           433344 kB
Mem:          3.8G       1.2G       2.6G       5.7M        62M       762M

MemTotal:        4016004 kB
MemFree:         2717468 kB
Active:           433356 kB
Mem:          3.8G       1.2G       2.6G       5.7M        62M       807M

MemTotal:        4016004 kB
MemFree:         2713116 kB
Active:           433320 kB
Mem:          3.8G       1.2G       2.6G       5.7M        62M       812M

MemTotal:        4016004 kB
MemFree:         2666396 kB
Active:           433380 kB
Mem:          3.8G       1.3G       2.5G       5.7M        62M       856M

MemTotal:        4016004 kB
MemFree:         2620264 kB
Active:           433380 kB
Mem:          3.8G       1.3G       2.5G       5.7M        62M       900M

MemTotal:        4016004 kB
MemFree:         2574628 kB
Active:           433380 kB
Mem:          3.8G       1.4G       2.5G       5.7M        62M       945M

MemTotal:        4016004 kB
MemFree:         2528936 kB
Active:           433384 kB
Mem:          3.8G       1.4G       2.4G       5.7M        62M       989M

MemTotal:        4016004 kB
MemFree:         2502836 kB
Active:           433360 kB
Mem:          3.8G       1.4G       2.4G       5.7M        62M       1.0G

MemTotal:        4016004 kB
MemFree:         2464124 kB
Active:           433412 kB
Mem:          3.8G       1.5G       2.3G       5.7M        62M       1.0G

MemTotal:        4016004 kB
MemFree:         2417840 kB
Active:           433424 kB
Mem:          3.8G       1.5G       2.3G       5.7M        62M       1.1G

MemTotal:        4016004 kB
MemFree:         2370752 kB
Active:           433424 kB
Mem:          3.8G       1.6G       2.3G       5.7M        62M       1.1G

MemTotal:        4016004 kB
MemFree:         2324192 kB
Active:           433428 kB
Mem:          3.8G       1.6G       2.2G       5.7M        62M       1.2G

MemTotal:        4016004 kB
MemFree:         2277828 kB
Active:           433404 kB
Mem:          3.8G       1.7G       2.2G       5.7M        62M       1.2G

MemTotal:        4016004 kB
MemFree:         2230844 kB
Active:           433436 kB
Mem:          3.8G       1.7G       2.1G       5.7M        62M       1.2G

MemTotal:        4016004 kB
MemFree:         2184976 kB
Active:           433436 kB
Mem:          3.8G       1.7G       2.1G       5.7M        62M       1.3G

MemTotal:        4016004 kB
MemFree:         2138228 kB
Active:           433436 kB
Mem:          3.8G       1.8G       2.0G       5.7M        62M       1.3G

MemTotal:        4016004 kB
MemFree:         2090872 kB
Active:           433440 kB
Mem:          3.8G       1.8G       2.0G       5.7M        62M       1.4G

MemTotal:        4016004 kB
MemFree:         2045552 kB
Active:           433448 kB
Mem:          3.8G       1.9G       2.0G       5.7M        62M       1.4G

MemTotal:        4016004 kB
MemFree:         1999116 kB
Active:           433456 kB
Mem:          3.8G       1.9G       1.9G       5.7M        62M       1.5G

MemTotal:        4016004 kB
MemFree:         1953112 kB
Active:           433456 kB
Mem:          3.8G       2.0G       1.9G       5.7M        62M       1.5G

MemTotal:        4016004 kB
MemFree:         1906592 kB
Active:           433460 kB
Mem:          3.8G       2.0G       1.8G       5.7M        62M       1.6G

MemTotal:        4016004 kB
MemFree:         1859608 kB
Active:           433460 kB
Mem:          3.8G       2.1G       1.8G       5.7M        62M       1.6G

MemTotal:        4016004 kB
MemFree:         1812852 kB
Active:           433460 kB
Mem:          3.8G       2.1G       1.7G       5.7M        62M       1.6G

MemTotal:        4016004 kB
MemFree:         1767188 kB
Active:           433472 kB
Mem:          3.8G       2.1G       1.7G       5.7M        62M       1.7G

MemTotal:        4016004 kB
MemFree:         1720544 kB
Active:           433484 kB
Mem:          3.8G       2.2G       1.6G       5.7M        62M       1.7G

MemTotal:        4016004 kB
MemFree:         1674412 kB
Active:           433492 kB
Mem:          3.8G       2.2G       1.6G       5.7M        62M       1.8G

MemTotal:        4016004 kB
MemFree:         1628020 kB
Active:           433496 kB
Mem:          3.8G       2.3G       1.6G       5.7M        62M       1.8G

MemTotal:        4016004 kB
MemFree:         1581664 kB
Active:           433496 kB
Mem:          3.8G       2.3G       1.5G       5.7M        62M       1.9G

MemTotal:        4016004 kB
MemFree:         1535100 kB
Active:           433504 kB
Mem:          3.8G       2.4G       1.5G       5.7M        62M       1.9G

MemTotal:        4016004 kB
MemFree:         1488488 kB
Active:           433504 kB
Mem:          3.8G       2.4G       1.4G       5.7M        62M       1.9G

MemTotal:        4016004 kB
MemFree:         1442776 kB
Active:           433504 kB
Mem:          3.8G       2.5G       1.4G       5.7M        62M       2.0G

MemTotal:        4016004 kB
MemFree:         1395544 kB
Active:           433504 kB
Mem:          3.8G       2.5G       1.3G       5.7M        62M       2.0G

MemTotal:        4016004 kB
MemFree:         1348856 kB
Active:           433520 kB
Mem:          3.8G       2.5G       1.3G       5.7M        62M       2.1G

MemTotal:        4016004 kB
MemFree:         1302556 kB
Active:           433524 kB
Mem:          3.8G       2.6G       1.2G       5.7M        62M       2.1G

MemTotal:        4016004 kB
MemFree:         1256804 kB
Active:           433524 kB
Mem:          3.8G       2.6G       1.2G       5.7M        62M       2.2G

MemTotal:        4016004 kB
MemFree:         1211448 kB
Active:           433532 kB
Mem:          3.8G       2.7G       1.2G       5.7M        62M       2.2G

MemTotal:        4016004 kB
MemFree:         1166384 kB
Active:           433536 kB
Mem:          3.8G       2.7G       1.1G       5.7M        62M       2.2G

MemTotal:        4016004 kB
MemFree:         1129052 kB
Active:           433548 kB
Mem:          3.8G       2.8G       1.1G       5.7M        62M       2.3G

MemTotal:        4016004 kB
MemFree:         1128668 kB
Active:           433544 kB
Mem:          3.8G       2.8G       1.1G       5.7M        62M       2.3G

MemTotal:        4016004 kB
MemFree:         1128688 kB
Active:           433560 kB
Mem:          3.8G       2.8G       1.1G       5.7M        62M       2.3G

MemTotal:        4016004 kB
MemFree:         1116820 kB
Active:           433568 kB
Mem:          3.8G       2.8G       1.1G       5.7M        62M       2.3G

MemTotal:        4016004 kB
MemFree:         1071300 kB
Active:           433580 kB
Mem:          3.8G       2.8G       1.0G       5.7M        62M       2.3G

MemTotal:        4016004 kB
MemFree:         1025696 kB
Active:           433592 kB
Mem:          3.8G       2.9G       1.0G       5.7M        62M       2.4G

MemTotal:        4016004 kB
MemFree:          979952 kB
Active:           433592 kB
Mem:          3.8G       2.9G       956M       5.7M        63M       2.4G

MemTotal:        4016004 kB
MemFree:          934100 kB
Active:           433596 kB
Mem:          3.8G       2.9G       911M       5.7M        63M       2.5G

MemTotal:        4016004 kB
MemFree:          888480 kB
Active:           433600 kB
Mem:          3.8G       3.0G       867M       5.7M        63M       2.5G

MemTotal:        4016004 kB
MemFree:          842752 kB
Active:           433600 kB
Mem:          3.8G       3.0G       822M       5.7M        63M       2.5G

MemTotal:        4016004 kB
MemFree:          796668 kB
Active:           433600 kB
Mem:          3.8G       3.1G       777M       5.7M        63M       2.6G

MemTotal:        4016004 kB
MemFree:          751652 kB
Active:           433620 kB
Mem:          3.8G       3.1G       733M       5.7M        63M       2.6G

MemTotal:        4016004 kB
MemFree:          738044 kB
Active:           433608 kB
Mem:          3.8G       3.1G       720M       5.7M        63M       2.6G

MemTotal:        4016004 kB
MemFree:          692412 kB
Active:           433636 kB
Mem:          3.8G       3.2G       675M       5.7M        63M       2.7G

MemTotal:        4016004 kB
MemFree:          647032 kB
Active:           433636 kB
Mem:          3.8G       3.2G       631M       5.7M        63M       2.7G

MemTotal:        4016004 kB
MemFree:          600516 kB
Active:           433640 kB
Mem:          3.8G       3.3G       585M       5.7M        63M       2.8G

MemTotal:        4016004 kB
MemFree:          554292 kB
Active:           433640 kB
Mem:          3.8G       3.3G       541M       5.7M        63M       2.8G

MemTotal:        4016004 kB
MemFree:          509416 kB
Active:           433644 kB
Mem:          3.8G       3.3G       496M       5.7M        63M       2.9G

MemTotal:        4016004 kB
MemFree:          464188 kB
Active:           433652 kB
Mem:          3.8G       3.4G       453M       5.7M        63M       2.9G

MemTotal:        4016004 kB
MemFree:          417400 kB
Active:           433656 kB
Mem:          3.8G       3.4G       406M       5.7M        63M       2.9G

MemTotal:        4016004 kB
MemFree:          370556 kB
Active:           433668 kB
Mem:          3.8G       3.5G       361M       5.7M        63M       3.0G

MemTotal:        4016004 kB
MemFree:          325252 kB
Active:           433668 kB
Mem:          3.8G       3.5G       317M       5.7M        63M       3.0G

MemTotal:        4016004 kB
MemFree:          279468 kB
Active:           433644 kB
Mem:          3.8G       3.6G       272M       5.7M        63M       3.1G

MemTotal:        4016004 kB
MemFree:          233668 kB
Active:           433672 kB
Mem:          3.8G       3.6G       227M       5.7M        63M       3.1G

MemTotal:        4016004 kB
MemFree:          186436 kB
Active:           433648 kB
Mem:          3.8G       3.7G       181M       5.7M        63M       3.2G

MemTotal:        4016004 kB
MemFree:          140492 kB
Active:           433676 kB
Mem:          3.8G       3.7G       136M       5.7M        63M       3.2G

MemTotal:        4016004 kB
MemFree:          133232 kB
Active:           431880 kB
Mem:          3.8G       3.7G       132M       5.7M        28M       3.2G

MemTotal:        4016004 kB
MemFree:          114100 kB
Active:           438156 kB
Mem:          3.8G       3.7G       111M       5.7M        28M       3.3G

MemTotal:        4016004 kB
MemFree:          112544 kB
Active:           436076 kB
Mem:          3.8G       3.7G       109M       5.7M        28M       3.3G

MemTotal:        4016004 kB
MemFree:          109632 kB
Active:           446496 kB
Mem:          3.8G       3.7G       105M       5.7M        27M       3.3G

MemTotal:        4016004 kB
MemFree:          157340 kB
Active:           489880 kB
Mem:          3.8G       3.7G       152M       5.7M        27M       3.2G

MemTotal:        4016004 kB
MemFree:          110852 kB
Active:           489892 kB
Mem:          3.8G       3.7G       107M       5.7M        27M       3.3G

MemTotal:        4016004 kB
MemFree:          125172 kB
Active:           482720 kB
Mem:          3.8G       3.7G       122M       5.7M        27M       3.3G

MemTotal:        4016004 kB
MemFree:          128640 kB
Active:           479112 kB
Mem:          3.8G       3.7G       125M       5.7M        27M       3.3G

MemTotal:        4016004 kB
MemFree:          128532 kB
Active:           478984 kB
Mem:          3.8G       3.7G       125M       5.7M        27M       3.3G

MemTotal:        4016004 kB
MemFree:          128908 kB
Active:           478944 kB
Mem:          3.8G       3.7G       125M       5.7M        27M       3.3G

MemTotal:        4016004 kB
MemFree:          129376 kB
Active:           478952 kB
Mem:          3.8G       3.7G       126M       5.7M        27M       3.3G

MemTotal:        4016004 kB
MemFree:          116112 kB
Active:           475924 kB
Mem:          3.8G       3.7G       112M       5.7M        27M       3.3G

MemTotal:        4016004 kB
MemFree:          128756 kB
Active:           468708 kB
Mem:          3.8G       3.7G       125M       5.7M        27M       3.3G

MemTotal:        4016004 kB
MemFree:          118988 kB
Active:           463312 kB
Mem:          3.8G       3.7G       115M       5.7M        27M       3.3G

MemTotal:        4016004 kB
MemFree:          108972 kB
Active:           459748 kB
Mem:          3.8G       3.7G       105M       5.7M        27M       3.3G

MemTotal:        4016004 kB
MemFree:          115292 kB
Active:           451588 kB
Mem:          3.8G       3.7G       112M       5.7M        27M       3.3G

MemTotal:        4016004 kB
MemFree:          106764 kB
Active:           448124 kB
Mem:          3.8G       3.7G       104M       5.7M        27M       3.3G

MemTotal:        4016004 kB
MemFree:          125752 kB
Active:           441580 kB
Mem:          3.8G       3.7G       122M       5.7M        27M       3.3G

MemTotal:        4016004 kB
MemFree:          106448 kB
Active:           439712 kB
Mem:          3.8G       3.7G       103M       5.7M        27M       3.3G

MemTotal:        4016004 kB
MemFree:          130704 kB
Active:           433172 kB
Mem:          3.8G       3.7G       126M       5.7M        27M       3.3G

MemTotal:        4016004 kB
MemFree:          137568 kB
Active:           431100 kB
Mem:          3.8G       3.7G       134M       5.7M        27M       3.2G

MemTotal:        4016004 kB
MemFree:          129064 kB
Active:           430044 kB
Mem:          3.8G       3.7G       125M       5.7M        27M       3.3G

MemTotal:        4016004 kB
MemFree:          107356 kB
Active:           432196 kB
Mem:          3.8G       3.7G       103M       5.7M        27M       3.3G

MemTotal:        4016004 kB
MemFree:          122624 kB
Active:           428748 kB
Mem:          3.8G       3.7G       118M       5.7M        27M       3.3G

MemTotal:        4016004 kB
MemFree:          126364 kB
Active:           427192 kB
Mem:          3.8G       3.7G       123M       5.7M        27M       3.3G

MemTotal:        4016004 kB
MemFree:          122988 kB
Active:           425652 kB
Mem:          3.8G       3.7G       119M       5.7M        27M       3.3G

MemTotal:        4016004 kB
MemFree:          125812 kB
Active:           424308 kB
Mem:          3.8G       3.7G       122M       5.7M        27M       3.3G

MemTotal:        4016004 kB
MemFree:          123204 kB
Active:           422772 kB
Mem:          3.8G       3.7G       119M       5.7M        27M       3.3G

MemTotal:        4016004 kB
MemFree:          124336 kB
Active:           421492 kB
Mem:          3.8G       3.7G       121M       5.7M        27M       3.3G

MemTotal:        4016004 kB
MemFree:          121640 kB
Active:           419836 kB
Mem:          3.8G       3.7G       117M       5.7M        27M       3.3G

MemTotal:        4016004 kB
MemFree:          105268 kB
Active:           418812 kB
Mem:          3.8G       3.7G       105M       5.7M        27M       3.3G

MemTotal:        4016004 kB
MemFree:          121192 kB
Active:           416764 kB
Mem:          3.8G       3.7G       118M       5.7M        27M       3.3G

MemTotal:        4016004 kB
MemFree:          127216 kB
Active:           416232 kB
Mem:          3.8G       3.7G       124M       5.7M        27M       3.3G

MemTotal:        4016004 kB
MemFree:          122796 kB
Active:           415864 kB
Mem:          3.8G       3.7G       117M       5.7M        27M       3.3G

MemTotal:        4016004 kB
MemFree:          119624 kB
Active:           415912 kB
Mem:          3.8G       3.7G       116M       5.7M        27M       3.3G

MemTotal:        4016004 kB
MemFree:          128196 kB
Active:           414344 kB
Mem:          3.8G       3.7G       124M       5.7M        27M       3.3G

MemTotal:        4016004 kB
MemFree:          123416 kB
Active:           412808 kB
Mem:          3.8G       3.7G       119M       5.7M        27M       3.3G

MemTotal:        4016004 kB
MemFree:          126976 kB
Active:           411400 kB
Mem:          3.8G       3.7G       123M       5.7M        27M       3.3G

MemTotal:        4016004 kB
MemFree:          121340 kB
Active:           409992 kB
Mem:          3.8G       3.7G       117M       5.7M        27M       3.3G

MemTotal:        4016004 kB
MemFree:          124108 kB
Active:           408596 kB
Mem:          3.8G       3.7G       120M       5.7M        27M       3.3G

MemTotal:        4016004 kB
MemFree:          127588 kB
Active:           407068 kB
Mem:          3.8G       3.7G       123M       5.7M        27M       3.3G

MemTotal:        4016004 kB
MemFree:          105372 kB
Active:           406428 kB
Mem:          3.8G       3.7G       102M       5.7M        27M       3.3G

MemTotal:        4016004 kB
MemFree:          125044 kB
Active:           404124 kB
Mem:          3.8G       3.7G       121M       5.7M        27M       3.3G

MemTotal:        4016004 kB
MemFree:          109672 kB
Active:           399068 kB
Mem:          3.8G       3.7G       106M       5.7M        27M       3.3G

MemTotal:        4016004 kB
MemFree:          128484 kB
Active:           396764 kB
Mem:          3.8G       3.7G       125M       5.7M        27M       3.3G

MemTotal:        4016004 kB
MemFree:          120144 kB
Active:           395740 kB
Mem:          3.8G       3.7G       116M       5.7M        27M       3.3G

MemTotal:        4016004 kB
MemFree:          124488 kB
Active:           393832 kB
Mem:          3.8G       3.7G       121M       5.7M        27M       3.3G

MemTotal:        4016004 kB
MemFree:          128608 kB
Active:           391912 kB
Mem:          3.8G       3.7G       125M       5.7M        27M       3.3G

MemTotal:        4016004 kB
MemFree:          109624 kB
Active:           391788 kB
Mem:          3.8G       3.7G       105M       5.7M        28M       3.3G

MemTotal:        4016004 kB
MemFree:          125388 kB
Active:           390136 kB
Mem:          3.8G       3.7G       121M       5.7M        28M       3.3G

MemTotal:        4016004 kB
MemFree:          126424 kB
Active:           388216 kB
Mem:          3.8G       3.7G       123M       5.7M        28M       3.3G

MemTotal:        4016004 kB
MemFree:          130228 kB
Active:           386552 kB
Mem:          3.8G       3.7G       126M       5.7M        28M       3.3G

MemTotal:        4016004 kB
MemFree:          137952 kB
Active:           385320 kB
Mem:          3.8G       3.7G       134M       5.7M        28M       3.2G

MemTotal:        4016004 kB
MemFree:          128124 kB
Active:           384176 kB
Mem:          3.8G       3.7G       124M       5.7M        28M       3.3G

MemTotal:        4016004 kB
MemFree:          106424 kB
Active:           383284 kB
Mem:          3.8G       3.7G       103M       5.7M        28M       3.3G

MemTotal:        4016004 kB
MemFree:          124260 kB
Active:           381364 kB
Mem:          3.8G       3.7G       121M       5.7M        28M       3.3G

MemTotal:        4016004 kB
MemFree:          127076 kB
Active:           379700 kB
Mem:          3.8G       3.7G       123M       5.7M        28M       3.3G

MemTotal:        4016004 kB
MemFree:          117836 kB
Active:           378552 kB
Mem:          3.8G       3.7G       114M       5.7M        28M       3.3G

MemTotal:        4016004 kB
MemFree:          108424 kB
Active:           375388 kB
Mem:          3.8G       3.7G       105M       5.7M        28M       3.3G

MemTotal:        4016004 kB
MemFree:          135048 kB
Active:           375396 kB
Mem:          3.8G       3.7G       131M       5.7M        28M       3.2G

MemTotal:        4016004 kB
MemFree:          126532 kB
Active:           375400 kB
Mem:          3.8G       3.7G       122M       5.7M        28M       3.3G

MemTotal:        4016004 kB
MemFree:          109752 kB
Active:           375408 kB
Mem:          3.8G       3.7G       106M       5.7M        28M       3.3G

MemTotal:        4016004 kB
MemFree:          124940 kB
Active:           375408 kB
Mem:          3.8G       3.7G       121M       5.7M        28M       3.3G

MemTotal:        4016004 kB
MemFree:          134024 kB
Active:           375412 kB
Mem:          3.8G       3.7G       130M       5.7M        28M       3.2G

MemTotal:        4016004 kB
MemFree:          135444 kB
Active:           375428 kB
Mem:          3.8G       3.7G       132M       5.7M        28M       3.2G

MemTotal:        4016004 kB
MemFree:          126676 kB
Active:           375436 kB
Mem:          3.8G       3.7G       123M       5.7M        28M       3.3G

MemTotal:        4016004 kB
MemFree:          127656 kB
Active:           375440 kB
Mem:          3.8G       3.7G       124M       5.7M        28M       3.3G

MemTotal:        4016004 kB
MemFree:          129636 kB
Active:           375448 kB
Mem:          3.8G       3.7G       125M       5.7M        28M       3.3G

MemTotal:        4016004 kB
MemFree:          113564 kB
Active:           372504 kB
Mem:          3.8G       3.7G       110M       5.7M        28M       3.3G

MemTotal:        4016004 kB
MemFree:          106792 kB
Active:           372352 kB
Mem:          3.8G       3.7G       115M       5.7M        28M       3.3G

MemTotal:        4016004 kB
MemFree:          119728 kB
Active:           372224 kB
Mem:          3.8G       3.7G       116M       5.7M        28M       3.3G

MemTotal:        4016004 kB
MemFree:          110936 kB
Active:           372228 kB
Mem:          3.8G       3.7G       108M       5.7M        28M       3.3G

MemTotal:        4016004 kB
MemFree:          113236 kB
Active:           373484 kB
Mem:          3.8G       3.7G       109M       5.7M        28M       3.3G

MemTotal:        4016004 kB
MemFree:          105504 kB
Active:           373496 kB
Mem:          3.8G       3.7G       102M       5.7M        28M       3.3G

MemTotal:        4016004 kB
MemFree:          107652 kB
Active:           373384 kB
Mem:          3.8G       3.7G       104M       5.7M        28M       3.3G

MemTotal:        4016004 kB
MemFree:          135048 kB
Active:           373388 kB
Mem:          3.8G       3.7G       131M       5.7M        28M       3.2G

MemTotal:        4016004 kB
MemFree:          128100 kB
Active:           373304 kB
Mem:          3.8G       3.7G       124M       5.7M        28M       3.2G

MemTotal:        4016004 kB
MemFree:          105848 kB
Active:           373304 kB
Mem:          3.8G       3.7G       102M       5.7M        28M       3.3G

MemTotal:        4016004 kB
MemFree:          107768 kB
Active:           373304 kB
Mem:          3.8G       3.7G       105M       5.7M        28M       3.3G

MemTotal:        4016004 kB
MemFree:          112824 kB
Active:           373316 kB
Mem:          3.8G       3.7G       109M       5.7M        28M       3.3G

MemTotal:        4016004 kB
MemFree:          127080 kB
Active:           373324 kB
Mem:          3.8G       3.7G       123M       5.7M        28M       3.2G

MemTotal:        4016004 kB
MemFree:          123968 kB
Active:           373324 kB
Mem:          3.8G       3.7G       120M       5.7M        28M       3.3G

MemTotal:        4016004 kB
MemFree:          114556 kB
Active:           373972 kB
Mem:          3.8G       3.7G       111M       5.7M        28M       3.3G

MemTotal:        4016004 kB
MemFree:          105380 kB
Active:           373732 kB
Mem:          3.8G       3.7G       102M       5.7M        28M       3.3G

MemTotal:        4016004 kB
MemFree:          107128 kB
Active:           373660 kB
Mem:          3.8G       3.7G       104M       5.7M        28M       3.3G

MemTotal:        4016004 kB
MemFree:          126984 kB
Active:           373660 kB
Mem:          3.8G       3.7G       123M       5.7M        28M       3.2G

MemTotal:        4016004 kB
MemFree:          129872 kB
Active:           373660 kB
Mem:          3.8G       3.7G       126M       5.7M        28M       3.2G

MemTotal:        4016004 kB
MemFree:          120876 kB
Active:           373668 kB
Mem:          3.8G       3.7G       117M       5.7M        28M       3.3G

MemTotal:        4016004 kB
MemFree:          124112 kB
Active:           373556 kB
Mem:          3.8G       3.7G       120M       5.7M        28M       3.3G

MemTotal:        4016004 kB
MemFree:          133640 kB
Active:           372564 kB
Mem:          3.8G       3.7G       130M       5.7M        28M       3.2G

MemTotal:        4016004 kB
MemFree:          135424 kB
Active:           372244 kB
Mem:          3.8G       3.7G       131M       5.7M        28M       3.2G

MemTotal:        4016004 kB
MemFree:          109564 kB
Active:           372244 kB
Mem:          3.8G       3.7G       106M       5.7M        28M       3.3G

MemTotal:        4016004 kB
MemFree:          135996 kB
Active:           372312 kB
Mem:          3.8G       3.7G       132M       5.7M        28M       3.2G

MemTotal:        4016004 kB
MemFree:          135184 kB
Active:           372312 kB
Mem:          3.8G       3.7G       131M       5.7M        28M       3.2G

MemTotal:        4016004 kB
MemFree:          135484 kB
Active:           372264 kB
Mem:          3.8G       3.7G       132M       5.7M        28M       3.2G

MemTotal:        4016004 kB
MemFree:          133312 kB
Active:           372264 kB
Mem:          3.8G       3.7G       130M       5.7M        28M       3.2G

MemTotal:        4016004 kB
MemFree:          135984 kB
Active:           372320 kB
Mem:          3.8G       3.7G       132M       5.7M        28M       3.2G

MemTotal:        4016004 kB
MemFree:          151620 kB
Active:           372320 kB
Mem:          3.8G       3.7G       147M       5.7M        28M       3.2G

MemTotal:        4016004 kB
MemFree:          106464 kB
Active:           372320 kB
Mem:          3.8G       3.7G       103M       5.7M        28M       3.3G

MemTotal:        4016004 kB
MemFree:          127216 kB
Active:           369760 kB
Mem:          3.8G       3.7G       123M       5.7M        28M       3.2G

MemTotal:        4016004 kB
MemFree:          143948 kB
Active:           369760 kB
Mem:          3.8G       3.7G       140M       5.7M        28M       3.2G

MemTotal:        4016004 kB
MemFree:          134132 kB
Active:           369764 kB
Mem:          3.8G       3.7G       130M       5.7M        28M       3.2G

MemTotal:        4016004 kB
MemFree:          127524 kB
Active:           369760 kB
Mem:          3.8G       3.7G       124M       5.7M        28M       3.2G

MemTotal:        4016004 kB
MemFree:          114876 kB
Active:           369748 kB
Mem:          3.8G       3.7G       111M       5.7M        28M       3.3G

MemTotal:        4016004 kB
MemFree:          114436 kB
Active:           369776 kB
Mem:          3.8G       3.7G       111M       5.7M        28M       3.3G

MemTotal:        4016004 kB
MemFree:          105088 kB
Active:           369780 kB
Mem:          3.8G       3.7G       118M       5.7M        28M       3.3G

MemTotal:        4016004 kB
MemFree:          125328 kB
Active:           369656 kB
Mem:          3.8G       3.7G       122M       5.7M        28M       3.2G

MemTotal:        4016004 kB
MemFree:          124116 kB
Active:           369664 kB
Mem:          3.8G       3.7G       120M       5.7M        28M       3.3G

MemTotal:        4016004 kB
MemFree:          108164 kB
Active:           369512 kB
Mem:          3.8G       3.7G       105M       5.7M        28M       3.3G

MemTotal:        4016004 kB
MemFree:          123876 kB
Active:           369512 kB
Mem:          3.8G       3.7G       121M       5.7M        28M       3.3G

MemTotal:        4016004 kB
MemFree:          121116 kB
Active:           369512 kB
Mem:          3.8G       3.7G       117M       5.7M        28M       3.3G

MemTotal:        4016004 kB
MemFree:          110836 kB
Active:           369516 kB
Mem:          3.8G       3.7G       108M       5.7M        28M       3.3G

MemTotal:        4016004 kB
MemFree:          136456 kB
Active:           369520 kB
Mem:          3.8G       3.7G       133M       5.7M        28M       3.2G

MemTotal:        4016004 kB
MemFree:          110324 kB
Active:           369528 kB
Mem:          3.8G       3.7G       106M       5.7M        28M       3.3G

MemTotal:        4016004 kB
MemFree:          125836 kB
Active:           369528 kB
Mem:          3.8G       3.7G       121M       5.7M        28M       3.2G

MemTotal:        4016004 kB
MemFree:          133068 kB
Active:           369536 kB
Mem:          3.8G       3.7G       129M       5.7M        28M       3.2G

MemTotal:        4016004 kB
MemFree:          113304 kB
Active:           369540 kB
Mem:          3.8G       3.7G       110M       5.7M        28M       3.3G

MemTotal:        4016004 kB
MemFree:          130512 kB
Active:           366868 kB
Mem:          3.8G       3.7G       127M       5.7M        28M       3.2G

MemTotal:        4016004 kB
MemFree:          135380 kB
Active:           366872 kB
Mem:          3.8G       3.7G       131M       5.7M        28M       3.2G

MemTotal:        4016004 kB
MemFree:          134620 kB
Active:           366836 kB
Mem:          3.8G       3.7G       131M       5.7M        28M       3.2G

MemTotal:        4016004 kB
MemFree:          136240 kB
Active:           368396 kB
Mem:          3.8G       3.7G       132M       5.7M        28M       3.2G

MemTotal:        4016004 kB
MemFree:          151232 kB
Active:           368396 kB
Mem:          3.8G       3.7G       147M       5.7M        28M       3.2G

MemTotal:        4016004 kB
MemFree:          129140 kB
Active:           368400 kB
Mem:          3.8G       3.7G       125M       5.7M        28M       3.2G

MemTotal:        4016004 kB
MemFree:          138884 kB
Active:           368276 kB
Mem:          3.8G       3.7G       135M       5.7M        28M       3.2G

MemTotal:        4016004 kB
MemFree:          130084 kB
Active:           368276 kB
Mem:          3.8G       3.7G       126M       5.7M        28M       3.2G

MemTotal:        4016004 kB
MemFree:          120376 kB
Active:           368276 kB
Mem:          3.8G       3.7G       117M       5.7M        28M       3.3G

MemTotal:        4016004 kB
MemFree:          125240 kB
Active:           368276 kB
Mem:          3.8G       3.7G       122M       5.7M        28M       3.2G

MemTotal:        4016004 kB
MemFree:          116700 kB
Active:           367516 kB
Mem:          3.8G       3.7G       113M       5.7M        28M       3.3G

MemTotal:        4016004 kB
MemFree:          107180 kB
Active:           367516 kB
Mem:          3.8G       3.7G       104M       5.7M        28M       3.3G

MemTotal:        4016004 kB
MemFree:          109008 kB
Active:           367524 kB
Mem:          3.8G       3.7G       106M       5.7M        28M       3.3G

MemTotal:        4016004 kB
MemFree:          117992 kB
Active:           367524 kB
Mem:          3.8G       3.7G       114M       5.7M        28M       3.3G

MemTotal:        4016004 kB
MemFree:          128276 kB
Active:           367540 kB
Mem:          3.8G       3.7G       125M       5.7M        28M       3.2G

MemTotal:        4016004 kB
MemFree:          128152 kB
Active:           367532 kB
Mem:          3.8G       3.7G       125M       5.7M        28M       3.2G

MemTotal:        4016004 kB
MemFree:          128340 kB
Active:           367488 kB
Mem:          3.8G       3.7G       124M       5.7M        28M       3.2G

MemTotal:        4016004 kB
MemFree:          128440 kB
Active:           367508 kB
Mem:          3.8G       3.7G       125M       5.7M        28M       3.2G

MemTotal:        4016004 kB
MemFree:          130612 kB
Active:           367416 kB
Mem:          3.8G       3.7G       127M       5.7M        28M       3.2G

MemTotal:        4016004 kB
MemFree:          121280 kB
Active:           367416 kB
Mem:          3.8G       3.7G       117M       5.7M        28M       3.3G

MemTotal:        4016004 kB
MemFree:          111264 kB
Active:           367420 kB
Mem:          3.8G       3.7G       108M       5.7M        28M       3.3G

MemTotal:        4016004 kB
MemFree:          113772 kB
Active:           367428 kB
Mem:          3.8G       3.7G       111M       5.7M        28M       3.3G

MemTotal:        4016004 kB
MemFree:          110500 kB
Active:           361372 kB
Mem:          3.8G       3.7G       107M       5.7M        28M       3.3G

MemTotal:        4016004 kB
MemFree:          112884 kB
Active:           361380 kB
Mem:          3.8G       3.7G       109M       5.7M        28M       3.3G

MemTotal:        4016004 kB
MemFree:          117624 kB
Active:           361384 kB
Mem:          3.8G       3.7G       114M       5.7M        28M       3.3G

MemTotal:        4016004 kB
MemFree:          125896 kB
Active:           361388 kB
Mem:          3.8G       3.7G       122M       5.7M        28M       3.2G

MemTotal:        4016004 kB
MemFree:          116904 kB
Active:           361412 kB
Mem:          3.8G       3.7G       113M       5.7M        28M       3.3G

MemTotal:        4016004 kB
MemFree:          107212 kB
Active:           361412 kB
Mem:          3.8G       3.7G       104M       5.7M        28M       3.3G

MemTotal:        4016004 kB
MemFree:          126220 kB
Active:           361424 kB
Mem:          3.8G       3.7G       123M       5.7M        28M       3.2G

MemTotal:        4016004 kB
MemFree:          122860 kB
Active:           361424 kB
Mem:          3.8G       3.7G       119M       5.7M        28M       3.2G

MemTotal:        4016004 kB
MemFree:          107980 kB
Active:           361436 kB
Mem:          3.8G       3.7G       105M       5.7M        28M       3.3G

MemTotal:        4016004 kB
MemFree:          108264 kB
Active:           361432 kB
Mem:          3.8G       3.7G       105M       5.7M        28M       3.3G

MemTotal:        4016004 kB
MemFree:          108300 kB
Active:           361424 kB
Mem:          3.8G       3.7G       105M       5.7M        28M       3.3G

MemTotal:        4016004 kB
MemFree:          129428 kB
Active:           361444 kB
Mem:          3.8G       3.7G       125M       5.7M        28M       3.2G

MemTotal:        4016004 kB
MemFree:          119812 kB
Active:           361444 kB
Mem:          3.8G       3.7G       116M       5.7M        28M       3.2G

MemTotal:        4016004 kB
MemFree:          118120 kB
Active:           359224 kB
Mem:          3.8G       3.7G       114M       5.7M        28M       3.3G

MemTotal:        4016004 kB
MemFree:          109468 kB
Active:           359224 kB
Mem:          3.8G       3.7G       105M       5.7M        28M       3.3G

MemTotal:        4016004 kB
MemFree:          111232 kB
Active:           359224 kB
Mem:          3.8G       3.7G       108M       5.7M        28M       3.3G

MemTotal:        4016004 kB
MemFree:          120064 kB
Active:           359224 kB
Mem:          3.8G       3.7G       116M       5.7M        28M       3.3G

MemTotal:        4016004 kB
MemFree:          109288 kB
Active:           359228 kB
Mem:          3.8G       3.7G       106M       5.7M        28M       3.3G

MemTotal:        4016004 kB
MemFree:          125684 kB
Active:           359232 kB
Mem:          3.8G       3.7G       122M       5.7M        28M       3.2G

MemTotal:        4016004 kB
MemFree:          107464 kB
Active:           359236 kB
Mem:          3.8G       3.7G       104M       5.7M        28M       3.3G

MemTotal:        4016004 kB
MemFree:          106840 kB
Active:           359232 kB
Mem:          3.8G       3.7G       104M       5.7M        28M       3.3G

MemTotal:        4016004 kB
MemFree:          103712 kB
Active:           361292 kB
Mem:          3.8G       3.7G       100M       5.7M        28M       3.3G

MemTotal:        4016004 kB
MemFree:          149952 kB
Active:           360480 kB
Mem:          3.8G       3.7G       146M       5.7M        28M       3.2G

MemTotal:        4016004 kB
MemFree:          118328 kB
Active:           360536 kB
Mem:          3.8G       3.7G       115M       5.7M        28M       3.2G

MemTotal:        4016004 kB
MemFree:          128428 kB
Active:           360544 kB
Mem:          3.8G       3.7G       124M       5.7M        28M       3.2G

MemTotal:        4016004 kB
MemFree:          124780 kB
Active:           360416 kB
Mem:          3.8G       3.7G       121M       5.7M        28M       3.2G

MemTotal:        4016004 kB
MemFree:          133240 kB
Active:           360416 kB
Mem:          3.8G       3.7G       130M       5.7M        28M       3.2G

MemTotal:        4016004 kB
MemFree:          132536 kB
Active:           357340 kB
Mem:          3.8G       3.7G       129M       5.7M        28M       3.2G

MemTotal:        4016004 kB
MemFree:          122704 kB
Active:           357344 kB
Mem:          3.8G       3.7G       119M       5.7M        28M       3.2G

MemTotal:        4016004 kB
MemFree:          107092 kB
Active:           357348 kB
Mem:          3.8G       3.7G       104M       5.7M        28M       3.3G

MemTotal:        4016004 kB
MemFree:          133892 kB
Active:           357352 kB
Mem:          3.8G       3.7G       130M       5.7M        28M       3.2G

MemTotal:        4016004 kB
MemFree:          126516 kB
Active:           358864 kB
Mem:          3.8G       3.7G       122M       5.7M        28M       3.2G

MemTotal:        4016004 kB
MemFree:          110600 kB
Active:           358620 kB
Mem:          3.8G       3.7G       107M       5.7M        28M       3.3G

MemTotal:        4016004 kB
MemFree:          126304 kB
Active:           358504 kB
Mem:          3.8G       3.7G       123M       5.7M        28M       3.2G

MemTotal:        4016004 kB
MemFree:          123352 kB
Active:           358516 kB
Mem:          3.8G       3.7G       119M       5.7M        28M       3.2G

MemTotal:        4016004 kB
MemFree:          129472 kB
Active:           358536 kB
Mem:          3.8G       3.7G       126M       5.7M        28M       3.2G

MemTotal:        4016004 kB
MemFree:          119832 kB
Active:           358536 kB
Mem:          3.8G       3.7G       116M       5.7M        28M       3.2G

MemTotal:        4016004 kB
MemFree:          122780 kB
Active:           358536 kB
Mem:          3.8G       3.7G       119M       5.7M        28M       3.2G

MemTotal:        4016004 kB
MemFree:          137396 kB
Active:           358540 kB
Mem:          3.8G       3.7G       133M       5.7M        28M       3.2G

MemTotal:        4016004 kB
MemFree:          125764 kB
Active:           354712 kB
Mem:          3.8G       3.7G       122M       5.7M        28M       3.2G

MemTotal:        4016004 kB
MemFree:          129536 kB
Active:           354564 kB
Mem:          3.8G       3.7G       126M       5.7M        28M       3.2G

MemTotal:        4016004 kB
MemFree:          130804 kB
Active:           354564 kB
Mem:          3.8G       3.7G       127M       5.7M        28M       3.2G

MemTotal:        4016004 kB
MemFree:          110540 kB
Active:           354564 kB
Mem:          3.8G       3.7G       107M       5.7M        28M       3.3G

MemTotal:        4016004 kB
MemFree:          110244 kB
Active:           354572 kB
Mem:          3.8G       3.7G       106M       5.7M        28M       3.3G

MemTotal:        4016004 kB
MemFree:          124772 kB
Active:           354576 kB
Mem:          3.8G       3.7G       121M       5.7M        28M       3.2G

MemTotal:        4016004 kB
MemFree:          109812 kB
Active:           354448 kB
Mem:          3.8G       3.7G       106M       5.7M        28M       3.3G

MemTotal:        4016004 kB
MemFree:          130912 kB
Active:           354448 kB
Mem:          3.8G       3.7G       127M       5.7M        28M       3.2G

MemTotal:        4016004 kB
MemFree:          120640 kB
Active:           354428 kB
Mem:          3.8G       3.7G       117M       5.7M        28M       3.2G

MemTotal:        4016004 kB
MemFree:          118796 kB
Active:           354464 kB
Mem:          3.8G       3.7G       116M       5.7M        28M       3.2G

MemTotal:        4016004 kB
MemFree:          119080 kB
Active:           354416 kB
Mem:          3.8G       3.7G       115M       5.7M        28M       3.2G

MemTotal:        4016004 kB
MemFree:          107832 kB
Active:           354480 kB
Mem:          3.8G       3.7G       104M       5.7M        28M       3.3G

MemTotal:        4016004 kB
MemFree:          134008 kB
Active:           354480 kB
Mem:          3.8G       3.7G       130M       5.7M        28M       3.2G

MemTotal:        4016004 kB
MemFree:          145180 kB
Active:           354484 kB
Mem:          3.8G       3.7G       141M       5.7M        28M       3.2G

MemTotal:        4016004 kB
MemFree:          135764 kB
Active:           354492 kB
Mem:          3.8G       3.7G       132M       5.7M        28M       3.2G

MemTotal:        4016004 kB
MemFree:          127132 kB
Active:           354492 kB
Mem:          3.8G       3.7G       123M       5.7M        28M       3.2G

MemTotal:        4016004 kB
MemFree:          107960 kB
Active:           351960 kB
Mem:          3.8G       3.7G       105M       5.7M        28M       3.3G

MemTotal:        4016004 kB
MemFree:          128236 kB
Active:           351960 kB
Mem:          3.8G       3.7G       124M       5.7M        28M       3.2G

MemTotal:        4016004 kB
MemFree:          125296 kB
Active:           351960 kB
Mem:          3.8G       3.7G       121M       5.7M        28M       3.2G

MemTotal:        4016004 kB
MemFree:          120464 kB
Active:           351960 kB
Mem:          3.8G       3.7G       117M       5.7M        28M       3.2G

MemTotal:        4016004 kB
MemFree:          120652 kB
Active:           351960 kB
Mem:          3.8G       3.7G       117M       5.7M        28M       3.2G

MemTotal:        4016004 kB
MemFree:          116280 kB
Active:           351920 kB
Mem:          3.8G       3.7G       113M       5.7M        28M       3.2G

MemTotal:        4016004 kB
MemFree:          106312 kB
Active:           351968 kB
Mem:          3.8G       3.7G       103M       5.7M        28M       3.3G

MemTotal:        4016004 kB
MemFree:          115532 kB
Active:           351972 kB
Mem:          3.8G       3.7G       112M       5.7M        28M       3.2G

MemTotal:        4016004 kB
MemFree:          105764 kB
Active:           351972 kB
Mem:          3.8G       3.7G       103M       5.7M        28M       3.3G

MemTotal:        4016004 kB
MemFree:          133360 kB
Active:           351976 kB
Mem:          3.8G       3.7G       129M       5.7M        28M       3.2G

MemTotal:        4016004 kB
MemFree:          124008 kB
Active:           351980 kB
Mem:          3.8G       3.7G       121M       5.7M        28M       3.2G

MemTotal:        4016004 kB
MemFree:          126944 kB
Active:           351980 kB
Mem:          3.8G       3.7G       123M       5.7M        28M       3.2G

MemTotal:        4016004 kB
MemFree:          147396 kB
Active:           351980 kB
Mem:          3.8G       3.7G       143M       5.7M        28M       3.2G

MemTotal:        4016004 kB
MemFree:          126308 kB
Active:           351992 kB
Mem:          3.8G       3.7G       122M       5.7M        28M       3.2G

MemTotal:        4016004 kB
MemFree:          131348 kB
Active:           352000 kB
Mem:          3.8G       3.7G       128M       5.7M        28M       3.2G

MemTotal:        4016004 kB
MemFree:          133832 kB
Active:           352012 kB
Mem:          3.8G       3.7G       129M       5.7M        28M       3.2G

MemTotal:        4016004 kB
MemFree:          106028 kB
Active:           350212 kB
Mem:          3.8G       3.7G       103M       5.7M        28M       3.3G

MemTotal:        4016004 kB
MemFree:          127336 kB
Active:           352132 kB
Mem:          3.8G       3.7G       123M       5.7M        28M       3.2G

MemTotal:        4016004 kB
MemFree:          118552 kB
Active:           352000 kB
Mem:          3.8G       3.7G       115M       5.7M        28M       3.2G

MemTotal:        4016004 kB
MemFree:          111380 kB
Active:           352000 kB
Mem:          3.8G       3.7G       108M       5.7M        28M       3.2G

MemTotal:        4016004 kB
MemFree:          134112 kB
Active:           352004 kB
Mem:          3.8G       3.7G       130M       5.7M        28M       3.2G

MemTotal:        4016004 kB
MemFree:          125756 kB
Active:           352008 kB
Mem:          3.8G       3.7G       121M       5.7M        28M       3.2G

MemTotal:        4016004 kB
MemFree:          127864 kB
Active:           352012 kB
Mem:          3.8G       3.7G       124M       5.7M        28M       3.2G

MemTotal:        4016004 kB
MemFree:          114832 kB
Active:           351888 kB
Mem:          3.8G       3.7G       111M       5.7M        28M       3.2G

MemTotal:        4016004 kB
MemFree:          114368 kB
Active:           351704 kB
Mem:          3.8G       3.7G       111M       5.7M        28M       3.2G

MemTotal:        4016004 kB
MemFree:          114368 kB
Active:           351672 kB
Mem:          3.8G       3.7G       111M       5.7M        28M       3.2G

MemTotal:        4016004 kB
MemFree:          114740 kB
Active:           351692 kB
Mem:          3.8G       3.7G       111M       5.7M        28M       3.2G

MemTotal:        4016004 kB
MemFree:          114616 kB
Active:           351708 kB
Mem:          3.8G       3.7G       111M       5.7M        28M       3.2G

MemTotal:        4016004 kB
MemFree:          114616 kB
Active:           351672 kB
Mem:          3.8G       3.7G       111M       5.7M        28M       3.2G

MemTotal:        4016004 kB
MemFree:          114740 kB
Active:           351700 kB
Mem:          3.8G       3.7G       111M       5.7M        28M       3.2G

MemTotal:        4016004 kB
MemFree:          114740 kB
Active:           351716 kB
Mem:          3.8G       3.7G       111M       5.7M        28M       3.2G

MemTotal:        4016004 kB
MemFree:          114740 kB
Active:           351676 kB
Mem:          3.8G       3.7G       111M       5.7M        28M       3.2G

MemTotal:        4016004 kB
MemFree:          114616 kB
Active:           351700 kB
Mem:          3.8G       3.7G       111M       5.7M        28M       3.2G

MemTotal:        4016004 kB
MemFree:          114740 kB
Active:           351724 kB
Mem:          3.8G       3.7G       112M       5.7M        28M       3.2G

MemTotal:        4016004 kB
MemFree:          114864 kB
Active:           351688 kB
Mem:          3.8G       3.7G       112M       5.7M        28M       3.2G

MemTotal:        4016004 kB
MemFree:          114864 kB
Active:           351700 kB
Mem:          3.8G       3.7G       112M       5.7M        28M       3.2G

MemTotal:        4016004 kB
MemFree:          114864 kB
Active:           351708 kB
Mem:          3.8G       3.7G       111M       5.7M        28M       3.2G

MemTotal:        4016004 kB
MemFree:          114864 kB
Active:           351732 kB
Mem:          3.8G       3.7G       112M       5.7M        28M       3.2G

MemTotal:        4016004 kB
MemFree:          114740 kB
Active:           351700 kB
Mem:          3.8G       3.7G       112M       5.7M        28M       3.2G

MemTotal:        4016004 kB
MemFree:          114864 kB
Active:           351724 kB
Mem:          3.8G       3.7G       111M       5.7M        28M       3.2G

MemTotal:        4016004 kB
MemFree:          114740 kB
Active:           351728 kB
Mem:          3.8G       3.7G       112M       5.7M        28M       3.2G

MemTotal:        4016004 kB
MemFree:          114740 kB
Active:           351696 kB
Mem:          3.8G       3.7G       112M       5.7M        28M       3.2G

MemTotal:        4016004 kB
MemFree:          114740 kB
Active:           351712 kB
Mem:          3.8G       3.7G       111M       5.7M        28M       3.2G

MemTotal:        4016004 kB
MemFree:          114616 kB
Active:           351732 kB
Mem:          3.8G       3.7G       111M       5.7M        28M       3.2G

MemTotal:        4016004 kB
MemFree:          114740 kB
Active:           351696 kB
Mem:          3.8G       3.7G       112M       5.7M        28M       3.2G

MemTotal:        4016004 kB
MemFree:          114616 kB
Active:           351712 kB
Mem:          3.8G       3.7G       111M       5.7M        28M       3.2G

MemTotal:        4016004 kB
MemFree:          114740 kB
Active:           351724 kB
Mem:          3.8G       3.7G       112M       5.7M        28M       3.2G

MemTotal:        4016004 kB
MemFree:          114740 kB
Active:           351700 kB
Mem:          3.8G       3.7G       111M       5.7M        28M       3.2G

MemTotal:        4016004 kB
MemFree:          114720 kB
Active:           351780 kB
Mem:          3.8G       3.7G       112M       5.7M        28M       3.2G

MemTotal:        4016004 kB
MemFree:          114816 kB
Active:           351760 kB
Mem:          3.8G       3.7G       111M       5.7M        28M       3.2G

MemTotal:        4016004 kB
MemFree:          114944 kB
Active:           351736 kB
Mem:          3.8G       3.7G       112M       5.7M        28M       3.2G

MemTotal:        4016004 kB
MemFree:          114696 kB
Active:           351724 kB
Mem:          3.8G       3.7G       111M       5.7M        28M       3.2G

MemTotal:        4016004 kB
MemFree:          114572 kB
Active:           351760 kB
Mem:          3.8G       3.7G       111M       5.7M        28M       3.2G

MemTotal:        4016004 kB
MemFree:          114448 kB
Active:           351788 kB
Mem:          3.8G       3.7G       111M       5.7M        28M       3.2G

MemTotal:        4016004 kB
MemFree:          114572 kB
Active:           351772 kB
Mem:          3.8G       3.7G       111M       5.7M        28M       3.2G

MemTotal:        4016004 kB
MemFree:          114448 kB
Active:           351752 kB
Mem:          3.8G       3.7G       111M       5.7M        28M       3.2G

MemTotal:        4016004 kB
MemFree:          114572 kB
Active:           351740 kB
Mem:          3.8G       3.7G       111M       5.7M        28M       3.2G

MemTotal:        4016004 kB
MemFree:          114696 kB
Active:           351740 kB
Mem:          3.8G       3.7G       111M       5.7M        28M       3.2G

MemTotal:        4016004 kB
MemFree:          114696 kB
Active:           351772 kB
Mem:          3.8G       3.7G       111M       5.7M        28M       3.2G

MemTotal:        4016004 kB
MemFree:          114696 kB
Active:           351768 kB
Mem:          3.8G       3.7G       111M       5.7M        28M       3.2G

MemTotal:        4016004 kB
MemFree:          114696 kB
Active:           351756 kB
Mem:          3.8G       3.7G       111M       5.7M        28M       3.2G

MemTotal:        4016004 kB
MemFree:          114696 kB
Active:           351752 kB
Mem:          3.8G       3.7G       112M       5.7M        28M       3.2G

MemTotal:        4016004 kB
MemFree:          114696 kB
Active:           351780 kB
Mem:          3.8G       3.7G       111M       5.7M        28M       3.2G

MemTotal:        4016004 kB
MemFree:          114696 kB
Active:           351764 kB
Mem:          3.8G       3.7G       112M       5.7M        28M       3.2G

MemTotal:        4016004 kB
MemFree:          114696 kB
Active:           351748 kB
Mem:          3.8G       3.7G       111M       5.7M        28M       3.2G

MemTotal:        4016004 kB
MemFree:          114820 kB
Active:           351788 kB
Mem:          3.8G       3.7G       111M       5.7M        28M       3.2G

MemTotal:        4016004 kB
MemFree:          114944 kB
Active:           351780 kB
Mem:          3.8G       3.7G       112M       5.7M        28M       3.2G

MemTotal:        4016004 kB
MemFree:          114944 kB
Active:           351788 kB
Mem:          3.8G       3.7G       112M       5.7M        28M       3.2G

MemTotal:        4016004 kB
MemFree:          114820 kB
Active:           351760 kB
Mem:          3.8G       3.7G       112M       5.7M        28M       3.2G

MemTotal:        4016004 kB
MemFree:          114820 kB
Active:           351792 kB
Mem:          3.8G       3.7G       112M       5.7M        28M       3.2G

MemTotal:        4016004 kB
MemFree:          114696 kB
Active:           351776 kB
Mem:          3.8G       3.7G       112M       5.7M        28M       3.2G

MemTotal:        4016004 kB
MemFree:          114820 kB
Active:           351756 kB
Mem:          3.8G       3.7G       112M       5.7M        28M       3.2G

MemTotal:        4016004 kB
MemFree:          114944 kB
Active:           351780 kB
Mem:          3.8G       3.7G       112M       5.7M        28M       3.2G

MemTotal:        4016004 kB
MemFree:          114944 kB
Active:           351768 kB
Mem:          3.8G       3.7G       111M       5.7M        28M       3.2G

MemTotal:        4016004 kB
MemFree:          114944 kB
Active:           351792 kB
Mem:          3.8G       3.7G       112M       5.7M        28M       3.2G

MemTotal:        4016004 kB
MemFree:          114820 kB
Active:           351780 kB
Mem:          3.8G       3.7G       111M       5.7M        28M       3.2G

MemTotal:        4016004 kB
MemFree:          114820 kB
Active:           351796 kB
Mem:          3.8G       3.7G       112M       5.7M        28M       3.2G

MemTotal:        4016004 kB
MemFree:          114696 kB
Active:           351784 kB
Mem:          3.8G       3.7G       112M       5.7M        28M       3.2G

MemTotal:        4016004 kB
MemFree:          114820 kB
Active:           351796 kB
Mem:          3.8G       3.7G       112M       5.7M        28M       3.2G

MemTotal:        4016004 kB
MemFree:          114820 kB
Active:           351780 kB
Mem:          3.8G       3.7G       111M       5.7M        28M       3.2G

MemTotal:        4016004 kB
MemFree:          114696 kB
Active:           351800 kB
Mem:          3.8G       3.7G       112M       5.7M        28M       3.2G

MemTotal:        4016004 kB
MemFree:          114820 kB
Active:           351776 kB
Mem:          3.8G       3.7G       112M       5.7M        28M       3.2G

MemTotal:        4016004 kB
MemFree:          114820 kB
Active:           351784 kB
Mem:          3.8G       3.7G       112M       5.7M        28M       3.2G

MemTotal:        4016004 kB
MemFree:          114820 kB
Active:           351828 kB
Mem:          3.8G       3.7G       111M       5.7M        28M       3.2G

MemTotal:        4016004 kB
MemFree:          114820 kB
Active:           351812 kB
Mem:          3.8G       3.7G       112M       5.7M        28M       3.2G

MemTotal:        4016004 kB
MemFree:          114820 kB
Active:           351788 kB
Mem:          3.8G       3.7G       112M       5.7M        28M       3.2G

MemTotal:        4016004 kB
MemFree:          114820 kB
Active:           351824 kB
Mem:          3.8G       3.7G       112M       5.7M        28M       3.2G

MemTotal:        4016004 kB
MemFree:          114820 kB
Active:           351812 kB
Mem:          3.8G       3.7G       112M       5.7M        28M       3.2G

MemTotal:        4016004 kB
MemFree:          114820 kB
Active:           351844 kB
Mem:          3.8G       3.7G       112M       5.7M        28M       3.2G

MemTotal:        4016004 kB
MemFree:          114820 kB
Active:           351820 kB
Mem:          3.8G       3.7G       112M       5.7M        28M       3.2G

MemTotal:        4016004 kB
MemFree:          114820 kB
Active:           351800 kB
Mem:          3.8G       3.7G       112M       5.7M        28M       3.2G

MemTotal:        4016004 kB
MemFree:          114696 kB
Active:           351832 kB
Mem:          3.8G       3.7G       111M       5.7M        28M       3.2G

MemTotal:        4016004 kB
MemFree:          114820 kB
Active:           351840 kB
Mem:          3.8G       3.7G       111M       5.7M        28M       3.2G

MemTotal:        4016004 kB
MemFree:          114696 kB
Active:           351800 kB
Mem:          3.8G       3.7G       111M       5.7M        28M       3.2G

MemTotal:        4016004 kB
MemFree:          114448 kB
Active:           351824 kB
Mem:          3.8G       3.7G       112M       5.7M        28M       3.2G

MemTotal:        4016004 kB
MemFree:          114324 kB
Active:           351876 kB
Mem:          3.8G       3.7G       111M       5.7M        28M       3.2G

MemTotal:        4016004 kB
MemFree:          114572 kB
Active:           351828 kB
Mem:          3.8G       3.7G       111M       5.7M        28M       3.2G

MemTotal:        4016004 kB
MemFree:          114572 kB
Active:           351876 kB
Mem:          3.8G       3.7G       111M       5.7M        28M       3.2G

MemTotal:        4016004 kB
MemFree:          114588 kB
Active:           351844 kB
Mem:          3.8G       3.7G       111M       5.7M        28M       3.2G

MemTotal:        4016004 kB
MemFree:          113968 kB
Active:           351888 kB
Mem:          3.8G       3.7G       111M       5.7M        28M       3.2G

MemTotal:        4016004 kB
MemFree:          114216 kB
Active:           351840 kB
Mem:          3.8G       3.7G       111M       5.7M        28M       3.2G

MemTotal:        4016004 kB
MemFree:          114092 kB
Active:           351868 kB
Mem:          3.8G       3.7G       111M       5.7M        28M       3.2G

MemTotal:        4016004 kB
MemFree:          114712 kB
Active:           351872 kB
Mem:          3.8G       3.7G       111M       5.7M        28M       3.2G

MemTotal:        4016004 kB
MemFree:          114712 kB
Active:           351848 kB
Mem:          3.8G       3.7G       112M       5.7M        28M       3.2G

MemTotal:        4016004 kB
MemFree:          114712 kB
Active:           351848 kB
Mem:          3.8G       3.7G       111M       5.7M        28M       3.2G

MemTotal:        4016004 kB
MemFree:          114712 kB
Active:           351852 kB
Mem:          3.8G       3.7G       111M       5.7M        28M       3.2G

MemTotal:        4016004 kB
MemFree:          114712 kB
Active:           351852 kB
Mem:          3.8G       3.7G       112M       5.7M        28M       3.2G

MemTotal:        4016004 kB
MemFree:          114836 kB
Active:           351880 kB
Mem:          3.8G       3.7G       111M       5.7M        28M       3.2G

MemTotal:        4016004 kB
MemFree:          114588 kB
Active:           351836 kB
Mem:          3.8G       3.7G       111M       5.7M        28M       3.2G

MemTotal:        4016004 kB
MemFree:          114464 kB
Active:           351864 kB
Mem:          3.8G       3.7G       111M       5.7M        28M       3.2G

MemTotal:        4016004 kB
MemFree:          114712 kB
Active:           351848 kB
Mem:          3.8G       3.7G       111M       5.7M        28M       3.2G

MemTotal:        4016004 kB
MemFree:          114324 kB
Active:           351916 kB
Mem:          3.8G       3.7G       111M       5.7M        28M       3.2G

MemTotal:        4016004 kB
MemFree:          114572 kB
Active:           351920 kB
Mem:          3.8G       3.7G       111M       5.7M        28M       3.2G

MemTotal:        4016004 kB
MemFree:          114572 kB
Active:           351892 kB
Mem:          3.8G       3.7G       111M       5.7M        28M       3.2G

MemTotal:        4016004 kB
MemFree:          114308 kB
Active:           351980 kB
Mem:          3.8G       3.7G       111M       5.7M        28M       3.2G

MemTotal:        4016004 kB
MemFree:          114308 kB
Active:           351956 kB
Mem:          3.8G       3.7G       111M       5.7M        28M       3.2G

MemTotal:        4016004 kB
MemFree:          114308 kB
Active:           351932 kB
Mem:          3.8G       3.7G       111M       5.7M        28M       3.2G

MemTotal:        4016004 kB
MemFree:          114556 kB
Active:           351968 kB
Mem:          3.8G       3.7G       112M       5.7M        28M       3.2G

MemTotal:        4016004 kB
MemFree:          114556 kB
Active:           351960 kB
Mem:          3.8G       3.7G       111M       5.7M        28M       3.2G

MemTotal:        4016004 kB
MemFree:          114680 kB
Active:           351992 kB
Mem:          3.8G       3.7G       111M       5.7M        28M       3.2G

MemTotal:        4016004 kB
MemFree:          114556 kB
Active:           351960 kB
Mem:          3.8G       3.7G       111M       5.7M        28M       3.2G

MemTotal:        4016004 kB
MemFree:          114680 kB
Active:           351952 kB
Mem:          3.8G       3.7G       111M       5.7M        28M       3.2G

MemTotal:        4016004 kB
MemFree:          114680 kB
Active:           351944 kB
Mem:          3.8G       3.7G       111M       5.7M        28M       3.2G

MemTotal:        4016004 kB
MemFree:          114680 kB
Active:           351976 kB
Mem:          3.8G       3.7G       111M       5.7M        28M       3.2G

MemTotal:        4016004 kB
MemFree:          114680 kB
Active:           351988 kB
Mem:          3.8G       3.7G       111M       5.7M        28M       3.2G

MemTotal:        4016004 kB
MemFree:          114432 kB
Active:           351964 kB
Mem:          3.8G       3.7G       111M       5.7M        28M       3.2G

MemTotal:        4016004 kB
MemFree:          114308 kB
Active:           352000 kB
Mem:          3.8G       3.7G       111M       5.7M        28M       3.2G

MemTotal:        4016004 kB
MemFree:          114432 kB
Active:           351980 kB
Mem:          3.8G       3.7G       111M       5.7M        28M       3.2G

MemTotal:        4016004 kB
MemFree:          114308 kB
Active:           351952 kB
Mem:          3.8G       3.7G       111M       5.7M        28M       3.2G

MemTotal:        4016004 kB
MemFree:          114184 kB
Active:           351952 kB
Mem:          3.8G       3.7G       111M       5.7M        28M       3.2G

MemTotal:        4016004 kB
MemFree:          114572 kB
Active:           351972 kB
Mem:          3.8G       3.7G       111M       5.7M        28M       3.2G

MemTotal:        4016004 kB
MemFree:          114324 kB
Active:           351996 kB
Mem:          3.8G       3.7G       111M       5.7M        28M       3.2G

MemTotal:        4016004 kB
MemFree:          114572 kB
Active:           351968 kB
Mem:          3.8G       3.7G       111M       5.7M        28M       3.2G

MemTotal:        4016004 kB
MemFree:          114448 kB
Active:           351948 kB
Mem:          3.8G       3.7G       111M       5.7M        28M       3.2G

MemTotal:        4016004 kB
MemFree:          114448 kB
Active:           351984 kB
Mem:          3.8G       3.7G       111M       5.7M        28M       3.2G

MemTotal:        4016004 kB
MemFree:          114448 kB
Active:           351964 kB
Mem:          3.8G       3.7G       111M       5.7M        28M       3.2G

MemTotal:        4016004 kB
MemFree:          114572 kB
Active:           351996 kB
Mem:          3.8G       3.7G       111M       5.7M        28M       3.2G

MemTotal:        4016004 kB
MemFree:          114448 kB
Active:           351976 kB
Mem:          3.8G       3.7G       111M       5.7M        28M       3.2G

MemTotal:        4016004 kB
MemFree:          114572 kB
Active:           352008 kB
Mem:          3.8G       3.7G       111M       5.7M        28M       3.2G

MemTotal:        4016004 kB
MemFree:          114448 kB
Active:           351988 kB
Mem:          3.8G       3.7G       111M       5.7M        28M       3.2G

MemTotal:        4016004 kB
MemFree:          114448 kB
Active:           351968 kB
Mem:          3.8G       3.7G       111M       5.7M        28M       3.2G

MemTotal:        4016004 kB
MemFree:          114448 kB
Active:           351964 kB
Mem:          3.8G       3.7G       111M       5.7M        28M       3.2G

MemTotal:        4016004 kB
MemFree:          114696 kB
Active:           351988 kB
Mem:          3.8G       3.7G       111M       5.7M        28M       3.2G

MemTotal:        4016004 kB
MemFree:          114572 kB
Active:           352012 kB
Mem:          3.8G       3.7G       111M       5.7M        28M       3.2G

MemTotal:        4016004 kB
MemFree:          114572 kB
Active:           351976 kB
Mem:          3.8G       3.7G       111M       5.7M        28M       3.2G

MemTotal:        4016004 kB
MemFree:          114448 kB
Active:           351996 kB
Mem:          3.8G       3.7G       111M       5.7M        28M       3.2G

MemTotal:        4016004 kB
MemFree:          114572 kB
Active:           351968 kB
Mem:          3.8G       3.7G       111M       5.7M        28M       3.2G

MemTotal:        4016004 kB
MemFree:          114448 kB
Active:           352000 kB
Mem:          3.8G       3.7G       111M       5.7M        28M       3.2G

MemTotal:        4016004 kB
MemFree:          114448 kB
Active:           351968 kB
Mem:          3.8G       3.7G       111M       5.7M        28M       3.2G

MemTotal:        4016004 kB
MemFree:          114696 kB
Active:           352004 kB
Mem:          3.8G       3.7G       111M       5.7M        28M       3.2G

MemTotal:        4016004 kB
MemFree:          114572 kB
Active:           352020 kB
Mem:          3.8G       3.7G       111M       5.7M        28M       3.2G

MemTotal:        4016004 kB
MemFree:          114448 kB
Active:           352024 kB
Mem:          3.8G       3.7G       111M       5.7M        28M       3.2G

MemTotal:        4016004 kB
MemFree:          114448 kB
Active:           351980 kB
Mem:          3.8G       3.7G       111M       5.7M        28M       3.2G

MemTotal:        4016004 kB
MemFree:          114572 kB
Active:           352020 kB
Mem:          3.8G       3.7G       111M       5.7M        28M       3.2G

MemTotal:        4016004 kB
MemFree:          114448 kB
Active:           352044 kB
Mem:          3.8G       3.7G       111M       5.7M        28M       3.2G

MemTotal:        4016004 kB
MemFree:          114448 kB
Active:           352024 kB
Mem:          3.8G       3.7G       111M       5.7M        28M       3.2G

MemTotal:        4016004 kB
MemFree:          114572 kB
Active:           352020 kB
Mem:          3.8G       3.7G       111M       5.7M        28M       3.2G

MemTotal:        4016004 kB
MemFree:          114448 kB
Active:           352000 kB
Mem:          3.8G       3.7G       111M       5.7M        28M       3.2G

MemTotal:        4016004 kB
MemFree:          114448 kB
Active:           352036 kB
Mem:          3.8G       3.7G       111M       5.7M        28M       3.2G

MemTotal:        4016004 kB
MemFree:          114572 kB
Active:           352004 kB
Mem:          3.8G       3.7G       111M       5.7M        28M       3.2G

MemTotal:        4016004 kB
MemFree:          114572 kB
Active:           352012 kB
Mem:          3.8G       3.7G       111M       5.7M        28M       3.2G

MemTotal:        4016004 kB
MemFree:          114572 kB
Active:           352024 kB
Mem:          3.8G       3.7G       111M       5.7M        28M       3.2G

MemTotal:        4016004 kB
MemFree:          114448 kB
Active:           352048 kB
Mem:          3.8G       3.7G       111M       5.7M        28M       3.2G

MemTotal:        4016004 kB
MemFree:          114572 kB
Active:           352004 kB
Mem:          3.8G       3.7G       111M       5.7M        28M       3.2G

MemTotal:        4016004 kB
MemFree:          114448 kB
Active:           352036 kB
Mem:          3.8G       3.7G       111M       5.7M        28M       3.2G

MemTotal:        4016004 kB
MemFree:          114448 kB
Active:           352048 kB
Mem:          3.8G       3.7G       111M       5.7M        28M       3.2G

MemTotal:        4016004 kB
MemFree:          114448 kB
Active:           352060 kB
Mem:          3.8G       3.7G       111M       5.7M        28M       3.2G

MemTotal:        4016004 kB
MemFree:          114448 kB
Active:           352064 kB
Mem:          3.8G       3.7G       111M       5.7M        28M       3.2G

MemTotal:        4016004 kB
MemFree:          114572 kB
Active:           352032 kB
Mem:          3.8G       3.7G       111M       5.7M        28M       3.2G

MemTotal:        4016004 kB
MemFree:          114448 kB
Active:           352032 kB
Mem:          3.8G       3.7G       111M       5.7M        28M       3.2G

MemTotal:        4016004 kB
MemFree:          114324 kB
Active:           352012 kB
Mem:          3.8G       3.7G       111M       5.7M        28M       3.2G

MemTotal:        4016004 kB
MemFree:          114448 kB
Active:           352044 kB
Mem:          3.8G       3.7G       111M       5.7M        28M       3.2G

MemTotal:        4016004 kB
MemFree:          114324 kB
Active:           352016 kB
Mem:          3.8G       3.7G       111M       5.7M        28M       3.2G

MemTotal:        4016004 kB
MemFree:          114448 kB
Active:           352040 kB
Mem:          3.8G       3.7G       111M       5.7M        28M       3.2G

MemTotal:        4016004 kB
MemFree:          114572 kB
Active:           352020 kB
Mem:          3.8G       3.7G       111M       5.7M        28M       3.2G

MemTotal:        4016004 kB
MemFree:          114448 kB
Active:           352040 kB
Mem:          3.8G       3.7G       111M       5.7M        28M       3.2G

MemTotal:        4016004 kB
MemFree:          114448 kB
Active:           352052 kB
Mem:          3.8G       3.7G       111M       5.7M        28M       3.2G

MemTotal:        4016004 kB
MemFree:          114448 kB
Active:           352072 kB
Mem:          3.8G       3.7G       111M       5.7M        28M       3.2G

MemTotal:        4016004 kB
MemFree:          114572 kB
Active:           352048 kB
Mem:          3.8G       3.7G       111M       5.7M        28M       3.2G

MemTotal:        4016004 kB
MemFree:          114448 kB
Active:           352076 kB
Mem:          3.8G       3.7G       111M       5.7M        28M       3.2G

MemTotal:        4016004 kB
MemFree:          114448 kB
Active:           352040 kB
Mem:          3.8G       3.7G       111M       5.7M        28M       3.2G

MemTotal:        4016004 kB
MemFree:          114448 kB
Active:           352068 kB
Mem:          3.8G       3.7G       111M       5.7M        28M       3.2G

MemTotal:        4016004 kB
MemFree:          114448 kB
Active:           352048 kB
Mem:          3.8G       3.7G       111M       5.7M        28M       3.2G

MemTotal:        4016004 kB
MemFree:          114572 kB
Active:           352028 kB
Mem:          3.8G       3.7G       111M       5.7M        28M       3.2G

MemTotal:        4016004 kB
MemFree:          114448 kB
Active:           352060 kB
Mem:          3.8G       3.7G       111M       5.7M        28M       3.2G

MemTotal:        4016004 kB
MemFree:          114448 kB
Active:           352096 kB
Mem:          3.8G       3.7G       111M       5.7M        28M       3.2G

MemTotal:        4016004 kB
MemFree:          114448 kB
Active:           352072 kB
Mem:          3.8G       3.7G       111M       5.7M        28M       3.2G

MemTotal:        4016004 kB
MemFree:          114324 kB
Active:           352100 kB
Mem:          3.8G       3.7G       111M       5.7M        28M       3.2G

MemTotal:        4016004 kB
MemFree:          114448 kB
Active:           352080 kB
Mem:          3.8G       3.7G       111M       5.7M        28M       3.2G

MemTotal:        4016004 kB
MemFree:          114324 kB
Active:           352080 kB
Mem:          3.8G       3.7G       111M       5.7M        28M       3.2G

MemTotal:        4016004 kB
MemFree:          114324 kB
Active:           352100 kB
Mem:          3.8G       3.7G       111M       5.7M        28M       3.2G

MemTotal:        4016004 kB
MemFree:          114448 kB
Active:           352084 kB
Mem:          3.8G       3.7G       111M       5.7M        28M       3.2G

MemTotal:        4016004 kB
MemFree:          114324 kB
Active:           352100 kB
Mem:          3.8G       3.7G       111M       5.7M        28M       3.2G

MemTotal:        4016004 kB
MemFree:          114448 kB
Active:           352076 kB
Mem:          3.8G       3.7G       111M       5.7M        28M       3.2G

MemTotal:        4016004 kB
MemFree:          114448 kB
Active:           352088 kB
Mem:          3.8G       3.7G       111M       5.7M        28M       3.2G

MemTotal:        4016004 kB
MemFree:          114572 kB
Active:           352060 kB
Mem:          3.8G       3.7G       111M       5.7M        28M       3.2G

MemTotal:        4016004 kB
MemFree:          114448 kB
Active:           352088 kB
Mem:          3.8G       3.7G       111M       5.7M        28M       3.2G

MemTotal:        4016004 kB
MemFree:          114572 kB
Active:           352104 kB
Mem:          3.8G       3.7G       111M       5.7M        28M       3.2G

MemTotal:        4016004 kB
MemFree:          114448 kB
Active:           352116 kB
Mem:          3.8G       3.7G       111M       5.7M        28M       3.2G

MemTotal:        4016004 kB
MemFree:          114324 kB
Active:           352100 kB
Mem:          3.8G       3.7G       111M       5.7M        28M       3.2G

MemTotal:        4016004 kB
MemFree:          114200 kB
Active:           352116 kB
Mem:          3.8G       3.7G       111M       5.7M        28M       3.2G

MemTotal:        4016004 kB
MemFree:          114324 kB
Active:           352072 kB
Mem:          3.8G       3.7G       111M       5.7M        28M       3.2G

MemTotal:        4016004 kB
MemFree:          114200 kB
Active:           352100 kB
Mem:          3.8G       3.7G       111M       5.7M        28M       3.2G

MemTotal:        4016004 kB
MemFree:          114076 kB
Active:           352120 kB
Mem:          3.8G       3.7G       111M       5.7M        28M       3.2G

MemTotal:        4016004 kB
MemFree:          114448 kB
Active:           352100 kB
Mem:          3.8G       3.7G       111M       5.7M        28M       3.2G

MemTotal:        4016004 kB
MemFree:          114448 kB
Active:           352124 kB
Mem:          3.8G       3.7G       111M       5.7M        28M       3.2G

MemTotal:        4016004 kB
MemFree:          114324 kB
Active:           352088 kB
Mem:          3.8G       3.7G       111M       5.7M        28M       3.2G

MemTotal:        4016004 kB
MemFree:          114324 kB
Active:           352108 kB
Mem:          3.8G       3.7G       111M       5.7M        28M       3.2G

MemTotal:        4016004 kB
MemFree:          114324 kB
Active:           352124 kB
Mem:          3.8G       3.7G       111M       5.7M        28M       3.2G

MemTotal:        4016004 kB
MemFree:          114324 kB
Active:           352088 kB
Mem:          3.8G       3.7G       111M       5.7M        28M       3.2G

MemTotal:        4016004 kB
MemFree:          114324 kB
Active:           352124 kB
Mem:          3.8G       3.7G       111M       5.7M        28M       3.2G

MemTotal:        4016004 kB
MemFree:          114200 kB
Active:           352124 kB
Mem:          3.8G       3.7G       111M       5.7M        28M       3.2G

MemTotal:        4016004 kB
MemFree:          114324 kB
Active:           352116 kB
Mem:          3.8G       3.7G       111M       5.7M        28M       3.2G

MemTotal:        4016004 kB
MemFree:          114200 kB
Active:           352108 kB
Mem:          3.8G       3.7G       111M       5.7M        28M       3.2G

MemTotal:        4016004 kB
MemFree:          114324 kB
Active:           352108 kB
Mem:          3.8G       3.7G       111M       5.7M        28M       3.2G

MemTotal:        4016004 kB
MemFree:          114324 kB
Active:           352104 kB
Mem:          3.8G       3.7G       111M       5.7M        28M       3.2G

MemTotal:        4016004 kB
MemFree:          114448 kB
Active:           352132 kB
Mem:          3.8G       3.7G       111M       5.7M        28M       3.2G

MemTotal:        4016004 kB
MemFree:          114324 kB
Active:           352156 kB
Mem:          3.8G       3.7G       111M       5.7M        28M       3.2G

MemTotal:        4016004 kB
MemFree:          114076 kB
Active:           352104 kB
Mem:          3.8G       3.7G       111M       5.7M        28M       3.2G

MemTotal:        4016004 kB
MemFree:          114076 kB
Active:           352148 kB
Mem:          3.8G       3.7G       111M       5.7M        28M       3.2G

MemTotal:        4016004 kB
MemFree:          113952 kB
Active:           352124 kB
Mem:          3.8G       3.7G       111M       5.7M        28M       3.2G

MemTotal:        4016004 kB
MemFree:          114076 kB
Active:           352108 kB
Mem:          3.8G       3.7G       111M       5.7M        28M       3.2G

MemTotal:        4016004 kB
MemFree:          113952 kB
Active:           352144 kB
Mem:          3.8G       3.7G       111M       5.7M        28M       3.2G

MemTotal:        4016004 kB
MemFree:          113704 kB
Active:           352164 kB
Mem:          3.8G       3.7G       111M       5.7M        28M       3.2G

MemTotal:        4016004 kB
MemFree:          114324 kB
Active:           352140 kB
Mem:          3.8G       3.7G       111M       5.7M        28M       3.2G

MemTotal:        4016004 kB
MemFree:          114448 kB
Active:           352132 kB
Mem:          3.8G       3.7G       111M       5.7M        28M       3.2G

MemTotal:        4016004 kB
MemFree:          114324 kB
Active:           352116 kB
Mem:          3.8G       3.7G       111M       5.7M        28M       3.2G

MemTotal:        4016004 kB
MemFree:          114200 kB
Active:           352108 kB
Mem:          3.8G       3.7G       111M       5.7M        28M       3.2G

MemTotal:        4016004 kB
MemFree:          114324 kB
Active:           352120 kB
Mem:          3.8G       3.7G       111M       5.7M        28M       3.2G

MemTotal:        4016004 kB
MemFree:          114200 kB
Active:           352112 kB
Mem:          3.8G       3.7G       111M       5.7M        28M       3.2G

MemTotal:        4016004 kB
MemFree:          114324 kB
Active:           352144 kB
Mem:          3.8G       3.7G       111M       5.7M        28M       3.2G

MemTotal:        4016004 kB
MemFree:          114572 kB
Active:           352120 kB
Mem:          3.8G       3.7G       111M       5.7M        28M       3.2G

MemTotal:        4016004 kB
MemFree:          114620 kB
Active:           351932 kB
Mem:          3.8G       3.7G       111M       5.7M        28M       3.2G

MemTotal:        4016004 kB
MemFree:          114620 kB
Active:           351916 kB
Mem:          3.8G       3.7G       111M       5.7M        28M       3.2G

MemTotal:        4016004 kB
MemFree:          114372 kB
Active:           351968 kB
Mem:          3.8G       3.7G       111M       5.7M        28M       3.2G

MemTotal:        4016004 kB
MemFree:          114744 kB
Active:           351920 kB
Mem:          3.8G       3.7G       111M       5.7M        28M       3.2G

MemTotal:        4016004 kB
MemFree:          114248 kB
Active:           351972 kB
Mem:          3.8G       3.7G       111M       5.7M        28M       3.2G

MemTotal:        4016004 kB
MemFree:          114372 kB
Active:           351928 kB
Mem:          3.8G       3.7G       111M       5.7M        28M       3.2G

MemTotal:        4016004 kB
MemFree:          114372 kB
Active:           351952 kB
Mem:          3.8G       3.7G       111M       5.7M        28M       3.2G

MemTotal:        4016004 kB
MemFree:          114000 kB
Active:           351972 kB
Mem:          3.8G       3.7G       111M       5.7M        28M       3.2G

MemTotal:        4016004 kB
MemFree:          114248 kB
Active:           351984 kB
Mem:          3.8G       3.7G       111M       5.7M        28M       3.2G

MemTotal:        4016004 kB
MemFree:          114372 kB
Active:           351976 kB
Mem:          3.8G       3.7G       111M       5.7M        28M       3.2G

MemTotal:        4016004 kB
MemFree:          114248 kB
Active:           351916 kB
Mem:          3.8G       3.7G       111M       5.7M        28M       3.2G

MemTotal:        4016004 kB
MemFree:          114372 kB
Active:           351964 kB
Mem:          3.8G       3.7G       112M       5.7M        28M       3.2G

MemTotal:        4016004 kB
MemFree:          114744 kB
Active:           351972 kB
Mem:          3.8G       3.7G       112M       5.7M        28M       3.2G

MemTotal:        4016004 kB
MemFree:          114744 kB
Active:           351964 kB
Mem:          3.8G       3.7G       112M       5.7M        28M       3.2G

MemTotal:        4016004 kB
MemFree:          114372 kB
Active:           351992 kB
Mem:          3.8G       3.7G       111M       5.7M        28M       3.2G

MemTotal:        4016004 kB
MemFree:          114560 kB
Active:           351944 kB
Mem:          3.8G       3.7G       111M       5.7M        28M       3.2G

MemTotal:        4016004 kB
MemFree:          114436 kB
Active:           351976 kB
Mem:          3.8G       3.7G       111M       5.7M        28M       3.2G

MemTotal:        4016004 kB
MemFree:          114560 kB
Active:           351964 kB
Mem:          3.8G       3.7G       111M       5.7M        28M       3.2G

MemTotal:        4016004 kB
MemFree:          114312 kB
Active:           351944 kB
Mem:          3.8G       3.7G       111M       5.7M        28M       3.2G

MemTotal:        4016004 kB
MemFree:          113940 kB
Active:           351972 kB
Mem:          3.8G       3.7G       111M       5.7M        28M       3.2G

MemTotal:        4016004 kB
MemFree:          114188 kB
Active:           351944 kB
Mem:          3.8G       3.7G       111M       5.7M        28M       3.2G

MemTotal:        4016004 kB
MemFree:          114188 kB
Active:           351972 kB
Mem:          3.8G       3.7G       111M       5.7M        28M       3.2G

MemTotal:        4016004 kB
MemFree:          113816 kB
Active:           352008 kB
Mem:          3.8G       3.7G       111M       5.7M        28M       3.2G

MemTotal:        4016004 kB
MemFree:          113816 kB
Active:           352012 kB
Mem:          3.8G       3.7G       111M       5.7M        28M       3.2G

MemTotal:        4016004 kB
MemFree:          113940 kB
Active:           351988 kB
Mem:          3.8G       3.7G       111M       5.7M        28M       3.2G

MemTotal:        4016004 kB
MemFree:          113940 kB
Active:           352008 kB
Mem:          3.8G       3.7G       111M       5.7M        28M       3.2G

MemTotal:        4016004 kB
MemFree:          114064 kB
Active:           351976 kB
Mem:          3.8G       3.7G       111M       5.7M        28M       3.2G

MemTotal:        4016004 kB
MemFree:          114064 kB
Active:           351980 kB
Mem:          3.8G       3.7G       111M       5.7M        28M       3.2G

MemTotal:        4016004 kB
MemFree:          114064 kB
Active:           352016 kB
Mem:          3.8G       3.7G       111M       5.7M        28M       3.2G

MemTotal:        4016004 kB
MemFree:          113940 kB
Active:           351976 kB
