MemTotal:        4016004 kB
MemFree:         3255016 kB
Active:           406676 kB
Mem:          3.8G       743M       3.1G       5.7M        50M       318M

MemTotal:        4016004 kB
MemFree:         3255080 kB
Active:           406660 kB
Mem:          3.8G       742M       3.1G       5.7M        50M       318M

MemTotal:        4016004 kB
MemFree:         3255188 kB
Active:           406768 kB
Mem:          3.8G       742M       3.1G       5.7M        50M       318M

MemTotal:        4016004 kB
MemFree:         3255048 kB
Active:           406780 kB
Mem:          3.8G       743M       3.1G       5.7M        50M       318M

MemTotal:        4016004 kB
MemFree:         3255296 kB
Active:           406724 kB
Mem:          3.8G       742M       3.1G       5.7M        50M       318M

MemTotal:        4016004 kB
MemFree:         3255184 kB
Active:           404724 kB
Mem:          3.8G       743M       3.1G       5.7M        50M       318M

MemTotal:        4016004 kB
MemFree:         3255044 kB
Active:           406760 kB
Mem:          3.8G       743M       3.1G       5.7M        50M       318M

MemTotal:        4016004 kB
MemFree:         3254796 kB
Active:           406800 kB
Mem:          3.8G       743M       3.1G       5.7M        50M       318M

MemTotal:        4016004 kB
MemFree:         3254920 kB
Active:           406792 kB
Mem:          3.8G       743M       3.1G       5.7M        50M       318M

MemTotal:        4016004 kB
MemFree:         3254968 kB
Active:           406788 kB
Mem:          3.8G       743M       3.1G       5.7M        50M       318M

MemTotal:        4016004 kB
MemFree:         3255216 kB
Active:           406776 kB
Mem:          3.8G       743M       3.1G       5.7M        50M       318M

MemTotal:        4016004 kB
MemFree:         3255216 kB
Active:           406756 kB
Mem:          3.8G       742M       3.1G       5.7M        50M       318M

MemTotal:        4016004 kB
MemFree:         3254828 kB
Active:           406804 kB
Mem:          3.8G       743M       3.1G       5.7M        50M       318M

MemTotal:        4016004 kB
MemFree:         3255184 kB
Active:           406764 kB
Mem:          3.8G       742M       3.1G       5.7M        50M       318M

MemTotal:        4016004 kB
MemFree:         3254548 kB
Active:           406808 kB
Mem:          3.8G       743M       3.1G       5.7M        50M       319M

MemTotal:        4016004 kB
MemFree:         3254948 kB
Active:           406912 kB
Mem:          3.8G       743M       3.1G       5.7M        50M       319M

MemTotal:        4016004 kB
MemFree:         3254948 kB
Active:           406900 kB
Mem:          3.8G       743M       3.1G       5.7M        50M       319M

MemTotal:        4016004 kB
MemFree:         3254824 kB
Active:           406920 kB
Mem:          3.8G       743M       3.1G       5.7M        50M       319M

MemTotal:        4016004 kB
MemFree:         3254948 kB
Active:           406908 kB
Mem:          3.8G       743M       3.1G       5.7M        50M       319M

MemTotal:        4016004 kB
MemFree:         3254996 kB
Active:           406888 kB
Mem:          3.8G       743M       3.1G       5.7M        50M       319M

MemTotal:        4016004 kB
MemFree:         3254624 kB
Active:           406928 kB
Mem:          3.8G       743M       3.1G       5.7M        50M       319M

MemTotal:        4016004 kB
MemFree:         3254484 kB
Active:           406928 kB
Mem:          3.8G       743M       3.1G       5.7M        50M       319M

MemTotal:        4016004 kB
MemFree:         3254732 kB
Active:           406912 kB
Mem:          3.8G       743M       3.1G       5.7M        50M       319M

MemTotal:        4016004 kB
MemFree:         3255088 kB
Active:           406896 kB
Mem:          3.8G       743M       3.1G       5.7M        50M       319M

MemTotal:        4016004 kB
MemFree:         3254700 kB
Active:           406928 kB
Mem:          3.8G       743M       3.1G       5.7M        50M       319M

MemTotal:        4016004 kB
MemFree:         3254948 kB
Active:           406896 kB
Mem:          3.8G       743M       3.1G       5.7M        50M       319M

MemTotal:        4016004 kB
MemFree:         3254948 kB
Active:           406920 kB
Mem:          3.8G       743M       3.1G       5.7M        50M       319M

MemTotal:        4016004 kB
MemFree:         3254948 kB
Active:           406888 kB
Mem:          3.8G       743M       3.1G       5.7M        50M       319M

MemTotal:        4016004 kB
MemFree:         3254700 kB
Active:           406916 kB
Mem:          3.8G       743M       3.1G       5.7M        50M       319M

MemTotal:        4016004 kB
MemFree:         3254980 kB
Active:           406876 kB
Mem:          3.8G       743M       3.1G       5.7M        50M       319M

MemTotal:        4016004 kB
MemFree:         3254484 kB
Active:           406936 kB
Mem:          3.8G       743M       3.1G       5.7M        50M       319M

MemTotal:        4016004 kB
MemFree:         3254932 kB
Active:           406932 kB
Mem:          3.8G       743M       3.1G       5.7M        50M       319M

MemTotal:        4016004 kB
MemFree:         3255120 kB
Active:           406904 kB
Mem:          3.8G       743M       3.1G       5.7M        50M       319M

MemTotal:        4016004 kB
MemFree:         3254624 kB
Active:           406944 kB
Mem:          3.8G       743M       3.1G       5.7M        50M       319M

MemTotal:        4016004 kB
MemFree:         3255104 kB
Active:           406912 kB
Mem:          3.8G       743M       3.1G       5.7M        50M       319M

MemTotal:        4016004 kB
MemFree:         3254592 kB
Active:           406944 kB
Mem:          3.8G       743M       3.1G       5.7M        50M       319M

MemTotal:        4016004 kB
MemFree:         3255088 kB
Active:           406936 kB
Mem:          3.8G       743M       3.1G       5.7M        50M       319M

MemTotal:        4016004 kB
MemFree:         3255088 kB
Active:           406944 kB
Mem:          3.8G       743M       3.1G       5.7M        50M       319M

MemTotal:        4016004 kB
MemFree:         3254716 kB
Active:           406956 kB
Mem:          3.8G       743M       3.1G       5.7M        50M       319M

MemTotal:        4016004 kB
MemFree:         3254840 kB
Active:           406912 kB
Mem:          3.8G       743M       3.1G       5.7M        50M       319M

MemTotal:        4016004 kB
MemFree:         3254856 kB
Active:           406936 kB
Mem:          3.8G       743M       3.1G       5.7M        50M       319M

MemTotal:        4016004 kB
MemFree:         3254236 kB
Active:           406960 kB
Mem:          3.8G       743M       3.1G       5.7M        50M       319M

MemTotal:        4016004 kB
MemFree:         3254360 kB
Active:           406964 kB
Mem:          3.8G       743M       3.1G       5.7M        50M       319M

MemTotal:        4016004 kB
MemFree:         3254592 kB
Active:           406916 kB
Mem:          3.8G       743M       3.1G       5.7M        50M       319M

MemTotal:        4016004 kB
MemFree:         3254732 kB
Active:           406924 kB
Mem:          3.8G       743M       3.1G       5.7M        50M       319M

MemTotal:        4016004 kB
MemFree:         3254236 kB
Active:           406964 kB
Mem:          3.8G       743M       3.1G       5.7M        50M       319M

MemTotal:        4016004 kB
MemFree:         3254484 kB
Active:           406908 kB
Mem:          3.8G       744M       3.1G       5.7M        50M       319M

MemTotal:        4016004 kB
MemFree:         3254360 kB
Active:           406924 kB
Mem:          3.8G       743M       3.1G       5.7M        50M       319M

MemTotal:        4016004 kB
MemFree:         3254732 kB
Active:           406940 kB
Mem:          3.8G       743M       3.1G       5.7M        50M       319M

MemTotal:        4016004 kB
MemFree:         3254608 kB
Active:           406956 kB
Mem:          3.8G       743M       3.1G       5.7M        50M       319M

MemTotal:        4016004 kB
MemFree:         3254624 kB
Active:           406972 kB
Mem:          3.8G       743M       3.1G       5.7M        50M       319M

MemTotal:        4016004 kB
MemFree:         3254376 kB
Active:           406980 kB
Mem:          3.8G       743M       3.1G       5.7M        50M       319M

MemTotal:        4016004 kB
MemFree:         3254624 kB
Active:           406980 kB
Mem:          3.8G       743M       3.1G       5.7M        50M       319M

MemTotal:        4016004 kB
MemFree:         3254732 kB
Active:           406996 kB
Mem:          3.8G       743M       3.1G       5.7M        50M       319M

MemTotal:        4016004 kB
MemFree:         3254592 kB
Active:           406948 kB
Mem:          3.8G       743M       3.1G       5.7M        50M       319M

MemTotal:        4016004 kB
MemFree:         3254592 kB
Active:           406956 kB
Mem:          3.8G       743M       3.1G       5.7M        50M       319M

MemTotal:        4016004 kB
MemFree:         3254344 kB
Active:           407004 kB
Mem:          3.8G       744M       3.1G       5.7M        50M       319M

MemTotal:        4016004 kB
MemFree:         3254468 kB
Active:           406956 kB
Mem:          3.8G       743M       3.1G       5.7M        50M       319M

MemTotal:        4016004 kB
MemFree:         3254468 kB
Active:           406972 kB
Mem:          3.8G       743M       3.1G       5.7M        50M       319M

MemTotal:        4016004 kB
MemFree:         3254716 kB
Active:           406972 kB
Mem:          3.8G       743M       3.1G       5.7M        50M       319M

MemTotal:        4016004 kB
MemFree:         3254824 kB
Active:           406964 kB
Mem:          3.8G       743M       3.1G       5.7M        50M       319M

MemTotal:        4016004 kB
MemFree:         3254932 kB
Active:           406992 kB
Mem:          3.8G       743M       3.1G       5.7M        50M       319M

MemTotal:        4016004 kB
MemFree:         3254592 kB
Active:           407012 kB
Mem:          3.8G       743M       3.1G       5.7M        50M       319M

MemTotal:        4016004 kB
MemFree:         3254964 kB
Active:           407004 kB
Mem:          3.8G       743M       3.1G       5.7M        50M       319M

MemTotal:        4016004 kB
MemFree:         3252916 kB
Active:           406992 kB
Mem:          3.8G       745M       3.1G       5.7M        50M       319M

MemTotal:        4016004 kB
MemFree:         3252528 kB
Active:           409044 kB
Mem:          3.8G       745M       3.1G       5.7M        50M       319M

MemTotal:        4016004 kB
MemFree:         3252900 kB
Active:           409008 kB
Mem:          3.8G       745M       3.1G       5.7M        50M       319M

MemTotal:        4016004 kB
MemFree:         3252668 kB
Active:           409036 kB
Mem:          3.8G       745M       3.1G       5.7M        50M       319M

MemTotal:        4016004 kB
MemFree:         3252420 kB
Active:           409044 kB
Mem:          3.8G       745M       3.1G       5.7M        50M       319M

MemTotal:        4016004 kB
MemFree:         3252792 kB
Active:           409012 kB
Mem:          3.8G       745M       3.1G       5.7M        50M       319M

MemTotal:        4016004 kB
MemFree:         3252824 kB
Active:           409028 kB
Mem:          3.8G       745M       3.1G       5.7M        50M       319M

MemTotal:        4016004 kB
MemFree:         3252948 kB
Active:           409040 kB
Mem:          3.8G       745M       3.1G       5.7M        50M       319M

MemTotal:        4016004 kB
MemFree:         3252560 kB
Active:           409048 kB
Mem:          3.8G       745M       3.1G       5.7M        50M       319M

MemTotal:        4016004 kB
MemFree:         3252420 kB
Active:           409016 kB
Mem:          3.8G       745M       3.1G       5.7M        50M       319M

MemTotal:        4016004 kB
MemFree:         3252420 kB
Active:           409008 kB
Mem:          3.8G       746M       3.1G       5.7M        50M       319M

MemTotal:        4016004 kB
MemFree:         3252544 kB
Active:           409000 kB
Mem:          3.8G       745M       3.1G       5.7M        50M       319M

MemTotal:        4016004 kB
MemFree:         3252668 kB
Active:           409056 kB
Mem:          3.8G       745M       3.1G       5.7M        50M       319M

MemTotal:        4016004 kB
MemFree:         3252792 kB
Active:           409044 kB
Mem:          3.8G       745M       3.1G       5.7M        50M       319M

MemTotal:        4016004 kB
MemFree:         3252172 kB
Active:           409056 kB
Mem:          3.8G       745M       3.1G       5.7M        50M       319M

MemTotal:        4016004 kB
MemFree:         3252576 kB
Active:           409000 kB
Mem:          3.8G       745M       3.1G       5.7M        50M       319M

MemTotal:        4016004 kB
MemFree:         3252700 kB
Active:           409008 kB
Mem:          3.8G       745M       3.1G       5.7M        50M       319M

MemTotal:        4016004 kB
MemFree:         3252700 kB
Active:           409008 kB
Mem:          3.8G       745M       3.1G       5.7M        50M       319M

MemTotal:        4016004 kB
MemFree:         3252576 kB
Active:           409028 kB
Mem:          3.8G       745M       3.1G       5.7M        50M       319M

MemTotal:        4016004 kB
MemFree:         3252560 kB
Active:           409020 kB
Mem:          3.8G       745M       3.1G       5.7M        50M       319M

MemTotal:        4016004 kB
MemFree:         3252356 kB
Active:           406980 kB
Mem:          3.8G       745M       3.1G       5.7M        50M       319M

MemTotal:        4016004 kB
MemFree:         3252604 kB
Active:           409072 kB
Mem:          3.8G       745M       3.1G       5.7M        50M       319M

MemTotal:        4016004 kB
MemFree:         3252356 kB
Active:           409036 kB
Mem:          3.8G       745M       3.1G       5.7M        50M       319M

MemTotal:        4016004 kB
MemFree:         3252108 kB
Active:           409088 kB
Mem:          3.8G       745M       3.1G       5.7M        50M       319M

MemTotal:        4016004 kB
MemFree:         3252480 kB
Active:           409044 kB
Mem:          3.8G       745M       3.1G       5.7M        50M       319M

MemTotal:        4016004 kB
MemFree:         3252512 kB
Active:           409056 kB
Mem:          3.8G       745M       3.1G       5.7M        50M       319M

MemTotal:        4016004 kB
MemFree:         3252512 kB
Active:           409076 kB
Mem:          3.8G       745M       3.1G       5.7M        50M       319M

MemTotal:        4016004 kB
MemFree:         3252264 kB
Active:           409096 kB
Mem:          3.8G       745M       3.1G       5.7M        50M       319M

MemTotal:        4016004 kB
MemFree:         3252232 kB
Active:           409040 kB
Mem:          3.8G       745M       3.1G       5.7M        50M       319M

MemTotal:        4016004 kB
MemFree:         3251848 kB
Active:           407100 kB
Mem:          3.8G       746M       3.1G       5.7M        50M       319M

MemTotal:        4016004 kB
MemFree:         3252344 kB
Active:           409048 kB
Mem:          3.8G       745M       3.1G       5.7M        50M       319M

MemTotal:        4016004 kB
MemFree:         3251848 kB
Active:           409096 kB
Mem:          3.8G       746M       3.1G       5.7M        50M       319M

MemTotal:        4016004 kB
MemFree:         3252344 kB
Active:           409048 kB
Mem:          3.8G       745M       3.1G       5.7M        50M       319M

MemTotal:        4016004 kB
MemFree:         3252376 kB
Active:           409072 kB
Mem:          3.8G       745M       3.1G       5.7M        50M       319M

MemTotal:        4016004 kB
MemFree:         3252376 kB
Active:           409080 kB
Mem:          3.8G       745M       3.1G       5.7M        50M       319M

MemTotal:        4016004 kB
MemFree:         3252252 kB
Active:           409056 kB
Mem:          3.8G       745M       3.1G       5.7M        50M       319M

MemTotal:        4016004 kB
MemFree:         3251724 kB
Active:           409108 kB
Mem:          3.8G       746M       3.1G       5.7M        50M       319M

MemTotal:        4016004 kB
MemFree:         3251848 kB
Active:           409064 kB
Mem:          3.8G       746M       3.1G       5.7M        50M       319M

MemTotal:        4016004 kB
MemFree:         3251972 kB
Active:           409076 kB
Mem:          3.8G       746M       3.1G       5.7M        50M       319M

MemTotal:        4016004 kB
MemFree:         3251584 kB
Active:           407068 kB
Mem:          3.8G       746M       3.1G       5.7M        50M       319M

MemTotal:        4016004 kB
MemFree:         3252204 kB
Active:           409080 kB
Mem:          3.8G       746M       3.1G       5.7M        50M       319M

MemTotal:        4016004 kB
MemFree:         3252204 kB
Active:           409104 kB
Mem:          3.8G       745M       3.1G       5.7M        50M       319M

MemTotal:        4016004 kB
MemFree:         3252080 kB
Active:           409112 kB
Mem:          3.8G       746M       3.1G       5.7M        50M       319M

MemTotal:        4016004 kB
MemFree:         3251848 kB
Active:           409072 kB
Mem:          3.8G       746M       3.1G       5.7M        50M       319M

MemTotal:        4016004 kB
MemFree:         3251972 kB
Active:           409120 kB
Mem:          3.8G       746M       3.1G       5.7M        50M       319M

MemTotal:        4016004 kB
MemFree:         3252096 kB
Active:           409112 kB
Mem:          3.8G       745M       3.1G       5.7M        50M       319M

MemTotal:        4016004 kB
MemFree:         3252312 kB
Active:           409092 kB
Mem:          3.8G       745M       3.1G       5.7M        50M       319M

MemTotal:        4016004 kB
MemFree:         3252468 kB
Active:           409108 kB
Mem:          3.8G       745M       3.1G       5.7M        50M       319M

MemTotal:        4016004 kB
MemFree:         3252468 kB
Active:           409084 kB
Mem:          3.8G       745M       3.1G       5.7M        50M       319M

MemTotal:        4016004 kB
MemFree:         3252588 kB
Active:           407036 kB
Mem:          3.8G       745M       3.1G       5.7M        50M       319M

MemTotal:        4016004 kB
MemFree:         3252324 kB
Active:           409092 kB
Mem:          3.8G       745M       3.1G       5.7M        50M       319M

MemTotal:        4016004 kB
MemFree:         3252432 kB
Active:           409120 kB
Mem:          3.8G       745M       3.1G       5.7M        50M       319M

MemTotal:        4016004 kB
MemFree:         3251828 kB
Active:           409136 kB
Mem:          3.8G       746M       3.1G       5.7M        50M       319M

MemTotal:        4016004 kB
MemFree:         3251952 kB
Active:           409096 kB
Mem:          3.8G       746M       3.1G       5.7M        50M       319M

MemTotal:        4016004 kB
MemFree:         3252200 kB
Active:           409140 kB
Mem:          3.8G       745M       3.1G       5.7M        50M       319M

MemTotal:        4016004 kB
MemFree:         3252480 kB
Active:           409096 kB
Mem:          3.8G       745M       3.1G       5.7M        50M       319M

MemTotal:        4016004 kB
MemFree:         3252356 kB
Active:           409116 kB
Mem:          3.8G       745M       3.1G       5.7M        50M       319M

MemTotal:        4016004 kB
MemFree:         3252464 kB
Active:           409156 kB
Mem:          3.8G       745M       3.1G       5.7M        50M       319M

MemTotal:        4016004 kB
MemFree:         3252572 kB
Active:           409116 kB
Mem:          3.8G       745M       3.1G       5.7M        50M       319M

MemTotal:        4016004 kB
MemFree:         3252448 kB
Active:           409120 kB
Mem:          3.8G       745M       3.1G       5.7M        50M       319M

MemTotal:        4016004 kB
MemFree:         3252448 kB
Active:           409132 kB
Mem:          3.8G       745M       3.1G       5.7M        50M       319M

MemTotal:        4016004 kB
MemFree:         3252448 kB
Active:           409128 kB
Mem:          3.8G       745M       3.1G       5.7M        50M       319M

MemTotal:        4016004 kB
MemFree:         3252076 kB
Active:           409160 kB
Mem:          3.8G       745M       3.1G       5.7M        50M       319M

MemTotal:        4016004 kB
MemFree:         3252480 kB
Active:           409128 kB
Mem:          3.8G       745M       3.1G       5.7M        50M       319M

MemTotal:        4016004 kB
MemFree:         3252480 kB
Active:           409136 kB
Mem:          3.8G       746M       3.1G       5.7M        50M       319M

MemTotal:        4016004 kB
MemFree:         3252216 kB
Active:           409128 kB
Mem:          3.8G       745M       3.1G       5.7M        50M       319M

MemTotal:        4016004 kB
MemFree:         3251968 kB
Active:           409168 kB
Mem:          3.8G       745M       3.1G       5.7M        50M       319M

MemTotal:        4016004 kB
MemFree:         3252060 kB
Active:           409168 kB
Mem:          3.8G       745M       3.1G       5.7M        50M       319M

MemTotal:        4016004 kB
MemFree:         3252680 kB
Active:           409148 kB
Mem:          3.8G       745M       3.1G       5.7M        50M       319M

MemTotal:        4016004 kB
MemFree:         3252076 kB
Active:           409168 kB
Mem:          3.8G       745M       3.1G       5.7M        50M       319M

MemTotal:        4016004 kB
MemFree:         3252076 kB
Active:           409168 kB
Mem:          3.8G       746M       3.1G       5.7M        50M       319M

MemTotal:        4016004 kB
MemFree:         3252324 kB
Active:           409172 kB
Mem:          3.8G       745M       3.1G       5.7M        50M       319M

MemTotal:        4016004 kB
MemFree:         3252060 kB
Active:           409180 kB
Mem:          3.8G       746M       3.1G       5.7M        50M       319M

MemTotal:        4016004 kB
MemFree:         3252432 kB
Active:           409132 kB
Mem:          3.8G       745M       3.1G       5.7M        50M       319M

MemTotal:        4016004 kB
MemFree:         3252464 kB
Active:           409128 kB
Mem:          3.8G       745M       3.1G       5.7M        50M       319M

MemTotal:        4016004 kB
MemFree:         3252464 kB
Active:           409172 kB
Mem:          3.8G       745M       3.1G       5.7M        50M       319M

MemTotal:        4016004 kB
MemFree:         3252464 kB
Active:           409168 kB
Mem:          3.8G       745M       3.1G       5.7M        50M       319M

MemTotal:        4016004 kB
MemFree:         3252340 kB
Active:           409132 kB
Mem:          3.8G       746M       3.1G       5.7M        50M       319M

MemTotal:        4016004 kB
MemFree:         3251828 kB
Active:           409200 kB
Mem:          3.8G       746M       3.1G       5.7M        50M       319M

MemTotal:        4016004 kB
MemFree:         3252220 kB
Active:           407240 kB
Mem:          3.8G       745M       3.1G       5.7M        50M       319M

MemTotal:        4016004 kB
MemFree:         3252220 kB
Active:           409296 kB
Mem:          3.8G       746M       3.1G       5.7M        50M       319M

MemTotal:        4016004 kB
MemFree:         3252220 kB
Active:           409288 kB
Mem:          3.8G       746M       3.1G       5.7M        50M       319M

MemTotal:        4016004 kB
MemFree:         3252284 kB
Active:           409284 kB
Mem:          3.8G       745M       3.1G       5.7M        50M       319M

MemTotal:        4016004 kB
MemFree:         3252504 kB
Active:           409296 kB
Mem:          3.8G       745M       3.1G       5.7M        50M       319M

MemTotal:        4016004 kB
MemFree:         3252380 kB
Active:           409260 kB
Mem:          3.8G       745M       3.1G       5.7M        50M       319M

MemTotal:        4016004 kB
MemFree:         3252008 kB
Active:           409308 kB
Mem:          3.8G       745M       3.1G       5.7M        50M       319M

MemTotal:        4016004 kB
MemFree:         3252380 kB
Active:           409280 kB
Mem:          3.8G       745M       3.1G       5.7M        50M       319M

MemTotal:        4016004 kB
MemFree:         3252504 kB
Active:           409288 kB
Mem:          3.8G       745M       3.1G       5.7M        50M       319M

MemTotal:        4016004 kB
MemFree:         3252504 kB
Active:           409296 kB
Mem:          3.8G       745M       3.1G       5.7M        50M       319M

MemTotal:        4016004 kB
MemFree:         3252132 kB
Active:           409324 kB
Mem:          3.8G       745M       3.1G       5.7M        50M       319M

MemTotal:        4016004 kB
MemFree:         3252380 kB
Active:           409276 kB
Mem:          3.8G       745M       3.1G       5.7M        50M       319M

MemTotal:        4016004 kB
MemFree:         3252504 kB
Active:           409292 kB
Mem:          3.8G       745M       3.1G       5.7M        50M       319M

MemTotal:        4016004 kB
MemFree:         3252380 kB
Active:           409280 kB
Mem:          3.8G       745M       3.1G       5.7M        50M       319M

MemTotal:        4016004 kB
MemFree:         3252380 kB
Active:           409300 kB
Mem:          3.8G       745M       3.1G       5.7M        50M       319M

MemTotal:        4016004 kB
MemFree:         3252380 kB
Active:           409308 kB
Mem:          3.8G       745M       3.1G       5.7M        50M       319M

MemTotal:        4016004 kB
MemFree:         3252380 kB
Active:           409284 kB
Mem:          3.8G       745M       3.1G       5.7M        50M       319M

MemTotal:        4016004 kB
MemFree:         3252008 kB
Active:           409336 kB
Mem:          3.8G       745M       3.1G       5.7M        50M       319M

MemTotal:        4016004 kB
MemFree:         3252104 kB
Active:           409336 kB
Mem:          3.8G       746M       3.1G       5.7M        50M       319M

MemTotal:        4016004 kB
MemFree:         3252228 kB
Active:           409284 kB
Mem:          3.8G       746M       3.1G       5.7M        50M       319M

MemTotal:        4016004 kB
MemFree:         3252104 kB
Active:           409328 kB
Mem:          3.8G       745M       3.1G       5.7M        50M       319M

MemTotal:        4016004 kB
MemFree:         3252740 kB
Active:           409284 kB
Mem:          3.8G       745M       3.1G       5.7M        50M       319M

MemTotal:        4016004 kB
MemFree:         3252740 kB
Active:           409308 kB
Mem:          3.8G       745M       3.1G       5.7M        50M       319M

MemTotal:        4016004 kB
MemFree:         3252724 kB
Active:           409296 kB
Mem:          3.8G       745M       3.1G       5.7M        50M       319M

MemTotal:        4016004 kB
MemFree:         3252616 kB
Active:           409324 kB
Mem:          3.8G       745M       3.1G       5.7M        50M       319M

MemTotal:        4016004 kB
MemFree:         3252864 kB
Active:           409304 kB
Mem:          3.8G       745M       3.1G       5.7M        50M       319M

MemTotal:        4016004 kB
MemFree:         3252756 kB
Active:           409332 kB
Mem:          3.8G       745M       3.1G       5.7M        50M       319M

MemTotal:        4016004 kB
MemFree:         3252756 kB
Active:           409304 kB
Mem:          3.8G       745M       3.1G       5.7M        50M       319M

MemTotal:        4016004 kB
MemFree:         3252508 kB
Active:           409336 kB
Mem:          3.8G       745M       3.1G       5.7M        50M       319M

MemTotal:        4016004 kB
MemFree:         3252260 kB
Active:           409304 kB
Mem:          3.8G       745M       3.1G       5.7M        50M       319M

MemTotal:        4016004 kB
MemFree:         3251888 kB
Active:           409352 kB
Mem:          3.8G       745M       3.1G       5.7M        50M       319M

MemTotal:        4016004 kB
MemFree:         3252260 kB
Active:           409332 kB
Mem:          3.8G       745M       3.1G       5.7M        50M       319M

MemTotal:        4016004 kB
MemFree:         3252524 kB
Active:           409188 kB
Mem:          3.8G       745M       3.1G       5.7M        50M       319M

MemTotal:        4016004 kB
MemFree:         3252524 kB
Active:           409132 kB
Mem:          3.8G       745M       3.1G       5.7M        50M       319M

MemTotal:        4016004 kB
MemFree:         3252152 kB
Active:           409188 kB
Mem:          3.8G       745M       3.1G       5.7M        50M       319M

MemTotal:        4016004 kB
MemFree:         3252524 kB
Active:           409184 kB
Mem:          3.8G       745M       3.1G       5.7M        50M       319M

MemTotal:        4016004 kB
MemFree:         3252152 kB
Active:           409196 kB
Mem:          3.8G       745M       3.1G       5.7M        50M       319M

MemTotal:        4016004 kB
MemFree:         3252648 kB
Active:           409200 kB
Mem:          3.8G       745M       3.1G       5.7M        50M       319M

MemTotal:        4016004 kB
MemFree:         3252772 kB
Active:           409160 kB
Mem:          3.8G       745M       3.1G       5.7M        50M       319M

MemTotal:        4016004 kB
MemFree:         3252584 kB
Active:           407136 kB
Mem:          3.8G       745M       3.1G       5.7M        50M       319M

MemTotal:        4016004 kB
MemFree:         3252708 kB
Active:           409180 kB
Mem:          3.8G       745M       3.1G       5.7M        50M       319M

MemTotal:        4016004 kB
MemFree:         3252212 kB
Active:           409232 kB
Mem:          3.8G       745M       3.1G       5.7M        50M       319M

MemTotal:        4016004 kB
MemFree:         3252336 kB
Active:           409196 kB
Mem:          3.8G       746M       3.1G       5.7M        50M       319M

MemTotal:        4016004 kB
MemFree:         3252088 kB
Active:           409240 kB
Mem:          3.8G       746M       3.1G       5.7M        50M       319M

MemTotal:        4016004 kB
MemFree:         3252088 kB
Active:           409240 kB
Mem:          3.8G       746M       3.1G       5.7M        50M       319M

MemTotal:        4016004 kB
MemFree:         3252584 kB
Active:           409196 kB
Mem:          3.8G       745M       3.1G       5.7M        50M       319M

MemTotal:        4016004 kB
MemFree:         3252708 kB
Active:           409196 kB
Mem:          3.8G       745M       3.1G       5.7M        50M       319M

MemTotal:        4016004 kB
MemFree:         3252584 kB
Active:           409220 kB
Mem:          3.8G       745M       3.1G       5.7M        50M       319M

MemTotal:        4016004 kB
MemFree:         3252584 kB
Active:           409216 kB
Mem:          3.8G       745M       3.1G       5.7M        50M       319M

MemTotal:        4016004 kB
MemFree:         3252208 kB
Active:           407220 kB
Mem:          3.8G       745M       3.1G       5.7M        50M       319M

MemTotal:        4016004 kB
MemFree:         3252456 kB
Active:           409276 kB
Mem:          3.8G       745M       3.1G       5.7M        50M       319M

MemTotal:        4016004 kB
MemFree:         3242404 kB
Active:           417288 kB
Mem:          3.8G       755M       3.1G       5.7M        58M       319M

MemTotal:        4016004 kB
MemFree:         3242836 kB
Active:           417092 kB
Mem:          3.8G       755M       3.1G       5.7M        58M       319M

MemTotal:        4016004 kB
MemFree:         3242960 kB
Active:           417108 kB
Mem:          3.8G       755M       3.1G       5.7M        58M       319M

MemTotal:        4016004 kB
MemFree:         3243332 kB
Active:           417152 kB
Mem:          3.8G       754M       3.1G       5.7M        58M       319M

MemTotal:        4016004 kB
MemFree:         3243580 kB
Active:           417104 kB
Mem:          3.8G       754M       3.1G       5.7M        58M       319M

MemTotal:        4016004 kB
MemFree:         3243580 kB
Active:           417116 kB
Mem:          3.8G       754M       3.1G       5.7M        58M       319M

MemTotal:        4016004 kB
MemFree:         3243208 kB
Active:           417160 kB
Mem:          3.8G       754M       3.1G       5.7M        58M       319M

MemTotal:        4016004 kB
MemFree:         3243332 kB
Active:           417116 kB
Mem:          3.8G       754M       3.1G       5.7M        58M       319M

MemTotal:        4016004 kB
MemFree:         3243580 kB
Active:           417120 kB
Mem:          3.8G       754M       3.1G       5.7M        58M       319M

MemTotal:        4016004 kB
MemFree:         3243456 kB
Active:           417136 kB
Mem:          3.8G       754M       3.1G       5.7M        58M       319M

MemTotal:        4016004 kB
MemFree:         3242960 kB
Active:           417172 kB
Mem:          3.8G       754M       3.1G       5.7M        58M       319M

MemTotal:        4016004 kB
MemFree:         3243332 kB
Active:           417132 kB
Mem:          3.8G       754M       3.1G       5.7M        58M       319M

MemTotal:        4016004 kB
MemFree:         3242960 kB
Active:           417176 kB
Mem:          3.8G       754M       3.1G       5.7M        58M       319M

MemTotal:        4016004 kB
MemFree:         3243332 kB
Active:           417144 kB
Mem:          3.8G       754M       3.1G       5.7M        58M       319M

MemTotal:        4016004 kB
MemFree:         3243332 kB
Active:           417172 kB
Mem:          3.8G       754M       3.1G       5.7M        58M       319M

MemTotal:        4016004 kB
MemFree:         3243084 kB
Active:           417184 kB
Mem:          3.8G       754M       3.1G       5.7M        58M       319M

MemTotal:        4016004 kB
MemFree:         3242712 kB
Active:           417192 kB
Mem:          3.8G       755M       3.1G       5.7M        58M       319M

MemTotal:        4016004 kB
MemFree:         3243208 kB
Active:           417164 kB
Mem:          3.8G       754M       3.1G       5.7M        58M       319M

MemTotal:        4016004 kB
MemFree:         3243208 kB
Active:           417164 kB
Mem:          3.8G       754M       3.1G       5.7M        58M       319M

MemTotal:        4016004 kB
MemFree:         3242836 kB
Active:           417192 kB
Mem:          3.8G       754M       3.1G       5.7M        58M       319M

MemTotal:        4016004 kB
MemFree:         3243332 kB
Active:           417168 kB
Mem:          3.8G       754M       3.1G       5.7M        58M       319M

MemTotal:        4016004 kB
MemFree:         3243208 kB
Active:           417148 kB
Mem:          3.8G       754M       3.1G       5.7M        58M       319M

MemTotal:        4016004 kB
MemFree:         3243332 kB
Active:           417160 kB
Mem:          3.8G       754M       3.1G       5.7M        58M       319M

MemTotal:        4016004 kB
MemFree:         3243332 kB
Active:           417136 kB
Mem:          3.8G       754M       3.1G       5.7M        58M       319M

MemTotal:        4016004 kB
MemFree:         3243332 kB
Active:           417164 kB
Mem:          3.8G       754M       3.1G       5.7M        58M       319M

MemTotal:        4016004 kB
MemFree:         3243332 kB
Active:           417176 kB
Mem:          3.8G       754M       3.1G       5.7M        58M       319M

MemTotal:        4016004 kB
MemFree:         3242960 kB
Active:           417196 kB
Mem:          3.8G       754M       3.1G       5.7M        58M       319M

MemTotal:        4016004 kB
MemFree:         3243208 kB
Active:           417188 kB
Mem:          3.8G       754M       3.1G       5.7M        58M       319M

MemTotal:        4016004 kB
MemFree:         3241284 kB
Active:           417128 kB
Mem:          3.8G       756M       3.1G       5.7M        58M       319M

MemTotal:        4016004 kB
MemFree:         3241284 kB
Active:           419200 kB
Mem:          3.8G       756M       3.1G       5.7M        58M       319M

MemTotal:        4016004 kB
MemFree:         3241128 kB
Active:           419212 kB
Mem:          3.8G       756M       3.1G       5.7M        58M       319M

MemTotal:        4016004 kB
MemFree:         3241252 kB
Active:           419208 kB
Mem:          3.8G       756M       3.1G       5.7M        58M       319M

MemTotal:        4016004 kB
MemFree:         3241128 kB
Active:           419220 kB
Mem:          3.8G       756M       3.1G       5.7M        58M       319M

MemTotal:        4016004 kB
MemFree:         3240756 kB
Active:           419264 kB
Mem:          3.8G       757M       3.1G       5.7M        58M       319M

MemTotal:        4016004 kB
MemFree:         3241004 kB
Active:           419228 kB
Mem:          3.8G       756M       3.1G       5.7M        58M       319M

MemTotal:        4016004 kB
MemFree:         3240880 kB
Active:           419252 kB
Mem:          3.8G       756M       3.1G       5.7M        58M       319M

MemTotal:        4016004 kB
MemFree:         3240632 kB
Active:           419272 kB
Mem:          3.8G       756M       3.1G       5.7M        58M       319M

MemTotal:        4016004 kB
MemFree:         3241004 kB
Active:           419232 kB
Mem:          3.8G       756M       3.1G       5.7M        58M       319M

MemTotal:        4016004 kB
MemFree:         3241004 kB
Active:           419264 kB
Mem:          3.8G       757M       3.1G       5.7M        58M       319M

MemTotal:        4016004 kB
MemFree:         3240632 kB
Active:           419276 kB
Mem:          3.8G       757M       3.1G       5.7M        58M       319M

MemTotal:        4016004 kB
MemFree:         3240600 kB
Active:           419276 kB
Mem:          3.8G       757M       3.1G       5.7M        58M       319M

MemTotal:        4016004 kB
MemFree:         3240756 kB
Active:           419232 kB
Mem:          3.8G       757M       3.1G       5.7M        58M       319M

MemTotal:        4016004 kB
MemFree:         3240508 kB
Active:           419288 kB
Mem:          3.8G       757M       3.1G       5.7M        58M       319M

MemTotal:        4016004 kB
MemFree:         3240880 kB
Active:           419256 kB
Mem:          3.8G       756M       3.1G       5.7M        58M       319M

MemTotal:        4016004 kB
MemFree:         3241500 kB
Active:           419276 kB
Mem:          3.8G       756M       3.1G       5.7M        58M       319M

MemTotal:        4016004 kB
MemFree:         3241128 kB
Active:           419288 kB
Mem:          3.8G       756M       3.1G       5.7M        58M       319M

MemTotal:        4016004 kB
MemFree:         3241376 kB
Active:           419256 kB
Mem:          3.8G       756M       3.1G       5.7M        58M       319M

MemTotal:        4016004 kB
MemFree:         3241500 kB
Active:           419268 kB
Mem:          3.8G       756M       3.1G       5.7M        58M       319M

MemTotal:        4016004 kB
MemFree:         3241500 kB
Active:           419276 kB
Mem:          3.8G       756M       3.1G       5.7M        58M       319M

MemTotal:        4016004 kB
MemFree:         3241500 kB
Active:           419240 kB
Mem:          3.8G       756M       3.1G       5.7M        58M       319M

MemTotal:        4016004 kB
MemFree:         3241492 kB
Active:           419260 kB
Mem:          3.8G       756M       3.1G       5.7M        58M       319M

MemTotal:        4016004 kB
MemFree:         3241120 kB
Active:           419300 kB
Mem:          3.8G       756M       3.1G       5.7M        58M       319M

MemTotal:        4016004 kB
MemFree:         3240872 kB
Active:           419272 kB
Mem:          3.8G       756M       3.1G       5.7M        58M       319M

MemTotal:        4016004 kB
MemFree:         3240996 kB
Active:           419276 kB
Mem:          3.8G       756M       3.1G       5.7M        58M       319M

MemTotal:        4016004 kB
MemFree:         3240624 kB
Active:           419304 kB
Mem:          3.8G       757M       3.1G       5.7M        58M       319M

MemTotal:        4016004 kB
MemFree:         3240996 kB
Active:           419260 kB
Mem:          3.8G       757M       3.1G       5.7M        58M       319M

MemTotal:        4016004 kB
MemFree:         3240996 kB
Active:           419296 kB
Mem:          3.8G       756M       3.1G       5.7M        58M       319M

MemTotal:        4016004 kB
MemFree:         3240996 kB
Active:           419264 kB
Mem:          3.8G       756M       3.1G       5.7M        58M       319M

MemTotal:        4016004 kB
MemFree:         3240748 kB
Active:           419308 kB
Mem:          3.8G       757M       3.1G       5.7M        58M       319M

MemTotal:        4016004 kB
MemFree:         3240996 kB
Active:           419308 kB
Mem:          3.8G       756M       3.1G       5.7M        58M       319M

MemTotal:        4016004 kB
MemFree:         3240996 kB
Active:           419308 kB
Mem:          3.8G       756M       3.1G       5.7M        58M       319M

MemTotal:        4016004 kB
MemFree:         3240996 kB
Active:           419316 kB
Mem:          3.8G       756M       3.1G       5.7M        58M       319M

MemTotal:        4016004 kB
MemFree:         3241244 kB
Active:           419288 kB
Mem:          3.8G       756M       3.1G       5.7M        58M       319M

MemTotal:        4016004 kB
MemFree:         3241368 kB
Active:           419292 kB
Mem:          3.8G       756M       3.1G       5.7M        58M       319M

MemTotal:        4016004 kB
MemFree:         3241244 kB
Active:           419268 kB
Mem:          3.8G       756M       3.1G       5.7M        58M       319M

MemTotal:        4016004 kB
MemFree:         3241368 kB
Active:           419292 kB
Mem:          3.8G       756M       3.1G       5.7M        58M       319M

MemTotal:        4016004 kB
MemFree:         3241492 kB
Active:           419308 kB
Mem:          3.8G       756M       3.1G       5.7M        58M       319M

MemTotal:        4016004 kB
MemFree:         3240996 kB
Active:           419336 kB
Mem:          3.8G       756M       3.1G       5.7M        58M       319M

MemTotal:        4016004 kB
MemFree:         3241368 kB
Active:           419336 kB
Mem:          3.8G       756M       3.1G       5.7M        58M       319M

MemTotal:        4016004 kB
MemFree:         3241244 kB
Active:           419324 kB
Mem:          3.8G       756M       3.1G       5.7M        58M       319M

MemTotal:        4016004 kB
MemFree:         3241244 kB
Active:           419300 kB
Mem:          3.8G       756M       3.1G       5.7M        58M       319M

MemTotal:        4016004 kB
MemFree:         3240872 kB
Active:           419340 kB
Mem:          3.8G       756M       3.1G       5.7M        58M       319M

MemTotal:        4016004 kB
MemFree:         3241120 kB
Active:           419300 kB
Mem:          3.8G       756M       3.1G       5.7M        58M       319M

MemTotal:        4016004 kB
MemFree:         3241244 kB
Active:           419328 kB
Mem:          3.8G       756M       3.1G       5.7M        58M       319M

MemTotal:        4016004 kB
MemFree:         3241368 kB
Active:           419288 kB
Mem:          3.8G       756M       3.1G       5.7M        58M       319M

MemTotal:        4016004 kB
MemFree:         3241368 kB
Active:           419296 kB
Mem:          3.8G       756M       3.1G       5.7M        58M       319M

MemTotal:        4016004 kB
MemFree:         3241368 kB
Active:           419320 kB
Mem:          3.8G       756M       3.1G       5.7M        58M       319M

MemTotal:        4016004 kB
MemFree:         3241244 kB
Active:           419324 kB
Mem:          3.8G       756M       3.1G       5.7M        58M       319M

MemTotal:        4016004 kB
MemFree:         3240872 kB
Active:           419348 kB
Mem:          3.8G       756M       3.1G       5.7M        58M       319M

MemTotal:        4016004 kB
MemFree:         3240996 kB
Active:           419348 kB
Mem:          3.8G       756M       3.1G       5.7M        58M       319M

MemTotal:        4016004 kB
MemFree:         3241244 kB
Active:           419312 kB
Mem:          3.8G       756M       3.1G       5.7M        58M       319M

MemTotal:        4016004 kB
MemFree:         3241120 kB
Active:           419304 kB
Mem:          3.8G       756M       3.1G       5.7M        58M       319M

MemTotal:        4016004 kB
MemFree:         3241120 kB
Active:           419336 kB
Mem:          3.8G       756M       3.1G       5.7M        58M       319M

MemTotal:        4016004 kB
MemFree:         3241244 kB
Active:           419320 kB
Mem:          3.8G       756M       3.1G       5.7M        58M       319M

MemTotal:        4016004 kB
MemFree:         3241368 kB
Active:           419316 kB
Mem:          3.8G       756M       3.1G       5.7M        58M       319M

MemTotal:        4016004 kB
MemFree:         3241244 kB
Active:           419332 kB
Mem:          3.8G       756M       3.1G       5.7M        58M       319M

MemTotal:        4016004 kB
MemFree:         3240996 kB
Active:           419372 kB
Mem:          3.8G       756M       3.1G       5.7M        58M       319M

MemTotal:        4016004 kB
MemFree:         3239196 kB
Active:           419348 kB
Mem:          3.8G       758M       3.1G       5.7M        58M       319M

MemTotal:        4016004 kB
MemFree:         3239196 kB
Active:           421392 kB
Mem:          3.8G       758M       3.1G       5.7M        58M       319M

MemTotal:        4016004 kB
MemFree:         3238824 kB
Active:           421396 kB
Mem:          3.8G       758M       3.1G       5.7M        58M       319M

MemTotal:        4016004 kB
MemFree:         3239196 kB
Active:           421352 kB
Mem:          3.8G       758M       3.1G       5.7M        58M       319M

MemTotal:        4016004 kB
MemFree:         3239072 kB
Active:           421356 kB
Mem:          3.8G       758M       3.1G       5.7M        58M       319M

MemTotal:        4016004 kB
MemFree:         3239196 kB
Active:           421372 kB
Mem:          3.8G       758M       3.1G       5.7M        58M       319M

MemTotal:        4016004 kB
MemFree:         3238700 kB
Active:           421396 kB
Mem:          3.8G       759M       3.1G       5.7M        58M       319M

MemTotal:        4016004 kB
MemFree:         3238824 kB
Active:           421396 kB
Mem:          3.8G       758M       3.1G       5.7M        58M       319M

MemTotal:        4016004 kB
MemFree:         3238700 kB
Active:           421376 kB
Mem:          3.8G       758M       3.1G       5.7M        58M       319M

MemTotal:        4016004 kB
MemFree:         3238948 kB
Active:           421412 kB
Mem:          3.8G       758M       3.1G       5.7M        58M       319M

MemTotal:        4016004 kB
MemFree:         3239072 kB
Active:           421372 kB
Mem:          3.8G       758M       3.1G       5.7M        58M       319M

MemTotal:        4016004 kB
MemFree:         3239072 kB
Active:           421404 kB
Mem:          3.8G       758M       3.1G       5.7M        58M       319M

MemTotal:        4016004 kB
MemFree:         3239444 kB
Active:           421416 kB
Mem:          3.8G       758M       3.1G       5.7M        58M       319M

MemTotal:        4016004 kB
MemFree:         3238900 kB
Active:           421428 kB
Mem:          3.8G       758M       3.1G       5.7M        58M       319M

MemTotal:        4016004 kB
MemFree:         3239272 kB
Active:           421416 kB
Mem:          3.8G       758M       3.1G       5.7M        58M       319M

MemTotal:        4016004 kB
MemFree:         3239396 kB
Active:           421412 kB
Mem:          3.8G       758M       3.1G       5.7M        58M       319M

MemTotal:        4016004 kB
MemFree:         3239024 kB
Active:           421428 kB
Mem:          3.8G       759M       3.1G       5.7M        58M       319M

MemTotal:        4016004 kB
MemFree:         3238776 kB
Active:           421428 kB
Mem:          3.8G       759M       3.1G       5.7M        58M       319M

MemTotal:        4016004 kB
MemFree:         3238900 kB
Active:           421376 kB
Mem:          3.8G       758M       3.1G       5.7M        58M       319M

MemTotal:        4016004 kB
MemFree:         3238528 kB
Active:           421436 kB
Mem:          3.8G       758M       3.1G       5.7M        58M       319M

MemTotal:        4016004 kB
MemFree:         3196256 kB
Active:           421564 kB
Mem:          3.8G       801M       3.0G       5.7M        58M       360M

MemTotal:        4016004 kB
MemFree:         3151256 kB
Active:           421664 kB
Mem:          3.8G       844M       3.0G       5.7M        58M       403M

MemTotal:        4016004 kB
MemFree:         3105528 kB
Active:           421664 kB
Mem:          3.8G       889M       3.0G       5.7M        58M       448M

MemTotal:        4016004 kB
MemFree:         3059304 kB
Active:           421644 kB
Mem:          3.8G       934M       2.9G       5.7M        58M       492M

MemTotal:        4016004 kB
MemFree:         3013188 kB
Active:           421668 kB
Mem:          3.8G       979M       2.9G       5.7M        58M       536M

MemTotal:        4016004 kB
MemFree:         2967956 kB
Active:           421648 kB
Mem:          3.8G       1.0G       2.8G       5.7M        58M       580M

MemTotal:        4016004 kB
MemFree:         2921964 kB
Active:           421636 kB
Mem:          3.8G       1.0G       2.8G       5.7M        58M       624M

MemTotal:        4016004 kB
MemFree:         2876732 kB
Active:           421692 kB
Mem:          3.8G       1.1G       2.7G       5.7M        58M       667M

MemTotal:        4016004 kB
MemFree:         2831316 kB
Active:           421672 kB
Mem:          3.8G       1.1G       2.7G       5.7M        58M       711M

MemTotal:        4016004 kB
MemFree:         2786488 kB
Active:           421676 kB
Mem:          3.8G       1.2G       2.7G       5.7M        58M       754M

MemTotal:        4016004 kB
MemFree:         2770972 kB
Active:           421728 kB
Mem:          3.8G       1.2G       2.6G       5.7M        58M       769M

MemTotal:        4016004 kB
MemFree:         2724748 kB
Active:           421732 kB
Mem:          3.8G       1.2G       2.6G       5.7M        58M       814M

MemTotal:        4016004 kB
MemFree:         2684104 kB
Active:           421732 kB
Mem:          3.8G       1.3G       2.6G       5.7M        58M       852M

MemTotal:        4016004 kB
MemFree:         2681720 kB
Active:           421696 kB
Mem:          3.8G       1.3G       2.6G       5.7M        58M       854M

MemTotal:        4016004 kB
MemFree:         2680644 kB
Active:           421736 kB
Mem:          3.8G       1.3G       2.6G       5.7M        58M       855M

MemTotal:        4016004 kB
MemFree:         2666600 kB
Active:           421808 kB
Mem:          3.8G       1.3G       2.5G       5.7M        58M       869M

MemTotal:        4016004 kB
MemFree:         2623152 kB
Active:           421812 kB
Mem:          3.8G       1.3G       2.5G       5.7M        58M       912M

MemTotal:        4016004 kB
MemFree:         2578168 kB
Active:           421812 kB
Mem:          3.8G       1.4G       2.5G       5.7M        58M       955M

MemTotal:        4016004 kB
MemFree:         2533432 kB
Active:           421816 kB
Mem:          3.8G       1.4G       2.4G       5.7M        58M       997M

MemTotal:        4016004 kB
MemFree:         2487704 kB
Active:           421816 kB
Mem:          3.8G       1.5G       2.4G       5.7M        58M       1.0G

MemTotal:        4016004 kB
MemFree:         2441356 kB
Active:           421816 kB
Mem:          3.8G       1.5G       2.3G       5.7M        58M       1.1G

MemTotal:        4016004 kB
MemFree:         2395876 kB
Active:           421824 kB
Mem:          3.8G       1.5G       2.3G       5.7M        58M       1.1G

MemTotal:        4016004 kB
MemFree:         2349884 kB
Active:           421808 kB
Mem:          3.8G       1.6G       2.2G       5.7M        58M       1.1G

MemTotal:        4016004 kB
MemFree:         2305492 kB
Active:           421768 kB
Mem:          3.8G       1.6G       2.2G       5.7M        58M       1.2G

MemTotal:        4016004 kB
MemFree:         2259148 kB
Active:           421824 kB
Mem:          3.8G       1.7G       2.2G       5.7M        58M       1.2G

MemTotal:        4016004 kB
MemFree:         2225600 kB
Active:           421824 kB
Mem:          3.8G       1.7G       2.1G       5.7M        58M       1.3G

MemTotal:        4016004 kB
MemFree:         2223488 kB
Active:           421844 kB
Mem:          3.8G       1.7G       2.1G       5.7M        58M       1.3G

MemTotal:        4016004 kB
MemFree:         2223036 kB
Active:           421856 kB
Mem:          3.8G       1.7G       2.1G       5.7M        58M       1.3G

MemTotal:        4016004 kB
MemFree:         2215656 kB
Active:           421876 kB
Mem:          3.8G       1.7G       2.1G       5.7M        58M       1.3G

MemTotal:        4016004 kB
MemFree:         2170212 kB
Active:           421888 kB
Mem:          3.8G       1.8G       2.1G       5.7M        58M       1.3G

MemTotal:        4016004 kB
MemFree:         2125136 kB
Active:           421868 kB
Mem:          3.8G       1.8G       2.0G       5.7M        58M       1.4G

MemTotal:        4016004 kB
MemFree:         2081640 kB
Active:           421896 kB
Mem:          3.8G       1.8G       2.0G       5.7M        58M       1.4G

MemTotal:        4016004 kB
MemFree:         2035912 kB
Active:           421896 kB
Mem:          3.8G       1.9G       1.9G       5.7M        58M       1.4G

MemTotal:        4016004 kB
MemFree:         1990556 kB
Active:           421896 kB
Mem:          3.8G       1.9G       1.9G       5.7M        58M       1.5G

MemTotal:        4016004 kB
MemFree:         1945184 kB
Active:           421896 kB
Mem:          3.8G       2.0G       1.9G       5.7M        58M       1.5G

MemTotal:        4016004 kB
MemFree:         1898836 kB
Active:           421896 kB
Mem:          3.8G       2.0G       1.8G       5.7M        58M       1.6G

MemTotal:        4016004 kB
MemFree:         1854304 kB
Active:           421900 kB
Mem:          3.8G       2.1G       1.8G       5.7M        58M       1.6G

MemTotal:        4016004 kB
MemFree:         1809228 kB
Active:           421916 kB
Mem:          3.8G       2.1G       1.7G       5.7M        58M       1.7G

MemTotal:        4016004 kB
MemFree:         1766976 kB
Active:           421924 kB
Mem:          3.8G       2.1G       1.7G       5.7M        58M       1.7G

MemTotal:        4016004 kB
MemFree:         1765648 kB
Active:           421940 kB
Mem:          3.8G       2.1G       1.7G       5.7M        58M       1.7G

MemTotal:        4016004 kB
MemFree:         1744440 kB
Active:           421972 kB
Mem:          3.8G       2.2G       1.7G       5.7M        58M       1.7G

MemTotal:        4016004 kB
MemFree:         1698496 kB
Active:           422004 kB
Mem:          3.8G       2.2G       1.6G       5.7M        58M       1.8G

MemTotal:        4016004 kB
MemFree:         1654972 kB
Active:           422004 kB
Mem:          3.8G       2.3G       1.6G       5.7M        58M       1.8G

MemTotal:        4016004 kB
MemFree:         1610736 kB
Active:           421980 kB
Mem:          3.8G       2.3G       1.5G       5.7M        58M       1.8G

MemTotal:        4016004 kB
MemFree:         1564884 kB
Active:           422012 kB
Mem:          3.8G       2.3G       1.5G       5.7M        58M       1.9G

MemTotal:        4016004 kB
MemFree:         1517884 kB
Active:           422012 kB
Mem:          3.8G       2.4G       1.4G       5.7M        58M       1.9G

MemTotal:        4016004 kB
MemFree:         1473272 kB
Active:           422000 kB
Mem:          3.8G       2.4G       1.4G       5.7M        58M       2.0G

MemTotal:        4016004 kB
MemFree:         1428520 kB
Active:           421968 kB
Mem:          3.8G       2.5G       1.4G       5.7M        58M       2.0G

MemTotal:        4016004 kB
MemFree:         1383784 kB
Active:           421996 kB
Mem:          3.8G       2.5G       1.3G       5.7M        58M       2.1G

MemTotal:        4016004 kB
MemFree:         1338476 kB
Active:           422040 kB
Mem:          3.8G       2.6G       1.3G       5.7M        58M       2.1G

MemTotal:        4016004 kB
MemFree:         1295352 kB
Active:           422040 kB
Mem:          3.8G       2.6G       1.2G       5.7M        58M       2.1G

MemTotal:        4016004 kB
MemFree:         1248476 kB
Active:           422048 kB
Mem:          3.8G       2.6G       1.2G       5.7M        58M       2.2G

MemTotal:        4016004 kB
MemFree:         1229208 kB
Active:           422004 kB
Mem:          3.8G       2.7G       1.2G       5.7M        58M       2.2G

MemTotal:        4016004 kB
MemFree:         1226480 kB
Active:           422056 kB
Mem:          3.8G       2.7G       1.2G       5.7M        58M       2.2G

MemTotal:        4016004 kB
MemFree:         1224168 kB
Active:           422092 kB
Mem:          3.8G       2.7G       1.2G       5.7M        58M       2.2G

MemTotal:        4016004 kB
MemFree:         1223020 kB
Active:           422104 kB
Mem:          3.8G       2.7G       1.2G       5.7M        58M       2.2G

MemTotal:        4016004 kB
MemFree:         1179024 kB
Active:           422136 kB
Mem:          3.8G       2.7G       1.1G       5.7M        58M       2.2G

MemTotal:        4016004 kB
MemFree:         1135468 kB
Active:           422120 kB
Mem:          3.8G       2.7G       1.1G       5.7M        58M       2.3G

MemTotal:        4016004 kB
MemFree:         1090484 kB
Active:           422128 kB
Mem:          3.8G       2.8G       1.0G       5.7M        58M       2.3G

MemTotal:        4016004 kB
MemFree:         1045376 kB
Active:           422148 kB
Mem:          3.8G       2.8G       1.0G       5.7M        58M       2.4G

MemTotal:        4016004 kB
MemFree:          998640 kB
Active:           422148 kB
Mem:          3.8G       2.9G       975M       5.7M        58M       2.4G

MemTotal:        4016004 kB
MemFree:          954152 kB
Active:           422164 kB
Mem:          3.8G       2.9G       931M       5.7M        58M       2.5G

MemTotal:        4016004 kB
MemFree:          907664 kB
Active:           422164 kB
Mem:          3.8G       3.0G       886M       5.7M        58M       2.5G

MemTotal:        4016004 kB
MemFree:          861796 kB
Active:           422160 kB
Mem:          3.8G       3.0G       840M       5.7M        58M       2.5G

MemTotal:        4016004 kB
MemFree:          814972 kB
Active:           422148 kB
Mem:          3.8G       3.1G       795M       5.7M        58M       2.6G

MemTotal:        4016004 kB
MemFree:          770268 kB
Active:           422172 kB
Mem:          3.8G       3.1G       751M       5.7M        58M       2.6G

MemTotal:        4016004 kB
MemFree:          724948 kB
Active:           422224 kB
Mem:          3.8G       3.1G       707M       5.7M        58M       2.7G

MemTotal:        4016004 kB
MemFree:          705528 kB
Active:           422224 kB
Mem:          3.8G       3.2G       688M       5.7M        58M       2.7G

MemTotal:        4016004 kB
MemFree:          704048 kB
Active:           422204 kB
Mem:          3.8G       3.2G       687M       5.7M        58M       2.7G

MemTotal:        4016004 kB
MemFree:          662908 kB
Active:           422276 kB
Mem:          3.8G       3.2G       647M       5.7M        58M       2.7G

MemTotal:        4016004 kB
MemFree:          617200 kB
Active:           422276 kB
Mem:          3.8G       3.2G       602M       5.7M        58M       2.8G

MemTotal:        4016004 kB
MemFree:          572608 kB
Active:           422240 kB
Mem:          3.8G       3.3G       558M       5.7M        58M       2.8G

MemTotal:        4016004 kB
MemFree:          525268 kB
Active:           422276 kB
Mem:          3.8G       3.3G       512M       5.7M        58M       2.9G

MemTotal:        4016004 kB
MemFree:          478548 kB
Active:           422284 kB
Mem:          3.8G       3.4G       466M       5.7M        58M       2.9G

MemTotal:        4016004 kB
MemFree:          434308 kB
Active:           422288 kB
Mem:          3.8G       3.4G       423M       5.7M        58M       2.9G

MemTotal:        4016004 kB
MemFree:          389680 kB
Active:           422288 kB
Mem:          3.8G       3.5G       380M       5.7M        58M       3.0G

MemTotal:        4016004 kB
MemFree:          345316 kB
Active:           422296 kB
Mem:          3.8G       3.5G       336M       5.7M        58M       3.0G

MemTotal:        4016004 kB
MemFree:          299244 kB
Active:           422308 kB
Mem:          3.8G       3.5G       292M       5.7M        58M       3.1G

MemTotal:        4016004 kB
MemFree:          251860 kB
Active:           422308 kB
Mem:          3.8G       3.6G       245M       5.7M        58M       3.1G

MemTotal:        4016004 kB
MemFree:          205528 kB
Active:           422308 kB
Mem:          3.8G       3.6G       200M       5.7M        58M       3.2G

MemTotal:        4016004 kB
MemFree:          169220 kB
Active:           422316 kB
Mem:          3.8G       3.7G       165M       5.7M        58M       3.2G

MemTotal:        4016004 kB
MemFree:          147064 kB
Active:           422328 kB
Mem:          3.8G       3.7G       143M       5.7M        58M       3.2G

MemTotal:        4016004 kB
MemFree:          126052 kB
Active:           420684 kB
Mem:          3.8G       3.7G       112M       5.7M        25M       3.3G

MemTotal:        4016004 kB
MemFree:          137936 kB
Active:           481396 kB
Mem:          3.8G       3.7G       145M       5.7M        25M       3.2G

MemTotal:        4016004 kB
MemFree:          126696 kB
Active:           478544 kB
Mem:          3.8G       3.7G       122M       5.7M        25M       3.3G

MemTotal:        4016004 kB
MemFree:          128192 kB
Active:           472924 kB
Mem:          3.8G       3.7G       125M       5.7M        25M       3.3G

MemTotal:        4016004 kB
MemFree:          135416 kB
Active:           466732 kB
Mem:          3.8G       3.7G       132M       5.7M        25M       3.3G

MemTotal:        4016004 kB
MemFree:          128108 kB
Active:           462572 kB
Mem:          3.8G       3.7G       124M       5.7M        25M       3.3G

MemTotal:        4016004 kB
MemFree:          125540 kB
Active:           457964 kB
Mem:          3.8G       3.7G       122M       5.7M        25M       3.3G

MemTotal:        4016004 kB
MemFree:          145896 kB
Active:           451828 kB
Mem:          3.8G       3.7G       141M       5.7M        25M       3.2G

MemTotal:        4016004 kB
MemFree:          105876 kB
Active:           451700 kB
Mem:          3.8G       3.7G       103M       5.7M        25M       3.3G

MemTotal:        4016004 kB
MemFree:          119432 kB
Active:           448256 kB
Mem:          3.8G       3.7G       115M       5.7M        25M       3.3G

MemTotal:        4016004 kB
MemFree:          110068 kB
Active:           442860 kB
Mem:          3.8G       3.7G       107M       5.7M        25M       3.3G

MemTotal:        4016004 kB
MemFree:          120128 kB
Active:           439148 kB
Mem:          3.8G       3.7G       116M       5.7M        25M       3.3G

MemTotal:        4016004 kB
MemFree:          110864 kB
Active:           435876 kB
Mem:          3.8G       3.7G       107M       5.7M        25M       3.3G

MemTotal:        4016004 kB
MemFree:          132704 kB
Active:           433828 kB
Mem:          3.8G       3.7G       129M       5.7M        25M       3.3G

MemTotal:        4016004 kB
MemFree:          119476 kB
Active:           432680 kB
Mem:          3.8G       3.7G       115M       5.7M        25M       3.3G

MemTotal:        4016004 kB
MemFree:          109212 kB
Active:           431532 kB
Mem:          3.8G       3.7G       106M       5.7M        25M       3.3G

MemTotal:        4016004 kB
MemFree:          117672 kB
Active:           429496 kB
Mem:          3.8G       3.7G       114M       5.7M        25M       3.3G

MemTotal:        4016004 kB
MemFree:          118532 kB
Active:           428856 kB
Mem:          3.8G       3.7G       115M       5.7M        25M       3.3G

MemTotal:        4016004 kB
MemFree:          133756 kB
Active:           427088 kB
Mem:          3.8G       3.7G       130M       5.7M        25M       3.3G

MemTotal:        4016004 kB
MemFree:          124340 kB
Active:           423856 kB
Mem:          3.8G       3.7G       121M       5.7M        25M       3.3G

MemTotal:        4016004 kB
MemFree:          133256 kB
Active:           422196 kB
Mem:          3.8G       3.7G       129M       5.7M        25M       3.3G

MemTotal:        4016004 kB
MemFree:          121348 kB
Active:           422204 kB
Mem:          3.8G       3.7G       118M       5.7M        25M       3.3G

MemTotal:        4016004 kB
MemFree:          111732 kB
Active:           421064 kB
Mem:          3.8G       3.7G       109M       5.7M        25M       3.3G

MemTotal:        4016004 kB
MemFree:          134592 kB
Active:           419016 kB
Mem:          3.8G       3.7G       130M       5.7M        25M       3.3G

MemTotal:        4016004 kB
MemFree:          136492 kB
Active:           417096 kB
Mem:          3.8G       3.7G       133M       5.7M        25M       3.3G

MemTotal:        4016004 kB
MemFree:          127056 kB
Active:           415944 kB
Mem:          3.8G       3.7G       123M       5.7M        25M       3.3G

MemTotal:        4016004 kB
MemFree:          129340 kB
Active:           414160 kB
Mem:          3.8G       3.7G       126M       5.7M        25M       3.3G

MemTotal:        4016004 kB
MemFree:          131904 kB
Active:           412368 kB
Mem:          3.8G       3.7G       128M       5.7M        25M       3.3G

MemTotal:        4016004 kB
MemFree:          135612 kB
Active:           410448 kB
Mem:          3.8G       3.7G       132M       5.7M        25M       3.3G

MemTotal:        4016004 kB
MemFree:          111528 kB
Active:           410296 kB
Mem:          3.8G       3.7G       108M       5.7M        25M       3.3G

MemTotal:        4016004 kB
MemFree:          115968 kB
Active:           408540 kB
Mem:          3.8G       3.7G       113M       5.7M        25M       3.3G

MemTotal:        4016004 kB
MemFree:          109036 kB
Active:           405420 kB
Mem:          3.8G       3.7G       105M       5.7M        25M       3.3G

MemTotal:        4016004 kB
MemFree:          129452 kB
Active:           403248 kB
Mem:          3.8G       3.7G       126M       5.7M        25M       3.3G

MemTotal:        4016004 kB
MemFree:          111428 kB
Active:           402352 kB
Mem:          3.8G       3.7G       108M       5.7M        25M       3.3G

MemTotal:        4016004 kB
MemFree:          126256 kB
Active:           400692 kB
Mem:          3.8G       3.7G       123M       5.7M        25M       3.3G

MemTotal:        4016004 kB
MemFree:          123768 kB
Active:           399164 kB
Mem:          3.8G       3.7G       120M       5.7M        25M       3.3G

MemTotal:        4016004 kB
MemFree:          127936 kB
Active:           397632 kB
Mem:          3.8G       3.7G       124M       5.7M        25M       3.3G

MemTotal:        4016004 kB
MemFree:          121488 kB
Active:           396336 kB
Mem:          3.8G       3.7G       118M       5.7M        25M       3.3G

MemTotal:        4016004 kB
MemFree:          125608 kB
Active:           394820 kB
Mem:          3.8G       3.7G       122M       5.7M        25M       3.3G

MemTotal:        4016004 kB
MemFree:          119252 kB
Active:           393540 kB
Mem:          3.8G       3.7G       116M       5.7M        25M       3.3G

MemTotal:        4016004 kB
MemFree:          105984 kB
Active:           390576 kB
Mem:          3.8G       3.7G       102M       5.7M        25M       3.3G

MemTotal:        4016004 kB
MemFree:          126400 kB
Active:           388280 kB
Mem:          3.8G       3.7G       123M       5.7M        25M       3.3G

MemTotal:        4016004 kB
MemFree:          106312 kB
Active:           387640 kB
Mem:          3.8G       3.7G       103M       5.7M        25M       3.3G

MemTotal:        4016004 kB
MemFree:          127508 kB
Active:           385348 kB
Mem:          3.8G       3.7G       124M       5.7M        25M       3.3G

MemTotal:        4016004 kB
MemFree:          111184 kB
Active:           385348 kB
Mem:          3.8G       3.7G       108M       5.7M        25M       3.3G

MemTotal:        4016004 kB
MemFree:          126928 kB
Active:           383696 kB
Mem:          3.8G       3.7G       123M       5.7M        25M       3.3G

MemTotal:        4016004 kB
MemFree:          118284 kB
Active:           382112 kB
Mem:          3.8G       3.7G       115M       5.7M        25M       3.3G

MemTotal:        4016004 kB
MemFree:          111696 kB
Active:           381144 kB
Mem:          3.8G       3.7G       107M       5.7M        25M       3.3G

MemTotal:        4016004 kB
MemFree:          114332 kB
Active:           379228 kB
Mem:          3.8G       3.7G       111M       5.7M        25M       3.3G

MemTotal:        4016004 kB
MemFree:          104824 kB
Active:           377952 kB
Mem:          3.8G       3.7G       102M       5.7M        25M       3.3G

MemTotal:        4016004 kB
MemFree:          129188 kB
Active:           375520 kB
Mem:          3.8G       3.7G       125M       5.7M        25M       3.3G

MemTotal:        4016004 kB
MemFree:          115424 kB
Active:           374376 kB
Mem:          3.8G       3.7G       112M       5.7M        25M       3.3G

MemTotal:        4016004 kB
MemFree:          106260 kB
Active:           373352 kB
Mem:          3.8G       3.7G       103M       5.7M        25M       3.3G

MemTotal:        4016004 kB
MemFree:          128352 kB
Active:           371048 kB
Mem:          3.8G       3.7G       124M       5.7M        25M       3.3G

MemTotal:        4016004 kB
MemFree:          124992 kB
Active:           369644 kB
Mem:          3.8G       3.7G       122M       5.7M        25M       3.3G

MemTotal:        4016004 kB
MemFree:          127304 kB
Active:           368452 kB
Mem:          3.8G       3.7G       135M       5.7M        25M       3.3G

MemTotal:        4016004 kB
MemFree:          124164 kB
Active:           368516 kB
Mem:          3.8G       3.7G       121M       5.7M        25M       3.3G

MemTotal:        4016004 kB
MemFree:          127832 kB
Active:           368528 kB
Mem:          3.8G       3.7G       124M       5.7M        25M       3.3G

MemTotal:        4016004 kB
MemFree:          130728 kB
Active:           368532 kB
Mem:          3.8G       3.7G       127M       5.7M        25M       3.3G

MemTotal:        4016004 kB
MemFree:          132492 kB
Active:           368496 kB
Mem:          3.8G       3.7G       129M       5.7M        25M       3.3G

MemTotal:        4016004 kB
MemFree:          124048 kB
Active:           368512 kB
Mem:          3.8G       3.7G       121M       5.7M        25M       3.3G

MemTotal:        4016004 kB
MemFree:          126460 kB
Active:           368544 kB
Mem:          3.8G       3.7G       123M       5.7M        25M       3.3G

MemTotal:        4016004 kB
MemFree:          132164 kB
Active:           368544 kB
Mem:          3.8G       3.7G       129M       5.7M        25M       3.3G

MemTotal:        4016004 kB
MemFree:          136500 kB
Active:           368536 kB
Mem:          3.8G       3.7G       133M       5.7M        25M       3.3G

MemTotal:        4016004 kB
MemFree:          118500 kB
Active:           368544 kB
Mem:          3.8G       3.7G       115M       5.7M        25M       3.3G

MemTotal:        4016004 kB
MemFree:          109056 kB
Active:           368480 kB
Mem:          3.8G       3.7G       106M       5.7M        25M       3.3G

MemTotal:        4016004 kB
MemFree:          131436 kB
Active:           368504 kB
Mem:          3.8G       3.7G       127M       5.7M        25M       3.3G

MemTotal:        4016004 kB
MemFree:          122288 kB
Active:           368504 kB
Mem:          3.8G       3.7G       119M       5.7M        25M       3.3G

MemTotal:        4016004 kB
MemFree:          127000 kB
Active:           368504 kB
Mem:          3.8G       3.7G       123M       5.7M        25M       3.3G

MemTotal:        4016004 kB
MemFree:          109032 kB
Active:           368516 kB
Mem:          3.8G       3.7G       106M       5.7M        25M       3.3G

MemTotal:        4016004 kB
MemFree:          125036 kB
Active:           368528 kB
Mem:          3.8G       3.7G       122M       5.7M        25M       3.3G

MemTotal:        4016004 kB
MemFree:          123396 kB
Active:           368400 kB
Mem:          3.8G       3.7G       119M       5.7M        25M       3.3G

MemTotal:        4016004 kB
MemFree:          120164 kB
Active:           368400 kB
Mem:          3.8G       3.7G       116M       5.7M        25M       3.3G

MemTotal:        4016004 kB
MemFree:          133468 kB
Active:           368360 kB
Mem:          3.8G       3.7G       129M       5.7M        25M       3.3G

MemTotal:        4016004 kB
MemFree:          124056 kB
Active:           368360 kB
Mem:          3.8G       3.7G       121M       5.7M        25M       3.3G

MemTotal:        4016004 kB
MemFree:          109312 kB
Active:           368368 kB
Mem:          3.8G       3.7G       106M       5.7M        25M       3.3G

MemTotal:        4016004 kB
MemFree:          130604 kB
Active:           368372 kB
Mem:          3.8G       3.7G       127M       5.7M        25M       3.3G

MemTotal:        4016004 kB
MemFree:          123028 kB
Active:           368352 kB
Mem:          3.8G       3.7G       120M       5.7M        25M       3.3G

MemTotal:        4016004 kB
MemFree:          108604 kB
Active:           368372 kB
Mem:          3.8G       3.7G       106M       5.7M        25M       3.3G

MemTotal:        4016004 kB
MemFree:          135144 kB
Active:           368380 kB
Mem:          3.8G       3.7G       131M       5.7M        25M       3.3G

MemTotal:        4016004 kB
MemFree:          116368 kB
Active:           368392 kB
Mem:          3.8G       3.7G       113M       5.7M        25M       3.3G

MemTotal:        4016004 kB
MemFree:          119052 kB
Active:           368400 kB
Mem:          3.8G       3.7G       116M       5.7M        25M       3.3G

MemTotal:        4016004 kB
MemFree:          110392 kB
Active:           368404 kB
Mem:          3.8G       3.7G       107M       5.7M        25M       3.3G

MemTotal:        4016004 kB
MemFree:          113884 kB
Active:           368404 kB
Mem:          3.8G       3.7G       111M       5.7M        25M       3.3G

MemTotal:        4016004 kB
MemFree:          105784 kB
Active:           368404 kB
Mem:          3.8G       3.7G       103M       5.7M        25M       3.3G

MemTotal:        4016004 kB
MemFree:          128252 kB
Active:           368412 kB
Mem:          3.8G       3.7G       124M       5.7M        25M       3.3G

MemTotal:        4016004 kB
MemFree:          125256 kB
Active:           368400 kB
Mem:          3.8G       3.7G       122M       5.7M        25M       3.3G

MemTotal:        4016004 kB
MemFree:          109940 kB
Active:           368396 kB
Mem:          3.8G       3.7G       107M       5.7M        25M       3.3G

MemTotal:        4016004 kB
MemFree:          127248 kB
Active:           368136 kB
Mem:          3.8G       3.7G       124M       5.7M        25M       3.3G

MemTotal:        4016004 kB
MemFree:          115700 kB
Active:           368256 kB
Mem:          3.8G       3.7G       113M       5.7M        25M       3.3G

MemTotal:        4016004 kB
MemFree:          106292 kB
Active:           368080 kB
Mem:          3.8G       3.7G       103M       5.7M        25M       3.3G

MemTotal:        4016004 kB
MemFree:          127908 kB
Active:           368088 kB
Mem:          3.8G       3.7G       124M       5.7M        25M       3.3G

MemTotal:        4016004 kB
MemFree:          127672 kB
Active:           368096 kB
Mem:          3.8G       3.7G       124M       5.7M        25M       3.3G

MemTotal:        4016004 kB
MemFree:          133784 kB
Active:           368100 kB
Mem:          3.8G       3.7G       129M       5.7M        25M       3.3G

MemTotal:        4016004 kB
MemFree:          124524 kB
Active:           368112 kB
Mem:          3.8G       3.7G       121M       5.7M        25M       3.3G

MemTotal:        4016004 kB
MemFree:          125868 kB
Active:           368112 kB
Mem:          3.8G       3.7G       122M       5.7M        25M       3.3G

MemTotal:        4016004 kB
MemFree:          111800 kB
Active:           365956 kB
Mem:          3.8G       3.7G       109M       5.7M        25M       3.3G

MemTotal:        4016004 kB
MemFree:          128888 kB
Active:           365924 kB
Mem:          3.8G       3.7G       125M       5.7M        25M       3.3G

MemTotal:        4016004 kB
MemFree:          120376 kB
Active:           365924 kB
Mem:          3.8G       3.7G       117M       5.7M        25M       3.3G

MemTotal:        4016004 kB
MemFree:          131920 kB
Active:           365924 kB
Mem:          3.8G       3.7G       128M       5.7M        25M       3.3G

MemTotal:        4016004 kB
MemFree:          112892 kB
Active:           365924 kB
Mem:          3.8G       3.7G       110M       5.7M        26M       3.3G

MemTotal:        4016004 kB
MemFree:          107420 kB
Active:           365932 kB
Mem:          3.8G       3.7G       104M       5.7M        26M       3.3G

MemTotal:        4016004 kB
MemFree:          117260 kB
Active:           365936 kB
Mem:          3.8G       3.7G       114M       5.7M        26M       3.3G

MemTotal:        4016004 kB
MemFree:          108368 kB
Active:           365948 kB
Mem:          3.8G       3.7G       105M       5.7M        26M       3.3G

MemTotal:        4016004 kB
MemFree:          125340 kB
Active:           365940 kB
Mem:          3.8G       3.7G       122M       5.7M        26M       3.3G

MemTotal:        4016004 kB
MemFree:          126560 kB
Active:           362540 kB
Mem:          3.8G       3.7G       122M       5.7M        26M       3.3G

MemTotal:        4016004 kB
MemFree:          106288 kB
Active:           362564 kB
Mem:          3.8G       3.7G       103M       5.7M        26M       3.3G

MemTotal:        4016004 kB
MemFree:          129168 kB
Active:           362564 kB
Mem:          3.8G       3.7G       125M       5.7M        26M       3.3G

MemTotal:        4016004 kB
MemFree:          109692 kB
Active:           362564 kB
Mem:          3.8G       3.7G       107M       5.7M        26M       3.3G

MemTotal:        4016004 kB
MemFree:          108604 kB
Active:           362564 kB
Mem:          3.8G       3.7G       105M       5.7M        26M       3.3G

MemTotal:        4016004 kB
MemFree:          128204 kB
Active:           362564 kB
Mem:          3.8G       3.7G       124M       5.7M        26M       3.3G

MemTotal:        4016004 kB
MemFree:          107484 kB
Active:           362572 kB
Mem:          3.8G       3.7G       105M       5.7M        26M       3.3G

MemTotal:        4016004 kB
MemFree:          134360 kB
Active:           362596 kB
Mem:          3.8G       3.7G       130M       5.7M        26M       3.3G

MemTotal:        4016004 kB
MemFree:          147836 kB
Active:           355180 kB
Mem:          3.8G       3.7G       144M       5.7M        26M       3.2G

MemTotal:        4016004 kB
MemFree:          129340 kB
Active:           354944 kB
Mem:          3.8G       3.7G       126M       5.7M        26M       3.3G

MemTotal:        4016004 kB
MemFree:          120256 kB
Active:           354940 kB
Mem:          3.8G       3.7G       117M       5.7M        26M       3.3G

MemTotal:        4016004 kB
MemFree:          124812 kB
Active:           354948 kB
Mem:          3.8G       3.7G       121M       5.7M        26M       3.3G

MemTotal:        4016004 kB
MemFree:          122556 kB
Active:           354948 kB
Mem:          3.8G       3.7G       118M       5.7M        26M       3.3G

MemTotal:        4016004 kB
MemFree:          107580 kB
Active:           354904 kB
Mem:          3.8G       3.7G       105M       5.7M        26M       3.3G

MemTotal:        4016004 kB
MemFree:          130672 kB
Active:           354952 kB
Mem:          3.8G       3.7G       127M       5.7M        26M       3.3G

MemTotal:        4016004 kB
MemFree:          122392 kB
Active:           354956 kB
Mem:          3.8G       3.7G       119M       5.7M        26M       3.3G

MemTotal:        4016004 kB
MemFree:          124652 kB
Active:           354968 kB
Mem:          3.8G       3.7G       120M       5.7M        26M       3.3G

MemTotal:        4016004 kB
MemFree:          134164 kB
Active:           354972 kB
Mem:          3.8G       3.7G       130M       5.7M        26M       3.3G

MemTotal:        4016004 kB
MemFree:          136396 kB
Active:           353712 kB
Mem:          3.8G       3.7G       133M       5.7M        26M       3.2G

MemTotal:        4016004 kB
MemFree:          128020 kB
Active:           353684 kB
Mem:          3.8G       3.7G       125M       5.7M        26M       3.3G

MemTotal:        4016004 kB
MemFree:          133900 kB
Active:           353684 kB
Mem:          3.8G       3.7G       131M       5.7M        26M       3.3G

MemTotal:        4016004 kB
MemFree:          128164 kB
Active:           353708 kB
Mem:          3.8G       3.7G       124M       5.7M        26M       3.3G

MemTotal:        4016004 kB
MemFree:          128380 kB
Active:           353708 kB
Mem:          3.8G       3.7G       125M       5.7M        26M       3.3G

MemTotal:        4016004 kB
MemFree:          121188 kB
Active:           353708 kB
Mem:          3.8G       3.7G       118M       5.7M        26M       3.3G

MemTotal:        4016004 kB
MemFree:          106884 kB
Active:           353708 kB
Mem:          3.8G       3.7G       103M       5.7M        26M       3.3G

MemTotal:        4016004 kB
MemFree:          128376 kB
Active:           353712 kB
Mem:          3.8G       3.7G       125M       5.7M        26M       3.3G

MemTotal:        4016004 kB
MemFree:          114132 kB
Active:           353720 kB
Mem:          3.8G       3.7G       111M       5.7M        26M       3.3G

MemTotal:        4016004 kB
MemFree:          135376 kB
Active:           353720 kB
Mem:          3.8G       3.7G       132M       5.7M        26M       3.3G

MemTotal:        4016004 kB
MemFree:          127548 kB
Active:           353720 kB
Mem:          3.8G       3.7G       124M       5.7M        26M       3.3G

MemTotal:        4016004 kB
MemFree:          106380 kB
Active:           353724 kB
Mem:          3.8G       3.7G       103M       5.7M        26M       3.3G

MemTotal:        4016004 kB
MemFree:          129004 kB
Active:           349292 kB
Mem:          3.8G       3.7G       125M       5.7M        26M       3.3G

MemTotal:        4016004 kB
MemFree:          122692 kB
Active:           349260 kB
Mem:          3.8G       3.7G       119M       5.7M        26M       3.3G

MemTotal:        4016004 kB
MemFree:          115868 kB
Active:           349308 kB
Mem:          3.8G       3.7G       113M       5.7M        26M       3.3G

MemTotal:        4016004 kB
MemFree:          125768 kB
Active:           349288 kB
Mem:          3.8G       3.7G       122M       5.7M        26M       3.3G

MemTotal:        4016004 kB
MemFree:          130568 kB
Active:           349320 kB
Mem:          3.8G       3.7G       127M       5.7M        26M       3.3G

MemTotal:        4016004 kB
MemFree:          130696 kB
Active:           349324 kB
Mem:          3.8G       3.7G       127M       5.7M        26M       3.3G

MemTotal:        4016004 kB
MemFree:          122600 kB
Active:           349324 kB
Mem:          3.8G       3.7G       119M       5.7M        26M       3.3G

MemTotal:        4016004 kB
MemFree:          125960 kB
Active:           349308 kB
Mem:          3.8G       3.7G       123M       5.7M        26M       3.3G

MemTotal:        4016004 kB
MemFree:          106276 kB
Active:           349332 kB
Mem:          3.8G       3.7G       103M       5.7M        26M       3.3G

MemTotal:        4016004 kB
MemFree:          125156 kB
Active:           349332 kB
Mem:          3.8G       3.7G       122M       5.7M        26M       3.3G

MemTotal:        4016004 kB
MemFree:          127328 kB
Active:           349340 kB
Mem:          3.8G       3.7G       123M       5.7M        26M       3.3G

MemTotal:        4016004 kB
MemFree:          125808 kB
Active:           349312 kB
Mem:          3.8G       3.7G       122M       5.7M        26M       3.3G

MemTotal:        4016004 kB
MemFree:          106004 kB
Active:           348104 kB
Mem:          3.8G       3.7G       103M       5.7M        26M       3.3G

MemTotal:        4016004 kB
MemFree:          128336 kB
Active:           347960 kB
Mem:          3.8G       3.7G       124M       5.7M        26M       3.3G

MemTotal:        4016004 kB
MemFree:          129220 kB
Active:           347960 kB
Mem:          3.8G       3.7G       126M       5.7M        26M       3.3G

MemTotal:        4016004 kB
MemFree:          125124 kB
Active:           347976 kB
Mem:          3.8G       3.7G       121M       5.7M        26M       3.3G

MemTotal:        4016004 kB
MemFree:          106696 kB
Active:           347992 kB
Mem:          3.8G       3.7G       104M       5.7M        26M       3.3G

MemTotal:        4016004 kB
MemFree:          109140 kB
Active:           347992 kB
Mem:          3.8G       3.7G       106M       5.7M        26M       3.3G

MemTotal:        4016004 kB
MemFree:          119704 kB
Active:           347992 kB
Mem:          3.8G       3.7G       116M       5.7M        26M       3.3G

MemTotal:        4016004 kB
MemFree:          110892 kB
Active:           347992 kB
Mem:          3.8G       3.7G       108M       5.7M        26M       3.3G

MemTotal:        4016004 kB
MemFree:          127308 kB
Active:           348004 kB
Mem:          3.8G       3.7G       123M       5.7M        26M       3.3G

MemTotal:        4016004 kB
MemFree:          118088 kB
Active:           348004 kB
Mem:          3.8G       3.7G       115M       5.7M        26M       3.3G

MemTotal:        4016004 kB
MemFree:          110628 kB
Active:           348008 kB
Mem:          3.8G       3.7G       107M       5.7M        26M       3.3G

MemTotal:        4016004 kB
MemFree:          113268 kB
Active:           348008 kB
Mem:          3.8G       3.7G       110M       5.7M        26M       3.3G

MemTotal:        4016004 kB
MemFree:          117772 kB
Active:           345136 kB
Mem:          3.8G       3.7G       115M       5.7M        26M       3.3G

MemTotal:        4016004 kB
MemFree:          138064 kB
Active:           345068 kB
Mem:          3.8G       3.7G       134M       5.7M        26M       3.2G

MemTotal:        4016004 kB
MemFree:          119824 kB
Active:           345072 kB
Mem:          3.8G       3.7G       116M       5.7M        26M       3.3G

MemTotal:        4016004 kB
MemFree:          110420 kB
Active:           345088 kB
Mem:          3.8G       3.7G       107M       5.7M        26M       3.3G

MemTotal:        4016004 kB
MemFree:          126316 kB
Active:           345088 kB
Mem:          3.8G       3.7G       123M       5.7M        26M       3.3G

MemTotal:        4016004 kB
MemFree:          123828 kB
Active:           345088 kB
Mem:          3.8G       3.7G       120M       5.7M        26M       3.3G

MemTotal:        4016004 kB
MemFree:          128076 kB
Active:           345052 kB
Mem:          3.8G       3.7G       124M       5.7M        26M       3.3G

MemTotal:        4016004 kB
MemFree:          125852 kB
Active:           345096 kB
Mem:          3.8G       3.7G       122M       5.7M        26M       3.3G

MemTotal:        4016004 kB
MemFree:          106400 kB
Active:           345096 kB
Mem:          3.8G       3.7G       103M       5.7M        26M       3.3G

MemTotal:        4016004 kB
MemFree:          128432 kB
Active:           345040 kB
Mem:          3.8G       3.7G       125M       5.7M        26M       3.3G

MemTotal:        4016004 kB
MemFree:          132264 kB
Active:           345112 kB
Mem:          3.8G       3.7G       129M       5.7M        26M       3.2G

MemTotal:        4016004 kB
MemFree:          118268 kB
Active:           345116 kB
Mem:          3.8G       3.7G       115M       5.7M        26M       3.3G

MemTotal:        4016004 kB
MemFree:          115684 kB
Active:           345092 kB
Mem:          3.8G       3.7G       112M       5.7M        26M       3.3G

MemTotal:        4016004 kB
MemFree:          130512 kB
Active:           345108 kB
Mem:          3.8G       3.7G       127M       5.7M        26M       3.3G

MemTotal:        4016004 kB
MemFree:          127508 kB
Active:           345132 kB
Mem:          3.8G       3.7G       123M       5.7M        26M       3.3G

MemTotal:        4016004 kB
MemFree:          112696 kB
Active:           345084 kB
Mem:          3.8G       3.7G       110M       5.7M        26M       3.3G

MemTotal:        4016004 kB
MemFree:          136120 kB
Active:           343424 kB
Mem:          3.8G       3.7G       132M       5.7M        26M       3.2G

MemTotal:        4016004 kB
MemFree:          126132 kB
Active:           343396 kB
Mem:          3.8G       3.7G       123M       5.7M        26M       3.3G

MemTotal:        4016004 kB
MemFree:          136992 kB
Active:           343444 kB
Mem:          3.8G       3.7G       133M       5.7M        26M       3.2G

MemTotal:        4016004 kB
MemFree:          128428 kB
Active:           343396 kB
Mem:          3.8G       3.7G       125M       5.7M        26M       3.3G

MemTotal:        4016004 kB
MemFree:          119948 kB
Active:           343444 kB
Mem:          3.8G       3.7G       117M       5.7M        26M       3.3G

MemTotal:        4016004 kB
MemFree:          130348 kB
Active:           343444 kB
Mem:          3.8G       3.7G       126M       5.7M        26M       3.3G

MemTotal:        4016004 kB
MemFree:          121444 kB
Active:           343408 kB
Mem:          3.8G       3.7G       118M       5.7M        26M       3.3G

MemTotal:        4016004 kB
MemFree:          116612 kB
Active:           343420 kB
Mem:          3.8G       3.7G       113M       5.7M        26M       3.3G

MemTotal:        4016004 kB
MemFree:          133996 kB
Active:           343472 kB
Mem:          3.8G       3.7G       130M       5.7M        26M       3.2G

MemTotal:        4016004 kB
MemFree:          127868 kB
Active:           343480 kB
Mem:          3.8G       3.7G       124M       5.7M        26M       3.3G

MemTotal:        4016004 kB
MemFree:          136568 kB
Active:           343492 kB
Mem:          3.8G       3.7G       133M       5.7M        26M       3.2G

MemTotal:        4016004 kB
MemFree:          124264 kB
Active:           343440 kB
Mem:          3.8G       3.7G       121M       5.7M        26M       3.3G

MemTotal:        4016004 kB
MemFree:          127080 kB
Active:           343500 kB
Mem:          3.8G       3.7G       123M       5.7M        26M       3.3G

MemTotal:        4016004 kB
MemFree:          125688 kB
Active:           343508 kB
Mem:          3.8G       3.7G       122M       5.7M        26M       3.3G

MemTotal:        4016004 kB
MemFree:          105448 kB
Active:           343500 kB
Mem:          3.8G       3.7G       102M       5.7M        26M       3.3G

MemTotal:        4016004 kB
MemFree:          124044 kB
Active:           342904 kB
Mem:          3.8G       3.7G       120M       5.7M        26M       3.3G

MemTotal:        4016004 kB
MemFree:          104956 kB
Active:           342904 kB
Mem:          3.8G       3.7G       105M       5.7M        26M       3.3G

MemTotal:        4016004 kB
MemFree:          127476 kB
Active:           342908 kB
Mem:          3.8G       3.7G       124M       5.7M        26M       3.3G

MemTotal:        4016004 kB
MemFree:          112760 kB
Active:           342940 kB
Mem:          3.8G       3.7G       109M       5.7M        26M       3.3G

MemTotal:        4016004 kB
MemFree:          126648 kB
Active:           342720 kB
Mem:          3.8G       3.7G       123M       5.7M        26M       3.3G

MemTotal:        4016004 kB
MemFree:          127024 kB
Active:           342688 kB
Mem:          3.8G       3.7G       123M       5.7M        26M       3.3G

MemTotal:        4016004 kB
MemFree:          127340 kB
Active:           342712 kB
Mem:          3.8G       3.7G       124M       5.7M        26M       3.3G

MemTotal:        4016004 kB
MemFree:          127712 kB
Active:           342684 kB
Mem:          3.8G       3.7G       124M       5.7M        26M       3.3G

MemTotal:        4016004 kB
MemFree:          127340 kB
Active:           342712 kB
Mem:          3.8G       3.7G       124M       5.7M        26M       3.3G

MemTotal:        4016004 kB
MemFree:          127712 kB
Active:           342728 kB
Mem:          3.8G       3.7G       124M       5.7M        26M       3.3G

MemTotal:        4016004 kB
MemFree:          127836 kB
Active:           342708 kB
Mem:          3.8G       3.7G       124M       5.7M        26M       3.3G

MemTotal:        4016004 kB
MemFree:          127340 kB
Active:           342732 kB
Mem:          3.8G       3.7G       124M       5.7M        26M       3.3G

MemTotal:        4016004 kB
MemFree:          127836 kB
Active:           342728 kB
Mem:          3.8G       3.7G       124M       5.7M        26M       3.3G

MemTotal:        4016004 kB
MemFree:          127712 kB
Active:           342688 kB
Mem:          3.8G       3.7G       124M       5.7M        26M       3.3G

MemTotal:        4016004 kB
MemFree:          127836 kB
Active:           342716 kB
Mem:          3.8G       3.7G       124M       5.7M        26M       3.3G

MemTotal:        4016004 kB
MemFree:          127588 kB
Active:           342732 kB
Mem:          3.8G       3.7G       124M       5.7M        26M       3.3G

MemTotal:        4016004 kB
MemFree:          127836 kB
Active:           342712 kB
Mem:          3.8G       3.7G       124M       5.7M        26M       3.3G

MemTotal:        4016004 kB
MemFree:          127960 kB
Active:           342684 kB
Mem:          3.8G       3.7G       124M       5.7M        26M       3.3G

MemTotal:        4016004 kB
MemFree:          127340 kB
Active:           342732 kB
Mem:          3.8G       3.7G       124M       5.7M        26M       3.3G

MemTotal:        4016004 kB
MemFree:          127712 kB
Active:           342708 kB
Mem:          3.8G       3.7G       124M       5.7M        26M       3.3G

MemTotal:        4016004 kB
MemFree:          127092 kB
Active:           342732 kB
Mem:          3.8G       3.7G       123M       5.7M        26M       3.3G

MemTotal:        4016004 kB
MemFree:          126704 kB
Active:           342732 kB
Mem:          3.8G       3.7G       123M       5.7M        26M       3.3G

MemTotal:        4016004 kB
MemFree:          126844 kB
Active:           342724 kB
Mem:          3.8G       3.7G       123M       5.7M        26M       3.3G

MemTotal:        4016004 kB
MemFree:          127464 kB
Active:           342700 kB
Mem:          3.8G       3.7G       124M       5.7M        26M       3.3G

MemTotal:        4016004 kB
MemFree:          127340 kB
Active:           342712 kB
Mem:          3.8G       3.7G       124M       5.7M        26M       3.3G

MemTotal:        4016004 kB
MemFree:          127340 kB
Active:           342712 kB
Mem:          3.8G       3.7G       124M       5.7M        26M       3.3G

MemTotal:        4016004 kB
MemFree:          127464 kB
Active:           342724 kB
Mem:          3.8G       3.7G       124M       5.7M        26M       3.3G

MemTotal:        4016004 kB
MemFree:          126968 kB
Active:           342736 kB
Mem:          3.8G       3.7G       124M       5.7M        26M       3.3G

MemTotal:        4016004 kB
MemFree:          127340 kB
Active:           342732 kB
Mem:          3.8G       3.7G       124M       5.7M        26M       3.3G

MemTotal:        4016004 kB
MemFree:          127216 kB
Active:           342700 kB
Mem:          3.8G       3.7G       124M       5.7M        26M       3.3G

MemTotal:        4016004 kB
MemFree:          126968 kB
Active:           342700 kB
Mem:          3.8G       3.7G       123M       5.7M        26M       3.3G

MemTotal:        4016004 kB
MemFree:          126472 kB
Active:           342732 kB
Mem:          3.8G       3.7G       123M       5.7M        26M       3.3G

MemTotal:        4016004 kB
MemFree:          126720 kB
Active:           342728 kB
Mem:          3.8G       3.7G       123M       5.7M        26M       3.3G

MemTotal:        4016004 kB
MemFree:          126720 kB
Active:           342736 kB
Mem:          3.8G       3.7G       123M       5.7M        26M       3.3G

MemTotal:        4016004 kB
MemFree:          126720 kB
Active:           342752 kB
Mem:          3.8G       3.7G       123M       5.7M        26M       3.3G

MemTotal:        4016004 kB
MemFree:          126720 kB
Active:           342756 kB
Mem:          3.8G       3.7G       123M       5.7M        26M       3.3G

MemTotal:        4016004 kB
MemFree:          126596 kB
Active:           342748 kB
Mem:          3.8G       3.7G       123M       5.7M        26M       3.3G

MemTotal:        4016004 kB
MemFree:          127216 kB
Active:           342728 kB
Mem:          3.8G       3.7G       124M       5.7M        26M       3.3G

MemTotal:        4016004 kB
MemFree:          127216 kB
Active:           342756 kB
Mem:          3.8G       3.7G       124M       5.7M        26M       3.3G

MemTotal:        4016004 kB
MemFree:          127216 kB
Active:           342724 kB
Mem:          3.8G       3.7G       124M       5.7M        26M       3.3G

MemTotal:        4016004 kB
MemFree:          127216 kB
Active:           342732 kB
Mem:          3.8G       3.7G       124M       5.7M        26M       3.3G

MemTotal:        4016004 kB
MemFree:          126844 kB
Active:           342772 kB
Mem:          3.8G       3.7G       124M       5.7M        26M       3.3G

MemTotal:        4016004 kB
MemFree:          126844 kB
Active:           342772 kB
Mem:          3.8G       3.7G       123M       5.7M        26M       3.3G

MemTotal:        4016004 kB
MemFree:          127216 kB
Active:           342748 kB
Mem:          3.8G       3.7G       124M       5.7M        26M       3.3G

MemTotal:        4016004 kB
MemFree:          127340 kB
Active:           342748 kB
Mem:          3.8G       3.7G       124M       5.7M        26M       3.3G

MemTotal:        4016004 kB
MemFree:          127216 kB
Active:           342748 kB
Mem:          3.8G       3.7G       124M       5.7M        26M       3.3G

MemTotal:        4016004 kB
MemFree:          126968 kB
Active:           342784 kB
Mem:          3.8G       3.7G       123M       5.7M        26M       3.3G

MemTotal:        4016004 kB
MemFree:          127340 kB
Active:           342732 kB
Mem:          3.8G       3.7G       124M       5.7M        26M       3.3G

MemTotal:        4016004 kB
MemFree:          127464 kB
Active:           342776 kB
Mem:          3.8G       3.7G       124M       5.7M        26M       3.3G

MemTotal:        4016004 kB
MemFree:          127092 kB
Active:           342792 kB
Mem:          3.8G       3.7G       124M       5.7M        26M       3.3G

MemTotal:        4016004 kB
MemFree:          127464 kB
Active:           342748 kB
Mem:          3.8G       3.7G       124M       5.7M        26M       3.3G

MemTotal:        4016004 kB
MemFree:          127464 kB
Active:           342784 kB
Mem:          3.8G       3.7G       124M       5.7M        26M       3.3G

MemTotal:        4016004 kB
MemFree:          127092 kB
Active:           342796 kB
Mem:          3.8G       3.7G       124M       5.7M        26M       3.3G

MemTotal:        4016004 kB
MemFree:          127340 kB
Active:           342780 kB
Mem:          3.8G       3.7G       124M       5.7M        26M       3.3G

MemTotal:        4016004 kB
MemFree:          127340 kB
Active:           342764 kB
Mem:          3.8G       3.7G       124M       5.7M        26M       3.3G

MemTotal:        4016004 kB
MemFree:          127340 kB
Active:           342796 kB
