MemTotal:        4016004 kB
MemFree:         3233992 kB
Active:           427084 kB
Mem:          3.8G       763M       3.1G       5.7M        55M       319M

MemTotal:        4016004 kB
MemFree:         3232808 kB
Active:           428100 kB
Mem:          3.8G       764M       3.1G       5.7M        55M       320M

MemTotal:        4016004 kB
MemFree:         3232576 kB
Active:           428208 kB
Mem:          3.8G       765M       3.1G       5.7M        55M       320M

MemTotal:        4016004 kB
MemFree:         3231940 kB
Active:           428260 kB
Mem:          3.8G       765M       3.1G       5.7M        55M       320M

MemTotal:        4016004 kB
MemFree:         3231924 kB
Active:           428264 kB
Mem:          3.8G       765M       3.1G       5.7M        55M       320M

MemTotal:        4016004 kB
MemFree:         3232156 kB
Active:           428256 kB
Mem:          3.8G       765M       3.1G       5.7M        55M       320M

MemTotal:        4016004 kB
MemFree:         3232884 kB
Active:           428236 kB
Mem:          3.8G       764M       3.1G       5.7M        55M       320M

MemTotal:        4016004 kB
MemFree:         3232260 kB
Active:           426372 kB
Mem:          3.8G       765M       3.1G       5.7M        55M       320M

MemTotal:        4016004 kB
MemFree:         3231948 kB
Active:           428284 kB
Mem:          3.8G       765M       3.1G       5.7M        55M       320M

MemTotal:        4016004 kB
MemFree:         3232320 kB
Active:           428280 kB
Mem:          3.8G       765M       3.1G       5.7M        55M       320M

MemTotal:        4016004 kB
MemFree:         3231948 kB
Active:           428284 kB
Mem:          3.8G       765M       3.1G       5.7M        55M       320M

MemTotal:        4016004 kB
MemFree:         3232320 kB
Active:           428252 kB
Mem:          3.8G       765M       3.1G       5.7M        55M       320M

MemTotal:        4016004 kB
MemFree:         3232196 kB
Active:           428288 kB
Mem:          3.8G       765M       3.1G       5.7M        55M       320M

MemTotal:        4016004 kB
MemFree:         3232320 kB
Active:           428252 kB
Mem:          3.8G       765M       3.1G       5.7M        55M       320M

MemTotal:        4016004 kB
MemFree:         3232568 kB
Active:           428236 kB
Mem:          3.8G       765M       3.1G       5.7M        55M       320M

MemTotal:        4016004 kB
MemFree:         3232692 kB
Active:           428264 kB
Mem:          3.8G       765M       3.1G       5.7M        55M       320M

MemTotal:        4016004 kB
MemFree:         3232692 kB
Active:           428256 kB
Mem:          3.8G       765M       3.1G       5.7M        55M       320M

MemTotal:        4016004 kB
MemFree:         3232336 kB
Active:           428292 kB
Mem:          3.8G       765M       3.1G       5.7M        55M       320M

MemTotal:        4016004 kB
MemFree:         3232556 kB
Active:           428256 kB
Mem:          3.8G       765M       3.1G       5.7M        55M       320M

MemTotal:        4016004 kB
MemFree:         3232804 kB
Active:           428284 kB
Mem:          3.8G       764M       3.1G       5.7M        55M       320M

MemTotal:        4016004 kB
MemFree:         3232788 kB
Active:           428292 kB
Mem:          3.8G       764M       3.1G       5.7M        55M       320M

MemTotal:        4016004 kB
MemFree:         3232276 kB
Active:           428304 kB
Mem:          3.8G       765M       3.1G       5.7M        55M       320M

MemTotal:        4016004 kB
MemFree:         3232508 kB
Active:           428284 kB
Mem:          3.8G       765M       3.1G       5.7M        55M       320M

MemTotal:        4016004 kB
MemFree:         3232492 kB
Active:           428264 kB
Mem:          3.8G       765M       3.1G       5.7M        55M       320M

MemTotal:        4016004 kB
MemFree:         3232724 kB
Active:           428252 kB
Mem:          3.8G       765M       3.1G       5.7M        55M       320M

MemTotal:        4016004 kB
MemFree:         3232724 kB
Active:           428292 kB
Mem:          3.8G       765M       3.1G       5.7M        55M       320M

MemTotal:        4016004 kB
MemFree:         3232724 kB
Active:           428288 kB
Mem:          3.8G       765M       3.1G       5.7M        55M       320M

MemTotal:        4016004 kB
MemFree:         3232524 kB
Active:           426316 kB
Mem:          3.8G       765M       3.1G       5.7M        55M       320M

MemTotal:        4016004 kB
MemFree:         3232284 kB
Active:           428312 kB
Mem:          3.8G       765M       3.1G       5.7M        55M       320M

MemTotal:        4016004 kB
MemFree:         3232284 kB
Active:           428312 kB
Mem:          3.8G       765M       3.1G       5.7M        55M       320M

MemTotal:        4016004 kB
MemFree:         3232780 kB
Active:           428268 kB
Mem:          3.8G       764M       3.1G       5.7M        55M       320M

MemTotal:        4016004 kB
MemFree:         3232656 kB
Active:           428308 kB
Mem:          3.8G       764M       3.1G       5.7M        55M       320M

MemTotal:        4016004 kB
MemFree:         3232780 kB
Active:           428256 kB
Mem:          3.8G       765M       3.1G       5.7M        55M       320M

MemTotal:        4016004 kB
MemFree:         3232860 kB
Active:           428300 kB
Mem:          3.8G       764M       3.1G       5.7M        55M       320M

MemTotal:        4016004 kB
MemFree:         3232860 kB
Active:           428292 kB
Mem:          3.8G       764M       3.1G       5.7M        55M       320M

MemTotal:        4016004 kB
MemFree:         3232736 kB
Active:           428288 kB
Mem:          3.8G       765M       3.1G       5.7M        55M       320M

MemTotal:        4016004 kB
MemFree:         3232596 kB
Active:           428328 kB
Mem:          3.8G       765M       3.1G       5.7M        55M       320M

MemTotal:        4016004 kB
MemFree:         3232580 kB
Active:           428304 kB
Mem:          3.8G       765M       3.1G       5.7M        55M       320M

MemTotal:        4016004 kB
MemFree:         3232440 kB
Active:           428328 kB
Mem:          3.8G       764M       3.1G       5.7M        55M       320M

MemTotal:        4016004 kB
MemFree:         3232672 kB
Active:           428328 kB
Mem:          3.8G       764M       3.1G       5.7M        55M       320M

MemTotal:        4016004 kB
MemFree:         3232532 kB
Active:           428312 kB
Mem:          3.8G       765M       3.1G       5.7M        55M       320M

MemTotal:        4016004 kB
MemFree:         3232408 kB
Active:           428336 kB
Mem:          3.8G       765M       3.1G       5.7M        55M       320M

MemTotal:        4016004 kB
MemFree:         3232656 kB
Active:           428316 kB
Mem:          3.8G       764M       3.1G       5.7M        55M       320M

MemTotal:        4016004 kB
MemFree:         3232780 kB
Active:           428332 kB
Mem:          3.8G       764M       3.1G       5.7M        55M       320M

MemTotal:        4016004 kB
MemFree:         3232780 kB
Active:           428308 kB
Mem:          3.8G       764M       3.1G       5.7M        55M       320M

MemTotal:        4016004 kB
MemFree:         3232408 kB
Active:           428340 kB
Mem:          3.8G       764M       3.1G       5.7M        55M       320M

MemTotal:        4016004 kB
MemFree:         3232284 kB
Active:           428340 kB
Mem:          3.8G       765M       3.1G       5.7M        55M       320M

MemTotal:        4016004 kB
MemFree:         3232756 kB
Active:           426404 kB
Mem:          3.8G       764M       3.1G       5.7M        55M       320M

MemTotal:        4016004 kB
MemFree:         3232840 kB
Active:           428344 kB
Mem:          3.8G       764M       3.1G       5.7M        55M       320M

MemTotal:        4016004 kB
MemFree:         3232532 kB
Active:           428360 kB
Mem:          3.8G       765M       3.1G       5.7M        55M       320M

MemTotal:        4016004 kB
MemFree:         3232904 kB
Active:           428324 kB
Mem:          3.8G       764M       3.1G       5.7M        55M       320M

MemTotal:        4016004 kB
MemFree:         3232904 kB
Active:           428348 kB
Mem:          3.8G       765M       3.1G       5.7M        55M       320M

MemTotal:        4016004 kB
MemFree:         3232408 kB
Active:           428380 kB
Mem:          3.8G       765M       3.1G       5.7M        55M       320M

MemTotal:        4016004 kB
MemFree:         3232160 kB
Active:           428380 kB
Mem:          3.8G       765M       3.1G       5.7M        55M       320M

MemTotal:        4016004 kB
MemFree:         3232128 kB
Active:           428364 kB
Mem:          3.8G       765M       3.1G       5.7M        55M       320M

MemTotal:        4016004 kB
MemFree:         3231988 kB
Active:           428384 kB
Mem:          3.8G       765M       3.1G       5.7M        55M       320M

MemTotal:        4016004 kB
MemFree:         3232236 kB
Active:           428344 kB
Mem:          3.8G       765M       3.1G       5.7M        55M       320M

MemTotal:        4016004 kB
MemFree:         3230296 kB
Active:           428336 kB
Mem:          3.8G       767M       3.1G       5.7M        55M       320M

MemTotal:        4016004 kB
MemFree:         3230312 kB
Active:           430400 kB
Mem:          3.8G       767M       3.1G       5.7M        55M       320M

MemTotal:        4016004 kB
MemFree:         3229940 kB
Active:           430384 kB
Mem:          3.8G       767M       3.1G       5.7M        55M       320M

MemTotal:        4016004 kB
MemFree:         3229940 kB
Active:           430420 kB
Mem:          3.8G       767M       3.1G       5.7M        55M       320M

MemTotal:        4016004 kB
MemFree:         3230436 kB
Active:           430408 kB
Mem:          3.8G       767M       3.1G       5.7M        55M       320M

MemTotal:        4016004 kB
MemFree:         3230064 kB
Active:           430420 kB
Mem:          3.8G       767M       3.1G       5.7M        55M       320M

MemTotal:        4016004 kB
MemFree:         3230064 kB
Active:           430388 kB
Mem:          3.8G       767M       3.1G       5.7M        55M       320M

MemTotal:        4016004 kB
MemFree:         3230312 kB
Active:           430376 kB
Mem:          3.8G       767M       3.1G       5.7M        55M       320M

MemTotal:        4016004 kB
MemFree:         3230188 kB
Active:           430396 kB
Mem:          3.8G       767M       3.1G       5.7M        55M       320M

MemTotal:        4016004 kB
MemFree:         3229924 kB
Active:           430428 kB
Mem:          3.8G       767M       3.1G       5.7M        55M       320M

MemTotal:        4016004 kB
MemFree:         3229960 kB
Active:           428532 kB
Mem:          3.8G       767M       3.1G       5.7M        55M       320M

MemTotal:        4016004 kB
MemFree:         3230304 kB
Active:           430496 kB
Mem:          3.8G       767M       3.1G       5.7M        55M       320M

MemTotal:        4016004 kB
MemFree:         3230428 kB
Active:           430472 kB
Mem:          3.8G       767M       3.1G       5.7M        55M       320M

MemTotal:        4016004 kB
MemFree:         3230304 kB
Active:           430508 kB
Mem:          3.8G       767M       3.1G       5.7M        55M       320M

MemTotal:        4016004 kB
MemFree:         3229916 kB
Active:           430532 kB
Mem:          3.8G       767M       3.1G       5.7M        55M       320M

MemTotal:        4016004 kB
MemFree:         3230288 kB
Active:           430496 kB
Mem:          3.8G       767M       3.1G       5.7M        55M       320M

MemTotal:        4016004 kB
MemFree:         3230628 kB
Active:           430484 kB
Mem:          3.8G       767M       3.1G       5.7M        55M       320M

MemTotal:        4016004 kB
MemFree:         3230116 kB
Active:           430532 kB
Mem:          3.8G       767M       3.1G       5.7M        55M       320M

MemTotal:        4016004 kB
MemFree:         3229976 kB
Active:           430532 kB
Mem:          3.8G       767M       3.1G       5.7M        55M       320M

MemTotal:        4016004 kB
MemFree:         3230100 kB
Active:           430488 kB
Mem:          3.8G       767M       3.1G       5.7M        55M       320M

MemTotal:        4016004 kB
MemFree:         3228168 kB
Active:           430552 kB
Mem:          3.8G       769M       3.1G       5.7M        55M       320M

MemTotal:        4016004 kB
MemFree:         3228788 kB
Active:           432516 kB
Mem:          3.8G       769M       3.1G       5.7M        55M       320M

MemTotal:        4016004 kB
MemFree:         3228292 kB
Active:           432520 kB
Mem:          3.8G       769M       3.1G       5.7M        55M       320M

MemTotal:        4016004 kB
MemFree:         3227796 kB
Active:           432564 kB
Mem:          3.8G       769M       3.1G       5.7M        55M       320M

MemTotal:        4016004 kB
MemFree:         3228044 kB
Active:           432548 kB
Mem:          3.8G       769M       3.1G       5.7M        55M       320M

MemTotal:        4016004 kB
MemFree:         3228168 kB
Active:           432524 kB
Mem:          3.8G       769M       3.1G       5.7M        55M       320M

MemTotal:        4016004 kB
MemFree:         3227796 kB
Active:           432584 kB
Mem:          3.8G       769M       3.1G       5.7M        55M       320M

MemTotal:        4016004 kB
MemFree:         3227920 kB
Active:           432572 kB
Mem:          3.8G       769M       3.1G       5.7M        55M       320M

MemTotal:        4016004 kB
MemFree:         3227752 kB
Active:           432584 kB
Mem:          3.8G       769M       3.1G       5.7M        55M       320M

MemTotal:        4016004 kB
MemFree:         3228248 kB
Active:           432580 kB
Mem:          3.8G       769M       3.1G       5.7M        55M       320M

MemTotal:        4016004 kB
MemFree:         3228248 kB
Active:           432568 kB
Mem:          3.8G       769M       3.1G       5.7M        55M       320M

MemTotal:        4016004 kB
MemFree:         3228604 kB
Active:           432576 kB
Mem:          3.8G       768M       3.1G       5.7M        55M       320M

MemTotal:        4016004 kB
MemFree:         3228588 kB
Active:           432580 kB
Mem:          3.8G       769M       3.1G       5.7M        55M       320M

MemTotal:        4016004 kB
MemFree:         3228696 kB
Active:           432580 kB
Mem:          3.8G       768M       3.1G       5.7M        55M       320M

MemTotal:        4016004 kB
MemFree:         3228556 kB
Active:           432564 kB
Mem:          3.8G       768M       3.1G       5.7M        55M       320M

MemTotal:        4016004 kB
MemFree:         3228664 kB
Active:           432540 kB
Mem:          3.8G       769M       3.1G       5.7M        55M       320M

MemTotal:        4016004 kB
MemFree:         3228556 kB
Active:           432580 kB
Mem:          3.8G       768M       3.1G       5.7M        55M       320M

MemTotal:        4016004 kB
MemFree:         3228184 kB
Active:           432592 kB
Mem:          3.8G       769M       3.1G       5.7M        55M       320M

MemTotal:        4016004 kB
MemFree:         3228432 kB
Active:           432548 kB
Mem:          3.8G       769M       3.1G       5.7M        55M       320M

MemTotal:        4016004 kB
MemFree:         3228556 kB
Active:           432552 kB
Mem:          3.8G       769M       3.1G       5.7M        55M       320M

MemTotal:        4016004 kB
MemFree:         3228432 kB
Active:           432588 kB
Mem:          3.8G       769M       3.1G       5.7M        55M       320M

MemTotal:        4016004 kB
MemFree:         3227936 kB
Active:           432604 kB
Mem:          3.8G       769M       3.1G       5.7M        55M       320M

MemTotal:        4016004 kB
MemFree:         3228184 kB
Active:           432564 kB
Mem:          3.8G       769M       3.1G       5.7M        55M       320M

MemTotal:        4016004 kB
MemFree:         3227920 kB
Active:           432744 kB
Mem:          3.8G       769M       3.1G       5.7M        55M       320M

MemTotal:        4016004 kB
MemFree:         3122212 kB
Active:           433880 kB
Mem:          3.8G       873M       3.0G       5.7M        55M       421M

MemTotal:        4016004 kB
MemFree:         3019192 kB
Active:           433952 kB
Mem:          3.8G       975M       2.9G       5.7M        55M       522M

MemTotal:        4016004 kB
MemFree:         2901492 kB
Active:           433936 kB
Mem:          3.8G       1.1G       2.8G       5.7M        55M       637M

MemTotal:        4016004 kB
MemFree:         2788396 kB
Active:           433964 kB
Mem:          3.8G       1.2G       2.7G       5.7M        55M       744M

MemTotal:        4016004 kB
MemFree:         2658544 kB
Active:           434004 kB
Mem:          3.8G       1.3G       2.5G       5.7M        55M       869M

MemTotal:        4016004 kB
MemFree:         2554500 kB
Active:           434004 kB
Mem:          3.8G       1.4G       2.4G       5.7M        55M       966M

MemTotal:        4016004 kB
MemFree:         2546632 kB
Active:           432064 kB
Mem:          3.8G       1.4G       2.4G       5.7M        55M       973M

MemTotal:        4016004 kB
MemFree:         2544636 kB
Active:           434044 kB
Mem:          3.8G       1.4G       2.4G       5.7M        55M       975M

MemTotal:        4016004 kB
MemFree:         2541552 kB
Active:           434076 kB
Mem:          3.8G       1.4G       2.4G       5.7M        55M       978M

MemTotal:        4016004 kB
MemFree:         2538796 kB
Active:           434060 kB
Mem:          3.8G       1.4G       2.4G       5.7M        55M       981M

MemTotal:        4016004 kB
MemFree:         2533112 kB
Active:           434076 kB
Mem:          3.8G       1.4G       2.4G       5.7M        55M       987M

MemTotal:        4016004 kB
MemFree:         2427972 kB
Active:           434088 kB
Mem:          3.8G       1.5G       2.3G       5.7M        55M       1.1G

MemTotal:        4016004 kB
MemFree:         2300228 kB
Active:           434080 kB
Mem:          3.8G       1.6G       2.2G       5.7M        55M       1.2G

MemTotal:        4016004 kB
MemFree:         2171584 kB
Active:           434092 kB
Mem:          3.8G       1.8G       2.1G       5.7M        55M       1.3G

MemTotal:        4016004 kB
MemFree:         2119484 kB
Active:           434092 kB
Mem:          3.8G       1.8G       2.0G       5.7M        55M       1.4G

MemTotal:        4016004 kB
MemFree:         2117420 kB
Active:           434104 kB
Mem:          3.8G       1.8G       2.0G       5.7M        55M       1.4G

MemTotal:        4016004 kB
MemFree:         2108908 kB
Active:           434112 kB
Mem:          3.8G       1.8G       2.0G       5.7M        55M       1.4G

MemTotal:        4016004 kB
MemFree:         2105776 kB
Active:           434124 kB
Mem:          3.8G       1.8G       2.0G       5.7M        55M       1.4G

MemTotal:        4016004 kB
MemFree:         2102536 kB
Active:           434164 kB
Mem:          3.8G       1.8G       2.0G       5.7M        55M       1.4G

MemTotal:        4016004 kB
MemFree:         2097464 kB
Active:           434164 kB
Mem:          3.8G       1.8G       2.0G       5.7M        55M       1.4G

MemTotal:        4016004 kB
MemFree:         2094048 kB
Active:           434136 kB
Mem:          3.8G       1.8G       2.0G       5.7M        55M       1.4G

MemTotal:        4016004 kB
MemFree:         2074344 kB
Active:           434132 kB
Mem:          3.8G       1.9G       2.0G       5.7M        55M       1.4G

MemTotal:        4016004 kB
MemFree:         1950532 kB
Active:           434140 kB
Mem:          3.8G       2.0G       1.9G       5.7M        55M       1.5G

MemTotal:        4016004 kB
MemFree:         1939252 kB
Active:           434156 kB
Mem:          3.8G       2.0G       1.8G       5.7M        55M       1.5G

MemTotal:        4016004 kB
MemFree:         1936200 kB
Active:           434180 kB
Mem:          3.8G       2.0G       1.8G       5.7M        55M       1.5G

MemTotal:        4016004 kB
MemFree:         1932484 kB
Active:           434164 kB
Mem:          3.8G       2.0G       1.8G       5.7M        55M       1.5G

MemTotal:        4016004 kB
MemFree:         1829588 kB
Active:           434228 kB
Mem:          3.8G       2.1G       1.7G       5.7M        55M       1.6G

MemTotal:        4016004 kB
MemFree:         1722948 kB
Active:           434200 kB
Mem:          3.8G       2.2G       1.6G       5.7M        55M       1.7G

MemTotal:        4016004 kB
MemFree:         1691312 kB
Active:           434212 kB
Mem:          3.8G       2.2G       1.6G       5.7M        55M       1.8G

MemTotal:        4016004 kB
MemFree:         1632616 kB
Active:           434216 kB
Mem:          3.8G       2.3G       1.6G       5.7M        55M       1.8G

MemTotal:        4016004 kB
MemFree:         1599316 kB
Active:           434216 kB
Mem:          3.8G       2.3G       1.5G       5.7M        55M       1.8G

MemTotal:        4016004 kB
MemFree:         1596408 kB
Active:           434216 kB
Mem:          3.8G       2.3G       1.5G       5.7M        55M       1.8G

MemTotal:        4016004 kB
MemFree:         1504720 kB
Active:           434224 kB
Mem:          3.8G       2.4G       1.4G       5.7M        55M       1.9G

MemTotal:        4016004 kB
MemFree:         1494712 kB
Active:           434228 kB
Mem:          3.8G       2.4G       1.4G       5.7M        55M       1.9G

MemTotal:        4016004 kB
MemFree:         1491668 kB
Active:           434240 kB
Mem:          3.8G       2.4G       1.4G       5.7M        55M       1.9G

MemTotal:        4016004 kB
MemFree:         1488632 kB
Active:           434248 kB
Mem:          3.8G       2.4G       1.4G       5.7M        55M       1.9G

MemTotal:        4016004 kB
MemFree:         1484248 kB
Active:           432244 kB
Mem:          3.8G       2.4G       1.4G       5.7M        55M       1.9G

MemTotal:        4016004 kB
MemFree:         1445220 kB
Active:           434260 kB
Mem:          3.8G       2.5G       1.4G       5.7M        55M       2.0G

MemTotal:        4016004 kB
MemFree:         1317244 kB
Active:           434240 kB
Mem:          3.8G       2.6G       1.3G       5.7M        55M       2.1G

MemTotal:        4016004 kB
MemFree:         1194336 kB
Active:           434220 kB
Mem:          3.8G       2.7G       1.1G       5.7M        55M       2.2G

MemTotal:        4016004 kB
MemFree:         1077736 kB
Active:           434260 kB
Mem:          3.8G       2.8G       1.0G       5.7M        55M       2.3G

MemTotal:        4016004 kB
MemFree:          957992 kB
Active:           434276 kB
Mem:          3.8G       2.9G       933M       5.7M        55M       2.4G

MemTotal:        4016004 kB
MemFree:          923780 kB
Active:           434288 kB
Mem:          3.8G       2.9G       901M       5.7M        55M       2.5G

MemTotal:        4016004 kB
MemFree:          918380 kB
Active:           434256 kB
Mem:          3.8G       3.0G       896M       5.7M        55M       2.5G

MemTotal:        4016004 kB
MemFree:          915700 kB
Active:           434256 kB
Mem:          3.8G       3.0G       894M       5.7M        55M       2.5G

MemTotal:        4016004 kB
MemFree:          913144 kB
Active:           434284 kB
Mem:          3.8G       3.0G       891M       5.7M        55M       2.5G

MemTotal:        4016004 kB
MemFree:          833432 kB
Active:           432344 kB
Mem:          3.8G       3.0G       812M       5.7M        55M       2.6G

MemTotal:        4016004 kB
MemFree:          798244 kB
Active:           434304 kB
Mem:          3.8G       3.1G       779M       5.7M        55M       2.6G

MemTotal:        4016004 kB
MemFree:          791128 kB
Active:           434320 kB
Mem:          3.8G       3.1G       772M       5.7M        55M       2.6G

MemTotal:        4016004 kB
MemFree:          787704 kB
Active:           434384 kB
Mem:          3.8G       3.1G       768M       5.7M        55M       2.6G

MemTotal:        4016004 kB
MemFree:          784172 kB
Active:           434352 kB
Mem:          3.8G       3.1G       765M       5.7M        55M       2.6G

MemTotal:        4016004 kB
MemFree:          779068 kB
Active:           434376 kB
Mem:          3.8G       3.1G       760M       5.7M        55M       2.6G

MemTotal:        4016004 kB
MemFree:          684372 kB
Active:           434396 kB
Mem:          3.8G       3.2G       666M       5.7M        55M       2.7G

MemTotal:        4016004 kB
MemFree:          548040 kB
Active:           434404 kB
Mem:          3.8G       3.3G       533M       5.7M        55M       2.8G

MemTotal:        4016004 kB
MemFree:          493000 kB
Active:           434412 kB
Mem:          3.8G       3.4G       481M       5.7M        55M       2.9G

MemTotal:        4016004 kB
MemFree:          483388 kB
Active:           434412 kB
Mem:          3.8G       3.4G       469M       5.7M        55M       2.9G

MemTotal:        4016004 kB
MemFree:          388968 kB
Active:           432444 kB
Mem:          3.8G       3.5G       379M       5.7M        55M       3.0G

MemTotal:        4016004 kB
MemFree:          388612 kB
Active:           432360 kB
Mem:          3.8G       3.5G       379M       5.7M        55M       3.0G

MemTotal:        4016004 kB
MemFree:          282944 kB
Active:           434404 kB
Mem:          3.8G       3.6G       274M       5.7M        55M       3.1G

MemTotal:        4016004 kB
MemFree:          151480 kB
Active:           434412 kB
Mem:          3.8G       3.7G       146M       5.7M        55M       3.2G

MemTotal:        4016004 kB
MemFree:          118008 kB
Active:           452652 kB
Mem:          3.8G       3.7G       139M       5.7M        20M       3.2G

MemTotal:        4016004 kB
MemFree:          137972 kB
Active:           454160 kB
Mem:          3.8G       3.7G       131M       5.7M        20M       3.3G

MemTotal:        4016004 kB
MemFree:          134408 kB
Active:           454164 kB
Mem:          3.8G       3.7G       131M       5.7M        20M       3.3G

MemTotal:        4016004 kB
MemFree:          132028 kB
Active:           454184 kB
Mem:          3.8G       3.7G       128M       5.7M        20M       3.3G

MemTotal:        4016004 kB
MemFree:          125756 kB
Active:           453656 kB
Mem:          3.8G       3.7G       122M       5.7M        20M       3.3G

MemTotal:        4016004 kB
MemFree:          125488 kB
Active:           453632 kB
Mem:          3.8G       3.7G       122M       5.7M        20M       3.3G

MemTotal:        4016004 kB
MemFree:          125192 kB
Active:           453704 kB
Mem:          3.8G       3.7G       122M       5.7M        20M       3.3G

MemTotal:        4016004 kB
MemFree:          119460 kB
Active:           453760 kB
Mem:          3.8G       3.7G       115M       5.7M        20M       3.3G

MemTotal:        4016004 kB
MemFree:          115832 kB
Active:           453808 kB
Mem:          3.8G       3.7G       110M       5.7M        20M       3.3G

MemTotal:        4016004 kB
MemFree:          115840 kB
Active:           450756 kB
Mem:          3.8G       3.7G       111M       5.7M        20M       3.3G

MemTotal:        4016004 kB
MemFree:          131696 kB
Active:           444060 kB
Mem:          3.8G       3.7G       127M       5.7M        20M       3.3G

MemTotal:        4016004 kB
MemFree:          126308 kB
Active:           440740 kB
Mem:          3.8G       3.7G       121M       5.7M        20M       3.3G

MemTotal:        4016004 kB
MemFree:          127300 kB
Active:           437952 kB
Mem:          3.8G       3.7G       124M       5.7M        20M       3.3G

MemTotal:        4016004 kB
MemFree:          107124 kB
Active:           437856 kB
Mem:          3.8G       3.7G       104M       5.7M        20M       3.3G

MemTotal:        4016004 kB
MemFree:          113668 kB
Active:           437236 kB
Mem:          3.8G       3.7G       109M       5.7M        20M       3.3G

MemTotal:        4016004 kB
MemFree:          127892 kB
Active:           434832 kB
Mem:          3.8G       3.7G       124M       5.7M        20M       3.3G

MemTotal:        4016004 kB
MemFree:          120032 kB
Active:           434860 kB
Mem:          3.8G       3.7G       116M       5.7M        20M       3.3G

MemTotal:        4016004 kB
MemFree:          133092 kB
Active:           433040 kB
Mem:          3.8G       3.7G       129M       5.7M        20M       3.3G

MemTotal:        4016004 kB
MemFree:          128876 kB
Active:           433088 kB
Mem:          3.8G       3.7G       125M       5.7M        20M       3.3G

MemTotal:        4016004 kB
MemFree:          125388 kB
Active:           432992 kB
Mem:          3.8G       3.7G       122M       5.7M        20M       3.3G

MemTotal:        4016004 kB
MemFree:          122024 kB
Active:           433044 kB
Mem:          3.8G       3.7G       119M       5.7M        20M       3.3G

MemTotal:        4016004 kB
MemFree:          119704 kB
Active:           433024 kB
Mem:          3.8G       3.7G       116M       5.7M        20M       3.3G

MemTotal:        4016004 kB
MemFree:          127868 kB
Active:           430824 kB
Mem:          3.8G       3.7G       121M       5.7M        20M       3.3G

MemTotal:        4016004 kB
MemFree:          141724 kB
Active:           426500 kB
Mem:          3.8G       3.7G       135M       5.7M        20M       3.2G

MemTotal:        4016004 kB
MemFree:          139476 kB
Active:           422796 kB
Mem:          3.8G       3.7G       135M       5.7M        20M       3.2G

MemTotal:        4016004 kB
MemFree:          116064 kB
Active:           419204 kB
Mem:          3.8G       3.7G       111M       5.7M        20M       3.3G

MemTotal:        4016004 kB
MemFree:          111260 kB
Active:           415540 kB
Mem:          3.8G       3.7G       106M       5.7M        20M       3.3G

MemTotal:        4016004 kB
MemFree:          123380 kB
Active:           414908 kB
Mem:          3.8G       3.7G       119M       5.7M        20M       3.3G

MemTotal:        4016004 kB
MemFree:          121984 kB
Active:           414408 kB
Mem:          3.8G       3.7G       115M       5.7M        20M       3.3G

MemTotal:        4016004 kB
MemFree:          145664 kB
Active:           410312 kB
Mem:          3.8G       3.7G       142M       5.7M        20M       3.2G

MemTotal:        4016004 kB
MemFree:          142660 kB
Active:           410164 kB
Mem:          3.8G       3.7G       139M       5.7M        20M       3.2G

MemTotal:        4016004 kB
MemFree:          140832 kB
Active:           410144 kB
Mem:          3.8G       3.7G       137M       5.7M        20M       3.2G

MemTotal:        4016004 kB
MemFree:          140152 kB
Active:           410196 kB
Mem:          3.8G       3.7G       136M       5.7M        20M       3.2G

MemTotal:        4016004 kB
MemFree:          140492 kB
Active:           410204 kB
Mem:          3.8G       3.7G       137M       5.7M        20M       3.2G

MemTotal:        4016004 kB
MemFree:          116524 kB
Active:           410184 kB
Mem:          3.8G       3.7G       112M       5.7M        20M       3.3G

MemTotal:        4016004 kB
MemFree:          136424 kB
Active:           405348 kB
Mem:          3.8G       3.7G       130M       5.7M        20M       3.2G

MemTotal:        4016004 kB
MemFree:          141620 kB
Active:           401124 kB
Mem:          3.8G       3.7G       136M       5.7M        20M       3.2G

MemTotal:        4016004 kB
MemFree:          130436 kB
Active:           399340 kB
Mem:          3.8G       3.7G       127M       5.7M        20M       3.3G

MemTotal:        4016004 kB
MemFree:          130968 kB
Active:           397676 kB
Mem:          3.8G       3.7G       128M       5.7M        20M       3.3G

MemTotal:        4016004 kB
MemFree:          104784 kB
Active:           397560 kB
Mem:          3.8G       3.7G       122M       5.7M        20M       3.3G

MemTotal:        4016004 kB
MemFree:          115020 kB
Active:           393724 kB
Mem:          3.8G       3.7G       111M       5.7M        20M       3.3G

MemTotal:        4016004 kB
MemFree:          112316 kB
Active:           393728 kB
Mem:          3.8G       3.7G       109M       5.7M        20M       3.3G

MemTotal:        4016004 kB
MemFree:          109124 kB
Active:           393748 kB
Mem:          3.8G       3.7G       106M       5.7M        20M       3.3G

MemTotal:        4016004 kB
MemFree:          105940 kB
Active:           393748 kB
Mem:          3.8G       3.7G       125M       5.7M        20M       3.3G

MemTotal:        4016004 kB
MemFree:          127288 kB
Active:           393064 kB
Mem:          3.8G       3.7G       123M       5.7M        20M       3.3G

MemTotal:        4016004 kB
MemFree:          114196 kB
Active:           393072 kB
Mem:          3.8G       3.7G       109M       5.7M        20M       3.3G

MemTotal:        4016004 kB
MemFree:          129364 kB
Active:           389492 kB
Mem:          3.8G       3.7G       124M       5.7M        20M       3.3G

MemTotal:        4016004 kB
MemFree:          142108 kB
Active:           385836 kB
Mem:          3.8G       3.7G       138M       5.7M        20M       3.2G

MemTotal:        4016004 kB
MemFree:          147084 kB
Active:           382508 kB
Mem:          3.8G       3.7G       143M       5.7M        20M       3.2G

MemTotal:        4016004 kB
MemFree:          144464 kB
Active:           382508 kB
Mem:          3.8G       3.7G       140M       5.7M        20M       3.2G

MemTotal:        4016004 kB
MemFree:          107328 kB
Active:           382516 kB
Mem:          3.8G       3.7G       121M       5.7M        20M       3.3G

MemTotal:        4016004 kB
MemFree:          116368 kB
Active:           379448 kB
Mem:          3.8G       3.7G       111M       5.7M        20M       3.3G

MemTotal:        4016004 kB
MemFree:          120988 kB
Active:           374316 kB
Mem:          3.8G       3.7G       116M       5.7M        20M       3.3G

MemTotal:        4016004 kB
MemFree:          135360 kB
Active:           371200 kB
Mem:          3.8G       3.7G       132M       5.7M        20M       3.2G

MemTotal:        4016004 kB
MemFree:          130912 kB
Active:           373076 kB
Mem:          3.8G       3.7G       127M       5.7M        20M       3.2G

MemTotal:        4016004 kB
MemFree:          130100 kB
Active:           373092 kB
Mem:          3.8G       3.7G       127M       5.7M        20M       3.2G

MemTotal:        4016004 kB
MemFree:          130508 kB
Active:           373064 kB
Mem:          3.8G       3.7G       127M       5.7M        20M       3.2G

MemTotal:        4016004 kB
MemFree:          127728 kB
Active:           373096 kB
Mem:          3.8G       3.7G       124M       5.7M        20M       3.3G

MemTotal:        4016004 kB
MemFree:          124176 kB
Active:           373112 kB
Mem:          3.8G       3.7G       120M       5.7M        20M       3.3G

MemTotal:        4016004 kB
MemFree:          121956 kB
Active:           373080 kB
Mem:          3.8G       3.7G       118M       5.7M        20M       3.3G

MemTotal:        4016004 kB
MemFree:          121620 kB
Active:           373072 kB
Mem:          3.8G       3.7G       118M       5.7M        20M       3.3G

MemTotal:        4016004 kB
MemFree:          127880 kB
Active:           372104 kB
Mem:          3.8G       3.7G       123M       5.7M        20M       3.3G

MemTotal:        4016004 kB
MemFree:          135272 kB
Active:           371848 kB
Mem:          3.8G       3.7G       129M       5.7M        20M       3.2G

MemTotal:        4016004 kB
MemFree:          126504 kB
Active:           369984 kB
Mem:          3.8G       3.7G       122M       5.7M        20M       3.3G

MemTotal:        4016004 kB
MemFree:          120100 kB
Active:           369348 kB
Mem:          3.8G       3.7G       114M       5.7M        20M       3.3G

MemTotal:        4016004 kB
MemFree:          146768 kB
Active:           369348 kB
Mem:          3.8G       3.7G       142M       5.7M        20M       3.2G

MemTotal:        4016004 kB
MemFree:          142360 kB
Active:           369380 kB
Mem:          3.8G       3.7G       139M       5.7M        20M       3.2G

MemTotal:        4016004 kB
MemFree:          135836 kB
Active:           369380 kB
Mem:          3.8G       3.7G       128M       5.7M        20M       3.2G

MemTotal:        4016004 kB
MemFree:          112584 kB
Active:           369380 kB
Mem:          3.8G       3.7G       109M       5.7M        20M       3.3G

MemTotal:        4016004 kB
MemFree:          109468 kB
Active:           369396 kB
Mem:          3.8G       3.7G       106M       5.7M        20M       3.3G

MemTotal:        4016004 kB
MemFree:          107488 kB
Active:           369396 kB
Mem:          3.8G       3.7G       104M       5.7M        20M       3.3G

MemTotal:        4016004 kB
MemFree:          107460 kB
Active:           369380 kB
Mem:          3.8G       3.7G       104M       5.7M        20M       3.3G

MemTotal:        4016004 kB
MemFree:          127888 kB
Active:           369400 kB
Mem:          3.8G       3.7G       124M       5.7M        20M       3.3G

MemTotal:        4016004 kB
MemFree:          124444 kB
Active:           369404 kB
Mem:          3.8G       3.7G       119M       5.7M        20M       3.3G

MemTotal:        4016004 kB
MemFree:          121180 kB
Active:           367728 kB
Mem:          3.8G       3.7G       116M       5.7M        20M       3.3G

MemTotal:        4016004 kB
MemFree:          128840 kB
Active:           367536 kB
Mem:          3.8G       3.7G       125M       5.7M        20M       3.3G

MemTotal:        4016004 kB
MemFree:          125320 kB
Active:           367544 kB
Mem:          3.8G       3.7G       122M       5.7M        20M       3.3G

MemTotal:        4016004 kB
MemFree:          126216 kB
Active:           367544 kB
Mem:          3.8G       3.7G       123M       5.7M        20M       3.3G

MemTotal:        4016004 kB
MemFree:          136368 kB
Active:           367500 kB
Mem:          3.8G       3.7G       132M       5.7M        20M       3.2G

MemTotal:        4016004 kB
MemFree:          115648 kB
Active:           367556 kB
Mem:          3.8G       3.7G       110M       5.7M        20M       3.3G

MemTotal:        4016004 kB
MemFree:          128240 kB
Active:           367204 kB
Mem:          3.8G       3.7G       125M       5.7M        20M       3.3G

MemTotal:        4016004 kB
MemFree:          125480 kB
Active:           367216 kB
Mem:          3.8G       3.7G       121M       5.7M        20M       3.3G

MemTotal:        4016004 kB
MemFree:          122568 kB
Active:           367220 kB
Mem:          3.8G       3.7G       119M       5.7M        20M       3.3G

MemTotal:        4016004 kB
MemFree:          119316 kB
Active:           367224 kB
Mem:          3.8G       3.7G       116M       5.7M        20M       3.3G

MemTotal:        4016004 kB
MemFree:          121940 kB
Active:           367212 kB
Mem:          3.8G       3.7G       131M       5.7M        20M       3.2G

MemTotal:        4016004 kB
MemFree:          125900 kB
Active:           367104 kB
Mem:          3.8G       3.7G       120M       5.7M        20M       3.3G

MemTotal:        4016004 kB
MemFree:          123136 kB
Active:           366932 kB
Mem:          3.8G       3.7G       118M       5.7M        20M       3.3G

MemTotal:        4016004 kB
MemFree:          113768 kB
Active:           363952 kB
Mem:          3.8G       3.7G       110M       5.7M        20M       3.3G

MemTotal:        4016004 kB
MemFree:          133780 kB
Active:           364060 kB
Mem:          3.8G       3.7G       130M       5.7M        20M       3.2G

MemTotal:        4016004 kB
MemFree:          128100 kB
Active:           363952 kB
Mem:          3.8G       3.7G       123M       5.7M        20M       3.3G

MemTotal:        4016004 kB
MemFree:          139248 kB
Active:           363984 kB
Mem:          3.8G       3.7G       135M       5.7M        20M       3.2G

MemTotal:        4016004 kB
MemFree:          120268 kB
Active:           363992 kB
Mem:          3.8G       3.7G       117M       5.7M        20M       3.3G

MemTotal:        4016004 kB
MemFree:          119524 kB
Active:           363984 kB
Mem:          3.8G       3.7G       116M       5.7M        20M       3.3G

MemTotal:        4016004 kB
MemFree:          117360 kB
Active:           364004 kB
Mem:          3.8G       3.7G       114M       5.7M        20M       3.3G

MemTotal:        4016004 kB
MemFree:          116536 kB
Active:           363988 kB
Mem:          3.8G       3.7G       113M       5.7M        20M       3.3G

MemTotal:        4016004 kB
MemFree:          137492 kB
Active:           364008 kB
Mem:          3.8G       3.7G       132M       5.7M        20M       3.2G

MemTotal:        4016004 kB
MemFree:          135660 kB
Active:           363200 kB
Mem:          3.8G       3.7G       132M       5.7M        20M       3.2G

MemTotal:        4016004 kB
MemFree:          143420 kB
Active:           363204 kB
Mem:          3.8G       3.7G       137M       5.7M        20M       3.2G

MemTotal:        4016004 kB
MemFree:          147272 kB
Active:           363208 kB
Mem:          3.8G       3.7G       143M       5.7M        20M       3.2G

MemTotal:        4016004 kB
MemFree:          137236 kB
Active:           360496 kB
Mem:          3.8G       3.7G       134M       5.7M        20M       3.2G

MemTotal:        4016004 kB
MemFree:          125300 kB
Active:           360344 kB
Mem:          3.8G       3.7G       133M       5.7M        20M       3.2G

MemTotal:        4016004 kB
MemFree:          143136 kB
Active:           360336 kB
Mem:          3.8G       3.7G       138M       5.7M        20M       3.2G

MemTotal:        4016004 kB
MemFree:          133384 kB
Active:           360364 kB
Mem:          3.8G       3.7G       130M       5.7M        20M       3.2G

MemTotal:        4016004 kB
MemFree:          133884 kB
Active:           360364 kB
Mem:          3.8G       3.7G       130M       5.7M        20M       3.2G

MemTotal:        4016004 kB
MemFree:          133748 kB
Active:           360364 kB
Mem:          3.8G       3.7G       130M       5.7M        20M       3.2G

MemTotal:        4016004 kB
MemFree:          132004 kB
Active:           360360 kB
Mem:          3.8G       3.7G       128M       5.7M        20M       3.2G

MemTotal:        4016004 kB
MemFree:          131372 kB
Active:           360328 kB
Mem:          3.8G       3.7G       127M       5.7M        20M       3.2G

MemTotal:        4016004 kB
MemFree:          131068 kB
Active:           360344 kB
Mem:          3.8G       3.7G       127M       5.7M        20M       3.2G

MemTotal:        4016004 kB
MemFree:          140372 kB
Active:           360368 kB
Mem:          3.8G       3.7G       147M       5.7M        20M       3.2G

MemTotal:        4016004 kB
MemFree:          132584 kB
Active:           353012 kB
Mem:          3.8G       3.7G       127M       5.7M        20M       3.2G

MemTotal:        4016004 kB
MemFree:          120812 kB
Active:           353012 kB
Mem:          3.8G       3.7G       115M       5.7M        20M       3.3G

MemTotal:        4016004 kB
MemFree:          131024 kB
Active:           353012 kB
Mem:          3.8G       3.7G       127M       5.7M        20M       3.2G

MemTotal:        4016004 kB
MemFree:          117444 kB
Active:           353024 kB
Mem:          3.8G       3.7G       113M       5.7M        20M       3.3G

MemTotal:        4016004 kB
MemFree:          137044 kB
Active:           353036 kB
Mem:          3.8G       3.7G       130M       5.7M        20M       3.2G

MemTotal:        4016004 kB
MemFree:          122628 kB
Active:           354244 kB
Mem:          3.8G       3.7G       117M       5.7M        20M       3.3G

MemTotal:        4016004 kB
MemFree:          135224 kB
Active:           350840 kB
Mem:          3.8G       3.7G       132M       5.7M        20M       3.2G

MemTotal:        4016004 kB
MemFree:          134168 kB
Active:           350852 kB
Mem:          3.8G       3.7G       129M       5.7M        20M       3.2G

MemTotal:        4016004 kB
MemFree:          131736 kB
Active:           350816 kB
Mem:          3.8G       3.7G       128M       5.7M        20M       3.2G

MemTotal:        4016004 kB
MemFree:          131772 kB
Active:           350856 kB
Mem:          3.8G       3.7G       128M       5.7M        20M       3.2G

MemTotal:        4016004 kB
MemFree:          115968 kB
Active:           350816 kB
Mem:          3.8G       3.7G       110M       5.7M        20M       3.3G

MemTotal:        4016004 kB
MemFree:          122928 kB
Active:           350860 kB
Mem:          3.8G       3.7G       129M       5.7M        20M       3.2G

MemTotal:        4016004 kB
MemFree:          141340 kB
Active:           350860 kB
Mem:          3.8G       3.7G       135M       5.7M        20M       3.2G

MemTotal:        4016004 kB
MemFree:          140060 kB
Active:           350564 kB
Mem:          3.8G       3.7G       136M       5.7M        20M       3.2G

MemTotal:        4016004 kB
MemFree:          110020 kB
Active:           350492 kB
Mem:          3.8G       3.7G       104M       5.7M        20M       3.3G

MemTotal:        4016004 kB
MemFree:          134708 kB
Active:           350500 kB
Mem:          3.8G       3.7G       131M       5.7M        20M       3.2G

MemTotal:        4016004 kB
MemFree:          137172 kB
Active:           350464 kB
Mem:          3.8G       3.7G       133M       5.7M        20M       3.2G

MemTotal:        4016004 kB
MemFree:          127064 kB
Active:           350500 kB
Mem:          3.8G       3.7G       123M       5.7M        20M       3.2G

MemTotal:        4016004 kB
MemFree:          125740 kB
Active:           350504 kB
Mem:          3.8G       3.7G       122M       5.7M        20M       3.2G

MemTotal:        4016004 kB
MemFree:          124500 kB
Active:           350516 kB
Mem:          3.8G       3.7G       121M       5.7M        20M       3.3G

MemTotal:        4016004 kB
MemFree:          124660 kB
Active:           350508 kB
Mem:          3.8G       3.7G       121M       5.7M        20M       3.3G

MemTotal:        4016004 kB
MemFree:          116584 kB
Active:           350612 kB
Mem:          3.8G       3.7G       112M       5.7M        20M       3.3G

MemTotal:        4016004 kB
MemFree:          133444 kB
Active:           350540 kB
Mem:          3.8G       3.7G       129M       5.7M        20M       3.2G

MemTotal:        4016004 kB
MemFree:          149348 kB
Active:           348220 kB
Mem:          3.8G       3.7G       143M       5.7M        20M       3.2G

MemTotal:        4016004 kB
MemFree:          128792 kB
Active:           348168 kB
Mem:          3.8G       3.7G       125M       5.7M        20M       3.2G

MemTotal:        4016004 kB
MemFree:          143408 kB
Active:           348192 kB
Mem:          3.8G       3.7G       139M       5.7M        20M       3.2G

MemTotal:        4016004 kB
MemFree:          144124 kB
Active:           348192 kB
Mem:          3.8G       3.7G       141M       5.7M        20M       3.2G

MemTotal:        4016004 kB
MemFree:          131172 kB
Active:           348160 kB
Mem:          3.8G       3.7G       125M       5.7M        20M       3.2G

MemTotal:        4016004 kB
MemFree:          144720 kB
Active:           348192 kB
Mem:          3.8G       3.7G       141M       5.7M        20M       3.2G

MemTotal:        4016004 kB
MemFree:          119876 kB
Active:           348140 kB
Mem:          3.8G       3.7G       117M       5.7M        20M       3.3G

MemTotal:        4016004 kB
MemFree:          119416 kB
Active:           348220 kB
Mem:          3.8G       3.7G       116M       5.7M        20M       3.3G

MemTotal:        4016004 kB
MemFree:          119636 kB
Active:           348204 kB
Mem:          3.8G       3.7G       116M       5.7M        20M       3.3G

MemTotal:        4016004 kB
MemFree:          119860 kB
Active:           348208 kB
Mem:          3.8G       3.7G       117M       5.7M        20M       3.3G

MemTotal:        4016004 kB
MemFree:          122360 kB
Active:           348196 kB
Mem:          3.8G       3.7G       129M       5.7M        20M       3.2G

MemTotal:        4016004 kB
MemFree:          129732 kB
Active:           345664 kB
Mem:          3.8G       3.7G       124M       5.7M        20M       3.2G

MemTotal:        4016004 kB
MemFree:          135784 kB
Active:           345672 kB
Mem:          3.8G       3.7G       129M       5.7M        20M       3.2G

MemTotal:        4016004 kB
MemFree:          121988 kB
Active:           345672 kB
Mem:          3.8G       3.7G       118M       5.7M        20M       3.3G

MemTotal:        4016004 kB
MemFree:          133356 kB
Active:           345676 kB
Mem:          3.8G       3.7G       128M       5.7M        20M       3.2G

MemTotal:        4016004 kB
MemFree:          126272 kB
Active:           342468 kB
Mem:          3.8G       3.7G       122M       5.7M        20M       3.2G

MemTotal:        4016004 kB
MemFree:          148036 kB
Active:           342420 kB
Mem:          3.8G       3.7G       144M       5.7M        20M       3.2G

MemTotal:        4016004 kB
MemFree:          147976 kB
Active:           342472 kB
Mem:          3.8G       3.7G       144M       5.7M        20M       3.2G

MemTotal:        4016004 kB
MemFree:          147160 kB
Active:           342440 kB
Mem:          3.8G       3.7G       143M       5.7M        20M       3.2G

MemTotal:        4016004 kB
MemFree:          145248 kB
Active:           342480 kB
Mem:          3.8G       3.7G       141M       5.7M        20M       3.2G

MemTotal:        4016004 kB
MemFree:          144228 kB
Active:           342460 kB
Mem:          3.8G       3.7G       140M       5.7M        20M       3.2G

MemTotal:        4016004 kB
MemFree:          123228 kB
Active:           342516 kB
Mem:          3.8G       3.7G       119M       5.7M        20M       3.2G

MemTotal:        4016004 kB
MemFree:          121560 kB
Active:           342528 kB
Mem:          3.8G       3.7G       118M       5.7M        20M       3.3G

MemTotal:        4016004 kB
MemFree:          122000 kB
Active:           342508 kB
Mem:          3.8G       3.7G       119M       5.7M        20M       3.3G

MemTotal:        4016004 kB
MemFree:          122128 kB
Active:           342500 kB
Mem:          3.8G       3.7G       119M       5.7M        20M       3.3G

MemTotal:        4016004 kB
MemFree:          135616 kB
Active:           342532 kB
Mem:          3.8G       3.7G       130M       5.7M        20M       3.2G

MemTotal:        4016004 kB
MemFree:          145828 kB
Active:           342544 kB
Mem:          3.8G       3.7G       139M       5.7M        20M       3.2G

MemTotal:        4016004 kB
MemFree:          144156 kB
Active:           342544 kB
Mem:          3.8G       3.7G       141M       5.7M        20M       3.2G

MemTotal:        4016004 kB
MemFree:          138628 kB
Active:           342552 kB
Mem:          3.8G       3.7G       131M       5.7M        20M       3.2G

MemTotal:        4016004 kB
MemFree:          131460 kB
Active:           342552 kB
Mem:          3.8G       3.7G       128M       5.7M        20M       3.2G

MemTotal:        4016004 kB
MemFree:          139240 kB
Active:           342552 kB
Mem:          3.8G       3.7G       135M       5.7M        20M       3.2G

MemTotal:        4016004 kB
MemFree:          127424 kB
Active:           342376 kB
Mem:          3.8G       3.7G       124M       5.7M        20M       3.2G

MemTotal:        4016004 kB
MemFree:          128500 kB
Active:           342364 kB
Mem:          3.8G       3.7G       125M       5.7M        20M       3.2G

MemTotal:        4016004 kB
MemFree:          128928 kB
Active:           342364 kB
Mem:          3.8G       3.7G       125M       5.7M        20M       3.2G

MemTotal:        4016004 kB
MemFree:          128996 kB
Active:           342372 kB
Mem:          3.8G       3.7G       125M       5.7M        20M       3.2G

MemTotal:        4016004 kB
MemFree:          129096 kB
Active:           342364 kB
Mem:          3.8G       3.7G       126M       5.7M        20M       3.2G

MemTotal:        4016004 kB
MemFree:          116928 kB
Active:           342376 kB
Mem:          3.8G       3.7G       115M       5.7M        20M       3.3G

MemTotal:        4016004 kB
MemFree:          116888 kB
Active:           342416 kB
Mem:          3.8G       3.7G       111M       5.7M        20M       3.3G

MemTotal:        4016004 kB
MemFree:          136456 kB
Active:           342424 kB
Mem:          3.8G       3.7G       131M       5.7M        20M       3.2G

MemTotal:        4016004 kB
MemFree:          140372 kB
Active:           342432 kB
Mem:          3.8G       3.7G       134M       5.7M        20M       3.2G

MemTotal:        4016004 kB
MemFree:          105016 kB
Active:           342124 kB
Mem:          3.8G       3.7G       102M       5.7M        20M       3.3G

MemTotal:        4016004 kB
MemFree:          105080 kB
Active:           342116 kB
Mem:          3.8G       3.7G       102M       5.7M        20M       3.3G

MemTotal:        4016004 kB
MemFree:          105204 kB
Active:           342124 kB
Mem:          3.8G       3.7G       103M       5.7M        20M       3.3G

MemTotal:        4016004 kB
MemFree:          105700 kB
Active:           342084 kB
Mem:          3.8G       3.7G       103M       5.7M        20M       3.3G

MemTotal:        4016004 kB
MemFree:          105700 kB
Active:           342132 kB
Mem:          3.8G       3.7G       103M       5.7M        20M       3.3G

MemTotal:        4016004 kB
MemFree:          105552 kB
Active:           342076 kB
Mem:          3.8G       3.7G       103M       5.7M        20M       3.3G

MemTotal:        4016004 kB
MemFree:          128856 kB
Active:           342144 kB
Mem:          3.8G       3.7G       126M       5.7M        20M       3.2G

MemTotal:        4016004 kB
MemFree:          129540 kB
Active:           342120 kB
Mem:          3.8G       3.7G       126M       5.7M        20M       3.2G

MemTotal:        4016004 kB
MemFree:          130292 kB
Active:           342108 kB
Mem:          3.8G       3.7G       127M       5.7M        20M       3.2G

MemTotal:        4016004 kB
MemFree:          130324 kB
Active:           342092 kB
Mem:          3.8G       3.7G       127M       5.7M        20M       3.2G

MemTotal:        4016004 kB
MemFree:          129952 kB
Active:           342148 kB
Mem:          3.8G       3.7G       127M       5.7M        20M       3.2G

MemTotal:        4016004 kB
MemFree:          130324 kB
Active:           342148 kB
Mem:          3.8G       3.7G       127M       5.7M        20M       3.2G

MemTotal:        4016004 kB
MemFree:          128400 kB
Active:           342164 kB
Mem:          3.8G       3.7G       125M       5.7M        20M       3.2G

MemTotal:        4016004 kB
MemFree:          128896 kB
Active:           344172 kB
Mem:          3.8G       3.7G       125M       5.7M        20M       3.2G

MemTotal:        4016004 kB
MemFree:          128648 kB
Active:           344212 kB
Mem:          3.8G       3.7G       125M       5.7M        20M       3.2G

MemTotal:        4016004 kB
MemFree:          128648 kB
Active:           344156 kB
Mem:          3.8G       3.7G       125M       5.7M        20M       3.2G

MemTotal:        4016004 kB
MemFree:          128648 kB
Active:           344176 kB
Mem:          3.8G       3.7G       125M       5.7M        20M       3.2G

MemTotal:        4016004 kB
MemFree:          128400 kB
Active:           344220 kB
Mem:          3.8G       3.7G       125M       5.7M        20M       3.2G

MemTotal:        4016004 kB
MemFree:          128524 kB
Active:           344224 kB
Mem:          3.8G       3.7G       125M       5.7M        20M       3.2G

MemTotal:        4016004 kB
MemFree:          128648 kB
Active:           344228 kB
Mem:          3.8G       3.7G       125M       5.7M        20M       3.2G

MemTotal:        4016004 kB
MemFree:          128772 kB
Active:           344224 kB
Mem:          3.8G       3.7G       125M       5.7M        20M       3.2G

MemTotal:        4016004 kB
MemFree:          128524 kB
Active:           344228 kB
Mem:          3.8G       3.7G       125M       5.7M        20M       3.2G

MemTotal:        4016004 kB
MemFree:          128400 kB
Active:           344228 kB
Mem:          3.8G       3.7G       125M       5.7M        20M       3.2G

MemTotal:        4016004 kB
MemFree:          128400 kB
Active:           344188 kB
Mem:          3.8G       3.7G       125M       5.7M        20M       3.2G

MemTotal:        4016004 kB
MemFree:          128400 kB
Active:           344196 kB
Mem:          3.8G       3.7G       125M       5.7M        20M       3.2G

MemTotal:        4016004 kB
MemFree:          128276 kB
Active:           344192 kB
Mem:          3.8G       3.7G       125M       5.7M        20M       3.2G

MemTotal:        4016004 kB
MemFree:          128400 kB
Active:           344192 kB
Mem:          3.8G       3.7G       125M       5.7M        20M       3.2G

MemTotal:        4016004 kB
MemFree:          128276 kB
Active:           344208 kB
Mem:          3.8G       3.7G       125M       5.7M        20M       3.2G

MemTotal:        4016004 kB
MemFree:          128400 kB
Active:           344200 kB
Mem:          3.8G       3.7G       125M       5.7M        20M       3.2G

MemTotal:        4016004 kB
MemFree:          128400 kB
Active:           344236 kB
Mem:          3.8G       3.7G       125M       5.7M        20M       3.2G

MemTotal:        4016004 kB
MemFree:          128772 kB
Active:           344236 kB
Mem:          3.8G       3.7G       125M       5.7M        20M       3.2G

MemTotal:        4016004 kB
MemFree:          129020 kB
Active:           344236 kB
Mem:          3.8G       3.7G       125M       5.7M        20M       3.2G

MemTotal:        4016004 kB
MemFree:          128772 kB
Active:           344236 kB
Mem:          3.8G       3.7G       125M       5.7M        20M       3.2G

MemTotal:        4016004 kB
MemFree:          128772 kB
Active:           344244 kB
Mem:          3.8G       3.7G       125M       5.7M        20M       3.2G

MemTotal:        4016004 kB
MemFree:          128896 kB
Active:           344204 kB
Mem:          3.8G       3.7G       125M       5.7M        20M       3.2G

MemTotal:        4016004 kB
MemFree:          128896 kB
Active:           344232 kB
Mem:          3.8G       3.7G       125M       5.7M        20M       3.2G

MemTotal:        4016004 kB
MemFree:          128772 kB
Active:           344244 kB
Mem:          3.8G       3.7G       125M       5.7M        20M       3.2G

MemTotal:        4016004 kB
MemFree:          128648 kB
Active:           344224 kB
Mem:          3.8G       3.7G       125M       5.7M        20M       3.2G

MemTotal:        4016004 kB
MemFree:          128648 kB
Active:           344228 kB
Mem:          3.8G       3.7G       125M       5.7M        20M       3.2G

MemTotal:        4016004 kB
MemFree:          128648 kB
Active:           344208 kB
Mem:          3.8G       3.7G       125M       5.7M        20M       3.2G

MemTotal:        4016004 kB
MemFree:          128524 kB
Active:           344228 kB
Mem:          3.8G       3.7G       125M       5.7M        20M       3.2G

MemTotal:        4016004 kB
MemFree:          128400 kB
Active:           344220 kB
Mem:          3.8G       3.7G       125M       5.7M        20M       3.2G

MemTotal:        4016004 kB
MemFree:          128524 kB
Active:           344204 kB
Mem:          3.8G       3.7G       125M       5.7M        20M       3.2G

MemTotal:        4016004 kB
MemFree:          128400 kB
Active:           344224 kB
Mem:          3.8G       3.7G       125M       5.7M        20M       3.2G

MemTotal:        4016004 kB
MemFree:          128400 kB
Active:           344228 kB
Mem:          3.8G       3.7G       125M       5.7M        20M       3.2G

MemTotal:        4016004 kB
MemFree:          128400 kB
Active:           344216 kB
Mem:          3.8G       3.7G       125M       5.7M        20M       3.2G

MemTotal:        4016004 kB
MemFree:          128648 kB
Active:           344252 kB
Mem:          3.8G       3.7G       125M       5.7M        20M       3.2G

MemTotal:        4016004 kB
MemFree:          128648 kB
Active:           344260 kB
Mem:          3.8G       3.7G       125M       5.7M        20M       3.2G

MemTotal:        4016004 kB
MemFree:          128152 kB
Active:           344260 kB
Mem:          3.8G       3.7G       125M       5.7M        20M       3.2G

MemTotal:        4016004 kB
MemFree:          128524 kB
Active:           344224 kB
Mem:          3.8G       3.7G       125M       5.7M        20M       3.2G

MemTotal:        4016004 kB
MemFree:          128400 kB
Active:           344248 kB
Mem:          3.8G       3.7G       125M       5.7M        20M       3.2G

MemTotal:        4016004 kB
MemFree:          128400 kB
Active:           344244 kB
Mem:          3.8G       3.7G       125M       5.7M        20M       3.2G

MemTotal:        4016004 kB
MemFree:          128400 kB
Active:           344248 kB
Mem:          3.8G       3.7G       125M       5.7M        20M       3.2G

MemTotal:        4016004 kB
MemFree:          128028 kB
Active:           344260 kB
Mem:          3.8G       3.7G       125M       5.7M        20M       3.2G

MemTotal:        4016004 kB
MemFree:          128152 kB
Active:           344260 kB
Mem:          3.8G       3.7G       125M       5.7M        20M       3.2G

MemTotal:        4016004 kB
MemFree:          128276 kB
Active:           344204 kB
Mem:          3.8G       3.7G       125M       5.7M        20M       3.2G

MemTotal:        4016004 kB
MemFree:          128276 kB
Active:           344264 kB
Mem:          3.8G       3.7G       125M       5.7M        20M       3.2G

MemTotal:        4016004 kB
MemFree:          128648 kB
Active:           344224 kB
Mem:          3.8G       3.7G       125M       5.7M        20M       3.2G

MemTotal:        4016004 kB
MemFree:          128524 kB
Active:           344264 kB
Mem:          3.8G       3.7G       125M       5.7M        20M       3.2G

MemTotal:        4016004 kB
MemFree:          128276 kB
Active:           344264 kB
Mem:          3.8G       3.7G       125M       5.7M        20M       3.2G

MemTotal:        4016004 kB
MemFree:          128648 kB
Active:           344220 kB
Mem:          3.8G       3.7G       125M       5.7M        20M       3.2G

MemTotal:        4016004 kB
MemFree:          128648 kB
Active:           344280 kB
Mem:          3.8G       3.7G       125M       5.7M        20M       3.2G

MemTotal:        4016004 kB
MemFree:          128648 kB
Active:           344276 kB
Mem:          3.8G       3.7G       125M       5.7M        20M       3.2G

MemTotal:        4016004 kB
MemFree:          128648 kB
Active:           344280 kB
Mem:          3.8G       3.7G       125M       5.7M        20M       3.2G

MemTotal:        4016004 kB
MemFree:          128648 kB
Active:           344240 kB
Mem:          3.8G       3.7G       125M       5.7M        20M       3.2G

MemTotal:        4016004 kB
MemFree:          128028 kB
Active:           344284 kB
Mem:          3.8G       3.7G       125M       5.7M        20M       3.2G

MemTotal:        4016004 kB
MemFree:          128276 kB
Active:           344284 kB
Mem:          3.8G       3.7G       125M       5.7M        21M       3.2G

MemTotal:        4016004 kB
MemFree:          128276 kB
Active:           344284 kB
Mem:          3.8G       3.7G       125M       5.7M        21M       3.2G

MemTotal:        4016004 kB
MemFree:          128152 kB
Active:           344256 kB
Mem:          3.8G       3.7G       125M       5.7M        21M       3.2G

MemTotal:        4016004 kB
MemFree:          128276 kB
Active:           344296 kB
Mem:          3.8G       3.7G       125M       5.7M        21M       3.2G

MemTotal:        4016004 kB
MemFree:          128284 kB
Active:           344288 kB
Mem:          3.8G       3.7G       125M       5.7M        21M       3.2G

MemTotal:        4016004 kB
MemFree:          128532 kB
Active:           344304 kB
Mem:          3.8G       3.7G       125M       5.7M        21M       3.2G

MemTotal:        4016004 kB
MemFree:          126484 kB
Active:           344280 kB
Mem:          3.8G       3.7G       123M       5.7M        21M       3.2G

MemTotal:        4016004 kB
MemFree:          126236 kB
Active:           346328 kB
Mem:          3.8G       3.7G       123M       5.7M        21M       3.2G

MemTotal:        4016004 kB
MemFree:          126484 kB
Active:           346292 kB
Mem:          3.8G       3.7G       123M       5.7M        21M       3.2G

MemTotal:        4016004 kB
MemFree:          126112 kB
Active:           346336 kB
Mem:          3.8G       3.7G       123M       5.7M        21M       3.2G

MemTotal:        4016004 kB
MemFree:          126360 kB
Active:           346288 kB
Mem:          3.8G       3.7G       123M       5.7M        21M       3.2G

MemTotal:        4016004 kB
MemFree:          126360 kB
Active:           346300 kB
Mem:          3.8G       3.7G       123M       5.7M        21M       3.2G

MemTotal:        4016004 kB
MemFree:          126236 kB
Active:           346324 kB
Mem:          3.8G       3.7G       123M       5.7M        21M       3.2G

MemTotal:        4016004 kB
MemFree:          126484 kB
Active:           346336 kB
Mem:          3.8G       3.7G       123M       5.7M        21M       3.2G

MemTotal:        4016004 kB
MemFree:          126484 kB
Active:           346336 kB
Mem:          3.8G       3.7G       123M       5.7M        21M       3.2G

MemTotal:        4016004 kB
MemFree:          126484 kB
Active:           346336 kB
Mem:          3.8G       3.7G       123M       5.7M        21M       3.2G

MemTotal:        4016004 kB
MemFree:          126484 kB
Active:           346336 kB
Mem:          3.8G       3.7G       123M       5.7M        21M       3.2G

MemTotal:        4016004 kB
MemFree:          126484 kB
Active:           346336 kB
Mem:          3.8G       3.7G       123M       5.7M        21M       3.2G

MemTotal:        4016004 kB
MemFree:          126608 kB
Active:           346332 kB
Mem:          3.8G       3.7G       123M       5.7M        21M       3.2G

MemTotal:        4016004 kB
MemFree:          126484 kB
Active:           346304 kB
Mem:          3.8G       3.7G       123M       5.7M        21M       3.2G

MemTotal:        4016004 kB
MemFree:          126484 kB
Active:           346320 kB
Mem:          3.8G       3.7G       123M       5.7M        21M       3.2G

MemTotal:        4016004 kB
MemFree:          126484 kB
Active:           346332 kB
Mem:          3.8G       3.7G       123M       5.7M        21M       3.2G

MemTotal:        4016004 kB
MemFree:          126484 kB
Active:           346352 kB
Mem:          3.8G       3.7G       123M       5.7M        21M       3.2G

MemTotal:        4016004 kB
MemFree:          126484 kB
Active:           346328 kB
Mem:          3.8G       3.7G       123M       5.7M        21M       3.2G

MemTotal:        4016004 kB
MemFree:          126608 kB
Active:           346336 kB
Mem:          3.8G       3.7G       123M       5.7M        21M       3.2G

MemTotal:        4016004 kB
MemFree:          126484 kB
Active:           346352 kB
Mem:          3.8G       3.7G       123M       5.7M        21M       3.2G

MemTotal:        4016004 kB
MemFree:          126484 kB
Active:           346352 kB
Mem:          3.8G       3.7G       123M       5.7M        21M       3.2G

MemTotal:        4016004 kB
MemFree:          126608 kB
Active:           346344 kB
Mem:          3.8G       3.7G       123M       5.7M        21M       3.2G

MemTotal:        4016004 kB
MemFree:          126360 kB
Active:           346328 kB
Mem:          3.8G       3.7G       123M       5.7M        21M       3.2G

MemTotal:        4016004 kB
MemFree:          126484 kB
Active:           346332 kB
Mem:          3.8G       3.7G       123M       5.7M        21M       3.2G

MemTotal:        4016004 kB
MemFree:          126484 kB
Active:           346344 kB
Mem:          3.8G       3.7G       123M       5.7M        21M       3.2G

MemTotal:        4016004 kB
MemFree:          126484 kB
Active:           346324 kB
Mem:          3.8G       3.7G       123M       5.7M        21M       3.2G

MemTotal:        4016004 kB
MemFree:          126360 kB
Active:           346336 kB
Mem:          3.8G       3.7G       123M       5.7M        21M       3.2G

MemTotal:        4016004 kB
MemFree:          126484 kB
Active:           346324 kB
Mem:          3.8G       3.7G       123M       5.7M        21M       3.2G

MemTotal:        4016004 kB
MemFree:          126484 kB
Active:           346340 kB
Mem:          3.8G       3.7G       123M       5.7M        21M       3.2G

MemTotal:        4016004 kB
MemFree:          126360 kB
Active:           346352 kB
Mem:          3.8G       3.7G       123M       5.7M        21M       3.2G

MemTotal:        4016004 kB
MemFree:          126360 kB
Active:           346332 kB
Mem:          3.8G       3.7G       123M       5.7M        21M       3.2G

MemTotal:        4016004 kB
MemFree:          126236 kB
Active:           346360 kB
Mem:          3.8G       3.7G       123M       5.7M        21M       3.2G

MemTotal:        4016004 kB
MemFree:          126360 kB
Active:           346372 kB
Mem:          3.8G       3.7G       123M       5.7M        21M       3.2G

MemTotal:        4016004 kB
MemFree:          126484 kB
Active:           346324 kB
Mem:          3.8G       3.7G       123M       5.7M        21M       3.2G

MemTotal:        4016004 kB
MemFree:          126484 kB
Active:           346348 kB
Mem:          3.8G       3.7G       123M       5.7M        21M       3.2G

MemTotal:        4016004 kB
MemFree:          126644 kB
Active:           346372 kB
Mem:          3.8G       3.7G       123M       5.7M        21M       3.2G

MemTotal:        4016004 kB
MemFree:          126520 kB
Active:           346356 kB
Mem:          3.8G       3.7G       123M       5.7M        21M       3.2G

MemTotal:        4016004 kB
MemFree:          126644 kB
Active:           346376 kB
Mem:          3.8G       3.7G       123M       5.7M        21M       3.2G

MemTotal:        4016004 kB
MemFree:          126644 kB
Active:           346340 kB
Mem:          3.8G       3.7G       123M       5.7M        21M       3.2G

MemTotal:        4016004 kB
MemFree:          126520 kB
Active:           346380 kB
Mem:          3.8G       3.7G       123M       5.7M        21M       3.2G

MemTotal:        4016004 kB
MemFree:          126644 kB
Active:           346380 kB
Mem:          3.8G       3.7G       123M       5.7M        21M       3.2G

MemTotal:        4016004 kB
MemFree:          126024 kB
Active:           346380 kB
Mem:          3.8G       3.7G       123M       5.7M        21M       3.2G

MemTotal:        4016004 kB
MemFree:          126396 kB
Active:           346332 kB
Mem:          3.8G       3.7G       123M       5.7M        21M       3.2G

MemTotal:        4016004 kB
MemFree:          126396 kB
Active:           346360 kB
Mem:          3.8G       3.7G       123M       5.7M        21M       3.2G

MemTotal:        4016004 kB
MemFree:          126396 kB
Active:           346352 kB
Mem:          3.8G       3.7G       123M       5.7M        21M       3.2G

MemTotal:        4016004 kB
MemFree:          126520 kB
Active:           346372 kB
Mem:          3.8G       3.7G       123M       5.7M        21M       3.2G

MemTotal:        4016004 kB
MemFree:          126520 kB
Active:           346372 kB
Mem:          3.8G       3.7G       123M       5.7M        21M       3.2G

MemTotal:        4016004 kB
MemFree:          126520 kB
Active:           346380 kB
Mem:          3.8G       3.7G       123M       5.7M        21M       3.2G

MemTotal:        4016004 kB
MemFree:          126520 kB
Active:           346372 kB
Mem:          3.8G       3.7G       123M       5.7M        21M       3.2G

MemTotal:        4016004 kB
MemFree:          126520 kB
Active:           346400 kB
Mem:          3.8G       3.7G       123M       5.7M        21M       3.2G

MemTotal:        4016004 kB
MemFree:          126520 kB
Active:           346392 kB
Mem:          3.8G       3.7G       123M       5.7M        21M       3.2G

MemTotal:        4016004 kB
MemFree:          126396 kB
Active:           346356 kB
Mem:          3.8G       3.7G       123M       5.7M        21M       3.2G

MemTotal:        4016004 kB
MemFree:          126520 kB
Active:           346372 kB
Mem:          3.8G       3.7G       123M       5.7M        21M       3.2G

MemTotal:        4016004 kB
MemFree:          126520 kB
Active:           346384 kB
Mem:          3.8G       3.7G       123M       5.7M        21M       3.2G

MemTotal:        4016004 kB
MemFree:          126520 kB
Active:           346348 kB
Mem:          3.8G       3.7G       123M       5.7M        21M       3.2G

MemTotal:        4016004 kB
MemFree:          126520 kB
Active:           346380 kB
Mem:          3.8G       3.7G       123M       5.7M        21M       3.2G

MemTotal:        4016004 kB
MemFree:          126024 kB
Active:           346424 kB
Mem:          3.8G       3.7G       123M       5.7M        21M       3.2G

MemTotal:        4016004 kB
MemFree:          126396 kB
Active:           346420 kB
Mem:          3.8G       3.7G       123M       5.7M        21M       3.2G

MemTotal:        4016004 kB
MemFree:          126396 kB
Active:           346396 kB
Mem:          3.8G       3.7G       123M       5.7M        21M       3.2G

MemTotal:        4016004 kB
MemFree:          126520 kB
Active:           346412 kB
Mem:          3.8G       3.7G       123M       5.7M        21M       3.2G

MemTotal:        4016004 kB
MemFree:          126148 kB
Active:           346432 kB
Mem:          3.8G       3.7G       123M       5.7M        21M       3.2G

MemTotal:        4016004 kB
MemFree:          126396 kB
Active:           346400 kB
Mem:          3.8G       3.7G       123M       5.7M        21M       3.2G

MemTotal:        4016004 kB
MemFree:          126272 kB
Active:           346400 kB
Mem:          3.8G       3.7G       123M       5.7M        21M       3.2G

MemTotal:        4016004 kB
MemFree:          126024 kB
Active:           346432 kB
Mem:          3.8G       3.7G       123M       5.7M        21M       3.2G

MemTotal:        4016004 kB
MemFree:          126272 kB
Active:           346392 kB
Mem:          3.8G       3.7G       123M       5.7M        21M       3.2G

MemTotal:        4016004 kB
MemFree:          126272 kB
Active:           346408 kB
Mem:          3.8G       3.7G       123M       5.7M        21M       3.2G

MemTotal:        4016004 kB
MemFree:          126272 kB
Active:           346436 kB
Mem:          3.8G       3.7G       123M       5.7M        21M       3.2G

MemTotal:        4016004 kB
MemFree:          126396 kB
Active:           346432 kB
Mem:          3.8G       3.7G       123M       5.7M        21M       3.2G

MemTotal:        4016004 kB
MemFree:          126148 kB
Active:           346444 kB
Mem:          3.8G       3.7G       123M       5.7M        21M       3.2G

MemTotal:        4016004 kB
MemFree:          126396 kB
Active:           346412 kB
Mem:          3.8G       3.7G       123M       5.7M        21M       3.2G

MemTotal:        4016004 kB
MemFree:          126520 kB
Active:           346404 kB
Mem:          3.8G       3.7G       123M       5.7M        21M       3.2G

MemTotal:        4016004 kB
MemFree:          126520 kB
Active:           346432 kB
Mem:          3.8G       3.7G       123M       5.7M        21M       3.2G

MemTotal:        4016004 kB
MemFree:          126396 kB
Active:           346484 kB
Mem:          3.8G       3.7G       123M       5.7M        21M       3.2G

MemTotal:        4016004 kB
MemFree:          126396 kB
Active:           346460 kB
Mem:          3.8G       3.7G       123M       5.7M        21M       3.2G

MemTotal:        4016004 kB
MemFree:          126272 kB
Active:           346612 kB
Mem:          3.8G       3.7G       123M       5.7M        21M       3.2G

MemTotal:        4016004 kB
MemFree:          126132 kB
Active:           346516 kB
Mem:          3.8G       3.7G       123M       5.7M        21M       3.2G

MemTotal:        4016004 kB
MemFree:          126256 kB
Active:           346492 kB
Mem:          3.8G       3.7G       123M       5.7M        21M       3.2G

MemTotal:        4016004 kB
MemFree:          126256 kB
Active:           346512 kB
Mem:          3.8G       3.7G       123M       5.7M        21M       3.2G

MemTotal:        4016004 kB
MemFree:          126008 kB
Active:           346508 kB
Mem:          3.8G       3.7G       123M       5.7M        21M       3.2G

MemTotal:        4016004 kB
MemFree:          126132 kB
Active:           346468 kB
Mem:          3.8G       3.7G       123M       5.7M        21M       3.2G

MemTotal:        4016004 kB
MemFree:          126132 kB
Active:           346508 kB
Mem:          3.8G       3.7G       123M       5.7M        21M       3.2G

MemTotal:        4016004 kB
MemFree:          126132 kB
Active:           346524 kB
Mem:          3.8G       3.7G       123M       5.7M        21M       3.2G

MemTotal:        4016004 kB
MemFree:          126132 kB
Active:           346488 kB
Mem:          3.8G       3.7G       123M       5.7M        21M       3.2G

MemTotal:        4016004 kB
MemFree:          126132 kB
Active:           346500 kB
Mem:          3.8G       3.7G       123M       5.7M        21M       3.2G

MemTotal:        4016004 kB
MemFree:          125636 kB
Active:           346516 kB
Mem:          3.8G       3.7G       122M       5.7M        21M       3.2G

MemTotal:        4016004 kB
MemFree:          125636 kB
Active:           346480 kB
Mem:          3.8G       3.7G       122M       5.7M        21M       3.2G

MemTotal:        4016004 kB
MemFree:          125636 kB
Active:           346532 kB
Mem:          3.8G       3.7G       122M       5.7M        21M       3.2G

MemTotal:        4016004 kB
MemFree:          125760 kB
Active:           346516 kB
Mem:          3.8G       3.7G       122M       5.7M        21M       3.2G

MemTotal:        4016004 kB
MemFree:          125520 kB
Active:           346488 kB
Mem:          3.8G       3.7G       122M       5.7M        21M       3.2G

MemTotal:        4016004 kB
MemFree:          125644 kB
Active:           346532 kB
Mem:          3.8G       3.7G       122M       5.7M        21M       3.2G

MemTotal:        4016004 kB
MemFree:          126264 kB
Active:           346520 kB
Mem:          3.8G       3.7G       123M       5.7M        21M       3.2G

MemTotal:        4016004 kB
MemFree:          127024 kB
Active:           346496 kB
Mem:          3.8G       3.7G       123M       5.7M        21M       3.2G

MemTotal:        4016004 kB
MemFree:          126404 kB
Active:           346532 kB
Mem:          3.8G       3.7G       123M       5.7M        21M       3.2G

MemTotal:        4016004 kB
MemFree:          126776 kB
Active:           346500 kB
Mem:          3.8G       3.7G       123M       5.7M        21M       3.2G

MemTotal:        4016004 kB
MemFree:          126776 kB
Active:           346500 kB
Mem:          3.8G       3.7G       123M       5.7M        21M       3.2G

MemTotal:        4016004 kB
MemFree:          126652 kB
Active:           346504 kB
Mem:          3.8G       3.7G       123M       5.7M        21M       3.2G

MemTotal:        4016004 kB
MemFree:          126776 kB
Active:           346508 kB
Mem:          3.8G       3.7G       123M       5.7M        21M       3.2G

MemTotal:        4016004 kB
MemFree:          126776 kB
Active:           346536 kB
Mem:          3.8G       3.7G       123M       5.7M        21M       3.2G

MemTotal:        4016004 kB
MemFree:          126776 kB
Active:           346508 kB
Mem:          3.8G       3.7G       123M       5.7M        21M       3.2G

MemTotal:        4016004 kB
MemFree:          126156 kB
Active:           346544 kB
Mem:          3.8G       3.7G       123M       5.7M        21M       3.2G

MemTotal:        4016004 kB
MemFree:          126528 kB
Active:           346512 kB
Mem:          3.8G       3.7G       123M       5.7M        21M       3.2G

MemTotal:        4016004 kB
MemFree:          126404 kB
Active:           346528 kB
Mem:          3.8G       3.7G       123M       5.7M        21M       3.2G

MemTotal:        4016004 kB
MemFree:          126528 kB
Active:           346516 kB
Mem:          3.8G       3.7G       123M       5.7M        21M       3.2G

MemTotal:        4016004 kB
MemFree:          126404 kB
Active:           346552 kB
Mem:          3.8G       3.7G       123M       5.7M        21M       3.2G

MemTotal:        4016004 kB
MemFree:          126528 kB
Active:           346540 kB
Mem:          3.8G       3.7G       123M       5.7M        21M       3.2G

MemTotal:        4016004 kB
MemFree:          126528 kB
Active:           346548 kB
Mem:          3.8G       3.7G       123M       5.7M        21M       3.2G

MemTotal:        4016004 kB
MemFree:          126404 kB
Active:           346540 kB
Mem:          3.8G       3.7G       123M       5.7M        21M       3.2G

MemTotal:        4016004 kB
MemFree:          126528 kB
Active:           346528 kB
Mem:          3.8G       3.7G       123M       5.7M        21M       3.2G

MemTotal:        4016004 kB
MemFree:          126776 kB
Active:           346564 kB
Mem:          3.8G       3.7G       123M       5.7M        21M       3.2G

MemTotal:        4016004 kB
MemFree:          126280 kB
Active:           346568 kB
Mem:          3.8G       3.7G       123M       5.7M        21M       3.2G

MemTotal:        4016004 kB
MemFree:          126652 kB
Active:           346528 kB
Mem:          3.8G       3.7G       123M       5.7M        21M       3.2G

MemTotal:        4016004 kB
MemFree:          126776 kB
Active:           346536 kB
Mem:          3.8G       3.7G       123M       5.7M        21M       3.2G

MemTotal:        4016004 kB
MemFree:          126528 kB
Active:           346532 kB
Mem:          3.8G       3.7G       123M       5.7M        21M       3.2G

MemTotal:        4016004 kB
MemFree:          126652 kB
Active:           346580 kB
Mem:          3.8G       3.7G       123M       5.7M        21M       3.2G

MemTotal:        4016004 kB
MemFree:          126528 kB
Active:           346580 kB
Mem:          3.8G       3.7G       123M       5.7M        21M       3.2G

MemTotal:        4016004 kB
MemFree:          126652 kB
Active:           346580 kB
Mem:          3.8G       3.7G       123M       5.7M        21M       3.2G

MemTotal:        4016004 kB
MemFree:          126652 kB
Active:           346544 kB
Mem:          3.8G       3.7G       123M       5.7M        21M       3.2G

MemTotal:        4016004 kB
MemFree:          126528 kB
Active:           346548 kB
Mem:          3.8G       3.7G       123M       5.7M        21M       3.2G

MemTotal:        4016004 kB
MemFree:          125908 kB
Active:           346588 kB
Mem:          3.8G       3.7G       123M       5.7M        21M       3.2G

MemTotal:        4016004 kB
MemFree:          126404 kB
Active:           346596 kB
Mem:          3.8G       3.7G       123M       5.7M        21M       3.2G

MemTotal:        4016004 kB
MemFree:          126280 kB
Active:           346564 kB
Mem:          3.8G       3.7G       123M       5.7M        21M       3.2G

MemTotal:        4016004 kB
MemFree:          126296 kB
Active:           346564 kB
Mem:          3.8G       3.7G       123M       5.7M        21M       3.2G

MemTotal:        4016004 kB
MemFree:          126420 kB
Active:           346560 kB
Mem:          3.8G       3.7G       123M       5.7M        21M       3.2G

MemTotal:        4016004 kB
MemFree:          126048 kB
Active:           346600 kB
Mem:          3.8G       3.7G       123M       5.7M        21M       3.2G

MemTotal:        4016004 kB
MemFree:          126296 kB
Active:           346600 kB
Mem:          3.8G       3.7G       123M       5.7M        21M       3.2G

MemTotal:        4016004 kB
MemFree:          126048 kB
Active:           346560 kB
Mem:          3.8G       3.7G       122M       5.7M        21M       3.2G

MemTotal:        4016004 kB
MemFree:          125800 kB
Active:           346576 kB
Mem:          3.8G       3.7G       122M       5.7M        21M       3.2G

MemTotal:        4016004 kB
MemFree:          126048 kB
Active:           346568 kB
Mem:          3.8G       3.7G       123M       5.7M        21M       3.2G

MemTotal:        4016004 kB
MemFree:          126048 kB
Active:           346608 kB
Mem:          3.8G       3.7G       123M       5.7M        21M       3.2G

MemTotal:        4016004 kB
MemFree:          126544 kB
Active:           346604 kB
Mem:          3.8G       3.7G       123M       5.7M        21M       3.2G

MemTotal:        4016004 kB
MemFree:          126544 kB
Active:           346608 kB
Mem:          3.8G       3.7G       123M       5.7M        21M       3.2G

MemTotal:        4016004 kB
MemFree:          126544 kB
Active:           346568 kB
Mem:          3.8G       3.7G       123M       5.7M        21M       3.2G

MemTotal:        4016004 kB
MemFree:          126544 kB
Active:           346604 kB
Mem:          3.8G       3.7G       123M       5.7M        21M       3.2G

MemTotal:        4016004 kB
MemFree:          126420 kB
Active:           346592 kB
Mem:          3.8G       3.7G       123M       5.7M        21M       3.2G

MemTotal:        4016004 kB
MemFree:          126420 kB
Active:           346592 kB
Mem:          3.8G       3.7G       123M       5.7M        21M       3.2G

MemTotal:        4016004 kB
MemFree:          126296 kB
Active:           346568 kB
Mem:          3.8G       3.7G       123M       5.7M        21M       3.2G

MemTotal:        4016004 kB
MemFree:          126544 kB
Active:           346584 kB
Mem:          3.8G       3.7G       123M       5.7M        21M       3.2G

MemTotal:        4016004 kB
MemFree:          126420 kB
Active:           346584 kB
Mem:          3.8G       3.7G       123M       5.7M        21M       3.2G

MemTotal:        4016004 kB
MemFree:          126420 kB
Active:           346600 kB
Mem:          3.8G       3.7G       123M       5.7M        21M       3.2G

MemTotal:        4016004 kB
MemFree:          126544 kB
Active:           346596 kB
Mem:          3.8G       3.7G       123M       5.7M        21M       3.2G

MemTotal:        4016004 kB
MemFree:          126296 kB
Active:           346620 kB
Mem:          3.8G       3.7G       123M       5.7M        21M       3.2G

MemTotal:        4016004 kB
MemFree:          126420 kB
Active:           346628 kB
Mem:          3.8G       3.7G       123M       5.7M        21M       3.2G

MemTotal:        4016004 kB
MemFree:          126420 kB
Active:           346632 kB
Mem:          3.8G       3.7G       123M       5.7M        21M       3.2G

MemTotal:        4016004 kB
MemFree:          126420 kB
Active:           346636 kB
Mem:          3.8G       3.7G       123M       5.7M        21M       3.2G

MemTotal:        4016004 kB
MemFree:          126544 kB
Active:           346600 kB
Mem:          3.8G       3.7G       123M       5.7M        21M       3.2G

MemTotal:        4016004 kB
MemFree:          125924 kB
Active:           346596 kB
Mem:          3.8G       3.7G       123M       5.7M        21M       3.2G

MemTotal:        4016004 kB
MemFree:          125924 kB
Active:           346636 kB
Mem:          3.8G       3.7G       123M       5.7M        21M       3.2G

MemTotal:        4016004 kB
MemFree:          125676 kB
Active:           346648 kB
Mem:          3.8G       3.7G       123M       5.7M        21M       3.2G

MemTotal:        4016004 kB
MemFree:          126048 kB
Active:           346624 kB
Mem:          3.8G       3.7G       123M       5.7M        21M       3.2G

MemTotal:        4016004 kB
MemFree:          126172 kB
Active:           346640 kB
Mem:          3.8G       3.7G       123M       5.7M        21M       3.2G

MemTotal:        4016004 kB
MemFree:          126048 kB
Active:           346636 kB
Mem:          3.8G       3.7G       123M       5.7M        21M       3.2G

MemTotal:        4016004 kB
MemFree:          126048 kB
Active:           346604 kB
Mem:          3.8G       3.7G       123M       5.7M        21M       3.2G

MemTotal:        4016004 kB
MemFree:          126172 kB
Active:           346624 kB
Mem:          3.8G       3.7G       123M       5.7M        21M       3.2G

MemTotal:        4016004 kB
MemFree:          126172 kB
Active:           346652 kB
Mem:          3.8G       3.7G       123M       5.7M        21M       3.2G

MemTotal:        4016004 kB
MemFree:          126420 kB
Active:           346652 kB
Mem:          3.8G       3.7G       123M       5.7M        21M       3.2G

MemTotal:        4016004 kB
MemFree:          126420 kB
Active:           346656 kB
Mem:          3.8G       3.7G       123M       5.7M        21M       3.2G

MemTotal:        4016004 kB
MemFree:          126420 kB
Active:           346656 kB
Mem:          3.8G       3.7G       123M       5.7M        21M       3.2G

MemTotal:        4016004 kB
MemFree:          126420 kB
Active:           346640 kB
Mem:          3.8G       3.7G       123M       5.7M        21M       3.2G

MemTotal:        4016004 kB
MemFree:          125924 kB
Active:           346660 kB
Mem:          3.8G       3.7G       123M       5.7M        21M       3.2G

MemTotal:        4016004 kB
MemFree:          126420 kB
Active:           346660 kB
Mem:          3.8G       3.7G       123M       5.7M        21M       3.2G

MemTotal:        4016004 kB
MemFree:          126420 kB
Active:           346660 kB
Mem:          3.8G       3.7G       123M       5.7M        21M       3.2G

MemTotal:        4016004 kB
MemFree:          126296 kB
Active:           346616 kB
Mem:          3.8G       3.7G       123M       5.7M        21M       3.2G

MemTotal:        4016004 kB
MemFree:          126420 kB
Active:           346636 kB
Mem:          3.8G       3.7G       123M       5.7M        21M       3.2G

MemTotal:        4016004 kB
MemFree:          125800 kB
Active:           346672 kB
Mem:          3.8G       3.7G       123M       5.7M        21M       3.2G

MemTotal:        4016004 kB
MemFree:          126296 kB
Active:           346672 kB
Mem:          3.8G       3.7G       123M       5.7M        21M       3.2G

MemTotal:        4016004 kB
MemFree:          126172 kB
Active:           346632 kB
Mem:          3.8G       3.7G       123M       5.7M        21M       3.2G

MemTotal:        4016004 kB
MemFree:          126296 kB
Active:           346672 kB
Mem:          3.8G       3.7G       123M       5.7M        21M       3.2G

MemTotal:        4016004 kB
MemFree:          126172 kB
Active:           346676 kB
Mem:          3.8G       3.7G       123M       5.7M        21M       3.2G

MemTotal:        4016004 kB
MemFree:          126296 kB
Active:           346628 kB
Mem:          3.8G       3.7G       123M       5.7M        21M       3.2G

MemTotal:        4016004 kB
MemFree:          126296 kB
Active:           346644 kB
Mem:          3.8G       3.7G       123M       5.7M        21M       3.2G

MemTotal:        4016004 kB
MemFree:          126172 kB
Active:           346652 kB
Mem:          3.8G       3.7G       123M       5.7M        21M       3.2G

MemTotal:        4016004 kB
MemFree:          125800 kB
Active:           346688 kB
Mem:          3.8G       3.7G       123M       5.7M        21M       3.2G

MemTotal:        4016004 kB
MemFree:          126296 kB
Active:           346688 kB
Mem:          3.8G       3.7G       123M       5.7M        21M       3.2G

MemTotal:        4016004 kB
MemFree:          126296 kB
Active:           346688 kB
Mem:          3.8G       3.7G       123M       5.7M        21M       3.2G

MemTotal:        4016004 kB
MemFree:          126048 kB
Active:           346652 kB
Mem:          3.8G       3.7G       122M       5.7M        21M       3.2G

MemTotal:        4016004 kB
MemFree:          125800 kB
Active:           346688 kB
Mem:          3.8G       3.7G       123M       5.7M        21M       3.2G

MemTotal:        4016004 kB
MemFree:          126172 kB
Active:           346692 kB
Mem:          3.8G       3.7G       123M       5.7M        21M       3.2G

MemTotal:        4016004 kB
MemFree:          125924 kB
Active:           346660 kB
Mem:          3.8G       3.7G       122M       5.7M        21M       3.2G

MemTotal:        4016004 kB
MemFree:          125924 kB
Active:           346676 kB
Mem:          3.8G       3.7G       122M       5.7M        21M       3.2G

MemTotal:        4016004 kB
MemFree:          126048 kB
Active:           346688 kB
Mem:          3.8G       3.7G       123M       5.7M        21M       3.2G

MemTotal:        4016004 kB
MemFree:          126172 kB
Active:           346668 kB
Mem:          3.8G       3.7G       123M       5.7M        21M       3.2G

MemTotal:        4016004 kB
MemFree:          126172 kB
Active:           346668 kB
Mem:          3.8G       3.7G       123M       5.7M        21M       3.2G

MemTotal:        4016004 kB
MemFree:          126172 kB
Active:           346700 kB
Mem:          3.8G       3.7G       123M       5.7M        21M       3.2G

MemTotal:        4016004 kB
MemFree:          126172 kB
Active:           346668 kB
Mem:          3.8G       3.7G       123M       5.7M        21M       3.2G

MemTotal:        4016004 kB
MemFree:          126172 kB
Active:           346700 kB
Mem:          3.8G       3.7G       123M       5.7M        21M       3.2G

MemTotal:        4016004 kB
MemFree:          126172 kB
Active:           346688 kB
Mem:          3.8G       3.7G       123M       5.7M        21M       3.2G

MemTotal:        4016004 kB
MemFree:          126172 kB
Active:           346692 kB
Mem:          3.8G       3.7G       123M       5.7M        21M       3.2G

MemTotal:        4016004 kB
MemFree:          126296 kB
Active:           346652 kB
Mem:          3.8G       3.7G       123M       5.7M        21M       3.2G

MemTotal:        4016004 kB
MemFree:          126296 kB
Active:           346700 kB
Mem:          3.8G       3.7G       123M       5.7M        21M       3.2G

MemTotal:        4016004 kB
MemFree:          125800 kB
Active:           346708 kB
Mem:          3.8G       3.7G       123M       5.7M        21M       3.2G

MemTotal:        4016004 kB
MemFree:          126172 kB
Active:           346660 kB
Mem:          3.8G       3.7G       123M       5.7M        21M       3.2G

MemTotal:        4016004 kB
MemFree:          125800 kB
Active:           346712 kB
Mem:          3.8G       3.7G       122M       5.7M        21M       3.2G

MemTotal:        4016004 kB
MemFree:          126544 kB
Active:           346464 kB
Mem:          3.8G       3.7G       123M       5.7M        21M       3.2G

MemTotal:        4016004 kB
MemFree:          126084 kB
Active:           346260 kB
Mem:          3.8G       3.7G       123M       5.7M        21M       3.2G

MemTotal:        4016004 kB
MemFree:          126704 kB
Active:           346284 kB
Mem:          3.8G       3.7G       123M       5.7M        21M       3.2G

MemTotal:        4016004 kB
MemFree:          126704 kB
Active:           346264 kB
Mem:          3.8G       3.7G       123M       5.7M        21M       3.2G

MemTotal:        4016004 kB
MemFree:          126952 kB
Active:           346304 kB
Mem:          3.8G       3.7G       124M       5.7M        21M       3.2G

MemTotal:        4016004 kB
MemFree:          126952 kB
Active:           346304 kB
Mem:          3.8G       3.7G       124M       5.7M        21M       3.2G

MemTotal:        4016004 kB
MemFree:          127076 kB
Active:           346264 kB
Mem:          3.8G       3.7G       124M       5.7M        21M       3.2G

MemTotal:        4016004 kB
MemFree:          126704 kB
Active:           346316 kB
Mem:          3.8G       3.7G       123M       5.7M        21M       3.2G

MemTotal:        4016004 kB
MemFree:          126704 kB
Active:           346288 kB
Mem:          3.8G       3.7G       123M       5.7M        21M       3.2G

MemTotal:        4016004 kB
MemFree:          126828 kB
Active:           346272 kB
Mem:          3.8G       3.7G       123M       5.7M        21M       3.2G

MemTotal:        4016004 kB
MemFree:          126580 kB
Active:           346304 kB
Mem:          3.8G       3.7G       123M       5.7M        21M       3.2G

MemTotal:        4016004 kB
MemFree:          126580 kB
Active:           346332 kB
Mem:          3.8G       3.7G       123M       5.7M        21M       3.2G

MemTotal:        4016004 kB
MemFree:          126224 kB
Active:           346336 kB
Mem:          3.8G       3.7G       123M       5.7M        21M       3.2G

MemTotal:        4016004 kB
MemFree:          126472 kB
Active:           346308 kB
Mem:          3.8G       3.7G       123M       5.7M        21M       3.2G

MemTotal:        4016004 kB
MemFree:          126348 kB
Active:           346288 kB
Mem:          3.8G       3.7G       123M       5.7M        21M       3.2G

MemTotal:        4016004 kB
MemFree:          126472 kB
Active:           346316 kB
Mem:          3.8G       3.7G       123M       5.7M        21M       3.2G

MemTotal:        4016004 kB
MemFree:          126472 kB
Active:           346292 kB
Mem:          3.8G       3.7G       123M       5.7M        21M       3.2G

MemTotal:        4016004 kB
MemFree:          126596 kB
Active:           346280 kB
Mem:          3.8G       3.7G       123M       5.7M        21M       3.2G

MemTotal:        4016004 kB
MemFree:          126348 kB
Active:           346308 kB
Mem:          3.8G       3.7G       123M       5.7M        21M       3.2G

MemTotal:        4016004 kB
MemFree:          126968 kB
Active:           346296 kB
Mem:          3.8G       3.7G       123M       5.7M        21M       3.2G

MemTotal:        4016004 kB
MemFree:          126844 kB
Active:           346320 kB
Mem:          3.8G       3.7G       123M       5.7M        21M       3.2G

MemTotal:        4016004 kB
MemFree:          126488 kB
Active:           346300 kB
Mem:          3.8G       3.7G       123M       5.7M        21M       3.2G

MemTotal:        4016004 kB
MemFree:          126364 kB
Active:           346336 kB
Mem:          3.8G       3.7G       123M       5.7M        21M       3.2G

MemTotal:        4016004 kB
MemFree:          126488 kB
Active:           346320 kB
Mem:          3.8G       3.7G       123M       5.7M        21M       3.2G

MemTotal:        4016004 kB
MemFree:          126488 kB
Active:           346316 kB
Mem:          3.8G       3.7G       123M       5.7M        21M       3.2G

MemTotal:        4016004 kB
MemFree:          125992 kB
Active:           346356 kB
Mem:          3.8G       3.7G       123M       5.7M        21M       3.2G

MemTotal:        4016004 kB
MemFree:          126364 kB
Active:           346320 kB
Mem:          3.8G       3.7G       123M       5.7M        21M       3.2G

MemTotal:        4016004 kB
MemFree:          126736 kB
Active:           346312 kB
Mem:          3.8G       3.7G       123M       5.7M        21M       3.2G

MemTotal:        4016004 kB
MemFree:          126488 kB
Active:           346324 kB
Mem:          3.8G       3.7G       123M       5.7M        21M       3.2G

MemTotal:        4016004 kB
MemFree:          126240 kB
Active:           346368 kB
Mem:          3.8G       3.7G       123M       5.7M        21M       3.2G

MemTotal:        4016004 kB
MemFree:          126612 kB
Active:           346356 kB
Mem:          3.8G       3.7G       123M       5.7M        21M       3.2G

MemTotal:        4016004 kB
MemFree:          126612 kB
Active:           346340 kB
