MemTotal:        4016004 kB
MemFree:         3227176 kB
Active:           430912 kB
Mem:          3.8G       770M       3.1G       5.7M        58M       319M

MemTotal:        4016004 kB
MemFree:         3227256 kB
Active:           430888 kB
Mem:          3.8G       769M       3.1G       5.7M        58M       319M

MemTotal:        4016004 kB
MemFree:         3227504 kB
Active:           430932 kB
Mem:          3.8G       769M       3.1G       5.7M        58M       319M

MemTotal:        4016004 kB
MemFree:         3227876 kB
Active:           430960 kB
Mem:          3.8G       769M       3.1G       5.7M        58M       319M

MemTotal:        4016004 kB
MemFree:         3228480 kB
Active:           430944 kB
Mem:          3.8G       769M       3.1G       5.7M        58M       319M

MemTotal:        4016004 kB
MemFree:         3227984 kB
Active:           430940 kB
Mem:          3.8G       769M       3.1G       5.7M        58M       319M

MemTotal:        4016004 kB
MemFree:         3228092 kB
Active:           430952 kB
Mem:          3.8G       769M       3.1G       5.7M        58M       319M

MemTotal:        4016004 kB
MemFree:         3227844 kB
Active:           430932 kB
Mem:          3.8G       769M       3.1G       5.7M        58M       319M

MemTotal:        4016004 kB
MemFree:         3227952 kB
Active:           430960 kB
Mem:          3.8G       769M       3.1G       5.7M        58M       319M

MemTotal:        4016004 kB
MemFree:         3227564 kB
Active:           430972 kB
Mem:          3.8G       769M       3.1G       5.7M        58M       319M

MemTotal:        4016004 kB
MemFree:         3227672 kB
Active:           430928 kB
Mem:          3.8G       770M       3.1G       5.7M        58M       319M

MemTotal:        4016004 kB
MemFree:         3227904 kB
Active:           430940 kB
Mem:          3.8G       769M       3.1G       5.7M        58M       319M

MemTotal:        4016004 kB
MemFree:         3227888 kB
Active:           430968 kB
Mem:          3.8G       769M       3.1G       5.7M        58M       319M

MemTotal:        4016004 kB
MemFree:         3228028 kB
Active:           430936 kB
Mem:          3.8G       769M       3.1G       5.7M        58M       319M

MemTotal:        4016004 kB
MemFree:         3228060 kB
Active:           430980 kB
Mem:          3.8G       769M       3.1G       5.7M        58M       319M

MemTotal:        4016004 kB
MemFree:         3228432 kB
Active:           430940 kB
Mem:          3.8G       769M       3.1G       5.7M        58M       319M

MemTotal:        4016004 kB
MemFree:         3228556 kB
Active:           430956 kB
Mem:          3.8G       768M       3.1G       5.7M        58M       319M

MemTotal:        4016004 kB
MemFree:         3228060 kB
Active:           430976 kB
Mem:          3.8G       769M       3.1G       5.7M        58M       319M

MemTotal:        4016004 kB
MemFree:         3227936 kB
Active:           430944 kB
Mem:          3.8G       769M       3.1G       5.7M        58M       319M

MemTotal:        4016004 kB
MemFree:         3227936 kB
Active:           430944 kB
Mem:          3.8G       769M       3.1G       5.7M        58M       319M

MemTotal:        4016004 kB
MemFree:         3228060 kB
Active:           430972 kB
Mem:          3.8G       769M       3.1G       5.7M        58M       319M

MemTotal:        4016004 kB
MemFree:         3227564 kB
Active:           430964 kB
Mem:          3.8G       769M       3.1G       5.7M        58M       319M

MemTotal:        4016004 kB
MemFree:         3227440 kB
Active:           430988 kB
Mem:          3.8G       770M       3.1G       5.7M        58M       319M

MemTotal:        4016004 kB
MemFree:         3227812 kB
Active:           430944 kB
Mem:          3.8G       769M       3.1G       5.7M        58M       319M

MemTotal:        4016004 kB
MemFree:         3227440 kB
Active:           429104 kB
Mem:          3.8G       770M       3.1G       5.7M        58M       319M

MemTotal:        4016004 kB
MemFree:         3227376 kB
Active:           430956 kB
Mem:          3.8G       769M       3.1G       5.7M        58M       319M

MemTotal:        4016004 kB
MemFree:         3227748 kB
Active:           430968 kB
Mem:          3.8G       769M       3.1G       5.7M        58M       319M

MemTotal:        4016004 kB
MemFree:         3227748 kB
Active:           430988 kB
Mem:          3.8G       769M       3.1G       5.7M        58M       319M

MemTotal:        4016004 kB
MemFree:         3227344 kB
Active:           431004 kB
Mem:          3.8G       770M       3.1G       5.7M        58M       319M

MemTotal:        4016004 kB
MemFree:         3226832 kB
Active:           431004 kB
Mem:          3.8G       770M       3.1G       5.7M        58M       319M

MemTotal:        4016004 kB
MemFree:         3227436 kB
Active:           430964 kB
Mem:          3.8G       770M       3.1G       5.7M        58M       319M

MemTotal:        4016004 kB
MemFree:         3227544 kB
Active:           430960 kB
Mem:          3.8G       769M       3.1G       5.7M        58M       319M

MemTotal:        4016004 kB
MemFree:         3227576 kB
Active:           430964 kB
Mem:          3.8G       770M       3.1G       5.7M        58M       319M

MemTotal:        4016004 kB
MemFree:         3227824 kB
Active:           430952 kB
Mem:          3.8G       769M       3.1G       5.7M        58M       319M

MemTotal:        4016004 kB
MemFree:         3227824 kB
Active:           430960 kB
Mem:          3.8G       769M       3.1G       5.7M        58M       319M

MemTotal:        4016004 kB
MemFree:         3227576 kB
Active:           431012 kB
Mem:          3.8G       769M       3.1G       5.7M        58M       319M

MemTotal:        4016004 kB
MemFree:         3227824 kB
Active:           430992 kB
Mem:          3.8G       769M       3.1G       5.7M        58M       319M

MemTotal:        4016004 kB
MemFree:         3227824 kB
Active:           430996 kB
Mem:          3.8G       769M       3.1G       5.7M        58M       319M

MemTotal:        4016004 kB
MemFree:         3227452 kB
Active:           431028 kB
Mem:          3.8G       770M       3.1G       5.7M        58M       319M

MemTotal:        4016004 kB
MemFree:         3227328 kB
Active:           431028 kB
Mem:          3.8G       769M       3.1G       5.7M        58M       319M

MemTotal:        4016004 kB
MemFree:         3227528 kB
Active:           431028 kB
Mem:          3.8G       769M       3.1G       5.7M        58M       319M

MemTotal:        4016004 kB
MemFree:         3227792 kB
Active:           430972 kB
Mem:          3.8G       769M       3.1G       5.7M        58M       319M

MemTotal:        4016004 kB
MemFree:         3227156 kB
Active:           431048 kB
Mem:          3.8G       770M       3.1G       5.7M        58M       319M

MemTotal:        4016004 kB
MemFree:         3227528 kB
Active:           430992 kB
Mem:          3.8G       769M       3.1G       5.7M        58M       319M

MemTotal:        4016004 kB
MemFree:         3227588 kB
Active:           429012 kB
Mem:          3.8G       770M       3.1G       5.7M        58M       319M

MemTotal:        4016004 kB
MemFree:         3227836 kB
Active:           431012 kB
Mem:          3.8G       769M       3.1G       5.7M        58M       319M

MemTotal:        4016004 kB
MemFree:         3227836 kB
Active:           431016 kB
Mem:          3.8G       769M       3.1G       5.7M        58M       319M

MemTotal:        4016004 kB
MemFree:         3227900 kB
Active:           431008 kB
Mem:          3.8G       769M       3.1G       5.7M        58M       319M

MemTotal:        4016004 kB
MemFree:         3227900 kB
Active:           431016 kB
Mem:          3.8G       769M       3.1G       5.7M        58M       319M

MemTotal:        4016004 kB
MemFree:         3227652 kB
Active:           431020 kB
Mem:          3.8G       769M       3.1G       5.7M        58M       319M

MemTotal:        4016004 kB
MemFree:         3227404 kB
Active:           431072 kB
Mem:          3.8G       769M       3.1G       5.7M        58M       319M

MemTotal:        4016004 kB
MemFree:         3227776 kB
Active:           431068 kB
Mem:          3.8G       769M       3.1G       5.7M        58M       319M

MemTotal:        4016004 kB
MemFree:         3227776 kB
Active:           431048 kB
Mem:          3.8G       769M       3.1G       5.7M        58M       319M

MemTotal:        4016004 kB
MemFree:         3227776 kB
Active:           431052 kB
Mem:          3.8G       769M       3.1G       5.7M        58M       319M

MemTotal:        4016004 kB
MemFree:         3227652 kB
Active:           431068 kB
Mem:          3.8G       770M       3.1G       5.7M        58M       319M

MemTotal:        4016004 kB
MemFree:         3227776 kB
Active:           431072 kB
Mem:          3.8G       769M       3.1G       5.7M        58M       319M

MemTotal:        4016004 kB
MemFree:         3227404 kB
Active:           431096 kB
Mem:          3.8G       769M       3.1G       5.7M        58M       319M

MemTotal:        4016004 kB
MemFree:         3227404 kB
Active:           431096 kB
Mem:          3.8G       770M       3.1G       5.7M        58M       319M

MemTotal:        4016004 kB
MemFree:         3227620 kB
Active:           431100 kB
Mem:          3.8G       770M       3.1G       5.7M        58M       319M

MemTotal:        4016004 kB
MemFree:         3227380 kB
Active:           431080 kB
Mem:          3.8G       770M       3.1G       5.7M        58M       319M

MemTotal:        4016004 kB
MemFree:         3227256 kB
Active:           431088 kB
Mem:          3.8G       770M       3.1G       5.7M        58M       319M

MemTotal:        4016004 kB
MemFree:         3227488 kB
Active:           431052 kB
Mem:          3.8G       770M       3.1G       5.7M        58M       319M

MemTotal:        4016004 kB
MemFree:         3227612 kB
Active:           431052 kB
Mem:          3.8G       770M       3.1G       5.7M        58M       319M

MemTotal:        4016004 kB
MemFree:         3227348 kB
Active:           431064 kB
Mem:          3.8G       770M       3.1G       5.7M        58M       319M

MemTotal:        4016004 kB
MemFree:         3227224 kB
Active:           431108 kB
Mem:          3.8G       770M       3.1G       5.7M        58M       319M

MemTotal:        4016004 kB
MemFree:         3227968 kB
Active:           431076 kB
Mem:          3.8G       769M       3.1G       5.7M        58M       319M

MemTotal:        4016004 kB
MemFree:         3227844 kB
Active:           431080 kB
Mem:          3.8G       769M       3.1G       5.7M        58M       319M

MemTotal:        4016004 kB
MemFree:         3227720 kB
Active:           431104 kB
Mem:          3.8G       769M       3.1G       5.7M        58M       319M

MemTotal:        4016004 kB
MemFree:         3227456 kB
Active:           431104 kB
Mem:          3.8G       770M       3.1G       5.7M        58M       319M

MemTotal:        4016004 kB
MemFree:         3227580 kB
Active:           431108 kB
Mem:          3.8G       769M       3.1G       5.7M        58M       319M

MemTotal:        4016004 kB
MemFree:         3227332 kB
Active:           431116 kB
Mem:          3.8G       770M       3.1G       5.7M        58M       319M

MemTotal:        4016004 kB
MemFree:         3227208 kB
Active:           431108 kB
Mem:          3.8G       770M       3.1G       5.7M        58M       319M

MemTotal:        4016004 kB
MemFree:         3227208 kB
Active:           431060 kB
Mem:          3.8G       770M       3.1G       5.7M        58M       319M

MemTotal:        4016004 kB
MemFree:         3227332 kB
Active:           431080 kB
Mem:          3.8G       769M       3.1G       5.7M        58M       319M

MemTotal:        4016004 kB
MemFree:         3227704 kB
Active:           431084 kB
Mem:          3.8G       769M       3.1G       5.7M        58M       319M

MemTotal:        4016004 kB
MemFree:         3227704 kB
Active:           431084 kB
Mem:          3.8G       769M       3.1G       5.7M        58M       319M

MemTotal:        4016004 kB
MemFree:         3227332 kB
Active:           431116 kB
Mem:          3.8G       770M       3.1G       5.7M        58M       319M

MemTotal:        4016004 kB
MemFree:         3227456 kB
Active:           431076 kB
Mem:          3.8G       770M       3.1G       5.7M        58M       319M

MemTotal:        4016004 kB
MemFree:         3227456 kB
Active:           431120 kB
Mem:          3.8G       770M       3.1G       5.7M        58M       319M

MemTotal:        4016004 kB
MemFree:         3227332 kB
Active:           431092 kB
Mem:          3.8G       769M       3.1G       5.7M        58M       319M

MemTotal:        4016004 kB
MemFree:         3227828 kB
Active:           431108 kB
Mem:          3.8G       770M       3.1G       5.7M        58M       319M

MemTotal:        4016004 kB
MemFree:         3227832 kB
Active:           431084 kB
Mem:          3.8G       769M       3.1G       5.7M        58M       319M

MemTotal:        4016004 kB
MemFree:         3227708 kB
Active:           431084 kB
Mem:          3.8G       769M       3.1G       5.7M        58M       319M

MemTotal:        4016004 kB
MemFree:         3227460 kB
Active:           431136 kB
Mem:          3.8G       769M       3.1G       5.7M        58M       319M

MemTotal:        4016004 kB
MemFree:         3227832 kB
Active:           431088 kB
Mem:          3.8G       769M       3.1G       5.7M        58M       319M

MemTotal:        4016004 kB
MemFree:         3227956 kB
Active:           431104 kB
Mem:          3.8G       769M       3.1G       5.7M        58M       319M

MemTotal:        4016004 kB
MemFree:         3227956 kB
Active:           431108 kB
Mem:          3.8G       769M       3.1G       5.7M        58M       319M

MemTotal:        4016004 kB
MemFree:         3227832 kB
Active:           431120 kB
Mem:          3.8G       769M       3.1G       5.7M        58M       319M

MemTotal:        4016004 kB
MemFree:         3227692 kB
Active:           431096 kB
Mem:          3.8G       770M       3.1G       5.7M        58M       319M

MemTotal:        4016004 kB
MemFree:         3227676 kB
Active:           431140 kB
Mem:          3.8G       770M       3.1G       5.7M        58M       319M

MemTotal:        4016004 kB
MemFree:         3227676 kB
Active:           431088 kB
Mem:          3.8G       770M       3.1G       5.7M        58M       319M

MemTotal:        4016004 kB
MemFree:         3227412 kB
Active:           431148 kB
Mem:          3.8G       770M       3.1G       5.7M        58M       319M

MemTotal:        4016004 kB
MemFree:         3227164 kB
Active:           431152 kB
Mem:          3.8G       770M       3.1G       5.7M        58M       319M

MemTotal:        4016004 kB
MemFree:         3226900 kB
Active:           431152 kB
Mem:          3.8G       770M       3.1G       5.7M        58M       319M

MemTotal:        4016004 kB
MemFree:         3227368 kB
Active:           431140 kB
Mem:          3.8G       770M       3.1G       5.7M        58M       319M

MemTotal:        4016004 kB
MemFree:         3226996 kB
Active:           431152 kB
Mem:          3.8G       770M       3.1G       5.7M        58M       319M

MemTotal:        4016004 kB
MemFree:         3227368 kB
Active:           431140 kB
Mem:          3.8G       770M       3.1G       5.7M        58M       319M

MemTotal:        4016004 kB
MemFree:         3227740 kB
Active:           431128 kB
Mem:          3.8G       770M       3.1G       5.7M        58M       319M

MemTotal:        4016004 kB
MemFree:         3227244 kB
Active:           431164 kB
Mem:          3.8G       770M       3.1G       5.7M        58M       319M

MemTotal:        4016004 kB
MemFree:         3227476 kB
Active:           431124 kB
Mem:          3.8G       769M       3.1G       5.7M        58M       319M

MemTotal:        4016004 kB
MemFree:         3227584 kB
Active:           431144 kB
Mem:          3.8G       769M       3.1G       5.7M        58M       319M

MemTotal:        4016004 kB
MemFree:         3227444 kB
Active:           431140 kB
Mem:          3.8G       770M       3.1G       5.7M        58M       319M

MemTotal:        4016004 kB
MemFree:         3227320 kB
Active:           431124 kB
Mem:          3.8G       770M       3.1G       5.7M        58M       319M

MemTotal:        4016004 kB
MemFree:         3227264 kB
Active:           429172 kB
Mem:          3.8G       770M       3.1G       5.7M        58M       319M

MemTotal:        4016004 kB
MemFree:         3227284 kB
Active:           431140 kB
Mem:          3.8G       770M       3.1G       5.7M        58M       319M

MemTotal:        4016004 kB
MemFree:         3227516 kB
Active:           431144 kB
Mem:          3.8G       770M       3.1G       5.7M        58M       319M

MemTotal:        4016004 kB
MemFree:         3227452 kB
Active:           431144 kB
Mem:          3.8G       769M       3.1G       5.7M        58M       319M

MemTotal:        4016004 kB
MemFree:         3227780 kB
Active:           431176 kB
Mem:          3.8G       769M       3.1G       5.7M        58M       319M

MemTotal:        4016004 kB
MemFree:         3228028 kB
Active:           431132 kB
Mem:          3.8G       769M       3.1G       5.7M        58M       319M

MemTotal:        4016004 kB
MemFree:         3227904 kB
Active:           431148 kB
Mem:          3.8G       769M       3.1G       5.7M        58M       319M

MemTotal:        4016004 kB
MemFree:         3228028 kB
Active:           431156 kB
Mem:          3.8G       769M       3.1G       5.7M        58M       319M

MemTotal:        4016004 kB
MemFree:         3227532 kB
Active:           431168 kB
Mem:          3.8G       770M       3.1G       5.7M        58M       319M

MemTotal:        4016004 kB
MemFree:         3227780 kB
Active:           431128 kB
Mem:          3.8G       769M       3.1G       5.7M        58M       319M

MemTotal:        4016004 kB
MemFree:         3227904 kB
Active:           431176 kB
Mem:          3.8G       769M       3.1G       5.7M        58M       319M

MemTotal:        4016004 kB
MemFree:         3227284 kB
Active:           431172 kB
Mem:          3.8G       770M       3.1G       5.7M        58M       319M

MemTotal:        4016004 kB
MemFree:         3226664 kB
Active:           431188 kB
Mem:          3.8G       770M       3.1G       5.7M        58M       319M

MemTotal:        4016004 kB
MemFree:         3227160 kB
Active:           431156 kB
Mem:          3.8G       770M       3.1G       5.7M        58M       319M

MemTotal:        4016004 kB
MemFree:         3227160 kB
Active:           431148 kB
Mem:          3.8G       770M       3.1G       5.7M        58M       319M

MemTotal:        4016004 kB
MemFree:         3226788 kB
Active:           431204 kB
Mem:          3.8G       770M       3.1G       5.7M        58M       319M

MemTotal:        4016004 kB
MemFree:         3226540 kB
Active:           431204 kB
Mem:          3.8G       770M       3.1G       5.7M        58M       319M

MemTotal:        4016004 kB
MemFree:         3226880 kB
Active:           431200 kB
Mem:          3.8G       770M       3.1G       5.7M        58M       319M

MemTotal:        4016004 kB
MemFree:         3227236 kB
Active:           431180 kB
Mem:          3.8G       770M       3.1G       5.7M        58M       319M

MemTotal:        4016004 kB
MemFree:         3226740 kB
Active:           431204 kB
Mem:          3.8G       770M       3.1G       5.7M        58M       319M

MemTotal:        4016004 kB
MemFree:         3227292 kB
Active:           429124 kB
Mem:          3.8G       769M       3.1G       5.7M        58M       319M

MemTotal:        4016004 kB
MemFree:         3227788 kB
Active:           431168 kB
Mem:          3.8G       769M       3.1G       5.7M        58M       319M

MemTotal:        4016004 kB
MemFree:         3227772 kB
Active:           431200 kB
Mem:          3.8G       769M       3.1G       5.7M        58M       319M

MemTotal:        4016004 kB
MemFree:         3227632 kB
Active:           431148 kB
Mem:          3.8G       769M       3.1G       5.7M        58M       319M

MemTotal:        4016004 kB
MemFree:         3226748 kB
Active:           431208 kB
Mem:          3.8G       770M       3.1G       5.7M        58M       319M

MemTotal:        4016004 kB
MemFree:         3227104 kB
Active:           431180 kB
Mem:          3.8G       770M       3.1G       5.7M        58M       319M

MemTotal:        4016004 kB
MemFree:         3226732 kB
Active:           431184 kB
Mem:          3.8G       770M       3.1G       5.7M        58M       319M

MemTotal:        4016004 kB
MemFree:         3226484 kB
Active:           431216 kB
Mem:          3.8G       770M       3.1G       5.7M        58M       319M

MemTotal:        4016004 kB
MemFree:         3226980 kB
Active:           431180 kB
Mem:          3.8G       770M       3.1G       5.7M        58M       319M

MemTotal:        4016004 kB
MemFree:         3226964 kB
Active:           431176 kB
Mem:          3.8G       770M       3.1G       5.7M        58M       319M

MemTotal:        4016004 kB
MemFree:         3226904 kB
Active:           429136 kB
Mem:          3.8G       770M       3.1G       5.7M        58M       319M

MemTotal:        4016004 kB
MemFree:         3226656 kB
Active:           431216 kB
Mem:          3.8G       770M       3.1G       5.7M        58M       319M

MemTotal:        4016004 kB
MemFree:         3226656 kB
Active:           431184 kB
Mem:          3.8G       771M       3.1G       5.7M        58M       319M

MemTotal:        4016004 kB
MemFree:         3226532 kB
Active:           431200 kB
Mem:          3.8G       770M       3.1G       5.7M        58M       319M

MemTotal:        4016004 kB
MemFree:         3226532 kB
Active:           431188 kB
Mem:          3.8G       770M       3.1G       5.7M        58M       319M

MemTotal:        4016004 kB
MemFree:         3227124 kB
Active:           431192 kB
Mem:          3.8G       770M       3.1G       5.7M        58M       319M

MemTotal:        4016004 kB
MemFree:         3227248 kB
Active:           431220 kB
Mem:          3.8G       770M       3.1G       5.7M        58M       319M

MemTotal:        4016004 kB
MemFree:         3226628 kB
Active:           431240 kB
Mem:          3.8G       770M       3.1G       5.7M        58M       319M

MemTotal:        4016004 kB
MemFree:         3226876 kB
Active:           431240 kB
Mem:          3.8G       770M       3.1G       5.7M        58M       319M

MemTotal:        4016004 kB
MemFree:         3226876 kB
Active:           431220 kB
Mem:          3.8G       770M       3.1G       5.7M        58M       319M

MemTotal:        4016004 kB
MemFree:         3226928 kB
Active:           429156 kB
Mem:          3.8G       770M       3.1G       5.7M        58M       319M

MemTotal:        4016004 kB
MemFree:         3226928 kB
Active:           429164 kB
Mem:          3.8G       770M       3.1G       5.7M        58M       319M

MemTotal:        4016004 kB
MemFree:         3227300 kB
Active:           431216 kB
Mem:          3.8G       770M       3.1G       5.7M        58M       319M

MemTotal:        4016004 kB
MemFree:         3227300 kB
Active:           431212 kB
Mem:          3.8G       770M       3.1G       5.7M        58M       319M

MemTotal:        4016004 kB
MemFree:         3227492 kB
Active:           431212 kB
Mem:          3.8G       770M       3.1G       5.7M        58M       319M

MemTotal:        4016004 kB
MemFree:         3227648 kB
Active:           431216 kB
Mem:          3.8G       769M       3.1G       5.7M        58M       319M

MemTotal:        4016004 kB
MemFree:         3227540 kB
Active:           431208 kB
Mem:          3.8G       769M       3.1G       5.7M        58M       319M

MemTotal:        4016004 kB
MemFree:         3227664 kB
Active:           431212 kB
Mem:          3.8G       770M       3.1G       5.7M        58M       319M

MemTotal:        4016004 kB
MemFree:         3227556 kB
Active:           431224 kB
Mem:          3.8G       770M       3.1G       5.7M        58M       319M

MemTotal:        4016004 kB
MemFree:         3227556 kB
Active:           431232 kB
Mem:          3.8G       770M       3.1G       5.7M        58M       319M

MemTotal:        4016004 kB
MemFree:         3227556 kB
Active:           431216 kB
Mem:          3.8G       770M       3.1G       5.7M        58M       319M

MemTotal:        4016004 kB
MemFree:         3227556 kB
Active:           431216 kB
Mem:          3.8G       770M       3.1G       5.7M        58M       319M

MemTotal:        4016004 kB
MemFree:         3227432 kB
Active:           431232 kB
Mem:          3.8G       770M       3.1G       5.7M        58M       319M

MemTotal:        4016004 kB
MemFree:         3227556 kB
Active:           431244 kB
Mem:          3.8G       769M       3.1G       5.7M        58M       319M

MemTotal:        4016004 kB
MemFree:         3227416 kB
Active:           431264 kB
Mem:          3.8G       770M       3.1G       5.7M        58M       319M

MemTotal:        4016004 kB
MemFree:         3227540 kB
Active:           431256 kB
Mem:          3.8G       770M       3.1G       5.7M        58M       319M

MemTotal:        4016004 kB
MemFree:         3228052 kB
Active:           431268 kB
Mem:          3.8G       769M       3.1G       5.7M        58M       319M

MemTotal:        4016004 kB
MemFree:         3227680 kB
Active:           431256 kB
Mem:          3.8G       769M       3.1G       5.7M        58M       319M

MemTotal:        4016004 kB
MemFree:         3227528 kB
Active:           431256 kB
Mem:          3.8G       769M       3.1G       5.7M        58M       319M

MemTotal:        4016004 kB
MemFree:         3228024 kB
Active:           431264 kB
Mem:          3.8G       769M       3.1G       5.7M        58M       319M

MemTotal:        4016004 kB
MemFree:         3227528 kB
Active:           431284 kB
Mem:          3.8G       769M       3.1G       5.7M        58M       319M

MemTotal:        4016004 kB
MemFree:         3227792 kB
Active:           431244 kB
Mem:          3.8G       769M       3.1G       5.7M        58M       319M

MemTotal:        4016004 kB
MemFree:         3227792 kB
Active:           431252 kB
Mem:          3.8G       769M       3.1G       5.7M        58M       319M

MemTotal:        4016004 kB
MemFree:         3227792 kB
Active:           431280 kB
Mem:          3.8G       769M       3.1G       5.7M        58M       319M

MemTotal:        4016004 kB
MemFree:         3227544 kB
Active:           431248 kB
Mem:          3.8G       769M       3.1G       5.7M        58M       319M

MemTotal:        4016004 kB
MemFree:         3227916 kB
Active:           431256 kB
Mem:          3.8G       769M       3.1G       5.7M        58M       319M

MemTotal:        4016004 kB
MemFree:         3228040 kB
Active:           431264 kB
Mem:          3.8G       769M       3.1G       5.7M        58M       319M

MemTotal:        4016004 kB
MemFree:         3227684 kB
Active:           431296 kB
Mem:          3.8G       769M       3.1G       5.7M        58M       319M

MemTotal:        4016004 kB
MemFree:         3228056 kB
Active:           431280 kB
Mem:          3.8G       769M       3.1G       5.7M        58M       319M

MemTotal:        4016004 kB
MemFree:         3227932 kB
Active:           431260 kB
Mem:          3.8G       769M       3.1G       5.7M        58M       319M

MemTotal:        4016004 kB
MemFree:         3228256 kB
Active:           431256 kB
Mem:          3.8G       769M       3.1G       5.7M        58M       319M

MemTotal:        4016004 kB
MemFree:         3227776 kB
Active:           431284 kB
Mem:          3.8G       769M       3.1G       5.7M        58M       319M

MemTotal:        4016004 kB
MemFree:         3227652 kB
Active:           431280 kB
Mem:          3.8G       769M       3.1G       5.7M        58M       319M

MemTotal:        4016004 kB
MemFree:         3228228 kB
Active:           431084 kB
Mem:          3.8G       769M       3.1G       5.7M        58M       319M

MemTotal:        4016004 kB
MemFree:         3227608 kB
Active:           431136 kB
Mem:          3.8G       769M       3.1G       5.7M        58M       319M

MemTotal:        4016004 kB
MemFree:         3227980 kB
Active:           431132 kB
Mem:          3.8G       769M       3.1G       5.7M        58M       319M

MemTotal:        4016004 kB
MemFree:         3228104 kB
Active:           431136 kB
Mem:          3.8G       769M       3.1G       5.7M        58M       319M

MemTotal:        4016004 kB
MemFree:         3227732 kB
Active:           431148 kB
Mem:          3.8G       769M       3.1G       5.7M        58M       319M

MemTotal:        4016004 kB
MemFree:         3228104 kB
Active:           431144 kB
Mem:          3.8G       769M       3.1G       5.7M        58M       319M

MemTotal:        4016004 kB
MemFree:         3225932 kB
Active:           431116 kB
Mem:          3.8G       771M       3.1G       5.7M        58M       319M

MemTotal:        4016004 kB
MemFree:         3225932 kB
Active:           433128 kB
Mem:          3.8G       771M       3.1G       5.7M        58M       319M

MemTotal:        4016004 kB
MemFree:         3225808 kB
Active:           433168 kB
Mem:          3.8G       771M       3.1G       5.7M        58M       319M

MemTotal:        4016004 kB
MemFree:         3225932 kB
Active:           433120 kB
Mem:          3.8G       771M       3.1G       5.7M        58M       319M

MemTotal:        4016004 kB
MemFree:         3226056 kB
Active:           433148 kB
Mem:          3.8G       771M       3.1G       5.7M        58M       319M

MemTotal:        4016004 kB
MemFree:         3226304 kB
Active:           433140 kB
Mem:          3.8G       771M       3.1G       5.7M        58M       319M

MemTotal:        4016004 kB
MemFree:         3226428 kB
Active:           433156 kB
Mem:          3.8G       771M       3.1G       5.7M        58M       319M

MemTotal:        4016004 kB
MemFree:         3226428 kB
Active:           433172 kB
Mem:          3.8G       771M       3.1G       5.7M        58M       319M

MemTotal:        4016004 kB
MemFree:         3226552 kB
Active:           433128 kB
Mem:          3.8G       770M       3.1G       5.7M        58M       319M

MemTotal:        4016004 kB
MemFree:         3226800 kB
Active:           433152 kB
Mem:          3.8G       770M       3.1G       5.7M        58M       319M

MemTotal:        4016004 kB
MemFree:         3226788 kB
Active:           431220 kB
Mem:          3.8G       770M       3.1G       5.7M        58M       319M

MemTotal:        4016004 kB
MemFree:         3226656 kB
Active:           433264 kB
Mem:          3.8G       770M       3.1G       5.7M        58M       319M

MemTotal:        4016004 kB
MemFree:         3226780 kB
Active:           433248 kB
Mem:          3.8G       770M       3.1G       5.7M        58M       319M

MemTotal:        4016004 kB
MemFree:         3226284 kB
Active:           433244 kB
Mem:          3.8G       771M       3.1G       5.7M        58M       319M

MemTotal:        4016004 kB
MemFree:         3226284 kB
Active:           433252 kB
Mem:          3.8G       771M       3.1G       5.7M        58M       319M

MemTotal:        4016004 kB
MemFree:         3226036 kB
Active:           433252 kB
Mem:          3.8G       771M       3.1G       5.7M        58M       319M

MemTotal:        4016004 kB
MemFree:         3225912 kB
Active:           433288 kB
Mem:          3.8G       771M       3.1G       5.7M        58M       319M

MemTotal:        4016004 kB
MemFree:         3226284 kB
Active:           433284 kB
Mem:          3.8G       771M       3.1G       5.7M        58M       319M

MemTotal:        4016004 kB
MemFree:         3226284 kB
Active:           433268 kB
Mem:          3.8G       771M       3.1G       5.7M        58M       319M

MemTotal:        4016004 kB
MemFree:         3225396 kB
Active:           433568 kB
Mem:          3.8G       772M       3.1G       5.7M        58M       319M

MemTotal:        4016004 kB
MemFree:         3225080 kB
Active:           431552 kB
Mem:          3.8G       772M       3.1G       5.7M        58M       319M

MemTotal:        4016004 kB
MemFree:         3224956 kB
Active:           433600 kB
Mem:          3.8G       772M       3.1G       5.7M        58M       319M

MemTotal:        4016004 kB
MemFree:         3224584 kB
Active:           433632 kB
Mem:          3.8G       772M       3.1G       5.7M        58M       319M

MemTotal:        4016004 kB
MemFree:         3224832 kB
Active:           433604 kB
Mem:          3.8G       772M       3.1G       5.7M        58M       319M

MemTotal:        4016004 kB
MemFree:         3224832 kB
Active:           433624 kB
Mem:          3.8G       772M       3.1G       5.7M        58M       319M

MemTotal:        4016004 kB
MemFree:         3224956 kB
Active:           433648 kB
Mem:          3.8G       772M       3.1G       5.7M        58M       319M

MemTotal:        4016004 kB
MemFree:         3224832 kB
Active:           433636 kB
Mem:          3.8G       772M       3.1G       5.7M        58M       319M

MemTotal:        4016004 kB
MemFree:         3224708 kB
Active:           433672 kB
Mem:          3.8G       772M       3.1G       5.7M        58M       319M

MemTotal:        4016004 kB
MemFree:         3224584 kB
Active:           433668 kB
Mem:          3.8G       772M       3.1G       5.7M        58M       319M

MemTotal:        4016004 kB
MemFree:         3223032 kB
Active:           433640 kB
Mem:          3.8G       774M       3.1G       5.7M        58M       319M

MemTotal:        4016004 kB
MemFree:         3222288 kB
Active:           433652 kB
Mem:          3.8G       774M       3.1G       5.7M        58M       319M

MemTotal:        4016004 kB
MemFree:         3222660 kB
Active:           435704 kB
Mem:          3.8G       774M       3.1G       5.7M        58M       319M

MemTotal:        4016004 kB
MemFree:         3222660 kB
Active:           435696 kB
Mem:          3.8G       774M       3.1G       5.7M        58M       319M

MemTotal:        4016004 kB
MemFree:         3222784 kB
Active:           435688 kB
Mem:          3.8G       774M       3.1G       5.7M        58M       319M

MemTotal:        4016004 kB
MemFree:         3222660 kB
Active:           435692 kB
Mem:          3.8G       774M       3.1G       5.7M        58M       319M

MemTotal:        4016004 kB
MemFree:         3222660 kB
Active:           435684 kB
Mem:          3.8G       774M       3.1G       5.7M        58M       319M

MemTotal:        4016004 kB
MemFree:         3222784 kB
Active:           435708 kB
Mem:          3.8G       774M       3.1G       5.7M        58M       319M

MemTotal:        4016004 kB
MemFree:         3222660 kB
Active:           435704 kB
Mem:          3.8G       774M       3.1G       5.7M        58M       319M

MemTotal:        4016004 kB
MemFree:         3222784 kB
Active:           435688 kB
Mem:          3.8G       774M       3.1G       5.7M        58M       319M

MemTotal:        4016004 kB
MemFree:         3222660 kB
Active:           435700 kB
Mem:          3.8G       774M       3.1G       5.7M        58M       319M

MemTotal:        4016004 kB
MemFree:         3222660 kB
Active:           435684 kB
Mem:          3.8G       774M       3.1G       5.7M        58M       319M

MemTotal:        4016004 kB
MemFree:         3222784 kB
Active:           435720 kB
Mem:          3.8G       774M       3.1G       5.7M        58M       319M

MemTotal:        4016004 kB
MemFree:         3222908 kB
Active:           435680 kB
Mem:          3.8G       774M       3.1G       5.7M        58M       319M

MemTotal:        4016004 kB
MemFree:         3222660 kB
Active:           435684 kB
Mem:          3.8G       774M       3.1G       5.7M        58M       319M

MemTotal:        4016004 kB
MemFree:         3222784 kB
Active:           435720 kB
Mem:          3.8G       774M       3.1G       5.7M        58M       319M

MemTotal:        4016004 kB
MemFree:         3222536 kB
Active:           435668 kB
Mem:          3.8G       775M       3.1G       5.7M        58M       319M

MemTotal:        4016004 kB
MemFree:         3222164 kB
Active:           435728 kB
Mem:          3.8G       775M       3.1G       5.7M        58M       319M

MemTotal:        4016004 kB
MemFree:         3222536 kB
Active:           435728 kB
Mem:          3.8G       774M       3.1G       5.7M        58M       319M

MemTotal:        4016004 kB
MemFree:         3222536 kB
Active:           435728 kB
Mem:          3.8G       774M       3.1G       5.7M        58M       319M

MemTotal:        4016004 kB
MemFree:         3222536 kB
Active:           435728 kB
Mem:          3.8G       774M       3.1G       5.7M        58M       319M

MemTotal:        4016004 kB
MemFree:         3222536 kB
Active:           435732 kB
Mem:          3.8G       774M       3.1G       5.7M        58M       319M

MemTotal:        4016004 kB
MemFree:         3222536 kB
Active:           435740 kB
Mem:          3.8G       774M       3.1G       5.7M        58M       319M

MemTotal:        4016004 kB
MemFree:         3222536 kB
Active:           435712 kB
Mem:          3.8G       774M       3.1G       5.7M        58M       319M

MemTotal:        4016004 kB
MemFree:         3222412 kB
Active:           435704 kB
Mem:          3.8G       775M       3.1G       5.7M        58M       319M

MemTotal:        4016004 kB
MemFree:         3222040 kB
Active:           435744 kB
Mem:          3.8G       775M       3.1G       5.7M        58M       319M

MemTotal:        4016004 kB
MemFree:         3222288 kB
Active:           435744 kB
Mem:          3.8G       775M       3.1G       5.7M        58M       319M

MemTotal:        4016004 kB
MemFree:         3222412 kB
Active:           435720 kB
Mem:          3.8G       774M       3.1G       5.7M        58M       319M

MemTotal:        4016004 kB
MemFree:         3222784 kB
Active:           435704 kB
Mem:          3.8G       774M       3.1G       5.7M        58M       319M

MemTotal:        4016004 kB
MemFree:         3222536 kB
Active:           435688 kB
Mem:          3.8G       774M       3.1G       5.7M        58M       319M

MemTotal:        4016004 kB
MemFree:         3222536 kB
Active:           435728 kB
Mem:          3.8G       774M       3.1G       5.7M        58M       319M

MemTotal:        4016004 kB
MemFree:         3222536 kB
Active:           435712 kB
Mem:          3.8G       774M       3.1G       5.7M        58M       319M

MemTotal:        4016004 kB
MemFree:         3222536 kB
Active:           435696 kB
Mem:          3.8G       774M       3.1G       5.7M        58M       319M

MemTotal:        4016004 kB
MemFree:         3222660 kB
Active:           435732 kB
Mem:          3.8G       774M       3.1G       5.7M        58M       319M

MemTotal:        4016004 kB
MemFree:         3222536 kB
Active:           435748 kB
Mem:          3.8G       775M       3.1G       5.7M        58M       319M

MemTotal:        4016004 kB
MemFree:         3222412 kB
Active:           435736 kB
Mem:          3.8G       775M       3.1G       5.7M        58M       319M

MemTotal:        4016004 kB
MemFree:         3222412 kB
Active:           435736 kB
Mem:          3.8G       775M       3.1G       5.7M        58M       319M

MemTotal:        4016004 kB
MemFree:         3222472 kB
Active:           435728 kB
Mem:          3.8G       775M       3.1G       5.7M        58M       319M

MemTotal:        4016004 kB
MemFree:         3222396 kB
Active:           435748 kB
Mem:          3.8G       774M       3.1G       5.7M        58M       319M

MemTotal:        4016004 kB
MemFree:         3222396 kB
Active:           435736 kB
Mem:          3.8G       774M       3.1G       5.7M        58M       319M

MemTotal:        4016004 kB
MemFree:         3222396 kB
Active:           435760 kB
Mem:          3.8G       775M       3.1G       5.7M        58M       319M

MemTotal:        4016004 kB
MemFree:         3222520 kB
Active:           435736 kB
Mem:          3.8G       775M       3.1G       5.7M        58M       319M

MemTotal:        4016004 kB
MemFree:         3222396 kB
Active:           435724 kB
Mem:          3.8G       775M       3.1G       5.7M        58M       319M

MemTotal:        4016004 kB
MemFree:         3222148 kB
Active:           435740 kB
Mem:          3.8G       775M       3.1G       5.7M        58M       319M

MemTotal:        4016004 kB
MemFree:         3221652 kB
Active:           435772 kB
Mem:          3.8G       775M       3.1G       5.7M        58M       319M

MemTotal:        4016004 kB
MemFree:         3222272 kB
Active:           435736 kB
Mem:          3.8G       775M       3.1G       5.7M        58M       319M

MemTotal:        4016004 kB
MemFree:         3222148 kB
Active:           435752 kB
Mem:          3.8G       775M       3.1G       5.7M        58M       319M

MemTotal:        4016004 kB
MemFree:         3222272 kB
Active:           435768 kB
Mem:          3.8G       775M       3.1G       5.7M        58M       319M

MemTotal:        4016004 kB
MemFree:         3220100 kB
Active:           435720 kB
Mem:          3.8G       777M       3.1G       5.7M        58M       319M

MemTotal:        4016004 kB
MemFree:         3220100 kB
Active:           437780 kB
Mem:          3.8G       777M       3.1G       5.7M        58M       319M

MemTotal:        4016004 kB
MemFree:         3220348 kB
Active:           437788 kB
Mem:          3.8G       777M       3.1G       5.7M        58M       319M

MemTotal:        4016004 kB
MemFree:         3220596 kB
Active:           437808 kB
Mem:          3.8G       777M       3.1G       5.7M        58M       319M

MemTotal:        4016004 kB
MemFree:         3220472 kB
Active:           437756 kB
Mem:          3.8G       776M       3.1G       5.7M        58M       319M

MemTotal:        4016004 kB
MemFree:         3220472 kB
Active:           437796 kB
Mem:          3.8G       776M       3.1G       5.7M        58M       319M

MemTotal:        4016004 kB
MemFree:         3220348 kB
Active:           437824 kB
Mem:          3.8G       777M       3.1G       5.7M        58M       319M

MemTotal:        4016004 kB
MemFree:         3220224 kB
Active:           437804 kB
Mem:          3.8G       777M       3.1G       5.7M        58M       319M

MemTotal:        4016004 kB
MemFree:         3220272 kB
Active:           437940 kB
Mem:          3.8G       777M       3.1G       5.7M        58M       319M

MemTotal:        4016004 kB
MemFree:         3220408 kB
Active:           435748 kB
Mem:          3.8G       777M       3.1G       5.7M        58M       319M

MemTotal:        4016004 kB
MemFree:         3220284 kB
Active:           437824 kB
Mem:          3.8G       777M       3.1G       5.7M        58M       319M

MemTotal:        4016004 kB
MemFree:         3220284 kB
Active:           437816 kB
Mem:          3.8G       777M       3.1G       5.7M        58M       319M

MemTotal:        4016004 kB
MemFree:         3220284 kB
Active:           437788 kB
Mem:          3.8G       777M       3.1G       5.7M        58M       319M

MemTotal:        4016004 kB
MemFree:         3220408 kB
Active:           437820 kB
Mem:          3.8G       776M       3.1G       5.7M        58M       319M

MemTotal:        4016004 kB
MemFree:         3220532 kB
Active:           437844 kB
Mem:          3.8G       776M       3.1G       5.7M        58M       319M

MemTotal:        4016004 kB
MemFree:         3220532 kB
Active:           437844 kB
Mem:          3.8G       776M       3.1G       5.7M        58M       319M

MemTotal:        4016004 kB
MemFree:         3220284 kB
Active:           437852 kB
Mem:          3.8G       776M       3.1G       5.7M        58M       319M

MemTotal:        4016004 kB
MemFree:         3220532 kB
Active:           437832 kB
Mem:          3.8G       777M       3.1G       5.7M        58M       319M

MemTotal:        4016004 kB
MemFree:         3220408 kB
Active:           437832 kB
Mem:          3.8G       777M       3.1G       5.7M        58M       319M

MemTotal:        4016004 kB
MemFree:         3220528 kB
Active:           435820 kB
Mem:          3.8G       777M       3.1G       5.7M        58M       319M

MemTotal:        4016004 kB
MemFree:         3220280 kB
Active:           437872 kB
Mem:          3.8G       777M       3.1G       5.7M        58M       319M

MemTotal:        4016004 kB
MemFree:         3220280 kB
Active:           437868 kB
Mem:          3.8G       777M       3.1G       5.7M        58M       319M

MemTotal:        4016004 kB
MemFree:         3220404 kB
Active:           437876 kB
Mem:          3.8G       777M       3.1G       5.7M        58M       319M

MemTotal:        4016004 kB
MemFree:         3220280 kB
Active:           437864 kB
Mem:          3.8G       777M       3.1G       5.7M        58M       319M

MemTotal:        4016004 kB
MemFree:         3220280 kB
Active:           437868 kB
Mem:          3.8G       777M       3.1G       5.7M        58M       319M

MemTotal:        4016004 kB
MemFree:         3220248 kB
Active:           437860 kB
Mem:          3.8G       777M       3.1G       5.7M        58M       319M

MemTotal:        4016004 kB
MemFree:         3220280 kB
Active:           437832 kB
Mem:          3.8G       777M       3.1G       5.7M        58M       319M

MemTotal:        4016004 kB
MemFree:         3220280 kB
Active:           437880 kB
Mem:          3.8G       777M       3.1G       5.7M        58M       319M

MemTotal:        4016004 kB
MemFree:         3220280 kB
Active:           437848 kB
Mem:          3.8G       777M       3.1G       5.7M        58M       319M

MemTotal:        4016004 kB
MemFree:         3220156 kB
Active:           437884 kB
Mem:          3.8G       777M       3.1G       5.7M        58M       319M

MemTotal:        4016004 kB
MemFree:         3220280 kB
Active:           437912 kB
Mem:          3.8G       777M       3.1G       5.7M        58M       319M

MemTotal:        4016004 kB
MemFree:         3220156 kB
Active:           437888 kB
Mem:          3.8G       777M       3.1G       5.7M        58M       319M

MemTotal:        4016004 kB
MemFree:         3220404 kB
Active:           437912 kB
Mem:          3.8G       777M       3.1G       5.7M        58M       319M

MemTotal:        4016004 kB
MemFree:         3220404 kB
Active:           437908 kB
Mem:          3.8G       776M       3.1G       5.7M        58M       319M

MemTotal:        4016004 kB
MemFree:         3220280 kB
Active:           437864 kB
Mem:          3.8G       777M       3.1G       5.7M        58M       319M

MemTotal:        4016004 kB
MemFree:         3220404 kB
Active:           437916 kB
Mem:          3.8G       777M       3.1G       5.7M        58M       319M

MemTotal:        4016004 kB
MemFree:         3220528 kB
Active:           437928 kB
Mem:          3.8G       777M       3.1G       5.7M        58M       319M

MemTotal:        4016004 kB
MemFree:         3220404 kB
Active:           437928 kB
Mem:          3.8G       776M       3.1G       5.7M        58M       319M

MemTotal:        4016004 kB
MemFree:         3220280 kB
Active:           437888 kB
Mem:          3.8G       777M       3.1G       5.7M        58M       319M

MemTotal:        4016004 kB
MemFree:         3220156 kB
Active:           437924 kB
Mem:          3.8G       777M       3.1G       5.7M        58M       319M

MemTotal:        4016004 kB
MemFree:         3220280 kB
Active:           437928 kB
Mem:          3.8G       777M       3.1G       5.7M        58M       319M

MemTotal:        4016004 kB
MemFree:         3220280 kB
Active:           437892 kB
Mem:          3.8G       777M       3.1G       5.7M        58M       319M

MemTotal:        4016004 kB
MemFree:         3220156 kB
Active:           437916 kB
Mem:          3.8G       777M       3.1G       5.7M        58M       319M

MemTotal:        4016004 kB
MemFree:         3220156 kB
Active:           437896 kB
Mem:          3.8G       777M       3.1G       5.7M        58M       319M

MemTotal:        4016004 kB
MemFree:         3220156 kB
Active:           437936 kB
Mem:          3.8G       777M       3.1G       5.7M        58M       319M

MemTotal:        4016004 kB
MemFree:         3220156 kB
Active:           437936 kB
Mem:          3.8G       777M       3.1G       5.7M        58M       319M

MemTotal:        4016004 kB
MemFree:         3220528 kB
Active:           437884 kB
Mem:          3.8G       777M       3.1G       5.7M        58M       319M

MemTotal:        4016004 kB
MemFree:         3220652 kB
Active:           437896 kB
Mem:          3.8G       776M       3.1G       5.7M        58M       319M

MemTotal:        4016004 kB
MemFree:         3220900 kB
Active:           437924 kB
Mem:          3.8G       776M       3.1G       5.7M        58M       319M

MemTotal:        4016004 kB
MemFree:         3220528 kB
Active:           437948 kB
Mem:          3.8G       776M       3.1G       5.7M        58M       319M

MemTotal:        4016004 kB
MemFree:         3220404 kB
Active:           437928 kB
Mem:          3.8G       777M       3.1G       5.7M        58M       319M

MemTotal:        4016004 kB
MemFree:         3220156 kB
Active:           437944 kB
Mem:          3.8G       777M       3.1G       5.7M        58M       319M

MemTotal:        4016004 kB
MemFree:         3220404 kB
Active:           437948 kB
Mem:          3.8G       777M       3.1G       5.7M        58M       319M

MemTotal:        4016004 kB
MemFree:         3220156 kB
Active:           437944 kB
Mem:          3.8G       777M       3.1G       5.7M        58M       319M

MemTotal:        4016004 kB
MemFree:         3220280 kB
Active:           437944 kB
Mem:          3.8G       777M       3.1G       5.7M        58M       319M

MemTotal:        4016004 kB
MemFree:         3220156 kB
Active:           437932 kB
Mem:          3.8G       777M       3.1G       5.7M        58M       319M

MemTotal:        4016004 kB
MemFree:         3220156 kB
Active:           437908 kB
Mem:          3.8G       777M       3.1G       5.7M        58M       319M

MemTotal:        4016004 kB
MemFree:         3218232 kB
Active:           437908 kB
Mem:          3.8G       779M       3.1G       5.7M        58M       319M

MemTotal:        4016004 kB
MemFree:         3218356 kB
Active:           439984 kB
Mem:          3.8G       779M       3.1G       5.7M        58M       319M

MemTotal:        4016004 kB
MemFree:         3218232 kB
Active:           439956 kB
Mem:          3.8G       779M       3.1G       5.7M        58M       319M

MemTotal:        4016004 kB
MemFree:         3218232 kB
Active:           439972 kB
Mem:          3.8G       779M       3.1G       5.7M        58M       319M

MemTotal:        4016004 kB
MemFree:         3218108 kB
Active:           439968 kB
Mem:          3.8G       778M       3.1G       5.7M        58M       319M

MemTotal:        4016004 kB
MemFree:         3218480 kB
Active:           439984 kB
Mem:          3.8G       778M       3.1G       5.7M        58M       319M

MemTotal:        4016004 kB
MemFree:         3218448 kB
Active:           439984 kB
Mem:          3.8G       779M       3.1G       5.7M        58M       319M

MemTotal:        4016004 kB
MemFree:         3218356 kB
Active:           439992 kB
Mem:          3.8G       778M       3.1G       5.7M        58M       319M

MemTotal:        4016004 kB
MemFree:         3218480 kB
Active:           439980 kB
Mem:          3.8G       778M       3.1G       5.7M        58M       319M

MemTotal:        4016004 kB
MemFree:         3218356 kB
Active:           439976 kB
Mem:          3.8G       778M       3.1G       5.7M        58M       319M

MemTotal:        4016004 kB
MemFree:         3218356 kB
Active:           439996 kB
Mem:          3.8G       779M       3.1G       5.7M        58M       319M

MemTotal:        4016004 kB
MemFree:         3218356 kB
Active:           439980 kB
Mem:          3.8G       779M       3.1G       5.7M        58M       319M

MemTotal:        4016004 kB
MemFree:         3218356 kB
Active:           440004 kB
Mem:          3.8G       779M       3.1G       5.7M        58M       319M

MemTotal:        4016004 kB
MemFree:         3218232 kB
Active:           439972 kB
Mem:          3.8G       779M       3.1G       5.7M        58M       319M

MemTotal:        4016004 kB
MemFree:         3218356 kB
Active:           439996 kB
Mem:          3.8G       778M       3.1G       5.7M        58M       319M

MemTotal:        4016004 kB
MemFree:         3218356 kB
Active:           439980 kB
Mem:          3.8G       779M       3.1G       5.7M        58M       319M

MemTotal:        4016004 kB
MemFree:         3218604 kB
Active:           440020 kB
Mem:          3.8G       779M       3.1G       5.7M        58M       319M

MemTotal:        4016004 kB
MemFree:         3218356 kB
Active:           440024 kB
Mem:          3.8G       778M       3.1G       5.7M        58M       319M

MemTotal:        4016004 kB
MemFree:         3218480 kB
Active:           440028 kB
Mem:          3.8G       778M       3.1G       5.7M        58M       319M

MemTotal:        4016004 kB
MemFree:         3216184 kB
Active:           439976 kB
Mem:          3.8G       781M       3.1G       5.7M        58M       319M

MemTotal:        4016004 kB
MemFree:         3216184 kB
Active:           439976 kB
Mem:          3.8G       781M       3.1G       5.7M        58M       319M

MemTotal:        4016004 kB
MemFree:         3216184 kB
Active:           442016 kB
Mem:          3.8G       781M       3.1G       5.7M        58M       319M

MemTotal:        4016004 kB
MemFree:         3216184 kB
Active:           442056 kB
Mem:          3.8G       781M       3.1G       5.7M        58M       319M

MemTotal:        4016004 kB
MemFree:         3216060 kB
Active:           442040 kB
Mem:          3.8G       781M       3.1G       5.7M        58M       319M

MemTotal:        4016004 kB
MemFree:         3216060 kB
Active:           442008 kB
Mem:          3.8G       781M       3.1G       5.7M        58M       319M

MemTotal:        4016004 kB
MemFree:         3216184 kB
Active:           442048 kB
Mem:          3.8G       780M       3.1G       5.7M        58M       319M

MemTotal:        4016004 kB
MemFree:         3216308 kB
Active:           442016 kB
Mem:          3.8G       781M       3.1G       5.7M        58M       319M

MemTotal:        4016004 kB
MemFree:         3216432 kB
Active:           442064 kB
Mem:          3.8G       780M       3.1G       5.7M        58M       319M

MemTotal:        4016004 kB
MemFree:         3214136 kB
Active:           441988 kB
Mem:          3.8G       783M       3.1G       5.7M        58M       319M

MemTotal:        4016004 kB
MemFree:         3214260 kB
Active:           444080 kB
Mem:          3.8G       783M       3.1G       5.7M        58M       319M

MemTotal:        4016004 kB
MemFree:         3213888 kB
Active:           444084 kB
Mem:          3.8G       783M       3.1G       5.7M        58M       319M

MemTotal:        4016004 kB
MemFree:         3214012 kB
Active:           444104 kB
Mem:          3.8G       783M       3.1G       5.7M        58M       319M

MemTotal:        4016004 kB
MemFree:         3213888 kB
Active:           444092 kB
Mem:          3.8G       783M       3.1G       5.7M        58M       319M

MemTotal:        4016004 kB
MemFree:         3214012 kB
Active:           444060 kB
Mem:          3.8G       783M       3.1G       5.7M        58M       319M

MemTotal:        4016004 kB
MemFree:         3213640 kB
Active:           444112 kB
Mem:          3.8G       783M       3.1G       5.7M        58M       319M

MemTotal:        4016004 kB
MemFree:         3213764 kB
Active:           444100 kB
Mem:          3.8G       783M       3.1G       5.7M        58M       319M

MemTotal:        4016004 kB
MemFree:         3213888 kB
Active:           444084 kB
Mem:          3.8G       783M       3.1G       5.7M        58M       319M

MemTotal:        4016004 kB
MemFree:         3214012 kB
Active:           444112 kB
Mem:          3.8G       783M       3.1G       5.7M        58M       319M

MemTotal:        4016004 kB
MemFree:         3214260 kB
Active:           444088 kB
Mem:          3.8G       782M       3.1G       5.7M        58M       319M

MemTotal:        4016004 kB
MemFree:         3214384 kB
Active:           444092 kB
Mem:          3.8G       783M       3.1G       5.7M        58M       319M

MemTotal:        4016004 kB
MemFree:         3214260 kB
Active:           444084 kB
Mem:          3.8G       782M       3.1G       5.7M        58M       319M

MemTotal:        4016004 kB
MemFree:         3214384 kB
Active:           444100 kB
Mem:          3.8G       782M       3.1G       5.7M        58M       319M

MemTotal:        4016004 kB
MemFree:         3214260 kB
Active:           444128 kB
Mem:          3.8G       782M       3.1G       5.7M        58M       319M

MemTotal:        4016004 kB
MemFree:         3214384 kB
Active:           444104 kB
Mem:          3.8G       783M       3.1G       5.7M        58M       319M

MemTotal:        4016004 kB
MemFree:         3214384 kB
Active:           444104 kB
Mem:          3.8G       783M       3.1G       5.7M        58M       319M

MemTotal:        4016004 kB
MemFree:         3214508 kB
Active:           444076 kB
Mem:          3.8G       783M       3.1G       5.7M        58M       319M

MemTotal:        4016004 kB
MemFree:         3214260 kB
Active:           444104 kB
Mem:          3.8G       783M       3.1G       5.7M        58M       319M

MemTotal:        4016004 kB
MemFree:         3214260 kB
Active:           444084 kB
Mem:          3.8G       783M       3.1G       5.7M        58M       319M

MemTotal:        4016004 kB
MemFree:         3214384 kB
Active:           444104 kB
Mem:          3.8G       782M       3.1G       5.7M        58M       319M

MemTotal:        4016004 kB
MemFree:         3214136 kB
Active:           444092 kB
Mem:          3.8G       783M       3.1G       5.7M        58M       319M

MemTotal:        4016004 kB
MemFree:         3214136 kB
Active:           444116 kB
Mem:          3.8G       783M       3.1G       5.7M        58M       319M

MemTotal:        4016004 kB
MemFree:         3214136 kB
Active:           444120 kB
Mem:          3.8G       783M       3.1G       5.7M        58M       319M

MemTotal:        4016004 kB
MemFree:         3213764 kB
Active:           444148 kB
Mem:          3.8G       783M       3.1G       5.7M        58M       319M

MemTotal:        4016004 kB
MemFree:         3214136 kB
Active:           444136 kB
Mem:          3.8G       783M       3.1G       5.7M        58M       319M

MemTotal:        4016004 kB
MemFree:         3214012 kB
Active:           444120 kB
Mem:          3.8G       783M       3.1G       5.7M        58M       319M

MemTotal:        4016004 kB
MemFree:         3214260 kB
Active:           444156 kB
Mem:          3.8G       782M       3.1G       5.7M        58M       319M

MemTotal:        4016004 kB
MemFree:         3214260 kB
Active:           444128 kB
Mem:          3.8G       783M       3.1G       5.7M        58M       319M

MemTotal:        4016004 kB
MemFree:         3214136 kB
Active:           444132 kB
Mem:          3.8G       783M       3.1G       5.7M        58M       319M

MemTotal:        4016004 kB
MemFree:         3214260 kB
Active:           444156 kB
Mem:          3.8G       783M       3.1G       5.7M        58M       319M

MemTotal:        4016004 kB
MemFree:         3214244 kB
Active:           444140 kB
Mem:          3.8G       782M       3.1G       5.7M        58M       319M

MemTotal:        4016004 kB
MemFree:         3214384 kB
Active:           444132 kB
Mem:          3.8G       783M       3.1G       5.7M        58M       319M

MemTotal:        4016004 kB
MemFree:         3214136 kB
Active:           444156 kB
Mem:          3.8G       783M       3.1G       5.7M        58M       319M

MemTotal:        4016004 kB
MemFree:         3214136 kB
Active:           444120 kB
Mem:          3.8G       783M       3.1G       5.7M        58M       319M

MemTotal:        4016004 kB
MemFree:         3214260 kB
Active:           444164 kB
Mem:          3.8G       783M       3.1G       5.7M        58M       319M

MemTotal:        4016004 kB
MemFree:         3214012 kB
Active:           444124 kB
Mem:          3.8G       783M       3.1G       5.7M        58M       319M

MemTotal:        4016004 kB
MemFree:         3214136 kB
Active:           444124 kB
Mem:          3.8G       783M       3.1G       5.7M        58M       319M

MemTotal:        4016004 kB
MemFree:         3214136 kB
Active:           444156 kB
Mem:          3.8G       783M       3.1G       5.7M        58M       319M

MemTotal:        4016004 kB
MemFree:         3214136 kB
Active:           444176 kB
Mem:          3.8G       783M       3.1G       5.7M        58M       319M

MemTotal:        4016004 kB
MemFree:         3214012 kB
Active:           444132 kB
Mem:          3.8G       783M       3.1G       5.7M        58M       319M

MemTotal:        4016004 kB
MemFree:         3214012 kB
Active:           444168 kB
Mem:          3.8G       783M       3.1G       5.7M        58M       319M

MemTotal:        4016004 kB
MemFree:         3214260 kB
Active:           444176 kB
Mem:          3.8G       783M       3.1G       5.7M        58M       319M

MemTotal:        4016004 kB
MemFree:         3214012 kB
Active:           444148 kB
Mem:          3.8G       783M       3.1G       5.7M        58M       319M

MemTotal:        4016004 kB
MemFree:         3214012 kB
Active:           444152 kB
Mem:          3.8G       783M       3.1G       5.7M        58M       319M

MemTotal:        4016004 kB
MemFree:         3213888 kB
Active:           444176 kB
Mem:          3.8G       783M       3.1G       5.7M        58M       319M

MemTotal:        4016004 kB
MemFree:         3214384 kB
Active:           444152 kB
Mem:          3.8G       782M       3.1G       5.7M        58M       319M

MemTotal:        4016004 kB
MemFree:         3211840 kB
Active:           444264 kB
Mem:          3.8G       785M       3.1G       5.7M        58M       319M

MemTotal:        4016004 kB
MemFree:         3212272 kB
Active:           446328 kB
Mem:          3.8G       785M       3.1G       5.7M        58M       319M

MemTotal:        4016004 kB
MemFree:         3211776 kB
Active:           446340 kB
Mem:          3.8G       785M       3.1G       5.7M        58M       319M

MemTotal:        4016004 kB
MemFree:         3211652 kB
Active:           446340 kB
Mem:          3.8G       785M       3.1G       5.7M        58M       319M

MemTotal:        4016004 kB
MemFree:         3211652 kB
Active:           446312 kB
Mem:          3.8G       785M       3.1G       5.7M        58M       319M

MemTotal:        4016004 kB
MemFree:         3211528 kB
Active:           446344 kB
Mem:          3.8G       785M       3.1G       5.7M        58M       319M

MemTotal:        4016004 kB
MemFree:         3211652 kB
Active:           446348 kB
Mem:          3.8G       785M       3.1G       5.7M        58M       319M

MemTotal:        4016004 kB
MemFree:         3211652 kB
Active:           446360 kB
Mem:          3.8G       785M       3.1G       5.7M        58M       319M

MemTotal:        4016004 kB
MemFree:         3211652 kB
Active:           446332 kB
Mem:          3.8G       785M       3.1G       5.7M        58M       319M

MemTotal:        4016004 kB
MemFree:         3211652 kB
Active:           446364 kB
Mem:          3.8G       785M       3.1G       5.7M        58M       319M

MemTotal:        4016004 kB
MemFree:         3212148 kB
Active:           446376 kB
Mem:          3.8G       785M       3.1G       5.7M        58M       319M

MemTotal:        4016004 kB
MemFree:         3211652 kB
Active:           446380 kB
Mem:          3.8G       785M       3.1G       5.7M        58M       319M

MemTotal:        4016004 kB
MemFree:         3212024 kB
Active:           446368 kB
Mem:          3.8G       785M       3.1G       5.7M        58M       319M

MemTotal:        4016004 kB
MemFree:         3211776 kB
Active:           446348 kB
Mem:          3.8G       785M       3.1G       5.7M        58M       319M

MemTotal:        4016004 kB
MemFree:         3211776 kB
Active:           446328 kB
Mem:          3.8G       785M       3.1G       5.7M        58M       319M

MemTotal:        4016004 kB
MemFree:         3212024 kB
Active:           446356 kB
Mem:          3.8G       785M       3.1G       5.7M        58M       319M

MemTotal:        4016004 kB
MemFree:         3212148 kB
Active:           446352 kB
Mem:          3.8G       785M       3.1G       5.7M        58M       319M

MemTotal:        4016004 kB
MemFree:         3211900 kB
Active:           446388 kB
Mem:          3.8G       785M       3.1G       5.7M        58M       319M

MemTotal:        4016004 kB
MemFree:         3211900 kB
Active:           446372 kB
Mem:          3.8G       785M       3.1G       5.7M        58M       319M

MemTotal:        4016004 kB
MemFree:         3211900 kB
Active:           446380 kB
Mem:          3.8G       785M       3.1G       5.7M        58M       319M

MemTotal:        4016004 kB
MemFree:         3212024 kB
Active:           446364 kB
Mem:          3.8G       785M       3.1G       5.7M        58M       319M

MemTotal:        4016004 kB
MemFree:         3211900 kB
Active:           446392 kB
Mem:          3.8G       785M       3.1G       5.7M        58M       319M

MemTotal:        4016004 kB
MemFree:         3212024 kB
Active:           446352 kB
Mem:          3.8G       785M       3.1G       5.7M        58M       319M

MemTotal:        4016004 kB
MemFree:         3211900 kB
Active:           446380 kB
Mem:          3.8G       785M       3.1G       5.7M        58M       319M

MemTotal:        4016004 kB
MemFree:         3211900 kB
Active:           446368 kB
Mem:          3.8G       785M       3.1G       5.7M        58M       319M

MemTotal:        4016004 kB
MemFree:         3212148 kB
Active:           446372 kB
Mem:          3.8G       784M       3.1G       5.7M        58M       319M

MemTotal:        4016004 kB
MemFree:         3212148 kB
Active:           446372 kB
Mem:          3.8G       785M       3.1G       5.7M        58M       319M

MemTotal:        4016004 kB
MemFree:         3211776 kB
Active:           446400 kB
Mem:          3.8G       785M       3.1G       5.7M        58M       319M

MemTotal:        4016004 kB
MemFree:         3211652 kB
Active:           446400 kB
Mem:          3.8G       785M       3.1G       5.7M        58M       319M

MemTotal:        4016004 kB
MemFree:         3209852 kB
Active:           446356 kB
Mem:          3.8G       787M       3.1G       5.7M        58M       319M

MemTotal:        4016004 kB
MemFree:         3209852 kB
Active:           448432 kB
Mem:          3.8G       787M       3.1G       5.7M        58M       319M

MemTotal:        4016004 kB
MemFree:         3209852 kB
Active:           448404 kB
Mem:          3.8G       787M       3.1G       5.7M        58M       319M

MemTotal:        4016004 kB
MemFree:         3209728 kB
Active:           448420 kB
Mem:          3.8G       787M       3.1G       5.7M        58M       319M

MemTotal:        4016004 kB
MemFree:         3209728 kB
Active:           448400 kB
Mem:          3.8G       787M       3.1G       5.7M        58M       319M

MemTotal:        4016004 kB
MemFree:         3209728 kB
Active:           448416 kB
Mem:          3.8G       787M       3.1G       5.7M        58M       319M

MemTotal:        4016004 kB
MemFree:         3209976 kB
Active:           448436 kB
Mem:          3.8G       787M       3.1G       5.7M        58M       319M

MemTotal:        4016004 kB
MemFree:         3209852 kB
Active:           448412 kB
Mem:          3.8G       787M       3.1G       5.7M        58M       319M

MemTotal:        4016004 kB
MemFree:         3209836 kB
Active:           448432 kB
Mem:          3.8G       787M       3.1G       5.7M        58M       319M

MemTotal:        4016004 kB
MemFree:         3209852 kB
Active:           448412 kB
Mem:          3.8G       787M       3.1G       5.7M        58M       319M

MemTotal:        4016004 kB
MemFree:         3209852 kB
Active:           448440 kB
Mem:          3.8G       787M       3.1G       5.7M        58M       319M

MemTotal:        4016004 kB
MemFree:         3209852 kB
Active:           448456 kB
Mem:          3.8G       787M       3.1G       5.7M        58M       319M

MemTotal:        4016004 kB
MemFree:         3209728 kB
Active:           448448 kB
Mem:          3.8G       787M       3.1G       5.7M        58M       319M

MemTotal:        4016004 kB
MemFree:         3209852 kB
Active:           448464 kB
Mem:          3.8G       787M       3.1G       5.7M        58M       319M

MemTotal:        4016004 kB
MemFree:         3209728 kB
Active:           448424 kB
Mem:          3.8G       787M       3.1G       5.7M        58M       319M

MemTotal:        4016004 kB
MemFree:         3209852 kB
Active:           448444 kB
Mem:          3.8G       787M       3.1G       5.7M        58M       319M

MemTotal:        4016004 kB
MemFree:         3209976 kB
Active:           448432 kB
Mem:          3.8G       787M       3.1G       5.7M        58M       319M

MemTotal:        4016004 kB
MemFree:         3210100 kB
Active:           448436 kB
Mem:          3.8G       787M       3.1G       5.7M        58M       319M

MemTotal:        4016004 kB
MemFree:         3209728 kB
Active:           448468 kB
Mem:          3.8G       787M       3.1G       5.7M        58M       319M

MemTotal:        4016004 kB
MemFree:         3209852 kB
Active:           448440 kB
Mem:          3.8G       787M       3.1G       5.7M        58M       319M

MemTotal:        4016004 kB
MemFree:         3209976 kB
Active:           448448 kB
Mem:          3.8G       787M       3.1G       5.7M        58M       319M

MemTotal:        4016004 kB
MemFree:         3209852 kB
Active:           448476 kB
Mem:          3.8G       787M       3.1G       5.7M        58M       319M

MemTotal:        4016004 kB
MemFree:         3209852 kB
Active:           448468 kB
Mem:          3.8G       787M       3.1G       5.7M        58M       319M

MemTotal:        4016004 kB
MemFree:         3209976 kB
Active:           448468 kB
Mem:          3.8G       787M       3.1G       5.7M        58M       319M

MemTotal:        4016004 kB
MemFree:         3209852 kB
Active:           448432 kB
Mem:          3.8G       787M       3.1G       5.7M        58M       319M

MemTotal:        4016004 kB
MemFree:         3209976 kB
Active:           448472 kB
Mem:          3.8G       787M       3.1G       5.7M        58M       319M

MemTotal:        4016004 kB
MemFree:         3209852 kB
Active:           448456 kB
Mem:          3.8G       787M       3.1G       5.7M        58M       319M

MemTotal:        4016004 kB
MemFree:         3209852 kB
Active:           448484 kB
Mem:          3.8G       787M       3.1G       5.7M        58M       319M

MemTotal:        4016004 kB
MemFree:         3209728 kB
Active:           448464 kB
Mem:          3.8G       787M       3.1G       5.7M        58M       319M

MemTotal:        4016004 kB
MemFree:         3209728 kB
Active:           448464 kB
Mem:          3.8G       787M       3.1G       5.7M        58M       319M

MemTotal:        4016004 kB
MemFree:         3209728 kB
Active:           448456 kB
Mem:          3.8G       787M       3.1G       5.7M        58M       319M

MemTotal:        4016004 kB
MemFree:         3209728 kB
Active:           448476 kB
Mem:          3.8G       787M       3.1G       5.7M        58M       319M

MemTotal:        4016004 kB
MemFree:         3209728 kB
Active:           448476 kB
Mem:          3.8G       787M       3.1G       5.7M        58M       319M

MemTotal:        4016004 kB
MemFree:         3209728 kB
Active:           448448 kB
Mem:          3.8G       787M       3.1G       5.7M        58M       319M

MemTotal:        4016004 kB
MemFree:         3209728 kB
Active:           448448 kB
Mem:          3.8G       787M       3.1G       5.7M        58M       319M

MemTotal:        4016004 kB
MemFree:         3209728 kB
Active:           448508 kB
Mem:          3.8G       787M       3.1G       5.7M        58M       319M

MemTotal:        4016004 kB
MemFree:         3209852 kB
Active:           448504 kB
Mem:          3.8G       787M       3.1G       5.7M        58M       319M

MemTotal:        4016004 kB
MemFree:         3209480 kB
Active:           448488 kB
Mem:          3.8G       787M       3.1G       5.7M        58M       319M

MemTotal:        4016004 kB
MemFree:         3209604 kB
Active:           448508 kB
Mem:          3.8G       787M       3.1G       5.7M        58M       319M

MemTotal:        4016004 kB
MemFree:         3209604 kB
Active:           448488 kB
Mem:          3.8G       787M       3.1G       5.7M        58M       319M

MemTotal:        4016004 kB
MemFree:         3209356 kB
Active:           448496 kB
Mem:          3.8G       787M       3.1G       5.7M        58M       319M

MemTotal:        4016004 kB
MemFree:         3209728 kB
Active:           448528 kB
Mem:          3.8G       787M       3.1G       5.7M        58M       319M

MemTotal:        4016004 kB
MemFree:         3208984 kB
Active:           448792 kB
Mem:          3.8G       787M       3.1G       5.7M        58M       319M

MemTotal:        4016004 kB
MemFree:         3209200 kB
Active:           448620 kB
Mem:          3.8G       787M       3.1G       5.7M        58M       319M

MemTotal:        4016004 kB
MemFree:         3208844 kB
Active:           448620 kB
Mem:          3.8G       788M       3.1G       5.7M        58M       319M

MemTotal:        4016004 kB
MemFree:         3208844 kB
Active:           448624 kB
Mem:          3.8G       787M       3.1G       5.7M        58M       319M

MemTotal:        4016004 kB
MemFree:         3209340 kB
Active:           448616 kB
Mem:          3.8G       788M       3.1G       5.7M        58M       319M

MemTotal:        4016004 kB
MemFree:         3209340 kB
Active:           448592 kB
Mem:          3.8G       787M       3.1G       5.7M        58M       319M

MemTotal:        4016004 kB
MemFree:         3209340 kB
Active:           448632 kB
Mem:          3.8G       788M       3.1G       5.7M        58M       319M

MemTotal:        4016004 kB
MemFree:         3209216 kB
Active:           448616 kB
Mem:          3.8G       787M       3.1G       5.7M        58M       319M

MemTotal:        4016004 kB
MemFree:         3209340 kB
Active:           448632 kB
Mem:          3.8G       787M       3.1G       5.7M        58M       319M

MemTotal:        4016004 kB
MemFree:         3209464 kB
Active:           448584 kB
Mem:          3.8G       787M       3.1G       5.7M        58M       319M

MemTotal:        4016004 kB
MemFree:         3209340 kB
Active:           448628 kB
Mem:          3.8G       787M       3.1G       5.7M        58M       319M

MemTotal:        4016004 kB
MemFree:         3209464 kB
Active:           448612 kB
Mem:          3.8G       787M       3.1G       5.7M        58M       319M

MemTotal:        4016004 kB
MemFree:         3209588 kB
Active:           448644 kB
Mem:          3.8G       787M       3.1G       5.7M        58M       319M

MemTotal:        4016004 kB
MemFree:         3209464 kB
Active:           448636 kB
Mem:          3.8G       787M       3.1G       5.7M        58M       319M

MemTotal:        4016004 kB
MemFree:         3209712 kB
Active:           448612 kB
Mem:          3.8G       787M       3.1G       5.7M        58M       319M

MemTotal:        4016004 kB
MemFree:         3209464 kB
Active:           448652 kB
Mem:          3.8G       787M       3.1G       5.7M        58M       319M

MemTotal:        4016004 kB
MemFree:         3209480 kB
Active:           448616 kB
Mem:          3.8G       787M       3.1G       5.7M        58M       319M

MemTotal:        4016004 kB
MemFree:         3209356 kB
Active:           448636 kB
Mem:          3.8G       787M       3.1G       5.7M        58M       319M

MemTotal:        4016004 kB
MemFree:         3209480 kB
Active:           448624 kB
Mem:          3.8G       787M       3.1G       5.7M        58M       319M

MemTotal:        4016004 kB
MemFree:         3209356 kB
Active:           448604 kB
Mem:          3.8G       787M       3.1G       5.7M        58M       319M

MemTotal:        4016004 kB
MemFree:         3209200 kB
Active:           448640 kB
Mem:          3.8G       787M       3.1G       5.7M        58M       319M

MemTotal:        4016004 kB
MemFree:         3209356 kB
Active:           448656 kB
Mem:          3.8G       787M       3.1G       5.7M        58M       319M

MemTotal:        4016004 kB
MemFree:         3209356 kB
Active:           448640 kB
Mem:          3.8G       787M       3.1G       5.7M        58M       319M

MemTotal:        4016004 kB
MemFree:         3209872 kB
Active:           448356 kB
Mem:          3.8G       787M       3.1G       5.7M        58M       319M

MemTotal:        4016004 kB
MemFree:         3209872 kB
Active:           448308 kB
Mem:          3.8G       787M       3.1G       5.7M        58M       319M

MemTotal:        4016004 kB
MemFree:         3210368 kB
Active:           448300 kB
Mem:          3.8G       787M       3.1G       5.7M        58M       319M

MemTotal:        4016004 kB
MemFree:         3210740 kB
Active:           448348 kB
Mem:          3.8G       786M       3.1G       5.7M        58M       319M

MemTotal:        4016004 kB
MemFree:         3210864 kB
Active:           448332 kB
Mem:          3.8G       786M       3.1G       5.7M        58M       319M

MemTotal:        4016004 kB
MemFree:         3210864 kB
Active:           448336 kB
Mem:          3.8G       786M       3.1G       5.7M        58M       319M

MemTotal:        4016004 kB
MemFree:         3210492 kB
Active:           448356 kB
Mem:          3.8G       786M       3.1G       5.7M        58M       319M

MemTotal:        4016004 kB
MemFree:         3210864 kB
Active:           448312 kB
Mem:          3.8G       786M       3.1G       5.7M        58M       319M

MemTotal:        4016004 kB
MemFree:         3210740 kB
Active:           448368 kB
Mem:          3.8G       786M       3.1G       5.7M        58M       319M

MemTotal:        4016004 kB
MemFree:         3210864 kB
Active:           448368 kB
Mem:          3.8G       786M       3.1G       5.7M        58M       319M

MemTotal:        4016004 kB
MemFree:         3210492 kB
Active:           448376 kB
Mem:          3.8G       786M       3.1G       5.7M        58M       319M

MemTotal:        4016004 kB
MemFree:         3211236 kB
Active:           448348 kB
Mem:          3.8G       786M       3.1G       5.7M        58M       319M

MemTotal:        4016004 kB
MemFree:         3210988 kB
Active:           448344 kB
Mem:          3.8G       786M       3.1G       5.7M        58M       319M

MemTotal:        4016004 kB
MemFree:         3210988 kB
Active:           448380 kB
Mem:          3.8G       786M       3.1G       5.7M        58M       319M

MemTotal:        4016004 kB
MemFree:         3210988 kB
Active:           448340 kB
Mem:          3.8G       786M       3.1G       5.7M        58M       319M

MemTotal:        4016004 kB
MemFree:         3210988 kB
Active:           448368 kB
Mem:          3.8G       786M       3.1G       5.7M        58M       319M

MemTotal:        4016004 kB
MemFree:         3211112 kB
Active:           448372 kB
Mem:          3.8G       785M       3.1G       5.7M        58M       319M

MemTotal:        4016004 kB
MemFree:         3211360 kB
Active:           448328 kB
Mem:          3.8G       785M       3.1G       5.7M        58M       319M

MemTotal:        4016004 kB
MemFree:         3211360 kB
Active:           448368 kB
Mem:          3.8G       785M       3.1G       5.7M        58M       319M

MemTotal:        4016004 kB
MemFree:         3210988 kB
Active:           448388 kB
Mem:          3.8G       785M       3.1G       5.7M        58M       319M

MemTotal:        4016004 kB
MemFree:         3210864 kB
Active:           448344 kB
Mem:          3.8G       786M       3.1G       5.7M        58M       319M

MemTotal:        4016004 kB
MemFree:         3210864 kB
Active:           448352 kB
Mem:          3.8G       786M       3.1G       5.7M        58M       319M

MemTotal:        4016004 kB
MemFree:         3210740 kB
Active:           448352 kB
Mem:          3.8G       786M       3.1G       5.7M        58M       319M

MemTotal:        4016004 kB
MemFree:         3210864 kB
Active:           448400 kB
Mem:          3.8G       786M       3.1G       5.7M        58M       319M

MemTotal:        4016004 kB
MemFree:         3210864 kB
Active:           448384 kB
Mem:          3.8G       786M       3.1G       5.7M        58M       319M

MemTotal:        4016004 kB
MemFree:         3210988 kB
Active:           448376 kB
Mem:          3.8G       786M       3.1G       5.7M        58M       319M

MemTotal:        4016004 kB
MemFree:         3210492 kB
Active:           448412 kB
Mem:          3.8G       786M       3.1G       5.7M        58M       319M

MemTotal:        4016004 kB
MemFree:         3210120 kB
Active:           448444 kB
Mem:          3.8G       786M       3.1G       5.7M        58M       319M

MemTotal:        4016004 kB
MemFree:         3210492 kB
Active:           448424 kB
Mem:          3.8G       786M       3.1G       5.7M        58M       319M

MemTotal:        4016004 kB
MemFree:         3210616 kB
Active:           448424 kB
Mem:          3.8G       786M       3.1G       5.7M        58M       319M

MemTotal:        4016004 kB
MemFree:         3210492 kB
Active:           448420 kB
Mem:          3.8G       786M       3.1G       5.7M        58M       319M

MemTotal:        4016004 kB
MemFree:         3210616 kB
Active:           448404 kB
Mem:          3.8G       786M       3.1G       5.7M        58M       319M

MemTotal:        4016004 kB
MemFree:         3210616 kB
Active:           448408 kB
Mem:          3.8G       786M       3.1G       5.7M        58M       320M

MemTotal:        4016004 kB
MemFree:         3210864 kB
Active:           448460 kB
Mem:          3.8G       786M       3.1G       5.7M        58M       320M

MemTotal:        4016004 kB
MemFree:         3210864 kB
Active:           448436 kB
Mem:          3.8G       786M       3.1G       5.7M        58M       320M

MemTotal:        4016004 kB
MemFree:         3210368 kB
Active:           448460 kB
Mem:          3.8G       786M       3.1G       5.7M        58M       320M

MemTotal:        4016004 kB
MemFree:         3210368 kB
Active:           448460 kB
Mem:          3.8G       786M       3.1G       5.7M        58M       320M

MemTotal:        4016004 kB
MemFree:         3210740 kB
Active:           448440 kB
Mem:          3.8G       786M       3.1G       5.7M        58M       320M

MemTotal:        4016004 kB
MemFree:         3210492 kB
Active:           448468 kB
Mem:          3.8G       786M       3.1G       5.7M        58M       320M

MemTotal:        4016004 kB
MemFree:         3210740 kB
Active:           448428 kB
Mem:          3.8G       786M       3.1G       5.7M        58M       320M

MemTotal:        4016004 kB
MemFree:         3210740 kB
Active:           448436 kB
Mem:          3.8G       786M       3.1G       5.7M        58M       320M

MemTotal:        4016004 kB
MemFree:         3210988 kB
Active:           448436 kB
Mem:          3.8G       786M       3.1G       5.7M        58M       320M

MemTotal:        4016004 kB
MemFree:         3210988 kB
Active:           448460 kB
Mem:          3.8G       786M       3.1G       5.7M        58M       320M

MemTotal:        4016004 kB
MemFree:         3210988 kB
Active:           448420 kB
Mem:          3.8G       786M       3.1G       5.7M        58M       320M

MemTotal:        4016004 kB
MemFree:         3211236 kB
Active:           448432 kB
Mem:          3.8G       786M       3.1G       5.7M        58M       320M

MemTotal:        4016004 kB
MemFree:         3211236 kB
Active:           448472 kB
Mem:          3.8G       785M       3.1G       5.7M        58M       320M

MemTotal:        4016004 kB
MemFree:         3210988 kB
Active:           448432 kB
Mem:          3.8G       786M       3.1G       5.7M        58M       320M

MemTotal:        4016004 kB
MemFree:         3210740 kB
Active:           448484 kB
Mem:          3.8G       786M       3.1G       5.7M        58M       320M

MemTotal:        4016004 kB
MemFree:         3211236 kB
Active:           448460 kB
Mem:          3.8G       786M       3.1G       5.7M        58M       320M

MemTotal:        4016004 kB
MemFree:         3211252 kB
Active:           448476 kB
Mem:          3.8G       785M       3.1G       5.7M        58M       320M

MemTotal:        4016004 kB
MemFree:         3210756 kB
Active:           448484 kB
Mem:          3.8G       786M       3.1G       5.7M        58M       320M

MemTotal:        4016004 kB
MemFree:         3210508 kB
Active:           448484 kB
Mem:          3.8G       786M       3.1G       5.7M        58M       320M

MemTotal:        4016004 kB
MemFree:         3210756 kB
Active:           448472 kB
Mem:          3.8G       786M       3.1G       5.7M        58M       320M

MemTotal:        4016004 kB
MemFree:         3210880 kB
Active:           448448 kB
Mem:          3.8G       786M       3.1G       5.7M        58M       320M

MemTotal:        4016004 kB
MemFree:         3210632 kB
Active:           448472 kB
Mem:          3.8G       786M       3.1G       5.7M        58M       320M

MemTotal:        4016004 kB
MemFree:         3210260 kB
Active:           448500 kB
Mem:          3.8G       786M       3.1G       5.7M        58M       320M

MemTotal:        4016004 kB
MemFree:         3210756 kB
Active:           448452 kB
Mem:          3.8G       786M       3.1G       5.7M        58M       320M

MemTotal:        4016004 kB
MemFree:         3210740 kB
Active:           448500 kB
Mem:          3.8G       786M       3.1G       5.7M        58M       320M

MemTotal:        4016004 kB
MemFree:         3210616 kB
Active:           448484 kB
Mem:          3.8G       786M       3.1G       5.7M        58M       320M

MemTotal:        4016004 kB
MemFree:         3211004 kB
Active:           448444 kB
Mem:          3.8G       786M       3.1G       5.7M        58M       320M

MemTotal:        4016004 kB
MemFree:         3210888 kB
Active:           448464 kB
Mem:          3.8G       786M       3.1G       5.7M        58M       320M

MemTotal:        4016004 kB
MemFree:         3210640 kB
Active:           448460 kB
Mem:          3.8G       786M       3.1G       5.7M        58M       320M

MemTotal:        4016004 kB
MemFree:         3210640 kB
Active:           448488 kB
Mem:          3.8G       786M       3.1G       5.7M        58M       320M

MemTotal:        4016004 kB
MemFree:         3210764 kB
Active:           448488 kB
Mem:          3.8G       786M       3.1G       5.7M        58M       320M

MemTotal:        4016004 kB
MemFree:         3210764 kB
Active:           448492 kB
Mem:          3.8G       786M       3.1G       5.7M        58M       320M

MemTotal:        4016004 kB
MemFree:         3210888 kB
Active:           448492 kB
Mem:          3.8G       786M       3.1G       5.7M        58M       320M

MemTotal:        4016004 kB
MemFree:         3210888 kB
Active:           448504 kB
Mem:          3.8G       786M       3.1G       5.7M        58M       320M

MemTotal:        4016004 kB
MemFree:         3210764 kB
Active:           448496 kB
Mem:          3.8G       786M       3.1G       5.7M        58M       320M

MemTotal:        4016004 kB
MemFree:         3210764 kB
Active:           448528 kB
Mem:          3.8G       786M       3.1G       5.7M        58M       320M

MemTotal:        4016004 kB
MemFree:         3210640 kB
Active:           448472 kB
Mem:          3.8G       786M       3.1G       5.7M        58M       320M

MemTotal:        4016004 kB
MemFree:         3210640 kB
Active:           448476 kB
Mem:          3.8G       786M       3.1G       5.7M        58M       320M

MemTotal:        4016004 kB
MemFree:         3210640 kB
Active:           448484 kB
Mem:          3.8G       786M       3.1G       5.7M        58M       320M

MemTotal:        4016004 kB
MemFree:         3210888 kB
Active:           448480 kB
Mem:          3.8G       786M       3.1G       5.7M        58M       320M

MemTotal:        4016004 kB
MemFree:         3210764 kB
Active:           448476 kB
Mem:          3.8G       786M       3.1G       5.7M        58M       320M

MemTotal:        4016004 kB
MemFree:         3210516 kB
Active:           448532 kB
Mem:          3.8G       786M       3.1G       5.7M        58M       320M

MemTotal:        4016004 kB
MemFree:         3210640 kB
Active:           448536 kB
Mem:          3.8G       786M       3.1G       5.7M        58M       320M

MemTotal:        4016004 kB
MemFree:         3209896 kB
Active:           448540 kB
Mem:          3.8G       787M       3.1G       5.7M        58M       320M

MemTotal:        4016004 kB
MemFree:         3210144 kB
Active:           448512 kB
Mem:          3.8G       786M       3.1G       5.7M        58M       320M

MemTotal:        4016004 kB
MemFree:         3210144 kB
Active:           448516 kB
Mem:          3.8G       786M       3.1G       5.7M        58M       320M

MemTotal:        4016004 kB
MemFree:         3210516 kB
Active:           448508 kB
Mem:          3.8G       786M       3.1G       5.7M        58M       320M

MemTotal:        4016004 kB
MemFree:         3210764 kB
Active:           448504 kB
Mem:          3.8G       786M       3.1G       5.7M        58M       320M

MemTotal:        4016004 kB
MemFree:         3210640 kB
Active:           448492 kB
Mem:          3.8G       786M       3.1G       5.7M        58M       320M

MemTotal:        4016004 kB
MemFree:         3210764 kB
Active:           448532 kB
Mem:          3.8G       786M       3.1G       5.7M        58M       320M

MemTotal:        4016004 kB
MemFree:         3210764 kB
Active:           448540 kB
Mem:          3.8G       786M       3.1G       5.7M        58M       320M

MemTotal:        4016004 kB
MemFree:         3210376 kB
Active:           448528 kB
Mem:          3.8G       786M       3.1G       5.7M        58M       320M

MemTotal:        4016004 kB
MemFree:         3210872 kB
Active:           448536 kB
Mem:          3.8G       786M       3.1G       5.7M        58M       320M

MemTotal:        4016004 kB
MemFree:         3210748 kB
Active:           448544 kB
Mem:          3.8G       786M       3.1G       5.7M        58M       320M

MemTotal:        4016004 kB
MemFree:         3210872 kB
Active:           448524 kB
Mem:          3.8G       786M       3.1G       5.7M        58M       320M

MemTotal:        4016004 kB
MemFree:         3210748 kB
Active:           448540 kB
Mem:          3.8G       786M       3.1G       5.7M        58M       320M

MemTotal:        4016004 kB
MemFree:         3210996 kB
Active:           448512 kB
Mem:          3.8G       786M       3.1G       5.7M        58M       320M

MemTotal:        4016004 kB
MemFree:         3211120 kB
Active:           448572 kB
Mem:          3.8G       786M       3.1G       5.7M        58M       320M

MemTotal:        4016004 kB
MemFree:         3211244 kB
Active:           448528 kB
Mem:          3.8G       786M       3.1G       5.7M        58M       320M

MemTotal:        4016004 kB
MemFree:         3210996 kB
Active:           448540 kB
Mem:          3.8G       786M       3.1G       5.7M        58M       320M

MemTotal:        4016004 kB
MemFree:         3210996 kB
Active:           448544 kB
Mem:          3.8G       786M       3.1G       5.7M        58M       320M

MemTotal:        4016004 kB
MemFree:         3210996 kB
Active:           448528 kB
Mem:          3.8G       786M       3.1G       5.7M        58M       320M

MemTotal:        4016004 kB
MemFree:         3211120 kB
Active:           448548 kB
Mem:          3.8G       786M       3.1G       5.7M        58M       320M

MemTotal:        4016004 kB
MemFree:         3210748 kB
Active:           448592 kB
Mem:          3.8G       786M       3.1G       5.7M        58M       320M

MemTotal:        4016004 kB
MemFree:         3211244 kB
Active:           448536 kB
Mem:          3.8G       786M       3.1G       5.7M        58M       320M

MemTotal:        4016004 kB
MemFree:         3211120 kB
Active:           448544 kB
Mem:          3.8G       785M       3.1G       5.7M        58M       320M

MemTotal:        4016004 kB
MemFree:         3211244 kB
Active:           448560 kB
Mem:          3.8G       785M       3.1G       5.7M        58M       320M

MemTotal:        4016004 kB
MemFree:         3211244 kB
Active:           448576 kB
Mem:          3.8G       785M       3.1G       5.7M        58M       320M

MemTotal:        4016004 kB
MemFree:         3210996 kB
Active:           448592 kB
Mem:          3.8G       786M       3.1G       5.7M        58M       320M

MemTotal:        4016004 kB
MemFree:         3211120 kB
Active:           448552 kB
Mem:          3.8G       786M       3.1G       5.7M        58M       320M

MemTotal:        4016004 kB
MemFree:         3211120 kB
Active:           448568 kB
Mem:          3.8G       786M       3.1G       5.7M        58M       320M

MemTotal:        4016004 kB
MemFree:         3211244 kB
Active:           448588 kB
Mem:          3.8G       785M       3.1G       5.7M        58M       320M

MemTotal:        4016004 kB
MemFree:         3211244 kB
Active:           448580 kB
Mem:          3.8G       786M       3.1G       5.7M        58M       320M

MemTotal:        4016004 kB
MemFree:         3211368 kB
Active:           448584 kB
Mem:          3.8G       785M       3.1G       5.7M        58M       320M

MemTotal:        4016004 kB
MemFree:         3210748 kB
Active:           448600 kB
Mem:          3.8G       786M       3.1G       5.7M        58M       320M

MemTotal:        4016004 kB
MemFree:         3210624 kB
Active:           448604 kB
Mem:          3.8G       786M       3.1G       5.7M        58M       320M

MemTotal:        4016004 kB
MemFree:         3210996 kB
Active:           448588 kB
Mem:          3.8G       785M       3.1G       5.7M        58M       320M

MemTotal:        4016004 kB
MemFree:         3211244 kB
Active:           448588 kB
Mem:          3.8G       786M       3.1G       5.7M        58M       320M

MemTotal:        4016004 kB
MemFree:         3211244 kB
Active:           448580 kB
Mem:          3.8G       786M       3.1G       5.7M        58M       320M

MemTotal:        4016004 kB
MemFree:         3210996 kB
Active:           448584 kB
Mem:          3.8G       786M       3.1G       5.7M        58M       320M

MemTotal:        4016004 kB
MemFree:         3211120 kB
Active:           448576 kB
Mem:          3.8G       785M       3.1G       5.7M        58M       320M

MemTotal:        4016004 kB
MemFree:         3211120 kB
Active:           448560 kB
Mem:          3.8G       785M       3.1G       5.7M        58M       320M

MemTotal:        4016004 kB
MemFree:         3211244 kB
Active:           448612 kB
Mem:          3.8G       786M       3.1G       5.7M        58M       320M

MemTotal:        4016004 kB
MemFree:         3210872 kB
Active:           448620 kB
Mem:          3.8G       786M       3.1G       5.7M        58M       320M

MemTotal:        4016004 kB
MemFree:         3211120 kB
Active:           448564 kB
Mem:          3.8G       786M       3.1G       5.7M        58M       320M

MemTotal:        4016004 kB
MemFree:         3211120 kB
Active:           448572 kB
Mem:          3.8G       785M       3.1G       5.7M        58M       320M

MemTotal:        4016004 kB
MemFree:         3210748 kB
Active:           448628 kB
Mem:          3.8G       786M       3.1G       5.7M        58M       320M

MemTotal:        4016004 kB
MemFree:         3210872 kB
Active:           448628 kB
Mem:          3.8G       786M       3.1G       5.7M        58M       320M

MemTotal:        4016004 kB
MemFree:         3210748 kB
Active:           448624 kB
Mem:          3.8G       786M       3.1G       5.7M        58M       320M

MemTotal:        4016004 kB
MemFree:         3210624 kB
Active:           448640 kB
Mem:          3.8G       786M       3.1G       5.7M        58M       320M

MemTotal:        4016004 kB
MemFree:         3210872 kB
Active:           448592 kB
Mem:          3.8G       786M       3.1G       5.7M        58M       320M

MemTotal:        4016004 kB
MemFree:         3210996 kB
Active:           448592 kB
Mem:          3.8G       786M       3.1G       5.7M        58M       320M

MemTotal:        4016004 kB
MemFree:         3211072 kB
Active:           448588 kB
Mem:          3.8G       785M       3.1G       5.7M        58M       320M

MemTotal:        4016004 kB
MemFree:         3210872 kB
Active:           448640 kB
Mem:          3.8G       786M       3.1G       5.7M        58M       320M

MemTotal:        4016004 kB
MemFree:         3210748 kB
Active:           448644 kB
Mem:          3.8G       786M       3.1G       5.7M        58M       320M

MemTotal:        4016004 kB
MemFree:         3210996 kB
Active:           448640 kB
Mem:          3.8G       786M       3.1G       5.7M        58M       320M

MemTotal:        4016004 kB
MemFree:         3210004 kB
Active:           448656 kB
Mem:          3.8G       786M       3.1G       5.7M        58M       320M

MemTotal:        4016004 kB
MemFree:         3210624 kB
Active:           448600 kB
Mem:          3.8G       786M       3.1G       5.7M        58M       320M

MemTotal:        4016004 kB
MemFree:         3210872 kB
Active:           448604 kB
Mem:          3.8G       786M       3.1G       5.7M        58M       320M

MemTotal:        4016004 kB
MemFree:         3210996 kB
Active:           448648 kB
Mem:          3.8G       786M       3.1G       5.7M        58M       320M

MemTotal:        4016004 kB
MemFree:         3210624 kB
Active:           448620 kB
Mem:          3.8G       786M       3.1G       5.7M        58M       320M

MemTotal:        4016004 kB
MemFree:         3210624 kB
Active:           448604 kB
Mem:          3.8G       786M       3.1G       5.7M        58M       320M

MemTotal:        4016004 kB
MemFree:         3210624 kB
Active:           448640 kB
Mem:          3.8G       786M       3.1G       5.7M        58M       320M

MemTotal:        4016004 kB
MemFree:         3210748 kB
Active:           448632 kB
Mem:          3.8G       786M       3.1G       5.7M        58M       320M

MemTotal:        4016004 kB
MemFree:         3210624 kB
Active:           448672 kB
Mem:          3.8G       786M       3.1G       5.7M        58M       320M

MemTotal:        4016004 kB
MemFree:         3210624 kB
Active:           448652 kB
Mem:          3.8G       786M       3.1G       5.7M        58M       320M

MemTotal:        4016004 kB
MemFree:         3210996 kB
Active:           448660 kB
Mem:          3.8G       786M       3.1G       5.7M        58M       320M

MemTotal:        4016004 kB
MemFree:         3211120 kB
Active:           448652 kB
Mem:          3.8G       786M       3.1G       5.7M        58M       320M

MemTotal:        4016004 kB
MemFree:         3210376 kB
Active:           448688 kB
Mem:          3.8G       786M       3.1G       5.7M        58M       320M

MemTotal:        4016004 kB
MemFree:         3210624 kB
Active:           448644 kB
Mem:          3.8G       786M       3.1G       5.7M        58M       320M

MemTotal:        4016004 kB
MemFree:         3210624 kB
Active:           448688 kB
