MemTotal:        4016004 kB
MemFree:         3253168 kB
Active:           410524 kB
Mem:          3.8G       745M       3.1G       5.7M        55M       314M

MemTotal:        4016004 kB
MemFree:         3251164 kB
Active:           411868 kB
Mem:          3.8G       747M       3.1G       5.7M        55M       314M

MemTotal:        4016004 kB
MemFree:         3250668 kB
Active:           411956 kB
Mem:          3.8G       747M       3.1G       5.7M        55M       314M

MemTotal:        4016004 kB
MemFree:         3250544 kB
Active:           411948 kB
Mem:          3.8G       747M       3.1G       5.7M        55M       314M

MemTotal:        4016004 kB
MemFree:         3249908 kB
Active:           411996 kB
Mem:          3.8G       748M       3.1G       5.7M        55M       314M

MemTotal:        4016004 kB
MemFree:         3250248 kB
Active:           411976 kB
Mem:          3.8G       747M       3.1G       5.7M        55M       314M

MemTotal:        4016004 kB
MemFree:         3250108 kB
Active:           411972 kB
Mem:          3.8G       747M       3.1G       5.7M        55M       314M

MemTotal:        4016004 kB
MemFree:         3249844 kB
Active:           412004 kB
Mem:          3.8G       748M       3.1G       5.7M        55M       314M

MemTotal:        4016004 kB
MemFree:         3250076 kB
Active:           411964 kB
Mem:          3.8G       747M       3.1G       5.7M        55M       314M

MemTotal:        4016004 kB
MemFree:         3249952 kB
Active:           411996 kB
Mem:          3.8G       748M       3.1G       5.7M        55M       314M

MemTotal:        4016004 kB
MemFree:         3250060 kB
Active:           411976 kB
Mem:          3.8G       748M       3.1G       5.7M        55M       314M

MemTotal:        4016004 kB
MemFree:         3249672 kB
Active:           412004 kB
Mem:          3.8G       748M       3.1G       5.7M        55M       314M

MemTotal:        4016004 kB
MemFree:         3250028 kB
Active:           411964 kB
Mem:          3.8G       748M       3.1G       5.7M        55M       314M

MemTotal:        4016004 kB
MemFree:         3250012 kB
Active:           411956 kB
Mem:          3.8G       748M       3.1G       5.7M        55M       314M

MemTotal:        4016004 kB
MemFree:         3250120 kB
Active:           411984 kB
Mem:          3.8G       747M       3.1G       5.7M        55M       314M

MemTotal:        4016004 kB
MemFree:         3249732 kB
Active:           412008 kB
Mem:          3.8G       748M       3.1G       5.7M        55M       314M

MemTotal:        4016004 kB
MemFree:         3249608 kB
Active:           412008 kB
Mem:          3.8G       748M       3.1G       5.7M        55M       314M

MemTotal:        4016004 kB
MemFree:         3249792 kB
Active:           409928 kB
Mem:          3.8G       748M       3.1G       5.7M        55M       314M

MemTotal:        4016004 kB
MemFree:         3249996 kB
Active:           411968 kB
Mem:          3.8G       748M       3.1G       5.7M        55M       314M

MemTotal:        4016004 kB
MemFree:         3249624 kB
Active:           411984 kB
Mem:          3.8G       748M       3.1G       5.7M        55M       314M

MemTotal:        4016004 kB
MemFree:         3249624 kB
Active:           411984 kB
Mem:          3.8G       748M       3.1G       5.7M        55M       314M

MemTotal:        4016004 kB
MemFree:         3250120 kB
Active:           411976 kB
Mem:          3.8G       747M       3.1G       5.7M        55M       314M

MemTotal:        4016004 kB
MemFree:         3249748 kB
Active:           412028 kB
Mem:          3.8G       748M       3.1G       5.7M        55M       314M

MemTotal:        4016004 kB
MemFree:         3249748 kB
Active:           412016 kB
Mem:          3.8G       748M       3.1G       5.7M        55M       314M

MemTotal:        4016004 kB
MemFree:         3250368 kB
Active:           412000 kB
Mem:          3.8G       747M       3.1G       5.7M        55M       314M

MemTotal:        4016004 kB
MemFree:         3250368 kB
Active:           411992 kB
Mem:          3.8G       747M       3.1G       5.7M        55M       314M

MemTotal:        4016004 kB
MemFree:         3250368 kB
Active:           412008 kB
Mem:          3.8G       747M       3.1G       5.7M        55M       314M

MemTotal:        4016004 kB
MemFree:         3250616 kB
Active:           412004 kB
Mem:          3.8G       747M       3.1G       5.7M        55M       314M

MemTotal:        4016004 kB
MemFree:         3250600 kB
Active:           411988 kB
Mem:          3.8G       747M       3.1G       5.7M        55M       314M

MemTotal:        4016004 kB
MemFree:         3250584 kB
Active:           412004 kB
Mem:          3.8G       747M       3.1G       5.7M        55M       314M

MemTotal:        4016004 kB
MemFree:         3250568 kB
Active:           411992 kB
Mem:          3.8G       747M       3.1G       5.7M        55M       314M

MemTotal:        4016004 kB
MemFree:         3250304 kB
Active:           411992 kB
Mem:          3.8G       747M       3.1G       5.7M        55M       314M

MemTotal:        4016004 kB
MemFree:         3250304 kB
Active:           412032 kB
Mem:          3.8G       747M       3.1G       5.7M        55M       314M

MemTotal:        4016004 kB
MemFree:         3250536 kB
Active:           412024 kB
Mem:          3.8G       747M       3.1G       5.7M        55M       314M

MemTotal:        4016004 kB
MemFree:         3249900 kB
Active:           412056 kB
Mem:          3.8G       748M       3.1G       5.7M        55M       314M

MemTotal:        4016004 kB
MemFree:         3249900 kB
Active:           412032 kB
Mem:          3.8G       748M       3.1G       5.7M        55M       314M

MemTotal:        4016004 kB
MemFree:         3249468 kB
Active:           412060 kB
Mem:          3.8G       748M       3.1G       5.7M        55M       314M

MemTotal:        4016004 kB
MemFree:         3249592 kB
Active:           412060 kB
Mem:          3.8G       748M       3.1G       5.7M        55M       314M

MemTotal:        4016004 kB
MemFree:         3249840 kB
Active:           412004 kB
Mem:          3.8G       748M       3.1G       5.7M        55M       314M

MemTotal:        4016004 kB
MemFree:         3249840 kB
Active:           412064 kB
Mem:          3.8G       748M       3.1G       5.7M        55M       314M

MemTotal:        4016004 kB
MemFree:         3249840 kB
Active:           412064 kB
Mem:          3.8G       748M       3.1G       5.7M        55M       314M

MemTotal:        4016004 kB
MemFree:         3249840 kB
Active:           412068 kB
Mem:          3.8G       748M       3.1G       5.7M        55M       314M

MemTotal:        4016004 kB
MemFree:         3249592 kB
Active:           412080 kB
Mem:          3.8G       748M       3.1G       5.7M        55M       314M

MemTotal:        4016004 kB
MemFree:         3249592 kB
Active:           412080 kB
Mem:          3.8G       748M       3.1G       5.7M        55M       314M

MemTotal:        4016004 kB
MemFree:         3249964 kB
Active:           412040 kB
Mem:          3.8G       748M       3.1G       5.7M        55M       314M

MemTotal:        4016004 kB
MemFree:         3249964 kB
Active:           412024 kB
Mem:          3.8G       748M       3.1G       5.7M        55M       314M

MemTotal:        4016004 kB
MemFree:         3249824 kB
Active:           412080 kB
Mem:          3.8G       748M       3.1G       5.7M        55M       314M

MemTotal:        4016004 kB
MemFree:         3250072 kB
Active:           412060 kB
Mem:          3.8G       748M       3.1G       5.7M        55M       314M

MemTotal:        4016004 kB
MemFree:         3249932 kB
Active:           412032 kB
Mem:          3.8G       748M       3.1G       5.7M        55M       314M

MemTotal:        4016004 kB
MemFree:         3250168 kB
Active:           412072 kB
Mem:          3.8G       748M       3.1G       5.7M        55M       314M

MemTotal:        4016004 kB
MemFree:         3249672 kB
Active:           412092 kB
Mem:          3.8G       748M       3.1G       5.7M        55M       314M

MemTotal:        4016004 kB
MemFree:         3250168 kB
Active:           412060 kB
Mem:          3.8G       748M       3.1G       5.7M        55M       314M

MemTotal:        4016004 kB
MemFree:         3250292 kB
Active:           412080 kB
Mem:          3.8G       747M       3.1G       5.7M        55M       314M

MemTotal:        4016004 kB
MemFree:         3250044 kB
Active:           412108 kB
Mem:          3.8G       748M       3.1G       5.7M        55M       314M

MemTotal:        4016004 kB
MemFree:         3250168 kB
Active:           412064 kB
Mem:          3.8G       748M       3.1G       5.7M        55M       314M

MemTotal:        4016004 kB
MemFree:         3249920 kB
Active:           412100 kB
Mem:          3.8G       747M       3.1G       5.7M        55M       314M

MemTotal:        4016004 kB
MemFree:         3250012 kB
Active:           412084 kB
Mem:          3.8G       748M       3.1G       5.7M        55M       314M

MemTotal:        4016004 kB
MemFree:         3247948 kB
Active:           412096 kB
Mem:          3.8G       750M       3.1G       5.7M        55M       314M

MemTotal:        4016004 kB
MemFree:         3247932 kB
Active:           414136 kB
Mem:          3.8G       750M       3.1G       5.7M        55M       314M

MemTotal:        4016004 kB
MemFree:         3248040 kB
Active:           414108 kB
Mem:          3.8G       749M       3.1G       5.7M        55M       314M

MemTotal:        4016004 kB
MemFree:         3248148 kB
Active:           414212 kB
Mem:          3.8G       750M       3.1G       5.7M        55M       314M

MemTotal:        4016004 kB
MemFree:         3137812 kB
Active:           414472 kB
Mem:          3.8G       858M       3.0G       5.7M        55M       420M

MemTotal:        4016004 kB
MemFree:         3023864 kB
Active:           414480 kB
Mem:          3.8G       969M       2.9G       5.7M        55M       530M

MemTotal:        4016004 kB
MemFree:         2935352 kB
Active:           414476 kB
Mem:          3.8G       1.0G       2.8G       5.7M        55M       615M

MemTotal:        4016004 kB
MemFree:         2934076 kB
Active:           414448 kB
Mem:          3.8G       1.0G       2.8G       5.7M        55M       616M

MemTotal:        4016004 kB
MemFree:         2825200 kB
Active:           414480 kB
Mem:          3.8G       1.1G       2.7G       5.7M        55M       721M

MemTotal:        4016004 kB
MemFree:         2791792 kB
Active:           414500 kB
Mem:          3.8G       1.2G       2.7G       5.7M        55M       753M

MemTotal:        4016004 kB
MemFree:         2746408 kB
Active:           414504 kB
Mem:          3.8G       1.2G       2.6G       5.7M        55M       797M

MemTotal:        4016004 kB
MemFree:         2692492 kB
Active:           414504 kB
Mem:          3.8G       1.3G       2.6G       5.7M        55M       849M

MemTotal:        4016004 kB
MemFree:         2679224 kB
Active:           414504 kB
Mem:          3.8G       1.3G       2.6G       5.7M        55M       862M

MemTotal:        4016004 kB
MemFree:         2593008 kB
Active:           414496 kB
Mem:          3.8G       1.4G       2.5G       5.7M        55M       945M

MemTotal:        4016004 kB
MemFree:         2593224 kB
Active:           414472 kB
Mem:          3.8G       1.4G       2.5G       5.7M        55M       945M

MemTotal:        4016004 kB
MemFree:         2590616 kB
Active:           414528 kB
Mem:          3.8G       1.4G       2.5G       5.7M        55M       946M

MemTotal:        4016004 kB
MemFree:         2589160 kB
Active:           414540 kB
Mem:          3.8G       1.4G       2.5G       5.7M        55M       947M

MemTotal:        4016004 kB
MemFree:         2588296 kB
Active:           414540 kB
Mem:          3.8G       1.4G       2.5G       5.7M        55M       948M

MemTotal:        4016004 kB
MemFree:         2466692 kB
Active:           414540 kB
Mem:          3.8G       1.5G       2.4G       5.7M        55M       1.0G

MemTotal:        4016004 kB
MemFree:         2352108 kB
Active:           414540 kB
Mem:          3.8G       1.6G       2.2G       5.7M        55M       1.1G

MemTotal:        4016004 kB
MemFree:         2234408 kB
Active:           414544 kB
Mem:          3.8G       1.7G       2.1G       5.7M        55M       1.3G

MemTotal:        4016004 kB
MemFree:         2203580 kB
Active:           414496 kB
Mem:          3.8G       1.7G       2.1G       5.7M        55M       1.3G

MemTotal:        4016004 kB
MemFree:         2136816 kB
Active:           414548 kB
Mem:          3.8G       1.8G       2.0G       5.7M        55M       1.4G

MemTotal:        4016004 kB
MemFree:         2135512 kB
Active:           414548 kB
Mem:          3.8G       1.8G       2.0G       5.7M        55M       1.4G

MemTotal:        4016004 kB
MemFree:         2054708 kB
Active:           414552 kB
Mem:          3.8G       1.9G       2.0G       5.7M        55M       1.4G

MemTotal:        4016004 kB
MemFree:         2025784 kB
Active:           414560 kB
Mem:          3.8G       1.9G       1.9G       5.7M        55M       1.5G

MemTotal:        4016004 kB
MemFree:         1936344 kB
Active:           414544 kB
Mem:          3.8G       2.0G       1.8G       5.7M        55M       1.5G

MemTotal:        4016004 kB
MemFree:         1935808 kB
Active:           414576 kB
Mem:          3.8G       2.0G       1.8G       5.7M        55M       1.5G

MemTotal:        4016004 kB
MemFree:         1934548 kB
Active:           414616 kB
Mem:          3.8G       2.0G       1.8G       5.7M        55M       1.5G

MemTotal:        4016004 kB
MemFree:         1933044 kB
Active:           414620 kB
Mem:          3.8G       2.0G       1.8G       5.7M        55M       1.5G

MemTotal:        4016004 kB
MemFree:         1926552 kB
Active:           412664 kB
Mem:          3.8G       2.0G       1.8G       5.7M        55M       1.5G

MemTotal:        4016004 kB
MemFree:         1795384 kB
Active:           414664 kB
Mem:          3.8G       2.1G       1.7G       5.7M        55M       1.7G

MemTotal:        4016004 kB
MemFree:         1668368 kB
Active:           414716 kB
Mem:          3.8G       2.2G       1.6G       5.7M        55M       1.8G

MemTotal:        4016004 kB
MemFree:         1540112 kB
Active:           414716 kB
Mem:          3.8G       2.4G       1.5G       5.7M        55M       1.9G

MemTotal:        4016004 kB
MemFree:         1253900 kB
Active:           414716 kB
Mem:          3.8G       2.6G       1.2G       5.7M        55M       2.2G

MemTotal:        4016004 kB
MemFree:         1251004 kB
Active:           414732 kB
Mem:          3.8G       2.6G       1.2G       5.7M        55M       2.2G

MemTotal:        4016004 kB
MemFree:         1250440 kB
Active:           414732 kB
Mem:          3.8G       2.6G       1.2G       5.7M        55M       2.2G

MemTotal:        4016004 kB
MemFree:         1250412 kB
Active:           414732 kB
Mem:          3.8G       2.6G       1.2G       5.7M        55M       2.2G

MemTotal:        4016004 kB
MemFree:         1249964 kB
Active:           412688 kB
Mem:          3.8G       2.6G       1.2G       5.7M        55M       2.2G

MemTotal:        4016004 kB
MemFree:         1207200 kB
Active:           414724 kB
Mem:          3.8G       2.7G       1.2G       5.7M        55M       2.2G

MemTotal:        4016004 kB
MemFree:         1206524 kB
Active:           414740 kB
Mem:          3.8G       2.7G       1.2G       5.7M        55M       2.2G

MemTotal:        4016004 kB
MemFree:         1206480 kB
Active:           414764 kB
Mem:          3.8G       2.7G       1.2G       5.7M        55M       2.2G

MemTotal:        4016004 kB
MemFree:         1206624 kB
Active:           414716 kB
Mem:          3.8G       2.7G       1.2G       5.7M        55M       2.2G

MemTotal:        4016004 kB
MemFree:         1204444 kB
Active:           414712 kB
Mem:          3.8G       2.7G       1.1G       5.7M        55M       2.2G

MemTotal:        4016004 kB
MemFree:         1140676 kB
Active:           414776 kB
Mem:          3.8G       2.7G       1.1G       5.7M        55M       2.3G

MemTotal:        4016004 kB
MemFree:         1012048 kB
Active:           414740 kB
Mem:          3.8G       2.9G       987M       5.7M        55M       2.4G

MemTotal:        4016004 kB
MemFree:          907508 kB
Active:           414780 kB
Mem:          3.8G       3.0G       885M       5.7M        55M       2.5G

MemTotal:        4016004 kB
MemFree:          852288 kB
Active:           414744 kB
Mem:          3.8G       3.0G       831M       5.7M        55M       2.6G

MemTotal:        4016004 kB
MemFree:          848984 kB
Active:           414760 kB
Mem:          3.8G       3.0G       828M       5.7M        55M       2.6G

MemTotal:        4016004 kB
MemFree:          763996 kB
Active:           416800 kB
Mem:          3.8G       3.1G       745M       5.7M        55M       2.6G

MemTotal:        4016004 kB
MemFree:          719016 kB
Active:           416816 kB
Mem:          3.8G       3.1G       702M       5.7M        55M       2.7G

MemTotal:        4016004 kB
MemFree:          713268 kB
Active:           416832 kB
Mem:          3.8G       3.2G       695M       5.7M        55M       2.7G

MemTotal:        4016004 kB
MemFree:          580800 kB
Active:           416840 kB
Mem:          3.8G       3.3G       566M       5.7M        55M       2.8G

MemTotal:        4016004 kB
MemFree:          452992 kB
Active:           416852 kB
Mem:          3.8G       3.4G       442M       5.7M        55M       2.9G

MemTotal:        4016004 kB
MemFree:          324628 kB
Active:           416856 kB
Mem:          3.8G       3.5G       316M       5.7M        55M       3.1G

MemTotal:        4016004 kB
MemFree:          253276 kB
Active:           416856 kB
Mem:          3.8G       3.6G       247M       5.7M        55M       3.1G

MemTotal:        4016004 kB
MemFree:          252988 kB
Active:           416844 kB
Mem:          3.8G       3.6G       246M       5.7M        55M       3.1G

MemTotal:        4016004 kB
MemFree:          253064 kB
Active:           416824 kB
Mem:          3.8G       3.6G       246M       5.7M        55M       3.1G

MemTotal:        4016004 kB
MemFree:          252360 kB
Active:           416880 kB
Mem:          3.8G       3.6G       246M       5.7M        55M       3.1G

MemTotal:        4016004 kB
MemFree:          249512 kB
Active:           416888 kB
Mem:          3.8G       3.6G       243M       5.7M        55M       3.1G

MemTotal:        4016004 kB
MemFree:          248816 kB
Active:           416872 kB
Mem:          3.8G       3.6G       242M       5.7M        55M       3.1G

MemTotal:        4016004 kB
MemFree:          196864 kB
Active:           416864 kB
Mem:          3.8G       3.6G       191M       5.7M        55M       3.2G

MemTotal:        4016004 kB
MemFree:          125924 kB
Active:           427072 kB
Mem:          3.8G       3.7G       136M       5.7M        20M       3.3G

MemTotal:        4016004 kB
MemFree:          137180 kB
Active:           431048 kB
Mem:          3.8G       3.7G       132M       5.7M        20M       3.3G

MemTotal:        4016004 kB
MemFree:          135492 kB
Active:           431316 kB
Mem:          3.8G       3.7G       132M       5.7M        20M       3.3G

MemTotal:        4016004 kB
MemFree:          134532 kB
Active:           431132 kB
Mem:          3.8G       3.7G       131M       5.7M        20M       3.3G

MemTotal:        4016004 kB
MemFree:          134348 kB
Active:           431136 kB
Mem:          3.8G       3.7G       131M       5.7M        20M       3.3G

MemTotal:        4016004 kB
MemFree:          132108 kB
Active:           431184 kB
Mem:          3.8G       3.7G       128M       5.7M        20M       3.3G

MemTotal:        4016004 kB
MemFree:          130504 kB
Active:           473172 kB
Mem:          3.8G       3.7G       129M       5.7M        20M       3.3G

MemTotal:        4016004 kB
MemFree:          129708 kB
Active:           433964 kB
Mem:          3.8G       3.7G       126M       5.7M        20M       3.3G

MemTotal:        4016004 kB
MemFree:          129036 kB
Active:           433816 kB
Mem:          3.8G       3.7G       125M       5.7M        20M       3.3G

MemTotal:        4016004 kB
MemFree:          133448 kB
Active:           430580 kB
Mem:          3.8G       3.7G       130M       5.7M        20M       3.3G

MemTotal:        4016004 kB
MemFree:          120760 kB
Active:           430536 kB
Mem:          3.8G       3.7G       117M       5.7M        20M       3.3G

MemTotal:        4016004 kB
MemFree:          144164 kB
Active:           428788 kB
Mem:          3.8G       3.7G       140M       5.7M        20M       3.3G

MemTotal:        4016004 kB
MemFree:          142852 kB
Active:           427136 kB
Mem:          3.8G       3.7G       139M       5.7M        20M       3.3G

MemTotal:        4016004 kB
MemFree:          140304 kB
Active:           429112 kB
Mem:          3.8G       3.7G       136M       5.7M        20M       3.3G

MemTotal:        4016004 kB
MemFree:          139768 kB
Active:           429072 kB
Mem:          3.8G       3.7G       136M       5.7M        20M       3.3G

MemTotal:        4016004 kB
MemFree:          131980 kB
Active:           429120 kB
Mem:          3.8G       3.7G       128M       5.7M        20M       3.3G

MemTotal:        4016004 kB
MemFree:          137644 kB
Active:           425420 kB
Mem:          3.8G       3.7G       134M       5.7M        20M       3.3G

MemTotal:        4016004 kB
MemFree:          133920 kB
Active:           421840 kB
Mem:          3.8G       3.7G       130M       5.7M        20M       3.3G

MemTotal:        4016004 kB
MemFree:          134812 kB
Active:           418004 kB
Mem:          3.8G       3.7G       131M       5.7M        20M       3.3G

MemTotal:        4016004 kB
MemFree:          138340 kB
Active:           416088 kB
Mem:          3.8G       3.7G       134M       5.7M        20M       3.3G

MemTotal:        4016004 kB
MemFree:          125344 kB
Active:           414796 kB
Mem:          3.8G       3.7G       121M       5.7M        20M       3.3G

MemTotal:        4016004 kB
MemFree:          132604 kB
Active:           413540 kB
Mem:          3.8G       3.7G       129M       5.7M        20M       3.3G

MemTotal:        4016004 kB
MemFree:          126556 kB
Active:           409420 kB
Mem:          3.8G       3.7G       123M       5.7M        20M       3.3G

MemTotal:        4016004 kB
MemFree:          132120 kB
Active:           406640 kB
Mem:          3.8G       3.7G       128M       5.7M        20M       3.3G

MemTotal:        4016004 kB
MemFree:          130776 kB
Active:           406656 kB
Mem:          3.8G       3.7G       127M       5.7M        20M       3.3G

MemTotal:        4016004 kB
MemFree:          129260 kB
Active:           406628 kB
Mem:          3.8G       3.7G       126M       5.7M        20M       3.3G

MemTotal:        4016004 kB
MemFree:          127652 kB
Active:           406668 kB
Mem:          3.8G       3.7G       124M       5.7M        20M       3.3G

MemTotal:        4016004 kB
MemFree:          127072 kB
Active:           406672 kB
Mem:          3.8G       3.7G       123M       5.7M        20M       3.3G

MemTotal:        4016004 kB
MemFree:          122188 kB
Active:           400556 kB
Mem:          3.8G       3.7G       125M       5.7M        20M       3.3G

MemTotal:        4016004 kB
MemFree:          139116 kB
Active:           396364 kB
Mem:          3.8G       3.7G       135M       5.7M        20M       3.3G

MemTotal:        4016004 kB
MemFree:          131448 kB
Active:           392624 kB
Mem:          3.8G       3.7G       127M       5.7M        20M       3.3G

MemTotal:        4016004 kB
MemFree:          128404 kB
Active:           391508 kB
Mem:          3.8G       3.7G       125M       5.7M        20M       3.3G

MemTotal:        4016004 kB
MemFree:          133404 kB
Active:           390320 kB
Mem:          3.8G       3.7G       130M       5.7M        20M       3.3G

MemTotal:        4016004 kB
MemFree:          127356 kB
Active:           390048 kB
Mem:          3.8G       3.7G       123M       5.7M        20M       3.3G

MemTotal:        4016004 kB
MemFree:          125932 kB
Active:           387776 kB
Mem:          3.8G       3.7G       122M       5.7M        20M       3.3G

MemTotal:        4016004 kB
MemFree:          143376 kB
Active:           385612 kB
Mem:          3.8G       3.7G       140M       5.7M        20M       3.3G

MemTotal:        4016004 kB
MemFree:          142840 kB
Active:           385368 kB
Mem:          3.8G       3.7G       139M       5.7M        20M       3.3G

MemTotal:        4016004 kB
MemFree:          142436 kB
Active:           385336 kB
Mem:          3.8G       3.7G       138M       5.7M        20M       3.3G

MemTotal:        4016004 kB
MemFree:          140392 kB
Active:           385360 kB
Mem:          3.8G       3.7G       137M       5.7M        20M       3.3G

MemTotal:        4016004 kB
MemFree:          139624 kB
Active:           385376 kB
Mem:          3.8G       3.7G       136M       5.7M        20M       3.3G

MemTotal:        4016004 kB
MemFree:          126460 kB
Active:           383588 kB
Mem:          3.8G       3.7G       123M       5.7M        20M       3.3G

MemTotal:        4016004 kB
MemFree:          127460 kB
Active:           380136 kB
Mem:          3.8G       3.7G       124M       5.7M        20M       3.3G

MemTotal:        4016004 kB
MemFree:          134084 kB
Active:           376936 kB
Mem:          3.8G       3.7G       130M       5.7M        20M       3.3G

MemTotal:        4016004 kB
MemFree:          129108 kB
Active:           374760 kB
Mem:          3.8G       3.7G       125M       5.7M        20M       3.3G

MemTotal:        4016004 kB
MemFree:          135100 kB
Active:           373492 kB
Mem:          3.8G       3.7G       131M       5.7M        20M       3.3G

MemTotal:        4016004 kB
MemFree:          126296 kB
Active:           372480 kB
Mem:          3.8G       3.7G       123M       5.7M        20M       3.3G

MemTotal:        4016004 kB
MemFree:          125380 kB
Active:           371324 kB
Mem:          3.8G       3.7G       122M       5.7M        20M       3.3G

MemTotal:        4016004 kB
MemFree:          124832 kB
Active:           371208 kB
Mem:          3.8G       3.7G       121M       5.7M        20M       3.3G

MemTotal:        4016004 kB
MemFree:          123064 kB
Active:           371204 kB
Mem:          3.8G       3.7G       120M       5.7M        20M       3.3G

MemTotal:        4016004 kB
MemFree:          122152 kB
Active:           371196 kB
Mem:          3.8G       3.7G       119M       5.7M        20M       3.3G

MemTotal:        4016004 kB
MemFree:          121076 kB
Active:           371224 kB
Mem:          3.8G       3.7G       118M       5.7M        20M       3.3G

MemTotal:        4016004 kB
MemFree:          125360 kB
Active:           367132 kB
Mem:          3.8G       3.7G       121M       5.7M        20M       3.3G

MemTotal:        4016004 kB
MemFree:          133376 kB
Active:           363932 kB
Mem:          3.8G       3.7G       129M       5.7M        20M       3.3G

MemTotal:        4016004 kB
MemFree:          139912 kB
Active:           363852 kB
Mem:          3.8G       3.7G       136M       5.7M        20M       3.3G

MemTotal:        4016004 kB
MemFree:          108180 kB
Active:           363836 kB
Mem:          3.8G       3.7G       105M       5.7M        20M       3.3G

MemTotal:        4016004 kB
MemFree:          134212 kB
Active:           363848 kB
Mem:          3.8G       3.7G       130M       5.7M        20M       3.3G

MemTotal:        4016004 kB
MemFree:          108248 kB
Active:           363740 kB
Mem:          3.8G       3.7G       105M       5.7M        20M       3.3G

MemTotal:        4016004 kB
MemFree:          146896 kB
Active:           363708 kB
Mem:          3.8G       3.7G       143M       5.7M        20M       3.2G

MemTotal:        4016004 kB
MemFree:          147496 kB
Active:           363700 kB
Mem:          3.8G       3.7G       144M       5.7M        20M       3.2G

MemTotal:        4016004 kB
MemFree:          147256 kB
Active:           363704 kB
Mem:          3.8G       3.7G       143M       5.7M        20M       3.2G

MemTotal:        4016004 kB
MemFree:          143460 kB
Active:           363752 kB
Mem:          3.8G       3.7G       140M       5.7M        20M       3.2G

MemTotal:        4016004 kB
MemFree:          143108 kB
Active:           363780 kB
Mem:          3.8G       3.7G       139M       5.7M        20M       3.2G

MemTotal:        4016004 kB
MemFree:          116464 kB
Active:           361536 kB
Mem:          3.8G       3.7G       113M       5.7M        20M       3.3G

MemTotal:        4016004 kB
MemFree:          129956 kB
Active:           361448 kB
Mem:          3.8G       3.7G       126M       5.7M        20M       3.3G

MemTotal:        4016004 kB
MemFree:          128628 kB
Active:           361444 kB
Mem:          3.8G       3.7G       125M       5.7M        20M       3.3G

MemTotal:        4016004 kB
MemFree:          121224 kB
Active:           361468 kB
Mem:          3.8G       3.7G       117M       5.7M        20M       3.3G

MemTotal:        4016004 kB
MemFree:          135600 kB
Active:           361456 kB
Mem:          3.8G       3.7G       131M       5.7M        20M       3.3G

MemTotal:        4016004 kB
MemFree:          127468 kB
Active:           361456 kB
Mem:          3.8G       3.7G       124M       5.7M        20M       3.3G

MemTotal:        4016004 kB
MemFree:          129280 kB
Active:           361420 kB
Mem:          3.8G       3.7G       126M       5.7M        20M       3.3G

MemTotal:        4016004 kB
MemFree:          109184 kB
Active:           361468 kB
Mem:          3.8G       3.7G       106M       5.7M        20M       3.3G

MemTotal:        4016004 kB
MemFree:          106700 kB
Active:           361484 kB
Mem:          3.8G       3.7G       104M       5.7M        20M       3.3G

MemTotal:        4016004 kB
MemFree:          105992 kB
Active:           361472 kB
Mem:          3.8G       3.7G       103M       5.7M        20M       3.3G

MemTotal:        4016004 kB
MemFree:          105128 kB
Active:           361472 kB
Mem:          3.8G       3.7G       102M       5.7M        20M       3.3G

MemTotal:        4016004 kB
MemFree:          127372 kB
Active:           361332 kB
Mem:          3.8G       3.7G       124M       5.7M        20M       3.3G

MemTotal:        4016004 kB
MemFree:          137772 kB
Active:           361204 kB
Mem:          3.8G       3.7G       134M       5.7M        20M       3.3G

MemTotal:        4016004 kB
MemFree:          131788 kB
Active:           361212 kB
Mem:          3.8G       3.7G       128M       5.7M        20M       3.3G

MemTotal:        4016004 kB
MemFree:          130392 kB
Active:           361200 kB
Mem:          3.8G       3.7G       127M       5.7M        20M       3.3G

MemTotal:        4016004 kB
MemFree:          136460 kB
Active:           360464 kB
Mem:          3.8G       3.7G       133M       5.7M        20M       3.3G

MemTotal:        4016004 kB
MemFree:          121404 kB
Active:           360460 kB
Mem:          3.8G       3.7G       118M       5.7M        20M       3.3G

MemTotal:        4016004 kB
MemFree:          137768 kB
Active:           360464 kB
Mem:          3.8G       3.7G       134M       5.7M        20M       3.3G

MemTotal:        4016004 kB
MemFree:          130836 kB
Active:           360464 kB
Mem:          3.8G       3.7G       127M       5.7M        20M       3.3G

MemTotal:        4016004 kB
MemFree:          133900 kB
Active:           361628 kB
Mem:          3.8G       3.7G       130M       5.7M        20M       3.3G

MemTotal:        4016004 kB
MemFree:          133700 kB
Active:           361500 kB
Mem:          3.8G       3.7G       130M       5.7M        20M       3.3G

MemTotal:        4016004 kB
MemFree:          133424 kB
Active:           361476 kB
Mem:          3.8G       3.7G       130M       5.7M        20M       3.3G

MemTotal:        4016004 kB
MemFree:          133676 kB
Active:           361452 kB
Mem:          3.8G       3.7G       130M       5.7M        20M       3.3G

MemTotal:        4016004 kB
MemFree:          131516 kB
Active:           361508 kB
Mem:          3.8G       3.7G       128M       5.7M        20M       3.3G

MemTotal:        4016004 kB
MemFree:          129032 kB
Active:           359056 kB
Mem:          3.8G       3.7G       126M       5.7M        20M       3.3G

MemTotal:        4016004 kB
MemFree:          116448 kB
Active:           358928 kB
Mem:          3.8G       3.7G       113M       5.7M        20M       3.3G

MemTotal:        4016004 kB
MemFree:          131368 kB
Active:           358808 kB
Mem:          3.8G       3.7G       127M       5.7M        20M       3.3G

MemTotal:        4016004 kB
MemFree:          123392 kB
Active:           358808 kB
Mem:          3.8G       3.7G       120M       5.7M        20M       3.3G

MemTotal:        4016004 kB
MemFree:          140536 kB
Active:           358404 kB
Mem:          3.8G       3.7G       137M       5.7M        20M       3.2G

MemTotal:        4016004 kB
MemFree:          118280 kB
Active:           358632 kB
Mem:          3.8G       3.7G       115M       5.7M        20M       3.3G

MemTotal:        4016004 kB
MemFree:          134340 kB
Active:           358472 kB
Mem:          3.8G       3.7G       130M       5.7M        20M       3.3G

MemTotal:        4016004 kB
MemFree:          136420 kB
Active:           358528 kB
Mem:          3.8G       3.7G       132M       5.7M        20M       3.3G

MemTotal:        4016004 kB
MemFree:          137032 kB
Active:           358528 kB
Mem:          3.8G       3.7G       133M       5.7M        20M       3.3G

MemTotal:        4016004 kB
MemFree:          135828 kB
Active:           358540 kB
Mem:          3.8G       3.7G       132M       5.7M        20M       3.3G

MemTotal:        4016004 kB
MemFree:          135120 kB
Active:           358484 kB
Mem:          3.8G       3.7G       131M       5.7M        20M       3.3G

MemTotal:        4016004 kB
MemFree:          132768 kB
Active:           358540 kB
Mem:          3.8G       3.7G       129M       5.7M        20M       3.3G

MemTotal:        4016004 kB
MemFree:          130588 kB
Active:           358516 kB
Mem:          3.8G       3.7G       127M       5.7M        20M       3.3G

MemTotal:        4016004 kB
MemFree:          131132 kB
Active:           358548 kB
Mem:          3.8G       3.7G       127M       5.7M        20M       3.3G

MemTotal:        4016004 kB
MemFree:          127648 kB
Active:           355960 kB
Mem:          3.8G       3.7G       123M       5.7M        20M       3.3G

MemTotal:        4016004 kB
MemFree:          123704 kB
Active:           356968 kB
Mem:          3.8G       3.7G       120M       5.7M        20M       3.3G

MemTotal:        4016004 kB
MemFree:          131620 kB
Active:           356972 kB
Mem:          3.8G       3.7G       128M       5.7M        20M       3.3G

MemTotal:        4016004 kB
MemFree:          135860 kB
Active:           356976 kB
Mem:          3.8G       3.7G       132M       5.7M        20M       3.2G

MemTotal:        4016004 kB
MemFree:          117120 kB
Active:           356968 kB
Mem:          3.8G       3.7G       113M       5.7M        20M       3.3G

MemTotal:        4016004 kB
MemFree:          115936 kB
Active:           356996 kB
Mem:          3.8G       3.7G       112M       5.7M        20M       3.3G

MemTotal:        4016004 kB
MemFree:          135756 kB
Active:           356996 kB
Mem:          3.8G       3.7G       132M       5.7M        20M       3.2G

MemTotal:        4016004 kB
MemFree:          134616 kB
Active:           356984 kB
Mem:          3.8G       3.7G       131M       5.7M        20M       3.2G

MemTotal:        4016004 kB
MemFree:          133188 kB
Active:           357008 kB
Mem:          3.8G       3.7G       129M       5.7M        20M       3.3G

MemTotal:        4016004 kB
MemFree:          131828 kB
Active:           357008 kB
Mem:          3.8G       3.7G       128M       5.7M        20M       3.3G

MemTotal:        4016004 kB
MemFree:          130172 kB
Active:           357012 kB
Mem:          3.8G       3.7G       127M       5.7M        20M       3.3G

MemTotal:        4016004 kB
MemFree:          130616 kB
Active:           355624 kB
Mem:          3.8G       3.7G       127M       5.7M        20M       3.3G

MemTotal:        4016004 kB
MemFree:          112012 kB
Active:           355600 kB
Mem:          3.8G       3.7G       108M       5.7M        20M       3.3G

MemTotal:        4016004 kB
MemFree:          129136 kB
Active:           355628 kB
Mem:          3.8G       3.7G       125M       5.7M        20M       3.3G

MemTotal:        4016004 kB
MemFree:          148220 kB
Active:           355632 kB
Mem:          3.8G       3.7G       144M       5.7M        20M       3.2G

MemTotal:        4016004 kB
MemFree:          146784 kB
Active:           352548 kB
Mem:          3.8G       3.7G       143M       5.7M        20M       3.2G

MemTotal:        4016004 kB
MemFree:          111712 kB
Active:           352440 kB
Mem:          3.8G       3.7G       109M       5.7M        20M       3.3G

MemTotal:        4016004 kB
MemFree:          137512 kB
Active:           352500 kB
Mem:          3.8G       3.7G       134M       5.7M        20M       3.2G

MemTotal:        4016004 kB
MemFree:          136120 kB
Active:           352540 kB
Mem:          3.8G       3.7G       132M       5.7M        20M       3.2G

MemTotal:        4016004 kB
MemFree:          134180 kB
Active:           352564 kB
Mem:          3.8G       3.7G       130M       5.7M        20M       3.2G

MemTotal:        4016004 kB
MemFree:          133408 kB
Active:           352600 kB
Mem:          3.8G       3.7G       130M       5.7M        20M       3.2G

MemTotal:        4016004 kB
MemFree:          132512 kB
Active:           352120 kB
Mem:          3.8G       3.7G       129M       5.7M        20M       3.2G

MemTotal:        4016004 kB
MemFree:          131696 kB
Active:           354176 kB
Mem:          3.8G       3.7G       128M       5.7M        20M       3.2G

MemTotal:        4016004 kB
MemFree:          135672 kB
Active:           352676 kB
Mem:          3.8G       3.7G       132M       5.7M        20M       3.2G

MemTotal:        4016004 kB
MemFree:          126064 kB
Active:           352640 kB
Mem:          3.8G       3.7G       122M       5.7M        20M       3.3G

MemTotal:        4016004 kB
MemFree:          129872 kB
Active:           351516 kB
Mem:          3.8G       3.7G       126M       5.7M        20M       3.3G

MemTotal:        4016004 kB
MemFree:          135788 kB
Active:           351452 kB
Mem:          3.8G       3.7G       132M       5.7M        20M       3.2G

MemTotal:        4016004 kB
MemFree:          111616 kB
Active:           351404 kB
Mem:          3.8G       3.7G       108M       5.7M        20M       3.3G

MemTotal:        4016004 kB
MemFree:          140164 kB
Active:           351364 kB
Mem:          3.8G       3.7G       136M       5.7M        20M       3.2G

MemTotal:        4016004 kB
MemFree:          105556 kB
Active:           351384 kB
Mem:          3.8G       3.7G       102M       5.7M        20M       3.3G

MemTotal:        4016004 kB
MemFree:          128280 kB
Active:           351440 kB
Mem:          3.8G       3.7G       125M       5.7M        20M       3.3G

MemTotal:        4016004 kB
MemFree:          127588 kB
Active:           351456 kB
Mem:          3.8G       3.7G       124M       5.7M        20M       3.3G

MemTotal:        4016004 kB
MemFree:          126088 kB
Active:           351488 kB
Mem:          3.8G       3.7G       122M       5.7M        20M       3.3G

MemTotal:        4016004 kB
MemFree:          125040 kB
Active:           351488 kB
Mem:          3.8G       3.7G       122M       5.7M        20M       3.3G

MemTotal:        4016004 kB
MemFree:          122780 kB
Active:           351392 kB
Mem:          3.8G       3.7G       119M       5.7M        20M       3.3G

MemTotal:        4016004 kB
MemFree:          121576 kB
Active:           351524 kB
Mem:          3.8G       3.7G       118M       5.7M        20M       3.3G

MemTotal:        4016004 kB
MemFree:          125340 kB
Active:           351564 kB
Mem:          3.8G       3.7G       126M       5.7M        20M       3.3G

MemTotal:        4016004 kB
MemFree:          134824 kB
Active:           347896 kB
Mem:          3.8G       3.7G       131M       5.7M        20M       3.2G

MemTotal:        4016004 kB
MemFree:          111348 kB
Active:           347956 kB
Mem:          3.8G       3.7G       108M       5.7M        20M       3.3G

MemTotal:        4016004 kB
MemFree:          135104 kB
Active:           348024 kB
Mem:          3.8G       3.7G       129M       5.7M        20M       3.2G

MemTotal:        4016004 kB
MemFree:          132792 kB
Active:           347960 kB
Mem:          3.8G       3.7G       129M       5.7M        20M       3.2G

MemTotal:        4016004 kB
MemFree:          135608 kB
Active:           348016 kB
Mem:          3.8G       3.7G       132M       5.7M        20M       3.2G

MemTotal:        4016004 kB
MemFree:          134264 kB
Active:           348180 kB
Mem:          3.8G       3.7G       130M       5.7M        20M       3.2G

MemTotal:        4016004 kB
MemFree:          132160 kB
Active:           348260 kB
Mem:          3.8G       3.7G       128M       5.7M        20M       3.2G

MemTotal:        4016004 kB
MemFree:          122732 kB
Active:           355796 kB
Mem:          3.8G       3.7G       119M       5.7M        27M       3.2G

MemTotal:        4016004 kB
MemFree:          121212 kB
Active:           355436 kB
Mem:          3.8G       3.7G       118M       5.7M        27M       3.2G

MemTotal:        4016004 kB
MemFree:          132824 kB
Active:           355168 kB
Mem:          3.8G       3.7G       129M       5.7M        27M       3.2G

MemTotal:        4016004 kB
MemFree:          124976 kB
Active:           355168 kB
Mem:          3.8G       3.7G       121M       5.7M        27M       3.2G

MemTotal:        4016004 kB
MemFree:          128372 kB
Active:           351584 kB
Mem:          3.8G       3.7G       125M       5.7M        27M       3.2G

MemTotal:        4016004 kB
MemFree:          133896 kB
Active:           351484 kB
Mem:          3.8G       3.7G       130M       5.7M        27M       3.2G

MemTotal:        4016004 kB
MemFree:          121164 kB
Active:           351488 kB
Mem:          3.8G       3.7G       117M       5.7M        27M       3.2G

MemTotal:        4016004 kB
MemFree:          122772 kB
Active:           351468 kB
Mem:          3.8G       3.7G       119M       5.7M        27M       3.2G

MemTotal:        4016004 kB
MemFree:          128856 kB
Active:           352748 kB
Mem:          3.8G       3.7G       125M       5.7M        27M       3.2G

MemTotal:        4016004 kB
MemFree:          127408 kB
Active:           352748 kB
Mem:          3.8G       3.7G       124M       5.7M        27M       3.2G

MemTotal:        4016004 kB
MemFree:          126660 kB
Active:           352776 kB
Mem:          3.8G       3.7G       123M       5.7M        27M       3.2G

MemTotal:        4016004 kB
MemFree:          127868 kB
Active:           352772 kB
Mem:          3.8G       3.7G       126M       5.7M        27M       3.2G

MemTotal:        4016004 kB
MemFree:          130324 kB
Active:           352768 kB
Mem:          3.8G       3.7G       126M       5.7M        27M       3.2G

MemTotal:        4016004 kB
MemFree:          141672 kB
Active:           352792 kB
Mem:          3.8G       3.7G       137M       5.7M        27M       3.2G

MemTotal:        4016004 kB
MemFree:          130340 kB
Active:           350260 kB
Mem:          3.8G       3.7G       127M       5.7M        27M       3.2G

MemTotal:        4016004 kB
MemFree:          131424 kB
Active:           350164 kB
Mem:          3.8G       3.7G       128M       5.7M        27M       3.2G

MemTotal:        4016004 kB
MemFree:          132492 kB
Active:           350164 kB
Mem:          3.8G       3.7G       129M       5.7M        27M       3.2G

MemTotal:        4016004 kB
MemFree:          133244 kB
Active:           350164 kB
Mem:          3.8G       3.7G       130M       5.7M        27M       3.2G

MemTotal:        4016004 kB
MemFree:          121100 kB
Active:           350172 kB
Mem:          3.8G       3.7G       125M       5.7M        27M       3.2G

MemTotal:        4016004 kB
MemFree:          135756 kB
Active:           350188 kB
Mem:          3.8G       3.7G       132M       5.7M        27M       3.2G

MemTotal:        4016004 kB
MemFree:          134916 kB
Active:           350196 kB
Mem:          3.8G       3.7G       131M       5.7M        27M       3.2G

MemTotal:        4016004 kB
MemFree:          132500 kB
Active:           350180 kB
Mem:          3.8G       3.7G       128M       5.7M        27M       3.2G

MemTotal:        4016004 kB
MemFree:          131296 kB
Active:           350196 kB
Mem:          3.8G       3.7G       127M       5.7M        27M       3.2G

MemTotal:        4016004 kB
MemFree:          119232 kB
Active:           350200 kB
Mem:          3.8G       3.7G       116M       5.7M        27M       3.2G

MemTotal:        4016004 kB
MemFree:          129172 kB
Active:           350176 kB
Mem:          3.8G       3.7G       126M       5.7M        27M       3.2G

MemTotal:        4016004 kB
MemFree:          122208 kB
Active:           351920 kB
Mem:          3.8G       3.7G       119M       5.7M        27M       3.2G

MemTotal:        4016004 kB
MemFree:          122332 kB
Active:           351892 kB
Mem:          3.8G       3.7G       119M       5.7M        27M       3.2G

MemTotal:        4016004 kB
MemFree:          122456 kB
Active:           351900 kB
Mem:          3.8G       3.7G       119M       5.7M        27M       3.2G

MemTotal:        4016004 kB
MemFree:          122456 kB
Active:           351888 kB
Mem:          3.8G       3.7G       119M       5.7M        27M       3.2G

MemTotal:        4016004 kB
MemFree:          121960 kB
Active:           351932 kB
Mem:          3.8G       3.7G       119M       5.7M        27M       3.2G

MemTotal:        4016004 kB
MemFree:          122332 kB
Active:           351924 kB
Mem:          3.8G       3.7G       119M       5.7M        27M       3.2G

MemTotal:        4016004 kB
MemFree:          122456 kB
Active:           351920 kB
Mem:          3.8G       3.7G       119M       5.7M        27M       3.2G

MemTotal:        4016004 kB
MemFree:          122332 kB
Active:           351908 kB
Mem:          3.8G       3.7G       119M       5.7M        27M       3.2G

MemTotal:        4016004 kB
MemFree:          121960 kB
Active:           351932 kB
Mem:          3.8G       3.7G       119M       5.7M        27M       3.2G

MemTotal:        4016004 kB
MemFree:          121712 kB
Active:           351932 kB
Mem:          3.8G       3.7G       119M       5.7M        27M       3.2G

MemTotal:        4016004 kB
MemFree:          122084 kB
Active:           351880 kB
Mem:          3.8G       3.7G       119M       5.7M        27M       3.2G

MemTotal:        4016004 kB
MemFree:          122208 kB
Active:           351916 kB
Mem:          3.8G       3.7G       119M       5.7M        27M       3.2G

MemTotal:        4016004 kB
MemFree:          122084 kB
Active:           351908 kB
Mem:          3.8G       3.7G       119M       5.7M        27M       3.2G

MemTotal:        4016004 kB
MemFree:          121960 kB
Active:           351916 kB
Mem:          3.8G       3.7G       119M       5.7M        27M       3.2G

MemTotal:        4016004 kB
MemFree:          121960 kB
Active:           351932 kB
Mem:          3.8G       3.7G       119M       5.7M        27M       3.2G

MemTotal:        4016004 kB
MemFree:          122084 kB
Active:           351892 kB
Mem:          3.8G       3.7G       119M       5.7M        27M       3.2G

MemTotal:        4016004 kB
MemFree:          122208 kB
Active:           351900 kB
Mem:          3.8G       3.7G       119M       5.7M        27M       3.2G

MemTotal:        4016004 kB
MemFree:          122208 kB
Active:           351896 kB
Mem:          3.8G       3.7G       119M       5.7M        27M       3.2G

MemTotal:        4016004 kB
MemFree:          122208 kB
Active:           351888 kB
Mem:          3.8G       3.7G       119M       5.7M        27M       3.2G

MemTotal:        4016004 kB
MemFree:          122084 kB
Active:           351916 kB
Mem:          3.8G       3.7G       119M       5.7M        27M       3.2G

MemTotal:        4016004 kB
MemFree:          122208 kB
Active:           351908 kB
Mem:          3.8G       3.7G       119M       5.7M        27M       3.2G

MemTotal:        4016004 kB
MemFree:          122332 kB
Active:           351900 kB
Mem:          3.8G       3.7G       119M       5.7M        27M       3.2G

MemTotal:        4016004 kB
MemFree:          121588 kB
Active:           351948 kB
Mem:          3.8G       3.7G       118M       5.7M        27M       3.2G

MemTotal:        4016004 kB
MemFree:          121092 kB
Active:           351948 kB
Mem:          3.8G       3.7G       118M       5.7M        27M       3.2G

MemTotal:        4016004 kB
MemFree:          121712 kB
Active:           351936 kB
Mem:          3.8G       3.7G       118M       5.7M        27M       3.2G

MemTotal:        4016004 kB
MemFree:          121340 kB
Active:           351948 kB
Mem:          3.8G       3.7G       118M       5.7M        27M       3.2G

MemTotal:        4016004 kB
MemFree:          121084 kB
Active:           351948 kB
Mem:          3.8G       3.7G       118M       5.7M        27M       3.2G

MemTotal:        4016004 kB
MemFree:          121648 kB
Active:           351928 kB
Mem:          3.8G       3.7G       118M       5.7M        27M       3.2G

MemTotal:        4016004 kB
MemFree:          121744 kB
Active:           351924 kB
Mem:          3.8G       3.7G       118M       5.7M        27M       3.2G

MemTotal:        4016004 kB
MemFree:          121184 kB
Active:           349928 kB
Mem:          3.8G       3.7G       118M       5.7M        27M       3.2G

MemTotal:        4016004 kB
MemFree:          121804 kB
Active:           351964 kB
Mem:          3.8G       3.7G       118M       5.7M        27M       3.2G

MemTotal:        4016004 kB
MemFree:          121556 kB
Active:           351980 kB
Mem:          3.8G       3.7G       118M       5.7M        27M       3.2G

MemTotal:        4016004 kB
MemFree:          121804 kB
Active:           351964 kB
Mem:          3.8G       3.7G       119M       5.7M        27M       3.2G

MemTotal:        4016004 kB
MemFree:          122176 kB
Active:           351968 kB
Mem:          3.8G       3.7G       119M       5.7M        27M       3.2G

MemTotal:        4016004 kB
MemFree:          122060 kB
Active:           351972 kB
Mem:          3.8G       3.7G       119M       5.7M        27M       3.2G

MemTotal:        4016004 kB
MemFree:          122184 kB
Active:           351960 kB
Mem:          3.8G       3.7G       119M       5.7M        27M       3.2G

MemTotal:        4016004 kB
MemFree:          122184 kB
Active:           351972 kB
Mem:          3.8G       3.7G       119M       5.7M        27M       3.2G

MemTotal:        4016004 kB
MemFree:          122060 kB
Active:           351960 kB
Mem:          3.8G       3.7G       119M       5.7M        27M       3.2G

MemTotal:        4016004 kB
MemFree:          122060 kB
Active:           351972 kB
Mem:          3.8G       3.7G       118M       5.7M        27M       3.2G

MemTotal:        4016004 kB
MemFree:          122184 kB
Active:           351964 kB
Mem:          3.8G       3.7G       119M       5.7M        27M       3.2G

MemTotal:        4016004 kB
MemFree:          122184 kB
Active:           351976 kB
Mem:          3.8G       3.7G       119M       5.7M        27M       3.2G

MemTotal:        4016004 kB
MemFree:          122184 kB
Active:           351988 kB
Mem:          3.8G       3.7G       119M       5.7M        27M       3.2G

MemTotal:        4016004 kB
MemFree:          122060 kB
Active:           351996 kB
Mem:          3.8G       3.7G       119M       5.7M        27M       3.2G

MemTotal:        4016004 kB
MemFree:          122308 kB
Active:           351976 kB
Mem:          3.8G       3.7G       119M       5.7M        27M       3.2G

MemTotal:        4016004 kB
MemFree:          122184 kB
Active:           351964 kB
Mem:          3.8G       3.7G       119M       5.7M        27M       3.2G

MemTotal:        4016004 kB
MemFree:          121936 kB
Active:           352004 kB
Mem:          3.8G       3.7G       119M       5.7M        27M       3.2G

MemTotal:        4016004 kB
MemFree:          122308 kB
Active:           351988 kB
Mem:          3.8G       3.7G       119M       5.7M        27M       3.2G

MemTotal:        4016004 kB
MemFree:          122184 kB
Active:           351972 kB
Mem:          3.8G       3.7G       119M       5.7M        27M       3.2G

MemTotal:        4016004 kB
MemFree:          122184 kB
Active:           351952 kB
Mem:          3.8G       3.7G       118M       5.7M        27M       3.2G

MemTotal:        4016004 kB
MemFree:          122060 kB
Active:           351956 kB
Mem:          3.8G       3.7G       119M       5.7M        28M       3.2G

MemTotal:        4016004 kB
MemFree:          121936 kB
Active:           352012 kB
Mem:          3.8G       3.7G       119M       5.7M        28M       3.2G

MemTotal:        4016004 kB
MemFree:          122184 kB
Active:           351972 kB
Mem:          3.8G       3.7G       119M       5.7M        28M       3.2G

MemTotal:        4016004 kB
MemFree:          122432 kB
Active:           351960 kB
Mem:          3.8G       3.7G       119M       5.7M        28M       3.2G

MemTotal:        4016004 kB
MemFree:          121812 kB
Active:           352012 kB
Mem:          3.8G       3.7G       119M       5.7M        28M       3.2G

MemTotal:        4016004 kB
MemFree:          122308 kB
Active:           352012 kB
Mem:          3.8G       3.7G       119M       5.7M        28M       3.2G

MemTotal:        4016004 kB
MemFree:          122308 kB
Active:           351996 kB
Mem:          3.8G       3.7G       118M       5.7M        28M       3.2G

MemTotal:        4016004 kB
MemFree:          121936 kB
Active:           351972 kB
Mem:          3.8G       3.7G       119M       5.7M        28M       3.2G

MemTotal:        4016004 kB
MemFree:          121564 kB
Active:           352024 kB
Mem:          3.8G       3.7G       118M       5.7M        28M       3.2G

MemTotal:        4016004 kB
MemFree:          121688 kB
Active:           351980 kB
Mem:          3.8G       3.7G       119M       5.7M        28M       3.2G

MemTotal:        4016004 kB
MemFree:          122060 kB
Active:           351976 kB
Mem:          3.8G       3.7G       119M       5.7M        28M       3.2G

MemTotal:        4016004 kB
MemFree:          122184 kB
Active:           352008 kB
Mem:          3.8G       3.7G       119M       5.7M        28M       3.2G

MemTotal:        4016004 kB
MemFree:          122432 kB
Active:           351996 kB
Mem:          3.8G       3.7G       119M       5.7M        28M       3.2G

MemTotal:        4016004 kB
MemFree:          122184 kB
Active:           352012 kB
Mem:          3.8G       3.7G       119M       5.7M        28M       3.2G

MemTotal:        4016004 kB
MemFree:          122184 kB
Active:           352004 kB
Mem:          3.8G       3.7G       119M       5.7M        28M       3.2G

MemTotal:        4016004 kB
MemFree:          121688 kB
Active:           352040 kB
Mem:          3.8G       3.7G       118M       5.7M        28M       3.2G

MemTotal:        4016004 kB
MemFree:          121936 kB
Active:           352020 kB
Mem:          3.8G       3.7G       119M       5.7M        28M       3.2G

MemTotal:        4016004 kB
MemFree:          121564 kB
Active:           352040 kB
Mem:          3.8G       3.7G       118M       5.7M        28M       3.2G

MemTotal:        4016004 kB
MemFree:          122060 kB
Active:           352004 kB
Mem:          3.8G       3.7G       119M       5.7M        28M       3.2G

MemTotal:        4016004 kB
MemFree:          122308 kB
Active:           351996 kB
Mem:          3.8G       3.7G       119M       5.7M        28M       3.2G

MemTotal:        4016004 kB
MemFree:          122060 kB
Active:           351984 kB
Mem:          3.8G       3.7G       119M       5.7M        28M       3.2G

MemTotal:        4016004 kB
MemFree:          121936 kB
Active:           352040 kB
Mem:          3.8G       3.7G       119M       5.7M        28M       3.2G

MemTotal:        4016004 kB
MemFree:          122308 kB
Active:           352032 kB
Mem:          3.8G       3.7G       119M       5.7M        28M       3.2G

MemTotal:        4016004 kB
MemFree:          122308 kB
Active:           352020 kB
Mem:          3.8G       3.7G       119M       5.7M        28M       3.2G

MemTotal:        4016004 kB
MemFree:          122432 kB
Active:           352008 kB
Mem:          3.8G       3.7G       119M       5.7M        28M       3.2G

MemTotal:        4016004 kB
MemFree:          122060 kB
Active:           352048 kB
Mem:          3.8G       3.7G       119M       5.7M        28M       3.2G

MemTotal:        4016004 kB
MemFree:          122556 kB
Active:           352004 kB
Mem:          3.8G       3.7G       119M       5.7M        28M       3.2G

MemTotal:        4016004 kB
MemFree:          122556 kB
Active:           352052 kB
Mem:          3.8G       3.7G       119M       5.7M        28M       3.2G

MemTotal:        4016004 kB
MemFree:          122184 kB
Active:           352052 kB
Mem:          3.8G       3.7G       119M       5.7M        28M       3.2G

MemTotal:        4016004 kB
MemFree:          122432 kB
Active:           352060 kB
Mem:          3.8G       3.7G       119M       5.7M        28M       3.2G

MemTotal:        4016004 kB
MemFree:          122432 kB
Active:           352040 kB
Mem:          3.8G       3.7G       119M       5.7M        28M       3.2G

MemTotal:        4016004 kB
MemFree:          122432 kB
Active:           352044 kB
Mem:          3.8G       3.7G       119M       5.7M        28M       3.2G

MemTotal:        4016004 kB
MemFree:          122060 kB
Active:           352060 kB
Mem:          3.8G       3.7G       118M       5.7M        28M       3.2G

MemTotal:        4016004 kB
MemFree:          121936 kB
Active:           352012 kB
Mem:          3.8G       3.7G       119M       5.7M        28M       3.2G

MemTotal:        4016004 kB
MemFree:          122184 kB
Active:           352008 kB
Mem:          3.8G       3.7G       119M       5.7M        28M       3.2G

MemTotal:        4016004 kB
MemFree:          122308 kB
Active:           352056 kB
Mem:          3.8G       3.7G       119M       5.7M        28M       3.2G

MemTotal:        4016004 kB
MemFree:          122184 kB
Active:           352060 kB
Mem:          3.8G       3.7G       119M       5.7M        28M       3.2G

MemTotal:        4016004 kB
MemFree:          122556 kB
Active:           352056 kB
Mem:          3.8G       3.7G       119M       5.7M        28M       3.2G

MemTotal:        4016004 kB
MemFree:          122184 kB
Active:           352052 kB
Mem:          3.8G       3.7G       119M       5.7M        28M       3.2G

MemTotal:        4016004 kB
MemFree:          122556 kB
Active:           352028 kB
Mem:          3.8G       3.7G       119M       5.7M        28M       3.2G

MemTotal:        4016004 kB
MemFree:          122432 kB
Active:           352008 kB
Mem:          3.8G       3.7G       119M       5.7M        28M       3.2G

MemTotal:        4016004 kB
MemFree:          122556 kB
Active:           352056 kB
Mem:          3.8G       3.7G       119M       5.7M        28M       3.2G

MemTotal:        4016004 kB
MemFree:          122556 kB
Active:           352028 kB
Mem:          3.8G       3.7G       119M       5.7M        28M       3.2G

MemTotal:        4016004 kB
MemFree:          122308 kB
Active:           352076 kB
Mem:          3.8G       3.7G       119M       5.7M        28M       3.2G

MemTotal:        4016004 kB
MemFree:          122184 kB
Active:           352068 kB
Mem:          3.8G       3.7G       119M       5.7M        28M       3.2G

MemTotal:        4016004 kB
MemFree:          121812 kB
Active:           352076 kB
Mem:          3.8G       3.7G       119M       5.7M        28M       3.2G

MemTotal:        4016004 kB
MemFree:          122184 kB
Active:           352048 kB
Mem:          3.8G       3.7G       119M       5.7M        28M       3.2G

MemTotal:        4016004 kB
MemFree:          122184 kB
Active:           352024 kB
Mem:          3.8G       3.7G       119M       5.7M        28M       3.2G

MemTotal:        4016004 kB
MemFree:          122184 kB
Active:           352056 kB
Mem:          3.8G       3.7G       119M       5.7M        28M       3.2G

MemTotal:        4016004 kB
MemFree:          121688 kB
Active:           352076 kB
Mem:          3.8G       3.7G       119M       5.7M        28M       3.2G

MemTotal:        4016004 kB
MemFree:          122432 kB
Active:           352060 kB
Mem:          3.8G       3.7G       119M       5.7M        28M       3.2G

MemTotal:        4016004 kB
MemFree:          122432 kB
Active:           352028 kB
Mem:          3.8G       3.7G       119M       5.7M        28M       3.2G

MemTotal:        4016004 kB
MemFree:          122184 kB
Active:           352080 kB
Mem:          3.8G       3.7G       119M       5.7M        28M       3.2G

MemTotal:        4016004 kB
MemFree:          121688 kB
Active:           352080 kB
Mem:          3.8G       3.7G       118M       5.7M        28M       3.2G

MemTotal:        4016004 kB
MemFree:          121688 kB
Active:           352080 kB
Mem:          3.8G       3.7G       119M       5.7M        28M       3.2G

MemTotal:        4016004 kB
MemFree:          122184 kB
Active:           352072 kB
Mem:          3.8G       3.7G       119M       5.7M        28M       3.2G

MemTotal:        4016004 kB
MemFree:          122308 kB
Active:           352060 kB
Mem:          3.8G       3.7G       119M       5.7M        28M       3.2G

MemTotal:        4016004 kB
MemFree:          122184 kB
Active:           352052 kB
Mem:          3.8G       3.7G       119M       5.7M        28M       3.2G

MemTotal:        4016004 kB
MemFree:          122184 kB
Active:           352040 kB
Mem:          3.8G       3.7G       119M       5.7M        28M       3.2G

MemTotal:        4016004 kB
MemFree:          122680 kB
Active:           352076 kB
Mem:          3.8G       3.7G       119M       5.7M        28M       3.2G

MemTotal:        4016004 kB
MemFree:          122184 kB
Active:           352096 kB
Mem:          3.8G       3.7G       119M       5.7M        28M       3.2G

MemTotal:        4016004 kB
MemFree:          122184 kB
Active:           352080 kB
Mem:          3.8G       3.7G       119M       5.7M        28M       3.2G

MemTotal:        4016004 kB
MemFree:          122308 kB
Active:           352100 kB
Mem:          3.8G       3.7G       119M       5.7M        28M       3.2G

MemTotal:        4016004 kB
MemFree:          122432 kB
Active:           352088 kB
Mem:          3.8G       3.7G       119M       5.7M        28M       3.2G

MemTotal:        4016004 kB
MemFree:          122308 kB
Active:           352076 kB
Mem:          3.8G       3.7G       119M       5.7M        28M       3.2G

MemTotal:        4016004 kB
MemFree:          122556 kB
Active:           352056 kB
Mem:          3.8G       3.7G       119M       5.7M        28M       3.2G

MemTotal:        4016004 kB
MemFree:          122184 kB
Active:           352080 kB
Mem:          3.8G       3.7G       119M       5.7M        28M       3.2G

MemTotal:        4016004 kB
MemFree:          122184 kB
Active:           352120 kB
Mem:          3.8G       3.7G       119M       5.7M        28M       3.2G

MemTotal:        4016004 kB
MemFree:          122184 kB
Active:           352084 kB
Mem:          3.8G       3.7G       119M       5.7M        28M       3.2G

MemTotal:        4016004 kB
MemFree:          122184 kB
Active:           352080 kB
Mem:          3.8G       3.7G       119M       5.7M        28M       3.2G

MemTotal:        4016004 kB
MemFree:          121564 kB
Active:           352120 kB
Mem:          3.8G       3.7G       118M       5.7M        28M       3.2G

MemTotal:        4016004 kB
MemFree:          121812 kB
Active:           352096 kB
Mem:          3.8G       3.7G       118M       5.7M        28M       3.2G

MemTotal:        4016004 kB
MemFree:          121440 kB
Active:           352128 kB
Mem:          3.8G       3.7G       118M       5.7M        28M       3.2G

MemTotal:        4016004 kB
MemFree:          121936 kB
Active:           352072 kB
Mem:          3.8G       3.7G       118M       5.7M        28M       3.2G

MemTotal:        4016004 kB
MemFree:          121440 kB
Active:           352128 kB
Mem:          3.8G       3.7G       118M       5.7M        28M       3.2G

MemTotal:        4016004 kB
MemFree:          121440 kB
Active:           352128 kB
Mem:          3.8G       3.7G       118M       5.7M        28M       3.2G

MemTotal:        4016004 kB
MemFree:          121564 kB
Active:           352128 kB
Mem:          3.8G       3.7G       118M       5.7M        28M       3.2G

MemTotal:        4016004 kB
MemFree:          121936 kB
Active:           352076 kB
Mem:          3.8G       3.7G       118M       5.7M        28M       3.2G

MemTotal:        4016004 kB
MemFree:          121440 kB
Active:           352136 kB
Mem:          3.8G       3.7G       118M       5.7M        28M       3.2G

MemTotal:        4016004 kB
MemFree:          121564 kB
Active:           352136 kB
Mem:          3.8G       3.7G       118M       5.7M        28M       3.2G

MemTotal:        4016004 kB
MemFree:          121936 kB
Active:           352104 kB
Mem:          3.8G       3.7G       119M       5.7M        28M       3.2G

MemTotal:        4016004 kB
MemFree:          122060 kB
Active:           352112 kB
Mem:          3.8G       3.7G       119M       5.7M        28M       3.2G

MemTotal:        4016004 kB
MemFree:          121564 kB
Active:           352136 kB
Mem:          3.8G       3.7G       119M       5.7M        28M       3.2G

MemTotal:        4016004 kB
MemFree:          122060 kB
Active:           352132 kB
Mem:          3.8G       3.7G       119M       5.7M        28M       3.2G

MemTotal:        4016004 kB
MemFree:          121564 kB
Active:           352144 kB
Mem:          3.8G       3.7G       118M       5.7M        28M       3.2G

MemTotal:        4016004 kB
MemFree:          122060 kB
Active:           352108 kB
Mem:          3.8G       3.7G       119M       5.7M        28M       3.2G

MemTotal:        4016004 kB
MemFree:          121564 kB
Active:           352144 kB
Mem:          3.8G       3.7G       118M       5.7M        28M       3.2G

MemTotal:        4016004 kB
MemFree:          122308 kB
Active:           352088 kB
Mem:          3.8G       3.7G       119M       5.7M        28M       3.2G

MemTotal:        4016004 kB
MemFree:          122184 kB
Active:           352088 kB
Mem:          3.8G       3.7G       119M       5.7M        28M       3.2G

MemTotal:        4016004 kB
MemFree:          121812 kB
Active:           352144 kB
Mem:          3.8G       3.7G       119M       5.7M        28M       3.2G

MemTotal:        4016004 kB
MemFree:          122184 kB
Active:           352136 kB
Mem:          3.8G       3.7G       119M       5.7M        28M       3.2G

MemTotal:        4016004 kB
MemFree:          122184 kB
Active:           352124 kB
Mem:          3.8G       3.7G       119M       5.7M        28M       3.2G

MemTotal:        4016004 kB
MemFree:          121936 kB
Active:           352156 kB
Mem:          3.8G       3.7G       119M       5.7M        28M       3.2G

MemTotal:        4016004 kB
MemFree:          122432 kB
Active:           352148 kB
Mem:          3.8G       3.7G       119M       5.7M        28M       3.2G

MemTotal:        4016004 kB
MemFree:          122432 kB
Active:           352152 kB
Mem:          3.8G       3.7G       119M       5.7M        28M       3.2G

MemTotal:        4016004 kB
MemFree:          122308 kB
Active:           352120 kB
Mem:          3.8G       3.7G       119M       5.7M        28M       3.2G

MemTotal:        4016004 kB
MemFree:          121936 kB
Active:           352156 kB
Mem:          3.8G       3.7G       119M       5.7M        28M       3.2G

MemTotal:        4016004 kB
MemFree:          122060 kB
Active:           352128 kB
Mem:          3.8G       3.7G       119M       5.7M        28M       3.2G

MemTotal:        4016004 kB
MemFree:          122060 kB
Active:           352128 kB
Mem:          3.8G       3.7G       119M       5.7M        28M       3.2G

MemTotal:        4016004 kB
MemFree:          121688 kB
Active:           352164 kB
Mem:          3.8G       3.7G       118M       5.7M        28M       3.2G

MemTotal:        4016004 kB
MemFree:          122060 kB
Active:           352136 kB
Mem:          3.8G       3.7G       119M       5.7M        28M       3.2G

MemTotal:        4016004 kB
MemFree:          122076 kB
Active:           352128 kB
Mem:          3.8G       3.7G       119M       5.7M        28M       3.2G

MemTotal:        4016004 kB
MemFree:          122324 kB
Active:           352128 kB
Mem:          3.8G       3.7G       119M       5.7M        28M       3.2G

MemTotal:        4016004 kB
MemFree:          121828 kB
Active:           352168 kB
Mem:          3.8G       3.7G       119M       5.7M        28M       3.2G

MemTotal:        4016004 kB
MemFree:          122200 kB
Active:           352160 kB
Mem:          3.8G       3.7G       119M       5.7M        28M       3.2G

MemTotal:        4016004 kB
MemFree:          122200 kB
Active:           352116 kB
Mem:          3.8G       3.7G       119M       5.7M        28M       3.2G

MemTotal:        4016004 kB
MemFree:          121952 kB
Active:           352176 kB
Mem:          3.8G       3.7G       119M       5.7M        28M       3.2G

MemTotal:        4016004 kB
MemFree:          122200 kB
Active:           352160 kB
Mem:          3.8G       3.7G       119M       5.7M        28M       3.2G

MemTotal:        4016004 kB
MemFree:          122200 kB
Active:           352168 kB
Mem:          3.8G       3.7G       119M       5.7M        28M       3.2G

MemTotal:        4016004 kB
MemFree:          121828 kB
Active:           352176 kB
Mem:          3.8G       3.7G       118M       5.7M        28M       3.2G

MemTotal:        4016004 kB
MemFree:          122076 kB
Active:           352168 kB
Mem:          3.8G       3.7G       119M       5.7M        28M       3.2G

MemTotal:        4016004 kB
MemFree:          122076 kB
Active:           352168 kB
Mem:          3.8G       3.7G       119M       5.7M        28M       3.2G

MemTotal:        4016004 kB
MemFree:          122076 kB
Active:           352172 kB
Mem:          3.8G       3.7G       119M       5.7M        28M       3.2G

MemTotal:        4016004 kB
MemFree:          122200 kB
Active:           352164 kB
Mem:          3.8G       3.7G       119M       5.7M        28M       3.2G

MemTotal:        4016004 kB
MemFree:          121828 kB
Active:           352192 kB
Mem:          3.8G       3.7G       119M       5.7M        28M       3.2G

MemTotal:        4016004 kB
MemFree:          122076 kB
Active:           352164 kB
Mem:          3.8G       3.7G       119M       5.7M        28M       3.2G

MemTotal:        4016004 kB
MemFree:          122200 kB
Active:           352172 kB
Mem:          3.8G       3.7G       119M       5.7M        28M       3.2G

MemTotal:        4016004 kB
MemFree:          122200 kB
Active:           352176 kB
Mem:          3.8G       3.7G       119M       5.7M        28M       3.2G

MemTotal:        4016004 kB
MemFree:          122076 kB
Active:           352176 kB
Mem:          3.8G       3.7G       119M       5.7M        28M       3.2G

MemTotal:        4016004 kB
MemFree:          122200 kB
Active:           352180 kB
Mem:          3.8G       3.7G       119M       5.7M        28M       3.2G

MemTotal:        4016004 kB
MemFree:          122200 kB
Active:           352176 kB
Mem:          3.8G       3.7G       119M       5.7M        28M       3.2G

MemTotal:        4016004 kB
MemFree:          122076 kB
Active:           352200 kB
Mem:          3.8G       3.7G       119M       5.7M        28M       3.2G

MemTotal:        4016004 kB
MemFree:          122324 kB
Active:           352200 kB
Mem:          3.8G       3.7G       119M       5.7M        28M       3.2G

MemTotal:        4016004 kB
MemFree:          121952 kB
Active:           352216 kB
Mem:          3.8G       3.7G       119M       5.7M        28M       3.2G

MemTotal:        4016004 kB
MemFree:          122076 kB
Active:           352204 kB
Mem:          3.8G       3.7G       119M       5.7M        28M       3.2G

MemTotal:        4016004 kB
MemFree:          122324 kB
Active:           352204 kB
Mem:          3.8G       3.7G       119M       5.7M        28M       3.2G

MemTotal:        4016004 kB
MemFree:          122324 kB
Active:           352212 kB
Mem:          3.8G       3.7G       119M       5.7M        28M       3.2G

MemTotal:        4016004 kB
MemFree:          121952 kB
Active:           352228 kB
Mem:          3.8G       3.7G       118M       5.7M        28M       3.2G

MemTotal:        4016004 kB
MemFree:          121580 kB
Active:           352188 kB
Mem:          3.8G       3.7G       118M       5.7M        28M       3.2G

MemTotal:        4016004 kB
MemFree:          121580 kB
Active:           352212 kB
Mem:          3.8G       3.7G       118M       5.7M        28M       3.2G

MemTotal:        4016004 kB
MemFree:          121828 kB
Active:           352196 kB
Mem:          3.8G       3.7G       119M       5.7M        28M       3.2G

MemTotal:        4016004 kB
MemFree:          121704 kB
Active:           352240 kB
Mem:          3.8G       3.7G       119M       5.7M        28M       3.2G

MemTotal:        4016004 kB
MemFree:          121952 kB
Active:           352264 kB
Mem:          3.8G       3.7G       118M       5.7M        28M       3.2G

MemTotal:        4016004 kB
MemFree:          121828 kB
Active:           352256 kB
Mem:          3.8G       3.7G       118M       5.7M        28M       3.2G

MemTotal:        4016004 kB
MemFree:          121456 kB
Active:           352280 kB
Mem:          3.8G       3.7G       118M       5.7M        28M       3.2G

MemTotal:        4016004 kB
MemFree:          121316 kB
Active:           352340 kB
Mem:          3.8G       3.7G       118M       5.7M        28M       3.2G

MemTotal:        4016004 kB
MemFree:          121564 kB
Active:           352336 kB
Mem:          3.8G       3.7G       118M       5.7M        28M       3.2G

MemTotal:        4016004 kB
MemFree:          121440 kB
Active:           352284 kB
Mem:          3.8G       3.7G       118M       5.7M        28M       3.2G

MemTotal:        4016004 kB
MemFree:          121192 kB
Active:           352348 kB
Mem:          3.8G       3.7G       118M       5.7M        28M       3.2G

MemTotal:        4016004 kB
MemFree:          121192 kB
Active:           352348 kB
Mem:          3.8G       3.7G       118M       5.7M        28M       3.2G

MemTotal:        4016004 kB
MemFree:          121192 kB
Active:           352348 kB
Mem:          3.8G       3.7G       118M       5.7M        28M       3.2G

MemTotal:        4016004 kB
MemFree:          121812 kB
Active:           352304 kB
Mem:          3.8G       3.7G       118M       5.7M        28M       3.2G

MemTotal:        4016004 kB
MemFree:          121936 kB
Active:           352340 kB
Mem:          3.8G       3.7G       118M       5.7M        28M       3.2G

