MemTotal:        4016004 kB
MemFree:         3208712 kB
Active:           454748 kB
Mem:          3.8G       788M       3.1G       5.7M        55M       327M

MemTotal:        4016004 kB
MemFree:         3208772 kB
Active:           455016 kB
Mem:          3.8G       788M       3.1G       5.7M        55M       327M

MemTotal:        4016004 kB
MemFree:         3208524 kB
Active:           455056 kB
Mem:          3.8G       788M       3.1G       5.7M        55M       327M

MemTotal:        4016004 kB
MemFree:         3208508 kB
Active:           455084 kB
Mem:          3.8G       788M       3.1G       5.7M        55M       327M

MemTotal:        4016004 kB
MemFree:         3207940 kB
Active:           453088 kB
Mem:          3.8G       789M       3.1G       5.7M        55M       327M

MemTotal:        4016004 kB
MemFree:         3207676 kB
Active:           455108 kB
Mem:          3.8G       789M       3.1G       5.7M        55M       327M

MemTotal:        4016004 kB
MemFree:         3207784 kB
Active:           455128 kB
Mem:          3.8G       789M       3.1G       5.7M        55M       327M

MemTotal:        4016004 kB
MemFree:         3208032 kB
Active:           455140 kB
Mem:          3.8G       789M       3.1G       5.7M        55M       327M

MemTotal:        4016004 kB
MemFree:         3207892 kB
Active:           455144 kB
Mem:          3.8G       789M       3.1G       5.7M        55M       327M

MemTotal:        4016004 kB
MemFree:         3208000 kB
Active:           455096 kB
Mem:          3.8G       789M       3.1G       5.7M        55M       327M

MemTotal:        4016004 kB
MemFree:         3207860 kB
Active:           455100 kB
Mem:          3.8G       789M       3.1G       5.7M        55M       327M

MemTotal:        4016004 kB
MemFree:         3207860 kB
Active:           455128 kB
Mem:          3.8G       789M       3.1G       5.7M        55M       327M

MemTotal:        4016004 kB
MemFree:         3207984 kB
Active:           455152 kB
Mem:          3.8G       789M       3.1G       5.7M        55M       327M

MemTotal:        4016004 kB
MemFree:         3207860 kB
Active:           455116 kB
Mem:          3.8G       789M       3.1G       5.7M        55M       327M

MemTotal:        4016004 kB
MemFree:         3207644 kB
Active:           455168 kB
Mem:          3.8G       789M       3.1G       5.7M        55M       327M

MemTotal:        4016004 kB
MemFree:         3207644 kB
Active:           455124 kB
Mem:          3.8G       789M       3.1G       5.7M        55M       327M

MemTotal:        4016004 kB
MemFree:         3208016 kB
Active:           455128 kB
Mem:          3.8G       789M       3.1G       5.7M        55M       327M

MemTotal:        4016004 kB
MemFree:         3208016 kB
Active:           455124 kB
Mem:          3.8G       789M       3.1G       5.7M        55M       327M

MemTotal:        4016004 kB
MemFree:         3207768 kB
Active:           455160 kB
Mem:          3.8G       789M       3.1G       5.7M        55M       327M

MemTotal:        4016004 kB
MemFree:         3207520 kB
Active:           455168 kB
Mem:          3.8G       789M       3.1G       5.7M        55M       327M

MemTotal:        4016004 kB
MemFree:         3207768 kB
Active:           455156 kB
Mem:          3.8G       789M       3.1G       5.7M        55M       327M

MemTotal:        4016004 kB
MemFree:         3207768 kB
Active:           455152 kB
Mem:          3.8G       789M       3.1G       5.7M        55M       327M

MemTotal:        4016004 kB
MemFree:         3208140 kB
Active:           455156 kB
Mem:          3.8G       789M       3.1G       5.7M        55M       327M

MemTotal:        4016004 kB
MemFree:         3208124 kB
Active:           455120 kB
Mem:          3.8G       789M       3.1G       5.7M        55M       327M

MemTotal:        4016004 kB
MemFree:         3207984 kB
Active:           455172 kB
Mem:          3.8G       789M       3.1G       5.7M        55M       327M

MemTotal:        4016004 kB
MemFree:         3207984 kB
Active:           455124 kB
Mem:          3.8G       789M       3.1G       5.7M        55M       327M

MemTotal:        4016004 kB
MemFree:         3207612 kB
Active:           455176 kB
Mem:          3.8G       789M       3.1G       5.7M        55M       327M

MemTotal:        4016004 kB
MemFree:         3207968 kB
Active:           455160 kB
Mem:          3.8G       789M       3.1G       5.7M        55M       327M

MemTotal:        4016004 kB
MemFree:         3207472 kB
Active:           455184 kB
Mem:          3.8G       789M       3.1G       5.7M        55M       327M

MemTotal:        4016004 kB
MemFree:         3207704 kB
Active:           455156 kB
Mem:          3.8G       789M       3.1G       5.7M        55M       327M

MemTotal:        4016004 kB
MemFree:         3207688 kB
Active:           455136 kB
Mem:          3.8G       789M       3.1G       5.7M        55M       327M

MemTotal:        4016004 kB
MemFree:         3207796 kB
Active:           455132 kB
Mem:          3.8G       789M       3.1G       5.7M        55M       327M

MemTotal:        4016004 kB
MemFree:         3207672 kB
Active:           455132 kB
Mem:          3.8G       789M       3.1G       5.7M        55M       327M

MemTotal:        4016004 kB
MemFree:         3207284 kB
Active:           455184 kB
Mem:          3.8G       789M       3.1G       5.7M        55M       327M

MemTotal:        4016004 kB
MemFree:         3205032 kB
Active:           455168 kB
Mem:          3.8G       792M       3.1G       5.7M        55M       327M

MemTotal:        4016004 kB
MemFree:         3204668 kB
Active:           457560 kB
Mem:          3.8G       792M       3.1G       5.7M        55M       327M

MemTotal:        4016004 kB
MemFree:         3204792 kB
Active:           457544 kB
Mem:          3.8G       792M       3.1G       5.7M        55M       327M

MemTotal:        4016004 kB
MemFree:         3205040 kB
Active:           457536 kB
Mem:          3.8G       792M       3.1G       5.7M        55M       327M

MemTotal:        4016004 kB
MemFree:         3205148 kB
Active:           457556 kB
Mem:          3.8G       791M       3.1G       5.7M        55M       327M

MemTotal:        4016004 kB
MemFree:         3205148 kB
Active:           457568 kB
Mem:          3.8G       791M       3.1G       5.7M        55M       327M

MemTotal:        4016004 kB
MemFree:         3205504 kB
Active:           457540 kB
Mem:          3.8G       791M       3.1G       5.7M        55M       327M

MemTotal:        4016004 kB
MemFree:         3205364 kB
Active:           457548 kB
Mem:          3.8G       791M       3.1G       5.7M        55M       327M

MemTotal:        4016004 kB
MemFree:         3205488 kB
Active:           457556 kB
Mem:          3.8G       791M       3.1G       5.7M        55M       327M

MemTotal:        4016004 kB
MemFree:         3205396 kB
Active:           457564 kB
Mem:          3.8G       791M       3.1G       5.7M        55M       327M

MemTotal:        4016004 kB
MemFree:         3205520 kB
Active:           457560 kB
Mem:          3.8G       791M       3.1G       5.7M        55M       327M

MemTotal:        4016004 kB
MemFree:         3206016 kB
Active:           457552 kB
Mem:          3.8G       791M       3.1G       5.7M        55M       327M

MemTotal:        4016004 kB
MemFree:         3205768 kB
Active:           457548 kB
Mem:          3.8G       791M       3.1G       5.7M        55M       327M

MemTotal:        4016004 kB
MemFree:         3206016 kB
Active:           457552 kB
Mem:          3.8G       791M       3.1G       5.7M        55M       327M

MemTotal:        4016004 kB
MemFree:         3206140 kB
Active:           457588 kB
Mem:          3.8G       790M       3.1G       5.7M        55M       327M

MemTotal:        4016004 kB
MemFree:         3205768 kB
Active:           457560 kB
Mem:          3.8G       791M       3.1G       5.7M        55M       327M

MemTotal:        4016004 kB
MemFree:         3205644 kB
Active:           457572 kB
Mem:          3.8G       791M       3.1G       5.7M        55M       327M

MemTotal:        4016004 kB
MemFree:         3205644 kB
Active:           457556 kB
Mem:          3.8G       791M       3.1G       5.7M        55M       327M

MemTotal:        4016004 kB
MemFree:         3206036 kB
Active:           457600 kB
Mem:          3.8G       791M       3.1G       5.7M        55M       327M

MemTotal:        4016004 kB
MemFree:         3205416 kB
Active:           457624 kB
Mem:          3.8G       791M       3.1G       5.7M        55M       327M

MemTotal:        4016004 kB
MemFree:         3204856 kB
Active:           455588 kB
Mem:          3.8G       791M       3.1G       5.7M        55M       327M

MemTotal:        4016004 kB
MemFree:         3205476 kB
Active:           457616 kB
Mem:          3.8G       791M       3.1G       5.7M        55M       327M

MemTotal:        4016004 kB
MemFree:         3205352 kB
Active:           457596 kB
Mem:          3.8G       791M       3.1G       5.7M        55M       327M

MemTotal:        4016004 kB
MemFree:         3205476 kB
Active:           457620 kB
Mem:          3.8G       791M       3.1G       5.7M        55M       327M

MemTotal:        4016004 kB
MemFree:         3205352 kB
Active:           457620 kB
Mem:          3.8G       791M       3.1G       5.7M        55M       327M

MemTotal:        4016004 kB
MemFree:         3205104 kB
Active:           457648 kB
Mem:          3.8G       791M       3.1G       5.7M        55M       327M

MemTotal:        4016004 kB
MemFree:         3204856 kB
Active:           457772 kB
Mem:          3.8G       791M       3.1G       5.7M        55M       327M

MemTotal:        4016004 kB
MemFree:         3087512 kB
Active:           457964 kB
Mem:          3.8G       907M       2.9G       5.7M        55M       441M

MemTotal:        4016004 kB
MemFree:         2976028 kB
Active:           457964 kB
Mem:          3.8G       1.0G       2.8G       5.7M        55M       548M

MemTotal:        4016004 kB
MemFree:         2856608 kB
Active:           457952 kB
Mem:          3.8G       1.1G       2.7G       5.7M        55M       664M

MemTotal:        4016004 kB
MemFree:         2745496 kB
Active:           457980 kB
Mem:          3.8G       1.2G       2.6G       5.7M        55M       770M

MemTotal:        4016004 kB
MemFree:         2637112 kB
Active:           457984 kB
Mem:          3.8G       1.3G       2.5G       5.7M        55M       875M

MemTotal:        4016004 kB
MemFree:         2515444 kB
Active:           457980 kB
Mem:          3.8G       1.4G       2.4G       5.7M        55M       992M

MemTotal:        4016004 kB
MemFree:         2479804 kB
Active:           457988 kB
Mem:          3.8G       1.5G       2.4G       5.7M        55M       1.0G

MemTotal:        4016004 kB
MemFree:         2479464 kB
Active:           457980 kB
Mem:          3.8G       1.5G       2.4G       5.7M        55M       1.0G

MemTotal:        4016004 kB
MemFree:         2477480 kB
Active:           457992 kB
Mem:          3.8G       1.5G       2.4G       5.7M        55M       1.0G

MemTotal:        4016004 kB
MemFree:         2476148 kB
Active:           457988 kB
Mem:          3.8G       1.5G       2.4G       5.7M        55M       1.0G

MemTotal:        4016004 kB
MemFree:         2474944 kB
Active:           458028 kB
Mem:          3.8G       1.5G       2.4G       5.7M        55M       1.0G

MemTotal:        4016004 kB
MemFree:         2473428 kB
Active:           458032 kB
Mem:          3.8G       1.5G       2.4G       5.7M        55M       1.0G

MemTotal:        4016004 kB
MemFree:         2394760 kB
Active:           458040 kB
Mem:          3.8G       1.5G       2.3G       5.7M        55M       1.1G

MemTotal:        4016004 kB
MemFree:         2394076 kB
Active:           458052 kB
Mem:          3.8G       1.5G       2.3G       5.7M        55M       1.1G

MemTotal:        4016004 kB
MemFree:         2392992 kB
Active:           458028 kB
Mem:          3.8G       1.5G       2.3G       5.7M        55M       1.1G

MemTotal:        4016004 kB
MemFree:         2391120 kB
Active:           458036 kB
Mem:          3.8G       1.5G       2.3G       5.7M        55M       1.1G

MemTotal:        4016004 kB
MemFree:         2390196 kB
Active:           458036 kB
Mem:          3.8G       1.6G       2.3G       5.7M        55M       1.1G

MemTotal:        4016004 kB
MemFree:         2278604 kB
Active:           458036 kB
Mem:          3.8G       1.7G       2.2G       5.7M        55M       1.2G

MemTotal:        4016004 kB
MemFree:         2149092 kB
Active:           458028 kB
Mem:          3.8G       1.8G       2.0G       5.7M        55M       1.3G

MemTotal:        4016004 kB
MemFree:         2040724 kB
Active:           458032 kB
Mem:          3.8G       1.9G       1.9G       5.7M        55M       1.4G

MemTotal:        4016004 kB
MemFree:         2022588 kB
Active:           458032 kB
Mem:          3.8G       1.9G       1.9G       5.7M        55M       1.4G

MemTotal:        4016004 kB
MemFree:         1951560 kB
Active:           458068 kB
Mem:          3.8G       2.0G       1.9G       5.7M        55M       1.5G

MemTotal:        4016004 kB
MemFree:         1950540 kB
Active:           458092 kB
Mem:          3.8G       2.0G       1.9G       5.7M        55M       1.5G

MemTotal:        4016004 kB
MemFree:         1858556 kB
Active:           458092 kB
Mem:          3.8G       2.1G       1.8G       5.7M        55M       1.6G

MemTotal:        4016004 kB
MemFree:         1857372 kB
Active:           458108 kB
Mem:          3.8G       2.1G       1.8G       5.7M        55M       1.6G

MemTotal:        4016004 kB
MemFree:         1856424 kB
Active:           458120 kB
Mem:          3.8G       2.1G       1.8G       5.7M        55M       1.6G

MemTotal:        4016004 kB
MemFree:         1855280 kB
Active:           458120 kB
Mem:          3.8G       2.1G       1.8G       5.7M        55M       1.6G

MemTotal:        4016004 kB
MemFree:         1854820 kB
Active:           458128 kB
Mem:          3.8G       2.1G       1.8G       5.7M        55M       1.6G

MemTotal:        4016004 kB
MemFree:         1767924 kB
Active:           458136 kB
Mem:          3.8G       2.1G       1.7G       5.7M        55M       1.7G

MemTotal:        4016004 kB
MemFree:         1640180 kB
Active:           458136 kB
Mem:          3.8G       2.3G       1.6G       5.7M        55M       1.8G

MemTotal:        4016004 kB
MemFree:         1510188 kB
Active:           458092 kB
Mem:          3.8G       2.4G       1.4G       5.7M        55M       1.9G

MemTotal:        4016004 kB
MemFree:         1504612 kB
Active:           458136 kB
Mem:          3.8G       2.4G       1.4G       5.7M        55M       1.9G

MemTotal:        4016004 kB
MemFree:         1424380 kB
Active:           458116 kB
Mem:          3.8G       2.5G       1.4G       5.7M        55M       2.0G

MemTotal:        4016004 kB
MemFree:         1423252 kB
Active:           456080 kB
Mem:          3.8G       2.5G       1.4G       5.7M        55M       2.0G

MemTotal:        4016004 kB
MemFree:         1339180 kB
Active:           458164 kB
Mem:          3.8G       2.6G       1.3G       5.7M        55M       2.1G

MemTotal:        4016004 kB
MemFree:         1319108 kB
Active:           458116 kB
Mem:          3.8G       2.6G       1.3G       5.7M        55M       2.1G

MemTotal:        4016004 kB
MemFree:         1256300 kB
Active:           458168 kB
Mem:          3.8G       2.6G       1.2G       5.7M        55M       2.2G

MemTotal:        4016004 kB
MemFree:         1255024 kB
Active:           458180 kB
Mem:          3.8G       2.6G       1.2G       5.7M        55M       2.2G

MemTotal:        4016004 kB
MemFree:         1252980 kB
Active:           458168 kB
Mem:          3.8G       2.6G       1.2G       5.7M        55M       2.2G

MemTotal:        4016004 kB
MemFree:         1251496 kB
Active:           458188 kB
Mem:          3.8G       2.6G       1.2G       5.7M        55M       2.2G

MemTotal:        4016004 kB
MemFree:         1250788 kB
Active:           458136 kB
Mem:          3.8G       2.6G       1.2G       5.7M        55M       2.2G

MemTotal:        4016004 kB
MemFree:         1135104 kB
Active:           458140 kB
Mem:          3.8G       2.7G       1.1G       5.7M        55M       2.3G

MemTotal:        4016004 kB
MemFree:         1007096 kB
Active:           458136 kB
Mem:          3.8G       2.9G       982M       5.7M        55M       2.4G

MemTotal:        4016004 kB
MemFree:          904828 kB
Active:           456152 kB
Mem:          3.8G       3.0G       883M       5.7M        55M       2.5G

MemTotal:        4016004 kB
MemFree:          897652 kB
Active:           458156 kB
Mem:          3.8G       3.0G       875M       5.7M        55M       2.5G

MemTotal:        4016004 kB
MemFree:          819992 kB
Active:           458232 kB
Mem:          3.8G       3.0G       800M       5.7M        55M       2.6G

MemTotal:        4016004 kB
MemFree:          755576 kB
Active:           458232 kB
Mem:          3.8G       3.1G       737M       5.7M        55M       2.6G

MemTotal:        4016004 kB
MemFree:          754320 kB
Active:           458232 kB
Mem:          3.8G       3.1G       736M       5.7M        55M       2.6G

MemTotal:        4016004 kB
MemFree:          753196 kB
Active:           458196 kB
Mem:          3.8G       3.1G       735M       5.7M        55M       2.6G

MemTotal:        4016004 kB
MemFree:          637264 kB
Active:           458236 kB
Mem:          3.8G       3.2G       621M       5.7M        55M       2.7G

MemTotal:        4016004 kB
MemFree:          507272 kB
Active:           458240 kB
Mem:          3.8G       3.3G       495M       5.7M        55M       2.9G

MemTotal:        4016004 kB
MemFree:          379636 kB
Active:           458204 kB
Mem:          3.8G       3.5G       370M       5.7M        55M       3.0G

MemTotal:        4016004 kB
MemFree:          260532 kB
Active:           454408 kB
Mem:          3.8G       3.6G       254M       5.7M        52M       3.1G

MemTotal:        4016004 kB
MemFree:          260832 kB
Active:           423112 kB
Mem:          3.8G       3.6G       254M       5.7M        46M       3.1G

MemTotal:        4016004 kB
MemFree:          260772 kB
Active:           423128 kB
Mem:          3.8G       3.6G       254M       5.7M        46M       3.1G

MemTotal:        4016004 kB
MemFree:          260956 kB
Active:           423076 kB
Mem:          3.8G       3.6G       254M       5.7M        46M       3.1G

MemTotal:        4016004 kB
MemFree:          260936 kB
Active:           423100 kB
Mem:          3.8G       3.6G       254M       5.7M        46M       3.1G

MemTotal:        4016004 kB
MemFree:          258888 kB
Active:           423132 kB
Mem:          3.8G       3.6G       252M       5.7M        46M       3.1G

MemTotal:        4016004 kB
MemFree:          257976 kB
Active:           423132 kB
Mem:          3.8G       3.6G       251M       5.7M        46M       3.1G

MemTotal:        4016004 kB
MemFree:          239008 kB
Active:           423144 kB
Mem:          3.8G       3.6G       233M       5.7M        46M       3.1G

MemTotal:        4016004 kB
MemFree:          112364 kB
Active:           423152 kB
Mem:          3.8G       3.7G       109M       5.7M        46M       3.2G

MemTotal:        4016004 kB
MemFree:          106536 kB
Active:           423124 kB
Mem:          3.8G       3.7G       103M       5.7M        46M       3.2G

MemTotal:        4016004 kB
MemFree:          104940 kB
Active:           423136 kB
Mem:          3.8G       3.7G       136M       5.7M        22M       3.2G

MemTotal:        4016004 kB
MemFree:          140272 kB
Active:           431556 kB
Mem:          3.8G       3.7G       136M       5.7M        22M       3.2G

MemTotal:        4016004 kB
MemFree:          156940 kB
Active:           465964 kB
Mem:          3.8G       3.7G       147M       5.7M        22M       3.2G

MemTotal:        4016004 kB
MemFree:          148504 kB
Active:           473660 kB
Mem:          3.8G       3.7G       144M       5.7M        22M       3.2G

MemTotal:        4016004 kB
MemFree:          141788 kB
Active:           471104 kB
Mem:          3.8G       3.7G       138M       5.7M        22M       3.2G

MemTotal:        4016004 kB
MemFree:          125524 kB
Active:           470568 kB
Mem:          3.8G       3.7G       122M       5.7M        22M       3.2G

MemTotal:        4016004 kB
MemFree:          135628 kB
Active:           469960 kB
Mem:          3.8G       3.7G       132M       5.7M        22M       3.2G

MemTotal:        4016004 kB
MemFree:          133940 kB
Active:           469976 kB
Mem:          3.8G       3.7G       130M       5.7M        22M       3.2G

MemTotal:        4016004 kB
MemFree:          132952 kB
Active:           469976 kB
Mem:          3.8G       3.7G       129M       5.7M        22M       3.2G

MemTotal:        4016004 kB
MemFree:          131224 kB
Active:           469960 kB
Mem:          3.8G       3.7G       127M       5.7M        22M       3.2G

MemTotal:        4016004 kB
MemFree:          120880 kB
Active:           468448 kB
Mem:          3.8G       3.7G       117M       5.7M        22M       3.2G

MemTotal:        4016004 kB
MemFree:          130240 kB
Active:           457536 kB
Mem:          3.8G       3.7G       127M       5.7M        22M       3.2G

MemTotal:        4016004 kB
MemFree:          110784 kB
Active:           452152 kB
Mem:          3.8G       3.7G       108M       5.7M        22M       3.3G

MemTotal:        4016004 kB
MemFree:          133888 kB
Active:           448444 kB
Mem:          3.8G       3.7G       130M       5.7M        22M       3.2G

MemTotal:        4016004 kB
MemFree:          111240 kB
Active:           448412 kB
Mem:          3.8G       3.7G       108M       5.7M        22M       3.3G

MemTotal:        4016004 kB
MemFree:          141140 kB
Active:           443660 kB
Mem:          3.8G       3.7G       138M       5.7M        22M       3.2G

MemTotal:        4016004 kB
MemFree:          127812 kB
Active:           442380 kB
Mem:          3.8G       3.7G       124M       5.7M        22M       3.2G

MemTotal:        4016004 kB
MemFree:          139264 kB
Active:           440836 kB
Mem:          3.8G       3.7G       136M       5.7M        22M       3.2G

MemTotal:        4016004 kB
MemFree:          145972 kB
Active:           440708 kB
Mem:          3.8G       3.7G       142M       5.7M        22M       3.2G

MemTotal:        4016004 kB
MemFree:          145592 kB
Active:           440708 kB
Mem:          3.8G       3.7G       142M       5.7M        22M       3.2G

MemTotal:        4016004 kB
MemFree:          145784 kB
Active:           440716 kB
Mem:          3.8G       3.7G       142M       5.7M        22M       3.2G

MemTotal:        4016004 kB
MemFree:          144968 kB
Active:           440724 kB
Mem:          3.8G       3.7G       141M       5.7M        22M       3.2G

MemTotal:        4016004 kB
MemFree:          122960 kB
Active:           440728 kB
Mem:          3.8G       3.7G       119M       5.7M        22M       3.2G

MemTotal:        4016004 kB
MemFree:          116160 kB
Active:           434816 kB
Mem:          3.8G       3.7G       113M       5.7M        22M       3.3G

MemTotal:        4016004 kB
MemFree:          126156 kB
Active:           431796 kB
Mem:          3.8G       3.7G       123M       5.7M        22M       3.2G

MemTotal:        4016004 kB
MemFree:          119732 kB
Active:           428608 kB
Mem:          3.8G       3.7G       116M       5.7M        22M       3.2G

MemTotal:        4016004 kB
MemFree:          129448 kB
Active:           427328 kB
Mem:          3.8G       3.7G       125M       5.7M        22M       3.2G

MemTotal:        4016004 kB
MemFree:          131284 kB
Active:           425136 kB
Mem:          3.8G       3.7G       128M       5.7M        22M       3.2G

MemTotal:        4016004 kB
MemFree:          134484 kB
Active:           425912 kB
Mem:          3.8G       3.7G       131M       5.7M        22M       3.2G

MemTotal:        4016004 kB
MemFree:          136756 kB
Active:           424380 kB
Mem:          3.8G       3.7G       133M       5.7M        22M       3.2G

MemTotal:        4016004 kB
MemFree:          132748 kB
Active:           422072 kB
Mem:          3.8G       3.7G       129M       5.7M        22M       3.2G

MemTotal:        4016004 kB
MemFree:          136448 kB
Active:           421708 kB
Mem:          3.8G       3.7G       133M       5.7M        22M       3.2G

MemTotal:        4016004 kB
MemFree:          135456 kB
Active:           421716 kB
Mem:          3.8G       3.7G       132M       5.7M        22M       3.2G

MemTotal:        4016004 kB
MemFree:          134560 kB
Active:           421668 kB
Mem:          3.8G       3.7G       131M       5.7M        22M       3.2G

MemTotal:        4016004 kB
MemFree:          133696 kB
Active:           421684 kB
Mem:          3.8G       3.7G       130M       5.7M        22M       3.2G

MemTotal:        4016004 kB
MemFree:          148944 kB
Active:           419928 kB
Mem:          3.8G       3.7G       145M       5.7M        22M       3.2G

MemTotal:        4016004 kB
MemFree:          115900 kB
Active:           412860 kB
Mem:          3.8G       3.7G       113M       5.7M        22M       3.2G

MemTotal:        4016004 kB
MemFree:          108900 kB
Active:           409736 kB
Mem:          3.8G       3.7G       106M       5.7M        22M       3.3G

MemTotal:        4016004 kB
MemFree:          149888 kB
Active:           406204 kB
Mem:          3.8G       3.7G       146M       5.7M        22M       3.2G

MemTotal:        4016004 kB
MemFree:          137232 kB
Active:           406212 kB
Mem:          3.8G       3.7G       133M       5.7M        22M       3.2G

MemTotal:        4016004 kB
MemFree:          140312 kB
Active:           404432 kB
Mem:          3.8G       3.7G       136M       5.7M        22M       3.2G

MemTotal:        4016004 kB
MemFree:          124692 kB
Active:           403804 kB
Mem:          3.8G       3.7G       121M       5.7M        22M       3.2G

MemTotal:        4016004 kB
MemFree:          144644 kB
Active:           403040 kB
Mem:          3.8G       3.7G       140M       5.7M        22M       3.2G

MemTotal:        4016004 kB
MemFree:          143504 kB
Active:           403008 kB
Mem:          3.8G       3.7G       139M       5.7M        22M       3.2G

MemTotal:        4016004 kB
MemFree:          142052 kB
Active:           403052 kB
Mem:          3.8G       3.7G       138M       5.7M        22M       3.2G

MemTotal:        4016004 kB
MemFree:          141356 kB
Active:           403020 kB
Mem:          3.8G       3.7G       138M       5.7M        22M       3.2G

MemTotal:        4016004 kB
MemFree:          134144 kB
Active:           401780 kB
Mem:          3.8G       3.7G       131M       5.7M        22M       3.2G

MemTotal:        4016004 kB
MemFree:          128048 kB
Active:           398644 kB
Mem:          3.8G       3.7G       124M       5.7M        22M       3.2G

MemTotal:        4016004 kB
MemFree:          119496 kB
Active:           395056 kB
Mem:          3.8G       3.7G       116M       5.7M        22M       3.2G

MemTotal:        4016004 kB
MemFree:          106276 kB
Active:           393392 kB
Mem:          3.8G       3.7G       103M       5.7M        22M       3.3G

MemTotal:        4016004 kB
MemFree:          108100 kB
Active:           392624 kB
Mem:          3.8G       3.7G       105M       5.7M        22M       3.3G

MemTotal:        4016004 kB
MemFree:          125804 kB
Active:           391856 kB
Mem:          3.8G       3.7G       122M       5.7M        22M       3.2G

MemTotal:        4016004 kB
MemFree:          110136 kB
Active:           391580 kB
Mem:          3.8G       3.7G       107M       5.7M        22M       3.3G

MemTotal:        4016004 kB
MemFree:          125396 kB
Active:           391560 kB
Mem:          3.8G       3.7G       122M       5.7M        22M       3.2G

MemTotal:        4016004 kB
MemFree:          123972 kB
Active:           391592 kB
Mem:          3.8G       3.7G       121M       5.7M        22M       3.2G

MemTotal:        4016004 kB
MemFree:          123168 kB
Active:           391592 kB
Mem:          3.8G       3.7G       120M       5.7M        22M       3.2G

MemTotal:        4016004 kB
MemFree:          123232 kB
Active:           391592 kB
Mem:          3.8G       3.7G       120M       5.7M        22M       3.2G

MemTotal:        4016004 kB
MemFree:          117296 kB
Active:           391584 kB
Mem:          3.8G       3.7G       113M       5.7M        22M       3.2G

MemTotal:        4016004 kB
MemFree:          123184 kB
Active:           391472 kB
Mem:          3.8G       3.7G       120M       5.7M        22M       3.2G

MemTotal:        4016004 kB
MemFree:          149692 kB
Active:           391244 kB
Mem:          3.8G       3.7G       146M       5.7M        22M       3.2G

MemTotal:        4016004 kB
MemFree:          145300 kB
Active:           391212 kB
Mem:          3.8G       3.7G       141M       5.7M        22M       3.2G

MemTotal:        4016004 kB
MemFree:          140252 kB
Active:           391264 kB
Mem:          3.8G       3.7G       136M       5.7M        22M       3.2G

MemTotal:        4016004 kB
MemFree:          127412 kB
Active:           391268 kB
Mem:          3.8G       3.7G       124M       5.7M        22M       3.2G

MemTotal:        4016004 kB
MemFree:          139648 kB
Active:           391120 kB
Mem:          3.8G       3.7G       136M       5.7M        22M       3.2G

MemTotal:        4016004 kB
MemFree:          127800 kB
Active:           391080 kB
Mem:          3.8G       3.7G       124M       5.7M        22M       3.2G

MemTotal:        4016004 kB
MemFree:          125496 kB
Active:           391100 kB
Mem:          3.8G       3.7G       122M       5.7M        22M       3.2G

MemTotal:        4016004 kB
MemFree:          125372 kB
Active:           391072 kB
Mem:          3.8G       3.7G       122M       5.7M        22M       3.2G

MemTotal:        4016004 kB
MemFree:          125716 kB
Active:           391092 kB
Mem:          3.8G       3.7G       122M       5.7M        22M       3.2G

MemTotal:        4016004 kB
MemFree:          125560 kB
Active:           391128 kB
Mem:          3.8G       3.7G       122M       5.7M        22M       3.2G

MemTotal:        4016004 kB
MemFree:          136376 kB
Active:           391136 kB
Mem:          3.8G       3.7G       132M       5.7M        22M       3.2G

MemTotal:        4016004 kB
MemFree:          144924 kB
Active:           391136 kB
Mem:          3.8G       3.7G       140M       5.7M        22M       3.2G

MemTotal:        4016004 kB
MemFree:          127728 kB
Active:           391124 kB
Mem:          3.8G       3.7G       120M       5.7M        22M       3.2G

MemTotal:        4016004 kB
MemFree:          129116 kB
Active:           391144 kB
Mem:          3.8G       3.7G       126M       5.7M        22M       3.2G

MemTotal:        4016004 kB
MemFree:          113012 kB
Active:           391172 kB
Mem:          3.8G       3.7G       110M       5.7M        22M       3.2G

MemTotal:        4016004 kB
MemFree:          105516 kB
Active:           391172 kB
Mem:          3.8G       3.7G       103M       5.7M        22M       3.3G

MemTotal:        4016004 kB
MemFree:          130824 kB
Active:           386520 kB
Mem:          3.8G       3.7G       127M       5.7M        22M       3.2G

MemTotal:        4016004 kB
MemFree:          126140 kB
Active:           386380 kB
Mem:          3.8G       3.7G       123M       5.7M        22M       3.2G

MemTotal:        4016004 kB
MemFree:          125020 kB
Active:           386416 kB
Mem:          3.8G       3.7G       122M       5.7M        22M       3.2G

MemTotal:        4016004 kB
MemFree:          124092 kB
Active:           386428 kB
Mem:          3.8G       3.7G       121M       5.7M        22M       3.2G

MemTotal:        4016004 kB
MemFree:          117064 kB
Active:           386428 kB
Mem:          3.8G       3.7G       114M       5.7M        22M       3.2G

MemTotal:        4016004 kB
MemFree:          126228 kB
Active:           386172 kB
Mem:          3.8G       3.7G       122M       5.7M        22M       3.2G

MemTotal:        4016004 kB
MemFree:          119408 kB
Active:           386048 kB
Mem:          3.8G       3.7G       116M       5.7M        22M       3.2G

MemTotal:        4016004 kB
MemFree:          133656 kB
Active:           384368 kB
Mem:          3.8G       3.7G       130M       5.7M        22M       3.2G

MemTotal:        4016004 kB
MemFree:          130220 kB
Active:           384268 kB
Mem:          3.8G       3.7G       127M       5.7M        22M       3.2G

MemTotal:        4016004 kB
MemFree:          139816 kB
Active:           384284 kB
Mem:          3.8G       3.7G       136M       5.7M        22M       3.2G

MemTotal:        4016004 kB
MemFree:          132940 kB
Active:           384288 kB
Mem:          3.8G       3.7G       130M       5.7M        22M       3.2G

MemTotal:        4016004 kB
MemFree:          118096 kB
Active:           384120 kB
Mem:          3.8G       3.7G       124M       5.7M        22M       3.2G

MemTotal:        4016004 kB
MemFree:          126328 kB
Active:           383988 kB
Mem:          3.8G       3.7G       123M       5.7M        22M       3.2G

MemTotal:        4016004 kB
MemFree:          129112 kB
Active:           383992 kB
Mem:          3.8G       3.7G       126M       5.7M        22M       3.2G

MemTotal:        4016004 kB
MemFree:          128480 kB
Active:           384052 kB
Mem:          3.8G       3.7G       125M       5.7M        22M       3.2G

MemTotal:        4016004 kB
MemFree:          127520 kB
Active:           384036 kB
Mem:          3.8G       3.7G       124M       5.7M        22M       3.2G

MemTotal:        4016004 kB
MemFree:          125432 kB
Active:           384052 kB
Mem:          3.8G       3.7G       121M       5.7M        22M       3.2G

MemTotal:        4016004 kB
MemFree:          123888 kB
Active:           384044 kB
Mem:          3.8G       3.7G       121M       5.7M        22M       3.2G

MemTotal:        4016004 kB
MemFree:          127576 kB
Active:           382228 kB
Mem:          3.8G       3.7G       124M       5.7M        22M       3.2G

MemTotal:        4016004 kB
MemFree:          128732 kB
Active:           382188 kB
Mem:          3.8G       3.7G       126M       5.7M        22M       3.2G

MemTotal:        4016004 kB
MemFree:          127008 kB
Active:           382244 kB
Mem:          3.8G       3.7G       123M       5.7M        22M       3.2G

MemTotal:        4016004 kB
MemFree:          143824 kB
Active:           382228 kB
Mem:          3.8G       3.7G       140M       5.7M        22M       3.2G

MemTotal:        4016004 kB
MemFree:          127444 kB
Active:           381568 kB
Mem:          3.8G       3.7G       124M       5.7M        22M       3.2G

MemTotal:        4016004 kB
MemFree:          132316 kB
Active:           381328 kB
Mem:          3.8G       3.7G       129M       5.7M        22M       3.2G

MemTotal:        4016004 kB
MemFree:          135408 kB
Active:           381352 kB
Mem:          3.8G       3.7G       131M       5.7M        22M       3.2G

MemTotal:        4016004 kB
MemFree:          108236 kB
Active:           381340 kB
Mem:          3.8G       3.7G       105M       5.7M        22M       3.2G

MemTotal:        4016004 kB
MemFree:          107440 kB
Active:           381352 kB
Mem:          3.8G       3.7G       104M       5.7M        22M       3.2G

MemTotal:        4016004 kB
MemFree:          106108 kB
Active:           381320 kB
Mem:          3.8G       3.7G       103M       5.7M        22M       3.3G

MemTotal:        4016004 kB
MemFree:          105024 kB
Active:           381372 kB
Mem:          3.8G       3.7G       102M       5.7M        22M       3.3G

MemTotal:        4016004 kB
MemFree:          126980 kB
Active:           381376 kB
Mem:          3.8G       3.7G       124M       5.7M        22M       3.2G

MemTotal:        4016004 kB
MemFree:          141420 kB
Active:           381320 kB
Mem:          3.8G       3.7G       137M       5.7M        22M       3.2G

MemTotal:        4016004 kB
MemFree:          125816 kB
Active:           381380 kB
Mem:          3.8G       3.7G       122M       5.7M        22M       3.2G

MemTotal:        4016004 kB
MemFree:          121488 kB
Active:           368564 kB
Mem:          3.8G       3.7G       118M       5.7M        22M       3.2G

MemTotal:        4016004 kB
MemFree:          135268 kB
Active:           368484 kB
Mem:          3.8G       3.7G       131M       5.7M        22M       3.2G

MemTotal:        4016004 kB
MemFree:          133284 kB
Active:           368492 kB
Mem:          3.8G       3.7G       130M       5.7M        22M       3.2G

MemTotal:        4016004 kB
MemFree:          114340 kB
Active:           368448 kB
Mem:          3.8G       3.7G       111M       5.7M        22M       3.2G

MemTotal:        4016004 kB
MemFree:          132060 kB
Active:           368504 kB
Mem:          3.8G       3.7G       128M       5.7M        22M       3.2G

MemTotal:        4016004 kB
MemFree:          128728 kB
Active:           368504 kB
Mem:          3.8G       3.7G       125M       5.7M        22M       3.2G

MemTotal:        4016004 kB
MemFree:          127500 kB
Active:           368508 kB
Mem:          3.8G       3.7G       124M       5.7M        22M       3.2G

MemTotal:        4016004 kB
MemFree:          125488 kB
Active:           368508 kB
Mem:          3.8G       3.7G       122M       5.7M        22M       3.2G

MemTotal:        4016004 kB
MemFree:          122916 kB
Active:           368460 kB
Mem:          3.8G       3.7G       120M       5.7M        22M       3.2G

MemTotal:        4016004 kB
MemFree:          121868 kB
Active:           370504 kB
Mem:          3.8G       3.7G       118M       5.7M        22M       3.2G

MemTotal:        4016004 kB
MemFree:          113908 kB
Active:           370520 kB
Mem:          3.8G       3.7G       110M       5.7M        22M       3.2G

MemTotal:        4016004 kB
MemFree:          130972 kB
Active:           368440 kB
Mem:          3.8G       3.7G       127M       5.7M        22M       3.2G

MemTotal:        4016004 kB
MemFree:          126616 kB
Active:           368288 kB
Mem:          3.8G       3.7G       123M       5.7M        22M       3.2G

MemTotal:        4016004 kB
MemFree:          117616 kB
Active:           368288 kB
Mem:          3.8G       3.7G       114M       5.7M        22M       3.2G

MemTotal:        4016004 kB
MemFree:          140252 kB
Active:           368256 kB
Mem:          3.8G       3.7G       136M       5.7M        22M       3.2G

MemTotal:        4016004 kB
MemFree:          139592 kB
Active:           368260 kB
Mem:          3.8G       3.7G       135M       5.7M        22M       3.2G

MemTotal:        4016004 kB
MemFree:          112384 kB
Active:           368304 kB
Mem:          3.8G       3.7G       109M       5.7M        22M       3.2G

MemTotal:        4016004 kB
MemFree:          111252 kB
Active:           368296 kB
Mem:          3.8G       3.7G       108M       5.7M        22M       3.2G

MemTotal:        4016004 kB
MemFree:          109560 kB
Active:           367604 kB
Mem:          3.8G       3.7G       106M       5.7M        22M       3.2G

MemTotal:        4016004 kB
MemFree:          108604 kB
Active:           369672 kB
Mem:          3.8G       3.7G       106M       5.7M        22M       3.2G

MemTotal:        4016004 kB
MemFree:          113688 kB
Active:           368652 kB
Mem:          3.8G       3.7G       110M       5.7M        22M       3.2G

MemTotal:        4016004 kB
MemFree:          123296 kB
Active:           365848 kB
Mem:          3.8G       3.7G       120M       5.7M        22M       3.2G

MemTotal:        4016004 kB
MemFree:          134184 kB
Active:           365824 kB
Mem:          3.8G       3.7G       130M       5.7M        22M       3.2G

MemTotal:        4016004 kB
MemFree:          149324 kB
Active:           365824 kB
Mem:          3.8G       3.7G       145M       5.7M        22M       3.2G

MemTotal:        4016004 kB
MemFree:          152956 kB
Active:           365828 kB
Mem:          3.8G       3.7G       149M       5.7M        22M       3.2G

MemTotal:        4016004 kB
MemFree:          136364 kB
Active:           365792 kB
Mem:          3.8G       3.7G       132M       5.7M        22M       3.2G

MemTotal:        4016004 kB
MemFree:          133972 kB
Active:           365844 kB
Mem:          3.8G       3.7G       130M       5.7M        22M       3.2G

MemTotal:        4016004 kB
MemFree:          106028 kB
Active:           365848 kB
Mem:          3.8G       3.7G       103M       5.7M        22M       3.2G

MemTotal:        4016004 kB
MemFree:          103560 kB
Active:           363780 kB
Mem:          3.8G       3.7G       101M       5.7M        22M       3.2G

MemTotal:        4016004 kB
MemFree:          102552 kB
Active:           365852 kB
Mem:          3.8G       3.7G        99M       5.7M        22M       3.2G

MemTotal:        4016004 kB
MemFree:          150976 kB
Active:           364964 kB
Mem:          3.8G       3.7G       147M       5.7M        22M       3.2G

MemTotal:        4016004 kB
MemFree:          150180 kB
Active:           364960 kB
Mem:          3.8G       3.7G       146M       5.7M        22M       3.2G

MemTotal:        4016004 kB
MemFree:          127444 kB
Active:           364856 kB
Mem:          3.8G       3.7G       123M       5.7M        22M       3.2G

MemTotal:        4016004 kB
MemFree:          109840 kB
Active:           360696 kB
Mem:          3.8G       3.7G       106M       5.7M        22M       3.2G

MemTotal:        4016004 kB
MemFree:          125464 kB
Active:           360692 kB
Mem:          3.8G       3.7G       122M       5.7M        22M       3.2G

MemTotal:        4016004 kB
MemFree:          145852 kB
Active:           360700 kB
Mem:          3.8G       3.7G       142M       5.7M        22M       3.2G

MemTotal:        4016004 kB
MemFree:          133876 kB
Active:           360712 kB
Mem:          3.8G       3.7G       130M       5.7M        22M       3.2G

MemTotal:        4016004 kB
MemFree:          126880 kB
Active:           360740 kB
Mem:          3.8G       3.7G       123M       5.7M        22M       3.2G

MemTotal:        4016004 kB
MemFree:          105572 kB
Active:           360748 kB
Mem:          3.8G       3.7G       102M       5.7M        22M       3.2G

MemTotal:        4016004 kB
MemFree:          127816 kB
Active:           360752 kB
Mem:          3.8G       3.7G       124M       5.7M        22M       3.2G

MemTotal:        4016004 kB
MemFree:          125208 kB
Active:           360772 kB
Mem:          3.8G       3.7G       122M       5.7M        22M       3.2G

MemTotal:        4016004 kB
MemFree:          123908 kB
Active:           360772 kB
Mem:          3.8G       3.7G       121M       5.7M        22M       3.2G

MemTotal:        4016004 kB
MemFree:          124316 kB
Active:           360728 kB
Mem:          3.8G       3.7G       121M       5.7M        22M       3.2G

MemTotal:        4016004 kB
MemFree:          122856 kB
Active:           360760 kB
Mem:          3.8G       3.7G       119M       5.7M        22M       3.2G

MemTotal:        4016004 kB
MemFree:          105772 kB
Active:           360784 kB
Mem:          3.8G       3.7G       102M       5.7M        22M       3.2G

MemTotal:        4016004 kB
MemFree:          130276 kB
Active:           314692 kB
Mem:          3.8G       3.7G       126M       5.7M        22M       3.2G

MemTotal:        4016004 kB
MemFree:          141784 kB
Active:           314692 kB
Mem:          3.8G       3.7G       138M       5.7M        22M       3.2G

MemTotal:        4016004 kB
MemFree:          112612 kB
Active:           314696 kB
Mem:          3.8G       3.7G       109M       5.7M        22M       3.2G

MemTotal:        4016004 kB
MemFree:          144960 kB
Active:           316728 kB
Mem:          3.8G       3.7G       141M       5.7M        22M       3.2G

MemTotal:        4016004 kB
MemFree:          132876 kB
Active:           316688 kB
Mem:          3.8G       3.7G       129M       5.7M        22M       3.2G

MemTotal:        4016004 kB
MemFree:          132828 kB
Active:           316712 kB
Mem:          3.8G       3.7G       129M       5.7M        22M       3.2G

MemTotal:        4016004 kB
MemFree:          106164 kB
Active:           316684 kB
Mem:          3.8G       3.7G       103M       5.7M        22M       3.2G

MemTotal:        4016004 kB
MemFree:          128960 kB
Active:           316728 kB
Mem:          3.8G       3.7G       125M       5.7M        22M       3.2G

MemTotal:        4016004 kB
MemFree:          129648 kB
Active:           316704 kB
Mem:          3.8G       3.7G       126M       5.7M        22M       3.2G

MemTotal:        4016004 kB
MemFree:          129404 kB
Active:           316752 kB
Mem:          3.8G       3.7G       126M       5.7M        22M       3.2G

MemTotal:        4016004 kB
MemFree:          129068 kB
Active:           316748 kB
Mem:          3.8G       3.7G       126M       5.7M        22M       3.2G

MemTotal:        4016004 kB
MemFree:          112600 kB
Active:           316756 kB
Mem:          3.8G       3.7G       109M       5.7M        22M       3.2G

MemTotal:        4016004 kB
MemFree:          134740 kB
Active:           316760 kB
Mem:          3.8G       3.7G       130M       5.7M        22M       3.2G

MemTotal:        4016004 kB
MemFree:          121948 kB
Active:           313852 kB
Mem:          3.8G       3.7G       118M       5.7M        22M       3.2G

MemTotal:        4016004 kB
MemFree:          137808 kB
Active:           313484 kB
Mem:          3.8G       3.7G       134M       5.7M        22M       3.2G

MemTotal:        4016004 kB
MemFree:          138460 kB
Active:           313392 kB
Mem:          3.8G       3.7G       135M       5.7M        22M       3.2G

MemTotal:        4016004 kB
MemFree:          138088 kB
Active:           313424 kB
Mem:          3.8G       3.7G       134M       5.7M        22M       3.2G

MemTotal:        4016004 kB
MemFree:          138584 kB
Active:           313404 kB
Mem:          3.8G       3.7G       135M       5.7M        22M       3.2G

MemTotal:        4016004 kB
MemFree:          138832 kB
Active:           313376 kB
Mem:          3.8G       3.7G       135M       5.7M        22M       3.2G

MemTotal:        4016004 kB
MemFree:          138384 kB
Active:           313440 kB
Mem:          3.8G       3.7G       135M       5.7M        22M       3.2G

MemTotal:        4016004 kB
MemFree:          138012 kB
Active:           313412 kB
Mem:          3.8G       3.7G       134M       5.7M        22M       3.2G

MemTotal:        4016004 kB
MemFree:          137952 kB
Active:           313428 kB
Mem:          3.8G       3.7G       134M       5.7M        22M       3.2G

MemTotal:        4016004 kB
MemFree:          138176 kB
Active:           313396 kB
Mem:          3.8G       3.7G       134M       5.7M        22M       3.2G

MemTotal:        4016004 kB
MemFree:          137464 kB
Active:           311884 kB
Mem:          3.8G       3.7G       134M       5.7M        22M       3.2G

MemTotal:        4016004 kB
MemFree:          138084 kB
Active:           313928 kB
Mem:          3.8G       3.7G       134M       5.7M        22M       3.2G

MemTotal:        4016004 kB
MemFree:          138208 kB
Active:           313884 kB
Mem:          3.8G       3.7G       134M       5.7M        22M       3.2G

MemTotal:        4016004 kB
MemFree:          137960 kB
Active:           313888 kB
Mem:          3.8G       3.7G       134M       5.7M        22M       3.2G

MemTotal:        4016004 kB
MemFree:          138084 kB
Active:           313924 kB
Mem:          3.8G       3.7G       134M       5.7M        22M       3.2G

MemTotal:        4016004 kB
MemFree:          137960 kB
Active:           313932 kB
Mem:          3.8G       3.7G       134M       5.7M        22M       3.2G

MemTotal:        4016004 kB
MemFree:          137588 kB
Active:           313940 kB
Mem:          3.8G       3.7G       134M       5.7M        22M       3.2G

MemTotal:        4016004 kB
MemFree:          138084 kB
Active:           313916 kB
Mem:          3.8G       3.7G       134M       5.7M        22M       3.2G

MemTotal:        4016004 kB
MemFree:          137588 kB
Active:           313944 kB
Mem:          3.8G       3.7G       134M       5.7M        22M       3.2G

MemTotal:        4016004 kB
MemFree:          137960 kB
Active:           313944 kB
Mem:          3.8G       3.7G       135M       5.7M        22M       3.2G

MemTotal:        4016004 kB
MemFree:          136160 kB
Active:           313920 kB
Mem:          3.8G       3.7G       133M       5.7M        22M       3.2G

MemTotal:        4016004 kB
MemFree:          136036 kB
Active:           315976 kB
Mem:          3.8G       3.7G       132M       5.7M        22M       3.2G

MemTotal:        4016004 kB
MemFree:          136408 kB
Active:           315928 kB
Mem:          3.8G       3.7G       133M       5.7M        22M       3.2G

MemTotal:        4016004 kB
MemFree:          135912 kB
Active:           315980 kB
Mem:          3.8G       3.7G       132M       5.7M        22M       3.2G

MemTotal:        4016004 kB
MemFree:          136408 kB
Active:           315924 kB
Mem:          3.8G       3.7G       133M       5.7M        22M       3.2G

MemTotal:        4016004 kB
MemFree:          136656 kB
Active:           315980 kB
Mem:          3.8G       3.7G       133M       5.7M        22M       3.2G

MemTotal:        4016004 kB
MemFree:          136532 kB
Active:           315980 kB
Mem:          3.8G       3.7G       133M       5.7M        22M       3.2G

MemTotal:        4016004 kB
MemFree:          136284 kB
Active:           315980 kB
Mem:          3.8G       3.7G       133M       5.7M        22M       3.2G

MemTotal:        4016004 kB
MemFree:          136532 kB
Active:           315980 kB
Mem:          3.8G       3.7G       133M       5.7M        22M       3.2G

MemTotal:        4016004 kB
MemFree:          136408 kB
Active:           315944 kB
Mem:          3.8G       3.7G       133M       5.7M        22M       3.2G

MemTotal:        4016004 kB
MemFree:          136408 kB
Active:           315956 kB
Mem:          3.8G       3.7G       133M       5.7M        22M       3.2G

MemTotal:        4016004 kB
MemFree:          136408 kB
Active:           315976 kB
Mem:          3.8G       3.7G       133M       5.7M        22M       3.2G

MemTotal:        4016004 kB
MemFree:          136284 kB
Active:           315992 kB
Mem:          3.8G       3.7G       132M       5.7M        22M       3.2G

MemTotal:        4016004 kB
MemFree:          136532 kB
Active:           315948 kB
Mem:          3.8G       3.7G       133M       5.7M        22M       3.2G

MemTotal:        4016004 kB
MemFree:          136408 kB
Active:           315972 kB
Mem:          3.8G       3.7G       133M       5.7M        22M       3.2G

MemTotal:        4016004 kB
MemFree:          136408 kB
Active:           315960 kB
Mem:          3.8G       3.7G       133M       5.7M        22M       3.2G

MemTotal:        4016004 kB
MemFree:          136656 kB
Active:           315960 kB
Mem:          3.8G       3.7G       133M       5.7M        22M       3.2G

MemTotal:        4016004 kB
MemFree:          136656 kB
Active:           315972 kB
Mem:          3.8G       3.7G       133M       5.7M        22M       3.2G

MemTotal:        4016004 kB
MemFree:          136408 kB
Active:           315960 kB
Mem:          3.8G       3.7G       133M       5.7M        22M       3.2G

MemTotal:        4016004 kB
MemFree:          136408 kB
Active:           315968 kB
Mem:          3.8G       3.7G       133M       5.7M        22M       3.2G

MemTotal:        4016004 kB
MemFree:          136532 kB
Active:           315968 kB
Mem:          3.8G       3.7G       133M       5.7M        22M       3.2G

MemTotal:        4016004 kB
MemFree:          136532 kB
Active:           315992 kB
Mem:          3.8G       3.7G       133M       5.7M        22M       3.2G

MemTotal:        4016004 kB
MemFree:          136408 kB
Active:           315964 kB
Mem:          3.8G       3.7G       133M       5.7M        22M       3.2G

MemTotal:        4016004 kB
MemFree:          136408 kB
Active:           315972 kB
Mem:          3.8G       3.7G       133M       5.7M        22M       3.2G

MemTotal:        4016004 kB
MemFree:          136408 kB
Active:           315996 kB
Mem:          3.8G       3.7G       133M       5.7M        22M       3.2G

MemTotal:        4016004 kB
MemFree:          136284 kB
Active:           315996 kB
Mem:          3.8G       3.7G       133M       5.7M        22M       3.2G

MemTotal:        4016004 kB
MemFree:          136408 kB
Active:           316000 kB
Mem:          3.8G       3.7G       133M       5.7M        22M       3.2G

MemTotal:        4016004 kB
MemFree:          136532 kB
Active:           315996 kB
Mem:          3.8G       3.7G       133M       5.7M        22M       3.2G

MemTotal:        4016004 kB
MemFree:          136408 kB
Active:           315992 kB
Mem:          3.8G       3.7G       133M       5.7M        22M       3.2G

MemTotal:        4016004 kB
MemFree:          136408 kB
Active:           315996 kB
Mem:          3.8G       3.7G       133M       5.7M        22M       3.2G

MemTotal:        4016004 kB
MemFree:          136408 kB
Active:           315996 kB
Mem:          3.8G       3.7G       133M       5.7M        22M       3.2G

MemTotal:        4016004 kB
MemFree:          136284 kB
Active:           316044 kB
Mem:          3.8G       3.7G       133M       5.7M        22M       3.2G

MemTotal:        4016004 kB
MemFree:          136656 kB
Active:           316032 kB
Mem:          3.8G       3.7G       133M       5.7M        22M       3.2G

MemTotal:        4016004 kB
MemFree:          137028 kB
Active:           316036 kB
Mem:          3.8G       3.7G       133M       5.7M        22M       3.2G

MemTotal:        4016004 kB
MemFree:          136780 kB
Active:           316028 kB
Mem:          3.8G       3.7G       133M       5.7M        22M       3.2G

MemTotal:        4016004 kB
MemFree:          136656 kB
Active:           316024 kB
Mem:          3.8G       3.7G       133M       5.7M        22M       3.2G

MemTotal:        4016004 kB
MemFree:          136656 kB
Active:           316028 kB
Mem:          3.8G       3.7G       133M       5.7M        22M       3.2G

MemTotal:        4016004 kB
MemFree:          136532 kB
Active:           316008 kB
Mem:          3.8G       3.7G       133M       5.7M        22M       3.2G

MemTotal:        4016004 kB
MemFree:          136532 kB
Active:           316004 kB
Mem:          3.8G       3.7G       133M       5.7M        22M       3.2G

MemTotal:        4016004 kB
MemFree:          136532 kB
Active:           316024 kB
Mem:          3.8G       3.7G       133M       5.7M        22M       3.2G

MemTotal:        4016004 kB
MemFree:          136656 kB
Active:           316044 kB
Mem:          3.8G       3.7G       133M       5.7M        22M       3.2G

MemTotal:        4016004 kB
MemFree:          136532 kB
Active:           316052 kB
Mem:          3.8G       3.7G       133M       5.7M        22M       3.2G

MemTotal:        4016004 kB
MemFree:          136532 kB
Active:           316052 kB
Mem:          3.8G       3.7G       133M       5.7M        22M       3.2G

MemTotal:        4016004 kB
MemFree:          136656 kB
Active:           316060 kB
Mem:          3.8G       3.7G       133M       5.7M        22M       3.2G

MemTotal:        4016004 kB
MemFree:          136780 kB
Active:           316040 kB
Mem:          3.8G       3.7G       133M       5.7M        22M       3.2G

MemTotal:        4016004 kB
MemFree:          136780 kB
Active:           316064 kB
Mem:          3.8G       3.7G       133M       5.7M        22M       3.2G

MemTotal:        4016004 kB
MemFree:          136656 kB
Active:           316056 kB
Mem:          3.8G       3.7G       133M       5.7M        22M       3.2G

MemTotal:        4016004 kB
MemFree:          136532 kB
Active:           316040 kB
Mem:          3.8G       3.7G       133M       5.7M        22M       3.2G

MemTotal:        4016004 kB
MemFree:          136904 kB
Active:           316024 kB
Mem:          3.8G       3.7G       133M       5.7M        22M       3.2G

MemTotal:        4016004 kB
MemFree:          136904 kB
Active:           316064 kB
Mem:          3.8G       3.7G       133M       5.7M        22M       3.2G

MemTotal:        4016004 kB
MemFree:          134236 kB
Active:           316024 kB
Mem:          3.8G       3.7G       131M       5.7M        22M       3.2G

MemTotal:        4016004 kB
MemFree:          134484 kB
Active:           318080 kB
Mem:          3.8G       3.7G       131M       5.7M        22M       3.2G

MemTotal:        4016004 kB
MemFree:          134300 kB
Active:           318076 kB
Mem:          3.8G       3.7G       131M       5.7M        22M       3.2G

MemTotal:        4016004 kB
MemFree:          133928 kB
Active:           318100 kB
Mem:          3.8G       3.7G       130M       5.7M        22M       3.2G

MemTotal:        4016004 kB
MemFree:          134176 kB
Active:           318052 kB
Mem:          3.8G       3.7G       131M       5.7M        22M       3.2G

MemTotal:        4016004 kB
MemFree:          134672 kB
Active:           318092 kB
Mem:          3.8G       3.7G       131M       5.7M        22M       3.2G

MemTotal:        4016004 kB
MemFree:          134548 kB
Active:           318104 kB
Mem:          3.8G       3.7G       131M       5.7M        22M       3.2G

MemTotal:        4016004 kB
MemFree:          134176 kB
Active:           318108 kB
Mem:          3.8G       3.7G       131M       5.7M        22M       3.2G

MemTotal:        4016004 kB
MemFree:          134548 kB
Active:           318096 kB
Mem:          3.8G       3.7G       131M       5.7M        22M       3.2G

MemTotal:        4016004 kB
MemFree:          132384 kB
Active:           318056 kB
Mem:          3.8G       3.7G       129M       5.7M        22M       3.2G

MemTotal:        4016004 kB
MemFree:          132384 kB
Active:           318056 kB
Mem:          3.8G       3.7G       129M       5.7M        22M       3.2G

MemTotal:        4016004 kB
MemFree:          132384 kB
Active:           320116 kB
Mem:          3.8G       3.7G       129M       5.7M        22M       3.2G

MemTotal:        4016004 kB
MemFree:          132260 kB
Active:           320132 kB
Mem:          3.8G       3.7G       128M       5.7M        22M       3.2G

MemTotal:        4016004 kB
MemFree:          131764 kB
Active:           320084 kB
Mem:          3.8G       3.7G       128M       5.7M        22M       3.2G

MemTotal:        4016004 kB
MemFree:          131764 kB
Active:           320100 kB
Mem:          3.8G       3.7G       128M       5.7M        22M       3.2G

MemTotal:        4016004 kB
MemFree:          131764 kB
Active:           320084 kB
Mem:          3.8G       3.7G       128M       5.7M        22M       3.2G

MemTotal:        4016004 kB
MemFree:          132136 kB
Active:           320132 kB
Mem:          3.8G       3.7G       129M       5.7M        22M       3.2G

MemTotal:        4016004 kB
MemFree:          132136 kB
Active:           320096 kB
Mem:          3.8G       3.7G       129M       5.7M        22M       3.2G

MemTotal:        4016004 kB
MemFree:          132136 kB
Active:           320124 kB
Mem:          3.8G       3.7G       129M       5.7M        22M       3.2G

MemTotal:        4016004 kB
MemFree:          131700 kB
Active:           318272 kB
Mem:          3.8G       3.7G       128M       5.7M        22M       3.2G

MemTotal:        4016004 kB
MemFree:          131824 kB
Active:           320116 kB
Mem:          3.8G       3.7G       128M       5.7M        22M       3.2G

MemTotal:        4016004 kB
MemFree:          132444 kB
Active:           320128 kB
Mem:          3.8G       3.7G       129M       5.7M        22M       3.2G

MemTotal:        4016004 kB
MemFree:          132444 kB
Active:           320132 kB
Mem:          3.8G       3.7G       129M       5.7M        22M       3.2G

MemTotal:        4016004 kB
MemFree:          132568 kB
Active:           320136 kB
Mem:          3.8G       3.7G       129M       5.7M        22M       3.2G

MemTotal:        4016004 kB
MemFree:          132568 kB
Active:           320136 kB
Mem:          3.8G       3.7G       129M       5.7M        22M       3.2G

MemTotal:        4016004 kB
MemFree:          132444 kB
Active:           320148 kB
Mem:          3.8G       3.7G       129M       5.7M        22M       3.2G

MemTotal:        4016004 kB
MemFree:          132196 kB
Active:           320180 kB
Mem:          3.8G       3.7G       129M       5.7M        22M       3.2G

MemTotal:        4016004 kB
MemFree:          132320 kB
Active:           320152 kB
Mem:          3.8G       3.7G       129M       5.7M        22M       3.2G

MemTotal:        4016004 kB
MemFree:          132320 kB
Active:           320152 kB
Mem:          3.8G       3.7G       129M       5.7M        22M       3.2G

MemTotal:        4016004 kB
MemFree:          132072 kB
Active:           320180 kB
Mem:          3.8G       3.7G       128M       5.7M        22M       3.2G

MemTotal:        4016004 kB
MemFree:          131700 kB
Active:           320196 kB
Mem:          3.8G       3.7G       128M       5.7M        22M       3.2G

MemTotal:        4016004 kB
MemFree:          132072 kB
Active:           320172 kB
Mem:          3.8G       3.7G       128M       5.7M        22M       3.2G

MemTotal:        4016004 kB
MemFree:          132444 kB
Active:           320152 kB
Mem:          3.8G       3.7G       129M       5.7M        22M       3.2G

MemTotal:        4016004 kB
MemFree:          132072 kB
Active:           320196 kB
Mem:          3.8G       3.7G       129M       5.7M        22M       3.2G

MemTotal:        4016004 kB
MemFree:          132568 kB
Active:           320148 kB
Mem:          3.8G       3.7G       129M       5.7M        22M       3.2G

MemTotal:        4016004 kB
MemFree:          132568 kB
Active:           320192 kB
Mem:          3.8G       3.7G       129M       5.7M        22M       3.2G

MemTotal:        4016004 kB
MemFree:          132568 kB
Active:           320196 kB
Mem:          3.8G       3.7G       129M       5.7M        22M       3.2G

MemTotal:        4016004 kB
MemFree:          132196 kB
Active:           320224 kB
Mem:          3.8G       3.7G       129M       5.7M        22M       3.2G

MemTotal:        4016004 kB
MemFree:          132072 kB
Active:           320224 kB
Mem:          3.8G       3.7G       129M       5.7M        22M       3.2G

MemTotal:        4016004 kB
MemFree:          132444 kB
Active:           320172 kB
Mem:          3.8G       3.7G       129M       5.7M        22M       3.2G

MemTotal:        4016004 kB
MemFree:          131948 kB
Active:           320228 kB
Mem:          3.8G       3.7G       129M       5.7M        22M       3.2G

MemTotal:        4016004 kB
MemFree:          131948 kB
Active:           320232 kB
Mem:          3.8G       3.7G       129M       5.7M        22M       3.2G

MemTotal:        4016004 kB
MemFree:          132320 kB
Active:           320180 kB
Mem:          3.8G       3.7G       129M       5.7M        22M       3.2G

MemTotal:        4016004 kB
MemFree:          132444 kB
Active:           320204 kB
Mem:          3.8G       3.7G       129M       5.7M        22M       3.2G

MemTotal:        4016004 kB
MemFree:          132320 kB
Active:           320204 kB
Mem:          3.8G       3.7G       129M       5.7M        22M       3.2G

MemTotal:        4016004 kB
MemFree:          132196 kB
Active:           320216 kB
Mem:          3.8G       3.7G       129M       5.7M        22M       3.2G

MemTotal:        4016004 kB
MemFree:          132320 kB
Active:           320232 kB
Mem:          3.8G       3.7G       128M       5.7M        22M       3.2G

MemTotal:        4016004 kB
MemFree:          132196 kB
Active:           320200 kB
Mem:          3.8G       3.7G       129M       5.7M        22M       3.2G

MemTotal:        4016004 kB
MemFree:          131948 kB
Active:           320232 kB
Mem:          3.8G       3.7G       128M       5.7M        22M       3.2G

MemTotal:        4016004 kB
MemFree:          132196 kB
Active:           320192 kB
Mem:          3.8G       3.7G       128M       5.7M        22M       3.2G

MemTotal:        4016004 kB
MemFree:          132444 kB
Active:           320200 kB
Mem:          3.8G       3.7G       129M       5.7M        22M       3.2G

MemTotal:        4016004 kB
MemFree:          132072 kB
Active:           320256 kB
Mem:          3.8G       3.7G       129M       5.7M        22M       3.2G

MemTotal:        4016004 kB
MemFree:          132072 kB
Active:           320244 kB
Mem:          3.8G       3.7G       129M       5.7M        22M       3.2G

MemTotal:        4016004 kB
MemFree:          132196 kB
Active:           320248 kB
Mem:          3.8G       3.7G       128M       5.7M        22M       3.2G

MemTotal:        4016004 kB
MemFree:          132196 kB
Active:           320200 kB
Mem:          3.8G       3.7G       129M       5.7M        22M       3.2G

MemTotal:        4016004 kB
MemFree:          132072 kB
Active:           320256 kB
Mem:          3.8G       3.7G       128M       5.7M        22M       3.2G

MemTotal:        4016004 kB
MemFree:          132196 kB
Active:           320204 kB
Mem:          3.8G       3.7G       128M       5.7M        22M       3.2G

MemTotal:        4016004 kB
MemFree:          132196 kB
Active:           320212 kB
Mem:          3.8G       3.7G       128M       5.7M        22M       3.2G

MemTotal:        4016004 kB
MemFree:          132568 kB
Active:           320224 kB
Mem:          3.8G       3.7G       129M       5.7M        22M       3.2G

MemTotal:        4016004 kB
MemFree:          132100 kB
Active:           318368 kB
Mem:          3.8G       3.7G       129M       5.7M        22M       3.2G

MemTotal:        4016004 kB
MemFree:          132132 kB
Active:           318204 kB
Mem:          3.8G       3.7G       129M       5.7M        22M       3.2G

MemTotal:        4016004 kB
MemFree:          132256 kB
Active:           320256 kB
Mem:          3.8G       3.7G       128M       5.7M        22M       3.2G

MemTotal:        4016004 kB
MemFree:          132256 kB
Active:           320260 kB
Mem:          3.8G       3.7G       129M       5.7M        22M       3.2G

MemTotal:        4016004 kB
MemFree:          132132 kB
Active:           320288 kB
Mem:          3.8G       3.7G       128M       5.7M        22M       3.2G

MemTotal:        4016004 kB
MemFree:          132008 kB
Active:           320300 kB
Mem:          3.8G       3.7G       129M       5.7M        22M       3.2G

MemTotal:        4016004 kB
MemFree:          131884 kB
Active:           320324 kB
Mem:          3.8G       3.7G       128M       5.7M        22M       3.2G

MemTotal:        4016004 kB
MemFree:          131884 kB
Active:           320300 kB
Mem:          3.8G       3.7G       128M       5.7M        22M       3.2G

MemTotal:        4016004 kB
MemFree:          131760 kB
Active:           320316 kB
Mem:          3.8G       3.7G       128M       5.7M        22M       3.2G

MemTotal:        4016004 kB
MemFree:          131884 kB
Active:           320280 kB
Mem:          3.8G       3.7G       128M       5.7M        22M       3.2G

MemTotal:        4016004 kB
MemFree:          131512 kB
Active:           320324 kB
Mem:          3.8G       3.7G       128M       5.7M        22M       3.2G

MemTotal:        4016004 kB
MemFree:          131884 kB
Active:           320276 kB
Mem:          3.8G       3.7G       128M       5.7M        22M       3.2G

MemTotal:        4016004 kB
MemFree:          131884 kB
Active:           320296 kB
Mem:          3.8G       3.7G       129M       5.7M        22M       3.2G

MemTotal:        4016004 kB
MemFree:          132132 kB
Active:           320316 kB
Mem:          3.8G       3.7G       129M       5.7M        22M       3.2G

MemTotal:        4016004 kB
MemFree:          132132 kB
Active:           320324 kB
Mem:          3.8G       3.7G       129M       5.7M        22M       3.2G

MemTotal:        4016004 kB
MemFree:          132380 kB
Active:           320332 kB
Mem:          3.8G       3.7G       129M       5.7M        22M       3.2G

MemTotal:        4016004 kB
MemFree:          132380 kB
Active:           320336 kB
Mem:          3.8G       3.7G       129M       5.7M        22M       3.2G

MemTotal:        4016004 kB
MemFree:          132132 kB
Active:           320304 kB
Mem:          3.8G       3.7G       128M       5.7M        22M       3.2G

MemTotal:        4016004 kB
MemFree:          132132 kB
Active:           320308 kB
Mem:          3.8G       3.7G       128M       5.7M        22M       3.2G

MemTotal:        4016004 kB
MemFree:          131760 kB
Active:           320340 kB
Mem:          3.8G       3.7G       128M       5.7M        22M       3.2G

MemTotal:        4016004 kB
MemFree:          132256 kB
Active:           320328 kB
Mem:          3.8G       3.7G       129M       5.7M        22M       3.2G

MemTotal:        4016004 kB
MemFree:          132256 kB
Active:           320340 kB
Mem:          3.8G       3.7G       129M       5.7M        22M       3.2G

MemTotal:        4016004 kB
MemFree:          131884 kB
Active:           320344 kB
Mem:          3.8G       3.7G       128M       5.7M        22M       3.2G

MemTotal:        4016004 kB
MemFree:          132132 kB
Active:           320292 kB
Mem:          3.8G       3.7G       128M       5.7M        22M       3.2G

MemTotal:        4016004 kB
MemFree:          132132 kB
Active:           320300 kB
Mem:          3.8G       3.7G       129M       5.7M        22M       3.2G

MemTotal:        4016004 kB
MemFree:          132132 kB
Active:           320300 kB
Mem:          3.8G       3.7G       129M       5.7M        22M       3.2G

MemTotal:        4016004 kB
MemFree:          131776 kB
Active:           320352 kB
Mem:          3.8G       3.7G       129M       5.7M        22M       3.2G

MemTotal:        4016004 kB
MemFree:          132024 kB
Active:           320360 kB
Mem:          3.8G       3.7G       129M       5.7M        22M       3.2G

MemTotal:        4016004 kB
MemFree:          132396 kB
Active:           320340 kB
Mem:          3.8G       3.7G       129M       5.7M        22M       3.2G

MemTotal:        4016004 kB
MemFree:          132396 kB
Active:           320356 kB
Mem:          3.8G       3.7G       129M       5.7M        22M       3.2G

MemTotal:        4016004 kB
MemFree:          131900 kB
Active:           320364 kB
Mem:          3.8G       3.7G       128M       5.7M        22M       3.2G

MemTotal:        4016004 kB
MemFree:          132024 kB
Active:           320348 kB
Mem:          3.8G       3.7G       128M       5.7M        23M       3.2G

MemTotal:        4016004 kB
MemFree:          132024 kB
Active:           320364 kB
Mem:          3.8G       3.7G       128M       5.7M        23M       3.2G

MemTotal:        4016004 kB
MemFree:          132024 kB
Active:           320380 kB
Mem:          3.8G       3.7G       129M       5.7M        23M       3.2G

MemTotal:        4016004 kB
MemFree:          132272 kB
Active:           320328 kB
Mem:          3.8G       3.7G       129M       5.7M        23M       3.2G

MemTotal:        4016004 kB
MemFree:          132272 kB
Active:           320368 kB
Mem:          3.8G       3.7G       128M       5.7M        23M       3.2G

MemTotal:        4016004 kB
MemFree:          132148 kB
Active:           320380 kB
Mem:          3.8G       3.7G       129M       5.7M        23M       3.2G

MemTotal:        4016004 kB
MemFree:          132272 kB
Active:           320344 kB
Mem:          3.8G       3.7G       129M       5.7M        23M       3.2G

MemTotal:        4016004 kB
MemFree:          132148 kB
Active:           320364 kB
Mem:          3.8G       3.7G       128M       5.7M        23M       3.2G

MemTotal:        4016004 kB
MemFree:          132520 kB
Active:           320372 kB
Mem:          3.8G       3.7G       129M       5.7M        23M       3.2G

MemTotal:        4016004 kB
MemFree:          132644 kB
Active:           320384 kB
Mem:          3.8G       3.7G       129M       5.7M        23M       3.2G

MemTotal:        4016004 kB
MemFree:          132520 kB
Active:           320380 kB
Mem:          3.8G       3.7G       129M       5.7M        23M       3.2G

MemTotal:        4016004 kB
MemFree:          132520 kB
Active:           320352 kB
Mem:          3.8G       3.7G       129M       5.7M        23M       3.2G

MemTotal:        4016004 kB
MemFree:          132644 kB
Active:           320396 kB
Mem:          3.8G       3.7G       129M       5.7M        23M       3.2G

MemTotal:        4016004 kB
MemFree:          132520 kB
Active:           320348 kB
Mem:          3.8G       3.7G       129M       5.7M        23M       3.2G

MemTotal:        4016004 kB
MemFree:          132380 kB
Active:           320344 kB
Mem:          3.8G       3.7G       129M       5.7M        23M       3.2G

MemTotal:        4016004 kB
MemFree:          132380 kB
Active:           320376 kB
Mem:          3.8G       3.7G       129M       5.7M        23M       3.2G

MemTotal:        4016004 kB
MemFree:          132380 kB
Active:           320380 kB
Mem:          3.8G       3.7G       129M       5.7M        23M       3.2G

MemTotal:        4016004 kB
MemFree:          132380 kB
Active:           320360 kB
Mem:          3.8G       3.7G       129M       5.7M        23M       3.2G

MemTotal:        4016004 kB
MemFree:          132504 kB
Active:           320376 kB
Mem:          3.8G       3.7G       129M       5.7M        23M       3.2G

MemTotal:        4016004 kB
MemFree:          132504 kB
Active:           320384 kB
Mem:          3.8G       3.7G       129M       5.7M        23M       3.2G

MemTotal:        4016004 kB
MemFree:          132504 kB
Active:           320368 kB
Mem:          3.8G       3.7G       129M       5.7M        23M       3.2G

MemTotal:        4016004 kB
MemFree:          132504 kB
Active:           320380 kB
Mem:          3.8G       3.7G       129M       5.7M        23M       3.2G

MemTotal:        4016004 kB
MemFree:          132008 kB
Active:           320420 kB
Mem:          3.8G       3.7G       129M       5.7M        23M       3.2G

MemTotal:        4016004 kB
MemFree:          132380 kB
Active:           320380 kB
Mem:          3.8G       3.7G       129M       5.7M        23M       3.2G

MemTotal:        4016004 kB
MemFree:          132628 kB
Active:           320456 kB
Mem:          3.8G       3.7G       129M       5.7M        23M       3.2G

MemTotal:        4016004 kB
MemFree:          132504 kB
Active:           320412 kB
Mem:          3.8G       3.7G       129M       5.7M        23M       3.2G

MemTotal:        4016004 kB
MemFree:          132256 kB
Active:           320708 kB
Mem:          3.8G       3.7G       128M       5.7M        23M       3.2G

MemTotal:        4016004 kB
MemFree:          131992 kB
Active:           320468 kB
Mem:          3.8G       3.7G       128M       5.7M        23M       3.2G

MemTotal:        4016004 kB
MemFree:          131992 kB
Active:           320476 kB
Mem:          3.8G       3.7G       128M       5.7M        23M       3.2G

MemTotal:        4016004 kB
MemFree:          131496 kB
Active:           320480 kB
Mem:          3.8G       3.7G       128M       5.7M        23M       3.2G

MemTotal:        4016004 kB
MemFree:          131728 kB
Active:           320432 kB
Mem:          3.8G       3.7G       128M       5.7M        23M       3.2G

MemTotal:        4016004 kB
MemFree:          131372 kB
Active:           320480 kB
Mem:          3.8G       3.7G       128M       5.7M        23M       3.2G

