MemTotal:        4016004 kB
MemFree:         3245320 kB
Active:           413316 kB
Mem:          3.8G       752M       3.1G       5.7M        62M       314M

MemTotal:        4016004 kB
MemFree:         3245536 kB
Active:           413100 kB
Mem:          3.8G       752M       3.1G       5.7M        62M       314M

MemTotal:        4016004 kB
MemFree:         3245768 kB
Active:           413160 kB
Mem:          3.8G       752M       3.1G       5.7M        62M       314M

MemTotal:        4016004 kB
MemFree:         3245504 kB
Active:           413172 kB
Mem:          3.8G       752M       3.1G       5.7M        62M       314M

MemTotal:        4016004 kB
MemFree:         3245256 kB
Active:           413176 kB
Mem:          3.8G       752M       3.1G       5.7M        62M       314M

MemTotal:        4016004 kB
MemFree:         3245364 kB
Active:           413176 kB
Mem:          3.8G       752M       3.1G       5.7M        62M       314M

MemTotal:        4016004 kB
MemFree:         3245656 kB
Active:           413124 kB
Mem:          3.8G       752M       3.1G       5.7M        62M       314M

MemTotal:        4016004 kB
MemFree:         3245160 kB
Active:           413184 kB
Mem:          3.8G       752M       3.1G       5.7M        62M       314M

MemTotal:        4016004 kB
MemFree:         3245160 kB
Active:           413184 kB
Mem:          3.8G       752M       3.1G       5.7M        62M       314M

MemTotal:        4016004 kB
MemFree:         3245548 kB
Active:           413156 kB
Mem:          3.8G       752M       3.1G       5.7M        62M       314M

MemTotal:        4016004 kB
MemFree:         3246044 kB
Active:           413172 kB
Mem:          3.8G       752M       3.1G       5.7M        62M       314M

MemTotal:        4016004 kB
MemFree:         3246044 kB
Active:           413140 kB
Mem:          3.8G       752M       3.1G       5.7M        62M       314M

MemTotal:        4016004 kB
MemFree:         3246044 kB
Active:           413160 kB
Mem:          3.8G       751M       3.1G       5.7M        62M       314M

MemTotal:        4016004 kB
MemFree:         3246044 kB
Active:           413180 kB
Mem:          3.8G       751M       3.1G       5.7M        62M       314M

MemTotal:        4016004 kB
MemFree:         3245920 kB
Active:           413144 kB
Mem:          3.8G       752M       3.1G       5.7M        62M       314M

MemTotal:        4016004 kB
MemFree:         3245952 kB
Active:           413192 kB
Mem:          3.8G       751M       3.1G       5.7M        62M       314M

MemTotal:        4016004 kB
MemFree:         3243984 kB
Active:           413156 kB
Mem:          3.8G       753M       3.1G       5.7M        62M       314M

MemTotal:        4016004 kB
MemFree:         3244232 kB
Active:           415208 kB
Mem:          3.8G       753M       3.1G       5.7M        62M       314M

MemTotal:        4016004 kB
MemFree:         3243860 kB
Active:           415216 kB
Mem:          3.8G       754M       3.1G       5.7M        62M       314M

MemTotal:        4016004 kB
MemFree:         3244108 kB
Active:           415212 kB
Mem:          3.8G       754M       3.1G       5.7M        62M       314M

MemTotal:        4016004 kB
MemFree:         3243968 kB
Active:           415216 kB
Mem:          3.8G       754M       3.1G       5.7M        62M       314M

MemTotal:        4016004 kB
MemFree:         3243952 kB
Active:           415168 kB
Mem:          3.8G       754M       3.1G       5.7M        62M       314M

MemTotal:        4016004 kB
MemFree:         3243812 kB
Active:           415176 kB
Mem:          3.8G       754M       3.1G       5.7M        62M       314M

MemTotal:        4016004 kB
MemFree:         3243688 kB
Active:           415172 kB
Mem:          3.8G       754M       3.1G       5.7M        62M       314M

MemTotal:        4016004 kB
MemFree:         3243440 kB
Active:           415224 kB
Mem:          3.8G       754M       3.1G       5.7M        62M       314M

MemTotal:        4016004 kB
MemFree:         3243688 kB
Active:           415172 kB
Mem:          3.8G       754M       3.1G       5.7M        62M       314M

MemTotal:        4016004 kB
MemFree:         3242828 kB
Active:           413328 kB
Mem:          3.8G       755M       3.1G       5.7M        62M       314M

MemTotal:        4016004 kB
MemFree:         3243500 kB
Active:           415180 kB
Mem:          3.8G       754M       3.1G       5.7M        62M       314M

MemTotal:        4016004 kB
MemFree:         3244120 kB
Active:           415192 kB
Mem:          3.8G       753M       3.1G       5.7M        62M       314M

MemTotal:        4016004 kB
MemFree:         3243796 kB
Active:           415240 kB
Mem:          3.8G       753M       3.1G       5.7M        62M       314M

MemTotal:        4016004 kB
MemFree:         3244044 kB
Active:           415188 kB
Mem:          3.8G       753M       3.1G       5.7M        62M       314M

MemTotal:        4016004 kB
MemFree:         3243672 kB
Active:           415240 kB
Mem:          3.8G       754M       3.1G       5.7M        62M       314M

MemTotal:        4016004 kB
MemFree:         3244044 kB
Active:           415232 kB
Mem:          3.8G       753M       3.1G       5.7M        62M       314M

MemTotal:        4016004 kB
MemFree:         3244168 kB
Active:           415228 kB
Mem:          3.8G       753M       3.1G       5.7M        62M       314M

MemTotal:        4016004 kB
MemFree:         3244136 kB
Active:           415208 kB
Mem:          3.8G       753M       3.1G       5.7M        62M       314M

MemTotal:        4016004 kB
MemFree:         3243732 kB
Active:           415264 kB
Mem:          3.8G       754M       3.1G       5.7M        62M       314M

MemTotal:        4016004 kB
MemFree:         3242056 kB
Active:           415244 kB
Mem:          3.8G       755M       3.1G       5.7M        62M       314M

MemTotal:        4016004 kB
MemFree:         3242056 kB
Active:           417244 kB
Mem:          3.8G       755M       3.1G       5.7M        62M       314M

MemTotal:        4016004 kB
MemFree:         3242180 kB
Active:           417276 kB
Mem:          3.8G       755M       3.1G       5.7M        62M       314M

MemTotal:        4016004 kB
MemFree:         3242180 kB
Active:           417288 kB
Mem:          3.8G       755M       3.1G       5.7M        62M       314M

MemTotal:        4016004 kB
MemFree:         3241932 kB
Active:           417264 kB
Mem:          3.8G       755M       3.1G       5.7M        62M       314M

MemTotal:        4016004 kB
MemFree:         3242056 kB
Active:           417292 kB
Mem:          3.8G       755M       3.1G       5.7M        62M       314M

MemTotal:        4016004 kB
MemFree:         3241916 kB
Active:           417292 kB
Mem:          3.8G       756M       3.1G       5.7M        62M       314M

MemTotal:        4016004 kB
MemFree:         3241404 kB
Active:           417320 kB
Mem:          3.8G       756M       3.1G       5.7M        62M       314M

MemTotal:        4016004 kB
MemFree:         3241280 kB
Active:           417312 kB
Mem:          3.8G       756M       3.1G       5.7M        62M       314M

MemTotal:        4016004 kB
MemFree:         3241512 kB
Active:           417312 kB
Mem:          3.8G       756M       3.1G       5.7M        62M       314M

MemTotal:        4016004 kB
MemFree:         3241248 kB
Active:           417300 kB
Mem:          3.8G       756M       3.1G       5.7M        62M       314M

MemTotal:        4016004 kB
MemFree:         3241356 kB
Active:           417272 kB
Mem:          3.8G       756M       3.1G       5.7M        62M       314M

MemTotal:        4016004 kB
MemFree:         3241464 kB
Active:           417292 kB
Mem:          3.8G       756M       3.1G       5.7M        62M       314M

MemTotal:        4016004 kB
MemFree:         3241200 kB
Active:           417284 kB
Mem:          3.8G       756M       3.1G       5.7M        62M       314M

MemTotal:        4016004 kB
MemFree:         3241680 kB
Active:           417292 kB
Mem:          3.8G       756M       3.1G       5.7M        62M       314M

MemTotal:        4016004 kB
MemFree:         3241760 kB
Active:           417280 kB
Mem:          3.8G       756M       3.1G       5.7M        62M       314M

MemTotal:        4016004 kB
MemFree:         3241636 kB
Active:           417324 kB
Mem:          3.8G       756M       3.1G       5.7M        62M       314M

MemTotal:        4016004 kB
MemFree:         3241388 kB
Active:           417348 kB
Mem:          3.8G       756M       3.1G       5.7M        62M       314M

MemTotal:        4016004 kB
MemFree:         3241264 kB
Active:           417348 kB
Mem:          3.8G       756M       3.1G       5.7M        62M       314M

MemTotal:        4016004 kB
MemFree:         3241760 kB
Active:           417340 kB
Mem:          3.8G       756M       3.1G       5.7M        62M       314M

MemTotal:        4016004 kB
MemFree:         3240672 kB
Active:           415624 kB
Mem:          3.8G       757M       3.1G       5.7M        62M       314M

MemTotal:        4016004 kB
MemFree:         3241076 kB
Active:           417556 kB
Mem:          3.8G       756M       3.1G       5.7M        62M       314M

MemTotal:        4016004 kB
MemFree:         3241572 kB
Active:           417560 kB
Mem:          3.8G       756M       3.1G       5.7M        62M       314M

MemTotal:        4016004 kB
MemFree:         3241556 kB
Active:           417548 kB
Mem:          3.8G       756M       3.1G       5.7M        62M       314M

MemTotal:        4016004 kB
MemFree:         3241044 kB
Active:           417748 kB
Mem:          3.8G       756M       3.1G       5.7M        62M       314M

MemTotal:        4016004 kB
MemFree:         3125976 kB
Active:           418136 kB
Mem:          3.8G       869M       3.0G       5.7M        62M       425M

MemTotal:        4016004 kB
MemFree:         3013608 kB
Active:           418136 kB
Mem:          3.8G       979M       2.9G       5.7M        62M       533M

MemTotal:        4016004 kB
MemFree:         2893568 kB
Active:           418144 kB
Mem:          3.8G       1.1G       2.8G       5.7M        62M       649M

MemTotal:        4016004 kB
MemFree:         2885392 kB
Active:           418144 kB
Mem:          3.8G       1.1G       2.8G       5.7M        62M       656M

MemTotal:        4016004 kB
MemFree:         2825640 kB
Active:           418144 kB
Mem:          3.8G       1.1G       2.7G       5.7M        62M       714M

MemTotal:        4016004 kB
MemFree:         2784472 kB
Active:           418168 kB
Mem:          3.8G       1.2G       2.7G       5.7M        62M       753M

MemTotal:        4016004 kB
MemFree:         2783124 kB
Active:           418172 kB
Mem:          3.8G       1.2G       2.7G       5.7M        62M       754M

MemTotal:        4016004 kB
MemFree:         2782940 kB
Active:           418172 kB
Mem:          3.8G       1.2G       2.7G       5.7M        62M       754M

MemTotal:        4016004 kB
MemFree:         2783040 kB
Active:           418184 kB
Mem:          3.8G       1.2G       2.7G       5.7M        62M       754M

MemTotal:        4016004 kB
MemFree:         2779432 kB
Active:           418184 kB
Mem:          3.8G       1.2G       2.7G       5.7M        62M       758M

MemTotal:        4016004 kB
MemFree:         2671188 kB
Active:           418192 kB
Mem:          3.8G       1.3G       2.5G       5.7M        62M       862M

MemTotal:        4016004 kB
MemFree:         2548388 kB
Active:           418192 kB
Mem:          3.8G       1.4G       2.4G       5.7M        62M       980M

MemTotal:        4016004 kB
MemFree:         2430888 kB
Active:           418200 kB
Mem:          3.8G       1.5G       2.3G       5.7M        62M       1.1G

MemTotal:        4016004 kB
MemFree:         2429440 kB
Active:           418200 kB
Mem:          3.8G       1.5G       2.3G       5.7M        62M       1.1G

MemTotal:        4016004 kB
MemFree:         2332588 kB
Active:           418200 kB
Mem:          3.8G       1.6G       2.2G       5.7M        62M       1.2G

MemTotal:        4016004 kB
MemFree:         2304252 kB
Active:           418204 kB
Mem:          3.8G       1.6G       2.2G       5.7M        62M       1.2G

MemTotal:        4016004 kB
MemFree:         2232436 kB
Active:           418212 kB
Mem:          3.8G       1.7G       2.1G       5.7M        62M       1.3G

MemTotal:        4016004 kB
MemFree:         2231088 kB
Active:           418212 kB
Mem:          3.8G       1.7G       2.1G       5.7M        62M       1.3G

MemTotal:        4016004 kB
MemFree:         2132456 kB
Active:           418220 kB
Mem:          3.8G       1.8G       2.0G       5.7M        62M       1.3G

MemTotal:        4016004 kB
MemFree:         2129780 kB
Active:           418276 kB
Mem:          3.8G       1.8G       2.0G       5.7M        62M       1.4G

MemTotal:        4016004 kB
MemFree:         2128780 kB
Active:           418304 kB
Mem:          3.8G       1.8G       2.0G       5.7M        62M       1.4G

MemTotal:        4016004 kB
MemFree:         2127844 kB
Active:           418312 kB
Mem:          3.8G       1.8G       2.0G       5.7M        62M       1.4G

MemTotal:        4016004 kB
MemFree:         2126360 kB
Active:           418320 kB
Mem:          3.8G       1.8G       2.0G       5.7M        62M       1.4G

MemTotal:        4016004 kB
MemFree:         2082652 kB
Active:           418328 kB
Mem:          3.8G       1.8G       2.0G       5.7M        62M       1.4G

MemTotal:        4016004 kB
MemFree:         1965696 kB
Active:           418328 kB
Mem:          3.8G       2.0G       1.9G       5.7M        62M       1.5G

MemTotal:        4016004 kB
MemFree:         1830796 kB
Active:           418360 kB
Mem:          3.8G       2.1G       1.7G       5.7M        62M       1.6G

MemTotal:        4016004 kB
MemFree:         1777052 kB
Active:           418340 kB
Mem:          3.8G       2.1G       1.7G       5.7M        62M       1.7G

MemTotal:        4016004 kB
MemFree:         1737544 kB
Active:           418352 kB
Mem:          3.8G       2.2G       1.7G       5.7M        62M       1.7G

MemTotal:        4016004 kB
MemFree:         1677672 kB
Active:           418360 kB
Mem:          3.8G       2.2G       1.6G       5.7M        62M       1.8G

MemTotal:        4016004 kB
MemFree:         1646148 kB
Active:           418360 kB
Mem:          3.8G       2.3G       1.6G       5.7M        62M       1.8G

MemTotal:        4016004 kB
MemFree:         1577820 kB
Active:           418360 kB
Mem:          3.8G       2.3G       1.5G       5.7M        62M       1.9G

MemTotal:        4016004 kB
MemFree:         1543560 kB
Active:           418360 kB
Mem:          3.8G       2.4G       1.5G       5.7M        62M       1.9G

MemTotal:        4016004 kB
MemFree:         1477100 kB
Active:           418372 kB
Mem:          3.8G       2.4G       1.4G       5.7M        62M       2.0G

MemTotal:        4016004 kB
MemFree:         1476736 kB
Active:           418384 kB
Mem:          3.8G       2.4G       1.4G       5.7M        62M       2.0G

MemTotal:        4016004 kB
MemFree:         1476420 kB
Active:           418388 kB
Mem:          3.8G       2.4G       1.4G       5.7M        62M       2.0G

MemTotal:        4016004 kB
MemFree:         1476612 kB
Active:           418388 kB
Mem:          3.8G       2.4G       1.4G       5.7M        62M       2.0G

MemTotal:        4016004 kB
MemFree:         1473408 kB
Active:           418436 kB
Mem:          3.8G       2.4G       1.4G       5.7M        62M       2.0G

MemTotal:        4016004 kB
MemFree:         1359120 kB
Active:           418396 kB
Mem:          3.8G       2.5G       1.3G       5.7M        62M       2.1G

MemTotal:        4016004 kB
MemFree:         1231988 kB
Active:           418404 kB
Mem:          3.8G       2.7G       1.2G       5.7M        62M       2.2G

MemTotal:        4016004 kB
MemFree:         1125624 kB
Active:           418404 kB
Mem:          3.8G       2.8G       1.1G       5.7M        62M       2.3G

MemTotal:        4016004 kB
MemFree:         1124152 kB
Active:           418408 kB
Mem:          3.8G       2.8G       1.1G       5.7M        62M       2.3G

MemTotal:        4016004 kB
MemFree:         1028900 kB
Active:           418420 kB
Mem:          3.8G       2.8G       1.0G       5.7M        62M       2.4G

MemTotal:        4016004 kB
MemFree:         1022100 kB
Active:           418420 kB
Mem:          3.8G       2.9G       997M       5.7M        62M       2.4G

MemTotal:        4016004 kB
MemFree:          933048 kB
Active:           418436 kB
Mem:          3.8G       2.9G       910M       5.7M        62M       2.5G

MemTotal:        4016004 kB
MemFree:          828044 kB
Active:           418440 kB
Mem:          3.8G       3.0G       808M       5.7M        62M       2.6G

MemTotal:        4016004 kB
MemFree:          700904 kB
Active:           418440 kB
Mem:          3.8G       3.2G       684M       5.7M        62M       2.7G

MemTotal:        4016004 kB
MemFree:          569300 kB
Active:           418440 kB
Mem:          3.8G       3.3G       554M       5.7M        62M       2.8G

MemTotal:        4016004 kB
MemFree:          545644 kB
Active:           418452 kB
Mem:          3.8G       3.3G       532M       5.7M        62M       2.8G

MemTotal:        4016004 kB
MemFree:          544368 kB
Active:           418456 kB
Mem:          3.8G       3.3G       531M       5.7M        62M       2.8G

MemTotal:        4016004 kB
MemFree:          544156 kB
Active:           418468 kB
Mem:          3.8G       3.3G       531M       5.7M        62M       2.8G

MemTotal:        4016004 kB
MemFree:          544200 kB
Active:           418468 kB
Mem:          3.8G       3.3G       531M       5.7M        62M       2.8G

MemTotal:        4016004 kB
MemFree:          520712 kB
Active:           418488 kB
Mem:          3.8G       3.3G       507M       5.7M        62M       2.9G

MemTotal:        4016004 kB
MemFree:          510300 kB
Active:           418496 kB
Mem:          3.8G       3.3G       498M       5.7M        62M       2.9G

MemTotal:        4016004 kB
MemFree:          507908 kB
Active:           418512 kB
Mem:          3.8G       3.3G       495M       5.7M        62M       2.9G

MemTotal:        4016004 kB
MemFree:          507756 kB
Active:           418512 kB
Mem:          3.8G       3.3G       495M       5.7M        62M       2.9G

MemTotal:        4016004 kB
MemFree:          507612 kB
Active:           416652 kB
Mem:          3.8G       3.3G       495M       5.7M        62M       2.9G

MemTotal:        4016004 kB
MemFree:          493168 kB
Active:           418620 kB
Mem:          3.8G       3.4G       480M       5.7M        62M       2.9G

MemTotal:        4016004 kB
MemFree:          364200 kB
Active:           418624 kB
Mem:          3.8G       3.5G       354M       5.7M        62M       3.0G

MemTotal:        4016004 kB
MemFree:          251220 kB
Active:           418624 kB
Mem:          3.8G       3.6G       245M       5.7M        62M       3.1G

MemTotal:        4016004 kB
MemFree:          133784 kB
Active:           418636 kB
Mem:          3.8G       3.7G       129M       5.7M        62M       3.2G

MemTotal:        4016004 kB
MemFree:          127176 kB
Active:           416804 kB
Mem:          3.8G       3.7G       119M       5.7M        39M       3.3G

MemTotal:        4016004 kB
MemFree:          122572 kB
Active:           416880 kB
Mem:          3.8G       3.7G       119M       5.7M        39M       3.3G

MemTotal:        4016004 kB
MemFree:          138032 kB
Active:           479136 kB
Mem:          3.8G       3.7G       107M       5.7M        27M       3.3G

MemTotal:        4016004 kB
MemFree:          109944 kB
Active:           479288 kB
Mem:          3.8G       3.7G       107M       5.7M        27M       3.3G

MemTotal:        4016004 kB
MemFree:          139916 kB
Active:           474652 kB
Mem:          3.8G       3.7G       136M       5.7M        27M       3.3G

MemTotal:        4016004 kB
MemFree:          136952 kB
Active:           474704 kB
Mem:          3.8G       3.7G       133M       5.7M        27M       3.3G

MemTotal:        4016004 kB
MemFree:          135780 kB
Active:           474704 kB
Mem:          3.8G       3.7G       132M       5.7M        27M       3.3G

MemTotal:        4016004 kB
MemFree:          118764 kB
Active:           474704 kB
Mem:          3.8G       3.7G       115M       5.7M        27M       3.3G

MemTotal:        4016004 kB
MemFree:          136748 kB
Active:           460772 kB
Mem:          3.8G       3.7G       133M       5.7M        27M       3.3G

MemTotal:        4016004 kB
MemFree:          123052 kB
Active:           447352 kB
Mem:          3.8G       3.7G       119M       5.7M        27M       3.3G

MemTotal:        4016004 kB
MemFree:          142704 kB
Active:           436856 kB
Mem:          3.8G       3.7G       139M       5.7M        27M       3.3G

MemTotal:        4016004 kB
MemFree:          135224 kB
Active:           433016 kB
Mem:          3.8G       3.7G       131M       5.7M        27M       3.3G

MemTotal:        4016004 kB
MemFree:          134492 kB
Active:           430468 kB
Mem:          3.8G       3.7G       130M       5.7M        27M       3.3G

MemTotal:        4016004 kB
MemFree:          127112 kB
Active:           429828 kB
Mem:          3.8G       3.7G       123M       5.7M        27M       3.3G

MemTotal:        4016004 kB
MemFree:          140920 kB
Active:           428688 kB
Mem:          3.8G       3.7G       137M       5.7M        27M       3.3G

MemTotal:        4016004 kB
MemFree:          144872 kB
Active:           426648 kB
Mem:          3.8G       3.7G       141M       5.7M        27M       3.2G

MemTotal:        4016004 kB
MemFree:          144104 kB
Active:           426652 kB
Mem:          3.8G       3.7G       140M       5.7M        27M       3.2G

MemTotal:        4016004 kB
MemFree:          143048 kB
Active:           426664 kB
Mem:          3.8G       3.7G       139M       5.7M        27M       3.3G

MemTotal:        4016004 kB
MemFree:          142772 kB
Active:           426676 kB
Mem:          3.8G       3.7G       139M       5.7M        27M       3.3G

MemTotal:        4016004 kB
MemFree:          142316 kB
Active:           426680 kB
Mem:          3.8G       3.7G       138M       5.7M        27M       3.3G

MemTotal:        4016004 kB
MemFree:          142284 kB
Active:           424124 kB
Mem:          3.8G       3.7G       138M       5.7M        27M       3.3G

MemTotal:        4016004 kB
MemFree:          135388 kB
Active:           420284 kB
Mem:          3.8G       3.7G       131M       5.7M        27M       3.3G

MemTotal:        4016004 kB
MemFree:          135372 kB
Active:           414196 kB
Mem:          3.8G       3.7G       132M       5.7M        27M       3.3G

MemTotal:        4016004 kB
MemFree:          122660 kB
Active:           413556 kB
Mem:          3.8G       3.7G       119M       5.7M        27M       3.3G

MemTotal:        4016004 kB
MemFree:          111368 kB
Active:           411264 kB
Mem:          3.8G       3.7G       108M       5.7M        27M       3.3G

MemTotal:        4016004 kB
MemFree:          135936 kB
Active:           409984 kB
Mem:          3.8G       3.7G       132M       5.7M        27M       3.3G

MemTotal:        4016004 kB
MemFree:          121116 kB
Active:           408960 kB
Mem:          3.8G       3.7G       118M       5.7M        27M       3.3G

MemTotal:        4016004 kB
MemFree:          142588 kB
Active:           406656 kB
Mem:          3.8G       3.7G       138M       5.7M        27M       3.3G

MemTotal:        4016004 kB
MemFree:          136732 kB
Active:           405124 kB
Mem:          3.8G       3.7G       133M       5.7M        27M       3.3G

MemTotal:        4016004 kB
MemFree:          135548 kB
Active:           405032 kB
Mem:          3.8G       3.7G       132M       5.7M        27M       3.3G

MemTotal:        4016004 kB
MemFree:          135256 kB
Active:           405032 kB
Mem:          3.8G       3.7G       131M       5.7M        27M       3.3G

MemTotal:        4016004 kB
MemFree:          133864 kB
Active:           405036 kB
Mem:          3.8G       3.7G       130M       5.7M        27M       3.3G

MemTotal:        4016004 kB
MemFree:          130800 kB
Active:           405040 kB
Mem:          3.8G       3.7G       127M       5.7M        27M       3.3G

MemTotal:        4016004 kB
MemFree:          117808 kB
Active:           402608 kB
Mem:          3.8G       3.7G       114M       5.7M        27M       3.3G

MemTotal:        4016004 kB
MemFree:          126984 kB
Active:           396640 kB
Mem:          3.8G       3.7G       123M       5.7M        27M       3.3G

MemTotal:        4016004 kB
MemFree:          126616 kB
Active:           394976 kB
Mem:          3.8G       3.7G       123M       5.7M        27M       3.3G

MemTotal:        4016004 kB
MemFree:          129536 kB
Active:           391136 kB
Mem:          3.8G       3.7G       126M       5.7M        27M       3.3G

MemTotal:        4016004 kB
MemFree:          128444 kB
Active:           391136 kB
Mem:          3.8G       3.7G       125M       5.7M        27M       3.3G

MemTotal:        4016004 kB
MemFree:          126792 kB
Active:           388960 kB
Mem:          3.8G       3.7G       123M       5.7M        27M       3.3G

MemTotal:        4016004 kB
MemFree:          127296 kB
Active:           388324 kB
Mem:          3.8G       3.7G       124M       5.7M        27M       3.3G

MemTotal:        4016004 kB
MemFree:          126892 kB
Active:           388216 kB
Mem:          3.8G       3.7G       123M       5.7M        27M       3.3G

MemTotal:        4016004 kB
MemFree:          125864 kB
Active:           388224 kB
Mem:          3.8G       3.7G       122M       5.7M        27M       3.3G

MemTotal:        4016004 kB
MemFree:          123808 kB
Active:           388224 kB
Mem:          3.8G       3.7G       120M       5.7M        27M       3.3G

MemTotal:        4016004 kB
MemFree:          111040 kB
Active:           388228 kB
Mem:          3.8G       3.7G       108M       5.7M        27M       3.3G

MemTotal:        4016004 kB
MemFree:          126628 kB
Active:           383596 kB
Mem:          3.8G       3.7G       123M       5.7M        27M       3.3G

MemTotal:        4016004 kB
MemFree:          127240 kB
Active:           379504 kB
Mem:          3.8G       3.7G       124M       5.7M        27M       3.3G

MemTotal:        4016004 kB
MemFree:          113824 kB
Active:           376304 kB
Mem:          3.8G       3.7G       110M       5.7M        27M       3.3G

MemTotal:        4016004 kB
MemFree:          128188 kB
Active:           371720 kB
Mem:          3.8G       3.7G       124M       5.7M        27M       3.3G

MemTotal:        4016004 kB
MemFree:          130236 kB
Active:           370440 kB
Mem:          3.8G       3.7G       126M       5.7M        27M       3.3G

MemTotal:        4016004 kB
MemFree:          130540 kB
Active:           369160 kB
Mem:          3.8G       3.7G       131M       5.7M        27M       3.3G

MemTotal:        4016004 kB
MemFree:          123848 kB
Active:           367772 kB
Mem:          3.8G       3.7G       120M       5.7M        27M       3.3G

MemTotal:        4016004 kB
MemFree:          132216 kB
Active:           367140 kB
Mem:          3.8G       3.7G       128M       5.7M        27M       3.3G

MemTotal:        4016004 kB
MemFree:          130976 kB
Active:           367148 kB
Mem:          3.8G       3.7G       127M       5.7M        27M       3.3G

MemTotal:        4016004 kB
MemFree:          130316 kB
Active:           367152 kB
Mem:          3.8G       3.7G       127M       5.7M        27M       3.3G

MemTotal:        4016004 kB
MemFree:          128420 kB
Active:           367176 kB
Mem:          3.8G       3.7G       125M       5.7M        27M       3.3G

MemTotal:        4016004 kB
MemFree:          139020 kB
Active:           364340 kB
Mem:          3.8G       3.7G       135M       5.7M        27M       3.3G

MemTotal:        4016004 kB
MemFree:          141408 kB
Active:           363960 kB
Mem:          3.8G       3.7G       137M       5.7M        27M       3.3G

MemTotal:        4016004 kB
MemFree:          146812 kB
Active:           363368 kB
Mem:          3.8G       3.7G       142M       5.7M        27M       3.2G

MemTotal:        4016004 kB
MemFree:          139108 kB
Active:           363160 kB
Mem:          3.8G       3.7G       135M       5.7M        27M       3.3G

MemTotal:        4016004 kB
MemFree:          130040 kB
Active:           363164 kB
Mem:          3.8G       3.7G       126M       5.7M        27M       3.3G

MemTotal:        4016004 kB
MemFree:          140444 kB
Active:           363172 kB
Mem:          3.8G       3.7G       136M       5.7M        27M       3.3G

MemTotal:        4016004 kB
MemFree:          113984 kB
Active:           363184 kB
Mem:          3.8G       3.7G       110M       5.7M        27M       3.3G

MemTotal:        4016004 kB
MemFree:          133956 kB
Active:           363188 kB
Mem:          3.8G       3.7G       130M       5.7M        27M       3.3G

MemTotal:        4016004 kB
MemFree:          134116 kB
Active:           363188 kB
Mem:          3.8G       3.7G       130M       5.7M        27M       3.3G

MemTotal:        4016004 kB
MemFree:          131600 kB
Active:           365260 kB
Mem:          3.8G       3.7G       128M       5.7M        27M       3.3G

MemTotal:        4016004 kB
MemFree:          131200 kB
Active:           365244 kB
Mem:          3.8G       3.7G       128M       5.7M        27M       3.3G

MemTotal:        4016004 kB
MemFree:          123872 kB
Active:           362784 kB
Mem:          3.8G       3.7G       119M       5.7M        27M       3.3G

MemTotal:        4016004 kB
MemFree:          133676 kB
Active:           362260 kB
Mem:          3.8G       3.7G       129M       5.7M        27M       3.3G

MemTotal:        4016004 kB
MemFree:          121168 kB
Active:           362260 kB
Mem:          3.8G       3.7G       117M       5.7M        27M       3.3G

MemTotal:        4016004 kB
MemFree:          127384 kB
Active:           362260 kB
Mem:          3.8G       3.7G       124M       5.7M        27M       3.3G

MemTotal:        4016004 kB
MemFree:          129152 kB
Active:           362260 kB
Mem:          3.8G       3.7G       125M       5.7M        27M       3.3G

MemTotal:        4016004 kB
MemFree:          110036 kB
Active:           362272 kB
Mem:          3.8G       3.7G       106M       5.7M        27M       3.3G

MemTotal:        4016004 kB
MemFree:          131084 kB
Active:           362272 kB
Mem:          3.8G       3.7G       127M       5.7M        27M       3.3G

MemTotal:        4016004 kB
MemFree:          130772 kB
Active:           362288 kB
Mem:          3.8G       3.7G       126M       5.7M        27M       3.3G

MemTotal:        4016004 kB
MemFree:          128240 kB
Active:           362288 kB
Mem:          3.8G       3.7G       124M       5.7M        27M       3.3G

MemTotal:        4016004 kB
MemFree:          133328 kB
Active:           362288 kB
Mem:          3.8G       3.7G       130M       5.7M        27M       3.3G

MemTotal:        4016004 kB
MemFree:          133500 kB
Active:           362292 kB
Mem:          3.8G       3.7G       130M       5.7M        27M       3.3G

MemTotal:        4016004 kB
MemFree:          133128 kB
Active:           362304 kB
Mem:          3.8G       3.7G       129M       5.7M        27M       3.3G

MemTotal:        4016004 kB
MemFree:          131176 kB
Active:           362308 kB
Mem:          3.8G       3.7G       127M       5.7M        27M       3.3G

MemTotal:        4016004 kB
MemFree:          130172 kB
Active:           362312 kB
Mem:          3.8G       3.7G       126M       5.7M        27M       3.3G

MemTotal:        4016004 kB
MemFree:          127828 kB
Active:           361924 kB
Mem:          3.8G       3.7G       123M       5.7M        27M       3.3G

MemTotal:        4016004 kB
MemFree:          122844 kB
Active:           361788 kB
Mem:          3.8G       3.7G       119M       5.7M        27M       3.3G

MemTotal:        4016004 kB
MemFree:          122696 kB
Active:           361788 kB
Mem:          3.8G       3.7G       119M       5.7M        27M       3.3G

MemTotal:        4016004 kB
MemFree:          132968 kB
Active:           360204 kB
Mem:          3.8G       3.7G       129M       5.7M        27M       3.3G

MemTotal:        4016004 kB
MemFree:          130976 kB
Active:           360204 kB
Mem:          3.8G       3.7G       127M       5.7M        27M       3.3G

MemTotal:        4016004 kB
MemFree:          143892 kB
Active:           360224 kB
Mem:          3.8G       3.7G       140M       5.7M        27M       3.2G

MemTotal:        4016004 kB
MemFree:          129828 kB
Active:           360236 kB
Mem:          3.8G       3.7G       126M       5.7M        27M       3.3G

MemTotal:        4016004 kB
MemFree:          134788 kB
Active:           360240 kB
Mem:          3.8G       3.7G       131M       5.7M        27M       3.3G

MemTotal:        4016004 kB
MemFree:          127124 kB
Active:           360240 kB
Mem:          3.8G       3.7G       123M       5.7M        27M       3.3G

MemTotal:        4016004 kB
MemFree:          130100 kB
Active:           360240 kB
Mem:          3.8G       3.7G       126M       5.7M        27M       3.3G

MemTotal:        4016004 kB
MemFree:          128952 kB
Active:           360264 kB
Mem:          3.8G       3.7G       125M       5.7M        27M       3.3G

MemTotal:        4016004 kB
MemFree:          128836 kB
Active:           360268 kB
Mem:          3.8G       3.7G       125M       5.7M        27M       3.3G

MemTotal:        4016004 kB
MemFree:          128892 kB
Active:           360268 kB
Mem:          3.8G       3.7G       125M       5.7M        27M       3.3G

MemTotal:        4016004 kB
MemFree:          136056 kB
Active:           359008 kB
Mem:          3.8G       3.7G       132M       5.7M        27M       3.3G

MemTotal:        4016004 kB
MemFree:          138680 kB
Active:           360960 kB
Mem:          3.8G       3.7G       135M       5.7M        27M       3.2G

MemTotal:        4016004 kB
MemFree:          131836 kB
Active:           360960 kB
Mem:          3.8G       3.7G       128M       5.7M        27M       3.3G

MemTotal:        4016004 kB
MemFree:          121880 kB
Active:           360968 kB
Mem:          3.8G       3.7G       118M       5.7M        27M       3.3G

MemTotal:        4016004 kB
MemFree:          108384 kB
Active:           359808 kB
Mem:          3.8G       3.7G       105M       5.7M        27M       3.3G

MemTotal:        4016004 kB
MemFree:          126672 kB
Active:           359644 kB
Mem:          3.8G       3.7G       123M       5.7M        27M       3.3G

MemTotal:        4016004 kB
MemFree:          115044 kB
Active:           359644 kB
Mem:          3.8G       3.7G       111M       5.7M        27M       3.3G

MemTotal:        4016004 kB
MemFree:          137472 kB
Active:           359660 kB
Mem:          3.8G       3.7G       134M       5.7M        27M       3.2G

MemTotal:        4016004 kB
MemFree:          136536 kB
Active:           359680 kB
Mem:          3.8G       3.7G       133M       5.7M        27M       3.2G

MemTotal:        4016004 kB
MemFree:          134848 kB
Active:           359684 kB
Mem:          3.8G       3.7G       131M       5.7M        27M       3.2G

MemTotal:        4016004 kB
MemFree:          133176 kB
Active:           359092 kB
Mem:          3.8G       3.7G       130M       5.7M        27M       3.2G

MemTotal:        4016004 kB
MemFree:          110604 kB
Active:           359496 kB
Mem:          3.8G       3.7G       107M       5.7M        27M       3.3G

MemTotal:        4016004 kB
MemFree:          133380 kB
Active:           359496 kB
Mem:          3.8G       3.7G       129M       5.7M        27M       3.3G

MemTotal:        4016004 kB
MemFree:          117160 kB
Active:           356784 kB
Mem:          3.8G       3.7G       113M       5.7M        27M       3.3G

MemTotal:        4016004 kB
MemFree:          138136 kB
Active:           356784 kB
Mem:          3.8G       3.7G       134M       5.7M        27M       3.2G

MemTotal:        4016004 kB
MemFree:          153412 kB
Active:           356784 kB
Mem:          3.8G       3.7G       149M       5.7M        27M       3.2G

MemTotal:        4016004 kB
MemFree:          121244 kB
Active:           356784 kB
Mem:          3.8G       3.7G       118M       5.7M        27M       3.3G

MemTotal:        4016004 kB
MemFree:          145052 kB
Active:           356800 kB
Mem:          3.8G       3.7G       141M       5.7M        27M       3.2G

MemTotal:        4016004 kB
MemFree:          111904 kB
Active:           356800 kB
Mem:          3.8G       3.7G       108M       5.7M        27M       3.3G

MemTotal:        4016004 kB
MemFree:          141008 kB
Active:           356808 kB
Mem:          3.8G       3.7G       137M       5.7M        27M       3.2G

MemTotal:        4016004 kB
MemFree:          139228 kB
Active:           358120 kB
Mem:          3.8G       3.7G       136M       5.7M        27M       3.2G

MemTotal:        4016004 kB
MemFree:          138680 kB
Active:           358124 kB
Mem:          3.8G       3.7G       134M       5.7M        27M       3.2G

MemTotal:        4016004 kB
MemFree:          137288 kB
Active:           358128 kB
Mem:          3.8G       3.7G       133M       5.7M        27M       3.2G

MemTotal:        4016004 kB
MemFree:          127156 kB
Active:           358128 kB
Mem:          3.8G       3.7G       123M       5.7M        27M       3.3G

MemTotal:        4016004 kB
MemFree:          132624 kB
Active:           355424 kB
Mem:          3.8G       3.7G       129M       5.7M        27M       3.3G

MemTotal:        4016004 kB
MemFree:          115332 kB
Active:           355424 kB
Mem:          3.8G       3.7G       111M       5.7M        27M       3.3G

MemTotal:        4016004 kB
MemFree:          140544 kB
Active:           355424 kB
Mem:          3.8G       3.7G       137M       5.7M        27M       3.2G

MemTotal:        4016004 kB
MemFree:          129656 kB
Active:           355436 kB
Mem:          3.8G       3.7G       126M       5.7M        27M       3.3G

MemTotal:        4016004 kB
MemFree:          133780 kB
Active:           352524 kB
Mem:          3.8G       3.7G       130M       5.7M        27M       3.2G

MemTotal:        4016004 kB
MemFree:          136444 kB
Active:           352500 kB
Mem:          3.8G       3.7G       133M       5.7M        27M       3.2G

MemTotal:        4016004 kB
MemFree:          139756 kB
Active:           352376 kB
Mem:          3.8G       3.7G       136M       5.7M        27M       3.2G

MemTotal:        4016004 kB
MemFree:          132376 kB
Active:           352376 kB
Mem:          3.8G       3.7G       129M       5.7M        27M       3.2G

MemTotal:        4016004 kB
MemFree:          146796 kB
Active:           352392 kB
Mem:          3.8G       3.7G       143M       5.7M        27M       3.2G

MemTotal:        4016004 kB
MemFree:          146412 kB
Active:           352396 kB
Mem:          3.8G       3.7G       142M       5.7M        27M       3.2G

MemTotal:        4016004 kB
MemFree:          146088 kB
Active:           352404 kB
Mem:          3.8G       3.7G       142M       5.7M        27M       3.2G

MemTotal:        4016004 kB
MemFree:          146216 kB
Active:           352412 kB
Mem:          3.8G       3.7G       142M       5.7M        27M       3.2G

MemTotal:        4016004 kB
MemFree:          117884 kB
Active:           352412 kB
Mem:          3.8G       3.7G       114M       5.7M        27M       3.3G

MemTotal:        4016004 kB
MemFree:          106376 kB
Active:           352416 kB
Mem:          3.8G       3.7G       102M       5.7M        27M       3.3G

MemTotal:        4016004 kB
MemFree:          113652 kB
Active:           352416 kB
Mem:          3.8G       3.7G       110M       5.7M        27M       3.3G

MemTotal:        4016004 kB
MemFree:          139580 kB
Active:           349780 kB
Mem:          3.8G       3.7G       135M       5.7M        27M       3.2G

MemTotal:        4016004 kB
MemFree:          135996 kB
Active:           349788 kB
Mem:          3.8G       3.7G       132M       5.7M        27M       3.2G

MemTotal:        4016004 kB
MemFree:          134944 kB
Active:           349788 kB
Mem:          3.8G       3.7G       131M       5.7M        27M       3.2G

MemTotal:        4016004 kB
MemFree:          138244 kB
Active:           349792 kB
Mem:          3.8G       3.7G       134M       5.7M        27M       3.2G

MemTotal:        4016004 kB
MemFree:          114916 kB
Active:           349804 kB
Mem:          3.8G       3.7G       111M       5.7M        27M       3.3G

MemTotal:        4016004 kB
MemFree:          114560 kB
Active:           349808 kB
Mem:          3.8G       3.7G       112M       5.7M        27M       3.3G

MemTotal:        4016004 kB
MemFree:          114532 kB
Active:           349808 kB
Mem:          3.8G       3.7G       111M       5.7M        27M       3.3G

MemTotal:        4016004 kB
MemFree:          114756 kB
Active:           349836 kB
Mem:          3.8G       3.7G       112M       5.7M        27M       3.3G

MemTotal:        4016004 kB
MemFree:          113084 kB
Active:           349844 kB
Mem:          3.8G       3.7G       110M       5.7M        27M       3.3G

MemTotal:        4016004 kB
MemFree:          129804 kB
Active:           349844 kB
Mem:          3.8G       3.7G       126M       5.7M        27M       3.3G

MemTotal:        4016004 kB
MemFree:          117240 kB
Active:           349848 kB
Mem:          3.8G       3.7G       113M       5.7M        27M       3.3G

MemTotal:        4016004 kB
MemFree:          152936 kB
Active:           349148 kB
Mem:          3.8G       3.7G       149M       5.7M        27M       3.2G

MemTotal:        4016004 kB
MemFree:          148824 kB
Active:           348992 kB
Mem:          3.8G       3.7G       145M       5.7M        27M       3.2G

MemTotal:        4016004 kB
MemFree:          135596 kB
Active:           348996 kB
Mem:          3.8G       3.7G       132M       5.7M        27M       3.2G

MemTotal:        4016004 kB
MemFree:          137028 kB
Active:           349008 kB
Mem:          3.8G       3.7G       133M       5.7M        27M       3.2G

MemTotal:        4016004 kB
MemFree:          116800 kB
Active:           349008 kB
Mem:          3.8G       3.7G       113M       5.7M        27M       3.3G

MemTotal:        4016004 kB
MemFree:          140232 kB
Active:           349008 kB
Mem:          3.8G       3.7G       136M       5.7M        27M       3.2G

MemTotal:        4016004 kB
MemFree:          117148 kB
Active:           349016 kB
Mem:          3.8G       3.7G       114M       5.7M        27M       3.3G

MemTotal:        4016004 kB
MemFree:          115724 kB
Active:           349028 kB
Mem:          3.8G       3.7G       112M       5.7M        27M       3.3G

MemTotal:        4016004 kB
MemFree:          114624 kB
Active:           349032 kB
Mem:          3.8G       3.7G       111M       5.7M        27M       3.3G

MemTotal:        4016004 kB
MemFree:          112272 kB
Active:           349040 kB
Mem:          3.8G       3.7G       109M       5.7M        27M       3.3G

MemTotal:        4016004 kB
MemFree:          138580 kB
Active:           349040 kB
Mem:          3.8G       3.7G       134M       5.7M        27M       3.2G

MemTotal:        4016004 kB
MemFree:          140400 kB
Active:           349052 kB
Mem:          3.8G       3.7G       136M       5.7M        27M       3.2G

MemTotal:        4016004 kB
MemFree:          143888 kB
Active:           349052 kB
Mem:          3.8G       3.7G       139M       5.7M        27M       3.2G

MemTotal:        4016004 kB
MemFree:          146252 kB
Active:           348404 kB
Mem:          3.8G       3.7G       142M       5.7M        27M       3.2G

MemTotal:        4016004 kB
MemFree:          133684 kB
Active:           348404 kB
Mem:          3.8G       3.7G       130M       5.7M        27M       3.2G

MemTotal:        4016004 kB
MemFree:          139616 kB
Active:           348276 kB
Mem:          3.8G       3.7G       136M       5.7M        27M       3.2G

MemTotal:        4016004 kB
MemFree:          136124 kB
Active:           348284 kB
Mem:          3.8G       3.7G       132M       5.7M        27M       3.2G

MemTotal:        4016004 kB
MemFree:          118580 kB
Active:           348284 kB
Mem:          3.8G       3.7G       114M       5.7M        27M       3.3G

MemTotal:        4016004 kB
MemFree:          144104 kB
Active:           348296 kB
Mem:          3.8G       3.7G       140M       5.7M        27M       3.2G

MemTotal:        4016004 kB
MemFree:          109420 kB
Active:           348296 kB
Mem:          3.8G       3.7G       106M       5.7M        27M       3.3G

MemTotal:        4016004 kB
MemFree:          108160 kB
Active:           348308 kB
Mem:          3.8G       3.7G       105M       5.7M        27M       3.3G

MemTotal:        4016004 kB
MemFree:          107168 kB
Active:           348308 kB
Mem:          3.8G       3.7G       104M       5.7M        27M       3.3G

MemTotal:        4016004 kB
MemFree:          106956 kB
Active:           348312 kB
Mem:          3.8G       3.7G       104M       5.7M        27M       3.3G

MemTotal:        4016004 kB
MemFree:          121404 kB
Active:           348312 kB
Mem:          3.8G       3.7G       118M       5.7M        27M       3.3G

MemTotal:        4016004 kB
MemFree:          128668 kB
Active:           348320 kB
Mem:          3.8G       3.7G       125M       5.7M        27M       3.2G

MemTotal:        4016004 kB
MemFree:          129256 kB
Active:           348320 kB
Mem:          3.8G       3.7G       125M       5.7M        27M       3.2G

MemTotal:        4016004 kB
MemFree:          122076 kB
Active:           347580 kB
Mem:          3.8G       3.7G       118M       5.7M        27M       3.3G

MemTotal:        4016004 kB
MemFree:          146328 kB
Active:           347156 kB
Mem:          3.8G       3.7G       142M       5.7M        27M       3.2G

MemTotal:        4016004 kB
MemFree:          146392 kB
Active:           347140 kB
Mem:          3.8G       3.7G       142M       5.7M        27M       3.2G

MemTotal:        4016004 kB
MemFree:          146392 kB
Active:           347140 kB
Mem:          3.8G       3.7G       142M       5.7M        27M       3.2G

MemTotal:        4016004 kB
MemFree:          144352 kB
Active:           347144 kB
Mem:          3.8G       3.7G       140M       5.7M        27M       3.2G

MemTotal:        4016004 kB
MemFree:          144352 kB
Active:           349168 kB
Mem:          3.8G       3.7G       140M       5.7M        27M       3.2G

MemTotal:        4016004 kB
MemFree:          144040 kB
Active:           349168 kB
Mem:          3.8G       3.7G       140M       5.7M        27M       3.2G

MemTotal:        4016004 kB
MemFree:          143984 kB
Active:           349176 kB
Mem:          3.8G       3.7G       140M       5.7M        27M       3.2G

MemTotal:        4016004 kB
MemFree:          144168 kB
Active:           349176 kB
Mem:          3.8G       3.7G       140M       5.7M        27M       3.2G

MemTotal:        4016004 kB
MemFree:          144360 kB
Active:           349176 kB
Mem:          3.8G       3.7G       140M       5.7M        27M       3.2G

MemTotal:        4016004 kB
MemFree:          144520 kB
Active:           349176 kB
Mem:          3.8G       3.7G       141M       5.7M        27M       3.2G

MemTotal:        4016004 kB
MemFree:          144552 kB
Active:           349176 kB
Mem:          3.8G       3.7G       141M       5.7M        27M       3.2G

MemTotal:        4016004 kB
MemFree:          144552 kB
Active:           349180 kB
Mem:          3.8G       3.7G       141M       5.7M        27M       3.2G

MemTotal:        4016004 kB
MemFree:          144428 kB
Active:           349184 kB
Mem:          3.8G       3.7G       141M       5.7M        27M       3.2G

MemTotal:        4016004 kB
MemFree:          144428 kB
Active:           349184 kB
Mem:          3.8G       3.7G       141M       5.7M        27M       3.2G

MemTotal:        4016004 kB
MemFree:          144552 kB
Active:           349188 kB
Mem:          3.8G       3.7G       141M       5.7M        27M       3.2G

MemTotal:        4016004 kB
MemFree:          144552 kB
Active:           349188 kB
Mem:          3.8G       3.7G       141M       5.7M        27M       3.2G

MemTotal:        4016004 kB
MemFree:          144552 kB
Active:           349188 kB
Mem:          3.8G       3.7G       141M       5.7M        27M       3.2G

MemTotal:        4016004 kB
MemFree:          144428 kB
Active:           349196 kB
Mem:          3.8G       3.7G       141M       5.7M        27M       3.2G

MemTotal:        4016004 kB
MemFree:          144368 kB
Active:           348936 kB
Mem:          3.8G       3.7G       141M       5.7M        27M       3.2G

MemTotal:        4016004 kB
MemFree:          144492 kB
Active:           348904 kB
Mem:          3.8G       3.7G       141M       5.7M        27M       3.2G

MemTotal:        4016004 kB
MemFree:          144120 kB
Active:           348960 kB
Mem:          3.8G       3.7G       140M       5.7M        27M       3.2G

MemTotal:        4016004 kB
MemFree:          144368 kB
Active:           348908 kB
Mem:          3.8G       3.7G       140M       5.7M        27M       3.2G

MemTotal:        4016004 kB
MemFree:          143872 kB
Active:           348960 kB
Mem:          3.8G       3.7G       140M       5.7M        27M       3.2G

MemTotal:        4016004 kB
MemFree:          143624 kB
Active:           348968 kB
Mem:          3.8G       3.7G       140M       5.7M        27M       3.2G

MemTotal:        4016004 kB
MemFree:          144140 kB
Active:           348952 kB
Mem:          3.8G       3.7G       140M       5.7M        27M       3.2G

MemTotal:        4016004 kB
MemFree:          143892 kB
Active:           348980 kB
Mem:          3.8G       3.7G       140M       5.7M        27M       3.2G

MemTotal:        4016004 kB
MemFree:          144140 kB
Active:           348976 kB
Mem:          3.8G       3.7G       140M       5.7M        27M       3.2G

MemTotal:        4016004 kB
MemFree:          143768 kB
Active:           348980 kB
Mem:          3.8G       3.7G       140M       5.7M        27M       3.2G

MemTotal:        4016004 kB
MemFree:          144140 kB
Active:           348964 kB
Mem:          3.8G       3.7G       140M       5.7M        27M       3.2G

MemTotal:        4016004 kB
MemFree:          143892 kB
Active:           348984 kB
Mem:          3.8G       3.7G       140M       5.7M        27M       3.2G

MemTotal:        4016004 kB
MemFree:          144388 kB
Active:           348928 kB
Mem:          3.8G       3.7G       140M       5.7M        27M       3.2G

MemTotal:        4016004 kB
MemFree:          144388 kB
Active:           348984 kB
Mem:          3.8G       3.7G       140M       5.7M        27M       3.2G

MemTotal:        4016004 kB
MemFree:          144388 kB
Active:           348972 kB
Mem:          3.8G       3.7G       140M       5.7M        27M       3.2G

MemTotal:        4016004 kB
MemFree:          141596 kB
Active:           348984 kB
Mem:          3.8G       3.7G       138M       5.7M        27M       3.2G

MemTotal:        4016004 kB
MemFree:          141472 kB
Active:           351016 kB
Mem:          3.8G       3.7G       138M       5.7M        27M       3.2G

MemTotal:        4016004 kB
MemFree:          141752 kB
Active:           350960 kB
Mem:          3.8G       3.7G       138M       5.7M        27M       3.2G

MemTotal:        4016004 kB
MemFree:          141752 kB
Active:           351004 kB
Mem:          3.8G       3.7G       138M       5.7M        27M       3.2G

MemTotal:        4016004 kB
MemFree:          141380 kB
Active:           351016 kB
Mem:          3.8G       3.7G       137M       5.7M        27M       3.2G

MemTotal:        4016004 kB
MemFree:          141628 kB
Active:           350984 kB
Mem:          3.8G       3.7G       138M       5.7M        27M       3.2G

MemTotal:        4016004 kB
MemFree:          141752 kB
Active:           350976 kB
Mem:          3.8G       3.7G       138M       5.7M        27M       3.2G

MemTotal:        4016004 kB
MemFree:          141512 kB
Active:           351024 kB
Mem:          3.8G       3.7G       138M       5.7M        27M       3.2G

MemTotal:        4016004 kB
MemFree:          142008 kB
Active:           350996 kB
Mem:          3.8G       3.7G       138M       5.7M        27M       3.2G

MemTotal:        4016004 kB
MemFree:          142008 kB
Active:           350992 kB
Mem:          3.8G       3.7G       138M       5.7M        27M       3.2G

MemTotal:        4016004 kB
MemFree:          142008 kB
Active:           350988 kB
Mem:          3.8G       3.7G       138M       5.7M        27M       3.2G

MemTotal:        4016004 kB
MemFree:          141884 kB
Active:           351008 kB
Mem:          3.8G       3.7G       138M       5.7M        27M       3.2G

MemTotal:        4016004 kB
MemFree:          141760 kB
Active:           351000 kB
Mem:          3.8G       3.7G       138M       5.7M        27M       3.2G

MemTotal:        4016004 kB
MemFree:          142008 kB
Active:           350988 kB
Mem:          3.8G       3.7G       138M       5.7M        27M       3.2G

MemTotal:        4016004 kB
MemFree:          141760 kB
Active:           351040 kB
Mem:          3.8G       3.7G       138M       5.7M        27M       3.2G

MemTotal:        4016004 kB
MemFree:          141760 kB
Active:           351040 kB
Mem:          3.8G       3.7G       138M       5.7M        27M       3.2G

MemTotal:        4016004 kB
MemFree:          141884 kB
Active:           351020 kB
Mem:          3.8G       3.7G       138M       5.7M        27M       3.2G

MemTotal:        4016004 kB
MemFree:          141884 kB
Active:           351000 kB
Mem:          3.8G       3.7G       138M       5.7M        27M       3.2G

MemTotal:        4016004 kB
MemFree:          141512 kB
Active:           351044 kB
Mem:          3.8G       3.7G       138M       5.7M        27M       3.2G

MemTotal:        4016004 kB
MemFree:          142008 kB
Active:           351016 kB
Mem:          3.8G       3.7G       138M       5.7M        27M       3.2G

MemTotal:        4016004 kB
MemFree:          141884 kB
Active:           351004 kB
Mem:          3.8G       3.7G       138M       5.7M        27M       3.2G

MemTotal:        4016004 kB
MemFree:          141528 kB
Active:           351052 kB
Mem:          3.8G       3.7G       138M       5.7M        27M       3.2G

MemTotal:        4016004 kB
MemFree:          141528 kB
Active:           351060 kB
Mem:          3.8G       3.7G       138M       5.7M        27M       3.2G

MemTotal:        4016004 kB
MemFree:          141900 kB
Active:           351024 kB
Mem:          3.8G       3.7G       138M       5.7M        27M       3.2G

MemTotal:        4016004 kB
MemFree:          141652 kB
Active:           351068 kB
Mem:          3.8G       3.7G       138M       5.7M        27M       3.2G

MemTotal:        4016004 kB
MemFree:          141528 kB
Active:           351056 kB
Mem:          3.8G       3.7G       138M       5.7M        27M       3.2G

MemTotal:        4016004 kB
MemFree:          141528 kB
Active:           351024 kB
Mem:          3.8G       3.7G       138M       5.7M        27M       3.2G

MemTotal:        4016004 kB
MemFree:          141652 kB
Active:           351020 kB
Mem:          3.8G       3.7G       138M       5.7M        27M       3.2G

MemTotal:        4016004 kB
MemFree:          141652 kB
Active:           351060 kB
Mem:          3.8G       3.7G       138M       5.7M        27M       3.2G

MemTotal:        4016004 kB
MemFree:          141528 kB
Active:           351016 kB
Mem:          3.8G       3.7G       138M       5.7M        27M       3.2G

MemTotal:        4016004 kB
MemFree:          141776 kB
Active:           351016 kB
Mem:          3.8G       3.7G       138M       5.7M        27M       3.2G

MemTotal:        4016004 kB
MemFree:          141792 kB
Active:           351068 kB
Mem:          3.8G       3.7G       138M       5.7M        27M       3.2G

MemTotal:        4016004 kB
MemFree:          142164 kB
Active:           351044 kB
Mem:          3.8G       3.7G       138M       5.7M        27M       3.2G

MemTotal:        4016004 kB
MemFree:          141916 kB
Active:           351068 kB
Mem:          3.8G       3.7G       138M       5.7M        27M       3.2G

MemTotal:        4016004 kB
MemFree:          142040 kB
Active:           351012 kB
Mem:          3.8G       3.7G       138M       5.7M        27M       3.2G

MemTotal:        4016004 kB
MemFree:          141544 kB
Active:           351068 kB
Mem:          3.8G       3.7G       138M       5.7M        27M       3.2G

MemTotal:        4016004 kB
MemFree:          141792 kB
Active:           351012 kB
Mem:          3.8G       3.7G       138M       5.7M        27M       3.2G

MemTotal:        4016004 kB
MemFree:          141916 kB
Active:           351016 kB
Mem:          3.8G       3.7G       138M       5.7M        27M       3.2G

MemTotal:        4016004 kB
MemFree:          141916 kB
Active:           351024 kB
Mem:          3.8G       3.7G       138M       5.7M        27M       3.2G

MemTotal:        4016004 kB
MemFree:          142412 kB
Active:           351048 kB
Mem:          3.8G       3.7G       138M       5.7M        27M       3.2G

MemTotal:        4016004 kB
MemFree:          142040 kB
Active:           351076 kB
Mem:          3.8G       3.7G       138M       5.7M        27M       3.2G

MemTotal:        4016004 kB
MemFree:          142288 kB
Active:           351072 kB
Mem:          3.8G       3.7G       138M       5.7M        27M       3.2G

MemTotal:        4016004 kB
MemFree:          142288 kB
Active:           351032 kB
Mem:          3.8G       3.7G       138M       5.7M        27M       3.2G

MemTotal:        4016004 kB
MemFree:          141792 kB
Active:           351088 kB
Mem:          3.8G       3.7G       138M       5.7M        27M       3.2G

MemTotal:        4016004 kB
MemFree:          141668 kB
Active:           351088 kB
Mem:          3.8G       3.7G       138M       5.7M        27M       3.2G

MemTotal:        4016004 kB
MemFree:          142040 kB
Active:           351036 kB
Mem:          3.8G       3.7G       138M       5.7M        27M       3.2G

MemTotal:        4016004 kB
MemFree:          142040 kB
Active:           351056 kB
Mem:          3.8G       3.7G       138M       5.7M        27M       3.2G

MemTotal:        4016004 kB
MemFree:          142164 kB
Active:           351068 kB
Mem:          3.8G       3.7G       138M       5.7M        27M       3.2G

MemTotal:        4016004 kB
MemFree:          142288 kB
Active:           351064 kB
Mem:          3.8G       3.7G       138M       5.7M        27M       3.2G

MemTotal:        4016004 kB
MemFree:          142288 kB
Active:           351084 kB
Mem:          3.8G       3.7G       138M       5.7M        27M       3.2G

MemTotal:        4016004 kB
MemFree:          142412 kB
Active:           351084 kB
Mem:          3.8G       3.7G       139M       5.7M        27M       3.2G

MemTotal:        4016004 kB
MemFree:          142288 kB
Active:           351032 kB
Mem:          3.8G       3.7G       138M       5.7M        27M       3.2G

MemTotal:        4016004 kB
MemFree:          142288 kB
Active:           351040 kB
Mem:          3.8G       3.7G       138M       5.7M        27M       3.2G

MemTotal:        4016004 kB
MemFree:          141916 kB
Active:           351092 kB
Mem:          3.8G       3.7G       138M       5.7M        27M       3.2G

MemTotal:        4016004 kB
MemFree:          142040 kB
Active:           351036 kB
Mem:          3.8G       3.7G       138M       5.7M        27M       3.2G

MemTotal:        4016004 kB
MemFree:          142040 kB
Active:           351076 kB
Mem:          3.8G       3.7G       138M       5.7M        27M       3.2G

MemTotal:        4016004 kB
MemFree:          142040 kB
Active:           351072 kB
Mem:          3.8G       3.7G       138M       5.7M        27M       3.2G

MemTotal:        4016004 kB
MemFree:          142040 kB
Active:           351080 kB
Mem:          3.8G       3.7G       138M       5.7M        27M       3.2G

MemTotal:        4016004 kB
MemFree:          142040 kB
Active:           351068 kB
Mem:          3.8G       3.7G       138M       5.7M        27M       3.2G

MemTotal:        4016004 kB
MemFree:          142164 kB
Active:           351052 kB
Mem:          3.8G       3.7G       138M       5.7M        27M       3.2G

MemTotal:        4016004 kB
MemFree:          142040 kB
Active:           351068 kB
Mem:          3.8G       3.7G       138M       5.7M        27M       3.2G

MemTotal:        4016004 kB
MemFree:          141668 kB
Active:           351100 kB
Mem:          3.8G       3.7G       138M       5.7M        27M       3.2G

MemTotal:        4016004 kB
MemFree:          142040 kB
Active:           351052 kB
Mem:          3.8G       3.7G       138M       5.7M        27M       3.2G

MemTotal:        4016004 kB
MemFree:          142288 kB
Active:           351092 kB
Mem:          3.8G       3.7G       138M       5.7M        27M       3.2G

MemTotal:        4016004 kB
MemFree:          141792 kB
Active:           351104 kB
Mem:          3.8G       3.7G       138M       5.7M        27M       3.2G

MemTotal:        4016004 kB
MemFree:          141916 kB
Active:           351084 kB
Mem:          3.8G       3.7G       138M       5.7M        27M       3.2G

MemTotal:        4016004 kB
MemFree:          141916 kB
Active:           351076 kB
Mem:          3.8G       3.7G       138M       5.7M        27M       3.2G

MemTotal:        4016004 kB
MemFree:          142040 kB
Active:           351080 kB
Mem:          3.8G       3.7G       138M       5.7M        27M       3.2G

MemTotal:        4016004 kB
MemFree:          141544 kB
Active:           351104 kB
Mem:          3.8G       3.7G       138M       5.7M        27M       3.2G

MemTotal:        4016004 kB
MemFree:          141792 kB
Active:           351076 kB
Mem:          3.8G       3.7G       138M       5.7M        27M       3.2G

MemTotal:        4016004 kB
MemFree:          141668 kB
Active:           351076 kB
Mem:          3.8G       3.7G       138M       5.7M        27M       3.2G

MemTotal:        4016004 kB
MemFree:          141916 kB
Active:           351076 kB
Mem:          3.8G       3.7G       138M       5.7M        27M       3.2G

MemTotal:        4016004 kB
MemFree:          141544 kB
Active:           351120 kB
Mem:          3.8G       3.7G       138M       5.7M        27M       3.2G

MemTotal:        4016004 kB
MemFree:          142040 kB
Active:           351076 kB
Mem:          3.8G       3.7G       138M       5.7M        27M       3.2G

MemTotal:        4016004 kB
MemFree:          141544 kB
Active:           351124 kB
Mem:          3.8G       3.7G       138M       5.7M        27M       3.2G

MemTotal:        4016004 kB
MemFree:          142040 kB
Active:           351116 kB
Mem:          3.8G       3.7G       138M       5.7M        27M       3.2G

MemTotal:        4016004 kB
MemFree:          141916 kB
Active:           351096 kB
Mem:          3.8G       3.7G       138M       5.7M        27M       3.2G

MemTotal:        4016004 kB
MemFree:          141916 kB
Active:           351100 kB
Mem:          3.8G       3.7G       138M       5.7M        27M       3.2G

MemTotal:        4016004 kB
MemFree:          141420 kB
Active:           351132 kB
Mem:          3.8G       3.7G       138M       5.7M        27M       3.2G

MemTotal:        4016004 kB
MemFree:          141420 kB
Active:           351132 kB
Mem:          3.8G       3.7G       138M       5.7M        27M       3.2G

MemTotal:        4016004 kB
MemFree:          141792 kB
Active:           351136 kB
Mem:          3.8G       3.7G       138M       5.7M        27M       3.2G

MemTotal:        4016004 kB
MemFree:          141792 kB
Active:           351128 kB
Mem:          3.8G       3.7G       138M       5.7M        27M       3.2G

MemTotal:        4016004 kB
MemFree:          141420 kB
Active:           351144 kB
Mem:          3.8G       3.7G       137M       5.7M        27M       3.2G

MemTotal:        4016004 kB
MemFree:          141172 kB
Active:           351128 kB
Mem:          3.8G       3.7G       137M       5.7M        27M       3.2G

MemTotal:        4016004 kB
MemFree:          141296 kB
Active:           351088 kB
Mem:          3.8G       3.7G       137M       5.7M        27M       3.2G

MemTotal:        4016004 kB
MemFree:          141172 kB
Active:           351144 kB
Mem:          3.8G       3.7G       137M       5.7M        27M       3.2G

MemTotal:        4016004 kB
MemFree:          141544 kB
Active:           351104 kB
Mem:          3.8G       3.7G       138M       5.7M        27M       3.2G

MemTotal:        4016004 kB
MemFree:          141668 kB
Active:           351092 kB
Mem:          3.8G       3.7G       138M       5.7M        27M       3.2G

MemTotal:        4016004 kB
MemFree:          141668 kB
Active:           351088 kB
Mem:          3.8G       3.7G       138M       5.7M        27M       3.2G

MemTotal:        4016004 kB
MemFree:          141296 kB
Active:           351144 kB
Mem:          3.8G       3.7G       137M       5.7M        27M       3.2G

MemTotal:        4016004 kB
MemFree:          139124 kB
Active:           351148 kB
Mem:          3.8G       3.7G       135M       5.7M        27M       3.2G

MemTotal:        4016004 kB
MemFree:          139124 kB
Active:           353200 kB
Mem:          3.8G       3.7G       136M       5.7M        27M       3.2G

MemTotal:        4016004 kB
MemFree:          139372 kB
Active:           353144 kB
Mem:          3.8G       3.7G       135M       5.7M        27M       3.2G

MemTotal:        4016004 kB
MemFree:          139744 kB
Active:           353152 kB
Mem:          3.8G       3.7G       136M       5.7M        27M       3.2G

MemTotal:        4016004 kB
MemFree:          139992 kB
Active:           353168 kB
Mem:          3.8G       3.7G       136M       5.7M        27M       3.2G

MemTotal:        4016004 kB
MemFree:          139992 kB
Active:           353168 kB
Mem:          3.8G       3.7G       136M       5.7M        27M       3.2G

MemTotal:        4016004 kB
MemFree:          139620 kB
Active:           353208 kB
Mem:          3.8G       3.7G       136M       5.7M        27M       3.2G

MemTotal:        4016004 kB
MemFree:          139868 kB
Active:           353164 kB
Mem:          3.8G       3.7G       136M       5.7M        27M       3.2G

MemTotal:        4016004 kB
MemFree:          139868 kB
Active:           353184 kB
Mem:          3.8G       3.7G       136M       5.7M        27M       3.2G

MemTotal:        4016004 kB
MemFree:          139868 kB
Active:           353192 kB
Mem:          3.8G       3.7G       136M       5.7M        27M       3.2G

MemTotal:        4016004 kB
MemFree:          139496 kB
Active:           353208 kB
Mem:          3.8G       3.7G       136M       5.7M        27M       3.2G

MemTotal:        4016004 kB
MemFree:          139496 kB
Active:           353208 kB
Mem:          3.8G       3.7G       136M       5.7M        27M       3.2G

MemTotal:        4016004 kB
MemFree:          139620 kB
Active:           353188 kB
Mem:          3.8G       3.7G       136M       5.7M        27M       3.2G

MemTotal:        4016004 kB
MemFree:          139496 kB
Active:           353208 kB
Mem:          3.8G       3.7G       136M       5.7M        27M       3.2G

MemTotal:        4016004 kB
MemFree:          139372 kB
Active:           353212 kB
Mem:          3.8G       3.7G       136M       5.7M        27M       3.2G

MemTotal:        4016004 kB
MemFree:          139868 kB
Active:           353216 kB
Mem:          3.8G       3.7G       136M       5.7M        27M       3.2G

MemTotal:        4016004 kB
MemFree:          139868 kB
Active:           353180 kB
Mem:          3.8G       3.7G       136M       5.7M        27M       3.2G

MemTotal:        4016004 kB
MemFree:          139496 kB
Active:           353228 kB
Mem:          3.8G       3.7G       136M       5.7M        27M       3.2G

MemTotal:        4016004 kB
MemFree:          139372 kB
Active:           353228 kB
Mem:          3.8G       3.7G       136M       5.7M        27M       3.2G

MemTotal:        4016004 kB
MemFree:          139496 kB
Active:           353224 kB
Mem:          3.8G       3.7G       136M       5.7M        27M       3.2G

MemTotal:        4016004 kB
MemFree:          139248 kB
Active:           353228 kB
Mem:          3.8G       3.7G       135M       5.7M        27M       3.2G

MemTotal:        4016004 kB
MemFree:          139372 kB
Active:           353216 kB
Mem:          3.8G       3.7G       135M       5.7M        27M       3.2G

MemTotal:        4016004 kB
MemFree:          139372 kB
Active:           353180 kB
Mem:          3.8G       3.7G       136M       5.7M        27M       3.2G

MemTotal:        4016004 kB
MemFree:          139372 kB
Active:           353180 kB
Mem:          3.8G       3.7G       136M       5.7M        27M       3.2G

MemTotal:        4016004 kB
MemFree:          139372 kB
Active:           353180 kB
Mem:          3.8G       3.7G       136M       5.7M        27M       3.2G

MemTotal:        4016004 kB
MemFree:          139372 kB
Active:           353188 kB
Mem:          3.8G       3.7G       136M       5.7M        27M       3.2G

MemTotal:        4016004 kB
MemFree:          139372 kB
Active:           353200 kB
Mem:          3.8G       3.7G       136M       5.7M        27M       3.2G

MemTotal:        4016004 kB
MemFree:          139372 kB
Active:           353240 kB
Mem:          3.8G       3.7G       136M       5.7M        27M       3.2G

MemTotal:        4016004 kB
MemFree:          139744 kB
Active:           353212 kB
Mem:          3.8G       3.7G       136M       5.7M        27M       3.2G

MemTotal:        4016004 kB
MemFree:          139868 kB
Active:           353192 kB
Mem:          3.8G       3.7G       136M       5.7M        28M       3.2G

MemTotal:        4016004 kB
MemFree:          139868 kB
Active:           353200 kB
Mem:          3.8G       3.7G       136M       5.7M        28M       3.2G

MemTotal:        4016004 kB
MemFree:          139744 kB
Active:           353220 kB
Mem:          3.8G       3.7G       136M       5.7M        28M       3.2G

MemTotal:        4016004 kB
MemFree:          139744 kB
Active:           353212 kB
Mem:          3.8G       3.7G       136M       5.7M        28M       3.2G

MemTotal:        4016004 kB
MemFree:          139868 kB
Active:           353212 kB
Mem:          3.8G       3.7G       136M       5.7M        28M       3.2G

MemTotal:        4016004 kB
MemFree:          139868 kB
Active:           353208 kB
Mem:          3.8G       3.7G       136M       5.7M        28M       3.2G

MemTotal:        4016004 kB
MemFree:          139248 kB
Active:           353256 kB
Mem:          3.8G       3.7G       135M       5.7M        28M       3.2G

MemTotal:        4016004 kB
MemFree:          139000 kB
Active:           353260 kB
Mem:          3.8G       3.7G       135M       5.7M        28M       3.2G

MemTotal:        4016004 kB
MemFree:          139496 kB
Active:           353248 kB
Mem:          3.8G       3.7G       136M       5.7M        28M       3.2G

MemTotal:        4016004 kB
MemFree:          139248 kB
Active:           353260 kB
Mem:          3.8G       3.7G       135M       5.7M        28M       3.2G

MemTotal:        4016004 kB
MemFree:          139124 kB
Active:           353264 kB
Mem:          3.8G       3.7G       135M       5.7M        28M       3.2G

MemTotal:        4016004 kB
MemFree:          139496 kB
Active:           353264 kB
Mem:          3.8G       3.7G       136M       5.7M        28M       3.2G

MemTotal:        4016004 kB
MemFree:          139248 kB
Active:           353280 kB
Mem:          3.8G       3.7G       135M       5.7M        28M       3.2G

MemTotal:        4016004 kB
MemFree:          139496 kB
Active:           353252 kB
Mem:          3.8G       3.7G       136M       5.7M        28M       3.2G

MemTotal:        4016004 kB
MemFree:          139620 kB
Active:           353232 kB
Mem:          3.8G       3.7G       136M       5.7M        28M       3.2G

MemTotal:        4016004 kB
MemFree:          139868 kB
Active:           353276 kB
Mem:          3.8G       3.7G       136M       5.7M        28M       3.2G

MemTotal:        4016004 kB
MemFree:          139496 kB
Active:           353288 kB
Mem:          3.8G       3.7G       136M       5.7M        28M       3.2G

MemTotal:        4016004 kB
MemFree:          139744 kB
Active:           353284 kB
Mem:          3.8G       3.7G       136M       5.7M        28M       3.2G

MemTotal:        4016004 kB
MemFree:          139620 kB
Active:           353240 kB
Mem:          3.8G       3.7G       136M       5.7M        28M       3.2G

MemTotal:        4016004 kB
MemFree:          139744 kB
Active:           353268 kB
Mem:          3.8G       3.7G       136M       5.7M        28M       3.2G

MemTotal:        4016004 kB
MemFree:          139620 kB
Active:           353280 kB
Mem:          3.8G       3.7G       136M       5.7M        28M       3.2G

MemTotal:        4016004 kB
MemFree:          139744 kB
Active:           353292 kB
Mem:          3.8G       3.7G       136M       5.7M        28M       3.2G

MemTotal:        4016004 kB
MemFree:          139744 kB
Active:           353292 kB
Mem:          3.8G       3.7G       136M       5.7M        28M       3.2G

MemTotal:        4016004 kB
MemFree:          139744 kB
Active:           353260 kB
Mem:          3.8G       3.7G       136M       5.7M        28M       3.2G

MemTotal:        4016004 kB
MemFree:          139372 kB
Active:           353308 kB
Mem:          3.8G       3.7G       136M       5.7M        28M       3.2G

MemTotal:        4016004 kB
MemFree:          139744 kB
Active:           353256 kB
Mem:          3.8G       3.7G       136M       5.7M        28M       3.2G

MemTotal:        4016004 kB
MemFree:          139372 kB
Active:           353316 kB
Mem:          3.8G       3.7G       136M       5.7M        28M       3.2G

MemTotal:        4016004 kB
MemFree:          139496 kB
Active:           353280 kB
Mem:          3.8G       3.7G       136M       5.7M        28M       3.2G

MemTotal:        4016004 kB
MemFree:          139620 kB
Active:           353292 kB
Mem:          3.8G       3.7G       136M       5.7M        28M       3.2G

MemTotal:        4016004 kB
MemFree:          139496 kB
Active:           353300 kB
Mem:          3.8G       3.7G       136M       5.7M        28M       3.2G

MemTotal:        4016004 kB
MemFree:          139620 kB
Active:           353264 kB
Mem:          3.8G       3.7G       136M       5.7M        28M       3.2G

MemTotal:        4016004 kB
MemFree:          139124 kB
Active:           353320 kB
Mem:          3.8G       3.7G       136M       5.7M        28M       3.2G

MemTotal:        4016004 kB
MemFree:          139372 kB
Active:           353284 kB
Mem:          3.8G       3.7G       136M       5.7M        28M       3.2G

MemTotal:        4016004 kB
MemFree:          139496 kB
Active:           353320 kB
Mem:          3.8G       3.7G       136M       5.7M        28M       3.2G

MemTotal:        4016004 kB
MemFree:          139480 kB
Active:           353324 kB
Mem:          3.8G       3.7G       136M       5.7M        28M       3.2G

MemTotal:        4016004 kB
MemFree:          139604 kB
Active:           353348 kB
Mem:          3.8G       3.7G       136M       5.7M        28M       3.2G

MemTotal:        4016004 kB
MemFree:          139728 kB
Active:           353492 kB
Mem:          3.8G       3.7G       136M       5.7M        28M       3.2G

