MemTotal:        4016004 kB
MemFree:         3228716 kB
Active:           434080 kB
Mem:          3.8G       769M       3.1G       5.7M        52M       323M

MemTotal:        4016004 kB
MemFree:         3228272 kB
Active:           434628 kB
Mem:          3.8G       769M       3.1G       5.7M        52M       323M

MemTotal:        4016004 kB
MemFree:         3228256 kB
Active:           434688 kB
Mem:          3.8G       769M       3.1G       5.7M        52M       323M

MemTotal:        4016004 kB
MemFree:         3225820 kB
Active:           434728 kB
Mem:          3.8G       771M       3.1G       5.7M        52M       323M

MemTotal:        4016004 kB
MemFree:         3226564 kB
Active:           436700 kB
Mem:          3.8G       771M       3.1G       5.7M        52M       323M

MemTotal:        4016004 kB
MemFree:         3226424 kB
Active:           436728 kB
Mem:          3.8G       771M       3.1G       5.7M        52M       323M

MemTotal:        4016004 kB
MemFree:         3226176 kB
Active:           436732 kB
Mem:          3.8G       771M       3.1G       5.7M        52M       323M

MemTotal:        4016004 kB
MemFree:         3226300 kB
Active:           436724 kB
Mem:          3.8G       771M       3.1G       5.7M        52M       323M

MemTotal:        4016004 kB
MemFree:         3225788 kB
Active:           436760 kB
Mem:          3.8G       771M       3.1G       5.7M        52M       323M

MemTotal:        4016004 kB
MemFree:         3225772 kB
Active:           436760 kB
Mem:          3.8G       771M       3.1G       5.7M        52M       323M

MemTotal:        4016004 kB
MemFree:         3225880 kB
Active:           436748 kB
Mem:          3.8G       771M       3.1G       5.7M        52M       323M

MemTotal:        4016004 kB
MemFree:         3226020 kB
Active:           436720 kB
Mem:          3.8G       771M       3.1G       5.7M        52M       323M

MemTotal:        4016004 kB
MemFree:         3226144 kB
Active:           436760 kB
Mem:          3.8G       771M       3.1G       5.7M        52M       323M

MemTotal:        4016004 kB
MemFree:         3225836 kB
Active:           434760 kB
Mem:          3.8G       771M       3.1G       5.7M        52M       323M

MemTotal:        4016004 kB
MemFree:         3226384 kB
Active:           436768 kB
Mem:          3.8G       771M       3.1G       5.7M        52M       323M

MemTotal:        4016004 kB
MemFree:         3226012 kB
Active:           436768 kB
Mem:          3.8G       771M       3.1G       5.7M        52M       323M

MemTotal:        4016004 kB
MemFree:         3225624 kB
Active:           436768 kB
Mem:          3.8G       771M       3.1G       5.7M        52M       323M

MemTotal:        4016004 kB
MemFree:         3225608 kB
Active:           436768 kB
Mem:          3.8G       771M       3.1G       5.7M        52M       323M

MemTotal:        4016004 kB
MemFree:         3226104 kB
Active:           436728 kB
Mem:          3.8G       771M       3.1G       5.7M        52M       323M

MemTotal:        4016004 kB
MemFree:         3226104 kB
Active:           436720 kB
Mem:          3.8G       771M       3.1G       5.7M        52M       323M

MemTotal:        4016004 kB
MemFree:         3225592 kB
Active:           436776 kB
Mem:          3.8G       771M       3.1G       5.7M        52M       323M

MemTotal:        4016004 kB
MemFree:         3226088 kB
Active:           436760 kB
Mem:          3.8G       771M       3.1G       5.7M        52M       323M

MemTotal:        4016004 kB
MemFree:         3225964 kB
Active:           436736 kB
Mem:          3.8G       771M       3.1G       5.7M        52M       323M

MemTotal:        4016004 kB
MemFree:         3225840 kB
Active:           436776 kB
Mem:          3.8G       771M       3.1G       5.7M        52M       323M

MemTotal:        4016004 kB
MemFree:         3225576 kB
Active:           436776 kB
Mem:          3.8G       771M       3.1G       5.7M        52M       323M

MemTotal:        4016004 kB
MemFree:         3225932 kB
Active:           436740 kB
Mem:          3.8G       771M       3.1G       5.7M        52M       323M

MemTotal:        4016004 kB
MemFree:         3225808 kB
Active:           436740 kB
Mem:          3.8G       771M       3.1G       5.7M        52M       323M

MemTotal:        4016004 kB
MemFree:         3225808 kB
Active:           436756 kB
Mem:          3.8G       771M       3.1G       5.7M        52M       323M

MemTotal:        4016004 kB
MemFree:         3225792 kB
Active:           436784 kB
Mem:          3.8G       771M       3.1G       5.7M        52M       323M

MemTotal:        4016004 kB
MemFree:         3226288 kB
Active:           436736 kB
Mem:          3.8G       771M       3.1G       5.7M        52M       323M

MemTotal:        4016004 kB
MemFree:         3226164 kB
Active:           436776 kB
Mem:          3.8G       771M       3.1G       5.7M        52M       323M

MemTotal:        4016004 kB
MemFree:         3226024 kB
Active:           436740 kB
Mem:          3.8G       771M       3.1G       5.7M        52M       323M

MemTotal:        4016004 kB
MemFree:         3226256 kB
Active:           436760 kB
Mem:          3.8G       771M       3.1G       5.7M        52M       323M

MemTotal:        4016004 kB
MemFree:         3226116 kB
Active:           436776 kB
Mem:          3.8G       771M       3.1G       5.7M        52M       323M

MemTotal:        4016004 kB
MemFree:         3226116 kB
Active:           436756 kB
Mem:          3.8G       771M       3.1G       5.7M        52M       323M

MemTotal:        4016004 kB
MemFree:         3226224 kB
Active:           436772 kB
Mem:          3.8G       771M       3.1G       5.7M        52M       323M

MemTotal:        4016004 kB
MemFree:         3225852 kB
Active:           436804 kB
Mem:          3.8G       772M       3.1G       5.7M        52M       323M

MemTotal:        4016004 kB
MemFree:         3225852 kB
Active:           436752 kB
Mem:          3.8G       771M       3.1G       5.7M        52M       323M

MemTotal:        4016004 kB
MemFree:         3225528 kB
Active:           436776 kB
Mem:          3.8G       771M       3.1G       5.7M        52M       323M

MemTotal:        4016004 kB
MemFree:         3225776 kB
Active:           436792 kB
Mem:          3.8G       771M       3.1G       5.7M        52M       323M

MemTotal:        4016004 kB
MemFree:         3225528 kB
Active:           436816 kB
Mem:          3.8G       771M       3.1G       5.7M        52M       323M

MemTotal:        4016004 kB
MemFree:         3225528 kB
Active:           436816 kB
Mem:          3.8G       771M       3.1G       5.7M        52M       323M

MemTotal:        4016004 kB
MemFree:         3225900 kB
Active:           436816 kB
Mem:          3.8G       771M       3.1G       5.7M        52M       323M

MemTotal:        4016004 kB
MemFree:         3223852 kB
Active:           436780 kB
Mem:          3.8G       773M       3.1G       5.7M        52M       323M

MemTotal:        4016004 kB
MemFree:         3223480 kB
Active:           438848 kB
Mem:          3.8G       773M       3.1G       5.7M        52M       323M

MemTotal:        4016004 kB
MemFree:         3223852 kB
Active:           438844 kB
Mem:          3.8G       773M       3.1G       5.7M        52M       323M

MemTotal:        4016004 kB
MemFree:         3223852 kB
Active:           438816 kB
Mem:          3.8G       773M       3.1G       5.7M        52M       323M

MemTotal:        4016004 kB
MemFree:         3223604 kB
Active:           438796 kB
Mem:          3.8G       773M       3.1G       5.7M        52M       323M

MemTotal:        4016004 kB
MemFree:         3223356 kB
Active:           438860 kB
Mem:          3.8G       773M       3.1G       5.7M        52M       323M

MemTotal:        4016004 kB
MemFree:         3223728 kB
Active:           438844 kB
Mem:          3.8G       773M       3.1G       5.7M        52M       323M

MemTotal:        4016004 kB
MemFree:         3223480 kB
Active:           438864 kB
Mem:          3.8G       773M       3.1G       5.7M        52M       323M

MemTotal:        4016004 kB
MemFree:         3223728 kB
Active:           438844 kB
Mem:          3.8G       773M       3.1G       5.7M        52M       323M

MemTotal:        4016004 kB
MemFree:         3223728 kB
Active:           438856 kB
Mem:          3.8G       773M       3.1G       5.7M        52M       324M

MemTotal:        4016004 kB
MemFree:         3223588 kB
Active:           438884 kB
Mem:          3.8G       774M       3.1G       5.7M        52M       324M

MemTotal:        4016004 kB
MemFree:         3223700 kB
Active:           438876 kB
Mem:          3.8G       773M       3.1G       5.7M        52M       324M

MemTotal:        4016004 kB
MemFree:         3223328 kB
Active:           438868 kB
Mem:          3.8G       773M       3.1G       5.7M        52M       324M

MemTotal:        4016004 kB
MemFree:         3223452 kB
Active:           438832 kB
Mem:          3.8G       773M       3.1G       5.7M        52M       324M

MemTotal:        4016004 kB
MemFree:         3223452 kB
Active:           438872 kB
Mem:          3.8G       773M       3.1G       5.7M        52M       324M

MemTotal:        4016004 kB
MemFree:         3223316 kB
Active:           438888 kB
Mem:          3.8G       774M       3.1G       5.7M        52M       324M

MemTotal:        4016004 kB
MemFree:         3223192 kB
Active:           438860 kB
Mem:          3.8G       774M       3.1G       5.7M        52M       324M

MemTotal:        4016004 kB
MemFree:         3223192 kB
Active:           438868 kB
Mem:          3.8G       774M       3.1G       5.7M        52M       324M

MemTotal:        4016004 kB
MemFree:         3223564 kB
Active:           438872 kB
Mem:          3.8G       773M       3.1G       5.7M        52M       324M

MemTotal:        4016004 kB
MemFree:         3216888 kB
Active:           445080 kB
Mem:          3.8G       780M       3.1G       5.7M        58M       323M

MemTotal:        4016004 kB
MemFree:         3215100 kB
Active:           446700 kB
Mem:          3.8G       782M       3.1G       5.7M        60M       324M

MemTotal:        4016004 kB
MemFree:         3214728 kB
Active:           446696 kB
Mem:          3.8G       782M       3.1G       5.7M        60M       324M

MemTotal:        4016004 kB
MemFree:         3215100 kB
Active:           446684 kB
Mem:          3.8G       782M       3.1G       5.7M        60M       324M

MemTotal:        4016004 kB
MemFree:         3215332 kB
Active:           446716 kB
Mem:          3.8G       781M       3.1G       5.7M        60M       324M

MemTotal:        4016004 kB
MemFree:         3215208 kB
Active:           446684 kB
Mem:          3.8G       781M       3.1G       5.7M        60M       324M

MemTotal:        4016004 kB
MemFree:         3215068 kB
Active:           446708 kB
Mem:          3.8G       782M       3.1G       5.7M        60M       324M

MemTotal:        4016004 kB
MemFree:         3215176 kB
Active:           446716 kB
Mem:          3.8G       782M       3.1G       5.7M        60M       324M

MemTotal:        4016004 kB
MemFree:         3215160 kB
Active:           446716 kB
Mem:          3.8G       782M       3.1G       5.7M        60M       324M

MemTotal:        4016004 kB
MemFree:         3215176 kB
Active:           446688 kB
Mem:          3.8G       782M       3.1G       5.7M        60M       324M

MemTotal:        4016004 kB
MemFree:         3215052 kB
Active:           446676 kB
Mem:          3.8G       782M       3.1G       5.7M        60M       324M

MemTotal:        4016004 kB
MemFree:         3215176 kB
Active:           446708 kB
Mem:          3.8G       782M       3.1G       5.7M        60M       324M

MemTotal:        4016004 kB
MemFree:         3215052 kB
Active:           446724 kB
Mem:          3.8G       782M       3.1G       5.7M        60M       324M

MemTotal:        4016004 kB
MemFree:         3214432 kB
Active:           446732 kB
Mem:          3.8G       782M       3.1G       5.7M        60M       324M

MemTotal:        4016004 kB
MemFree:         3214928 kB
Active:           446708 kB
Mem:          3.8G       782M       3.1G       5.7M        60M       324M

MemTotal:        4016004 kB
MemFree:         3214928 kB
Active:           446716 kB
Mem:          3.8G       782M       3.1G       5.7M        60M       324M

MemTotal:        4016004 kB
MemFree:         3214928 kB
Active:           446704 kB
Mem:          3.8G       782M       3.1G       5.7M        60M       324M

MemTotal:        4016004 kB
MemFree:         3214308 kB
Active:           446740 kB
Mem:          3.8G       782M       3.1G       5.7M        60M       324M

MemTotal:        4016004 kB
MemFree:         3214804 kB
Active:           446720 kB
Mem:          3.8G       782M       3.1G       5.7M        60M       324M

MemTotal:        4016004 kB
MemFree:         3214432 kB
Active:           446740 kB
Mem:          3.8G       783M       3.1G       5.7M        60M       324M

MemTotal:        4016004 kB
MemFree:         3214184 kB
Active:           446688 kB
Mem:          3.8G       783M       3.1G       5.7M        60M       324M

MemTotal:        4016004 kB
MemFree:         3214308 kB
Active:           446712 kB
Mem:          3.8G       782M       3.1G       5.7M        60M       324M

MemTotal:        4016004 kB
MemFree:         3214556 kB
Active:           446744 kB
Mem:          3.8G       782M       3.1G       5.7M        60M       324M

MemTotal:        4016004 kB
MemFree:         3214680 kB
Active:           446700 kB
Mem:          3.8G       782M       3.1G       5.7M        60M       324M

MemTotal:        4016004 kB
MemFree:         3214432 kB
Active:           446708 kB
Mem:          3.8G       782M       3.1G       5.7M        60M       324M

MemTotal:        4016004 kB
MemFree:         3214432 kB
Active:           446748 kB
Mem:          3.8G       782M       3.1G       5.7M        60M       324M

MemTotal:        4016004 kB
MemFree:         3214416 kB
Active:           446744 kB
Mem:          3.8G       783M       3.1G       5.7M        60M       324M

MemTotal:        4016004 kB
MemFree:         3214152 kB
Active:           446732 kB
Mem:          3.8G       783M       3.1G       5.7M        60M       324M

MemTotal:        4016004 kB
MemFree:         3213532 kB
Active:           446764 kB
Mem:          3.8G       783M       3.1G       5.7M        60M       324M

MemTotal:        4016004 kB
MemFree:         3214152 kB
Active:           446736 kB
Mem:          3.8G       783M       3.1G       5.7M        60M       324M

MemTotal:        4016004 kB
MemFree:         3214400 kB
Active:           446716 kB
Mem:          3.8G       783M       3.1G       5.7M        60M       324M

MemTotal:        4016004 kB
MemFree:         3214260 kB
Active:           446736 kB
Mem:          3.8G       783M       3.1G       5.7M        60M       324M

MemTotal:        4016004 kB
MemFree:         3213996 kB
Active:           446768 kB
Mem:          3.8G       783M       3.1G       5.7M        60M       324M

MemTotal:        4016004 kB
MemFree:         3213856 kB
Active:           446772 kB
Mem:          3.8G       783M       3.1G       5.7M        60M       324M

MemTotal:        4016004 kB
MemFree:         3214340 kB
Active:           446720 kB
Mem:          3.8G       782M       3.1G       5.7M        60M       324M

MemTotal:        4016004 kB
MemFree:         3214240 kB
Active:           446744 kB
Mem:          3.8G       782M       3.1G       5.7M        60M       324M

MemTotal:        4016004 kB
MemFree:         3214364 kB
Active:           446740 kB
Mem:          3.8G       782M       3.1G       5.7M        60M       324M

MemTotal:        4016004 kB
MemFree:         3214488 kB
Active:           446732 kB
Mem:          3.8G       782M       3.1G       5.7M        60M       324M

MemTotal:        4016004 kB
MemFree:         3213820 kB
Active:           447048 kB
Mem:          3.8G       783M       3.1G       5.7M        60M       324M

MemTotal:        4016004 kB
MemFree:         3168188 kB
Active:           448508 kB
Mem:          3.8G       829M       3.0G       5.7M        60M       368M

MemTotal:        4016004 kB
MemFree:         3121592 kB
Active:           448496 kB
Mem:          3.8G       874M       3.0G       5.7M        60M       412M

MemTotal:        4016004 kB
MemFree:         3074220 kB
Active:           448512 kB
Mem:          3.8G       920M       2.9G       5.7M        60M       458M

MemTotal:        4016004 kB
MemFree:         3026880 kB
Active:           448556 kB
Mem:          3.8G       966M       2.9G       5.7M        60M       503M

MemTotal:        4016004 kB
MemFree:         2979508 kB
Active:           448508 kB
Mem:          3.8G       1.0G       2.8G       5.7M        60M       548M

MemTotal:        4016004 kB
MemFree:         2932292 kB
Active:           448568 kB
Mem:          3.8G       1.0G       2.8G       5.7M        60M       593M

MemTotal:        4016004 kB
MemFree:         2884332 kB
Active:           448576 kB
Mem:          3.8G       1.1G       2.7G       5.7M        60M       639M

MemTotal:        4016004 kB
MemFree:         2838248 kB
Active:           448576 kB
Mem:          3.8G       1.1G       2.7G       5.7M        60M       683M

MemTotal:        4016004 kB
MemFree:         2791016 kB
Active:           448544 kB
Mem:          3.8G       1.2G       2.7G       5.7M        60M       729M

MemTotal:        4016004 kB
MemFree:         2743836 kB
Active:           448572 kB
Mem:          3.8G       1.2G       2.6G       5.7M        60M       775M

MemTotal:        4016004 kB
MemFree:         2713276 kB
Active:           448588 kB
Mem:          3.8G       1.2G       2.6G       5.7M        60M       804M

MemTotal:        4016004 kB
MemFree:         2667284 kB
Active:           448572 kB
Mem:          3.8G       1.3G       2.5G       5.7M        60M       848M

MemTotal:        4016004 kB
MemFree:         2616888 kB
Active:           448576 kB
Mem:          3.8G       1.3G       2.5G       5.7M        60M       894M

MemTotal:        4016004 kB
MemFree:         2570760 kB
Active:           450596 kB
Mem:          3.8G       1.4G       2.5G       5.7M        60M       939M

MemTotal:        4016004 kB
MemFree:         2522864 kB
Active:           450616 kB
Mem:          3.8G       1.4G       2.4G       5.7M        60M       985M

MemTotal:        4016004 kB
MemFree:         2516936 kB
Active:           450632 kB
Mem:          3.8G       1.4G       2.4G       5.7M        60M       991M

MemTotal:        4016004 kB
MemFree:         2470604 kB
Active:           450636 kB
Mem:          3.8G       1.5G       2.4G       5.7M        60M       1.0G

MemTotal:        4016004 kB
MemFree:         2424008 kB
Active:           450608 kB
Mem:          3.8G       1.5G       2.3G       5.7M        60M       1.1G

MemTotal:        4016004 kB
MemFree:         2375988 kB
Active:           450636 kB
Mem:          3.8G       1.6G       2.3G       5.7M        60M       1.1G

MemTotal:        4016004 kB
MemFree:         2329732 kB
Active:           450648 kB
Mem:          3.8G       1.6G       2.2G       5.7M        60M       1.1G

MemTotal:        4016004 kB
MemFree:         2328556 kB
Active:           450632 kB
Mem:          3.8G       1.6G       2.2G       5.7M        60M       1.1G

MemTotal:        4016004 kB
MemFree:         2328656 kB
Active:           450632 kB
Mem:          3.8G       1.6G       2.2G       5.7M        60M       1.1G

MemTotal:        4016004 kB
MemFree:         2280688 kB
Active:           448748 kB
Mem:          3.8G       1.7G       2.2G       5.7M        60M       1.2G

MemTotal:        4016004 kB
MemFree:         2233724 kB
Active:           450656 kB
Mem:          3.8G       1.7G       2.1G       5.7M        60M       1.2G

MemTotal:        4016004 kB
MemFree:         2187344 kB
Active:           450680 kB
Mem:          3.8G       1.7G       2.1G       5.7M        60M       1.3G

MemTotal:        4016004 kB
MemFree:         2159536 kB
Active:           450668 kB
Mem:          3.8G       1.8G       2.1G       5.7M        60M       1.3G

MemTotal:        4016004 kB
MemFree:         2113420 kB
Active:           450732 kB
Mem:          3.8G       1.8G       2.0G       5.7M        60M       1.3G

MemTotal:        4016004 kB
MemFree:         2065460 kB
Active:           450752 kB
Mem:          3.8G       1.9G       2.0G       5.7M        60M       1.4G

MemTotal:        4016004 kB
MemFree:         2019096 kB
Active:           450740 kB
Mem:          3.8G       1.9G       1.9G       5.7M        60M       1.4G

MemTotal:        4016004 kB
MemFree:         1972896 kB
Active:           450712 kB
Mem:          3.8G       1.9G       1.9G       5.7M        60M       1.5G

MemTotal:        4016004 kB
MemFree:         1958356 kB
Active:           450728 kB
Mem:          3.8G       2.0G       1.9G       5.7M        60M       1.5G

MemTotal:        4016004 kB
MemFree:         1933124 kB
Active:           450776 kB
Mem:          3.8G       2.0G       1.8G       5.7M        60M       1.5G

MemTotal:        4016004 kB
MemFree:         1886572 kB
Active:           448748 kB
Mem:          3.8G       2.0G       1.8G       5.7M        60M       1.6G

MemTotal:        4016004 kB
MemFree:         1838756 kB
Active:           450768 kB
Mem:          3.8G       2.1G       1.8G       5.7M        60M       1.6G

MemTotal:        4016004 kB
MemFree:         1793028 kB
Active:           450744 kB
Mem:          3.8G       2.1G       1.7G       5.7M        60M       1.6G

MemTotal:        4016004 kB
MemFree:         1769616 kB
Active:           450792 kB
Mem:          3.8G       2.1G       1.7G       5.7M        60M       1.7G

MemTotal:        4016004 kB
MemFree:         1729944 kB
Active:           450772 kB
Mem:          3.8G       2.2G       1.6G       5.7M        60M       1.7G

MemTotal:        4016004 kB
MemFree:         1683148 kB
Active:           450816 kB
Mem:          3.8G       2.2G       1.6G       5.7M        60M       1.8G

MemTotal:        4016004 kB
MemFree:         1637112 kB
Active:           450784 kB
Mem:          3.8G       2.3G       1.6G       5.7M        60M       1.8G

MemTotal:        4016004 kB
MemFree:         1589420 kB
Active:           450836 kB
Mem:          3.8G       2.3G       1.5G       5.7M        60M       1.8G

MemTotal:        4016004 kB
MemFree:         1543196 kB
Active:           450852 kB
Mem:          3.8G       2.4G       1.5G       5.7M        60M       1.9G

MemTotal:        4016004 kB
MemFree:         1495592 kB
Active:           450868 kB
Mem:          3.8G       2.4G       1.4G       5.7M        60M       1.9G

MemTotal:        4016004 kB
MemFree:         1446732 kB
Active:           448876 kB
Mem:          3.8G       2.5G       1.4G       5.7M        60M       2.0G

MemTotal:        4016004 kB
MemFree:         1399088 kB
Active:           452900 kB
Mem:          3.8G       2.5G       1.3G       5.7M        60M       2.0G

MemTotal:        4016004 kB
MemFree:         1353728 kB
Active:           452888 kB
Mem:          3.8G       2.5G       1.3G       5.7M        60M       2.1G

MemTotal:        4016004 kB
MemFree:         1305972 kB
Active:           452864 kB
Mem:          3.8G       2.6G       1.2G       5.7M        60M       2.1G

MemTotal:        4016004 kB
MemFree:         1259388 kB
Active:           452900 kB
Mem:          3.8G       2.6G       1.2G       5.7M        60M       2.1G

MemTotal:        4016004 kB
MemFree:         1211604 kB
Active:           452896 kB
Mem:          3.8G       2.7G       1.2G       5.7M        60M       2.2G

MemTotal:        4016004 kB
MemFree:         1165544 kB
Active:           452920 kB
Mem:          3.8G       2.7G       1.1G       5.7M        60M       2.2G

MemTotal:        4016004 kB
MemFree:         1119352 kB
Active:           452948 kB
Mem:          3.8G       2.8G       1.1G       5.7M        60M       2.3G

MemTotal:        4016004 kB
MemFree:         1073148 kB
Active:           452956 kB
Mem:          3.8G       2.8G       1.0G       5.7M        60M       2.3G

MemTotal:        4016004 kB
MemFree:         1027080 kB
Active:           452980 kB
Mem:          3.8G       2.9G       1.0G       5.7M        60M       2.4G

MemTotal:        4016004 kB
MemFree:          981088 kB
Active:           452992 kB
Mem:          3.8G       2.9G       957M       5.7M        60M       2.4G

MemTotal:        4016004 kB
MemFree:          934240 kB
Active:           453004 kB
Mem:          3.8G       2.9G       911M       5.7M        60M       2.5G

MemTotal:        4016004 kB
MemFree:          886296 kB
Active:           453020 kB
Mem:          3.8G       3.0G       864M       5.7M        60M       2.5G

MemTotal:        4016004 kB
MemFree:          841684 kB
Active:           453040 kB
Mem:          3.8G       3.0G       820M       5.7M        60M       2.5G

MemTotal:        4016004 kB
MemFree:          810960 kB
Active:           453032 kB
Mem:          3.8G       3.1G       791M       5.7M        60M       2.6G

MemTotal:        4016004 kB
MemFree:          764952 kB
Active:           453084 kB
Mem:          3.8G       3.1G       746M       5.7M        60M       2.6G

MemTotal:        4016004 kB
MemFree:          717632 kB
Active:           453068 kB
Mem:          3.8G       3.1G       699M       5.7M        60M       2.7G

MemTotal:        4016004 kB
MemFree:          671904 kB
Active:           453048 kB
Mem:          3.8G       3.2G       655M       5.7M        60M       2.7G

MemTotal:        4016004 kB
MemFree:          624812 kB
Active:           453092 kB
Mem:          3.8G       3.2G       609M       5.7M        60M       2.7G

MemTotal:        4016004 kB
MemFree:          576916 kB
Active:           453092 kB
Mem:          3.8G       3.3G       562M       5.7M        60M       2.8G

MemTotal:        4016004 kB
MemFree:          531312 kB
Active:           453088 kB
Mem:          3.8G       3.3G       517M       5.7M        60M       2.8G

MemTotal:        4016004 kB
MemFree:          482964 kB
Active:           453076 kB
Mem:          3.8G       3.4G       471M       5.7M        60M       2.9G

MemTotal:        4016004 kB
MemFree:          438260 kB
Active:           453096 kB
Mem:          3.8G       3.4G       426M       5.7M        60M       2.9G

MemTotal:        4016004 kB
MemFree:          390240 kB
Active:           453088 kB
Mem:          3.8G       3.5G       380M       5.7M        60M       3.0G

MemTotal:        4016004 kB
MemFree:          357948 kB
Active:           453104 kB
Mem:          3.8G       3.5G       348M       5.7M        60M       3.0G

MemTotal:        4016004 kB
MemFree:          311584 kB
Active:           453128 kB
Mem:          3.8G       3.5G       303M       5.7M        60M       3.0G

MemTotal:        4016004 kB
MemFree:          263640 kB
Active:           453128 kB
Mem:          3.8G       3.6G       256M       5.7M        60M       3.1G

MemTotal:        4016004 kB
MemFree:          217704 kB
Active:           453132 kB
Mem:          3.8G       3.6G       211M       5.7M        60M       3.1G

MemTotal:        4016004 kB
MemFree:          170852 kB
Active:           453140 kB
Mem:          3.8G       3.7G       165M       5.7M        60M       3.2G

MemTotal:        4016004 kB
MemFree:          126120 kB
Active:           453140 kB
Mem:          3.8G       3.7G       122M       5.7M        60M       3.2G

MemTotal:        4016004 kB
MemFree:          111536 kB
Active:           448896 kB
Mem:          3.8G       3.7G       106M       5.7M        29M       3.3G

MemTotal:        4016004 kB
MemFree:          120176 kB
Active:           466800 kB
Mem:          3.8G       3.7G       116M       5.7M        27M       3.2G

MemTotal:        4016004 kB
MemFree:          144652 kB
Active:           514216 kB
Mem:          3.8G       3.7G       139M       5.7M        27M       3.2G

MemTotal:        4016004 kB
MemFree:          128576 kB
Active:           511164 kB
Mem:          3.8G       3.7G       124M       5.7M        27M       3.2G

MemTotal:        4016004 kB
MemFree:          124876 kB
Active:           507556 kB
Mem:          3.8G       3.7G       121M       5.7M        27M       3.2G

MemTotal:        4016004 kB
MemFree:          112824 kB
Active:           504980 kB
Mem:          3.8G       3.7G       108M       5.7M        27M       3.3G

MemTotal:        4016004 kB
MemFree:          127172 kB
Active:           499612 kB
Mem:          3.8G       3.7G       123M       5.7M        27M       3.2G

MemTotal:        4016004 kB
MemFree:          121544 kB
Active:           495008 kB
Mem:          3.8G       3.7G       117M       5.7M        27M       3.2G

MemTotal:        4016004 kB
MemFree:          112476 kB
Active:           491572 kB
Mem:          3.8G       3.7G       108M       5.7M        27M       3.3G

MemTotal:        4016004 kB
MemFree:          108688 kB
Active:           486272 kB
Mem:          3.8G       3.7G       105M       5.7M        27M       3.3G

MemTotal:        4016004 kB
MemFree:          106584 kB
Active:           484296 kB
Mem:          3.8G       3.7G       104M       5.7M        27M       3.3G

MemTotal:        4016004 kB
MemFree:          106668 kB
Active:           486180 kB
Mem:          3.8G       3.7G       104M       5.7M        27M       3.3G

MemTotal:        4016004 kB
MemFree:          123832 kB
Active:           479436 kB
Mem:          3.8G       3.7G       120M       5.7M        27M       3.2G

MemTotal:        4016004 kB
MemFree:          131936 kB
Active:           473012 kB
Mem:          3.8G       3.7G       128M       5.7M        27M       3.2G

MemTotal:        4016004 kB
MemFree:          132320 kB
Active:           468148 kB
Mem:          3.8G       3.7G       128M       5.7M        27M       3.2G

MemTotal:        4016004 kB
MemFree:          128380 kB
Active:           463436 kB
Mem:          3.8G       3.7G       124M       5.7M        27M       3.2G

MemTotal:        4016004 kB
MemFree:          118100 kB
Active:           460108 kB
Mem:          3.8G       3.7G       114M       5.7M        27M       3.3G

MemTotal:        4016004 kB
MemFree:          125692 kB
Active:           457400 kB
Mem:          3.8G       3.7G       121M       5.7M        27M       3.2G

MemTotal:        4016004 kB
MemFree:          115792 kB
Active:           456392 kB
Mem:          3.8G       3.7G       112M       5.7M        27M       3.3G

MemTotal:        4016004 kB
MemFree:          105672 kB
Active:           453148 kB
Mem:          3.8G       3.7G       102M       5.7M        27M       3.3G

MemTotal:        4016004 kB
MemFree:          108416 kB
Active:           452220 kB
Mem:          3.8G       3.7G       105M       5.7M        27M       3.3G

MemTotal:        4016004 kB
MemFree:          134980 kB
Active:           450036 kB
Mem:          3.8G       3.7G       130M       5.7M        27M       3.2G

MemTotal:        4016004 kB
MemFree:          140820 kB
Active:           449952 kB
Mem:          3.8G       3.7G       137M       5.7M        27M       3.2G

MemTotal:        4016004 kB
MemFree:          132220 kB
Active:           448928 kB
Mem:          3.8G       3.7G       128M       5.7M        27M       3.2G

MemTotal:        4016004 kB
MemFree:          120228 kB
Active:           447776 kB
Mem:          3.8G       3.7G       116M       5.7M        27M       3.2G

MemTotal:        4016004 kB
MemFree:          105308 kB
Active:           447628 kB
Mem:          3.8G       3.7G       102M       5.7M        27M       3.3G

MemTotal:        4016004 kB
MemFree:          104940 kB
Active:           447652 kB
Mem:          3.8G       3.7G       102M       5.7M        27M       3.3G

MemTotal:        4016004 kB
MemFree:          105568 kB
Active:           447628 kB
Mem:          3.8G       3.7G       102M       5.7M        27M       3.3G

MemTotal:        4016004 kB
MemFree:          130184 kB
Active:           445364 kB
Mem:          3.8G       3.7G       125M       5.7M        27M       3.2G

MemTotal:        4016004 kB
MemFree:          108496 kB
Active:           444732 kB
Mem:          3.8G       3.7G       104M       5.7M        27M       3.3G

MemTotal:        4016004 kB
MemFree:          133184 kB
Active:           442396 kB
Mem:          3.8G       3.7G       129M       5.7M        27M       3.2G

MemTotal:        4016004 kB
MemFree:          136916 kB
Active:           438336 kB
Mem:          3.8G       3.7G       132M       5.7M        27M       3.2G

MemTotal:        4016004 kB
MemFree:          142648 kB
Active:           436308 kB
Mem:          3.8G       3.7G       138M       5.7M        27M       3.2G

MemTotal:        4016004 kB
MemFree:          133484 kB
Active:           435284 kB
Mem:          3.8G       3.7G       129M       5.7M        27M       3.2G

MemTotal:        4016004 kB
MemFree:          121388 kB
Active:           432076 kB
Mem:          3.8G       3.7G       117M       5.7M        27M       3.2G

MemTotal:        4016004 kB
MemFree:          128996 kB
Active:           430048 kB
Mem:          3.8G       3.7G       125M       5.7M        27M       3.2G

MemTotal:        4016004 kB
MemFree:          118640 kB
Active:           429024 kB
Mem:          3.8G       3.7G       115M       5.7M        27M       3.2G

MemTotal:        4016004 kB
MemFree:          108048 kB
Active:           427860 kB
Mem:          3.8G       3.7G       104M       5.7M        27M       3.3G

MemTotal:        4016004 kB
MemFree:          132740 kB
Active:           426108 kB
Mem:          3.8G       3.7G       129M       5.7M        27M       3.2G

MemTotal:        4016004 kB
MemFree:          135620 kB
Active:           424828 kB
Mem:          3.8G       3.7G       131M       5.7M        27M       3.2G

MemTotal:        4016004 kB
MemFree:          149768 kB
Active:           423040 kB
Mem:          3.8G       3.7G       145M       5.7M        27M       3.2G

MemTotal:        4016004 kB
MemFree:          126504 kB
Active:           422540 kB
Mem:          3.8G       3.7G       122M       5.7M        27M       3.2G

MemTotal:        4016004 kB
MemFree:          105076 kB
Active:           421124 kB
Mem:          3.8G       3.7G       124M       5.7M        27M       3.2G

MemTotal:        4016004 kB
MemFree:          139020 kB
Active:           417576 kB
Mem:          3.8G       3.7G       135M       5.7M        27M       3.2G

MemTotal:        4016004 kB
MemFree:          137832 kB
Active:           417476 kB
Mem:          3.8G       3.7G       134M       5.7M        27M       3.2G

MemTotal:        4016004 kB
MemFree:          120168 kB
Active:           417452 kB
Mem:          3.8G       3.7G       116M       5.7M        27M       3.2G

MemTotal:        4016004 kB
MemFree:          111004 kB
Active:           416444 kB
Mem:          3.8G       3.7G       108M       5.7M        27M       3.3G

MemTotal:        4016004 kB
MemFree:          128764 kB
Active:           414120 kB
Mem:          3.8G       3.7G       125M       5.7M        27M       3.2G

MemTotal:        4016004 kB
MemFree:          119848 kB
Active:           413140 kB
Mem:          3.8G       3.7G       116M       5.7M        27M       3.2G

MemTotal:        4016004 kB
MemFree:          127316 kB
Active:           411448 kB
Mem:          3.8G       3.7G       123M       5.7M        27M       3.2G

MemTotal:        4016004 kB
MemFree:          113836 kB
Active:           409376 kB
Mem:          3.8G       3.7G       110M       5.7M        27M       3.2G

MemTotal:        4016004 kB
MemFree:          121904 kB
Active:           409156 kB
Mem:          3.8G       3.7G       118M       5.7M        27M       3.2G

MemTotal:        4016004 kB
MemFree:          109780 kB
Active:           408148 kB
Mem:          3.8G       3.7G       107M       5.7M        27M       3.3G

MemTotal:        4016004 kB
MemFree:          125364 kB
Active:           406884 kB
Mem:          3.8G       3.7G       122M       5.7M        27M       3.2G

MemTotal:        4016004 kB
MemFree:          134012 kB
Active:           404832 kB
Mem:          3.8G       3.7G       130M       5.7M        27M       3.2G

MemTotal:        4016004 kB
MemFree:          129064 kB
Active:           403176 kB
Mem:          3.8G       3.7G       125M       5.7M        27M       3.2G

MemTotal:        4016004 kB
MemFree:          118324 kB
Active:           402180 kB
Mem:          3.8G       3.7G       114M       5.7M        27M       3.2G

MemTotal:        4016004 kB
MemFree:          119104 kB
Active:           400500 kB
Mem:          3.8G       3.7G       115M       5.7M        27M       3.2G

MemTotal:        4016004 kB
MemFree:          134060 kB
Active:           399344 kB
Mem:          3.8G       3.7G       130M       5.7M        27M       3.2G

MemTotal:        4016004 kB
MemFree:          133752 kB
Active:           399224 kB
Mem:          3.8G       3.7G       130M       5.7M        27M       3.2G

MemTotal:        4016004 kB
MemFree:          110436 kB
Active:           399244 kB
Mem:          3.8G       3.7G       107M       5.7M        27M       3.3G

MemTotal:        4016004 kB
MemFree:          124924 kB
Active:           397572 kB
Mem:          3.8G       3.7G       121M       5.7M        27M       3.2G

MemTotal:        4016004 kB
MemFree:          137416 kB
Active:           393404 kB
Mem:          3.8G       3.7G       134M       5.7M        27M       3.2G

MemTotal:        4016004 kB
MemFree:          141108 kB
Active:           391472 kB
Mem:          3.8G       3.7G       137M       5.7M        27M       3.2G

MemTotal:        4016004 kB
MemFree:          146772 kB
Active:           389728 kB
Mem:          3.8G       3.7G       142M       5.7M        27M       3.2G

MemTotal:        4016004 kB
MemFree:          125720 kB
Active:           389204 kB
Mem:          3.8G       3.7G       121M       5.7M        27M       3.2G

MemTotal:        4016004 kB
MemFree:          128116 kB
Active:           388920 kB
Mem:          3.8G       3.7G       123M       5.7M        27M       3.2G

MemTotal:        4016004 kB
MemFree:          104816 kB
Active:           388960 kB
Mem:          3.8G       3.7G       124M       5.7M        27M       3.2G

MemTotal:        4016004 kB
MemFree:          125524 kB
Active:           388844 kB
Mem:          3.8G       3.7G       121M       5.7M        27M       3.2G

MemTotal:        4016004 kB
MemFree:          115140 kB
Active:           388852 kB
Mem:          3.8G       3.7G       111M       5.7M        27M       3.2G

MemTotal:        4016004 kB
MemFree:          104812 kB
Active:           388728 kB
Mem:          3.8G       3.7G       124M       5.7M        27M       3.2G

MemTotal:        4016004 kB
MemFree:          105176 kB
Active:           388456 kB
Mem:          3.8G       3.7G       102M       5.7M        27M       3.3G

MemTotal:        4016004 kB
MemFree:          106480 kB
Active:           388468 kB
Mem:          3.8G       3.7G       103M       5.7M        27M       3.3G

MemTotal:        4016004 kB
MemFree:          112296 kB
Active:           388468 kB
Mem:          3.8G       3.7G       109M       5.7M        28M       3.3G

MemTotal:        4016004 kB
MemFree:          114184 kB
Active:           388448 kB
Mem:          3.8G       3.7G       110M       5.7M        28M       3.2G

MemTotal:        4016004 kB
MemFree:          118288 kB
Active:           388468 kB
Mem:          3.8G       3.7G       113M       5.7M        28M       3.2G

MemTotal:        4016004 kB
MemFree:          124056 kB
Active:           388480 kB
Mem:          3.8G       3.7G       119M       5.7M        28M       3.2G

MemTotal:        4016004 kB
MemFree:          126156 kB
Active:           388404 kB
Mem:          3.8G       3.7G       123M       5.7M        28M       3.2G

MemTotal:        4016004 kB
MemFree:          128052 kB
Active:           388408 kB
Mem:          3.8G       3.7G       125M       5.7M        28M       3.2G

MemTotal:        4016004 kB
MemFree:          110100 kB
Active:           388416 kB
Mem:          3.8G       3.7G       107M       5.7M        28M       3.3G

MemTotal:        4016004 kB
MemFree:          105712 kB
Active:           388404 kB
Mem:          3.8G       3.7G       102M       5.7M        28M       3.3G

MemTotal:        4016004 kB
MemFree:          126448 kB
Active:           388400 kB
Mem:          3.8G       3.7G       122M       5.7M        28M       3.2G

MemTotal:        4016004 kB
MemFree:          126444 kB
Active:           388400 kB
Mem:          3.8G       3.7G       122M       5.7M        28M       3.2G

MemTotal:        4016004 kB
MemFree:          106080 kB
Active:           388404 kB
Mem:          3.8G       3.7G       103M       5.7M        28M       3.3G

MemTotal:        4016004 kB
MemFree:          105956 kB
Active:           388412 kB
Mem:          3.8G       3.7G       103M       5.7M        28M       3.3G

MemTotal:        4016004 kB
MemFree:          139268 kB
Active:           388408 kB
Mem:          3.8G       3.7G       135M       5.7M        28M       3.2G

MemTotal:        4016004 kB
MemFree:          141748 kB
Active:           388420 kB
Mem:          3.8G       3.7G       137M       5.7M        28M       3.2G

MemTotal:        4016004 kB
MemFree:          137444 kB
Active:           388456 kB
Mem:          3.8G       3.7G       149M       5.7M        28M       3.2G

MemTotal:        4016004 kB
MemFree:          108992 kB
Active:           388432 kB
Mem:          3.8G       3.7G       105M       5.7M        28M       3.3G

MemTotal:        4016004 kB
MemFree:          121032 kB
Active:           388428 kB
Mem:          3.8G       3.7G       117M       5.7M        28M       3.2G

MemTotal:        4016004 kB
MemFree:          109908 kB
Active:           387720 kB
Mem:          3.8G       3.7G       106M       5.7M        28M       3.3G

MemTotal:        4016004 kB
MemFree:          124232 kB
Active:           387412 kB
Mem:          3.8G       3.7G       121M       5.7M        28M       3.2G

MemTotal:        4016004 kB
MemFree:          112636 kB
Active:           388788 kB
Mem:          3.8G       3.7G       109M       5.7M        28M       3.2G

MemTotal:        4016004 kB
MemFree:          125588 kB
Active:           388560 kB
Mem:          3.8G       3.7G       122M       5.7M        28M       3.2G

MemTotal:        4016004 kB
MemFree:          132688 kB
Active:           388540 kB
Mem:          3.8G       3.7G       128M       5.7M        28M       3.2G

MemTotal:        4016004 kB
MemFree:          123044 kB
Active:           388560 kB
Mem:          3.8G       3.7G       119M       5.7M        28M       3.2G

MemTotal:        4016004 kB
MemFree:          125012 kB
Active:           388564 kB
Mem:          3.8G       3.7G       121M       5.7M        28M       3.2G

MemTotal:        4016004 kB
MemFree:          114860 kB
Active:           388564 kB
Mem:          3.8G       3.7G       111M       5.7M        28M       3.2G

MemTotal:        4016004 kB
MemFree:          127132 kB
Active:           388580 kB
Mem:          3.8G       3.7G       123M       5.7M        28M       3.2G

MemTotal:        4016004 kB
MemFree:          129248 kB
Active:           388596 kB
Mem:          3.8G       3.7G       126M       5.7M        28M       3.2G

MemTotal:        4016004 kB
MemFree:          107568 kB
Active:           388568 kB
Mem:          3.8G       3.7G       104M       5.7M        28M       3.3G

MemTotal:        4016004 kB
MemFree:          134916 kB
Active:           387364 kB
Mem:          3.8G       3.7G       131M       5.7M        28M       3.2G

MemTotal:        4016004 kB
MemFree:          130224 kB
Active:           387056 kB
Mem:          3.8G       3.7G       125M       5.7M        28M       3.2G

MemTotal:        4016004 kB
MemFree:          130748 kB
Active:           387056 kB
Mem:          3.8G       3.7G       126M       5.7M        28M       3.2G

MemTotal:        4016004 kB
MemFree:          119972 kB
Active:           387064 kB
Mem:          3.8G       3.7G       116M       5.7M        28M       3.2G

MemTotal:        4016004 kB
MemFree:          121700 kB
Active:           387040 kB
Mem:          3.8G       3.7G       118M       5.7M        28M       3.2G

MemTotal:        4016004 kB
MemFree:          128532 kB
Active:           387040 kB
Mem:          3.8G       3.7G       124M       5.7M        28M       3.2G

MemTotal:        4016004 kB
MemFree:          118212 kB
Active:           387056 kB
Mem:          3.8G       3.7G       114M       5.7M        28M       3.2G

MemTotal:        4016004 kB
MemFree:          107188 kB
Active:           387048 kB
Mem:          3.8G       3.7G       103M       5.7M        28M       3.3G

MemTotal:        4016004 kB
MemFree:          125296 kB
Active:           382384 kB
Mem:          3.8G       3.7G       120M       5.7M        28M       3.2G

MemTotal:        4016004 kB
MemFree:          132440 kB
Active:           382348 kB
Mem:          3.8G       3.7G       129M       5.7M        28M       3.2G

MemTotal:        4016004 kB
MemFree:          120908 kB
Active:           382380 kB
Mem:          3.8G       3.7G       117M       5.7M        28M       3.2G

MemTotal:        4016004 kB
MemFree:          111660 kB
Active:           382376 kB
Mem:          3.8G       3.7G       108M       5.7M        28M       3.2G

MemTotal:        4016004 kB
MemFree:          117528 kB
Active:           382400 kB
Mem:          3.8G       3.7G       113M       5.7M        28M       3.2G

MemTotal:        4016004 kB
MemFree:          107884 kB
Active:           382408 kB
Mem:          3.8G       3.7G       104M       5.7M        28M       3.2G

MemTotal:        4016004 kB
MemFree:          131952 kB
Active:           382404 kB
Mem:          3.8G       3.7G       128M       5.7M        28M       3.2G

MemTotal:        4016004 kB
MemFree:          141032 kB
Active:           381360 kB
Mem:          3.8G       3.7G       136M       5.7M        28M       3.2G

MemTotal:        4016004 kB
MemFree:          131384 kB
Active:           381304 kB
Mem:          3.8G       3.7G       127M       5.7M        28M       3.2G

MemTotal:        4016004 kB
MemFree:          119888 kB
Active:           381324 kB
Mem:          3.8G       3.7G       116M       5.7M        28M       3.2G

MemTotal:        4016004 kB
MemFree:          131204 kB
Active:           381320 kB
Mem:          3.8G       3.7G       127M       5.7M        28M       3.2G

MemTotal:        4016004 kB
MemFree:          131840 kB
Active:           383384 kB
Mem:          3.8G       3.7G       127M       5.7M        28M       3.2G

MemTotal:        4016004 kB
MemFree:          120616 kB
Active:           382596 kB
Mem:          3.8G       3.7G       117M       5.7M        28M       3.2G

MemTotal:        4016004 kB
MemFree:          110588 kB
Active:           382468 kB
Mem:          3.8G       3.7G       107M       5.7M        28M       3.2G

MemTotal:        4016004 kB
MemFree:          115288 kB
Active:           382460 kB
Mem:          3.8G       3.7G       111M       5.7M        28M       3.2G

MemTotal:        4016004 kB
MemFree:          112172 kB
Active:           382492 kB
Mem:          3.8G       3.7G       105M       5.7M        28M       3.2G

MemTotal:        4016004 kB
MemFree:          136420 kB
Active:           380892 kB
Mem:          3.8G       3.7G       132M       5.7M        28M       3.2G

MemTotal:        4016004 kB
MemFree:          150228 kB
Active:           380804 kB
Mem:          3.8G       3.7G       145M       5.7M        28M       3.2G

MemTotal:        4016004 kB
MemFree:          127648 kB
Active:           380792 kB
Mem:          3.8G       3.7G       124M       5.7M        28M       3.2G

MemTotal:        4016004 kB
MemFree:          110588 kB
Active:           380780 kB
Mem:          3.8G       3.7G       107M       5.7M        28M       3.2G

MemTotal:        4016004 kB
MemFree:          124548 kB
Active:           380800 kB
Mem:          3.8G       3.7G       121M       5.7M        28M       3.2G

MemTotal:        4016004 kB
MemFree:          123176 kB
Active:           380660 kB
Mem:          3.8G       3.7G       119M       5.7M        28M       3.2G

MemTotal:        4016004 kB
MemFree:          125516 kB
Active:           381952 kB
Mem:          3.8G       3.7G       121M       5.7M        28M       3.2G

MemTotal:        4016004 kB
MemFree:          130644 kB
Active:           381796 kB
Mem:          3.8G       3.7G       126M       5.7M        28M       3.2G

MemTotal:        4016004 kB
MemFree:          119388 kB
Active:           381824 kB
Mem:          3.8G       3.7G       116M       5.7M        28M       3.2G

MemTotal:        4016004 kB
MemFree:          115420 kB
Active:           381808 kB
Mem:          3.8G       3.7G       112M       5.7M        28M       3.2G

MemTotal:        4016004 kB
MemFree:          115036 kB
Active:           381824 kB
Mem:          3.8G       3.7G       112M       5.7M        28M       3.2G

MemTotal:        4016004 kB
MemFree:          107512 kB
Active:           381832 kB
Mem:          3.8G       3.7G       103M       5.7M        28M       3.2G

MemTotal:        4016004 kB
MemFree:          131308 kB
Active:           372440 kB
Mem:          3.8G       3.7G       138M       5.7M        28M       3.2G

MemTotal:        4016004 kB
MemFree:          132964 kB
Active:           372476 kB
Mem:          3.8G       3.7G       129M       5.7M        28M       3.2G

MemTotal:        4016004 kB
MemFree:          133488 kB
Active:           372352 kB
Mem:          3.8G       3.7G       130M       5.7M        28M       3.2G

MemTotal:        4016004 kB
MemFree:          134244 kB
Active:           372336 kB
Mem:          3.8G       3.7G       130M       5.7M        28M       3.2G

MemTotal:        4016004 kB
MemFree:          104868 kB
Active:           372348 kB
Mem:          3.8G       3.7G       104M       5.7M        28M       3.2G

MemTotal:        4016004 kB
MemFree:          106476 kB
Active:           372308 kB
Mem:          3.8G       3.7G       103M       5.7M        28M       3.2G

MemTotal:        4016004 kB
MemFree:          107692 kB
Active:           372324 kB
Mem:          3.8G       3.7G       104M       5.7M        28M       3.2G

MemTotal:        4016004 kB
MemFree:          128276 kB
Active:           372360 kB
Mem:          3.8G       3.7G       125M       5.7M        28M       3.2G

MemTotal:        4016004 kB
MemFree:          128092 kB
Active:           372364 kB
Mem:          3.8G       3.7G       124M       5.7M        28M       3.2G

MemTotal:        4016004 kB
MemFree:          128988 kB
Active:           372340 kB
Mem:          3.8G       3.7G       125M       5.7M        28M       3.2G

MemTotal:        4016004 kB
MemFree:          130008 kB
Active:           372060 kB
Mem:          3.8G       3.7G       126M       5.7M        28M       3.2G

MemTotal:        4016004 kB
MemFree:          122116 kB
Active:           369256 kB
Mem:          3.8G       3.7G       118M       5.7M        28M       3.2G

MemTotal:        4016004 kB
MemFree:          122140 kB
Active:           369040 kB
Mem:          3.8G       3.7G       119M       5.7M        28M       3.2G

MemTotal:        4016004 kB
MemFree:          121556 kB
Active:           368884 kB
Mem:          3.8G       3.7G       118M       5.7M        28M       3.2G

MemTotal:        4016004 kB
MemFree:          117728 kB
Active:           368624 kB
Mem:          3.8G       3.7G       113M       5.7M        28M       3.2G

MemTotal:        4016004 kB
MemFree:          107296 kB
Active:           368632 kB
Mem:          3.8G       3.7G       104M       5.7M        28M       3.2G

MemTotal:        4016004 kB
MemFree:          126376 kB
Active:           368612 kB
Mem:          3.8G       3.7G       123M       5.7M        28M       3.2G

MemTotal:        4016004 kB
MemFree:          127712 kB
Active:           368644 kB
Mem:          3.8G       3.7G       124M       5.7M        28M       3.2G

MemTotal:        4016004 kB
MemFree:          123332 kB
Active:           368652 kB
Mem:          3.8G       3.7G       119M       5.7M        28M       3.2G

MemTotal:        4016004 kB
MemFree:          106340 kB
Active:           368648 kB
Mem:          3.8G       3.7G       103M       5.7M        28M       3.2G

MemTotal:        4016004 kB
MemFree:          124564 kB
Active:           368660 kB
Mem:          3.8G       3.7G       121M       5.7M        28M       3.2G

MemTotal:        4016004 kB
MemFree:          108380 kB
Active:           368656 kB
Mem:          3.8G       3.7G       105M       5.7M        28M       3.2G

MemTotal:        4016004 kB
MemFree:          127020 kB
Active:           368620 kB
Mem:          3.8G       3.7G       123M       5.7M        28M       3.2G

MemTotal:        4016004 kB
MemFree:          130444 kB
Active:           367096 kB
Mem:          3.8G       3.7G       126M       5.7M        28M       3.2G

MemTotal:        4016004 kB
MemFree:          134076 kB
Active:           366948 kB
Mem:          3.8G       3.7G       130M       5.7M        28M       3.2G

MemTotal:        4016004 kB
MemFree:          106856 kB
Active:           366948 kB
Mem:          3.8G       3.7G       102M       5.7M        28M       3.2G

MemTotal:        4016004 kB
MemFree:          106420 kB
Active:           366996 kB
Mem:          3.8G       3.7G       103M       5.7M        28M       3.2G

MemTotal:        4016004 kB
MemFree:          121752 kB
Active:           366988 kB
Mem:          3.8G       3.7G       118M       5.7M        28M       3.2G

MemTotal:        4016004 kB
MemFree:          123956 kB
Active:           366988 kB
Mem:          3.8G       3.7G       120M       5.7M        28M       3.2G

MemTotal:        4016004 kB
MemFree:          125564 kB
Active:           366968 kB
Mem:          3.8G       3.7G       121M       5.7M        28M       3.2G

MemTotal:        4016004 kB
MemFree:          132644 kB
Active:           366864 kB
Mem:          3.8G       3.7G       128M       5.7M        28M       3.2G

MemTotal:        4016004 kB
MemFree:          132904 kB
Active:           367092 kB
Mem:          3.8G       3.7G       129M       5.7M        28M       3.2G

MemTotal:        4016004 kB
MemFree:          133972 kB
Active:           366988 kB
Mem:          3.8G       3.7G       130M       5.7M        28M       3.2G

MemTotal:        4016004 kB
MemFree:          115236 kB
Active:           365340 kB
Mem:          3.8G       3.7G       112M       5.7M        28M       3.2G

MemTotal:        4016004 kB
MemFree:          104856 kB
Active:           367240 kB
Mem:          3.8G       3.7G       124M       5.7M        28M       3.2G

MemTotal:        4016004 kB
MemFree:          125852 kB
Active:           367244 kB
Mem:          3.8G       3.7G       121M       5.7M        28M       3.2G

MemTotal:        4016004 kB
MemFree:          128800 kB
Active:           367108 kB
Mem:          3.8G       3.7G       125M       5.7M        28M       3.2G

MemTotal:        4016004 kB
MemFree:          126296 kB
Active:           367124 kB
Mem:          3.8G       3.7G       122M       5.7M        28M       3.2G

MemTotal:        4016004 kB
MemFree:          120584 kB
Active:           367284 kB
Mem:          3.8G       3.7G       117M       5.7M        28M       3.2G

MemTotal:        4016004 kB
MemFree:          117416 kB
Active:           367132 kB
Mem:          3.8G       3.7G       114M       5.7M        28M       3.2G

MemTotal:        4016004 kB
MemFree:          110252 kB
Active:           364672 kB
Mem:          3.8G       3.7G       106M       5.7M        28M       3.2G

MemTotal:        4016004 kB
MemFree:          135056 kB
Active:           364364 kB
Mem:          3.8G       3.7G       131M       5.7M        28M       3.2G

MemTotal:        4016004 kB
MemFree:          151404 kB
Active:           364336 kB
Mem:          3.8G       3.7G       147M       5.7M        28M       3.2G

MemTotal:        4016004 kB
MemFree:          105660 kB
Active:           364328 kB
Mem:          3.8G       3.7G       102M       5.7M        28M       3.2G

MemTotal:        4016004 kB
MemFree:          111500 kB
Active:           364556 kB
Mem:          3.8G       3.7G       108M       5.7M        28M       3.2G

MemTotal:        4016004 kB
MemFree:          125200 kB
Active:           364592 kB
Mem:          3.8G       3.7G       121M       5.7M        28M       3.2G

MemTotal:        4016004 kB
MemFree:          114484 kB
Active:           364488 kB
Mem:          3.8G       3.7G       111M       5.7M        28M       3.2G

MemTotal:        4016004 kB
MemFree:          117436 kB
Active:           364444 kB
Mem:          3.8G       3.7G       114M       5.7M        28M       3.2G

MemTotal:        4016004 kB
MemFree:          117420 kB
Active:           364444 kB
Mem:          3.8G       3.7G       114M       5.7M        28M       3.2G

MemTotal:        4016004 kB
MemFree:          117168 kB
Active:           364268 kB
Mem:          3.8G       3.7G       114M       5.7M        28M       3.2G

MemTotal:        4016004 kB
MemFree:          116692 kB
Active:           364376 kB
Mem:          3.8G       3.7G       112M       5.7M        28M       3.2G

MemTotal:        4016004 kB
MemFree:          123720 kB
Active:           364372 kB
Mem:          3.8G       3.7G       120M       5.7M        28M       3.2G

MemTotal:        4016004 kB
MemFree:          113936 kB
Active:           364372 kB
Mem:          3.8G       3.7G       110M       5.7M        28M       3.2G

MemTotal:        4016004 kB
MemFree:          126432 kB
Active:           364364 kB
Mem:          3.8G       3.7G       123M       5.7M        28M       3.2G

MemTotal:        4016004 kB
MemFree:          127452 kB
Active:           364364 kB
Mem:          3.8G       3.7G       123M       5.7M        28M       3.2G

MemTotal:        4016004 kB
MemFree:          147112 kB
Active:           364400 kB
Mem:          3.8G       3.7G       143M       5.7M        28M       3.2G

MemTotal:        4016004 kB
MemFree:          137932 kB
Active:           361296 kB
Mem:          3.8G       3.7G       134M       5.7M        28M       3.2G

MemTotal:        4016004 kB
MemFree:          133724 kB
Active:           361096 kB
Mem:          3.8G       3.7G       130M       5.7M        28M       3.2G

MemTotal:        4016004 kB
MemFree:          134752 kB
Active:           361132 kB
Mem:          3.8G       3.7G       131M       5.7M        28M       3.2G

MemTotal:        4016004 kB
MemFree:          104928 kB
Active:           361148 kB
Mem:          3.8G       3.7G       125M       5.7M        28M       3.2G

MemTotal:        4016004 kB
MemFree:          129460 kB
Active:           361148 kB
Mem:          3.8G       3.7G       125M       5.7M        28M       3.2G

MemTotal:        4016004 kB
MemFree:          128068 kB
Active:           361148 kB
Mem:          3.8G       3.7G       125M       5.7M        28M       3.2G

MemTotal:        4016004 kB
MemFree:          111880 kB
Active:           361160 kB
Mem:          3.8G       3.7G       108M       5.7M        28M       3.2G

MemTotal:        4016004 kB
MemFree:          131252 kB
Active:           361160 kB
Mem:          3.8G       3.7G       127M       5.7M        28M       3.2G

MemTotal:        4016004 kB
MemFree:          133936 kB
Active:           361312 kB
Mem:          3.8G       3.7G       129M       5.7M        28M       3.2G

MemTotal:        4016004 kB
MemFree:          150272 kB
Active:           361172 kB
Mem:          3.8G       3.7G       146M       5.7M        28M       3.2G

MemTotal:        4016004 kB
MemFree:          128200 kB
Active:           361160 kB
Mem:          3.8G       3.7G       124M       5.7M        28M       3.2G

MemTotal:        4016004 kB
MemFree:          104852 kB
Active:           361160 kB
Mem:          3.8G       3.7G       124M       5.7M        28M       3.2G

MemTotal:        4016004 kB
MemFree:          134764 kB
Active:           361176 kB
Mem:          3.8G       3.7G       131M       5.7M        28M       3.2G

MemTotal:        4016004 kB
MemFree:          125340 kB
Active:           361148 kB
Mem:          3.8G       3.7G       121M       5.7M        28M       3.2G

MemTotal:        4016004 kB
MemFree:          108968 kB
Active:           361164 kB
Mem:          3.8G       3.7G       105M       5.7M        28M       3.2G

MemTotal:        4016004 kB
MemFree:          134648 kB
Active:           361160 kB
Mem:          3.8G       3.7G       130M       5.7M        28M       3.2G

MemTotal:        4016004 kB
MemFree:          129476 kB
Active:           361188 kB
Mem:          3.8G       3.7G       125M       5.7M        28M       3.2G

MemTotal:        4016004 kB
MemFree:          128856 kB
Active:           361168 kB
Mem:          3.8G       3.7G       125M       5.7M        28M       3.2G

MemTotal:        4016004 kB
MemFree:          122488 kB
Active:           361208 kB
Mem:          3.8G       3.7G       118M       5.7M        28M       3.2G

MemTotal:        4016004 kB
MemFree:          109504 kB
Active:           358540 kB
Mem:          3.8G       3.7G       106M       5.7M        28M       3.2G

MemTotal:        4016004 kB
MemFree:          128500 kB
Active:           358332 kB
Mem:          3.8G       3.7G       124M       5.7M        28M       3.2G

MemTotal:        4016004 kB
MemFree:          135176 kB
Active:           358324 kB
Mem:          3.8G       3.7G       132M       5.7M        28M       3.2G

MemTotal:        4016004 kB
MemFree:          142668 kB
Active:           358332 kB
Mem:          3.8G       3.7G       138M       5.7M        28M       3.2G

MemTotal:        4016004 kB
MemFree:          132512 kB
Active:           358348 kB
Mem:          3.8G       3.7G       128M       5.7M        28M       3.2G

MemTotal:        4016004 kB
MemFree:          121008 kB
Active:           358348 kB
Mem:          3.8G       3.7G       117M       5.7M        28M       3.2G

MemTotal:        4016004 kB
MemFree:          127436 kB
Active:           358308 kB
Mem:          3.8G       3.7G       123M       5.7M        28M       3.2G

MemTotal:        4016004 kB
MemFree:          117916 kB
Active:           358348 kB
Mem:          3.8G       3.7G       115M       5.7M        28M       3.2G

MemTotal:        4016004 kB
MemFree:          107840 kB
Active:           358320 kB
Mem:          3.8G       3.7G       104M       5.7M        28M       3.2G

MemTotal:        4016004 kB
MemFree:          115896 kB
Active:           358332 kB
Mem:          3.8G       3.7G       112M       5.7M        28M       3.2G

MemTotal:        4016004 kB
MemFree:          130128 kB
Active:           358364 kB
Mem:          3.8G       3.7G       126M       5.7M        28M       3.2G

MemTotal:        4016004 kB
MemFree:          132024 kB
Active:           358380 kB
Mem:          3.8G       3.7G       131M       5.7M        28M       3.2G

MemTotal:        4016004 kB
MemFree:          142568 kB
Active:           358388 kB
Mem:          3.8G       3.7G       137M       5.7M        28M       3.2G

MemTotal:        4016004 kB
MemFree:          131376 kB
Active:           358396 kB
Mem:          3.8G       3.7G       128M       5.7M        28M       3.2G

MemTotal:        4016004 kB
MemFree:          107160 kB
Active:           358384 kB
Mem:          3.8G       3.7G       104M       5.7M        28M       3.2G

MemTotal:        4016004 kB
MemFree:          132964 kB
Active:           358384 kB
Mem:          3.8G       3.7G       128M       5.7M        28M       3.2G

MemTotal:        4016004 kB
MemFree:          134332 kB
Active:           358396 kB
Mem:          3.8G       3.7G       129M       5.7M        28M       3.2G

MemTotal:        4016004 kB
MemFree:          141808 kB
Active:           358416 kB
Mem:          3.8G       3.7G       137M       5.7M        28M       3.2G

MemTotal:        4016004 kB
MemFree:          131016 kB
Active:           358412 kB
Mem:          3.8G       3.7G       126M       5.7M        28M       3.2G

MemTotal:        4016004 kB
MemFree:          120552 kB
Active:           358424 kB
Mem:          3.8G       3.7G       116M       5.7M        28M       3.2G

MemTotal:        4016004 kB
MemFree:          127384 kB
Active:           358412 kB
Mem:          3.8G       3.7G       123M       5.7M        28M       3.2G

MemTotal:        4016004 kB
MemFree:          117220 kB
Active:           358432 kB
Mem:          3.8G       3.7G       113M       5.7M        28M       3.2G

MemTotal:        4016004 kB
MemFree:          111224 kB
Active:           358428 kB
Mem:          3.8G       3.7G       108M       5.7M        28M       3.2G

MemTotal:        4016004 kB
MemFree:          111132 kB
Active:           358412 kB
Mem:          3.8G       3.7G       108M       5.7M        28M       3.2G

MemTotal:        4016004 kB
MemFree:          111132 kB
Active:           358428 kB
Mem:          3.8G       3.7G       108M       5.7M        28M       3.2G

MemTotal:        4016004 kB
MemFree:          106272 kB
Active:           358428 kB
Mem:          3.8G       3.7G       103M       5.7M        28M       3.2G

MemTotal:        4016004 kB
MemFree:          132952 kB
Active:           357432 kB
Mem:          3.8G       3.7G       128M       5.7M        28M       3.2G

MemTotal:        4016004 kB
MemFree:          134592 kB
Active:           357440 kB
Mem:          3.8G       3.7G       130M       5.7M        28M       3.2G

MemTotal:        4016004 kB
MemFree:          140540 kB
Active:           357464 kB
Mem:          3.8G       3.7G       135M       5.7M        28M       3.2G

MemTotal:        4016004 kB
MemFree:          129996 kB
Active:           357572 kB
Mem:          3.8G       3.7G       126M       5.7M        28M       3.2G

MemTotal:        4016004 kB
MemFree:          119996 kB
Active:           357456 kB
Mem:          3.8G       3.7G       116M       5.7M        28M       3.2G

MemTotal:        4016004 kB
MemFree:          127108 kB
Active:           357476 kB
Mem:          3.8G       3.7G       123M       5.7M        28M       3.2G

MemTotal:        4016004 kB
MemFree:          116052 kB
Active:           357492 kB
Mem:          3.8G       3.7G       112M       5.7M        28M       3.2G

MemTotal:        4016004 kB
MemFree:          130544 kB
Active:           357616 kB
Mem:          3.8G       3.7G       127M       5.7M        28M       3.2G

MemTotal:        4016004 kB
MemFree:          137836 kB
Active:           357504 kB
Mem:          3.8G       3.7G       134M       5.7M        28M       3.2G

MemTotal:        4016004 kB
MemFree:          121376 kB
Active:           357592 kB
Mem:          3.8G       3.7G       117M       5.7M        28M       3.2G

MemTotal:        4016004 kB
MemFree:          128344 kB
Active:           357512 kB
Mem:          3.8G       3.7G       123M       5.7M        28M       3.2G

MemTotal:        4016004 kB
MemFree:          117184 kB
Active:           357624 kB
Mem:          3.8G       3.7G       114M       5.7M        28M       3.2G

MemTotal:        4016004 kB
MemFree:          106520 kB
Active:           357516 kB
Mem:          3.8G       3.7G       103M       5.7M        28M       3.2G

MemTotal:        4016004 kB
MemFree:          113528 kB
Active:           357516 kB
Mem:          3.8G       3.7G       109M       5.7M        28M       3.2G

MemTotal:        4016004 kB
MemFree:          126784 kB
Active:           357492 kB
Mem:          3.8G       3.7G       123M       5.7M        28M       3.2G

MemTotal:        4016004 kB
MemFree:          122512 kB
Active:           357496 kB
Mem:          3.8G       3.7G       118M       5.7M        28M       3.2G

MemTotal:        4016004 kB
MemFree:          105500 kB
Active:           357484 kB
Mem:          3.8G       3.7G       102M       5.7M        28M       3.2G

MemTotal:        4016004 kB
MemFree:          131656 kB
Active:           357500 kB
Mem:          3.8G       3.7G       128M       5.7M        28M       3.2G

MemTotal:        4016004 kB
MemFree:          110352 kB
Active:           357632 kB
Mem:          3.8G       3.7G       107M       5.7M        28M       3.2G

MemTotal:        4016004 kB
MemFree:          135196 kB
Active:           357548 kB
Mem:          3.8G       3.7G       130M       5.7M        28M       3.2G

MemTotal:        4016004 kB
MemFree:          115556 kB
Active:           357632 kB
Mem:          3.8G       3.7G       112M       5.7M        28M       3.2G

MemTotal:        4016004 kB
MemFree:          129364 kB
Active:           357664 kB
Mem:          3.8G       3.7G       124M       5.7M        28M       3.2G

MemTotal:        4016004 kB
MemFree:          123368 kB
Active:           357644 kB
Mem:          3.8G       3.7G       120M       5.7M        28M       3.2G

MemTotal:        4016004 kB
MemFree:          123288 kB
Active:           357540 kB
Mem:          3.8G       3.7G       120M       5.7M        28M       3.2G

MemTotal:        4016004 kB
MemFree:          132312 kB
Active:           357648 kB
Mem:          3.8G       3.7G       128M       5.7M        28M       3.2G

MemTotal:        4016004 kB
MemFree:          133376 kB
Active:           357676 kB
Mem:          3.8G       3.7G       129M       5.7M        28M       3.2G

MemTotal:        4016004 kB
MemFree:          134684 kB
Active:           357688 kB
Mem:          3.8G       3.7G       130M       5.7M        28M       3.2G

MemTotal:        4016004 kB
MemFree:          140624 kB
Active:           357576 kB
Mem:          3.8G       3.7G       136M       5.7M        28M       3.2G

MemTotal:        4016004 kB
MemFree:          130260 kB
Active:           357692 kB
Mem:          3.8G       3.7G       126M       5.7M        28M       3.2G

MemTotal:        4016004 kB
MemFree:          123800 kB
Active:           357512 kB
Mem:          3.8G       3.7G       121M       5.7M        28M       3.2G

MemTotal:        4016004 kB
MemFree:          124452 kB
Active:           357436 kB
Mem:          3.8G       3.7G       121M       5.7M        28M       3.2G

MemTotal:        4016004 kB
MemFree:          124512 kB
Active:           357340 kB
Mem:          3.8G       3.7G       121M       5.7M        28M       3.2G

MemTotal:        4016004 kB
MemFree:          124760 kB
Active:           357240 kB
Mem:          3.8G       3.7G       121M       5.7M        28M       3.2G

MemTotal:        4016004 kB
MemFree:          124760 kB
Active:           357244 kB
Mem:          3.8G       3.7G       121M       5.7M        28M       3.2G

MemTotal:        4016004 kB
MemFree:          124216 kB
Active:           357356 kB
Mem:          3.8G       3.7G       121M       5.7M        28M       3.2G

MemTotal:        4016004 kB
MemFree:          123816 kB
Active:           357392 kB
Mem:          3.8G       3.7G       120M       5.7M        28M       3.2G

MemTotal:        4016004 kB
MemFree:          123684 kB
Active:           357284 kB
Mem:          3.8G       3.7G       120M       5.7M        28M       3.2G

MemTotal:        4016004 kB
MemFree:          124340 kB
Active:           357424 kB
Mem:          3.8G       3.7G       121M       5.7M        28M       3.2G

MemTotal:        4016004 kB
MemFree:          124188 kB
Active:           357396 kB
Mem:          3.8G       3.7G       121M       5.7M        28M       3.2G

MemTotal:        4016004 kB
MemFree:          124832 kB
Active:           357384 kB
Mem:          3.8G       3.7G       121M       5.7M        28M       3.2G

MemTotal:        4016004 kB
MemFree:          124576 kB
Active:           357368 kB
Mem:          3.8G       3.7G       121M       5.7M        28M       3.2G

MemTotal:        4016004 kB
MemFree:          124692 kB
Active:           357424 kB
Mem:          3.8G       3.7G       121M       5.7M        28M       3.2G

MemTotal:        4016004 kB
MemFree:          124756 kB
Active:           357380 kB
Mem:          3.8G       3.7G       121M       5.7M        28M       3.2G

MemTotal:        4016004 kB
MemFree:          124568 kB
Active:           357404 kB
Mem:          3.8G       3.7G       121M       5.7M        28M       3.2G

MemTotal:        4016004 kB
MemFree:          123916 kB
Active:           357456 kB
Mem:          3.8G       3.7G       121M       5.7M        28M       3.2G

MemTotal:        4016004 kB
MemFree:          124148 kB
Active:           357440 kB
Mem:          3.8G       3.7G       121M       5.7M        28M       3.2G

MemTotal:        4016004 kB
MemFree:          124148 kB
Active:           357548 kB
Mem:          3.8G       3.7G       121M       5.7M        28M       3.2G

MemTotal:        4016004 kB
MemFree:          124412 kB
Active:           357340 kB
Mem:          3.8G       3.7G       121M       5.7M        28M       3.2G

MemTotal:        4016004 kB
MemFree:          124428 kB
Active:           357408 kB
Mem:          3.8G       3.7G       121M       5.7M        28M       3.2G

MemTotal:        4016004 kB
MemFree:          124412 kB
Active:           357420 kB
Mem:          3.8G       3.7G       121M       5.7M        28M       3.2G

MemTotal:        4016004 kB
MemFree:          124396 kB
Active:           357424 kB
Mem:          3.8G       3.7G       121M       5.7M        28M       3.2G

MemTotal:        4016004 kB
MemFree:          124484 kB
Active:           357408 kB
Mem:          3.8G       3.7G       121M       5.7M        28M       3.2G

MemTotal:        4016004 kB
MemFree:          123932 kB
Active:           357528 kB
Mem:          3.8G       3.7G       121M       5.7M        28M       3.2G

MemTotal:        4016004 kB
MemFree:          124056 kB
Active:           357320 kB
Mem:          3.8G       3.7G       121M       5.7M        28M       3.2G

MemTotal:        4016004 kB
MemFree:          124272 kB
Active:           357552 kB
Mem:          3.8G       3.7G       121M       5.7M        28M       3.2G

MemTotal:        4016004 kB
MemFree:          123900 kB
Active:           357464 kB
Mem:          3.8G       3.7G       120M       5.7M        28M       3.2G

MemTotal:        4016004 kB
MemFree:          124040 kB
Active:           357448 kB
Mem:          3.8G       3.7G       121M       5.7M        28M       3.2G

MemTotal:        4016004 kB
MemFree:          124188 kB
Active:           357440 kB
Mem:          3.8G       3.7G       121M       5.7M        28M       3.2G

MemTotal:        4016004 kB
MemFree:          124412 kB
Active:           357412 kB
Mem:          3.8G       3.7G       121M       5.7M        28M       3.2G

MemTotal:        4016004 kB
MemFree:          124148 kB
Active:           357436 kB
Mem:          3.8G       3.7G       121M       5.7M        28M       3.2G

MemTotal:        4016004 kB
MemFree:          124024 kB
Active:           357560 kB
Mem:          3.8G       3.7G       121M       5.7M        28M       3.2G

MemTotal:        4016004 kB
MemFree:          124444 kB
Active:           357592 kB
Mem:          3.8G       3.7G       121M       5.7M        28M       3.2G

MemTotal:        4016004 kB
MemFree:          124412 kB
Active:           357372 kB
Mem:          3.8G       3.7G       121M       5.7M        28M       3.2G

MemTotal:        4016004 kB
MemFree:          124768 kB
Active:           357468 kB
Mem:          3.8G       3.7G       121M       5.7M        28M       3.2G

MemTotal:        4016004 kB
MemFree:          124660 kB
Active:           357416 kB
Mem:          3.8G       3.7G       121M       5.7M        28M       3.2G

MemTotal:        4016004 kB
MemFree:          124644 kB
Active:           357436 kB
Mem:          3.8G       3.7G       121M       5.7M        28M       3.2G

MemTotal:        4016004 kB
MemFree:          124280 kB
Active:           357308 kB
Mem:          3.8G       3.7G       121M       5.7M        28M       3.2G

MemTotal:        4016004 kB
MemFree:          124172 kB
Active:           357444 kB
Mem:          3.8G       3.7G       121M       5.7M        28M       3.2G

MemTotal:        4016004 kB
MemFree:          124228 kB
Active:           357720 kB
Mem:          3.8G       3.7G       120M       5.7M        28M       3.2G

MemTotal:        4016004 kB
MemFree:          123900 kB
Active:           357548 kB
Mem:          3.8G       3.7G       120M       5.7M        28M       3.2G

MemTotal:        4016004 kB
MemFree:          124364 kB
Active:           357556 kB
Mem:          3.8G       3.7G       121M       5.7M        28M       3.2G

MemTotal:        4016004 kB
MemFree:          123992 kB
Active:           357588 kB
Mem:          3.8G       3.7G       120M       5.7M        28M       3.2G

MemTotal:        4016004 kB
MemFree:          124228 kB
Active:           357368 kB
Mem:          3.8G       3.7G       121M       5.7M        28M       3.2G

MemTotal:        4016004 kB
MemFree:          124304 kB
Active:           357508 kB
Mem:          3.8G       3.7G       121M       5.7M        28M       3.2G

MemTotal:        4016004 kB
MemFree:          124336 kB
Active:           357524 kB
Mem:          3.8G       3.7G       121M       5.7M        28M       3.2G

MemTotal:        4016004 kB
MemFree:          124488 kB
Active:           357432 kB
Mem:          3.8G       3.7G       121M       5.7M        28M       3.2G

MemTotal:        4016004 kB
MemFree:          124460 kB
Active:           357388 kB
Mem:          3.8G       3.7G       121M       5.7M        28M       3.2G

MemTotal:        4016004 kB
MemFree:          124412 kB
Active:           357440 kB
Mem:          3.8G       3.7G       121M       5.7M        28M       3.2G

MemTotal:        4016004 kB
MemFree:          124784 kB
Active:           357540 kB
Mem:          3.8G       3.7G       121M       5.7M        28M       3.2G

MemTotal:        4016004 kB
MemFree:          124536 kB
Active:           357432 kB
Mem:          3.8G       3.7G       121M       5.7M        28M       3.2G

MemTotal:        4016004 kB
MemFree:          124396 kB
Active:           357536 kB
Mem:          3.8G       3.7G       121M       5.7M        28M       3.2G

MemTotal:        4016004 kB
MemFree:          124644 kB
Active:           357360 kB
Mem:          3.8G       3.7G       121M       5.7M        28M       3.2G

MemTotal:        4016004 kB
MemFree:          124628 kB
Active:           357352 kB
Mem:          3.8G       3.7G       121M       5.7M        28M       3.2G

MemTotal:        4016004 kB
MemFree:          123868 kB
Active:           357336 kB
Mem:          3.8G       3.7G       120M       5.7M        28M       3.2G

MemTotal:        4016004 kB
MemFree:          123884 kB
Active:           357440 kB
Mem:          3.8G       3.7G       120M       5.7M        28M       3.2G

MemTotal:        4016004 kB
MemFree:          123932 kB
Active:           357428 kB
Mem:          3.8G       3.7G       120M       5.7M        28M       3.2G

MemTotal:        4016004 kB
MemFree:          123776 kB
Active:           357408 kB
Mem:          3.8G       3.7G       120M       5.7M        28M       3.2G

MemTotal:        4016004 kB
MemFree:          123528 kB
Active:           357552 kB
Mem:          3.8G       3.7G       120M       5.7M        28M       3.2G

MemTotal:        4016004 kB
MemFree:          123684 kB
Active:           357452 kB
Mem:          3.8G       3.7G       120M       5.7M        28M       3.2G

MemTotal:        4016004 kB
MemFree:          124056 kB
Active:           357320 kB
Mem:          3.8G       3.7G       121M       5.7M        28M       3.2G

MemTotal:        4016004 kB
MemFree:          123808 kB
Active:           357568 kB
Mem:          3.8G       3.7G       120M       5.7M        28M       3.2G

MemTotal:        4016004 kB
MemFree:          123808 kB
Active:           357460 kB
Mem:          3.8G       3.7G       120M       5.7M        28M       3.2G

MemTotal:        4016004 kB
MemFree:          124056 kB
Active:           357364 kB
Mem:          3.8G       3.7G       121M       5.7M        28M       3.2G

MemTotal:        4016004 kB
MemFree:          123932 kB
Active:           357348 kB
Mem:          3.8G       3.7G       121M       5.7M        28M       3.2G

MemTotal:        4016004 kB
MemFree:          123932 kB
Active:           357456 kB
Mem:          3.8G       3.7G       120M       5.7M        28M       3.2G

MemTotal:        4016004 kB
MemFree:          123436 kB
Active:           357492 kB
Mem:          3.8G       3.7G       120M       5.7M        28M       3.2G

MemTotal:        4016004 kB
MemFree:          123436 kB
Active:           357456 kB
Mem:          3.8G       3.7G       120M       5.7M        28M       3.2G

MemTotal:        4016004 kB
MemFree:          123932 kB
Active:           357484 kB
Mem:          3.8G       3.7G       121M       5.7M        28M       3.2G

MemTotal:        4016004 kB
MemFree:          123808 kB
Active:           357480 kB
Mem:          3.8G       3.7G       120M       5.7M        28M       3.2G

MemTotal:        4016004 kB
MemFree:          123336 kB
Active:           357504 kB
Mem:          3.8G       3.7G       120M       5.7M        28M       3.2G

MemTotal:        4016004 kB
MemFree:          123436 kB
Active:           357484 kB
Mem:          3.8G       3.7G       120M       5.7M        28M       3.2G

MemTotal:        4016004 kB
MemFree:          123188 kB
Active:           357488 kB
Mem:          3.8G       3.7G       120M       5.7M        28M       3.2G

MemTotal:        4016004 kB
MemFree:          123320 kB
Active:           357564 kB
Mem:          3.8G       3.7G       120M       5.7M        28M       3.2G

MemTotal:        4016004 kB
MemFree:          123188 kB
Active:           357496 kB
Mem:          3.8G       3.7G       120M       5.7M        28M       3.2G

MemTotal:        4016004 kB
MemFree:          123236 kB
Active:           357540 kB
Mem:          3.8G       3.7G       120M       5.7M        28M       3.2G

MemTotal:        4016004 kB
MemFree:          122940 kB
Active:           357508 kB
Mem:          3.8G       3.7G       120M       5.7M        28M       3.2G

MemTotal:        4016004 kB
MemFree:          122940 kB
Active:           357484 kB
Mem:          3.8G       3.7G       120M       5.7M        28M       3.2G

MemTotal:        4016004 kB
MemFree:          123312 kB
Active:           357496 kB
Mem:          3.8G       3.7G       120M       5.7M        28M       3.2G

MemTotal:        4016004 kB
MemFree:          123932 kB
Active:           357500 kB
Mem:          3.8G       3.7G       120M       5.7M        28M       3.2G

MemTotal:        4016004 kB
MemFree:          123560 kB
Active:           357500 kB
Mem:          3.8G       3.7G       120M       5.7M        28M       3.2G

MemTotal:        4016004 kB
MemFree:          123684 kB
Active:           357476 kB
Mem:          3.8G       3.7G       120M       5.7M        28M       3.2G

MemTotal:        4016004 kB
MemFree:          123560 kB
Active:           357492 kB
Mem:          3.8G       3.7G       120M       5.7M        28M       3.2G

MemTotal:        4016004 kB
MemFree:          123684 kB
Active:           357480 kB
Mem:          3.8G       3.7G       120M       5.7M        28M       3.2G

MemTotal:        4016004 kB
MemFree:          123560 kB
Active:           357508 kB
Mem:          3.8G       3.7G       120M       5.7M        28M       3.2G

MemTotal:        4016004 kB
MemFree:          123312 kB
Active:           357532 kB
Mem:          3.8G       3.7G       120M       5.7M        28M       3.2G

MemTotal:        4016004 kB
MemFree:          122940 kB
Active:           357504 kB
Mem:          3.8G       3.7G       119M       5.7M        28M       3.2G

MemTotal:        4016004 kB
MemFree:          122816 kB
Active:           357500 kB
Mem:          3.8G       3.7G       119M       5.7M        28M       3.2G

MemTotal:        4016004 kB
MemFree:          122568 kB
Active:           357536 kB
Mem:          3.8G       3.7G       119M       5.7M        28M       3.2G

MemTotal:        4016004 kB
MemFree:          122940 kB
Active:           357500 kB
Mem:          3.8G       3.7G       120M       5.7M        28M       3.2G

MemTotal:        4016004 kB
MemFree:          123560 kB
Active:           357504 kB
Mem:          3.8G       3.7G       120M       5.7M        28M       3.2G

MemTotal:        4016004 kB
MemFree:          123436 kB
Active:           357528 kB
Mem:          3.8G       3.7G       120M       5.7M        28M       3.2G

MemTotal:        4016004 kB
MemFree:          122940 kB
Active:           357520 kB
Mem:          3.8G       3.7G       119M       5.7M        28M       3.2G

MemTotal:        4016004 kB
MemFree:          122816 kB
Active:           357540 kB
Mem:          3.8G       3.7G       120M       5.7M        28M       3.2G

MemTotal:        4016004 kB
MemFree:          123188 kB
Active:           357508 kB
Mem:          3.8G       3.7G       120M       5.7M        28M       3.2G

MemTotal:        4016004 kB
MemFree:          123684 kB
Active:           357524 kB
Mem:          3.8G       3.7G       120M       5.7M        28M       3.2G

MemTotal:        4016004 kB
MemFree:          123312 kB
Active:           357540 kB
Mem:          3.8G       3.7G       120M       5.7M        28M       3.2G

MemTotal:        4016004 kB
MemFree:          123188 kB
Active:           357544 kB
Mem:          3.8G       3.7G       120M       5.7M        28M       3.2G

MemTotal:        4016004 kB
MemFree:          123312 kB
Active:           357528 kB
Mem:          3.8G       3.7G       120M       5.7M        28M       3.2G

MemTotal:        4016004 kB
MemFree:          122940 kB
Active:           357564 kB
Mem:          3.8G       3.7G       120M       5.7M        28M       3.2G

MemTotal:        4016004 kB
MemFree:          122816 kB
Active:           357520 kB
Mem:          3.8G       3.7G       119M       5.7M        28M       3.2G

MemTotal:        4016004 kB
MemFree:          122816 kB
Active:           357564 kB
Mem:          3.8G       3.7G       120M       5.7M        28M       3.2G

MemTotal:        4016004 kB
MemFree:          123436 kB
Active:           357556 kB
Mem:          3.8G       3.7G       120M       5.7M        28M       3.2G

MemTotal:        4016004 kB
MemFree:          123684 kB
Active:           357548 kB
Mem:          3.8G       3.7G       120M       5.7M        28M       3.2G

MemTotal:        4016004 kB
MemFree:          123684 kB
Active:           357532 kB
Mem:          3.8G       3.7G       120M       5.7M        28M       3.2G

MemTotal:        4016004 kB
MemFree:          123932 kB
Active:           357528 kB
Mem:          3.8G       3.7G       121M       5.7M        28M       3.2G

MemTotal:        4016004 kB
MemFree:          123560 kB
Active:           357564 kB
Mem:          3.8G       3.7G       120M       5.7M        28M       3.2G

MemTotal:        4016004 kB
MemFree:          123436 kB
Active:           357572 kB
Mem:          3.8G       3.7G       120M       5.7M        28M       3.2G

MemTotal:        4016004 kB
MemFree:          123560 kB
Active:           357544 kB
Mem:          3.8G       3.7G       120M       5.7M        28M       3.2G

MemTotal:        4016004 kB
MemFree:          123436 kB
Active:           357552 kB
Mem:          3.8G       3.7G       120M       5.7M        28M       3.2G

MemTotal:        4016004 kB
MemFree:          123684 kB
Active:           357560 kB
Mem:          3.8G       3.7G       120M       5.7M        28M       3.2G

MemTotal:        4016004 kB
MemFree:          123560 kB
Active:           357564 kB
Mem:          3.8G       3.7G       120M       5.7M        28M       3.2G

MemTotal:        4016004 kB
MemFree:          123312 kB
Active:           357568 kB
Mem:          3.8G       3.7G       120M       5.7M        28M       3.2G

MemTotal:        4016004 kB
MemFree:          123312 kB
Active:           357588 kB
Mem:          3.8G       3.7G       120M       5.7M        28M       3.2G

MemTotal:        4016004 kB
MemFree:          123684 kB
Active:           357588 kB
Mem:          3.8G       3.7G       120M       5.7M        28M       3.2G

MemTotal:        4016004 kB
MemFree:          123436 kB
Active:           357588 kB
Mem:          3.8G       3.7G       120M       5.7M        28M       3.2G

MemTotal:        4016004 kB
MemFree:          123436 kB
Active:           357604 kB
Mem:          3.8G       3.7G       120M       5.7M        28M       3.2G

MemTotal:        4016004 kB
MemFree:          123436 kB
Active:           357580 kB
Mem:          3.8G       3.7G       120M       5.7M        28M       3.2G

MemTotal:        4016004 kB
MemFree:          123560 kB
Active:           357580 kB
Mem:          3.8G       3.7G       120M       5.7M        28M       3.2G

MemTotal:        4016004 kB
MemFree:          123312 kB
Active:           357596 kB
Mem:          3.8G       3.7G       120M       5.7M        28M       3.2G

MemTotal:        4016004 kB
MemFree:          123064 kB
Active:           357576 kB
Mem:          3.8G       3.7G       120M       5.7M        28M       3.2G

MemTotal:        4016004 kB
MemFree:          123436 kB
Active:           357576 kB
Mem:          3.8G       3.7G       120M       5.7M        28M       3.2G

MemTotal:        4016004 kB
MemFree:          123188 kB
Active:           357572 kB
Mem:          3.8G       3.7G       120M       5.7M        28M       3.2G

MemTotal:        4016004 kB
MemFree:          123560 kB
Active:           357588 kB
Mem:          3.8G       3.7G       120M       5.7M        28M       3.2G

MemTotal:        4016004 kB
MemFree:          123436 kB
Active:           357600 kB
Mem:          3.8G       3.7G       120M       5.7M        28M       3.2G

MemTotal:        4016004 kB
MemFree:          123312 kB
Active:           357592 kB
Mem:          3.8G       3.7G       120M       5.7M        28M       3.2G

MemTotal:        4016004 kB
MemFree:          123560 kB
Active:           357588 kB
Mem:          3.8G       3.7G       120M       5.7M        28M       3.2G

MemTotal:        4016004 kB
MemFree:          123188 kB
Active:           357616 kB
Mem:          3.8G       3.7G       119M       5.7M        28M       3.2G

MemTotal:        4016004 kB
MemFree:          123064 kB
Active:           357612 kB
Mem:          3.8G       3.7G       120M       5.7M        28M       3.2G

MemTotal:        4016004 kB
MemFree:          123436 kB
Active:           357592 kB
Mem:          3.8G       3.7G       120M       5.7M        28M       3.2G

MemTotal:        4016004 kB
MemFree:          123312 kB
Active:           357612 kB
Mem:          3.8G       3.7G       120M       5.7M        28M       3.2G

MemTotal:        4016004 kB
MemFree:          123312 kB
Active:           357628 kB
Mem:          3.8G       3.7G       120M       5.7M        28M       3.2G

MemTotal:        4016004 kB
MemFree:          123312 kB
Active:           357612 kB
Mem:          3.8G       3.7G       120M       5.7M        28M       3.2G

MemTotal:        4016004 kB
MemFree:          122940 kB
Active:           357632 kB
Mem:          3.8G       3.7G       120M       5.7M        28M       3.2G

MemTotal:        4016004 kB
MemFree:          123436 kB
Active:           357608 kB
Mem:          3.8G       3.7G       120M       5.7M        28M       3.2G

MemTotal:        4016004 kB
MemFree:          123312 kB
Active:           357620 kB
Mem:          3.8G       3.7G       120M       5.7M        28M       3.2G

MemTotal:        4016004 kB
MemFree:          123312 kB
Active:           357648 kB
Mem:          3.8G       3.7G       120M       5.7M        28M       3.2G

MemTotal:        4016004 kB
MemFree:          123188 kB
Active:           357628 kB
Mem:          3.8G       3.7G       120M       5.7M        28M       3.2G

MemTotal:        4016004 kB
MemFree:          123560 kB
Active:           357608 kB
Mem:          3.8G       3.7G       120M       5.7M        28M       3.2G

MemTotal:        4016004 kB
MemFree:          123436 kB
Active:           357644 kB
Mem:          3.8G       3.7G       120M       5.7M        28M       3.2G

MemTotal:        4016004 kB
MemFree:          123312 kB
Active:           357636 kB
Mem:          3.8G       3.7G       120M       5.7M        28M       3.2G

MemTotal:        4016004 kB
MemFree:          123312 kB
Active:           357632 kB
Mem:          3.8G       3.7G       120M       5.7M        28M       3.2G

MemTotal:        4016004 kB
MemFree:          123436 kB
Active:           357616 kB
Mem:          3.8G       3.7G       120M       5.7M        28M       3.2G

MemTotal:        4016004 kB
MemFree:          122692 kB
Active:           357660 kB
Mem:          3.8G       3.7G       119M       5.7M        28M       3.2G

MemTotal:        4016004 kB
MemFree:          123312 kB
Active:           357628 kB
Mem:          3.8G       3.7G       120M       5.7M        28M       3.2G

MemTotal:        4016004 kB
MemFree:          123312 kB
Active:           357636 kB
Mem:          3.8G       3.7G       120M       5.7M        28M       3.2G

MemTotal:        4016004 kB
MemFree:          123188 kB
Active:           357648 kB
Mem:          3.8G       3.7G       120M       5.7M        28M       3.2G

MemTotal:        4016004 kB
MemFree:          123188 kB
Active:           357648 kB
Mem:          3.8G       3.7G       120M       5.7M        28M       3.2G

MemTotal:        4016004 kB
MemFree:          123188 kB
Active:           357648 kB
Mem:          3.8G       3.7G       120M       5.7M        28M       3.2G

MemTotal:        4016004 kB
MemFree:          123436 kB
Active:           357628 kB
Mem:          3.8G       3.7G       120M       5.7M        28M       3.2G

MemTotal:        4016004 kB
MemFree:          123312 kB
Active:           357652 kB
Mem:          3.8G       3.7G       120M       5.7M        28M       3.2G

MemTotal:        4016004 kB
MemFree:          123312 kB
Active:           357632 kB
Mem:          3.8G       3.7G       120M       5.7M        28M       3.2G

MemTotal:        4016004 kB
MemFree:          123560 kB
Active:           357636 kB
Mem:          3.8G       3.7G       120M       5.7M        28M       3.2G

MemTotal:        4016004 kB
MemFree:          123064 kB
Active:           357628 kB
Mem:          3.8G       3.7G       120M       5.7M        28M       3.2G

MemTotal:        4016004 kB
MemFree:          123064 kB
Active:           357648 kB
Mem:          3.8G       3.7G       119M       5.7M        28M       3.2G

MemTotal:        4016004 kB
MemFree:          122320 kB
Active:           357676 kB
Mem:          3.8G       3.7G       119M       5.7M        28M       3.2G

MemTotal:        4016004 kB
MemFree:          122940 kB
Active:           357656 kB
Mem:          3.8G       3.7G       120M       5.7M        28M       3.2G

MemTotal:        4016004 kB
MemFree:          123188 kB
Active:           357652 kB
Mem:          3.8G       3.7G       120M       5.7M        28M       3.2G

MemTotal:        4016004 kB
MemFree:          123064 kB
Active:           357668 kB
Mem:          3.8G       3.7G       120M       5.7M        28M       3.2G

MemTotal:        4016004 kB
MemFree:          123312 kB
Active:           357640 kB
Mem:          3.8G       3.7G       120M       5.7M        28M       3.2G

MemTotal:        4016004 kB
MemFree:          123064 kB
Active:           357676 kB
Mem:          3.8G       3.7G       120M       5.7M        28M       3.2G

MemTotal:        4016004 kB
MemFree:          123188 kB
Active:           357692 kB
Mem:          3.8G       3.7G       120M       5.7M        28M       3.2G

MemTotal:        4016004 kB
MemFree:          122940 kB
Active:           357696 kB
Mem:          3.8G       3.7G       120M       5.7M        28M       3.2G

MemTotal:        4016004 kB
MemFree:          123188 kB
Active:           357652 kB
Mem:          3.8G       3.7G       120M       5.7M        28M       3.2G

MemTotal:        4016004 kB
MemFree:          123312 kB
Active:           357672 kB
Mem:          3.8G       3.7G       120M       5.7M        28M       3.2G

MemTotal:        4016004 kB
MemFree:          123188 kB
Active:           357660 kB
Mem:          3.8G       3.7G       120M       5.7M        28M       3.2G

MemTotal:        4016004 kB
MemFree:          123436 kB
Active:           357668 kB
Mem:          3.8G       3.7G       120M       5.7M        28M       3.2G

MemTotal:        4016004 kB
MemFree:          123436 kB
Active:           357668 kB
Mem:          3.8G       3.7G       120M       5.7M        28M       3.2G

MemTotal:        4016004 kB
MemFree:          123188 kB
Active:           357684 kB
Mem:          3.8G       3.7G       120M       5.7M        28M       3.2G

MemTotal:        4016004 kB
MemFree:          123188 kB
Active:           357668 kB
Mem:          3.8G       3.7G       120M       5.7M        28M       3.2G

MemTotal:        4016004 kB
MemFree:          122692 kB
Active:           357692 kB
Mem:          3.8G       3.7G       119M       5.7M        28M       3.2G

MemTotal:        4016004 kB
MemFree:          123064 kB
Active:           357672 kB
Mem:          3.8G       3.7G       119M       5.7M        28M       3.2G

MemTotal:        4016004 kB
MemFree:          123188 kB
Active:           357704 kB
Mem:          3.8G       3.7G       120M       5.7M        28M       3.2G

MemTotal:        4016004 kB
MemFree:          123560 kB
Active:           357704 kB
Mem:          3.8G       3.7G       120M       5.7M        28M       3.2G

MemTotal:        4016004 kB
MemFree:          123560 kB
Active:           357704 kB
Mem:          3.8G       3.7G       120M       5.7M        28M       3.2G

MemTotal:        4016004 kB
MemFree:          123312 kB
Active:           357716 kB
Mem:          3.8G       3.7G       120M       5.7M        28M       3.2G

MemTotal:        4016004 kB
MemFree:          123436 kB
Active:           357688 kB
Mem:          3.8G       3.7G       120M       5.7M        28M       3.2G

MemTotal:        4016004 kB
MemFree:          123188 kB
Active:           357692 kB
Mem:          3.8G       3.7G       120M       5.7M        28M       3.2G

MemTotal:        4016004 kB
MemFree:          122692 kB
Active:           357728 kB
Mem:          3.8G       3.7G       119M       5.7M        28M       3.2G

MemTotal:        4016004 kB
MemFree:          123064 kB
Active:           357700 kB
Mem:          3.8G       3.7G       119M       5.7M        28M       3.2G

MemTotal:        4016004 kB
MemFree:          123188 kB
Active:           357696 kB
Mem:          3.8G       3.7G       120M       5.7M        28M       3.2G

MemTotal:        4016004 kB
MemFree:          123064 kB
Active:           357712 kB
Mem:          3.8G       3.7G       119M       5.7M        28M       3.2G

MemTotal:        4016004 kB
MemFree:          123064 kB
Active:           357716 kB
Mem:          3.8G       3.7G       119M       5.7M        28M       3.2G

MemTotal:        4016004 kB
MemFree:          122816 kB
Active:           357724 kB
Mem:          3.8G       3.7G       119M       5.7M        28M       3.2G

MemTotal:        4016004 kB
MemFree:          122444 kB
Active:           357748 kB
Mem:          3.8G       3.7G       119M       5.7M        28M       3.2G

MemTotal:        4016004 kB
MemFree:          122816 kB
Active:           357716 kB
Mem:          3.8G       3.7G       119M       5.7M        28M       3.2G

MemTotal:        4016004 kB
MemFree:          123064 kB
Active:           357712 kB
Mem:          3.8G       3.7G       120M       5.7M        28M       3.2G

MemTotal:        4016004 kB
MemFree:          123436 kB
Active:           357728 kB
Mem:          3.8G       3.7G       120M       5.7M        28M       3.2G

MemTotal:        4016004 kB
MemFree:          123188 kB
Active:           357732 kB
