MemTotal:        4016004 kB
MemFree:         3219080 kB
Active:           439676 kB
Mem:          3.8G       778M       3.1G       5.7M        58M       319M

MemTotal:        4016004 kB
MemFree:         3218936 kB
Active:           439784 kB
Mem:          3.8G       778M       3.1G       5.7M        58M       319M

MemTotal:        4016004 kB
MemFree:         3218688 kB
Active:           439876 kB
Mem:          3.8G       778M       3.1G       5.7M        58M       319M

MemTotal:        4016004 kB
MemFree:         3219168 kB
Active:           439836 kB
Mem:          3.8G       778M       3.1G       5.7M        58M       319M

MemTotal:        4016004 kB
MemFree:         3219168 kB
Active:           439832 kB
Mem:          3.8G       778M       3.1G       5.7M        58M       319M

MemTotal:        4016004 kB
MemFree:         3218548 kB
Active:           439840 kB
Mem:          3.8G       778M       3.1G       5.7M        58M       319M

MemTotal:        4016004 kB
MemFree:         3218408 kB
Active:           439860 kB
Mem:          3.8G       778M       3.1G       5.7M        58M       319M

MemTotal:        4016004 kB
MemFree:         3218656 kB
Active:           439872 kB
Mem:          3.8G       778M       3.1G       5.7M        58M       319M

MemTotal:        4016004 kB
MemFree:         3218764 kB
Active:           439868 kB
Mem:          3.8G       778M       3.1G       5.7M        58M       319M

MemTotal:        4016004 kB
MemFree:         3218996 kB
Active:           439864 kB
Mem:          3.8G       778M       3.1G       5.7M        58M       319M

MemTotal:        4016004 kB
MemFree:         3218996 kB
Active:           439868 kB
Mem:          3.8G       778M       3.1G       5.7M        58M       319M

MemTotal:        4016004 kB
MemFree:         3218608 kB
Active:           439896 kB
Mem:          3.8G       778M       3.1G       5.7M        58M       319M

MemTotal:        4016004 kB
MemFree:         3218980 kB
Active:           439892 kB
Mem:          3.8G       778M       3.1G       5.7M        58M       319M

MemTotal:        4016004 kB
MemFree:         3220500 kB
Active:           437872 kB
Mem:          3.8G       776M       3.1G       5.7M        58M       319M

MemTotal:        4016004 kB
MemFree:         3219056 kB
Active:           437824 kB
Mem:          3.8G       778M       3.1G       5.7M        58M       319M

MemTotal:        4016004 kB
MemFree:         3219040 kB
Active:           437812 kB
Mem:          3.8G       778M       3.1G       5.7M        58M       319M

MemTotal:        4016004 kB
MemFree:         3218916 kB
Active:           439844 kB
Mem:          3.8G       778M       3.1G       5.7M        58M       319M

MemTotal:        4016004 kB
MemFree:         3219228 kB
Active:           439872 kB
Mem:          3.8G       778M       3.1G       5.7M        58M       319M

MemTotal:        4016004 kB
MemFree:         3219228 kB
Active:           439848 kB
Mem:          3.8G       778M       3.1G       5.7M        58M       319M

MemTotal:        4016004 kB
MemFree:         3219104 kB
Active:           439896 kB
Mem:          3.8G       778M       3.1G       5.7M        58M       319M

MemTotal:        4016004 kB
MemFree:         3219104 kB
Active:           439884 kB
Mem:          3.8G       778M       3.1G       5.7M        58M       319M

MemTotal:        4016004 kB
MemFree:         3218980 kB
Active:           439888 kB
Mem:          3.8G       778M       3.1G       5.7M        58M       319M

MemTotal:        4016004 kB
MemFree:         3218980 kB
Active:           439908 kB
Mem:          3.8G       778M       3.1G       5.7M        58M       319M

MemTotal:        4016004 kB
MemFree:         3219104 kB
Active:           439892 kB
Mem:          3.8G       778M       3.1G       5.7M        58M       319M

MemTotal:        4016004 kB
MemFree:         3218900 kB
Active:           437832 kB
Mem:          3.8G       778M       3.1G       5.7M        58M       319M

MemTotal:        4016004 kB
MemFree:         3218900 kB
Active:           439872 kB
Mem:          3.8G       778M       3.1G       5.7M        58M       319M

MemTotal:        4016004 kB
MemFree:         3219380 kB
Active:           439856 kB
Mem:          3.8G       778M       3.1G       5.7M        58M       319M

MemTotal:        4016004 kB
MemFree:         3219240 kB
Active:           439892 kB
Mem:          3.8G       778M       3.1G       5.7M        58M       319M

MemTotal:        4016004 kB
MemFree:         3219116 kB
Active:           439884 kB
Mem:          3.8G       778M       3.1G       5.7M        58M       319M

MemTotal:        4016004 kB
MemFree:         3218744 kB
Active:           439892 kB
Mem:          3.8G       778M       3.1G       5.7M        58M       319M

MemTotal:        4016004 kB
MemFree:         3218620 kB
Active:           439868 kB
Mem:          3.8G       778M       3.1G       5.7M        58M       319M

MemTotal:        4016004 kB
MemFree:         3218744 kB
Active:           439896 kB
Mem:          3.8G       778M       3.1G       5.7M        58M       319M

MemTotal:        4016004 kB
MemFree:         3219224 kB
Active:           439864 kB
Mem:          3.8G       778M       3.1G       5.7M        58M       319M

MemTotal:        4016004 kB
MemFree:         3218852 kB
Active:           439892 kB
Mem:          3.8G       778M       3.1G       5.7M        58M       319M

MemTotal:        4016004 kB
MemFree:         3218892 kB
Active:           437860 kB
Mem:          3.8G       778M       3.1G       5.7M        58M       319M

MemTotal:        4016004 kB
MemFree:         3218892 kB
Active:           439908 kB
Mem:          3.8G       778M       3.1G       5.7M        58M       319M

MemTotal:        4016004 kB
MemFree:         3219016 kB
Active:           439936 kB
Mem:          3.8G       778M       3.1G       5.7M        58M       319M

MemTotal:        4016004 kB
MemFree:         3219016 kB
Active:           439892 kB
Mem:          3.8G       778M       3.1G       5.7M        58M       319M

MemTotal:        4016004 kB
MemFree:         3219016 kB
Active:           439940 kB
Mem:          3.8G       778M       3.1G       5.7M        58M       319M

MemTotal:        4016004 kB
MemFree:         3219016 kB
Active:           439924 kB
Mem:          3.8G       778M       3.1G       5.7M        58M       319M

MemTotal:        4016004 kB
MemFree:         3219264 kB
Active:           439908 kB
Mem:          3.8G       778M       3.1G       5.7M        58M       319M

MemTotal:        4016004 kB
MemFree:         3219372 kB
Active:           439908 kB
Mem:          3.8G       777M       3.1G       5.7M        58M       319M

MemTotal:        4016004 kB
MemFree:         3219140 kB
Active:           439944 kB
Mem:          3.8G       778M       3.1G       5.7M        58M       319M

MemTotal:        4016004 kB
MemFree:         3219264 kB
Active:           439920 kB
Mem:          3.8G       778M       3.1G       5.7M        58M       319M

MemTotal:        4016004 kB
MemFree:         3219108 kB
Active:           439936 kB
Mem:          3.8G       778M       3.1G       5.7M        58M       319M

MemTotal:        4016004 kB
MemFree:         3219232 kB
Active:           439912 kB
Mem:          3.8G       778M       3.1G       5.7M        58M       319M

MemTotal:        4016004 kB
MemFree:         3219092 kB
Active:           439940 kB
Mem:          3.8G       778M       3.1G       5.7M        58M       319M

MemTotal:        4016004 kB
MemFree:         3218952 kB
Active:           439908 kB
Mem:          3.8G       778M       3.1G       5.7M        58M       319M

MemTotal:        4016004 kB
MemFree:         3218704 kB
Active:           439964 kB
Mem:          3.8G       778M       3.1G       5.7M        58M       319M

MemTotal:        4016004 kB
MemFree:         3218704 kB
Active:           439956 kB
Mem:          3.8G       778M       3.1G       5.7M        58M       319M

MemTotal:        4016004 kB
MemFree:         3218812 kB
Active:           439956 kB
Mem:          3.8G       778M       3.1G       5.7M        58M       319M

MemTotal:        4016004 kB
MemFree:         3218564 kB
Active:           439968 kB
Mem:          3.8G       778M       3.1G       5.7M        58M       319M

MemTotal:        4016004 kB
MemFree:         3218672 kB
Active:           439944 kB
Mem:          3.8G       778M       3.1G       5.7M        58M       319M

MemTotal:        4016004 kB
MemFree:         3218532 kB
Active:           439952 kB
Mem:          3.8G       779M       3.1G       5.7M        58M       319M

MemTotal:        4016004 kB
MemFree:         3218656 kB
Active:           439984 kB
Mem:          3.8G       778M       3.1G       5.7M        58M       319M

MemTotal:        4016004 kB
MemFree:         3218532 kB
Active:           439980 kB
Mem:          3.8G       778M       3.1G       5.7M        58M       319M

MemTotal:        4016004 kB
MemFree:         3219076 kB
Active:           439944 kB
Mem:          3.8G       778M       3.1G       5.7M        58M       319M

MemTotal:        4016004 kB
MemFree:         3219076 kB
Active:           439980 kB
Mem:          3.8G       778M       3.1G       5.7M        58M       319M

MemTotal:        4016004 kB
MemFree:         3218828 kB
Active:           439996 kB
Mem:          3.8G       778M       3.1G       5.7M        58M       319M

MemTotal:        4016004 kB
MemFree:         3218580 kB
Active:           439952 kB
Mem:          3.8G       778M       3.1G       5.7M        58M       319M

MemTotal:        4016004 kB
MemFree:         3218456 kB
Active:           439992 kB
Mem:          3.8G       778M       3.1G       5.7M        58M       319M

MemTotal:        4016004 kB
MemFree:         3218704 kB
Active:           439976 kB
Mem:          3.8G       778M       3.1G       5.7M        58M       319M

MemTotal:        4016004 kB
MemFree:         3218332 kB
Active:           440004 kB
Mem:          3.8G       779M       3.1G       5.7M        58M       319M

MemTotal:        4016004 kB
MemFree:         3218392 kB
Active:           437916 kB
Mem:          3.8G       778M       3.1G       5.7M        58M       319M

MemTotal:        4016004 kB
MemFree:         3218764 kB
Active:           437964 kB
Mem:          3.8G       778M       3.1G       5.7M        58M       319M

MemTotal:        4016004 kB
MemFree:         3218888 kB
Active:           437924 kB
Mem:          3.8G       778M       3.1G       5.7M        58M       319M

MemTotal:        4016004 kB
MemFree:         3218268 kB
Active:           440016 kB
Mem:          3.8G       778M       3.1G       5.7M        58M       319M

MemTotal:        4016004 kB
MemFree:         3218764 kB
Active:           439996 kB
Mem:          3.8G       778M       3.1G       5.7M        58M       319M

MemTotal:        4016004 kB
MemFree:         3218888 kB
Active:           439964 kB
Mem:          3.8G       778M       3.1G       5.7M        58M       319M

MemTotal:        4016004 kB
MemFree:         3218764 kB
Active:           440000 kB
Mem:          3.8G       778M       3.1G       5.7M        58M       319M

MemTotal:        4016004 kB
MemFree:         3218020 kB
Active:           440020 kB
Mem:          3.8G       778M       3.1G       5.7M        58M       319M

MemTotal:        4016004 kB
MemFree:         3218268 kB
Active:           439980 kB
Mem:          3.8G       779M       3.1G       5.7M        58M       319M

MemTotal:        4016004 kB
MemFree:         3218144 kB
Active:           440020 kB
Mem:          3.8G       779M       3.1G       5.7M        58M       319M

MemTotal:        4016004 kB
MemFree:         3218144 kB
Active:           440020 kB
Mem:          3.8G       779M       3.1G       5.7M        58M       319M

MemTotal:        4016004 kB
MemFree:         3218376 kB
Active:           440004 kB
Mem:          3.8G       779M       3.1G       5.7M        58M       319M

MemTotal:        4016004 kB
MemFree:         3218856 kB
Active:           439964 kB
Mem:          3.8G       778M       3.1G       5.7M        58M       319M

MemTotal:        4016004 kB
MemFree:         3218856 kB
Active:           439988 kB
Mem:          3.8G       778M       3.1G       5.7M        58M       319M

MemTotal:        4016004 kB
MemFree:         3218840 kB
Active:           440004 kB
Mem:          3.8G       778M       3.1G       5.7M        58M       319M

MemTotal:        4016004 kB
MemFree:         3218328 kB
Active:           440056 kB
Mem:          3.8G       778M       3.1G       5.7M        58M       319M

MemTotal:        4016004 kB
MemFree:         3218436 kB
Active:           440024 kB
Mem:          3.8G       778M       3.1G       5.7M        58M       319M

MemTotal:        4016004 kB
MemFree:         3218420 kB
Active:           440048 kB
Mem:          3.8G       779M       3.1G       5.7M        58M       319M

MemTotal:        4016004 kB
MemFree:         3218172 kB
Active:           440056 kB
Mem:          3.8G       778M       3.1G       5.7M        58M       319M

MemTotal:        4016004 kB
MemFree:         3218668 kB
Active:           440048 kB
Mem:          3.8G       778M       3.1G       5.7M        58M       319M

MemTotal:        4016004 kB
MemFree:         3218668 kB
Active:           440068 kB
Mem:          3.8G       778M       3.1G       5.7M        58M       319M

MemTotal:        4016004 kB
MemFree:         3218792 kB
Active:           440040 kB
Mem:          3.8G       778M       3.1G       5.7M        58M       319M

MemTotal:        4016004 kB
MemFree:         3218652 kB
Active:           440020 kB
Mem:          3.8G       778M       3.1G       5.7M        58M       319M

MemTotal:        4016004 kB
MemFree:         3218884 kB
Active:           440052 kB
Mem:          3.8G       778M       3.1G       5.7M        58M       319M

MemTotal:        4016004 kB
MemFree:         3218388 kB
Active:           440076 kB
Mem:          3.8G       778M       3.1G       5.7M        58M       319M

MemTotal:        4016004 kB
MemFree:         3218264 kB
Active:           440076 kB
Mem:          3.8G       778M       3.1G       5.7M        58M       319M

MemTotal:        4016004 kB
MemFree:         3218372 kB
Active:           440052 kB
Mem:          3.8G       779M       3.1G       5.7M        58M       319M

MemTotal:        4016004 kB
MemFree:         3218604 kB
Active:           440072 kB
Mem:          3.8G       778M       3.1G       5.7M        58M       319M

MemTotal:        4016004 kB
MemFree:         3218976 kB
Active:           440036 kB
Mem:          3.8G       778M       3.1G       5.7M        58M       319M

MemTotal:        4016004 kB
MemFree:         3218728 kB
Active:           440084 kB
Mem:          3.8G       778M       3.1G       5.7M        58M       319M

MemTotal:        4016004 kB
MemFree:         3218748 kB
Active:           440088 kB
Mem:          3.8G       778M       3.1G       5.7M        58M       319M

MemTotal:        4016004 kB
MemFree:         3218996 kB
Active:           440040 kB
Mem:          3.8G       778M       3.1G       5.7M        58M       319M

MemTotal:        4016004 kB
MemFree:         3219120 kB
Active:           440088 kB
Mem:          3.8G       778M       3.1G       5.7M        58M       319M

MemTotal:        4016004 kB
MemFree:         3218996 kB
Active:           440068 kB
Mem:          3.8G       778M       3.1G       5.7M        58M       319M

MemTotal:        4016004 kB
MemFree:         3218996 kB
Active:           440064 kB
Mem:          3.8G       778M       3.1G       5.7M        58M       319M

MemTotal:        4016004 kB
MemFree:         3219104 kB
Active:           440040 kB
Mem:          3.8G       778M       3.1G       5.7M        58M       319M

MemTotal:        4016004 kB
MemFree:         3218468 kB
Active:           440052 kB
Mem:          3.8G       778M       3.1G       5.7M        58M       319M

MemTotal:        4016004 kB
MemFree:         3218592 kB
Active:           440096 kB
Mem:          3.8G       778M       3.1G       5.7M        58M       319M

MemTotal:        4016004 kB
MemFree:         3218592 kB
Active:           440072 kB
Mem:          3.8G       778M       3.1G       5.7M        58M       319M

MemTotal:        4016004 kB
MemFree:         3218592 kB
Active:           440060 kB
Mem:          3.8G       778M       3.1G       5.7M        58M       319M

MemTotal:        4016004 kB
MemFree:         3218592 kB
Active:           440084 kB
Mem:          3.8G       778M       3.1G       5.7M        58M       319M

MemTotal:        4016004 kB
MemFree:         3218344 kB
Active:           440100 kB
Mem:          3.8G       778M       3.1G       5.7M        58M       319M

MemTotal:        4016004 kB
MemFree:         3218328 kB
Active:           440088 kB
Mem:          3.8G       778M       3.1G       5.7M        58M       319M

MemTotal:        4016004 kB
MemFree:         3218948 kB
Active:           440072 kB
Mem:          3.8G       778M       3.1G       5.7M        58M       319M

MemTotal:        4016004 kB
MemFree:         3218824 kB
Active:           440104 kB
Mem:          3.8G       778M       3.1G       5.7M        58M       319M

MemTotal:        4016004 kB
MemFree:         3218328 kB
Active:           440096 kB
Mem:          3.8G       779M       3.1G       5.7M        58M       319M

MemTotal:        4016004 kB
MemFree:         3218436 kB
Active:           440076 kB
Mem:          3.8G       778M       3.1G       5.7M        58M       319M

MemTotal:        4016004 kB
MemFree:         3218312 kB
Active:           440112 kB
Mem:          3.8G       778M       3.1G       5.7M        58M       319M

MemTotal:        4016004 kB
MemFree:         3218064 kB
Active:           440120 kB
Mem:          3.8G       778M       3.1G       5.7M        58M       319M

MemTotal:        4016004 kB
MemFree:         3217736 kB
Active:           438072 kB
Mem:          3.8G       779M       3.1G       5.7M        58M       319M

MemTotal:        4016004 kB
MemFree:         3218340 kB
Active:           440100 kB
Mem:          3.8G       779M       3.1G       5.7M        58M       319M

MemTotal:        4016004 kB
MemFree:         3218340 kB
Active:           440084 kB
Mem:          3.8G       778M       3.1G       5.7M        58M       319M

MemTotal:        4016004 kB
MemFree:         3218464 kB
Active:           440112 kB
Mem:          3.8G       778M       3.1G       5.7M        58M       319M

MemTotal:        4016004 kB
MemFree:         3218200 kB
Active:           440128 kB
Mem:          3.8G       778M       3.1G       5.7M        58M       319M

MemTotal:        4016004 kB
MemFree:         3218572 kB
Active:           440128 kB
Mem:          3.8G       778M       3.1G       5.7M        58M       319M

MemTotal:        4016004 kB
MemFree:         3218680 kB
Active:           440100 kB
Mem:          3.8G       778M       3.1G       5.7M        58M       319M

MemTotal:        4016004 kB
MemFree:         3218540 kB
Active:           440120 kB
Mem:          3.8G       778M       3.1G       5.7M        58M       319M

MemTotal:        4016004 kB
MemFree:         3218168 kB
Active:           440136 kB
Mem:          3.8G       778M       3.1G       5.7M        58M       319M

MemTotal:        4016004 kB
MemFree:         3218664 kB
Active:           440136 kB
Mem:          3.8G       778M       3.1G       5.7M        58M       319M

MemTotal:        4016004 kB
MemFree:         3218788 kB
Active:           440096 kB
Mem:          3.8G       778M       3.1G       5.7M        58M       319M

MemTotal:        4016004 kB
MemFree:         3218912 kB
Active:           440128 kB
Mem:          3.8G       778M       3.1G       5.7M        58M       319M

MemTotal:        4016004 kB
MemFree:         3219292 kB
Active:           440116 kB
Mem:          3.8G       778M       3.1G       5.7M        58M       319M

MemTotal:        4016004 kB
MemFree:         3218904 kB
Active:           440132 kB
Mem:          3.8G       778M       3.1G       5.7M        58M       319M

MemTotal:        4016004 kB
MemFree:         3218780 kB
Active:           440088 kB
Mem:          3.8G       778M       3.1G       5.7M        58M       319M

MemTotal:        4016004 kB
MemFree:         3218764 kB
Active:           440112 kB
Mem:          3.8G       778M       3.1G       5.7M        58M       319M

MemTotal:        4016004 kB
MemFree:         3218704 kB
Active:           440132 kB
Mem:          3.8G       778M       3.1G       5.7M        58M       319M

MemTotal:        4016004 kB
MemFree:         3218828 kB
Active:           440096 kB
Mem:          3.8G       778M       3.1G       5.7M        58M       319M

MemTotal:        4016004 kB
MemFree:         3218332 kB
Active:           440148 kB
Mem:          3.8G       778M       3.1G       5.7M        58M       319M

MemTotal:        4016004 kB
MemFree:         3218704 kB
Active:           440100 kB
Mem:          3.8G       778M       3.1G       5.7M        58M       319M

MemTotal:        4016004 kB
MemFree:         3218020 kB
Active:           438092 kB
Mem:          3.8G       779M       3.1G       5.7M        58M       319M

MemTotal:        4016004 kB
MemFree:         3218144 kB
Active:           440128 kB
Mem:          3.8G       779M       3.1G       5.7M        58M       319M

MemTotal:        4016004 kB
MemFree:         3218144 kB
Active:           440144 kB
Mem:          3.8G       778M       3.1G       5.7M        58M       319M

MemTotal:        4016004 kB
MemFree:         3218268 kB
Active:           440156 kB
Mem:          3.8G       779M       3.1G       5.7M        58M       319M

MemTotal:        4016004 kB
MemFree:         3218392 kB
Active:           440140 kB
Mem:          3.8G       779M       3.1G       5.7M        58M       319M

MemTotal:        4016004 kB
MemFree:         3218144 kB
Active:           440160 kB
Mem:          3.8G       779M       3.1G       5.7M        58M       319M

MemTotal:        4016004 kB
MemFree:         3218516 kB
Active:           440172 kB
Mem:          3.8G       778M       3.1G       5.7M        58M       319M

MemTotal:        4016004 kB
MemFree:         3218888 kB
Active:           440136 kB
Mem:          3.8G       778M       3.1G       5.7M        58M       319M

MemTotal:        4016004 kB
MemFree:         3218888 kB
Active:           440152 kB
Mem:          3.8G       778M       3.1G       5.7M        58M       319M

MemTotal:        4016004 kB
MemFree:         3218888 kB
Active:           440168 kB
Mem:          3.8G       778M       3.1G       5.7M        58M       319M

MemTotal:        4016004 kB
MemFree:         3218328 kB
Active:           438132 kB
Mem:          3.8G       778M       3.1G       5.7M        58M       319M

MemTotal:        4016004 kB
MemFree:         3219040 kB
Active:           440176 kB
Mem:          3.8G       778M       3.1G       5.7M        58M       319M

MemTotal:        4016004 kB
MemFree:         3218900 kB
Active:           440144 kB
Mem:          3.8G       778M       3.1G       5.7M        58M       319M

MemTotal:        4016004 kB
MemFree:         3218780 kB
Active:           440192 kB
Mem:          3.8G       778M       3.1G       5.7M        58M       319M

MemTotal:        4016004 kB
MemFree:         3218532 kB
Active:           440188 kB
Mem:          3.8G       778M       3.1G       5.7M        58M       319M

MemTotal:        4016004 kB
MemFree:         3218816 kB
Active:           440160 kB
Mem:          3.8G       778M       3.1G       5.7M        58M       319M

MemTotal:        4016004 kB
MemFree:         3218692 kB
Active:           440144 kB
Mem:          3.8G       778M       3.1G       5.7M        58M       319M

MemTotal:        4016004 kB
MemFree:         3218740 kB
Active:           440192 kB
Mem:          3.8G       778M       3.1G       5.7M        58M       319M

MemTotal:        4016004 kB
MemFree:         3218616 kB
Active:           440196 kB
Mem:          3.8G       778M       3.1G       5.7M        58M       319M

MemTotal:        4016004 kB
MemFree:         3219256 kB
Active:           440196 kB
Mem:          3.8G       778M       3.1G       5.7M        58M       319M

MemTotal:        4016004 kB
MemFree:         3218884 kB
Active:           440204 kB
Mem:          3.8G       778M       3.1G       5.7M        58M       319M

MemTotal:        4016004 kB
MemFree:         3218884 kB
Active:           440180 kB
Mem:          3.8G       778M       3.1G       5.7M        58M       319M

MemTotal:        4016004 kB
MemFree:         3219008 kB
Active:           440208 kB
Mem:          3.8G       778M       3.1G       5.7M        58M       319M

MemTotal:        4016004 kB
MemFree:         3218604 kB
Active:           440220 kB
Mem:          3.8G       778M       3.1G       5.7M        58M       319M

MemTotal:        4016004 kB
MemFree:         3218852 kB
Active:           440172 kB
Mem:          3.8G       778M       3.1G       5.7M        58M       319M

MemTotal:        4016004 kB
MemFree:         3218728 kB
Active:           440164 kB
Mem:          3.8G       778M       3.1G       5.7M        58M       319M

MemTotal:        4016004 kB
MemFree:         3219100 kB
Active:           440212 kB
Mem:          3.8G       778M       3.1G       5.7M        58M       319M

MemTotal:        4016004 kB
MemFree:         3219132 kB
Active:           440220 kB
Mem:          3.8G       778M       3.1G       5.7M        58M       319M

MemTotal:        4016004 kB
MemFree:         3219256 kB
Active:           440172 kB
Mem:          3.8G       778M       3.1G       5.7M        58M       319M

MemTotal:        4016004 kB
MemFree:         3219024 kB
Active:           440204 kB
Mem:          3.8G       778M       3.1G       5.7M        58M       319M

MemTotal:        4016004 kB
MemFree:         3219164 kB
Active:           440188 kB
Mem:          3.8G       778M       3.1G       5.7M        58M       319M

MemTotal:        4016004 kB
MemFree:         3218436 kB
Active:           440192 kB
Mem:          3.8G       778M       3.1G       5.7M        58M       319M

MemTotal:        4016004 kB
MemFree:         3218560 kB
Active:           440220 kB
Mem:          3.8G       778M       3.1G       5.7M        58M       319M

MemTotal:        4016004 kB
MemFree:         3218436 kB
Active:           440228 kB
Mem:          3.8G       778M       3.1G       5.7M        58M       319M

MemTotal:        4016004 kB
MemFree:         3219180 kB
Active:           440200 kB
Mem:          3.8G       778M       3.1G       5.7M        58M       319M

MemTotal:        4016004 kB
MemFree:         3219056 kB
Active:           440216 kB
Mem:          3.8G       778M       3.1G       5.7M        58M       319M

MemTotal:        4016004 kB
MemFree:         3218684 kB
Active:           440240 kB
Mem:          3.8G       778M       3.1G       5.7M        58M       319M

MemTotal:        4016004 kB
MemFree:         3219180 kB
Active:           440188 kB
Mem:          3.8G       778M       3.1G       5.7M        58M       319M

MemTotal:        4016004 kB
MemFree:         3218824 kB
Active:           440240 kB
Mem:          3.8G       778M       3.1G       5.7M        58M       319M

MemTotal:        4016004 kB
MemFree:         3219072 kB
Active:           440184 kB
Mem:          3.8G       777M       3.1G       5.7M        58M       319M

MemTotal:        4016004 kB
MemFree:         3219072 kB
Active:           440224 kB
Mem:          3.8G       778M       3.1G       5.7M        58M       319M

MemTotal:        4016004 kB
MemFree:         3219072 kB
Active:           440244 kB
Mem:          3.8G       778M       3.1G       5.7M        58M       319M

MemTotal:        4016004 kB
MemFree:         3219220 kB
Active:           440104 kB
Mem:          3.8G       778M       3.1G       5.7M        58M       319M

MemTotal:        4016004 kB
MemFree:         3218964 kB
Active:           440032 kB
Mem:          3.8G       778M       3.1G       5.7M        58M       319M

MemTotal:        4016004 kB
MemFree:         3218964 kB
Active:           440080 kB
Mem:          3.8G       778M       3.1G       5.7M        58M       319M

MemTotal:        4016004 kB
MemFree:         3218792 kB
Active:           440048 kB
Mem:          3.8G       778M       3.1G       5.7M        58M       319M

MemTotal:        4016004 kB
MemFree:         3218840 kB
Active:           440064 kB
Mem:          3.8G       778M       3.1G       5.7M        58M       319M

MemTotal:        4016004 kB
MemFree:         3218840 kB
Active:           440064 kB
Mem:          3.8G       778M       3.1G       5.7M        58M       319M

MemTotal:        4016004 kB
MemFree:         3219336 kB
Active:           440092 kB
Mem:          3.8G       778M       3.1G       5.7M        58M       319M

MemTotal:        4016004 kB
MemFree:         3216976 kB
Active:           440068 kB
Mem:          3.8G       780M       3.1G       5.7M        58M       319M

MemTotal:        4016004 kB
MemFree:         3217472 kB
Active:           442080 kB
Mem:          3.8G       780M       3.1G       5.7M        58M       319M

MemTotal:        4016004 kB
MemFree:         3217224 kB
Active:           442092 kB
Mem:          3.8G       780M       3.1G       5.7M        58M       319M

MemTotal:        4016004 kB
MemFree:         3217224 kB
Active:           442076 kB
Mem:          3.8G       780M       3.1G       5.7M        58M       319M

MemTotal:        4016004 kB
MemFree:         3217364 kB
Active:           442064 kB
Mem:          3.8G       779M       3.1G       5.7M        58M       319M

MemTotal:        4016004 kB
MemFree:         3217364 kB
Active:           442084 kB
Mem:          3.8G       779M       3.1G       5.7M        58M       319M

MemTotal:        4016004 kB
MemFree:         3217488 kB
Active:           442080 kB
Mem:          3.8G       780M       3.1G       5.7M        58M       319M

MemTotal:        4016004 kB
MemFree:         3217612 kB
Active:           442124 kB
Mem:          3.8G       779M       3.1G       5.7M        58M       319M

MemTotal:        4016004 kB
MemFree:         3217488 kB
Active:           442104 kB
Mem:          3.8G       779M       3.1G       5.7M        58M       319M

MemTotal:        4016004 kB
MemFree:         3218108 kB
Active:           442072 kB
Mem:          3.8G       779M       3.1G       5.7M        58M       319M

MemTotal:        4016004 kB
MemFree:         3217348 kB
Active:           440044 kB
Mem:          3.8G       779M       3.1G       5.7M        58M       319M

MemTotal:        4016004 kB
MemFree:         3217348 kB
Active:           442136 kB
Mem:          3.8G       779M       3.1G       5.7M        58M       319M

MemTotal:        4016004 kB
MemFree:         3216728 kB
Active:           442140 kB
Mem:          3.8G       780M       3.1G       5.7M        58M       319M

MemTotal:        4016004 kB
MemFree:         3217348 kB
Active:           442132 kB
Mem:          3.8G       779M       3.1G       5.7M        58M       319M

MemTotal:        4016004 kB
MemFree:         3217224 kB
Active:           442092 kB
Mem:          3.8G       780M       3.1G       5.7M        58M       319M

MemTotal:        4016004 kB
MemFree:         3217348 kB
Active:           442124 kB
Mem:          3.8G       780M       3.1G       5.7M        58M       319M

MemTotal:        4016004 kB
MemFree:         3217224 kB
Active:           442144 kB
Mem:          3.8G       780M       3.1G       5.7M        58M       319M

MemTotal:        4016004 kB
MemFree:         3217720 kB
Active:           442116 kB
Mem:          3.8G       779M       3.1G       5.7M        58M       319M

MemTotal:        4016004 kB
MemFree:         3217596 kB
Active:           442140 kB
Mem:          3.8G       779M       3.1G       5.7M        58M       319M

MemTotal:        4016004 kB
MemFree:         3217224 kB
Active:           442152 kB
Mem:          3.8G       779M       3.1G       5.7M        58M       319M

MemTotal:        4016004 kB
MemFree:         3217024 kB
Active:           440104 kB
Mem:          3.8G       780M       3.1G       5.7M        58M       319M

MemTotal:        4016004 kB
MemFree:         3217148 kB
Active:           442160 kB
Mem:          3.8G       780M       3.1G       5.7M        58M       319M

MemTotal:        4016004 kB
MemFree:         3216776 kB
Active:           442160 kB
Mem:          3.8G       780M       3.1G       5.7M        58M       319M

MemTotal:        4016004 kB
MemFree:         3217380 kB
Active:           442144 kB
Mem:          3.8G       780M       3.1G       5.7M        58M       319M

MemTotal:        4016004 kB
MemFree:         3217380 kB
Active:           442112 kB
Mem:          3.8G       780M       3.1G       5.7M        58M       319M

MemTotal:        4016004 kB
MemFree:         3217256 kB
Active:           442124 kB
Mem:          3.8G       779M       3.1G       5.7M        58M       319M

MemTotal:        4016004 kB
MemFree:         3217256 kB
Active:           442132 kB
Mem:          3.8G       780M       3.1G       5.7M        58M       319M

MemTotal:        4016004 kB
MemFree:         3217752 kB
Active:           442168 kB
Mem:          3.8G       779M       3.1G       5.7M        58M       319M

MemTotal:        4016004 kB
MemFree:         3217860 kB
Active:           442144 kB
Mem:          3.8G       779M       3.1G       5.7M        58M       319M

MemTotal:        4016004 kB
MemFree:         3217736 kB
Active:           442128 kB
Mem:          3.8G       779M       3.1G       5.7M        58M       319M

MemTotal:        4016004 kB
MemFree:         3217860 kB
Active:           442164 kB
Mem:          3.8G       779M       3.1G       5.7M        58M       319M

MemTotal:        4016004 kB
MemFree:         3217736 kB
Active:           442168 kB
Mem:          3.8G       779M       3.1G       5.7M        58M       319M

MemTotal:        4016004 kB
MemFree:         3217860 kB
Active:           442128 kB
Mem:          3.8G       779M       3.1G       5.7M        58M       319M

MemTotal:        4016004 kB
MemFree:         3217736 kB
Active:           442148 kB
Mem:          3.8G       779M       3.1G       5.7M        58M       319M

MemTotal:        4016004 kB
MemFree:         3217736 kB
Active:           442176 kB
Mem:          3.8G       779M       3.1G       5.7M        58M       319M

MemTotal:        4016004 kB
MemFree:         3217720 kB
Active:           442144 kB
Mem:          3.8G       779M       3.1G       5.7M        58M       319M

MemTotal:        4016004 kB
MemFree:         3217224 kB
Active:           442192 kB
Mem:          3.8G       779M       3.1G       5.7M        58M       319M

MemTotal:        4016004 kB
MemFree:         3217472 kB
Active:           442184 kB
Mem:          3.8G       780M       3.1G       5.7M        58M       319M

MemTotal:        4016004 kB
MemFree:         3217720 kB
Active:           442140 kB
Mem:          3.8G       779M       3.1G       5.7M        58M       319M

MemTotal:        4016004 kB
MemFree:         3217844 kB
Active:           442160 kB
Mem:          3.8G       779M       3.1G       5.7M        58M       319M

MemTotal:        4016004 kB
MemFree:         3217348 kB
Active:           442168 kB
Mem:          3.8G       779M       3.1G       5.7M        58M       319M

MemTotal:        4016004 kB
MemFree:         3217596 kB
Active:           442168 kB
Mem:          3.8G       779M       3.1G       5.7M        58M       319M

MemTotal:        4016004 kB
MemFree:         3217720 kB
Active:           442168 kB
Mem:          3.8G       779M       3.1G       5.7M        58M       319M

MemTotal:        4016004 kB
MemFree:         3217472 kB
Active:           442192 kB
Mem:          3.8G       779M       3.1G       5.7M        58M       319M

MemTotal:        4016004 kB
MemFree:         3217596 kB
Active:           442152 kB
Mem:          3.8G       779M       3.1G       5.7M        58M       319M

MemTotal:        4016004 kB
MemFree:         3217472 kB
Active:           442204 kB
Mem:          3.8G       779M       3.1G       5.7M        58M       319M

MemTotal:        4016004 kB
MemFree:         3217240 kB
Active:           442208 kB
Mem:          3.8G       780M       3.1G       5.7M        58M       319M

MemTotal:        4016004 kB
MemFree:         3217240 kB
Active:           442164 kB
Mem:          3.8G       780M       3.1G       5.7M        58M       319M

MemTotal:        4016004 kB
MemFree:         3217240 kB
Active:           442192 kB
Mem:          3.8G       780M       3.1G       5.7M        58M       319M

MemTotal:        4016004 kB
MemFree:         3217116 kB
Active:           442212 kB
Mem:          3.8G       780M       3.1G       5.7M        58M       319M

MemTotal:        4016004 kB
MemFree:         3217240 kB
Active:           442168 kB
Mem:          3.8G       780M       3.1G       5.7M        58M       319M

MemTotal:        4016004 kB
MemFree:         3216992 kB
Active:           442220 kB
Mem:          3.8G       780M       3.1G       5.7M        58M       319M

MemTotal:        4016004 kB
MemFree:         3216992 kB
Active:           442212 kB
Mem:          3.8G       780M       3.1G       5.7M        58M       319M

MemTotal:        4016004 kB
MemFree:         3217612 kB
Active:           442192 kB
Mem:          3.8G       780M       3.1G       5.7M        58M       319M

MemTotal:        4016004 kB
MemFree:         3217488 kB
Active:           442216 kB
Mem:          3.8G       779M       3.1G       5.7M        58M       319M

MemTotal:        4016004 kB
MemFree:         3217612 kB
Active:           442168 kB
Mem:          3.8G       779M       3.1G       5.7M        58M       319M

MemTotal:        4016004 kB
MemFree:         3217612 kB
Active:           442196 kB
Mem:          3.8G       779M       3.1G       5.7M        58M       319M

MemTotal:        4016004 kB
MemFree:         3217612 kB
Active:           442188 kB
Mem:          3.8G       779M       3.1G       5.7M        58M       319M

MemTotal:        4016004 kB
MemFree:         3217240 kB
Active:           442236 kB
Mem:          3.8G       779M       3.1G       5.7M        58M       319M

MemTotal:        4016004 kB
MemFree:         3217488 kB
Active:           442232 kB
Mem:          3.8G       779M       3.1G       5.7M        58M       319M

MemTotal:        4016004 kB
MemFree:         3217488 kB
Active:           442224 kB
Mem:          3.8G       779M       3.1G       5.7M        58M       319M

MemTotal:        4016004 kB
MemFree:         3217116 kB
Active:           442240 kB
Mem:          3.8G       780M       3.1G       5.7M        58M       319M

MemTotal:        4016004 kB
MemFree:         3217364 kB
Active:           442240 kB
Mem:          3.8G       780M       3.1G       5.7M        58M       319M

MemTotal:        4016004 kB
MemFree:         3217100 kB
Active:           442244 kB
Mem:          3.8G       780M       3.1G       5.7M        58M       319M

MemTotal:        4016004 kB
MemFree:         3216868 kB
Active:           442244 kB
Mem:          3.8G       780M       3.1G       5.7M        58M       319M

MemTotal:        4016004 kB
MemFree:         3216836 kB
Active:           442236 kB
Mem:          3.8G       780M       3.1G       5.7M        58M       319M

MemTotal:        4016004 kB
MemFree:         3217256 kB
Active:           442228 kB
Mem:          3.8G       779M       3.1G       5.7M        58M       319M

MemTotal:        4016004 kB
MemFree:         3217256 kB
Active:           442196 kB
Mem:          3.8G       780M       3.1G       5.7M        58M       319M

MemTotal:        4016004 kB
MemFree:         3216760 kB
Active:           442256 kB
Mem:          3.8G       780M       3.1G       5.7M        58M       319M

MemTotal:        4016004 kB
MemFree:         3216512 kB
Active:           442256 kB
Mem:          3.8G       780M       3.1G       5.7M        58M       319M

MemTotal:        4016004 kB
MemFree:         3217008 kB
Active:           442240 kB
Mem:          3.8G       780M       3.1G       5.7M        58M       319M

MemTotal:        4016004 kB
MemFree:         3217008 kB
Active:           442220 kB
Mem:          3.8G       780M       3.1G       5.7M        58M       319M

MemTotal:        4016004 kB
MemFree:         3217008 kB
Active:           442256 kB
Mem:          3.8G       780M       3.1G       5.7M        58M       319M

MemTotal:        4016004 kB
MemFree:         3217380 kB
Active:           442256 kB
Mem:          3.8G       779M       3.1G       5.7M        58M       319M

MemTotal:        4016004 kB
MemFree:         3217504 kB
Active:           442232 kB
Mem:          3.8G       779M       3.1G       5.7M        58M       319M

MemTotal:        4016004 kB
MemFree:         3217380 kB
Active:           442232 kB
Mem:          3.8G       779M       3.1G       5.7M        58M       319M

MemTotal:        4016004 kB
MemFree:         3217380 kB
Active:           442212 kB
Mem:          3.8G       780M       3.1G       5.7M        58M       319M

MemTotal:        4016004 kB
MemFree:         3217380 kB
Active:           442256 kB
Mem:          3.8G       779M       3.1G       5.7M        58M       319M

MemTotal:        4016004 kB
MemFree:         3217752 kB
Active:           442228 kB
Mem:          3.8G       779M       3.1G       5.7M        58M       319M

MemTotal:        4016004 kB
MemFree:         3216944 kB
Active:           440204 kB
Mem:          3.8G       780M       3.1G       5.7M        58M       319M

MemTotal:        4016004 kB
MemFree:         3216572 kB
Active:           440240 kB
Mem:          3.8G       780M       3.1G       5.7M        58M       319M

MemTotal:        4016004 kB
MemFree:         3217192 kB
Active:           442272 kB
Mem:          3.8G       780M       3.1G       5.7M        58M       319M

MemTotal:        4016004 kB
MemFree:         3217068 kB
Active:           442276 kB
Mem:          3.8G       780M       3.1G       5.7M        58M       319M

MemTotal:        4016004 kB
MemFree:         3217192 kB
Active:           442260 kB
Mem:          3.8G       780M       3.1G       5.7M        58M       319M

MemTotal:        4016004 kB
MemFree:         3217192 kB
Active:           442240 kB
Mem:          3.8G       780M       3.1G       5.7M        58M       319M

MemTotal:        4016004 kB
MemFree:         3217192 kB
Active:           442256 kB
Mem:          3.8G       779M       3.1G       5.7M        58M       319M

MemTotal:        4016004 kB
MemFree:         3217688 kB
Active:           442284 kB
Mem:          3.8G       779M       3.1G       5.7M        58M       319M

MemTotal:        4016004 kB
MemFree:         3217812 kB
Active:           442268 kB
Mem:          3.8G       779M       3.1G       5.7M        58M       319M

MemTotal:        4016004 kB
MemFree:         3217316 kB
Active:           442304 kB
Mem:          3.8G       779M       3.1G       5.7M        58M       319M

MemTotal:        4016004 kB
MemFree:         3217564 kB
Active:           442252 kB
Mem:          3.8G       779M       3.1G       5.7M        58M       319M

MemTotal:        4016004 kB
MemFree:         3217564 kB
Active:           442276 kB
Mem:          3.8G       779M       3.1G       5.7M        58M       319M

MemTotal:        4016004 kB
MemFree:         3217316 kB
Active:           442304 kB
Mem:          3.8G       779M       3.1G       5.7M        58M       319M

MemTotal:        4016004 kB
MemFree:         3217440 kB
Active:           442276 kB
Mem:          3.8G       779M       3.1G       5.7M        58M       319M

MemTotal:        4016004 kB
MemFree:         3217440 kB
Active:           442264 kB
Mem:          3.8G       779M       3.1G       5.7M        58M       319M

MemTotal:        4016004 kB
MemFree:         3217812 kB
Active:           442280 kB
Mem:          3.8G       779M       3.1G       5.7M        58M       319M

MemTotal:        4016004 kB
MemFree:         3217440 kB
Active:           442272 kB
Mem:          3.8G       779M       3.1G       5.7M        58M       319M

MemTotal:        4016004 kB
MemFree:         3216944 kB
Active:           442320 kB
Mem:          3.8G       780M       3.1G       5.7M        58M       319M

MemTotal:        4016004 kB
MemFree:         3216572 kB
Active:           442320 kB
Mem:          3.8G       780M       3.1G       5.7M        58M       319M

MemTotal:        4016004 kB
MemFree:         3216820 kB
Active:           442268 kB
Mem:          3.8G       780M       3.1G       5.7M        58M       319M

MemTotal:        4016004 kB
MemFree:         3214896 kB
Active:           442284 kB
Mem:          3.8G       782M       3.1G       5.7M        58M       319M

MemTotal:        4016004 kB
MemFree:         3214400 kB
Active:           442304 kB
Mem:          3.8G       782M       3.1G       5.7M        58M       319M

MemTotal:        4016004 kB
MemFree:         3215020 kB
Active:           444300 kB
Mem:          3.8G       782M       3.1G       5.7M        58M       319M

MemTotal:        4016004 kB
MemFree:         3214772 kB
Active:           444336 kB
Mem:          3.8G       782M       3.1G       5.7M        58M       319M

MemTotal:        4016004 kB
MemFree:         3214896 kB
Active:           444336 kB
Mem:          3.8G       782M       3.1G       5.7M        58M       319M

MemTotal:        4016004 kB
MemFree:         3215640 kB
Active:           444308 kB
Mem:          3.8G       781M       3.1G       5.7M        58M       319M

MemTotal:        4016004 kB
MemFree:         3215516 kB
Active:           444344 kB
Mem:          3.8G       781M       3.1G       5.7M        58M       319M

MemTotal:        4016004 kB
MemFree:         3215516 kB
Active:           444344 kB
Mem:          3.8G       781M       3.1G       5.7M        58M       319M

MemTotal:        4016004 kB
MemFree:         3215268 kB
Active:           444336 kB
Mem:          3.8G       781M       3.1G       5.7M        58M       319M

MemTotal:        4016004 kB
MemFree:         3215268 kB
Active:           444328 kB
Mem:          3.8G       781M       3.1G       5.7M        58M       319M

MemTotal:        4016004 kB
MemFree:         3214520 kB
Active:           442332 kB
Mem:          3.8G       782M       3.1G       5.7M        58M       319M

MemTotal:        4016004 kB
MemFree:         3214768 kB
Active:           444388 kB
Mem:          3.8G       782M       3.1G       5.7M        58M       319M

MemTotal:        4016004 kB
MemFree:         3215016 kB
Active:           444340 kB
Mem:          3.8G       782M       3.1G       5.7M        58M       319M

MemTotal:        4016004 kB
MemFree:         3215016 kB
Active:           444380 kB
Mem:          3.8G       782M       3.1G       5.7M        58M       319M

MemTotal:        4016004 kB
MemFree:         3214892 kB
Active:           444372 kB
Mem:          3.8G       782M       3.1G       5.7M        58M       319M

MemTotal:        4016004 kB
MemFree:         3215016 kB
Active:           444356 kB
Mem:          3.8G       782M       3.1G       5.7M        58M       319M

MemTotal:        4016004 kB
MemFree:         3214644 kB
Active:           444396 kB
Mem:          3.8G       782M       3.1G       5.7M        58M       319M

MemTotal:        4016004 kB
MemFree:         3215140 kB
Active:           444348 kB
Mem:          3.8G       782M       3.1G       5.7M        58M       319M

MemTotal:        4016004 kB
MemFree:         3214768 kB
Active:           444348 kB
Mem:          3.8G       782M       3.1G       5.7M        58M       319M

MemTotal:        4016004 kB
MemFree:         3214644 kB
Active:           444352 kB
Mem:          3.8G       782M       3.1G       5.7M        58M       319M

MemTotal:        4016004 kB
MemFree:         3212844 kB
Active:           444372 kB
Mem:          3.8G       784M       3.1G       5.7M        58M       319M

MemTotal:        4016004 kB
MemFree:         3168928 kB
Active:           446652 kB
Mem:          3.8G       827M       3.0G       5.7M        58M       362M

MemTotal:        4016004 kB
MemFree:         3122456 kB
Active:           446652 kB
Mem:          3.8G       872M       3.0G       5.7M        58M       406M

MemTotal:        4016004 kB
MemFree:         3077472 kB
Active:           446612 kB
Mem:          3.8G       917M       2.9G       5.7M        58M       450M

MemTotal:        4016004 kB
MemFree:         3030860 kB
Active:           446652 kB
Mem:          3.8G       962M       2.9G       5.7M        58M       494M

MemTotal:        4016004 kB
MemFree:         2985008 kB
Active:           446656 kB
Mem:          3.8G       1.0G       2.8G       5.7M        58M       538M

MemTotal:        4016004 kB
MemFree:         2939388 kB
Active:           446652 kB
Mem:          3.8G       1.0G       2.8G       5.7M        58M       582M

MemTotal:        4016004 kB
MemFree:         2893784 kB
Active:           446636 kB
Mem:          3.8G       1.1G       2.8G       5.7M        58M       626M

MemTotal:        4016004 kB
MemFree:         2848160 kB
Active:           446644 kB
Mem:          3.8G       1.1G       2.7G       5.7M        58M       671M

MemTotal:        4016004 kB
MemFree:         2802224 kB
Active:           446624 kB
Mem:          3.8G       1.2G       2.7G       5.7M        58M       714M

MemTotal:        4016004 kB
MemFree:         2761720 kB
Active:           446628 kB
Mem:          3.8G       1.2G       2.6G       5.7M        58M       753M

MemTotal:        4016004 kB
MemFree:         2758352 kB
Active:           446680 kB
Mem:          3.8G       1.2G       2.6G       5.7M        58M       756M

MemTotal:        4016004 kB
MemFree:         2756552 kB
Active:           446720 kB
Mem:          3.8G       1.2G       2.6G       5.7M        58M       758M

MemTotal:        4016004 kB
MemFree:         2754692 kB
Active:           446704 kB
Mem:          3.8G       1.2G       2.6G       5.7M        58M       760M

MemTotal:        4016004 kB
MemFree:         2709092 kB
Active:           446752 kB
Mem:          3.8G       1.2G       2.6G       5.7M        58M       804M

MemTotal:        4016004 kB
MemFree:         2663488 kB
Active:           446752 kB
Mem:          3.8G       1.3G       2.5G       5.7M        58M       847M

MemTotal:        4016004 kB
MemFree:         2618720 kB
Active:           446736 kB
Mem:          3.8G       1.3G       2.5G       5.7M        58M       892M

MemTotal:        4016004 kB
MemFree:         2572604 kB
Active:           446712 kB
Mem:          3.8G       1.4G       2.5G       5.7M        58M       936M

MemTotal:        4016004 kB
MemFree:         2526628 kB
Active:           446764 kB
Mem:          3.8G       1.4G       2.4G       5.7M        58M       980M

MemTotal:        4016004 kB
MemFree:         2479456 kB
Active:           444732 kB
Mem:          3.8G       1.5G       2.4G       5.7M        58M       1.0G

MemTotal:        4016004 kB
MemFree:         2434100 kB
Active:           446736 kB
Mem:          3.8G       1.5G       2.3G       5.7M        58M       1.0G

MemTotal:        4016004 kB
MemFree:         2404276 kB
Active:           446788 kB
Mem:          3.8G       1.5G       2.3G       5.7M        58M       1.1G

MemTotal:        4016004 kB
MemFree:         2363200 kB
Active:           446800 kB
Mem:          3.8G       1.6G       2.3G       5.7M        58M       1.1G

MemTotal:        4016004 kB
MemFree:         2317100 kB
Active:           446800 kB
Mem:          3.8G       1.6G       2.2G       5.7M        58M       1.2G

MemTotal:        4016004 kB
MemFree:         2304132 kB
Active:           446772 kB
Mem:          3.8G       1.6G       2.2G       5.7M        58M       1.2G

MemTotal:        4016004 kB
MemFree:         2302060 kB
Active:           446800 kB
Mem:          3.8G       1.6G       2.2G       5.7M        58M       1.2G

MemTotal:        4016004 kB
MemFree:         2301596 kB
Active:           446812 kB
Mem:          3.8G       1.6G       2.2G       5.7M        58M       1.2G

MemTotal:        4016004 kB
MemFree:         2301756 kB
Active:           446776 kB
Mem:          3.8G       1.6G       2.2G       5.7M        58M       1.2G

MemTotal:        4016004 kB
MemFree:         2261568 kB
Active:           446768 kB
Mem:          3.8G       1.7G       2.2G       5.7M        58M       1.2G

MemTotal:        4016004 kB
MemFree:         2216088 kB
Active:           446824 kB
Mem:          3.8G       1.7G       2.1G       5.7M        58M       1.2G

MemTotal:        4016004 kB
MemFree:         2169104 kB
Active:           446828 kB
Mem:          3.8G       1.8G       2.1G       5.7M        58M       1.3G

MemTotal:        4016004 kB
MemFree:         2123112 kB
Active:           446784 kB
Mem:          3.8G       1.8G       2.0G       5.7M        58M       1.3G

MemTotal:        4016004 kB
MemFree:         2077508 kB
Active:           446792 kB
Mem:          3.8G       1.8G       2.0G       5.7M        58M       1.4G

MemTotal:        4016004 kB
MemFree:         2032028 kB
Active:           446840 kB
Mem:          3.8G       1.9G       1.9G       5.7M        58M       1.4G

MemTotal:        4016004 kB
MemFree:         1985912 kB
Active:           446836 kB
Mem:          3.8G       1.9G       1.9G       5.7M        58M       1.5G

MemTotal:        4016004 kB
MemFree:         1945268 kB
Active:           446840 kB
Mem:          3.8G       2.0G       1.9G       5.7M        58M       1.5G

MemTotal:        4016004 kB
MemFree:         1932896 kB
Active:           446812 kB
Mem:          3.8G       2.0G       1.8G       5.7M        58M       1.5G

MemTotal:        4016004 kB
MemFree:         1886952 kB
Active:           446872 kB
Mem:          3.8G       2.0G       1.8G       5.7M        58M       1.6G

MemTotal:        4016004 kB
MemFree:         1857836 kB
Active:           446888 kB
Mem:          3.8G       2.1G       1.8G       5.7M        58M       1.6G

MemTotal:        4016004 kB
MemFree:         1856256 kB
Active:           446892 kB
Mem:          3.8G       2.1G       1.8G       5.7M        58M       1.6G

MemTotal:        4016004 kB
MemFree:         1855420 kB
Active:           446912 kB
Mem:          3.8G       2.1G       1.8G       5.7M        58M       1.6G

MemTotal:        4016004 kB
MemFree:         1821084 kB
Active:           446940 kB
Mem:          3.8G       2.1G       1.7G       5.7M        58M       1.6G

MemTotal:        4016004 kB
MemFree:         1775516 kB
Active:           446924 kB
Mem:          3.8G       2.1G       1.7G       5.7M        58M       1.7G

MemTotal:        4016004 kB
MemFree:         1729836 kB
Active:           446908 kB
Mem:          3.8G       2.2G       1.6G       5.7M        58M       1.7G

MemTotal:        4016004 kB
MemFree:         1684480 kB
Active:           446940 kB
Mem:          3.8G       2.2G       1.6G       5.7M        58M       1.7G

MemTotal:        4016004 kB
MemFree:         1638752 kB
Active:           446968 kB
Mem:          3.8G       2.3G       1.6G       5.7M        58M       1.8G

MemTotal:        4016004 kB
MemFree:         1592636 kB
Active:           446976 kB
Mem:          3.8G       2.3G       1.5G       5.7M        58M       1.8G

MemTotal:        4016004 kB
MemFree:         1547652 kB
Active:           446932 kB
Mem:          3.8G       2.4G       1.5G       5.7M        58M       1.9G

MemTotal:        4016004 kB
MemFree:         1505516 kB
Active:           446972 kB
Mem:          3.8G       2.4G       1.4G       5.7M        58M       1.9G

MemTotal:        4016004 kB
MemFree:         1474996 kB
Active:           445000 kB
Mem:          3.8G       2.4G       1.4G       5.7M        58M       1.9G

MemTotal:        4016004 kB
MemFree:         1429208 kB
Active:           447000 kB
Mem:          3.8G       2.5G       1.4G       5.7M        58M       2.0G

MemTotal:        4016004 kB
MemFree:         1418404 kB
Active:           447048 kB
Mem:          3.8G       2.5G       1.4G       5.7M        58M       2.0G

MemTotal:        4016004 kB
MemFree:         1417628 kB
Active:           447024 kB
Mem:          3.8G       2.5G       1.4G       5.7M        58M       2.0G

MemTotal:        4016004 kB
MemFree:         1417788 kB
Active:           447048 kB
Mem:          3.8G       2.5G       1.4G       5.7M        58M       2.0G

MemTotal:        4016004 kB
MemFree:         1408760 kB
Active:           447024 kB
Mem:          3.8G       2.5G       1.3G       5.7M        58M       2.0G

MemTotal:        4016004 kB
MemFree:         1362396 kB
Active:           447088 kB
Mem:          3.8G       2.5G       1.3G       5.7M        58M       2.1G

MemTotal:        4016004 kB
MemFree:         1317040 kB
Active:           447044 kB
Mem:          3.8G       2.6G       1.3G       5.7M        58M       2.1G

MemTotal:        4016004 kB
MemFree:         1271560 kB
Active:           447032 kB
Mem:          3.8G       2.6G       1.2G       5.7M        58M       2.1G

MemTotal:        4016004 kB
MemFree:         1225320 kB
Active:           447088 kB
Mem:          3.8G       2.7G       1.2G       5.7M        58M       2.2G

MemTotal:        4016004 kB
MemFree:         1176984 kB
Active:           447064 kB
Mem:          3.8G       2.7G       1.1G       5.7M        58M       2.2G

MemTotal:        4016004 kB
MemFree:         1130744 kB
Active:           449124 kB
Mem:          3.8G       2.8G       1.1G       5.7M        58M       2.3G

MemTotal:        4016004 kB
MemFree:         1084892 kB
Active:           449128 kB
Mem:          3.8G       2.8G       1.0G       5.7M        58M       2.3G

MemTotal:        4016004 kB
MemFree:         1066616 kB
Active:           449128 kB
Mem:          3.8G       2.8G       1.0G       5.7M        58M       2.3G

MemTotal:        4016004 kB
MemFree:         1024700 kB
Active:           449112 kB
Mem:          3.8G       2.9G       1.0G       5.7M        58M       2.4G

MemTotal:        4016004 kB
MemFree:          993016 kB
Active:           449100 kB
Mem:          3.8G       2.9G       969M       5.7M        58M       2.4G

MemTotal:        4016004 kB
MemFree:          991820 kB
Active:           449152 kB
Mem:          3.8G       2.9G       968M       5.7M        58M       2.4G

MemTotal:        4016004 kB
MemFree:          989264 kB
Active:           449140 kB
Mem:          3.8G       2.9G       966M       5.7M        58M       2.4G

MemTotal:        4016004 kB
MemFree:          987652 kB
Active:           449172 kB
Mem:          3.8G       2.9G       964M       5.7M        58M       2.4G

MemTotal:        4016004 kB
MemFree:          949844 kB
Active:           449200 kB
Mem:          3.8G       2.9G       927M       5.7M        58M       2.4G

MemTotal:        4016004 kB
MemFree:          903980 kB
Active:           449256 kB
Mem:          3.8G       3.0G       882M       5.7M        58M       2.5G

MemTotal:        4016004 kB
MemFree:          857740 kB
Active:           449244 kB
Mem:          3.8G       3.0G       837M       5.7M        58M       2.5G

MemTotal:        4016004 kB
MemFree:          811516 kB
Active:           449212 kB
Mem:          3.8G       3.1G       792M       5.7M        58M       2.6G

MemTotal:        4016004 kB
MemFree:          765788 kB
Active:           449220 kB
Mem:          3.8G       3.1G       747M       5.7M        58M       2.6G

MemTotal:        4016004 kB
MemFree:          719796 kB
Active:           449216 kB
Mem:          3.8G       3.1G       702M       5.7M        58M       2.7G

MemTotal:        4016004 kB
MemFree:          672952 kB
Active:           449268 kB
Mem:          3.8G       3.2G       657M       5.7M        58M       2.7G

MemTotal:        4016004 kB
MemFree:          628076 kB
Active:           449232 kB
Mem:          3.8G       3.2G       613M       5.7M        58M       2.7G

MemTotal:        4016004 kB
MemFree:          580980 kB
Active:           449276 kB
Mem:          3.8G       3.3G       566M       5.7M        58M       2.8G

MemTotal:        4016004 kB
MemFree:          535580 kB
Active:           449288 kB
Mem:          3.8G       3.3G       522M       5.7M        58M       2.8G

MemTotal:        4016004 kB
MemFree:          489076 kB
Active:           449284 kB
Mem:          3.8G       3.4G       477M       5.7M        58M       2.9G

MemTotal:        4016004 kB
MemFree:          484964 kB
Active:           449268 kB
Mem:          3.8G       3.4G       473M       5.7M        58M       2.9G

MemTotal:        4016004 kB
MemFree:          469548 kB
Active:           449292 kB
Mem:          3.8G       3.4G       458M       5.7M        58M       2.9G

MemTotal:        4016004 kB
MemFree:          424800 kB
Active:           449336 kB
Mem:          3.8G       3.4G       414M       5.7M        58M       2.9G

MemTotal:        4016004 kB
MemFree:          378396 kB
Active:           449288 kB
Mem:          3.8G       3.5G       369M       5.7M        58M       3.0G

MemTotal:        4016004 kB
MemFree:          331908 kB
Active:           449336 kB
Mem:          3.8G       3.5G       324M       5.7M        58M       3.0G

MemTotal:        4016004 kB
MemFree:          285312 kB
Active:           449336 kB
Mem:          3.8G       3.6G       278M       5.7M        58M       3.1G

MemTotal:        4016004 kB
MemFree:          240080 kB
Active:           449304 kB
Mem:          3.8G       3.6G       234M       5.7M        58M       3.1G

MemTotal:        4016004 kB
MemFree:          193856 kB
Active:           449304 kB
Mem:          3.8G       3.6G       188M       5.7M        58M       3.1G

MemTotal:        4016004 kB
MemFree:          147616 kB
Active:           449324 kB
Mem:          3.8G       3.7G       143M       5.7M        58M       3.2G

MemTotal:        4016004 kB
MemFree:          116120 kB
Active:           449332 kB
Mem:          3.8G       3.7G       113M       5.7M        58M       3.2G

MemTotal:        4016004 kB
MemFree:          127912 kB
Active:           454816 kB
Mem:          3.8G       3.7G       120M       5.7M        25M       3.2G

MemTotal:        4016004 kB
MemFree:          150396 kB
Active:           505824 kB
Mem:          3.8G       3.7G       144M       5.7M        25M       3.2G

MemTotal:        4016004 kB
MemFree:          107932 kB
Active:           491116 kB
Mem:          3.8G       3.7G       105M       5.7M        25M       3.3G

MemTotal:        4016004 kB
MemFree:          113292 kB
Active:           479304 kB
Mem:          3.8G       3.7G       110M       5.7M        25M       3.3G

MemTotal:        4016004 kB
MemFree:          121488 kB
Active:           473160 kB
Mem:          3.8G       3.7G       118M       5.7M        25M       3.2G

MemTotal:        4016004 kB
MemFree:          111596 kB
Active:           467728 kB
Mem:          3.8G       3.7G       108M       5.7M        25M       3.3G

MemTotal:        4016004 kB
MemFree:          126360 kB
Active:           462532 kB
Mem:          3.8G       3.7G       123M       5.7M        25M       3.2G

MemTotal:        4016004 kB
MemFree:          127472 kB
Active:           457560 kB
Mem:          3.8G       3.7G       124M       5.7M        25M       3.2G

MemTotal:        4016004 kB
MemFree:          117688 kB
Active:           453092 kB
Mem:          3.8G       3.7G       125M       5.7M        25M       3.2G

MemTotal:        4016004 kB
MemFree:          112876 kB
Active:           451676 kB
Mem:          3.8G       3.7G       109M       5.7M        25M       3.3G

MemTotal:        4016004 kB
MemFree:          112396 kB
Active:           451640 kB
Mem:          3.8G       3.7G       109M       5.7M        25M       3.3G

MemTotal:        4016004 kB
MemFree:          120456 kB
Active:           450152 kB
Mem:          3.8G       3.7G       117M       5.7M        25M       3.2G

MemTotal:        4016004 kB
MemFree:          109704 kB
Active:           448896 kB
Mem:          3.8G       3.7G       106M       5.7M        25M       3.3G

MemTotal:        4016004 kB
MemFree:          108700 kB
Active:           445168 kB
Mem:          3.8G       3.7G       106M       5.7M        25M       3.3G

MemTotal:        4016004 kB
MemFree:          135176 kB
Active:           438964 kB
Mem:          3.8G       3.7G       131M       5.7M        25M       3.2G

MemTotal:        4016004 kB
MemFree:          137884 kB
Active:           437052 kB
Mem:          3.8G       3.7G       134M       5.7M        25M       3.2G

MemTotal:        4016004 kB
MemFree:          139084 kB
Active:           435544 kB
Mem:          3.8G       3.7G       136M       5.7M        25M       3.2G

MemTotal:        4016004 kB
MemFree:          135704 kB
Active:           434016 kB
Mem:          3.8G       3.7G       132M       5.7M        25M       3.2G

MemTotal:        4016004 kB
MemFree:          131772 kB
Active:           432352 kB
Mem:          3.8G       3.7G       128M       5.7M        25M       3.2G

MemTotal:        4016004 kB
MemFree:          133688 kB
Active:           430816 kB
Mem:          3.8G       3.7G       130M       5.7M        25M       3.2G

MemTotal:        4016004 kB
MemFree:          110980 kB
Active:           430432 kB
Mem:          3.8G       3.7G       119M       5.7M        25M       3.2G

MemTotal:        4016004 kB
MemFree:          125020 kB
Active:           428644 kB
Mem:          3.8G       3.7G       121M       5.7M        25M       3.2G

MemTotal:        4016004 kB
MemFree:          113256 kB
Active:           428532 kB
Mem:          3.8G       3.7G       110M       5.7M        25M       3.3G

MemTotal:        4016004 kB
MemFree:          110752 kB
Active:           426744 kB
Mem:          3.8G       3.7G       108M       5.7M        25M       3.3G

MemTotal:        4016004 kB
MemFree:          125956 kB
Active:           425080 kB
Mem:          3.8G       3.7G       122M       5.7M        25M       3.2G

MemTotal:        4016004 kB
MemFree:          112464 kB
Active:           421732 kB
Mem:          3.8G       3.7G       110M       5.7M        25M       3.3G

MemTotal:        4016004 kB
MemFree:          127100 kB
Active:           420072 kB
Mem:          3.8G       3.7G       124M       5.7M        25M       3.2G

MemTotal:        4016004 kB
MemFree:          134908 kB
Active:           417900 kB
Mem:          3.8G       3.7G       131M       5.7M        25M       3.2G

MemTotal:        4016004 kB
MemFree:          130700 kB
Active:           416492 kB
Mem:          3.8G       3.7G       127M       5.7M        25M       3.2G

MemTotal:        4016004 kB
MemFree:          139264 kB
Active:           414780 kB
Mem:          3.8G       3.7G       136M       5.7M        25M       3.2G

MemTotal:        4016004 kB
MemFree:          131172 kB
Active:           413684 kB
Mem:          3.8G       3.7G       128M       5.7M        25M       3.2G

MemTotal:        4016004 kB
MemFree:          115548 kB
Active:           412356 kB
Mem:          3.8G       3.7G       112M       5.7M        25M       3.2G

MemTotal:        4016004 kB
MemFree:          105964 kB
Active:           411268 kB
Mem:          3.8G       3.7G       102M       5.7M        25M       3.3G

MemTotal:        4016004 kB
MemFree:          117076 kB
Active:           409320 kB
Mem:          3.8G       3.7G       114M       5.7M        25M       3.2G

MemTotal:        4016004 kB
MemFree:          145056 kB
Active:           407148 kB
Mem:          3.8G       3.7G       141M       5.7M        25M       3.2G

MemTotal:        4016004 kB
MemFree:          135640 kB
Active:           406044 kB
Mem:          3.8G       3.7G       132M       5.7M        25M       3.2G

MemTotal:        4016004 kB
MemFree:          126076 kB
Active:           404836 kB
Mem:          3.8G       3.7G       123M       5.7M        25M       3.2G

MemTotal:        4016004 kB
MemFree:          117776 kB
Active:           401720 kB
Mem:          3.8G       3.7G       114M       5.7M        25M       3.2G

MemTotal:        4016004 kB
MemFree:          107836 kB
Active:           400572 kB
Mem:          3.8G       3.7G       105M       5.7M        25M       3.3G

MemTotal:        4016004 kB
MemFree:          134968 kB
Active:           398268 kB
Mem:          3.8G       3.7G       131M       5.7M        25M       3.2G

MemTotal:        4016004 kB
MemFree:          124724 kB
Active:           397124 kB
Mem:          3.8G       3.7G       121M       5.7M        25M       3.2G

MemTotal:        4016004 kB
MemFree:          105204 kB
Active:           395704 kB
Mem:          3.8G       3.7G       102M       5.7M        25M       3.3G

MemTotal:        4016004 kB
MemFree:          107288 kB
Active:           393936 kB
Mem:          3.8G       3.7G       104M       5.7M        25M       3.3G

MemTotal:        4016004 kB
MemFree:          135180 kB
Active:           391760 kB
Mem:          3.8G       3.7G       131M       5.7M        25M       3.2G

MemTotal:        4016004 kB
MemFree:          125236 kB
Active:           388416 kB
Mem:          3.8G       3.7G       122M       5.7M        25M       3.2G

MemTotal:        4016004 kB
MemFree:          142128 kB
Active:           386660 kB
Mem:          3.8G       3.7G       138M       5.7M        26M       3.2G

MemTotal:        4016004 kB
MemFree:          142040 kB
Active:           386640 kB
Mem:          3.8G       3.7G       138M       5.7M        26M       3.2G

MemTotal:        4016004 kB
MemFree:          141980 kB
Active:           386672 kB
Mem:          3.8G       3.7G       138M       5.7M        26M       3.2G

MemTotal:        4016004 kB
MemFree:          141804 kB
Active:           386684 kB
Mem:          3.8G       3.7G       138M       5.7M        26M       3.2G

MemTotal:        4016004 kB
MemFree:          124992 kB
Active:           386180 kB
Mem:          3.8G       3.7G       121M       5.7M        26M       3.2G

MemTotal:        4016004 kB
MemFree:          116492 kB
Active:           384776 kB
Mem:          3.8G       3.7G       113M       5.7M        26M       3.2G

MemTotal:        4016004 kB
MemFree:          107432 kB
Active:           383624 kB
Mem:          3.8G       3.7G       104M       5.7M        26M       3.3G

MemTotal:        4016004 kB
MemFree:          114876 kB
Active:           381432 kB
Mem:          3.8G       3.7G       111M       5.7M        26M       3.2G

MemTotal:        4016004 kB
MemFree:          106400 kB
Active:           378332 kB
Mem:          3.8G       3.7G       104M       5.7M        26M       3.3G

MemTotal:        4016004 kB
MemFree:          121176 kB
Active:           378336 kB
Mem:          3.8G       3.7G       118M       5.7M        26M       3.2G

MemTotal:        4016004 kB
MemFree:          111780 kB
Active:           378296 kB
Mem:          3.8G       3.7G       108M       5.7M        26M       3.3G

MemTotal:        4016004 kB
MemFree:          109208 kB
Active:           378300 kB
Mem:          3.8G       3.7G       106M       5.7M        26M       3.3G

MemTotal:        4016004 kB
MemFree:          136288 kB
Active:           378332 kB
Mem:          3.8G       3.7G       132M       5.7M        26M       3.2G

MemTotal:        4016004 kB
MemFree:          140544 kB
Active:           378344 kB
Mem:          3.8G       3.7G       137M       5.7M        26M       3.2G

MemTotal:        4016004 kB
MemFree:          127276 kB
Active:           378344 kB
Mem:          3.8G       3.7G       124M       5.7M        26M       3.2G

MemTotal:        4016004 kB
MemFree:          108412 kB
Active:           378316 kB
Mem:          3.8G       3.7G       105M       5.7M        26M       3.3G

MemTotal:        4016004 kB
MemFree:          135304 kB
Active:           378356 kB
Mem:          3.8G       3.7G       132M       5.7M        26M       3.2G

MemTotal:        4016004 kB
MemFree:          118848 kB
Active:           378368 kB
Mem:          3.8G       3.7G       116M       5.7M        26M       3.2G

MemTotal:        4016004 kB
MemFree:          128024 kB
Active:           378380 kB
Mem:          3.8G       3.7G       124M       5.7M        26M       3.2G

MemTotal:        4016004 kB
MemFree:          117496 kB
Active:           378388 kB
Mem:          3.8G       3.7G       114M       5.7M        26M       3.2G

MemTotal:        4016004 kB
MemFree:          108136 kB
Active:           378388 kB
Mem:          3.8G       3.7G       105M       5.7M        26M       3.3G

MemTotal:        4016004 kB
MemFree:          122892 kB
Active:           378216 kB
Mem:          3.8G       3.7G       120M       5.7M        26M       3.2G

MemTotal:        4016004 kB
MemFree:          132112 kB
Active:           378176 kB
Mem:          3.8G       3.7G       128M       5.7M        26M       3.2G

MemTotal:        4016004 kB
MemFree:          121708 kB
Active:           378232 kB
Mem:          3.8G       3.7G       118M       5.7M        26M       3.2G

MemTotal:        4016004 kB
MemFree:          106056 kB
Active:           378212 kB
Mem:          3.8G       3.7G       103M       5.7M        26M       3.3G

MemTotal:        4016004 kB
MemFree:          106508 kB
Active:           378232 kB
Mem:          3.8G       3.7G       104M       5.7M        26M       3.3G

MemTotal:        4016004 kB
MemFree:          106440 kB
Active:           378228 kB
Mem:          3.8G       3.7G       103M       5.7M        26M       3.3G

MemTotal:        4016004 kB
MemFree:          120848 kB
Active:           378256 kB
Mem:          3.8G       3.7G       118M       5.7M        26M       3.2G

MemTotal:        4016004 kB
MemFree:          113392 kB
Active:           378256 kB
Mem:          3.8G       3.7G       110M       5.7M        26M       3.2G

MemTotal:        4016004 kB
MemFree:          115876 kB
Active:           378172 kB
Mem:          3.8G       3.7G       113M       5.7M        26M       3.2G

MemTotal:        4016004 kB
MemFree:          120864 kB
Active:           378164 kB
Mem:          3.8G       3.7G       117M       5.7M        26M       3.2G

MemTotal:        4016004 kB
MemFree:          110708 kB
Active:           378144 kB
Mem:          3.8G       3.7G       108M       5.7M        26M       3.3G

MemTotal:        4016004 kB
MemFree:          125160 kB
Active:           378204 kB
Mem:          3.8G       3.7G       122M       5.7M        26M       3.2G

MemTotal:        4016004 kB
MemFree:          105540 kB
Active:           378168 kB
Mem:          3.8G       3.7G       102M       5.7M        26M       3.3G

MemTotal:        4016004 kB
MemFree:          115364 kB
Active:           378184 kB
Mem:          3.8G       3.7G       112M       5.7M        26M       3.2G

MemTotal:        4016004 kB
MemFree:          111648 kB
Active:           378388 kB
Mem:          3.8G       3.7G       108M       5.7M        26M       3.3G

MemTotal:        4016004 kB
MemFree:          127644 kB
Active:           378248 kB
Mem:          3.8G       3.7G       124M       5.7M        26M       3.2G

MemTotal:        4016004 kB
MemFree:          136928 kB
Active:           378132 kB
Mem:          3.8G       3.7G       133M       5.7M        26M       3.2G

MemTotal:        4016004 kB
MemFree:          108084 kB
Active:           378156 kB
Mem:          3.8G       3.7G       105M       5.7M        26M       3.3G

MemTotal:        4016004 kB
MemFree:          133640 kB
Active:           378156 kB
Mem:          3.8G       3.7G       130M       5.7M        26M       3.2G

MemTotal:        4016004 kB
MemFree:          132412 kB
Active:           378156 kB
Mem:          3.8G       3.7G       129M       5.7M        26M       3.2G

MemTotal:        4016004 kB
MemFree:          140896 kB
Active:           378156 kB
Mem:          3.8G       3.7G       137M       5.7M        26M       3.2G

MemTotal:        4016004 kB
MemFree:          120020 kB
Active:           378156 kB
Mem:          3.8G       3.7G       116M       5.7M        26M       3.2G

MemTotal:        4016004 kB
MemFree:          135972 kB
Active:           378164 kB
Mem:          3.8G       3.7G       132M       5.7M        26M       3.2G

MemTotal:        4016004 kB
MemFree:          125684 kB
Active:           378108 kB
Mem:          3.8G       3.7G       122M       5.7M        26M       3.2G

MemTotal:        4016004 kB
MemFree:          116148 kB
Active:           378120 kB
Mem:          3.8G       3.7G       112M       5.7M        26M       3.2G

MemTotal:        4016004 kB
MemFree:          106152 kB
Active:           378132 kB
Mem:          3.8G       3.7G       103M       5.7M        26M       3.3G

MemTotal:        4016004 kB
MemFree:          132552 kB
Active:           378156 kB
Mem:          3.8G       3.7G       128M       5.7M        26M       3.2G

MemTotal:        4016004 kB
MemFree:          118232 kB
Active:           378160 kB
Mem:          3.8G       3.7G       115M       5.7M        26M       3.2G

MemTotal:        4016004 kB
MemFree:          144880 kB
Active:           378180 kB
Mem:          3.8G       3.7G       140M       5.7M        26M       3.2G

MemTotal:        4016004 kB
MemFree:          134904 kB
Active:           378180 kB
Mem:          3.8G       3.7G       131M       5.7M        26M       3.2G

MemTotal:        4016004 kB
MemFree:          107204 kB
Active:           378172 kB
Mem:          3.8G       3.7G       104M       5.7M        26M       3.3G

MemTotal:        4016004 kB
MemFree:          135132 kB
Active:           378160 kB
Mem:          3.8G       3.7G       130M       5.7M        26M       3.2G

MemTotal:        4016004 kB
MemFree:          147256 kB
Active:           373516 kB
Mem:          3.8G       3.7G       143M       5.7M        26M       3.2G

MemTotal:        4016004 kB
MemFree:          125256 kB
Active:           373416 kB
Mem:          3.8G       3.7G       121M       5.7M        26M       3.2G

MemTotal:        4016004 kB
MemFree:          133032 kB
Active:           373388 kB
Mem:          3.8G       3.7G       129M       5.7M        26M       3.2G

MemTotal:        4016004 kB
MemFree:          124132 kB
Active:           373416 kB
Mem:          3.8G       3.7G       120M       5.7M        26M       3.2G

MemTotal:        4016004 kB
MemFree:          120152 kB
Active:           373424 kB
Mem:          3.8G       3.7G       117M       5.7M        26M       3.2G

MemTotal:        4016004 kB
MemFree:          110204 kB
Active:           373412 kB
Mem:          3.8G       3.7G       107M       5.7M        26M       3.3G

MemTotal:        4016004 kB
MemFree:          124432 kB
Active:           373424 kB
Mem:          3.8G       3.7G       121M       5.7M        26M       3.2G

MemTotal:        4016004 kB
MemFree:          124336 kB
Active:           373384 kB
Mem:          3.8G       3.7G       121M       5.7M        26M       3.2G

MemTotal:        4016004 kB
MemFree:          134392 kB
Active:           373428 kB
Mem:          3.8G       3.7G       131M       5.7M        26M       3.2G

MemTotal:        4016004 kB
MemFree:          124588 kB
Active:           373428 kB
Mem:          3.8G       3.7G       121M       5.7M        26M       3.2G

MemTotal:        4016004 kB
MemFree:          128080 kB
Active:           371712 kB
Mem:          3.8G       3.7G       124M       5.7M        26M       3.2G

MemTotal:        4016004 kB
MemFree:          129824 kB
Active:           371624 kB
Mem:          3.8G       3.7G       127M       5.7M        26M       3.2G

MemTotal:        4016004 kB
MemFree:          120520 kB
Active:           371576 kB
Mem:          3.8G       3.7G       117M       5.7M        26M       3.2G

MemTotal:        4016004 kB
MemFree:          135120 kB
Active:           371624 kB
Mem:          3.8G       3.7G       131M       5.7M        26M       3.2G

MemTotal:        4016004 kB
MemFree:          143212 kB
Active:           371616 kB
Mem:          3.8G       3.7G       139M       5.7M        26M       3.2G

MemTotal:        4016004 kB
MemFree:          134004 kB
Active:           371576 kB
Mem:          3.8G       3.7G       131M       5.7M        26M       3.2G

MemTotal:        4016004 kB
MemFree:          124536 kB
Active:           371592 kB
Mem:          3.8G       3.7G       121M       5.7M        26M       3.2G

MemTotal:        4016004 kB
MemFree:          129420 kB
Active:           371620 kB
Mem:          3.8G       3.7G       126M       5.7M        26M       3.2G

MemTotal:        4016004 kB
MemFree:          111032 kB
Active:           371604 kB
Mem:          3.8G       3.7G       107M       5.7M        26M       3.2G

MemTotal:        4016004 kB
MemFree:          135004 kB
Active:           371636 kB
Mem:          3.8G       3.7G       131M       5.7M        26M       3.2G

MemTotal:        4016004 kB
MemFree:          127220 kB
Active:           369800 kB
Mem:          3.8G       3.7G       124M       5.7M        26M       3.2G

MemTotal:        4016004 kB
MemFree:          135612 kB
Active:           369660 kB
Mem:          3.8G       3.7G       132M       5.7M        26M       3.2G

MemTotal:        4016004 kB
MemFree:          127120 kB
Active:           369676 kB
Mem:          3.8G       3.7G       124M       5.7M        26M       3.2G

MemTotal:        4016004 kB
MemFree:          118328 kB
Active:           369676 kB
Mem:          3.8G       3.7G       115M       5.7M        26M       3.2G

MemTotal:        4016004 kB
MemFree:          126664 kB
Active:           369668 kB
Mem:          3.8G       3.7G       123M       5.7M        26M       3.2G

MemTotal:        4016004 kB
MemFree:          116632 kB
Active:           369688 kB
Mem:          3.8G       3.7G       114M       5.7M        26M       3.2G

MemTotal:        4016004 kB
MemFree:          107112 kB
Active:           369692 kB
Mem:          3.8G       3.7G       104M       5.7M        26M       3.3G

MemTotal:        4016004 kB
MemFree:          115388 kB
Active:           369692 kB
Mem:          3.8G       3.7G       112M       5.7M        26M       3.2G

MemTotal:        4016004 kB
MemFree:          106380 kB
Active:           369704 kB
Mem:          3.8G       3.7G       104M       5.7M        26M       3.3G

MemTotal:        4016004 kB
MemFree:          134784 kB
Active:           368388 kB
Mem:          3.8G       3.7G       131M       5.7M        26M       3.2G

MemTotal:        4016004 kB
MemFree:          115320 kB
Active:           368356 kB
Mem:          3.8G       3.7G       112M       5.7M        26M       3.2G

MemTotal:        4016004 kB
MemFree:          140492 kB
Active:           368400 kB
Mem:          3.8G       3.7G       136M       5.7M        26M       3.2G

MemTotal:        4016004 kB
MemFree:          142804 kB
Active:           368372 kB
Mem:          3.8G       3.7G       139M       5.7M        26M       3.2G

MemTotal:        4016004 kB
MemFree:          134604 kB
Active:           368372 kB
Mem:          3.8G       3.7G       131M       5.7M        26M       3.2G

MemTotal:        4016004 kB
MemFree:          125204 kB
Active:           368404 kB
Mem:          3.8G       3.7G       122M       5.7M        26M       3.2G

MemTotal:        4016004 kB
MemFree:          112752 kB
Active:           368384 kB
Mem:          3.8G       3.7G       110M       5.7M        26M       3.2G

MemTotal:        4016004 kB
MemFree:          128064 kB
Active:           370396 kB
Mem:          3.8G       3.7G       125M       5.7M        26M       3.2G

MemTotal:        4016004 kB
MemFree:          124092 kB
Active:           370432 kB
Mem:          3.8G       3.7G       121M       5.7M        26M       3.2G

MemTotal:        4016004 kB
MemFree:          108620 kB
Active:           370432 kB
Mem:          3.8G       3.7G       106M       5.7M        26M       3.2G

MemTotal:        4016004 kB
MemFree:          143056 kB
Active:           362824 kB
Mem:          3.8G       3.7G       139M       5.7M        26M       3.2G

MemTotal:        4016004 kB
MemFree:          134532 kB
Active:           362628 kB
Mem:          3.8G       3.7G       130M       5.7M        26M       3.2G

MemTotal:        4016004 kB
MemFree:          151236 kB
Active:           362668 kB
Mem:          3.8G       3.7G       147M       5.7M        26M       3.2G

MemTotal:        4016004 kB
MemFree:          134132 kB
Active:           362628 kB
Mem:          3.8G       3.7G       130M       5.7M        26M       3.2G

MemTotal:        4016004 kB
MemFree:          142928 kB
Active:           362680 kB
Mem:          3.8G       3.7G       139M       5.7M        26M       3.2G

MemTotal:        4016004 kB
MemFree:          134344 kB
Active:           362684 kB
Mem:          3.8G       3.7G       131M       5.7M        26M       3.2G

MemTotal:        4016004 kB
MemFree:          125012 kB
Active:           362652 kB
Mem:          3.8G       3.7G       121M       5.7M        26M       3.2G

MemTotal:        4016004 kB
MemFree:          128644 kB
Active:           362684 kB
Mem:          3.8G       3.7G       125M       5.7M        26M       3.2G

MemTotal:        4016004 kB
MemFree:          106628 kB
Active:           362688 kB
Mem:          3.8G       3.7G       104M       5.7M        26M       3.2G

MemTotal:        4016004 kB
MemFree:          109756 kB
Active:           362688 kB
Mem:          3.8G       3.7G       106M       5.7M        26M       3.2G

MemTotal:        4016004 kB
MemFree:          114728 kB
Active:           362692 kB
Mem:          3.8G       3.7G       111M       5.7M        26M       3.2G

MemTotal:        4016004 kB
MemFree:          106944 kB
Active:           362660 kB
Mem:          3.8G       3.7G       104M       5.7M        26M       3.2G

MemTotal:        4016004 kB
MemFree:          128788 kB
Active:           361384 kB
Mem:          3.8G       3.7G       126M       5.7M        26M       3.2G

MemTotal:        4016004 kB
MemFree:          129644 kB
Active:           361332 kB
Mem:          3.8G       3.7G       125M       5.7M        26M       3.2G

MemTotal:        4016004 kB
MemFree:          113580 kB
Active:           361336 kB
Mem:          3.8G       3.7G       110M       5.7M        26M       3.2G

MemTotal:        4016004 kB
MemFree:          113832 kB
Active:           361332 kB
Mem:          3.8G       3.7G       111M       5.7M        26M       3.2G

MemTotal:        4016004 kB
MemFree:          114332 kB
Active:           361292 kB
Mem:          3.8G       3.7G       111M       5.7M        26M       3.2G

MemTotal:        4016004 kB
MemFree:          127520 kB
Active:           361356 kB
Mem:          3.8G       3.7G       124M       5.7M        26M       3.2G

MemTotal:        4016004 kB
MemFree:          123940 kB
Active:           361324 kB
Mem:          3.8G       3.7G       120M       5.7M        26M       3.2G

MemTotal:        4016004 kB
MemFree:          107800 kB
Active:           361356 kB
Mem:          3.8G       3.7G       104M       5.7M        26M       3.2G

MemTotal:        4016004 kB
MemFree:          127848 kB
Active:           361364 kB
Mem:          3.8G       3.7G       124M       5.7M        26M       3.2G

MemTotal:        4016004 kB
MemFree:          129368 kB
Active:           361616 kB
Mem:          3.8G       3.7G       126M       5.7M        26M       3.2G

MemTotal:        4016004 kB
MemFree:          119720 kB
Active:           361472 kB
Mem:          3.8G       3.7G       116M       5.7M        26M       3.2G

MemTotal:        4016004 kB
MemFree:          135448 kB
Active:           361428 kB
Mem:          3.8G       3.7G       131M       5.7M        26M       3.2G

MemTotal:        4016004 kB
MemFree:          142288 kB
Active:           361440 kB
Mem:          3.8G       3.7G       138M       5.7M        26M       3.2G

MemTotal:        4016004 kB
MemFree:          132852 kB
Active:           361444 kB
Mem:          3.8G       3.7G       130M       5.7M        26M       3.2G

MemTotal:        4016004 kB
MemFree:          123736 kB
Active:           361444 kB
Mem:          3.8G       3.7G       120M       5.7M        26M       3.2G

MemTotal:        4016004 kB
MemFree:          135696 kB
Active:           358576 kB
Mem:          3.8G       3.7G       132M       5.7M        26M       3.2G

MemTotal:        4016004 kB
MemFree:          126528 kB
Active:           358396 kB
Mem:          3.8G       3.7G       123M       5.7M        26M       3.2G

MemTotal:        4016004 kB
MemFree:          135432 kB
Active:           358412 kB
Mem:          3.8G       3.7G       132M       5.7M        26M       3.2G

MemTotal:        4016004 kB
MemFree:          126408 kB
Active:           358416 kB
Mem:          3.8G       3.7G       123M       5.7M        26M       3.2G

MemTotal:        4016004 kB
MemFree:          116852 kB
Active:           358416 kB
Mem:          3.8G       3.7G       114M       5.7M        26M       3.2G

MemTotal:        4016004 kB
MemFree:          124944 kB
Active:           358420 kB
Mem:          3.8G       3.7G       121M       5.7M        26M       3.2G

MemTotal:        4016004 kB
MemFree:          116356 kB
Active:           358416 kB
Mem:          3.8G       3.7G       112M       5.7M        26M       3.2G

MemTotal:        4016004 kB
MemFree:          106128 kB
Active:           358384 kB
Mem:          3.8G       3.7G       103M       5.7M        26M       3.2G

MemTotal:        4016004 kB
MemFree:          114436 kB
Active:           358424 kB
Mem:          3.8G       3.7G       111M       5.7M        26M       3.2G

MemTotal:        4016004 kB
MemFree:          105020 kB
Active:           358408 kB
Mem:          3.8G       3.7G       102M       5.7M        26M       3.2G

MemTotal:        4016004 kB
MemFree:          125568 kB
Active:           358392 kB
Mem:          3.8G       3.7G       122M       5.7M        26M       3.2G

MemTotal:        4016004 kB
MemFree:          128624 kB
Active:           358428 kB
Mem:          3.8G       3.7G       125M       5.7M        26M       3.2G

MemTotal:        4016004 kB
MemFree:          127504 kB
Active:           358428 kB
Mem:          3.8G       3.7G       124M       5.7M        26M       3.2G

MemTotal:        4016004 kB
MemFree:          125600 kB
Active:           358388 kB
Mem:          3.8G       3.7G       121M       5.7M        26M       3.2G

MemTotal:        4016004 kB
MemFree:          128760 kB
Active:           358396 kB
Mem:          3.8G       3.7G       125M       5.7M        26M       3.2G

MemTotal:        4016004 kB
MemFree:          119956 kB
Active:           358464 kB
Mem:          3.8G       3.7G       116M       5.7M        26M       3.2G

MemTotal:        4016004 kB
MemFree:          124596 kB
Active:           358436 kB
Mem:          3.8G       3.7G       121M       5.7M        26M       3.2G

MemTotal:        4016004 kB
MemFree:          115888 kB
Active:           357900 kB
Mem:          3.8G       3.7G       113M       5.7M        26M       3.2G

MemTotal:        4016004 kB
MemFree:          106656 kB
Active:           357760 kB
Mem:          3.8G       3.7G       104M       5.7M        26M       3.2G

MemTotal:        4016004 kB
MemFree:          111952 kB
Active:           357724 kB
Mem:          3.8G       3.7G       109M       5.7M        26M       3.2G

MemTotal:        4016004 kB
MemFree:          126796 kB
Active:           357716 kB
Mem:          3.8G       3.7G       123M       5.7M        26M       3.2G

MemTotal:        4016004 kB
MemFree:          123156 kB
Active:           357760 kB
Mem:          3.8G       3.7G       120M       5.7M        26M       3.2G

MemTotal:        4016004 kB
MemFree:          127772 kB
Active:           357724 kB
Mem:          3.8G       3.7G       124M       5.7M        26M       3.2G

MemTotal:        4016004 kB
MemFree:          124748 kB
Active:           357772 kB
Mem:          3.8G       3.7G       121M       5.7M        26M       3.2G

MemTotal:        4016004 kB
MemFree:          105936 kB
Active:           357756 kB
Mem:          3.8G       3.7G       103M       5.7M        26M       3.2G

MemTotal:        4016004 kB
MemFree:          125604 kB
Active:           357772 kB
Mem:          3.8G       3.7G       122M       5.7M        26M       3.2G

MemTotal:        4016004 kB
MemFree:          119028 kB
Active:           357760 kB
Mem:          3.8G       3.7G       115M       5.7M        26M       3.2G

MemTotal:        4016004 kB
MemFree:          133864 kB
Active:           357776 kB
Mem:          3.8G       3.7G       130M       5.7M        26M       3.2G

MemTotal:        4016004 kB
MemFree:          139236 kB
Active:           357776 kB
Mem:          3.8G       3.7G       135M       5.7M        26M       3.2G

MemTotal:        4016004 kB
MemFree:          130756 kB
Active:           357752 kB
Mem:          3.8G       3.7G       127M       5.7M        26M       3.2G

MemTotal:        4016004 kB
MemFree:          121372 kB
Active:           357732 kB
Mem:          3.8G       3.7G       117M       5.7M        26M       3.2G

MemTotal:        4016004 kB
MemFree:          128576 kB
Active:           357788 kB
Mem:          3.8G       3.7G       125M       5.7M        26M       3.2G

MemTotal:        4016004 kB
MemFree:          119800 kB
Active:           357796 kB
Mem:          3.8G       3.7G       117M       5.7M        26M       3.2G

MemTotal:        4016004 kB
MemFree:          110636 kB
Active:           357796 kB
Mem:          3.8G       3.7G       108M       5.7M        26M       3.2G

MemTotal:        4016004 kB
MemFree:          119752 kB
Active:           357696 kB
Mem:          3.8G       3.7G       116M       5.7M        26M       3.2G

MemTotal:        4016004 kB
MemFree:          109764 kB
Active:           357548 kB
Mem:          3.8G       3.7G       107M       5.7M        26M       3.2G

MemTotal:        4016004 kB
MemFree:          109544 kB
Active:           357440 kB
Mem:          3.8G       3.7G       106M       5.7M        26M       3.2G

MemTotal:        4016004 kB
MemFree:          109704 kB
Active:           357468 kB
Mem:          3.8G       3.7G       107M       5.7M        26M       3.2G

MemTotal:        4016004 kB
MemFree:          110184 kB
Active:           357480 kB
Mem:          3.8G       3.7G       107M       5.7M        26M       3.2G

MemTotal:        4016004 kB
MemFree:          110268 kB
Active:           357452 kB
Mem:          3.8G       3.7G       107M       5.7M        26M       3.2G

MemTotal:        4016004 kB
MemFree:          110268 kB
Active:           357472 kB
Mem:          3.8G       3.7G       107M       5.7M        26M       3.2G

MemTotal:        4016004 kB
MemFree:          110268 kB
Active:           357448 kB
Mem:          3.8G       3.7G       107M       5.7M        26M       3.2G

MemTotal:        4016004 kB
MemFree:          109772 kB
Active:           357496 kB
Mem:          3.8G       3.7G       107M       5.7M        26M       3.2G

MemTotal:        4016004 kB
MemFree:          110144 kB
Active:           357452 kB
Mem:          3.8G       3.7G       107M       5.7M        26M       3.2G

MemTotal:        4016004 kB
MemFree:          110144 kB
Active:           357488 kB
Mem:          3.8G       3.7G       107M       5.7M        26M       3.2G

MemTotal:        4016004 kB
MemFree:          110268 kB
Active:           357488 kB
Mem:          3.8G       3.7G       107M       5.7M        26M       3.2G

MemTotal:        4016004 kB
MemFree:          110268 kB
Active:           357456 kB
Mem:          3.8G       3.7G       107M       5.7M        26M       3.2G

MemTotal:        4016004 kB
MemFree:          110392 kB
Active:           357484 kB
Mem:          3.8G       3.7G       107M       5.7M        26M       3.2G

MemTotal:        4016004 kB
MemFree:          110316 kB
Active:           357496 kB
Mem:          3.8G       3.7G       107M       5.7M        26M       3.2G

MemTotal:        4016004 kB
MemFree:          110440 kB
Active:           357464 kB
Mem:          3.8G       3.7G       107M       5.7M        26M       3.2G

MemTotal:        4016004 kB
MemFree:          109944 kB
Active:           357472 kB
Mem:          3.8G       3.7G       107M       5.7M        26M       3.2G

MemTotal:        4016004 kB
MemFree:          110068 kB
Active:           357456 kB
Mem:          3.8G       3.7G       107M       5.7M        26M       3.2G

MemTotal:        4016004 kB
MemFree:          110192 kB
Active:           357472 kB
Mem:          3.8G       3.7G       107M       5.7M        26M       3.2G

MemTotal:        4016004 kB
MemFree:          110192 kB
Active:           357512 kB
Mem:          3.8G       3.7G       107M       5.7M        26M       3.2G

MemTotal:        4016004 kB
MemFree:          110192 kB
Active:           357476 kB
Mem:          3.8G       3.7G       107M       5.7M        26M       3.2G

MemTotal:        4016004 kB
MemFree:          110316 kB
Active:           357472 kB
Mem:          3.8G       3.7G       107M       5.7M        26M       3.2G

MemTotal:        4016004 kB
MemFree:          110192 kB
Active:           357496 kB
Mem:          3.8G       3.7G       107M       5.7M        26M       3.2G

MemTotal:        4016004 kB
MemFree:          110224 kB
Active:           357476 kB
Mem:          3.8G       3.7G       107M       5.7M        26M       3.2G

MemTotal:        4016004 kB
MemFree:          110100 kB
Active:           357520 kB
Mem:          3.8G       3.7G       107M       5.7M        26M       3.2G

MemTotal:        4016004 kB
MemFree:          110472 kB
Active:           357524 kB
Mem:          3.8G       3.7G       107M       5.7M        26M       3.2G

MemTotal:        4016004 kB
MemFree:          110472 kB
Active:           357500 kB
Mem:          3.8G       3.7G       107M       5.7M        26M       3.2G

MemTotal:        4016004 kB
MemFree:          110224 kB
Active:           357520 kB
Mem:          3.8G       3.7G       107M       5.7M        26M       3.2G

MemTotal:        4016004 kB
MemFree:          110100 kB
Active:           357492 kB
Mem:          3.8G       3.7G       107M       5.7M        26M       3.2G

MemTotal:        4016004 kB
MemFree:          110348 kB
Active:           357524 kB
Mem:          3.8G       3.7G       107M       5.7M        26M       3.2G

MemTotal:        4016004 kB
MemFree:          110224 kB
Active:           357488 kB
Mem:          3.8G       3.7G       107M       5.7M        26M       3.2G

MemTotal:        4016004 kB
MemFree:          110348 kB
Active:           357500 kB
Mem:          3.8G       3.7G       107M       5.7M        26M       3.2G

MemTotal:        4016004 kB
MemFree:          110348 kB
Active:           357520 kB
Mem:          3.8G       3.7G       107M       5.7M        26M       3.2G

MemTotal:        4016004 kB
MemFree:          110348 kB
Active:           357516 kB
Mem:          3.8G       3.7G       107M       5.7M        26M       3.2G

MemTotal:        4016004 kB
MemFree:          110224 kB
Active:           357528 kB
Mem:          3.8G       3.7G       107M       5.7M        26M       3.2G

MemTotal:        4016004 kB
MemFree:          110100 kB
Active:           357532 kB
Mem:          3.8G       3.7G       107M       5.7M        26M       3.2G

MemTotal:        4016004 kB
MemFree:          109976 kB
Active:           357556 kB
Mem:          3.8G       3.7G       107M       5.7M        26M       3.2G

MemTotal:        4016004 kB
MemFree:          110472 kB
Active:           357532 kB
Mem:          3.8G       3.7G       107M       5.7M        26M       3.2G

MemTotal:        4016004 kB
MemFree:          110348 kB
Active:           357508 kB
Mem:          3.8G       3.7G       107M       5.7M        26M       3.2G

MemTotal:        4016004 kB
MemFree:          110224 kB
Active:           357524 kB
Mem:          3.8G       3.7G       107M       5.7M        26M       3.2G

MemTotal:        4016004 kB
MemFree:          110224 kB
Active:           357536 kB
Mem:          3.8G       3.7G       107M       5.7M        26M       3.2G

MemTotal:        4016004 kB
MemFree:          110596 kB
Active:           357560 kB
