MemTotal:        4016004 kB
MemFree:         3249212 kB
Active:           411152 kB
Mem:          3.8G       748M       3.1G       5.7M        54M       317M

MemTotal:        4016004 kB
MemFree:         3247864 kB
Active:           412276 kB
Mem:          3.8G       749M       3.1G       5.7M        55M       317M

MemTotal:        4016004 kB
MemFree:         3248344 kB
Active:           412396 kB
Mem:          3.8G       749M       3.1G       5.7M        55M       317M

MemTotal:        4016004 kB
MemFree:         3247832 kB
Active:           412412 kB
Mem:          3.8G       750M       3.1G       5.7M        55M       317M

MemTotal:        4016004 kB
MemFree:         3248576 kB
Active:           412408 kB
Mem:          3.8G       749M       3.1G       5.7M        55M       317M

MemTotal:        4016004 kB
MemFree:         3248452 kB
Active:           412408 kB
Mem:          3.8G       749M       3.1G       5.7M        55M       317M

MemTotal:        4016004 kB
MemFree:         3248032 kB
Active:           412420 kB
Mem:          3.8G       749M       3.1G       5.7M        55M       317M

MemTotal:        4016004 kB
MemFree:         3248512 kB
Active:           412416 kB
Mem:          3.8G       749M       3.1G       5.7M        55M       317M

MemTotal:        4016004 kB
MemFree:         3248372 kB
Active:           412420 kB
Mem:          3.8G       749M       3.1G       5.7M        55M       317M

MemTotal:        4016004 kB
MemFree:         3248480 kB
Active:           412412 kB
Mem:          3.8G       749M       3.1G       5.7M        55M       317M

MemTotal:        4016004 kB
MemFree:         3248588 kB
Active:           412380 kB
Mem:          3.8G       749M       3.1G       5.7M        55M       317M

MemTotal:        4016004 kB
MemFree:         3248448 kB
Active:           412420 kB
Mem:          3.8G       749M       3.1G       5.7M        55M       317M

MemTotal:        4016004 kB
MemFree:         3248432 kB
Active:           412420 kB
Mem:          3.8G       749M       3.1G       5.7M        55M       317M

MemTotal:        4016004 kB
MemFree:         3248788 kB
Active:           412412 kB
Mem:          3.8G       749M       3.1G       5.7M        55M       317M

MemTotal:        4016004 kB
MemFree:         3248648 kB
Active:           412388 kB
Mem:          3.8G       749M       3.1G       5.7M        55M       317M

MemTotal:        4016004 kB
MemFree:         3248556 kB
Active:           412380 kB
Mem:          3.8G       749M       3.1G       5.7M        55M       317M

MemTotal:        4016004 kB
MemFree:         3248712 kB
Active:           412420 kB
Mem:          3.8G       749M       3.1G       5.7M        55M       317M

MemTotal:        4016004 kB
MemFree:         3248588 kB
Active:           412376 kB
Mem:          3.8G       749M       3.1G       5.7M        55M       317M

MemTotal:        4016004 kB
MemFree:         3246540 kB
Active:           412352 kB
Mem:          3.8G       751M       3.1G       5.7M        55M       317M

MemTotal:        4016004 kB
MemFree:         3246168 kB
Active:           414452 kB
Mem:          3.8G       751M       3.1G       5.7M        55M       317M

MemTotal:        4016004 kB
MemFree:         3246540 kB
Active:           414404 kB
Mem:          3.8G       751M       3.1G       5.7M        55M       317M

MemTotal:        4016004 kB
MemFree:         3246664 kB
Active:           414444 kB
Mem:          3.8G       751M       3.1G       5.7M        55M       317M

MemTotal:        4016004 kB
MemFree:         3246292 kB
Active:           414460 kB
Mem:          3.8G       751M       3.1G       5.7M        55M       317M

MemTotal:        4016004 kB
MemFree:         3246416 kB
Active:           414404 kB
Mem:          3.8G       751M       3.1G       5.7M        55M       317M

MemTotal:        4016004 kB
MemFree:         3246448 kB
Active:           414416 kB
Mem:          3.8G       751M       3.1G       5.7M        55M       317M

MemTotal:        4016004 kB
MemFree:         3246188 kB
Active:           414460 kB
Mem:          3.8G       751M       3.1G       5.7M        55M       317M

MemTotal:        4016004 kB
MemFree:         3246436 kB
Active:           414404 kB
Mem:          3.8G       751M       3.1G       5.7M        55M       317M

MemTotal:        4016004 kB
MemFree:         3246420 kB
Active:           414456 kB
Mem:          3.8G       751M       3.1G       5.7M        55M       317M

MemTotal:        4016004 kB
MemFree:         3246156 kB
Active:           414468 kB
Mem:          3.8G       751M       3.1G       5.7M        55M       317M

MemTotal:        4016004 kB
MemFree:         3246016 kB
Active:           414468 kB
Mem:          3.8G       751M       3.1G       5.7M        55M       317M

MemTotal:        4016004 kB
MemFree:         3246388 kB
Active:           414464 kB
Mem:          3.8G       751M       3.1G       5.7M        55M       317M

MemTotal:        4016004 kB
MemFree:         3236504 kB
Active:           422308 kB
Mem:          3.8G       761M       3.1G       5.7M        62M       317M

MemTotal:        4016004 kB
MemFree:         3236188 kB
Active:           422268 kB
Mem:          3.8G       761M       3.1G       5.7M        62M       317M

MemTotal:        4016004 kB
MemFree:         3236544 kB
Active:           422264 kB
Mem:          3.8G       761M       3.1G       5.7M        62M       317M

MemTotal:        4016004 kB
MemFree:         3236900 kB
Active:           422248 kB
Mem:          3.8G       760M       3.1G       5.7M        62M       317M

MemTotal:        4016004 kB
MemFree:         3237256 kB
Active:           422248 kB
Mem:          3.8G       760M       3.1G       5.7M        62M       317M

MemTotal:        4016004 kB
MemFree:         3236868 kB
Active:           422280 kB
Mem:          3.8G       760M       3.1G       5.7M        62M       317M

MemTotal:        4016004 kB
MemFree:         3236852 kB
Active:           422276 kB
Mem:          3.8G       760M       3.1G       5.7M        62M       317M

MemTotal:        4016004 kB
MemFree:         3236836 kB
Active:           422228 kB
Mem:          3.8G       760M       3.1G       5.7M        62M       317M

MemTotal:        4016004 kB
MemFree:         3236944 kB
Active:           422236 kB
Mem:          3.8G       760M       3.1G       5.7M        62M       317M

MemTotal:        4016004 kB
MemFree:         3236308 kB
Active:           422284 kB
Mem:          3.8G       761M       3.1G       5.7M        62M       317M

MemTotal:        4016004 kB
MemFree:         3236664 kB
Active:           422240 kB
Mem:          3.8G       761M       3.1G       5.7M        62M       317M

MemTotal:        4016004 kB
MemFree:         3237268 kB
Active:           422280 kB
Mem:          3.8G       760M       3.1G       5.7M        62M       317M

MemTotal:        4016004 kB
MemFree:         3237364 kB
Active:           422248 kB
Mem:          3.8G       760M       3.1G       5.7M        62M       317M

MemTotal:        4016004 kB
MemFree:         3237364 kB
Active:           422256 kB
Mem:          3.8G       760M       3.1G       5.7M        62M       317M

MemTotal:        4016004 kB
MemFree:         3237488 kB
Active:           422272 kB
Mem:          3.8G       760M       3.1G       5.7M        62M       317M

MemTotal:        4016004 kB
MemFree:         3237488 kB
Active:           422272 kB
Mem:          3.8G       760M       3.1G       5.7M        62M       317M

MemTotal:        4016004 kB
MemFree:         3237488 kB
Active:           422276 kB
Mem:          3.8G       760M       3.1G       5.7M        62M       317M

MemTotal:        4016004 kB
MemFree:         3237488 kB
Active:           422280 kB
Mem:          3.8G       760M       3.1G       5.7M        62M       317M

MemTotal:        4016004 kB
MemFree:         3236868 kB
Active:           422308 kB
Mem:          3.8G       760M       3.1G       5.7M        62M       317M

MemTotal:        4016004 kB
MemFree:         3237224 kB
Active:           422300 kB
Mem:          3.8G       760M       3.1G       5.7M        62M       317M

MemTotal:        4016004 kB
MemFree:         3237208 kB
Active:           422256 kB
Mem:          3.8G       760M       3.1G       5.7M        62M       317M

MemTotal:        4016004 kB
MemFree:         3236696 kB
Active:           422324 kB
Mem:          3.8G       760M       3.1G       5.7M        62M       317M

MemTotal:        4016004 kB
MemFree:         3237052 kB
Active:           422304 kB
Mem:          3.8G       760M       3.1G       5.7M        62M       317M

MemTotal:        4016004 kB
MemFree:         3236912 kB
Active:           422324 kB
Mem:          3.8G       760M       3.1G       5.7M        62M       317M

MemTotal:        4016004 kB
MemFree:         3237144 kB
Active:           422284 kB
Mem:          3.8G       760M       3.1G       5.7M        62M       317M

MemTotal:        4016004 kB
MemFree:         3237364 kB
Active:           422272 kB
Mem:          3.8G       760M       3.1G       5.7M        62M       317M

MemTotal:        4016004 kB
MemFree:         3236868 kB
Active:           422328 kB
Mem:          3.8G       760M       3.1G       5.7M        62M       317M

MemTotal:        4016004 kB
MemFree:         3237240 kB
Active:           422320 kB
Mem:          3.8G       760M       3.1G       5.7M        62M       317M

MemTotal:        4016004 kB
MemFree:         3236620 kB
Active:           422336 kB
Mem:          3.8G       761M       3.1G       5.7M        62M       317M

MemTotal:        4016004 kB
MemFree:         3236372 kB
Active:           422460 kB
Mem:          3.8G       761M       3.1G       5.7M        62M       317M

MemTotal:        4016004 kB
MemFree:         3119928 kB
Active:           422760 kB
Mem:          3.8G       875M       3.0G       5.7M        62M       430M

MemTotal:        4016004 kB
MemFree:         3007700 kB
Active:           422764 kB
Mem:          3.8G       984M       2.9G       5.7M        62M       538M

MemTotal:        4016004 kB
MemFree:         2887256 kB
Active:           422764 kB
Mem:          3.8G       1.1G       2.8G       5.7M        62M       654M

MemTotal:        4016004 kB
MemFree:         2879236 kB
Active:           422760 kB
Mem:          3.8G       1.1G       2.7G       5.7M        62M       661M

MemTotal:        4016004 kB
MemFree:         2780960 kB
Active:           422760 kB
Mem:          3.8G       1.2G       2.7G       5.7M        62M       755M

MemTotal:        4016004 kB
MemFree:         2779840 kB
Active:           422776 kB
Mem:          3.8G       1.2G       2.7G       5.7M        62M       756M

MemTotal:        4016004 kB
MemFree:         2779184 kB
Active:           422792 kB
Mem:          3.8G       1.2G       2.6G       5.7M        62M       758M

MemTotal:        4016004 kB
MemFree:         2778380 kB
Active:           420780 kB
Mem:          3.8G       1.2G       2.6G       5.7M        62M       758M

MemTotal:        4016004 kB
MemFree:         2777900 kB
Active:           422840 kB
Mem:          3.8G       1.2G       2.6G       5.7M        62M       758M

MemTotal:        4016004 kB
MemFree:         2756228 kB
Active:           422812 kB
Mem:          3.8G       1.2G       2.6G       5.7M        62M       780M

MemTotal:        4016004 kB
MemFree:         2650992 kB
Active:           422824 kB
Mem:          3.8G       1.3G       2.5G       5.7M        62M       881M

MemTotal:        4016004 kB
MemFree:         2523728 kB
Active:           422848 kB
Mem:          3.8G       1.4G       2.4G       5.7M        62M       1.0G

MemTotal:        4016004 kB
MemFree:         2423560 kB
Active:           422832 kB
Mem:          3.8G       1.5G       2.3G       5.7M        62M       1.1G

MemTotal:        4016004 kB
MemFree:         2423088 kB
Active:           422856 kB
Mem:          3.8G       1.5G       2.3G       5.7M        62M       1.1G

MemTotal:        4016004 kB
MemFree:         2324180 kB
Active:           422840 kB
Mem:          3.8G       1.6G       2.2G       5.7M        62M       1.2G

MemTotal:        4016004 kB
MemFree:         2322536 kB
Active:           422868 kB
Mem:          3.8G       1.6G       2.2G       5.7M        62M       1.2G

MemTotal:        4016004 kB
MemFree:         2227300 kB
Active:           422864 kB
Mem:          3.8G       1.7G       2.1G       5.7M        62M       1.3G

MemTotal:        4016004 kB
MemFree:         2223524 kB
Active:           420868 kB
Mem:          3.8G       1.7G       2.1G       5.7M        62M       1.3G

MemTotal:        4016004 kB
MemFree:         2156080 kB
Active:           422912 kB
Mem:          3.8G       1.8G       2.1G       5.7M        62M       1.3G

MemTotal:        4016004 kB
MemFree:         2123516 kB
Active:           422912 kB
Mem:          3.8G       1.8G       2.0G       5.7M        62M       1.4G

MemTotal:        4016004 kB
MemFree:         2121600 kB
Active:           422900 kB
Mem:          3.8G       1.8G       2.0G       5.7M        62M       1.4G

MemTotal:        4016004 kB
MemFree:         2120228 kB
Active:           422956 kB
Mem:          3.8G       1.8G       2.0G       5.7M        62M       1.4G

MemTotal:        4016004 kB
MemFree:         2119088 kB
Active:           422968 kB
Mem:          3.8G       1.8G       2.0G       5.7M        62M       1.4G

MemTotal:        4016004 kB
MemFree:         2084176 kB
Active:           422968 kB
Mem:          3.8G       1.8G       2.0G       5.7M        62M       1.4G

MemTotal:        4016004 kB
MemFree:         1969872 kB
Active:           422968 kB
Mem:          3.8G       2.0G       1.9G       5.7M        62M       1.5G

MemTotal:        4016004 kB
MemFree:         1834656 kB
Active:           422964 kB
Mem:          3.8G       2.1G       1.7G       5.7M        62M       1.6G

MemTotal:        4016004 kB
MemFree:         1768172 kB
Active:           422976 kB
Mem:          3.8G       2.1G       1.7G       5.7M        62M       1.7G

MemTotal:        4016004 kB
MemFree:         1748532 kB
Active:           420876 kB
Mem:          3.8G       2.2G       1.7G       5.7M        62M       1.7G

MemTotal:        4016004 kB
MemFree:         1670580 kB
Active:           422928 kB
Mem:          3.8G       2.2G       1.6G       5.7M        62M       1.8G

MemTotal:        4016004 kB
MemFree:         1582852 kB
Active:           422996 kB
Mem:          3.8G       2.3G       1.5G       5.7M        62M       1.9G

MemTotal:        4016004 kB
MemFree:         1569720 kB
Active:           422996 kB
Mem:          3.8G       2.3G       1.5G       5.7M        62M       1.9G

MemTotal:        4016004 kB
MemFree:         1553244 kB
Active:           422972 kB
Mem:          3.8G       2.3G       1.5G       5.7M        62M       1.9G

MemTotal:        4016004 kB
MemFree:         1478344 kB
Active:           422996 kB
Mem:          3.8G       2.4G       1.4G       5.7M        62M       2.0G

MemTotal:        4016004 kB
MemFree:         1477272 kB
Active:           422976 kB
Mem:          3.8G       2.4G       1.4G       5.7M        62M       2.0G

MemTotal:        4016004 kB
MemFree:         1474192 kB
Active:           423004 kB
Mem:          3.8G       2.4G       1.4G       5.7M        62M       2.0G

MemTotal:        4016004 kB
MemFree:         1472792 kB
Active:           423012 kB
Mem:          3.8G       2.4G       1.4G       5.7M        62M       2.0G

MemTotal:        4016004 kB
MemFree:         1471988 kB
Active:           423016 kB
Mem:          3.8G       2.4G       1.4G       5.7M        62M       2.0G

MemTotal:        4016004 kB
MemFree:         1391868 kB
Active:           423016 kB
Mem:          3.8G       2.5G       1.3G       5.7M        62M       2.0G

MemTotal:        4016004 kB
MemFree:         1267316 kB
Active:           423008 kB
Mem:          3.8G       2.6G       1.2G       5.7M        62M       2.2G

MemTotal:        4016004 kB
MemFree:         1138316 kB
Active:           423028 kB
Mem:          3.8G       2.7G       1.1G       5.7M        62M       2.3G

MemTotal:        4016004 kB
MemFree:         1067988 kB
Active:           423032 kB
Mem:          3.8G       2.8G       1.0G       5.7M        62M       2.3G

MemTotal:        4016004 kB
MemFree:          994016 kB
Active:           423020 kB
Mem:          3.8G       2.9G       970M       5.7M        62M       2.4G

MemTotal:        4016004 kB
MemFree:          992544 kB
Active:           423044 kB
Mem:          3.8G       2.9G       969M       5.7M        62M       2.4G

MemTotal:        4016004 kB
MemFree:          956568 kB
Active:           423024 kB
Mem:          3.8G       2.9G       934M       5.7M        62M       2.5G

MemTotal:        4016004 kB
MemFree:          955900 kB
Active:           423036 kB
Mem:          3.8G       2.9G       933M       5.7M        62M       2.5G

MemTotal:        4016004 kB
MemFree:          869552 kB
Active:           423056 kB
Mem:          3.8G       3.0G       848M       5.7M        62M       2.5G

MemTotal:        4016004 kB
MemFree:          756704 kB
Active:           423056 kB
Mem:          3.8G       3.1G       738M       5.7M        62M       2.6G

MemTotal:        4016004 kB
MemFree:          620748 kB
Active:           423020 kB
Mem:          3.8G       3.2G       605M       5.7M        62M       2.8G

MemTotal:        4016004 kB
MemFree:          538124 kB
Active:           423060 kB
Mem:          3.8G       3.3G       525M       5.7M        62M       2.8G

MemTotal:        4016004 kB
MemFree:          536640 kB
Active:           423072 kB
Mem:          3.8G       3.3G       523M       5.7M        62M       2.8G

MemTotal:        4016004 kB
MemFree:          535020 kB
Active:           423104 kB
Mem:          3.8G       3.3G       522M       5.7M        62M       2.8G

MemTotal:        4016004 kB
MemFree:          534620 kB
Active:           423072 kB
Mem:          3.8G       3.3G       521M       5.7M        62M       2.8G

MemTotal:        4016004 kB
MemFree:          533636 kB
Active:           423104 kB
Mem:          3.8G       3.3G       521M       5.7M        62M       2.8G

MemTotal:        4016004 kB
MemFree:          489956 kB
Active:           423104 kB
Mem:          3.8G       3.4G       478M       5.7M        62M       2.9G

MemTotal:        4016004 kB
MemFree:          488300 kB
Active:           423120 kB
Mem:          3.8G       3.4G       476M       5.7M        62M       2.9G

MemTotal:        4016004 kB
MemFree:          486348 kB
Active:           423136 kB
Mem:          3.8G       3.4G       474M       5.7M        62M       2.9G

MemTotal:        4016004 kB
MemFree:          485312 kB
Active:           423140 kB
Mem:          3.8G       3.4G       473M       5.7M        62M       2.9G

MemTotal:        4016004 kB
MemFree:          481232 kB
Active:           423088 kB
Mem:          3.8G       3.4G       469M       5.7M        62M       2.9G

MemTotal:        4016004 kB
MemFree:          366248 kB
Active:           423140 kB
Mem:          3.8G       3.5G       356M       5.7M        62M       3.0G

MemTotal:        4016004 kB
MemFree:          252284 kB
Active:           423096 kB
Mem:          3.8G       3.6G       245M       5.7M        62M       3.1G

MemTotal:        4016004 kB
MemFree:          136088 kB
Active:           423124 kB
Mem:          3.8G       3.7G       132M       5.7M        62M       3.2G

MemTotal:        4016004 kB
MemFree:          119300 kB
Active:           423160 kB
Mem:          3.8G       3.7G       115M       5.7M        62M       3.2G

MemTotal:        4016004 kB
MemFree:          151016 kB
Active:           479776 kB
Mem:          3.8G       3.7G       141M       5.7M        27M       3.2G

MemTotal:        4016004 kB
MemFree:          145304 kB
Active:           479876 kB
Mem:          3.8G       3.7G       141M       5.7M        27M       3.2G

MemTotal:        4016004 kB
MemFree:          125728 kB
Active:           476584 kB
Mem:          3.8G       3.7G       135M       5.7M        27M       3.3G

MemTotal:        4016004 kB
MemFree:          136732 kB
Active:           473000 kB
Mem:          3.8G       3.7G       133M       5.7M        27M       3.3G

MemTotal:        4016004 kB
MemFree:          135844 kB
Active:           472988 kB
Mem:          3.8G       3.7G       132M       5.7M        27M       3.3G

MemTotal:        4016004 kB
MemFree:          135704 kB
Active:           473020 kB
Mem:          3.8G       3.7G       132M       5.7M        27M       3.3G

MemTotal:        4016004 kB
MemFree:          126716 kB
Active:           469308 kB
Mem:          3.8G       3.7G       123M       5.7M        27M       3.3G

MemTotal:        4016004 kB
MemFree:          130360 kB
Active:           457280 kB
Mem:          3.8G       3.7G       126M       5.7M        27M       3.3G

MemTotal:        4016004 kB
MemFree:          133640 kB
Active:           444608 kB
Mem:          3.8G       3.7G       130M       5.7M        27M       3.3G

MemTotal:        4016004 kB
MemFree:          118988 kB
Active:           434752 kB
Mem:          3.8G       3.7G       115M       5.7M        27M       3.3G

MemTotal:        4016004 kB
MemFree:          117336 kB
Active:           434624 kB
Mem:          3.8G       3.7G       114M       5.7M        27M       3.3G

MemTotal:        4016004 kB
MemFree:          127880 kB
Active:           429992 kB
Mem:          3.8G       3.7G       125M       5.7M        27M       3.3G

MemTotal:        4016004 kB
MemFree:          136256 kB
Active:           428472 kB
Mem:          3.8G       3.7G       133M       5.7M        27M       3.3G

MemTotal:        4016004 kB
MemFree:          120312 kB
Active:           429096 kB
Mem:          3.8G       3.7G       125M       5.7M        27M       3.3G

MemTotal:        4016004 kB
MemFree:          127600 kB
Active:           428328 kB
Mem:          3.8G       3.7G       124M       5.7M        27M       3.3G

MemTotal:        4016004 kB
MemFree:          127168 kB
Active:           428340 kB
Mem:          3.8G       3.7G       124M       5.7M        27M       3.3G

MemTotal:        4016004 kB
MemFree:          127448 kB
Active:           428320 kB
Mem:          3.8G       3.7G       124M       5.7M        27M       3.3G

MemTotal:        4016004 kB
MemFree:          127452 kB
Active:           428316 kB
Mem:          3.8G       3.7G       124M       5.7M        27M       3.3G

MemTotal:        4016004 kB
MemFree:          118900 kB
Active:           427800 kB
Mem:          3.8G       3.7G       116M       5.7M        27M       3.3G

MemTotal:        4016004 kB
MemFree:          133064 kB
Active:           421556 kB
Mem:          3.8G       3.7G       129M       5.7M        27M       3.3G

MemTotal:        4016004 kB
MemFree:          134848 kB
Active:           416948 kB
Mem:          3.8G       3.7G       131M       5.7M        27M       3.3G

MemTotal:        4016004 kB
MemFree:          106308 kB
Active:           414140 kB
Mem:          3.8G       3.7G       103M       5.7M        27M       3.3G

MemTotal:        4016004 kB
MemFree:          121800 kB
Active:           413504 kB
Mem:          3.8G       3.7G       118M       5.7M        27M       3.3G

MemTotal:        4016004 kB
MemFree:          116072 kB
Active:           410172 kB
Mem:          3.8G       3.7G       113M       5.7M        27M       3.3G

MemTotal:        4016004 kB
MemFree:          136148 kB
Active:           407484 kB
Mem:          3.8G       3.7G       132M       5.7M        27M       3.3G

MemTotal:        4016004 kB
MemFree:          121540 kB
Active:           406812 kB
Mem:          3.8G       3.7G       118M       5.7M        27M       3.3G

MemTotal:        4016004 kB
MemFree:          121472 kB
Active:           405532 kB
Mem:          3.8G       3.7G       118M       5.7M        27M       3.3G

MemTotal:        4016004 kB
MemFree:          118292 kB
Active:           405584 kB
Mem:          3.8G       3.7G       115M       5.7M        27M       3.3G

MemTotal:        4016004 kB
MemFree:          116588 kB
Active:           405584 kB
Mem:          3.8G       3.7G       113M       5.7M        27M       3.3G

MemTotal:        4016004 kB
MemFree:          116032 kB
Active:           405596 kB
Mem:          3.8G       3.7G       113M       5.7M        27M       3.3G

MemTotal:        4016004 kB
MemFree:          137172 kB
Active:           403292 kB
Mem:          3.8G       3.7G       133M       5.7M        27M       3.3G

MemTotal:        4016004 kB
MemFree:          145964 kB
Active:           397492 kB
Mem:          3.8G       3.7G       142M       5.7M        27M       3.2G

MemTotal:        4016004 kB
MemFree:          142340 kB
Active:           390292 kB
Mem:          3.8G       3.7G       139M       5.7M        27M       3.2G

MemTotal:        4016004 kB
MemFree:          130304 kB
Active:           388616 kB
Mem:          3.8G       3.7G       127M       5.7M        27M       3.3G

MemTotal:        4016004 kB
MemFree:          127684 kB
Active:           387988 kB
Mem:          3.8G       3.7G       124M       5.7M        27M       3.3G

MemTotal:        4016004 kB
MemFree:          144736 kB
Active:           385692 kB
Mem:          3.8G       3.7G       141M       5.7M        27M       3.2G

MemTotal:        4016004 kB
MemFree:          136352 kB
Active:           384156 kB
Mem:          3.8G       3.7G       133M       5.7M        27M       3.3G

MemTotal:        4016004 kB
MemFree:          135736 kB
Active:           383980 kB
Mem:          3.8G       3.7G       132M       5.7M        27M       3.3G

MemTotal:        4016004 kB
MemFree:          134848 kB
Active:           383992 kB
Mem:          3.8G       3.7G       131M       5.7M        27M       3.3G

MemTotal:        4016004 kB
MemFree:          133532 kB
Active:           384040 kB
Mem:          3.8G       3.7G       130M       5.7M        27M       3.3G

MemTotal:        4016004 kB
MemFree:          132204 kB
Active:           384032 kB
Mem:          3.8G       3.7G       129M       5.7M        27M       3.3G

MemTotal:        4016004 kB
MemFree:          129708 kB
Active:           383024 kB
Mem:          3.8G       3.7G       134M       5.7M        27M       3.3G

MemTotal:        4016004 kB
MemFree:          126048 kB
Active:           379988 kB
Mem:          3.8G       3.7G       122M       5.7M        27M       3.3G

MemTotal:        4016004 kB
MemFree:          127992 kB
Active:           375640 kB
Mem:          3.8G       3.7G       124M       5.7M        27M       3.3G

MemTotal:        4016004 kB
MemFree:          106380 kB
Active:           372440 kB
Mem:          3.8G       3.7G       103M       5.7M        27M       3.3G

MemTotal:        4016004 kB
MemFree:          135640 kB
Active:           370536 kB
Mem:          3.8G       3.7G       132M       5.7M        27M       3.3G

MemTotal:        4016004 kB
MemFree:          127568 kB
Active:           370280 kB
Mem:          3.8G       3.7G       124M       5.7M        27M       3.3G

MemTotal:        4016004 kB
MemFree:          136444 kB
Active:           370284 kB
Mem:          3.8G       3.7G       133M       5.7M        27M       3.3G

MemTotal:        4016004 kB
MemFree:          152632 kB
Active:           370284 kB
Mem:          3.8G       3.7G       148M       5.7M        27M       3.2G

MemTotal:        4016004 kB
MemFree:          148044 kB
Active:           370288 kB
Mem:          3.8G       3.7G       144M       5.7M        27M       3.2G

MemTotal:        4016004 kB
MemFree:          147712 kB
Active:           370304 kB
Mem:          3.8G       3.7G       144M       5.7M        27M       3.2G

MemTotal:        4016004 kB
MemFree:          147880 kB
Active:           370316 kB
Mem:          3.8G       3.7G       144M       5.7M        27M       3.2G

MemTotal:        4016004 kB
MemFree:          147852 kB
Active:           369700 kB
Mem:          3.8G       3.7G       144M       5.7M        27M       3.2G

MemTotal:        4016004 kB
MemFree:          144332 kB
Active:           370528 kB
Mem:          3.8G       3.7G       140M       5.7M        27M       3.2G

MemTotal:        4016004 kB
MemFree:          116520 kB
Active:           370276 kB
Mem:          3.8G       3.7G       114M       5.7M        27M       3.3G

MemTotal:        4016004 kB
MemFree:          127604 kB
Active:           370276 kB
Mem:          3.8G       3.7G       124M       5.7M        27M       3.3G

MemTotal:        4016004 kB
MemFree:          116092 kB
Active:           367536 kB
Mem:          3.8G       3.7G       113M       5.7M        27M       3.3G

MemTotal:        4016004 kB
MemFree:          138472 kB
Active:           367436 kB
Mem:          3.8G       3.7G       134M       5.7M        27M       3.3G

MemTotal:        4016004 kB
MemFree:          144096 kB
Active:           367456 kB
Mem:          3.8G       3.7G       140M       5.7M        27M       3.2G

MemTotal:        4016004 kB
MemFree:          138088 kB
Active:           367412 kB
Mem:          3.8G       3.7G       134M       5.7M        27M       3.3G

MemTotal:        4016004 kB
MemFree:          129832 kB
Active:           367412 kB
Mem:          3.8G       3.7G       126M       5.7M        27M       3.3G

MemTotal:        4016004 kB
MemFree:          149692 kB
Active:           367464 kB
Mem:          3.8G       3.7G       146M       5.7M        27M       3.2G

MemTotal:        4016004 kB
MemFree:          147968 kB
Active:           367620 kB
Mem:          3.8G       3.7G       144M       5.7M        27M       3.2G

MemTotal:        4016004 kB
MemFree:          146472 kB
Active:           367612 kB
Mem:          3.8G       3.7G       142M       5.7M        27M       3.2G

MemTotal:        4016004 kB
MemFree:          145668 kB
Active:           367556 kB
Mem:          3.8G       3.7G       142M       5.7M        27M       3.2G

MemTotal:        4016004 kB
MemFree:          145372 kB
Active:           367612 kB
Mem:          3.8G       3.7G       141M       5.7M        27M       3.2G

MemTotal:        4016004 kB
MemFree:          135140 kB
Active:           365308 kB
Mem:          3.8G       3.7G       131M       5.7M        27M       3.3G

MemTotal:        4016004 kB
MemFree:          141148 kB
Active:           365312 kB
Mem:          3.8G       3.7G       137M       5.7M        27M       3.2G

MemTotal:        4016004 kB
MemFree:          143612 kB
Active:           365312 kB
Mem:          3.8G       3.7G       140M       5.7M        27M       3.2G

MemTotal:        4016004 kB
MemFree:          147928 kB
Active:           365312 kB
Mem:          3.8G       3.7G       144M       5.7M        27M       3.2G

MemTotal:        4016004 kB
MemFree:          133276 kB
Active:           365276 kB
Mem:          3.8G       3.7G       130M       5.7M        27M       3.3G

MemTotal:        4016004 kB
MemFree:          131492 kB
Active:           365316 kB
Mem:          3.8G       3.7G       128M       5.7M        27M       3.3G

MemTotal:        4016004 kB
MemFree:          105552 kB
Active:           364744 kB
Mem:          3.8G       3.7G       102M       5.7M        27M       3.3G

MemTotal:        4016004 kB
MemFree:          124336 kB
Active:           365896 kB
Mem:          3.8G       3.7G       121M       5.7M        27M       3.3G

MemTotal:        4016004 kB
MemFree:          115920 kB
Active:           365876 kB
Mem:          3.8G       3.7G       112M       5.7M        27M       3.3G

MemTotal:        4016004 kB
MemFree:          115112 kB
Active:           365928 kB
Mem:          3.8G       3.7G       112M       5.7M        27M       3.3G

MemTotal:        4016004 kB
MemFree:          113688 kB
Active:           365928 kB
Mem:          3.8G       3.7G       110M       5.7M        27M       3.3G

MemTotal:        4016004 kB
MemFree:          113056 kB
Active:           365916 kB
Mem:          3.8G       3.7G       110M       5.7M        27M       3.3G

MemTotal:        4016004 kB
MemFree:          112396 kB
Active:           365908 kB
Mem:          3.8G       3.7G       109M       5.7M        27M       3.3G

MemTotal:        4016004 kB
MemFree:          122012 kB
Active:           365636 kB
Mem:          3.8G       3.7G       118M       5.7M        27M       3.3G

MemTotal:        4016004 kB
MemFree:          110260 kB
Active:           365564 kB
Mem:          3.8G       3.7G       107M       5.7M        27M       3.3G

MemTotal:        4016004 kB
MemFree:          131424 kB
Active:           365564 kB
Mem:          3.8G       3.7G       127M       5.7M        27M       3.3G

MemTotal:        4016004 kB
MemFree:          127432 kB
Active:           364128 kB
Mem:          3.8G       3.7G       124M       5.7M        27M       3.3G

MemTotal:        4016004 kB
MemFree:          132092 kB
Active:           364124 kB
Mem:          3.8G       3.7G       129M       5.7M        27M       3.3G

MemTotal:        4016004 kB
MemFree:          140824 kB
Active:           364124 kB
Mem:          3.8G       3.7G       137M       5.7M        27M       3.2G

MemTotal:        4016004 kB
MemFree:          115592 kB
Active:           364116 kB
Mem:          3.8G       3.7G       112M       5.7M        27M       3.3G

MemTotal:        4016004 kB
MemFree:          113332 kB
Active:           364164 kB
Mem:          3.8G       3.7G       110M       5.7M        27M       3.3G

MemTotal:        4016004 kB
MemFree:          111884 kB
Active:           364172 kB
Mem:          3.8G       3.7G       109M       5.7M        27M       3.3G

MemTotal:        4016004 kB
MemFree:          110840 kB
Active:           364164 kB
Mem:          3.8G       3.7G       108M       5.7M        27M       3.3G

MemTotal:        4016004 kB
MemFree:          128868 kB
Active:           364160 kB
Mem:          3.8G       3.7G       124M       5.7M        27M       3.3G

MemTotal:        4016004 kB
MemFree:          135452 kB
Active:           358696 kB
Mem:          3.8G       3.7G       132M       5.7M        27M       3.2G

MemTotal:        4016004 kB
MemFree:          141980 kB
Active:           358548 kB
Mem:          3.8G       3.7G       137M       5.7M        27M       3.2G

MemTotal:        4016004 kB
MemFree:          138640 kB
Active:           358548 kB
Mem:          3.8G       3.7G       134M       5.7M        27M       3.2G

MemTotal:        4016004 kB
MemFree:          124240 kB
Active:           356936 kB
Mem:          3.8G       3.7G       120M       5.7M        27M       3.3G

MemTotal:        4016004 kB
MemFree:          147552 kB
Active:           356884 kB
Mem:          3.8G       3.7G       143M       5.7M        27M       3.2G

MemTotal:        4016004 kB
MemFree:          147692 kB
Active:           356888 kB
Mem:          3.8G       3.7G       144M       5.7M        27M       3.2G

MemTotal:        4016004 kB
MemFree:          147584 kB
Active:           356848 kB
Mem:          3.8G       3.7G       144M       5.7M        27M       3.2G

MemTotal:        4016004 kB
MemFree:          147616 kB
Active:           356904 kB
Mem:          3.8G       3.7G       144M       5.7M        27M       3.2G

MemTotal:        4016004 kB
MemFree:          147540 kB
Active:           356904 kB
Mem:          3.8G       3.7G       143M       5.7M        27M       3.2G

MemTotal:        4016004 kB
MemFree:          140792 kB
Active:           356888 kB
Mem:          3.8G       3.7G       137M       5.7M        27M       3.2G

MemTotal:        4016004 kB
MemFree:          139244 kB
Active:           356928 kB
Mem:          3.8G       3.7G       135M       5.7M        27M       3.2G

MemTotal:        4016004 kB
MemFree:          138480 kB
Active:           356908 kB
Mem:          3.8G       3.7G       135M       5.7M        27M       3.2G

MemTotal:        4016004 kB
MemFree:          137860 kB
Active:           354888 kB
Mem:          3.8G       3.7G       134M       5.7M        27M       3.2G

MemTotal:        4016004 kB
MemFree:          138124 kB
Active:           356912 kB
Mem:          3.8G       3.7G       134M       5.7M        27M       3.2G

MemTotal:        4016004 kB
MemFree:          119368 kB
Active:           356952 kB
Mem:          3.8G       3.7G       116M       5.7M        27M       3.3G

MemTotal:        4016004 kB
MemFree:          134652 kB
Active:           353252 kB
Mem:          3.8G       3.7G       131M       5.7M        27M       3.2G

MemTotal:        4016004 kB
MemFree:          139344 kB
Active:           353048 kB
Mem:          3.8G       3.7G       135M       5.7M        27M       3.2G

MemTotal:        4016004 kB
MemFree:          124860 kB
Active:           353056 kB
Mem:          3.8G       3.7G       121M       5.7M        27M       3.3G

MemTotal:        4016004 kB
MemFree:          113124 kB
Active:           353012 kB
Mem:          3.8G       3.7G       110M       5.7M        27M       3.3G

MemTotal:        4016004 kB
MemFree:          130852 kB
Active:           353072 kB
Mem:          3.8G       3.7G       127M       5.7M        27M       3.3G

MemTotal:        4016004 kB
MemFree:          132100 kB
Active:           349048 kB
Mem:          3.8G       3.7G       131M       5.7M        27M       3.2G

MemTotal:        4016004 kB
MemFree:          128992 kB
Active:           348884 kB
Mem:          3.8G       3.7G       125M       5.7M        27M       3.3G

MemTotal:        4016004 kB
MemFree:          128980 kB
Active:           349224 kB
Mem:          3.8G       3.7G       125M       5.7M        27M       3.3G

MemTotal:        4016004 kB
MemFree:          146636 kB
Active:           349220 kB
Mem:          3.8G       3.7G       143M       5.7M        27M       3.2G

MemTotal:        4016004 kB
MemFree:          146036 kB
Active:           349240 kB
Mem:          3.8G       3.7G       142M       5.7M        27M       3.2G

MemTotal:        4016004 kB
MemFree:          144984 kB
Active:           349232 kB
Mem:          3.8G       3.7G       141M       5.7M        27M       3.2G

MemTotal:        4016004 kB
MemFree:          143684 kB
Active:           349252 kB
Mem:          3.8G       3.7G       139M       5.7M        28M       3.2G

MemTotal:        4016004 kB
MemFree:          142484 kB
Active:           349256 kB
Mem:          3.8G       3.7G       138M       5.7M        28M       3.2G

MemTotal:        4016004 kB
MemFree:          125016 kB
Active:           349256 kB
Mem:          3.8G       3.7G       121M       5.7M        28M       3.3G

MemTotal:        4016004 kB
MemFree:          136456 kB
Active:           349260 kB
Mem:          3.8G       3.7G       132M       5.7M        28M       3.2G

MemTotal:        4016004 kB
MemFree:          137912 kB
Active:           347928 kB
Mem:          3.8G       3.7G       134M       5.7M        28M       3.2G

MemTotal:        4016004 kB
MemFree:          153072 kB
Active:           347824 kB
Mem:          3.8G       3.7G       149M       5.7M        28M       3.2G

MemTotal:        4016004 kB
MemFree:          127860 kB
Active:           347824 kB
Mem:          3.8G       3.7G       124M       5.7M        28M       3.3G

MemTotal:        4016004 kB
MemFree:          136008 kB
Active:           347832 kB
Mem:          3.8G       3.7G       132M       5.7M        28M       3.2G

MemTotal:        4016004 kB
MemFree:          133732 kB
Active:           347836 kB
Mem:          3.8G       3.7G       130M       5.7M        28M       3.2G

MemTotal:        4016004 kB
MemFree:          136456 kB
Active:           347836 kB
Mem:          3.8G       3.7G       133M       5.7M        28M       3.2G

MemTotal:        4016004 kB
MemFree:          136696 kB
Active:           347836 kB
Mem:          3.8G       3.7G       133M       5.7M        28M       3.2G

MemTotal:        4016004 kB
MemFree:          136360 kB
Active:           347876 kB
Mem:          3.8G       3.7G       133M       5.7M        28M       3.2G

MemTotal:        4016004 kB
MemFree:          136708 kB
Active:           347856 kB
Mem:          3.8G       3.7G       133M       5.7M        28M       3.2G

MemTotal:        4016004 kB
MemFree:          119012 kB
Active:           347852 kB
Mem:          3.8G       3.7G       115M       5.7M        28M       3.3G

MemTotal:        4016004 kB
MemFree:          116624 kB
Active:           347848 kB
Mem:          3.8G       3.7G       113M       5.7M        28M       3.3G

MemTotal:        4016004 kB
MemFree:          125080 kB
Active:           347292 kB
Mem:          3.8G       3.7G       122M       5.7M        28M       3.3G

MemTotal:        4016004 kB
MemFree:          128960 kB
Active:           348444 kB
Mem:          3.8G       3.7G       125M       5.7M        28M       3.3G

MemTotal:        4016004 kB
MemFree:          126248 kB
Active:           348212 kB
Mem:          3.8G       3.7G       123M       5.7M        28M       3.3G

MemTotal:        4016004 kB
MemFree:          131412 kB
Active:           348212 kB
Mem:          3.8G       3.7G       128M       5.7M        28M       3.2G

MemTotal:        4016004 kB
MemFree:          139156 kB
Active:           348212 kB
Mem:          3.8G       3.7G       136M       5.7M        28M       3.2G

MemTotal:        4016004 kB
MemFree:          122936 kB
Active:           348200 kB
Mem:          3.8G       3.7G       124M       5.7M        28M       3.3G

MemTotal:        4016004 kB
MemFree:          124652 kB
Active:           348220 kB
Mem:          3.8G       3.7G       121M       5.7M        28M       3.3G

MemTotal:        4016004 kB
MemFree:          128696 kB
Active:           348232 kB
Mem:          3.8G       3.7G       125M       5.7M        28M       3.3G

MemTotal:        4016004 kB
MemFree:          127712 kB
Active:           348256 kB
Mem:          3.8G       3.7G       124M       5.7M        28M       3.3G

MemTotal:        4016004 kB
MemFree:          125924 kB
Active:           348232 kB
Mem:          3.8G       3.7G       122M       5.7M        28M       3.3G

MemTotal:        4016004 kB
MemFree:          125060 kB
Active:           348204 kB
Mem:          3.8G       3.7G       122M       5.7M        28M       3.3G

MemTotal:        4016004 kB
MemFree:          140400 kB
Active:           346628 kB
Mem:          3.8G       3.7G       136M       5.7M        28M       3.2G

MemTotal:        4016004 kB
MemFree:          119472 kB
Active:           346456 kB
Mem:          3.8G       3.7G       126M       5.7M        28M       3.2G

MemTotal:        4016004 kB
MemFree:          137936 kB
Active:           346316 kB
Mem:          3.8G       3.7G       134M       5.7M        28M       3.2G

MemTotal:        4016004 kB
MemFree:          137384 kB
Active:           346320 kB
Mem:          3.8G       3.7G       134M       5.7M        28M       3.2G

MemTotal:        4016004 kB
MemFree:          152064 kB
Active:           346316 kB
Mem:          3.8G       3.7G       148M       5.7M        28M       3.2G

MemTotal:        4016004 kB
MemFree:          121700 kB
Active:           346280 kB
Mem:          3.8G       3.7G       118M       5.7M        28M       3.3G

MemTotal:        4016004 kB
MemFree:          132632 kB
Active:           346340 kB
Mem:          3.8G       3.7G       129M       5.7M        28M       3.2G

MemTotal:        4016004 kB
MemFree:          125492 kB
Active:           346296 kB
Mem:          3.8G       3.7G       122M       5.7M        28M       3.3G

MemTotal:        4016004 kB
MemFree:          125324 kB
Active:           346312 kB
Mem:          3.8G       3.7G       121M       5.7M        28M       3.3G

MemTotal:        4016004 kB
MemFree:          123732 kB
Active:           346364 kB
Mem:          3.8G       3.7G       120M       5.7M        28M       3.3G

MemTotal:        4016004 kB
MemFree:          120620 kB
Active:           346292 kB
Mem:          3.8G       3.7G       117M       5.7M        28M       3.3G

MemTotal:        4016004 kB
MemFree:          116376 kB
Active:           348392 kB
Mem:          3.8G       3.7G       113M       5.7M        28M       3.3G

MemTotal:        4016004 kB
MemFree:          111264 kB
Active:           347764 kB
Mem:          3.8G       3.7G       108M       5.7M        28M       3.3G

MemTotal:        4016004 kB
MemFree:          137084 kB
Active:           343632 kB
Mem:          3.8G       3.7G       133M       5.7M        28M       3.2G

MemTotal:        4016004 kB
MemFree:          126080 kB
Active:           343632 kB
Mem:          3.8G       3.7G       122M       5.7M        28M       3.3G

MemTotal:        4016004 kB
MemFree:          116876 kB
Active:           343632 kB
Mem:          3.8G       3.7G       113M       5.7M        28M       3.3G

MemTotal:        4016004 kB
MemFree:          120468 kB
Active:           343632 kB
Mem:          3.8G       3.7G       117M       5.7M        28M       3.3G

MemTotal:        4016004 kB
MemFree:          131860 kB
Active:           343636 kB
Mem:          3.8G       3.7G       128M       5.7M        28M       3.2G

MemTotal:        4016004 kB
MemFree:          107480 kB
Active:           343632 kB
Mem:          3.8G       3.7G       104M       5.7M        28M       3.3G

MemTotal:        4016004 kB
MemFree:          128344 kB
Active:           343652 kB
Mem:          3.8G       3.7G       125M       5.7M        28M       3.2G

MemTotal:        4016004 kB
MemFree:          126724 kB
Active:           343652 kB
Mem:          3.8G       3.7G       123M       5.7M        28M       3.2G

MemTotal:        4016004 kB
MemFree:          126460 kB
Active:           343664 kB
Mem:          3.8G       3.7G       123M       5.7M        28M       3.2G

MemTotal:        4016004 kB
MemFree:          127048 kB
Active:           343656 kB
Mem:          3.8G       3.7G       124M       5.7M        28M       3.2G

MemTotal:        4016004 kB
MemFree:          130668 kB
Active:           343644 kB
Mem:          3.8G       3.7G       127M       5.7M        28M       3.2G

MemTotal:        4016004 kB
MemFree:          121748 kB
Active:           343676 kB
Mem:          3.8G       3.7G       118M       5.7M        28M       3.3G

MemTotal:        4016004 kB
MemFree:          108796 kB
Active:           343380 kB
Mem:          3.8G       3.7G       106M       5.7M        28M       3.3G

MemTotal:        4016004 kB
MemFree:          127456 kB
Active:           343300 kB
Mem:          3.8G       3.7G       124M       5.7M        28M       3.2G

MemTotal:        4016004 kB
MemFree:          134572 kB
Active:           343308 kB
Mem:          3.8G       3.7G       131M       5.7M        28M       3.2G

MemTotal:        4016004 kB
MemFree:          134124 kB
Active:           343312 kB
Mem:          3.8G       3.7G       130M       5.7M        28M       3.2G

MemTotal:        4016004 kB
MemFree:          128004 kB
Active:           343156 kB
Mem:          3.8G       3.7G       125M       5.7M        28M       3.2G

MemTotal:        4016004 kB
MemFree:          128656 kB
Active:           342960 kB
Mem:          3.8G       3.7G       125M       5.7M        28M       3.2G

MemTotal:        4016004 kB
MemFree:          128532 kB
Active:           342948 kB
Mem:          3.8G       3.7G       125M       5.7M        28M       3.2G

MemTotal:        4016004 kB
MemFree:          128284 kB
Active:           342952 kB
Mem:          3.8G       3.7G       124M       5.7M        28M       3.2G

MemTotal:        4016004 kB
MemFree:          127892 kB
Active:           342972 kB
Mem:          3.8G       3.7G       124M       5.7M        28M       3.2G

MemTotal:        4016004 kB
MemFree:          128196 kB
Active:           342972 kB
Mem:          3.8G       3.7G       125M       5.7M        28M       3.2G

MemTotal:        4016004 kB
MemFree:          127888 kB
Active:           343036 kB
Mem:          3.8G       3.7G       124M       5.7M        28M       3.2G

MemTotal:        4016004 kB
MemFree:          127772 kB
Active:           343032 kB
Mem:          3.8G       3.7G       124M       5.7M        28M       3.2G

MemTotal:        4016004 kB
MemFree:          127868 kB
Active:           343024 kB
Mem:          3.8G       3.7G       124M       5.7M        28M       3.2G

MemTotal:        4016004 kB
MemFree:          127868 kB
Active:           343028 kB
Mem:          3.8G       3.7G       124M       5.7M        28M       3.2G

MemTotal:        4016004 kB
MemFree:          127620 kB
Active:           343044 kB
Mem:          3.8G       3.7G       124M       5.7M        28M       3.2G

MemTotal:        4016004 kB
MemFree:          127868 kB
Active:           343032 kB
Mem:          3.8G       3.7G       124M       5.7M        28M       3.2G

MemTotal:        4016004 kB
MemFree:          128116 kB
Active:           343020 kB
Mem:          3.8G       3.7G       125M       5.7M        28M       3.2G

MemTotal:        4016004 kB
MemFree:          128364 kB
Active:           343020 kB
Mem:          3.8G       3.7G       125M       5.7M        28M       3.2G

MemTotal:        4016004 kB
MemFree:          127992 kB
Active:           343044 kB
Mem:          3.8G       3.7G       124M       5.7M        28M       3.2G

MemTotal:        4016004 kB
MemFree:          127496 kB
Active:           343048 kB
Mem:          3.8G       3.7G       124M       5.7M        28M       3.2G

MemTotal:        4016004 kB
MemFree:          127868 kB
Active:           343012 kB
Mem:          3.8G       3.7G       124M       5.7M        28M       3.2G

MemTotal:        4016004 kB
MemFree:          127992 kB
Active:           343020 kB
Mem:          3.8G       3.7G       124M       5.7M        28M       3.2G

MemTotal:        4016004 kB
MemFree:          127868 kB
Active:           343040 kB
Mem:          3.8G       3.7G       124M       5.7M        28M       3.2G

MemTotal:        4016004 kB
MemFree:          127868 kB
Active:           343012 kB
Mem:          3.8G       3.7G       124M       5.7M        28M       3.2G

MemTotal:        4016004 kB
MemFree:          127744 kB
Active:           343056 kB
Mem:          3.8G       3.7G       124M       5.7M        28M       3.2G

MemTotal:        4016004 kB
MemFree:          127992 kB
Active:           343048 kB
Mem:          3.8G       3.7G       124M       5.7M        28M       3.2G

MemTotal:        4016004 kB
MemFree:          127992 kB
Active:           343020 kB
Mem:          3.8G       3.7G       124M       5.7M        28M       3.2G

MemTotal:        4016004 kB
MemFree:          127248 kB
Active:           343072 kB
Mem:          3.8G       3.7G       124M       5.7M        28M       3.2G

MemTotal:        4016004 kB
MemFree:          127496 kB
Active:           343052 kB
Mem:          3.8G       3.7G       124M       5.7M        28M       3.2G

MemTotal:        4016004 kB
MemFree:          127496 kB
Active:           343056 kB
Mem:          3.8G       3.7G       124M       5.7M        28M       3.2G

MemTotal:        4016004 kB
MemFree:          127496 kB
Active:           343044 kB
Mem:          3.8G       3.7G       124M       5.7M        28M       3.2G

MemTotal:        4016004 kB
MemFree:          127372 kB
Active:           343056 kB
Mem:          3.8G       3.7G       124M       5.7M        28M       3.2G

MemTotal:        4016004 kB
MemFree:          127248 kB
Active:           343036 kB
Mem:          3.8G       3.7G       124M       5.7M        28M       3.2G

MemTotal:        4016004 kB
MemFree:          127992 kB
Active:           343016 kB
Mem:          3.8G       3.7G       124M       5.7M        28M       3.2G

MemTotal:        4016004 kB
MemFree:          127620 kB
Active:           343076 kB
Mem:          3.8G       3.7G       124M       5.7M        28M       3.2G

MemTotal:        4016004 kB
MemFree:          127496 kB
Active:           343084 kB
Mem:          3.8G       3.7G       124M       5.7M        28M       3.2G

MemTotal:        4016004 kB
MemFree:          127372 kB
Active:           343028 kB
Mem:          3.8G       3.7G       124M       5.7M        28M       3.2G

MemTotal:        4016004 kB
MemFree:          127124 kB
Active:           343084 kB
Mem:          3.8G       3.7G       124M       5.7M        28M       3.2G

MemTotal:        4016004 kB
MemFree:          127372 kB
Active:           343056 kB
Mem:          3.8G       3.7G       124M       5.7M        28M       3.2G

MemTotal:        4016004 kB
MemFree:          127496 kB
Active:           343052 kB
Mem:          3.8G       3.7G       124M       5.7M        28M       3.2G

MemTotal:        4016004 kB
MemFree:          127364 kB
Active:           343064 kB
Mem:          3.8G       3.7G       124M       5.7M        28M       3.2G

MemTotal:        4016004 kB
MemFree:          127364 kB
Active:           343096 kB
Mem:          3.8G       3.7G       124M       5.7M        28M       3.2G

MemTotal:        4016004 kB
MemFree:          127860 kB
Active:           343064 kB
Mem:          3.8G       3.7G       124M       5.7M        28M       3.2G

MemTotal:        4016004 kB
MemFree:          127860 kB
Active:           343068 kB
Mem:          3.8G       3.7G       125M       5.7M        28M       3.2G

MemTotal:        4016004 kB
MemFree:          128108 kB
Active:           343056 kB
Mem:          3.8G       3.7G       125M       5.7M        28M       3.2G

MemTotal:        4016004 kB
MemFree:          127612 kB
Active:           343104 kB
Mem:          3.8G       3.7G       124M       5.7M        28M       3.2G

MemTotal:        4016004 kB
MemFree:          127984 kB
Active:           343084 kB
Mem:          3.8G       3.7G       125M       5.7M        28M       3.2G

MemTotal:        4016004 kB
MemFree:          127984 kB
Active:           343080 kB
Mem:          3.8G       3.7G       125M       5.7M        28M       3.2G

MemTotal:        4016004 kB
MemFree:          127984 kB
Active:           343088 kB
Mem:          3.8G       3.7G       125M       5.7M        28M       3.2G

MemTotal:        4016004 kB
MemFree:          127612 kB
Active:           343112 kB
Mem:          3.8G       3.7G       124M       5.7M        28M       3.2G

MemTotal:        4016004 kB
MemFree:          127736 kB
Active:           343100 kB
Mem:          3.8G       3.7G       124M       5.7M        28M       3.2G

MemTotal:        4016004 kB
MemFree:          127744 kB
Active:           343064 kB
Mem:          3.8G       3.7G       124M       5.7M        28M       3.2G

MemTotal:        4016004 kB
MemFree:          127744 kB
Active:           343116 kB
Mem:          3.8G       3.7G       124M       5.7M        28M       3.2G

MemTotal:        4016004 kB
MemFree:          127992 kB
Active:           343100 kB
Mem:          3.8G       3.7G       125M       5.7M        28M       3.2G

MemTotal:        4016004 kB
MemFree:          127992 kB
Active:           343096 kB
Mem:          3.8G       3.7G       125M       5.7M        28M       3.2G

MemTotal:        4016004 kB
MemFree:          127992 kB
Active:           343128 kB
Mem:          3.8G       3.7G       125M       5.7M        28M       3.2G

MemTotal:        4016004 kB
MemFree:          127868 kB
Active:           343116 kB
Mem:          3.8G       3.7G       124M       5.7M        28M       3.2G

MemTotal:        4016004 kB
MemFree:          127992 kB
Active:           343112 kB
Mem:          3.8G       3.7G       124M       5.7M        28M       3.2G

MemTotal:        4016004 kB
MemFree:          128116 kB
Active:           343108 kB
Mem:          3.8G       3.7G       124M       5.7M        28M       3.2G

MemTotal:        4016004 kB
MemFree:          127744 kB
Active:           343140 kB
Mem:          3.8G       3.7G       124M       5.7M        28M       3.2G

MemTotal:        4016004 kB
MemFree:          127744 kB
Active:           343116 kB
Mem:          3.8G       3.7G       124M       5.7M        28M       3.2G

MemTotal:        4016004 kB
MemFree:          127744 kB
Active:           343132 kB
Mem:          3.8G       3.7G       124M       5.7M        28M       3.2G

MemTotal:        4016004 kB
MemFree:          127744 kB
Active:           343120 kB
Mem:          3.8G       3.7G       124M       5.7M        28M       3.2G

MemTotal:        4016004 kB
MemFree:          127620 kB
Active:           343144 kB
Mem:          3.8G       3.7G       124M       5.7M        28M       3.2G

MemTotal:        4016004 kB
MemFree:          127620 kB
Active:           343108 kB
Mem:          3.8G       3.7G       124M       5.7M        28M       3.2G

MemTotal:        4016004 kB
MemFree:          127248 kB
Active:           343148 kB
Mem:          3.8G       3.7G       124M       5.7M        28M       3.2G

MemTotal:        4016004 kB
MemFree:          127620 kB
Active:           343144 kB
Mem:          3.8G       3.7G       124M       5.7M        28M       3.2G

MemTotal:        4016004 kB
MemFree:          127496 kB
Active:           343128 kB
Mem:          3.8G       3.7G       124M       5.7M        28M       3.2G

MemTotal:        4016004 kB
MemFree:          127496 kB
Active:           343148 kB
Mem:          3.8G       3.7G       124M       5.7M        28M       3.2G

MemTotal:        4016004 kB
MemFree:          127744 kB
Active:           343136 kB
Mem:          3.8G       3.7G       124M       5.7M        28M       3.2G

MemTotal:        4016004 kB
MemFree:          127744 kB
Active:           343104 kB
Mem:          3.8G       3.7G       124M       5.7M        28M       3.2G

MemTotal:        4016004 kB
MemFree:          127744 kB
Active:           343144 kB
Mem:          3.8G       3.7G       124M       5.7M        28M       3.2G

MemTotal:        4016004 kB
MemFree:          127372 kB
Active:           343156 kB
Mem:          3.8G       3.7G       124M       5.7M        28M       3.2G

MemTotal:        4016004 kB
MemFree:          127620 kB
Active:           343104 kB
Mem:          3.8G       3.7G       124M       5.7M        28M       3.2G

MemTotal:        4016004 kB
MemFree:          127744 kB
Active:           343112 kB
Mem:          3.8G       3.7G       124M       5.7M        28M       3.2G

MemTotal:        4016004 kB
MemFree:          127620 kB
Active:           343160 kB
Mem:          3.8G       3.7G       124M       5.7M        28M       3.2G

MemTotal:        4016004 kB
MemFree:          127992 kB
Active:           343156 kB
Mem:          3.8G       3.7G       124M       5.7M        28M       3.2G

MemTotal:        4016004 kB
MemFree:          127248 kB
Active:           343168 kB
Mem:          3.8G       3.7G       124M       5.7M        28M       3.2G

MemTotal:        4016004 kB
MemFree:          127868 kB
Active:           343136 kB
Mem:          3.8G       3.7G       124M       5.7M        28M       3.2G

MemTotal:        4016004 kB
MemFree:          127372 kB
Active:           343168 kB
Mem:          3.8G       3.7G       124M       5.7M        28M       3.2G

MemTotal:        4016004 kB
MemFree:          127372 kB
Active:           343168 kB
Mem:          3.8G       3.7G       124M       5.7M        28M       3.2G

MemTotal:        4016004 kB
MemFree:          127744 kB
Active:           343128 kB
Mem:          3.8G       3.7G       124M       5.7M        28M       3.2G

MemTotal:        4016004 kB
MemFree:          127620 kB
Active:           343168 kB
Mem:          3.8G       3.7G       124M       5.7M        28M       3.2G

MemTotal:        4016004 kB
MemFree:          127496 kB
Active:           343160 kB
Mem:          3.8G       3.7G       124M       5.7M        28M       3.2G

MemTotal:        4016004 kB
MemFree:          125572 kB
Active:           343152 kB
Mem:          3.8G       3.7G       122M       5.7M        28M       3.2G

MemTotal:        4016004 kB
MemFree:          125448 kB
Active:           345148 kB
Mem:          3.8G       3.7G       122M       5.7M        28M       3.2G

MemTotal:        4016004 kB
MemFree:          125572 kB
Active:           345184 kB
Mem:          3.8G       3.7G       122M       5.7M        28M       3.2G

MemTotal:        4016004 kB
MemFree:          125696 kB
Active:           345188 kB
Mem:          3.8G       3.7G       122M       5.7M        28M       3.2G

MemTotal:        4016004 kB
MemFree:          125820 kB
Active:           345188 kB
Mem:          3.8G       3.7G       122M       5.7M        28M       3.2G

MemTotal:        4016004 kB
MemFree:          125820 kB
Active:           345144 kB
Mem:          3.8G       3.7G       122M       5.7M        28M       3.2G

MemTotal:        4016004 kB
MemFree:          125944 kB
Active:           345192 kB
Mem:          3.8G       3.7G       122M       5.7M        28M       3.2G

MemTotal:        4016004 kB
MemFree:          126068 kB
Active:           345180 kB
Mem:          3.8G       3.7G       122M       5.7M        28M       3.2G

MemTotal:        4016004 kB
MemFree:          125804 kB
Active:           345204 kB
Mem:          3.8G       3.7G       122M       5.7M        28M       3.2G

MemTotal:        4016004 kB
MemFree:          125572 kB
Active:           345156 kB
Mem:          3.8G       3.7G       122M       5.7M        28M       3.2G

MemTotal:        4016004 kB
MemFree:          125572 kB
Active:           345152 kB
Mem:          3.8G       3.7G       122M       5.7M        28M       3.2G

MemTotal:        4016004 kB
MemFree:          125572 kB
Active:           345196 kB
Mem:          3.8G       3.7G       122M       5.7M        28M       3.2G

MemTotal:        4016004 kB
MemFree:          125308 kB
Active:           345280 kB
Mem:          3.8G       3.7G       122M       5.7M        28M       3.2G

MemTotal:        4016004 kB
MemFree:          125184 kB
Active:           345212 kB
Mem:          3.8G       3.7G       122M       5.7M        28M       3.2G

MemTotal:        4016004 kB
MemFree:          125556 kB
Active:           345148 kB
Mem:          3.8G       3.7G       122M       5.7M        28M       3.2G

MemTotal:        4016004 kB
MemFree:          125416 kB
Active:           345196 kB
Mem:          3.8G       3.7G       122M       5.7M        28M       3.2G

MemTotal:        4016004 kB
MemFree:          125944 kB
Active:           345196 kB
Mem:          3.8G       3.7G       122M       5.7M        28M       3.2G

MemTotal:        4016004 kB
MemFree:          125448 kB
Active:           345256 kB
Mem:          3.8G       3.7G       122M       5.7M        28M       3.2G

MemTotal:        4016004 kB
MemFree:          125664 kB
Active:           345168 kB
Mem:          3.8G       3.7G       122M       5.7M        28M       3.2G

MemTotal:        4016004 kB
MemFree:          125648 kB
Active:           345156 kB
Mem:          3.8G       3.7G       122M       5.7M        28M       3.2G

MemTotal:        4016004 kB
MemFree:          125556 kB
Active:           345308 kB
Mem:          3.8G       3.7G       122M       5.7M        28M       3.2G

MemTotal:        4016004 kB
MemFree:          125556 kB
Active:           345216 kB
Mem:          3.8G       3.7G       122M       5.7M        28M       3.2G

MemTotal:        4016004 kB
MemFree:          125184 kB
Active:           345224 kB
Mem:          3.8G       3.7G       122M       5.7M        28M       3.2G

MemTotal:        4016004 kB
MemFree:          125200 kB
Active:           345224 kB
Mem:          3.8G       3.7G       122M       5.7M        28M       3.2G

MemTotal:        4016004 kB
MemFree:          125400 kB
Active:           345252 kB
Mem:          3.8G       3.7G       122M       5.7M        28M       3.2G

MemTotal:        4016004 kB
MemFree:          125656 kB
Active:           345248 kB
Mem:          3.8G       3.7G       123M       5.7M        28M       3.2G

MemTotal:        4016004 kB
MemFree:          125976 kB
Active:           345280 kB
Mem:          3.8G       3.7G       123M       5.7M        28M       3.2G

MemTotal:        4016004 kB
MemFree:          125672 kB
Active:           345232 kB
Mem:          3.8G       3.7G       122M       5.7M        28M       3.2G

MemTotal:        4016004 kB
MemFree:          125900 kB
Active:           345348 kB
Mem:          3.8G       3.7G       123M       5.7M        28M       3.2G

MemTotal:        4016004 kB
MemFree:          125424 kB
Active:           345320 kB
Mem:          3.8G       3.7G       122M       5.7M        28M       3.2G

MemTotal:        4016004 kB
MemFree:          125900 kB
Active:           345340 kB
Mem:          3.8G       3.7G       123M       5.7M        28M       3.2G

MemTotal:        4016004 kB
MemFree:          125904 kB
Active:           345220 kB
Mem:          3.8G       3.7G       122M       5.7M        28M       3.2G

MemTotal:        4016004 kB
MemFree:          125796 kB
Active:           345240 kB
Mem:          3.8G       3.7G       123M       5.7M        28M       3.2G

MemTotal:        4016004 kB
MemFree:          126028 kB
Active:           345188 kB
Mem:          3.8G       3.7G       122M       5.7M        28M       3.2G

MemTotal:        4016004 kB
MemFree:          126152 kB
Active:           345128 kB
Mem:          3.8G       3.7G       123M       5.7M        28M       3.2G

MemTotal:        4016004 kB
MemFree:          126028 kB
Active:           345104 kB
Mem:          3.8G       3.7G       123M       5.7M        28M       3.2G

MemTotal:        4016004 kB
MemFree:          126152 kB
Active:           345104 kB
Mem:          3.8G       3.7G       122M       5.7M        28M       3.2G

MemTotal:        4016004 kB
MemFree:          125904 kB
Active:           345104 kB
Mem:          3.8G       3.7G       123M       5.7M        28M       3.2G

MemTotal:        4016004 kB
MemFree:          126152 kB
Active:           345112 kB
Mem:          3.8G       3.7G       123M       5.7M        28M       3.2G

MemTotal:        4016004 kB
MemFree:          125688 kB
Active:           345468 kB
Mem:          3.8G       3.7G       122M       5.7M        28M       3.2G

MemTotal:        4016004 kB
MemFree:          125656 kB
Active:           345168 kB
Mem:          3.8G       3.7G       122M       5.7M        28M       3.2G

MemTotal:        4016004 kB
MemFree:          125580 kB
Active:           345196 kB
Mem:          3.8G       3.7G       122M       5.7M        28M       3.2G

MemTotal:        4016004 kB
MemFree:          125084 kB
Active:           345256 kB
Mem:          3.8G       3.7G       122M       5.7M        28M       3.2G

MemTotal:        4016004 kB
MemFree:          125580 kB
Active:           345212 kB
Mem:          3.8G       3.7G       122M       5.7M        28M       3.2G

MemTotal:        4016004 kB
MemFree:          125580 kB
Active:           345208 kB
Mem:          3.8G       3.7G       122M       5.7M        28M       3.2G

MemTotal:        4016004 kB
MemFree:          125580 kB
Active:           345252 kB
Mem:          3.8G       3.7G       122M       5.7M        28M       3.2G

MemTotal:        4016004 kB
MemFree:          124960 kB
Active:           345264 kB
Mem:          3.8G       3.7G       122M       5.7M        28M       3.2G

MemTotal:        4016004 kB
MemFree:          125332 kB
Active:           345264 kB
Mem:          3.8G       3.7G       122M       5.7M        28M       3.2G

MemTotal:        4016004 kB
MemFree:          125704 kB
Active:           345220 kB
Mem:          3.8G       3.7G       122M       5.7M        28M       3.2G

MemTotal:        4016004 kB
MemFree:          125704 kB
Active:           345220 kB
Mem:          3.8G       3.7G       122M       5.7M        28M       3.2G

MemTotal:        4016004 kB
MemFree:          125456 kB
Active:           345264 kB
Mem:          3.8G       3.7G       122M       5.7M        28M       3.2G

MemTotal:        4016004 kB
MemFree:          125704 kB
Active:           345220 kB
Mem:          3.8G       3.7G       122M       5.7M        28M       3.2G

MemTotal:        4016004 kB
MemFree:          125704 kB
Active:           345232 kB
Mem:          3.8G       3.7G       122M       5.7M        28M       3.2G

MemTotal:        4016004 kB
MemFree:          125456 kB
Active:           345264 kB
Mem:          3.8G       3.7G       122M       5.7M        28M       3.2G

MemTotal:        4016004 kB
MemFree:          125580 kB
Active:           345260 kB
Mem:          3.8G       3.7G       122M       5.7M        28M       3.2G

MemTotal:        4016004 kB
MemFree:          125580 kB
Active:           345216 kB
Mem:          3.8G       3.7G       122M       5.7M        28M       3.2G

MemTotal:        4016004 kB
MemFree:          125828 kB
Active:           345268 kB
Mem:          3.8G       3.7G       122M       5.7M        28M       3.2G

MemTotal:        4016004 kB
MemFree:          125580 kB
Active:           345276 kB
Mem:          3.8G       3.7G       122M       5.7M        28M       3.2G

MemTotal:        4016004 kB
MemFree:          125332 kB
Active:           345276 kB
Mem:          3.8G       3.7G       122M       5.7M        28M       3.2G

MemTotal:        4016004 kB
MemFree:          125084 kB
Active:           345272 kB
Mem:          3.8G       3.7G       122M       5.7M        28M       3.2G

MemTotal:        4016004 kB
MemFree:          124836 kB
Active:           345276 kB
Mem:          3.8G       3.7G       121M       5.7M        28M       3.2G

MemTotal:        4016004 kB
MemFree:          124588 kB
Active:           345284 kB
Mem:          3.8G       3.7G       121M       5.7M        28M       3.2G

MemTotal:        4016004 kB
MemFree:          125084 kB
Active:           345260 kB
Mem:          3.8G       3.7G       121M       5.7M        28M       3.2G

MemTotal:        4016004 kB
MemFree:          125084 kB
Active:           345252 kB
Mem:          3.8G       3.7G       122M       5.7M        28M       3.2G

MemTotal:        4016004 kB
MemFree:          125084 kB
Active:           345284 kB
Mem:          3.8G       3.7G       122M       5.7M        28M       3.2G

MemTotal:        4016004 kB
MemFree:          125456 kB
Active:           345240 kB
Mem:          3.8G       3.7G       122M       5.7M        28M       3.2G

MemTotal:        4016004 kB
MemFree:          125456 kB
Active:           345284 kB
Mem:          3.8G       3.7G       122M       5.7M        28M       3.2G

MemTotal:        4016004 kB
MemFree:          125704 kB
Active:           345272 kB
Mem:          3.8G       3.7G       122M       5.7M        28M       3.2G

MemTotal:        4016004 kB
MemFree:          125704 kB
Active:           345288 kB
Mem:          3.8G       3.7G       122M       5.7M        28M       3.2G

MemTotal:        4016004 kB
MemFree:          125456 kB
Active:           345276 kB
Mem:          3.8G       3.7G       122M       5.7M        28M       3.2G

MemTotal:        4016004 kB
MemFree:          125704 kB
Active:           345264 kB
Mem:          3.8G       3.7G       122M       5.7M        28M       3.2G

MemTotal:        4016004 kB
MemFree:          125084 kB
Active:           345296 kB
Mem:          3.8G       3.7G       122M       5.7M        28M       3.2G

MemTotal:        4016004 kB
MemFree:          125332 kB
Active:           345296 kB
Mem:          3.8G       3.7G       122M       5.7M        28M       3.2G

MemTotal:        4016004 kB
MemFree:          125456 kB
Active:           345288 kB
Mem:          3.8G       3.7G       122M       5.7M        28M       3.2G

MemTotal:        4016004 kB
MemFree:          125580 kB
Active:           345288 kB
Mem:          3.8G       3.7G       122M       5.7M        28M       3.2G

MemTotal:        4016004 kB
MemFree:          124960 kB
Active:           345312 kB
Mem:          3.8G       3.7G       122M       5.7M        28M       3.2G

MemTotal:        4016004 kB
MemFree:          125332 kB
Active:           345268 kB
Mem:          3.8G       3.7G       122M       5.7M        28M       3.2G

MemTotal:        4016004 kB
MemFree:          125332 kB
Active:           345268 kB
Mem:          3.8G       3.7G       122M       5.7M        28M       3.2G

MemTotal:        4016004 kB
MemFree:          125332 kB
Active:           345268 kB
Mem:          3.8G       3.7G       122M       5.7M        28M       3.2G

MemTotal:        4016004 kB
MemFree:          125332 kB
Active:           345280 kB
Mem:          3.8G       3.7G       122M       5.7M        28M       3.2G

MemTotal:        4016004 kB
MemFree:          125332 kB
Active:           345276 kB
Mem:          3.8G       3.7G       122M       5.7M        28M       3.2G

MemTotal:        4016004 kB
MemFree:          125580 kB
Active:           345292 kB
Mem:          3.8G       3.7G       122M       5.7M        28M       3.2G

MemTotal:        4016004 kB
MemFree:          125208 kB
Active:           345332 kB
Mem:          3.8G       3.7G       122M       5.7M        28M       3.2G

MemTotal:        4016004 kB
MemFree:          125704 kB
Active:           345320 kB
Mem:          3.8G       3.7G       122M       5.7M        28M       3.2G

MemTotal:        4016004 kB
MemFree:          125332 kB
Active:           345332 kB
Mem:          3.8G       3.7G       122M       5.7M        28M       3.2G

MemTotal:        4016004 kB
MemFree:          125332 kB
Active:           345328 kB
Mem:          3.8G       3.7G       122M       5.7M        28M       3.2G

MemTotal:        4016004 kB
MemFree:          125332 kB
Active:           345324 kB
Mem:          3.8G       3.7G       122M       5.7M        28M       3.2G

MemTotal:        4016004 kB
MemFree:          125332 kB
Active:           345336 kB
Mem:          3.8G       3.7G       122M       5.7M        28M       3.2G

MemTotal:        4016004 kB
MemFree:          125208 kB
Active:           345296 kB
Mem:          3.8G       3.7G       122M       5.7M        28M       3.2G

MemTotal:        4016004 kB
MemFree:          125332 kB
Active:           345348 kB
Mem:          3.8G       3.7G       122M       5.7M        28M       3.2G

MemTotal:        4016004 kB
MemFree:          125332 kB
Active:           345344 kB
Mem:          3.8G       3.7G       122M       5.7M        28M       3.2G

MemTotal:        4016004 kB
MemFree:          124836 kB
Active:           345352 kB
Mem:          3.8G       3.7G       122M       5.7M        28M       3.2G

MemTotal:        4016004 kB
MemFree:          124712 kB
Active:           345352 kB
Mem:          3.8G       3.7G       122M       5.7M        28M       3.2G

MemTotal:        4016004 kB
MemFree:          125208 kB
Active:           345344 kB
Mem:          3.8G       3.7G       121M       5.7M        28M       3.2G

MemTotal:        4016004 kB
MemFree:          124960 kB
Active:           345332 kB
Mem:          3.8G       3.7G       122M       5.7M        28M       3.2G

MemTotal:        4016004 kB
MemFree:          124712 kB
Active:           345352 kB
Mem:          3.8G       3.7G       121M       5.7M        28M       3.2G

MemTotal:        4016004 kB
MemFree:          125208 kB
Active:           345304 kB
Mem:          3.8G       3.7G       122M       5.7M        28M       3.2G

MemTotal:        4016004 kB
MemFree:          125332 kB
Active:           345348 kB
Mem:          3.8G       3.7G       122M       5.7M        28M       3.2G

MemTotal:        4016004 kB
MemFree:          125704 kB
Active:           345352 kB
Mem:          3.8G       3.7G       122M       5.7M        28M       3.2G

MemTotal:        4016004 kB
MemFree:          125720 kB
Active:           345356 kB
Mem:          3.8G       3.7G       122M       5.7M        28M       3.2G

MemTotal:        4016004 kB
MemFree:          125844 kB
Active:           345304 kB
Mem:          3.8G       3.7G       122M       5.7M        28M       3.2G

MemTotal:        4016004 kB
MemFree:          125224 kB
Active:           345364 kB
Mem:          3.8G       3.7G       122M       5.7M        28M       3.2G

MemTotal:        4016004 kB
MemFree:          125596 kB
Active:           345312 kB
Mem:          3.8G       3.7G       122M       5.7M        28M       3.2G

MemTotal:        4016004 kB
MemFree:          125348 kB
Active:           345460 kB
Mem:          3.8G       3.7G       122M       5.7M        28M       3.2G

MemTotal:        4016004 kB
MemFree:          125208 kB
Active:           345544 kB
Mem:          3.8G       3.7G       122M       5.7M        28M       3.2G

MemTotal:        4016004 kB
MemFree:          125084 kB
Active:           345492 kB
Mem:          3.8G       3.7G       122M       5.7M        28M       3.2G

