MemTotal:        4016004 kB
MemFree:         3237196 kB
Active:           424932 kB
Mem:          3.8G       760M       3.1G       5.7M        50M       318M

MemTotal:        4016004 kB
MemFree:         3237240 kB
Active:           424816 kB
Mem:          3.8G       760M       3.1G       5.7M        50M       318M

MemTotal:        4016004 kB
MemFree:         3237488 kB
Active:           424860 kB
Mem:          3.8G       760M       3.1G       5.7M        50M       318M

MemTotal:        4016004 kB
MemFree:         3237472 kB
Active:           424852 kB
Mem:          3.8G       760M       3.1G       5.7M        50M       318M

MemTotal:        4016004 kB
MemFree:         3237392 kB
Active:           424856 kB
Mem:          3.8G       760M       3.1G       5.7M        50M       318M

MemTotal:        4016004 kB
MemFree:         3237252 kB
Active:           424892 kB
Mem:          3.8G       760M       3.1G       5.7M        50M       318M

MemTotal:        4016004 kB
MemFree:         3237732 kB
Active:           424848 kB
Mem:          3.8G       760M       3.1G       5.7M        50M       318M

MemTotal:        4016004 kB
MemFree:         3237344 kB
Active:           424904 kB
Mem:          3.8G       760M       3.1G       5.7M        50M       318M

MemTotal:        4016004 kB
MemFree:         3237716 kB
Active:           424868 kB
Mem:          3.8G       760M       3.1G       5.7M        50M       318M

MemTotal:        4016004 kB
MemFree:         3237700 kB
Active:           424888 kB
Mem:          3.8G       760M       3.1G       5.7M        50M       318M

MemTotal:        4016004 kB
MemFree:         3237360 kB
Active:           424904 kB
Mem:          3.8G       760M       3.1G       5.7M        50M       318M

MemTotal:        4016004 kB
MemFree:         3237732 kB
Active:           424864 kB
Mem:          3.8G       760M       3.1G       5.7M        50M       318M

MemTotal:        4016004 kB
MemFree:         3237608 kB
Active:           424864 kB
Mem:          3.8G       760M       3.1G       5.7M        50M       318M

MemTotal:        4016004 kB
MemFree:         3237392 kB
Active:           424904 kB
Mem:          3.8G       760M       3.1G       5.7M        50M       318M

MemTotal:        4016004 kB
MemFree:         3237640 kB
Active:           424892 kB
Mem:          3.8G       760M       3.1G       5.7M        50M       319M

MemTotal:        4016004 kB
MemFree:         3237888 kB
Active:           424860 kB
Mem:          3.8G       760M       3.1G       5.7M        50M       319M

MemTotal:        4016004 kB
MemFree:         3237144 kB
Active:           424908 kB
Mem:          3.8G       760M       3.1G       5.7M        50M       319M

MemTotal:        4016004 kB
MemFree:         3237020 kB
Active:           424908 kB
Mem:          3.8G       760M       3.1G       5.7M        50M       319M

MemTotal:        4016004 kB
MemFree:         3237392 kB
Active:           424908 kB
Mem:          3.8G       760M       3.1G       5.7M        50M       319M

MemTotal:        4016004 kB
MemFree:         3237376 kB
Active:           424860 kB
Mem:          3.8G       760M       3.1G       5.7M        50M       318M

MemTotal:        4016004 kB
MemFree:         3236988 kB
Active:           424912 kB
Mem:          3.8G       760M       3.1G       5.7M        50M       319M

MemTotal:        4016004 kB
MemFree:         3237112 kB
Active:           424916 kB
Mem:          3.8G       760M       3.1G       5.7M        50M       319M

MemTotal:        4016004 kB
MemFree:         3237672 kB
Active:           424872 kB
Mem:          3.8G       760M       3.1G       5.7M        50M       319M

MemTotal:        4016004 kB
MemFree:         3237796 kB
Active:           424892 kB
Mem:          3.8G       760M       3.1G       5.7M        50M       319M

MemTotal:        4016004 kB
MemFree:         3237732 kB
Active:           422864 kB
Mem:          3.8G       760M       3.1G       5.7M        50M       319M

MemTotal:        4016004 kB
MemFree:         3237592 kB
Active:           422836 kB
Mem:          3.8G       760M       3.1G       5.7M        50M       319M

MemTotal:        4016004 kB
MemFree:         3237824 kB
Active:           424892 kB
Mem:          3.8G       759M       3.1G       5.7M        50M       319M

MemTotal:        4016004 kB
MemFree:         3237312 kB
Active:           424932 kB
Mem:          3.8G       760M       3.1G       5.7M        50M       319M

MemTotal:        4016004 kB
MemFree:         3237684 kB
Active:           424880 kB
Mem:          3.8G       760M       3.1G       5.7M        50M       319M

MemTotal:        4016004 kB
MemFree:         3237668 kB
Active:           424884 kB
Mem:          3.8G       760M       3.1G       5.7M        50M       319M

MemTotal:        4016004 kB
MemFree:         3237080 kB
Active:           424940 kB
Mem:          3.8G       760M       3.1G       5.7M        50M       319M

MemTotal:        4016004 kB
MemFree:         3236460 kB
Active:           424940 kB
Mem:          3.8G       761M       3.1G       5.7M        50M       319M

MemTotal:        4016004 kB
MemFree:         3237080 kB
Active:           424936 kB
Mem:          3.8G       760M       3.1G       5.7M        50M       319M

MemTotal:        4016004 kB
MemFree:         3237452 kB
Active:           424928 kB
Mem:          3.8G       760M       3.1G       5.7M        50M       319M

MemTotal:        4016004 kB
MemFree:         3235032 kB
Active:           424924 kB
Mem:          3.8G       762M       3.1G       5.7M        50M       319M

MemTotal:        4016004 kB
MemFree:         3235404 kB
Active:           426920 kB
Mem:          3.8G       762M       3.1G       5.7M        50M       319M

MemTotal:        4016004 kB
MemFree:         3235388 kB
Active:           426960 kB
Mem:          3.8G       762M       3.1G       5.7M        50M       319M

MemTotal:        4016004 kB
MemFree:         3235576 kB
Active:           426976 kB
Mem:          3.8G       762M       3.1G       5.7M        50M       319M

MemTotal:        4016004 kB
MemFree:         3235576 kB
Active:           426956 kB
Mem:          3.8G       762M       3.1G       5.7M        50M       319M

MemTotal:        4016004 kB
MemFree:         3235328 kB
Active:           426984 kB
Mem:          3.8G       762M       3.1G       5.7M        50M       319M

MemTotal:        4016004 kB
MemFree:         3235684 kB
Active:           426972 kB
Mem:          3.8G       762M       3.1G       5.7M        50M       319M

MemTotal:        4016004 kB
MemFree:         3235420 kB
Active:           426968 kB
Mem:          3.8G       762M       3.1G       5.7M        50M       319M

MemTotal:        4016004 kB
MemFree:         3235404 kB
Active:           426948 kB
Mem:          3.8G       762M       3.1G       5.7M        50M       319M

MemTotal:        4016004 kB
MemFree:         3235388 kB
Active:           426948 kB
Mem:          3.8G       762M       3.1G       5.7M        50M       319M

MemTotal:        4016004 kB
MemFree:         3235016 kB
Active:           427000 kB
Mem:          3.8G       762M       3.1G       5.7M        50M       319M

MemTotal:        4016004 kB
MemFree:         3235528 kB
Active:           426988 kB
Mem:          3.8G       762M       3.1G       5.7M        50M       319M

MemTotal:        4016004 kB
MemFree:         3235156 kB
Active:           427000 kB
Mem:          3.8G       762M       3.1G       5.7M        50M       319M

MemTotal:        4016004 kB
MemFree:         3235404 kB
Active:           426988 kB
Mem:          3.8G       762M       3.1G       5.7M        50M       319M

MemTotal:        4016004 kB
MemFree:         3235280 kB
Active:           426972 kB
Mem:          3.8G       762M       3.1G       5.7M        50M       319M

MemTotal:        4016004 kB
MemFree:         3235528 kB
Active:           426992 kB
Mem:          3.8G       762M       3.1G       5.7M        50M       319M

MemTotal:        4016004 kB
MemFree:         3235404 kB
Active:           426956 kB
Mem:          3.8G       762M       3.1G       5.7M        50M       319M

MemTotal:        4016004 kB
MemFree:         3235096 kB
Active:           427012 kB
Mem:          3.8G       762M       3.1G       5.7M        50M       319M

MemTotal:        4016004 kB
MemFree:         3235344 kB
Active:           426976 kB
Mem:          3.8G       762M       3.1G       5.7M        50M       319M

MemTotal:        4016004 kB
MemFree:         3235468 kB
Active:           426980 kB
Mem:          3.8G       762M       3.1G       5.7M        50M       319M

MemTotal:        4016004 kB
MemFree:         3234956 kB
Active:           427028 kB
Mem:          3.8G       762M       3.1G       5.7M        50M       319M

MemTotal:        4016004 kB
MemFree:         3234552 kB
Active:           427028 kB
Mem:          3.8G       762M       3.1G       5.7M        50M       319M

MemTotal:        4016004 kB
MemFree:         3234932 kB
Active:           427024 kB
Mem:          3.8G       762M       3.1G       5.7M        50M       319M

MemTotal:        4016004 kB
MemFree:         3235428 kB
Active:           426996 kB
Mem:          3.8G       762M       3.1G       5.7M        50M       319M

MemTotal:        4016004 kB
MemFree:         3235040 kB
Active:           427040 kB
Mem:          3.8G       762M       3.1G       5.7M        50M       319M

MemTotal:        4016004 kB
MemFree:         3235412 kB
Active:           427036 kB
Mem:          3.8G       762M       3.1G       5.7M        50M       319M

MemTotal:        4016004 kB
MemFree:         3235428 kB
Active:           426996 kB
Mem:          3.8G       762M       3.1G       5.7M        50M       319M

MemTotal:        4016004 kB
MemFree:         3235428 kB
Active:           427036 kB
Mem:          3.8G       762M       3.1G       5.7M        50M       319M

MemTotal:        4016004 kB
MemFree:         3235056 kB
Active:           427040 kB
Mem:          3.8G       762M       3.1G       5.7M        50M       319M

MemTotal:        4016004 kB
MemFree:         3232884 kB
Active:           427004 kB
Mem:          3.8G       764M       3.1G       5.7M        50M       319M

MemTotal:        4016004 kB
MemFree:         3233380 kB
Active:           429036 kB
Mem:          3.8G       764M       3.1G       5.7M        50M       319M

MemTotal:        4016004 kB
MemFree:         3233364 kB
Active:           429032 kB
Mem:          3.8G       764M       3.1G       5.7M        50M       319M

MemTotal:        4016004 kB
MemFree:         3233056 kB
Active:           429072 kB
Mem:          3.8G       764M       3.1G       5.7M        50M       319M

MemTotal:        4016004 kB
MemFree:         3233304 kB
Active:           429032 kB
Mem:          3.8G       764M       3.1G       5.7M        50M       319M

MemTotal:        4016004 kB
MemFree:         3233304 kB
Active:           429024 kB
Mem:          3.8G       764M       3.1G       5.7M        50M       319M

MemTotal:        4016004 kB
MemFree:         3233040 kB
Active:           429072 kB
Mem:          3.8G       764M       3.1G       5.7M        50M       319M

MemTotal:        4016004 kB
MemFree:         3233148 kB
Active:           429032 kB
Mem:          3.8G       764M       3.1G       5.7M        50M       319M

MemTotal:        4016004 kB
MemFree:         3233148 kB
Active:           429036 kB
Mem:          3.8G       764M       3.1G       5.7M        50M       319M

MemTotal:        4016004 kB
MemFree:         3232776 kB
Active:           429076 kB
Mem:          3.8G       764M       3.1G       5.7M        50M       319M

MemTotal:        4016004 kB
MemFree:         3233132 kB
Active:           429020 kB
Mem:          3.8G       764M       3.1G       5.7M        50M       319M

MemTotal:        4016004 kB
MemFree:         3233116 kB
Active:           429060 kB
Mem:          3.8G       764M       3.1G       5.7M        50M       319M

MemTotal:        4016004 kB
MemFree:         3233132 kB
Active:           429064 kB
Mem:          3.8G       764M       3.1G       5.7M        50M       319M

MemTotal:        4016004 kB
MemFree:         3232512 kB
Active:           429084 kB
Mem:          3.8G       764M       3.1G       5.7M        50M       319M

MemTotal:        4016004 kB
MemFree:         3233008 kB
Active:           429076 kB
Mem:          3.8G       764M       3.1G       5.7M        50M       319M

MemTotal:        4016004 kB
MemFree:         3233256 kB
Active:           429052 kB
Mem:          3.8G       764M       3.1G       5.7M        50M       319M

MemTotal:        4016004 kB
MemFree:         3233380 kB
Active:           429064 kB
Mem:          3.8G       764M       3.1G       5.7M        50M       319M

MemTotal:        4016004 kB
MemFree:         3232884 kB
Active:           429088 kB
Mem:          3.8G       764M       3.1G       5.7M        50M       319M

MemTotal:        4016004 kB
MemFree:         3232760 kB
Active:           429088 kB
Mem:          3.8G       764M       3.1G       5.7M        50M       319M

MemTotal:        4016004 kB
MemFree:         3233008 kB
Active:           429076 kB
Mem:          3.8G       764M       3.1G       5.7M        50M       319M

MemTotal:        4016004 kB
MemFree:         3230652 kB
Active:           429076 kB
Mem:          3.8G       766M       3.1G       5.7M        50M       319M

MemTotal:        4016004 kB
MemFree:         3231024 kB
Active:           431120 kB
Mem:          3.8G       766M       3.1G       5.7M        50M       319M

MemTotal:        4016004 kB
MemFree:         3231024 kB
Active:           431084 kB
Mem:          3.8G       766M       3.1G       5.7M        50M       319M

MemTotal:        4016004 kB
MemFree:         3231380 kB
Active:           431068 kB
Mem:          3.8G       766M       3.1G       5.7M        50M       319M

MemTotal:        4016004 kB
MemFree:         3231364 kB
Active:           431072 kB
Mem:          3.8G       766M       3.1G       5.7M        50M       319M

MemTotal:        4016004 kB
MemFree:         3230976 kB
Active:           431124 kB
Mem:          3.8G       766M       3.1G       5.7M        50M       319M

MemTotal:        4016004 kB
MemFree:         3231208 kB
Active:           431124 kB
Mem:          3.8G       766M       3.1G       5.7M        50M       319M

MemTotal:        4016004 kB
MemFree:         3230696 kB
Active:           431132 kB
Mem:          3.8G       766M       3.1G       5.7M        50M       319M

MemTotal:        4016004 kB
MemFree:         3230556 kB
Active:           431136 kB
Mem:          3.8G       767M       3.1G       5.7M        50M       319M

MemTotal:        4016004 kB
MemFree:         3230804 kB
Active:           431088 kB
Mem:          3.8G       766M       3.1G       5.7M        50M       319M

MemTotal:        4016004 kB
MemFree:         3230740 kB
Active:           429072 kB
Mem:          3.8G       766M       3.1G       5.7M        50M       319M

MemTotal:        4016004 kB
MemFree:         3231112 kB
Active:           431132 kB
Mem:          3.8G       766M       3.1G       5.7M        50M       319M

MemTotal:        4016004 kB
MemFree:         3230988 kB
Active:           431148 kB
Mem:          3.8G       766M       3.1G       5.7M        50M       319M

MemTotal:        4016004 kB
MemFree:         3231112 kB
Active:           431140 kB
Mem:          3.8G       766M       3.1G       5.7M        50M       319M

MemTotal:        4016004 kB
MemFree:         3230988 kB
Active:           431128 kB
Mem:          3.8G       766M       3.1G       5.7M        50M       319M

MemTotal:        4016004 kB
MemFree:         3231052 kB
Active:           431108 kB
Mem:          3.8G       766M       3.1G       5.7M        50M       319M

MemTotal:        4016004 kB
MemFree:         3231176 kB
Active:           431120 kB
Mem:          3.8G       766M       3.1G       5.7M        50M       319M

MemTotal:        4016004 kB
MemFree:         3231176 kB
Active:           431140 kB
Mem:          3.8G       766M       3.1G       5.7M        50M       319M

MemTotal:        4016004 kB
MemFree:         3231036 kB
Active:           431140 kB
Mem:          3.8G       766M       3.1G       5.7M        50M       319M

MemTotal:        4016004 kB
MemFree:         3230896 kB
Active:           431116 kB
Mem:          3.8G       766M       3.1G       5.7M        50M       319M

MemTotal:        4016004 kB
MemFree:         3231020 kB
Active:           431128 kB
Mem:          3.8G       766M       3.1G       5.7M        50M       319M

MemTotal:        4016004 kB
MemFree:         3230756 kB
Active:           431120 kB
Mem:          3.8G       766M       3.1G       5.7M        50M       319M

MemTotal:        4016004 kB
MemFree:         3230988 kB
Active:           431128 kB
Mem:          3.8G       766M       3.1G       5.7M        50M       319M

MemTotal:        4016004 kB
MemFree:         3230988 kB
Active:           431132 kB
Mem:          3.8G       766M       3.1G       5.7M        50M       319M

MemTotal:        4016004 kB
MemFree:         3230864 kB
Active:           431124 kB
Mem:          3.8G       766M       3.1G       5.7M        50M       319M

MemTotal:        4016004 kB
MemFree:         3230988 kB
Active:           431120 kB
Mem:          3.8G       766M       3.1G       5.7M        50M       319M

MemTotal:        4016004 kB
MemFree:         3230616 kB
Active:           431176 kB
Mem:          3.8G       766M       3.1G       5.7M        50M       319M

MemTotal:        4016004 kB
MemFree:         3230988 kB
Active:           431132 kB
Mem:          3.8G       766M       3.1G       5.7M        50M       319M

MemTotal:        4016004 kB
MemFree:         3230872 kB
Active:           431144 kB
Mem:          3.8G       766M       3.1G       5.7M        50M       319M

MemTotal:        4016004 kB
MemFree:         3221640 kB
Active:           439224 kB
Mem:          3.8G       775M       3.1G       5.7M        57M       319M

MemTotal:        4016004 kB
MemFree:         3221680 kB
Active:           436896 kB
Mem:          3.8G       775M       3.1G       5.7M        57M       319M

MemTotal:        4016004 kB
MemFree:         3221308 kB
Active:           439000 kB
Mem:          3.8G       776M       3.1G       5.7M        57M       319M

MemTotal:        4016004 kB
MemFree:         3221564 kB
Active:           438996 kB
Mem:          3.8G       776M       3.1G       5.7M        57M       319M

MemTotal:        4016004 kB
MemFree:         3221176 kB
Active:           439004 kB
Mem:          3.8G       775M       3.1G       5.7M        57M       319M

MemTotal:        4016004 kB
MemFree:         3221300 kB
Active:           439008 kB
Mem:          3.8G       776M       3.1G       5.7M        57M       319M

MemTotal:        4016004 kB
MemFree:         3221672 kB
Active:           438968 kB
Mem:          3.8G       775M       3.1G       5.7M        57M       319M

MemTotal:        4016004 kB
MemFree:         3221268 kB
Active:           439016 kB
Mem:          3.8G       776M       3.1G       5.7M        57M       319M

MemTotal:        4016004 kB
MemFree:         3221500 kB
Active:           438964 kB
Mem:          3.8G       775M       3.1G       5.7M        57M       319M

MemTotal:        4016004 kB
MemFree:         3221392 kB
Active:           439016 kB
Mem:          3.8G       776M       3.1G       5.7M        57M       319M

MemTotal:        4016004 kB
MemFree:         3221764 kB
Active:           439008 kB
Mem:          3.8G       775M       3.1G       5.7M        57M       319M

MemTotal:        4016004 kB
MemFree:         3221204 kB
Active:           436968 kB
Mem:          3.8G       776M       3.1G       5.7M        57M       319M

MemTotal:        4016004 kB
MemFree:         3221452 kB
Active:           438968 kB
Mem:          3.8G       775M       3.1G       5.7M        57M       319M

MemTotal:        4016004 kB
MemFree:         3221328 kB
Active:           439000 kB
Mem:          3.8G       776M       3.1G       5.7M        57M       319M

MemTotal:        4016004 kB
MemFree:         3221328 kB
Active:           438980 kB
Mem:          3.8G       776M       3.1G       5.7M        57M       319M

MemTotal:        4016004 kB
MemFree:         3221360 kB
Active:           439020 kB
Mem:          3.8G       775M       3.1G       5.7M        57M       319M

MemTotal:        4016004 kB
MemFree:         3221732 kB
Active:           439016 kB
Mem:          3.8G       775M       3.1G       5.7M        57M       319M

MemTotal:        4016004 kB
MemFree:         3221856 kB
Active:           439008 kB
Mem:          3.8G       775M       3.1G       5.7M        57M       319M

MemTotal:        4016004 kB
MemFree:         3220864 kB
Active:           439028 kB
Mem:          3.8G       776M       3.1G       5.7M        57M       319M

MemTotal:        4016004 kB
MemFree:         3221468 kB
Active:           438976 kB
Mem:          3.8G       776M       3.1G       5.7M        57M       319M

MemTotal:        4016004 kB
MemFree:         3220852 kB
Active:           437100 kB
Mem:          3.8G       776M       3.1G       5.7M        57M       319M

MemTotal:        4016004 kB
MemFree:         3221140 kB
Active:           439040 kB
Mem:          3.8G       775M       3.1G       5.7M        57M       319M

MemTotal:        4016004 kB
MemFree:         3221744 kB
Active:           439020 kB
Mem:          3.8G       775M       3.1G       5.7M        57M       319M

MemTotal:        4016004 kB
MemFree:         3222116 kB
Active:           439020 kB
Mem:          3.8G       775M       3.1G       5.7M        57M       319M

MemTotal:        4016004 kB
MemFree:         3221744 kB
Active:           439040 kB
Mem:          3.8G       775M       3.1G       5.7M        57M       319M

MemTotal:        4016004 kB
MemFree:         3221620 kB
Active:           439040 kB
Mem:          3.8G       775M       3.1G       5.7M        57M       319M

MemTotal:        4016004 kB
MemFree:         3221480 kB
Active:           439024 kB
Mem:          3.8G       775M       3.1G       5.7M        57M       319M

MemTotal:        4016004 kB
MemFree:         3221572 kB
Active:           439040 kB
Mem:          3.8G       775M       3.1G       5.7M        57M       319M

MemTotal:        4016004 kB
MemFree:         3221620 kB
Active:           439028 kB
Mem:          3.8G       775M       3.1G       5.7M        57M       319M

MemTotal:        4016004 kB
MemFree:         3221668 kB
Active:           439048 kB
Mem:          3.8G       775M       3.1G       5.7M        57M       319M

MemTotal:        4016004 kB
MemFree:         3221544 kB
Active:           439004 kB
Mem:          3.8G       775M       3.1G       5.7M        57M       319M

MemTotal:        4016004 kB
MemFree:         3221916 kB
Active:           439012 kB
Mem:          3.8G       775M       3.1G       5.7M        57M       319M

MemTotal:        4016004 kB
MemFree:         3221792 kB
Active:           439056 kB
Mem:          3.8G       775M       3.1G       5.7M        57M       319M

MemTotal:        4016004 kB
MemFree:         3221156 kB
Active:           439072 kB
Mem:          3.8G       776M       3.1G       5.7M        57M       319M

MemTotal:        4016004 kB
MemFree:         3221404 kB
Active:           439056 kB
Mem:          3.8G       775M       3.1G       5.7M        57M       319M

MemTotal:        4016004 kB
MemFree:         3221632 kB
Active:           439072 kB
Mem:          3.8G       775M       3.1G       5.7M        57M       319M

MemTotal:        4016004 kB
MemFree:         3221524 kB
Active:           439084 kB
Mem:          3.8G       775M       3.1G       5.7M        57M       319M

MemTotal:        4016004 kB
MemFree:         3221028 kB
Active:           439088 kB
Mem:          3.8G       776M       3.1G       5.7M        57M       319M

MemTotal:        4016004 kB
MemFree:         3221524 kB
Active:           439072 kB
Mem:          3.8G       775M       3.1G       5.7M        57M       319M

MemTotal:        4016004 kB
MemFree:         3221896 kB
Active:           439084 kB
Mem:          3.8G       775M       3.1G       5.7M        57M       319M

MemTotal:        4016004 kB
MemFree:         3221352 kB
Active:           437048 kB
Mem:          3.8G       775M       3.1G       5.7M        57M       319M

MemTotal:        4016004 kB
MemFree:         3221848 kB
Active:           439076 kB
Mem:          3.8G       775M       3.1G       5.7M        57M       319M

MemTotal:        4016004 kB
MemFree:         3221848 kB
Active:           439072 kB
Mem:          3.8G       775M       3.1G       5.7M        57M       319M

MemTotal:        4016004 kB
MemFree:         3221848 kB
Active:           439076 kB
Mem:          3.8G       775M       3.1G       5.7M        57M       319M

MemTotal:        4016004 kB
MemFree:         3221616 kB
Active:           439112 kB
Mem:          3.8G       775M       3.1G       5.7M        57M       319M

MemTotal:        4016004 kB
MemFree:         3221864 kB
Active:           439080 kB
Mem:          3.8G       775M       3.1G       5.7M        57M       319M

MemTotal:        4016004 kB
MemFree:         3221368 kB
Active:           439112 kB
Mem:          3.8G       775M       3.1G       5.7M        57M       319M

MemTotal:        4016004 kB
MemFree:         3221864 kB
Active:           439068 kB
Mem:          3.8G       775M       3.1G       5.7M        57M       319M

MemTotal:        4016004 kB
MemFree:         3221356 kB
Active:           439120 kB
Mem:          3.8G       776M       3.1G       5.7M        57M       319M

MemTotal:        4016004 kB
MemFree:         3221976 kB
Active:           439084 kB
Mem:          3.8G       775M       3.1G       5.7M        57M       319M

MemTotal:        4016004 kB
MemFree:         3221352 kB
Active:           437072 kB
Mem:          3.8G       775M       3.1G       5.7M        57M       319M

MemTotal:        4016004 kB
MemFree:         3221972 kB
Active:           439104 kB
Mem:          3.8G       775M       3.1G       5.7M        57M       319M

MemTotal:        4016004 kB
MemFree:         3221864 kB
Active:           439100 kB
Mem:          3.8G       775M       3.1G       5.7M        57M       319M

MemTotal:        4016004 kB
MemFree:         3221740 kB
Active:           439120 kB
Mem:          3.8G       775M       3.1G       5.7M        57M       319M

MemTotal:        4016004 kB
MemFree:         3222112 kB
Active:           439068 kB
Mem:          3.8G       775M       3.1G       5.7M        57M       319M

MemTotal:        4016004 kB
MemFree:         3222112 kB
Active:           439076 kB
Mem:          3.8G       775M       3.1G       5.7M        57M       319M

MemTotal:        4016004 kB
MemFree:         3221864 kB
Active:           439128 kB
Mem:          3.8G       775M       3.1G       5.7M        57M       319M

MemTotal:        4016004 kB
MemFree:         3221740 kB
Active:           439128 kB
Mem:          3.8G       775M       3.1G       5.7M        57M       319M

MemTotal:        4016004 kB
MemFree:         3221740 kB
Active:           439128 kB
Mem:          3.8G       775M       3.1G       5.7M        57M       319M

MemTotal:        4016004 kB
MemFree:         3222112 kB
Active:           439096 kB
Mem:          3.8G       775M       3.1G       5.7M        57M       319M

MemTotal:        4016004 kB
MemFree:         3221104 kB
Active:           437088 kB
Mem:          3.8G       775M       3.1G       5.7M        57M       319M

MemTotal:        4016004 kB
MemFree:         3221724 kB
Active:           439116 kB
Mem:          3.8G       775M       3.1G       5.7M        57M       319M

MemTotal:        4016004 kB
MemFree:         3221600 kB
Active:           439016 kB
Mem:          3.8G       775M       3.1G       5.7M        57M       319M

MemTotal:        4016004 kB
MemFree:         3222112 kB
Active:           438932 kB
Mem:          3.8G       775M       3.1G       5.7M        57M       319M

MemTotal:        4016004 kB
MemFree:         3221996 kB
Active:           438968 kB
Mem:          3.8G       775M       3.1G       5.7M        57M       319M

MemTotal:        4016004 kB
MemFree:         3221748 kB
Active:           438968 kB
Mem:          3.8G       775M       3.1G       5.7M        57M       319M

MemTotal:        4016004 kB
MemFree:         3221872 kB
Active:           438956 kB
Mem:          3.8G       775M       3.1G       5.7M        57M       319M

MemTotal:        4016004 kB
MemFree:         3221856 kB
Active:           438968 kB
Mem:          3.8G       775M       3.1G       5.7M        57M       319M

MemTotal:        4016004 kB
MemFree:         3221980 kB
Active:           438980 kB
Mem:          3.8G       775M       3.1G       5.7M        57M       319M

MemTotal:        4016004 kB
MemFree:         3221980 kB
Active:           438932 kB
Mem:          3.8G       775M       3.1G       5.7M        57M       319M

MemTotal:        4016004 kB
MemFree:         3221468 kB
Active:           436932 kB
Mem:          3.8G       775M       3.1G       5.7M        57M       319M

MemTotal:        4016004 kB
MemFree:         3221468 kB
Active:           438984 kB
Mem:          3.8G       775M       3.1G       5.7M        57M       319M

MemTotal:        4016004 kB
MemFree:         3221964 kB
Active:           438940 kB
Mem:          3.8G       775M       3.1G       5.7M        57M       319M

MemTotal:        4016004 kB
MemFree:         3221964 kB
Active:           438984 kB
Mem:          3.8G       775M       3.1G       5.7M        57M       319M

MemTotal:        4016004 kB
MemFree:         3221872 kB
Active:           438992 kB
Mem:          3.8G       775M       3.1G       5.7M        57M       319M

MemTotal:        4016004 kB
MemFree:         3221748 kB
Active:           438992 kB
Mem:          3.8G       775M       3.1G       5.7M        57M       319M

MemTotal:        4016004 kB
MemFree:         3221748 kB
Active:           438940 kB
Mem:          3.8G       775M       3.1G       5.7M        57M       319M

MemTotal:        4016004 kB
MemFree:         3221872 kB
Active:           438948 kB
Mem:          3.8G       775M       3.1G       5.7M        57M       319M

MemTotal:        4016004 kB
MemFree:         3221500 kB
Active:           438992 kB
Mem:          3.8G       775M       3.1G       5.7M        57M       319M

MemTotal:        4016004 kB
MemFree:         3221980 kB
Active:           438944 kB
Mem:          3.8G       775M       3.1G       5.7M        57M       319M

MemTotal:        4016004 kB
MemFree:         3222104 kB
Active:           438936 kB
Mem:          3.8G       775M       3.1G       5.7M        58M       319M

MemTotal:        4016004 kB
MemFree:         3222112 kB
Active:           439004 kB
Mem:          3.8G       775M       3.1G       5.7M        58M       319M

MemTotal:        4016004 kB
MemFree:         3222236 kB
Active:           438976 kB
Mem:          3.8G       775M       3.1G       5.7M        58M       319M

MemTotal:        4016004 kB
MemFree:         3222360 kB
Active:           438972 kB
Mem:          3.8G       775M       3.1G       5.7M        58M       319M

MemTotal:        4016004 kB
MemFree:         3222236 kB
Active:           438960 kB
Mem:          3.8G       775M       3.1G       5.7M        58M       319M

MemTotal:        4016004 kB
MemFree:         3221988 kB
Active:           439016 kB
Mem:          3.8G       775M       3.1G       5.7M        58M       319M

MemTotal:        4016004 kB
MemFree:         3222344 kB
Active:           438992 kB
Mem:          3.8G       775M       3.1G       5.7M        58M       319M

MemTotal:        4016004 kB
MemFree:         3222344 kB
Active:           439008 kB
Mem:          3.8G       775M       3.1G       5.7M        58M       319M

MemTotal:        4016004 kB
MemFree:         3221864 kB
Active:           439016 kB
Mem:          3.8G       775M       3.1G       5.7M        58M       319M

MemTotal:        4016004 kB
MemFree:         3220064 kB
Active:           439004 kB
Mem:          3.8G       777M       3.1G       5.7M        58M       319M

MemTotal:        4016004 kB
MemFree:         3220064 kB
Active:           440996 kB
Mem:          3.8G       777M       3.1G       5.7M        58M       319M

MemTotal:        4016004 kB
MemFree:         3219940 kB
Active:           441048 kB
Mem:          3.8G       777M       3.1G       5.7M        58M       319M

MemTotal:        4016004 kB
MemFree:         3220312 kB
Active:           440996 kB
Mem:          3.8G       777M       3.1G       5.7M        58M       319M

MemTotal:        4016004 kB
MemFree:         3220188 kB
Active:           441048 kB
Mem:          3.8G       777M       3.1G       5.7M        58M       319M

MemTotal:        4016004 kB
MemFree:         3220172 kB
Active:           441028 kB
Mem:          3.8G       777M       3.1G       5.7M        58M       319M

MemTotal:        4016004 kB
MemFree:         3220188 kB
Active:           441048 kB
Mem:          3.8G       777M       3.1G       5.7M        58M       319M

MemTotal:        4016004 kB
MemFree:         3219444 kB
Active:           441072 kB
Mem:          3.8G       777M       3.1G       5.7M        58M       319M

MemTotal:        4016004 kB
MemFree:         3219692 kB
Active:           441068 kB
Mem:          3.8G       777M       3.1G       5.7M        58M       319M

MemTotal:        4016004 kB
MemFree:         3219692 kB
Active:           441016 kB
Mem:          3.8G       777M       3.1G       5.7M        58M       319M

MemTotal:        4016004 kB
MemFree:         3220064 kB
Active:           441048 kB
Mem:          3.8G       777M       3.1G       5.7M        58M       319M

MemTotal:        4016004 kB
MemFree:         3220064 kB
Active:           441056 kB
Mem:          3.8G       777M       3.1G       5.7M        58M       319M

MemTotal:        4016004 kB
MemFree:         3220064 kB
Active:           441028 kB
Mem:          3.8G       777M       3.1G       5.7M        58M       319M

MemTotal:        4016004 kB
MemFree:         3220188 kB
Active:           441048 kB
Mem:          3.8G       777M       3.1G       5.7M        58M       319M

MemTotal:        4016004 kB
MemFree:         3219816 kB
Active:           441068 kB
Mem:          3.8G       777M       3.1G       5.7M        58M       319M

MemTotal:        4016004 kB
MemFree:         3220064 kB
Active:           441076 kB
Mem:          3.8G       777M       3.1G       5.7M        58M       319M

MemTotal:        4016004 kB
MemFree:         3219940 kB
Active:           441056 kB
Mem:          3.8G       777M       3.1G       5.7M        58M       319M

MemTotal:        4016004 kB
MemFree:         3219816 kB
Active:           441080 kB
Mem:          3.8G       777M       3.1G       5.7M        58M       319M

MemTotal:        4016004 kB
MemFree:         3220064 kB
Active:           441028 kB
Mem:          3.8G       777M       3.1G       5.7M        58M       319M

MemTotal:        4016004 kB
MemFree:         3220064 kB
Active:           441040 kB
Mem:          3.8G       777M       3.1G       5.7M        58M       319M

MemTotal:        4016004 kB
MemFree:         3218996 kB
Active:           439100 kB
Mem:          3.8G       777M       3.1G       5.7M        58M       319M

MemTotal:        4016004 kB
MemFree:         3219740 kB
Active:           441124 kB
Mem:          3.8G       777M       3.1G       5.7M        58M       319M

MemTotal:        4016004 kB
MemFree:         3219740 kB
Active:           441144 kB
Mem:          3.8G       777M       3.1G       5.7M        58M       319M

MemTotal:        4016004 kB
MemFree:         3219740 kB
Active:           441104 kB
Mem:          3.8G       777M       3.1G       5.7M        58M       319M

MemTotal:        4016004 kB
MemFree:         3219368 kB
Active:           441160 kB
Mem:          3.8G       777M       3.1G       5.7M        58M       319M

MemTotal:        4016004 kB
MemFree:         3219616 kB
Active:           441156 kB
Mem:          3.8G       777M       3.1G       5.7M        58M       319M

MemTotal:        4016004 kB
MemFree:         3219988 kB
Active:           441112 kB
Mem:          3.8G       777M       3.1G       5.7M        58M       319M

MemTotal:        4016004 kB
MemFree:         3219864 kB
Active:           441168 kB
Mem:          3.8G       777M       3.1G       5.7M        58M       319M

MemTotal:        4016004 kB
MemFree:         3220236 kB
Active:           441128 kB
Mem:          3.8G       777M       3.1G       5.7M        58M       319M

MemTotal:        4016004 kB
MemFree:         3219616 kB
Active:           441180 kB
Mem:          3.8G       777M       3.1G       5.7M        58M       319M

MemTotal:        4016004 kB
MemFree:         3219364 kB
Active:           439236 kB
Mem:          3.8G       777M       3.1G       5.7M        58M       319M

MemTotal:        4016004 kB
MemFree:         3219984 kB
Active:           441276 kB
Mem:          3.8G       777M       3.1G       5.7M        58M       319M

MemTotal:        4016004 kB
MemFree:         3219736 kB
Active:           441228 kB
Mem:          3.8G       778M       3.1G       5.7M        58M       319M

MemTotal:        4016004 kB
MemFree:         3218992 kB
Active:           441284 kB
Mem:          3.8G       778M       3.1G       5.7M        58M       319M

MemTotal:        4016004 kB
MemFree:         3219488 kB
Active:           441244 kB
Mem:          3.8G       778M       3.1G       5.7M        58M       319M

MemTotal:        4016004 kB
MemFree:         3219860 kB
Active:           441244 kB
Mem:          3.8G       777M       3.1G       5.7M        58M       319M

MemTotal:        4016004 kB
MemFree:         3219860 kB
Active:           441252 kB
Mem:          3.8G       777M       3.1G       5.7M        58M       319M

MemTotal:        4016004 kB
MemFree:         3219860 kB
Active:           441264 kB
Mem:          3.8G       777M       3.1G       5.7M        58M       319M

MemTotal:        4016004 kB
MemFree:         3219860 kB
Active:           441276 kB
Mem:          3.8G       777M       3.1G       5.7M        58M       319M

MemTotal:        4016004 kB
MemFree:         3219860 kB
Active:           441272 kB
Mem:          3.8G       777M       3.1G       5.7M        58M       319M

MemTotal:        4016004 kB
MemFree:         3219488 kB
Active:           441296 kB
Mem:          3.8G       777M       3.1G       5.7M        58M       319M

MemTotal:        4016004 kB
MemFree:         3219240 kB
Active:           441304 kB
Mem:          3.8G       778M       3.1G       5.7M        58M       319M

MemTotal:        4016004 kB
MemFree:         3219488 kB
Active:           441252 kB
Mem:          3.8G       778M       3.1G       5.7M        58M       319M

MemTotal:        4016004 kB
MemFree:         3219612 kB
Active:           441296 kB
Mem:          3.8G       777M       3.1G       5.7M        58M       319M

MemTotal:        4016004 kB
MemFree:         3219364 kB
Active:           441308 kB
Mem:          3.8G       777M       3.1G       5.7M        58M       319M

MemTotal:        4016004 kB
MemFree:         3219612 kB
Active:           441288 kB
Mem:          3.8G       777M       3.1G       5.7M        58M       319M

MemTotal:        4016004 kB
MemFree:         3219240 kB
Active:           441312 kB
Mem:          3.8G       778M       3.1G       5.7M        58M       319M

MemTotal:        4016004 kB
MemFree:         3219612 kB
Active:           441308 kB
Mem:          3.8G       777M       3.1G       5.7M        58M       319M

MemTotal:        4016004 kB
MemFree:         3219488 kB
Active:           441288 kB
Mem:          3.8G       777M       3.1G       5.7M        58M       319M

MemTotal:        4016004 kB
MemFree:         3219612 kB
Active:           441292 kB
Mem:          3.8G       777M       3.1G       5.7M        58M       319M

MemTotal:        4016004 kB
MemFree:         3219860 kB
Active:           441312 kB
Mem:          3.8G       777M       3.1G       5.7M        58M       319M

MemTotal:        4016004 kB
MemFree:         3220000 kB
Active:           441260 kB
Mem:          3.8G       777M       3.1G       5.7M        58M       319M

MemTotal:        4016004 kB
MemFree:         3219504 kB
Active:           441320 kB
Mem:          3.8G       777M       3.1G       5.7M        58M       319M

MemTotal:        4016004 kB
MemFree:         3219256 kB
Active:           441320 kB
Mem:          3.8G       777M       3.1G       5.7M        58M       319M

MemTotal:        4016004 kB
MemFree:         3219504 kB
Active:           441304 kB
Mem:          3.8G       777M       3.1G       5.7M        58M       319M

MemTotal:        4016004 kB
MemFree:         3219628 kB
Active:           441324 kB
Mem:          3.8G       777M       3.1G       5.7M        58M       319M

MemTotal:        4016004 kB
MemFree:         3219504 kB
Active:           441324 kB
Mem:          3.8G       777M       3.1G       5.7M        58M       319M

MemTotal:        4016004 kB
MemFree:         3219132 kB
Active:           441332 kB
Mem:          3.8G       778M       3.1G       5.7M        58M       319M

MemTotal:        4016004 kB
MemFree:         3219132 kB
Active:           441340 kB
Mem:          3.8G       778M       3.1G       5.7M        58M       319M

MemTotal:        4016004 kB
MemFree:         3219132 kB
Active:           441340 kB
Mem:          3.8G       777M       3.1G       5.7M        58M       319M

MemTotal:        4016004 kB
MemFree:         3219628 kB
Active:           441344 kB
Mem:          3.8G       777M       3.1G       5.7M        58M       319M

MemTotal:        4016004 kB
MemFree:         3219876 kB
Active:           441296 kB
Mem:          3.8G       777M       3.1G       5.7M        58M       319M

MemTotal:        4016004 kB
MemFree:         3220000 kB
Active:           441340 kB
Mem:          3.8G       777M       3.1G       5.7M        58M       319M

MemTotal:        4016004 kB
MemFree:         3219876 kB
Active:           441336 kB
Mem:          3.8G       777M       3.1G       5.7M        58M       319M

MemTotal:        4016004 kB
MemFree:         3219380 kB
Active:           441356 kB
Mem:          3.8G       777M       3.1G       5.7M        58M       319M

MemTotal:        4016004 kB
MemFree:         3219876 kB
Active:           441336 kB
Mem:          3.8G       777M       3.1G       5.7M        58M       319M

MemTotal:        4016004 kB
MemFree:         3219752 kB
Active:           441340 kB
Mem:          3.8G       777M       3.1G       5.7M        58M       319M

MemTotal:        4016004 kB
MemFree:         3219380 kB
Active:           441356 kB
Mem:          3.8G       778M       3.1G       5.7M        58M       319M

MemTotal:        4016004 kB
MemFree:         3219628 kB
Active:           441356 kB
Mem:          3.8G       777M       3.1G       5.7M        58M       319M

MemTotal:        4016004 kB
MemFree:         3219684 kB
Active:           439376 kB
Mem:          3.8G       777M       3.1G       5.7M        58M       319M

MemTotal:        4016004 kB
MemFree:         3219812 kB
Active:           439276 kB
Mem:          3.8G       777M       3.1G       5.7M        58M       319M

MemTotal:        4016004 kB
MemFree:         3219316 kB
Active:           441364 kB
Mem:          3.8G       778M       3.1G       5.7M        58M       319M

MemTotal:        4016004 kB
MemFree:         3219564 kB
Active:           441320 kB
Mem:          3.8G       777M       3.1G       5.7M        58M       319M

MemTotal:        4016004 kB
MemFree:         3219640 kB
Active:           441328 kB
Mem:          3.8G       777M       3.1G       5.7M        58M       319M

MemTotal:        4016004 kB
MemFree:         3219316 kB
Active:           441372 kB
Mem:          3.8G       777M       3.1G       5.7M        58M       319M

MemTotal:        4016004 kB
MemFree:         3219688 kB
Active:           441324 kB
Mem:          3.8G       777M       3.1G       5.7M        58M       319M

MemTotal:        4016004 kB
MemFree:         3219812 kB
Active:           441344 kB
Mem:          3.8G       777M       3.1G       5.7M        58M       319M

MemTotal:        4016004 kB
MemFree:         3219316 kB
Active:           441388 kB
Mem:          3.8G       777M       3.1G       5.7M        58M       319M

MemTotal:        4016004 kB
MemFree:         3219688 kB
Active:           441344 kB
Mem:          3.8G       777M       3.1G       5.7M        58M       319M

MemTotal:        4016004 kB
MemFree:         3219440 kB
Active:           441388 kB
Mem:          3.8G       777M       3.1G       5.7M        58M       319M

MemTotal:        4016004 kB
MemFree:         3219688 kB
Active:           441340 kB
Mem:          3.8G       777M       3.1G       5.7M        58M       319M

MemTotal:        4016004 kB
MemFree:         3219688 kB
Active:           441332 kB
Mem:          3.8G       777M       3.1G       5.7M        58M       319M

MemTotal:        4016004 kB
MemFree:         3219316 kB
Active:           441388 kB
Mem:          3.8G       778M       3.1G       5.7M        58M       319M

MemTotal:        4016004 kB
MemFree:         3219316 kB
Active:           441348 kB
Mem:          3.8G       778M       3.1G       5.7M        58M       319M

MemTotal:        4016004 kB
MemFree:         3219440 kB
Active:           441352 kB
Mem:          3.8G       777M       3.1G       5.7M        58M       319M

MemTotal:        4016004 kB
MemFree:         3220060 kB
Active:           441360 kB
Mem:          3.8G       777M       3.1G       5.7M        58M       319M

MemTotal:        4016004 kB
MemFree:         3219564 kB
Active:           441388 kB
Mem:          3.8G       777M       3.1G       5.7M        58M       319M

MemTotal:        4016004 kB
MemFree:         3219440 kB
Active:           441388 kB
Mem:          3.8G       777M       3.1G       5.7M        58M       319M

MemTotal:        4016004 kB
MemFree:         3219564 kB
Active:           441392 kB
Mem:          3.8G       777M       3.1G       5.7M        58M       319M

MemTotal:        4016004 kB
MemFree:         3219672 kB
Active:           441408 kB
Mem:          3.8G       777M       3.1G       5.7M        58M       319M

MemTotal:        4016004 kB
MemFree:         3219780 kB
Active:           441352 kB
Mem:          3.8G       777M       3.1G       5.7M        58M       319M

MemTotal:        4016004 kB
MemFree:         3219656 kB
Active:           441360 kB
Mem:          3.8G       777M       3.1G       5.7M        58M       319M

MemTotal:        4016004 kB
MemFree:         3219284 kB
Active:           441412 kB
Mem:          3.8G       777M       3.1G       5.7M        58M       319M

MemTotal:        4016004 kB
MemFree:         3219656 kB
Active:           441400 kB
Mem:          3.8G       777M       3.1G       5.7M        58M       319M

MemTotal:        4016004 kB
MemFree:         3219656 kB
Active:           441420 kB
Mem:          3.8G       777M       3.1G       5.7M        58M       319M

MemTotal:        4016004 kB
MemFree:         3219160 kB
Active:           441420 kB
Mem:          3.8G       777M       3.1G       5.7M        58M       319M

MemTotal:        4016004 kB
MemFree:         3219160 kB
Active:           441420 kB
Mem:          3.8G       778M       3.1G       5.7M        58M       319M

MemTotal:        4016004 kB
MemFree:         3219160 kB
Active:           441420 kB
Mem:          3.8G       777M       3.1G       5.7M        58M       319M

MemTotal:        4016004 kB
MemFree:         3219160 kB
Active:           441420 kB
Mem:          3.8G       778M       3.1G       5.7M        58M       319M

MemTotal:        4016004 kB
MemFree:         3219280 kB
Active:           439360 kB
Mem:          3.8G       777M       3.1G       5.7M        58M       319M

MemTotal:        4016004 kB
MemFree:         3176744 kB
Active:           441660 kB
Mem:          3.8G       820M       3.0G       5.7M        58M       361M

MemTotal:        4016004 kB
MemFree:         3131436 kB
Active:           441660 kB
Mem:          3.8G       864M       3.0G       5.7M        58M       405M

MemTotal:        4016004 kB
MemFree:         3086468 kB
Active:           441644 kB
Mem:          3.8G       908M       2.9G       5.7M        58M       448M

MemTotal:        4016004 kB
MemFree:         3041112 kB
Active:           441656 kB
Mem:          3.8G       953M       2.9G       5.7M        58M       491M

MemTotal:        4016004 kB
MemFree:         2996540 kB
Active:           441668 kB
Mem:          3.8G       996M       2.9G       5.7M        58M       534M

MemTotal:        4016004 kB
MemFree:         2951388 kB
Active:           441652 kB
Mem:          3.8G       1.0G       2.8G       5.7M        58M       577M

MemTotal:        4016004 kB
MemFree:         2905288 kB
Active:           441676 kB
Mem:          3.8G       1.1G       2.8G       5.7M        58M       622M

MemTotal:        4016004 kB
MemFree:         2860412 kB
Active:           441676 kB
Mem:          3.8G       1.1G       2.7G       5.7M        58M       664M

MemTotal:        4016004 kB
MemFree:         2813816 kB
Active:           441676 kB
Mem:          3.8G       1.1G       2.7G       5.7M        58M       709M

MemTotal:        4016004 kB
MemFree:         2803008 kB
Active:           441664 kB
Mem:          3.8G       1.2G       2.7G       5.7M        58M       718M

MemTotal:        4016004 kB
MemFree:         2798480 kB
Active:           443752 kB
Mem:          3.8G       1.2G       2.7G       5.7M        58M       722M

MemTotal:        4016004 kB
MemFree:         2762840 kB
Active:           443776 kB
Mem:          3.8G       1.2G       2.6G       5.7M        58M       756M

MemTotal:        4016004 kB
MemFree:         2717488 kB
Active:           443764 kB
Mem:          3.8G       1.2G       2.6G       5.7M        58M       800M

MemTotal:        4016004 kB
MemFree:         2673064 kB
Active:           443736 kB
Mem:          3.8G       1.3G       2.5G       5.7M        58M       843M

MemTotal:        4016004 kB
MemFree:         2628808 kB
Active:           443780 kB
Mem:          3.8G       1.3G       2.5G       5.7M        58M       886M

MemTotal:        4016004 kB
MemFree:         2584072 kB
Active:           443740 kB
Mem:          3.8G       1.4G       2.5G       5.7M        58M       929M

MemTotal:        4016004 kB
MemFree:         2540080 kB
Active:           443752 kB
Mem:          3.8G       1.4G       2.4G       5.7M        58M       971M

MemTotal:        4016004 kB
MemFree:         2493980 kB
Active:           443792 kB
Mem:          3.8G       1.5G       2.4G       5.7M        58M       1.0G

MemTotal:        4016004 kB
MemFree:         2449616 kB
Active:           443764 kB
Mem:          3.8G       1.5G       2.3G       5.7M        58M       1.0G

MemTotal:        4016004 kB
MemFree:         2446436 kB
Active:           443808 kB
Mem:          3.8G       1.5G       2.3G       5.7M        58M       1.0G

MemTotal:        4016004 kB
MemFree:         2402416 kB
Active:           443820 kB
Mem:          3.8G       1.5G       2.3G       5.7M        58M       1.1G

MemTotal:        4016004 kB
MemFree:         2355820 kB
Active:           443828 kB
Mem:          3.8G       1.6G       2.2G       5.7M        58M       1.1G

MemTotal:        4016004 kB
MemFree:         2344576 kB
Active:           443828 kB
Mem:          3.8G       1.6G       2.2G       5.7M        58M       1.1G

MemTotal:        4016004 kB
MemFree:         2311424 kB
Active:           443832 kB
Mem:          3.8G       1.6G       2.2G       5.7M        58M       1.2G

MemTotal:        4016004 kB
MemFree:         2265260 kB
Active:           443840 kB
Mem:          3.8G       1.7G       2.2G       5.7M        58M       1.2G

MemTotal:        4016004 kB
MemFree:         2220448 kB
Active:           443836 kB
Mem:          3.8G       1.7G       2.1G       5.7M        58M       1.2G

MemTotal:        4016004 kB
MemFree:         2177236 kB
Active:           443840 kB
Mem:          3.8G       1.8G       2.1G       5.7M        58M       1.3G

MemTotal:        4016004 kB
MemFree:         2131756 kB
Active:           443848 kB
Mem:          3.8G       1.8G       2.0G       5.7M        58M       1.3G

MemTotal:        4016004 kB
MemFree:         2086648 kB
Active:           443852 kB
Mem:          3.8G       1.8G       2.0G       5.7M        58M       1.4G

MemTotal:        4016004 kB
MemFree:         2039416 kB
Active:           443852 kB
Mem:          3.8G       1.9G       1.9G       5.7M        58M       1.4G

MemTotal:        4016004 kB
MemFree:         1995548 kB
Active:           443860 kB
Mem:          3.8G       1.9G       1.9G       5.7M        58M       1.5G

MemTotal:        4016004 kB
MemFree:         1949940 kB
Active:           443904 kB
Mem:          3.8G       2.0G       1.9G       5.7M        58M       1.5G

MemTotal:        4016004 kB
MemFree:         1906944 kB
Active:           443864 kB
Mem:          3.8G       2.0G       1.8G       5.7M        58M       1.5G

MemTotal:        4016004 kB
MemFree:         1892776 kB
Active:           443860 kB
Mem:          3.8G       2.0G       1.8G       5.7M        58M       1.6G

MemTotal:        4016004 kB
MemFree:         1890868 kB
Active:           443896 kB
Mem:          3.8G       2.0G       1.8G       5.7M        58M       1.6G

MemTotal:        4016004 kB
MemFree:         1889704 kB
Active:           443932 kB
Mem:          3.8G       2.0G       1.8G       5.7M        58M       1.6G

MemTotal:        4016004 kB
MemFree:         1855284 kB
Active:           443916 kB
Mem:          3.8G       2.1G       1.8G       5.7M        58M       1.6G

MemTotal:        4016004 kB
MemFree:         1810024 kB
Active:           443968 kB
Mem:          3.8G       2.1G       1.7G       5.7M        58M       1.6G

MemTotal:        4016004 kB
MemFree:         1763428 kB
Active:           443984 kB
Mem:          3.8G       2.1G       1.7G       5.7M        58M       1.7G

MemTotal:        4016004 kB
MemFree:         1716692 kB
Active:           446008 kB
Mem:          3.8G       2.2G       1.6G       5.7M        58M       1.7G

MemTotal:        4016004 kB
MemFree:         1672312 kB
Active:           446012 kB
Mem:          3.8G       2.2G       1.6G       5.7M        58M       1.8G

MemTotal:        4016004 kB
MemFree:         1626956 kB
Active:           446000 kB
Mem:          3.8G       2.3G       1.6G       5.7M        58M       1.8G

MemTotal:        4016004 kB
MemFree:         1581972 kB
Active:           446020 kB
Mem:          3.8G       2.3G       1.5G       5.7M        58M       1.8G

MemTotal:        4016004 kB
MemFree:         1538368 kB
Active:           446024 kB
Mem:          3.8G       2.4G       1.5G       5.7M        58M       1.9G

MemTotal:        4016004 kB
MemFree:         1532496 kB
Active:           446040 kB
Mem:          3.8G       2.4G       1.5G       5.7M        58M       1.9G

MemTotal:        4016004 kB
MemFree:         1494380 kB
Active:           446048 kB
Mem:          3.8G       2.4G       1.4G       5.7M        58M       1.9G

MemTotal:        4016004 kB
MemFree:         1450016 kB
Active:           446056 kB
Mem:          3.8G       2.4G       1.4G       5.7M        58M       2.0G

MemTotal:        4016004 kB
MemFree:         1434256 kB
Active:           446068 kB
Mem:          3.8G       2.5G       1.4G       5.7M        58M       2.0G

MemTotal:        4016004 kB
MemFree:         1433928 kB
Active:           446028 kB
Mem:          3.8G       2.5G       1.4G       5.7M        58M       2.0G

MemTotal:        4016004 kB
MemFree:         1434120 kB
Active:           446048 kB
Mem:          3.8G       2.5G       1.4G       5.7M        58M       2.0G

MemTotal:        4016004 kB
MemFree:         1434036 kB
Active:           446060 kB
Mem:          3.8G       2.5G       1.4G       5.7M        58M       2.0G

MemTotal:        4016004 kB
MemFree:         1394524 kB
Active:           446100 kB
Mem:          3.8G       2.5G       1.3G       5.7M        58M       2.0G

MemTotal:        4016004 kB
MemFree:         1350532 kB
Active:           446104 kB
Mem:          3.8G       2.5G       1.3G       5.7M        58M       2.1G

MemTotal:        4016004 kB
MemFree:         1306416 kB
Active:           446104 kB
Mem:          3.8G       2.6G       1.2G       5.7M        58M       2.1G

MemTotal:        4016004 kB
MemFree:         1261168 kB
Active:           446104 kB
Mem:          3.8G       2.6G       1.2G       5.7M        58M       2.1G

MemTotal:        4016004 kB
MemFree:         1214572 kB
Active:           446088 kB
Mem:          3.8G       2.7G       1.2G       5.7M        58M       2.2G

MemTotal:        4016004 kB
MemFree:         1170564 kB
Active:           446084 kB
Mem:          3.8G       2.7G       1.1G       5.7M        58M       2.2G

MemTotal:        4016004 kB
MemFree:         1122852 kB
Active:           446112 kB
Mem:          3.8G       2.8G       1.1G       5.7M        58M       2.3G

MemTotal:        4016004 kB
MemFree:         1083136 kB
Active:           448136 kB
Mem:          3.8G       2.8G       1.0G       5.7M        58M       2.3G

MemTotal:        4016004 kB
MemFree:         1070664 kB
Active:           448160 kB
Mem:          3.8G       2.8G       1.0G       5.7M        58M       2.3G

MemTotal:        4016004 kB
MemFree:         1026612 kB
Active:           448168 kB
Mem:          3.8G       2.9G       1.0G       5.7M        58M       2.4G

MemTotal:        4016004 kB
MemFree:          991892 kB
Active:           448180 kB
Mem:          3.8G       2.9G       968M       5.7M        58M       2.4G

MemTotal:        4016004 kB
MemFree:          990228 kB
Active:           448204 kB
Mem:          3.8G       2.9G       967M       5.7M        58M       2.4G

MemTotal:        4016004 kB
MemFree:          987512 kB
Active:           448240 kB
Mem:          3.8G       2.9G       964M       5.7M        58M       2.4G

MemTotal:        4016004 kB
MemFree:          985496 kB
Active:           448264 kB
Mem:          3.8G       2.9G       962M       5.7M        58M       2.4G

MemTotal:        4016004 kB
MemFree:          949972 kB
Active:           448280 kB
Mem:          3.8G       2.9G       927M       5.7M        58M       2.4G

MemTotal:        4016004 kB
MemFree:          905468 kB
Active:           448280 kB
Mem:          3.8G       3.0G       883M       5.7M        58M       2.5G

MemTotal:        4016004 kB
MemFree:          858872 kB
Active:           448288 kB
Mem:          3.8G       3.0G       838M       5.7M        58M       2.5G

MemTotal:        4016004 kB
MemFree:          812648 kB
Active:           448288 kB
Mem:          3.8G       3.1G       793M       5.7M        58M       2.6G

MemTotal:        4016004 kB
MemFree:          768524 kB
Active:           448288 kB
Mem:          3.8G       3.1G       750M       5.7M        58M       2.6G

MemTotal:        4016004 kB
MemFree:          722920 kB
Active:           448288 kB
Mem:          3.8G       3.1G       706M       5.7M        58M       2.7G

MemTotal:        4016004 kB
MemFree:          678680 kB
Active:           448284 kB
Mem:          3.8G       3.2G       662M       5.7M        58M       2.7G

MemTotal:        4016004 kB
MemFree:          634424 kB
Active:           448296 kB
Mem:          3.8G       3.2G       619M       5.7M        58M       2.7G

MemTotal:        4016004 kB
MemFree:          624044 kB
Active:           448276 kB
Mem:          3.8G       3.2G       609M       5.7M        58M       2.7G

MemTotal:        4016004 kB
MemFree:          577256 kB
Active:           448320 kB
Mem:          3.8G       3.3G       563M       5.7M        58M       2.8G

MemTotal:        4016004 kB
MemFree:          539356 kB
Active:           448308 kB
Mem:          3.8G       3.3G       526M       5.7M        58M       2.8G

MemTotal:        4016004 kB
MemFree:          537088 kB
Active:           448284 kB
Mem:          3.8G       3.3G       524M       5.7M        58M       2.8G

MemTotal:        4016004 kB
MemFree:          503532 kB
Active:           448344 kB
Mem:          3.8G       3.4G       490M       5.7M        58M       2.9G

MemTotal:        4016004 kB
MemFree:          455496 kB
Active:           450384 kB
Mem:          3.8G       3.4G       444M       5.7M        58M       2.9G

MemTotal:        4016004 kB
MemFree:          409308 kB
Active:           450384 kB
Mem:          3.8G       3.4G       399M       5.7M        58M       2.9G

MemTotal:        4016004 kB
MemFree:          365224 kB
Active:           450384 kB
Mem:          3.8G       3.5G       356M       5.7M        58M       3.0G

MemTotal:        4016004 kB
MemFree:          318752 kB
Active:           450392 kB
Mem:          3.8G       3.5G       311M       5.7M        58M       3.0G

MemTotal:        4016004 kB
MemFree:          273132 kB
Active:           450372 kB
Mem:          3.8G       3.6G       266M       5.7M        58M       3.1G

MemTotal:        4016004 kB
MemFree:          228644 kB
Active:           450388 kB
Mem:          3.8G       3.6G       222M       5.7M        58M       3.1G

MemTotal:        4016004 kB
MemFree:          184108 kB
Active:           450344 kB
Mem:          3.8G       3.7G       179M       5.7M        58M       3.2G

MemTotal:        4016004 kB
MemFree:          139372 kB
Active:           450352 kB
Mem:          3.8G       3.7G       135M       5.7M        58M       3.2G

MemTotal:        4016004 kB
MemFree:          130316 kB
Active:           447304 kB
Mem:          3.8G       3.7G       119M       5.7M        25M       3.2G

MemTotal:        4016004 kB
MemFree:          131752 kB
Active:           462824 kB
Mem:          3.8G       3.7G       126M       5.7M        25M       3.2G

MemTotal:        4016004 kB
MemFree:          135464 kB
Active:           508196 kB
Mem:          3.8G       3.7G       129M       5.7M        25M       3.2G

MemTotal:        4016004 kB
MemFree:          132284 kB
Active:           495532 kB
Mem:          3.8G       3.7G       128M       5.7M        25M       3.2G

MemTotal:        4016004 kB
MemFree:          122644 kB
Active:           490068 kB
Mem:          3.8G       3.7G       119M       5.7M        25M       3.2G

MemTotal:        4016004 kB
MemFree:          127136 kB
Active:           484692 kB
Mem:          3.8G       3.7G       123M       5.7M        25M       3.2G

MemTotal:        4016004 kB
MemFree:          118732 kB
Active:           481236 kB
Mem:          3.8G       3.7G       115M       5.7M        25M       3.2G

MemTotal:        4016004 kB
MemFree:          111004 kB
Active:           477788 kB
Mem:          3.8G       3.7G       107M       5.7M        25M       3.3G

MemTotal:        4016004 kB
MemFree:          125348 kB
Active:           474564 kB
Mem:          3.8G       3.7G       121M       5.7M        25M       3.2G

MemTotal:        4016004 kB
MemFree:          118044 kB
Active:           469404 kB
Mem:          3.8G       3.7G       114M       5.7M        25M       3.2G

MemTotal:        4016004 kB
MemFree:          119312 kB
Active:           462496 kB
Mem:          3.8G       3.7G       116M       5.7M        25M       3.2G

MemTotal:        4016004 kB
MemFree:          134176 kB
Active:           459944 kB
Mem:          3.8G       3.7G       130M       5.7M        25M       3.2G

MemTotal:        4016004 kB
MemFree:          127896 kB
Active:           459932 kB
Mem:          3.8G       3.7G       124M       5.7M        25M       3.2G

MemTotal:        4016004 kB
MemFree:          117976 kB
Active:           458820 kB
Mem:          3.8G       3.7G       114M       5.7M        25M       3.2G

MemTotal:        4016004 kB
MemFree:          108988 kB
Active:           455628 kB
Mem:          3.8G       3.7G       106M       5.7M        25M       3.3G

MemTotal:        4016004 kB
MemFree:          111608 kB
Active:           453968 kB
Mem:          3.8G       3.7G       108M       5.7M        25M       3.3G

MemTotal:        4016004 kB
MemFree:          118936 kB
Active:           451932 kB
Mem:          3.8G       3.7G       115M       5.7M        25M       3.2G

MemTotal:        4016004 kB
MemFree:          109912 kB
Active:           450788 kB
Mem:          3.8G       3.7G       107M       5.7M        25M       3.3G

MemTotal:        4016004 kB
MemFree:          130296 kB
Active:           448784 kB
Mem:          3.8G       3.7G       126M       5.7M        25M       3.2G

MemTotal:        4016004 kB
MemFree:          108292 kB
Active:           447888 kB
Mem:          3.8G       3.7G       105M       5.7M        25M       3.3G

MemTotal:        4016004 kB
MemFree:          124200 kB
Active:           440312 kB
Mem:          3.8G       3.7G       131M       5.7M        25M       3.2G

MemTotal:        4016004 kB
MemFree:          117316 kB
Active:           438912 kB
Mem:          3.8G       3.7G       113M       5.7M        25M       3.2G

MemTotal:        4016004 kB
MemFree:          126544 kB
Active:           438400 kB
Mem:          3.8G       3.7G       123M       5.7M        25M       3.2G

MemTotal:        4016004 kB
MemFree:          129296 kB
Active:           434400 kB
Mem:          3.8G       3.7G       126M       5.7M        25M       3.2G

MemTotal:        4016004 kB
MemFree:          107324 kB
Active:           434016 kB
Mem:          3.8G       3.7G       104M       5.7M        25M       3.3G

MemTotal:        4016004 kB
MemFree:          125408 kB
Active:           432996 kB
Mem:          3.8G       3.7G       121M       5.7M        25M       3.2G

MemTotal:        4016004 kB
MemFree:          105492 kB
Active:           432240 kB
Mem:          3.8G       3.7G       102M       5.7M        25M       3.3G

MemTotal:        4016004 kB
MemFree:          126232 kB
Active:           430068 kB
Mem:          3.8G       3.7G       122M       5.7M        25M       3.2G

MemTotal:        4016004 kB
MemFree:          110564 kB
Active:           429048 kB
Mem:          3.8G       3.7G       107M       5.7M        25M       3.3G

MemTotal:        4016004 kB
MemFree:          125708 kB
Active:           425252 kB
Mem:          3.8G       3.7G       122M       5.7M        25M       3.2G

MemTotal:        4016004 kB
MemFree:          131696 kB
Active:           420936 kB
Mem:          3.8G       3.7G       141M       5.7M        25M       3.2G

MemTotal:        4016004 kB
MemFree:          105572 kB
Active:           420648 kB
Mem:          3.8G       3.7G       102M       5.7M        25M       3.3G

MemTotal:        4016004 kB
MemFree:          130992 kB
Active:           418512 kB
Mem:          3.8G       3.7G       128M       5.7M        25M       3.2G

MemTotal:        4016004 kB
MemFree:          134364 kB
Active:           414556 kB
Mem:          3.8G       3.7G       131M       5.7M        25M       3.2G

MemTotal:        4016004 kB
MemFree:          142136 kB
Active:           412380 kB
Mem:          3.8G       3.7G       138M       5.7M        25M       3.2G

MemTotal:        4016004 kB
MemFree:          134796 kB
Active:           411356 kB
Mem:          3.8G       3.7G       131M       5.7M        25M       3.2G

MemTotal:        4016004 kB
MemFree:          125152 kB
Active:           410224 kB
Mem:          3.8G       3.7G       121M       5.7M        25M       3.2G

MemTotal:        4016004 kB
MemFree:          105164 kB
Active:           409328 kB
Mem:          3.8G       3.7G       106M       5.7M        25M       3.3G

MemTotal:        4016004 kB
MemFree:          123688 kB
Active:           409200 kB
Mem:          3.8G       3.7G       120M       5.7M        25M       3.2G

MemTotal:        4016004 kB
MemFree:          108860 kB
Active:           408176 kB
Mem:          3.8G       3.7G       105M       5.7M        25M       3.3G

MemTotal:        4016004 kB
MemFree:          124668 kB
Active:           406512 kB
Mem:          3.8G       3.7G       131M       5.7M        25M       3.2G

MemTotal:        4016004 kB
MemFree:          146048 kB
Active:           404088 kB
Mem:          3.8G       3.7G       142M       5.7M        25M       3.2G

MemTotal:        4016004 kB
MemFree:          127520 kB
Active:           403584 kB
Mem:          3.8G       3.7G       124M       5.7M        25M       3.2G

MemTotal:        4016004 kB
MemFree:          129028 kB
Active:           401932 kB
Mem:          3.8G       3.7G       126M       5.7M        25M       3.2G

MemTotal:        4016004 kB
MemFree:          137676 kB
Active:           400012 kB
Mem:          3.8G       3.7G       134M       5.7M        25M       3.2G

MemTotal:        4016004 kB
MemFree:          135692 kB
Active:           398476 kB
Mem:          3.8G       3.7G       132M       5.7M        25M       3.2G

MemTotal:        4016004 kB
MemFree:          127620 kB
Active:           397460 kB
Mem:          3.8G       3.7G       124M       5.7M        25M       3.2G

MemTotal:        4016004 kB
MemFree:          124132 kB
Active:           397328 kB
Mem:          3.8G       3.7G       121M       5.7M        25M       3.2G

MemTotal:        4016004 kB
MemFree:          106712 kB
Active:           397320 kB
Mem:          3.8G       3.7G       103M       5.7M        25M       3.3G

MemTotal:        4016004 kB
MemFree:          109188 kB
Active:           395692 kB
Mem:          3.8G       3.7G       106M       5.7M        25M       3.2G

MemTotal:        4016004 kB
MemFree:          112312 kB
Active:           394028 kB
Mem:          3.8G       3.7G       109M       5.7M        25M       3.2G

MemTotal:        4016004 kB
MemFree:          129088 kB
Active:           392356 kB
Mem:          3.8G       3.7G       125M       5.7M        25M       3.2G

MemTotal:        4016004 kB
MemFree:          125768 kB
Active:           390840 kB
Mem:          3.8G       3.7G       122M       5.7M        25M       3.2G

MemTotal:        4016004 kB
MemFree:          110716 kB
Active:           389676 kB
Mem:          3.8G       3.7G       107M       5.7M        25M       3.2G

MemTotal:        4016004 kB
MemFree:          126800 kB
Active:           385988 kB
Mem:          3.8G       3.7G       123M       5.7M        25M       3.2G

MemTotal:        4016004 kB
MemFree:          116932 kB
Active:           384480 kB
Mem:          3.8G       3.7G       113M       5.7M        25M       3.2G

MemTotal:        4016004 kB
MemFree:          108216 kB
Active:           384516 kB
Mem:          3.8G       3.7G       105M       5.7M        25M       3.2G

MemTotal:        4016004 kB
MemFree:          135916 kB
Active:           384504 kB
Mem:          3.8G       3.7G       132M       5.7M        25M       3.2G

MemTotal:        4016004 kB
MemFree:          138384 kB
Active:           384496 kB
Mem:          3.8G       3.7G       134M       5.7M        25M       3.2G

MemTotal:        4016004 kB
MemFree:          124648 kB
Active:           384524 kB
Mem:          3.8G       3.7G       121M       5.7M        25M       3.2G

MemTotal:        4016004 kB
MemFree:          116684 kB
Active:           384496 kB
Mem:          3.8G       3.7G       113M       5.7M        25M       3.2G

MemTotal:        4016004 kB
MemFree:          107720 kB
Active:           384544 kB
Mem:          3.8G       3.7G       104M       5.7M        25M       3.2G

MemTotal:        4016004 kB
MemFree:          112696 kB
Active:           384544 kB
Mem:          3.8G       3.7G       109M       5.7M        25M       3.2G

MemTotal:        4016004 kB
MemFree:          128464 kB
Active:           384420 kB
Mem:          3.8G       3.7G       124M       5.7M        25M       3.2G

MemTotal:        4016004 kB
MemFree:          118180 kB
Active:           384448 kB
Mem:          3.8G       3.7G       115M       5.7M        25M       3.2G

MemTotal:        4016004 kB
MemFree:          124824 kB
Active:           384456 kB
Mem:          3.8G       3.7G       121M       5.7M        25M       3.2G

MemTotal:        4016004 kB
MemFree:          116684 kB
Active:           384460 kB
Mem:          3.8G       3.7G       113M       5.7M        25M       3.2G

MemTotal:        4016004 kB
MemFree:          107952 kB
Active:           384472 kB
Mem:          3.8G       3.7G       105M       5.7M        25M       3.2G

MemTotal:        4016004 kB
MemFree:          135160 kB
Active:           384324 kB
Mem:          3.8G       3.7G       132M       5.7M        25M       3.2G

MemTotal:        4016004 kB
MemFree:          126948 kB
Active:           384332 kB
Mem:          3.8G       3.7G       123M       5.7M        25M       3.2G

MemTotal:        4016004 kB
MemFree:          117876 kB
Active:           384344 kB
Mem:          3.8G       3.7G       114M       5.7M        25M       3.2G

MemTotal:        4016004 kB
MemFree:          108416 kB
Active:           384356 kB
Mem:          3.8G       3.7G       105M       5.7M        25M       3.2G

MemTotal:        4016004 kB
MemFree:          117852 kB
Active:           384356 kB
Mem:          3.8G       3.7G       114M       5.7M        25M       3.2G

MemTotal:        4016004 kB
MemFree:          110268 kB
Active:           384356 kB
Mem:          3.8G       3.7G       107M       5.7M        25M       3.2G

MemTotal:        4016004 kB
MemFree:          126068 kB
Active:           384320 kB
Mem:          3.8G       3.7G       123M       5.7M        25M       3.2G

MemTotal:        4016004 kB
MemFree:          105504 kB
Active:           384288 kB
Mem:          3.8G       3.7G       102M       5.7M        25M       3.3G

MemTotal:        4016004 kB
MemFree:          116180 kB
Active:           384340 kB
Mem:          3.8G       3.7G       113M       5.7M        25M       3.2G

MemTotal:        4016004 kB
MemFree:          109764 kB
Active:           384340 kB
Mem:          3.8G       3.7G       106M       5.7M        25M       3.2G

MemTotal:        4016004 kB
MemFree:          135628 kB
Active:           384344 kB
Mem:          3.8G       3.7G       132M       5.7M        25M       3.2G

MemTotal:        4016004 kB
MemFree:          121116 kB
Active:           384348 kB
Mem:          3.8G       3.7G       124M       5.7M        25M       3.2G

MemTotal:        4016004 kB
MemFree:          120180 kB
Active:           384364 kB
Mem:          3.8G       3.7G       117M       5.7M        25M       3.2G

MemTotal:        4016004 kB
MemFree:          105396 kB
Active:           384396 kB
Mem:          3.8G       3.7G       102M       5.7M        25M       3.3G

MemTotal:        4016004 kB
MemFree:          119760 kB
Active:           384272 kB
Mem:          3.8G       3.7G       116M       5.7M        25M       3.2G

MemTotal:        4016004 kB
MemFree:          110304 kB
Active:           384292 kB
Mem:          3.8G       3.7G       107M       5.7M        25M       3.2G

MemTotal:        4016004 kB
MemFree:          128952 kB
Active:           384256 kB
Mem:          3.8G       3.7G       125M       5.7M        25M       3.2G

MemTotal:        4016004 kB
MemFree:          120280 kB
Active:           384232 kB
Mem:          3.8G       3.7G       117M       5.7M        25M       3.2G

MemTotal:        4016004 kB
MemFree:          128872 kB
Active:           384508 kB
Mem:          3.8G       3.7G       125M       5.7M        25M       3.2G

MemTotal:        4016004 kB
MemFree:          124144 kB
Active:           384288 kB
Mem:          3.8G       3.7G       120M       5.7M        25M       3.2G

MemTotal:        4016004 kB
MemFree:          128344 kB
Active:           384288 kB
Mem:          3.8G       3.7G       125M       5.7M        25M       3.2G

MemTotal:        4016004 kB
MemFree:          125224 kB
Active:           384296 kB
Mem:          3.8G       3.7G       122M       5.7M        25M       3.2G

MemTotal:        4016004 kB
MemFree:          129744 kB
Active:           384296 kB
Mem:          3.8G       3.7G       126M       5.7M        25M       3.2G

MemTotal:        4016004 kB
MemFree:          125076 kB
Active:           384232 kB
Mem:          3.8G       3.7G       121M       5.7M        25M       3.2G

MemTotal:        4016004 kB
MemFree:          128656 kB
Active:           384296 kB
Mem:          3.8G       3.7G       125M       5.7M        25M       3.2G

MemTotal:        4016004 kB
MemFree:          143592 kB
Active:           384288 kB
Mem:          3.8G       3.7G       139M       5.7M        25M       3.2G

MemTotal:        4016004 kB
MemFree:          143284 kB
Active:           384308 kB
Mem:          3.8G       3.7G       139M       5.7M        25M       3.2G

MemTotal:        4016004 kB
MemFree:          142916 kB
Active:           384312 kB
Mem:          3.8G       3.7G       139M       5.7M        25M       3.2G

MemTotal:        4016004 kB
MemFree:          123520 kB
Active:           384260 kB
Mem:          3.8G       3.7G       120M       5.7M        25M       3.2G

MemTotal:        4016004 kB
MemFree:          112436 kB
Active:           384316 kB
Mem:          3.8G       3.7G       109M       5.7M        25M       3.2G

MemTotal:        4016004 kB
MemFree:          120028 kB
Active:           384320 kB
Mem:          3.8G       3.7G       117M       5.7M        25M       3.2G

MemTotal:        4016004 kB
MemFree:          114352 kB
Active:           384320 kB
Mem:          3.8G       3.7G       111M       5.7M        25M       3.2G

MemTotal:        4016004 kB
MemFree:          128760 kB
Active:           384328 kB
Mem:          3.8G       3.7G       125M       5.7M        25M       3.2G

MemTotal:        4016004 kB
MemFree:          120360 kB
Active:           384320 kB
Mem:          3.8G       3.7G       117M       5.7M        25M       3.2G

MemTotal:        4016004 kB
MemFree:          120064 kB
Active:           377288 kB
Mem:          3.8G       3.7G       116M       5.7M        25M       3.2G

MemTotal:        4016004 kB
MemFree:          108996 kB
Active:           377288 kB
Mem:          3.8G       3.7G       106M       5.7M        25M       3.2G

MemTotal:        4016004 kB
MemFree:          114272 kB
Active:           377288 kB
Mem:          3.8G       3.7G       110M       5.7M        25M       3.2G

MemTotal:        4016004 kB
MemFree:          116920 kB
Active:           377296 kB
Mem:          3.8G       3.7G       113M       5.7M        25M       3.2G

MemTotal:        4016004 kB
MemFree:          121716 kB
Active:           377296 kB
Mem:          3.8G       3.7G       118M       5.7M        25M       3.2G

MemTotal:        4016004 kB
MemFree:          140544 kB
Active:           377312 kB
Mem:          3.8G       3.7G       137M       5.7M        25M       3.2G

MemTotal:        4016004 kB
MemFree:          140220 kB
Active:           377312 kB
Mem:          3.8G       3.7G       136M       5.7M        25M       3.2G

MemTotal:        4016004 kB
MemFree:          110244 kB
Active:           377332 kB
Mem:          3.8G       3.7G       107M       5.7M        25M       3.2G

MemTotal:        4016004 kB
MemFree:          128468 kB
Active:           377336 kB
Mem:          3.8G       3.7G       125M       5.7M        25M       3.2G

MemTotal:        4016004 kB
MemFree:          120688 kB
Active:           377344 kB
Mem:          3.8G       3.7G       117M       5.7M        25M       3.2G

MemTotal:        4016004 kB
MemFree:          125056 kB
Active:           377344 kB
Mem:          3.8G       3.7G       122M       5.7M        25M       3.2G

MemTotal:        4016004 kB
MemFree:          117644 kB
Active:           376912 kB
Mem:          3.8G       3.7G       114M       5.7M        25M       3.2G

MemTotal:        4016004 kB
MemFree:          109628 kB
Active:           376912 kB
Mem:          3.8G       3.7G       106M       5.7M        25M       3.2G

MemTotal:        4016004 kB
MemFree:          124796 kB
Active:           376920 kB
Mem:          3.8G       3.7G       121M       5.7M        25M       3.2G

MemTotal:        4016004 kB
MemFree:          115000 kB
Active:           376920 kB
Mem:          3.8G       3.7G       112M       5.7M        25M       3.2G

MemTotal:        4016004 kB
MemFree:          130816 kB
Active:           376920 kB
Mem:          3.8G       3.7G       127M       5.7M        25M       3.2G

MemTotal:        4016004 kB
MemFree:          123560 kB
Active:           376924 kB
Mem:          3.8G       3.7G       120M       5.7M        25M       3.2G

MemTotal:        4016004 kB
MemFree:          143340 kB
Active:           376928 kB
Mem:          3.8G       3.7G       139M       5.7M        25M       3.2G

MemTotal:        4016004 kB
MemFree:          133448 kB
Active:           376948 kB
Mem:          3.8G       3.7G       129M       5.7M        25M       3.2G

MemTotal:        4016004 kB
MemFree:          135052 kB
Active:           376928 kB
Mem:          3.8G       3.7G       131M       5.7M        25M       3.2G

MemTotal:        4016004 kB
MemFree:          147176 kB
Active:           374876 kB
Mem:          3.8G       3.7G       143M       5.7M        25M       3.2G

MemTotal:        4016004 kB
MemFree:          127364 kB
Active:           374844 kB
Mem:          3.8G       3.7G       124M       5.7M        25M       3.2G

MemTotal:        4016004 kB
MemFree:          133052 kB
Active:           374840 kB
Mem:          3.8G       3.7G       129M       5.7M        25M       3.2G

MemTotal:        4016004 kB
MemFree:          128380 kB
Active:           374852 kB
Mem:          3.8G       3.7G       125M       5.7M        25M       3.2G

MemTotal:        4016004 kB
MemFree:          132116 kB
Active:           374860 kB
Mem:          3.8G       3.7G       128M       5.7M        25M       3.2G

MemTotal:        4016004 kB
MemFree:          122124 kB
Active:           374860 kB
Mem:          3.8G       3.7G       119M       5.7M        25M       3.2G

MemTotal:        4016004 kB
MemFree:          126288 kB
Active:           374860 kB
Mem:          3.8G       3.7G       123M       5.7M        25M       3.2G

MemTotal:        4016004 kB
MemFree:          119048 kB
Active:           374868 kB
Mem:          3.8G       3.7G       115M       5.7M        25M       3.2G

MemTotal:        4016004 kB
MemFree:          108708 kB
Active:           374872 kB
Mem:          3.8G       3.7G       106M       5.7M        25M       3.2G

MemTotal:        4016004 kB
MemFree:          123652 kB
Active:           374892 kB
Mem:          3.8G       3.7G       120M       5.7M        25M       3.2G

MemTotal:        4016004 kB
MemFree:          114048 kB
Active:           374900 kB
Mem:          3.8G       3.7G       111M       5.7M        25M       3.2G

MemTotal:        4016004 kB
MemFree:          121576 kB
Active:           370232 kB
Mem:          3.8G       3.7G       118M       5.7M        25M       3.2G

MemTotal:        4016004 kB
MemFree:          113348 kB
Active:           370056 kB
Mem:          3.8G       3.7G       110M       5.7M        25M       3.2G

MemTotal:        4016004 kB
MemFree:          106636 kB
Active:           370056 kB
Mem:          3.8G       3.7G       114M       5.7M        25M       3.2G

MemTotal:        4016004 kB
MemFree:          111996 kB
Active:           370064 kB
Mem:          3.8G       3.7G       108M       5.7M        25M       3.2G

MemTotal:        4016004 kB
MemFree:          121556 kB
Active:           370016 kB
Mem:          3.8G       3.7G       118M       5.7M        25M       3.2G

MemTotal:        4016004 kB
MemFree:          112488 kB
Active:           370064 kB
Mem:          3.8G       3.7G       109M       5.7M        25M       3.2G

MemTotal:        4016004 kB
MemFree:          129100 kB
Active:           370068 kB
Mem:          3.8G       3.7G       126M       5.7M        25M       3.2G

MemTotal:        4016004 kB
MemFree:          128888 kB
Active:           370068 kB
Mem:          3.8G       3.7G       125M       5.7M        25M       3.2G

MemTotal:        4016004 kB
MemFree:          125776 kB
Active:           370088 kB
Mem:          3.8G       3.7G       122M       5.7M        25M       3.2G

MemTotal:        4016004 kB
MemFree:          116324 kB
Active:           370088 kB
Mem:          3.8G       3.7G       113M       5.7M        25M       3.2G

MemTotal:        4016004 kB
MemFree:          122884 kB
Active:           370100 kB
Mem:          3.8G       3.7G       120M       5.7M        25M       3.2G

MemTotal:        4016004 kB
MemFree:          127296 kB
Active:           370052 kB
Mem:          3.8G       3.7G       124M       5.7M        25M       3.2G

MemTotal:        4016004 kB
MemFree:          139856 kB
Active:           366648 kB
Mem:          3.8G       3.7G       136M       5.7M        25M       3.2G

MemTotal:        4016004 kB
MemFree:          130896 kB
Active:           366524 kB
Mem:          3.8G       3.7G       127M       5.7M        25M       3.2G

MemTotal:        4016004 kB
MemFree:          134020 kB
Active:           366528 kB
Mem:          3.8G       3.7G       129M       5.7M        25M       3.2G

MemTotal:        4016004 kB
MemFree:          125244 kB
Active:           366520 kB
Mem:          3.8G       3.7G       121M       5.7M        25M       3.2G

MemTotal:        4016004 kB
MemFree:          127908 kB
Active:           366528 kB
Mem:          3.8G       3.7G       124M       5.7M        25M       3.2G

MemTotal:        4016004 kB
MemFree:          135384 kB
Active:           366536 kB
Mem:          3.8G       3.7G       131M       5.7M        25M       3.2G

MemTotal:        4016004 kB
MemFree:          126716 kB
Active:           366536 kB
Mem:          3.8G       3.7G       123M       5.7M        25M       3.2G

MemTotal:        4016004 kB
MemFree:          110524 kB
Active:           366540 kB
Mem:          3.8G       3.7G       107M       5.7M        25M       3.2G

MemTotal:        4016004 kB
MemFree:          133720 kB
Active:           366512 kB
Mem:          3.8G       3.7G       130M       5.7M        25M       3.2G

MemTotal:        4016004 kB
MemFree:          130592 kB
Active:           366560 kB
Mem:          3.8G       3.7G       127M       5.7M        25M       3.2G

MemTotal:        4016004 kB
MemFree:          126192 kB
Active:           366572 kB
Mem:          3.8G       3.7G       132M       5.7M        25M       3.2G

MemTotal:        4016004 kB
MemFree:          148988 kB
Active:           366572 kB
Mem:          3.8G       3.7G       145M       5.7M        25M       3.2G

MemTotal:        4016004 kB
MemFree:          130620 kB
Active:           365228 kB
Mem:          3.8G       3.7G       127M       5.7M        25M       3.2G

MemTotal:        4016004 kB
MemFree:          125936 kB
Active:           365204 kB
Mem:          3.8G       3.7G       122M       5.7M        25M       3.2G

MemTotal:        4016004 kB
MemFree:          107720 kB
Active:           365204 kB
Mem:          3.8G       3.7G       105M       5.7M        25M       3.2G

MemTotal:        4016004 kB
MemFree:          133788 kB
Active:           365212 kB
Mem:          3.8G       3.7G       130M       5.7M        25M       3.2G

MemTotal:        4016004 kB
MemFree:          145372 kB
Active:           365200 kB
Mem:          3.8G       3.7G       141M       5.7M        25M       3.2G

MemTotal:        4016004 kB
MemFree:          136352 kB
Active:           365212 kB
Mem:          3.8G       3.7G       132M       5.7M        25M       3.2G

MemTotal:        4016004 kB
MemFree:          128520 kB
Active:           365212 kB
Mem:          3.8G       3.7G       125M       5.7M        25M       3.2G

MemTotal:        4016004 kB
MemFree:          129788 kB
Active:           365216 kB
Mem:          3.8G       3.7G       126M       5.7M        25M       3.2G

MemTotal:        4016004 kB
MemFree:          115464 kB
Active:           365236 kB
Mem:          3.8G       3.7G       112M       5.7M        25M       3.2G

MemTotal:        4016004 kB
MemFree:          130644 kB
Active:           365240 kB
Mem:          3.8G       3.7G       127M       5.7M        25M       3.2G

MemTotal:        4016004 kB
MemFree:          109344 kB
Active:           365244 kB
Mem:          3.8G       3.7G       106M       5.7M        25M       3.2G

MemTotal:        4016004 kB
MemFree:          130200 kB
Active:           365244 kB
Mem:          3.8G       3.7G       126M       5.7M        25M       3.2G

MemTotal:        4016004 kB
MemFree:          133308 kB
Active:           365204 kB
Mem:          3.8G       3.7G       129M       5.7M        25M       3.2G

MemTotal:        4016004 kB
MemFree:          123808 kB
Active:           365252 kB
Mem:          3.8G       3.7G       120M       5.7M        25M       3.2G

MemTotal:        4016004 kB
MemFree:          131940 kB
Active:           362140 kB
Mem:          3.8G       3.7G       128M       5.7M        25M       3.2G

MemTotal:        4016004 kB
MemFree:          126240 kB
Active:           362016 kB
Mem:          3.8G       3.7G       123M       5.7M        25M       3.2G

MemTotal:        4016004 kB
MemFree:          114852 kB
Active:           362028 kB
Mem:          3.8G       3.7G       124M       5.7M        25M       3.2G

MemTotal:        4016004 kB
MemFree:          136472 kB
Active:           362028 kB
Mem:          3.8G       3.7G       133M       5.7M        25M       3.2G

MemTotal:        4016004 kB
MemFree:          127880 kB
Active:           362036 kB
Mem:          3.8G       3.7G       125M       5.7M        25M       3.2G

MemTotal:        4016004 kB
MemFree:          127412 kB
Active:           362036 kB
Mem:          3.8G       3.7G       123M       5.7M        25M       3.2G

MemTotal:        4016004 kB
MemFree:          117096 kB
Active:           362048 kB
Mem:          3.8G       3.7G       113M       5.7M        25M       3.2G

MemTotal:        4016004 kB
MemFree:          121188 kB
Active:           362048 kB
Mem:          3.8G       3.7G       117M       5.7M        25M       3.2G

MemTotal:        4016004 kB
MemFree:          117688 kB
Active:           362048 kB
Mem:          3.8G       3.7G       114M       5.7M        25M       3.2G

MemTotal:        4016004 kB
MemFree:          107660 kB
Active:           362060 kB
Mem:          3.8G       3.7G       105M       5.7M        25M       3.2G

MemTotal:        4016004 kB
MemFree:          114368 kB
Active:           362008 kB
Mem:          3.8G       3.7G       111M       5.7M        25M       3.2G

MemTotal:        4016004 kB
MemFree:          129432 kB
Active:           362072 kB
Mem:          3.8G       3.7G       126M       5.7M        25M       3.2G

MemTotal:        4016004 kB
MemFree:          126424 kB
Active:           362072 kB
Mem:          3.8G       3.7G       123M       5.7M        25M       3.2G

MemTotal:        4016004 kB
MemFree:          129076 kB
Active:           362072 kB
Mem:          3.8G       3.7G       126M       5.7M        25M       3.2G

MemTotal:        4016004 kB
MemFree:          126316 kB
Active:           362076 kB
Mem:          3.8G       3.7G       123M       5.7M        25M       3.2G

MemTotal:        4016004 kB
MemFree:          113464 kB
Active:           362092 kB
Mem:          3.8G       3.7G       110M       5.7M        25M       3.2G

MemTotal:        4016004 kB
MemFree:          128476 kB
Active:           361672 kB
Mem:          3.8G       3.7G       125M       5.7M        25M       3.2G

MemTotal:        4016004 kB
MemFree:          120008 kB
Active:           361620 kB
Mem:          3.8G       3.7G       116M       5.7M        25M       3.2G

MemTotal:        4016004 kB
MemFree:          111744 kB
Active:           361624 kB
Mem:          3.8G       3.7G       109M       5.7M        26M       3.2G

MemTotal:        4016004 kB
MemFree:          120228 kB
Active:           361628 kB
Mem:          3.8G       3.7G       117M       5.7M        26M       3.2G

MemTotal:        4016004 kB
MemFree:          110756 kB
Active:           361632 kB
Mem:          3.8G       3.7G       108M       5.7M        26M       3.2G

MemTotal:        4016004 kB
MemFree:          137308 kB
Active:           361632 kB
Mem:          3.8G       3.7G       133M       5.7M        26M       3.2G

MemTotal:        4016004 kB
MemFree:          139376 kB
Active:           361632 kB
Mem:          3.8G       3.7G       136M       5.7M        26M       3.2G

MemTotal:        4016004 kB
MemFree:          136716 kB
Active:           361636 kB
Mem:          3.8G       3.7G       133M       5.7M        26M       3.2G

MemTotal:        4016004 kB
MemFree:          128108 kB
Active:           361632 kB
Mem:          3.8G       3.7G       124M       5.7M        26M       3.2G

MemTotal:        4016004 kB
MemFree:          126596 kB
Active:           361612 kB
Mem:          3.8G       3.7G       123M       5.7M        26M       3.2G

MemTotal:        4016004 kB
MemFree:          117572 kB
Active:           361644 kB
Mem:          3.8G       3.7G       114M       5.7M        26M       3.2G

MemTotal:        4016004 kB
MemFree:          110060 kB
Active:           361656 kB
Mem:          3.8G       3.7G       107M       5.7M        26M       3.2G

MemTotal:        4016004 kB
MemFree:          114772 kB
Active:           361668 kB
Mem:          3.8G       3.7G       112M       5.7M        26M       3.2G

MemTotal:        4016004 kB
MemFree:          121376 kB
Active:           361524 kB
Mem:          3.8G       3.7G       118M       5.7M        26M       3.2G

MemTotal:        4016004 kB
MemFree:          121832 kB
Active:           361452 kB
Mem:          3.8G       3.7G       118M       5.7M        26M       3.2G

MemTotal:        4016004 kB
MemFree:          122300 kB
Active:           361408 kB
Mem:          3.8G       3.7G       119M       5.7M        26M       3.2G

MemTotal:        4016004 kB
MemFree:          121928 kB
Active:           361456 kB
Mem:          3.8G       3.7G       118M       5.7M        26M       3.2G

MemTotal:        4016004 kB
MemFree:          121556 kB
Active:           361404 kB
Mem:          3.8G       3.7G       118M       5.7M        26M       3.2G

MemTotal:        4016004 kB
MemFree:          121556 kB
Active:           361420 kB
Mem:          3.8G       3.7G       118M       5.7M        26M       3.2G

MemTotal:        4016004 kB
MemFree:          121184 kB
Active:           361456 kB
Mem:          3.8G       3.7G       118M       5.7M        26M       3.2G

MemTotal:        4016004 kB
MemFree:          121432 kB
Active:           361440 kB
Mem:          3.8G       3.7G       118M       5.7M        26M       3.2G

MemTotal:        4016004 kB
MemFree:          121432 kB
Active:           361452 kB
Mem:          3.8G       3.7G       118M       5.7M        26M       3.2G

MemTotal:        4016004 kB
MemFree:          121556 kB
Active:           361444 kB
Mem:          3.8G       3.7G       118M       5.7M        26M       3.2G

MemTotal:        4016004 kB
MemFree:          121060 kB
Active:           361468 kB
Mem:          3.8G       3.7G       118M       5.7M        26M       3.2G

MemTotal:        4016004 kB
MemFree:          121556 kB
Active:           361412 kB
Mem:          3.8G       3.7G       118M       5.7M        26M       3.2G

MemTotal:        4016004 kB
MemFree:          121556 kB
Active:           361416 kB
Mem:          3.8G       3.7G       118M       5.7M        26M       3.2G

MemTotal:        4016004 kB
MemFree:          121556 kB
Active:           361416 kB
Mem:          3.8G       3.7G       118M       5.7M        26M       3.2G

MemTotal:        4016004 kB
MemFree:          121184 kB
Active:           361476 kB
Mem:          3.8G       3.7G       118M       5.7M        26M       3.2G

MemTotal:        4016004 kB
MemFree:          121432 kB
Active:           361424 kB
Mem:          3.8G       3.7G       118M       5.7M        26M       3.2G

MemTotal:        4016004 kB
MemFree:          120936 kB
Active:           361480 kB
Mem:          3.8G       3.7G       118M       5.7M        26M       3.2G

MemTotal:        4016004 kB
MemFree:          121060 kB
Active:           361484 kB
Mem:          3.8G       3.7G       118M       5.7M        26M       3.2G

MemTotal:        4016004 kB
MemFree:          121308 kB
Active:           361472 kB
Mem:          3.8G       3.7G       118M       5.7M        26M       3.2G

MemTotal:        4016004 kB
MemFree:          121184 kB
Active:           361464 kB
Mem:          3.8G       3.7G       118M       5.7M        26M       3.2G

MemTotal:        4016004 kB
MemFree:          121308 kB
Active:           361476 kB
Mem:          3.8G       3.7G       118M       5.7M        26M       3.2G

MemTotal:        4016004 kB
MemFree:          121184 kB
Active:           361500 kB
Mem:          3.8G       3.7G       118M       5.7M        26M       3.2G

MemTotal:        4016004 kB
MemFree:          121432 kB
Active:           361468 kB
Mem:          3.8G       3.7G       118M       5.7M        26M       3.2G

MemTotal:        4016004 kB
MemFree:          121168 kB
Active:           361504 kB
Mem:          3.8G       3.7G       118M       5.7M        26M       3.2G

MemTotal:        4016004 kB
MemFree:          121060 kB
Active:           361500 kB
Mem:          3.8G       3.7G       118M       5.7M        26M       3.2G

MemTotal:        4016004 kB
MemFree:          121012 kB
Active:           361488 kB
Mem:          3.8G       3.7G       118M       5.7M        26M       3.2G

MemTotal:        4016004 kB
MemFree:          121184 kB
Active:           361488 kB
Mem:          3.8G       3.7G       118M       5.7M        26M       3.2G

MemTotal:        4016004 kB
MemFree:          121060 kB
Active:           361512 kB
Mem:          3.8G       3.7G       118M       5.7M        26M       3.2G

MemTotal:        4016004 kB
MemFree:          121216 kB
Active:           361500 kB
Mem:          3.8G       3.7G       118M       5.7M        26M       3.2G

MemTotal:        4016004 kB
MemFree:          120908 kB
Active:           361512 kB
Mem:          3.8G       3.7G       118M       5.7M        26M       3.2G

MemTotal:        4016004 kB
MemFree:          121156 kB
Active:           361500 kB
Mem:          3.8G       3.7G       118M       5.7M        26M       3.2G

MemTotal:        4016004 kB
MemFree:          121156 kB
Active:           361488 kB
Mem:          3.8G       3.7G       118M       5.7M        26M       3.2G

MemTotal:        4016004 kB
MemFree:          121280 kB
Active:           361496 kB
Mem:          3.8G       3.7G       118M       5.7M        26M       3.2G

MemTotal:        4016004 kB
MemFree:          120908 kB
Active:           361520 kB
Mem:          3.8G       3.7G       118M       5.7M        26M       3.2G

MemTotal:        4016004 kB
MemFree:          121280 kB
Active:           361524 kB
Mem:          3.8G       3.7G       118M       5.7M        26M       3.2G

MemTotal:        4016004 kB
MemFree:          121280 kB
Active:           361512 kB
Mem:          3.8G       3.7G       118M       5.7M        26M       3.2G

MemTotal:        4016004 kB
MemFree:          121280 kB
Active:           361500 kB
Mem:          3.8G       3.7G       118M       5.7M        26M       3.2G

MemTotal:        4016004 kB
MemFree:          121156 kB
Active:           361484 kB
Mem:          3.8G       3.7G       118M       5.7M        26M       3.2G

MemTotal:        4016004 kB
MemFree:          121280 kB
Active:           361488 kB
Mem:          3.8G       3.7G       118M       5.7M        26M       3.2G

MemTotal:        4016004 kB
MemFree:          121280 kB
Active:           361476 kB
Mem:          3.8G       3.7G       118M       5.7M        26M       3.2G

MemTotal:        4016004 kB
MemFree:          120908 kB
Active:           361536 kB
Mem:          3.8G       3.7G       118M       5.7M        26M       3.2G

MemTotal:        4016004 kB
MemFree:          121280 kB
Active:           361532 kB
