MemTotal:        4016004 kB
MemFree:         3222880 kB
Active:           438436 kB
Mem:          3.8G       774M       3.1G       5.7M        55M       319M

MemTotal:        4016004 kB
MemFree:         3222476 kB
Active:           438652 kB
Mem:          3.8G       774M       3.1G       5.7M        55M       319M

MemTotal:        4016004 kB
MemFree:         3222320 kB
Active:           438688 kB
Mem:          3.8G       775M       3.1G       5.7M        55M       319M

MemTotal:        4016004 kB
MemFree:         3221808 kB
Active:           438708 kB
Mem:          3.8G       775M       3.1G       5.7M        55M       319M

MemTotal:        4016004 kB
MemFree:         3221916 kB
Active:           438700 kB
Mem:          3.8G       775M       3.1G       5.7M        55M       319M

MemTotal:        4016004 kB
MemFree:         3222148 kB
Active:           438692 kB
Mem:          3.8G       775M       3.1G       5.7M        55M       319M

MemTotal:        4016004 kB
MemFree:         3221636 kB
Active:           438712 kB
Mem:          3.8G       775M       3.1G       5.7M        55M       319M

MemTotal:        4016004 kB
MemFree:         3221372 kB
Active:           438748 kB
Mem:          3.8G       775M       3.1G       5.7M        55M       319M

MemTotal:        4016004 kB
MemFree:         3221728 kB
Active:           438736 kB
Mem:          3.8G       775M       3.1G       5.7M        55M       319M

MemTotal:        4016004 kB
MemFree:         3221712 kB
Active:           438716 kB
Mem:          3.8G       775M       3.1G       5.7M        55M       319M

MemTotal:        4016004 kB
MemFree:         3221448 kB
Active:           438728 kB
Mem:          3.8G       775M       3.1G       5.7M        55M       319M

MemTotal:        4016004 kB
MemFree:         3222052 kB
Active:           438732 kB
Mem:          3.8G       775M       3.1G       5.7M        55M       319M

MemTotal:        4016004 kB
MemFree:         3222036 kB
Active:           438692 kB
Mem:          3.8G       775M       3.1G       5.7M        55M       319M

MemTotal:        4016004 kB
MemFree:         3222268 kB
Active:           438700 kB
Mem:          3.8G       775M       3.1G       5.7M        55M       319M

MemTotal:        4016004 kB
MemFree:         3222004 kB
Active:           438732 kB
Mem:          3.8G       775M       3.1G       5.7M        55M       319M

MemTotal:        4016004 kB
MemFree:         3222004 kB
Active:           438740 kB
Mem:          3.8G       775M       3.1G       5.7M        55M       319M

MemTotal:        4016004 kB
MemFree:         3221772 kB
Active:           438752 kB
Mem:          3.8G       775M       3.1G       5.7M        55M       319M

MemTotal:        4016004 kB
MemFree:         3222144 kB
Active:           438704 kB
Mem:          3.8G       775M       3.1G       5.7M        55M       319M

MemTotal:        4016004 kB
MemFree:         3222004 kB
Active:           438724 kB
Mem:          3.8G       775M       3.1G       5.7M        55M       319M

MemTotal:        4016004 kB
MemFree:         3222236 kB
Active:           438736 kB
Mem:          3.8G       775M       3.1G       5.7M        55M       319M

MemTotal:        4016004 kB
MemFree:         3221740 kB
Active:           438728 kB
Mem:          3.8G       775M       3.1G       5.7M        55M       319M

MemTotal:        4016004 kB
MemFree:         3221368 kB
Active:           438752 kB
Mem:          3.8G       775M       3.1G       5.7M        55M       319M

MemTotal:        4016004 kB
MemFree:         3221352 kB
Active:           438704 kB
Mem:          3.8G       776M       3.1G       5.7M        55M       319M

MemTotal:        4016004 kB
MemFree:         3221584 kB
Active:           438712 kB
Mem:          3.8G       776M       3.1G       5.7M        55M       319M

MemTotal:        4016004 kB
MemFree:         3221088 kB
Active:           438760 kB
Mem:          3.8G       775M       3.1G       5.7M        55M       319M

MemTotal:        4016004 kB
MemFree:         3221336 kB
Active:           438740 kB
Mem:          3.8G       776M       3.1G       5.7M        55M       319M

MemTotal:        4016004 kB
MemFree:         3219412 kB
Active:           438740 kB
Mem:          3.8G       777M       3.1G       5.7M        55M       319M

MemTotal:        4016004 kB
MemFree:         3219444 kB
Active:           440768 kB
Mem:          3.8G       778M       3.1G       5.7M        55M       319M

MemTotal:        4016004 kB
MemFree:         3219196 kB
Active:           440796 kB
Mem:          3.8G       778M       3.1G       5.7M        55M       319M

MemTotal:        4016004 kB
MemFree:         3219692 kB
Active:           440780 kB
Mem:          3.8G       777M       3.1G       5.7M        55M       319M

MemTotal:        4016004 kB
MemFree:         3219320 kB
Active:           440796 kB
Mem:          3.8G       778M       3.1G       5.7M        55M       319M

MemTotal:        4016004 kB
MemFree:         3219568 kB
Active:           440768 kB
Mem:          3.8G       777M       3.1G       5.7M        55M       319M

MemTotal:        4016004 kB
MemFree:         3219444 kB
Active:           440784 kB
Mem:          3.8G       777M       3.1G       5.7M        55M       319M

MemTotal:        4016004 kB
MemFree:         3219512 kB
Active:           440752 kB
Mem:          3.8G       777M       3.1G       5.7M        55M       319M

MemTotal:        4016004 kB
MemFree:         3219884 kB
Active:           440760 kB
Mem:          3.8G       777M       3.1G       5.7M        55M       319M

MemTotal:        4016004 kB
MemFree:         3219760 kB
Active:           440752 kB
Mem:          3.8G       777M       3.1G       5.7M        55M       319M

MemTotal:        4016004 kB
MemFree:         3220256 kB
Active:           440780 kB
Mem:          3.8G       777M       3.1G       5.7M        55M       319M

MemTotal:        4016004 kB
MemFree:         3219760 kB
Active:           440808 kB
Mem:          3.8G       777M       3.1G       5.7M        55M       319M

MemTotal:        4016004 kB
MemFree:         3219636 kB
Active:           440808 kB
Mem:          3.8G       777M       3.1G       5.7M        55M       319M

MemTotal:        4016004 kB
MemFree:         3219636 kB
Active:           440780 kB
Mem:          3.8G       777M       3.1G       5.7M        55M       319M

MemTotal:        4016004 kB
MemFree:         3219512 kB
Active:           440800 kB
Mem:          3.8G       777M       3.1G       5.7M        55M       319M

MemTotal:        4016004 kB
MemFree:         3219388 kB
Active:           440776 kB
Mem:          3.8G       777M       3.1G       5.7M        55M       319M

MemTotal:        4016004 kB
MemFree:         3219016 kB
Active:           440764 kB
Mem:          3.8G       778M       3.1G       5.7M        55M       319M

MemTotal:        4016004 kB
MemFree:         3219496 kB
Active:           440812 kB
Mem:          3.8G       777M       3.1G       5.7M        55M       319M

MemTotal:        4016004 kB
MemFree:         3219356 kB
Active:           440804 kB
Mem:          3.8G       777M       3.1G       5.7M        55M       319M

MemTotal:        4016004 kB
MemFree:         3219092 kB
Active:           440824 kB
Mem:          3.8G       778M       3.1G       5.7M        55M       319M

MemTotal:        4016004 kB
MemFree:         3219464 kB
Active:           440812 kB
Mem:          3.8G       777M       3.1G       5.7M        55M       319M

MemTotal:        4016004 kB
MemFree:         3219340 kB
Active:           440820 kB
Mem:          3.8G       777M       3.1G       5.7M        55M       319M

MemTotal:        4016004 kB
MemFree:         3219464 kB
Active:           440780 kB
Mem:          3.8G       777M       3.1G       5.7M        55M       319M

MemTotal:        4016004 kB
MemFree:         3219464 kB
Active:           440792 kB
Mem:          3.8G       777M       3.1G       5.7M        55M       319M

MemTotal:        4016004 kB
MemFree:         3219804 kB
Active:           440796 kB
Mem:          3.8G       777M       3.1G       5.7M        55M       319M

MemTotal:        4016004 kB
MemFree:         3219912 kB
Active:           440784 kB
Mem:          3.8G       777M       3.1G       5.7M        55M       319M

MemTotal:        4016004 kB
MemFree:         3219416 kB
Active:           440820 kB
Mem:          3.8G       777M       3.1G       5.7M        55M       319M

MemTotal:        4016004 kB
MemFree:         3219648 kB
Active:           440820 kB
Mem:          3.8G       777M       3.1G       5.7M        55M       319M

MemTotal:        4016004 kB
MemFree:         3219772 kB
Active:           440832 kB
Mem:          3.8G       777M       3.1G       5.7M        55M       319M

MemTotal:        4016004 kB
MemFree:         3219836 kB
Active:           440848 kB
Mem:          3.8G       777M       3.1G       5.7M        55M       319M

MemTotal:        4016004 kB
MemFree:         3219836 kB
Active:           440852 kB
Mem:          3.8G       777M       3.1G       5.7M        55M       319M

MemTotal:        4016004 kB
MemFree:         3219712 kB
Active:           440808 kB
Mem:          3.8G       777M       3.1G       5.7M        55M       319M

MemTotal:        4016004 kB
MemFree:         3219588 kB
Active:           440832 kB
Mem:          3.8G       778M       3.1G       5.7M        55M       319M

MemTotal:        4016004 kB
MemFree:         3218844 kB
Active:           440864 kB
Mem:          3.8G       778M       3.1G       5.7M        55M       319M

MemTotal:        4016004 kB
MemFree:         3218920 kB
Active:           440936 kB
Mem:          3.8G       778M       3.1G       5.7M        55M       319M

MemTotal:        4016004 kB
MemFree:         3113040 kB
Active:           441348 kB
Mem:          3.8G       882M       3.0G       5.7M        55M       422M

MemTotal:        4016004 kB
MemFree:         2999448 kB
Active:           441380 kB
Mem:          3.8G       993M       2.9G       5.7M        55M       531M

MemTotal:        4016004 kB
MemFree:         2872432 kB
Active:           441396 kB
Mem:          3.8G       1.1G       2.7G       5.7M        55M       654M

MemTotal:        4016004 kB
MemFree:         2863172 kB
Active:           441396 kB
Mem:          3.8G       1.1G       2.7G       5.7M        55M       662M

MemTotal:        4016004 kB
MemFree:         2811696 kB
Active:           441384 kB
Mem:          3.8G       1.1G       2.7G       5.7M        55M       712M

MemTotal:        4016004 kB
MemFree:         2765328 kB
Active:           441404 kB
Mem:          3.8G       1.2G       2.6G       5.7M        55M       756M

MemTotal:        4016004 kB
MemFree:         2735136 kB
Active:           441388 kB
Mem:          3.8G       1.2G       2.6G       5.7M        55M       786M

MemTotal:        4016004 kB
MemFree:         2665368 kB
Active:           441396 kB
Mem:          3.8G       1.3G       2.5G       5.7M        55M       852M

MemTotal:        4016004 kB
MemFree:         2664176 kB
Active:           441444 kB
Mem:          3.8G       1.3G       2.5G       5.7M        55M       853M

MemTotal:        4016004 kB
MemFree:         2662856 kB
Active:           441444 kB
Mem:          3.8G       1.3G       2.5G       5.7M        55M       854M

MemTotal:        4016004 kB
MemFree:         2662924 kB
Active:           441468 kB
Mem:          3.8G       1.3G       2.5G       5.7M        55M       854M

MemTotal:        4016004 kB
MemFree:         2662284 kB
Active:           441488 kB
Mem:          3.8G       1.3G       2.5G       5.7M        55M       855M

MemTotal:        4016004 kB
MemFree:         2555484 kB
Active:           441484 kB
Mem:          3.8G       1.4G       2.4G       5.7M        55M       959M

MemTotal:        4016004 kB
MemFree:         2420236 kB
Active:           441496 kB
Mem:          3.8G       1.5G       2.3G       5.7M        55M       1.1G

MemTotal:        4016004 kB
MemFree:         2310008 kB
Active:           441492 kB
Mem:          3.8G       1.6G       2.2G       5.7M        55M       1.2G

MemTotal:        4016004 kB
MemFree:         2306068 kB
Active:           443524 kB
Mem:          3.8G       1.6G       2.2G       5.7M        55M       1.2G

MemTotal:        4016004 kB
MemFree:         2211592 kB
Active:           443504 kB
Mem:          3.8G       1.7G       2.1G       5.7M        55M       1.3G

MemTotal:        4016004 kB
MemFree:         2209220 kB
Active:           443488 kB
Mem:          3.8G       1.7G       2.1G       5.7M        55M       1.3G

MemTotal:        4016004 kB
MemFree:         2117236 kB
Active:           443516 kB
Mem:          3.8G       1.8G       2.0G       5.7M        55M       1.3G

MemTotal:        4016004 kB
MemFree:         2109824 kB
Active:           443540 kB
Mem:          3.8G       1.8G       2.0G       5.7M        55M       1.4G

MemTotal:        4016004 kB
MemFree:         2109592 kB
Active:           443556 kB
Mem:          3.8G       1.8G       2.0G       5.7M        55M       1.4G

MemTotal:        4016004 kB
MemFree:         2109316 kB
Active:           443548 kB
Mem:          3.8G       1.8G       2.0G       5.7M        55M       1.4G

MemTotal:        4016004 kB
MemFree:         2092360 kB
Active:           443612 kB
Mem:          3.8G       1.8G       2.0G       5.7M        55M       1.4G

MemTotal:        4016004 kB
MemFree:         1986380 kB
Active:           443560 kB
Mem:          3.8G       1.9G       1.9G       5.7M        55M       1.5G

MemTotal:        4016004 kB
MemFree:         1849304 kB
Active:           443608 kB
Mem:          3.8G       2.1G       1.8G       5.7M        55M       1.6G

MemTotal:        4016004 kB
MemFree:         1757876 kB
Active:           443676 kB
Mem:          3.8G       2.2G       1.7G       5.7M        55M       1.7G

MemTotal:        4016004 kB
MemFree:         1755284 kB
Active:           443616 kB
Mem:          3.8G       2.2G       1.7G       5.7M        55M       1.7G

MemTotal:        4016004 kB
MemFree:         1718444 kB
Active:           443608 kB
Mem:          3.8G       2.2G       1.6G       5.7M        55M       1.7G

MemTotal:        4016004 kB
MemFree:         1656796 kB
Active:           443636 kB
Mem:          3.8G       2.3G       1.6G       5.7M        55M       1.8G

MemTotal:        4016004 kB
MemFree:         1629808 kB
Active:           443624 kB
Mem:          3.8G       2.3G       1.6G       5.7M        55M       1.8G

MemTotal:        4016004 kB
MemFree:         1556576 kB
Active:           443636 kB
Mem:          3.8G       2.3G       1.5G       5.7M        55M       1.9G

MemTotal:        4016004 kB
MemFree:         1552192 kB
Active:           443636 kB
Mem:          3.8G       2.4G       1.5G       5.7M        55M       1.9G

MemTotal:        4016004 kB
MemFree:         1456824 kB
Active:           443648 kB
Mem:          3.8G       2.4G       1.4G       5.7M        55M       2.0G

MemTotal:        4016004 kB
MemFree:         1455128 kB
Active:           443648 kB
Mem:          3.8G       2.4G       1.4G       5.7M        55M       2.0G

MemTotal:        4016004 kB
MemFree:         1453980 kB
Active:           443648 kB
Mem:          3.8G       2.4G       1.4G       5.7M        55M       2.0G

MemTotal:        4016004 kB
MemFree:         1453012 kB
Active:           441728 kB
Mem:          3.8G       2.4G       1.4G       5.7M        55M       2.0G

MemTotal:        4016004 kB
MemFree:         1451756 kB
Active:           443628 kB
Mem:          3.8G       2.4G       1.4G       5.7M        55M       2.0G

MemTotal:        4016004 kB
MemFree:         1385568 kB
Active:           443664 kB
Mem:          3.8G       2.5G       1.3G       5.7M        55M       2.0G

MemTotal:        4016004 kB
MemFree:         1250012 kB
Active:           443692 kB
Mem:          3.8G       2.6G       1.2G       5.7M        55M       2.2G

MemTotal:        4016004 kB
MemFree:         1123136 kB
Active:           443660 kB
Mem:          3.8G       2.8G       1.1G       5.7M        55M       2.3G

MemTotal:        4016004 kB
MemFree:         1105152 kB
Active:           443692 kB
Mem:          3.8G       2.8G       1.1G       5.7M        55M       2.3G

MemTotal:        4016004 kB
MemFree:         1015308 kB
Active:           443652 kB
Mem:          3.8G       2.9G       991M       5.7M        55M       2.4G

MemTotal:        4016004 kB
MemFree:         1013336 kB
Active:           443680 kB
Mem:          3.8G       2.9G       989M       5.7M        55M       2.4G

MemTotal:        4016004 kB
MemFree:          924160 kB
Active:           443692 kB
Mem:          3.8G       2.9G       902M       5.7M        55M       2.5G

MemTotal:        4016004 kB
MemFree:          920340 kB
Active:           443720 kB
Mem:          3.8G       3.0G       898M       5.7M        55M       2.5G

MemTotal:        4016004 kB
MemFree:          916896 kB
Active:           445760 kB
Mem:          3.8G       3.0G       895M       5.7M        55M       2.5G

MemTotal:        4016004 kB
MemFree:          917072 kB
Active:           445720 kB
Mem:          3.8G       3.0G       895M       5.7M        55M       2.5G

MemTotal:        4016004 kB
MemFree:          866124 kB
Active:           445736 kB
Mem:          3.8G       3.0G       845M       5.7M        55M       2.5G

MemTotal:        4016004 kB
MemFree:          758128 kB
Active:           445720 kB
Mem:          3.8G       3.1G       739M       5.7M        55M       2.6G

MemTotal:        4016004 kB
MemFree:          621160 kB
Active:           445756 kB
Mem:          3.8G       3.2G       605M       5.7M        55M       2.8G

MemTotal:        4016004 kB
MemFree:          493664 kB
Active:           445732 kB
Mem:          3.8G       3.4G       481M       5.7M        55M       2.9G

MemTotal:        4016004 kB
MemFree:          365284 kB
Active:           445748 kB
Mem:          3.8G       3.5G       355M       5.7M        55M       3.0G

MemTotal:        4016004 kB
MemFree:          274464 kB
Active:           445760 kB
Mem:          3.8G       3.6G       267M       5.7M        55M       3.1G

MemTotal:        4016004 kB
MemFree:          272168 kB
Active:           445764 kB
Mem:          3.8G       3.6G       265M       5.7M        55M       3.1G

MemTotal:        4016004 kB
MemFree:          270776 kB
Active:           445792 kB
Mem:          3.8G       3.6G       263M       5.7M        55M       3.1G

MemTotal:        4016004 kB
MemFree:          266744 kB
Active:           445836 kB
Mem:          3.8G       3.6G       260M       5.7M        55M       3.1G

MemTotal:        4016004 kB
MemFree:          265720 kB
Active:           445808 kB
Mem:          3.8G       3.6G       258M       5.7M        55M       3.1G

MemTotal:        4016004 kB
MemFree:          265844 kB
Active:           445808 kB
Mem:          3.8G       3.6G       259M       5.7M        55M       3.1G

MemTotal:        4016004 kB
MemFree:          264884 kB
Active:           445848 kB
Mem:          3.8G       3.6G       258M       5.7M        55M       3.1G

MemTotal:        4016004 kB
MemFree:          264872 kB
Active:           445824 kB
Mem:          3.8G       3.6G       258M       5.7M        55M       3.1G

MemTotal:        4016004 kB
MemFree:          265076 kB
Active:           445852 kB
Mem:          3.8G       3.6G       258M       5.7M        55M       3.1G

MemTotal:        4016004 kB
MemFree:          258760 kB
Active:           445848 kB
Mem:          3.8G       3.6G       252M       5.7M        55M       3.1G

MemTotal:        4016004 kB
MemFree:          139448 kB
Active:           445824 kB
Mem:          3.8G       3.7G       135M       5.7M        55M       3.2G

MemTotal:        4016004 kB
MemFree:          114784 kB
Active:           480628 kB
Mem:          3.8G       3.7G       135M       5.7M        20M       3.2G

MemTotal:        4016004 kB
MemFree:          135644 kB
Active:           497940 kB
Mem:          3.8G       3.7G       131M       5.7M        20M       3.2G

MemTotal:        4016004 kB
MemFree:          133576 kB
Active:           497828 kB
Mem:          3.8G       3.7G       130M       5.7M        20M       3.2G

MemTotal:        4016004 kB
MemFree:          133684 kB
Active:           489784 kB
Mem:          3.8G       3.7G       130M       5.7M        20M       3.2G

MemTotal:        4016004 kB
MemFree:          127784 kB
Active:           487864 kB
Mem:          3.8G       3.7G       124M       5.7M        20M       3.2G

MemTotal:        4016004 kB
MemFree:          126516 kB
Active:           487900 kB
Mem:          3.8G       3.7G       123M       5.7M        20M       3.2G

MemTotal:        4016004 kB
MemFree:          125680 kB
Active:           487884 kB
Mem:          3.8G       3.7G       122M       5.7M        20M       3.2G

MemTotal:        4016004 kB
MemFree:          125060 kB
Active:           487880 kB
Mem:          3.8G       3.7G       121M       5.7M        20M       3.2G

MemTotal:        4016004 kB
MemFree:          120928 kB
Active:           487876 kB
Mem:          3.8G       3.7G       117M       5.7M        20M       3.3G

MemTotal:        4016004 kB
MemFree:          124844 kB
Active:           472756 kB
Mem:          3.8G       3.7G       123M       5.7M        20M       3.2G

MemTotal:        4016004 kB
MemFree:          132008 kB
Active:           458660 kB
Mem:          3.8G       3.7G       128M       5.7M        20M       3.2G

MemTotal:        4016004 kB
MemFree:          116764 kB
Active:           451752 kB
Mem:          3.8G       3.7G       113M       5.7M        20M       3.3G

MemTotal:        4016004 kB
MemFree:          124392 kB
Active:           446892 kB
Mem:          3.8G       3.7G       121M       5.7M        20M       3.2G

MemTotal:        4016004 kB
MemFree:          127664 kB
Active:           444460 kB
Mem:          3.8G       3.7G       124M       5.7M        20M       3.2G

MemTotal:        4016004 kB
MemFree:          127140 kB
Active:           444452 kB
Mem:          3.8G       3.7G       123M       5.7M        20M       3.2G

MemTotal:        4016004 kB
MemFree:          142312 kB
Active:           440240 kB
Mem:          3.8G       3.7G       138M       5.7M        20M       3.2G

MemTotal:        4016004 kB
MemFree:          140988 kB
Active:           440252 kB
Mem:          3.8G       3.7G       137M       5.7M        20M       3.2G

MemTotal:        4016004 kB
MemFree:          139936 kB
Active:           440264 kB
Mem:          3.8G       3.7G       136M       5.7M        20M       3.2G

MemTotal:        4016004 kB
MemFree:          139056 kB
Active:           440264 kB
Mem:          3.8G       3.7G       135M       5.7M        20M       3.2G

MemTotal:        4016004 kB
MemFree:          137664 kB
Active:           440264 kB
Mem:          3.8G       3.7G       133M       5.7M        20M       3.2G

MemTotal:        4016004 kB
MemFree:          132408 kB
Active:           437456 kB
Mem:          3.8G       3.7G       129M       5.7M        20M       3.2G

MemTotal:        4016004 kB
MemFree:          138012 kB
Active:           430748 kB
Mem:          3.8G       3.7G       134M       5.7M        20M       3.2G

MemTotal:        4016004 kB
MemFree:          138364 kB
Active:           424528 kB
Mem:          3.8G       3.7G       134M       5.7M        20M       3.2G

MemTotal:        4016004 kB
MemFree:          143572 kB
Active:           422484 kB
Mem:          3.8G       3.7G       139M       5.7M        20M       3.2G

MemTotal:        4016004 kB
MemFree:          141584 kB
Active:           421204 kB
Mem:          3.8G       3.7G       138M       5.7M        20M       3.2G

MemTotal:        4016004 kB
MemFree:          128660 kB
Active:           421148 kB
Mem:          3.8G       3.7G       124M       5.7M        20M       3.2G

MemTotal:        4016004 kB
MemFree:          140640 kB
Active:           419936 kB
Mem:          3.8G       3.7G       136M       5.7M        20M       3.2G

MemTotal:        4016004 kB
MemFree:          142020 kB
Active:           414484 kB
Mem:          3.8G       3.7G       138M       5.7M        20M       3.2G

MemTotal:        4016004 kB
MemFree:          129772 kB
Active:           410872 kB
Mem:          3.8G       3.7G       126M       5.7M        20M       3.2G

MemTotal:        4016004 kB
MemFree:          128976 kB
Active:           410756 kB
Mem:          3.8G       3.7G       125M       5.7M        20M       3.2G

MemTotal:        4016004 kB
MemFree:          127300 kB
Active:           410772 kB
Mem:          3.8G       3.7G       124M       5.7M        20M       3.2G

MemTotal:        4016004 kB
MemFree:          127024 kB
Active:           410748 kB
Mem:          3.8G       3.7G       123M       5.7M        20M       3.2G

MemTotal:        4016004 kB
MemFree:          126656 kB
Active:           407712 kB
Mem:          3.8G       3.7G       123M       5.7M        20M       3.2G

MemTotal:        4016004 kB
MemFree:          125860 kB
Active:           403256 kB
Mem:          3.8G       3.7G       122M       5.7M        20M       3.2G

MemTotal:        4016004 kB
MemFree:          138912 kB
Active:           400440 kB
Mem:          3.8G       3.7G       134M       5.7M        20M       3.2G

MemTotal:        4016004 kB
MemFree:          133812 kB
Active:           399544 kB
Mem:          3.8G       3.7G       130M       5.7M        20M       3.2G

MemTotal:        4016004 kB
MemFree:          125076 kB
Active:           396440 kB
Mem:          3.8G       3.7G       121M       5.7M        20M       3.2G

MemTotal:        4016004 kB
MemFree:          133612 kB
Active:           394660 kB
Mem:          3.8G       3.7G       129M       5.7M        20M       3.2G

MemTotal:        4016004 kB
MemFree:          134820 kB
Active:           392996 kB
Mem:          3.8G       3.7G       131M       5.7M        20M       3.2G

MemTotal:        4016004 kB
MemFree:          134260 kB
Active:           393008 kB
Mem:          3.8G       3.7G       130M       5.7M        20M       3.2G

MemTotal:        4016004 kB
MemFree:          132532 kB
Active:           393008 kB
Mem:          3.8G       3.7G       129M       5.7M        20M       3.2G

MemTotal:        4016004 kB
MemFree:          132848 kB
Active:           392976 kB
Mem:          3.8G       3.7G       129M       5.7M        20M       3.2G

MemTotal:        4016004 kB
MemFree:          132992 kB
Active:           392996 kB
Mem:          3.8G       3.7G       129M       5.7M        20M       3.2G

MemTotal:        4016004 kB
MemFree:          107944 kB
Active:           391744 kB
Mem:          3.8G       3.7G       104M       5.7M        20M       3.3G

MemTotal:        4016004 kB
MemFree:          147372 kB
Active:           384464 kB
Mem:          3.8G       3.7G       143M       5.7M        20M       3.2G

MemTotal:        4016004 kB
MemFree:          124232 kB
Active:           381264 kB
Mem:          3.8G       3.7G       120M       5.7M        20M       3.2G

MemTotal:        4016004 kB
MemFree:          137140 kB
Active:           379088 kB
Mem:          3.8G       3.7G       133M       5.7M        20M       3.2G

MemTotal:        4016004 kB
MemFree:          134440 kB
Active:           378088 kB
Mem:          3.8G       3.7G       131M       5.7M        20M       3.2G

MemTotal:        4016004 kB
MemFree:          140172 kB
Active:           378088 kB
Mem:          3.8G       3.7G       136M       5.7M        20M       3.2G

MemTotal:        4016004 kB
MemFree:          124532 kB
Active:           378088 kB
Mem:          3.8G       3.7G       122M       5.7M        20M       3.2G

MemTotal:        4016004 kB
MemFree:          137624 kB
Active:           378096 kB
Mem:          3.8G       3.7G       133M       5.7M        20M       3.2G

MemTotal:        4016004 kB
MemFree:          131328 kB
Active:           378116 kB
Mem:          3.8G       3.7G       128M       5.7M        20M       3.2G

MemTotal:        4016004 kB
MemFree:          130432 kB
Active:           378116 kB
Mem:          3.8G       3.7G       127M       5.7M        20M       3.2G

MemTotal:        4016004 kB
MemFree:          128544 kB
Active:           378116 kB
Mem:          3.8G       3.7G       125M       5.7M        20M       3.2G

MemTotal:        4016004 kB
MemFree:          127184 kB
Active:           378108 kB
Mem:          3.8G       3.7G       123M       5.7M        20M       3.2G

MemTotal:        4016004 kB
MemFree:          121268 kB
Active:           378116 kB
Mem:          3.8G       3.7G       117M       5.7M        20M       3.2G

MemTotal:        4016004 kB
MemFree:          122480 kB
Active:           377084 kB
Mem:          3.8G       3.7G       118M       5.7M        20M       3.2G

MemTotal:        4016004 kB
MemFree:          132044 kB
Active:           376956 kB
Mem:          3.8G       3.7G       127M       5.7M        20M       3.2G

MemTotal:        4016004 kB
MemFree:          120480 kB
Active:           375372 kB
Mem:          3.8G       3.7G       117M       5.7M        20M       3.3G

MemTotal:        4016004 kB
MemFree:          149524 kB
Active:           375136 kB
Mem:          3.8G       3.7G       145M       5.7M        20M       3.2G

MemTotal:        4016004 kB
MemFree:          118148 kB
Active:           375116 kB
Mem:          3.8G       3.7G       114M       5.7M        20M       3.3G

MemTotal:        4016004 kB
MemFree:          146384 kB
Active:           375136 kB
Mem:          3.8G       3.7G       142M       5.7M        20M       3.2G

MemTotal:        4016004 kB
MemFree:          127452 kB
Active:           375144 kB
Mem:          3.8G       3.7G       124M       5.7M        20M       3.2G

MemTotal:        4016004 kB
MemFree:          124216 kB
Active:           375156 kB
Mem:          3.8G       3.7G       121M       5.7M        20M       3.2G

MemTotal:        4016004 kB
MemFree:          123476 kB
Active:           375156 kB
Mem:          3.8G       3.7G       120M       5.7M        20M       3.2G

MemTotal:        4016004 kB
MemFree:          121180 kB
Active:           375156 kB
Mem:          3.8G       3.7G       118M       5.7M        20M       3.2G

MemTotal:        4016004 kB
MemFree:          106804 kB
Active:           375152 kB
Mem:          3.8G       3.7G       103M       5.7M        20M       3.3G

MemTotal:        4016004 kB
MemFree:          133224 kB
Active:           375164 kB
Mem:          3.8G       3.7G       129M       5.7M        20M       3.2G

MemTotal:        4016004 kB
MemFree:          121236 kB
Active:           375164 kB
Mem:          3.8G       3.7G       118M       5.7M        20M       3.2G

MemTotal:        4016004 kB
MemFree:          133812 kB
Active:           375164 kB
Mem:          3.8G       3.7G       130M       5.7M        20M       3.2G

MemTotal:        4016004 kB
MemFree:          129952 kB
Active:           374588 kB
Mem:          3.8G       3.7G       126M       5.7M        20M       3.2G

MemTotal:        4016004 kB
MemFree:          127076 kB
Active:           374576 kB
Mem:          3.8G       3.7G       123M       5.7M        20M       3.2G

MemTotal:        4016004 kB
MemFree:          124052 kB
Active:           374596 kB
Mem:          3.8G       3.7G       121M       5.7M        20M       3.2G

MemTotal:        4016004 kB
MemFree:          138292 kB
Active:           374596 kB
Mem:          3.8G       3.7G       134M       5.7M        20M       3.2G

MemTotal:        4016004 kB
MemFree:          136512 kB
Active:           374600 kB
Mem:          3.8G       3.7G       132M       5.7M        20M       3.2G

MemTotal:        4016004 kB
MemFree:          134704 kB
Active:           374608 kB
Mem:          3.8G       3.7G       131M       5.7M        20M       3.2G

MemTotal:        4016004 kB
MemFree:          132956 kB
Active:           374608 kB
Mem:          3.8G       3.7G       129M       5.7M        20M       3.2G

MemTotal:        4016004 kB
MemFree:          133304 kB
Active:           374584 kB
Mem:          3.8G       3.7G       129M       5.7M        20M       3.2G

MemTotal:        4016004 kB
MemFree:          129748 kB
Active:           374616 kB
Mem:          3.8G       3.7G       138M       5.7M        20M       3.2G

MemTotal:        4016004 kB
MemFree:          115532 kB
Active:           373980 kB
Mem:          3.8G       3.7G       112M       5.7M        20M       3.3G

MemTotal:        4016004 kB
MemFree:          140948 kB
Active:           373980 kB
Mem:          3.8G       3.7G       137M       5.7M        20M       3.2G

MemTotal:        4016004 kB
MemFree:          125128 kB
Active:           373996 kB
Mem:          3.8G       3.7G       121M       5.7M        20M       3.2G

MemTotal:        4016004 kB
MemFree:          141728 kB
Active:           373996 kB
Mem:          3.8G       3.7G       137M       5.7M        20M       3.2G

MemTotal:        4016004 kB
MemFree:          133108 kB
Active:           370908 kB
Mem:          3.8G       3.7G       129M       5.7M        20M       3.2G

MemTotal:        4016004 kB
MemFree:          135788 kB
Active:           370908 kB
Mem:          3.8G       3.7G       132M       5.7M        20M       3.2G

MemTotal:        4016004 kB
MemFree:          136500 kB
Active:           370916 kB
Mem:          3.8G       3.7G       133M       5.7M        20M       3.2G

MemTotal:        4016004 kB
MemFree:          135628 kB
Active:           370924 kB
Mem:          3.8G       3.7G       132M       5.7M        20M       3.2G

MemTotal:        4016004 kB
MemFree:          134700 kB
Active:           370924 kB
Mem:          3.8G       3.7G       131M       5.7M        20M       3.2G

MemTotal:        4016004 kB
MemFree:          134672 kB
Active:           370920 kB
Mem:          3.8G       3.7G       131M       5.7M        20M       3.2G

MemTotal:        4016004 kB
MemFree:          130852 kB
Active:           370924 kB
Mem:          3.8G       3.7G       126M       5.7M        20M       3.2G

MemTotal:        4016004 kB
MemFree:          129344 kB
Active:           370932 kB
Mem:          3.8G       3.7G       126M       5.7M        20M       3.2G

MemTotal:        4016004 kB
MemFree:          125320 kB
Active:           370512 kB
Mem:          3.8G       3.7G       120M       5.7M        20M       3.2G

MemTotal:        4016004 kB
MemFree:          117252 kB
Active:           370372 kB
Mem:          3.8G       3.7G       113M       5.7M        20M       3.3G

MemTotal:        4016004 kB
MemFree:          134708 kB
Active:           370388 kB
Mem:          3.8G       3.7G       131M       5.7M        20M       3.2G

MemTotal:        4016004 kB
MemFree:          123004 kB
Active:           370396 kB
Mem:          3.8G       3.7G       119M       5.7M        20M       3.2G

MemTotal:        4016004 kB
MemFree:          126188 kB
Active:           370396 kB
Mem:          3.8G       3.7G       123M       5.7M        20M       3.2G

MemTotal:        4016004 kB
MemFree:          138236 kB
Active:           368004 kB
Mem:          3.8G       3.7G       134M       5.7M        20M       3.2G

MemTotal:        4016004 kB
MemFree:          105136 kB
Active:           368008 kB
Mem:          3.8G       3.7G       102M       5.7M        20M       3.3G

MemTotal:        4016004 kB
MemFree:          126008 kB
Active:           368036 kB
Mem:          3.8G       3.7G       123M       5.7M        21M       3.2G

MemTotal:        4016004 kB
MemFree:          125404 kB
Active:           368048 kB
Mem:          3.8G       3.7G       122M       5.7M        21M       3.2G

MemTotal:        4016004 kB
MemFree:          125368 kB
Active:           368036 kB
Mem:          3.8G       3.7G       122M       5.7M        21M       3.2G

MemTotal:        4016004 kB
MemFree:          125620 kB
Active:           368028 kB
Mem:          3.8G       3.7G       122M       5.7M        21M       3.2G

MemTotal:        4016004 kB
MemFree:          140944 kB
Active:           368056 kB
Mem:          3.8G       3.7G       137M       5.7M        21M       3.2G

MemTotal:        4016004 kB
MemFree:          135200 kB
Active:           368056 kB
Mem:          3.8G       3.7G       130M       5.7M        21M       3.2G

MemTotal:        4016004 kB
MemFree:          135720 kB
Active:           362032 kB
Mem:          3.8G       3.7G       132M       5.7M        21M       3.2G

MemTotal:        4016004 kB
MemFree:          151904 kB
Active:           361836 kB
Mem:          3.8G       3.7G       148M       5.7M        21M       3.2G

MemTotal:        4016004 kB
MemFree:          133368 kB
Active:           361836 kB
Mem:          3.8G       3.7G       129M       5.7M        21M       3.2G

MemTotal:        4016004 kB
MemFree:          137520 kB
Active:           361840 kB
Mem:          3.8G       3.7G       134M       5.7M        21M       3.2G

MemTotal:        4016004 kB
MemFree:          143324 kB
Active:           361852 kB
Mem:          3.8G       3.7G       139M       5.7M        21M       3.2G

MemTotal:        4016004 kB
MemFree:          114772 kB
Active:           361852 kB
Mem:          3.8G       3.7G       111M       5.7M        21M       3.3G

MemTotal:        4016004 kB
MemFree:          114712 kB
Active:           361868 kB
Mem:          3.8G       3.7G       111M       5.7M        21M       3.3G

MemTotal:        4016004 kB
MemFree:          112668 kB
Active:           361828 kB
Mem:          3.8G       3.7G       109M       5.7M        21M       3.3G

MemTotal:        4016004 kB
MemFree:          112564 kB
Active:           364008 kB
Mem:          3.8G       3.7G       109M       5.7M        21M       3.3G

MemTotal:        4016004 kB
MemFree:          109992 kB
Active:           363900 kB
Mem:          3.8G       3.7G       107M       5.7M        21M       3.3G

MemTotal:        4016004 kB
MemFree:          124888 kB
Active:           362876 kB
Mem:          3.8G       3.7G       121M       5.7M        21M       3.2G

MemTotal:        4016004 kB
MemFree:          128452 kB
Active:           361720 kB
Mem:          3.8G       3.7G       124M       5.7M        21M       3.2G

MemTotal:        4016004 kB
MemFree:          137872 kB
Active:           361720 kB
Mem:          3.8G       3.7G       133M       5.7M        21M       3.2G

MemTotal:        4016004 kB
MemFree:          141088 kB
Active:           361720 kB
Mem:          3.8G       3.7G       137M       5.7M        21M       3.2G

MemTotal:        4016004 kB
MemFree:          129068 kB
Active:           361704 kB
Mem:          3.8G       3.7G       125M       5.7M        21M       3.2G

MemTotal:        4016004 kB
MemFree:          144220 kB
Active:           358824 kB
Mem:          3.8G       3.7G       140M       5.7M        21M       3.2G

MemTotal:        4016004 kB
MemFree:          144644 kB
Active:           359284 kB
Mem:          3.8G       3.7G       141M       5.7M        21M       3.2G

MemTotal:        4016004 kB
MemFree:          133208 kB
Active:           358424 kB
Mem:          3.8G       3.7G       129M       5.7M        21M       3.2G

MemTotal:        4016004 kB
MemFree:          105456 kB
Active:           358392 kB
Mem:          3.8G       3.7G       102M       5.7M        21M       3.3G

MemTotal:        4016004 kB
MemFree:          127832 kB
Active:           358300 kB
Mem:          3.8G       3.7G       124M       5.7M        21M       3.2G

MemTotal:        4016004 kB
MemFree:          127232 kB
Active:           358252 kB
Mem:          3.8G       3.7G       123M       5.7M        21M       3.2G

MemTotal:        4016004 kB
MemFree:          126444 kB
Active:           358292 kB
Mem:          3.8G       3.7G       123M       5.7M        21M       3.2G

MemTotal:        4016004 kB
MemFree:          126044 kB
Active:           358284 kB
Mem:          3.8G       3.7G       122M       5.7M        21M       3.2G

MemTotal:        4016004 kB
MemFree:          121044 kB
Active:           358324 kB
Mem:          3.8G       3.7G       117M       5.7M        21M       3.2G

MemTotal:        4016004 kB
MemFree:          127800 kB
Active:           358324 kB
Mem:          3.8G       3.7G       124M       5.7M        21M       3.2G

MemTotal:        4016004 kB
MemFree:          111724 kB
Active:           355556 kB
Mem:          3.8G       3.7G       108M       5.7M        21M       3.3G

MemTotal:        4016004 kB
MemFree:          136028 kB
Active:           359144 kB
Mem:          3.8G       3.7G       132M       5.7M        21M       3.2G

MemTotal:        4016004 kB
MemFree:          124720 kB
Active:           356848 kB
Mem:          3.8G       3.7G       125M       5.7M        21M       3.2G

MemTotal:        4016004 kB
MemFree:          131704 kB
Active:           356248 kB
Mem:          3.8G       3.7G       128M       5.7M        21M       3.2G

MemTotal:        4016004 kB
MemFree:          136572 kB
Active:           354568 kB
Mem:          3.8G       3.7G       133M       5.7M        21M       3.2G

MemTotal:        4016004 kB
MemFree:          108032 kB
Active:           354564 kB
Mem:          3.8G       3.7G       105M       5.7M        21M       3.3G

MemTotal:        4016004 kB
MemFree:          105980 kB
Active:           354592 kB
Mem:          3.8G       3.7G       103M       5.7M        21M       3.3G

MemTotal:        4016004 kB
MemFree:          106000 kB
Active:           354596 kB
Mem:          3.8G       3.7G       103M       5.7M        21M       3.3G

MemTotal:        4016004 kB
MemFree:          106156 kB
Active:           354572 kB
Mem:          3.8G       3.7G       103M       5.7M        21M       3.3G

MemTotal:        4016004 kB
MemFree:          106308 kB
Active:           354580 kB
Mem:          3.8G       3.7G       103M       5.7M        21M       3.3G

MemTotal:        4016004 kB
MemFree:          142280 kB
Active:           354608 kB
Mem:          3.8G       3.7G       138M       5.7M        21M       3.2G

MemTotal:        4016004 kB
MemFree:          115172 kB
Active:           354612 kB
Mem:          3.8G       3.7G       112M       5.7M        21M       3.2G

MemTotal:        4016004 kB
MemFree:          127500 kB
Active:           352604 kB
Mem:          3.8G       3.7G       123M       5.7M        21M       3.2G

MemTotal:        4016004 kB
MemFree:          115508 kB
Active:           352620 kB
Mem:          3.8G       3.7G       134M       5.7M        21M       3.2G

MemTotal:        4016004 kB
MemFree:          114424 kB
Active:           352628 kB
Mem:          3.8G       3.7G       111M       5.7M        21M       3.2G

MemTotal:        4016004 kB
MemFree:          136600 kB
Active:           352628 kB
Mem:          3.8G       3.7G       133M       5.7M        21M       3.2G

MemTotal:        4016004 kB
MemFree:          110576 kB
Active:           352600 kB
Mem:          3.8G       3.7G       107M       5.7M        21M       3.3G

MemTotal:        4016004 kB
MemFree:          109396 kB
Active:           352600 kB
Mem:          3.8G       3.7G       106M       5.7M        21M       3.3G

MemTotal:        4016004 kB
MemFree:          106504 kB
Active:           352624 kB
Mem:          3.8G       3.7G       103M       5.7M        21M       3.3G

MemTotal:        4016004 kB
MemFree:          105700 kB
Active:           352612 kB
Mem:          3.8G       3.7G       102M       5.7M        21M       3.3G

MemTotal:        4016004 kB
MemFree:          128408 kB
Active:           352648 kB
Mem:          3.8G       3.7G       124M       5.7M        21M       3.2G

MemTotal:        4016004 kB
MemFree:          129756 kB
Active:           352520 kB
Mem:          3.8G       3.7G       126M       5.7M        21M       3.2G

MemTotal:        4016004 kB
MemFree:          120236 kB
Active:           352520 kB
Mem:          3.8G       3.7G       116M       5.7M        21M       3.2G

MemTotal:        4016004 kB
MemFree:          139460 kB
Active:           349016 kB
Mem:          3.8G       3.7G       135M       5.7M        21M       3.2G

MemTotal:        4016004 kB
MemFree:          134800 kB
Active:           348892 kB
Mem:          3.8G       3.7G       130M       5.7M        21M       3.2G

MemTotal:        4016004 kB
MemFree:          137684 kB
Active:           348884 kB
Mem:          3.8G       3.7G       134M       5.7M        21M       3.2G

MemTotal:        4016004 kB
MemFree:          124116 kB
Active:           348892 kB
Mem:          3.8G       3.7G       121M       5.7M        21M       3.2G

MemTotal:        4016004 kB
MemFree:          140704 kB
Active:           348904 kB
Mem:          3.8G       3.7G       135M       5.7M        21M       3.2G

MemTotal:        4016004 kB
MemFree:          144124 kB
Active:           348912 kB
Mem:          3.8G       3.7G       140M       5.7M        21M       3.2G

MemTotal:        4016004 kB
MemFree:          122328 kB
Active:           348888 kB
Mem:          3.8G       3.7G       118M       5.7M        21M       3.2G

MemTotal:        4016004 kB
MemFree:          120716 kB
Active:           348892 kB
Mem:          3.8G       3.7G       117M       5.7M        21M       3.2G

MemTotal:        4016004 kB
MemFree:          119584 kB
Active:           348180 kB
Mem:          3.8G       3.7G       116M       5.7M        21M       3.2G

MemTotal:        4016004 kB
MemFree:          119168 kB
Active:           350140 kB
Mem:          3.8G       3.7G       116M       5.7M        21M       3.2G

MemTotal:        4016004 kB
MemFree:          119084 kB
Active:           350128 kB
Mem:          3.8G       3.7G       116M       5.7M        21M       3.2G

MemTotal:        4016004 kB
MemFree:          130440 kB
Active:           350116 kB
Mem:          3.8G       3.7G       126M       5.7M        21M       3.2G

MemTotal:        4016004 kB
MemFree:          133992 kB
Active:           350008 kB
Mem:          3.8G       3.7G       130M       5.7M        21M       3.2G

MemTotal:        4016004 kB
MemFree:          142480 kB
Active:           350008 kB
Mem:          3.8G       3.7G       143M       5.7M        21M       3.2G

MemTotal:        4016004 kB
MemFree:          105812 kB
Active:           350008 kB
Mem:          3.8G       3.7G       102M       5.7M        21M       3.3G

MemTotal:        4016004 kB
MemFree:          122132 kB
Active:           349980 kB
Mem:          3.8G       3.7G       118M       5.7M        21M       3.2G

MemTotal:        4016004 kB
MemFree:          111520 kB
Active:           350020 kB
Mem:          3.8G       3.7G       108M       5.7M        21M       3.2G

MemTotal:        4016004 kB
MemFree:          126164 kB
Active:           350020 kB
Mem:          3.8G       3.7G       122M       5.7M        21M       3.2G

MemTotal:        4016004 kB
MemFree:          117740 kB
Active:           349700 kB
Mem:          3.8G       3.7G       114M       5.7M        21M       3.2G

MemTotal:        4016004 kB
MemFree:          117960 kB
Active:           349700 kB
Mem:          3.8G       3.7G       114M       5.7M        21M       3.2G

MemTotal:        4016004 kB
MemFree:          117960 kB
Active:           349700 kB
Mem:          3.8G       3.7G       114M       5.7M        21M       3.2G

MemTotal:        4016004 kB
MemFree:          117960 kB
Active:           349688 kB
Mem:          3.8G       3.7G       114M       5.7M        21M       3.2G

MemTotal:        4016004 kB
MemFree:          117960 kB
Active:           349716 kB
Mem:          3.8G       3.7G       114M       5.7M        21M       3.2G

MemTotal:        4016004 kB
MemFree:          117316 kB
Active:           349704 kB
Mem:          3.8G       3.7G       114M       5.7M        21M       3.2G

MemTotal:        4016004 kB
MemFree:          117432 kB
Active:           349680 kB
Mem:          3.8G       3.7G       114M       5.7M        21M       3.2G

MemTotal:        4016004 kB
MemFree:          117528 kB
Active:           349724 kB
Mem:          3.8G       3.7G       114M       5.7M        21M       3.2G

MemTotal:        4016004 kB
MemFree:          117656 kB
Active:           349740 kB
Mem:          3.8G       3.7G       114M       5.7M        21M       3.2G

MemTotal:        4016004 kB
MemFree:          117660 kB
Active:           349740 kB
Mem:          3.8G       3.7G       114M       5.7M        21M       3.2G

MemTotal:        4016004 kB
MemFree:          117000 kB
Active:           349148 kB
Mem:          3.8G       3.7G       114M       5.7M        21M       3.2G

MemTotal:        4016004 kB
MemFree:          117224 kB
Active:           351048 kB
Mem:          3.8G       3.7G       114M       5.7M        21M       3.2G

MemTotal:        4016004 kB
MemFree:          117224 kB
Active:           351076 kB
Mem:          3.8G       3.7G       114M       5.7M        21M       3.2G

MemTotal:        4016004 kB
MemFree:          117472 kB
Active:           351072 kB
Mem:          3.8G       3.7G       114M       5.7M        21M       3.2G

MemTotal:        4016004 kB
MemFree:          117844 kB
Active:           351088 kB
Mem:          3.8G       3.7G       114M       5.7M        21M       3.2G

MemTotal:        4016004 kB
MemFree:          118164 kB
Active:           350836 kB
Mem:          3.8G       3.7G       115M       5.7M        21M       3.2G

MemTotal:        4016004 kB
MemFree:          118040 kB
Active:           350844 kB
Mem:          3.8G       3.7G       115M       5.7M        21M       3.2G

MemTotal:        4016004 kB
MemFree:          117544 kB
Active:           350880 kB
Mem:          3.8G       3.7G       114M       5.7M        21M       3.2G

MemTotal:        4016004 kB
MemFree:          117056 kB
Active:           350880 kB
Mem:          3.8G       3.7G       114M       5.7M        21M       3.2G

MemTotal:        4016004 kB
MemFree:          117180 kB
Active:           350880 kB
Mem:          3.8G       3.7G       114M       5.7M        21M       3.2G

MemTotal:        4016004 kB
MemFree:          115752 kB
Active:           350844 kB
Mem:          3.8G       3.7G       113M       5.7M        21M       3.2G

MemTotal:        4016004 kB
MemFree:          115256 kB
Active:           352916 kB
Mem:          3.8G       3.7G       112M       5.7M        21M       3.2G

MemTotal:        4016004 kB
MemFree:          115784 kB
Active:           352908 kB
Mem:          3.8G       3.7G       113M       5.7M        21M       3.2G

MemTotal:        4016004 kB
MemFree:          115784 kB
Active:           352864 kB
Mem:          3.8G       3.7G       113M       5.7M        21M       3.2G

MemTotal:        4016004 kB
MemFree:          115660 kB
Active:           352872 kB
Mem:          3.8G       3.7G       112M       5.7M        21M       3.2G

MemTotal:        4016004 kB
MemFree:          115784 kB
Active:           352924 kB
Mem:          3.8G       3.7G       112M       5.7M        21M       3.2G

MemTotal:        4016004 kB
MemFree:          115784 kB
Active:           352896 kB
Mem:          3.8G       3.7G       112M       5.7M        21M       3.2G

MemTotal:        4016004 kB
MemFree:          115288 kB
Active:           352892 kB
Mem:          3.8G       3.7G       112M       5.7M        21M       3.2G

MemTotal:        4016004 kB
MemFree:          115040 kB
Active:           352924 kB
Mem:          3.8G       3.7G       112M       5.7M        21M       3.2G

MemTotal:        4016004 kB
MemFree:          115040 kB
Active:           352924 kB
Mem:          3.8G       3.7G       112M       5.7M        21M       3.2G

MemTotal:        4016004 kB
MemFree:          115412 kB
Active:           352912 kB
Mem:          3.8G       3.7G       112M       5.7M        21M       3.2G

MemTotal:        4016004 kB
MemFree:          114916 kB
Active:           352928 kB
Mem:          3.8G       3.7G       112M       5.7M        21M       3.2G

MemTotal:        4016004 kB
MemFree:          115288 kB
Active:           352880 kB
Mem:          3.8G       3.7G       112M       5.7M        21M       3.2G

MemTotal:        4016004 kB
MemFree:          115412 kB
Active:           352904 kB
Mem:          3.8G       3.7G       112M       5.7M        21M       3.2G

MemTotal:        4016004 kB
MemFree:          115784 kB
Active:           352912 kB
Mem:          3.8G       3.7G       113M       5.7M        21M       3.2G

MemTotal:        4016004 kB
MemFree:          115536 kB
Active:           352900 kB
Mem:          3.8G       3.7G       112M       5.7M        21M       3.2G

MemTotal:        4016004 kB
MemFree:          115908 kB
Active:           352904 kB
Mem:          3.8G       3.7G       113M       5.7M        21M       3.2G

MemTotal:        4016004 kB
MemFree:          115660 kB
Active:           352912 kB
Mem:          3.8G       3.7G       112M       5.7M        21M       3.2G

MemTotal:        4016004 kB
MemFree:          115536 kB
Active:           352916 kB
Mem:          3.8G       3.7G       112M       5.7M        21M       3.2G

MemTotal:        4016004 kB
MemFree:          115536 kB
Active:           352916 kB
Mem:          3.8G       3.7G       112M       5.7M        21M       3.2G

MemTotal:        4016004 kB
MemFree:          115400 kB
Active:           352460 kB
Mem:          3.8G       3.7G       112M       5.7M        21M       3.2G

MemTotal:        4016004 kB
MemFree:          115088 kB
Active:           354536 kB
Mem:          3.8G       3.7G       112M       5.7M        21M       3.2G

MemTotal:        4016004 kB
MemFree:          115460 kB
Active:           354500 kB
Mem:          3.8G       3.7G       112M       5.7M        21M       3.2G

MemTotal:        4016004 kB
MemFree:          115460 kB
Active:           354504 kB
Mem:          3.8G       3.7G       112M       5.7M        21M       3.2G

MemTotal:        4016004 kB
MemFree:          115832 kB
Active:           354512 kB
Mem:          3.8G       3.7G       112M       5.7M        21M       3.2G

MemTotal:        4016004 kB
MemFree:          115460 kB
Active:           354544 kB
Mem:          3.8G       3.7G       112M       5.7M        21M       3.2G

MemTotal:        4016004 kB
MemFree:          115708 kB
Active:           354488 kB
Mem:          3.8G       3.7G       112M       5.7M        21M       3.2G

MemTotal:        4016004 kB
MemFree:          115832 kB
Active:           354488 kB
Mem:          3.8G       3.7G       113M       5.7M        21M       3.2G

MemTotal:        4016004 kB
MemFree:          115584 kB
Active:           354544 kB
Mem:          3.8G       3.7G       112M       5.7M        21M       3.2G

MemTotal:        4016004 kB
MemFree:          115336 kB
Active:           354548 kB
Mem:          3.8G       3.7G       112M       5.7M        21M       3.2G

MemTotal:        4016004 kB
MemFree:          115584 kB
Active:           352620 kB
Mem:          3.8G       3.7G       112M       5.7M        21M       3.2G

MemTotal:        4016004 kB
MemFree:          115644 kB
Active:           354544 kB
Mem:          3.8G       3.7G       112M       5.7M        21M       3.2G

MemTotal:        4016004 kB
MemFree:          115272 kB
Active:           354532 kB
Mem:          3.8G       3.7G       112M       5.7M        21M       3.2G

MemTotal:        4016004 kB
MemFree:          115272 kB
Active:           354548 kB
Mem:          3.8G       3.7G       112M       5.7M        21M       3.2G

MemTotal:        4016004 kB
MemFree:          115396 kB
Active:           354520 kB
Mem:          3.8G       3.7G       112M       5.7M        21M       3.2G

MemTotal:        4016004 kB
MemFree:          115148 kB
Active:           354568 kB
Mem:          3.8G       3.7G       112M       5.7M        21M       3.2G

MemTotal:        4016004 kB
MemFree:          115520 kB
Active:           354520 kB
Mem:          3.8G       3.7G       112M       5.7M        21M       3.2G

MemTotal:        4016004 kB
MemFree:          115396 kB
Active:           354528 kB
Mem:          3.8G       3.7G       112M       5.7M        21M       3.2G

MemTotal:        4016004 kB
MemFree:          115396 kB
Active:           354528 kB
Mem:          3.8G       3.7G       112M       5.7M        21M       3.2G

MemTotal:        4016004 kB
MemFree:          115520 kB
Active:           354540 kB
Mem:          3.8G       3.7G       112M       5.7M        21M       3.2G

MemTotal:        4016004 kB
MemFree:          115396 kB
Active:           354532 kB
Mem:          3.8G       3.7G       112M       5.7M        21M       3.2G

MemTotal:        4016004 kB
MemFree:          115520 kB
Active:           354524 kB
Mem:          3.8G       3.7G       112M       5.7M        21M       3.2G

MemTotal:        4016004 kB
MemFree:          115148 kB
Active:           354568 kB
Mem:          3.8G       3.7G       112M       5.7M        21M       3.2G

MemTotal:        4016004 kB
MemFree:          115520 kB
Active:           354568 kB
Mem:          3.8G       3.7G       112M       5.7M        21M       3.2G

MemTotal:        4016004 kB
MemFree:          115644 kB
Active:           354516 kB
Mem:          3.8G       3.7G       112M       5.7M        21M       3.2G

MemTotal:        4016004 kB
MemFree:          115644 kB
Active:           354520 kB
Mem:          3.8G       3.7G       112M       5.7M        21M       3.2G

MemTotal:        4016004 kB
MemFree:          115644 kB
Active:           354536 kB
Mem:          3.8G       3.7G       112M       5.7M        21M       3.2G

MemTotal:        4016004 kB
MemFree:          115644 kB
Active:           354528 kB
Mem:          3.8G       3.7G       112M       5.7M        21M       3.2G

MemTotal:        4016004 kB
MemFree:          115644 kB
Active:           354528 kB
Mem:          3.8G       3.7G       112M       5.7M        21M       3.2G

MemTotal:        4016004 kB
MemFree:          115892 kB
Active:           354556 kB
Mem:          3.8G       3.7G       112M       5.7M        21M       3.2G

MemTotal:        4016004 kB
MemFree:          115520 kB
Active:           354580 kB
Mem:          3.8G       3.7G       112M       5.7M        21M       3.2G

MemTotal:        4016004 kB
MemFree:          115272 kB
Active:           354584 kB
Mem:          3.8G       3.7G       112M       5.7M        21M       3.2G

MemTotal:        4016004 kB
MemFree:          115396 kB
Active:           354572 kB
Mem:          3.8G       3.7G       112M       5.7M        21M       3.2G

MemTotal:        4016004 kB
MemFree:          115148 kB
Active:           354548 kB
Mem:          3.8G       3.7G       112M       5.7M        21M       3.2G

MemTotal:        4016004 kB
MemFree:          114776 kB
Active:           354592 kB
Mem:          3.8G       3.7G       112M       5.7M        21M       3.2G

MemTotal:        4016004 kB
MemFree:          115148 kB
Active:           354548 kB
Mem:          3.8G       3.7G       112M       5.7M        21M       3.2G

MemTotal:        4016004 kB
MemFree:          115148 kB
Active:           354556 kB
Mem:          3.8G       3.7G       112M       5.7M        21M       3.2G

MemTotal:        4016004 kB
MemFree:          114900 kB
Active:           354592 kB
Mem:          3.8G       3.7G       112M       5.7M        21M       3.2G

MemTotal:        4016004 kB
MemFree:          115024 kB
Active:           354580 kB
Mem:          3.8G       3.7G       112M       5.7M        21M       3.2G

MemTotal:        4016004 kB
MemFree:          115148 kB
Active:           354584 kB
Mem:          3.8G       3.7G       112M       5.7M        21M       3.2G

MemTotal:        4016004 kB
MemFree:          115520 kB
Active:           354568 kB
Mem:          3.8G       3.7G       112M       5.7M        21M       3.2G

MemTotal:        4016004 kB
MemFree:          115272 kB
Active:           354596 kB
Mem:          3.8G       3.7G       112M       5.7M        21M       3.2G

MemTotal:        4016004 kB
MemFree:          115520 kB
Active:           354548 kB
Mem:          3.8G       3.7G       112M       5.7M        21M       3.2G

MemTotal:        4016004 kB
MemFree:          115520 kB
Active:           354588 kB
Mem:          3.8G       3.7G       112M       5.7M        21M       3.2G

MemTotal:        4016004 kB
MemFree:          115520 kB
Active:           354572 kB
Mem:          3.8G       3.7G       112M       5.7M        21M       3.2G

MemTotal:        4016004 kB
MemFree:          115148 kB
Active:           354600 kB
Mem:          3.8G       3.7G       112M       5.7M        21M       3.2G

MemTotal:        4016004 kB
MemFree:          115768 kB
Active:           354556 kB
Mem:          3.8G       3.7G       112M       5.7M        21M       3.2G

MemTotal:        4016004 kB
MemFree:          115768 kB
Active:           354576 kB
Mem:          3.8G       3.7G       112M       5.7M        21M       3.2G

MemTotal:        4016004 kB
MemFree:          115520 kB
Active:           354600 kB
Mem:          3.8G       3.7G       112M       5.7M        21M       3.2G

MemTotal:        4016004 kB
MemFree:          115644 kB
Active:           354552 kB
Mem:          3.8G       3.7G       112M       5.7M        21M       3.2G

MemTotal:        4016004 kB
MemFree:          113596 kB
Active:           354552 kB
Mem:          3.8G       3.7G       110M       5.7M        21M       3.2G

MemTotal:        4016004 kB
MemFree:          113224 kB
Active:           354584 kB
Mem:          3.8G       3.7G       110M       5.7M        21M       3.2G

MemTotal:        4016004 kB
MemFree:          112852 kB
Active:           356632 kB
Mem:          3.8G       3.7G       110M       5.7M        21M       3.2G

MemTotal:        4016004 kB
MemFree:          113472 kB
Active:           356628 kB
Mem:          3.8G       3.7G       110M       5.7M        21M       3.2G

MemTotal:        4016004 kB
MemFree:          113348 kB
Active:           356584 kB
Mem:          3.8G       3.7G       110M       5.7M        21M       3.2G

MemTotal:        4016004 kB
MemFree:          113472 kB
Active:           356600 kB
Mem:          3.8G       3.7G       110M       5.7M        21M       3.2G

MemTotal:        4016004 kB
MemFree:          113472 kB
Active:           356616 kB
Mem:          3.8G       3.7G       110M       5.7M        21M       3.2G

MemTotal:        4016004 kB
MemFree:          113720 kB
Active:           356600 kB
Mem:          3.8G       3.7G       110M       5.7M        21M       3.2G

MemTotal:        4016004 kB
MemFree:          113348 kB
Active:           356588 kB
Mem:          3.8G       3.7G       110M       5.7M        21M       3.2G

MemTotal:        4016004 kB
MemFree:          112976 kB
Active:           356644 kB
Mem:          3.8G       3.7G       110M       5.7M        21M       3.2G

MemTotal:        4016004 kB
MemFree:          113472 kB
Active:           356612 kB
Mem:          3.8G       3.7G       110M       5.7M        21M       3.2G

MemTotal:        4016004 kB
MemFree:          113348 kB
Active:           356612 kB
Mem:          3.8G       3.7G       110M       5.7M        21M       3.2G

MemTotal:        4016004 kB
MemFree:          112976 kB
Active:           356660 kB
Mem:          3.8G       3.7G       110M       5.7M        21M       3.2G

MemTotal:        4016004 kB
MemFree:          113100 kB
Active:           356624 kB
Mem:          3.8G       3.7G       110M       5.7M        21M       3.2G

MemTotal:        4016004 kB
MemFree:          112852 kB
Active:           356664 kB
Mem:          3.8G       3.7G       110M       5.7M        21M       3.2G

MemTotal:        4016004 kB
MemFree:          113224 kB
Active:           356628 kB
Mem:          3.8G       3.7G       110M       5.7M        21M       3.2G

MemTotal:        4016004 kB
MemFree:          112852 kB
Active:           356664 kB
Mem:          3.8G       3.7G       110M       5.7M        21M       3.2G

MemTotal:        4016004 kB
MemFree:          113472 kB
Active:           356640 kB
Mem:          3.8G       3.7G       110M       5.7M        21M       3.2G

MemTotal:        4016004 kB
MemFree:          113348 kB
Active:           356668 kB
Mem:          3.8G       3.7G       110M       5.7M        21M       3.2G

MemTotal:        4016004 kB
MemFree:          113348 kB
Active:           356672 kB
Mem:          3.8G       3.7G       110M       5.7M        21M       3.2G

MemTotal:        4016004 kB
MemFree:          113472 kB
Active:           356636 kB
Mem:          3.8G       3.7G       110M       5.7M        21M       3.2G

MemTotal:        4016004 kB
MemFree:          113472 kB
Active:           356632 kB
Mem:          3.8G       3.7G       110M       5.7M        21M       3.2G

MemTotal:        4016004 kB
MemFree:          113472 kB
Active:           356640 kB
Mem:          3.8G       3.7G       110M       5.7M        21M       3.2G

MemTotal:        4016004 kB
MemFree:          113100 kB
Active:           356676 kB
Mem:          3.8G       3.7G       110M       5.7M        21M       3.2G

MemTotal:        4016004 kB
MemFree:          113348 kB
Active:           356676 kB
Mem:          3.8G       3.7G       110M       5.7M        21M       3.2G

MemTotal:        4016004 kB
MemFree:          113348 kB
Active:           356624 kB
Mem:          3.8G       3.7G       110M       5.7M        21M       3.2G

MemTotal:        4016004 kB
MemFree:          113224 kB
Active:           356628 kB
Mem:          3.8G       3.7G       110M       5.7M        21M       3.2G

MemTotal:        4016004 kB
MemFree:          112852 kB
Active:           356684 kB
Mem:          3.8G       3.7G       110M       5.7M        21M       3.2G

MemTotal:        4016004 kB
MemFree:          112604 kB
Active:           356684 kB
Mem:          3.8G       3.7G       110M       5.7M        21M       3.2G

MemTotal:        4016004 kB
MemFree:          113100 kB
Active:           356632 kB
Mem:          3.8G       3.7G       110M       5.7M        21M       3.2G

MemTotal:        4016004 kB
MemFree:          113472 kB
Active:           356676 kB
Mem:          3.8G       3.7G       110M       5.7M        21M       3.2G

MemTotal:        4016004 kB
MemFree:          113224 kB
Active:           356668 kB
Mem:          3.8G       3.7G       110M       5.7M        21M       3.2G

MemTotal:        4016004 kB
MemFree:          113100 kB
Active:           356672 kB
Mem:          3.8G       3.7G       110M       5.7M        21M       3.2G

MemTotal:        4016004 kB
MemFree:          113100 kB
Active:           356672 kB
Mem:          3.8G       3.7G       110M       5.7M        21M       3.2G

MemTotal:        4016004 kB
MemFree:          112976 kB
Active:           356644 kB
Mem:          3.8G       3.7G       110M       5.7M        21M       3.2G

MemTotal:        4016004 kB
MemFree:          112976 kB
Active:           356684 kB
Mem:          3.8G       3.7G       110M       5.7M        21M       3.2G

MemTotal:        4016004 kB
MemFree:          112852 kB
Active:           356676 kB
Mem:          3.8G       3.7G       110M       5.7M        21M       3.2G

MemTotal:        4016004 kB
MemFree:          112480 kB
Active:           356700 kB
Mem:          3.8G       3.7G       109M       5.7M        21M       3.2G

MemTotal:        4016004 kB
MemFree:          113100 kB
Active:           356644 kB
Mem:          3.8G       3.7G       110M       5.7M        21M       3.2G

MemTotal:        4016004 kB
MemFree:          113224 kB
Active:           356648 kB
Mem:          3.8G       3.7G       110M       5.7M        21M       3.2G

MemTotal:        4016004 kB
MemFree:          112912 kB
Active:           354800 kB
Mem:          3.8G       3.7G       110M       5.7M        21M       3.2G

MemTotal:        4016004 kB
MemFree:          112912 kB
Active:           356752 kB
Mem:          3.8G       3.7G       110M       5.7M        21M       3.2G

MemTotal:        4016004 kB
MemFree:          113036 kB
Active:           356724 kB
Mem:          3.8G       3.7G       110M       5.7M        21M       3.2G

MemTotal:        4016004 kB
MemFree:          113160 kB
Active:           356748 kB
Mem:          3.8G       3.7G       110M       5.7M        21M       3.2G

MemTotal:        4016004 kB
MemFree:          112912 kB
Active:           356768 kB
Mem:          3.8G       3.7G       110M       5.7M        21M       3.2G

MemTotal:        4016004 kB
MemFree:          112912 kB
Active:           356740 kB
Mem:          3.8G       3.7G       110M       5.7M        21M       3.2G

MemTotal:        4016004 kB
MemFree:          113408 kB
Active:           356756 kB
Mem:          3.8G       3.7G       110M       5.7M        21M       3.2G

MemTotal:        4016004 kB
MemFree:          113408 kB
Active:           356760 kB
Mem:          3.8G       3.7G       110M       5.7M        21M       3.2G

MemTotal:        4016004 kB
MemFree:          113532 kB
Active:           356720 kB
Mem:          3.8G       3.7G       110M       5.7M        21M       3.2G

MemTotal:        4016004 kB
MemFree:          113284 kB
Active:           356780 kB
Mem:          3.8G       3.7G       110M       5.7M        21M       3.2G

MemTotal:        4016004 kB
MemFree:          113160 kB
Active:           356780 kB
Mem:          3.8G       3.7G       110M       5.7M        21M       3.2G

MemTotal:        4016004 kB
MemFree:          113160 kB
Active:           356784 kB
Mem:          3.8G       3.7G       110M       5.7M        21M       3.2G

MemTotal:        4016004 kB
MemFree:          113532 kB
Active:           356772 kB
Mem:          3.8G       3.7G       110M       5.7M        21M       3.2G

MemTotal:        4016004 kB
MemFree:          113408 kB
Active:           356784 kB
Mem:          3.8G       3.7G       110M       5.7M        21M       3.2G

MemTotal:        4016004 kB
MemFree:          113532 kB
Active:           356740 kB
Mem:          3.8G       3.7G       110M       5.7M        21M       3.2G

MemTotal:        4016004 kB
MemFree:          113408 kB
Active:           356756 kB
Mem:          3.8G       3.7G       110M       5.7M        21M       3.2G

MemTotal:        4016004 kB
MemFree:          113656 kB
Active:           356776 kB
Mem:          3.8G       3.7G       110M       5.7M        21M       3.2G

MemTotal:        4016004 kB
MemFree:          113160 kB
Active:           356760 kB
Mem:          3.8G       3.7G       110M       5.7M        21M       3.2G

MemTotal:        4016004 kB
MemFree:          112664 kB
Active:           356788 kB
Mem:          3.8G       3.7G       110M       5.7M        21M       3.2G

MemTotal:        4016004 kB
MemFree:          113036 kB
Active:           356756 kB
Mem:          3.8G       3.7G       110M       5.7M        21M       3.2G

MemTotal:        4016004 kB
MemFree:          112788 kB
Active:           356796 kB
Mem:          3.8G       3.7G       110M       5.7M        21M       3.2G

MemTotal:        4016004 kB
MemFree:          113160 kB
Active:           356768 kB
Mem:          3.8G       3.7G       110M       5.7M        21M       3.2G

MemTotal:        4016004 kB
MemFree:          113036 kB
Active:           356772 kB
Mem:          3.8G       3.7G       110M       5.7M        21M       3.2G

MemTotal:        4016004 kB
MemFree:          113160 kB
Active:           356792 kB
Mem:          3.8G       3.7G       110M       5.7M        21M       3.2G

MemTotal:        4016004 kB
MemFree:          113036 kB
Active:           356748 kB
Mem:          3.8G       3.7G       110M       5.7M        21M       3.2G

MemTotal:        4016004 kB
MemFree:          112788 kB
Active:           356808 kB
Mem:          3.8G       3.7G       110M       5.7M        21M       3.2G

MemTotal:        4016004 kB
MemFree:          112788 kB
Active:           356784 kB
Mem:          3.8G       3.7G       110M       5.7M        21M       3.2G

MemTotal:        4016004 kB
MemFree:          112788 kB
Active:           356788 kB
Mem:          3.8G       3.7G       110M       5.7M        21M       3.2G

MemTotal:        4016004 kB
MemFree:          112416 kB
Active:           356812 kB
Mem:          3.8G       3.7G       109M       5.7M        21M       3.2G

MemTotal:        4016004 kB
MemFree:          112788 kB
Active:           356780 kB
Mem:          3.8G       3.7G       110M       5.7M        21M       3.2G

MemTotal:        4016004 kB
MemFree:          112168 kB
Active:           356820 kB
Mem:          3.8G       3.7G       109M       5.7M        21M       3.2G

MemTotal:        4016004 kB
MemFree:          112664 kB
Active:           356780 kB
Mem:          3.8G       3.7G       110M       5.7M        21M       3.2G

MemTotal:        4016004 kB
MemFree:          112788 kB
Active:           356828 kB
Mem:          3.8G       3.7G       110M       5.7M        21M       3.2G

MemTotal:        4016004 kB
MemFree:          113160 kB
Active:           356784 kB
Mem:          3.8G       3.7G       110M       5.7M        21M       3.2G

MemTotal:        4016004 kB
MemFree:          113036 kB
Active:           356836 kB
Mem:          3.8G       3.7G       110M       5.7M        21M       3.2G

MemTotal:        4016004 kB
MemFree:          112788 kB
Active:           356784 kB
Mem:          3.8G       3.7G       110M       5.7M        21M       3.2G

MemTotal:        4016004 kB
MemFree:          112912 kB
Active:           356792 kB
Mem:          3.8G       3.7G       110M       5.7M        21M       3.2G

MemTotal:        4016004 kB
MemFree:          112664 kB
Active:           356848 kB
Mem:          3.8G       3.7G       110M       5.7M        21M       3.2G

MemTotal:        4016004 kB
MemFree:          112664 kB
Active:           356848 kB
Mem:          3.8G       3.7G       110M       5.7M        21M       3.2G

MemTotal:        4016004 kB
MemFree:          113160 kB
Active:           356840 kB
Mem:          3.8G       3.7G       110M       5.7M        21M       3.2G

MemTotal:        4016004 kB
MemFree:          113408 kB
Active:           356800 kB
Mem:          3.8G       3.7G       110M       5.7M        21M       3.2G

MemTotal:        4016004 kB
MemFree:          113284 kB
Active:           356848 kB
Mem:          3.8G       3.7G       110M       5.7M        21M       3.2G

MemTotal:        4016004 kB
MemFree:          113160 kB
Active:           356804 kB
Mem:          3.8G       3.7G       110M       5.7M        21M       3.2G

MemTotal:        4016004 kB
MemFree:          113160 kB
Active:           356808 kB
Mem:          3.8G       3.7G       110M       5.7M        21M       3.2G

MemTotal:        4016004 kB
MemFree:          112912 kB
Active:           356820 kB
Mem:          3.8G       3.7G       110M       5.7M        21M       3.2G

MemTotal:        4016004 kB
MemFree:          112912 kB
Active:           356840 kB
Mem:          3.8G       3.7G       110M       5.7M        21M       3.2G

MemTotal:        4016004 kB
MemFree:          113036 kB
Active:           356828 kB
Mem:          3.8G       3.7G       110M       5.7M        21M       3.2G

MemTotal:        4016004 kB
MemFree:          112672 kB
Active:           357096 kB
Mem:          3.8G       3.7G       109M       5.7M        21M       3.2G

MemTotal:        4016004 kB
MemFree:          111764 kB
Active:           357100 kB
Mem:          3.8G       3.7G       109M       5.7M        21M       3.2G

MemTotal:        4016004 kB
MemFree:          111828 kB
Active:           356964 kB
Mem:          3.8G       3.7G       109M       5.7M        21M       3.2G

MemTotal:        4016004 kB
MemFree:          111828 kB
Active:           357000 kB
Mem:          3.8G       3.7G       109M       5.7M        21M       3.2G

MemTotal:        4016004 kB
MemFree:          112448 kB
Active:           356980 kB
Mem:          3.8G       3.7G       109M       5.7M        21M       3.2G

MemTotal:        4016004 kB
MemFree:          112324 kB
Active:           356952 kB
Mem:          3.8G       3.7G       109M       5.7M        21M       3.2G

MemTotal:        4016004 kB
MemFree:          112200 kB
Active:           356952 kB
Mem:          3.8G       3.7G       109M       5.7M        21M       3.2G

MemTotal:        4016004 kB
MemFree:          112200 kB
Active:           356960 kB
Mem:          3.8G       3.7G       109M       5.7M        21M       3.2G

MemTotal:        4016004 kB
MemFree:          112200 kB
Active:           357296 kB
Mem:          3.8G       3.7G       109M       5.7M        21M       3.2G

