MemTotal:        4016004 kB
MemFree:         3214632 kB
Active:           446920 kB
Mem:          3.8G       782M       3.1G       5.7M        55M       327M

MemTotal:        4016004 kB
MemFree:         3215420 kB
Active:           446776 kB
Mem:          3.8G       781M       3.1G       5.7M        55M       327M

MemTotal:        4016004 kB
MemFree:         3215156 kB
Active:           446892 kB
Mem:          3.8G       782M       3.1G       5.7M        55M       327M

MemTotal:        4016004 kB
MemFree:         3215140 kB
Active:           446880 kB
Mem:          3.8G       782M       3.1G       5.7M        55M       327M

MemTotal:        4016004 kB
MemFree:         3214892 kB
Active:           446900 kB
Mem:          3.8G       782M       3.1G       5.7M        55M       327M

MemTotal:        4016004 kB
MemFree:         3215000 kB
Active:           446888 kB
Mem:          3.8G       782M       3.1G       5.7M        55M       327M

MemTotal:        4016004 kB
MemFree:         3215144 kB
Active:           446876 kB
Mem:          3.8G       781M       3.1G       5.7M        55M       327M

MemTotal:        4016004 kB
MemFree:         3214896 kB
Active:           446908 kB
Mem:          3.8G       782M       3.1G       5.7M        55M       327M

MemTotal:        4016004 kB
MemFree:         3215268 kB
Active:           446880 kB
Mem:          3.8G       781M       3.1G       5.7M        55M       327M

MemTotal:        4016004 kB
MemFree:         3215268 kB
Active:           446860 kB
Mem:          3.8G       781M       3.1G       5.7M        55M       327M

MemTotal:        4016004 kB
MemFree:         3215268 kB
Active:           446900 kB
Mem:          3.8G       781M       3.1G       5.7M        55M       327M

MemTotal:        4016004 kB
MemFree:         3215392 kB
Active:           446872 kB
Mem:          3.8G       781M       3.1G       5.7M        55M       327M

MemTotal:        4016004 kB
MemFree:         3215268 kB
Active:           446860 kB
Mem:          3.8G       781M       3.1G       5.7M        55M       327M

MemTotal:        4016004 kB
MemFree:         3215268 kB
Active:           446896 kB
Mem:          3.8G       781M       3.1G       5.7M        55M       327M

MemTotal:        4016004 kB
MemFree:         3215392 kB
Active:           446904 kB
Mem:          3.8G       781M       3.1G       5.7M        55M       327M

MemTotal:        4016004 kB
MemFree:         3214804 kB
Active:           446912 kB
Mem:          3.8G       782M       3.1G       5.7M        55M       327M

MemTotal:        4016004 kB
MemFree:         3215364 kB
Active:           446888 kB
Mem:          3.8G       781M       3.1G       5.7M        55M       327M

MemTotal:        4016004 kB
MemFree:         3215612 kB
Active:           446872 kB
Mem:          3.8G       781M       3.1G       5.7M        55M       327M

MemTotal:        4016004 kB
MemFree:         3215612 kB
Active:           446908 kB
Mem:          3.8G       781M       3.1G       5.7M        55M       327M

MemTotal:        4016004 kB
MemFree:         3215612 kB
Active:           446876 kB
Mem:          3.8G       781M       3.1G       5.7M        55M       327M

MemTotal:        4016004 kB
MemFree:         3215488 kB
Active:           446880 kB
Mem:          3.8G       781M       3.1G       5.7M        55M       327M

MemTotal:        4016004 kB
MemFree:         3215348 kB
Active:           446916 kB
Mem:          3.8G       781M       3.1G       5.7M        55M       327M

MemTotal:        4016004 kB
MemFree:         3215084 kB
Active:           446920 kB
Mem:          3.8G       782M       3.1G       5.7M        55M       327M

MemTotal:        4016004 kB
MemFree:         3214696 kB
Active:           446920 kB
Mem:          3.8G       782M       3.1G       5.7M        55M       327M

MemTotal:        4016004 kB
MemFree:         3214880 kB
Active:           444976 kB
Mem:          3.8G       781M       3.1G       5.7M        55M       327M

MemTotal:        4016004 kB
MemFree:         3215376 kB
Active:           447000 kB
Mem:          3.8G       781M       3.1G       5.7M        55M       327M

MemTotal:        4016004 kB
MemFree:         3215252 kB
Active:           447044 kB
Mem:          3.8G       781M       3.1G       5.7M        55M       327M

MemTotal:        4016004 kB
MemFree:         3215500 kB
Active:           447040 kB
Mem:          3.8G       781M       3.1G       5.7M        55M       327M

MemTotal:        4016004 kB
MemFree:         3215004 kB
Active:           447068 kB
Mem:          3.8G       781M       3.1G       5.7M        55M       327M

MemTotal:        4016004 kB
MemFree:         3215004 kB
Active:           447068 kB
Mem:          3.8G       782M       3.1G       5.7M        55M       327M

MemTotal:        4016004 kB
MemFree:         3215500 kB
Active:           447052 kB
Mem:          3.8G       781M       3.1G       5.7M        55M       327M

MemTotal:        4016004 kB
MemFree:         3215128 kB
Active:           447068 kB
Mem:          3.8G       782M       3.1G       5.7M        55M       327M

MemTotal:        4016004 kB
MemFree:         3215376 kB
Active:           447028 kB
Mem:          3.8G       782M       3.1G       5.7M        55M       327M

MemTotal:        4016004 kB
MemFree:         3214928 kB
Active:           447068 kB
Mem:          3.8G       782M       3.1G       5.7M        55M       327M

MemTotal:        4016004 kB
MemFree:         3214928 kB
Active:           447040 kB
Mem:          3.8G       782M       3.1G       5.7M        55M       327M

MemTotal:        4016004 kB
MemFree:         3214804 kB
Active:           447076 kB
Mem:          3.8G       782M       3.1G       5.7M        55M       327M

MemTotal:        4016004 kB
MemFree:         3214928 kB
Active:           447056 kB
Mem:          3.8G       782M       3.1G       5.7M        55M       327M

MemTotal:        4016004 kB
MemFree:         3215052 kB
Active:           447024 kB
Mem:          3.8G       782M       3.1G       5.7M        55M       327M

MemTotal:        4016004 kB
MemFree:         3214928 kB
Active:           447064 kB
Mem:          3.8G       782M       3.1G       5.7M        55M       327M

MemTotal:        4016004 kB
MemFree:         3214788 kB
Active:           447080 kB
Mem:          3.8G       782M       3.1G       5.7M        55M       327M

MemTotal:        4016004 kB
MemFree:         3215020 kB
Active:           447044 kB
Mem:          3.8G       782M       3.1G       5.7M        55M       327M

MemTotal:        4016004 kB
MemFree:         3214508 kB
Active:           447096 kB
Mem:          3.8G       782M       3.1G       5.7M        55M       327M

MemTotal:        4016004 kB
MemFree:         3215128 kB
Active:           447056 kB
Mem:          3.8G       782M       3.1G       5.7M        55M       327M

MemTotal:        4016004 kB
MemFree:         3214740 kB
Active:           447100 kB
Mem:          3.8G       782M       3.1G       5.7M        55M       327M

MemTotal:        4016004 kB
MemFree:         3215112 kB
Active:           447076 kB
Mem:          3.8G       782M       3.1G       5.7M        55M       327M

MemTotal:        4016004 kB
MemFree:         3214988 kB
Active:           447100 kB
Mem:          3.8G       782M       3.1G       5.7M        55M       327M

MemTotal:        4016004 kB
MemFree:         3214740 kB
Active:           447104 kB
Mem:          3.8G       782M       3.1G       5.7M        55M       327M

MemTotal:        4016004 kB
MemFree:         3214988 kB
Active:           447064 kB
Mem:          3.8G       782M       3.1G       5.7M        55M       327M

MemTotal:        4016004 kB
MemFree:         3214616 kB
Active:           447112 kB
Mem:          3.8G       782M       3.1G       5.7M        55M       327M

MemTotal:        4016004 kB
MemFree:         3214864 kB
Active:           447064 kB
Mem:          3.8G       782M       3.1G       5.7M        55M       327M

MemTotal:        4016004 kB
MemFree:         3215300 kB
Active:           447080 kB
Mem:          3.8G       782M       3.1G       5.7M        55M       327M

MemTotal:        4016004 kB
MemFree:         3215300 kB
Active:           447092 kB
Mem:          3.8G       782M       3.1G       5.7M        55M       327M

MemTotal:        4016004 kB
MemFree:         3214804 kB
Active:           447136 kB
Mem:          3.8G       782M       3.1G       5.7M        55M       327M

MemTotal:        4016004 kB
MemFree:         3215176 kB
Active:           447096 kB
Mem:          3.8G       782M       3.1G       5.7M        55M       327M

MemTotal:        4016004 kB
MemFree:         3213112 kB
Active:           447064 kB
Mem:          3.8G       784M       3.1G       5.7M        55M       327M

MemTotal:        4016004 kB
MemFree:         3212600 kB
Active:           449160 kB
Mem:          3.8G       784M       3.1G       5.7M        55M       327M

MemTotal:        4016004 kB
MemFree:         3212336 kB
Active:           449164 kB
Mem:          3.8G       784M       3.1G       5.7M        55M       327M

MemTotal:        4016004 kB
MemFree:         3212832 kB
Active:           449128 kB
Mem:          3.8G       784M       3.1G       5.7M        55M       327M

MemTotal:        4016004 kB
MemFree:         3213064 kB
Active:           449160 kB
Mem:          3.8G       784M       3.1G       5.7M        55M       327M

MemTotal:        4016004 kB
MemFree:         3212692 kB
Active:           449172 kB
Mem:          3.8G       784M       3.1G       5.7M        55M       327M

MemTotal:        4016004 kB
MemFree:         3213064 kB
Active:           449120 kB
Mem:          3.8G       784M       3.1G       5.7M        55M       327M

MemTotal:        4016004 kB
MemFree:         3213064 kB
Active:           449120 kB
Mem:          3.8G       784M       3.1G       5.7M        55M       327M

MemTotal:        4016004 kB
MemFree:         3213188 kB
Active:           449144 kB
Mem:          3.8G       783M       3.1G       5.7M        55M       327M

MemTotal:        4016004 kB
MemFree:         3213312 kB
Active:           449156 kB
Mem:          3.8G       784M       3.1G       5.7M        55M       327M

MemTotal:        4016004 kB
MemFree:         3213188 kB
Active:           449180 kB
Mem:          3.8G       783M       3.1G       5.7M        55M       327M

MemTotal:        4016004 kB
MemFree:         3213312 kB
Active:           449124 kB
Mem:          3.8G       784M       3.1G       5.7M        55M       327M

MemTotal:        4016004 kB
MemFree:         3212568 kB
Active:           449180 kB
Mem:          3.8G       784M       3.1G       5.7M        55M       327M

MemTotal:        4016004 kB
MemFree:         3212816 kB
Active:           449152 kB
Mem:          3.8G       784M       3.1G       5.7M        55M       327M

MemTotal:        4016004 kB
MemFree:         3212692 kB
Active:           449124 kB
Mem:          3.8G       784M       3.1G       5.7M        55M       327M

MemTotal:        4016004 kB
MemFree:         3212368 kB
Active:           449180 kB
Mem:          3.8G       784M       3.1G       5.7M        55M       327M

MemTotal:        4016004 kB
MemFree:         3212492 kB
Active:           449156 kB
Mem:          3.8G       784M       3.1G       5.7M        55M       327M

MemTotal:        4016004 kB
MemFree:         3212616 kB
Active:           449132 kB
Mem:          3.8G       784M       3.1G       5.7M        55M       327M

MemTotal:        4016004 kB
MemFree:         3212972 kB
Active:           449148 kB
Mem:          3.8G       784M       3.1G       5.7M        55M       327M

MemTotal:        4016004 kB
MemFree:         3213080 kB
Active:           449132 kB
Mem:          3.8G       784M       3.1G       5.7M        55M       327M

MemTotal:        4016004 kB
MemFree:         3212816 kB
Active:           449144 kB
Mem:          3.8G       784M       3.1G       5.7M        55M       327M

MemTotal:        4016004 kB
MemFree:         3212940 kB
Active:           449136 kB
Mem:          3.8G       784M       3.1G       5.7M        55M       327M

MemTotal:        4016004 kB
MemFree:         3212708 kB
Active:           449192 kB
Mem:          3.8G       784M       3.1G       5.7M        55M       327M

MemTotal:        4016004 kB
MemFree:         3212584 kB
Active:           449192 kB
Mem:          3.8G       784M       3.1G       5.7M        55M       327M

MemTotal:        4016004 kB
MemFree:         3212956 kB
Active:           449184 kB
Mem:          3.8G       784M       3.1G       5.7M        55M       327M

MemTotal:        4016004 kB
MemFree:         3212956 kB
Active:           449152 kB
Mem:          3.8G       784M       3.1G       5.7M        55M       327M

MemTotal:        4016004 kB
MemFree:         3212584 kB
Active:           449192 kB
Mem:          3.8G       784M       3.1G       5.7M        55M       327M

MemTotal:        4016004 kB
MemFree:         3212584 kB
Active:           449168 kB
Mem:          3.8G       784M       3.1G       5.7M        55M       327M

MemTotal:        4016004 kB
MemFree:         3212880 kB
Active:           449156 kB
Mem:          3.8G       784M       3.1G       5.7M        55M       327M

MemTotal:        4016004 kB
MemFree:         3212764 kB
Active:           449148 kB
Mem:          3.8G       784M       3.1G       5.7M        55M       327M

MemTotal:        4016004 kB
MemFree:         3210840 kB
Active:           449144 kB
Mem:          3.8G       786M       3.1G       5.7M        55M       327M

MemTotal:        4016004 kB
MemFree:         3210840 kB
Active:           451172 kB
Mem:          3.8G       786M       3.1G       5.7M        55M       327M

MemTotal:        4016004 kB
MemFree:         3210824 kB
Active:           451200 kB
Mem:          3.8G       786M       3.1G       5.7M        55M       327M

MemTotal:        4016004 kB
MemFree:         3210684 kB
Active:           451228 kB
Mem:          3.8G       786M       3.1G       5.7M        55M       327M

MemTotal:        4016004 kB
MemFree:         3210792 kB
Active:           451208 kB
Mem:          3.8G       786M       3.1G       5.7M        55M       327M

MemTotal:        4016004 kB
MemFree:         3210916 kB
Active:           451232 kB
Mem:          3.8G       786M       3.1G       5.7M        55M       327M

MemTotal:        4016004 kB
MemFree:         3210916 kB
Active:           451228 kB
Mem:          3.8G       786M       3.1G       5.7M        55M       327M

MemTotal:        4016004 kB
MemFree:         3210792 kB
Active:           451220 kB
Mem:          3.8G       786M       3.1G       5.7M        55M       327M

MemTotal:        4016004 kB
MemFree:         3210792 kB
Active:           451240 kB
Mem:          3.8G       786M       3.1G       5.7M        55M       327M

MemTotal:        4016004 kB
MemFree:         3210280 kB
Active:           451240 kB
Mem:          3.8G       786M       3.1G       5.7M        55M       327M

MemTotal:        4016004 kB
MemFree:         3210792 kB
Active:           451208 kB
Mem:          3.8G       786M       3.1G       5.7M        55M       327M

MemTotal:        4016004 kB
MemFree:         3210776 kB
Active:           451196 kB
Mem:          3.8G       786M       3.1G       5.7M        55M       327M

MemTotal:        4016004 kB
MemFree:         3210840 kB
Active:           451220 kB
Mem:          3.8G       786M       3.1G       5.7M        55M       327M

MemTotal:        4016004 kB
MemFree:         3210716 kB
Active:           451244 kB
Mem:          3.8G       786M       3.1G       5.7M        55M       327M

MemTotal:        4016004 kB
MemFree:         3210172 kB
Active:           451256 kB
Mem:          3.8G       786M       3.1G       5.7M        55M       327M

MemTotal:        4016004 kB
MemFree:         3210576 kB
Active:           451240 kB
Mem:          3.8G       786M       3.1G       5.7M        55M       327M

MemTotal:        4016004 kB
MemFree:         3210312 kB
Active:           451520 kB
Mem:          3.8G       787M       3.1G       5.7M        55M       327M

MemTotal:        4016004 kB
MemFree:         3170828 kB
Active:           452116 kB
Mem:          3.8G       825M       3.0G       5.7M        55M       366M

MemTotal:        4016004 kB
MemFree:         3127336 kB
Active:           452364 kB
Mem:          3.8G       868M       3.0G       5.7M        55M       408M

MemTotal:        4016004 kB
MemFree:         3082576 kB
Active:           450312 kB
Mem:          3.8G       912M       2.9G       5.7M        55M       450M

MemTotal:        4016004 kB
MemFree:         3042380 kB
Active:           452300 kB
Mem:          3.8G       951M       2.9G       5.7M        55M       489M

MemTotal:        4016004 kB
MemFree:         2999256 kB
Active:           452272 kB
Mem:          3.8G       993M       2.9G       5.7M        55M       531M

MemTotal:        4016004 kB
MemFree:         2956256 kB
Active:           452452 kB
Mem:          3.8G       1.0G       2.8G       5.7M        55M       572M

MemTotal:        4016004 kB
MemFree:         2912512 kB
Active:           452324 kB
Mem:          3.8G       1.1G       2.8G       5.7M        55M       614M

MemTotal:        4016004 kB
MemFree:         2871108 kB
Active:           452360 kB
Mem:          3.8G       1.1G       2.7G       5.7M        55M       654M

MemTotal:        4016004 kB
MemFree:         2827580 kB
Active:           452364 kB
Mem:          3.8G       1.1G       2.7G       5.7M        55M       696M

MemTotal:        4016004 kB
MemFree:         2784684 kB
Active:           452560 kB
Mem:          3.8G       1.2G       2.7G       5.7M        55M       736M

MemTotal:        4016004 kB
MemFree:         2741556 kB
Active:           452476 kB
Mem:          3.8G       1.2G       2.6G       5.7M        55M       778M

MemTotal:        4016004 kB
MemFree:         2741020 kB
Active:           452548 kB
Mem:          3.8G       1.2G       2.6G       5.7M        55M       778M

MemTotal:        4016004 kB
MemFree:         2735320 kB
Active:           452444 kB
Mem:          3.8G       1.2G       2.6G       5.7M        55M       784M

MemTotal:        4016004 kB
MemFree:         2691716 kB
Active:           452496 kB
Mem:          3.8G       1.3G       2.6G       5.7M        55M       826M

MemTotal:        4016004 kB
MemFree:         2650032 kB
Active:           452528 kB
Mem:          3.8G       1.3G       2.5G       5.7M        55M       866M

MemTotal:        4016004 kB
MemFree:         2606400 kB
Active:           452556 kB
Mem:          3.8G       1.3G       2.5G       5.7M        55M       907M

MemTotal:        4016004 kB
MemFree:         2562876 kB
Active:           452464 kB
Mem:          3.8G       1.4G       2.4G       5.7M        55M       949M

MemTotal:        4016004 kB
MemFree:         2519740 kB
Active:           452448 kB
Mem:          3.8G       1.4G       2.4G       5.7M        55M       991M

MemTotal:        4016004 kB
MemFree:         2476904 kB
Active:           452552 kB
Mem:          3.8G       1.5G       2.4G       5.7M        55M       1.0G

MemTotal:        4016004 kB
MemFree:         2434508 kB
Active:           452792 kB
Mem:          3.8G       1.5G       2.3G       5.7M        55M       1.0G

MemTotal:        4016004 kB
MemFree:         2391740 kB
Active:           452828 kB
Mem:          3.8G       1.5G       2.3G       5.7M        55M       1.1G

MemTotal:        4016004 kB
MemFree:         2348260 kB
Active:           452924 kB
Mem:          3.8G       1.6G       2.2G       5.7M        55M       1.1G

MemTotal:        4016004 kB
MemFree:         2306188 kB
Active:           450704 kB
Mem:          3.8G       1.6G       2.2G       5.7M        55M       1.2G

MemTotal:        4016004 kB
MemFree:         2264028 kB
Active:           452772 kB
Mem:          3.8G       1.7G       2.2G       5.7M        55M       1.2G

MemTotal:        4016004 kB
MemFree:         2220440 kB
Active:           452800 kB
Mem:          3.8G       1.7G       2.1G       5.7M        55M       1.2G

MemTotal:        4016004 kB
MemFree:         2178800 kB
Active:           452828 kB
Mem:          3.8G       1.8G       2.1G       5.7M        55M       1.3G

MemTotal:        4016004 kB
MemFree:         2132932 kB
Active:           452860 kB
Mem:          3.8G       1.8G       2.0G       5.7M        55M       1.3G

MemTotal:        4016004 kB
MemFree:         2091048 kB
Active:           452872 kB
Mem:          3.8G       1.8G       2.0G       5.7M        55M       1.4G

MemTotal:        4016004 kB
MemFree:         2049280 kB
Active:           452904 kB
Mem:          3.8G       1.9G       2.0G       5.7M        55M       1.4G

MemTotal:        4016004 kB
MemFree:         2005160 kB
Active:           452936 kB
Mem:          3.8G       1.9G       1.9G       5.7M        55M       1.5G

MemTotal:        4016004 kB
MemFree:         1963248 kB
Active:           452952 kB
Mem:          3.8G       2.0G       1.9G       5.7M        55M       1.5G

MemTotal:        4016004 kB
MemFree:         1920268 kB
Active:           452972 kB
Mem:          3.8G       2.0G       1.8G       5.7M        55M       1.5G

MemTotal:        4016004 kB
MemFree:         1875904 kB
Active:           453004 kB
Mem:          3.8G       2.0G       1.8G       5.7M        55M       1.6G

MemTotal:        4016004 kB
MemFree:         1833912 kB
Active:           453024 kB
Mem:          3.8G       2.1G       1.7G       5.7M        55M       1.6G

MemTotal:        4016004 kB
MemFree:         1791796 kB
Active:           453040 kB
Mem:          3.8G       2.1G       1.7G       5.7M        55M       1.7G

MemTotal:        4016004 kB
MemFree:         1749276 kB
Active:           453072 kB
Mem:          3.8G       2.2G       1.7G       5.7M        55M       1.7G

MemTotal:        4016004 kB
MemFree:         1706720 kB
Active:           453108 kB
Mem:          3.8G       2.2G       1.6G       5.7M        55M       1.7G

MemTotal:        4016004 kB
MemFree:         1662388 kB
Active:           453132 kB
Mem:          3.8G       2.2G       1.6G       5.7M        55M       1.8G

MemTotal:        4016004 kB
MemFree:         1619180 kB
Active:           453160 kB
Mem:          3.8G       2.3G       1.5G       5.7M        55M       1.8G

MemTotal:        4016004 kB
MemFree:         1577176 kB
Active:           453180 kB
Mem:          3.8G       2.3G       1.5G       5.7M        55M       1.9G

MemTotal:        4016004 kB
MemFree:         1534424 kB
Active:           453196 kB
Mem:          3.8G       2.4G       1.5G       5.7M        55M       1.9G

MemTotal:        4016004 kB
MemFree:         1493228 kB
Active:           453232 kB
Mem:          3.8G       2.4G       1.4G       5.7M        56M       1.9G

MemTotal:        4016004 kB
MemFree:         1450556 kB
Active:           453260 kB
Mem:          3.8G       2.4G       1.4G       5.7M        56M       2.0G

MemTotal:        4016004 kB
MemFree:         1407404 kB
Active:           453284 kB
Mem:          3.8G       2.5G       1.3G       5.7M        56M       2.0G

MemTotal:        4016004 kB
MemFree:         1364128 kB
Active:           453312 kB
Mem:          3.8G       2.5G       1.3G       5.7M        56M       2.1G

MemTotal:        4016004 kB
MemFree:         1321244 kB
Active:           453328 kB
Mem:          3.8G       2.6G       1.3G       5.7M        56M       2.1G

MemTotal:        4016004 kB
MemFree:         1279608 kB
Active:           453356 kB
Mem:          3.8G       2.6G       1.2G       5.7M        56M       2.1G

MemTotal:        4016004 kB
MemFree:         1236596 kB
Active:           453384 kB
Mem:          3.8G       2.7G       1.2G       5.7M        56M       2.2G

MemTotal:        4016004 kB
MemFree:         1195084 kB
Active:           453404 kB
Mem:          3.8G       2.7G       1.1G       5.7M        56M       2.2G

MemTotal:        4016004 kB
MemFree:         1151712 kB
Active:           453424 kB
Mem:          3.8G       2.7G       1.1G       5.7M        56M       2.3G

MemTotal:        4016004 kB
MemFree:         1107796 kB
Active:           453448 kB
Mem:          3.8G       2.8G       1.1G       5.7M        56M       2.3G

MemTotal:        4016004 kB
MemFree:         1092700 kB
Active:           453480 kB
Mem:          3.8G       2.8G       1.0G       5.7M        56M       2.3G

MemTotal:        4016004 kB
MemFree:         1049236 kB
Active:           453508 kB
Mem:          3.8G       2.8G       1.0G       5.7M        56M       2.3G

MemTotal:        4016004 kB
MemFree:         1007100 kB
Active:           453532 kB
Mem:          3.8G       2.9G       983M       5.7M        56M       2.4G

MemTotal:        4016004 kB
MemFree:          965428 kB
Active:           453540 kB
Mem:          3.8G       2.9G       941M       5.7M        56M       2.4G

MemTotal:        4016004 kB
MemFree:          920456 kB
Active:           453584 kB
Mem:          3.8G       3.0G       898M       5.7M        56M       2.5G

MemTotal:        4016004 kB
MemFree:          877008 kB
Active:           453612 kB
Mem:          3.8G       3.0G       856M       5.7M        56M       2.5G

MemTotal:        4016004 kB
MemFree:          835672 kB
Active:           453628 kB
Mem:          3.8G       3.0G       815M       5.7M        56M       2.5G

MemTotal:        4016004 kB
MemFree:          792176 kB
Active:           453656 kB
Mem:          3.8G       3.1G       772M       5.7M        56M       2.6G

MemTotal:        4016004 kB
MemFree:          748432 kB
Active:           453676 kB
Mem:          3.8G       3.1G       730M       5.7M        56M       2.6G

MemTotal:        4016004 kB
MemFree:          707264 kB
Active:           453700 kB
Mem:          3.8G       3.2G       689M       5.7M        56M       2.7G

MemTotal:        4016004 kB
MemFree:          663816 kB
Active:           453716 kB
Mem:          3.8G       3.2G       647M       5.7M        56M       2.7G

MemTotal:        4016004 kB
MemFree:          619612 kB
Active:           455780 kB
Mem:          3.8G       3.2G       604M       5.7M        56M       2.8G

MemTotal:        4016004 kB
MemFree:          576164 kB
Active:           455816 kB
Mem:          3.8G       3.3G       562M       5.7M        56M       2.8G

MemTotal:        4016004 kB
MemFree:          533168 kB
Active:           455832 kB
Mem:          3.8G       3.3G       520M       5.7M        56M       2.8G

MemTotal:        4016004 kB
MemFree:          492068 kB
Active:           455856 kB
Mem:          3.8G       3.4G       478M       5.7M        56M       2.9G

MemTotal:        4016004 kB
MemFree:          447952 kB
Active:           455876 kB
Mem:          3.8G       3.4G       437M       5.7M        56M       2.9G

MemTotal:        4016004 kB
MemFree:          405252 kB
Active:           455920 kB
Mem:          3.8G       3.4G       395M       5.7M        56M       3.0G

MemTotal:        4016004 kB
MemFree:          362500 kB
Active:           455940 kB
Mem:          3.8G       3.5G       353M       5.7M        56M       3.0G

MemTotal:        4016004 kB
MemFree:          319504 kB
Active:           455964 kB
Mem:          3.8G       3.5G       311M       5.7M        56M       3.0G

MemTotal:        4016004 kB
MemFree:          277808 kB
Active:           455980 kB
Mem:          3.8G       3.6G       271M       5.7M        56M       3.1G

MemTotal:        4016004 kB
MemFree:          234444 kB
Active:           456012 kB
Mem:          3.8G       3.6G       228M       5.7M        56M       3.1G

MemTotal:        4016004 kB
MemFree:          190280 kB
Active:           458056 kB
Mem:          3.8G       3.6G       185M       5.7M        56M       3.2G

MemTotal:        4016004 kB
MemFree:          148396 kB
Active:           458076 kB
Mem:          3.8G       3.7G       144M       5.7M        56M       3.2G

MemTotal:        4016004 kB
MemFree:          104900 kB
Active:           458100 kB
Mem:          3.8G       3.7G       124M       5.7M        34M       3.2G

MemTotal:        4016004 kB
MemFree:          132720 kB
Active:           468084 kB
Mem:          3.8G       3.7G       129M       5.7M        23M       3.2G

MemTotal:        4016004 kB
MemFree:          117088 kB
Active:           467940 kB
Mem:          3.8G       3.7G       113M       5.7M        23M       3.3G

MemTotal:        4016004 kB
MemFree:          107336 kB
Active:           480688 kB
Mem:          3.8G       3.7G       102M       5.7M        23M       3.3G

MemTotal:        4016004 kB
MemFree:          120648 kB
Active:           520656 kB
Mem:          3.8G       3.7G       116M       5.7M        23M       3.2G

MemTotal:        4016004 kB
MemFree:          135352 kB
Active:           511624 kB
Mem:          3.8G       3.7G       131M       5.7M        23M       3.2G

MemTotal:        4016004 kB
MemFree:          140504 kB
Active:           506004 kB
Mem:          3.8G       3.7G       140M       5.7M        23M       3.2G

MemTotal:        4016004 kB
MemFree:          131476 kB
Active:           505392 kB
Mem:          3.8G       3.7G       126M       5.7M        23M       3.2G

MemTotal:        4016004 kB
MemFree:          123484 kB
Active:           502076 kB
Mem:          3.8G       3.7G       120M       5.7M        23M       3.2G

MemTotal:        4016004 kB
MemFree:          133976 kB
Active:           493864 kB
Mem:          3.8G       3.7G       130M       5.7M        23M       3.2G

MemTotal:        4016004 kB
MemFree:          115172 kB
Active:           491712 kB
Mem:          3.8G       3.7G       111M       5.7M        23M       3.3G

MemTotal:        4016004 kB
MemFree:          115680 kB
Active:           486488 kB
Mem:          3.8G       3.7G       112M       5.7M        23M       3.3G

MemTotal:        4016004 kB
MemFree:          107992 kB
Active:           482924 kB
Mem:          3.8G       3.7G       105M       5.7M        23M       3.3G

MemTotal:        4016004 kB
MemFree:          123564 kB
Active:           475172 kB
Mem:          3.8G       3.7G       118M       5.7M        23M       3.2G

MemTotal:        4016004 kB
MemFree:          118064 kB
Active:           471872 kB
Mem:          3.8G       3.7G       114M       5.7M        23M       3.3G

MemTotal:        4016004 kB
MemFree:          109512 kB
Active:           468440 kB
Mem:          3.8G       3.7G       105M       5.7M        23M       3.3G

MemTotal:        4016004 kB
MemFree:          121416 kB
Active:           462324 kB
Mem:          3.8G       3.7G       118M       5.7M        23M       3.2G

MemTotal:        4016004 kB
MemFree:          114300 kB
Active:           458888 kB
Mem:          3.8G       3.7G       111M       5.7M        23M       3.3G

MemTotal:        4016004 kB
MemFree:          107660 kB
Active:           456232 kB
Mem:          3.8G       3.7G       104M       5.7M        23M       3.3G

MemTotal:        4016004 kB
MemFree:          132460 kB
Active:           451876 kB
Mem:          3.8G       3.7G       127M       5.7M        23M       3.2G

MemTotal:        4016004 kB
MemFree:          125244 kB
Active:           450620 kB
Mem:          3.8G       3.7G       121M       5.7M        23M       3.2G

MemTotal:        4016004 kB
MemFree:          107368 kB
Active:           449488 kB
Mem:          3.8G       3.7G       104M       5.7M        23M       3.3G

MemTotal:        4016004 kB
MemFree:          116488 kB
Active:           447464 kB
Mem:          3.8G       3.7G       113M       5.7M        23M       3.3G

MemTotal:        4016004 kB
MemFree:          127516 kB
Active:           445692 kB
Mem:          3.8G       3.7G       124M       5.7M        23M       3.2G

MemTotal:        4016004 kB
MemFree:          133868 kB
Active:           443808 kB
Mem:          3.8G       3.7G       128M       5.7M        23M       3.2G

MemTotal:        4016004 kB
MemFree:          114064 kB
Active:           442932 kB
Mem:          3.8G       3.7G       110M       5.7M        23M       3.3G

MemTotal:        4016004 kB
MemFree:          108380 kB
Active:           441800 kB
Mem:          3.8G       3.7G       104M       5.7M        23M       3.3G

MemTotal:        4016004 kB
MemFree:          125872 kB
Active:           437664 kB
Mem:          3.8G       3.7G       122M       5.7M        23M       3.2G

MemTotal:        4016004 kB
MemFree:          115948 kB
Active:           438724 kB
Mem:          3.8G       3.7G       112M       5.7M        23M       3.3G

MemTotal:        4016004 kB
MemFree:          109524 kB
Active:           437600 kB
Mem:          3.8G       3.7G       106M       5.7M        23M       3.3G

MemTotal:        4016004 kB
MemFree:          118732 kB
Active:           433640 kB
Mem:          3.8G       3.7G       115M       5.7M        23M       3.2G

MemTotal:        4016004 kB
MemFree:          113104 kB
Active:           432512 kB
Mem:          3.8G       3.7G       109M       5.7M        23M       3.3G

MemTotal:        4016004 kB
MemFree:          106208 kB
Active:           427392 kB
Mem:          3.8G       3.7G       103M       5.7M        23M       3.3G

MemTotal:        4016004 kB
MemFree:          134104 kB
Active:           425112 kB
Mem:          3.8G       3.7G       130M       5.7M        23M       3.2G

MemTotal:        4016004 kB
MemFree:          127280 kB
Active:           423992 kB
Mem:          3.8G       3.7G       123M       5.7M        24M       3.2G

MemTotal:        4016004 kB
MemFree:          107500 kB
Active:           422732 kB
Mem:          3.8G       3.7G       103M       5.7M        24M       3.3G

MemTotal:        4016004 kB
MemFree:          125444 kB
Active:           420956 kB
Mem:          3.8G       3.7G       122M       5.7M        24M       3.2G

MemTotal:        4016004 kB
MemFree:          106072 kB
Active:           419828 kB
Mem:          3.8G       3.7G       103M       5.7M        24M       3.3G

MemTotal:        4016004 kB
MemFree:          110940 kB
Active:           415924 kB
Mem:          3.8G       3.7G       107M       5.7M        24M       3.3G

MemTotal:        4016004 kB
MemFree:          120916 kB
Active:           414292 kB
Mem:          3.8G       3.7G       123M       5.7M        24M       3.2G

MemTotal:        4016004 kB
MemFree:          125796 kB
Active:           412656 kB
Mem:          3.8G       3.7G       121M       5.7M        24M       3.2G

MemTotal:        4016004 kB
MemFree:          112628 kB
Active:           411524 kB
Mem:          3.8G       3.7G       109M       5.7M        24M       3.3G

MemTotal:        4016004 kB
MemFree:          106200 kB
Active:           410396 kB
Mem:          3.8G       3.7G       103M       5.7M        24M       3.3G

MemTotal:        4016004 kB
MemFree:          133932 kB
Active:           408248 kB
Mem:          3.8G       3.7G       130M       5.7M        24M       3.2G

MemTotal:        4016004 kB
MemFree:          128280 kB
Active:           407128 kB
Mem:          3.8G       3.7G       125M       5.7M        24M       3.2G

MemTotal:        4016004 kB
MemFree:          127388 kB
Active:           405480 kB
Mem:          3.8G       3.7G       123M       5.7M        24M       3.2G

MemTotal:        4016004 kB
MemFree:          132600 kB
Active:           403976 kB
Mem:          3.8G       3.7G       129M       5.7M        24M       3.2G

MemTotal:        4016004 kB
MemFree:          125560 kB
Active:           402844 kB
Mem:          3.8G       3.7G       122M       5.7M        24M       3.2G

MemTotal:        4016004 kB
MemFree:          115728 kB
Active:           403764 kB
Mem:          3.8G       3.7G       112M       5.7M        24M       3.2G

MemTotal:        4016004 kB
MemFree:          108488 kB
Active:           402608 kB
Mem:          3.8G       3.7G       104M       5.7M        24M       3.3G

MemTotal:        4016004 kB
MemFree:          126756 kB
Active:           400852 kB
Mem:          3.8G       3.7G       123M       5.7M        24M       3.2G

MemTotal:        4016004 kB
MemFree:          114496 kB
Active:           399724 kB
Mem:          3.8G       3.7G       110M       5.7M        24M       3.2G

MemTotal:        4016004 kB
MemFree:          106688 kB
Active:           398596 kB
Mem:          3.8G       3.7G       103M       5.7M        24M       3.3G

MemTotal:        4016004 kB
MemFree:          125372 kB
Active:           396692 kB
Mem:          3.8G       3.7G       121M       5.7M        24M       3.2G

MemTotal:        4016004 kB
MemFree:          106196 kB
Active:           395572 kB
Mem:          3.8G       3.7G       103M       5.7M        24M       3.3G

MemTotal:        4016004 kB
MemFree:          134448 kB
Active:           393416 kB
Mem:          3.8G       3.7G       130M       5.7M        24M       3.2G

MemTotal:        4016004 kB
MemFree:          128036 kB
Active:           392188 kB
Mem:          3.8G       3.7G       124M       5.7M        24M       3.2G

MemTotal:        4016004 kB
MemFree:          116424 kB
Active:           391824 kB
Mem:          3.8G       3.7G       112M       5.7M        24M       3.2G

MemTotal:        4016004 kB
MemFree:          109676 kB
Active:           391844 kB
Mem:          3.8G       3.7G       106M       5.7M        24M       3.3G

MemTotal:        4016004 kB
MemFree:          112612 kB
Active:           391744 kB
Mem:          3.8G       3.7G       109M       5.7M        24M       3.2G

MemTotal:        4016004 kB
MemFree:          106636 kB
Active:           391768 kB
Mem:          3.8G       3.7G       103M       5.7M        24M       3.3G

MemTotal:        4016004 kB
MemFree:          134680 kB
Active:           391784 kB
Mem:          3.8G       3.7G       131M       5.7M        24M       3.2G

MemTotal:        4016004 kB
MemFree:          129516 kB
Active:           391812 kB
Mem:          3.8G       3.7G       124M       5.7M        24M       3.2G

MemTotal:        4016004 kB
MemFree:          130892 kB
Active:           391716 kB
Mem:          3.8G       3.7G       127M       5.7M        24M       3.2G

MemTotal:        4016004 kB
MemFree:          125196 kB
Active:           391760 kB
Mem:          3.8G       3.7G       121M       5.7M        24M       3.2G

MemTotal:        4016004 kB
MemFree:          130520 kB
Active:           391780 kB
Mem:          3.8G       3.7G       126M       5.7M        24M       3.2G

MemTotal:        4016004 kB
MemFree:          136012 kB
Active:           391672 kB
Mem:          3.8G       3.7G       132M       5.7M        24M       3.2G

MemTotal:        4016004 kB
MemFree:          118364 kB
Active:           391692 kB
Mem:          3.8G       3.7G       115M       5.7M        24M       3.2G

MemTotal:        4016004 kB
MemFree:          111740 kB
Active:           392992 kB
Mem:          3.8G       3.7G       108M       5.7M        24M       3.3G

MemTotal:        4016004 kB
MemFree:          127192 kB
Active:           391396 kB
Mem:          3.8G       3.7G       123M       5.7M        24M       3.2G

MemTotal:        4016004 kB
MemFree:          104940 kB
Active:           391432 kB
Mem:          3.8G       3.7G       102M       5.7M        24M       3.3G

MemTotal:        4016004 kB
MemFree:          133760 kB
Active:           391324 kB
Mem:          3.8G       3.7G       130M       5.7M        24M       3.2G

MemTotal:        4016004 kB
MemFree:          126632 kB
Active:           391372 kB
Mem:          3.8G       3.7G       123M       5.7M        24M       3.2G

MemTotal:        4016004 kB
MemFree:          116476 kB
Active:           391392 kB
Mem:          3.8G       3.7G       113M       5.7M        24M       3.2G

MemTotal:        4016004 kB
MemFree:          110704 kB
Active:           391424 kB
Mem:          3.8G       3.7G       107M       5.7M        24M       3.3G

MemTotal:        4016004 kB
MemFree:          127780 kB
Active:           391444 kB
Mem:          3.8G       3.7G       123M       5.7M        24M       3.2G

MemTotal:        4016004 kB
MemFree:          125492 kB
Active:           391468 kB
Mem:          3.8G       3.7G       122M       5.7M        24M       3.2G

MemTotal:        4016004 kB
MemFree:          109284 kB
Active:           391484 kB
Mem:          3.8G       3.7G       105M       5.7M        24M       3.3G

MemTotal:        4016004 kB
MemFree:          126152 kB
Active:           390996 kB
Mem:          3.8G       3.7G       122M       5.7M        25M       3.2G

MemTotal:        4016004 kB
MemFree:          119004 kB
Active:           390844 kB
Mem:          3.8G       3.7G       115M       5.7M        25M       3.2G

MemTotal:        4016004 kB
MemFree:          111328 kB
Active:           390912 kB
Mem:          3.8G       3.7G       108M       5.7M        25M       3.2G

MemTotal:        4016004 kB
MemFree:          122084 kB
Active:           390940 kB
Mem:          3.8G       3.7G       118M       5.7M        25M       3.2G

MemTotal:        4016004 kB
MemFree:          128452 kB
Active:           390960 kB
Mem:          3.8G       3.7G       124M       5.7M        25M       3.2G

MemTotal:        4016004 kB
MemFree:          120560 kB
Active:           390700 kB
Mem:          3.8G       3.7G       117M       5.7M        25M       3.2G

MemTotal:        4016004 kB
MemFree:          119284 kB
Active:           390668 kB
Mem:          3.8G       3.7G       116M       5.7M        25M       3.2G

MemTotal:        4016004 kB
MemFree:          118712 kB
Active:           390576 kB
Mem:          3.8G       3.7G       115M       5.7M        25M       3.2G

MemTotal:        4016004 kB
MemFree:          108560 kB
Active:           390568 kB
Mem:          3.8G       3.7G       104M       5.7M        25M       3.3G

MemTotal:        4016004 kB
MemFree:          125692 kB
Active:           390592 kB
Mem:          3.8G       3.7G       122M       5.7M        25M       3.2G

MemTotal:        4016004 kB
MemFree:          125616 kB
Active:           390612 kB
Mem:          3.8G       3.7G       121M       5.7M        25M       3.2G

MemTotal:        4016004 kB
MemFree:          106456 kB
Active:           390484 kB
Mem:          3.8G       3.7G       103M       5.7M        25M       3.3G

MemTotal:        4016004 kB
MemFree:          124608 kB
Active:           390368 kB
Mem:          3.8G       3.7G       121M       5.7M        25M       3.2G

MemTotal:        4016004 kB
MemFree:          124852 kB
Active:           390388 kB
Mem:          3.8G       3.7G       120M       5.7M        25M       3.2G

MemTotal:        4016004 kB
MemFree:          120816 kB
Active:           390408 kB
Mem:          3.8G       3.7G       117M       5.7M        25M       3.2G

MemTotal:        4016004 kB
MemFree:          127028 kB
Active:           390312 kB
Mem:          3.8G       3.7G       123M       5.7M        25M       3.2G

MemTotal:        4016004 kB
MemFree:          124912 kB
Active:           390332 kB
Mem:          3.8G       3.7G       122M       5.7M        25M       3.2G

MemTotal:        4016004 kB
MemFree:          124448 kB
Active:           390360 kB
Mem:          3.8G       3.7G       121M       5.7M        25M       3.2G

MemTotal:        4016004 kB
MemFree:          111916 kB
Active:           390380 kB
Mem:          3.8G       3.7G       109M       5.7M        25M       3.2G

MemTotal:        4016004 kB
MemFree:          105876 kB
Active:           390400 kB
Mem:          3.8G       3.7G       103M       5.7M        25M       3.3G

MemTotal:        4016004 kB
MemFree:          127604 kB
Active:           390416 kB
Mem:          3.8G       3.7G       124M       5.7M        25M       3.2G

MemTotal:        4016004 kB
MemFree:          126652 kB
Active:           390424 kB
Mem:          3.8G       3.7G       123M       5.7M        25M       3.2G

MemTotal:        4016004 kB
MemFree:          126936 kB
Active:           390452 kB
Mem:          3.8G       3.7G       123M       5.7M        25M       3.2G

MemTotal:        4016004 kB
MemFree:          127312 kB
Active:           390436 kB
Mem:          3.8G       3.7G       124M       5.7M        25M       3.2G

MemTotal:        4016004 kB
MemFree:          115936 kB
Active:           390456 kB
Mem:          3.8G       3.7G       113M       5.7M        25M       3.2G

MemTotal:        4016004 kB
MemFree:          109612 kB
Active:           390480 kB
Mem:          3.8G       3.7G       106M       5.7M        25M       3.2G

MemTotal:        4016004 kB
MemFree:          105524 kB
Active:           384236 kB
Mem:          3.8G       3.7G       102M       5.7M        25M       3.3G

MemTotal:        4016004 kB
MemFree:          128764 kB
Active:           384264 kB
Mem:          3.8G       3.7G       125M       5.7M        25M       3.2G

MemTotal:        4016004 kB
MemFree:          135248 kB
Active:           384284 kB
Mem:          3.8G       3.7G       131M       5.7M        25M       3.2G

MemTotal:        4016004 kB
MemFree:          129200 kB
Active:           384284 kB
Mem:          3.8G       3.7G       126M       5.7M        25M       3.2G

MemTotal:        4016004 kB
MemFree:          136292 kB
Active:           384324 kB
Mem:          3.8G       3.7G       132M       5.7M        25M       3.2G

MemTotal:        4016004 kB
MemFree:          132672 kB
Active:           384312 kB
Mem:          3.8G       3.7G       129M       5.7M        25M       3.2G

MemTotal:        4016004 kB
MemFree:          130664 kB
Active:           384340 kB
Mem:          3.8G       3.7G       126M       5.7M        25M       3.2G

MemTotal:        4016004 kB
MemFree:          136964 kB
Active:           383528 kB
Mem:          3.8G       3.7G       133M       5.7M        25M       3.2G

MemTotal:        4016004 kB
MemFree:          136632 kB
Active:           383412 kB
Mem:          3.8G       3.7G       132M       5.7M        25M       3.2G

MemTotal:        4016004 kB
MemFree:          118220 kB
Active:           383436 kB
Mem:          3.8G       3.7G       114M       5.7M        25M       3.2G

MemTotal:        4016004 kB
MemFree:          130636 kB
Active:           383420 kB
Mem:          3.8G       3.7G       127M       5.7M        25M       3.2G

MemTotal:        4016004 kB
MemFree:          123324 kB
Active:           383480 kB
Mem:          3.8G       3.7G       120M       5.7M        25M       3.2G

MemTotal:        4016004 kB
MemFree:          118416 kB
Active:           383420 kB
Mem:          3.8G       3.7G       115M       5.7M        25M       3.2G

MemTotal:        4016004 kB
MemFree:          123148 kB
Active:           383544 kB
Mem:          3.8G       3.7G       120M       5.7M        25M       3.2G

MemTotal:        4016004 kB
MemFree:          112452 kB
Active:           383564 kB
Mem:          3.8G       3.7G       109M       5.7M        25M       3.2G

MemTotal:        4016004 kB
MemFree:          106632 kB
Active:           383596 kB
Mem:          3.8G       3.7G       103M       5.7M        25M       3.2G

MemTotal:        4016004 kB
MemFree:          114776 kB
Active:           383616 kB
Mem:          3.8G       3.7G       111M       5.7M        25M       3.2G

MemTotal:        4016004 kB
MemFree:          129552 kB
Active:           381320 kB
Mem:          3.8G       3.7G       126M       5.7M        25M       3.2G

MemTotal:        4016004 kB
MemFree:          123268 kB
Active:           381352 kB
Mem:          3.8G       3.7G       120M       5.7M        25M       3.2G

MemTotal:        4016004 kB
MemFree:          118660 kB
Active:           381356 kB
Mem:          3.8G       3.7G       115M       5.7M        25M       3.2G

MemTotal:        4016004 kB
MemFree:          134692 kB
Active:           381400 kB
Mem:          3.8G       3.7G       131M       5.7M        25M       3.2G

MemTotal:        4016004 kB
MemFree:          111572 kB
Active:           381372 kB
Mem:          3.8G       3.7G       108M       5.7M        25M       3.2G

MemTotal:        4016004 kB
MemFree:          105772 kB
Active:           381436 kB
Mem:          3.8G       3.7G       103M       5.7M        25M       3.3G

MemTotal:        4016004 kB
MemFree:          124384 kB
Active:           382592 kB
Mem:          3.8G       3.7G       121M       5.7M        25M       3.2G

MemTotal:        4016004 kB
MemFree:          118644 kB
Active:           382484 kB
Mem:          3.8G       3.7G       115M       5.7M        25M       3.2G

MemTotal:        4016004 kB
MemFree:          123940 kB
Active:           382464 kB
Mem:          3.8G       3.7G       120M       5.7M        25M       3.2G

MemTotal:        4016004 kB
MemFree:          112268 kB
Active:           382476 kB
Mem:          3.8G       3.7G       109M       5.7M        26M       3.2G

MemTotal:        4016004 kB
MemFree:          106412 kB
Active:           381876 kB
Mem:          3.8G       3.7G       103M       5.7M        26M       3.2G

MemTotal:        4016004 kB
MemFree:          124552 kB
Active:           381896 kB
Mem:          3.8G       3.7G       122M       5.7M        26M       3.2G

MemTotal:        4016004 kB
MemFree:          112544 kB
Active:           381916 kB
Mem:          3.8G       3.7G       109M       5.7M        26M       3.2G

MemTotal:        4016004 kB
MemFree:          106064 kB
Active:           381940 kB
Mem:          3.8G       3.7G       103M       5.7M        26M       3.2G

MemTotal:        4016004 kB
MemFree:          116200 kB
Active:           381972 kB
Mem:          3.8G       3.7G       112M       5.7M        26M       3.2G

MemTotal:        4016004 kB
MemFree:          131904 kB
Active:           381992 kB
Mem:          3.8G       3.7G       128M       5.7M        26M       3.2G

MemTotal:        4016004 kB
MemFree:          129888 kB
Active:           383028 kB
Mem:          3.8G       3.7G       126M       5.7M        26M       3.2G

MemTotal:        4016004 kB
MemFree:          124460 kB
Active:           381912 kB
Mem:          3.8G       3.7G       121M       5.7M        26M       3.2G

MemTotal:        4016004 kB
MemFree:          117472 kB
Active:           381940 kB
Mem:          3.8G       3.7G       113M       5.7M        26M       3.2G

MemTotal:        4016004 kB
MemFree:          123312 kB
Active:           381904 kB
Mem:          3.8G       3.7G       119M       5.7M        26M       3.2G

MemTotal:        4016004 kB
MemFree:          125132 kB
Active:           369652 kB
Mem:          3.8G       3.7G       121M       5.7M        26M       3.2G

MemTotal:        4016004 kB
MemFree:          118980 kB
Active:           369632 kB
Mem:          3.8G       3.7G       116M       5.7M        26M       3.2G

MemTotal:        4016004 kB
MemFree:          115424 kB
Active:           369668 kB
Mem:          3.8G       3.7G       111M       5.7M        26M       3.2G

MemTotal:        4016004 kB
MemFree:          121528 kB
Active:           369704 kB
Mem:          3.8G       3.7G       117M       5.7M        26M       3.2G

MemTotal:        4016004 kB
MemFree:          116156 kB
Active:           369712 kB
Mem:          3.8G       3.7G       113M       5.7M        26M       3.2G

MemTotal:        4016004 kB
MemFree:          110008 kB
Active:           369760 kB
Mem:          3.8G       3.7G       107M       5.7M        26M       3.2G

MemTotal:        4016004 kB
MemFree:          109268 kB
Active:           367724 kB
Mem:          3.8G       3.7G       106M       5.7M        26M       3.2G

MemTotal:        4016004 kB
MemFree:          127528 kB
Active:           369756 kB
Mem:          3.8G       3.7G       124M       5.7M        26M       3.2G

MemTotal:        4016004 kB
MemFree:          124668 kB
Active:           369784 kB
Mem:          3.8G       3.7G       122M       5.7M        26M       3.2G

MemTotal:        4016004 kB
MemFree:          126908 kB
Active:           369796 kB
Mem:          3.8G       3.7G       124M       5.7M        26M       3.2G

MemTotal:        4016004 kB
MemFree:          129832 kB
Active:           369692 kB
Mem:          3.8G       3.7G       126M       5.7M        26M       3.2G

MemTotal:        4016004 kB
MemFree:          124056 kB
Active:           369692 kB
Mem:          3.8G       3.7G       121M       5.7M        26M       3.2G

MemTotal:        4016004 kB
MemFree:          113768 kB
Active:           369732 kB
Mem:          3.8G       3.7G       110M       5.7M        26M       3.2G

MemTotal:        4016004 kB
MemFree:          110328 kB
Active:           366976 kB
Mem:          3.8G       3.7G       107M       5.7M        26M       3.2G

MemTotal:        4016004 kB
MemFree:          105288 kB
Active:           367000 kB
Mem:          3.8G       3.7G       102M       5.7M        26M       3.2G

MemTotal:        4016004 kB
MemFree:          134444 kB
Active:           367020 kB
Mem:          3.8G       3.7G       131M       5.7M        26M       3.2G

MemTotal:        4016004 kB
MemFree:          134848 kB
Active:           367020 kB
Mem:          3.8G       3.7G       131M       5.7M        26M       3.2G

MemTotal:        4016004 kB
MemFree:          124372 kB
Active:           367020 kB
Mem:          3.8G       3.7G       120M       5.7M        26M       3.2G

MemTotal:        4016004 kB
MemFree:          106260 kB
Active:           367092 kB
Mem:          3.8G       3.7G       103M       5.7M        26M       3.2G

MemTotal:        4016004 kB
MemFree:          116428 kB
Active:           367112 kB
Mem:          3.8G       3.7G       113M       5.7M        26M       3.2G

MemTotal:        4016004 kB
MemFree:          129028 kB
Active:           367132 kB
Mem:          3.8G       3.7G       126M       5.7M        26M       3.2G

MemTotal:        4016004 kB
MemFree:          124876 kB
Active:           367096 kB
Mem:          3.8G       3.7G       121M       5.7M        26M       3.2G

MemTotal:        4016004 kB
MemFree:          149316 kB
Active:           367152 kB
Mem:          3.8G       3.7G       145M       5.7M        26M       3.2G

MemTotal:        4016004 kB
MemFree:          106416 kB
Active:           367196 kB
Mem:          3.8G       3.7G       103M       5.7M        26M       3.2G

MemTotal:        4016004 kB
MemFree:          124764 kB
Active:           367220 kB
Mem:          3.8G       3.7G       129M       5.7M        26M       3.2G

MemTotal:        4016004 kB
MemFree:          132816 kB
Active:           367220 kB
Mem:          3.8G       3.7G       129M       5.7M        26M       3.2G

MemTotal:        4016004 kB
MemFree:          129168 kB
Active:           364940 kB
Mem:          3.8G       3.7G       126M       5.7M        26M       3.2G

MemTotal:        4016004 kB
MemFree:          117700 kB
Active:           364840 kB
Mem:          3.8G       3.7G       114M       5.7M        26M       3.2G

MemTotal:        4016004 kB
MemFree:          110576 kB
Active:           364840 kB
Mem:          3.8G       3.7G       108M       5.7M        26M       3.2G

MemTotal:        4016004 kB
MemFree:          107760 kB
Active:           364896 kB
Mem:          3.8G       3.7G       105M       5.7M        26M       3.2G

MemTotal:        4016004 kB
MemFree:          126856 kB
Active:           364928 kB
Mem:          3.8G       3.7G       124M       5.7M        26M       3.2G

MemTotal:        4016004 kB
MemFree:          109392 kB
Active:           364948 kB
Mem:          3.8G       3.7G       106M       5.7M        26M       3.2G

MemTotal:        4016004 kB
MemFree:          135616 kB
Active:           364972 kB
Mem:          3.8G       3.7G       132M       5.7M        26M       3.2G

MemTotal:        4016004 kB
MemFree:          135932 kB
Active:           364948 kB
Mem:          3.8G       3.7G       132M       5.7M        26M       3.2G

MemTotal:        4016004 kB
MemFree:          136248 kB
Active:           364960 kB
Mem:          3.8G       3.7G       133M       5.7M        26M       3.2G

MemTotal:        4016004 kB
MemFree:          127656 kB
Active:           365004 kB
Mem:          3.8G       3.7G       124M       5.7M        26M       3.2G

MemTotal:        4016004 kB
MemFree:          109600 kB
Active:           365024 kB
Mem:          3.8G       3.7G       107M       5.7M        26M       3.2G

MemTotal:        4016004 kB
MemFree:          121140 kB
Active:           365040 kB
Mem:          3.8G       3.7G       117M       5.7M        26M       3.2G

MemTotal:        4016004 kB
MemFree:          114500 kB
Active:           365044 kB
Mem:          3.8G       3.7G       111M       5.7M        26M       3.2G

MemTotal:        4016004 kB
MemFree:          108516 kB
Active:           365092 kB
Mem:          3.8G       3.7G       105M       5.7M        26M       3.2G

MemTotal:        4016004 kB
MemFree:          120072 kB
Active:           365112 kB
Mem:          3.8G       3.7G       117M       5.7M        26M       3.2G

MemTotal:        4016004 kB
MemFree:          114448 kB
Active:           365132 kB
Mem:          3.8G       3.7G       111M       5.7M        27M       3.2G

MemTotal:        4016004 kB
MemFree:          118708 kB
Active:           362128 kB
Mem:          3.8G       3.7G       125M       5.7M        27M       3.2G

MemTotal:        4016004 kB
MemFree:          128696 kB
Active:           362152 kB
Mem:          3.8G       3.7G       125M       5.7M        27M       3.2G

MemTotal:        4016004 kB
MemFree:          131152 kB
Active:           362168 kB
Mem:          3.8G       3.7G       128M       5.7M        27M       3.2G

MemTotal:        4016004 kB
MemFree:          128420 kB
Active:           362200 kB
Mem:          3.8G       3.7G       125M       5.7M        27M       3.2G

MemTotal:        4016004 kB
MemFree:          119572 kB
Active:           362240 kB
Mem:          3.8G       3.7G       116M       5.7M        27M       3.2G

MemTotal:        4016004 kB
MemFree:          116404 kB
Active:           364280 kB
Mem:          3.8G       3.7G       113M       5.7M        27M       3.2G

MemTotal:        4016004 kB
MemFree:          124568 kB
Active:           364292 kB
Mem:          3.8G       3.7G       120M       5.7M        27M       3.2G

MemTotal:        4016004 kB
MemFree:          108600 kB
Active:           364200 kB
Mem:          3.8G       3.7G       106M       5.7M        27M       3.2G

MemTotal:        4016004 kB
MemFree:          128644 kB
Active:           364092 kB
Mem:          3.8G       3.7G       125M       5.7M        27M       3.2G

MemTotal:        4016004 kB
MemFree:          123368 kB
Active:           364064 kB
Mem:          3.8G       3.7G       120M       5.7M        27M       3.2G

MemTotal:        4016004 kB
MemFree:          111488 kB
Active:           364104 kB
Mem:          3.8G       3.7G       107M       5.7M        27M       3.2G

MemTotal:        4016004 kB
MemFree:          107288 kB
Active:           364156 kB
Mem:          3.8G       3.7G       103M       5.7M        27M       3.2G

MemTotal:        4016004 kB
MemFree:          130120 kB
Active:           364184 kB
Mem:          3.8G       3.7G       127M       5.7M        27M       3.2G

MemTotal:        4016004 kB
MemFree:          125064 kB
Active:           364172 kB
Mem:          3.8G       3.7G       121M       5.7M        27M       3.2G

MemTotal:        4016004 kB
MemFree:          135072 kB
Active:           364224 kB
Mem:          3.8G       3.7G       131M       5.7M        27M       3.2G

MemTotal:        4016004 kB
MemFree:          128840 kB
Active:           364244 kB
Mem:          3.8G       3.7G       126M       5.7M        27M       3.2G

MemTotal:        4016004 kB
MemFree:          148548 kB
Active:           360392 kB
Mem:          3.8G       3.7G       145M       5.7M        27M       3.2G

MemTotal:        4016004 kB
MemFree:          135040 kB
Active:           360184 kB
Mem:          3.8G       3.7G       131M       5.7M        27M       3.2G

MemTotal:        4016004 kB
MemFree:          134756 kB
Active:           360200 kB
Mem:          3.8G       3.7G       131M       5.7M        27M       3.2G

MemTotal:        4016004 kB
MemFree:          117596 kB
Active:           360220 kB
Mem:          3.8G       3.7G       114M       5.7M        27M       3.2G

MemTotal:        4016004 kB
MemFree:          111728 kB
Active:           360240 kB
Mem:          3.8G       3.7G       108M       5.7M        27M       3.2G

MemTotal:        4016004 kB
MemFree:          105836 kB
Active:           360260 kB
Mem:          3.8G       3.7G       103M       5.7M        27M       3.2G

MemTotal:        4016004 kB
MemFree:          125328 kB
Active:           360268 kB
Mem:          3.8G       3.7G       122M       5.7M        27M       3.2G

MemTotal:        4016004 kB
MemFree:          124192 kB
Active:           360308 kB
Mem:          3.8G       3.7G       121M       5.7M        27M       3.2G

MemTotal:        4016004 kB
MemFree:          110268 kB
Active:           360328 kB
Mem:          3.8G       3.7G       107M       5.7M        27M       3.2G

MemTotal:        4016004 kB
MemFree:          127608 kB
Active:           361476 kB
Mem:          3.8G       3.7G       125M       5.7M        27M       3.2G

MemTotal:        4016004 kB
MemFree:          107732 kB
Active:           361368 kB
Mem:          3.8G       3.7G       105M       5.7M        27M       3.2G

MemTotal:        4016004 kB
MemFree:          126392 kB
Active:           361396 kB
Mem:          3.8G       3.7G       123M       5.7M        27M       3.2G

MemTotal:        4016004 kB
MemFree:          125852 kB
Active:           361420 kB
Mem:          3.8G       3.7G       122M       5.7M        27M       3.2G

MemTotal:        4016004 kB
MemFree:          125828 kB
Active:           361432 kB
Mem:          3.8G       3.7G       122M       5.7M        27M       3.2G

MemTotal:        4016004 kB
MemFree:          114268 kB
Active:           361416 kB
Mem:          3.8G       3.7G       110M       5.7M        27M       3.2G

MemTotal:        4016004 kB
MemFree:          106556 kB
Active:           361132 kB
Mem:          3.8G       3.7G       104M       5.7M        27M       3.2G

MemTotal:        4016004 kB
MemFree:          106856 kB
Active:           361152 kB
Mem:          3.8G       3.7G       104M       5.7M        27M       3.2G

MemTotal:        4016004 kB
MemFree:          107024 kB
Active:           361152 kB
Mem:          3.8G       3.7G       104M       5.7M        27M       3.2G

MemTotal:        4016004 kB
MemFree:          104700 kB
Active:           361176 kB
Mem:          3.8G       3.7G       102M       5.7M        27M       3.2G

MemTotal:        4016004 kB
MemFree:          105072 kB
Active:           363152 kB
Mem:          3.8G       3.7G       102M       5.7M        27M       3.2G

MemTotal:        4016004 kB
MemFree:          105072 kB
Active:           363172 kB
Mem:          3.8G       3.7G       102M       5.7M        27M       3.2G

MemTotal:        4016004 kB
MemFree:          105072 kB
Active:           363180 kB
Mem:          3.8G       3.7G       102M       5.7M        27M       3.2G

MemTotal:        4016004 kB
MemFree:          105072 kB
Active:           363188 kB
Mem:          3.8G       3.7G       102M       5.7M        27M       3.2G

MemTotal:        4016004 kB
MemFree:          104948 kB
Active:           363160 kB
Mem:          3.8G       3.7G       102M       5.7M        27M       3.2G

MemTotal:        4016004 kB
MemFree:          104948 kB
Active:           363192 kB
Mem:          3.8G       3.7G       102M       5.7M        27M       3.2G

MemTotal:        4016004 kB
MemFree:          104576 kB
Active:           363224 kB
Mem:          3.8G       3.7G       102M       5.7M        27M       3.2G

MemTotal:        4016004 kB
MemFree:          104824 kB
Active:           363188 kB
Mem:          3.8G       3.7G       102M       5.7M        27M       3.2G

MemTotal:        4016004 kB
MemFree:          104824 kB
Active:           363216 kB
Mem:          3.8G       3.7G       102M       5.7M        27M       3.2G

MemTotal:        4016004 kB
MemFree:          104576 kB
Active:           363228 kB
Mem:          3.8G       3.7G       102M       5.7M        27M       3.2G

MemTotal:        4016004 kB
MemFree:          104948 kB
Active:           363228 kB
Mem:          3.8G       3.7G       102M       5.7M        27M       3.2G

MemTotal:        4016004 kB
MemFree:          104948 kB
Active:           363204 kB
Mem:          3.8G       3.7G       102M       5.7M        27M       3.2G

MemTotal:        4016004 kB
MemFree:          104452 kB
Active:           363232 kB
Mem:          3.8G       3.7G       102M       5.7M        27M       3.2G

MemTotal:        4016004 kB
MemFree:          104824 kB
Active:           363200 kB
Mem:          3.8G       3.7G       102M       5.7M        27M       3.2G

MemTotal:        4016004 kB
MemFree:          104824 kB
Active:           363204 kB
Mem:          3.8G       3.7G       102M       5.7M        27M       3.2G

MemTotal:        4016004 kB
MemFree:          104824 kB
Active:           363240 kB
Mem:          3.8G       3.7G       102M       5.7M        27M       3.2G

MemTotal:        4016004 kB
MemFree:          104824 kB
Active:           363192 kB
Mem:          3.8G       3.7G       102M       5.7M        27M       3.2G

MemTotal:        4016004 kB
MemFree:          104452 kB
Active:           363240 kB
Mem:          3.8G       3.7G       102M       5.7M        27M       3.2G

MemTotal:        4016004 kB
MemFree:          104948 kB
Active:           363236 kB
Mem:          3.8G       3.7G       102M       5.7M        27M       3.2G

MemTotal:        4016004 kB
MemFree:          104948 kB
Active:           363184 kB
Mem:          3.8G       3.7G       102M       5.7M        27M       3.2G

MemTotal:        4016004 kB
MemFree:          104948 kB
Active:           363200 kB
Mem:          3.8G       3.7G       102M       5.7M        27M       3.2G

MemTotal:        4016004 kB
MemFree:          105072 kB
Active:           363220 kB
Mem:          3.8G       3.7G       102M       5.7M        27M       3.2G

MemTotal:        4016004 kB
MemFree:          104948 kB
Active:           363188 kB
Mem:          3.8G       3.7G       102M       5.7M        27M       3.2G

MemTotal:        4016004 kB
MemFree:          104576 kB
Active:           363248 kB
Mem:          3.8G       3.7G       102M       5.7M        27M       3.2G

MemTotal:        4016004 kB
MemFree:          104948 kB
Active:           363224 kB
Mem:          3.8G       3.7G       102M       5.7M        27M       3.2G

MemTotal:        4016004 kB
MemFree:          104948 kB
Active:           363224 kB
Mem:          3.8G       3.7G       102M       5.7M        27M       3.2G

MemTotal:        4016004 kB
MemFree:          104948 kB
Active:           363244 kB
Mem:          3.8G       3.7G       102M       5.7M        27M       3.2G

MemTotal:        4016004 kB
MemFree:          104576 kB
Active:           363256 kB
Mem:          3.8G       3.7G       102M       5.7M        27M       3.2G

MemTotal:        4016004 kB
MemFree:          104576 kB
Active:           363260 kB
Mem:          3.8G       3.7G       102M       5.7M        27M       3.2G

MemTotal:        4016004 kB
MemFree:          102604 kB
Active:           363296 kB
Mem:          3.8G       3.7G       100M       5.7M        27M       3.2G

MemTotal:        4016004 kB
MemFree:          102712 kB
Active:           365240 kB
Mem:          3.8G       3.7G       100M       5.7M        27M       3.2G

MemTotal:        4016004 kB
MemFree:          102712 kB
Active:           365268 kB
Mem:          3.8G       3.7G       100M       5.7M        27M       3.2G

MemTotal:        4016004 kB
MemFree:          102588 kB
Active:           365292 kB
Mem:          3.8G       3.7G       100M       5.7M        27M       3.2G

MemTotal:        4016004 kB
MemFree:          102712 kB
Active:           365264 kB
Mem:          3.8G       3.7G       100M       5.7M        27M       3.2G

MemTotal:        4016004 kB
MemFree:          102340 kB
Active:           365296 kB
Mem:          3.8G       3.7G        99M       5.7M        27M       3.2G

MemTotal:        4016004 kB
MemFree:          102712 kB
Active:           365272 kB
Mem:          3.8G       3.7G       100M       5.7M        27M       3.2G

MemTotal:        4016004 kB
MemFree:          102836 kB
Active:           365292 kB
Mem:          3.8G       3.7G       100M       5.7M        27M       3.2G

MemTotal:        4016004 kB
MemFree:          102712 kB
Active:           365268 kB
Mem:          3.8G       3.7G       100M       5.7M        27M       3.2G

MemTotal:        4016004 kB
MemFree:          102588 kB
Active:           365276 kB
Mem:          3.8G       3.7G       100M       5.7M        27M       3.2G

MemTotal:        4016004 kB
MemFree:          102720 kB
Active:           365304 kB
Mem:          3.8G       3.7G       100M       5.7M        27M       3.2G

MemTotal:        4016004 kB
MemFree:          102224 kB
Active:           365316 kB
Mem:          3.8G       3.7G        99M       5.7M        27M       3.2G

MemTotal:        4016004 kB
MemFree:          102720 kB
Active:           365296 kB
Mem:          3.8G       3.7G       100M       5.7M        27M       3.2G

MemTotal:        4016004 kB
MemFree:          102348 kB
Active:           365316 kB
Mem:          3.8G       3.7G        99M       5.7M        27M       3.2G

MemTotal:        4016004 kB
MemFree:          102720 kB
Active:           365284 kB
Mem:          3.8G       3.7G       100M       5.7M        27M       3.2G

MemTotal:        4016004 kB
MemFree:          102224 kB
Active:           365316 kB
Mem:          3.8G       3.7G       100M       5.7M        27M       3.2G

MemTotal:        4016004 kB
MemFree:          102720 kB
Active:           365292 kB
Mem:          3.8G       3.7G       100M       5.7M        27M       3.2G

MemTotal:        4016004 kB
MemFree:          102720 kB
Active:           365260 kB
Mem:          3.8G       3.7G       100M       5.7M        27M       3.2G

MemTotal:        4016004 kB
MemFree:          102348 kB
Active:           365324 kB
Mem:          3.8G       3.7G        99M       5.7M        27M       3.2G

MemTotal:        4016004 kB
MemFree:          102596 kB
Active:           365284 kB
Mem:          3.8G       3.7G       100M       5.7M        27M       3.2G

MemTotal:        4016004 kB
MemFree:          102720 kB
Active:           365304 kB
Mem:          3.8G       3.7G       100M       5.7M        27M       3.2G

MemTotal:        4016004 kB
MemFree:          102596 kB
Active:           365320 kB
Mem:          3.8G       3.7G       100M       5.7M        27M       3.2G

MemTotal:        4016004 kB
MemFree:          102348 kB
Active:           365332 kB
Mem:          3.8G       3.7G       100M       5.7M        27M       3.2G

MemTotal:        4016004 kB
MemFree:          102720 kB
Active:           365312 kB
Mem:          3.8G       3.7G       100M       5.7M        27M       3.2G

MemTotal:        4016004 kB
MemFree:          102720 kB
Active:           365284 kB
Mem:          3.8G       3.7G       100M       5.7M        27M       3.2G

MemTotal:        4016004 kB
MemFree:          102596 kB
Active:           365280 kB
Mem:          3.8G       3.7G       100M       5.7M        27M       3.2G

MemTotal:        4016004 kB
MemFree:          102224 kB
Active:           365336 kB
Mem:          3.8G       3.7G       100M       5.7M        27M       3.2G

MemTotal:        4016004 kB
MemFree:          102596 kB
Active:           365320 kB
Mem:          3.8G       3.7G       100M       5.7M        27M       3.2G

MemTotal:        4016004 kB
MemFree:          102596 kB
Active:           365292 kB
Mem:          3.8G       3.7G        99M       5.7M        27M       3.2G

MemTotal:        4016004 kB
MemFree:          102472 kB
Active:           365292 kB
Mem:          3.8G       3.7G       100M       5.7M        27M       3.2G

MemTotal:        4016004 kB
MemFree:          102596 kB
Active:           365316 kB
Mem:          3.8G       3.7G       100M       5.7M        27M       3.2G

MemTotal:        4016004 kB
MemFree:          102596 kB
Active:           365344 kB
Mem:          3.8G       3.7G       100M       5.7M        27M       3.2G

MemTotal:        4016004 kB
MemFree:          102720 kB
Active:           365320 kB
Mem:          3.8G       3.7G       100M       5.7M        27M       3.2G

MemTotal:        4016004 kB
MemFree:          102720 kB
Active:           365352 kB
Mem:          3.8G       3.7G       100M       5.7M        27M       3.2G

MemTotal:        4016004 kB
MemFree:          102596 kB
Active:           365352 kB
Mem:          3.8G       3.7G       100M       5.7M        27M       3.2G

MemTotal:        4016004 kB
MemFree:          102596 kB
Active:           365320 kB
Mem:          3.8G       3.7G        99M       5.7M        27M       3.2G

MemTotal:        4016004 kB
MemFree:          102596 kB
Active:           365344 kB
Mem:          3.8G       3.7G       100M       5.7M        27M       3.2G

MemTotal:        4016004 kB
MemFree:          102224 kB
Active:           365372 kB
Mem:          3.8G       3.7G        99M       5.7M        27M       3.2G

MemTotal:        4016004 kB
MemFree:          102472 kB
Active:           365324 kB
Mem:          3.8G       3.7G        99M       5.7M        27M       3.2G

MemTotal:        4016004 kB
MemFree:          102596 kB
Active:           365344 kB
Mem:          3.8G       3.7G        99M       5.7M        27M       3.2G

MemTotal:        4016004 kB
MemFree:          102596 kB
Active:           365328 kB
Mem:          3.8G       3.7G       100M       5.7M        27M       3.2G

MemTotal:        4016004 kB
MemFree:          102472 kB
Active:           365344 kB
Mem:          3.8G       3.7G       100M       5.7M        27M       3.2G

MemTotal:        4016004 kB
MemFree:          102596 kB
Active:           365372 kB
Mem:          3.8G       3.7G       100M       5.7M        27M       3.2G

MemTotal:        4016004 kB
MemFree:          102224 kB
Active:           365388 kB
Mem:          3.8G       3.7G        99M       5.7M        27M       3.2G

MemTotal:        4016004 kB
MemFree:          102472 kB
Active:           365364 kB
Mem:          3.8G       3.7G       100M       5.7M        27M       3.2G

MemTotal:        4016004 kB
MemFree:          102472 kB
Active:           365520 kB
Mem:          3.8G       3.7G        99M       5.7M        27M       3.2G

MemTotal:        4016004 kB
MemFree:          148088 kB
Active:           364912 kB
Mem:          3.8G       3.7G       144M       5.7M        29M       3.2G

MemTotal:        4016004 kB
MemFree:          148124 kB
Active:           365080 kB
Mem:          3.8G       3.7G       144M       5.7M        29M       3.2G

MemTotal:        4016004 kB
MemFree:          147752 kB
Active:           365088 kB
Mem:          3.8G       3.7G       144M       5.7M        29M       3.2G

MemTotal:        4016004 kB
MemFree:          148000 kB
Active:           365056 kB
Mem:          3.8G       3.7G       144M       5.7M        29M       3.2G

MemTotal:        4016004 kB
MemFree:          147876 kB
Active:           365080 kB
Mem:          3.8G       3.7G       144M       5.7M        29M       3.2G

MemTotal:        4016004 kB
MemFree:          148000 kB
Active:           365044 kB
Mem:          3.8G       3.7G       144M       5.7M        29M       3.2G

MemTotal:        4016004 kB
MemFree:          147504 kB
Active:           365120 kB
Mem:          3.8G       3.7G       144M       5.7M        29M       3.2G

MemTotal:        4016004 kB
MemFree:          147876 kB
Active:           365080 kB
Mem:          3.8G       3.7G       144M       5.7M        29M       3.2G

MemTotal:        4016004 kB
MemFree:          147628 kB
Active:           365100 kB
Mem:          3.8G       3.7G       143M       5.7M        29M       3.2G

MemTotal:        4016004 kB
MemFree:          147628 kB
Active:           365116 kB
Mem:          3.8G       3.7G       144M       5.7M        29M       3.2G

MemTotal:        4016004 kB
MemFree:          147256 kB
Active:           365424 kB
Mem:          3.8G       3.7G       144M       5.7M        29M       3.2G

MemTotal:        4016004 kB
MemFree:          147116 kB
Active:           365200 kB
Mem:          3.8G       3.7G       143M       5.7M        29M       3.2G

MemTotal:        4016004 kB
MemFree:          147116 kB
Active:           365200 kB
Mem:          3.8G       3.7G       143M       5.7M        29M       3.2G

MemTotal:        4016004 kB
MemFree:          147364 kB
Active:           365172 kB
Mem:          3.8G       3.7G       143M       5.7M        29M       3.2G

MemTotal:        4016004 kB
MemFree:          147116 kB
Active:           365212 kB
Mem:          3.8G       3.7G       143M       5.7M        29M       3.2G

MemTotal:        4016004 kB
MemFree:          147364 kB
Active:           365172 kB
Mem:          3.8G       3.7G       143M       5.7M        29M       3.2G

MemTotal:        4016004 kB
MemFree:          147364 kB
Active:           365156 kB
Mem:          3.8G       3.7G       143M       5.7M        29M       3.2G

MemTotal:        4016004 kB
MemFree:          147736 kB
Active:           365188 kB
Mem:          3.8G       3.7G       144M       5.7M        29M       3.2G

MemTotal:        4016004 kB
MemFree:          147612 kB
Active:           365216 kB
Mem:          3.8G       3.7G       144M       5.7M        29M       3.2G

MemTotal:        4016004 kB
MemFree:          147860 kB
Active:           365176 kB
Mem:          3.8G       3.7G       144M       5.7M        29M       3.2G

MemTotal:        4016004 kB
MemFree:          148108 kB
Active:           365168 kB
Mem:          3.8G       3.7G       144M       5.7M        29M       3.2G

MemTotal:        4016004 kB
MemFree:          147736 kB
Active:           365216 kB
Mem:          3.8G       3.7G       144M       5.7M        29M       3.2G

MemTotal:        4016004 kB
MemFree:          147612 kB
Active:           365216 kB
Mem:          3.8G       3.7G       144M       5.7M        29M       3.2G

MemTotal:        4016004 kB
MemFree:          147860 kB
Active:           365188 kB
Mem:          3.8G       3.7G       143M       5.7M        29M       3.2G

MemTotal:        4016004 kB
MemFree:          147612 kB
Active:           365180 kB
Mem:          3.8G       3.7G       144M       5.7M        29M       3.2G

MemTotal:        4016004 kB
MemFree:          147240 kB
Active:           365224 kB
Mem:          3.8G       3.7G       144M       5.7M        29M       3.2G

MemTotal:        4016004 kB
MemFree:          147488 kB
Active:           365188 kB
Mem:          3.8G       3.7G       144M       5.7M        29M       3.2G

MemTotal:        4016004 kB
MemFree:          147628 kB
Active:           365204 kB
Mem:          3.8G       3.7G       144M       5.7M        29M       3.2G

MemTotal:        4016004 kB
MemFree:          147876 kB
Active:           365164 kB
Mem:          3.8G       3.7G       144M       5.7M        29M       3.2G

MemTotal:        4016004 kB
MemFree:          147380 kB
Active:           365220 kB
Mem:          3.8G       3.7G       144M       5.7M        29M       3.2G

MemTotal:        4016004 kB
MemFree:          147752 kB
Active:           365180 kB
Mem:          3.8G       3.7G       144M       5.7M        29M       3.2G

MemTotal:        4016004 kB
MemFree:          147380 kB
Active:           365224 kB
Mem:          3.8G       3.7G       143M       5.7M        29M       3.2G

MemTotal:        4016004 kB
MemFree:          147132 kB
Active:           365224 kB
Mem:          3.8G       3.7G       143M       5.7M        29M       3.2G

MemTotal:        4016004 kB
MemFree:          147628 kB
Active:           365204 kB
Mem:          3.8G       3.7G       144M       5.7M        29M       3.2G

MemTotal:        4016004 kB
MemFree:          147504 kB
Active:           365224 kB
Mem:          3.8G       3.7G       144M       5.7M        29M       3.2G

MemTotal:        4016004 kB
MemFree:          147628 kB
Active:           365204 kB
Mem:          3.8G       3.7G       144M       5.7M        29M       3.2G

MemTotal:        4016004 kB
MemFree:          147380 kB
Active:           365232 kB
Mem:          3.8G       3.7G       143M       5.7M        29M       3.2G

MemTotal:        4016004 kB
MemFree:          147752 kB
Active:           365220 kB
Mem:          3.8G       3.7G       144M       5.7M        29M       3.2G

MemTotal:        4016004 kB
MemFree:          147752 kB
Active:           365184 kB
Mem:          3.8G       3.7G       144M       5.7M        29M       3.2G

MemTotal:        4016004 kB
MemFree:          147256 kB
Active:           365240 kB
Mem:          3.8G       3.7G       144M       5.7M        29M       3.2G

MemTotal:        4016004 kB
MemFree:          148000 kB
Active:           365212 kB
Mem:          3.8G       3.7G       144M       5.7M        29M       3.2G

MemTotal:        4016004 kB
MemFree:          148248 kB
Active:           365232 kB
Mem:          3.8G       3.7G       144M       5.7M        29M       3.2G

MemTotal:        4016004 kB
MemFree:          148124 kB
Active:           365224 kB
Mem:          3.8G       3.7G       144M       5.7M        29M       3.2G

MemTotal:        4016004 kB
MemFree:          147752 kB
Active:           365204 kB
Mem:          3.8G       3.7G       144M       5.7M        29M       3.2G

MemTotal:        4016004 kB
MemFree:          148000 kB
Active:           365204 kB
Mem:          3.8G       3.7G       144M       5.7M        29M       3.2G

MemTotal:        4016004 kB
MemFree:          147876 kB
Active:           365200 kB
Mem:          3.8G       3.7G       144M       5.7M        29M       3.2G

MemTotal:        4016004 kB
MemFree:          147504 kB
Active:           365248 kB
Mem:          3.8G       3.7G       144M       5.7M        29M       3.2G

MemTotal:        4016004 kB
MemFree:          148000 kB
Active:           365208 kB
Mem:          3.8G       3.7G       144M       5.7M        29M       3.2G

MemTotal:        4016004 kB
MemFree:          147752 kB
Active:           365248 kB
Mem:          3.8G       3.7G       144M       5.7M        29M       3.2G

MemTotal:        4016004 kB
MemFree:          147876 kB
Active:           365196 kB
Mem:          3.8G       3.7G       144M       5.7M        29M       3.2G

MemTotal:        4016004 kB
MemFree:          148124 kB
Active:           365240 kB
Mem:          3.8G       3.7G       144M       5.7M        29M       3.2G

MemTotal:        4016004 kB
MemFree:          148372 kB
Active:           365252 kB
Mem:          3.8G       3.7G       144M       5.7M        29M       3.2G

MemTotal:        4016004 kB
MemFree:          148000 kB
Active:           365264 kB
Mem:          3.8G       3.7G       144M       5.7M        29M       3.2G

MemTotal:        4016004 kB
MemFree:          148124 kB
Active:           365244 kB
Mem:          3.8G       3.7G       144M       5.7M        29M       3.2G

MemTotal:        4016004 kB
MemFree:          148124 kB
Active:           365216 kB
Mem:          3.8G       3.7G       144M       5.7M        29M       3.2G

MemTotal:        4016004 kB
MemFree:          148000 kB
Active:           365264 kB
Mem:          3.8G       3.7G       144M       5.7M        29M       3.2G

MemTotal:        4016004 kB
MemFree:          147916 kB
Active:           365272 kB
Mem:          3.8G       3.7G       144M       5.7M        29M       3.2G

MemTotal:        4016004 kB
MemFree:          148172 kB
Active:           365236 kB
Mem:          3.8G       3.7G       144M       5.7M        29M       3.2G

MemTotal:        4016004 kB
MemFree:          147924 kB
Active:           365240 kB
Mem:          3.8G       3.7G       144M       5.7M        29M       3.2G

MemTotal:        4016004 kB
MemFree:          147428 kB
Active:           365276 kB
Mem:          3.8G       3.7G       144M       5.7M        29M       3.2G

MemTotal:        4016004 kB
MemFree:          147304 kB
Active:           365276 kB
Mem:          3.8G       3.7G       144M       5.7M        29M       3.2G

MemTotal:        4016004 kB
MemFree:          147676 kB
Active:           365220 kB
Mem:          3.8G       3.7G       144M       5.7M        29M       3.2G

MemTotal:        4016004 kB
MemFree:          147800 kB
Active:           365220 kB
Mem:          3.8G       3.7G       144M       5.7M        29M       3.2G

MemTotal:        4016004 kB
MemFree:          147552 kB
Active:           365272 kB
Mem:          3.8G       3.7G       144M       5.7M        29M       3.2G

MemTotal:        4016004 kB
MemFree:          147552 kB
Active:           365236 kB
Mem:          3.8G       3.7G       143M       5.7M        29M       3.2G

MemTotal:        4016004 kB
MemFree:          147056 kB
Active:           365284 kB
Mem:          3.8G       3.7G       143M       5.7M        29M       3.2G

MemTotal:        4016004 kB
MemFree:          147428 kB
Active:           365248 kB
Mem:          3.8G       3.7G       143M       5.7M        29M       3.2G

MemTotal:        4016004 kB
MemFree:          147180 kB
Active:           365284 kB
Mem:          3.8G       3.7G       143M       5.7M        29M       3.2G

MemTotal:        4016004 kB
MemFree:          147924 kB
Active:           365236 kB
Mem:          3.8G       3.7G       144M       5.7M        29M       3.2G

MemTotal:        4016004 kB
MemFree:          147784 kB
Active:           365284 kB
Mem:          3.8G       3.7G       144M       5.7M        29M       3.2G

MemTotal:        4016004 kB
MemFree:          147924 kB
Active:           365288 kB
Mem:          3.8G       3.7G       144M       5.7M        29M       3.2G

MemTotal:        4016004 kB
MemFree:          148172 kB
Active:           365248 kB
Mem:          3.8G       3.7G       144M       5.7M        29M       3.2G

MemTotal:        4016004 kB
MemFree:          147908 kB
Active:           365292 kB
Mem:          3.8G       3.7G       144M       5.7M        29M       3.2G

MemTotal:        4016004 kB
MemFree:          148048 kB
Active:           365256 kB
Mem:          3.8G       3.7G       144M       5.7M        29M       3.2G

MemTotal:        4016004 kB
MemFree:          147924 kB
Active:           365264 kB
Mem:          3.8G       3.7G       144M       5.7M        29M       3.2G

MemTotal:        4016004 kB
MemFree:          148048 kB
Active:           365288 kB
Mem:          3.8G       3.7G       144M       5.7M        29M       3.2G

MemTotal:        4016004 kB
MemFree:          147644 kB
Active:           365304 kB
Mem:          3.8G       3.7G       144M       5.7M        29M       3.2G

MemTotal:        4016004 kB
MemFree:          147800 kB
Active:           365248 kB
Mem:          3.8G       3.7G       144M       5.7M        29M       3.2G

MemTotal:        4016004 kB
MemFree:          147288 kB
Active:           365304 kB
Mem:          3.8G       3.7G       143M       5.7M        29M       3.2G

MemTotal:        4016004 kB
MemFree:          147552 kB
Active:           365272 kB
Mem:          3.8G       3.7G       144M       5.7M        29M       3.2G

MemTotal:        4016004 kB
MemFree:          147164 kB
Active:           365312 kB
Mem:          3.8G       3.7G       144M       5.7M        29M       3.2G

MemTotal:        4016004 kB
MemFree:          147552 kB
Active:           365308 kB
Mem:          3.8G       3.7G       144M       5.7M        29M       3.2G

MemTotal:        4016004 kB
MemFree:          147536 kB
Active:           365296 kB
Mem:          3.8G       3.7G       144M       5.7M        29M       3.2G

MemTotal:        4016004 kB
MemFree:          147288 kB
Active:           365392 kB
Mem:          3.8G       3.7G       144M       5.7M        29M       3.2G

MemTotal:        4016004 kB
MemFree:          147288 kB
Active:           365332 kB
Mem:          3.8G       3.7G       144M       5.7M        29M       3.2G

MemTotal:        4016004 kB
MemFree:          147800 kB
Active:           365308 kB
Mem:          3.8G       3.7G       144M       5.7M        29M       3.2G

MemTotal:        4016004 kB
MemFree:          147552 kB
Active:           365472 kB
Mem:          3.8G       3.7G       144M       5.7M        29M       3.2G

MemTotal:        4016004 kB
MemFree:          147288 kB
Active:           365328 kB
Mem:          3.8G       3.7G       143M       5.7M        29M       3.2G

MemTotal:        4016004 kB
MemFree:          147676 kB
Active:           365296 kB
Mem:          3.8G       3.7G       144M       5.7M        29M       3.2G

MemTotal:        4016004 kB
MemFree:          147752 kB
Active:           365316 kB
Mem:          3.8G       3.7G       144M       5.7M        29M       3.2G

MemTotal:        4016004 kB
MemFree:          147436 kB
Active:           365416 kB
Mem:          3.8G       3.7G       144M       5.7M        29M       3.2G

MemTotal:        4016004 kB
MemFree:          147164 kB
Active:           365328 kB
Mem:          3.8G       3.7G       143M       5.7M        29M       3.2G

MemTotal:        4016004 kB
MemFree:          147504 kB
Active:           365284 kB
Mem:          3.8G       3.7G       144M       5.7M        29M       3.2G

MemTotal:        4016004 kB
MemFree:          147520 kB
Active:           365420 kB
Mem:          3.8G       3.7G       144M       5.7M        29M       3.2G

MemTotal:        4016004 kB
MemFree:          147412 kB
Active:           365336 kB
Mem:          3.8G       3.7G       143M       5.7M        29M       3.2G

MemTotal:        4016004 kB
MemFree:          147800 kB
Active:           365416 kB
Mem:          3.8G       3.7G       144M       5.7M        29M       3.2G

MemTotal:        4016004 kB
MemFree:          147824 kB
Active:           365412 kB
Mem:          3.8G       3.7G       144M       5.7M        29M       3.2G

MemTotal:        4016004 kB
MemFree:          147876 kB
Active:           365416 kB
Mem:          3.8G       3.7G       144M       5.7M        29M       3.2G

MemTotal:        4016004 kB
MemFree:          147748 kB
Active:           365396 kB
Mem:          3.8G       3.7G       144M       5.7M        29M       3.2G

MemTotal:        4016004 kB
MemFree:          147856 kB
Active:           365416 kB
Mem:          3.8G       3.7G       144M       5.7M        29M       3.2G

MemTotal:        4016004 kB
MemFree:          147404 kB
Active:           365440 kB
Mem:          3.8G       3.7G       144M       5.7M        29M       3.2G

MemTotal:        4016004 kB
MemFree:          147884 kB
Active:           365348 kB
Mem:          3.8G       3.7G       144M       5.7M        29M       3.2G

MemTotal:        4016004 kB
MemFree:          147884 kB
Active:           365348 kB
Mem:          3.8G       3.7G       144M       5.7M        29M       3.2G

MemTotal:        4016004 kB
MemFree:          147404 kB
Active:           365360 kB
Mem:          3.8G       3.7G       143M       5.7M        29M       3.2G

MemTotal:        4016004 kB
MemFree:          147776 kB
Active:           365316 kB
Mem:          3.8G       3.7G       144M       5.7M        29M       3.2G

MemTotal:        4016004 kB
MemFree:          147636 kB
Active:           365340 kB
Mem:          3.8G       3.7G       144M       5.7M        29M       3.2G

MemTotal:        4016004 kB
MemFree:          147884 kB
Active:           365232 kB
Mem:          3.8G       3.7G       144M       5.7M        29M       3.2G

MemTotal:        4016004 kB
MemFree:          147280 kB
Active:           365472 kB
Mem:          3.8G       3.7G       143M       5.7M        29M       3.2G

MemTotal:        4016004 kB
MemFree:          147280 kB
Active:           365548 kB
Mem:          3.8G       3.7G       143M       5.7M        29M       3.2G

MemTotal:        4016004 kB
MemFree:          147636 kB
Active:           365204 kB
Mem:          3.8G       3.7G       144M       5.7M        29M       3.2G

MemTotal:        4016004 kB
MemFree:          147280 kB
Active:           365456 kB
Mem:          3.8G       3.7G       144M       5.7M        29M       3.2G

MemTotal:        4016004 kB
MemFree:          147280 kB
Active:           365496 kB
Mem:          3.8G       3.7G       143M       5.7M        29M       3.2G

MemTotal:        4016004 kB
MemFree:          146908 kB
Active:           365412 kB
Mem:          3.8G       3.7G       143M       5.7M        29M       3.2G

MemTotal:        4016004 kB
MemFree:          147188 kB
Active:           365336 kB
Mem:          3.8G       3.7G       143M       5.7M        29M       3.2G

MemTotal:        4016004 kB
MemFree:          146940 kB
Active:           365384 kB
Mem:          3.8G       3.7G       143M       5.7M        29M       3.2G

MemTotal:        4016004 kB
MemFree:          147312 kB
Active:           365348 kB
Mem:          3.8G       3.7G       143M       5.7M        29M       3.2G

MemTotal:        4016004 kB
MemFree:          147436 kB
Active:           365336 kB
Mem:          3.8G       3.7G       144M       5.7M        29M       3.2G

MemTotal:        4016004 kB
MemFree:          147560 kB
Active:           365372 kB
Mem:          3.8G       3.7G       144M       5.7M        29M       3.2G

MemTotal:        4016004 kB
MemFree:          147684 kB
Active:           365340 kB
Mem:          3.8G       3.7G       143M       5.7M        29M       3.2G

MemTotal:        4016004 kB
MemFree:          147064 kB
Active:           365384 kB
Mem:          3.8G       3.7G       143M       5.7M        29M       3.2G

MemTotal:        4016004 kB
MemFree:          147436 kB
Active:           365356 kB
Mem:          3.8G       3.7G       144M       5.7M        29M       3.2G

MemTotal:        4016004 kB
MemFree:          147560 kB
Active:           365332 kB
Mem:          3.8G       3.7G       143M       5.7M        29M       3.2G

MemTotal:        4016004 kB
MemFree:          147436 kB
Active:           365376 kB
Mem:          3.8G       3.7G       144M       5.7M        29M       3.2G

MemTotal:        4016004 kB
MemFree:          147560 kB
Active:           365360 kB
Mem:          3.8G       3.7G       143M       5.7M        29M       3.2G

MemTotal:        4016004 kB
MemFree:          147436 kB
Active:           365332 kB
Mem:          3.8G       3.7G       144M       5.7M        29M       3.2G

MemTotal:        4016004 kB
MemFree:          147188 kB
Active:           365384 kB
Mem:          3.8G       3.7G       143M       5.7M        29M       3.2G

MemTotal:        4016004 kB
MemFree:          147312 kB
Active:           365372 kB
Mem:          3.8G       3.7G       143M       5.7M        29M       3.2G

MemTotal:        4016004 kB
MemFree:          147188 kB
Active:           365332 kB
Mem:          3.8G       3.7G       143M       5.7M        29M       3.2G

MemTotal:        4016004 kB
MemFree:          146940 kB
Active:           365388 kB
Mem:          3.8G       3.7G       143M       5.7M        29M       3.2G

MemTotal:        4016004 kB
MemFree:          147064 kB
Active:           365368 kB
Mem:          3.8G       3.7G       143M       5.7M        29M       3.2G

MemTotal:        4016004 kB
MemFree:          147064 kB
Active:           365360 kB
Mem:          3.8G       3.7G       143M       5.7M        29M       3.2G

MemTotal:        4016004 kB
MemFree:          147064 kB
Active:           365376 kB
Mem:          3.8G       3.7G       143M       5.7M        29M       3.2G

MemTotal:        4016004 kB
MemFree:          146568 kB
Active:           365392 kB
Mem:          3.8G       3.7G       143M       5.7M        29M       3.2G

MemTotal:        4016004 kB
MemFree:          147064 kB
Active:           365364 kB
Mem:          3.8G       3.7G       143M       5.7M        29M       3.2G

MemTotal:        4016004 kB
MemFree:          147436 kB
Active:           365392 kB
Mem:          3.8G       3.7G       143M       5.7M        29M       3.2G

MemTotal:        4016004 kB
MemFree:          147436 kB
Active:           365360 kB
Mem:          3.8G       3.7G       143M       5.7M        29M       3.2G

MemTotal:        4016004 kB
MemFree:          146940 kB
Active:           365408 kB
Mem:          3.8G       3.7G       143M       5.7M        29M       3.2G

MemTotal:        4016004 kB
MemFree:          147064 kB
Active:           365352 kB
Mem:          3.8G       3.7G       143M       5.7M        29M       3.2G

MemTotal:        4016004 kB
MemFree:          147188 kB
Active:           365388 kB
Mem:          3.8G       3.7G       143M       5.7M        29M       3.2G

MemTotal:        4016004 kB
MemFree:          146816 kB
Active:           365424 kB
Mem:          3.8G       3.7G       143M       5.7M        29M       3.2G

MemTotal:        4016004 kB
MemFree:          147064 kB
Active:           365392 kB
Mem:          3.8G       3.7G       143M       5.7M        29M       3.2G

MemTotal:        4016004 kB
MemFree:          147312 kB
Active:           365420 kB
Mem:          3.8G       3.7G       143M       5.7M        29M       3.2G

MemTotal:        4016004 kB
MemFree:          147312 kB
Active:           365392 kB
Mem:          3.8G       3.7G       143M       5.7M        29M       3.2G

MemTotal:        4016004 kB
MemFree:          146940 kB
Active:           365428 kB
Mem:          3.8G       3.7G       143M       5.7M        29M       3.2G

MemTotal:        4016004 kB
MemFree:          147312 kB
Active:           365400 kB
Mem:          3.8G       3.7G       143M       5.7M        29M       3.2G

MemTotal:        4016004 kB
MemFree:          147312 kB
Active:           365428 kB
Mem:          3.8G       3.7G       144M       5.7M        29M       3.2G

MemTotal:        4016004 kB
MemFree:          147436 kB
Active:           365388 kB
Mem:          3.8G       3.7G       144M       5.7M        29M       3.2G

MemTotal:        4016004 kB
MemFree:          147436 kB
Active:           365404 kB
Mem:          3.8G       3.7G       143M       5.7M        29M       3.2G

MemTotal:        4016004 kB
MemFree:          147560 kB
Active:           365424 kB
Mem:          3.8G       3.7G       144M       5.7M        29M       3.2G

MemTotal:        4016004 kB
MemFree:          147188 kB
Active:           365436 kB
Mem:          3.8G       3.7G       144M       5.7M        29M       3.2G

MemTotal:        4016004 kB
MemFree:          147436 kB
Active:           365408 kB
Mem:          3.8G       3.7G       144M       5.7M        29M       3.2G

MemTotal:        4016004 kB
MemFree:          147560 kB
Active:           365428 kB
Mem:          3.8G       3.7G       143M       5.7M        29M       3.2G

MemTotal:        4016004 kB
MemFree:          147436 kB
Active:           365428 kB
Mem:          3.8G       3.7G       143M       5.7M        29M       3.2G

MemTotal:        4016004 kB
MemFree:          147312 kB
Active:           365444 kB
Mem:          3.8G       3.7G       143M       5.7M        29M       3.2G

MemTotal:        4016004 kB
MemFree:          147560 kB
Active:           365424 kB
Mem:          3.8G       3.7G       144M       5.7M        29M       3.2G

MemTotal:        4016004 kB
MemFree:          147436 kB
Active:           365444 kB
Mem:          3.8G       3.7G       144M       5.7M        29M       3.2G

MemTotal:        4016004 kB
MemFree:          147188 kB
Active:           365424 kB
Mem:          3.8G       3.7G       143M       5.7M        29M       3.2G

MemTotal:        4016004 kB
MemFree:          146940 kB
Active:           365452 kB
Mem:          3.8G       3.7G       143M       5.7M        29M       3.2G

MemTotal:        4016004 kB
MemFree:          147188 kB
Active:           365420 kB
Mem:          3.8G       3.7G       143M       5.7M        29M       3.2G

MemTotal:        4016004 kB
MemFree:          147312 kB
Active:           365456 kB
Mem:          3.8G       3.7G       143M       5.7M        29M       3.2G

MemTotal:        4016004 kB
MemFree:          146940 kB
Active:           365460 kB
