MemTotal:        4016004 kB
MemFree:         3245376 kB
Active:           414760 kB
Mem:          3.8G       752M       3.1G       5.7M        57M       318M

MemTotal:        4016004 kB
MemFree:         3246040 kB
Active:           414640 kB
Mem:          3.8G       751M       3.1G       5.7M        57M       318M

MemTotal:        4016004 kB
MemFree:         3245900 kB
Active:           414712 kB
Mem:          3.8G       752M       3.1G       5.7M        57M       318M

MemTotal:        4016004 kB
MemFree:         3245828 kB
Active:           414724 kB
Mem:          3.8G       752M       3.1G       5.7M        57M       318M

MemTotal:        4016004 kB
MemFree:         3246308 kB
Active:           414716 kB
Mem:          3.8G       751M       3.1G       5.7M        57M       318M

MemTotal:        4016004 kB
MemFree:         3246184 kB
Active:           414700 kB
Mem:          3.8G       751M       3.1G       5.7M        57M       318M

MemTotal:        4016004 kB
MemFree:         3246184 kB
Active:           414692 kB
Mem:          3.8G       751M       3.1G       5.7M        57M       318M

MemTotal:        4016004 kB
MemFree:         3246448 kB
Active:           414680 kB
Mem:          3.8G       751M       3.1G       5.7M        57M       318M

MemTotal:        4016004 kB
MemFree:         3245952 kB
Active:           414724 kB
Mem:          3.8G       751M       3.1G       5.7M        57M       318M

MemTotal:        4016004 kB
MemFree:         3246076 kB
Active:           414724 kB
Mem:          3.8G       751M       3.1G       5.7M        57M       318M

MemTotal:        4016004 kB
MemFree:         3246076 kB
Active:           414700 kB
Mem:          3.8G       751M       3.1G       5.7M        57M       318M

MemTotal:        4016004 kB
MemFree:         3245580 kB
Active:           414728 kB
Mem:          3.8G       752M       3.1G       5.7M        57M       318M

MemTotal:        4016004 kB
MemFree:         3246076 kB
Active:           414696 kB
Mem:          3.8G       751M       3.1G       5.7M        57M       318M

MemTotal:        4016004 kB
MemFree:         3245420 kB
Active:           412896 kB
Mem:          3.8G       752M       3.1G       5.7M        57M       318M

MemTotal:        4016004 kB
MemFree:         3246152 kB
Active:           414704 kB
Mem:          3.8G       751M       3.1G       5.7M        57M       318M

MemTotal:        4016004 kB
MemFree:         3246540 kB
Active:           414692 kB
Mem:          3.8G       751M       3.1G       5.7M        57M       318M

MemTotal:        4016004 kB
MemFree:         3246416 kB
Active:           414736 kB
Mem:          3.8G       751M       3.1G       5.7M        57M       318M

MemTotal:        4016004 kB
MemFree:         3246664 kB
Active:           414724 kB
Mem:          3.8G       751M       3.1G       5.7M        57M       318M

MemTotal:        4016004 kB
MemFree:         3246276 kB
Active:           414736 kB
Mem:          3.8G       751M       3.1G       5.7M        57M       318M

MemTotal:        4016004 kB
MemFree:         3246508 kB
Active:           414708 kB
Mem:          3.8G       751M       3.1G       5.7M        57M       318M

MemTotal:        4016004 kB
MemFree:         3246492 kB
Active:           414728 kB
Mem:          3.8G       751M       3.1G       5.7M        57M       318M

MemTotal:        4016004 kB
MemFree:         3246600 kB
Active:           414716 kB
Mem:          3.8G       751M       3.1G       5.7M        57M       318M

MemTotal:        4016004 kB
MemFree:         3246088 kB
Active:           414716 kB
Mem:          3.8G       751M       3.1G       5.7M        57M       318M

MemTotal:        4016004 kB
MemFree:         3245320 kB
Active:           412796 kB
Mem:          3.8G       752M       3.1G       5.7M        57M       318M

MemTotal:        4016004 kB
MemFree:         3245804 kB
Active:           414732 kB
Mem:          3.8G       752M       3.1G       5.7M        57M       318M

MemTotal:        4016004 kB
MemFree:         3245912 kB
Active:           414704 kB
Mem:          3.8G       751M       3.1G       5.7M        57M       318M

MemTotal:        4016004 kB
MemFree:         3246516 kB
Active:           414720 kB
Mem:          3.8G       751M       3.1G       5.7M        57M       318M

MemTotal:        4016004 kB
MemFree:         3246376 kB
Active:           414696 kB
Mem:          3.8G       751M       3.1G       5.7M        57M       318M

MemTotal:        4016004 kB
MemFree:         3246360 kB
Active:           414700 kB
Mem:          3.8G       751M       3.1G       5.7M        57M       319M

MemTotal:        4016004 kB
MemFree:         3246468 kB
Active:           414712 kB
Mem:          3.8G       751M       3.1G       5.7M        57M       319M

MemTotal:        4016004 kB
MemFree:         3246452 kB
Active:           414728 kB
Mem:          3.8G       751M       3.1G       5.7M        57M       319M

MemTotal:        4016004 kB
MemFree:         3246252 kB
Active:           414732 kB
Mem:          3.8G       751M       3.1G       5.7M        57M       319M

MemTotal:        4016004 kB
MemFree:         3246004 kB
Active:           414764 kB
Mem:          3.8G       752M       3.1G       5.7M        57M       319M

MemTotal:        4016004 kB
MemFree:         3244080 kB
Active:           414748 kB
Mem:          3.8G       753M       3.1G       5.7M        58M       318M

MemTotal:        4016004 kB
MemFree:         3243956 kB
Active:           416760 kB
Mem:          3.8G       754M       3.1G       5.7M        58M       319M

MemTotal:        4016004 kB
MemFree:         3243584 kB
Active:           416796 kB
Mem:          3.8G       754M       3.1G       5.7M        58M       319M

MemTotal:        4016004 kB
MemFree:         3243956 kB
Active:           416780 kB
Mem:          3.8G       753M       3.1G       5.7M        58M       319M

MemTotal:        4016004 kB
MemFree:         3243956 kB
Active:           416784 kB
Mem:          3.8G       753M       3.1G       5.7M        58M       319M

MemTotal:        4016004 kB
MemFree:         3244080 kB
Active:           416788 kB
Mem:          3.8G       753M       3.1G       5.7M        58M       319M

MemTotal:        4016004 kB
MemFree:         3243956 kB
Active:           416804 kB
Mem:          3.8G       754M       3.1G       5.7M        58M       319M

MemTotal:        4016004 kB
MemFree:         3244064 kB
Active:           416800 kB
Mem:          3.8G       754M       3.1G       5.7M        58M       319M

MemTotal:        4016004 kB
MemFree:         3244048 kB
Active:           416796 kB
Mem:          3.8G       754M       3.1G       5.7M        58M       319M

MemTotal:        4016004 kB
MemFree:         3243680 kB
Active:           416804 kB
Mem:          3.8G       754M       3.1G       5.7M        58M       319M

MemTotal:        4016004 kB
MemFree:         3243804 kB
Active:           416812 kB
Mem:          3.8G       754M       3.1G       5.7M        58M       319M

MemTotal:        4016004 kB
MemFree:         3243928 kB
Active:           416796 kB
Mem:          3.8G       753M       3.1G       5.7M        58M       319M

MemTotal:        4016004 kB
MemFree:         3244052 kB
Active:           416788 kB
Mem:          3.8G       753M       3.1G       5.7M        58M       319M

MemTotal:        4016004 kB
MemFree:         3243648 kB
Active:           416840 kB
Mem:          3.8G       753M       3.1G       5.7M        58M       319M

MemTotal:        4016004 kB
MemFree:         3243556 kB
Active:           416840 kB
Mem:          3.8G       754M       3.1G       5.7M        58M       319M

MemTotal:        4016004 kB
MemFree:         3243184 kB
Active:           416848 kB
Mem:          3.8G       754M       3.1G       5.7M        58M       319M

MemTotal:        4016004 kB
MemFree:         3243416 kB
Active:           416804 kB
Mem:          3.8G       754M       3.1G       5.7M        58M       319M

MemTotal:        4016004 kB
MemFree:         3243524 kB
Active:           416852 kB
Mem:          3.8G       754M       3.1G       5.7M        58M       319M

MemTotal:        4016004 kB
MemFree:         3243400 kB
Active:           416856 kB
Mem:          3.8G       754M       3.1G       5.7M        58M       319M

MemTotal:        4016004 kB
MemFree:         3243756 kB
Active:           416820 kB
Mem:          3.8G       754M       3.1G       5.7M        58M       319M

MemTotal:        4016004 kB
MemFree:         3243104 kB
Active:           414828 kB
Mem:          3.8G       754M       3.1G       5.7M        58M       319M

MemTotal:        4016004 kB
MemFree:         3243212 kB
Active:           416876 kB
Mem:          3.8G       754M       3.1G       5.7M        58M       319M

MemTotal:        4016004 kB
MemFree:         3243072 kB
Active:           416876 kB
Mem:          3.8G       754M       3.1G       5.7M        58M       319M

MemTotal:        4016004 kB
MemFree:         3243508 kB
Active:           416856 kB
Mem:          3.8G       754M       3.1G       5.7M        58M       319M

MemTotal:        4016004 kB
MemFree:         3243632 kB
Active:           416856 kB
Mem:          3.8G       754M       3.1G       5.7M        58M       319M

MemTotal:        4016004 kB
MemFree:         3244252 kB
Active:           416884 kB
Mem:          3.8G       754M       3.1G       5.7M        58M       319M

MemTotal:        4016004 kB
MemFree:         3244128 kB
Active:           416852 kB
Mem:          3.8G       753M       3.1G       5.7M        58M       319M

MemTotal:        4016004 kB
MemFree:         3244252 kB
Active:           416856 kB
Mem:          3.8G       753M       3.1G       5.7M        58M       319M

MemTotal:        4016004 kB
MemFree:         3244252 kB
Active:           416832 kB
Mem:          3.8G       753M       3.1G       5.7M        58M       319M

MemTotal:        4016004 kB
MemFree:         3243060 kB
Active:           414916 kB
Mem:          3.8G       754M       3.1G       5.7M        58M       319M

MemTotal:        4016004 kB
MemFree:         3243616 kB
Active:           416836 kB
Mem:          3.8G       754M       3.1G       5.7M        58M       319M

MemTotal:        4016004 kB
MemFree:         3243368 kB
Active:           416896 kB
Mem:          3.8G       754M       3.1G       5.7M        58M       319M

MemTotal:        4016004 kB
MemFree:         3243616 kB
Active:           416868 kB
Mem:          3.8G       754M       3.1G       5.7M        58M       319M

MemTotal:        4016004 kB
MemFree:         3243820 kB
Active:           416884 kB
Mem:          3.8G       754M       3.1G       5.7M        58M       319M

MemTotal:        4016004 kB
MemFree:         3243820 kB
Active:           416860 kB
Mem:          3.8G       753M       3.1G       5.7M        58M       319M

MemTotal:        4016004 kB
MemFree:         3243944 kB
Active:           416896 kB
Mem:          3.8G       753M       3.1G       5.7M        58M       319M

MemTotal:        4016004 kB
MemFree:         3244316 kB
Active:           416844 kB
Mem:          3.8G       753M       3.1G       5.7M        58M       319M

MemTotal:        4016004 kB
MemFree:         3244424 kB
Active:           416852 kB
Mem:          3.8G       753M       3.1G       5.7M        58M       319M

MemTotal:        4016004 kB
MemFree:         3244408 kB
Active:           416864 kB
Mem:          3.8G       753M       3.1G       5.7M        58M       319M

MemTotal:        4016004 kB
MemFree:         3244392 kB
Active:           416876 kB
Mem:          3.8G       753M       3.1G       5.7M        58M       319M

MemTotal:        4016004 kB
MemFree:         3244252 kB
Active:           416868 kB
Mem:          3.8G       753M       3.1G       5.7M        58M       319M

MemTotal:        4016004 kB
MemFree:         3243772 kB
Active:           416900 kB
Mem:          3.8G       753M       3.1G       5.7M        58M       319M

MemTotal:        4016004 kB
MemFree:         3243648 kB
Active:           416900 kB
Mem:          3.8G       753M       3.1G       5.7M        58M       319M

MemTotal:        4016004 kB
MemFree:         3244020 kB
Active:           416908 kB
Mem:          3.8G       754M       3.1G       5.7M        58M       319M

MemTotal:        4016004 kB
MemFree:         3243656 kB
Active:           416908 kB
Mem:          3.8G       754M       3.1G       5.7M        58M       319M

MemTotal:        4016004 kB
MemFree:         3243904 kB
Active:           416892 kB
Mem:          3.8G       754M       3.1G       5.7M        58M       319M

MemTotal:        4016004 kB
MemFree:         3244400 kB
Active:           416852 kB
Mem:          3.8G       753M       3.1G       5.7M        58M       319M

MemTotal:        4016004 kB
MemFree:         3244524 kB
Active:           416860 kB
Mem:          3.8G       753M       3.1G       5.7M        58M       319M

MemTotal:        4016004 kB
MemFree:         3244152 kB
Active:           416908 kB
Mem:          3.8G       753M       3.1G       5.7M        58M       319M

MemTotal:        4016004 kB
MemFree:         3244400 kB
Active:           416896 kB
Mem:          3.8G       753M       3.1G       5.7M        58M       319M

MemTotal:        4016004 kB
MemFree:         3244260 kB
Active:           416884 kB
Mem:          3.8G       753M       3.1G       5.7M        58M       319M

MemTotal:        4016004 kB
MemFree:         3244076 kB
Active:           416924 kB
Mem:          3.8G       753M       3.1G       5.7M        58M       319M

MemTotal:        4016004 kB
MemFree:         3244200 kB
Active:           416900 kB
Mem:          3.8G       753M       3.1G       5.7M        58M       319M

MemTotal:        4016004 kB
MemFree:         3244200 kB
Active:           416908 kB
Mem:          3.8G       753M       3.1G       5.7M        58M       319M

MemTotal:        4016004 kB
MemFree:         3243564 kB
Active:           416924 kB
Mem:          3.8G       754M       3.1G       5.7M        58M       319M

MemTotal:        4016004 kB
MemFree:         3243548 kB
Active:           416924 kB
Mem:          3.8G       754M       3.1G       5.7M        58M       319M

MemTotal:        4016004 kB
MemFree:         3243780 kB
Active:           416908 kB
Mem:          3.8G       754M       3.1G       5.7M        58M       319M

MemTotal:        4016004 kB
MemFree:         3243268 kB
Active:           416932 kB
Mem:          3.8G       754M       3.1G       5.7M        58M       319M

MemTotal:        4016004 kB
MemFree:         3243780 kB
Active:           416904 kB
Mem:          3.8G       754M       3.1G       5.7M        58M       319M

MemTotal:        4016004 kB
MemFree:         3243780 kB
Active:           416888 kB
Mem:          3.8G       754M       3.1G       5.7M        58M       319M

MemTotal:        4016004 kB
MemFree:         3243656 kB
Active:           416912 kB
Mem:          3.8G       753M       3.1G       5.7M        58M       319M

MemTotal:        4016004 kB
MemFree:         3243656 kB
Active:           416940 kB
Mem:          3.8G       754M       3.1G       5.7M        58M       319M

MemTotal:        4016004 kB
MemFree:         3244028 kB
Active:           416916 kB
Mem:          3.8G       754M       3.1G       5.7M        58M       319M

MemTotal:        4016004 kB
MemFree:         3243904 kB
Active:           416896 kB
Mem:          3.8G       753M       3.1G       5.7M        58M       319M

MemTotal:        4016004 kB
MemFree:         3243904 kB
Active:           416912 kB
Mem:          3.8G       753M       3.1G       5.7M        58M       319M

MemTotal:        4016004 kB
MemFree:         3243516 kB
Active:           416952 kB
Mem:          3.8G       754M       3.1G       5.7M        58M       319M

MemTotal:        4016004 kB
MemFree:         3243888 kB
Active:           416920 kB
Mem:          3.8G       753M       3.1G       5.7M        58M       319M

MemTotal:        4016004 kB
MemFree:         3243952 kB
Active:           416940 kB
Mem:          3.8G       753M       3.1G       5.7M        58M       319M

MemTotal:        4016004 kB
MemFree:         3243704 kB
Active:           416952 kB
Mem:          3.8G       753M       3.1G       5.7M        58M       319M

MemTotal:        4016004 kB
MemFree:         3241476 kB
Active:           414996 kB
Mem:          3.8G       756M       3.1G       5.7M        58M       319M

MemTotal:        4016004 kB
MemFree:         3242104 kB
Active:           418980 kB
Mem:          3.8G       755M       3.1G       5.7M        58M       319M

MemTotal:        4016004 kB
MemFree:         3242228 kB
Active:           418972 kB
Mem:          3.8G       755M       3.1G       5.7M        58M       319M

MemTotal:        4016004 kB
MemFree:         3241700 kB
Active:           419000 kB
Mem:          3.8G       756M       3.1G       5.7M        58M       319M

MemTotal:        4016004 kB
MemFree:         3241684 kB
Active:           419000 kB
Mem:          3.8G       756M       3.1G       5.7M        58M       319M

MemTotal:        4016004 kB
MemFree:         3242196 kB
Active:           418992 kB
Mem:          3.8G       755M       3.1G       5.7M        58M       319M

MemTotal:        4016004 kB
MemFree:         3242196 kB
Active:           418952 kB
Mem:          3.8G       755M       3.1G       5.7M        58M       319M

MemTotal:        4016004 kB
MemFree:         3241824 kB
Active:           419000 kB
Mem:          3.8G       756M       3.1G       5.7M        58M       319M

MemTotal:        4016004 kB
MemFree:         3241948 kB
Active:           418992 kB
Mem:          3.8G       756M       3.1G       5.7M        58M       319M

MemTotal:        4016004 kB
MemFree:         3241824 kB
Active:           419012 kB
Mem:          3.8G       756M       3.1G       5.7M        58M       319M

MemTotal:        4016004 kB
MemFree:         3240552 kB
Active:           417124 kB
Mem:          3.8G       757M       3.1G       5.7M        58M       319M

MemTotal:        4016004 kB
MemFree:         3240884 kB
Active:           419116 kB
Mem:          3.8G       756M       3.1G       5.7M        58M       319M

MemTotal:        4016004 kB
MemFree:         3241396 kB
Active:           419104 kB
Mem:          3.8G       756M       3.1G       5.7M        58M       319M

MemTotal:        4016004 kB
MemFree:         3241520 kB
Active:           419116 kB
Mem:          3.8G       756M       3.1G       5.7M        58M       319M

MemTotal:        4016004 kB
MemFree:         3241644 kB
Active:           419084 kB
Mem:          3.8G       756M       3.1G       5.7M        58M       319M

MemTotal:        4016004 kB
MemFree:         3241768 kB
Active:           419116 kB
Mem:          3.8G       756M       3.1G       5.7M        58M       319M

MemTotal:        4016004 kB
MemFree:         3241768 kB
Active:           419076 kB
Mem:          3.8G       756M       3.1G       5.7M        58M       319M

MemTotal:        4016004 kB
MemFree:         3241520 kB
Active:           419136 kB
Mem:          3.8G       756M       3.1G       5.7M        58M       319M

MemTotal:        4016004 kB
MemFree:         3241644 kB
Active:           419124 kB
Mem:          3.8G       756M       3.1G       5.7M        58M       319M

MemTotal:        4016004 kB
MemFree:         3241520 kB
Active:           419136 kB
Mem:          3.8G       756M       3.1G       5.7M        58M       319M

MemTotal:        4016004 kB
MemFree:         3240768 kB
Active:           417088 kB
Mem:          3.8G       756M       3.1G       5.7M        58M       319M

MemTotal:        4016004 kB
MemFree:         3240892 kB
Active:           419136 kB
Mem:          3.8G       756M       3.1G       5.7M        58M       319M

MemTotal:        4016004 kB
MemFree:         3241264 kB
Active:           419096 kB
Mem:          3.8G       756M       3.1G       5.7M        58M       319M

MemTotal:        4016004 kB
MemFree:         3240768 kB
Active:           419140 kB
Mem:          3.8G       756M       3.1G       5.7M        58M       319M

MemTotal:        4016004 kB
MemFree:         3241140 kB
Active:           419100 kB
Mem:          3.8G       756M       3.1G       5.7M        58M       319M

MemTotal:        4016004 kB
MemFree:         3241884 kB
Active:           419104 kB
Mem:          3.8G       756M       3.1G       5.7M        58M       319M

MemTotal:        4016004 kB
MemFree:         3241760 kB
Active:           419144 kB
Mem:          3.8G       756M       3.1G       5.7M        58M       319M

MemTotal:        4016004 kB
MemFree:         3241496 kB
Active:           419148 kB
Mem:          3.8G       756M       3.1G       5.7M        58M       319M

MemTotal:        4016004 kB
MemFree:         3241512 kB
Active:           419132 kB
Mem:          3.8G       756M       3.1G       5.7M        58M       319M

MemTotal:        4016004 kB
MemFree:         3241388 kB
Active:           419132 kB
Mem:          3.8G       756M       3.1G       5.7M        58M       319M

MemTotal:        4016004 kB
MemFree:         3241512 kB
Active:           419136 kB
Mem:          3.8G       756M       3.1G       5.7M        58M       319M

MemTotal:        4016004 kB
MemFree:         3241636 kB
Active:           419136 kB
Mem:          3.8G       756M       3.1G       5.7M        58M       319M

MemTotal:        4016004 kB
MemFree:         3241512 kB
Active:           419136 kB
Mem:          3.8G       756M       3.1G       5.7M        58M       319M

MemTotal:        4016004 kB
MemFree:         3241496 kB
Active:           419148 kB
Mem:          3.8G       756M       3.1G       5.7M        58M       319M

MemTotal:        4016004 kB
MemFree:         3241868 kB
Active:           419140 kB
Mem:          3.8G       756M       3.1G       5.7M        58M       319M

MemTotal:        4016004 kB
MemFree:         3241744 kB
Active:           419136 kB
Mem:          3.8G       755M       3.1G       5.7M        58M       319M

MemTotal:        4016004 kB
MemFree:         3241992 kB
Active:           419144 kB
Mem:          3.8G       755M       3.1G       5.7M        58M       319M

MemTotal:        4016004 kB
MemFree:         3241480 kB
Active:           419172 kB
Mem:          3.8G       756M       3.1G       5.7M        58M       319M

MemTotal:        4016004 kB
MemFree:         3241340 kB
Active:           419172 kB
Mem:          3.8G       756M       3.1G       5.7M        58M       319M

MemTotal:        4016004 kB
MemFree:         3241712 kB
Active:           419128 kB
Mem:          3.8G       756M       3.1G       5.7M        58M       319M

MemTotal:        4016004 kB
MemFree:         3241356 kB
Active:           419180 kB
Mem:          3.8G       756M       3.1G       5.7M        58M       319M

MemTotal:        4016004 kB
MemFree:         3241604 kB
Active:           419164 kB
Mem:          3.8G       756M       3.1G       5.7M        58M       319M

MemTotal:        4016004 kB
MemFree:         3241604 kB
Active:           419160 kB
Mem:          3.8G       756M       3.1G       5.7M        58M       319M

MemTotal:        4016004 kB
MemFree:         3241108 kB
Active:           419180 kB
Mem:          3.8G       756M       3.1G       5.7M        58M       319M

MemTotal:        4016004 kB
MemFree:         3241656 kB
Active:           419144 kB
Mem:          3.8G       756M       3.1G       5.7M        58M       319M

MemTotal:        4016004 kB
MemFree:         3241828 kB
Active:           419140 kB
Mem:          3.8G       756M       3.1G       5.7M        58M       319M

MemTotal:        4016004 kB
MemFree:         3241828 kB
Active:           419184 kB
Mem:          3.8G       756M       3.1G       5.7M        58M       319M

MemTotal:        4016004 kB
MemFree:         3241456 kB
Active:           419184 kB
Mem:          3.8G       756M       3.1G       5.7M        58M       319M

MemTotal:        4016004 kB
MemFree:         3241828 kB
Active:           419164 kB
Mem:          3.8G       756M       3.1G       5.7M        58M       319M

MemTotal:        4016004 kB
MemFree:         3240596 kB
Active:           417228 kB
Mem:          3.8G       757M       3.1G       5.7M        58M       319M

MemTotal:        4016004 kB
MemFree:         3241328 kB
Active:           419196 kB
Mem:          3.8G       756M       3.1G       5.7M        58M       319M

MemTotal:        4016004 kB
MemFree:         3241700 kB
Active:           419188 kB
Mem:          3.8G       756M       3.1G       5.7M        58M       319M

MemTotal:        4016004 kB
MemFree:         3241948 kB
Active:           419184 kB
Mem:          3.8G       755M       3.1G       5.7M        58M       319M

MemTotal:        4016004 kB
MemFree:         3241824 kB
Active:           419176 kB
Mem:          3.8G       756M       3.1G       5.7M        58M       319M

MemTotal:        4016004 kB
MemFree:         3241452 kB
Active:           419220 kB
Mem:          3.8G       756M       3.1G       5.7M        58M       319M

MemTotal:        4016004 kB
MemFree:         3241840 kB
Active:           419168 kB
Mem:          3.8G       755M       3.1G       5.7M        58M       319M

MemTotal:        4016004 kB
MemFree:         3241840 kB
Active:           419188 kB
Mem:          3.8G       755M       3.1G       5.7M        58M       319M

MemTotal:        4016004 kB
MemFree:         3241732 kB
Active:           419228 kB
Mem:          3.8G       756M       3.1G       5.7M        58M       319M

MemTotal:        4016004 kB
MemFree:         3241392 kB
Active:           419232 kB
Mem:          3.8G       756M       3.1G       5.7M        58M       319M

MemTotal:        4016004 kB
MemFree:         3241764 kB
Active:           419224 kB
Mem:          3.8G       756M       3.1G       5.7M        58M       319M

MemTotal:        4016004 kB
MemFree:         3242136 kB
Active:           419200 kB
Mem:          3.8G       755M       3.1G       5.7M        58M       319M

MemTotal:        4016004 kB
MemFree:         3241904 kB
Active:           419232 kB
Mem:          3.8G       755M       3.1G       5.7M        58M       319M

MemTotal:        4016004 kB
MemFree:         3241904 kB
Active:           419232 kB
Mem:          3.8G       755M       3.1G       5.7M        58M       319M

MemTotal:        4016004 kB
MemFree:         3241904 kB
Active:           419232 kB
Mem:          3.8G       755M       3.1G       5.7M        58M       319M

MemTotal:        4016004 kB
MemFree:         3241780 kB
Active:           419240 kB
Mem:          3.8G       756M       3.1G       5.7M        58M       319M

MemTotal:        4016004 kB
MemFree:         3242152 kB
Active:           419208 kB
Mem:          3.8G       755M       3.1G       5.7M        58M       319M

MemTotal:        4016004 kB
MemFree:         3242276 kB
Active:           419220 kB
Mem:          3.8G       755M       3.1G       5.7M        58M       319M

MemTotal:        4016004 kB
MemFree:         3241656 kB
Active:           419240 kB
Mem:          3.8G       756M       3.1G       5.7M        58M       319M

MemTotal:        4016004 kB
MemFree:         3242028 kB
Active:           419220 kB
Mem:          3.8G       755M       3.1G       5.7M        58M       319M

MemTotal:        4016004 kB
MemFree:         3242152 kB
Active:           419236 kB
Mem:          3.8G       755M       3.1G       5.7M        58M       319M

MemTotal:        4016004 kB
MemFree:         3242152 kB
Active:           419244 kB
Mem:          3.8G       755M       3.1G       5.7M        58M       319M

MemTotal:        4016004 kB
MemFree:         3241780 kB
Active:           419124 kB
Mem:          3.8G       756M       3.1G       5.7M        58M       319M

MemTotal:        4016004 kB
MemFree:         3242044 kB
Active:           419064 kB
Mem:          3.8G       756M       3.1G       5.7M        58M       319M

MemTotal:        4016004 kB
MemFree:         3241672 kB
Active:           419080 kB
Mem:          3.8G       756M       3.1G       5.7M        58M       319M

MemTotal:        4016004 kB
MemFree:         3242044 kB
Active:           419060 kB
Mem:          3.8G       755M       3.1G       5.7M        58M       319M

MemTotal:        4016004 kB
MemFree:         3242416 kB
Active:           419064 kB
Mem:          3.8G       755M       3.1G       5.7M        58M       319M

MemTotal:        4016004 kB
MemFree:         3242416 kB
Active:           419064 kB
Mem:          3.8G       755M       3.1G       5.7M        58M       319M

MemTotal:        4016004 kB
MemFree:         3241920 kB
Active:           419088 kB
Mem:          3.8G       755M       3.1G       5.7M        58M       319M

MemTotal:        4016004 kB
MemFree:         3241780 kB
Active:           419092 kB
Mem:          3.8G       756M       3.1G       5.7M        58M       319M

MemTotal:        4016004 kB
MemFree:         3241372 kB
Active:           417136 kB
Mem:          3.8G       756M       3.1G       5.7M        58M       319M

MemTotal:        4016004 kB
MemFree:         3241748 kB
Active:           419060 kB
Mem:          3.8G       756M       3.1G       5.7M        58M       319M

MemTotal:        4016004 kB
MemFree:         3241872 kB
Active:           419056 kB
Mem:          3.8G       756M       3.1G       5.7M        58M       319M

MemTotal:        4016004 kB
MemFree:         3241996 kB
Active:           419068 kB
Mem:          3.8G       755M       3.1G       5.7M        58M       319M

MemTotal:        4016004 kB
MemFree:         3242120 kB
Active:           419064 kB
Mem:          3.8G       755M       3.1G       5.7M        58M       319M

MemTotal:        4016004 kB
MemFree:         3242120 kB
Active:           419092 kB
Mem:          3.8G       755M       3.1G       5.7M        58M       319M

MemTotal:        4016004 kB
MemFree:         3241872 kB
Active:           419056 kB
Mem:          3.8G       755M       3.1G       5.7M        58M       319M

MemTotal:        4016004 kB
MemFree:         3241624 kB
Active:           419116 kB
Mem:          3.8G       756M       3.1G       5.7M        58M       319M

MemTotal:        4016004 kB
MemFree:         3241748 kB
Active:           419104 kB
Mem:          3.8G       756M       3.1G       5.7M        58M       319M

MemTotal:        4016004 kB
MemFree:         3241500 kB
Active:           419116 kB
Mem:          3.8G       756M       3.1G       5.7M        58M       319M

MemTotal:        4016004 kB
MemFree:         3241872 kB
Active:           419108 kB
Mem:          3.8G       755M       3.1G       5.7M        58M       319M

MemTotal:        4016004 kB
MemFree:         3241872 kB
Active:           419116 kB
Mem:          3.8G       756M       3.1G       5.7M        58M       319M

MemTotal:        4016004 kB
MemFree:         3241996 kB
Active:           419124 kB
Mem:          3.8G       756M       3.1G       5.7M        58M       319M

MemTotal:        4016004 kB
MemFree:         3241872 kB
Active:           419124 kB
Mem:          3.8G       756M       3.1G       5.7M        58M       319M

MemTotal:        4016004 kB
MemFree:         3241996 kB
Active:           419100 kB
Mem:          3.8G       755M       3.1G       5.7M        58M       319M

MemTotal:        4016004 kB
MemFree:         3242120 kB
Active:           419088 kB
Mem:          3.8G       755M       3.1G       5.7M        58M       319M

MemTotal:        4016004 kB
MemFree:         3241872 kB
Active:           419144 kB
Mem:          3.8G       755M       3.1G       5.7M        58M       319M

MemTotal:        4016004 kB
MemFree:         3241500 kB
Active:           419144 kB
Mem:          3.8G       756M       3.1G       5.7M        58M       319M

MemTotal:        4016004 kB
MemFree:         3241872 kB
Active:           419132 kB
Mem:          3.8G       756M       3.1G       5.7M        58M       319M

MemTotal:        4016004 kB
MemFree:         3241748 kB
Active:           419136 kB
Mem:          3.8G       756M       3.1G       5.7M        58M       319M

MemTotal:        4016004 kB
MemFree:         3241500 kB
Active:           419152 kB
Mem:          3.8G       756M       3.1G       5.7M        58M       319M

MemTotal:        4016004 kB
MemFree:         3241004 kB
Active:           419152 kB
Mem:          3.8G       756M       3.1G       5.7M        58M       319M

MemTotal:        4016004 kB
MemFree:         3241500 kB
Active:           419112 kB
Mem:          3.8G       756M       3.1G       5.7M        58M       319M

MemTotal:        4016004 kB
MemFree:         3241624 kB
Active:           419112 kB
Mem:          3.8G       755M       3.1G       5.7M        58M       319M

MemTotal:        4016004 kB
MemFree:         3241996 kB
Active:           419136 kB
Mem:          3.8G       755M       3.1G       5.7M        58M       319M

MemTotal:        4016004 kB
MemFree:         3241500 kB
Active:           419156 kB
Mem:          3.8G       756M       3.1G       5.7M        58M       319M

MemTotal:        4016004 kB
MemFree:         3241748 kB
Active:           419112 kB
Mem:          3.8G       756M       3.1G       5.7M        58M       319M

MemTotal:        4016004 kB
MemFree:         3241748 kB
Active:           419144 kB
Mem:          3.8G       756M       3.1G       5.7M        58M       319M

MemTotal:        4016004 kB
MemFree:         3241872 kB
Active:           419116 kB
Mem:          3.8G       756M       3.1G       5.7M        58M       319M

MemTotal:        4016004 kB
MemFree:         3241376 kB
Active:           419176 kB
Mem:          3.8G       756M       3.1G       5.7M        58M       319M

MemTotal:        4016004 kB
MemFree:         3241624 kB
Active:           419160 kB
Mem:          3.8G       756M       3.1G       5.7M        58M       319M

MemTotal:        4016004 kB
MemFree:         3241252 kB
Active:           419176 kB
Mem:          3.8G       756M       3.1G       5.7M        58M       319M

MemTotal:        4016004 kB
MemFree:         3241252 kB
Active:           419176 kB
Mem:          3.8G       756M       3.1G       5.7M        58M       319M

MemTotal:        4016004 kB
MemFree:         3241128 kB
Active:           419184 kB
Mem:          3.8G       756M       3.1G       5.7M        58M       319M

MemTotal:        4016004 kB
MemFree:         3241500 kB
Active:           419132 kB
Mem:          3.8G       756M       3.1G       5.7M        58M       319M

MemTotal:        4016004 kB
MemFree:         3241500 kB
Active:           419148 kB
Mem:          3.8G       756M       3.1G       5.7M        58M       319M

MemTotal:        4016004 kB
MemFree:         3241128 kB
Active:           419184 kB
Mem:          3.8G       756M       3.1G       5.7M        58M       319M

MemTotal:        4016004 kB
MemFree:         3241624 kB
Active:           419164 kB
Mem:          3.8G       756M       3.1G       5.7M        58M       319M

MemTotal:        4016004 kB
MemFree:         3241732 kB
Active:           419128 kB
Mem:          3.8G       755M       3.1G       5.7M        58M       319M

MemTotal:        4016004 kB
MemFree:         3241608 kB
Active:           419184 kB
Mem:          3.8G       756M       3.1G       5.7M        58M       319M

MemTotal:        4016004 kB
MemFree:         3241856 kB
Active:           419156 kB
Mem:          3.8G       756M       3.1G       5.7M        58M       319M

MemTotal:        4016004 kB
MemFree:         3241980 kB
Active:           419164 kB
Mem:          3.8G       755M       3.1G       5.7M        58M       319M

MemTotal:        4016004 kB
MemFree:         3241856 kB
Active:           419176 kB
Mem:          3.8G       755M       3.1G       5.7M        58M       319M

MemTotal:        4016004 kB
MemFree:         3241484 kB
Active:           419196 kB
Mem:          3.8G       756M       3.1G       5.7M        58M       319M

MemTotal:        4016004 kB
MemFree:         3241980 kB
Active:           419152 kB
Mem:          3.8G       755M       3.1G       5.7M        58M       319M

MemTotal:        4016004 kB
MemFree:         3241484 kB
Active:           419196 kB
Mem:          3.8G       756M       3.1G       5.7M        58M       319M

MemTotal:        4016004 kB
MemFree:         3241980 kB
Active:           419144 kB
Mem:          3.8G       755M       3.1G       5.7M        58M       319M

MemTotal:        4016004 kB
MemFree:         3241980 kB
Active:           419164 kB
Mem:          3.8G       756M       3.1G       5.7M        58M       319M

MemTotal:        4016004 kB
MemFree:         3241484 kB
Active:           419204 kB
Mem:          3.8G       756M       3.1G       5.7M        58M       319M

MemTotal:        4016004 kB
MemFree:         3241980 kB
Active:           419188 kB
Mem:          3.8G       755M       3.1G       5.7M        58M       319M

MemTotal:        4016004 kB
MemFree:         3241996 kB
Active:           419156 kB
Mem:          3.8G       755M       3.1G       5.7M        58M       319M

MemTotal:        4016004 kB
MemFree:         3241996 kB
Active:           419176 kB
Mem:          3.8G       755M       3.1G       5.7M        58M       319M

MemTotal:        4016004 kB
MemFree:         3241376 kB
Active:           419216 kB
Mem:          3.8G       756M       3.1G       5.7M        58M       319M

MemTotal:        4016004 kB
MemFree:         3241872 kB
Active:           419160 kB
Mem:          3.8G       755M       3.1G       5.7M        58M       319M

MemTotal:        4016004 kB
MemFree:         3241872 kB
Active:           419176 kB
Mem:          3.8G       755M       3.1G       5.7M        58M       319M

MemTotal:        4016004 kB
MemFree:         3241624 kB
Active:           419212 kB
Mem:          3.8G       756M       3.1G       5.7M        58M       319M

MemTotal:        4016004 kB
MemFree:         3241376 kB
Active:           419220 kB
Mem:          3.8G       756M       3.1G       5.7M        58M       319M

MemTotal:        4016004 kB
MemFree:         3241748 kB
Active:           419196 kB
Mem:          3.8G       756M       3.1G       5.7M        58M       319M

MemTotal:        4016004 kB
MemFree:         3241748 kB
Active:           419200 kB
Mem:          3.8G       755M       3.1G       5.7M        58M       319M

MemTotal:        4016004 kB
MemFree:         3241872 kB
Active:           419164 kB
Mem:          3.8G       755M       3.1G       5.7M        58M       319M

MemTotal:        4016004 kB
MemFree:         3241500 kB
Active:           419220 kB
Mem:          3.8G       756M       3.1G       5.7M        58M       319M

MemTotal:        4016004 kB
MemFree:         3241500 kB
Active:           419192 kB
Mem:          3.8G       756M       3.1G       5.7M        58M       319M

MemTotal:        4016004 kB
MemFree:         3241500 kB
Active:           419228 kB
Mem:          3.8G       756M       3.1G       5.7M        58M       319M

MemTotal:        4016004 kB
MemFree:         3241252 kB
Active:           419228 kB
Mem:          3.8G       756M       3.1G       5.7M        58M       319M

MemTotal:        4016004 kB
MemFree:         3241500 kB
Active:           419208 kB
Mem:          3.8G       756M       3.1G       5.7M        58M       319M

MemTotal:        4016004 kB
MemFree:         3241004 kB
Active:           419232 kB
Mem:          3.8G       756M       3.1G       5.7M        58M       319M

MemTotal:        4016004 kB
MemFree:         3241128 kB
Active:           419232 kB
Mem:          3.8G       756M       3.1G       5.7M        58M       319M

MemTotal:        4016004 kB
MemFree:         3241252 kB
Active:           419232 kB
Mem:          3.8G       756M       3.1G       5.7M        58M       319M

MemTotal:        4016004 kB
MemFree:         3241592 kB
Active:           419204 kB
Mem:          3.8G       756M       3.1G       5.7M        58M       319M

MemTotal:        4016004 kB
MemFree:         3241624 kB
Active:           419224 kB
Mem:          3.8G       756M       3.1G       5.7M        58M       319M

MemTotal:        4016004 kB
MemFree:         3241624 kB
Active:           419188 kB
Mem:          3.8G       756M       3.1G       5.7M        58M       319M

MemTotal:        4016004 kB
MemFree:         3241376 kB
Active:           419240 kB
Mem:          3.8G       756M       3.1G       5.7M        58M       319M

MemTotal:        4016004 kB
MemFree:         3241252 kB
Active:           419236 kB
Mem:          3.8G       756M       3.1G       5.7M        58M       319M

MemTotal:        4016004 kB
MemFree:         3241376 kB
Active:           419248 kB
Mem:          3.8G       756M       3.1G       5.7M        58M       319M

MemTotal:        4016004 kB
MemFree:         3241748 kB
Active:           419192 kB
Mem:          3.8G       756M       3.1G       5.7M        58M       319M

MemTotal:        4016004 kB
MemFree:         3241748 kB
Active:           419204 kB
Mem:          3.8G       756M       3.1G       5.7M        58M       319M

MemTotal:        4016004 kB
MemFree:         3241128 kB
Active:           419248 kB
Mem:          3.8G       756M       3.1G       5.7M        58M       319M

MemTotal:        4016004 kB
MemFree:         3241500 kB
Active:           419236 kB
Mem:          3.8G       756M       3.1G       5.7M        58M       319M

MemTotal:        4016004 kB
MemFree:         3241624 kB
Active:           419236 kB
Mem:          3.8G       756M       3.1G       5.7M        58M       319M

MemTotal:        4016004 kB
MemFree:         3241624 kB
Active:           419224 kB
Mem:          3.8G       756M       3.1G       5.7M        58M       319M

MemTotal:        4016004 kB
MemFree:         3241624 kB
Active:           419212 kB
Mem:          3.8G       756M       3.1G       5.7M        58M       319M

MemTotal:        4016004 kB
MemFree:         3241376 kB
Active:           419256 kB
Mem:          3.8G       756M       3.1G       5.7M        58M       319M

MemTotal:        4016004 kB
MemFree:         3241376 kB
Active:           419236 kB
Mem:          3.8G       756M       3.1G       5.7M        58M       319M

MemTotal:        4016004 kB
MemFree:         3241500 kB
Active:           419236 kB
Mem:          3.8G       756M       3.1G       5.7M        58M       319M

MemTotal:        4016004 kB
MemFree:         3241748 kB
Active:           419244 kB
Mem:          3.8G       756M       3.1G       5.7M        58M       319M

MemTotal:        4016004 kB
MemFree:         3241624 kB
Active:           419256 kB
Mem:          3.8G       756M       3.1G       5.7M        58M       319M

MemTotal:        4016004 kB
MemFree:         3241624 kB
Active:           419264 kB
Mem:          3.8G       756M       3.1G       5.7M        58M       319M

MemTotal:        4016004 kB
MemFree:         3241252 kB
Active:           419272 kB
Mem:          3.8G       756M       3.1G       5.7M        58M       319M

MemTotal:        4016004 kB
MemFree:         3241748 kB
Active:           419256 kB
Mem:          3.8G       756M       3.1G       5.7M        58M       319M

MemTotal:        4016004 kB
MemFree:         3241748 kB
Active:           419232 kB
Mem:          3.8G       756M       3.1G       5.7M        58M       319M

MemTotal:        4016004 kB
MemFree:         3241748 kB
Active:           419240 kB
Mem:          3.8G       756M       3.1G       5.7M        58M       319M

MemTotal:        4016004 kB
MemFree:         3241748 kB
Active:           419268 kB
Mem:          3.8G       756M       3.1G       5.7M        58M       319M

MemTotal:        4016004 kB
MemFree:         3241872 kB
Active:           419248 kB
Mem:          3.8G       756M       3.1G       5.7M        58M       319M

MemTotal:        4016004 kB
MemFree:         3241500 kB
Active:           419284 kB
Mem:          3.8G       756M       3.1G       5.7M        58M       319M

MemTotal:        4016004 kB
MemFree:         3241252 kB
Active:           419288 kB
Mem:          3.8G       756M       3.1G       5.7M        58M       319M

MemTotal:        4016004 kB
MemFree:         3241748 kB
Active:           419244 kB
Mem:          3.8G       756M       3.1G       5.7M        58M       319M

MemTotal:        4016004 kB
MemFree:         3241748 kB
Active:           419288 kB
Mem:          3.8G       756M       3.1G       5.7M        58M       319M

MemTotal:        4016004 kB
MemFree:         3241748 kB
Active:           419296 kB
Mem:          3.8G       756M       3.1G       5.7M        58M       319M

MemTotal:        4016004 kB
MemFree:         3241376 kB
Active:           419304 kB
Mem:          3.8G       756M       3.1G       5.7M        58M       319M

MemTotal:        4016004 kB
MemFree:         3241376 kB
Active:           419284 kB
Mem:          3.8G       756M       3.1G       5.7M        58M       319M

MemTotal:        4016004 kB
MemFree:         3241252 kB
Active:           419260 kB
Mem:          3.8G       756M       3.1G       5.7M        58M       319M

MemTotal:        4016004 kB
MemFree:         3241252 kB
Active:           419300 kB
Mem:          3.8G       756M       3.1G       5.7M        58M       319M

MemTotal:        4016004 kB
MemFree:         3241624 kB
Active:           419312 kB
Mem:          3.8G       756M       3.1G       5.7M        58M       319M

MemTotal:        4016004 kB
MemFree:         3241748 kB
Active:           419308 kB
Mem:          3.8G       756M       3.1G       5.7M        58M       319M

MemTotal:        4016004 kB
MemFree:         3241748 kB
Active:           419280 kB
Mem:          3.8G       756M       3.1G       5.7M        58M       319M

MemTotal:        4016004 kB
MemFree:         3241128 kB
Active:           419320 kB
Mem:          3.8G       756M       3.1G       5.7M        58M       319M

MemTotal:        4016004 kB
MemFree:         3241500 kB
Active:           419284 kB
Mem:          3.8G       756M       3.1G       5.7M        58M       319M

MemTotal:        4016004 kB
MemFree:         3241252 kB
Active:           419328 kB
Mem:          3.8G       756M       3.1G       5.7M        58M       319M

MemTotal:        4016004 kB
MemFree:         3240880 kB
Active:           419332 kB
Mem:          3.8G       757M       3.1G       5.7M        58M       319M

MemTotal:        4016004 kB
MemFree:         3241252 kB
Active:           419316 kB
Mem:          3.8G       756M       3.1G       5.7M        58M       319M

MemTotal:        4016004 kB
MemFree:         3241624 kB
Active:           419328 kB
Mem:          3.8G       756M       3.1G       5.7M        58M       319M

MemTotal:        4016004 kB
MemFree:         3241624 kB
Active:           419300 kB
Mem:          3.8G       756M       3.1G       5.7M        58M       319M

MemTotal:        4016004 kB
MemFree:         3241252 kB
Active:           419336 kB
Mem:          3.8G       756M       3.1G       5.7M        58M       319M

MemTotal:        4016004 kB
MemFree:         3241500 kB
Active:           419284 kB
Mem:          3.8G       756M       3.1G       5.7M        58M       319M

MemTotal:        4016004 kB
MemFree:         3241624 kB
Active:           419308 kB
Mem:          3.8G       756M       3.1G       5.7M        58M       319M

MemTotal:        4016004 kB
MemFree:         3241252 kB
Active:           419344 kB
Mem:          3.8G       756M       3.1G       5.7M        58M       319M

MemTotal:        4016004 kB
MemFree:         3241252 kB
Active:           419340 kB
Mem:          3.8G       756M       3.1G       5.7M        58M       319M

MemTotal:        4016004 kB
MemFree:         3241252 kB
Active:           419292 kB
Mem:          3.8G       756M       3.1G       5.7M        58M       319M

MemTotal:        4016004 kB
MemFree:         3241252 kB
Active:           419320 kB
Mem:          3.8G       756M       3.1G       5.7M        58M       319M

MemTotal:        4016004 kB
MemFree:         3241500 kB
Active:           419328 kB
Mem:          3.8G       756M       3.1G       5.7M        58M       319M

MemTotal:        4016004 kB
MemFree:         3197368 kB
Active:           419572 kB
Mem:          3.8G       799M       3.0G       5.7M        58M       362M

MemTotal:        4016004 kB
MemFree:         3152868 kB
Active:           419572 kB
Mem:          3.8G       843M       3.0G       5.7M        58M       405M

MemTotal:        4016004 kB
MemFree:         3106948 kB
Active:           419576 kB
Mem:          3.8G       888M       3.0G       5.7M        58M       449M

MemTotal:        4016004 kB
MemFree:         3060336 kB
Active:           419576 kB
Mem:          3.8G       933M       2.9G       5.7M        58M       493M

MemTotal:        4016004 kB
MemFree:         3014856 kB
Active:           419576 kB
Mem:          3.8G       977M       2.9G       5.7M        58M       537M

MemTotal:        4016004 kB
MemFree:         2969236 kB
Active:           419588 kB
Mem:          3.8G       1.0G       2.8G       5.7M        58M       581M

MemTotal:        4016004 kB
MemFree:         2922640 kB
Active:           419588 kB
Mem:          3.8G       1.0G       2.8G       5.7M        58M       626M

MemTotal:        4016004 kB
MemFree:         2875780 kB
Active:           419588 kB
Mem:          3.8G       1.1G       2.7G       5.7M        58M       671M

MemTotal:        4016004 kB
MemFree:         2828872 kB
Active:           421636 kB
Mem:          3.8G       1.1G       2.7G       5.7M        58M       714M

MemTotal:        4016004 kB
MemFree:         2799924 kB
Active:           421616 kB
Mem:          3.8G       1.2G       2.7G       5.7M        58M       742M

MemTotal:        4016004 kB
MemFree:         2755100 kB
Active:           421608 kB
Mem:          3.8G       1.2G       2.6G       5.7M        58M       784M

MemTotal:        4016004 kB
MemFree:         2727848 kB
Active:           421636 kB
Mem:          3.8G       1.2G       2.6G       5.7M        58M       811M

MemTotal:        4016004 kB
MemFree:         2726632 kB
Active:           421628 kB
Mem:          3.8G       1.2G       2.6G       5.7M        58M       812M

MemTotal:        4016004 kB
MemFree:         2725564 kB
Active:           421680 kB
Mem:          3.8G       1.2G       2.6G       5.7M        58M       813M

MemTotal:        4016004 kB
MemFree:         2724600 kB
Active:           421640 kB
Mem:          3.8G       1.2G       2.6G       5.7M        58M       814M

MemTotal:        4016004 kB
MemFree:         2706464 kB
Active:           421676 kB
Mem:          3.8G       1.2G       2.6G       5.7M        58M       832M

MemTotal:        4016004 kB
MemFree:         2659992 kB
Active:           421704 kB
Mem:          3.8G       1.3G       2.5G       5.7M        58M       876M

MemTotal:        4016004 kB
MemFree:         2615628 kB
Active:           421728 kB
Mem:          3.8G       1.3G       2.5G       5.7M        58M       919M

MemTotal:        4016004 kB
MemFree:         2569900 kB
Active:           421732 kB
Mem:          3.8G       1.4G       2.5G       5.7M        58M       963M

MemTotal:        4016004 kB
MemFree:         2524048 kB
Active:           421704 kB
Mem:          3.8G       1.4G       2.4G       5.7M        58M       1.0G

MemTotal:        4016004 kB
MemFree:         2478692 kB
Active:           421740 kB
Mem:          3.8G       1.5G       2.4G       5.7M        58M       1.0G

MemTotal:        4016004 kB
MemFree:         2434436 kB
Active:           421740 kB
Mem:          3.8G       1.5G       2.3G       5.7M        58M       1.1G

MemTotal:        4016004 kB
MemFree:         2388816 kB
Active:           421740 kB
Mem:          3.8G       1.6G       2.3G       5.7M        58M       1.1G

MemTotal:        4016004 kB
MemFree:         2344060 kB
Active:           421740 kB
Mem:          3.8G       1.6G       2.2G       5.7M        58M       1.2G

MemTotal:        4016004 kB
MemFree:         2297636 kB
Active:           421740 kB
Mem:          3.8G       1.6G       2.2G       5.7M        58M       1.2G

MemTotal:        4016004 kB
MemFree:         2271080 kB
Active:           421748 kB
Mem:          3.8G       1.7G       2.2G       5.7M        58M       1.2G

MemTotal:        4016004 kB
MemFree:         2269380 kB
Active:           421760 kB
Mem:          3.8G       1.7G       2.2G       5.7M        58M       1.2G

MemTotal:        4016004 kB
MemFree:         2267500 kB
Active:           421784 kB
Mem:          3.8G       1.7G       2.2G       5.7M        58M       1.2G

MemTotal:        4016004 kB
MemFree:         2248840 kB
Active:           421800 kB
Mem:          3.8G       1.7G       2.1G       5.7M        58M       1.2G

MemTotal:        4016004 kB
MemFree:         2203828 kB
Active:           421800 kB
Mem:          3.8G       1.7G       2.1G       5.7M        58M       1.3G

MemTotal:        4016004 kB
MemFree:         2159820 kB
Active:           421808 kB
Mem:          3.8G       1.8G       2.1G       5.7M        58M       1.3G

MemTotal:        4016004 kB
MemFree:         2115704 kB
Active:           421808 kB
Mem:          3.8G       1.8G       2.0G       5.7M        58M       1.4G

MemTotal:        4016004 kB
MemFree:         2068720 kB
Active:           421776 kB
Mem:          3.8G       1.9G       2.0G       5.7M        58M       1.4G

MemTotal:        4016004 kB
MemFree:         2023240 kB
Active:           421816 kB
Mem:          3.8G       1.9G       1.9G       5.7M        58M       1.5G

MemTotal:        4016004 kB
MemFree:         1978612 kB
Active:           421776 kB
Mem:          3.8G       1.9G       1.9G       5.7M        58M       1.5G

MemTotal:        4016004 kB
MemFree:         1933380 kB
Active:           421788 kB
Mem:          3.8G       2.0G       1.8G       5.7M        58M       1.5G

MemTotal:        4016004 kB
MemFree:         1906500 kB
Active:           421824 kB
Mem:          3.8G       2.0G       1.8G       5.7M        58M       1.6G

MemTotal:        4016004 kB
MemFree:         1861020 kB
Active:           421836 kB
Mem:          3.8G       2.1G       1.8G       5.7M        58M       1.6G

MemTotal:        4016004 kB
MemFree:         1823012 kB
Active:           421836 kB
Mem:          3.8G       2.1G       1.7G       5.7M        58M       1.6G

MemTotal:        4016004 kB
MemFree:         1822528 kB
Active:           421796 kB
Mem:          3.8G       2.1G       1.7G       5.7M        58M       1.6G

MemTotal:        4016004 kB
MemFree:         1818492 kB
Active:           421872 kB
Mem:          3.8G       2.1G       1.7G       5.7M        58M       1.6G

MemTotal:        4016004 kB
MemFree:         1812580 kB
Active:           421892 kB
Mem:          3.8G       2.1G       1.7G       5.7M        58M       1.7G

MemTotal:        4016004 kB
MemFree:         1768780 kB
Active:           421920 kB
Mem:          3.8G       2.1G       1.7G       5.7M        58M       1.7G

MemTotal:        4016004 kB
MemFree:         1723380 kB
Active:           421920 kB
Mem:          3.8G       2.2G       1.6G       5.7M        58M       1.7G

MemTotal:        4016004 kB
MemFree:         1678892 kB
Active:           421928 kB
Mem:          3.8G       2.2G       1.6G       5.7M        58M       1.8G

MemTotal:        4016004 kB
MemFree:         1634404 kB
Active:           421944 kB
Mem:          3.8G       2.3G       1.6G       5.7M        58M       1.8G

MemTotal:        4016004 kB
MemFree:         1587048 kB
Active:           421944 kB
Mem:          3.8G       2.3G       1.5G       5.7M        58M       1.9G

MemTotal:        4016004 kB
MemFree:         1541816 kB
Active:           421944 kB
Mem:          3.8G       2.4G       1.5G       5.7M        58M       1.9G

MemTotal:        4016004 kB
MemFree:         1497576 kB
Active:           421944 kB
Mem:          3.8G       2.4G       1.4G       5.7M        58M       1.9G

MemTotal:        4016004 kB
MemFree:         1452340 kB
Active:           421944 kB
Mem:          3.8G       2.4G       1.4G       5.7M        58M       2.0G

MemTotal:        4016004 kB
MemFree:         1407180 kB
Active:           421960 kB
Mem:          3.8G       2.5G       1.3G       5.7M        58M       2.0G

MemTotal:        4016004 kB
MemFree:         1362108 kB
Active:           421964 kB
Mem:          3.8G       2.5G       1.3G       5.7M        58M       2.1G

MemTotal:        4016004 kB
MemFree:         1316796 kB
Active:           421924 kB
Mem:          3.8G       2.6G       1.3G       5.7M        58M       2.1G

MemTotal:        4016004 kB
MemFree:         1315792 kB
Active:           421968 kB
Mem:          3.8G       2.6G       1.3G       5.7M        58M       2.1G

MemTotal:        4016004 kB
MemFree:         1316260 kB
Active:           421948 kB
Mem:          3.8G       2.6G       1.3G       5.7M        58M       2.1G

MemTotal:        4016004 kB
MemFree:         1291064 kB
Active:           422012 kB
Mem:          3.8G       2.6G       1.2G       5.7M        58M       2.1G

MemTotal:        4016004 kB
MemFree:         1246980 kB
Active:           422024 kB
Mem:          3.8G       2.6G       1.2G       5.7M        58M       2.2G

MemTotal:        4016004 kB
MemFree:         1200884 kB
Active:           422024 kB
Mem:          3.8G       2.7G       1.1G       5.7M        58M       2.2G

MemTotal:        4016004 kB
MemFree:         1156132 kB
Active:           422024 kB
Mem:          3.8G       2.7G       1.1G       5.7M        58M       2.3G

MemTotal:        4016004 kB
MemFree:         1111024 kB
Active:           422028 kB
Mem:          3.8G       2.8G       1.1G       5.7M        58M       2.3G

MemTotal:        4016004 kB
MemFree:         1064180 kB
Active:           422040 kB
Mem:          3.8G       2.8G       1.0G       5.7M        58M       2.4G

MemTotal:        4016004 kB
MemFree:         1018436 kB
Active:           422044 kB
Mem:          3.8G       2.9G       994M       5.7M        58M       2.4G

MemTotal:        4016004 kB
MemFree:          974040 kB
Active:           422048 kB
Mem:          3.8G       2.9G       950M       5.7M        58M       2.4G

MemTotal:        4016004 kB
MemFree:          929048 kB
Active:           422052 kB
Mem:          3.8G       2.9G       907M       5.7M        58M       2.5G

MemTotal:        4016004 kB
MemFree:          884824 kB
Active:           422076 kB
Mem:          3.8G       3.0G       863M       5.7M        58M       2.5G

MemTotal:        4016004 kB
MemFree:          838936 kB
Active:           422120 kB
Mem:          3.8G       3.0G       818M       5.7M        58M       2.6G

MemTotal:        4016004 kB
MemFree:          796920 kB
Active:           422116 kB
Mem:          3.8G       3.1G       778M       5.7M        58M       2.6G

MemTotal:        4016004 kB
MemFree:          779732 kB
Active:           422108 kB
Mem:          3.8G       3.1G       761M       5.7M        58M       2.6G

MemTotal:        4016004 kB
MemFree:          758160 kB
Active:           422160 kB
Mem:          3.8G       3.1G       740M       5.7M        58M       2.6G

MemTotal:        4016004 kB
MemFree:          729052 kB
Active:           422152 kB
Mem:          3.8G       3.1G       711M       5.7M        58M       2.7G

MemTotal:        4016004 kB
MemFree:          707460 kB
Active:           422200 kB
Mem:          3.8G       3.2G       690M       5.7M        58M       2.7G

MemTotal:        4016004 kB
MemFree:          662864 kB
Active:           422156 kB
Mem:          3.8G       3.2G       647M       5.7M        58M       2.7G

MemTotal:        4016004 kB
MemFree:          617384 kB
Active:           422204 kB
Mem:          3.8G       3.2G       602M       5.7M        58M       2.8G

MemTotal:        4016004 kB
MemFree:          571532 kB
Active:           422204 kB
Mem:          3.8G       3.3G       558M       5.7M        58M       2.8G

MemTotal:        4016004 kB
MemFree:          524192 kB
Active:           422204 kB
Mem:          3.8G       3.3G       511M       5.7M        58M       2.9G

MemTotal:        4016004 kB
MemFree:          480572 kB
Active:           422156 kB
Mem:          3.8G       3.4G       469M       5.7M        58M       2.9G

MemTotal:        4016004 kB
MemFree:          435836 kB
Active:           422216 kB
Mem:          3.8G       3.4G       425M       5.7M        58M       2.9G

MemTotal:        4016004 kB
MemFree:          390464 kB
Active:           422216 kB
Mem:          3.8G       3.5G       380M       5.7M        58M       3.0G

MemTotal:        4016004 kB
MemFree:          344720 kB
Active:           422216 kB
Mem:          3.8G       3.5G       336M       5.7M        58M       3.0G

MemTotal:        4016004 kB
MemFree:          300036 kB
Active:           422216 kB
Mem:          3.8G       3.5G       292M       5.7M        58M       3.1G

MemTotal:        4016004 kB
MemFree:          255176 kB
Active:           422216 kB
Mem:          3.8G       3.6G       248M       5.7M        58M       3.1G

MemTotal:        4016004 kB
MemFree:          242588 kB
Active:           422224 kB
Mem:          3.8G       3.6G       236M       5.7M        58M       3.1G

MemTotal:        4016004 kB
MemFree:          201872 kB
Active:           422240 kB
Mem:          3.8G       3.6G       196M       5.7M        58M       3.2G

MemTotal:        4016004 kB
MemFree:          156640 kB
Active:           422248 kB
Mem:          3.8G       3.7G       153M       5.7M        58M       3.2G

MemTotal:        4016004 kB
MemFree:          111120 kB
Active:           422200 kB
Mem:          3.8G       3.7G       108M       5.7M        58M       3.3G

MemTotal:        4016004 kB
MemFree:          140872 kB
Active:           429484 kB
Mem:          3.8G       3.7G       134M       5.7M        26M       3.3G

MemTotal:        4016004 kB
MemFree:          121684 kB
Active:           445688 kB
Mem:          3.8G       3.7G       117M       5.7M        25M       3.3G

MemTotal:        4016004 kB
MemFree:          138080 kB
Active:           481112 kB
Mem:          3.8G       3.7G       133M       5.7M        25M       3.3G

MemTotal:        4016004 kB
MemFree:          128648 kB
Active:           477668 kB
Mem:          3.8G       3.7G       125M       5.7M        25M       3.3G

MemTotal:        4016004 kB
MemFree:          113704 kB
Active:           474596 kB
Mem:          3.8G       3.7G       110M       5.7M        25M       3.3G

MemTotal:        4016004 kB
MemFree:          105024 kB
Active:           471144 kB
Mem:          3.8G       3.7G       102M       5.7M        25M       3.3G

MemTotal:        4016004 kB
MemFree:          113356 kB
Active:           463020 kB
Mem:          3.8G       3.7G       110M       5.7M        25M       3.3G

MemTotal:        4016004 kB
MemFree:          121940 kB
Active:           459548 kB
Mem:          3.8G       3.7G       118M       5.7M        25M       3.3G

MemTotal:        4016004 kB
MemFree:          114388 kB
Active:           459572 kB
Mem:          3.8G       3.7G       111M       5.7M        25M       3.3G

MemTotal:        4016004 kB
MemFree:          116928 kB
Active:           453812 kB
Mem:          3.8G       3.7G       113M       5.7M        25M       3.3G

MemTotal:        4016004 kB
MemFree:          107708 kB
Active:           450384 kB
Mem:          3.8G       3.7G       105M       5.7M        25M       3.3G

MemTotal:        4016004 kB
MemFree:          111972 kB
Active:           445008 kB
Mem:          3.8G       3.7G       109M       5.7M        25M       3.3G

MemTotal:        4016004 kB
MemFree:          128200 kB
Active:           439764 kB
Mem:          3.8G       3.7G       124M       5.7M        25M       3.3G

MemTotal:        4016004 kB
MemFree:          126784 kB
Active:           435032 kB
Mem:          3.8G       3.7G       123M       5.7M        25M       3.3G

MemTotal:        4016004 kB
MemFree:          111668 kB
Active:           431960 kB
Mem:          3.8G       3.7G       108M       5.7M        25M       3.3G

MemTotal:        4016004 kB
MemFree:          127048 kB
Active:           427748 kB
Mem:          3.8G       3.7G       123M       5.7M        25M       3.3G

MemTotal:        4016004 kB
MemFree:          112948 kB
Active:           426472 kB
Mem:          3.8G       3.7G       110M       5.7M        25M       3.3G

MemTotal:        4016004 kB
MemFree:          128144 kB
Active:           424812 kB
Mem:          3.8G       3.7G       124M       5.7M        25M       3.3G

MemTotal:        4016004 kB
MemFree:          125144 kB
Active:           423148 kB
Mem:          3.8G       3.7G       121M       5.7M        25M       3.3G

MemTotal:        4016004 kB
MemFree:          124056 kB
Active:           422380 kB
Mem:          3.8G       3.7G       120M       5.7M        25M       3.3G

MemTotal:        4016004 kB
MemFree:          111440 kB
Active:           422344 kB
Mem:          3.8G       3.7G       108M       5.7M        25M       3.3G

MemTotal:        4016004 kB
MemFree:          126740 kB
Active:           420748 kB
Mem:          3.8G       3.7G       123M       5.7M        25M       3.3G

MemTotal:        4016004 kB
MemFree:          123552 kB
Active:           419084 kB
Mem:          3.8G       3.7G       120M       5.7M        25M       3.3G

MemTotal:        4016004 kB
MemFree:          106180 kB
Active:           418188 kB
Mem:          3.8G       3.7G       103M       5.7M        25M       3.3G

MemTotal:        4016004 kB
MemFree:          128480 kB
Active:           416012 kB
Mem:          3.8G       3.7G       125M       5.7M        25M       3.3G

MemTotal:        4016004 kB
MemFree:          120576 kB
Active:           414996 kB
Mem:          3.8G       3.7G       117M       5.7M        25M       3.3G

MemTotal:        4016004 kB
MemFree:          112812 kB
Active:           413716 kB
Mem:          3.8G       3.7G       109M       5.7M        25M       3.3G

MemTotal:        4016004 kB
MemFree:          116064 kB
Active:           412052 kB
Mem:          3.8G       3.7G       112M       5.7M        25M       3.3G

MemTotal:        4016004 kB
MemFree:          120448 kB
Active:           410136 kB
Mem:          3.8G       3.7G       117M       5.7M        25M       3.3G

MemTotal:        4016004 kB
MemFree:          111544 kB
Active:           409000 kB
Mem:          3.8G       3.7G       108M       5.7M        25M       3.3G

MemTotal:        4016004 kB
MemFree:          129104 kB
Active:           407316 kB
Mem:          3.8G       3.7G       125M       5.7M        25M       3.3G

MemTotal:        4016004 kB
MemFree:          127488 kB
Active:           406448 kB
Mem:          3.8G       3.7G       124M       5.7M        25M       3.3G

MemTotal:        4016004 kB
MemFree:          119796 kB
Active:           405436 kB
Mem:          3.8G       3.7G       116M       5.7M        25M       3.3G

MemTotal:        4016004 kB
MemFree:          110976 kB
Active:           404156 kB
Mem:          3.8G       3.7G       108M       5.7M        25M       3.3G

MemTotal:        4016004 kB
MemFree:          116368 kB
Active:           402236 kB
Mem:          3.8G       3.7G       113M       5.7M        25M       3.3G

MemTotal:        4016004 kB
MemFree:          108612 kB
Active:           401092 kB
Mem:          3.8G       3.7G       106M       5.7M        25M       3.3G

MemTotal:        4016004 kB
MemFree:          125084 kB
Active:           399428 kB
Mem:          3.8G       3.7G       122M       5.7M        25M       3.3G

MemTotal:        4016004 kB
MemFree:          138844 kB
Active:           397252 kB
Mem:          3.8G       3.7G       135M       5.7M        25M       3.3G

MemTotal:        4016004 kB
MemFree:          130916 kB
Active:           396048 kB
Mem:          3.8G       3.7G       127M       5.7M        25M       3.3G

MemTotal:        4016004 kB
MemFree:          121324 kB
Active:           394892 kB
Mem:          3.8G       3.7G       118M       5.7M        25M       3.3G

MemTotal:        4016004 kB
MemFree:          126844 kB
Active:           393048 kB
Mem:          3.8G       3.7G       124M       5.7M        25M       3.3G

MemTotal:        4016004 kB
MemFree:          132444 kB
Active:           391384 kB
Mem:          3.8G       3.7G       129M       5.7M        25M       3.3G

MemTotal:        4016004 kB
MemFree:          118108 kB
Active:           391244 kB
Mem:          3.8G       3.7G       115M       5.7M        25M       3.3G

MemTotal:        4016004 kB
MemFree:          109472 kB
Active:           390248 kB
Mem:          3.8G       3.7G       106M       5.7M        25M       3.3G

MemTotal:        4016004 kB
MemFree:          126344 kB
Active:           388204 kB
Mem:          3.8G       3.7G       132M       5.7M        25M       3.3G

MemTotal:        4016004 kB
MemFree:          142056 kB
Active:           386272 kB
Mem:          3.8G       3.7G       138M       5.7M        25M       3.3G

MemTotal:        4016004 kB
MemFree:          132616 kB
Active:           385088 kB
Mem:          3.8G       3.7G       129M       5.7M        25M       3.3G

MemTotal:        4016004 kB
MemFree:          113236 kB
Active:           384372 kB
Mem:          3.8G       3.7G       110M       5.7M        25M       3.3G

MemTotal:        4016004 kB
MemFree:          121172 kB
Active:           382324 kB
Mem:          3.8G       3.7G       118M       5.7M        25M       3.3G

MemTotal:        4016004 kB
MemFree:          112920 kB
Active:           381300 kB
Mem:          3.8G       3.7G       110M       5.7M        25M       3.3G

MemTotal:        4016004 kB
MemFree:          128412 kB
Active:           379336 kB
Mem:          3.8G       3.7G       125M       5.7M        25M       3.3G

MemTotal:        4016004 kB
MemFree:          116004 kB
Active:           378236 kB
Mem:          3.8G       3.7G       113M       5.7M        25M       3.3G

MemTotal:        4016004 kB
MemFree:          130216 kB
Active:           374240 kB
Mem:          3.8G       3.7G       127M       5.7M        25M       3.3G

MemTotal:        4016004 kB
MemFree:          110256 kB
Active:           374120 kB
Mem:          3.8G       3.7G       107M       5.7M        25M       3.3G

MemTotal:        4016004 kB
MemFree:          110308 kB
Active:           374124 kB
Mem:          3.8G       3.7G       107M       5.7M        25M       3.3G

MemTotal:        4016004 kB
MemFree:          110308 kB
Active:           374124 kB
Mem:          3.8G       3.7G       107M       5.7M        25M       3.3G

MemTotal:        4016004 kB
MemFree:          130712 kB
Active:           373116 kB
Mem:          3.8G       3.7G       127M       5.7M        25M       3.3G

MemTotal:        4016004 kB
MemFree:          133920 kB
Active:           371456 kB
Mem:          3.8G       3.7G       130M       5.7M        25M       3.3G

MemTotal:        4016004 kB
MemFree:          138660 kB
Active:           369384 kB
Mem:          3.8G       3.7G       135M       5.7M        25M       3.3G

MemTotal:        4016004 kB
MemFree:          131728 kB
Active:           368140 kB
Mem:          3.8G       3.7G       128M       5.7M        25M       3.3G

MemTotal:        4016004 kB
MemFree:          112288 kB
Active:           367628 kB
Mem:          3.8G       3.7G       109M       5.7M        25M       3.3G

MemTotal:        4016004 kB
MemFree:          128516 kB
Active:           367600 kB
Mem:          3.8G       3.7G       125M       5.7M        25M       3.3G

MemTotal:        4016004 kB
MemFree:          125752 kB
Active:           367632 kB
Mem:          3.8G       3.7G       122M       5.7M        25M       3.3G

MemTotal:        4016004 kB
MemFree:          108776 kB
Active:           367632 kB
Mem:          3.8G       3.7G       105M       5.7M        25M       3.3G

MemTotal:        4016004 kB
MemFree:          124536 kB
Active:           367640 kB
Mem:          3.8G       3.7G       121M       5.7M        25M       3.3G

MemTotal:        4016004 kB
MemFree:          127472 kB
Active:           367520 kB
Mem:          3.8G       3.7G       124M       5.7M        25M       3.3G

MemTotal:        4016004 kB
MemFree:          118668 kB
Active:           367520 kB
Mem:          3.8G       3.7G       115M       5.7M        25M       3.3G

MemTotal:        4016004 kB
MemFree:          113856 kB
Active:           367536 kB
Mem:          3.8G       3.7G       111M       5.7M        25M       3.3G

MemTotal:        4016004 kB
MemFree:          112776 kB
Active:           367548 kB
Mem:          3.8G       3.7G       109M       5.7M        25M       3.3G

MemTotal:        4016004 kB
MemFree:          116256 kB
Active:           367556 kB
Mem:          3.8G       3.7G       113M       5.7M        25M       3.3G

MemTotal:        4016004 kB
MemFree:          121208 kB
Active:           367560 kB
Mem:          3.8G       3.7G       118M       5.7M        25M       3.3G

MemTotal:        4016004 kB
MemFree:          114840 kB
Active:           367416 kB
Mem:          3.8G       3.7G       112M       5.7M        25M       3.3G

MemTotal:        4016004 kB
MemFree:          106948 kB
Active:           367416 kB
Mem:          3.8G       3.7G       103M       5.7M        25M       3.3G

MemTotal:        4016004 kB
MemFree:          114152 kB
Active:           367424 kB
Mem:          3.8G       3.7G       111M       5.7M        25M       3.3G

MemTotal:        4016004 kB
MemFree:          105996 kB
Active:           367424 kB
Mem:          3.8G       3.7G       103M       5.7M        25M       3.3G

MemTotal:        4016004 kB
MemFree:          134704 kB
Active:           367428 kB
Mem:          3.8G       3.7G       131M       5.7M        25M       3.3G

MemTotal:        4016004 kB
MemFree:          125696 kB
Active:           367412 kB
Mem:          3.8G       3.7G       122M       5.7M        25M       3.3G

MemTotal:        4016004 kB
MemFree:          136640 kB
Active:           367432 kB
Mem:          3.8G       3.7G       133M       5.7M        25M       3.3G

MemTotal:        4016004 kB
MemFree:          136768 kB
Active:           367448 kB
Mem:          3.8G       3.7G       133M       5.7M        25M       3.3G

MemTotal:        4016004 kB
MemFree:          128664 kB
Active:           367448 kB
Mem:          3.8G       3.7G       125M       5.7M        25M       3.3G

MemTotal:        4016004 kB
MemFree:          120376 kB
Active:           367364 kB
Mem:          3.8G       3.7G       117M       5.7M        25M       3.3G

MemTotal:        4016004 kB
MemFree:          125968 kB
Active:           367396 kB
Mem:          3.8G       3.7G       123M       5.7M        26M       3.3G

MemTotal:        4016004 kB
MemFree:          118592 kB
Active:           367404 kB
Mem:          3.8G       3.7G       115M       5.7M        26M       3.3G

MemTotal:        4016004 kB
MemFree:          110668 kB
Active:           367404 kB
Mem:          3.8G       3.7G       107M       5.7M        26M       3.3G

MemTotal:        4016004 kB
MemFree:          127224 kB
Active:           367404 kB
Mem:          3.8G       3.7G       124M       5.7M        26M       3.3G

MemTotal:        4016004 kB
MemFree:          135084 kB
Active:           367472 kB
Mem:          3.8G       3.7G       132M       5.7M        26M       3.3G

MemTotal:        4016004 kB
MemFree:          134728 kB
Active:           367444 kB
Mem:          3.8G       3.7G       131M       5.7M        26M       3.3G

MemTotal:        4016004 kB
MemFree:          132540 kB
Active:           367480 kB
Mem:          3.8G       3.7G       129M       5.7M        26M       3.3G

MemTotal:        4016004 kB
MemFree:          142028 kB
Active:           367428 kB
Mem:          3.8G       3.7G       138M       5.7M        26M       3.2G

MemTotal:        4016004 kB
MemFree:          105716 kB
Active:           367372 kB
Mem:          3.8G       3.7G       102M       5.7M        26M       3.3G

MemTotal:        4016004 kB
MemFree:          117844 kB
Active:           367440 kB
Mem:          3.8G       3.7G       114M       5.7M        26M       3.3G

MemTotal:        4016004 kB
MemFree:          105064 kB
Active:           367420 kB
Mem:          3.8G       3.7G       102M       5.7M        26M       3.3G

MemTotal:        4016004 kB
MemFree:          128568 kB
Active:           367420 kB
Mem:          3.8G       3.7G       125M       5.7M        26M       3.3G

MemTotal:        4016004 kB
MemFree:          117768 kB
Active:           367444 kB
Mem:          3.8G       3.7G       114M       5.7M        26M       3.3G

MemTotal:        4016004 kB
MemFree:          109800 kB
Active:           367448 kB
Mem:          3.8G       3.7G       107M       5.7M        26M       3.3G

MemTotal:        4016004 kB
MemFree:          119872 kB
Active:           367412 kB
Mem:          3.8G       3.7G       116M       5.7M        26M       3.3G

MemTotal:        4016004 kB
MemFree:          112072 kB
Active:           367436 kB
Mem:          3.8G       3.7G       108M       5.7M        26M       3.3G

MemTotal:        4016004 kB
MemFree:          126444 kB
Active:           367456 kB
Mem:          3.8G       3.7G       123M       5.7M        26M       3.3G

MemTotal:        4016004 kB
MemFree:          109880 kB
Active:           367444 kB
Mem:          3.8G       3.7G       107M       5.7M        26M       3.3G

MemTotal:        4016004 kB
MemFree:          126232 kB
Active:           367444 kB
Mem:          3.8G       3.7G       123M       5.7M        26M       3.3G

MemTotal:        4016004 kB
MemFree:          129048 kB
Active:           367444 kB
Mem:          3.8G       3.7G       125M       5.7M        26M       3.3G

MemTotal:        4016004 kB
MemFree:          139768 kB
Active:           367440 kB
Mem:          3.8G       3.7G       136M       5.7M        26M       3.2G

MemTotal:        4016004 kB
MemFree:          107980 kB
Active:           367460 kB
Mem:          3.8G       3.7G       105M       5.7M        26M       3.3G

MemTotal:        4016004 kB
MemFree:          136124 kB
Active:           367460 kB
Mem:          3.8G       3.7G       132M       5.7M        26M       3.3G

MemTotal:        4016004 kB
MemFree:          106208 kB
Active:           367460 kB
Mem:          3.8G       3.7G       103M       5.7M        26M       3.3G

MemTotal:        4016004 kB
MemFree:          115576 kB
Active:           367460 kB
Mem:          3.8G       3.7G       112M       5.7M        26M       3.3G

MemTotal:        4016004 kB
MemFree:          125344 kB
Active:           367468 kB
Mem:          3.8G       3.7G       122M       5.7M        26M       3.3G

MemTotal:        4016004 kB
MemFree:          111356 kB
Active:           362464 kB
Mem:          3.8G       3.7G       108M       5.7M        26M       3.3G

MemTotal:        4016004 kB
MemFree:          118896 kB
Active:           362384 kB
Mem:          3.8G       3.7G       115M       5.7M        26M       3.3G

MemTotal:        4016004 kB
MemFree:          111544 kB
Active:           362428 kB
Mem:          3.8G       3.7G       108M       5.7M        26M       3.3G

MemTotal:        4016004 kB
MemFree:          127556 kB
Active:           362428 kB
Mem:          3.8G       3.7G       123M       5.7M        26M       3.3G

MemTotal:        4016004 kB
MemFree:          127940 kB
Active:           362436 kB
Mem:          3.8G       3.7G       124M       5.7M        26M       3.3G

MemTotal:        4016004 kB
MemFree:          128048 kB
Active:           362436 kB
Mem:          3.8G       3.7G       124M       5.7M        26M       3.3G

MemTotal:        4016004 kB
MemFree:          124236 kB
Active:           362440 kB
Mem:          3.8G       3.7G       121M       5.7M        26M       3.3G

MemTotal:        4016004 kB
MemFree:          104740 kB
Active:           362440 kB
Mem:          3.8G       3.7G       109M       5.7M        26M       3.3G

MemTotal:        4016004 kB
MemFree:          125832 kB
Active:           360364 kB
Mem:          3.8G       3.7G       123M       5.7M        26M       3.3G

MemTotal:        4016004 kB
MemFree:          118240 kB
Active:           360228 kB
Mem:          3.8G       3.7G       115M       5.7M        26M       3.3G

MemTotal:        4016004 kB
MemFree:          127092 kB
Active:           360228 kB
Mem:          3.8G       3.7G       124M       5.7M        26M       3.3G

MemTotal:        4016004 kB
MemFree:          123496 kB
Active:           360176 kB
Mem:          3.8G       3.7G       120M       5.7M        26M       3.3G

MemTotal:        4016004 kB
MemFree:          115776 kB
Active:           360248 kB
Mem:          3.8G       3.7G       113M       5.7M        26M       3.3G

MemTotal:        4016004 kB
MemFree:          107412 kB
Active:           360232 kB
Mem:          3.8G       3.7G       104M       5.7M        26M       3.3G

MemTotal:        4016004 kB
MemFree:          113184 kB
Active:           360268 kB
Mem:          3.8G       3.7G       110M       5.7M        26M       3.3G

MemTotal:        4016004 kB
MemFree:          118716 kB
Active:           360272 kB
Mem:          3.8G       3.7G       115M       5.7M        26M       3.3G

MemTotal:        4016004 kB
MemFree:          110812 kB
Active:           360272 kB
Mem:          3.8G       3.7G       107M       5.7M        26M       3.3G

MemTotal:        4016004 kB
MemFree:          126776 kB
Active:           360272 kB
Mem:          3.8G       3.7G       123M       5.7M        26M       3.3G

MemTotal:        4016004 kB
MemFree:          105708 kB
Active:           360272 kB
Mem:          3.8G       3.7G       102M       5.7M        26M       3.3G

MemTotal:        4016004 kB
MemFree:          130476 kB
Active:           358080 kB
Mem:          3.8G       3.7G       126M       5.7M        26M       3.3G

MemTotal:        4016004 kB
MemFree:          133760 kB
Active:           358228 kB
Mem:          3.8G       3.7G       130M       5.7M        26M       3.3G

MemTotal:        4016004 kB
MemFree:          130624 kB
Active:           358144 kB
Mem:          3.8G       3.7G       127M       5.7M        26M       3.3G

MemTotal:        4016004 kB
MemFree:          111512 kB
Active:           358156 kB
Mem:          3.8G       3.7G       108M       5.7M        26M       3.3G

MemTotal:        4016004 kB
MemFree:          125548 kB
Active:           358128 kB
Mem:          3.8G       3.7G       122M       5.7M        26M       3.3G

MemTotal:        4016004 kB
MemFree:          129888 kB
Active:           358176 kB
Mem:          3.8G       3.7G       126M       5.7M        26M       3.3G

MemTotal:        4016004 kB
MemFree:          145172 kB
Active:           358176 kB
Mem:          3.8G       3.7G       141M       5.7M        26M       3.2G

MemTotal:        4016004 kB
MemFree:          135700 kB
Active:           358184 kB
Mem:          3.8G       3.7G       132M       5.7M        26M       3.2G

MemTotal:        4016004 kB
MemFree:          108576 kB
Active:           358184 kB
Mem:          3.8G       3.7G       105M       5.7M        26M       3.3G

MemTotal:        4016004 kB
MemFree:          137640 kB
Active:           357424 kB
Mem:          3.8G       3.7G       134M       5.7M        26M       3.2G

MemTotal:        4016004 kB
MemFree:          132672 kB
Active:           357424 kB
Mem:          3.8G       3.7G       129M       5.7M        26M       3.3G

MemTotal:        4016004 kB
MemFree:          125140 kB
Active:           357388 kB
Mem:          3.8G       3.7G       121M       5.7M        26M       3.3G

MemTotal:        4016004 kB
MemFree:          128148 kB
Active:           357424 kB
Mem:          3.8G       3.7G       125M       5.7M        26M       3.3G

MemTotal:        4016004 kB
MemFree:          109084 kB
Active:           357424 kB
Mem:          3.8G       3.7G       105M       5.7M        26M       3.3G

MemTotal:        4016004 kB
MemFree:          120120 kB
Active:           357424 kB
Mem:          3.8G       3.7G       117M       5.7M        26M       3.3G

MemTotal:        4016004 kB
MemFree:          133068 kB
Active:           357452 kB
Mem:          3.8G       3.7G       129M       5.7M        26M       3.3G

MemTotal:        4016004 kB
MemFree:          142272 kB
Active:           357460 kB
Mem:          3.8G       3.7G       139M       5.7M        26M       3.2G

MemTotal:        4016004 kB
MemFree:          135060 kB
Active:           357456 kB
Mem:          3.8G       3.7G       131M       5.7M        26M       3.3G

MemTotal:        4016004 kB
MemFree:          133996 kB
Active:           357460 kB
Mem:          3.8G       3.7G       140M       5.7M        26M       3.2G

MemTotal:        4016004 kB
MemFree:          110248 kB
Active:           357460 kB
Mem:          3.8G       3.7G       107M       5.7M        26M       3.3G

MemTotal:        4016004 kB
MemFree:          128888 kB
Active:           350060 kB
Mem:          3.8G       3.7G       125M       5.7M        26M       3.3G

MemTotal:        4016004 kB
MemFree:          135940 kB
Active:           349812 kB
Mem:          3.8G       3.7G       132M       5.7M        26M       3.2G

MemTotal:        4016004 kB
MemFree:          126424 kB
Active:           349812 kB
Mem:          3.8G       3.7G       123M       5.7M        26M       3.3G

MemTotal:        4016004 kB
MemFree:          106036 kB
Active:           349812 kB
Mem:          3.8G       3.7G       103M       5.7M        26M       3.3G

MemTotal:        4016004 kB
MemFree:          108976 kB
Active:           349812 kB
Mem:          3.8G       3.7G       105M       5.7M        26M       3.3G

MemTotal:        4016004 kB
MemFree:          133464 kB
Active:           349816 kB
Mem:          3.8G       3.7G       129M       5.7M        26M       3.3G

MemTotal:        4016004 kB
MemFree:          125376 kB
Active:           349820 kB
Mem:          3.8G       3.7G       122M       5.7M        26M       3.3G

MemTotal:        4016004 kB
MemFree:          133796 kB
Active:           349836 kB
Mem:          3.8G       3.7G       130M       5.7M        26M       3.3G

MemTotal:        4016004 kB
MemFree:          137328 kB
Active:           349836 kB
Mem:          3.8G       3.7G       133M       5.7M        26M       3.2G

MemTotal:        4016004 kB
MemFree:          129752 kB
Active:           349840 kB
Mem:          3.8G       3.7G       126M       5.7M        26M       3.3G

MemTotal:        4016004 kB
MemFree:          122544 kB
Active:           349840 kB
Mem:          3.8G       3.7G       119M       5.7M        26M       3.3G

MemTotal:        4016004 kB
MemFree:          131408 kB
Active:           349848 kB
Mem:          3.8G       3.7G       127M       5.7M        26M       3.3G

MemTotal:        4016004 kB
MemFree:          125556 kB
Active:           348464 kB
Mem:          3.8G       3.7G       122M       5.7M        26M       3.3G

MemTotal:        4016004 kB
MemFree:          106868 kB
Active:           348260 kB
Mem:          3.8G       3.7G       103M       5.7M        26M       3.3G

MemTotal:        4016004 kB
MemFree:          108276 kB
Active:           348300 kB
Mem:          3.8G       3.7G       105M       5.7M        26M       3.3G

MemTotal:        4016004 kB
MemFree:          113068 kB
Active:           348316 kB
Mem:          3.8G       3.7G       109M       5.7M        26M       3.3G

MemTotal:        4016004 kB
MemFree:          126792 kB
Active:           348320 kB
Mem:          3.8G       3.7G       123M       5.7M        26M       3.3G

MemTotal:        4016004 kB
MemFree:          126880 kB
Active:           348320 kB
Mem:          3.8G       3.7G       123M       5.7M        26M       3.3G

MemTotal:        4016004 kB
MemFree:          118260 kB
Active:           348324 kB
Mem:          3.8G       3.7G       115M       5.7M        26M       3.3G

MemTotal:        4016004 kB
MemFree:          128496 kB
Active:           348336 kB
Mem:          3.8G       3.7G       125M       5.7M        26M       3.3G

MemTotal:        4016004 kB
MemFree:          125992 kB
Active:           348340 kB
Mem:          3.8G       3.7G       122M       5.7M        26M       3.3G

MemTotal:        4016004 kB
MemFree:          110480 kB
Active:           348344 kB
Mem:          3.8G       3.7G       107M       5.7M        26M       3.3G

MemTotal:        4016004 kB
MemFree:          127976 kB
Active:           348344 kB
Mem:          3.8G       3.7G       124M       5.7M        26M       3.3G

MemTotal:        4016004 kB
MemFree:          122008 kB
Active:           348348 kB
Mem:          3.8G       3.7G       119M       5.7M        26M       3.3G

MemTotal:        4016004 kB
MemFree:          126904 kB
Active:           348352 kB
Mem:          3.8G       3.7G       123M       5.7M        26M       3.3G

MemTotal:        4016004 kB
MemFree:          125048 kB
Active:           348360 kB
Mem:          3.8G       3.7G       120M       5.7M        26M       3.3G

MemTotal:        4016004 kB
MemFree:          118636 kB
Active:           345544 kB
Mem:          3.8G       3.7G       116M       5.7M        26M       3.3G

MemTotal:        4016004 kB
MemFree:          130908 kB
Active:           345428 kB
Mem:          3.8G       3.7G       127M       5.7M        26M       3.3G

MemTotal:        4016004 kB
MemFree:          127840 kB
Active:           345452 kB
Mem:          3.8G       3.7G       124M       5.7M        26M       3.3G

MemTotal:        4016004 kB
MemFree:          106852 kB
Active:           345452 kB
Mem:          3.8G       3.7G       104M       5.7M        26M       3.3G

MemTotal:        4016004 kB
MemFree:          106592 kB
Active:           345432 kB
Mem:          3.8G       3.7G       104M       5.7M        26M       3.3G

MemTotal:        4016004 kB
MemFree:          106720 kB
Active:           345444 kB
Mem:          3.8G       3.7G       104M       5.7M        26M       3.3G

MemTotal:        4016004 kB
MemFree:          114436 kB
Active:           345452 kB
Mem:          3.8G       3.7G       111M       5.7M        26M       3.3G

MemTotal:        4016004 kB
MemFree:          129692 kB
Active:           345472 kB
Mem:          3.8G       3.7G       126M       5.7M        26M       3.3G

MemTotal:        4016004 kB
MemFree:          139464 kB
Active:           345472 kB
Mem:          3.8G       3.7G       136M       5.7M        26M       3.2G

MemTotal:        4016004 kB
MemFree:          132876 kB
Active:           345484 kB
Mem:          3.8G       3.7G       129M       5.7M        26M       3.3G

MemTotal:        4016004 kB
MemFree:          124828 kB
Active:           345488 kB
Mem:          3.8G       3.7G       121M       5.7M        26M       3.3G

MemTotal:        4016004 kB
MemFree:          116880 kB
Active:           345468 kB
Mem:          3.8G       3.7G       113M       5.7M        26M       3.3G

MemTotal:        4016004 kB
MemFree:          109260 kB
Active:           345496 kB
Mem:          3.8G       3.7G       106M       5.7M        26M       3.3G

MemTotal:        4016004 kB
MemFree:          129748 kB
Active:           345496 kB
Mem:          3.8G       3.7G       126M       5.7M        26M       3.3G

MemTotal:        4016004 kB
MemFree:          139096 kB
Active:           345504 kB
Mem:          3.8G       3.7G       135M       5.7M        26M       3.2G

MemTotal:        4016004 kB
MemFree:          131256 kB
Active:           345504 kB
Mem:          3.8G       3.7G       128M       5.7M        26M       3.3G

MemTotal:        4016004 kB
MemFree:          125924 kB
Active:           345472 kB
Mem:          3.8G       3.7G       122M       5.7M        26M       3.3G

MemTotal:        4016004 kB
MemFree:          122400 kB
Active:           345480 kB
Mem:          3.8G       3.7G       119M       5.7M        26M       3.3G

MemTotal:        4016004 kB
MemFree:          120708 kB
Active:           345488 kB
Mem:          3.8G       3.7G       117M       5.7M        26M       3.3G

MemTotal:        4016004 kB
MemFree:          131520 kB
Active:           344992 kB
Mem:          3.8G       3.7G       128M       5.7M        26M       3.2G

MemTotal:        4016004 kB
MemFree:          123376 kB
Active:           344812 kB
Mem:          3.8G       3.7G       120M       5.7M        26M       3.3G

MemTotal:        4016004 kB
MemFree:          129156 kB
Active:           344828 kB
Mem:          3.8G       3.7G       125M       5.7M        26M       3.3G

MemTotal:        4016004 kB
MemFree:          136980 kB
Active:           344828 kB
Mem:          3.8G       3.7G       133M       5.7M        26M       3.2G

MemTotal:        4016004 kB
MemFree:          129320 kB
Active:           344840 kB
Mem:          3.8G       3.7G       125M       5.7M        26M       3.3G

MemTotal:        4016004 kB
MemFree:          120668 kB
Active:           344840 kB
Mem:          3.8G       3.7G       117M       5.7M        26M       3.3G

MemTotal:        4016004 kB
MemFree:          130884 kB
Active:           344840 kB
Mem:          3.8G       3.7G       127M       5.7M        26M       3.3G

MemTotal:        4016004 kB
MemFree:          122884 kB
Active:           344840 kB
Mem:          3.8G       3.7G       119M       5.7M        26M       3.3G

MemTotal:        4016004 kB
MemFree:          114160 kB
Active:           344840 kB
Mem:          3.8G       3.7G       111M       5.7M        26M       3.3G

MemTotal:        4016004 kB
MemFree:          153648 kB
Active:           344840 kB
Mem:          3.8G       3.7G       149M       5.7M        26M       3.2G

MemTotal:        4016004 kB
MemFree:          150804 kB
Active:           344808 kB
Mem:          3.8G       3.7G       147M       5.7M        26M       3.2G

MemTotal:        4016004 kB
MemFree:          105664 kB
Active:           344860 kB
Mem:          3.8G       3.7G       103M       5.7M        26M       3.3G

MemTotal:        4016004 kB
MemFree:          135564 kB
Active:           344860 kB
Mem:          3.8G       3.7G       131M       5.7M        26M       3.2G

MemTotal:        4016004 kB
MemFree:          126172 kB
Active:           344860 kB
Mem:          3.8G       3.7G       122M       5.7M        26M       3.3G

MemTotal:        4016004 kB
MemFree:          118124 kB
Active:           344860 kB
Mem:          3.8G       3.7G       115M       5.7M        26M       3.3G

MemTotal:        4016004 kB
MemFree:          110836 kB
Active:           344868 kB
Mem:          3.8G       3.7G       107M       5.7M        26M       3.3G

MemTotal:        4016004 kB
MemFree:          119560 kB
Active:           344868 kB
Mem:          3.8G       3.7G       116M       5.7M        26M       3.3G

MemTotal:        4016004 kB
MemFree:          136904 kB
Active:           344648 kB
Mem:          3.8G       3.7G       133M       5.7M        26M       3.2G

MemTotal:        4016004 kB
MemFree:          136292 kB
Active:           344652 kB
Mem:          3.8G       3.7G       133M       5.7M        26M       3.2G

MemTotal:        4016004 kB
MemFree:          136540 kB
Active:           344612 kB
Mem:          3.8G       3.7G       133M       5.7M        26M       3.2G

MemTotal:        4016004 kB
MemFree:          136788 kB
Active:           344636 kB
Mem:          3.8G       3.7G       133M       5.7M        26M       3.2G

MemTotal:        4016004 kB
MemFree:          136292 kB
Active:           344660 kB
Mem:          3.8G       3.7G       133M       5.7M        26M       3.2G

MemTotal:        4016004 kB
MemFree:          136664 kB
Active:           344656 kB
Mem:          3.8G       3.7G       133M       5.7M        26M       3.2G

MemTotal:        4016004 kB
MemFree:          137036 kB
Active:           344616 kB
Mem:          3.8G       3.7G       133M       5.7M        26M       3.2G

MemTotal:        4016004 kB
MemFree:          137036 kB
Active:           344648 kB
Mem:          3.8G       3.7G       133M       5.7M        26M       3.2G

MemTotal:        4016004 kB
MemFree:          136416 kB
Active:           344660 kB
Mem:          3.8G       3.7G       133M       5.7M        26M       3.2G

MemTotal:        4016004 kB
MemFree:          136416 kB
Active:           344616 kB
Mem:          3.8G       3.7G       132M       5.7M        26M       3.2G

MemTotal:        4016004 kB
MemFree:          135672 kB
Active:           344668 kB
Mem:          3.8G       3.7G       132M       5.7M        26M       3.2G

MemTotal:        4016004 kB
MemFree:          136044 kB
Active:           344632 kB
Mem:          3.8G       3.7G       132M       5.7M        26M       3.2G

MemTotal:        4016004 kB
MemFree:          135672 kB
Active:           344668 kB
Mem:          3.8G       3.7G       132M       5.7M        26M       3.2G

MemTotal:        4016004 kB
MemFree:          136044 kB
Active:           344640 kB
Mem:          3.8G       3.7G       132M       5.7M        26M       3.2G

MemTotal:        4016004 kB
MemFree:          136168 kB
Active:           344632 kB
Mem:          3.8G       3.7G       133M       5.7M        26M       3.2G

MemTotal:        4016004 kB
MemFree:          136292 kB
Active:           344688 kB
Mem:          3.8G       3.7G       133M       5.7M        26M       3.2G

MemTotal:        4016004 kB
MemFree:          136416 kB
Active:           344688 kB
Mem:          3.8G       3.7G       133M       5.7M        26M       3.2G

MemTotal:        4016004 kB
MemFree:          136664 kB
Active:           344660 kB
Mem:          3.8G       3.7G       133M       5.7M        26M       3.2G

MemTotal:        4016004 kB
MemFree:          136540 kB
Active:           344660 kB
Mem:          3.8G       3.7G       133M       5.7M        26M       3.2G

MemTotal:        4016004 kB
MemFree:          136292 kB
Active:           344688 kB
Mem:          3.8G       3.7G       133M       5.7M        26M       3.2G

MemTotal:        4016004 kB
MemFree:          136168 kB
Active:           344688 kB
Mem:          3.8G       3.7G       133M       5.7M        26M       3.2G

MemTotal:        4016004 kB
MemFree:          136912 kB
Active:           344680 kB
Mem:          3.8G       3.7G       133M       5.7M        26M       3.2G

MemTotal:        4016004 kB
MemFree:          136788 kB
Active:           344640 kB
Mem:          3.8G       3.7G       133M       5.7M        26M       3.2G

MemTotal:        4016004 kB
MemFree:          136648 kB
Active:           344644 kB
Mem:          3.8G       3.7G       133M       5.7M        26M       3.2G

MemTotal:        4016004 kB
MemFree:          136464 kB
Active:           344704 kB
Mem:          3.8G       3.7G       133M       5.7M        26M       3.2G

MemTotal:        4016004 kB
MemFree:          136808 kB
Active:           344656 kB
Mem:          3.8G       3.7G       133M       5.7M        26M       3.2G

MemTotal:        4016004 kB
MemFree:          136632 kB
Active:           344696 kB
Mem:          3.8G       3.7G       133M       5.7M        26M       3.2G

MemTotal:        4016004 kB
MemFree:          136664 kB
Active:           344700 kB
Mem:          3.8G       3.7G       133M       5.7M        26M       3.2G

MemTotal:        4016004 kB
MemFree:          136664 kB
Active:           344692 kB
Mem:          3.8G       3.7G       133M       5.7M        26M       3.2G

MemTotal:        4016004 kB
MemFree:          136664 kB
Active:           344676 kB
Mem:          3.8G       3.7G       133M       5.7M        26M       3.2G

MemTotal:        4016004 kB
MemFree:          136044 kB
Active:           344732 kB
Mem:          3.8G       3.7G       133M       5.7M        26M       3.2G

MemTotal:        4016004 kB
MemFree:          136292 kB
Active:           344732 kB
Mem:          3.8G       3.7G       132M       5.7M        26M       3.2G

MemTotal:        4016004 kB
MemFree:          135920 kB
Active:           344732 kB
Mem:          3.8G       3.7G       133M       5.7M        26M       3.2G

MemTotal:        4016004 kB
MemFree:          136292 kB
Active:           344692 kB
Mem:          3.8G       3.7G       132M       5.7M        26M       3.2G

MemTotal:        4016004 kB
MemFree:          136540 kB
Active:           344712 kB
