MemTotal:        4016004 kB
MemFree:         3229196 kB
Active:           428952 kB
Mem:          3.8G       768M       3.1G       5.7M        62M       317M

MemTotal:        4016004 kB
MemFree:         3229632 kB
Active:           428588 kB
Mem:          3.8G       767M       3.1G       5.7M        62M       317M

MemTotal:        4016004 kB
MemFree:         3229616 kB
Active:           428700 kB
Mem:          3.8G       767M       3.1G       5.7M        62M       317M

MemTotal:        4016004 kB
MemFree:         3229352 kB
Active:           428704 kB
Mem:          3.8G       768M       3.1G       5.7M        62M       317M

MemTotal:        4016004 kB
MemFree:         3229088 kB
Active:           428704 kB
Mem:          3.8G       768M       3.1G       5.7M        62M       317M

MemTotal:        4016004 kB
MemFree:         3229584 kB
Active:           428668 kB
Mem:          3.8G       767M       3.1G       5.7M        62M       317M

MemTotal:        4016004 kB
MemFree:         3229568 kB
Active:           428704 kB
Mem:          3.8G       767M       3.1G       5.7M        62M       317M

MemTotal:        4016004 kB
MemFree:         3229196 kB
Active:           428712 kB
Mem:          3.8G       768M       3.1G       5.7M        62M       317M

MemTotal:        4016004 kB
MemFree:         3229428 kB
Active:           428700 kB
Mem:          3.8G       768M       3.1G       5.7M        62M       317M

MemTotal:        4016004 kB
MemFree:         3229288 kB
Active:           428700 kB
Mem:          3.8G       768M       3.1G       5.7M        62M       317M

MemTotal:        4016004 kB
MemFree:         3229444 kB
Active:           428676 kB
Mem:          3.8G       768M       3.1G       5.7M        62M       317M

MemTotal:        4016004 kB
MemFree:         3229072 kB
Active:           428716 kB
Mem:          3.8G       768M       3.1G       5.7M        62M       317M

MemTotal:        4016004 kB
MemFree:         3229072 kB
Active:           428716 kB
Mem:          3.8G       768M       3.1G       5.7M        62M       317M

MemTotal:        4016004 kB
MemFree:         3229320 kB
Active:           428672 kB
Mem:          3.8G       768M       3.1G       5.7M        62M       317M

MemTotal:        4016004 kB
MemFree:         3229320 kB
Active:           428720 kB
Mem:          3.8G       767M       3.1G       5.7M        62M       317M

MemTotal:        4016004 kB
MemFree:         3229320 kB
Active:           428720 kB
Mem:          3.8G       768M       3.1G       5.7M        62M       317M

MemTotal:        4016004 kB
MemFree:         3231584 kB
Active:           426660 kB
Mem:          3.8G       766M       3.1G       5.7M        62M       317M

MemTotal:        4016004 kB
MemFree:         3231444 kB
Active:           426684 kB
Mem:          3.8G       766M       3.1G       5.7M        62M       317M

MemTotal:        4016004 kB
MemFree:         3231692 kB
Active:           426660 kB
Mem:          3.8G       766M       3.1G       5.7M        62M       317M

MemTotal:        4016004 kB
MemFree:         3231552 kB
Active:           426684 kB
Mem:          3.8G       766M       3.1G       5.7M        62M       317M

MemTotal:        4016004 kB
MemFree:         3231676 kB
Active:           426656 kB
Mem:          3.8G       766M       3.1G       5.7M        62M       317M

MemTotal:        4016004 kB
MemFree:         3231800 kB
Active:           426684 kB
Mem:          3.8G       766M       3.1G       5.7M        62M       317M

MemTotal:        4016004 kB
MemFree:         3231288 kB
Active:           426704 kB
Mem:          3.8G       766M       3.1G       5.7M        62M       317M

MemTotal:        4016004 kB
MemFree:         3231396 kB
Active:           426688 kB
Mem:          3.8G       766M       3.1G       5.7M        62M       317M

MemTotal:        4016004 kB
MemFree:         3231412 kB
Active:           426648 kB
Mem:          3.8G       766M       3.1G       5.7M        62M       317M

MemTotal:        4016004 kB
MemFree:         3231412 kB
Active:           426696 kB
Mem:          3.8G       766M       3.1G       5.7M        62M       317M

MemTotal:        4016004 kB
MemFree:         3231412 kB
Active:           426680 kB
Mem:          3.8G       766M       3.1G       5.7M        62M       317M

MemTotal:        4016004 kB
MemFree:         3229364 kB
Active:           426672 kB
Mem:          3.8G       768M       3.1G       5.7M        62M       317M

MemTotal:        4016004 kB
MemFree:         3229488 kB
Active:           428736 kB
Mem:          3.8G       767M       3.1G       5.7M        62M       317M

MemTotal:        4016004 kB
MemFree:         3229736 kB
Active:           428720 kB
Mem:          3.8G       767M       3.1G       5.7M        62M       317M

MemTotal:        4016004 kB
MemFree:         3229860 kB
Active:           428736 kB
Mem:          3.8G       767M       3.1G       5.7M        62M       317M

MemTotal:        4016004 kB
MemFree:         3229488 kB
Active:           428736 kB
Mem:          3.8G       767M       3.1G       5.7M        62M       317M

MemTotal:        4016004 kB
MemFree:         3229364 kB
Active:           428712 kB
Mem:          3.8G       768M       3.1G       5.7M        62M       317M

MemTotal:        4016004 kB
MemFree:         3229364 kB
Active:           428732 kB
Mem:          3.8G       768M       3.1G       5.7M        62M       317M

MemTotal:        4016004 kB
MemFree:         3229364 kB
Active:           428716 kB
Mem:          3.8G       768M       3.1G       5.7M        62M       317M

MemTotal:        4016004 kB
MemFree:         3229364 kB
Active:           428736 kB
Mem:          3.8G       768M       3.1G       5.7M        62M       317M

MemTotal:        4016004 kB
MemFree:         3229568 kB
Active:           428696 kB
Mem:          3.8G       767M       3.1G       5.7M        62M       317M

MemTotal:        4016004 kB
MemFree:         3229380 kB
Active:           426704 kB
Mem:          3.8G       768M       3.1G       5.7M        62M       317M

MemTotal:        4016004 kB
MemFree:         3229504 kB
Active:           428700 kB
Mem:          3.8G       767M       3.1G       5.7M        62M       317M

MemTotal:        4016004 kB
MemFree:         3229628 kB
Active:           428752 kB
Mem:          3.8G       767M       3.1G       5.7M        62M       317M

MemTotal:        4016004 kB
MemFree:         3229876 kB
Active:           428712 kB
Mem:          3.8G       767M       3.1G       5.7M        62M       317M

MemTotal:        4016004 kB
MemFree:         3229860 kB
Active:           428740 kB
Mem:          3.8G       767M       3.1G       5.7M        62M       317M

MemTotal:        4016004 kB
MemFree:         3229844 kB
Active:           428756 kB
Mem:          3.8G       767M       3.1G       5.7M        62M       317M

MemTotal:        4016004 kB
MemFree:         3229952 kB
Active:           428712 kB
Mem:          3.8G       767M       3.1G       5.7M        62M       317M

MemTotal:        4016004 kB
MemFree:         3229812 kB
Active:           428720 kB
Mem:          3.8G       767M       3.1G       5.7M        62M       317M

MemTotal:        4016004 kB
MemFree:         3229704 kB
Active:           428748 kB
Mem:          3.8G       767M       3.1G       5.7M        62M       317M

MemTotal:        4016004 kB
MemFree:         3229456 kB
Active:           428768 kB
Mem:          3.8G       768M       3.1G       5.7M        62M       317M

MemTotal:        4016004 kB
MemFree:         3229952 kB
Active:           428756 kB
Mem:          3.8G       767M       3.1G       5.7M        62M       317M

MemTotal:        4016004 kB
MemFree:         3229704 kB
Active:           428768 kB
Mem:          3.8G       768M       3.1G       5.7M        62M       317M

MemTotal:        4016004 kB
MemFree:         3228960 kB
Active:           428784 kB
Mem:          3.8G       768M       3.1G       5.7M        62M       317M

MemTotal:        4016004 kB
MemFree:         3229704 kB
Active:           428736 kB
Mem:          3.8G       767M       3.1G       5.7M        62M       317M

MemTotal:        4016004 kB
MemFree:         3229580 kB
Active:           428748 kB
Mem:          3.8G       768M       3.1G       5.7M        62M       317M

MemTotal:        4016004 kB
MemFree:         3229580 kB
Active:           428792 kB
Mem:          3.8G       767M       3.1G       5.7M        62M       317M

MemTotal:        4016004 kB
MemFree:         3229440 kB
Active:           428752 kB
Mem:          3.8G       768M       3.1G       5.7M        62M       317M

MemTotal:        4016004 kB
MemFree:         3229672 kB
Active:           428772 kB
Mem:          3.8G       768M       3.1G       5.7M        62M       317M

MemTotal:        4016004 kB
MemFree:         3229300 kB
Active:           428800 kB
Mem:          3.8G       768M       3.1G       5.7M        62M       317M

MemTotal:        4016004 kB
MemFree:         3228784 kB
Active:           426820 kB
Mem:          3.8G       768M       3.1G       5.7M        62M       317M

MemTotal:        4016004 kB
MemFree:         3228724 kB
Active:           426728 kB
Mem:          3.8G       768M       3.1G       5.7M        62M       317M

MemTotal:        4016004 kB
MemFree:         3228832 kB
Active:           426772 kB
Mem:          3.8G       768M       3.1G       5.7M        62M       317M

MemTotal:        4016004 kB
MemFree:         3228460 kB
Active:           428824 kB
Mem:          3.8G       768M       3.1G       5.7M        62M       317M

MemTotal:        4016004 kB
MemFree:         3229080 kB
Active:           428920 kB
Mem:          3.8G       768M       3.1G       5.7M        62M       317M

MemTotal:        4016004 kB
MemFree:         3114048 kB
Active:           429268 kB
Mem:          3.8G       881M       3.0G       5.7M        62M       428M

MemTotal:        4016004 kB
MemFree:         3023744 kB
Active:           429268 kB
Mem:          3.8G       968M       2.9G       5.7M        62M       515M

MemTotal:        4016004 kB
MemFree:         3023928 kB
Active:           429216 kB
Mem:          3.8G       968M       2.9G       5.7M        62M       515M

MemTotal:        4016004 kB
MemFree:         3024096 kB
Active:           429228 kB
Mem:          3.8G       968M       2.9G       5.7M        62M       515M

MemTotal:        4016004 kB
MemFree:         2975812 kB
Active:           429264 kB
Mem:          3.8G       1.0G       2.8G       5.7M        62M       562M

MemTotal:        4016004 kB
MemFree:         2846128 kB
Active:           429276 kB
Mem:          3.8G       1.1G       2.7G       5.7M        62M       685M

MemTotal:        4016004 kB
MemFree:         2733156 kB
Active:           431260 kB
Mem:          3.8G       1.2G       2.6G       5.7M        62M       793M

MemTotal:        4016004 kB
MemFree:         2668068 kB
Active:           431280 kB
Mem:          3.8G       1.3G       2.5G       5.7M        62M       855M

MemTotal:        4016004 kB
MemFree:         2662148 kB
Active:           431332 kB
Mem:          3.8G       1.3G       2.5G       5.7M        62M       862M

MemTotal:        4016004 kB
MemFree:         2567328 kB
Active:           431296 kB
Mem:          3.8G       1.4G       2.4G       5.7M        62M       952M

MemTotal:        4016004 kB
MemFree:         2566472 kB
Active:           431308 kB
Mem:          3.8G       1.4G       2.4G       5.7M        62M       953M

MemTotal:        4016004 kB
MemFree:         2468864 kB
Active:           431328 kB
Mem:          3.8G       1.5G       2.4G       5.7M        62M       1.0G

MemTotal:        4016004 kB
MemFree:         2424988 kB
Active:           431324 kB
Mem:          3.8G       1.5G       2.3G       5.7M        62M       1.1G

MemTotal:        4016004 kB
MemFree:         2368280 kB
Active:           431356 kB
Mem:          3.8G       1.6G       2.3G       5.7M        62M       1.1G

MemTotal:        4016004 kB
MemFree:         2366676 kB
Active:           431328 kB
Mem:          3.8G       1.6G       2.3G       5.7M        62M       1.1G

MemTotal:        4016004 kB
MemFree:         2363496 kB
Active:           431348 kB
Mem:          3.8G       1.6G       2.3G       5.7M        62M       1.1G

MemTotal:        4016004 kB
MemFree:         2362180 kB
Active:           433408 kB
Mem:          3.8G       1.6G       2.3G       5.7M        62M       1.1G

MemTotal:        4016004 kB
MemFree:         2361880 kB
Active:           433396 kB
Mem:          3.8G       1.6G       2.3G       5.7M        62M       1.1G

MemTotal:        4016004 kB
MemFree:         2304096 kB
Active:           433392 kB
Mem:          3.8G       1.6G       2.2G       5.7M        62M       1.2G

MemTotal:        4016004 kB
MemFree:         2174104 kB
Active:           433404 kB
Mem:          3.8G       1.8G       2.1G       5.7M        62M       1.3G

MemTotal:        4016004 kB
MemFree:         2062620 kB
Active:           433380 kB
Mem:          3.8G       1.9G       2.0G       5.7M        62M       1.4G

MemTotal:        4016004 kB
MemFree:         2009944 kB
Active:           433428 kB
Mem:          3.8G       1.9G       1.9G       5.7M        62M       1.5G

MemTotal:        4016004 kB
MemFree:         1926176 kB
Active:           433404 kB
Mem:          3.8G       2.0G       1.8G       5.7M        62M       1.5G

MemTotal:        4016004 kB
MemFree:         1912856 kB
Active:           433416 kB
Mem:          3.8G       2.0G       1.8G       5.7M        62M       1.5G

MemTotal:        4016004 kB
MemFree:         1878648 kB
Active:           433448 kB
Mem:          3.8G       2.0G       1.8G       5.7M        62M       1.6G

MemTotal:        4016004 kB
MemFree:         1809920 kB
Active:           433456 kB
Mem:          3.8G       2.1G       1.7G       5.7M        62M       1.6G

MemTotal:        4016004 kB
MemFree:         1808800 kB
Active:           433408 kB
Mem:          3.8G       2.1G       1.7G       5.7M        62M       1.6G

MemTotal:        4016004 kB
MemFree:         1807592 kB
Active:           433468 kB
Mem:          3.8G       2.1G       1.7G       5.7M        62M       1.6G

MemTotal:        4016004 kB
MemFree:         1806976 kB
Active:           433416 kB
Mem:          3.8G       2.1G       1.7G       5.7M        62M       1.6G

MemTotal:        4016004 kB
MemFree:         1805308 kB
Active:           433436 kB
Mem:          3.8G       2.1G       1.7G       5.7M        62M       1.6G

MemTotal:        4016004 kB
MemFree:         1692368 kB
Active:           433476 kB
Mem:          3.8G       2.2G       1.6G       5.7M        62M       1.8G

MemTotal:        4016004 kB
MemFree:         1563492 kB
Active:           433476 kB
Mem:          3.8G       2.3G       1.5G       5.7M        62M       1.9G

MemTotal:        4016004 kB
MemFree:         1458368 kB
Active:           433460 kB
Mem:          3.8G       2.4G       1.4G       5.7M        62M       2.0G

MemTotal:        4016004 kB
MemFree:         1457564 kB
Active:           433444 kB
Mem:          3.8G       2.4G       1.4G       5.7M        62M       2.0G

MemTotal:        4016004 kB
MemFree:         1407096 kB
Active:           433476 kB
Mem:          3.8G       2.5G       1.3G       5.7M        62M       2.0G

MemTotal:        4016004 kB
MemFree:         1358552 kB
Active:           433496 kB
Mem:          3.8G       2.5G       1.3G       5.7M        62M       2.1G

MemTotal:        4016004 kB
MemFree:         1315276 kB
Active:           433500 kB
Mem:          3.8G       2.6G       1.3G       5.7M        62M       2.1G

MemTotal:        4016004 kB
MemFree:         1258084 kB
Active:           433500 kB
Mem:          3.8G       2.6G       1.2G       5.7M        62M       2.2G

MemTotal:        4016004 kB
MemFree:         1255444 kB
Active:           433460 kB
Mem:          3.8G       2.6G       1.2G       5.7M        62M       2.2G

MemTotal:        4016004 kB
MemFree:         1254948 kB
Active:           433484 kB
Mem:          3.8G       2.6G       1.2G       5.7M        62M       2.2G

MemTotal:        4016004 kB
MemFree:         1254984 kB
Active:           433508 kB
Mem:          3.8G       2.6G       1.2G       5.7M        62M       2.2G

MemTotal:        4016004 kB
MemFree:         1211492 kB
Active:           433516 kB
Mem:          3.8G       2.7G       1.2G       5.7M        62M       2.2G

MemTotal:        4016004 kB
MemFree:         1086104 kB
Active:           433520 kB
Mem:          3.8G       2.8G       1.0G       5.7M        62M       2.3G

MemTotal:        4016004 kB
MemFree:          962544 kB
Active:           433480 kB
Mem:          3.8G       2.9G       939M       5.7M        62M       2.4G

MemTotal:        4016004 kB
MemFree:          873056 kB
Active:           433528 kB
Mem:          3.8G       3.0G       852M       5.7M        62M       2.5G

MemTotal:        4016004 kB
MemFree:          838460 kB
Active:           433556 kB
Mem:          3.8G       3.0G       818M       5.7M        62M       2.6G

MemTotal:        4016004 kB
MemFree:          720900 kB
Active:           435592 kB
Mem:          3.8G       3.1G       703M       5.7M        62M       2.7G

MemTotal:        4016004 kB
MemFree:          585916 kB
Active:           435564 kB
Mem:          3.8G       3.3G       571M       5.7M        62M       2.8G

MemTotal:        4016004 kB
MemFree:          458884 kB
Active:           435568 kB
Mem:          3.8G       3.4G       447M       5.7M        62M       2.9G

MemTotal:        4016004 kB
MemFree:          449192 kB
Active:           435592 kB
Mem:          3.8G       3.4G       438M       5.7M        62M       2.9G

MemTotal:        4016004 kB
MemFree:          446812 kB
Active:           435584 kB
Mem:          3.8G       3.4G       436M       5.7M        62M       2.9G

MemTotal:        4016004 kB
MemFree:          445100 kB
Active:           435632 kB
Mem:          3.8G       3.4G       434M       5.7M        62M       2.9G

MemTotal:        4016004 kB
MemFree:          443696 kB
Active:           435632 kB
Mem:          3.8G       3.4G       432M       5.7M        62M       2.9G

MemTotal:        4016004 kB
MemFree:          442036 kB
Active:           435580 kB
Mem:          3.8G       3.4G       431M       5.7M        62M       2.9G

MemTotal:        4016004 kB
MemFree:          440996 kB
Active:           435628 kB
Mem:          3.8G       3.4G       430M       5.7M        62M       2.9G

MemTotal:        4016004 kB
MemFree:          440640 kB
Active:           435616 kB
Mem:          3.8G       3.4G       430M       5.7M        62M       2.9G

MemTotal:        4016004 kB
MemFree:          440876 kB
Active:           435648 kB
Mem:          3.8G       3.4G       430M       5.7M        62M       2.9G

MemTotal:        4016004 kB
MemFree:          441052 kB
Active:           435628 kB
Mem:          3.8G       3.4G       430M       5.7M        62M       2.9G

MemTotal:        4016004 kB
MemFree:          400384 kB
Active:           435620 kB
Mem:          3.8G       3.4G       390M       5.7M        62M       3.0G

MemTotal:        4016004 kB
MemFree:          277228 kB
Active:           435648 kB
Mem:          3.8G       3.6G       270M       5.7M        62M       3.1G

MemTotal:        4016004 kB
MemFree:          168612 kB
Active:           435640 kB
Mem:          3.8G       3.7G       164M       5.7M        62M       3.2G

MemTotal:        4016004 kB
MemFree:          135416 kB
Active:           451852 kB
Mem:          3.8G       3.7G       133M       5.7M        27M       3.2G

MemTotal:        4016004 kB
MemFree:          136736 kB
Active:           464828 kB
Mem:          3.8G       3.7G       133M       5.7M        27M       3.2G

MemTotal:        4016004 kB
MemFree:          153100 kB
Active:           488724 kB
Mem:          3.8G       3.7G       116M       5.7M        27M       3.3G

MemTotal:        4016004 kB
MemFree:          116360 kB
Active:           484592 kB
Mem:          3.8G       3.7G       113M       5.7M        27M       3.3G

MemTotal:        4016004 kB
MemFree:          135956 kB
Active:           474164 kB
Mem:          3.8G       3.7G       132M       5.7M        27M       3.2G

MemTotal:        4016004 kB
MemFree:          134596 kB
Active:           474056 kB
Mem:          3.8G       3.7G       131M       5.7M        27M       3.2G

MemTotal:        4016004 kB
MemFree:          131992 kB
Active:           476132 kB
Mem:          3.8G       3.7G       128M       5.7M        27M       3.2G

MemTotal:        4016004 kB
MemFree:          131368 kB
Active:           476148 kB
Mem:          3.8G       3.7G       128M       5.7M        27M       3.2G

MemTotal:        4016004 kB
MemFree:          145640 kB
Active:           467452 kB
Mem:          3.8G       3.7G       141M       5.7M        27M       3.2G

MemTotal:        4016004 kB
MemFree:          137532 kB
Active:           452752 kB
Mem:          3.8G       3.7G       134M       5.7M        27M       3.2G

MemTotal:        4016004 kB
MemFree:          130164 kB
Active:           445328 kB
Mem:          3.8G       3.7G       126M       5.7M        27M       3.2G

MemTotal:        4016004 kB
MemFree:          105508 kB
Active:           439600 kB
Mem:          3.8G       3.7G       102M       5.7M        27M       3.3G

MemTotal:        4016004 kB
MemFree:          130140 kB
Active:           435784 kB
Mem:          3.8G       3.7G       126M       5.7M        27M       3.2G

MemTotal:        4016004 kB
MemFree:          149444 kB
Active:           429336 kB
Mem:          3.8G       3.7G       145M       5.7M        27M       3.2G

MemTotal:        4016004 kB
MemFree:          146796 kB
Active:           431328 kB
Mem:          3.8G       3.7G       143M       5.7M        27M       3.2G

MemTotal:        4016004 kB
MemFree:          146516 kB
Active:           431324 kB
Mem:          3.8G       3.7G       142M       5.7M        27M       3.2G

MemTotal:        4016004 kB
MemFree:          146208 kB
Active:           431368 kB
Mem:          3.8G       3.7G       143M       5.7M        27M       3.2G

MemTotal:        4016004 kB
MemFree:          146900 kB
Active:           431324 kB
Mem:          3.8G       3.7G       143M       5.7M        27M       3.2G

MemTotal:        4016004 kB
MemFree:          106712 kB
Active:           431316 kB
Mem:          3.8G       3.7G       103M       5.7M        27M       3.3G

MemTotal:        4016004 kB
MemFree:          128100 kB
Active:           429852 kB
Mem:          3.8G       3.7G       124M       5.7M        27M       3.2G

MemTotal:        4016004 kB
MemFree:          128320 kB
Active:           429828 kB
Mem:          3.8G       3.7G       125M       5.7M        27M       3.2G

MemTotal:        4016004 kB
MemFree:          128440 kB
Active:           429848 kB
Mem:          3.8G       3.7G       125M       5.7M        27M       3.2G

MemTotal:        4016004 kB
MemFree:          126952 kB
Active:           429804 kB
Mem:          3.8G       3.7G       123M       5.7M        27M       3.3G

MemTotal:        4016004 kB
MemFree:          126444 kB
Active:           427056 kB
Mem:          3.8G       3.7G       123M       5.7M        27M       3.3G

MemTotal:        4016004 kB
MemFree:          124592 kB
Active:           421460 kB
Mem:          3.8G       3.7G       121M       5.7M        27M       3.3G

MemTotal:        4016004 kB
MemFree:          117260 kB
Active:           417760 kB
Mem:          3.8G       3.7G       113M       5.7M        27M       3.3G

MemTotal:        4016004 kB
MemFree:          106844 kB
Active:           416380 kB
Mem:          3.8G       3.7G       104M       5.7M        27M       3.3G

MemTotal:        4016004 kB
MemFree:          139596 kB
Active:           414548 kB
Mem:          3.8G       3.7G       136M       5.7M        27M       3.2G

MemTotal:        4016004 kB
MemFree:          126316 kB
Active:           414468 kB
Mem:          3.8G       3.7G       123M       5.7M        27M       3.3G

MemTotal:        4016004 kB
MemFree:          111260 kB
Active:           412292 kB
Mem:          3.8G       3.7G       107M       5.7M        27M       3.3G

MemTotal:        4016004 kB
MemFree:          133268 kB
Active:           411024 kB
Mem:          3.8G       3.7G       130M       5.7M        27M       3.2G

MemTotal:        4016004 kB
MemFree:          140300 kB
Active:           407968 kB
Mem:          3.8G       3.7G       136M       5.7M        27M       3.2G

MemTotal:        4016004 kB
MemFree:          139268 kB
Active:           407844 kB
Mem:          3.8G       3.7G       135M       5.7M        27M       3.2G

MemTotal:        4016004 kB
MemFree:          137840 kB
Active:           407860 kB
Mem:          3.8G       3.7G       134M       5.7M        27M       3.2G

MemTotal:        4016004 kB
MemFree:          135892 kB
Active:           407808 kB
Mem:          3.8G       3.7G       132M       5.7M        27M       3.2G

MemTotal:        4016004 kB
MemFree:          134748 kB
Active:           407808 kB
Mem:          3.8G       3.7G       131M       5.7M        27M       3.2G

MemTotal:        4016004 kB
MemFree:          124976 kB
Active:           404028 kB
Mem:          3.8G       3.7G       121M       5.7M        27M       3.3G

MemTotal:        4016004 kB
MemFree:          125392 kB
Active:           398224 kB
Mem:          3.8G       3.7G       131M       5.7M        27M       3.2G

MemTotal:        4016004 kB
MemFree:          117968 kB
Active:           392500 kB
Mem:          3.8G       3.7G       114M       5.7M        27M       3.3G

MemTotal:        4016004 kB
MemFree:          127716 kB
Active:           391992 kB
Mem:          3.8G       3.7G       124M       5.7M        27M       3.3G

MemTotal:        4016004 kB
MemFree:          118276 kB
Active:           390552 kB
Mem:          3.8G       3.7G       114M       5.7M        27M       3.3G

MemTotal:        4016004 kB
MemFree:          119240 kB
Active:           389964 kB
Mem:          3.8G       3.7G       116M       5.7M        27M       3.3G

MemTotal:        4016004 kB
MemFree:          134556 kB
Active:           388304 kB
Mem:          3.8G       3.7G       131M       5.7M        27M       3.2G

MemTotal:        4016004 kB
MemFree:          133840 kB
Active:           388308 kB
Mem:          3.8G       3.7G       130M       5.7M        27M       3.2G

MemTotal:        4016004 kB
MemFree:          132972 kB
Active:           388292 kB
Mem:          3.8G       3.7G       129M       5.7M        27M       3.2G

MemTotal:        4016004 kB
MemFree:          132076 kB
Active:           388304 kB
Mem:          3.8G       3.7G       128M       5.7M        27M       3.2G

MemTotal:        4016004 kB
MemFree:          131908 kB
Active:           388320 kB
Mem:          3.8G       3.7G       128M       5.7M        27M       3.2G

MemTotal:        4016004 kB
MemFree:          128092 kB
Active:           384952 kB
Mem:          3.8G       3.7G       124M       5.7M        27M       3.2G

MemTotal:        4016004 kB
MemFree:          135120 kB
Active:           380628 kB
Mem:          3.8G       3.7G       131M       5.7M        27M       3.2G

MemTotal:        4016004 kB
MemFree:          118836 kB
Active:           376752 kB
Mem:          3.8G       3.7G       115M       5.7M        27M       3.3G

MemTotal:        4016004 kB
MemFree:          128984 kB
Active:           375656 kB
Mem:          3.8G       3.7G       125M       5.7M        27M       3.2G

MemTotal:        4016004 kB
MemFree:          126668 kB
Active:           375660 kB
Mem:          3.8G       3.7G       123M       5.7M        27M       3.3G

MemTotal:        4016004 kB
MemFree:          144368 kB
Active:           375636 kB
Mem:          3.8G       3.7G       140M       5.7M        27M       3.2G

MemTotal:        4016004 kB
MemFree:          142192 kB
Active:           376704 kB
Mem:          3.8G       3.7G       138M       5.7M        27M       3.2G

MemTotal:        4016004 kB
MemFree:          139124 kB
Active:           376664 kB
Mem:          3.8G       3.7G       135M       5.7M        27M       3.2G

MemTotal:        4016004 kB
MemFree:          138368 kB
Active:           376712 kB
Mem:          3.8G       3.7G       134M       5.7M        27M       3.2G

MemTotal:        4016004 kB
MemFree:          138200 kB
Active:           376732 kB
Mem:          3.8G       3.7G       134M       5.7M        27M       3.2G

MemTotal:        4016004 kB
MemFree:          137212 kB
Active:           376692 kB
Mem:          3.8G       3.7G       133M       5.7M        27M       3.2G

MemTotal:        4016004 kB
MemFree:          139276 kB
Active:           376744 kB
Mem:          3.8G       3.7G       135M       5.7M        27M       3.2G

MemTotal:        4016004 kB
MemFree:          116848 kB
Active:           376672 kB
Mem:          3.8G       3.7G       113M       5.7M        27M       3.3G

MemTotal:        4016004 kB
MemFree:          140632 kB
Active:           376672 kB
Mem:          3.8G       3.7G       137M       5.7M        27M       3.2G

MemTotal:        4016004 kB
MemFree:          121228 kB
Active:           376672 kB
Mem:          3.8G       3.7G       117M       5.7M        27M       3.3G

MemTotal:        4016004 kB
MemFree:          125108 kB
Active:           376664 kB
Mem:          3.8G       3.7G       122M       5.7M        27M       3.2G

MemTotal:        4016004 kB
MemFree:          110664 kB
Active:           376680 kB
Mem:          3.8G       3.7G       107M       5.7M        27M       3.3G

MemTotal:        4016004 kB
MemFree:          121860 kB
Active:           376652 kB
Mem:          3.8G       3.7G       118M       5.7M        27M       3.3G

MemTotal:        4016004 kB
MemFree:          136640 kB
Active:           376680 kB
Mem:          3.8G       3.7G       133M       5.7M        27M       3.2G

MemTotal:        4016004 kB
MemFree:          134164 kB
Active:           376508 kB
Mem:          3.8G       3.7G       131M       5.7M        27M       3.2G

MemTotal:        4016004 kB
MemFree:          130236 kB
Active:           376544 kB
Mem:          3.8G       3.7G       127M       5.7M        27M       3.2G

MemTotal:        4016004 kB
MemFree:          129008 kB
Active:           376536 kB
Mem:          3.8G       3.7G       126M       5.7M        27M       3.2G

MemTotal:        4016004 kB
MemFree:          127708 kB
Active:           376544 kB
Mem:          3.8G       3.7G       124M       5.7M        27M       3.2G

MemTotal:        4016004 kB
MemFree:          127652 kB
Active:           376568 kB
Mem:          3.8G       3.7G       124M       5.7M        27M       3.2G

MemTotal:        4016004 kB
MemFree:          128832 kB
Active:           376532 kB
Mem:          3.8G       3.7G       125M       5.7M        27M       3.2G

MemTotal:        4016004 kB
MemFree:          143600 kB
Active:           375772 kB
Mem:          3.8G       3.7G       139M       5.7M        27M       3.2G

MemTotal:        4016004 kB
MemFree:          115768 kB
Active:           376672 kB
Mem:          3.8G       3.7G       113M       5.7M        27M       3.3G

MemTotal:        4016004 kB
MemFree:          111964 kB
Active:           376540 kB
Mem:          3.8G       3.7G       108M       5.7M        27M       3.3G

MemTotal:        4016004 kB
MemFree:          140632 kB
Active:           376552 kB
Mem:          3.8G       3.7G       137M       5.7M        27M       3.2G

MemTotal:        4016004 kB
MemFree:          132772 kB
Active:           376564 kB
Mem:          3.8G       3.7G       129M       5.7M        27M       3.2G

MemTotal:        4016004 kB
MemFree:          126236 kB
Active:           376456 kB
Mem:          3.8G       3.7G       123M       5.7M        27M       3.2G

MemTotal:        4016004 kB
MemFree:          126880 kB
Active:           376428 kB
Mem:          3.8G       3.7G       123M       5.7M        27M       3.2G

MemTotal:        4016004 kB
MemFree:          126060 kB
Active:           376444 kB
Mem:          3.8G       3.7G       123M       5.7M        27M       3.2G

MemTotal:        4016004 kB
MemFree:          125440 kB
Active:           376420 kB
Mem:          3.8G       3.7G       121M       5.7M        27M       3.2G

MemTotal:        4016004 kB
MemFree:          123824 kB
Active:           376448 kB
Mem:          3.8G       3.7G       120M       5.7M        27M       3.2G

MemTotal:        4016004 kB
MemFree:          129548 kB
Active:           375904 kB
Mem:          3.8G       3.7G       125M       5.7M        27M       3.2G

MemTotal:        4016004 kB
MemFree:          125336 kB
Active:           375428 kB
Mem:          3.8G       3.7G       122M       5.7M        27M       3.2G

MemTotal:        4016004 kB
MemFree:          126952 kB
Active:           375324 kB
Mem:          3.8G       3.7G       123M       5.7M        27M       3.2G

MemTotal:        4016004 kB
MemFree:          150064 kB
Active:           370652 kB
Mem:          3.8G       3.7G       146M       5.7M        27M       3.2G

MemTotal:        4016004 kB
MemFree:          119612 kB
Active:           370444 kB
Mem:          3.8G       3.7G       116M       5.7M        27M       3.3G

MemTotal:        4016004 kB
MemFree:          135260 kB
Active:           370452 kB
Mem:          3.8G       3.7G       131M       5.7M        27M       3.2G

MemTotal:        4016004 kB
MemFree:          107516 kB
Active:           370452 kB
Mem:          3.8G       3.7G       104M       5.7M        27M       3.3G

MemTotal:        4016004 kB
MemFree:          130516 kB
Active:           370500 kB
Mem:          3.8G       3.7G       127M       5.7M        27M       3.2G

MemTotal:        4016004 kB
MemFree:          135660 kB
Active:           370500 kB
Mem:          3.8G       3.7G       132M       5.7M        27M       3.2G

MemTotal:        4016004 kB
MemFree:          134888 kB
Active:           370600 kB
Mem:          3.8G       3.7G       131M       5.7M        27M       3.2G

MemTotal:        4016004 kB
MemFree:          132232 kB
Active:           368568 kB
Mem:          3.8G       3.7G       128M       5.7M        27M       3.2G

MemTotal:        4016004 kB
MemFree:          130664 kB
Active:           370596 kB
Mem:          3.8G       3.7G       127M       5.7M        27M       3.2G

MemTotal:        4016004 kB
MemFree:          129356 kB
Active:           370480 kB
Mem:          3.8G       3.7G       125M       5.7M        27M       3.2G

MemTotal:        4016004 kB
MemFree:          131140 kB
Active:           366936 kB
Mem:          3.8G       3.7G       127M       5.7M        27M       3.2G

MemTotal:        4016004 kB
MemFree:          134428 kB
Active:           366700 kB
Mem:          3.8G       3.7G       130M       5.7M        27M       3.2G

MemTotal:        4016004 kB
MemFree:          145384 kB
Active:           366832 kB
Mem:          3.8G       3.7G       141M       5.7M        27M       3.2G

MemTotal:        4016004 kB
MemFree:          124020 kB
Active:           366716 kB
Mem:          3.8G       3.7G       120M       5.7M        27M       3.2G

MemTotal:        4016004 kB
MemFree:          145296 kB
Active:           359920 kB
Mem:          3.8G       3.7G       141M       5.7M        27M       3.2G

MemTotal:        4016004 kB
MemFree:          133792 kB
Active:           359652 kB
Mem:          3.8G       3.7G       130M       5.7M        27M       3.2G

MemTotal:        4016004 kB
MemFree:          114904 kB
Active:           359668 kB
Mem:          3.8G       3.7G       121M       5.7M        27M       3.2G

MemTotal:        4016004 kB
MemFree:          139304 kB
Active:           359528 kB
Mem:          3.8G       3.7G       135M       5.7M        27M       3.2G

MemTotal:        4016004 kB
MemFree:          137068 kB
Active:           359572 kB
Mem:          3.8G       3.7G       133M       5.7M        28M       3.2G

MemTotal:        4016004 kB
MemFree:          136636 kB
Active:           359572 kB
Mem:          3.8G       3.7G       132M       5.7M        28M       3.2G

MemTotal:        4016004 kB
MemFree:          135012 kB
Active:           359704 kB
Mem:          3.8G       3.7G       131M       5.7M        28M       3.2G

MemTotal:        4016004 kB
MemFree:          134012 kB
Active:           359664 kB
Mem:          3.8G       3.7G       130M       5.7M        28M       3.2G

MemTotal:        4016004 kB
MemFree:          130424 kB
Active:           359596 kB
Mem:          3.8G       3.7G       127M       5.7M        28M       3.2G

MemTotal:        4016004 kB
MemFree:          129828 kB
Active:           359052 kB
Mem:          3.8G       3.7G       126M       5.7M        28M       3.2G

MemTotal:        4016004 kB
MemFree:          140700 kB
Active:           358680 kB
Mem:          3.8G       3.7G       137M       5.7M        28M       3.2G

MemTotal:        4016004 kB
MemFree:          128592 kB
Active:           358732 kB
Mem:          3.8G       3.7G       125M       5.7M        28M       3.2G

MemTotal:        4016004 kB
MemFree:          145348 kB
Active:           358704 kB
Mem:          3.8G       3.7G       145M       5.7M        28M       3.2G

MemTotal:        4016004 kB
MemFree:          145872 kB
Active:           358784 kB
Mem:          3.8G       3.7G       142M       5.7M        28M       3.2G

MemTotal:        4016004 kB
MemFree:          150036 kB
Active:           358752 kB
Mem:          3.8G       3.7G       146M       5.7M        28M       3.2G

MemTotal:        4016004 kB
MemFree:          124192 kB
Active:           358724 kB
Mem:          3.8G       3.7G       121M       5.7M        28M       3.2G

MemTotal:        4016004 kB
MemFree:          123412 kB
Active:           358712 kB
Mem:          3.8G       3.7G       120M       5.7M        28M       3.2G

MemTotal:        4016004 kB
MemFree:          121616 kB
Active:           358696 kB
Mem:          3.8G       3.7G       119M       5.7M        28M       3.2G

MemTotal:        4016004 kB
MemFree:          120844 kB
Active:           358708 kB
Mem:          3.8G       3.7G       118M       5.7M        28M       3.2G

MemTotal:        4016004 kB
MemFree:          120044 kB
Active:           358828 kB
Mem:          3.8G       3.7G       117M       5.7M        28M       3.2G

MemTotal:        4016004 kB
MemFree:          131392 kB
Active:           355292 kB
Mem:          3.8G       3.7G       127M       5.7M        28M       3.2G

MemTotal:        4016004 kB
MemFree:          135044 kB
Active:           355244 kB
Mem:          3.8G       3.7G       131M       5.7M        28M       3.2G

MemTotal:        4016004 kB
MemFree:          135044 kB
Active:           355244 kB
Mem:          3.8G       3.7G       131M       5.7M        28M       3.2G

MemTotal:        4016004 kB
MemFree:          136752 kB
Active:           355224 kB
Mem:          3.8G       3.7G       133M       5.7M        28M       3.2G

MemTotal:        4016004 kB
MemFree:          141616 kB
Active:           354420 kB
Mem:          3.8G       3.7G       138M       5.7M        28M       3.2G

MemTotal:        4016004 kB
MemFree:          135820 kB
Active:           354376 kB
Mem:          3.8G       3.7G       132M       5.7M        28M       3.2G

MemTotal:        4016004 kB
MemFree:          147300 kB
Active:           354272 kB
Mem:          3.8G       3.7G       143M       5.7M        28M       3.2G

MemTotal:        4016004 kB
MemFree:          148228 kB
Active:           354312 kB
Mem:          3.8G       3.7G       144M       5.7M        28M       3.2G

MemTotal:        4016004 kB
MemFree:          147720 kB
Active:           354520 kB
Mem:          3.8G       3.7G       144M       5.7M        28M       3.2G

MemTotal:        4016004 kB
MemFree:          147580 kB
Active:           354424 kB
Mem:          3.8G       3.7G       144M       5.7M        28M       3.2G

MemTotal:        4016004 kB
MemFree:          148236 kB
Active:           354332 kB
Mem:          3.8G       3.7G       144M       5.7M        28M       3.2G

MemTotal:        4016004 kB
MemFree:          146444 kB
Active:           354428 kB
Mem:          3.8G       3.7G       143M       5.7M        28M       3.2G

MemTotal:        4016004 kB
MemFree:          130440 kB
Active:           354416 kB
Mem:          3.8G       3.7G       126M       5.7M        28M       3.2G

MemTotal:        4016004 kB
MemFree:          137328 kB
Active:           354432 kB
Mem:          3.8G       3.7G       133M       5.7M        28M       3.2G

MemTotal:        4016004 kB
MemFree:          136068 kB
Active:           352080 kB
Mem:          3.8G       3.7G       132M       5.7M        28M       3.2G

MemTotal:        4016004 kB
MemFree:          136116 kB
Active:           352084 kB
Mem:          3.8G       3.7G       132M       5.7M        28M       3.2G

MemTotal:        4016004 kB
MemFree:          120212 kB
Active:           352084 kB
Mem:          3.8G       3.7G       116M       5.7M        28M       3.2G

MemTotal:        4016004 kB
MemFree:          139776 kB
Active:           352096 kB
Mem:          3.8G       3.7G       136M       5.7M        28M       3.2G

MemTotal:        4016004 kB
MemFree:          126356 kB
Active:           352100 kB
Mem:          3.8G       3.7G       123M       5.7M        28M       3.2G

MemTotal:        4016004 kB
MemFree:          128224 kB
Active:           352100 kB
Mem:          3.8G       3.7G       124M       5.7M        28M       3.2G

MemTotal:        4016004 kB
MemFree:          135684 kB
Active:           352124 kB
Mem:          3.8G       3.7G       132M       5.7M        28M       3.2G

MemTotal:        4016004 kB
MemFree:          134788 kB
Active:           352124 kB
Mem:          3.8G       3.7G       131M       5.7M        28M       3.2G

MemTotal:        4016004 kB
MemFree:          132884 kB
Active:           352128 kB
Mem:          3.8G       3.7G       129M       5.7M        28M       3.2G

MemTotal:        4016004 kB
MemFree:          131744 kB
Active:           352132 kB
Mem:          3.8G       3.7G       128M       5.7M        28M       3.2G

MemTotal:        4016004 kB
MemFree:          121872 kB
Active:           352132 kB
Mem:          3.8G       3.7G       118M       5.7M        28M       3.2G

MemTotal:        4016004 kB
MemFree:          130868 kB
Active:           352140 kB
Mem:          3.8G       3.7G       127M       5.7M        28M       3.2G

MemTotal:        4016004 kB
MemFree:          143000 kB
Active:           349924 kB
Mem:          3.8G       3.7G       138M       5.7M        28M       3.2G

MemTotal:        4016004 kB
MemFree:          132260 kB
Active:           349944 kB
Mem:          3.8G       3.7G       129M       5.7M        28M       3.2G

MemTotal:        4016004 kB
MemFree:          127440 kB
Active:           349944 kB
Mem:          3.8G       3.7G       123M       5.7M        28M       3.2G

MemTotal:        4016004 kB
MemFree:          131224 kB
Active:           349944 kB
Mem:          3.8G       3.7G       127M       5.7M        28M       3.2G

MemTotal:        4016004 kB
MemFree:          138280 kB
Active:           349952 kB
Mem:          3.8G       3.7G       134M       5.7M        28M       3.2G

MemTotal:        4016004 kB
MemFree:          108612 kB
Active:           349908 kB
Mem:          3.8G       3.7G       106M       5.7M        28M       3.3G

MemTotal:        4016004 kB
MemFree:          105632 kB
Active:           349940 kB
Mem:          3.8G       3.7G       102M       5.7M        28M       3.3G

MemTotal:        4016004 kB
MemFree:          104704 kB
Active:           351984 kB
Mem:          3.8G       3.7G       107M       5.7M        28M       3.3G

MemTotal:        4016004 kB
MemFree:          127308 kB
Active:           352004 kB
Mem:          3.8G       3.7G       124M       5.7M        28M       3.2G

MemTotal:        4016004 kB
MemFree:          127872 kB
Active:           351996 kB
Mem:          3.8G       3.7G       125M       5.7M        28M       3.2G

MemTotal:        4016004 kB
MemFree:          108424 kB
Active:           351976 kB
Mem:          3.8G       3.7G       105M       5.7M        28M       3.3G

MemTotal:        4016004 kB
MemFree:          144716 kB
Active:           351984 kB
Mem:          3.8G       3.7G       141M       5.7M        28M       3.2G

MemTotal:        4016004 kB
MemFree:          136840 kB
Active:           349888 kB
Mem:          3.8G       3.7G       133M       5.7M        28M       3.2G

MemTotal:        4016004 kB
MemFree:          147264 kB
Active:           349888 kB
Mem:          3.8G       3.7G       143M       5.7M        28M       3.2G

MemTotal:        4016004 kB
MemFree:          135148 kB
Active:           349856 kB
Mem:          3.8G       3.7G       131M       5.7M        28M       3.2G

MemTotal:        4016004 kB
MemFree:          136984 kB
Active:           349880 kB
Mem:          3.8G       3.7G       133M       5.7M        28M       3.2G

MemTotal:        4016004 kB
MemFree:          137928 kB
Active:           349276 kB
Mem:          3.8G       3.7G       134M       5.7M        28M       3.2G

MemTotal:        4016004 kB
MemFree:          136888 kB
Active:           351244 kB
Mem:          3.8G       3.7G       133M       5.7M        28M       3.2G

MemTotal:        4016004 kB
MemFree:          135896 kB
Active:           351256 kB
Mem:          3.8G       3.7G       132M       5.7M        28M       3.2G

MemTotal:        4016004 kB
MemFree:          134504 kB
Active:           351276 kB
Mem:          3.8G       3.7G       131M       5.7M        28M       3.2G

MemTotal:        4016004 kB
MemFree:          133256 kB
Active:           351232 kB
Mem:          3.8G       3.7G       130M       5.7M        28M       3.2G

MemTotal:        4016004 kB
MemFree:          105356 kB
Active:           351280 kB
Mem:          3.8G       3.7G       102M       5.7M        28M       3.3G

MemTotal:        4016004 kB
MemFree:          128684 kB
Active:           350136 kB
Mem:          3.8G       3.7G       125M       5.7M        28M       3.2G

MemTotal:        4016004 kB
MemFree:          139864 kB
Active:           350088 kB
Mem:          3.8G       3.7G       135M       5.7M        28M       3.2G

MemTotal:        4016004 kB
MemFree:          136300 kB
Active:           350096 kB
Mem:          3.8G       3.7G       132M       5.7M        28M       3.2G

MemTotal:        4016004 kB
MemFree:          143224 kB
Active:           350012 kB
Mem:          3.8G       3.7G       139M       5.7M        28M       3.2G

MemTotal:        4016004 kB
MemFree:          128220 kB
Active:           349664 kB
Mem:          3.8G       3.7G       125M       5.7M        28M       3.2G

MemTotal:        4016004 kB
MemFree:          128096 kB
Active:           351680 kB
Mem:          3.8G       3.7G       125M       5.7M        28M       3.2G

MemTotal:        4016004 kB
MemFree:          128096 kB
Active:           351708 kB
Mem:          3.8G       3.7G       125M       5.7M        28M       3.2G

MemTotal:        4016004 kB
MemFree:          128220 kB
Active:           351680 kB
Mem:          3.8G       3.7G       125M       5.7M        28M       3.2G

MemTotal:        4016004 kB
MemFree:          127860 kB
Active:           351740 kB
Mem:          3.8G       3.7G       124M       5.7M        28M       3.2G

MemTotal:        4016004 kB
MemFree:          127796 kB
Active:           351736 kB
Mem:          3.8G       3.7G       124M       5.7M        28M       3.2G

MemTotal:        4016004 kB
MemFree:          127984 kB
Active:           351732 kB
Mem:          3.8G       3.7G       125M       5.7M        28M       3.2G

MemTotal:        4016004 kB
MemFree:          128172 kB
Active:           351748 kB
Mem:          3.8G       3.7G       125M       5.7M        28M       3.2G

MemTotal:        4016004 kB
MemFree:          128312 kB
Active:           351716 kB
Mem:          3.8G       3.7G       125M       5.7M        28M       3.2G

MemTotal:        4016004 kB
MemFree:          128684 kB
Active:           351716 kB
Mem:          3.8G       3.7G       125M       5.7M        28M       3.2G

MemTotal:        4016004 kB
MemFree:          128436 kB
Active:           351744 kB
Mem:          3.8G       3.7G       125M       5.7M        28M       3.2G

MemTotal:        4016004 kB
MemFree:          128312 kB
Active:           351712 kB
Mem:          3.8G       3.7G       125M       5.7M        28M       3.2G

MemTotal:        4016004 kB
MemFree:          128560 kB
Active:           351720 kB
Mem:          3.8G       3.7G       125M       5.7M        28M       3.2G

MemTotal:        4016004 kB
MemFree:          128560 kB
Active:           351744 kB
Mem:          3.8G       3.7G       125M       5.7M        28M       3.2G

MemTotal:        4016004 kB
MemFree:          128064 kB
Active:           351768 kB
Mem:          3.8G       3.7G       125M       5.7M        28M       3.2G

MemTotal:        4016004 kB
MemFree:          128436 kB
Active:           351740 kB
Mem:          3.8G       3.7G       125M       5.7M        28M       3.2G

MemTotal:        4016004 kB
MemFree:          128436 kB
Active:           351756 kB
Mem:          3.8G       3.7G       125M       5.7M        28M       3.2G

MemTotal:        4016004 kB
MemFree:          128560 kB
Active:           351728 kB
Mem:          3.8G       3.7G       125M       5.7M        28M       3.2G

MemTotal:        4016004 kB
MemFree:          128436 kB
Active:           351780 kB
Mem:          3.8G       3.7G       125M       5.7M        28M       3.2G

MemTotal:        4016004 kB
MemFree:          128808 kB
Active:           351748 kB
Mem:          3.8G       3.7G       125M       5.7M        28M       3.2G

MemTotal:        4016004 kB
MemFree:          128808 kB
Active:           351728 kB
Mem:          3.8G       3.7G       125M       5.7M        28M       3.2G

MemTotal:        4016004 kB
MemFree:          128808 kB
Active:           351748 kB
Mem:          3.8G       3.7G       125M       5.7M        28M       3.2G

MemTotal:        4016004 kB
MemFree:          128436 kB
Active:           351780 kB
Mem:          3.8G       3.7G       125M       5.7M        28M       3.2G

MemTotal:        4016004 kB
MemFree:          128684 kB
Active:           351792 kB
Mem:          3.8G       3.7G       125M       5.7M        28M       3.2G

MemTotal:        4016004 kB
MemFree:          128064 kB
Active:           351800 kB
Mem:          3.8G       3.7G       125M       5.7M        28M       3.2G

MemTotal:        4016004 kB
MemFree:          128188 kB
Active:           351800 kB
Mem:          3.8G       3.7G       125M       5.7M        28M       3.2G

MemTotal:        4016004 kB
MemFree:          128436 kB
Active:           351780 kB
Mem:          3.8G       3.7G       125M       5.7M        28M       3.2G

MemTotal:        4016004 kB
MemFree:          128808 kB
Active:           351760 kB
Mem:          3.8G       3.7G       125M       5.7M        28M       3.2G

MemTotal:        4016004 kB
MemFree:          128560 kB
Active:           351804 kB
Mem:          3.8G       3.7G       125M       5.7M        28M       3.2G

MemTotal:        4016004 kB
MemFree:          128560 kB
Active:           351788 kB
Mem:          3.8G       3.7G       125M       5.7M        28M       3.2G

MemTotal:        4016004 kB
MemFree:          126636 kB
Active:           351788 kB
Mem:          3.8G       3.7G       123M       5.7M        28M       3.2G

MemTotal:        4016004 kB
MemFree:          126140 kB
Active:           353828 kB
Mem:          3.8G       3.7G       123M       5.7M        28M       3.2G

MemTotal:        4016004 kB
MemFree:          126388 kB
Active:           353792 kB
Mem:          3.8G       3.7G       123M       5.7M        28M       3.2G

MemTotal:        4016004 kB
MemFree:          126512 kB
Active:           353808 kB
Mem:          3.8G       3.7G       123M       5.7M        28M       3.2G

MemTotal:        4016004 kB
MemFree:          126388 kB
Active:           353824 kB
Mem:          3.8G       3.7G       123M       5.7M        28M       3.2G

MemTotal:        4016004 kB
MemFree:          126264 kB
Active:           353832 kB
Mem:          3.8G       3.7G       123M       5.7M        28M       3.2G

MemTotal:        4016004 kB
MemFree:          125892 kB
Active:           353788 kB
Mem:          3.8G       3.7G       122M       5.7M        28M       3.2G

MemTotal:        4016004 kB
MemFree:          125892 kB
Active:           353824 kB
Mem:          3.8G       3.7G       122M       5.7M        28M       3.2G

MemTotal:        4016004 kB
MemFree:          126032 kB
Active:           353840 kB
Mem:          3.8G       3.7G       123M       5.7M        28M       3.2G

MemTotal:        4016004 kB
MemFree:          126032 kB
Active:           353840 kB
Mem:          3.8G       3.7G       123M       5.7M        28M       3.2G

MemTotal:        4016004 kB
MemFree:          126528 kB
Active:           353804 kB
Mem:          3.8G       3.7G       123M       5.7M        28M       3.2G

MemTotal:        4016004 kB
MemFree:          126280 kB
Active:           353808 kB
Mem:          3.8G       3.7G       123M       5.7M        28M       3.2G

MemTotal:        4016004 kB
MemFree:          126280 kB
Active:           353828 kB
Mem:          3.8G       3.7G       123M       5.7M        28M       3.2G

MemTotal:        4016004 kB
MemFree:          126528 kB
Active:           353836 kB
Mem:          3.8G       3.7G       123M       5.7M        28M       3.2G

MemTotal:        4016004 kB
MemFree:          126652 kB
Active:           353796 kB
Mem:          3.8G       3.7G       123M       5.7M        28M       3.2G

MemTotal:        4016004 kB
MemFree:          126404 kB
Active:           353832 kB
Mem:          3.8G       3.7G       123M       5.7M        28M       3.2G

MemTotal:        4016004 kB
MemFree:          126404 kB
Active:           353820 kB
Mem:          3.8G       3.7G       123M       5.7M        28M       3.2G

MemTotal:        4016004 kB
MemFree:          126404 kB
Active:           353832 kB
Mem:          3.8G       3.7G       123M       5.7M        28M       3.2G

MemTotal:        4016004 kB
MemFree:          126652 kB
Active:           353844 kB
Mem:          3.8G       3.7G       123M       5.7M        28M       3.2G

MemTotal:        4016004 kB
MemFree:          126156 kB
Active:           353864 kB
Mem:          3.8G       3.7G       123M       5.7M        28M       3.2G

MemTotal:        4016004 kB
MemFree:          126032 kB
Active:           353864 kB
Mem:          3.8G       3.7G       123M       5.7M        28M       3.2G

MemTotal:        4016004 kB
MemFree:          126652 kB
Active:           353824 kB
Mem:          3.8G       3.7G       123M       5.7M        28M       3.2G

MemTotal:        4016004 kB
MemFree:          125784 kB
Active:           353880 kB
Mem:          3.8G       3.7G       122M       5.7M        28M       3.2G

MemTotal:        4016004 kB
MemFree:          126156 kB
Active:           353864 kB
Mem:          3.8G       3.7G       123M       5.7M        28M       3.2G

MemTotal:        4016004 kB
MemFree:          126156 kB
Active:           353864 kB
Mem:          3.8G       3.7G       123M       5.7M        28M       3.2G

MemTotal:        4016004 kB
MemFree:          125908 kB
Active:           353888 kB
Mem:          3.8G       3.7G       123M       5.7M        28M       3.2G

MemTotal:        4016004 kB
MemFree:          126032 kB
Active:           353840 kB
Mem:          3.8G       3.7G       123M       5.7M        28M       3.2G

MemTotal:        4016004 kB
MemFree:          126032 kB
Active:           353884 kB
Mem:          3.8G       3.7G       123M       5.7M        28M       3.2G

MemTotal:        4016004 kB
MemFree:          126156 kB
Active:           353848 kB
Mem:          3.8G       3.7G       122M       5.7M        28M       3.2G

MemTotal:        4016004 kB
MemFree:          126156 kB
Active:           353868 kB
Mem:          3.8G       3.7G       123M       5.7M        28M       3.2G

MemTotal:        4016004 kB
MemFree:          124232 kB
Active:           353840 kB
Mem:          3.8G       3.7G       121M       5.7M        28M       3.2G

MemTotal:        4016004 kB
MemFree:          124356 kB
Active:           355904 kB
Mem:          3.8G       3.7G       121M       5.7M        28M       3.2G

MemTotal:        4016004 kB
MemFree:          124356 kB
Active:           355900 kB
Mem:          3.8G       3.7G       121M       5.7M        28M       3.2G

MemTotal:        4016004 kB
MemFree:          124356 kB
Active:           355868 kB
Mem:          3.8G       3.7G       121M       5.7M        28M       3.2G

MemTotal:        4016004 kB
MemFree:          124604 kB
Active:           355880 kB
Mem:          3.8G       3.7G       121M       5.7M        28M       3.2G

MemTotal:        4016004 kB
MemFree:          124728 kB
Active:           355904 kB
Mem:          3.8G       3.7G       121M       5.7M        28M       3.2G

MemTotal:        4016004 kB
MemFree:          124356 kB
Active:           355920 kB
Mem:          3.8G       3.7G       121M       5.7M        28M       3.2G

MemTotal:        4016004 kB
MemFree:          124356 kB
Active:           355892 kB
Mem:          3.8G       3.7G       121M       5.7M        28M       3.2G

MemTotal:        4016004 kB
MemFree:          124480 kB
Active:           355908 kB
Mem:          3.8G       3.7G       121M       5.7M        28M       3.2G

MemTotal:        4016004 kB
MemFree:          124108 kB
Active:           355884 kB
Mem:          3.8G       3.7G       121M       5.7M        28M       3.2G

MemTotal:        4016004 kB
MemFree:          123736 kB
Active:           355928 kB
Mem:          3.8G       3.7G       121M       5.7M        28M       3.2G

MemTotal:        4016004 kB
MemFree:          123984 kB
Active:           355916 kB
Mem:          3.8G       3.7G       121M       5.7M        28M       3.2G

MemTotal:        4016004 kB
MemFree:          124356 kB
Active:           355888 kB
Mem:          3.8G       3.7G       121M       5.7M        28M       3.2G

MemTotal:        4016004 kB
MemFree:          124852 kB
Active:           355912 kB
Mem:          3.8G       3.7G       121M       5.7M        28M       3.2G

MemTotal:        4016004 kB
MemFree:          124356 kB
Active:           355936 kB
Mem:          3.8G       3.7G       121M       5.7M        28M       3.2G

MemTotal:        4016004 kB
MemFree:          124356 kB
Active:           355924 kB
Mem:          3.8G       3.7G       121M       5.7M        28M       3.2G

MemTotal:        4016004 kB
MemFree:          124480 kB
Active:           355932 kB
Mem:          3.8G       3.7G       121M       5.7M        28M       3.2G

MemTotal:        4016004 kB
MemFree:          124480 kB
Active:           355904 kB
Mem:          3.8G       3.7G       121M       5.7M        28M       3.2G

MemTotal:        4016004 kB
MemFree:          124604 kB
Active:           355880 kB
Mem:          3.8G       3.7G       121M       5.7M        28M       3.2G

MemTotal:        4016004 kB
MemFree:          124480 kB
Active:           355904 kB
Mem:          3.8G       3.7G       121M       5.7M        28M       3.2G

MemTotal:        4016004 kB
MemFree:          124604 kB
Active:           355932 kB
Mem:          3.8G       3.7G       121M       5.7M        28M       3.2G

MemTotal:        4016004 kB
MemFree:          124480 kB
Active:           355904 kB
Mem:          3.8G       3.7G       121M       5.7M        28M       3.2G

MemTotal:        4016004 kB
MemFree:          124480 kB
Active:           355920 kB
Mem:          3.8G       3.7G       121M       5.7M        28M       3.2G

MemTotal:        4016004 kB
MemFree:          124480 kB
Active:           355924 kB
Mem:          3.8G       3.7G       121M       5.7M        28M       3.2G

MemTotal:        4016004 kB
MemFree:          124108 kB
Active:           355944 kB
Mem:          3.8G       3.7G       121M       5.7M        28M       3.2G

MemTotal:        4016004 kB
MemFree:          123612 kB
Active:           355944 kB
Mem:          3.8G       3.7G       120M       5.7M        28M       3.2G

MemTotal:        4016004 kB
MemFree:          123364 kB
Active:           355920 kB
Mem:          3.8G       3.7G       120M       5.7M        28M       3.2G

MemTotal:        4016004 kB
MemFree:          123612 kB
Active:           355924 kB
Mem:          3.8G       3.7G       120M       5.7M        28M       3.2G

MemTotal:        4016004 kB
MemFree:          123736 kB
Active:           355932 kB
Mem:          3.8G       3.7G       120M       5.7M        28M       3.2G

MemTotal:        4016004 kB
MemFree:          123612 kB
Active:           355944 kB
Mem:          3.8G       3.7G       120M       5.7M        28M       3.2G

MemTotal:        4016004 kB
MemFree:          123612 kB
Active:           355920 kB
Mem:          3.8G       3.7G       120M       5.7M        28M       3.2G

MemTotal:        4016004 kB
MemFree:          123364 kB
Active:           355952 kB
Mem:          3.8G       3.7G       120M       5.7M        28M       3.2G

MemTotal:        4016004 kB
MemFree:          123736 kB
Active:           355904 kB
Mem:          3.8G       3.7G       120M       5.7M        28M       3.2G

MemTotal:        4016004 kB
MemFree:          123736 kB
Active:           355928 kB
Mem:          3.8G       3.7G       120M       5.7M        28M       3.2G

MemTotal:        4016004 kB
MemFree:          123488 kB
Active:           355952 kB
Mem:          3.8G       3.7G       120M       5.7M        28M       3.2G

MemTotal:        4016004 kB
MemFree:          123860 kB
Active:           355900 kB
Mem:          3.8G       3.7G       120M       5.7M        28M       3.2G

MemTotal:        4016004 kB
MemFree:          123240 kB
Active:           355956 kB
Mem:          3.8G       3.7G       120M       5.7M        28M       3.2G

MemTotal:        4016004 kB
MemFree:          123736 kB
Active:           355948 kB
Mem:          3.8G       3.7G       120M       5.7M        28M       3.2G

MemTotal:        4016004 kB
MemFree:          123488 kB
Active:           355904 kB
Mem:          3.8G       3.7G       120M       5.7M        28M       3.2G

MemTotal:        4016004 kB
MemFree:          123488 kB
Active:           355912 kB
Mem:          3.8G       3.7G       120M       5.7M        28M       3.2G

MemTotal:        4016004 kB
MemFree:          122920 kB
Active:           354000 kB
Mem:          3.8G       3.7G       120M       5.7M        28M       3.2G

MemTotal:        4016004 kB
MemFree:          123548 kB
Active:           355984 kB
Mem:          3.8G       3.7G       120M       5.7M        28M       3.2G

MemTotal:        4016004 kB
MemFree:          123548 kB
Active:           355992 kB
Mem:          3.8G       3.7G       120M       5.7M        28M       3.2G

MemTotal:        4016004 kB
MemFree:          123548 kB
Active:           355956 kB
Mem:          3.8G       3.7G       120M       5.7M        28M       3.2G

MemTotal:        4016004 kB
MemFree:          123424 kB
Active:           355984 kB
Mem:          3.8G       3.7G       120M       5.7M        28M       3.2G

MemTotal:        4016004 kB
MemFree:          123796 kB
Active:           355948 kB
Mem:          3.8G       3.7G       120M       5.7M        28M       3.2G

MemTotal:        4016004 kB
MemFree:          123548 kB
Active:           355964 kB
Mem:          3.8G       3.7G       120M       5.7M        28M       3.2G

MemTotal:        4016004 kB
MemFree:          123548 kB
Active:           355972 kB
Mem:          3.8G       3.7G       120M       5.7M        28M       3.2G

MemTotal:        4016004 kB
MemFree:          123672 kB
Active:           355992 kB
Mem:          3.8G       3.7G       120M       5.7M        28M       3.2G

MemTotal:        4016004 kB
MemFree:          123672 kB
Active:           355996 kB
Mem:          3.8G       3.7G       120M       5.7M        28M       3.2G

MemTotal:        4016004 kB
MemFree:          123424 kB
Active:           356016 kB
Mem:          3.8G       3.7G       120M       5.7M        28M       3.2G

MemTotal:        4016004 kB
MemFree:          123672 kB
Active:           355968 kB
Mem:          3.8G       3.7G       120M       5.7M        28M       3.2G

MemTotal:        4016004 kB
MemFree:          123672 kB
Active:           355976 kB
Mem:          3.8G       3.7G       120M       5.7M        28M       3.2G

MemTotal:        4016004 kB
MemFree:          123672 kB
Active:           355980 kB
Mem:          3.8G       3.7G       120M       5.7M        28M       3.2G

MemTotal:        4016004 kB
MemFree:          123672 kB
Active:           355972 kB
Mem:          3.8G       3.7G       120M       5.7M        28M       3.2G

MemTotal:        4016004 kB
MemFree:          123300 kB
Active:           356028 kB
Mem:          3.8G       3.7G       120M       5.7M        28M       3.2G

MemTotal:        4016004 kB
MemFree:          123672 kB
Active:           355996 kB
Mem:          3.8G       3.7G       120M       5.7M        28M       3.2G

MemTotal:        4016004 kB
MemFree:          123672 kB
Active:           356008 kB
Mem:          3.8G       3.7G       120M       5.7M        28M       3.2G

MemTotal:        4016004 kB
MemFree:          123300 kB
Active:           356028 kB
Mem:          3.8G       3.7G       120M       5.7M        28M       3.2G

MemTotal:        4016004 kB
MemFree:          123672 kB
Active:           356000 kB
Mem:          3.8G       3.7G       120M       5.7M        28M       3.2G

MemTotal:        4016004 kB
MemFree:          121624 kB
Active:           356000 kB
Mem:          3.8G       3.7G       118M       5.7M        28M       3.2G

MemTotal:        4016004 kB
MemFree:          121748 kB
Active:           358000 kB
Mem:          3.8G       3.7G       118M       5.7M        28M       3.2G

MemTotal:        4016004 kB
MemFree:          121748 kB
Active:           358008 kB
Mem:          3.8G       3.7G       118M       5.7M        28M       3.2G

MemTotal:        4016004 kB
MemFree:          121624 kB
Active:           358020 kB
Mem:          3.8G       3.7G       118M       5.7M        28M       3.2G

MemTotal:        4016004 kB
MemFree:          121748 kB
Active:           358040 kB
Mem:          3.8G       3.7G       118M       5.7M        28M       3.2G

MemTotal:        4016004 kB
MemFree:          121376 kB
Active:           358060 kB
Mem:          3.8G       3.7G       118M       5.7M        28M       3.2G

MemTotal:        4016004 kB
MemFree:          121624 kB
Active:           358028 kB
Mem:          3.8G       3.7G       118M       5.7M        28M       3.2G

MemTotal:        4016004 kB
MemFree:          121624 kB
Active:           358012 kB
Mem:          3.8G       3.7G       118M       5.7M        28M       3.2G

MemTotal:        4016004 kB
MemFree:          121624 kB
Active:           358048 kB
Mem:          3.8G       3.7G       118M       5.7M        28M       3.2G

MemTotal:        4016004 kB
MemFree:          121624 kB
Active:           358024 kB
Mem:          3.8G       3.7G       118M       5.7M        28M       3.2G

MemTotal:        4016004 kB
MemFree:          119700 kB
Active:           358044 kB
Mem:          3.8G       3.7G       116M       5.7M        28M       3.2G

MemTotal:        4016004 kB
MemFree:          119328 kB
Active:           360116 kB
Mem:          3.8G       3.7G       116M       5.7M        28M       3.2G

MemTotal:        4016004 kB
MemFree:          119576 kB
Active:           360068 kB
Mem:          3.8G       3.7G       116M       5.7M        28M       3.2G

MemTotal:        4016004 kB
MemFree:          119576 kB
Active:           360104 kB
Mem:          3.8G       3.7G       116M       5.7M        28M       3.2G

MemTotal:        4016004 kB
MemFree:          119204 kB
Active:           360116 kB
Mem:          3.8G       3.7G       116M       5.7M        28M       3.2G

MemTotal:        4016004 kB
MemFree:          119452 kB
Active:           360088 kB
Mem:          3.8G       3.7G       116M       5.7M        28M       3.2G

MemTotal:        4016004 kB
MemFree:          119328 kB
Active:           360120 kB
Mem:          3.8G       3.7G       116M       5.7M        28M       3.2G

MemTotal:        4016004 kB
MemFree:          119576 kB
Active:           360076 kB
Mem:          3.8G       3.7G       116M       5.7M        28M       3.2G

MemTotal:        4016004 kB
MemFree:          119700 kB
Active:           360124 kB
Mem:          3.8G       3.7G       116M       5.7M        28M       3.2G

MemTotal:        4016004 kB
MemFree:          119328 kB
Active:           360088 kB
Mem:          3.8G       3.7G       116M       5.7M        28M       3.2G

MemTotal:        4016004 kB
MemFree:          119452 kB
Active:           360108 kB
Mem:          3.8G       3.7G       116M       5.7M        28M       3.2G

MemTotal:        4016004 kB
MemFree:          119452 kB
Active:           360076 kB
Mem:          3.8G       3.7G       116M       5.7M        28M       3.2G

MemTotal:        4016004 kB
MemFree:          119576 kB
Active:           360092 kB
Mem:          3.8G       3.7G       116M       5.7M        28M       3.2G

MemTotal:        4016004 kB
MemFree:          119576 kB
Active:           360128 kB
Mem:          3.8G       3.7G       116M       5.7M        28M       3.2G

MemTotal:        4016004 kB
MemFree:          119204 kB
Active:           360136 kB
Mem:          3.8G       3.7G       116M       5.7M        28M       3.2G

MemTotal:        4016004 kB
MemFree:          119576 kB
Active:           360088 kB
Mem:          3.8G       3.7G       116M       5.7M        28M       3.2G

MemTotal:        4016004 kB
MemFree:          119576 kB
Active:           360132 kB
Mem:          3.8G       3.7G       116M       5.7M        28M       3.2G

MemTotal:        4016004 kB
MemFree:          119576 kB
Active:           360092 kB
Mem:          3.8G       3.7G       116M       5.7M        28M       3.2G

MemTotal:        4016004 kB
MemFree:          119080 kB
Active:           360140 kB
Mem:          3.8G       3.7G       116M       5.7M        28M       3.2G

MemTotal:        4016004 kB
MemFree:          119452 kB
Active:           360112 kB
Mem:          3.8G       3.7G       116M       5.7M        28M       3.2G

MemTotal:        4016004 kB
MemFree:          119576 kB
Active:           360092 kB
Mem:          3.8G       3.7G       116M       5.7M        28M       3.2G

MemTotal:        4016004 kB
MemFree:          119576 kB
Active:           360120 kB
Mem:          3.8G       3.7G       116M       5.7M        28M       3.2G

MemTotal:        4016004 kB
MemFree:          119328 kB
Active:           360144 kB
Mem:          3.8G       3.7G       116M       5.7M        28M       3.2G

MemTotal:        4016004 kB
MemFree:          119576 kB
Active:           360088 kB
Mem:          3.8G       3.7G       116M       5.7M        28M       3.2G

MemTotal:        4016004 kB
MemFree:          119700 kB
Active:           360104 kB
Mem:          3.8G       3.7G       116M       5.7M        28M       3.2G

MemTotal:        4016004 kB
MemFree:          119204 kB
Active:           360148 kB
Mem:          3.8G       3.7G       116M       5.7M        28M       3.2G

MemTotal:        4016004 kB
MemFree:          119576 kB
Active:           360116 kB
Mem:          3.8G       3.7G       116M       5.7M        28M       3.2G

MemTotal:        4016004 kB
MemFree:          119452 kB
Active:           360140 kB
Mem:          3.8G       3.7G       116M       5.7M        28M       3.2G

MemTotal:        4016004 kB
MemFree:          119080 kB
Active:           360160 kB
Mem:          3.8G       3.7G       116M       5.7M        28M       3.2G

MemTotal:        4016004 kB
MemFree:          119328 kB
Active:           360108 kB
Mem:          3.8G       3.7G       116M       5.7M        28M       3.2G

MemTotal:        4016004 kB
MemFree:          119328 kB
Active:           360136 kB
Mem:          3.8G       3.7G       116M       5.7M        28M       3.2G

MemTotal:        4016004 kB
MemFree:          119328 kB
Active:           360116 kB
Mem:          3.8G       3.7G       116M       5.7M        28M       3.2G

MemTotal:        4016004 kB
MemFree:          119452 kB
Active:           360136 kB
Mem:          3.8G       3.7G       116M       5.7M        28M       3.2G

MemTotal:        4016004 kB
MemFree:          119452 kB
Active:           360172 kB
Mem:          3.8G       3.7G       116M       5.7M        28M       3.2G

MemTotal:        4016004 kB
MemFree:          119452 kB
Active:           360176 kB
Mem:          3.8G       3.7G       116M       5.7M        28M       3.2G

MemTotal:        4016004 kB
MemFree:          119576 kB
Active:           360140 kB
Mem:          3.8G       3.7G       116M       5.7M        28M       3.2G

MemTotal:        4016004 kB
MemFree:          119576 kB
Active:           360168 kB
Mem:          3.8G       3.7G       116M       5.7M        28M       3.2G

MemTotal:        4016004 kB
MemFree:          119700 kB
Active:           360136 kB
Mem:          3.8G       3.7G       116M       5.7M        28M       3.2G

MemTotal:        4016004 kB
MemFree:          119700 kB
Active:           360172 kB
Mem:          3.8G       3.7G       116M       5.7M        28M       3.2G

MemTotal:        4016004 kB
MemFree:          119204 kB
Active:           360196 kB
Mem:          3.8G       3.7G       116M       5.7M        28M       3.2G

MemTotal:        4016004 kB
MemFree:          119452 kB
Active:           360180 kB
Mem:          3.8G       3.7G       116M       5.7M        28M       3.2G

MemTotal:        4016004 kB
MemFree:          119328 kB
Active:           360140 kB
Mem:          3.8G       3.7G       116M       5.7M        28M       3.2G

MemTotal:        4016004 kB
MemFree:          119080 kB
Active:           360200 kB
Mem:          3.8G       3.7G       116M       5.7M        28M       3.2G

MemTotal:        4016004 kB
MemFree:          119328 kB
Active:           360160 kB
Mem:          3.8G       3.7G       116M       5.7M        28M       3.2G

MemTotal:        4016004 kB
MemFree:          119452 kB
Active:           360180 kB
Mem:          3.8G       3.7G       116M       5.7M        28M       3.2G

MemTotal:        4016004 kB
MemFree:          119452 kB
Active:           360196 kB
Mem:          3.8G       3.7G       116M       5.7M        28M       3.2G

MemTotal:        4016004 kB
MemFree:          119576 kB
Active:           360164 kB
Mem:          3.8G       3.7G       116M       5.7M        28M       3.2G

MemTotal:        4016004 kB
MemFree:          119576 kB
Active:           360184 kB
Mem:          3.8G       3.7G       116M       5.7M        28M       3.2G

MemTotal:        4016004 kB
MemFree:          119452 kB
Active:           360200 kB
Mem:          3.8G       3.7G       116M       5.7M        28M       3.2G

MemTotal:        4016004 kB
MemFree:          119204 kB
Active:           360212 kB
Mem:          3.8G       3.7G       116M       5.7M        28M       3.2G

MemTotal:        4016004 kB
MemFree:          119080 kB
Active:           360212 kB
Mem:          3.8G       3.7G       116M       5.7M        28M       3.2G

MemTotal:        4016004 kB
MemFree:          119452 kB
Active:           360160 kB
Mem:          3.8G       3.7G       116M       5.7M        28M       3.2G

MemTotal:        4016004 kB
MemFree:          118832 kB
Active:           360240 kB
Mem:          3.8G       3.7G       116M       5.7M        28M       3.2G

MemTotal:        4016004 kB
MemFree:          119204 kB
Active:           360228 kB
Mem:          3.8G       3.7G       116M       5.7M        28M       3.2G

MemTotal:        4016004 kB
MemFree:          119220 kB
Active:           360208 kB
Mem:          3.8G       3.7G       116M       5.7M        28M       3.2G

MemTotal:        4016004 kB
MemFree:          119220 kB
Active:           360384 kB
Mem:          3.8G       3.7G       116M       5.7M        28M       3.2G

MemTotal:        4016004 kB
MemFree:          118832 kB
Active:           360304 kB
Mem:          3.8G       3.7G       116M       5.7M        28M       3.2G

