MemTotal:        4016004 kB
MemFree:         3217808 kB
Active:           443148 kB
Mem:          3.8G       779M       3.1G       5.7M        54M       327M

MemTotal:        4016004 kB
MemFree:         3219008 kB
Active:           443300 kB
Mem:          3.8G       778M       3.1G       5.7M        54M       327M

MemTotal:        4016004 kB
MemFree:         3218372 kB
Active:           443424 kB
Mem:          3.8G       778M       3.1G       5.7M        54M       327M

MemTotal:        4016004 kB
MemFree:         3218760 kB
Active:           443412 kB
Mem:          3.8G       778M       3.1G       5.7M        54M       327M

MemTotal:        4016004 kB
MemFree:         3219240 kB
Active:           443388 kB
Mem:          3.8G       778M       3.1G       5.7M        54M       327M

MemTotal:        4016004 kB
MemFree:         3218936 kB
Active:           443400 kB
Mem:          3.8G       778M       3.1G       5.7M        54M       327M

MemTotal:        4016004 kB
MemFree:         3219152 kB
Active:           443388 kB
Mem:          3.8G       778M       3.1G       5.7M        54M       327M

MemTotal:        4016004 kB
MemFree:         3219244 kB
Active:           443384 kB
Mem:          3.8G       778M       3.1G       5.7M        54M       327M

MemTotal:        4016004 kB
MemFree:         3218624 kB
Active:           443436 kB
Mem:          3.8G       778M       3.1G       5.7M        54M       327M

MemTotal:        4016004 kB
MemFree:         3218624 kB
Active:           443436 kB
Mem:          3.8G       778M       3.1G       5.7M        54M       327M

MemTotal:        4016004 kB
MemFree:         3218624 kB
Active:           443436 kB
Mem:          3.8G       778M       3.1G       5.7M        54M       327M

MemTotal:        4016004 kB
MemFree:         3218500 kB
Active:           443440 kB
Mem:          3.8G       778M       3.1G       5.7M        54M       327M

MemTotal:        4016004 kB
MemFree:         3218872 kB
Active:           443408 kB
Mem:          3.8G       778M       3.1G       5.7M        54M       327M

MemTotal:        4016004 kB
MemFree:         3218872 kB
Active:           443412 kB
Mem:          3.8G       778M       3.1G       5.7M        54M       327M

MemTotal:        4016004 kB
MemFree:         3218252 kB
Active:           443452 kB
Mem:          3.8G       778M       3.1G       5.7M        54M       327M

MemTotal:        4016004 kB
MemFree:         3218160 kB
Active:           443444 kB
Mem:          3.8G       778M       3.1G       5.7M        54M       327M

MemTotal:        4016004 kB
MemFree:         3218656 kB
Active:           443408 kB
Mem:          3.8G       778M       3.1G       5.7M        54M       327M

MemTotal:        4016004 kB
MemFree:         3219028 kB
Active:           443416 kB
Mem:          3.8G       778M       3.1G       5.7M        54M       327M

MemTotal:        4016004 kB
MemFree:         3218408 kB
Active:           443444 kB
Mem:          3.8G       778M       3.1G       5.7M        54M       327M

MemTotal:        4016004 kB
MemFree:         3218392 kB
Active:           443444 kB
Mem:          3.8G       778M       3.1G       5.7M        54M       327M

MemTotal:        4016004 kB
MemFree:         3218748 kB
Active:           443400 kB
Mem:          3.8G       778M       3.1G       5.7M        54M       327M

MemTotal:        4016004 kB
MemFree:         3219120 kB
Active:           443428 kB
Mem:          3.8G       778M       3.1G       5.7M        54M       327M

MemTotal:        4016004 kB
MemFree:         3218996 kB
Active:           443404 kB
Mem:          3.8G       778M       3.1G       5.7M        54M       327M

MemTotal:        4016004 kB
MemFree:         3218872 kB
Active:           443408 kB
Mem:          3.8G       778M       3.1G       5.7M        54M       327M

MemTotal:        4016004 kB
MemFree:         3218748 kB
Active:           443420 kB
Mem:          3.8G       778M       3.1G       5.7M        54M       327M

MemTotal:        4016004 kB
MemFree:         3218996 kB
Active:           443444 kB
Mem:          3.8G       778M       3.1G       5.7M        54M       327M

MemTotal:        4016004 kB
MemFree:         3218376 kB
Active:           443456 kB
Mem:          3.8G       778M       3.1G       5.7M        54M       327M

MemTotal:        4016004 kB
MemFree:         3218376 kB
Active:           443456 kB
Mem:          3.8G       778M       3.1G       5.7M        54M       327M

MemTotal:        4016004 kB
MemFree:         3218112 kB
Active:           443464 kB
Mem:          3.8G       779M       3.1G       5.7M        54M       327M

MemTotal:        4016004 kB
MemFree:         3218484 kB
Active:           443436 kB
Mem:          3.8G       778M       3.1G       5.7M        54M       327M

MemTotal:        4016004 kB
MemFree:         3218128 kB
Active:           443464 kB
Mem:          3.8G       779M       3.1G       5.7M        54M       327M

MemTotal:        4016004 kB
MemFree:         3218252 kB
Active:           443436 kB
Mem:          3.8G       779M       3.1G       5.7M        54M       327M

MemTotal:        4016004 kB
MemFree:         3218500 kB
Active:           443412 kB
Mem:          3.8G       778M       3.1G       5.7M        54M       327M

MemTotal:        4016004 kB
MemFree:         3218872 kB
Active:           443464 kB
Mem:          3.8G       778M       3.1G       5.7M        54M       327M

MemTotal:        4016004 kB
MemFree:         3217940 kB
Active:           441480 kB
Mem:          3.8G       779M       3.1G       5.7M        54M       327M

MemTotal:        4016004 kB
MemFree:         3217940 kB
Active:           443528 kB
Mem:          3.8G       778M       3.1G       5.7M        54M       327M

MemTotal:        4016004 kB
MemFree:         3218544 kB
Active:           443528 kB
Mem:          3.8G       778M       3.1G       5.7M        54M       327M

MemTotal:        4016004 kB
MemFree:         3218140 kB
Active:           443516 kB
Mem:          3.8G       779M       3.1G       5.7M        54M       327M

MemTotal:        4016004 kB
MemFree:         3218652 kB
Active:           443484 kB
Mem:          3.8G       778M       3.1G       5.7M        54M       327M

MemTotal:        4016004 kB
MemFree:         3218652 kB
Active:           443504 kB
Mem:          3.8G       778M       3.1G       5.7M        54M       327M

MemTotal:        4016004 kB
MemFree:         3218652 kB
Active:           443520 kB
Mem:          3.8G       778M       3.1G       5.7M        55M       327M

MemTotal:        4016004 kB
MemFree:         3219396 kB
Active:           443516 kB
Mem:          3.8G       778M       3.1G       5.7M        55M       327M

MemTotal:        4016004 kB
MemFree:         3219396 kB
Active:           443500 kB
Mem:          3.8G       778M       3.1G       5.7M        55M       327M

MemTotal:        4016004 kB
MemFree:         3218560 kB
Active:           443556 kB
Mem:          3.8G       778M       3.1G       5.7M        55M       327M

MemTotal:        4016004 kB
MemFree:         3218436 kB
Active:           443504 kB
Mem:          3.8G       778M       3.1G       5.7M        55M       327M

MemTotal:        4016004 kB
MemFree:         3218684 kB
Active:           443520 kB
Mem:          3.8G       778M       3.1G       5.7M        55M       327M

MemTotal:        4016004 kB
MemFree:         3218064 kB
Active:           443560 kB
Mem:          3.8G       778M       3.1G       5.7M        55M       327M

MemTotal:        4016004 kB
MemFree:         3218436 kB
Active:           443536 kB
Mem:          3.8G       779M       3.1G       5.7M        55M       327M

MemTotal:        4016004 kB
MemFree:         3218064 kB
Active:           443568 kB
Mem:          3.8G       779M       3.1G       5.7M        55M       327M

MemTotal:        4016004 kB
MemFree:         3218932 kB
Active:           443516 kB
Mem:          3.8G       778M       3.1G       5.7M        55M       327M

MemTotal:        4016004 kB
MemFree:         3218808 kB
Active:           443516 kB
Mem:          3.8G       778M       3.1G       5.7M        55M       327M

MemTotal:        4016004 kB
MemFree:         3218792 kB
Active:           443564 kB
Mem:          3.8G       778M       3.1G       5.7M        55M       327M

MemTotal:        4016004 kB
MemFree:         3218404 kB
Active:           443588 kB
Mem:          3.8G       778M       3.1G       5.7M        55M       327M

MemTotal:        4016004 kB
MemFree:         3218760 kB
Active:           443544 kB
Mem:          3.8G       778M       3.1G       5.7M        55M       327M

MemTotal:        4016004 kB
MemFree:         3218432 kB
Active:           441552 kB
Mem:          3.8G       778M       3.1G       5.7M        55M       327M

MemTotal:        4016004 kB
MemFree:         3218944 kB
Active:           443584 kB
Mem:          3.8G       778M       3.1G       5.7M        55M       327M

MemTotal:        4016004 kB
MemFree:         3218944 kB
Active:           443592 kB
Mem:          3.8G       778M       3.1G       5.7M        55M       327M

MemTotal:        4016004 kB
MemFree:         3218572 kB
Active:           443604 kB
Mem:          3.8G       778M       3.1G       5.7M        55M       327M

MemTotal:        4016004 kB
MemFree:         3218944 kB
Active:           443608 kB
Mem:          3.8G       778M       3.1G       5.7M        55M       327M

MemTotal:        4016004 kB
MemFree:         3218448 kB
Active:           443612 kB
Mem:          3.8G       778M       3.1G       5.7M        55M       327M

MemTotal:        4016004 kB
MemFree:         3218200 kB
Active:           443612 kB
Mem:          3.8G       778M       3.1G       5.7M        55M       327M

MemTotal:        4016004 kB
MemFree:         3218696 kB
Active:           443572 kB
Mem:          3.8G       778M       3.1G       5.7M        55M       327M

MemTotal:        4016004 kB
MemFree:         3218324 kB
Active:           443600 kB
Mem:          3.8G       779M       3.1G       5.7M        55M       327M

MemTotal:        4016004 kB
MemFree:         3218572 kB
Active:           443604 kB
Mem:          3.8G       778M       3.1G       5.7M        55M       327M

MemTotal:        4016004 kB
MemFree:         3218496 kB
Active:           443568 kB
Mem:          3.8G       778M       3.1G       5.7M        55M       327M

MemTotal:        4016004 kB
MemFree:         3218868 kB
Active:           443576 kB
Mem:          3.8G       778M       3.1G       5.7M        55M       327M

MemTotal:        4016004 kB
MemFree:         3218744 kB
Active:           443592 kB
Mem:          3.8G       778M       3.1G       5.7M        55M       327M

MemTotal:        4016004 kB
MemFree:         3218248 kB
Active:           443636 kB
Mem:          3.8G       778M       3.1G       5.7M        55M       327M

MemTotal:        4016004 kB
MemFree:         3218232 kB
Active:           443620 kB
Mem:          3.8G       778M       3.1G       5.7M        55M       327M

MemTotal:        4016004 kB
MemFree:         3217968 kB
Active:           443636 kB
Mem:          3.8G       779M       3.1G       5.7M        55M       327M

MemTotal:        4016004 kB
MemFree:         3218340 kB
Active:           443592 kB
Mem:          3.8G       778M       3.1G       5.7M        55M       327M

MemTotal:        4016004 kB
MemFree:         3218340 kB
Active:           443588 kB
Mem:          3.8G       778M       3.1G       5.7M        55M       327M

MemTotal:        4016004 kB
MemFree:         3218340 kB
Active:           443624 kB
Mem:          3.8G       779M       3.1G       5.7M        55M       327M

MemTotal:        4016004 kB
MemFree:         3217836 kB
Active:           443640 kB
Mem:          3.8G       779M       3.1G       5.7M        55M       327M

MemTotal:        4016004 kB
MemFree:         3216160 kB
Active:           443616 kB
Mem:          3.8G       781M       3.1G       5.7M        55M       327M

MemTotal:        4016004 kB
MemFree:         3216656 kB
Active:           445644 kB
Mem:          3.8G       780M       3.1G       5.7M        55M       327M

MemTotal:        4016004 kB
MemFree:         3216688 kB
Active:           445668 kB
Mem:          3.8G       780M       3.1G       5.7M        55M       327M

MemTotal:        4016004 kB
MemFree:         3216564 kB
Active:           445652 kB
Mem:          3.8G       780M       3.1G       5.7M        55M       327M

MemTotal:        4016004 kB
MemFree:         3216192 kB
Active:           445672 kB
Mem:          3.8G       780M       3.1G       5.7M        55M       327M

MemTotal:        4016004 kB
MemFree:         3216192 kB
Active:           445672 kB
Mem:          3.8G       780M       3.1G       5.7M        55M       327M

MemTotal:        4016004 kB
MemFree:         3216316 kB
Active:           445672 kB
Mem:          3.8G       781M       3.1G       5.7M        55M       327M

MemTotal:        4016004 kB
MemFree:         3216068 kB
Active:           445672 kB
Mem:          3.8G       781M       3.1G       5.7M        55M       327M

MemTotal:        4016004 kB
MemFree:         3216440 kB
Active:           445672 kB
Mem:          3.8G       780M       3.1G       5.7M        55M       327M

MemTotal:        4016004 kB
MemFree:         3215928 kB
Active:           445684 kB
Mem:          3.8G       781M       3.1G       5.7M        55M       327M

MemTotal:        4016004 kB
MemFree:         3216036 kB
Active:           445640 kB
Mem:          3.8G       781M       3.1G       5.7M        55M       327M

MemTotal:        4016004 kB
MemFree:         3216044 kB
Active:           445664 kB
Mem:          3.8G       781M       3.1G       5.7M        55M       327M

MemTotal:        4016004 kB
MemFree:         3216044 kB
Active:           445640 kB
Mem:          3.8G       781M       3.1G       5.7M        55M       327M

MemTotal:        4016004 kB
MemFree:         3216184 kB
Active:           445664 kB
Mem:          3.8G       781M       3.1G       5.7M        55M       327M

MemTotal:        4016004 kB
MemFree:         3206672 kB
Active:           453572 kB
Mem:          3.8G       790M       3.1G       5.7M        62M       327M

MemTotal:        4016004 kB
MemFree:         3206852 kB
Active:           453484 kB
Mem:          3.8G       790M       3.1G       5.7M        62M       327M

MemTotal:        4016004 kB
MemFree:         3206852 kB
Active:           453460 kB
Mem:          3.8G       790M       3.1G       5.7M        62M       327M

MemTotal:        4016004 kB
MemFree:         3207348 kB
Active:           453496 kB
Mem:          3.8G       789M       3.1G       5.7M        62M       327M

MemTotal:        4016004 kB
MemFree:         3207240 kB
Active:           453476 kB
Mem:          3.8G       789M       3.1G       5.7M        62M       327M

MemTotal:        4016004 kB
MemFree:         3206868 kB
Active:           453496 kB
Mem:          3.8G       789M       3.1G       5.7M        62M       327M

MemTotal:        4016004 kB
MemFree:         3207116 kB
Active:           453496 kB
Mem:          3.8G       790M       3.1G       5.7M        62M       327M

MemTotal:        4016004 kB
MemFree:         3207116 kB
Active:           453496 kB
Mem:          3.8G       789M       3.1G       5.7M        62M       327M

MemTotal:        4016004 kB
MemFree:         3206992 kB
Active:           453468 kB
Mem:          3.8G       790M       3.1G       5.7M        62M       327M

MemTotal:        4016004 kB
MemFree:         3206604 kB
Active:           453512 kB
Mem:          3.8G       790M       3.1G       5.7M        62M       327M

MemTotal:        4016004 kB
MemFree:         3206976 kB
Active:           453456 kB
Mem:          3.8G       790M       3.1G       5.7M        62M       327M

MemTotal:        4016004 kB
MemFree:         3207224 kB
Active:           453456 kB
Mem:          3.8G       789M       3.1G       5.7M        62M       327M

MemTotal:        4016004 kB
MemFree:         3206820 kB
Active:           453760 kB
Mem:          3.8G       790M       3.1G       5.7M        62M       327M

MemTotal:        4016004 kB
MemFree:         3165708 kB
Active:           454348 kB
Mem:          3.8G       831M       3.0G       5.7M        62M       367M

MemTotal:        4016004 kB
MemFree:         3119692 kB
Active:           454460 kB
Mem:          3.8G       875M       3.0G       5.7M        62M       410M

MemTotal:        4016004 kB
MemFree:         3074536 kB
Active:           454460 kB
Mem:          3.8G       920M       2.9G       5.7M        62M       455M

MemTotal:        4016004 kB
MemFree:         3028164 kB
Active:           454468 kB
Mem:          3.8G       964M       2.9G       5.7M        62M       498M

MemTotal:        4016004 kB
MemFree:         2983552 kB
Active:           454456 kB
Mem:          3.8G       1.0G       2.8G       5.7M        62M       542M

MemTotal:        4016004 kB
MemFree:         2938428 kB
Active:           454468 kB
Mem:          3.8G       1.0G       2.8G       5.7M        62M       585M

MemTotal:        4016004 kB
MemFree:         2894776 kB
Active:           454428 kB
Mem:          3.8G       1.1G       2.8G       5.7M        62M       627M

MemTotal:        4016004 kB
MemFree:         2849116 kB
Active:           454476 kB
Mem:          3.8G       1.1G       2.7G       5.7M        62M       671M

MemTotal:        4016004 kB
MemFree:         2804944 kB
Active:           454484 kB
Mem:          3.8G       1.2G       2.7G       5.7M        62M       713M

MemTotal:        4016004 kB
MemFree:         2761568 kB
Active:           454484 kB
Mem:          3.8G       1.2G       2.6G       5.7M        62M       755M

MemTotal:        4016004 kB
MemFree:         2717828 kB
Active:           454444 kB
Mem:          3.8G       1.2G       2.6G       5.7M        62M       797M

MemTotal:        4016004 kB
MemFree:         2673776 kB
Active:           454492 kB
Mem:          3.8G       1.3G       2.5G       5.7M        62M       839M

MemTotal:        4016004 kB
MemFree:         2628856 kB
Active:           456520 kB
Mem:          3.8G       1.3G       2.5G       5.7M        62M       880M

MemTotal:        4016004 kB
MemFree:         2584788 kB
Active:           456524 kB
Mem:          3.8G       1.4G       2.5G       5.7M        62M       922M

MemTotal:        4016004 kB
MemFree:         2539704 kB
Active:           456532 kB
Mem:          3.8G       1.4G       2.4G       5.7M        62M       965M

MemTotal:        4016004 kB
MemFree:         2495496 kB
Active:           456532 kB
Mem:          3.8G       1.5G       2.4G       5.7M        62M       1.0G

MemTotal:        4016004 kB
MemFree:         2451636 kB
Active:           456536 kB
Mem:          3.8G       1.5G       2.3G       5.7M        62M       1.0G

MemTotal:        4016004 kB
MemFree:         2408784 kB
Active:           456536 kB
Mem:          3.8G       1.5G       2.3G       5.7M        62M       1.1G

MemTotal:        4016004 kB
MemFree:         2363924 kB
Active:           456540 kB
Mem:          3.8G       1.6G       2.3G       5.7M        62M       1.1G

MemTotal:        4016004 kB
MemFree:         2319808 kB
Active:           456544 kB
Mem:          3.8G       1.6G       2.2G       5.7M        62M       1.2G

MemTotal:        4016004 kB
MemFree:         2274212 kB
Active:           456492 kB
Mem:          3.8G       1.7G       2.2G       5.7M        62M       1.2G

MemTotal:        4016004 kB
MemFree:         2230832 kB
Active:           456668 kB
Mem:          3.8G       1.7G       2.1G       5.7M        62M       1.2G

MemTotal:        4016004 kB
MemFree:         2186088 kB
Active:           456560 kB
Mem:          3.8G       1.7G       2.1G       5.7M        62M       1.3G

MemTotal:        4016004 kB
MemFree:         2141864 kB
Active:           456568 kB
Mem:          3.8G       1.8G       2.0G       5.7M        62M       1.3G

MemTotal:        4016004 kB
MemFree:         2097376 kB
Active:           456592 kB
Mem:          3.8G       1.8G       2.0G       5.7M        62M       1.4G

MemTotal:        4016004 kB
MemFree:         2055064 kB
Active:           456720 kB
Mem:          3.8G       1.9G       2.0G       5.7M        62M       1.4G

MemTotal:        4016004 kB
MemFree:         2010824 kB
Active:           456600 kB
Mem:          3.8G       1.9G       1.9G       5.7M        62M       1.4G

MemTotal:        4016004 kB
MemFree:         1968164 kB
Active:           456544 kB
Mem:          3.8G       2.0G       1.9G       5.7M        62M       1.5G

MemTotal:        4016004 kB
MemFree:         1924792 kB
Active:           456636 kB
Mem:          3.8G       2.0G       1.8G       5.7M        62M       1.5G

MemTotal:        4016004 kB
MemFree:         1880380 kB
Active:           456620 kB
Mem:          3.8G       2.0G       1.8G       5.7M        62M       1.6G

MemTotal:        4016004 kB
MemFree:         1837024 kB
Active:           456628 kB
Mem:          3.8G       2.1G       1.8G       5.7M        62M       1.6G

MemTotal:        4016004 kB
MemFree:         1792928 kB
Active:           456632 kB
Mem:          3.8G       2.1G       1.7G       5.7M        62M       1.6G

MemTotal:        4016004 kB
MemFree:         1749124 kB
Active:           454588 kB
Mem:          3.8G       2.2G       1.7G       5.7M        62M       1.7G

MemTotal:        4016004 kB
MemFree:         1704264 kB
Active:           456636 kB
Mem:          3.8G       2.2G       1.6G       5.7M        62M       1.7G

MemTotal:        4016004 kB
MemFree:         1662580 kB
Active:           456640 kB
Mem:          3.8G       2.2G       1.6G       5.7M        62M       1.8G

MemTotal:        4016004 kB
MemFree:         1619596 kB
Active:           456772 kB
Mem:          3.8G       2.3G       1.5G       5.7M        62M       1.8G

MemTotal:        4016004 kB
MemFree:         1576472 kB
Active:           456744 kB
Mem:          3.8G       2.3G       1.5G       5.7M        62M       1.8G

MemTotal:        4016004 kB
MemFree:         1530808 kB
Active:           456788 kB
Mem:          3.8G       2.4G       1.5G       5.7M        62M       1.9G

MemTotal:        4016004 kB
MemFree:         1486172 kB
Active:           456780 kB
Mem:          3.8G       2.4G       1.4G       5.7M        62M       1.9G

MemTotal:        4016004 kB
MemFree:         1443196 kB
Active:           456792 kB
Mem:          3.8G       2.5G       1.4G       5.7M        62M       2.0G

MemTotal:        4016004 kB
MemFree:         1399628 kB
Active:           456668 kB
Mem:          3.8G       2.5G       1.3G       5.7M        62M       2.0G

MemTotal:        4016004 kB
MemFree:         1355400 kB
Active:           456672 kB
Mem:          3.8G       2.5G       1.3G       5.7M        62M       2.1G

MemTotal:        4016004 kB
MemFree:         1310996 kB
Active:           454712 kB
Mem:          3.8G       2.6G       1.2G       5.7M        62M       2.1G

MemTotal:        4016004 kB
MemFree:         1268752 kB
Active:           456740 kB
Mem:          3.8G       2.6G       1.2G       5.7M        62M       2.1G

MemTotal:        4016004 kB
MemFree:         1223772 kB
Active:           456776 kB
Mem:          3.8G       2.7G       1.2G       5.7M        62M       2.2G

MemTotal:        4016004 kB
MemFree:         1179460 kB
Active:           456896 kB
Mem:          3.8G       2.7G       1.1G       5.7M        62M       2.2G

MemTotal:        4016004 kB
MemFree:         1134848 kB
Active:           456624 kB
Mem:          3.8G       2.7G       1.1G       5.7M        62M       2.3G

MemTotal:        4016004 kB
MemFree:         1091336 kB
Active:           456800 kB
Mem:          3.8G       2.8G       1.0G       5.7M        62M       2.3G

MemTotal:        4016004 kB
MemFree:         1046728 kB
Active:           456784 kB
Mem:          3.8G       2.8G       1.0G       5.7M        62M       2.3G

MemTotal:        4016004 kB
MemFree:         1003000 kB
Active:           456680 kB
Mem:          3.8G       2.9G       979M       5.7M        62M       2.4G

MemTotal:        4016004 kB
MemFree:          960652 kB
Active:           456752 kB
Mem:          3.8G       2.9G       938M       5.7M        62M       2.4G

MemTotal:        4016004 kB
MemFree:          951000 kB
Active:           456696 kB
Mem:          3.8G       2.9G       928M       5.7M        62M       2.4G

MemTotal:        4016004 kB
MemFree:          907652 kB
Active:           454796 kB
Mem:          3.8G       3.0G       886M       5.7M        62M       2.5G

MemTotal:        4016004 kB
MemFree:          863040 kB
Active:           456812 kB
Mem:          3.8G       3.0G       842M       5.7M        62M       2.5G

MemTotal:        4016004 kB
MemFree:          818808 kB
Active:           456848 kB
Mem:          3.8G       3.0G       799M       5.7M        62M       2.6G

MemTotal:        4016004 kB
MemFree:          774876 kB
Active:           456860 kB
Mem:          3.8G       3.1G       756M       5.7M        62M       2.6G

MemTotal:        4016004 kB
MemFree:          730296 kB
Active:           456864 kB
Mem:          3.8G       3.1G       712M       5.7M        62M       2.6G

MemTotal:        4016004 kB
MemFree:          685612 kB
Active:           456824 kB
Mem:          3.8G       3.2G       669M       5.7M        62M       2.7G

MemTotal:        4016004 kB
MemFree:          641816 kB
Active:           456864 kB
Mem:          3.8G       3.2G       626M       5.7M        62M       2.7G

MemTotal:        4016004 kB
MemFree:          596836 kB
Active:           456868 kB
Mem:          3.8G       3.3G       582M       5.7M        62M       2.8G

MemTotal:        4016004 kB
MemFree:          553808 kB
Active:           456824 kB
Mem:          3.8G       3.3G       540M       5.7M        62M       2.8G

MemTotal:        4016004 kB
MemFree:          509320 kB
Active:           456868 kB
Mem:          3.8G       3.3G       497M       5.7M        62M       2.9G

MemTotal:        4016004 kB
MemFree:          465608 kB
Active:           456876 kB
Mem:          3.8G       3.4G       454M       5.7M        62M       2.9G

MemTotal:        4016004 kB
MemFree:          421908 kB
Active:           456884 kB
Mem:          3.8G       3.4G       411M       5.7M        62M       2.9G

MemTotal:        4016004 kB
MemFree:          375576 kB
Active:           456892 kB
Mem:          3.8G       3.5G       366M       5.7M        62M       3.0G

MemTotal:        4016004 kB
MemFree:          331272 kB
Active:           456896 kB
Mem:          3.8G       3.5G       323M       5.7M        62M       3.0G

MemTotal:        4016004 kB
MemFree:          288396 kB
Active:           456904 kB
Mem:          3.8G       3.6G       281M       5.7M        62M       3.1G

MemTotal:        4016004 kB
MemFree:          244364 kB
Active:           456904 kB
Mem:          3.8G       3.6G       238M       5.7M        62M       3.1G

MemTotal:        4016004 kB
MemFree:          198472 kB
Active:           456916 kB
Mem:          3.8G       3.6G       193M       5.7M        62M       3.1G

MemTotal:        4016004 kB
MemFree:          155312 kB
Active:           456916 kB
Mem:          3.8G       3.7G       151M       5.7M        62M       3.2G

MemTotal:        4016004 kB
MemFree:          110488 kB
Active:           456868 kB
Mem:          3.8G       3.7G       107M       5.7M        62M       3.2G

MemTotal:        4016004 kB
MemFree:          118900 kB
Active:           456572 kB
Mem:          3.8G       3.7G       102M       5.7M        29M       3.3G

MemTotal:        4016004 kB
MemFree:          114024 kB
Active:           466816 kB
Mem:          3.8G       3.7G       109M       5.7M        29M       3.3G

MemTotal:        4016004 kB
MemFree:          114812 kB
Active:           515396 kB
Mem:          3.8G       3.7G       111M       5.7M        29M       3.3G

MemTotal:        4016004 kB
MemFree:          105540 kB
Active:           513100 kB
Mem:          3.8G       3.7G       124M       5.7M        29M       3.2G

MemTotal:        4016004 kB
MemFree:          121424 kB
Active:           507736 kB
Mem:          3.8G       3.7G       118M       5.7M        29M       3.2G

MemTotal:        4016004 kB
MemFree:          126988 kB
Active:           505652 kB
Mem:          3.8G       3.7G       123M       5.7M        29M       3.2G

MemTotal:        4016004 kB
MemFree:          130048 kB
Active:           502212 kB
Mem:          3.8G       3.7G       126M       5.7M        29M       3.2G

MemTotal:        4016004 kB
MemFree:          122636 kB
Active:           496836 kB
Mem:          3.8G       3.7G       119M       5.7M        29M       3.2G

MemTotal:        4016004 kB
MemFree:          108764 kB
Active:           493772 kB
Mem:          3.8G       3.7G       105M       5.7M        29M       3.3G

MemTotal:        4016004 kB
MemFree:          134728 kB
Active:           486868 kB
Mem:          3.8G       3.7G       131M       5.7M        29M       3.2G

MemTotal:        4016004 kB
MemFree:          127720 kB
Active:           482772 kB
Mem:          3.8G       3.7G       124M       5.7M        29M       3.2G

MemTotal:        4016004 kB
MemFree:          120840 kB
Active:           479320 kB
Mem:          3.8G       3.7G       117M       5.7M        29M       3.2G

MemTotal:        4016004 kB
MemFree:          112968 kB
Active:           475864 kB
Mem:          3.8G       3.7G       109M       5.7M        29M       3.3G

MemTotal:        4016004 kB
MemFree:          118336 kB
Active:           470876 kB
Mem:          3.8G       3.7G       114M       5.7M        29M       3.3G

MemTotal:        4016004 kB
MemFree:          128408 kB
Active:           464732 kB
Mem:          3.8G       3.7G       124M       5.7M        29M       3.2G

MemTotal:        4016004 kB
MemFree:          120376 kB
Active:           461276 kB
Mem:          3.8G       3.7G       116M       5.7M        29M       3.2G

MemTotal:        4016004 kB
MemFree:          111268 kB
Active:           457904 kB
Mem:          3.8G       3.7G       108M       5.7M        29M       3.3G

MemTotal:        4016004 kB
MemFree:          122528 kB
Active:           453864 kB
Mem:          3.8G       3.7G       119M       5.7M        29M       3.2G

MemTotal:        4016004 kB
MemFree:          115260 kB
Active:           452592 kB
Mem:          3.8G       3.7G       112M       5.7M        29M       3.3G

MemTotal:        4016004 kB
MemFree:          107832 kB
Active:           451440 kB
Mem:          3.8G       3.7G       105M       5.7M        29M       3.3G

MemTotal:        4016004 kB
MemFree:          114612 kB
Active:           449524 kB
Mem:          3.8G       3.7G       111M       5.7M        29M       3.3G

MemTotal:        4016004 kB
MemFree:          135796 kB
Active:           448376 kB
Mem:          3.8G       3.7G       132M       5.7M        29M       3.2G

MemTotal:        4016004 kB
MemFree:          124008 kB
Active:           446212 kB
Mem:          3.8G       3.7G       120M       5.7M        29M       3.2G

MemTotal:        4016004 kB
MemFree:          115728 kB
Active:           445068 kB
Mem:          3.8G       3.7G       112M       5.7M        29M       3.3G

MemTotal:        4016004 kB
MemFree:          108364 kB
Active:           443916 kB
Mem:          3.8G       3.7G       105M       5.7M        29M       3.3G

MemTotal:        4016004 kB
MemFree:          117940 kB
Active:           441688 kB
Mem:          3.8G       3.7G       114M       5.7M        29M       3.3G

MemTotal:        4016004 kB
MemFree:          133204 kB
Active:           439948 kB
Mem:          3.8G       3.7G       129M       5.7M        29M       3.2G

MemTotal:        4016004 kB
MemFree:          142408 kB
Active:           437896 kB
Mem:          3.8G       3.7G       138M       5.7M        29M       3.2G

MemTotal:        4016004 kB
MemFree:          122116 kB
Active:           435192 kB
Mem:          3.8G       3.7G       118M       5.7M        29M       3.2G

MemTotal:        4016004 kB
MemFree:          126344 kB
Active:           433272 kB
Mem:          3.8G       3.7G       122M       5.7M        29M       3.2G

MemTotal:        4016004 kB
MemFree:          117460 kB
Active:           432120 kB
Mem:          3.8G       3.7G       114M       5.7M        29M       3.3G

MemTotal:        4016004 kB
MemFree:          128276 kB
Active:           430464 kB
Mem:          3.8G       3.7G       124M       5.7M        29M       3.2G

MemTotal:        4016004 kB
MemFree:          131204 kB
Active:           428284 kB
Mem:          3.8G       3.7G       127M       5.7M        29M       3.2G

MemTotal:        4016004 kB
MemFree:          141612 kB
Active:           426380 kB
Mem:          3.8G       3.7G       138M       5.7M        29M       3.2G

MemTotal:        4016004 kB
MemFree:          132892 kB
Active:           425384 kB
Mem:          3.8G       3.7G       117M       5.7M        29M       3.2G

MemTotal:        4016004 kB
MemFree:          122768 kB
Active:           424000 kB
Mem:          3.8G       3.7G       119M       5.7M        29M       3.2G

MemTotal:        4016004 kB
MemFree:          115296 kB
Active:           422952 kB
Mem:          3.8G       3.7G       112M       5.7M        29M       3.3G

MemTotal:        4016004 kB
MemFree:          112276 kB
Active:           421324 kB
Mem:          3.8G       3.7G       109M       5.7M        29M       3.3G

MemTotal:        4016004 kB
MemFree:          105128 kB
Active:           420268 kB
Mem:          3.8G       3.7G       102M       5.7M        29M       3.3G

MemTotal:        4016004 kB
MemFree:          113604 kB
Active:           418072 kB
Mem:          3.8G       3.7G       110M       5.7M        29M       3.3G

MemTotal:        4016004 kB
MemFree:          128644 kB
Active:           418484 kB
Mem:          3.8G       3.7G       125M       5.7M        29M       3.2G

MemTotal:        4016004 kB
MemFree:          124616 kB
Active:           416944 kB
Mem:          3.8G       3.7G       121M       5.7M        29M       3.2G

MemTotal:        4016004 kB
MemFree:          106788 kB
Active:           416172 kB
Mem:          3.8G       3.7G       103M       5.7M        29M       3.3G

MemTotal:        4016004 kB
MemFree:          128004 kB
Active:           414152 kB
Mem:          3.8G       3.7G       124M       5.7M        29M       3.2G

MemTotal:        4016004 kB
MemFree:          120576 kB
Active:           412844 kB
Mem:          3.8G       3.7G       116M       5.7M        29M       3.2G

MemTotal:        4016004 kB
MemFree:          111844 kB
Active:           411844 kB
Mem:          3.8G       3.7G       108M       5.7M        29M       3.3G

MemTotal:        4016004 kB
MemFree:          121084 kB
Active:           409668 kB
Mem:          3.8G       3.7G       117M       5.7M        29M       3.2G

MemTotal:        4016004 kB
MemFree:          112232 kB
Active:           406548 kB
Mem:          3.8G       3.7G       109M       5.7M        29M       3.3G

MemTotal:        4016004 kB
MemFree:          106000 kB
Active:           403340 kB
Mem:          3.8G       3.7G       103M       5.7M        29M       3.3G

MemTotal:        4016004 kB
MemFree:          114240 kB
Active:           401460 kB
Mem:          3.8G       3.7G       111M       5.7M        29M       3.3G

MemTotal:        4016004 kB
MemFree:          105128 kB
Active:           400332 kB
Mem:          3.8G       3.7G       102M       5.7M        29M       3.3G

MemTotal:        4016004 kB
MemFree:          128296 kB
Active:           398288 kB
Mem:          3.8G       3.7G       125M       5.7M        29M       3.2G

MemTotal:        4016004 kB
MemFree:          125612 kB
Active:           396508 kB
Mem:          3.8G       3.7G       122M       5.7M        29M       3.2G

MemTotal:        4016004 kB
MemFree:          135032 kB
Active:           392588 kB
Mem:          3.8G       3.7G       131M       5.7M        29M       3.2G

MemTotal:        4016004 kB
MemFree:          131320 kB
Active:           391648 kB
Mem:          3.8G       3.7G       128M       5.7M        29M       3.2G

MemTotal:        4016004 kB
MemFree:          112724 kB
Active:           391816 kB
Mem:          3.8G       3.7G       109M       5.7M        29M       3.3G

MemTotal:        4016004 kB
MemFree:          104848 kB
Active:           391812 kB
Mem:          3.8G       3.7G       106M       5.7M        29M       3.3G

MemTotal:        4016004 kB
MemFree:          107228 kB
Active:           391704 kB
Mem:          3.8G       3.7G       104M       5.7M        29M       3.3G

MemTotal:        4016004 kB
MemFree:          118008 kB
Active:           391592 kB
Mem:          3.8G       3.7G       114M       5.7M        29M       3.2G

MemTotal:        4016004 kB
MemFree:          115744 kB
Active:           391592 kB
Mem:          3.8G       3.7G       112M       5.7M        29M       3.2G

MemTotal:        4016004 kB
MemFree:          107260 kB
Active:           391688 kB
Mem:          3.8G       3.7G       104M       5.7M        29M       3.3G

MemTotal:        4016004 kB
MemFree:          124524 kB
Active:           391696 kB
Mem:          3.8G       3.7G       120M       5.7M        29M       3.2G

MemTotal:        4016004 kB
MemFree:          106092 kB
Active:           391568 kB
Mem:          3.8G       3.7G       103M       5.7M        29M       3.3G

MemTotal:        4016004 kB
MemFree:          136384 kB
Active:           391572 kB
Mem:          3.8G       3.7G       132M       5.7M        29M       3.2G

MemTotal:        4016004 kB
MemFree:          126068 kB
Active:           391580 kB
Mem:          3.8G       3.7G       123M       5.7M        29M       3.2G

MemTotal:        4016004 kB
MemFree:          130672 kB
Active:           391484 kB
Mem:          3.8G       3.7G       127M       5.7M        29M       3.2G

MemTotal:        4016004 kB
MemFree:          132796 kB
Active:           391488 kB
Mem:          3.8G       3.7G       129M       5.7M        29M       3.2G

MemTotal:        4016004 kB
MemFree:          125420 kB
Active:           391480 kB
Mem:          3.8G       3.7G       121M       5.7M        29M       3.2G

MemTotal:        4016004 kB
MemFree:          118644 kB
Active:           391492 kB
Mem:          3.8G       3.7G       115M       5.7M        29M       3.2G

MemTotal:        4016004 kB
MemFree:          108876 kB
Active:           391452 kB
Mem:          3.8G       3.7G       106M       5.7M        29M       3.3G

MemTotal:        4016004 kB
MemFree:          124900 kB
Active:           390988 kB
Mem:          3.8G       3.7G       122M       5.7M        29M       3.2G

MemTotal:        4016004 kB
MemFree:          105292 kB
Active:           391764 kB
Mem:          3.8G       3.7G       102M       5.7M        29M       3.3G

MemTotal:        4016004 kB
MemFree:          115100 kB
Active:           389316 kB
Mem:          3.8G       3.7G       112M       5.7M        29M       3.2G

MemTotal:        4016004 kB
MemFree:          107388 kB
Active:           389324 kB
Mem:          3.8G       3.7G       104M       5.7M        29M       3.3G

MemTotal:        4016004 kB
MemFree:          124800 kB
Active:           389328 kB
Mem:          3.8G       3.7G       121M       5.7M        29M       3.2G

MemTotal:        4016004 kB
MemFree:          104792 kB
Active:           389340 kB
Mem:          3.8G       3.7G       107M       5.7M        29M       3.3G

MemTotal:        4016004 kB
MemFree:          125436 kB
Active:           389352 kB
Mem:          3.8G       3.7G       122M       5.7M        29M       3.2G

MemTotal:        4016004 kB
MemFree:          124696 kB
Active:           389356 kB
Mem:          3.8G       3.7G       121M       5.7M        29M       3.2G

MemTotal:        4016004 kB
MemFree:          124668 kB
Active:           389336 kB
Mem:          3.8G       3.7G       121M       5.7M        29M       3.2G

MemTotal:        4016004 kB
MemFree:          124644 kB
Active:           389360 kB
Mem:          3.8G       3.7G       121M       5.7M        29M       3.2G

MemTotal:        4016004 kB
MemFree:          122216 kB
Active:           389364 kB
Mem:          3.8G       3.7G       118M       5.7M        29M       3.2G

MemTotal:        4016004 kB
MemFree:          114416 kB
Active:           389364 kB
Mem:          3.8G       3.7G       111M       5.7M        29M       3.2G

MemTotal:        4016004 kB
MemFree:          106028 kB
Active:           389372 kB
Mem:          3.8G       3.7G       103M       5.7M        29M       3.3G

MemTotal:        4016004 kB
MemFree:          134036 kB
Active:           389184 kB
Mem:          3.8G       3.7G       130M       5.7M        29M       3.2G

MemTotal:        4016004 kB
MemFree:          125924 kB
Active:           389188 kB
Mem:          3.8G       3.7G       122M       5.7M        29M       3.2G

MemTotal:        4016004 kB
MemFree:          112592 kB
Active:           388884 kB
Mem:          3.8G       3.7G       109M       5.7M        29M       3.3G

MemTotal:        4016004 kB
MemFree:          126788 kB
Active:           388884 kB
Mem:          3.8G       3.7G       125M       5.7M        29M       3.2G

MemTotal:        4016004 kB
MemFree:          127776 kB
Active:           388884 kB
Mem:          3.8G       3.7G       124M       5.7M        29M       3.2G

MemTotal:        4016004 kB
MemFree:          113816 kB
Active:           388908 kB
Mem:          3.8G       3.7G       111M       5.7M        29M       3.2G

MemTotal:        4016004 kB
MemFree:          123316 kB
Active:           388612 kB
Mem:          3.8G       3.7G       119M       5.7M        29M       3.2G

MemTotal:        4016004 kB
MemFree:          109132 kB
Active:           388612 kB
Mem:          3.8G       3.7G       106M       5.7M        29M       3.3G

MemTotal:        4016004 kB
MemFree:          125036 kB
Active:           388096 kB
Mem:          3.8G       3.7G       122M       5.7M        29M       3.2G

MemTotal:        4016004 kB
MemFree:          118540 kB
Active:           388096 kB
Mem:          3.8G       3.7G       115M       5.7M        29M       3.2G

MemTotal:        4016004 kB
MemFree:          110508 kB
Active:           388104 kB
Mem:          3.8G       3.7G       107M       5.7M        29M       3.3G

MemTotal:        4016004 kB
MemFree:          148236 kB
Active:           388104 kB
Mem:          3.8G       3.7G       144M       5.7M        29M       3.2G

MemTotal:        4016004 kB
MemFree:          124168 kB
Active:           388116 kB
Mem:          3.8G       3.7G       121M       5.7M        29M       3.2G

MemTotal:        4016004 kB
MemFree:          115668 kB
Active:           388116 kB
Mem:          3.8G       3.7G       112M       5.7M        29M       3.2G

MemTotal:        4016004 kB
MemFree:          107888 kB
Active:           388120 kB
Mem:          3.8G       3.7G       105M       5.7M        29M       3.3G

MemTotal:        4016004 kB
MemFree:          126148 kB
Active:           388124 kB
Mem:          3.8G       3.7G       122M       5.7M        29M       3.2G

MemTotal:        4016004 kB
MemFree:          126868 kB
Active:           381816 kB
Mem:          3.8G       3.7G       123M       5.7M        29M       3.2G

MemTotal:        4016004 kB
MemFree:          131120 kB
Active:           381816 kB
Mem:          3.8G       3.7G       128M       5.7M        29M       3.2G

MemTotal:        4016004 kB
MemFree:          117632 kB
Active:           381816 kB
Mem:          3.8G       3.7G       114M       5.7M        29M       3.2G

MemTotal:        4016004 kB
MemFree:          108608 kB
Active:           381816 kB
Mem:          3.8G       3.7G       105M       5.7M        29M       3.3G

MemTotal:        4016004 kB
MemFree:          126232 kB
Active:           381788 kB
Mem:          3.8G       3.7G       123M       5.7M        29M       3.2G

MemTotal:        4016004 kB
MemFree:          119412 kB
Active:           381820 kB
Mem:          3.8G       3.7G       116M       5.7M        29M       3.2G

MemTotal:        4016004 kB
MemFree:          125808 kB
Active:           381840 kB
Mem:          3.8G       3.7G       122M       5.7M        29M       3.2G

MemTotal:        4016004 kB
MemFree:          122300 kB
Active:           381840 kB
Mem:          3.8G       3.7G       119M       5.7M        29M       3.2G

MemTotal:        4016004 kB
MemFree:          122480 kB
Active:           381852 kB
Mem:          3.8G       3.7G       119M       5.7M        29M       3.2G

MemTotal:        4016004 kB
MemFree:          115348 kB
Active:           381856 kB
Mem:          3.8G       3.7G       112M       5.7M        29M       3.2G

MemTotal:        4016004 kB
MemFree:          133736 kB
Active:           381244 kB
Mem:          3.8G       3.7G       130M       5.7M        29M       3.2G

MemTotal:        4016004 kB
MemFree:          120288 kB
Active:           381692 kB
Mem:          3.8G       3.7G       117M       5.7M        29M       3.2G

MemTotal:        4016004 kB
MemFree:          113064 kB
Active:           380796 kB
Mem:          3.8G       3.7G       110M       5.7M        29M       3.2G

MemTotal:        4016004 kB
MemFree:          129336 kB
Active:           380804 kB
Mem:          3.8G       3.7G       125M       5.7M        29M       3.2G

MemTotal:        4016004 kB
MemFree:          109880 kB
Active:           380804 kB
Mem:          3.8G       3.7G       106M       5.7M        29M       3.3G

MemTotal:        4016004 kB
MemFree:          126680 kB
Active:           380748 kB
Mem:          3.8G       3.7G       123M       5.7M        29M       3.2G

MemTotal:        4016004 kB
MemFree:          136060 kB
Active:           380776 kB
Mem:          3.8G       3.7G       132M       5.7M        29M       3.2G

MemTotal:        4016004 kB
MemFree:          128348 kB
Active:           380680 kB
Mem:          3.8G       3.7G       124M       5.7M        29M       3.2G

MemTotal:        4016004 kB
MemFree:          115312 kB
Active:           380692 kB
Mem:          3.8G       3.7G       112M       5.7M        29M       3.2G

MemTotal:        4016004 kB
MemFree:          125724 kB
Active:           378560 kB
Mem:          3.8G       3.7G       122M       5.7M        29M       3.2G

MemTotal:        4016004 kB
MemFree:          123832 kB
Active:           378560 kB
Mem:          3.8G       3.7G       120M       5.7M        29M       3.2G

MemTotal:        4016004 kB
MemFree:          113772 kB
Active:           378560 kB
Mem:          3.8G       3.7G       110M       5.7M        29M       3.2G

MemTotal:        4016004 kB
MemFree:          135556 kB
Active:           378576 kB
Mem:          3.8G       3.7G       132M       5.7M        29M       3.2G

MemTotal:        4016004 kB
MemFree:          128836 kB
Active:           378580 kB
Mem:          3.8G       3.7G       125M       5.7M        29M       3.2G

MemTotal:        4016004 kB
MemFree:          110116 kB
Active:           378580 kB
Mem:          3.8G       3.7G       107M       5.7M        29M       3.3G

MemTotal:        4016004 kB
MemFree:          125528 kB
Active:           378584 kB
Mem:          3.8G       3.7G       122M       5.7M        29M       3.2G

MemTotal:        4016004 kB
MemFree:          118776 kB
Active:           378584 kB
Mem:          3.8G       3.7G       115M       5.7M        29M       3.2G

MemTotal:        4016004 kB
MemFree:          111116 kB
Active:           378552 kB
Mem:          3.8G       3.7G       108M       5.7M        29M       3.2G

MemTotal:        4016004 kB
MemFree:          118060 kB
Active:           377920 kB
Mem:          3.8G       3.7G       114M       5.7M        29M       3.2G

MemTotal:        4016004 kB
MemFree:          124476 kB
Active:           377928 kB
Mem:          3.8G       3.7G       121M       5.7M        29M       3.2G

MemTotal:        4016004 kB
MemFree:          118816 kB
Active:           377928 kB
Mem:          3.8G       3.7G       115M       5.7M        29M       3.2G

MemTotal:        4016004 kB
MemFree:          128348 kB
Active:           377940 kB
Mem:          3.8G       3.7G       124M       5.7M        29M       3.2G

MemTotal:        4016004 kB
MemFree:          132468 kB
Active:           377940 kB
Mem:          3.8G       3.7G       129M       5.7M        29M       3.2G

MemTotal:        4016004 kB
MemFree:          115412 kB
Active:           377940 kB
Mem:          3.8G       3.7G       112M       5.7M        29M       3.2G

MemTotal:        4016004 kB
MemFree:          114848 kB
Active:           377904 kB
Mem:          3.8G       3.7G       112M       5.7M        29M       3.2G

MemTotal:        4016004 kB
MemFree:          117364 kB
Active:           377964 kB
Mem:          3.8G       3.7G       114M       5.7M        29M       3.2G

MemTotal:        4016004 kB
MemFree:          110528 kB
Active:           377964 kB
Mem:          3.8G       3.7G       107M       5.7M        29M       3.2G

MemTotal:        4016004 kB
MemFree:          128196 kB
Active:           377908 kB
Mem:          3.8G       3.7G       124M       5.7M        29M       3.2G

MemTotal:        4016004 kB
MemFree:          125992 kB
Active:           377920 kB
Mem:          3.8G       3.7G       122M       5.7M        29M       3.2G

MemTotal:        4016004 kB
MemFree:          120612 kB
Active:           364180 kB
Mem:          3.8G       3.7G       117M       5.7M        29M       3.2G

MemTotal:        4016004 kB
MemFree:          110672 kB
Active:           364156 kB
Mem:          3.8G       3.7G       107M       5.7M        29M       3.2G

MemTotal:        4016004 kB
MemFree:          127472 kB
Active:           366160 kB
Mem:          3.8G       3.7G       124M       5.7M        29M       3.2G

MemTotal:        4016004 kB
MemFree:          128268 kB
Active:           364144 kB
Mem:          3.8G       3.7G       124M       5.7M        29M       3.2G

MemTotal:        4016004 kB
MemFree:          112220 kB
Active:           364152 kB
Mem:          3.8G       3.7G       109M       5.7M        29M       3.2G

MemTotal:        4016004 kB
MemFree:          105460 kB
Active:           364172 kB
Mem:          3.8G       3.7G       102M       5.7M        29M       3.3G

MemTotal:        4016004 kB
MemFree:          128432 kB
Active:           364176 kB
Mem:          3.8G       3.7G       124M       5.7M        29M       3.2G

MemTotal:        4016004 kB
MemFree:          127192 kB
Active:           364188 kB
Mem:          3.8G       3.7G       123M       5.7M        29M       3.2G

MemTotal:        4016004 kB
MemFree:          126936 kB
Active:           364200 kB
Mem:          3.8G       3.7G       123M       5.7M        29M       3.2G

MemTotal:        4016004 kB
MemFree:          123352 kB
Active:           364204 kB
Mem:          3.8G       3.7G       120M       5.7M        29M       3.2G

MemTotal:        4016004 kB
MemFree:          109668 kB
Active:           364208 kB
Mem:          3.8G       3.7G       106M       5.7M        29M       3.2G

MemTotal:        4016004 kB
MemFree:          126788 kB
Active:           366100 kB
Mem:          3.8G       3.7G       123M       5.7M        29M       3.2G

MemTotal:        4016004 kB
MemFree:          111412 kB
Active:           365056 kB
Mem:          3.8G       3.7G       108M       5.7M        29M       3.2G

MemTotal:        4016004 kB
MemFree:          118508 kB
Active:           365056 kB
Mem:          3.8G       3.7G       115M       5.7M        29M       3.2G

MemTotal:        4016004 kB
MemFree:          111468 kB
Active:           365056 kB
Mem:          3.8G       3.7G       108M       5.7M        29M       3.2G

MemTotal:        4016004 kB
MemFree:          127948 kB
Active:           365064 kB
Mem:          3.8G       3.7G       124M       5.7M        29M       3.2G

MemTotal:        4016004 kB
MemFree:          128040 kB
Active:           365064 kB
Mem:          3.8G       3.7G       124M       5.7M        29M       3.2G

MemTotal:        4016004 kB
MemFree:          123276 kB
Active:           365064 kB
Mem:          3.8G       3.7G       120M       5.7M        29M       3.2G

MemTotal:        4016004 kB
MemFree:          109808 kB
Active:           365064 kB
Mem:          3.8G       3.7G       106M       5.7M        29M       3.2G

MemTotal:        4016004 kB
MemFree:          131972 kB
Active:           365048 kB
Mem:          3.8G       3.7G       128M       5.7M        29M       3.2G

MemTotal:        4016004 kB
MemFree:          123172 kB
Active:           365088 kB
Mem:          3.8G       3.7G       120M       5.7M        29M       3.2G

MemTotal:        4016004 kB
MemFree:          108816 kB
Active:           365104 kB
Mem:          3.8G       3.7G       106M       5.7M        29M       3.2G

MemTotal:        4016004 kB
MemFree:          126924 kB
Active:           365104 kB
Mem:          3.8G       3.7G       123M       5.7M        29M       3.2G

MemTotal:        4016004 kB
MemFree:          113968 kB
Active:           365108 kB
Mem:          3.8G       3.7G       122M       5.7M        29M       3.2G

MemTotal:        4016004 kB
MemFree:          124900 kB
Active:           365100 kB
Mem:          3.8G       3.7G       121M       5.7M        29M       3.2G

MemTotal:        4016004 kB
MemFree:          107180 kB
Active:           365076 kB
Mem:          3.8G       3.7G       104M       5.7M        29M       3.2G

MemTotal:        4016004 kB
MemFree:          125252 kB
Active:           362204 kB
Mem:          3.8G       3.7G       122M       5.7M        29M       3.2G

MemTotal:        4016004 kB
MemFree:          123296 kB
Active:           362204 kB
Mem:          3.8G       3.7G       119M       5.7M        29M       3.2G

MemTotal:        4016004 kB
MemFree:          127224 kB
Active:           362204 kB
Mem:          3.8G       3.7G       123M       5.7M        29M       3.2G

MemTotal:        4016004 kB
MemFree:          131128 kB
Active:           362208 kB
Mem:          3.8G       3.7G       128M       5.7M        29M       3.2G

MemTotal:        4016004 kB
MemFree:          144232 kB
Active:           362216 kB
Mem:          3.8G       3.7G       140M       5.7M        29M       3.2G

MemTotal:        4016004 kB
MemFree:          107828 kB
Active:           362216 kB
Mem:          3.8G       3.7G       105M       5.7M        29M       3.2G

MemTotal:        4016004 kB
MemFree:          118060 kB
Active:           362232 kB
Mem:          3.8G       3.7G       115M       5.7M        29M       3.2G

MemTotal:        4016004 kB
MemFree:          138820 kB
Active:           362232 kB
Mem:          3.8G       3.7G       135M       5.7M        29M       3.2G

MemTotal:        4016004 kB
MemFree:          130544 kB
Active:           362224 kB
Mem:          3.8G       3.7G       127M       5.7M        29M       3.2G

MemTotal:        4016004 kB
MemFree:          133504 kB
Active:           362248 kB
Mem:          3.8G       3.7G       130M       5.7M        29M       3.2G

MemTotal:        4016004 kB
MemFree:          142496 kB
Active:           362200 kB
Mem:          3.8G       3.7G       139M       5.7M        29M       3.2G

MemTotal:        4016004 kB
MemFree:          134204 kB
Active:           362256 kB
Mem:          3.8G       3.7G       131M       5.7M        29M       3.2G

MemTotal:        4016004 kB
MemFree:          120620 kB
Active:           360176 kB
Mem:          3.8G       3.7G       117M       5.7M        29M       3.2G

MemTotal:        4016004 kB
MemFree:          111892 kB
Active:           360024 kB
Mem:          3.8G       3.7G       109M       5.7M        29M       3.2G

MemTotal:        4016004 kB
MemFree:          118640 kB
Active:           360060 kB
Mem:          3.8G       3.7G       115M       5.7M        29M       3.2G

MemTotal:        4016004 kB
MemFree:          120760 kB
Active:           362084 kB
Mem:          3.8G       3.7G       117M       5.7M        29M       3.2G

MemTotal:        4016004 kB
MemFree:          117736 kB
Active:           361712 kB
Mem:          3.8G       3.7G       114M       5.7M        29M       3.2G

MemTotal:        4016004 kB
MemFree:          140708 kB
Active:           361712 kB
Mem:          3.8G       3.7G       137M       5.7M        29M       3.2G

MemTotal:        4016004 kB
MemFree:          140940 kB
Active:           361672 kB
Mem:          3.8G       3.7G       137M       5.7M        29M       3.2G

MemTotal:        4016004 kB
MemFree:          140712 kB
Active:           361728 kB
Mem:          3.8G       3.7G       137M       5.7M        29M       3.2G

MemTotal:        4016004 kB
MemFree:          125464 kB
Active:           361720 kB
Mem:          3.8G       3.7G       122M       5.7M        29M       3.2G

MemTotal:        4016004 kB
MemFree:          118216 kB
Active:           361732 kB
Mem:          3.8G       3.7G       114M       5.7M        29M       3.2G

MemTotal:        4016004 kB
MemFree:          124956 kB
Active:           361732 kB
Mem:          3.8G       3.7G       121M       5.7M        29M       3.2G

MemTotal:        4016004 kB
MemFree:          105648 kB
Active:           361732 kB
Mem:          3.8G       3.7G       102M       5.7M        29M       3.2G

MemTotal:        4016004 kB
MemFree:          133676 kB
Active:           361740 kB
Mem:          3.8G       3.7G       130M       5.7M        29M       3.2G

MemTotal:        4016004 kB
MemFree:          128132 kB
Active:           361744 kB
Mem:          3.8G       3.7G       124M       5.7M        29M       3.2G

MemTotal:        4016004 kB
MemFree:          114024 kB
Active:           361704 kB
Mem:          3.8G       3.7G       111M       5.7M        29M       3.2G

MemTotal:        4016004 kB
MemFree:          127848 kB
Active:           361748 kB
Mem:          3.8G       3.7G       124M       5.7M        29M       3.2G

MemTotal:        4016004 kB
MemFree:          133412 kB
Active:           361748 kB
Mem:          3.8G       3.7G       130M       5.7M        29M       3.2G

MemTotal:        4016004 kB
MemFree:          126456 kB
Active:           361744 kB
Mem:          3.8G       3.7G       123M       5.7M        29M       3.2G

MemTotal:        4016004 kB
MemFree:          124060 kB
Active:           359672 kB
Mem:          3.8G       3.7G       120M       5.7M        29M       3.2G

MemTotal:        4016004 kB
MemFree:          110388 kB
Active:           359672 kB
Mem:          3.8G       3.7G       107M       5.7M        29M       3.2G

MemTotal:        4016004 kB
MemFree:          135520 kB
Active:           359688 kB
Mem:          3.8G       3.7G       132M       5.7M        29M       3.2G

MemTotal:        4016004 kB
MemFree:          107192 kB
Active:           359640 kB
Mem:          3.8G       3.7G       104M       5.7M        29M       3.2G

MemTotal:        4016004 kB
MemFree:          149152 kB
Active:           359696 kB
Mem:          3.8G       3.7G       145M       5.7M        29M       3.2G

MemTotal:        4016004 kB
MemFree:          148908 kB
Active:           359676 kB
Mem:          3.8G       3.7G       145M       5.7M        29M       3.2G

MemTotal:        4016004 kB
MemFree:          123336 kB
Active:           359700 kB
Mem:          3.8G       3.7G       120M       5.7M        29M       3.2G

MemTotal:        4016004 kB
MemFree:          115800 kB
Active:           359704 kB
Mem:          3.8G       3.7G       113M       5.7M        29M       3.2G

MemTotal:        4016004 kB
MemFree:          125376 kB
Active:           359708 kB
Mem:          3.8G       3.7G       122M       5.7M        29M       3.2G

MemTotal:        4016004 kB
MemFree:          119824 kB
Active:           359716 kB
Mem:          3.8G       3.7G       116M       5.7M        29M       3.2G

MemTotal:        4016004 kB
MemFree:          111172 kB
Active:           359716 kB
Mem:          3.8G       3.7G       108M       5.7M        29M       3.2G

MemTotal:        4016004 kB
MemFree:          119012 kB
Active:           359716 kB
Mem:          3.8G       3.7G       115M       5.7M        29M       3.2G

MemTotal:        4016004 kB
MemFree:          110980 kB
Active:           359716 kB
Mem:          3.8G       3.7G       108M       5.7M        29M       3.2G

MemTotal:        4016004 kB
MemFree:          128208 kB
Active:           359716 kB
Mem:          3.8G       3.7G       124M       5.7M        29M       3.2G

MemTotal:        4016004 kB
MemFree:          110568 kB
Active:           359568 kB
Mem:          3.8G       3.7G       107M       5.7M        29M       3.2G

MemTotal:        4016004 kB
MemFree:          110444 kB
Active:           359424 kB
Mem:          3.8G       3.7G       107M       5.7M        29M       3.2G

MemTotal:        4016004 kB
MemFree:          110320 kB
Active:           359368 kB
Mem:          3.8G       3.7G       107M       5.7M        29M       3.2G

MemTotal:        4016004 kB
MemFree:          110444 kB
Active:           359388 kB
Mem:          3.8G       3.7G       107M       5.7M        29M       3.2G

MemTotal:        4016004 kB
MemFree:          110568 kB
Active:           359408 kB
Mem:          3.8G       3.7G       107M       5.7M        29M       3.2G

MemTotal:        4016004 kB
MemFree:          110444 kB
Active:           359392 kB
Mem:          3.8G       3.7G       107M       5.7M        29M       3.2G

MemTotal:        4016004 kB
MemFree:          110076 kB
Active:           359440 kB
Mem:          3.8G       3.7G       107M       5.7M        29M       3.2G

MemTotal:        4016004 kB
MemFree:          110280 kB
Active:           359392 kB
Mem:          3.8G       3.7G       107M       5.7M        29M       3.2G

MemTotal:        4016004 kB
MemFree:          110536 kB
Active:           359400 kB
Mem:          3.8G       3.7G       107M       5.7M        29M       3.2G

MemTotal:        4016004 kB
MemFree:          110444 kB
Active:           359452 kB
Mem:          3.8G       3.7G       107M       5.7M        29M       3.2G

MemTotal:        4016004 kB
MemFree:          110444 kB
Active:           359396 kB
Mem:          3.8G       3.7G       107M       5.7M        29M       3.2G

MemTotal:        4016004 kB
MemFree:          110072 kB
Active:           359452 kB
Mem:          3.8G       3.7G       107M       5.7M        29M       3.2G

MemTotal:        4016004 kB
MemFree:          110196 kB
Active:           359412 kB
Mem:          3.8G       3.7G       107M       5.7M        29M       3.2G

MemTotal:        4016004 kB
MemFree:          110444 kB
Active:           359424 kB
Mem:          3.8G       3.7G       107M       5.7M        29M       3.2G

MemTotal:        4016004 kB
MemFree:          110072 kB
Active:           359468 kB
Mem:          3.8G       3.7G       107M       5.7M        29M       3.2G

MemTotal:        4016004 kB
MemFree:          109948 kB
Active:           359468 kB
Mem:          3.8G       3.7G       107M       5.7M        29M       3.2G

MemTotal:        4016004 kB
MemFree:          110444 kB
Active:           359456 kB
Mem:          3.8G       3.7G       107M       5.7M        29M       3.2G

MemTotal:        4016004 kB
MemFree:          110320 kB
Active:           359424 kB
Mem:          3.8G       3.7G       107M       5.7M        29M       3.2G

MemTotal:        4016004 kB
MemFree:          110444 kB
Active:           359448 kB
Mem:          3.8G       3.7G       107M       5.7M        29M       3.2G

MemTotal:        4016004 kB
MemFree:          110320 kB
Active:           359448 kB
Mem:          3.8G       3.7G       107M       5.7M        29M       3.2G

MemTotal:        4016004 kB
MemFree:          110196 kB
Active:           359452 kB
Mem:          3.8G       3.7G       107M       5.7M        29M       3.2G

MemTotal:        4016004 kB
MemFree:          110320 kB
Active:           359444 kB
Mem:          3.8G       3.7G       107M       5.7M        29M       3.2G

MemTotal:        4016004 kB
MemFree:          109948 kB
Active:           359480 kB
Mem:          3.8G       3.7G       107M       5.7M        29M       3.2G

MemTotal:        4016004 kB
MemFree:          110196 kB
Active:           359444 kB
Mem:          3.8G       3.7G       107M       5.7M        29M       3.2G

MemTotal:        4016004 kB
MemFree:          110320 kB
Active:           359424 kB
Mem:          3.8G       3.7G       107M       5.7M        29M       3.2G

MemTotal:        4016004 kB
MemFree:          110320 kB
Active:           359476 kB
Mem:          3.8G       3.7G       107M       5.7M        29M       3.2G

MemTotal:        4016004 kB
MemFree:          110320 kB
Active:           359456 kB
Mem:          3.8G       3.7G       107M       5.7M        29M       3.2G

MemTotal:        4016004 kB
MemFree:          109940 kB
Active:           359484 kB
Mem:          3.8G       3.7G       107M       5.7M        29M       3.2G

MemTotal:        4016004 kB
MemFree:          110312 kB
Active:           359432 kB
Mem:          3.8G       3.7G       107M       5.7M        29M       3.2G

MemTotal:        4016004 kB
MemFree:          110312 kB
Active:           359456 kB
Mem:          3.8G       3.7G       107M       5.7M        29M       3.2G

MemTotal:        4016004 kB
MemFree:          109816 kB
Active:           359492 kB
Mem:          3.8G       3.7G       107M       5.7M        29M       3.2G

MemTotal:        4016004 kB
MemFree:          109940 kB
Active:           359492 kB
Mem:          3.8G       3.7G       107M       5.7M        29M       3.2G

MemTotal:        4016004 kB
MemFree:          110436 kB
Active:           359452 kB
Mem:          3.8G       3.7G       107M       5.7M        29M       3.2G

MemTotal:        4016004 kB
MemFree:          110312 kB
Active:           359476 kB
Mem:          3.8G       3.7G       107M       5.7M        29M       3.2G

MemTotal:        4016004 kB
MemFree:          110436 kB
Active:           359468 kB
Mem:          3.8G       3.7G       107M       5.7M        29M       3.2G

MemTotal:        4016004 kB
MemFree:          109816 kB
Active:           359500 kB
Mem:          3.8G       3.7G       107M       5.7M        29M       3.2G

MemTotal:        4016004 kB
MemFree:          110188 kB
Active:           359468 kB
Mem:          3.8G       3.7G       107M       5.7M        29M       3.2G

MemTotal:        4016004 kB
MemFree:          110436 kB
Active:           359444 kB
Mem:          3.8G       3.7G       107M       5.7M        29M       3.2G

MemTotal:        4016004 kB
MemFree:          110312 kB
Active:           359476 kB
Mem:          3.8G       3.7G       107M       5.7M        29M       3.2G

MemTotal:        4016004 kB
MemFree:          110312 kB
Active:           359488 kB
Mem:          3.8G       3.7G       107M       5.7M        29M       3.2G

MemTotal:        4016004 kB
MemFree:          110188 kB
Active:           359464 kB
Mem:          3.8G       3.7G       107M       5.7M        29M       3.2G

MemTotal:        4016004 kB
MemFree:          110312 kB
Active:           359468 kB
Mem:          3.8G       3.7G       107M       5.7M        29M       3.2G

MemTotal:        4016004 kB
MemFree:          109816 kB
Active:           359508 kB
Mem:          3.8G       3.7G       107M       5.7M        29M       3.2G

MemTotal:        4016004 kB
MemFree:          110312 kB
Active:           359456 kB
Mem:          3.8G       3.7G       107M       5.7M        29M       3.2G

MemTotal:        4016004 kB
MemFree:          110312 kB
Active:           359468 kB
Mem:          3.8G       3.7G       107M       5.7M        29M       3.2G

MemTotal:        4016004 kB
MemFree:          110436 kB
Active:           359496 kB
Mem:          3.8G       3.7G       107M       5.7M        29M       3.2G

MemTotal:        4016004 kB
MemFree:          110312 kB
Active:           359456 kB
Mem:          3.8G       3.7G       107M       5.7M        29M       3.2G

MemTotal:        4016004 kB
MemFree:          110312 kB
Active:           359476 kB
Mem:          3.8G       3.7G       107M       5.7M        29M       3.2G

MemTotal:        4016004 kB
MemFree:          110312 kB
Active:           359500 kB
Mem:          3.8G       3.7G       107M       5.7M        29M       3.2G

MemTotal:        4016004 kB
MemFree:          109940 kB
Active:           359528 kB
Mem:          3.8G       3.7G       107M       5.7M        29M       3.2G

MemTotal:        4016004 kB
MemFree:          110436 kB
Active:           359484 kB
Mem:          3.8G       3.7G       107M       5.7M        29M       3.2G

MemTotal:        4016004 kB
MemFree:          109940 kB
Active:           359528 kB
Mem:          3.8G       3.7G       107M       5.7M        29M       3.2G

MemTotal:        4016004 kB
MemFree:          110436 kB
Active:           359492 kB
Mem:          3.8G       3.7G       107M       5.7M        29M       3.2G

MemTotal:        4016004 kB
MemFree:          110312 kB
Active:           359508 kB
Mem:          3.8G       3.7G       107M       5.7M        29M       3.2G

MemTotal:        4016004 kB
MemFree:          110436 kB
Active:           359488 kB
Mem:          3.8G       3.7G       107M       5.7M        29M       3.2G

MemTotal:        4016004 kB
MemFree:          110436 kB
Active:           359524 kB
Mem:          3.8G       3.7G       107M       5.7M        29M       3.2G

MemTotal:        4016004 kB
MemFree:          110312 kB
Active:           359532 kB
Mem:          3.8G       3.7G       107M       5.7M        29M       3.2G

MemTotal:        4016004 kB
MemFree:          110188 kB
Active:           359492 kB
Mem:          3.8G       3.7G       107M       5.7M        29M       3.2G

MemTotal:        4016004 kB
MemFree:          109940 kB
Active:           359536 kB
Mem:          3.8G       3.7G       107M       5.7M        29M       3.2G

MemTotal:        4016004 kB
MemFree:          109940 kB
Active:           359536 kB
Mem:          3.8G       3.7G       107M       5.7M        29M       3.2G

MemTotal:        4016004 kB
MemFree:          110188 kB
Active:           359484 kB
Mem:          3.8G       3.7G       107M       5.7M        29M       3.2G

MemTotal:        4016004 kB
MemFree:          109940 kB
Active:           359540 kB
Mem:          3.8G       3.7G       107M       5.7M        29M       3.2G

MemTotal:        4016004 kB
MemFree:          110188 kB
Active:           359484 kB
Mem:          3.8G       3.7G       107M       5.7M        29M       3.2G

MemTotal:        4016004 kB
MemFree:          110312 kB
Active:           359500 kB
Mem:          3.8G       3.7G       107M       5.7M        29M       3.2G

MemTotal:        4016004 kB
MemFree:          110312 kB
Active:           359528 kB
Mem:          3.8G       3.7G       107M       5.7M        29M       3.2G

MemTotal:        4016004 kB
MemFree:          110188 kB
Active:           359496 kB
Mem:          3.8G       3.7G       107M       5.7M        29M       3.2G

MemTotal:        4016004 kB
MemFree:          110188 kB
Active:           359520 kB
Mem:          3.8G       3.7G       107M       5.7M        29M       3.2G

MemTotal:        4016004 kB
MemFree:          110312 kB
Active:           359544 kB
Mem:          3.8G       3.7G       107M       5.7M        29M       3.2G

MemTotal:        4016004 kB
MemFree:          109816 kB
Active:           359556 kB
Mem:          3.8G       3.7G       107M       5.7M        29M       3.2G

MemTotal:        4016004 kB
MemFree:          109816 kB
Active:           359564 kB
Mem:          3.8G       3.7G       107M       5.7M        29M       3.2G

MemTotal:        4016004 kB
MemFree:          110188 kB
Active:           359520 kB
Mem:          3.8G       3.7G       107M       5.7M        29M       3.2G

MemTotal:        4016004 kB
MemFree:          109816 kB
Active:           359568 kB
Mem:          3.8G       3.7G       107M       5.7M        29M       3.2G

MemTotal:        4016004 kB
MemFree:          109816 kB
Active:           359568 kB
Mem:          3.8G       3.7G       107M       5.7M        29M       3.2G

MemTotal:        4016004 kB
MemFree:          109816 kB
Active:           359572 kB
Mem:          3.8G       3.7G       107M       5.7M        29M       3.2G

MemTotal:        4016004 kB
MemFree:          110188 kB
Active:           359528 kB
Mem:          3.8G       3.7G       107M       5.7M        29M       3.2G

MemTotal:        4016004 kB
MemFree:          110312 kB
Active:           359544 kB
Mem:          3.8G       3.7G       107M       5.7M        29M       3.2G

MemTotal:        4016004 kB
MemFree:          110188 kB
Active:           359552 kB
Mem:          3.8G       3.7G       107M       5.7M        29M       3.2G

MemTotal:        4016004 kB
MemFree:          110312 kB
Active:           359556 kB
Mem:          3.8G       3.7G       107M       5.7M        29M       3.2G

MemTotal:        4016004 kB
MemFree:          110188 kB
Active:           359584 kB
Mem:          3.8G       3.7G       107M       5.7M        29M       3.2G

MemTotal:        4016004 kB
MemFree:          110436 kB
Active:           359580 kB
Mem:          3.8G       3.7G       107M       5.7M        29M       3.2G

MemTotal:        4016004 kB
MemFree:          110808 kB
Active:           359580 kB
Mem:          3.8G       3.7G       107M       5.7M        29M       3.2G

MemTotal:        4016004 kB
MemFree:          110684 kB
Active:           359576 kB
Mem:          3.8G       3.7G       107M       5.7M        29M       3.2G

MemTotal:        4016004 kB
MemFree:          110808 kB
Active:           359564 kB
Mem:          3.8G       3.7G       107M       5.7M        29M       3.2G

MemTotal:        4016004 kB
MemFree:          110808 kB
Active:           359572 kB
Mem:          3.8G       3.7G       108M       5.7M        29M       3.2G

MemTotal:        4016004 kB
MemFree:          110684 kB
Active:           359584 kB
Mem:          3.8G       3.7G       108M       5.7M        29M       3.2G

MemTotal:        4016004 kB
MemFree:          110064 kB
Active:           359600 kB
Mem:          3.8G       3.7G       107M       5.7M        29M       3.2G

MemTotal:        4016004 kB
MemFree:          110560 kB
Active:           359564 kB
Mem:          3.8G       3.7G       107M       5.7M        29M       3.2G

MemTotal:        4016004 kB
MemFree:          110684 kB
Active:           359568 kB
Mem:          3.8G       3.7G       107M       5.7M        29M       3.2G

MemTotal:        4016004 kB
MemFree:          110188 kB
Active:           359608 kB
Mem:          3.8G       3.7G       107M       5.7M        29M       3.2G

MemTotal:        4016004 kB
MemFree:          110188 kB
Active:           359604 kB
Mem:          3.8G       3.7G       107M       5.7M        29M       3.2G

MemTotal:        4016004 kB
MemFree:          110188 kB
Active:           359588 kB
Mem:          3.8G       3.7G       107M       5.7M        29M       3.2G

MemTotal:        4016004 kB
MemFree:          110188 kB
Active:           359592 kB
Mem:          3.8G       3.7G       107M       5.7M        29M       3.2G

MemTotal:        4016004 kB
MemFree:          110312 kB
Active:           359588 kB
Mem:          3.8G       3.7G       107M       5.7M        29M       3.2G

MemTotal:        4016004 kB
MemFree:          110188 kB
Active:           359564 kB
Mem:          3.8G       3.7G       107M       5.7M        29M       3.2G

MemTotal:        4016004 kB
MemFree:          110064 kB
Active:           359596 kB
Mem:          3.8G       3.7G       107M       5.7M        29M       3.2G

MemTotal:        4016004 kB
MemFree:          109692 kB
Active:           359644 kB
Mem:          3.8G       3.7G       107M       5.7M        29M       3.2G

MemTotal:        4016004 kB
MemFree:          110064 kB
Active:           359592 kB
Mem:          3.8G       3.7G       107M       5.7M        29M       3.2G

MemTotal:        4016004 kB
MemFree:          110204 kB
Active:           359612 kB
Mem:          3.8G       3.7G       107M       5.7M        29M       3.2G

MemTotal:        4016004 kB
MemFree:          109692 kB
Active:           359696 kB
Mem:          3.8G       3.7G       107M       5.7M        29M       3.2G

MemTotal:        4016004 kB
MemFree:          110064 kB
Active:           359660 kB
Mem:          3.8G       3.7G       107M       5.7M        29M       3.2G

MemTotal:        4016004 kB
MemFree:          110064 kB
Active:           359688 kB
Mem:          3.8G       3.7G       107M       5.7M        29M       3.2G

MemTotal:        4016004 kB
MemFree:          110188 kB
Active:           359676 kB
Mem:          3.8G       3.7G       107M       5.7M        29M       3.2G

MemTotal:        4016004 kB
MemFree:          109692 kB
Active:           359704 kB
Mem:          3.8G       3.7G       107M       5.7M        29M       3.2G

MemTotal:        4016004 kB
MemFree:          110064 kB
Active:           359656 kB
Mem:          3.8G       3.7G       107M       5.7M        29M       3.2G

MemTotal:        4016004 kB
MemFree:          110064 kB
Active:           359672 kB
Mem:          3.8G       3.7G       107M       5.7M        29M       3.2G

MemTotal:        4016004 kB
MemFree:          109568 kB
Active:           359708 kB
Mem:          3.8G       3.7G       107M       5.7M        29M       3.2G

MemTotal:        4016004 kB
MemFree:          109940 kB
Active:           359676 kB
Mem:          3.8G       3.7G       107M       5.7M        29M       3.2G

MemTotal:        4016004 kB
MemFree:          110064 kB
Active:           359656 kB
Mem:          3.8G       3.7G       107M       5.7M        29M       3.2G

MemTotal:        4016004 kB
MemFree:          109940 kB
Active:           359692 kB
Mem:          3.8G       3.7G       107M       5.7M        29M       3.2G

MemTotal:        4016004 kB
MemFree:          109692 kB
Active:           359712 kB
Mem:          3.8G       3.7G       107M       5.7M        29M       3.2G

MemTotal:        4016004 kB
MemFree:          109940 kB
Active:           359676 kB
Mem:          3.8G       3.7G       107M       5.7M        29M       3.2G

MemTotal:        4016004 kB
MemFree:          110064 kB
Active:           359684 kB
Mem:          3.8G       3.7G       107M       5.7M        29M       3.2G

MemTotal:        4016004 kB
MemFree:          110072 kB
Active:           359672 kB
Mem:          3.8G       3.7G       107M       5.7M        29M       3.2G

MemTotal:        4016004 kB
MemFree:          109576 kB
Active:           359720 kB
Mem:          3.8G       3.7G       107M       5.7M        29M       3.2G

MemTotal:        4016004 kB
MemFree:          110088 kB
Active:           359704 kB
Mem:          3.8G       3.7G       107M       5.7M        29M       3.2G

MemTotal:        4016004 kB
MemFree:          109716 kB
Active:           359712 kB
Mem:          3.8G       3.7G       107M       5.7M        29M       3.2G

MemTotal:        4016004 kB
MemFree:          109964 kB
Active:           359664 kB
Mem:          3.8G       3.7G       107M       5.7M        29M       3.2G

MemTotal:        4016004 kB
MemFree:          109592 kB
Active:           359724 kB
Mem:          3.8G       3.7G       107M       5.7M        29M       3.2G

MemTotal:        4016004 kB
MemFree:          109840 kB
Active:           359676 kB
Mem:          3.8G       3.7G       107M       5.7M        29M       3.2G

MemTotal:        4016004 kB
MemFree:          109964 kB
Active:           359684 kB
Mem:          3.8G       3.7G       107M       5.7M        29M       3.2G

MemTotal:        4016004 kB
MemFree:          109964 kB
Active:           359700 kB
Mem:          3.8G       3.7G       107M       5.7M        29M       3.2G

MemTotal:        4016004 kB
MemFree:          109840 kB
Active:           359708 kB
Mem:          3.8G       3.7G       107M       5.7M        29M       3.2G

MemTotal:        4016004 kB
MemFree:          109592 kB
Active:           359728 kB
Mem:          3.8G       3.7G       107M       5.7M        29M       3.2G

MemTotal:        4016004 kB
MemFree:          109840 kB
Active:           359680 kB
Mem:          3.8G       3.7G       107M       5.7M        29M       3.2G

MemTotal:        4016004 kB
MemFree:          110088 kB
Active:           359680 kB
Mem:          3.8G       3.7G       107M       5.7M        29M       3.2G

MemTotal:        4016004 kB
MemFree:          109964 kB
Active:           359696 kB
Mem:          3.8G       3.7G       107M       5.7M        29M       3.2G

MemTotal:        4016004 kB
MemFree:          109468 kB
Active:           359744 kB
Mem:          3.8G       3.7G       107M       5.7M        29M       3.2G

MemTotal:        4016004 kB
MemFree:          109964 kB
Active:           359708 kB
Mem:          3.8G       3.7G       107M       5.7M        29M       3.2G

MemTotal:        4016004 kB
MemFree:          109964 kB
Active:           359728 kB
Mem:          3.8G       3.7G       107M       5.7M        29M       3.2G

MemTotal:        4016004 kB
MemFree:          109964 kB
Active:           359696 kB
Mem:          3.8G       3.7G       107M       5.7M        29M       3.2G

MemTotal:        4016004 kB
MemFree:          109716 kB
Active:           359748 kB
Mem:          3.8G       3.7G       107M       5.7M        29M       3.2G

MemTotal:        4016004 kB
MemFree:          109592 kB
Active:           359748 kB
Mem:          3.8G       3.7G       107M       5.7M        29M       3.2G

MemTotal:        4016004 kB
MemFree:          109592 kB
Active:           359752 kB
Mem:          3.8G       3.7G       107M       5.7M        29M       3.2G

MemTotal:        4016004 kB
MemFree:          110088 kB
Active:           359740 kB
Mem:          3.8G       3.7G       107M       5.7M        29M       3.2G

MemTotal:        4016004 kB
MemFree:          110088 kB
Active:           359748 kB
Mem:          3.8G       3.7G       107M       5.7M        29M       3.2G

MemTotal:        4016004 kB
MemFree:          110336 kB
Active:           359696 kB
Mem:          3.8G       3.7G       107M       5.7M        29M       3.2G

MemTotal:        4016004 kB
MemFree:          109840 kB
Active:           359752 kB
Mem:          3.8G       3.7G       107M       5.7M        29M       3.2G

MemTotal:        4016004 kB
MemFree:          110212 kB
Active:           359696 kB
Mem:          3.8G       3.7G       107M       5.7M        29M       3.2G

MemTotal:        4016004 kB
MemFree:          110088 kB
Active:           359752 kB
Mem:          3.8G       3.7G       107M       5.7M        29M       3.2G

MemTotal:        4016004 kB
MemFree:          109716 kB
Active:           359768 kB
Mem:          3.8G       3.7G       107M       5.7M        29M       3.2G

MemTotal:        4016004 kB
MemFree:          109964 kB
Active:           359764 kB
Mem:          3.8G       3.7G       107M       5.7M        29M       3.2G

MemTotal:        4016004 kB
MemFree:          109964 kB
Active:           359732 kB
Mem:          3.8G       3.7G       107M       5.7M        29M       3.2G

MemTotal:        4016004 kB
MemFree:          109964 kB
Active:           359740 kB
Mem:          3.8G       3.7G       107M       5.7M        29M       3.2G

MemTotal:        4016004 kB
MemFree:          109592 kB
Active:           359768 kB
Mem:          3.8G       3.7G       107M       5.7M        29M       3.2G

MemTotal:        4016004 kB
MemFree:          109840 kB
Active:           359760 kB
Mem:          3.8G       3.7G       107M       5.7M        29M       3.2G

MemTotal:        4016004 kB
MemFree:          109964 kB
Active:           359764 kB
Mem:          3.8G       3.7G       107M       5.7M        29M       3.2G

MemTotal:        4016004 kB
MemFree:          109592 kB
Active:           359780 kB
Mem:          3.8G       3.7G       107M       5.7M        29M       3.2G

MemTotal:        4016004 kB
MemFree:          110088 kB
Active:           359772 kB
Mem:          3.8G       3.7G       107M       5.7M        29M       3.2G

MemTotal:        4016004 kB
MemFree:          109964 kB
Active:           359772 kB
Mem:          3.8G       3.7G       107M       5.7M        29M       3.2G

MemTotal:        4016004 kB
MemFree:          109468 kB
Active:           359780 kB
Mem:          3.8G       3.7G       107M       5.7M        29M       3.2G

MemTotal:        4016004 kB
MemFree:          109964 kB
Active:           359736 kB
Mem:          3.8G       3.7G       107M       5.7M        29M       3.2G

MemTotal:        4016004 kB
MemFree:          109592 kB
Active:           359780 kB
Mem:          3.8G       3.7G       107M       5.7M        29M       3.2G

MemTotal:        4016004 kB
MemFree:          110088 kB
Active:           359736 kB
Mem:          3.8G       3.7G       107M       5.7M        29M       3.2G

MemTotal:        4016004 kB
MemFree:          109468 kB
Active:           359788 kB
Mem:          3.8G       3.7G       107M       5.7M        29M       3.2G

MemTotal:        4016004 kB
MemFree:          109840 kB
Active:           359732 kB
Mem:          3.8G       3.7G       107M       5.7M        29M       3.2G

MemTotal:        4016004 kB
MemFree:          109840 kB
Active:           359780 kB
Mem:          3.8G       3.7G       107M       5.7M        29M       3.2G

MemTotal:        4016004 kB
MemFree:          109592 kB
Active:           359788 kB
Mem:          3.8G       3.7G       107M       5.7M        29M       3.2G

MemTotal:        4016004 kB
MemFree:          109468 kB
Active:           359788 kB
Mem:          3.8G       3.7G       107M       5.7M        29M       3.2G

MemTotal:        4016004 kB
MemFree:          109964 kB
Active:           359744 kB
Mem:          3.8G       3.7G       107M       5.7M        29M       3.2G

MemTotal:        4016004 kB
MemFree:          109592 kB
Active:           359792 kB
Mem:          3.8G       3.7G       107M       5.7M        29M       3.2G

MemTotal:        4016004 kB
MemFree:          109840 kB
Active:           359784 kB
Mem:          3.8G       3.7G       107M       5.7M        29M       3.2G

MemTotal:        4016004 kB
MemFree:          109840 kB
Active:           359740 kB
Mem:          3.8G       3.7G       107M       5.7M        29M       3.2G

MemTotal:        4016004 kB
MemFree:          109964 kB
Active:           359748 kB
Mem:          3.8G       3.7G       107M       5.7M        29M       3.2G

MemTotal:        4016004 kB
MemFree:          109964 kB
Active:           359792 kB
Mem:          3.8G       3.7G       107M       5.7M        29M       3.2G

MemTotal:        4016004 kB
MemFree:          109964 kB
Active:           359792 kB
Mem:          3.8G       3.7G       107M       5.7M        29M       3.2G

MemTotal:        4016004 kB
MemFree:          109840 kB
Active:           359744 kB
Mem:          3.8G       3.7G       107M       5.7M        29M       3.2G

MemTotal:        4016004 kB
MemFree:          109468 kB
Active:           359804 kB
Mem:          3.8G       3.7G       106M       5.7M        29M       3.2G

MemTotal:        4016004 kB
MemFree:          109716 kB
Active:           359772 kB
Mem:          3.8G       3.7G       107M       5.7M        29M       3.2G

MemTotal:        4016004 kB
MemFree:          109840 kB
Active:           359792 kB
Mem:          3.8G       3.7G       107M       5.7M        29M       3.2G

MemTotal:        4016004 kB
MemFree:          109716 kB
Active:           359780 kB
Mem:          3.8G       3.7G       107M       5.7M        29M       3.2G

MemTotal:        4016004 kB
MemFree:          109468 kB
Active:           359812 kB
Mem:          3.8G       3.7G       106M       5.7M        29M       3.2G

MemTotal:        4016004 kB
MemFree:          109964 kB
Active:           359768 kB
Mem:          3.8G       3.7G       107M       5.7M        29M       3.2G

MemTotal:        4016004 kB
MemFree:          109840 kB
Active:           359796 kB
Mem:          3.8G       3.7G       107M       5.7M        29M       3.2G

MemTotal:        4016004 kB
MemFree:          109840 kB
Active:           359768 kB
Mem:          3.8G       3.7G       107M       5.7M        29M       3.2G

MemTotal:        4016004 kB
MemFree:          109840 kB
Active:           359796 kB
Mem:          3.8G       3.7G       107M       5.7M        29M       3.2G

MemTotal:        4016004 kB
MemFree:          109840 kB
Active:           359816 kB
Mem:          3.8G       3.7G       107M       5.7M        29M       3.2G

MemTotal:        4016004 kB
MemFree:          109592 kB
Active:           359828 kB
Mem:          3.8G       3.7G       107M       5.7M        29M       3.2G

MemTotal:        4016004 kB
MemFree:          109716 kB
Active:           359780 kB
Mem:          3.8G       3.7G       107M       5.7M        29M       3.2G

MemTotal:        4016004 kB
MemFree:          109468 kB
Active:           359836 kB
Mem:          3.8G       3.7G       106M       5.7M        29M       3.2G

MemTotal:        4016004 kB
MemFree:          109592 kB
Active:           359792 kB
Mem:          3.8G       3.7G       107M       5.7M        29M       3.2G

MemTotal:        4016004 kB
MemFree:          109840 kB
Active:           359808 kB
Mem:          3.8G       3.7G       107M       5.7M        29M       3.2G

MemTotal:        4016004 kB
MemFree:          109468 kB
Active:           359836 kB
Mem:          3.8G       3.7G       107M       5.7M        29M       3.2G

MemTotal:        4016004 kB
MemFree:          109716 kB
Active:           359792 kB
Mem:          3.8G       3.7G       107M       5.7M        29M       3.2G

MemTotal:        4016004 kB
MemFree:          109716 kB
Active:           359796 kB
Mem:          3.8G       3.7G       107M       5.7M        29M       3.2G

MemTotal:        4016004 kB
MemFree:          109716 kB
Active:           359824 kB
Mem:          3.8G       3.7G       107M       5.7M        29M       3.2G

MemTotal:        4016004 kB
MemFree:          109840 kB
Active:           359816 kB
Mem:          3.8G       3.7G       107M       5.7M        29M       3.2G

MemTotal:        4016004 kB
MemFree:          109840 kB
Active:           359816 kB
Mem:          3.8G       3.7G       107M       5.7M        29M       3.2G

MemTotal:        4016004 kB
MemFree:          109344 kB
Active:           359840 kB
Mem:          3.8G       3.7G       107M       5.7M        29M       3.2G

MemTotal:        4016004 kB
MemFree:          109964 kB
Active:           359792 kB
Mem:          3.8G       3.7G       107M       5.7M        29M       3.2G

MemTotal:        4016004 kB
MemFree:          109840 kB
Active:           359796 kB
Mem:          3.8G       3.7G       107M       5.7M        29M       3.2G

MemTotal:        4016004 kB
MemFree:          109840 kB
Active:           359812 kB
Mem:          3.8G       3.7G       107M       5.7M        29M       3.2G

MemTotal:        4016004 kB
MemFree:          109608 kB
Active:           359852 kB
Mem:          3.8G       3.7G       107M       5.7M        29M       3.2G

MemTotal:        4016004 kB
MemFree:          109856 kB
Active:           359820 kB
Mem:          3.8G       3.7G       107M       5.7M        29M       3.2G

MemTotal:        4016004 kB
MemFree:          109980 kB
Active:           359800 kB
Mem:          3.8G       3.7G       107M       5.7M        29M       3.2G

MemTotal:        4016004 kB
MemFree:          110228 kB
Active:           359816 kB
Mem:          3.8G       3.7G       107M       5.7M        29M       3.2G

MemTotal:        4016004 kB
MemFree:          109980 kB
Active:           359860 kB
Mem:          3.8G       3.7G       107M       5.7M        29M       3.2G

MemTotal:        4016004 kB
MemFree:          110228 kB
Active:           359824 kB
Mem:          3.8G       3.7G       107M       5.7M        29M       3.2G

MemTotal:        4016004 kB
MemFree:          109980 kB
Active:           359852 kB
Mem:          3.8G       3.7G       107M       5.7M        29M       3.2G

MemTotal:        4016004 kB
MemFree:          109856 kB
Active:           359832 kB
Mem:          3.8G       3.7G       107M       5.7M        29M       3.2G

MemTotal:        4016004 kB
MemFree:          109980 kB
Active:           359848 kB
Mem:          3.8G       3.7G       107M       5.7M        29M       3.2G

MemTotal:        4016004 kB
MemFree:          109980 kB
Active:           359836 kB
Mem:          3.8G       3.7G       107M       5.7M        29M       3.2G

MemTotal:        4016004 kB
MemFree:          109608 kB
Active:           359876 kB
Mem:          3.8G       3.7G       107M       5.7M        29M       3.2G

MemTotal:        4016004 kB
MemFree:          110104 kB
Active:           359868 kB
Mem:          3.8G       3.7G       107M       5.7M        29M       3.2G

MemTotal:        4016004 kB
MemFree:          110104 kB
Active:           359832 kB
Mem:          3.8G       3.7G       107M       5.7M        29M       3.2G

MemTotal:        4016004 kB
MemFree:          110104 kB
Active:           359868 kB
Mem:          3.8G       3.7G       107M       5.7M        29M       3.2G

MemTotal:        4016004 kB
MemFree:          109360 kB
Active:           359876 kB
Mem:          3.8G       3.7G       107M       5.7M        29M       3.2G

MemTotal:        4016004 kB
MemFree:          110104 kB
Active:           359860 kB
Mem:          3.8G       3.7G       107M       5.7M        29M       3.2G

MemTotal:        4016004 kB
MemFree:          109484 kB
Active:           359884 kB
Mem:          3.8G       3.7G       107M       5.7M        29M       3.2G

MemTotal:        4016004 kB
MemFree:          109980 kB
Active:           359848 kB
Mem:          3.8G       3.7G       107M       5.7M        29M       3.2G

MemTotal:        4016004 kB
MemFree:          110104 kB
Active:           359828 kB
Mem:          3.8G       3.7G       107M       5.7M        29M       3.2G

MemTotal:        4016004 kB
MemFree:          109980 kB
Active:           359852 kB
Mem:          3.8G       3.7G       107M       5.7M        29M       3.2G

MemTotal:        4016004 kB
MemFree:          109608 kB
Active:           359884 kB
Mem:          3.8G       3.7G       107M       5.7M        29M       3.2G

MemTotal:        4016004 kB
MemFree:          109980 kB
Active:           359840 kB
Mem:          3.8G       3.7G       107M       5.7M        29M       3.2G

MemTotal:        4016004 kB
MemFree:          109980 kB
Active:           359868 kB
Mem:          3.8G       3.7G       107M       5.7M        29M       3.2G

MemTotal:        4016004 kB
MemFree:          109980 kB
Active:           359880 kB
Mem:          3.8G       3.7G       107M       5.7M        29M       3.2G

MemTotal:        4016004 kB
MemFree:          109732 kB
Active:           359896 kB
Mem:          3.8G       3.7G       107M       5.7M        29M       3.2G

MemTotal:        4016004 kB
MemFree:          109980 kB
Active:           359860 kB
Mem:          3.8G       3.7G       107M       5.7M        29M       3.2G

MemTotal:        4016004 kB
MemFree:          110104 kB
Active:           359868 kB
Mem:          3.8G       3.7G       107M       5.7M        29M       3.2G

MemTotal:        4016004 kB
MemFree:          109484 kB
Active:           359896 kB
Mem:          3.8G       3.7G       107M       5.7M        29M       3.2G

MemTotal:        4016004 kB
MemFree:          109980 kB
Active:           359884 kB
Mem:          3.8G       3.7G       107M       5.7M        29M       3.2G

MemTotal:        4016004 kB
MemFree:          109980 kB
Active:           359848 kB
Mem:          3.8G       3.7G       107M       5.7M        29M       3.2G

MemTotal:        4016004 kB
MemFree:          109856 kB
Active:           359856 kB
Mem:          3.8G       3.7G       107M       5.7M        29M       3.2G

MemTotal:        4016004 kB
MemFree:          109980 kB
Active:           359884 kB
Mem:          3.8G       3.7G       107M       5.7M        29M       3.2G

MemTotal:        4016004 kB
MemFree:          109980 kB
Active:           359856 kB
Mem:          3.8G       3.7G       107M       5.7M        29M       3.2G

MemTotal:        4016004 kB
MemFree:          110104 kB
Active:           359876 kB
Mem:          3.8G       3.7G       107M       5.7M        29M       3.2G

MemTotal:        4016004 kB
MemFree:          109980 kB
Active:           359908 kB
Mem:          3.8G       3.7G       107M       5.7M        29M       3.2G

MemTotal:        4016004 kB
MemFree:          109980 kB
Active:           359864 kB
Mem:          3.8G       3.7G       107M       5.7M        29M       3.2G

MemTotal:        4016004 kB
MemFree:          109484 kB
Active:           359928 kB
Mem:          3.8G       3.7G       107M       5.7M        29M       3.2G

MemTotal:        4016004 kB
MemFree:          109856 kB
Active:           359892 kB
Mem:          3.8G       3.7G       107M       5.7M        29M       3.2G

MemTotal:        4016004 kB
MemFree:          109856 kB
Active:           359900 kB
Mem:          3.8G       3.7G       107M       5.7M        29M       3.2G

MemTotal:        4016004 kB
MemFree:          109608 kB
Active:           359932 kB
Mem:          3.8G       3.7G       107M       5.7M        29M       3.2G

MemTotal:        4016004 kB
MemFree:          109484 kB
Active:           359932 kB
Mem:          3.8G       3.7G       107M       5.7M        29M       3.2G

MemTotal:        4016004 kB
MemFree:          109608 kB
Active:           359932 kB
Mem:          3.8G       3.7G       107M       5.7M        29M       3.2G

MemTotal:        4016004 kB
MemFree:          109732 kB
Active:           359876 kB
Mem:          3.8G       3.7G       107M       5.7M        29M       3.2G

MemTotal:        4016004 kB
MemFree:          109608 kB
Active:           359932 kB
Mem:          3.8G       3.7G       107M       5.7M        29M       3.2G

MemTotal:        4016004 kB
MemFree:          109980 kB
Active:           359908 kB
Mem:          3.8G       3.7G       107M       5.7M        29M       3.2G

MemTotal:        4016004 kB
MemFree:          109980 kB
Active:           359924 kB
Mem:          3.8G       3.7G       107M       5.7M        29M       3.2G

MemTotal:        4016004 kB
MemFree:          109608 kB
Active:           359940 kB
Mem:          3.8G       3.7G       107M       5.7M        29M       3.2G

MemTotal:        4016004 kB
MemFree:          109608 kB
Active:           359940 kB
Mem:          3.8G       3.7G       107M       5.7M        29M       3.2G

MemTotal:        4016004 kB
MemFree:          109980 kB
Active:           359912 kB
Mem:          3.8G       3.7G       107M       5.7M        29M       3.2G

MemTotal:        4016004 kB
MemFree:          109980 kB
Active:           359908 kB
Mem:          3.8G       3.7G       107M       5.7M        29M       3.2G

MemTotal:        4016004 kB
MemFree:          109732 kB
Active:           359948 kB
Mem:          3.8G       3.7G       107M       5.7M        29M       3.2G

MemTotal:        4016004 kB
MemFree:          109608 kB
Active:           359952 kB
Mem:          3.8G       3.7G       107M       5.7M        29M       3.2G

MemTotal:        4016004 kB
MemFree:          109856 kB
Active:           359948 kB
Mem:          3.8G       3.7G       107M       5.7M        29M       3.2G

MemTotal:        4016004 kB
MemFree:          109360 kB
Active:           359956 kB
Mem:          3.8G       3.7G       107M       5.7M        29M       3.2G

MemTotal:        4016004 kB
MemFree:          109360 kB
Active:           359956 kB
Mem:          3.8G       3.7G       107M       5.7M        29M       3.2G

MemTotal:        4016004 kB
MemFree:          109856 kB
Active:           359956 kB
Mem:          3.8G       3.7G       107M       5.7M        29M       3.2G

MemTotal:        4016004 kB
MemFree:          109484 kB
Active:           359964 kB
Mem:          3.8G       3.7G       106M       5.7M        29M       3.2G

MemTotal:        4016004 kB
MemFree:          109980 kB
Active:           359908 kB
