MemTotal:        4016004 kB
MemFree:         3229420 kB
Active:           431268 kB
Mem:          3.8G       768M       3.1G       5.7M        55M       319M

MemTotal:        4016004 kB
MemFree:         3228400 kB
Active:           431520 kB
Mem:          3.8G       769M       3.1G       5.7M        55M       319M

MemTotal:        4016004 kB
MemFree:         3228244 kB
Active:           431584 kB
Mem:          3.8G       769M       3.1G       5.7M        55M       319M

MemTotal:        4016004 kB
MemFree:         3227996 kB
Active:           431628 kB
Mem:          3.8G       769M       3.1G       5.7M        55M       319M

MemTotal:        4016004 kB
MemFree:         3228492 kB
Active:           431584 kB
Mem:          3.8G       769M       3.1G       5.7M        55M       319M

MemTotal:        4016004 kB
MemFree:         3228228 kB
Active:           431580 kB
Mem:          3.8G       769M       3.1G       5.7M        55M       319M

MemTotal:        4016004 kB
MemFree:         3228212 kB
Active:           431616 kB
Mem:          3.8G       769M       3.1G       5.7M        55M       319M

MemTotal:        4016004 kB
MemFree:         3228196 kB
Active:           431600 kB
Mem:          3.8G       769M       3.1G       5.7M        55M       319M

MemTotal:        4016004 kB
MemFree:         3228676 kB
Active:           431632 kB
Mem:          3.8G       769M       3.1G       5.7M        55M       319M

MemTotal:        4016004 kB
MemFree:         3228784 kB
Active:           431628 kB
Mem:          3.8G       768M       3.1G       5.7M        55M       319M

MemTotal:        4016004 kB
MemFree:         3228644 kB
Active:           431612 kB
Mem:          3.8G       768M       3.1G       5.7M        55M       319M

MemTotal:        4016004 kB
MemFree:         3228752 kB
Active:           431596 kB
Mem:          3.8G       768M       3.1G       5.7M        55M       319M

MemTotal:        4016004 kB
MemFree:         3228736 kB
Active:           431608 kB
Mem:          3.8G       768M       3.1G       5.7M        55M       319M

MemTotal:        4016004 kB
MemFree:         3228596 kB
Active:           431604 kB
Mem:          3.8G       769M       3.1G       5.7M        55M       319M

MemTotal:        4016004 kB
MemFree:         3227960 kB
Active:           431640 kB
Mem:          3.8G       769M       3.1G       5.7M        55M       319M

MemTotal:        4016004 kB
MemFree:         3228332 kB
Active:           431620 kB
Mem:          3.8G       769M       3.1G       5.7M        55M       319M

MemTotal:        4016004 kB
MemFree:         3228348 kB
Active:           431620 kB
Mem:          3.8G       769M       3.1G       5.7M        55M       319M

MemTotal:        4016004 kB
MemFree:         3227976 kB
Active:           431640 kB
Mem:          3.8G       769M       3.1G       5.7M        55M       319M

MemTotal:        4016004 kB
MemFree:         3227728 kB
Active:           431600 kB
Mem:          3.8G       769M       3.1G       5.7M        55M       319M

MemTotal:        4016004 kB
MemFree:         3227604 kB
Active:           431592 kB
Mem:          3.8G       769M       3.1G       5.7M        55M       319M

MemTotal:        4016004 kB
MemFree:         3227836 kB
Active:           431620 kB
Mem:          3.8G       769M       3.1G       5.7M        55M       319M

MemTotal:        4016004 kB
MemFree:         3227448 kB
Active:           431648 kB
Mem:          3.8G       769M       3.1G       5.7M        55M       319M

MemTotal:        4016004 kB
MemFree:         3227804 kB
Active:           431648 kB
Mem:          3.8G       769M       3.1G       5.7M        55M       319M

MemTotal:        4016004 kB
MemFree:         3227788 kB
Active:           431624 kB
Mem:          3.8G       769M       3.1G       5.7M        55M       319M

MemTotal:        4016004 kB
MemFree:         3227772 kB
Active:           431600 kB
Mem:          3.8G       769M       3.1G       5.7M        55M       319M

MemTotal:        4016004 kB
MemFree:         3227756 kB
Active:           431652 kB
Mem:          3.8G       769M       3.1G       5.7M        55M       319M

MemTotal:        4016004 kB
MemFree:         3228004 kB
Active:           431620 kB
Mem:          3.8G       769M       3.1G       5.7M        55M       319M

MemTotal:        4016004 kB
MemFree:         3227740 kB
Active:           431652 kB
Mem:          3.8G       769M       3.1G       5.7M        55M       319M

MemTotal:        4016004 kB
MemFree:         3227368 kB
Active:           431672 kB
Mem:          3.8G       769M       3.1G       5.7M        55M       319M

MemTotal:        4016004 kB
MemFree:         3227616 kB
Active:           431644 kB
Mem:          3.8G       769M       3.1G       5.7M        55M       319M

MemTotal:        4016004 kB
MemFree:         3228072 kB
Active:           431636 kB
Mem:          3.8G       769M       3.1G       5.7M        55M       319M

MemTotal:        4016004 kB
MemFree:         3228072 kB
Active:           431616 kB
Mem:          3.8G       769M       3.1G       5.7M        55M       319M

MemTotal:        4016004 kB
MemFree:         3228072 kB
Active:           431664 kB
Mem:          3.8G       769M       3.1G       5.7M        55M       319M

MemTotal:        4016004 kB
MemFree:         3228072 kB
Active:           431660 kB
Mem:          3.8G       769M       3.1G       5.7M        55M       319M

MemTotal:        4016004 kB
MemFree:         3228320 kB
Active:           431648 kB
Mem:          3.8G       769M       3.1G       5.7M        55M       319M

MemTotal:        4016004 kB
MemFree:         3226272 kB
Active:           431660 kB
Mem:          3.8G       771M       3.1G       5.7M        55M       319M

MemTotal:        4016004 kB
MemFree:         3226024 kB
Active:           433704 kB
Mem:          3.8G       771M       3.1G       5.7M        55M       319M

MemTotal:        4016004 kB
MemFree:         3225776 kB
Active:           433704 kB
Mem:          3.8G       771M       3.1G       5.7M        55M       319M

MemTotal:        4016004 kB
MemFree:         3225776 kB
Active:           433696 kB
Mem:          3.8G       771M       3.1G       5.7M        55M       319M

MemTotal:        4016004 kB
MemFree:         3226024 kB
Active:           433652 kB
Mem:          3.8G       771M       3.1G       5.7M        55M       319M

MemTotal:        4016004 kB
MemFree:         3226132 kB
Active:           433688 kB
Mem:          3.8G       771M       3.1G       5.7M        55M       319M

MemTotal:        4016004 kB
MemFree:         3226488 kB
Active:           433676 kB
Mem:          3.8G       771M       3.1G       5.7M        55M       319M

MemTotal:        4016004 kB
MemFree:         3225744 kB
Active:           433720 kB
Mem:          3.8G       771M       3.1G       5.7M        55M       319M

MemTotal:        4016004 kB
MemFree:         3225868 kB
Active:           433696 kB
Mem:          3.8G       771M       3.1G       5.7M        55M       319M

MemTotal:        4016004 kB
MemFree:         3225976 kB
Active:           433668 kB
Mem:          3.8G       771M       3.1G       5.7M        55M       319M

MemTotal:        4016004 kB
MemFree:         3225960 kB
Active:           433696 kB
Mem:          3.8G       771M       3.1G       5.7M        55M       319M

MemTotal:        4016004 kB
MemFree:         3226332 kB
Active:           433716 kB
Mem:          3.8G       771M       3.1G       5.7M        55M       319M

MemTotal:        4016004 kB
MemFree:         3226068 kB
Active:           433688 kB
Mem:          3.8G       771M       3.1G       5.7M        55M       319M

MemTotal:        4016004 kB
MemFree:         3226148 kB
Active:           433708 kB
Mem:          3.8G       771M       3.1G       5.7M        55M       319M

MemTotal:        4016004 kB
MemFree:         3226272 kB
Active:           433700 kB
Mem:          3.8G       771M       3.1G       5.7M        55M       319M

MemTotal:        4016004 kB
MemFree:         3225900 kB
Active:           433732 kB
Mem:          3.8G       771M       3.1G       5.7M        55M       319M

MemTotal:        4016004 kB
MemFree:         3226148 kB
Active:           433680 kB
Mem:          3.8G       771M       3.1G       5.7M        55M       319M

MemTotal:        4016004 kB
MemFree:         3225900 kB
Active:           433748 kB
Mem:          3.8G       771M       3.1G       5.7M        55M       319M

MemTotal:        4016004 kB
MemFree:         3226148 kB
Active:           433692 kB
Mem:          3.8G       771M       3.1G       5.7M        55M       319M

MemTotal:        4016004 kB
MemFree:         3226520 kB
Active:           433720 kB
Mem:          3.8G       771M       3.1G       5.7M        55M       319M

MemTotal:        4016004 kB
MemFree:         3226324 kB
Active:           431844 kB
Mem:          3.8G       771M       3.1G       5.7M        55M       319M

MemTotal:        4016004 kB
MemFree:         3226084 kB
Active:           433752 kB
Mem:          3.8G       771M       3.1G       5.7M        55M       319M

MemTotal:        4016004 kB
MemFree:         3226084 kB
Active:           433724 kB
Mem:          3.8G       771M       3.1G       5.7M        55M       319M

MemTotal:        4016004 kB
MemFree:         3226208 kB
Active:           433764 kB
Mem:          3.8G       771M       3.1G       5.7M        55M       320M

MemTotal:        4016004 kB
MemFree:         3226316 kB
Active:           433728 kB
Mem:          3.8G       771M       3.1G       5.7M        55M       320M

MemTotal:        4016004 kB
MemFree:         3225944 kB
Active:           433772 kB
Mem:          3.8G       771M       3.1G       5.7M        55M       320M

MemTotal:        4016004 kB
MemFree:         3226316 kB
Active:           433720 kB
Mem:          3.8G       771M       3.1G       5.7M        55M       320M

MemTotal:        4016004 kB
MemFree:         3226316 kB
Active:           433740 kB
Mem:          3.8G       771M       3.1G       5.7M        55M       320M

MemTotal:        4016004 kB
MemFree:         3226316 kB
Active:           433752 kB
Mem:          3.8G       771M       3.1G       5.7M        55M       319M

MemTotal:        4016004 kB
MemFree:         3225804 kB
Active:           433780 kB
Mem:          3.8G       771M       3.1G       5.7M        55M       320M

MemTotal:        4016004 kB
MemFree:         3226300 kB
Active:           433736 kB
Mem:          3.8G       771M       3.1G       5.7M        55M       320M

MemTotal:        4016004 kB
MemFree:         3226424 kB
Active:           433752 kB
Mem:          3.8G       771M       3.1G       5.7M        55M       320M

MemTotal:        4016004 kB
MemFree:         3226284 kB
Active:           433764 kB
Mem:          3.8G       771M       3.1G       5.7M        55M       320M

MemTotal:        4016004 kB
MemFree:         3226284 kB
Active:           433732 kB
Mem:          3.8G       771M       3.1G       5.7M        55M       320M

MemTotal:        4016004 kB
MemFree:         3226144 kB
Active:           433756 kB
Mem:          3.8G       771M       3.1G       5.7M        55M       320M

MemTotal:        4016004 kB
MemFree:         3226252 kB
Active:           433764 kB
Mem:          3.8G       771M       3.1G       5.7M        55M       320M

MemTotal:        4016004 kB
MemFree:         3225864 kB
Active:           433784 kB
Mem:          3.8G       772M       3.1G       5.7M        55M       320M

MemTotal:        4016004 kB
MemFree:         3225492 kB
Active:           433760 kB
Mem:          3.8G       771M       3.1G       5.7M        55M       320M

MemTotal:        4016004 kB
MemFree:         3224980 kB
Active:           433784 kB
Mem:          3.8G       772M       3.1G       5.7M        55M       320M

MemTotal:        4016004 kB
MemFree:         3225476 kB
Active:           433764 kB
Mem:          3.8G       771M       3.1G       5.7M        55M       320M

MemTotal:        4016004 kB
MemFree:         3225476 kB
Active:           433748 kB
Mem:          3.8G       772M       3.1G       5.7M        55M       320M

MemTotal:        4016004 kB
MemFree:         3225460 kB
Active:           433780 kB
Mem:          3.8G       771M       3.1G       5.7M        55M       320M

MemTotal:        4016004 kB
MemFree:         3225072 kB
Active:           433788 kB
Mem:          3.8G       772M       3.1G       5.7M        55M       320M

MemTotal:        4016004 kB
MemFree:         3225320 kB
Active:           433784 kB
Mem:          3.8G       772M       3.1G       5.7M        55M       320M

MemTotal:        4016004 kB
MemFree:         3225180 kB
Active:           433760 kB
Mem:          3.8G       772M       3.1G       5.7M        55M       320M

MemTotal:        4016004 kB
MemFree:         3225180 kB
Active:           433768 kB
Mem:          3.8G       772M       3.1G       5.7M        55M       320M

MemTotal:        4016004 kB
MemFree:         3225180 kB
Active:           433776 kB
Mem:          3.8G       772M       3.1G       5.7M        55M       320M

MemTotal:        4016004 kB
MemFree:         3225180 kB
Active:           433796 kB
Mem:          3.8G       772M       3.1G       5.7M        55M       320M

MemTotal:        4016004 kB
MemFree:         3225352 kB
Active:           433768 kB
Mem:          3.8G       772M       3.1G       5.7M        55M       320M

MemTotal:        4016004 kB
MemFree:         3225476 kB
Active:           433792 kB
Mem:          3.8G       771M       3.1G       5.7M        55M       320M

MemTotal:        4016004 kB
MemFree:         3224980 kB
Active:           433812 kB
Mem:          3.8G       772M       3.1G       5.7M        55M       320M

MemTotal:        4016004 kB
MemFree:         3225600 kB
Active:           433756 kB
Mem:          3.8G       772M       3.1G       5.7M        55M       320M

MemTotal:        4016004 kB
MemFree:         3225600 kB
Active:           433812 kB
Mem:          3.8G       771M       3.1G       5.7M        55M       320M

MemTotal:        4016004 kB
MemFree:         3225848 kB
Active:           433808 kB
Mem:          3.8G       771M       3.1G       5.7M        55M       320M

MemTotal:        4016004 kB
MemFree:         3226220 kB
Active:           433804 kB
Mem:          3.8G       771M       3.1G       5.7M        55M       320M

MemTotal:        4016004 kB
MemFree:         3226344 kB
Active:           433788 kB
Mem:          3.8G       771M       3.1G       5.7M        55M       320M

MemTotal:        4016004 kB
MemFree:         3225848 kB
Active:           433820 kB
Mem:          3.8G       771M       3.1G       5.7M        55M       320M

MemTotal:        4016004 kB
MemFree:         3226096 kB
Active:           433820 kB
Mem:          3.8G       771M       3.1G       5.7M        55M       320M

MemTotal:        4016004 kB
MemFree:         3225972 kB
Active:           433784 kB
Mem:          3.8G       771M       3.1G       5.7M        55M       320M

MemTotal:        4016004 kB
MemFree:         3225972 kB
Active:           433788 kB
Mem:          3.8G       771M       3.1G       5.7M        55M       320M

MemTotal:        4016004 kB
MemFree:         3223800 kB
Active:           433792 kB
Mem:          3.8G       773M       3.1G       5.7M        55M       320M

MemTotal:        4016004 kB
MemFree:         3223800 kB
Active:           435792 kB
Mem:          3.8G       773M       3.1G       5.7M        55M       320M

MemTotal:        4016004 kB
MemFree:         3224004 kB
Active:           435804 kB
Mem:          3.8G       773M       3.1G       5.7M        55M       320M

MemTotal:        4016004 kB
MemFree:         3223880 kB
Active:           435824 kB
Mem:          3.8G       773M       3.1G       5.7M        55M       320M

MemTotal:        4016004 kB
MemFree:         3223632 kB
Active:           435856 kB
Mem:          3.8G       773M       3.1G       5.7M        55M       320M

MemTotal:        4016004 kB
MemFree:         3223304 kB
Active:           436096 kB
Mem:          3.8G       774M       3.1G       5.7M        55M       320M

MemTotal:        4016004 kB
MemFree:         3120216 kB
Active:           436732 kB
Mem:          3.8G       876M       3.0G       5.7M        55M       420M

MemTotal:        4016004 kB
MemFree:         3109652 kB
Active:           437192 kB
Mem:          3.8G       885M       3.0G       5.7M        55M       428M

MemTotal:        4016004 kB
MemFree:         3042084 kB
Active:           437256 kB
Mem:          3.8G       952M       2.9G       5.7M        55M       493M

MemTotal:        4016004 kB
MemFree:         2933856 kB
Active:           437412 kB
Mem:          3.8G       1.0G       2.8G       5.7M        55M       598M

MemTotal:        4016004 kB
MemFree:         2796404 kB
Active:           435472 kB
Mem:          3.8G       1.2G       2.7G       5.7M        55M       731M

MemTotal:        4016004 kB
MemFree:         2732664 kB
Active:           435088 kB
Mem:          3.8G       1.2G       2.6G       5.7M        55M       790M

MemTotal:        4016004 kB
MemFree:         2689852 kB
Active:           435172 kB
Mem:          3.8G       1.3G       2.6G       5.7M        55M       833M

MemTotal:        4016004 kB
MemFree:         2568912 kB
Active:           435328 kB
Mem:          3.8G       1.4G       2.4G       5.7M        55M       950M

MemTotal:        4016004 kB
MemFree:         2452608 kB
Active:           435260 kB
Mem:          3.8G       1.5G       2.3G       5.7M        55M       1.0G

MemTotal:        4016004 kB
MemFree:         2335996 kB
Active:           437396 kB
Mem:          3.8G       1.6G       2.2G       5.7M        55M       1.1G

MemTotal:        4016004 kB
MemFree:         2296292 kB
Active:           437308 kB
Mem:          3.8G       1.6G       2.2G       5.7M        55M       1.2G

MemTotal:        4016004 kB
MemFree:         2291628 kB
Active:           437144 kB
Mem:          3.8G       1.6G       2.2G       5.7M        55M       1.2G

MemTotal:        4016004 kB
MemFree:         2288260 kB
Active:           437168 kB
Mem:          3.8G       1.6G       2.2G       5.7M        55M       1.2G

MemTotal:        4016004 kB
MemFree:         2285556 kB
Active:           437312 kB
Mem:          3.8G       1.7G       2.2G       5.7M        55M       1.2G

MemTotal:        4016004 kB
MemFree:         2279036 kB
Active:           435464 kB
Mem:          3.8G       1.7G       2.2G       5.7M        55M       1.2G

MemTotal:        4016004 kB
MemFree:         2275944 kB
Active:           437204 kB
Mem:          3.8G       1.7G       2.2G       5.7M        55M       1.2G

MemTotal:        4016004 kB
MemFree:         2255684 kB
Active:           437368 kB
Mem:          3.8G       1.7G       2.2G       5.7M        55M       1.2G

MemTotal:        4016004 kB
MemFree:         2250676 kB
Active:           437384 kB
Mem:          3.8G       1.7G       2.1G       5.7M        55M       1.2G

MemTotal:        4016004 kB
MemFree:         2247164 kB
Active:           437672 kB
Mem:          3.8G       1.7G       2.1G       5.7M        55M       1.2G

MemTotal:        4016004 kB
MemFree:         2243156 kB
Active:           437668 kB
Mem:          3.8G       1.7G       2.1G       5.7M        55M       1.2G

MemTotal:        4016004 kB
MemFree:         2240484 kB
Active:           437456 kB
Mem:          3.8G       1.7G       2.1G       5.7M        55M       1.2G

MemTotal:        4016004 kB
MemFree:         2141460 kB
Active:           437596 kB
Mem:          3.8G       1.8G       2.0G       5.7M        55M       1.3G

MemTotal:        4016004 kB
MemFree:         2012012 kB
Active:           437556 kB
Mem:          3.8G       1.9G       1.9G       5.7M        55M       1.5G

MemTotal:        4016004 kB
MemFree:         1906928 kB
Active:           437476 kB
Mem:          3.8G       2.0G       1.8G       5.7M        55M       1.5G

MemTotal:        4016004 kB
MemFree:         1892780 kB
Active:           435640 kB
Mem:          3.8G       2.0G       1.8G       5.7M        55M       1.6G

MemTotal:        4016004 kB
MemFree:         1814036 kB
Active:           437528 kB
Mem:          3.8G       2.1G       1.7G       5.7M        55M       1.6G

MemTotal:        4016004 kB
MemFree:         1787520 kB
Active:           437464 kB
Mem:          3.8G       2.1G       1.7G       5.7M        55M       1.7G

MemTotal:        4016004 kB
MemFree:         1718012 kB
Active:           437604 kB
Mem:          3.8G       2.2G       1.6G       5.7M        55M       1.7G

MemTotal:        4016004 kB
MemFree:         1698040 kB
Active:           437536 kB
Mem:          3.8G       2.2G       1.6G       5.7M        55M       1.7G

MemTotal:        4016004 kB
MemFree:         1694620 kB
Active:           437720 kB
Mem:          3.8G       2.2G       1.6G       5.7M        55M       1.7G

MemTotal:        4016004 kB
MemFree:         1690980 kB
Active:           437736 kB
Mem:          3.8G       2.2G       1.6G       5.7M        55M       1.7G

MemTotal:        4016004 kB
MemFree:         1690864 kB
Active:           437560 kB
Mem:          3.8G       2.2G       1.6G       5.7M        55M       1.8G

MemTotal:        4016004 kB
MemFree:         1690760 kB
Active:           437892 kB
Mem:          3.8G       2.2G       1.6G       5.7M        55M       1.8G

MemTotal:        4016004 kB
MemFree:         1601536 kB
Active:           437672 kB
Mem:          3.8G       2.3G       1.5G       5.7M        55M       1.8G

MemTotal:        4016004 kB
MemFree:         1473280 kB
Active:           437804 kB
Mem:          3.8G       2.4G       1.4G       5.7M        55M       2.0G

MemTotal:        4016004 kB
MemFree:         1356788 kB
Active:           437676 kB
Mem:          3.8G       2.5G       1.3G       5.7M        55M       2.1G

MemTotal:        4016004 kB
MemFree:         1349472 kB
Active:           437968 kB
Mem:          3.8G       2.5G       1.3G       5.7M        55M       2.1G

MemTotal:        4016004 kB
MemFree:         1234960 kB
Active:           437960 kB
Mem:          3.8G       2.7G       1.2G       5.7M        55M       2.2G

MemTotal:        4016004 kB
MemFree:         1106168 kB
Active:           437508 kB
Mem:          3.8G       2.8G       1.1G       5.7M        55M       2.3G

MemTotal:        4016004 kB
MemFree:          994748 kB
Active:           437864 kB
Mem:          3.8G       2.9G       969M       5.7M        55M       2.4G

MemTotal:        4016004 kB
MemFree:          926236 kB
Active:           437956 kB
Mem:          3.8G       2.9G       904M       5.7M        55M       2.5G

MemTotal:        4016004 kB
MemFree:          924208 kB
Active:           437824 kB
Mem:          3.8G       2.9G       902M       5.7M        55M       2.5G

MemTotal:        4016004 kB
MemFree:          924480 kB
Active:           437708 kB
Mem:          3.8G       2.9G       902M       5.7M        55M       2.5G

MemTotal:        4016004 kB
MemFree:          924136 kB
Active:           437736 kB
Mem:          3.8G       2.9G       902M       5.7M        55M       2.5G

MemTotal:        4016004 kB
MemFree:          921728 kB
Active:           435952 kB
Mem:          3.8G       3.0G       900M       5.7M        55M       2.5G

MemTotal:        4016004 kB
MemFree:          860032 kB
Active:           438016 kB
Mem:          3.8G       3.0G       837M       5.7M        55M       2.5G

MemTotal:        4016004 kB
MemFree:          766500 kB
Active:           437844 kB
Mem:          3.8G       3.1G       748M       5.7M        55M       2.6G

MemTotal:        4016004 kB
MemFree:          760724 kB
Active:           437980 kB
Mem:          3.8G       3.1G       742M       5.7M        55M       2.6G

MemTotal:        4016004 kB
MemFree:          757124 kB
Active:           437824 kB
Mem:          3.8G       3.1G       739M       5.7M        55M       2.6G

MemTotal:        4016004 kB
MemFree:          754376 kB
Active:           437736 kB
Mem:          3.8G       3.1G       736M       5.7M        55M       2.6G

MemTotal:        4016004 kB
MemFree:          749204 kB
Active:           437896 kB
Mem:          3.8G       3.1G       731M       5.7M        55M       2.6G

MemTotal:        4016004 kB
MemFree:          716504 kB
Active:           437764 kB
Mem:          3.8G       3.1G       697M       5.7M        55M       2.7G

MemTotal:        4016004 kB
MemFree:          605144 kB
Active:           437652 kB
Mem:          3.8G       3.3G       588M       5.7M        55M       2.8G

MemTotal:        4016004 kB
MemFree:          538536 kB
Active:           437864 kB
Mem:          3.8G       3.3G       523M       5.7M        55M       2.8G

MemTotal:        4016004 kB
MemFree:          467896 kB
Active:           437792 kB
Mem:          3.8G       3.4G       456M       5.7M        55M       2.9G

MemTotal:        4016004 kB
MemFree:          464424 kB
Active:           437928 kB
Mem:          3.8G       3.4G       453M       5.7M        55M       2.9G

MemTotal:        4016004 kB
MemFree:          342604 kB
Active:           438068 kB
Mem:          3.8G       3.5G       333M       5.7M        55M       3.0G

MemTotal:        4016004 kB
MemFree:          335876 kB
Active:           438072 kB
Mem:          3.8G       3.5G       327M       5.7M        55M       3.0G

MemTotal:        4016004 kB
MemFree:          294660 kB
Active:           438108 kB
Mem:          3.8G       3.6G       285M       5.7M        55M       3.1G

MemTotal:        4016004 kB
MemFree:          267592 kB
Active:           437956 kB
Mem:          3.8G       3.6G       261M       5.7M        55M       3.1G

MemTotal:        4016004 kB
MemFree:          264188 kB
Active:           438112 kB
Mem:          3.8G       3.6G       257M       5.7M        55M       3.1G

MemTotal:        4016004 kB
MemFree:          259824 kB
Active:           438168 kB
Mem:          3.8G       3.6G       253M       5.7M        55M       3.1G

MemTotal:        4016004 kB
MemFree:          260000 kB
Active:           438040 kB
Mem:          3.8G       3.6G       253M       5.7M        55M       3.1G

MemTotal:        4016004 kB
MemFree:          257480 kB
Active:           438176 kB
Mem:          3.8G       3.6G       251M       5.7M        55M       3.1G

MemTotal:        4016004 kB
MemFree:          138688 kB
Active:           438144 kB
Mem:          3.8G       3.7G       131M       5.7M        55M       3.2G

MemTotal:        4016004 kB
MemFree:          110524 kB
Active:           461764 kB
Mem:          3.8G       3.7G       137M       5.7M        20M       3.2G

MemTotal:        4016004 kB
MemFree:          135524 kB
Active:           493068 kB
Mem:          3.8G       3.7G       111M       5.7M        20M       3.3G

MemTotal:        4016004 kB
MemFree:          114288 kB
Active:           487568 kB
Mem:          3.8G       3.7G       111M       5.7M        20M       3.3G

MemTotal:        4016004 kB
MemFree:          123556 kB
Active:           485472 kB
Mem:          3.8G       3.7G       118M       5.7M        20M       3.3G

MemTotal:        4016004 kB
MemFree:          136832 kB
Active:           471192 kB
Mem:          3.8G       3.7G       133M       5.7M        20M       3.2G

MemTotal:        4016004 kB
MemFree:          134380 kB
Active:           471188 kB
Mem:          3.8G       3.7G       131M       5.7M        20M       3.2G

MemTotal:        4016004 kB
MemFree:          133544 kB
Active:           471256 kB
Mem:          3.8G       3.7G       130M       5.7M        20M       3.2G

MemTotal:        4016004 kB
MemFree:          129028 kB
Active:           471268 kB
Mem:          3.8G       3.7G       126M       5.7M        20M       3.2G

MemTotal:        4016004 kB
MemFree:          125324 kB
Active:           471276 kB
Mem:          3.8G       3.7G       121M       5.7M        20M       3.3G

MemTotal:        4016004 kB
MemFree:          128112 kB
Active:           462188 kB
Mem:          3.8G       3.7G       123M       5.7M        20M       3.3G

MemTotal:        4016004 kB
MemFree:          138396 kB
Active:           451312 kB
Mem:          3.8G       3.7G       132M       5.7M        20M       3.2G

MemTotal:        4016004 kB
MemFree:          131600 kB
Active:           440568 kB
Mem:          3.8G       3.7G       125M       5.7M        20M       3.3G

MemTotal:        4016004 kB
MemFree:          108032 kB
Active:           438948 kB
Mem:          3.8G       3.7G       105M       5.7M        20M       3.3G

MemTotal:        4016004 kB
MemFree:          127748 kB
Active:           437592 kB
Mem:          3.8G       3.7G       124M       5.7M        20M       3.3G

MemTotal:        4016004 kB
MemFree:          106756 kB
Active:           435012 kB
Mem:          3.8G       3.7G       102M       5.7M        20M       3.3G

MemTotal:        4016004 kB
MemFree:          130544 kB
Active:           434048 kB
Mem:          3.8G       3.7G       127M       5.7M        20M       3.2G

MemTotal:        4016004 kB
MemFree:          144276 kB
Active:           432896 kB
Mem:          3.8G       3.7G       140M       5.7M        20M       3.2G

MemTotal:        4016004 kB
MemFree:          126496 kB
Active:           432280 kB
Mem:          3.8G       3.7G       121M       5.7M        20M       3.3G

MemTotal:        4016004 kB
MemFree:          124816 kB
Active:           431384 kB
Mem:          3.8G       3.7G       121M       5.7M        20M       3.3G

MemTotal:        4016004 kB
MemFree:          121032 kB
Active:           431396 kB
Mem:          3.8G       3.7G       117M       5.7M        20M       3.3G

MemTotal:        4016004 kB
MemFree:          116616 kB
Active:           431396 kB
Mem:          3.8G       3.7G       114M       5.7M        20M       3.3G

MemTotal:        4016004 kB
MemFree:          114792 kB
Active:           431400 kB
Mem:          3.8G       3.7G       111M       5.7M        20M       3.3G

MemTotal:        4016004 kB
MemFree:          125104 kB
Active:           430892 kB
Mem:          3.8G       3.7G       120M       5.7M        20M       3.3G

MemTotal:        4016004 kB
MemFree:          120400 kB
Active:           427824 kB
Mem:          3.8G       3.7G       138M       5.7M        20M       3.2G

MemTotal:        4016004 kB
MemFree:          135332 kB
Active:           422832 kB
Mem:          3.8G       3.7G       129M       5.7M        20M       3.2G

MemTotal:        4016004 kB
MemFree:          136972 kB
Active:           420144 kB
Mem:          3.8G       3.7G       133M       5.7M        20M       3.2G

MemTotal:        4016004 kB
MemFree:          124056 kB
Active:           419380 kB
Mem:          3.8G       3.7G       120M       5.7M        20M       3.3G

MemTotal:        4016004 kB
MemFree:          111620 kB
Active:           418112 kB
Mem:          3.8G       3.7G       106M       5.7M        20M       3.3G

MemTotal:        4016004 kB
MemFree:          138156 kB
Active:           415928 kB
Mem:          3.8G       3.7G       134M       5.7M        20M       3.2G

MemTotal:        4016004 kB
MemFree:          118404 kB
Active:           415800 kB
Mem:          3.8G       3.7G       114M       5.7M        20M       3.3G

MemTotal:        4016004 kB
MemFree:          146424 kB
Active:           413888 kB
Mem:          3.8G       3.7G       142M       5.7M        20M       3.2G

MemTotal:        4016004 kB
MemFree:          142568 kB
Active:           413852 kB
Mem:          3.8G       3.7G       138M       5.7M        20M       3.2G

MemTotal:        4016004 kB
MemFree:          142104 kB
Active:           413872 kB
Mem:          3.8G       3.7G       138M       5.7M        20M       3.2G

MemTotal:        4016004 kB
MemFree:          142452 kB
Active:           413892 kB
Mem:          3.8G       3.7G       138M       5.7M        20M       3.2G

MemTotal:        4016004 kB
MemFree:          120904 kB
Active:           413380 kB
Mem:          3.8G       3.7G       115M       5.7M        20M       3.3G

MemTotal:        4016004 kB
MemFree:          139712 kB
Active:           406752 kB
Mem:          3.8G       3.7G       134M       5.7M        20M       3.2G

MemTotal:        4016004 kB
MemFree:          137504 kB
Active:           401472 kB
Mem:          3.8G       3.7G       131M       5.7M        20M       3.2G

MemTotal:        4016004 kB
MemFree:          128304 kB
Active:           399824 kB
Mem:          3.8G       3.7G       125M       5.7M        20M       3.2G

MemTotal:        4016004 kB
MemFree:          105132 kB
Active:           401836 kB
Mem:          3.8G       3.7G       124M       5.7M        20M       3.2G

MemTotal:        4016004 kB
MemFree:          117900 kB
Active:           398228 kB
Mem:          3.8G       3.7G       115M       5.7M        20M       3.3G

MemTotal:        4016004 kB
MemFree:          141984 kB
Active:           395828 kB
Mem:          3.8G       3.7G       138M       5.7M        20M       3.2G

MemTotal:        4016004 kB
MemFree:          125912 kB
Active:           395008 kB
Mem:          3.8G       3.7G       122M       5.7M        20M       3.3G

MemTotal:        4016004 kB
MemFree:          123728 kB
Active:           395012 kB
Mem:          3.8G       3.7G       120M       5.7M        20M       3.3G

MemTotal:        4016004 kB
MemFree:          120072 kB
Active:           395036 kB
Mem:          3.8G       3.7G       117M       5.7M        20M       3.3G

MemTotal:        4016004 kB
MemFree:          118868 kB
Active:           394996 kB
Mem:          3.8G       3.7G       115M       5.7M        20M       3.3G

MemTotal:        4016004 kB
MemFree:          118468 kB
Active:           394988 kB
Mem:          3.8G       3.7G       115M       5.7M        20M       3.3G

MemTotal:        4016004 kB
MemFree:          128452 kB
Active:           392316 kB
Mem:          3.8G       3.7G       122M       5.7M        20M       3.3G

MemTotal:        4016004 kB
MemFree:          134256 kB
Active:           383264 kB
Mem:          3.8G       3.7G       126M       5.7M        20M       3.2G

MemTotal:        4016004 kB
MemFree:          128132 kB
Active:           380312 kB
Mem:          3.8G       3.7G       123M       5.7M        20M       3.3G

MemTotal:        4016004 kB
MemFree:          128160 kB
Active:           379552 kB
Mem:          3.8G       3.7G       125M       5.7M        20M       3.2G

MemTotal:        4016004 kB
MemFree:          127520 kB
Active:           377736 kB
Mem:          3.8G       3.7G       124M       5.7M        20M       3.2G

MemTotal:        4016004 kB
MemFree:          131064 kB
Active:           375852 kB
Mem:          3.8G       3.7G       127M       5.7M        20M       3.2G

MemTotal:        4016004 kB
MemFree:          124164 kB
Active:           375344 kB
Mem:          3.8G       3.7G       118M       5.7M        20M       3.3G

MemTotal:        4016004 kB
MemFree:          113444 kB
Active:           374840 kB
Mem:          3.8G       3.7G       110M       5.7M        20M       3.3G

MemTotal:        4016004 kB
MemFree:          110732 kB
Active:           374828 kB
Mem:          3.8G       3.7G       108M       5.7M        20M       3.3G

MemTotal:        4016004 kB
MemFree:          110740 kB
Active:           374848 kB
Mem:          3.8G       3.7G       108M       5.7M        20M       3.3G

MemTotal:        4016004 kB
MemFree:          110744 kB
Active:           374844 kB
Mem:          3.8G       3.7G       108M       5.7M        20M       3.3G

MemTotal:        4016004 kB
MemFree:          111096 kB
Active:           374808 kB
Mem:          3.8G       3.7G       108M       5.7M        20M       3.3G

MemTotal:        4016004 kB
MemFree:          140128 kB
Active:           374628 kB
Mem:          3.8G       3.7G       135M       5.7M        20M       3.2G

MemTotal:        4016004 kB
MemFree:          130444 kB
Active:           374336 kB
Mem:          3.8G       3.7G       129M       5.7M        20M       3.2G

MemTotal:        4016004 kB
MemFree:          137084 kB
Active:           371968 kB
Mem:          3.8G       3.7G       130M       5.7M        20M       3.2G

MemTotal:        4016004 kB
MemFree:          126924 kB
Active:           371808 kB
Mem:          3.8G       3.7G       124M       5.7M        20M       3.2G

MemTotal:        4016004 kB
MemFree:          127264 kB
Active:           371808 kB
Mem:          3.8G       3.7G       124M       5.7M        20M       3.2G

MemTotal:        4016004 kB
MemFree:          132128 kB
Active:           371792 kB
Mem:          3.8G       3.7G       127M       5.7M        20M       3.2G

MemTotal:        4016004 kB
MemFree:          139252 kB
Active:           371828 kB
Mem:          3.8G       3.7G       135M       5.7M        20M       3.2G

MemTotal:        4016004 kB
MemFree:          112296 kB
Active:           371788 kB
Mem:          3.8G       3.7G       106M       5.7M        20M       3.3G

MemTotal:        4016004 kB
MemFree:          143356 kB
Active:           371828 kB
Mem:          3.8G       3.7G       138M       5.7M        20M       3.2G

MemTotal:        4016004 kB
MemFree:          138324 kB
Active:           371840 kB
Mem:          3.8G       3.7G       135M       5.7M        20M       3.2G

MemTotal:        4016004 kB
MemFree:          134988 kB
Active:           369888 kB
Mem:          3.8G       3.7G       131M       5.7M        20M       3.2G

MemTotal:        4016004 kB
MemFree:          132680 kB
Active:           371824 kB
Mem:          3.8G       3.7G       129M       5.7M        20M       3.2G

MemTotal:        4016004 kB
MemFree:          131196 kB
Active:           371804 kB
Mem:          3.8G       3.7G       127M       5.7M        20M       3.2G

MemTotal:        4016004 kB
MemFree:          130860 kB
Active:           371828 kB
Mem:          3.8G       3.7G       127M       5.7M        20M       3.2G

MemTotal:        4016004 kB
MemFree:          118056 kB
Active:           371724 kB
Mem:          3.8G       3.7G       112M       5.7M        20M       3.3G

MemTotal:        4016004 kB
MemFree:          135656 kB
Active:           371168 kB
Mem:          3.8G       3.7G       130M       5.7M        20M       3.2G

MemTotal:        4016004 kB
MemFree:          146296 kB
Active:           371040 kB
Mem:          3.8G       3.7G       139M       5.7M        20M       3.2G

MemTotal:        4016004 kB
MemFree:          127180 kB
Active:           371024 kB
Mem:          3.8G       3.7G       124M       5.7M        20M       3.2G

MemTotal:        4016004 kB
MemFree:          132092 kB
Active:           371064 kB
Mem:          3.8G       3.7G       127M       5.7M        20M       3.2G

MemTotal:        4016004 kB
MemFree:          126392 kB
Active:           370792 kB
Mem:          3.8G       3.7G       121M       5.7M        20M       3.3G

MemTotal:        4016004 kB
MemFree:          124588 kB
Active:           370852 kB
Mem:          3.8G       3.7G       121M       5.7M        20M       3.2G

MemTotal:        4016004 kB
MemFree:          138648 kB
Active:           369804 kB
Mem:          3.8G       3.7G       135M       5.7M        20M       3.2G

MemTotal:        4016004 kB
MemFree:          136296 kB
Active:           371872 kB
Mem:          3.8G       3.7G       133M       5.7M        20M       3.2G

MemTotal:        4016004 kB
MemFree:          136424 kB
Active:           371860 kB
Mem:          3.8G       3.7G       132M       5.7M        20M       3.2G

MemTotal:        4016004 kB
MemFree:          135940 kB
Active:           371868 kB
Mem:          3.8G       3.7G       132M       5.7M        20M       3.2G

MemTotal:        4016004 kB
MemFree:          108092 kB
Active:           372064 kB
Mem:          3.8G       3.7G       103M       5.7M        20M       3.3G

MemTotal:        4016004 kB
MemFree:          129212 kB
Active:           369564 kB
Mem:          3.8G       3.7G       124M       5.7M        20M       3.2G

MemTotal:        4016004 kB
MemFree:          106640 kB
Active:           364160 kB
Mem:          3.8G       3.7G       102M       5.7M        20M       3.3G

MemTotal:        4016004 kB
MemFree:          131976 kB
Active:           364212 kB
Mem:          3.8G       3.7G       126M       5.7M        20M       3.2G

MemTotal:        4016004 kB
MemFree:          127836 kB
Active:           364320 kB
Mem:          3.8G       3.7G       124M       5.7M        20M       3.2G

MemTotal:        4016004 kB
MemFree:          126404 kB
Active:           363996 kB
Mem:          3.8G       3.7G       123M       5.7M        20M       3.2G

MemTotal:        4016004 kB
MemFree:          136880 kB
Active:           363956 kB
Mem:          3.8G       3.7G       130M       5.7M        20M       3.2G

MemTotal:        4016004 kB
MemFree:          107892 kB
Active:           364000 kB
Mem:          3.8G       3.7G       105M       5.7M        20M       3.3G

MemTotal:        4016004 kB
MemFree:          116524 kB
Active:           363992 kB
Mem:          3.8G       3.7G       110M       5.7M        20M       3.3G

MemTotal:        4016004 kB
MemFree:          130936 kB
Active:           363936 kB
Mem:          3.8G       3.7G       128M       5.7M        20M       3.2G

MemTotal:        4016004 kB
MemFree:          129992 kB
Active:           363960 kB
Mem:          3.8G       3.7G       126M       5.7M        20M       3.2G

MemTotal:        4016004 kB
MemFree:          128260 kB
Active:           363916 kB
Mem:          3.8G       3.7G       125M       5.7M        20M       3.2G

MemTotal:        4016004 kB
MemFree:          127336 kB
Active:           363924 kB
Mem:          3.8G       3.7G       124M       5.7M        20M       3.2G

MemTotal:        4016004 kB
MemFree:          112516 kB
Active:           363932 kB
Mem:          3.8G       3.7G       107M       5.7M        20M       3.3G

MemTotal:        4016004 kB
MemFree:          136168 kB
Active:           363932 kB
Mem:          3.8G       3.7G       131M       5.7M        20M       3.2G

MemTotal:        4016004 kB
MemFree:          133676 kB
Active:           359520 kB
Mem:          3.8G       3.7G       127M       5.7M        20M       3.2G

MemTotal:        4016004 kB
MemFree:          134320 kB
Active:           359392 kB
Mem:          3.8G       3.7G       130M       5.7M        20M       3.2G

MemTotal:        4016004 kB
MemFree:          131352 kB
Active:           359364 kB
Mem:          3.8G       3.7G       128M       5.7M        20M       3.2G

MemTotal:        4016004 kB
MemFree:          119820 kB
Active:           359392 kB
Mem:          3.8G       3.7G       115M       5.7M        20M       3.3G

MemTotal:        4016004 kB
MemFree:          135764 kB
Active:           359412 kB
Mem:          3.8G       3.7G       132M       5.7M        20M       3.2G

MemTotal:        4016004 kB
MemFree:          127468 kB
Active:           359396 kB
Mem:          3.8G       3.7G       124M       5.7M        20M       3.2G

MemTotal:        4016004 kB
MemFree:          126116 kB
Active:           359392 kB
Mem:          3.8G       3.7G       123M       5.7M        20M       3.2G

MemTotal:        4016004 kB
MemFree:          125840 kB
Active:           359448 kB
Mem:          3.8G       3.7G       121M       5.7M        20M       3.2G

MemTotal:        4016004 kB
MemFree:          124200 kB
Active:           359432 kB
Mem:          3.8G       3.7G       121M       5.7M        20M       3.2G

MemTotal:        4016004 kB
MemFree:          135652 kB
Active:           359428 kB
Mem:          3.8G       3.7G       129M       5.7M        20M       3.2G

MemTotal:        4016004 kB
MemFree:          105032 kB
Active:           358672 kB
Mem:          3.8G       3.7G       122M       5.7M        20M       3.2G

MemTotal:        4016004 kB
MemFree:          111192 kB
Active:           358668 kB
Mem:          3.8G       3.7G       106M       5.7M        20M       3.3G

MemTotal:        4016004 kB
MemFree:          127924 kB
Active:           358664 kB
Mem:          3.8G       3.7G       121M       5.7M        20M       3.2G

MemTotal:        4016004 kB
MemFree:          139376 kB
Active:           358660 kB
Mem:          3.8G       3.7G       135M       5.7M        20M       3.2G

MemTotal:        4016004 kB
MemFree:          124092 kB
Active:           351908 kB
Mem:          3.8G       3.7G       121M       5.7M        20M       3.2G

MemTotal:        4016004 kB
MemFree:          105452 kB
Active:           351748 kB
Mem:          3.8G       3.7G       124M       5.7M        20M       3.2G

MemTotal:        4016004 kB
MemFree:          135380 kB
Active:           351764 kB
Mem:          3.8G       3.7G       132M       5.7M        20M       3.2G

MemTotal:        4016004 kB
MemFree:          127140 kB
Active:           351764 kB
Mem:          3.8G       3.7G       124M       5.7M        20M       3.2G

MemTotal:        4016004 kB
MemFree:          126056 kB
Active:           351796 kB
Mem:          3.8G       3.7G       123M       5.7M        20M       3.2G

MemTotal:        4016004 kB
MemFree:          126120 kB
Active:           351796 kB
Mem:          3.8G       3.7G       122M       5.7M        20M       3.2G

MemTotal:        4016004 kB
MemFree:          125692 kB
Active:           351668 kB
Mem:          3.8G       3.7G       122M       5.7M        20M       3.2G

MemTotal:        4016004 kB
MemFree:          123352 kB
Active:           352808 kB
Mem:          3.8G       3.7G       118M       5.7M        20M       3.2G

MemTotal:        4016004 kB
MemFree:          124504 kB
Active:           352808 kB
Mem:          3.8G       3.7G       119M       5.7M        20M       3.2G

MemTotal:        4016004 kB
MemFree:          131676 kB
Active:           351524 kB
Mem:          3.8G       3.7G       129M       5.7M        20M       3.2G

MemTotal:        4016004 kB
MemFree:          113724 kB
Active:           351488 kB
Mem:          3.8G       3.7G       109M       5.7M        20M       3.3G

MemTotal:        4016004 kB
MemFree:          135668 kB
Active:           351456 kB
Mem:          3.8G       3.7G       132M       5.7M        20M       3.2G

MemTotal:        4016004 kB
MemFree:          144576 kB
Active:           351476 kB
Mem:          3.8G       3.7G       141M       5.7M        20M       3.2G

MemTotal:        4016004 kB
MemFree:          121820 kB
Active:           351452 kB
Mem:          3.8G       3.7G       116M       5.7M        20M       3.2G

MemTotal:        4016004 kB
MemFree:          132528 kB
Active:           351468 kB
Mem:          3.8G       3.7G       129M       5.7M        20M       3.2G

MemTotal:        4016004 kB
MemFree:          129244 kB
Active:           351504 kB
Mem:          3.8G       3.7G       126M       5.7M        20M       3.2G

MemTotal:        4016004 kB
MemFree:          127544 kB
Active:           349664 kB
Mem:          3.8G       3.7G       124M       5.7M        20M       3.2G

MemTotal:        4016004 kB
MemFree:          127568 kB
Active:           351648 kB
Mem:          3.8G       3.7G       123M       5.7M        20M       3.2G

MemTotal:        4016004 kB
MemFree:          125776 kB
Active:           351660 kB
Mem:          3.8G       3.7G       122M       5.7M        20M       3.2G

MemTotal:        4016004 kB
MemFree:          115576 kB
Active:           350372 kB
Mem:          3.8G       3.7G       134M       5.7M        20M       3.2G

MemTotal:        4016004 kB
MemFree:          140572 kB
Active:           348144 kB
Mem:          3.8G       3.7G       136M       5.7M        20M       3.2G

MemTotal:        4016004 kB
MemFree:          145740 kB
Active:           347912 kB
Mem:          3.8G       3.7G       140M       5.7M        20M       3.2G

MemTotal:        4016004 kB
MemFree:          136668 kB
Active:           347912 kB
Mem:          3.8G       3.7G       130M       5.7M        20M       3.2G

MemTotal:        4016004 kB
MemFree:          149188 kB
Active:           347912 kB
Mem:          3.8G       3.7G       146M       5.7M        20M       3.2G

MemTotal:        4016004 kB
MemFree:          129932 kB
Active:           347896 kB
Mem:          3.8G       3.7G       129M       5.7M        20M       3.2G

MemTotal:        4016004 kB
MemFree:          134720 kB
Active:           347772 kB
Mem:          3.8G       3.7G       128M       5.7M        20M       3.2G

MemTotal:        4016004 kB
MemFree:          113484 kB
Active:           347772 kB
Mem:          3.8G       3.7G       110M       5.7M        20M       3.3G

MemTotal:        4016004 kB
MemFree:          111732 kB
Active:           347808 kB
Mem:          3.8G       3.7G       109M       5.7M        20M       3.3G

MemTotal:        4016004 kB
MemFree:          111016 kB
Active:           347796 kB
Mem:          3.8G       3.7G       108M       5.7M        20M       3.3G

MemTotal:        4016004 kB
MemFree:          109068 kB
Active:           347800 kB
Mem:          3.8G       3.7G       106M       5.7M        20M       3.3G

MemTotal:        4016004 kB
MemFree:          108212 kB
Active:           347784 kB
Mem:          3.8G       3.7G       105M       5.7M        20M       3.3G

MemTotal:        4016004 kB
MemFree:          144644 kB
Active:           344932 kB
Mem:          3.8G       3.7G       137M       5.7M        20M       3.2G

MemTotal:        4016004 kB
MemFree:          145220 kB
Active:           344952 kB
Mem:          3.8G       3.7G       138M       5.7M        20M       3.2G

MemTotal:        4016004 kB
MemFree:          121236 kB
Active:           344948 kB
Mem:          3.8G       3.7G       114M       5.7M        20M       3.2G

MemTotal:        4016004 kB
MemFree:          116752 kB
Active:           344956 kB
Mem:          3.8G       3.7G       113M       5.7M        20M       3.2G

MemTotal:        4016004 kB
MemFree:          136900 kB
Active:           344964 kB
Mem:          3.8G       3.7G       133M       5.7M        20M       3.2G

MemTotal:        4016004 kB
MemFree:          143428 kB
Active:           342916 kB
Mem:          3.8G       3.7G       139M       5.7M        20M       3.2G

MemTotal:        4016004 kB
MemFree:          139348 kB
Active:           342748 kB
Mem:          3.8G       3.7G       133M       5.7M        20M       3.2G

MemTotal:        4016004 kB
MemFree:          140872 kB
Active:           342752 kB
Mem:          3.8G       3.7G       137M       5.7M        20M       3.2G

MemTotal:        4016004 kB
MemFree:          139896 kB
Active:           342732 kB
Mem:          3.8G       3.7G       136M       5.7M        20M       3.2G

MemTotal:        4016004 kB
MemFree:          138872 kB
Active:           342748 kB
Mem:          3.8G       3.7G       135M       5.7M        20M       3.2G

MemTotal:        4016004 kB
MemFree:          137824 kB
Active:           342764 kB
Mem:          3.8G       3.7G       134M       5.7M        20M       3.2G

MemTotal:        4016004 kB
MemFree:          126268 kB
Active:           342712 kB
Mem:          3.8G       3.7G       121M       5.7M        20M       3.2G

MemTotal:        4016004 kB
MemFree:          119468 kB
Active:           342776 kB
Mem:          3.8G       3.7G       115M       5.7M        20M       3.2G

MemTotal:        4016004 kB
MemFree:          120332 kB
Active:           342776 kB
Mem:          3.8G       3.7G       142M       5.7M        20M       3.2G

MemTotal:        4016004 kB
MemFree:          136412 kB
Active:           342768 kB
Mem:          3.8G       3.7G       133M       5.7M        20M       3.2G

MemTotal:        4016004 kB
MemFree:          140672 kB
Active:           342788 kB
Mem:          3.8G       3.7G       136M       5.7M        20M       3.2G

MemTotal:        4016004 kB
MemFree:          140916 kB
Active:           342228 kB
Mem:          3.8G       3.7G       137M       5.7M        20M       3.2G

MemTotal:        4016004 kB
MemFree:          137348 kB
Active:           342164 kB
Mem:          3.8G       3.7G       133M       5.7M        20M       3.2G

MemTotal:        4016004 kB
MemFree:          138680 kB
Active:           342164 kB
Mem:          3.8G       3.7G       132M       5.7M        20M       3.2G

MemTotal:        4016004 kB
MemFree:          136612 kB
Active:           342160 kB
Mem:          3.8G       3.7G       133M       5.7M        21M       3.2G

MemTotal:        4016004 kB
MemFree:          134500 kB
Active:           342156 kB
Mem:          3.8G       3.7G       131M       5.7M        21M       3.2G

MemTotal:        4016004 kB
MemFree:          133976 kB
Active:           342176 kB
Mem:          3.8G       3.7G       130M       5.7M        21M       3.2G

MemTotal:        4016004 kB
MemFree:          134416 kB
Active:           342180 kB
Mem:          3.8G       3.7G       131M       5.7M        21M       3.2G

MemTotal:        4016004 kB
MemFree:          127100 kB
Active:           342172 kB
Mem:          3.8G       3.7G       121M       5.7M        21M       3.2G

MemTotal:        4016004 kB
MemFree:          135260 kB
Active:           342180 kB
Mem:          3.8G       3.7G       130M       5.7M        21M       3.2G

MemTotal:        4016004 kB
MemFree:          115256 kB
Active:           342156 kB
Mem:          3.8G       3.7G       110M       5.7M        21M       3.3G

MemTotal:        4016004 kB
MemFree:          105640 kB
Active:           342192 kB
Mem:          3.8G       3.7G       103M       5.7M        21M       3.3G

MemTotal:        4016004 kB
MemFree:          125416 kB
Active:           342096 kB
Mem:          3.8G       3.7G       122M       5.7M        21M       3.2G

MemTotal:        4016004 kB
MemFree:          125572 kB
Active:           341908 kB
Mem:          3.8G       3.7G       122M       5.7M        21M       3.2G

MemTotal:        4016004 kB
MemFree:          125944 kB
Active:           341896 kB
Mem:          3.8G       3.7G       122M       5.7M        21M       3.2G

MemTotal:        4016004 kB
MemFree:          125448 kB
Active:           341892 kB
Mem:          3.8G       3.7G       122M       5.7M        21M       3.2G

MemTotal:        4016004 kB
MemFree:          125572 kB
Active:           341896 kB
Mem:          3.8G       3.7G       122M       5.7M        21M       3.2G

MemTotal:        4016004 kB
MemFree:          124440 kB
Active:           341892 kB
Mem:          3.8G       3.7G       121M       5.7M        21M       3.2G

MemTotal:        4016004 kB
MemFree:          124028 kB
Active:           341904 kB
Mem:          3.8G       3.7G       120M       5.7M        21M       3.2G

MemTotal:        4016004 kB
MemFree:          124164 kB
Active:           341908 kB
Mem:          3.8G       3.7G       121M       5.7M        21M       3.2G

MemTotal:        4016004 kB
MemFree:          124268 kB
Active:           341924 kB
Mem:          3.8G       3.7G       121M       5.7M        21M       3.2G

MemTotal:        4016004 kB
MemFree:          124308 kB
Active:           341900 kB
Mem:          3.8G       3.7G       121M       5.7M        21M       3.2G

MemTotal:        4016004 kB
MemFree:          124308 kB
Active:           341892 kB
Mem:          3.8G       3.7G       121M       5.7M        21M       3.2G

MemTotal:        4016004 kB
MemFree:          124308 kB
Active:           341916 kB
Mem:          3.8G       3.7G       121M       5.7M        21M       3.2G

MemTotal:        4016004 kB
MemFree:          123812 kB
Active:           341964 kB
Mem:          3.8G       3.7G       121M       5.7M        21M       3.2G

MemTotal:        4016004 kB
MemFree:          124308 kB
Active:           341916 kB
Mem:          3.8G       3.7G       121M       5.7M        21M       3.2G

MemTotal:        4016004 kB
MemFree:          124308 kB
Active:           341948 kB
Mem:          3.8G       3.7G       121M       5.7M        21M       3.2G

MemTotal:        4016004 kB
MemFree:          124184 kB
Active:           341920 kB
Mem:          3.8G       3.7G       121M       5.7M        21M       3.2G

MemTotal:        4016004 kB
MemFree:          123812 kB
Active:           341964 kB
Mem:          3.8G       3.7G       121M       5.7M        21M       3.2G

MemTotal:        4016004 kB
MemFree:          124308 kB
Active:           341932 kB
Mem:          3.8G       3.7G       121M       5.7M        21M       3.2G

MemTotal:        4016004 kB
MemFree:          124432 kB
Active:           341928 kB
Mem:          3.8G       3.7G       121M       5.7M        21M       3.2G

MemTotal:        4016004 kB
MemFree:          124432 kB
Active:           341964 kB
Mem:          3.8G       3.7G       121M       5.7M        21M       3.2G

MemTotal:        4016004 kB
MemFree:          124184 kB
Active:           341912 kB
Mem:          3.8G       3.7G       121M       5.7M        21M       3.2G

MemTotal:        4016004 kB
MemFree:          124556 kB
Active:           341920 kB
Mem:          3.8G       3.7G       121M       5.7M        21M       3.2G

MemTotal:        4016004 kB
MemFree:          124432 kB
Active:           341924 kB
Mem:          3.8G       3.7G       121M       5.7M        21M       3.2G

MemTotal:        4016004 kB
MemFree:          124432 kB
Active:           341932 kB
Mem:          3.8G       3.7G       121M       5.7M        21M       3.2G

MemTotal:        4016004 kB
MemFree:          124432 kB
Active:           341928 kB
Mem:          3.8G       3.7G       121M       5.7M        21M       3.2G

MemTotal:        4016004 kB
MemFree:          124432 kB
Active:           341940 kB
Mem:          3.8G       3.7G       121M       5.7M        21M       3.2G

MemTotal:        4016004 kB
MemFree:          124556 kB
Active:           341920 kB
Mem:          3.8G       3.7G       121M       5.7M        21M       3.2G

MemTotal:        4016004 kB
MemFree:          124432 kB
Active:           341964 kB
Mem:          3.8G       3.7G       121M       5.7M        21M       3.2G

MemTotal:        4016004 kB
MemFree:          124308 kB
Active:           341964 kB
Mem:          3.8G       3.7G       121M       5.7M        21M       3.2G

MemTotal:        4016004 kB
MemFree:          124308 kB
Active:           341976 kB
Mem:          3.8G       3.7G       121M       5.7M        21M       3.2G

MemTotal:        4016004 kB
MemFree:          124184 kB
Active:           341944 kB
Mem:          3.8G       3.7G       121M       5.7M        21M       3.2G

MemTotal:        4016004 kB
MemFree:          124432 kB
Active:           341972 kB
Mem:          3.8G       3.7G       121M       5.7M        21M       3.2G

MemTotal:        4016004 kB
MemFree:          124432 kB
Active:           341944 kB
Mem:          3.8G       3.7G       121M       5.7M        21M       3.2G

MemTotal:        4016004 kB
MemFree:          124308 kB
Active:           341960 kB
Mem:          3.8G       3.7G       121M       5.7M        21M       3.2G

MemTotal:        4016004 kB
MemFree:          124928 kB
Active:           341976 kB
Mem:          3.8G       3.7G       121M       5.7M        21M       3.2G

MemTotal:        4016004 kB
MemFree:          124928 kB
Active:           341944 kB
Mem:          3.8G       3.7G       121M       5.7M        21M       3.2G

MemTotal:        4016004 kB
MemFree:          124432 kB
Active:           341976 kB
Mem:          3.8G       3.7G       121M       5.7M        21M       3.2G

MemTotal:        4016004 kB
MemFree:          124432 kB
Active:           341976 kB
Mem:          3.8G       3.7G       121M       5.7M        21M       3.2G

MemTotal:        4016004 kB
MemFree:          124432 kB
Active:           341952 kB
Mem:          3.8G       3.7G       121M       5.7M        21M       3.2G

MemTotal:        4016004 kB
MemFree:          124432 kB
Active:           341944 kB
Mem:          3.8G       3.7G       121M       5.7M        21M       3.2G

MemTotal:        4016004 kB
MemFree:          124308 kB
Active:           341960 kB
Mem:          3.8G       3.7G       121M       5.7M        21M       3.2G

MemTotal:        4016004 kB
MemFree:          123936 kB
Active:           341992 kB
Mem:          3.8G       3.7G       121M       5.7M        21M       3.2G

MemTotal:        4016004 kB
MemFree:          124432 kB
Active:           341980 kB
Mem:          3.8G       3.7G       121M       5.7M        21M       3.2G

MemTotal:        4016004 kB
MemFree:          124308 kB
Active:           341992 kB
Mem:          3.8G       3.7G       121M       5.7M        21M       3.2G

MemTotal:        4016004 kB
MemFree:          124928 kB
Active:           341956 kB
Mem:          3.8G       3.7G       121M       5.7M        21M       3.2G

MemTotal:        4016004 kB
MemFree:          124804 kB
Active:           341956 kB
Mem:          3.8G       3.7G       121M       5.7M        21M       3.2G

MemTotal:        4016004 kB
MemFree:          124680 kB
Active:           341952 kB
Mem:          3.8G       3.7G       121M       5.7M        21M       3.2G

MemTotal:        4016004 kB
MemFree:          124556 kB
Active:           341956 kB
Mem:          3.8G       3.7G       121M       5.7M        21M       3.2G

MemTotal:        4016004 kB
MemFree:          124680 kB
Active:           341964 kB
Mem:          3.8G       3.7G       121M       5.7M        21M       3.2G

MemTotal:        4016004 kB
MemFree:          124680 kB
Active:           341988 kB
Mem:          3.8G       3.7G       121M       5.7M        21M       3.2G

MemTotal:        4016004 kB
MemFree:          124804 kB
Active:           342000 kB
Mem:          3.8G       3.7G       121M       5.7M        21M       3.2G

MemTotal:        4016004 kB
MemFree:          124680 kB
Active:           341964 kB
Mem:          3.8G       3.7G       121M       5.7M        21M       3.2G

MemTotal:        4016004 kB
MemFree:          124556 kB
Active:           341988 kB
Mem:          3.8G       3.7G       121M       5.7M        21M       3.2G

MemTotal:        4016004 kB
MemFree:          124556 kB
Active:           342000 kB
Mem:          3.8G       3.7G       121M       5.7M        21M       3.2G

MemTotal:        4016004 kB
MemFree:          124308 kB
Active:           341964 kB
Mem:          3.8G       3.7G       121M       5.7M        21M       3.2G

MemTotal:        4016004 kB
MemFree:          123936 kB
Active:           342004 kB
Mem:          3.8G       3.7G       121M       5.7M        21M       3.2G

MemTotal:        4016004 kB
MemFree:          124308 kB
Active:           341984 kB
Mem:          3.8G       3.7G       121M       5.7M        21M       3.2G

MemTotal:        4016004 kB
MemFree:          124184 kB
Active:           341996 kB
Mem:          3.8G       3.7G       121M       5.7M        21M       3.2G

MemTotal:        4016004 kB
MemFree:          122260 kB
Active:           341980 kB
Mem:          3.8G       3.7G       119M       5.7M        21M       3.2G

MemTotal:        4016004 kB
MemFree:          122260 kB
Active:           344064 kB
Mem:          3.8G       3.7G       119M       5.7M        21M       3.2G

MemTotal:        4016004 kB
MemFree:          122136 kB
Active:           344024 kB
Mem:          3.8G       3.7G       119M       5.7M        21M       3.2G

MemTotal:        4016004 kB
MemFree:          122260 kB
Active:           344028 kB
Mem:          3.8G       3.7G       119M       5.7M        21M       3.2G

MemTotal:        4016004 kB
MemFree:          122384 kB
Active:           344060 kB
Mem:          3.8G       3.7G       119M       5.7M        21M       3.2G

MemTotal:        4016004 kB
MemFree:          122260 kB
Active:           344064 kB
Mem:          3.8G       3.7G       119M       5.7M        21M       3.2G

MemTotal:        4016004 kB
MemFree:          122260 kB
Active:           344076 kB
Mem:          3.8G       3.7G       119M       5.7M        21M       3.2G

MemTotal:        4016004 kB
MemFree:          122260 kB
Active:           344028 kB
Mem:          3.8G       3.7G       119M       5.7M        21M       3.2G

MemTotal:        4016004 kB
MemFree:          122384 kB
Active:           344080 kB
Mem:          3.8G       3.7G       119M       5.7M        21M       3.2G

MemTotal:        4016004 kB
MemFree:          121888 kB
Active:           344088 kB
Mem:          3.8G       3.7G       119M       5.7M        21M       3.2G

MemTotal:        4016004 kB
MemFree:          122260 kB
Active:           344036 kB
Mem:          3.8G       3.7G       119M       5.7M        21M       3.2G

MemTotal:        4016004 kB
MemFree:          122136 kB
Active:           344056 kB
Mem:          3.8G       3.7G       119M       5.7M        21M       3.2G

MemTotal:        4016004 kB
MemFree:          122136 kB
Active:           344052 kB
Mem:          3.8G       3.7G       119M       5.7M        21M       3.2G

MemTotal:        4016004 kB
MemFree:          122136 kB
Active:           344076 kB
Mem:          3.8G       3.7G       119M       5.7M        21M       3.2G

MemTotal:        4016004 kB
MemFree:          122260 kB
Active:           344096 kB
Mem:          3.8G       3.7G       119M       5.7M        21M       3.2G

MemTotal:        4016004 kB
MemFree:          122260 kB
Active:           344048 kB
Mem:          3.8G       3.7G       119M       5.7M        21M       3.2G

MemTotal:        4016004 kB
MemFree:          122012 kB
Active:           344076 kB
Mem:          3.8G       3.7G       119M       5.7M        21M       3.2G

MemTotal:        4016004 kB
MemFree:          121640 kB
Active:           344100 kB
Mem:          3.8G       3.7G       119M       5.7M        21M       3.2G

MemTotal:        4016004 kB
MemFree:          122260 kB
Active:           344088 kB
Mem:          3.8G       3.7G       119M       5.7M        21M       3.2G

MemTotal:        4016004 kB
MemFree:          123004 kB
Active:           344064 kB
Mem:          3.8G       3.7G       119M       5.7M        21M       3.2G

MemTotal:        4016004 kB
MemFree:          122260 kB
Active:           344088 kB
Mem:          3.8G       3.7G       119M       5.7M        21M       3.2G

MemTotal:        4016004 kB
MemFree:          122756 kB
Active:           344100 kB
Mem:          3.8G       3.7G       119M       5.7M        21M       3.2G

MemTotal:        4016004 kB
MemFree:          122756 kB
Active:           344080 kB
Mem:          3.8G       3.7G       119M       5.7M        21M       3.2G

MemTotal:        4016004 kB
MemFree:          122384 kB
Active:           344100 kB
Mem:          3.8G       3.7G       119M       5.7M        21M       3.2G

MemTotal:        4016004 kB
MemFree:          122632 kB
Active:           344096 kB
Mem:          3.8G       3.7G       119M       5.7M        21M       3.2G

MemTotal:        4016004 kB
MemFree:          123004 kB
Active:           344072 kB
Mem:          3.8G       3.7G       119M       5.7M        21M       3.2G

MemTotal:        4016004 kB
MemFree:          122632 kB
Active:           344092 kB
Mem:          3.8G       3.7G       119M       5.7M        21M       3.2G

MemTotal:        4016004 kB
MemFree:          122384 kB
Active:           344056 kB
Mem:          3.8G       3.7G       119M       5.7M        21M       3.2G

MemTotal:        4016004 kB
MemFree:          122136 kB
Active:           344072 kB
Mem:          3.8G       3.7G       119M       5.7M        21M       3.2G

MemTotal:        4016004 kB
MemFree:          122756 kB
Active:           344068 kB
Mem:          3.8G       3.7G       119M       5.7M        21M       3.2G

MemTotal:        4016004 kB
MemFree:          122756 kB
Active:           344100 kB
Mem:          3.8G       3.7G       119M       5.7M        21M       3.2G

MemTotal:        4016004 kB
MemFree:          123128 kB
Active:           344112 kB
Mem:          3.8G       3.7G       120M       5.7M        21M       3.2G

MemTotal:        4016004 kB
MemFree:          122632 kB
Active:           344064 kB
Mem:          3.8G       3.7G       120M       5.7M        21M       3.2G

MemTotal:        4016004 kB
MemFree:          122632 kB
Active:           344096 kB
Mem:          3.8G       3.7G       119M       5.7M        21M       3.2G

MemTotal:        4016004 kB
MemFree:          122260 kB
Active:           344128 kB
Mem:          3.8G       3.7G       119M       5.7M        21M       3.2G

MemTotal:        4016004 kB
MemFree:          122632 kB
Active:           344096 kB
Mem:          3.8G       3.7G       119M       5.7M        21M       3.2G

MemTotal:        4016004 kB
MemFree:          122632 kB
Active:           344108 kB
Mem:          3.8G       3.7G       119M       5.7M        21M       3.2G

MemTotal:        4016004 kB
MemFree:          122260 kB
Active:           344120 kB
Mem:          3.8G       3.7G       119M       5.7M        21M       3.2G

MemTotal:        4016004 kB
MemFree:          122384 kB
Active:           344120 kB
Mem:          3.8G       3.7G       119M       5.7M        21M       3.2G

MemTotal:        4016004 kB
MemFree:          122384 kB
Active:           344128 kB
Mem:          3.8G       3.7G       119M       5.7M        21M       3.2G

MemTotal:        4016004 kB
MemFree:          122384 kB
Active:           344124 kB
Mem:          3.8G       3.7G       119M       5.7M        21M       3.2G

MemTotal:        4016004 kB
MemFree:          122260 kB
Active:           344108 kB
Mem:          3.8G       3.7G       119M       5.7M        21M       3.2G

MemTotal:        4016004 kB
MemFree:          122136 kB
Active:           344124 kB
Mem:          3.8G       3.7G       119M       5.7M        21M       3.2G

MemTotal:        4016004 kB
MemFree:          122260 kB
Active:           344148 kB
Mem:          3.8G       3.7G       119M       5.7M        21M       3.2G

MemTotal:        4016004 kB
MemFree:          122260 kB
Active:           344148 kB
Mem:          3.8G       3.7G       119M       5.7M        21M       3.2G

MemTotal:        4016004 kB
MemFree:          122136 kB
Active:           344096 kB
Mem:          3.8G       3.7G       119M       5.7M        21M       3.2G

MemTotal:        4016004 kB
MemFree:          122136 kB
Active:           344092 kB
Mem:          3.8G       3.7G       119M       5.7M        21M       3.2G

MemTotal:        4016004 kB
MemFree:          122260 kB
Active:           344104 kB
Mem:          3.8G       3.7G       119M       5.7M        21M       3.2G

MemTotal:        4016004 kB
MemFree:          122260 kB
Active:           344124 kB
Mem:          3.8G       3.7G       119M       5.7M        21M       3.2G

MemTotal:        4016004 kB
MemFree:          122136 kB
Active:           344124 kB
Mem:          3.8G       3.7G       119M       5.7M        21M       3.2G

MemTotal:        4016004 kB
MemFree:          120088 kB
Active:           344116 kB
Mem:          3.8G       3.7G       117M       5.7M        21M       3.2G

MemTotal:        4016004 kB
MemFree:          120212 kB
Active:           346160 kB
Mem:          3.8G       3.7G       117M       5.7M        21M       3.2G

MemTotal:        4016004 kB
MemFree:          120212 kB
Active:           346128 kB
Mem:          3.8G       3.7G       117M       5.7M        21M       3.2G

MemTotal:        4016004 kB
MemFree:          120212 kB
Active:           346144 kB
Mem:          3.8G       3.7G       117M       5.7M        21M       3.2G

MemTotal:        4016004 kB
MemFree:          120088 kB
Active:           346168 kB
Mem:          3.8G       3.7G       117M       5.7M        21M       3.2G

MemTotal:        4016004 kB
MemFree:          120212 kB
Active:           346188 kB
Mem:          3.8G       3.7G       117M       5.7M        21M       3.2G

MemTotal:        4016004 kB
MemFree:          120352 kB
Active:           346192 kB
Mem:          3.8G       3.7G       117M       5.7M        21M       3.2G

MemTotal:        4016004 kB
MemFree:          120228 kB
Active:           346184 kB
Mem:          3.8G       3.7G       117M       5.7M        21M       3.2G

MemTotal:        4016004 kB
MemFree:          120352 kB
Active:           346164 kB
Mem:          3.8G       3.7G       117M       5.7M        21M       3.2G

MemTotal:        4016004 kB
MemFree:          120352 kB
Active:           346168 kB
Mem:          3.8G       3.7G       117M       5.7M        21M       3.2G

MemTotal:        4016004 kB
MemFree:          120476 kB
Active:           346168 kB
Mem:          3.8G       3.7G       117M       5.7M        21M       3.2G

MemTotal:        4016004 kB
MemFree:          120352 kB
Active:           346212 kB
Mem:          3.8G       3.7G       117M       5.7M        21M       3.2G

MemTotal:        4016004 kB
MemFree:          120352 kB
Active:           346212 kB
Mem:          3.8G       3.7G       117M       5.7M        21M       3.2G

MemTotal:        4016004 kB
MemFree:          119856 kB
Active:           346220 kB
Mem:          3.8G       3.7G       117M       5.7M        21M       3.2G

MemTotal:        4016004 kB
MemFree:          120352 kB
Active:           346180 kB
Mem:          3.8G       3.7G       117M       5.7M        21M       3.2G

MemTotal:        4016004 kB
MemFree:          120228 kB
Active:           346188 kB
Mem:          3.8G       3.7G       117M       5.7M        21M       3.2G

MemTotal:        4016004 kB
MemFree:          120352 kB
Active:           346208 kB
Mem:          3.8G       3.7G       117M       5.7M        21M       3.2G

MemTotal:        4016004 kB
MemFree:          120848 kB
Active:           346224 kB
Mem:          3.8G       3.7G       117M       5.7M        21M       3.2G

MemTotal:        4016004 kB
MemFree:          120476 kB
Active:           346184 kB
Mem:          3.8G       3.7G       117M       5.7M        21M       3.2G

MemTotal:        4016004 kB
MemFree:          120228 kB
Active:           346200 kB
Mem:          3.8G       3.7G       117M       5.7M        21M       3.2G

MemTotal:        4016004 kB
MemFree:          120724 kB
Active:           346216 kB
Mem:          3.8G       3.7G       117M       5.7M        21M       3.2G

MemTotal:        4016004 kB
MemFree:          120352 kB
Active:           346220 kB
Mem:          3.8G       3.7G       117M       5.7M        21M       3.2G

MemTotal:        4016004 kB
MemFree:          120352 kB
Active:           346244 kB
Mem:          3.8G       3.7G       117M       5.7M        21M       3.2G

MemTotal:        4016004 kB
MemFree:          120476 kB
Active:           346208 kB
Mem:          3.8G       3.7G       117M       5.7M        21M       3.2G

MemTotal:        4016004 kB
MemFree:          120352 kB
Active:           346236 kB
Mem:          3.8G       3.7G       117M       5.7M        21M       3.2G

MemTotal:        4016004 kB
MemFree:          120352 kB
Active:           346240 kB
Mem:          3.8G       3.7G       117M       5.7M        21M       3.2G

MemTotal:        4016004 kB
MemFree:          120352 kB
Active:           346204 kB
Mem:          3.8G       3.7G       117M       5.7M        21M       3.2G

MemTotal:        4016004 kB
MemFree:          120228 kB
Active:           346204 kB
Mem:          3.8G       3.7G       117M       5.7M        21M       3.2G

MemTotal:        4016004 kB
MemFree:          120228 kB
Active:           346188 kB
Mem:          3.8G       3.7G       117M       5.7M        21M       3.2G

MemTotal:        4016004 kB
MemFree:          120228 kB
Active:           346200 kB
Mem:          3.8G       3.7G       117M       5.7M        21M       3.2G

MemTotal:        4016004 kB
MemFree:          119856 kB
Active:           346248 kB
Mem:          3.8G       3.7G       117M       5.7M        21M       3.2G

MemTotal:        4016004 kB
MemFree:          120228 kB
Active:           346192 kB
Mem:          3.8G       3.7G       117M       5.7M        21M       3.2G

MemTotal:        4016004 kB
MemFree:          119980 kB
Active:           346248 kB
Mem:          3.8G       3.7G       117M       5.7M        21M       3.2G

MemTotal:        4016004 kB
MemFree:          120104 kB
Active:           346256 kB
Mem:          3.8G       3.7G       117M       5.7M        21M       3.2G

MemTotal:        4016004 kB
MemFree:          119996 kB
Active:           346236 kB
Mem:          3.8G       3.7G       117M       5.7M        21M       3.2G

MemTotal:        4016004 kB
MemFree:          119872 kB
Active:           346332 kB
Mem:          3.8G       3.7G       117M       5.7M        21M       3.2G

MemTotal:        4016004 kB
MemFree:          119872 kB
Active:           346492 kB
Mem:          3.8G       3.7G       117M       5.7M        21M       3.2G

MemTotal:        4016004 kB
MemFree:          119980 kB
Active:           346404 kB
Mem:          3.8G       3.7G       117M       5.7M        21M       3.2G

MemTotal:        4016004 kB
MemFree:          120228 kB
Active:           346384 kB
Mem:          3.8G       3.7G       116M       5.7M        21M       3.2G

MemTotal:        4016004 kB
MemFree:          119732 kB
Active:           346392 kB
Mem:          3.8G       3.7G       116M       5.7M        21M       3.2G

MemTotal:        4016004 kB
MemFree:          120104 kB
Active:           346368 kB
Mem:          3.8G       3.7G       117M       5.7M        21M       3.2G

MemTotal:        4016004 kB
MemFree:          120352 kB
Active:           346408 kB
Mem:          3.8G       3.7G       117M       5.7M        21M       3.2G

MemTotal:        4016004 kB
MemFree:          120352 kB
Active:           346368 kB
Mem:          3.8G       3.7G       117M       5.7M        21M       3.2G

MemTotal:        4016004 kB
MemFree:          120848 kB
Active:           346368 kB
Mem:          3.8G       3.7G       117M       5.7M        21M       3.2G

MemTotal:        4016004 kB
MemFree:          120104 kB
Active:           346376 kB
Mem:          3.8G       3.7G       117M       5.7M        21M       3.2G

MemTotal:        4016004 kB
MemFree:          119856 kB
Active:           346396 kB
Mem:          3.8G       3.7G       117M       5.7M        21M       3.2G

MemTotal:        4016004 kB
MemFree:          119980 kB
Active:           346404 kB
Mem:          3.8G       3.7G       117M       5.7M        21M       3.2G

MemTotal:        4016004 kB
MemFree:          119856 kB
Active:           346416 kB
Mem:          3.8G       3.7G       117M       5.7M        21M       3.2G

MemTotal:        4016004 kB
MemFree:          119980 kB
Active:           346424 kB
Mem:          3.8G       3.7G       117M       5.7M        21M       3.2G

MemTotal:        4016004 kB
MemFree:          119980 kB
Active:           346372 kB
Mem:          3.8G       3.7G       117M       5.7M        21M       3.2G

MemTotal:        4016004 kB
MemFree:          119608 kB
Active:           346428 kB
Mem:          3.8G       3.7G       117M       5.7M        21M       3.2G

MemTotal:        4016004 kB
MemFree:          120104 kB
Active:           346400 kB
Mem:          3.8G       3.7G       117M       5.7M        21M       3.2G

MemTotal:        4016004 kB
MemFree:          120228 kB
Active:           346420 kB
Mem:          3.8G       3.7G       117M       5.7M        21M       3.2G

MemTotal:        4016004 kB
MemFree:          120120 kB
Active:           346404 kB
Mem:          3.8G       3.7G       117M       5.7M        21M       3.2G

MemTotal:        4016004 kB
MemFree:          120368 kB
Active:           346404 kB
Mem:          3.8G       3.7G       117M       5.7M        21M       3.2G

MemTotal:        4016004 kB
MemFree:          119996 kB
Active:           346420 kB
Mem:          3.8G       3.7G       117M       5.7M        21M       3.2G

MemTotal:        4016004 kB
MemFree:          119872 kB
Active:           346428 kB
Mem:          3.8G       3.7G       116M       5.7M        21M       3.2G

MemTotal:        4016004 kB
MemFree:          119872 kB
Active:           346376 kB
Mem:          3.8G       3.7G       117M       5.7M        21M       3.2G

MemTotal:        4016004 kB
MemFree:          119996 kB
Active:           346376 kB
Mem:          3.8G       3.7G       117M       5.7M        21M       3.2G

MemTotal:        4016004 kB
MemFree:          119996 kB
Active:           346420 kB
Mem:          3.8G       3.7G       117M       5.7M        21M       3.2G

MemTotal:        4016004 kB
MemFree:          119996 kB
Active:           346384 kB
Mem:          3.8G       3.7G       117M       5.7M        21M       3.2G

MemTotal:        4016004 kB
MemFree:          119996 kB
Active:           346436 kB
Mem:          3.8G       3.7G       117M       5.7M        21M       3.2G

MemTotal:        4016004 kB
MemFree:          119996 kB
Active:           346400 kB
Mem:          3.8G       3.7G       116M       5.7M        21M       3.2G

MemTotal:        4016004 kB
MemFree:          119872 kB
Active:           346412 kB
Mem:          3.8G       3.7G       116M       5.7M        21M       3.2G

MemTotal:        4016004 kB
MemFree:          119996 kB
Active:           346428 kB
Mem:          3.8G       3.7G       116M       5.7M        21M       3.2G

MemTotal:        4016004 kB
MemFree:          119872 kB
Active:           346416 kB
Mem:          3.8G       3.7G       117M       5.7M        21M       3.2G

MemTotal:        4016004 kB
MemFree:          119872 kB
Active:           346424 kB
Mem:          3.8G       3.7G       116M       5.7M        21M       3.2G

MemTotal:        4016004 kB
MemFree:          120120 kB
Active:           346424 kB
Mem:          3.8G       3.7G       117M       5.7M        21M       3.2G

MemTotal:        4016004 kB
MemFree:          120120 kB
Active:           346396 kB
Mem:          3.8G       3.7G       116M       5.7M        21M       3.2G

MemTotal:        4016004 kB
MemFree:          119996 kB
Active:           346444 kB
Mem:          3.8G       3.7G       117M       5.7M        21M       3.2G

MemTotal:        4016004 kB
MemFree:          119996 kB
Active:           346436 kB
Mem:          3.8G       3.7G       116M       5.7M        21M       3.2G

MemTotal:        4016004 kB
MemFree:          119748 kB
Active:           346420 kB
Mem:          3.8G       3.7G       116M       5.7M        21M       3.2G

MemTotal:        4016004 kB
MemFree:          119748 kB
Active:           346432 kB
Mem:          3.8G       3.7G       116M       5.7M        21M       3.2G

MemTotal:        4016004 kB
MemFree:          119748 kB
Active:           346416 kB
Mem:          3.8G       3.7G       116M       5.7M        21M       3.2G

MemTotal:        4016004 kB
MemFree:          119872 kB
Active:           346428 kB
Mem:          3.8G       3.7G       116M       5.7M        21M       3.2G

MemTotal:        4016004 kB
MemFree:          119872 kB
Active:           346428 kB
Mem:          3.8G       3.7G       116M       5.7M        21M       3.2G

MemTotal:        4016004 kB
MemFree:          119872 kB
Active:           346456 kB
Mem:          3.8G       3.7G       117M       5.7M        21M       3.2G

MemTotal:        4016004 kB
MemFree:          119996 kB
Active:           346468 kB
Mem:          3.8G       3.7G       117M       5.7M        21M       3.2G

MemTotal:        4016004 kB
MemFree:          119996 kB
Active:           346436 kB
Mem:          3.8G       3.7G       117M       5.7M        21M       3.2G

MemTotal:        4016004 kB
MemFree:          119996 kB
Active:           346440 kB
Mem:          3.8G       3.7G       116M       5.7M        21M       3.2G

MemTotal:        4016004 kB
MemFree:          119872 kB
Active:           346420 kB
Mem:          3.8G       3.7G       116M       5.7M        21M       3.2G

MemTotal:        4016004 kB
MemFree:          119872 kB
Active:           346428 kB
Mem:          3.8G       3.7G       116M       5.7M        21M       3.2G

MemTotal:        4016004 kB
MemFree:          119748 kB
Active:           346468 kB
Mem:          3.8G       3.7G       116M       5.7M        21M       3.2G

MemTotal:        4016004 kB
MemFree:          119748 kB
Active:           346468 kB
Mem:          3.8G       3.7G       116M       5.7M        21M       3.2G

MemTotal:        4016004 kB
MemFree:          119872 kB
Active:           346444 kB
Mem:          3.8G       3.7G       117M       5.7M        21M       3.2G

MemTotal:        4016004 kB
MemFree:          119748 kB
Active:           346448 kB
Mem:          3.8G       3.7G       116M       5.7M        21M       3.2G

MemTotal:        4016004 kB
MemFree:          119872 kB
Active:           346448 kB
Mem:          3.8G       3.7G       117M       5.7M        21M       3.2G

MemTotal:        4016004 kB
MemFree:          120120 kB
Active:           346464 kB
Mem:          3.8G       3.7G       117M       5.7M        21M       3.2G

MemTotal:        4016004 kB
MemFree:          119748 kB
Active:           346464 kB
Mem:          3.8G       3.7G       117M       5.7M        21M       3.2G

MemTotal:        4016004 kB
MemFree:          119748 kB
Active:           346456 kB
Mem:          3.8G       3.7G       117M       5.7M        21M       3.2G

MemTotal:        4016004 kB
MemFree:          119996 kB
Active:           346444 kB
Mem:          3.8G       3.7G       116M       5.7M        21M       3.2G

MemTotal:        4016004 kB
MemFree:          119996 kB
Active:           346444 kB
Mem:          3.8G       3.7G       116M       5.7M        21M       3.2G

MemTotal:        4016004 kB
MemFree:          119872 kB
Active:           346456 kB
Mem:          3.8G       3.7G       117M       5.7M        21M       3.2G

MemTotal:        4016004 kB
MemFree:          119872 kB
Active:           346484 kB
Mem:          3.8G       3.7G       116M       5.7M        21M       3.2G

MemTotal:        4016004 kB
MemFree:          119748 kB
Active:           346484 kB
Mem:          3.8G       3.7G       116M       5.7M        21M       3.2G

MemTotal:        4016004 kB
MemFree:          119872 kB
Active:           346476 kB
Mem:          3.8G       3.7G       116M       5.7M        21M       3.2G

MemTotal:        4016004 kB
MemFree:          120244 kB
Active:           346464 kB
Mem:          3.8G       3.7G       117M       5.7M        21M       3.2G

MemTotal:        4016004 kB
MemFree:          119872 kB
Active:           346504 kB
Mem:          3.8G       3.7G       117M       5.7M        21M       3.2G

MemTotal:        4016004 kB
MemFree:          119996 kB
Active:           346504 kB
Mem:          3.8G       3.7G       117M       5.7M        21M       3.2G

MemTotal:        4016004 kB
MemFree:          120368 kB
Active:           346500 kB
Mem:          3.8G       3.7G       117M       5.7M        21M       3.2G

MemTotal:        4016004 kB
MemFree:          119996 kB
Active:           346492 kB
Mem:          3.8G       3.7G       117M       5.7M        21M       3.2G

MemTotal:        4016004 kB
MemFree:          119376 kB
Active:           346512 kB
Mem:          3.8G       3.7G       116M       5.7M        21M       3.2G

MemTotal:        4016004 kB
MemFree:          119872 kB
Active:           346476 kB
Mem:          3.8G       3.7G       116M       5.7M        21M       3.2G

MemTotal:        4016004 kB
MemFree:          119996 kB
Active:           346504 kB
Mem:          3.8G       3.7G       117M       5.7M        21M       3.2G

MemTotal:        4016004 kB
MemFree:          119872 kB
Active:           346464 kB
Mem:          3.8G       3.7G       116M       5.7M        21M       3.2G

MemTotal:        4016004 kB
MemFree:          119872 kB
Active:           346488 kB
Mem:          3.8G       3.7G       116M       5.7M        21M       3.2G

MemTotal:        4016004 kB
MemFree:          119996 kB
Active:           346504 kB
Mem:          3.8G       3.7G       117M       5.7M        21M       3.2G

MemTotal:        4016004 kB
MemFree:          119872 kB
Active:           346524 kB
Mem:          3.8G       3.7G       117M       5.7M        21M       3.2G

MemTotal:        4016004 kB
MemFree:          119500 kB
Active:           346536 kB
Mem:          3.8G       3.7G       116M       5.7M        21M       3.2G

MemTotal:        4016004 kB
MemFree:          119996 kB
Active:           346520 kB
Mem:          3.8G       3.7G       116M       5.7M        21M       3.2G

MemTotal:        4016004 kB
MemFree:          119872 kB
Active:           346508 kB
Mem:          3.8G       3.7G       117M       5.7M        21M       3.2G

MemTotal:        4016004 kB
MemFree:          119376 kB
Active:           346540 kB
Mem:          3.8G       3.7G       116M       5.7M        21M       3.2G

MemTotal:        4016004 kB
MemFree:          119500 kB
Active:           346492 kB
Mem:          3.8G       3.7G       116M       5.7M        21M       3.2G

MemTotal:        4016004 kB
MemFree:          119252 kB
Active:           346512 kB
Mem:          3.8G       3.7G       116M       5.7M        21M       3.2G

MemTotal:        4016004 kB
MemFree:          119624 kB
Active:           346532 kB
Mem:          3.8G       3.7G       116M       5.7M        21M       3.2G

MemTotal:        4016004 kB
MemFree:          119376 kB
Active:           346544 kB
Mem:          3.8G       3.7G       116M       5.7M        21M       3.2G

MemTotal:        4016004 kB
MemFree:          119748 kB
Active:           346548 kB
Mem:          3.8G       3.7G       116M       5.7M        21M       3.2G

MemTotal:        4016004 kB
MemFree:          120244 kB
Active:           346508 kB
Mem:          3.8G       3.7G       117M       5.7M        21M       3.2G

MemTotal:        4016004 kB
MemFree:          120244 kB
Active:           346516 kB
Mem:          3.8G       3.7G       117M       5.7M        21M       3.2G

MemTotal:        4016004 kB
MemFree:          119872 kB
Active:           346504 kB
Mem:          3.8G       3.7G       117M       5.7M        21M       3.2G

MemTotal:        4016004 kB
MemFree:          120368 kB
Active:           346496 kB
Mem:          3.8G       3.7G       117M       5.7M        21M       3.2G

MemTotal:        4016004 kB
MemFree:          119872 kB
Active:           346548 kB
Mem:          3.8G       3.7G       116M       5.7M        21M       3.2G

MemTotal:        4016004 kB
MemFree:          119624 kB
Active:           346552 kB
Mem:          3.8G       3.7G       116M       5.7M        21M       3.2G

MemTotal:        4016004 kB
MemFree:          119624 kB
Active:           346552 kB
Mem:          3.8G       3.7G       116M       5.7M        21M       3.2G

MemTotal:        4016004 kB
MemFree:          119624 kB
Active:           346540 kB
Mem:          3.8G       3.7G       116M       5.7M        21M       3.2G

MemTotal:        4016004 kB
MemFree:          119624 kB
Active:           346560 kB
Mem:          3.8G       3.7G       116M       5.7M        21M       3.2G

MemTotal:        4016004 kB
MemFree:          119624 kB
Active:           346560 kB
Mem:          3.8G       3.7G       116M       5.7M        21M       3.2G

MemTotal:        4016004 kB
MemFree:          119624 kB
Active:           346544 kB
Mem:          3.8G       3.7G       117M       5.7M        21M       3.2G

MemTotal:        4016004 kB
MemFree:          119624 kB
Active:           346568 kB
Mem:          3.8G       3.7G       116M       5.7M        21M       3.2G

MemTotal:        4016004 kB
MemFree:          119624 kB
Active:           346516 kB
Mem:          3.8G       3.7G       116M       5.7M        21M       3.2G

MemTotal:        4016004 kB
MemFree:          119748 kB
Active:           346528 kB
Mem:          3.8G       3.7G       117M       5.7M        21M       3.2G

MemTotal:        4016004 kB
MemFree:          119872 kB
Active:           346576 kB
Mem:          3.8G       3.7G       117M       5.7M        21M       3.2G

MemTotal:        4016004 kB
MemFree:          119748 kB
Active:           346544 kB
Mem:          3.8G       3.7G       116M       5.7M        21M       3.2G

MemTotal:        4016004 kB
MemFree:          119748 kB
Active:           346556 kB
Mem:          3.8G       3.7G       116M       5.7M        21M       3.2G

MemTotal:        4016004 kB
MemFree:          119748 kB
Active:           346560 kB
Mem:          3.8G       3.7G       116M       5.7M        21M       3.2G

MemTotal:        4016004 kB
MemFree:          119872 kB
Active:           346536 kB
Mem:          3.8G       3.7G       116M       5.7M        21M       3.2G

MemTotal:        4016004 kB
MemFree:          119748 kB
Active:           346528 kB
Mem:          3.8G       3.7G       116M       5.7M        21M       3.2G

MemTotal:        4016004 kB
MemFree:          119748 kB
Active:           346528 kB
Mem:          3.8G       3.7G       116M       5.7M        21M       3.2G

MemTotal:        4016004 kB
MemFree:          119128 kB
Active:           346592 kB
Mem:          3.8G       3.7G       116M       5.7M        21M       3.2G

MemTotal:        4016004 kB
MemFree:          119376 kB
Active:           346592 kB
Mem:          3.8G       3.7G       116M       5.7M        21M       3.2G

MemTotal:        4016004 kB
MemFree:          119500 kB
Active:           346576 kB
Mem:          3.8G       3.7G       116M       5.7M        21M       3.2G

MemTotal:        4016004 kB
MemFree:          119128 kB
Active:           346592 kB
Mem:          3.8G       3.7G       116M       5.7M        21M       3.2G

MemTotal:        4016004 kB
MemFree:          119996 kB
Active:           346532 kB
Mem:          3.8G       3.7G       116M       5.7M        21M       3.2G

MemTotal:        4016004 kB
MemFree:          119624 kB
Active:           346556 kB
Mem:          3.8G       3.7G       116M       5.7M        21M       3.2G

MemTotal:        4016004 kB
MemFree:          119500 kB
Active:           346576 kB
Mem:          3.8G       3.7G       116M       5.7M        21M       3.2G

MemTotal:        4016004 kB
MemFree:          119748 kB
Active:           346568 kB
Mem:          3.8G       3.7G       116M       5.7M        21M       3.2G

MemTotal:        4016004 kB
MemFree:          119872 kB
Active:           346564 kB
Mem:          3.8G       3.7G       117M       5.7M        21M       3.2G

MemTotal:        4016004 kB
MemFree:          119748 kB
Active:           346548 kB
Mem:          3.8G       3.7G       116M       5.7M        21M       3.2G

MemTotal:        4016004 kB
MemFree:          119748 kB
Active:           346556 kB
Mem:          3.8G       3.7G       116M       5.7M        21M       3.2G

MemTotal:        4016004 kB
MemFree:          119872 kB
Active:           346548 kB
Mem:          3.8G       3.7G       116M       5.7M        21M       3.2G

MemTotal:        4016004 kB
MemFree:          119872 kB
Active:           346572 kB
Mem:          3.8G       3.7G       116M       5.7M        21M       3.2G

MemTotal:        4016004 kB
MemFree:          119872 kB
Active:           346572 kB
Mem:          3.8G       3.7G       116M       5.7M        21M       3.2G

MemTotal:        4016004 kB
MemFree:          119872 kB
Active:           346600 kB
Mem:          3.8G       3.7G       116M       5.7M        21M       3.2G

MemTotal:        4016004 kB
MemFree:          119872 kB
Active:           346584 kB
Mem:          3.8G       3.7G       116M       5.7M        21M       3.2G

MemTotal:        4016004 kB
MemFree:          119748 kB
Active:           346588 kB
Mem:          3.8G       3.7G       116M       5.7M        21M       3.2G

MemTotal:        4016004 kB
MemFree:          120620 kB
Active:           346316 kB
Mem:          3.8G       3.7G       117M       5.7M        21M       3.2G

MemTotal:        4016004 kB
MemFree:          120652 kB
Active:           346176 kB
Mem:          3.8G       3.7G       117M       5.7M        21M       3.2G

MemTotal:        4016004 kB
MemFree:          120776 kB
Active:           346160 kB
Mem:          3.8G       3.7G       117M       5.7M        21M       3.2G

MemTotal:        4016004 kB
MemFree:          120776 kB
Active:           346196 kB
Mem:          3.8G       3.7G       117M       5.7M        21M       3.2G

MemTotal:        4016004 kB
MemFree:          120776 kB
Active:           346184 kB
Mem:          3.8G       3.7G       117M       5.7M        21M       3.2G

MemTotal:        4016004 kB
MemFree:          120392 kB
Active:           346216 kB
Mem:          3.8G       3.7G       117M       5.7M        21M       3.2G

MemTotal:        4016004 kB
MemFree:          121012 kB
Active:           346200 kB
Mem:          3.8G       3.7G       118M       5.7M        21M       3.2G

MemTotal:        4016004 kB
MemFree:          120888 kB
Active:           346176 kB
Mem:          3.8G       3.7G       117M       5.7M        21M       3.2G

MemTotal:        4016004 kB
MemFree:          121136 kB
Active:           346212 kB
Mem:          3.8G       3.7G       118M       5.7M        21M       3.2G

MemTotal:        4016004 kB
MemFree:          120888 kB
Active:           346228 kB
Mem:          3.8G       3.7G       118M       5.7M        21M       3.2G

MemTotal:        4016004 kB
MemFree:          121512 kB
Active:           346204 kB
Mem:          3.8G       3.7G       118M       5.7M        21M       3.2G

MemTotal:        4016004 kB
MemFree:          121388 kB
Active:           346232 kB
Mem:          3.8G       3.7G       118M       5.7M        21M       3.2G

MemTotal:        4016004 kB
MemFree:          121512 kB
Active:           346228 kB
Mem:          3.8G       3.7G       118M       5.7M        21M       3.2G

MemTotal:        4016004 kB
MemFree:          121264 kB
Active:           346212 kB
Mem:          3.8G       3.7G       118M       5.7M        21M       3.2G

MemTotal:        4016004 kB
MemFree:          121016 kB
Active:           346236 kB
Mem:          3.8G       3.7G       118M       5.7M        21M       3.2G

MemTotal:        4016004 kB
MemFree:          120892 kB
Active:           346236 kB
Mem:          3.8G       3.7G       118M       5.7M        21M       3.2G

MemTotal:        4016004 kB
MemFree:          120520 kB
Active:           346236 kB
Mem:          3.8G       3.7G       118M       5.7M        21M       3.2G

MemTotal:        4016004 kB
MemFree:          121016 kB
Active:           346188 kB
Mem:          3.8G       3.7G       117M       5.7M        21M       3.2G

MemTotal:        4016004 kB
MemFree:          121016 kB
Active:           346228 kB
Mem:          3.8G       3.7G       117M       5.7M        21M       3.2G

MemTotal:        4016004 kB
MemFree:          120644 kB
Active:           346244 kB
Mem:          3.8G       3.7G       118M       5.7M        21M       3.2G

MemTotal:        4016004 kB
MemFree:          120892 kB
Active:           346204 kB
Mem:          3.8G       3.7G       118M       5.7M        21M       3.2G

MemTotal:        4016004 kB
MemFree:          120396 kB
Active:           346252 kB
Mem:          3.8G       3.7G       117M       5.7M        21M       3.2G

MemTotal:        4016004 kB
MemFree:          120768 kB
Active:           346232 kB
Mem:          3.8G       3.7G       117M       5.7M        21M       3.2G

MemTotal:        4016004 kB
MemFree:          120892 kB
Active:           346228 kB
Mem:          3.8G       3.7G       117M       5.7M        21M       3.2G

MemTotal:        4016004 kB
MemFree:          120768 kB
Active:           346204 kB
Mem:          3.8G       3.7G       118M       5.7M        21M       3.2G

MemTotal:        4016004 kB
MemFree:          121388 kB
Active:           346232 kB
Mem:          3.8G       3.7G       118M       5.7M        21M       3.2G

MemTotal:        4016004 kB
MemFree:          120892 kB
Active:           346260 kB
Mem:          3.8G       3.7G       118M       5.7M        21M       3.2G

MemTotal:        4016004 kB
MemFree:          121264 kB
Active:           346212 kB
Mem:          3.8G       3.7G       118M       5.7M        21M       3.2G

MemTotal:        4016004 kB
MemFree:          121388 kB
Active:           346244 kB
Mem:          3.8G       3.7G       118M       5.7M        21M       3.2G

MemTotal:        4016004 kB
MemFree:          121264 kB
Active:           346240 kB
