MemTotal:        4016004 kB
MemFree:         3229152 kB
Active:           430928 kB
Mem:          3.8G       768M       3.1G       5.7M        52M       321M

MemTotal:        4016004 kB
MemFree:         3228360 kB
Active:           431292 kB
Mem:          3.8G       769M       3.1G       5.7M        52M       321M

MemTotal:        4016004 kB
MemFree:         3228468 kB
Active:           431388 kB
Mem:          3.8G       769M       3.1G       5.7M        52M       321M

MemTotal:        4016004 kB
MemFree:         3228344 kB
Active:           431404 kB
Mem:          3.8G       769M       3.1G       5.7M        52M       321M

MemTotal:        4016004 kB
MemFree:         3228204 kB
Active:           431388 kB
Mem:          3.8G       769M       3.1G       5.7M        52M       321M

MemTotal:        4016004 kB
MemFree:         3228436 kB
Active:           431408 kB
Mem:          3.8G       769M       3.1G       5.7M        52M       321M

MemTotal:        4016004 kB
MemFree:         3228420 kB
Active:           431392 kB
Mem:          3.8G       769M       3.1G       5.7M        52M       321M

MemTotal:        4016004 kB
MemFree:         3227908 kB
Active:           431416 kB
Mem:          3.8G       769M       3.1G       5.7M        52M       321M

MemTotal:        4016004 kB
MemFree:         3228264 kB
Active:           431360 kB
Mem:          3.8G       769M       3.1G       5.7M        52M       321M

MemTotal:        4016004 kB
MemFree:         3228264 kB
Active:           431396 kB
Mem:          3.8G       769M       3.1G       5.7M        52M       321M

MemTotal:        4016004 kB
MemFree:         3228140 kB
Active:           431368 kB
Mem:          3.8G       769M       3.1G       5.7M        52M       321M

MemTotal:        4016004 kB
MemFree:         3228124 kB
Active:           431392 kB
Mem:          3.8G       769M       3.1G       5.7M        52M       321M

MemTotal:        4016004 kB
MemFree:         3228124 kB
Active:           431408 kB
Mem:          3.8G       769M       3.1G       5.7M        52M       321M

MemTotal:        4016004 kB
MemFree:         3227628 kB
Active:           431424 kB
Mem:          3.8G       769M       3.1G       5.7M        52M       321M

MemTotal:        4016004 kB
MemFree:         3227824 kB
Active:           431396 kB
Mem:          3.8G       769M       3.1G       5.7M        52M       321M

MemTotal:        4016004 kB
MemFree:         3227932 kB
Active:           431380 kB
Mem:          3.8G       769M       3.1G       5.7M        52M       321M

MemTotal:        4016004 kB
MemFree:         3228164 kB
Active:           431408 kB
Mem:          3.8G       769M       3.1G       5.7M        52M       321M

MemTotal:        4016004 kB
MemFree:         3228040 kB
Active:           431404 kB
Mem:          3.8G       769M       3.1G       5.7M        52M       321M

MemTotal:        4016004 kB
MemFree:         3227668 kB
Active:           431424 kB
Mem:          3.8G       769M       3.1G       5.7M        52M       321M

MemTotal:        4016004 kB
MemFree:         3227916 kB
Active:           431368 kB
Mem:          3.8G       769M       3.1G       5.7M        52M       321M

MemTotal:        4016004 kB
MemFree:         3227544 kB
Active:           431428 kB
Mem:          3.8G       769M       3.1G       5.7M        52M       321M

MemTotal:        4016004 kB
MemFree:         3227576 kB
Active:           431432 kB
Mem:          3.8G       769M       3.1G       5.7M        52M       321M

MemTotal:        4016004 kB
MemFree:         3227948 kB
Active:           431380 kB
Mem:          3.8G       769M       3.1G       5.7M        52M       321M

MemTotal:        4016004 kB
MemFree:         3225776 kB
Active:           431432 kB
Mem:          3.8G       771M       3.1G       5.7M        52M       321M

MemTotal:        4016004 kB
MemFree:         3225776 kB
Active:           433456 kB
Mem:          3.8G       771M       3.1G       5.7M        52M       321M

MemTotal:        4016004 kB
MemFree:         3226148 kB
Active:           433452 kB
Mem:          3.8G       771M       3.1G       5.7M        52M       321M

MemTotal:        4016004 kB
MemFree:         3225780 kB
Active:           433456 kB
Mem:          3.8G       771M       3.1G       5.7M        52M       321M

MemTotal:        4016004 kB
MemFree:         3225656 kB
Active:           433456 kB
Mem:          3.8G       771M       3.1G       5.7M        52M       321M

MemTotal:        4016004 kB
MemFree:         3226152 kB
Active:           433448 kB
Mem:          3.8G       771M       3.1G       5.7M        52M       321M

MemTotal:        4016004 kB
MemFree:         3226524 kB
Active:           433424 kB
Mem:          3.8G       771M       3.1G       5.7M        52M       321M

MemTotal:        4016004 kB
MemFree:         3226508 kB
Active:           433400 kB
Mem:          3.8G       771M       3.1G       5.7M        52M       321M

MemTotal:        4016004 kB
MemFree:         3226508 kB
Active:           433404 kB
Mem:          3.8G       770M       3.1G       5.7M        52M       321M

MemTotal:        4016004 kB
MemFree:         3226508 kB
Active:           433420 kB
Mem:          3.8G       770M       3.1G       5.7M        52M       321M

MemTotal:        4016004 kB
MemFree:         3226508 kB
Active:           433428 kB
Mem:          3.8G       771M       3.1G       5.7M        52M       321M

MemTotal:        4016004 kB
MemFree:         3226012 kB
Active:           433464 kB
Mem:          3.8G       771M       3.1G       5.7M        52M       321M

MemTotal:        4016004 kB
MemFree:         3226104 kB
Active:           433468 kB
Mem:          3.8G       771M       3.1G       5.7M        52M       321M

MemTotal:        4016004 kB
MemFree:         3226460 kB
Active:           433420 kB
Mem:          3.8G       771M       3.1G       5.7M        52M       321M

MemTotal:        4016004 kB
MemFree:         3226692 kB
Active:           433432 kB
Mem:          3.8G       770M       3.1G       5.7M        52M       321M

MemTotal:        4016004 kB
MemFree:         3226444 kB
Active:           433468 kB
Mem:          3.8G       771M       3.1G       5.7M        52M       321M

MemTotal:        4016004 kB
MemFree:         3226444 kB
Active:           433460 kB
Mem:          3.8G       770M       3.1G       5.7M        52M       321M

MemTotal:        4016004 kB
MemFree:         3226320 kB
Active:           433472 kB
Mem:          3.8G       771M       3.1G       5.7M        52M       321M

MemTotal:        4016004 kB
MemFree:         3226320 kB
Active:           433468 kB
Mem:          3.8G       771M       3.1G       5.7M        52M       321M

MemTotal:        4016004 kB
MemFree:         3225948 kB
Active:           433488 kB
Mem:          3.8G       771M       3.1G       5.7M        52M       321M

MemTotal:        4016004 kB
MemFree:         3225936 kB
Active:           433540 kB
Mem:          3.8G       771M       3.1G       5.7M        52M       321M

MemTotal:        4016004 kB
MemFree:         3225696 kB
Active:           433488 kB
Mem:          3.8G       771M       3.1G       5.7M        52M       321M

MemTotal:        4016004 kB
MemFree:         3226192 kB
Active:           433436 kB
Mem:          3.8G       771M       3.1G       5.7M        52M       321M

MemTotal:        4016004 kB
MemFree:         3226068 kB
Active:           433464 kB
Mem:          3.8G       771M       3.1G       5.7M        52M       321M

MemTotal:        4016004 kB
MemFree:         3226068 kB
Active:           433460 kB
Mem:          3.8G       771M       3.1G       5.7M        52M       321M

MemTotal:        4016004 kB
MemFree:         3226192 kB
Active:           433468 kB
Mem:          3.8G       771M       3.1G       5.7M        52M       321M

MemTotal:        4016004 kB
MemFree:         3226192 kB
Active:           433480 kB
Mem:          3.8G       771M       3.1G       5.7M        52M       321M

MemTotal:        4016004 kB
MemFree:         3226256 kB
Active:           433472 kB
Mem:          3.8G       771M       3.1G       5.7M        52M       321M

MemTotal:        4016004 kB
MemFree:         3226256 kB
Active:           433452 kB
Mem:          3.8G       771M       3.1G       5.7M        52M       321M

MemTotal:        4016004 kB
MemFree:         3225744 kB
Active:           433528 kB
Mem:          3.8G       771M       3.1G       5.7M        52M       321M

MemTotal:        4016004 kB
MemFree:         3225004 kB
Active:           433528 kB
Mem:          3.8G       772M       3.1G       5.7M        52M       321M

MemTotal:        4016004 kB
MemFree:         3225396 kB
Active:           433488 kB
Mem:          3.8G       772M       3.1G       5.7M        52M       321M

MemTotal:        4016004 kB
MemFree:         3225644 kB
Active:           433500 kB
Mem:          3.8G       771M       3.1G       5.7M        52M       321M

MemTotal:        4016004 kB
MemFree:         3225768 kB
Active:           433488 kB
Mem:          3.8G       771M       3.1G       5.7M        52M       321M

MemTotal:        4016004 kB
MemFree:         3225628 kB
Active:           433504 kB
Mem:          3.8G       771M       3.1G       5.7M        52M       321M

MemTotal:        4016004 kB
MemFree:         3225116 kB
Active:           433536 kB
Mem:          3.8G       772M       3.1G       5.7M        52M       321M

MemTotal:        4016004 kB
MemFree:         3225364 kB
Active:           433484 kB
Mem:          3.8G       771M       3.1G       5.7M        52M       321M

MemTotal:        4016004 kB
MemFree:         3225784 kB
Active:           433492 kB
Mem:          3.8G       771M       3.1G       5.7M        52M       321M

MemTotal:        4016004 kB
MemFree:         3225784 kB
Active:           433540 kB
Mem:          3.8G       771M       3.1G       5.7M        52M       321M

MemTotal:        4016004 kB
MemFree:         3226156 kB
Active:           433516 kB
Mem:          3.8G       771M       3.1G       5.7M        52M       321M

MemTotal:        4016004 kB
MemFree:         3226156 kB
Active:           433532 kB
Mem:          3.8G       771M       3.1G       5.7M        52M       321M

MemTotal:        4016004 kB
MemFree:         3226032 kB
Active:           433496 kB
Mem:          3.8G       771M       3.1G       5.7M        52M       321M

MemTotal:        4016004 kB
MemFree:         3226156 kB
Active:           433548 kB
Mem:          3.8G       771M       3.1G       5.7M        52M       321M

MemTotal:        4016004 kB
MemFree:         3226032 kB
Active:           433500 kB
Mem:          3.8G       771M       3.1G       5.7M        52M       321M

MemTotal:        4016004 kB
MemFree:         3226404 kB
Active:           433504 kB
Mem:          3.8G       771M       3.1G       5.7M        52M       321M

MemTotal:        4016004 kB
MemFree:         3226280 kB
Active:           433500 kB
Mem:          3.8G       771M       3.1G       5.7M        52M       321M

MemTotal:        4016004 kB
MemFree:         3226652 kB
Active:           433492 kB
Mem:          3.8G       771M       3.1G       5.7M        52M       321M

MemTotal:        4016004 kB
MemFree:         3226652 kB
Active:           433492 kB
Mem:          3.8G       770M       3.1G       5.7M        52M       321M

MemTotal:        4016004 kB
MemFree:         3226668 kB
Active:           433544 kB
Mem:          3.8G       770M       3.1G       5.7M        52M       321M

MemTotal:        4016004 kB
MemFree:         3224792 kB
Active:           431724 kB
Mem:          3.8G       773M       3.1G       5.7M        52M       321M

MemTotal:        4016004 kB
MemFree:         3224184 kB
Active:           435568 kB
Mem:          3.8G       773M       3.1G       5.7M        52M       321M

MemTotal:        4016004 kB
MemFree:         3224680 kB
Active:           435556 kB
Mem:          3.8G       772M       3.1G       5.7M        52M       321M

MemTotal:        4016004 kB
MemFree:         3224432 kB
Active:           435564 kB
Mem:          3.8G       773M       3.1G       5.7M        52M       321M

MemTotal:        4016004 kB
MemFree:         3224060 kB
Active:           435564 kB
Mem:          3.8G       773M       3.1G       5.7M        52M       321M

MemTotal:        4016004 kB
MemFree:         3224060 kB
Active:           435552 kB
Mem:          3.8G       773M       3.1G       5.7M        52M       321M

MemTotal:        4016004 kB
MemFree:         3224184 kB
Active:           435560 kB
Mem:          3.8G       773M       3.1G       5.7M        52M       321M

MemTotal:        4016004 kB
MemFree:         3224200 kB
Active:           435564 kB
Mem:          3.8G       773M       3.1G       5.7M        52M       321M

MemTotal:        4016004 kB
MemFree:         3224076 kB
Active:           435568 kB
Mem:          3.8G       773M       3.1G       5.7M        52M       321M

MemTotal:        4016004 kB
MemFree:         3223828 kB
Active:           435596 kB
Mem:          3.8G       773M       3.1G       5.7M        52M       321M

MemTotal:        4016004 kB
MemFree:         3224200 kB
Active:           435592 kB
Mem:          3.8G       773M       3.1G       5.7M        52M       321M

MemTotal:        4016004 kB
MemFree:         3224076 kB
Active:           435612 kB
Mem:          3.8G       773M       3.1G       5.7M        52M       321M

MemTotal:        4016004 kB
MemFree:         3223828 kB
Active:           435612 kB
Mem:          3.8G       773M       3.1G       5.7M        52M       321M

MemTotal:        4016004 kB
MemFree:         3224184 kB
Active:           435604 kB
Mem:          3.8G       773M       3.1G       5.7M        52M       321M

MemTotal:        4016004 kB
MemFree:         3224184 kB
Active:           435596 kB
Mem:          3.8G       773M       3.1G       5.7M        52M       321M

MemTotal:        4016004 kB
MemFree:         3224184 kB
Active:           435556 kB
Mem:          3.8G       773M       3.1G       5.7M        52M       321M

MemTotal:        4016004 kB
MemFree:         3224184 kB
Active:           435564 kB
Mem:          3.8G       773M       3.1G       5.7M        52M       321M

MemTotal:        4016004 kB
MemFree:         3224292 kB
Active:           435604 kB
Mem:          3.8G       773M       3.1G       5.7M        52M       321M

MemTotal:        4016004 kB
MemFree:         3224276 kB
Active:           435576 kB
Mem:          3.8G       773M       3.1G       5.7M        52M       321M

MemTotal:        4016004 kB
MemFree:         3223888 kB
Active:           435580 kB
Mem:          3.8G       773M       3.1G       5.7M        52M       321M

MemTotal:        4016004 kB
MemFree:         3223556 kB
Active:           433576 kB
Mem:          3.8G       773M       3.1G       5.7M        52M       321M

MemTotal:        4016004 kB
MemFree:         3223792 kB
Active:           433584 kB
Mem:          3.8G       773M       3.1G       5.7M        52M       321M

MemTotal:        4016004 kB
MemFree:         3223900 kB
Active:           435640 kB
Mem:          3.8G       773M       3.1G       5.7M        52M       321M

MemTotal:        4016004 kB
MemFree:         3223512 kB
Active:           435644 kB
Mem:          3.8G       773M       3.1G       5.7M        52M       321M

MemTotal:        4016004 kB
MemFree:         3223884 kB
Active:           435644 kB
Mem:          3.8G       773M       3.1G       5.7M        52M       321M

MemTotal:        4016004 kB
MemFree:         3223992 kB
Active:           435612 kB
Mem:          3.8G       773M       3.1G       5.7M        52M       321M

MemTotal:        4016004 kB
MemFree:         3223728 kB
Active:           435596 kB
Mem:          3.8G       773M       3.1G       5.7M        52M       321M

MemTotal:        4016004 kB
MemFree:         3224084 kB
Active:           435608 kB
Mem:          3.8G       773M       3.1G       5.7M        52M       321M

MemTotal:        4016004 kB
MemFree:         3223804 kB
Active:           435712 kB
Mem:          3.8G       773M       3.1G       5.7M        52M       321M

MemTotal:        4016004 kB
MemFree:         3183096 kB
Active:           435956 kB
Mem:          3.8G       813M       3.0G       5.7M        52M       361M

MemTotal:        4016004 kB
MemFree:         3136992 kB
Active:           435936 kB
Mem:          3.8G       859M       3.0G       5.7M        52M       403M

MemTotal:        4016004 kB
MemFree:         3093432 kB
Active:           438036 kB
Mem:          3.8G       901M       2.9G       5.7M        52M       445M

MemTotal:        4016004 kB
MemFree:         3050184 kB
Active:           438032 kB
Mem:          3.8G       943M       2.9G       5.7M        52M       486M

MemTotal:        4016004 kB
MemFree:         3007184 kB
Active:           438072 kB
Mem:          3.8G       985M       2.9G       5.7M        52M       528M

MemTotal:        4016004 kB
MemFree:         2965176 kB
Active:           438076 kB
Mem:          3.8G       1.0G       2.8G       5.7M        52M       568M

MemTotal:        4016004 kB
MemFree:         2930472 kB
Active:           438124 kB
Mem:          3.8G       1.0G       2.8G       5.7M        52M       602M

MemTotal:        4016004 kB
MemFree:         2919932 kB
Active:           438136 kB
Mem:          3.8G       1.0G       2.8G       5.7M        52M       612M

MemTotal:        4016004 kB
MemFree:         2877336 kB
Active:           438140 kB
Mem:          3.8G       1.1G       2.7G       5.7M        52M       654M

MemTotal:        4016004 kB
MemFree:         2833716 kB
Active:           438164 kB
Mem:          3.8G       1.1G       2.7G       5.7M        52M       695M

MemTotal:        4016004 kB
MemFree:         2789848 kB
Active:           438168 kB
Mem:          3.8G       1.2G       2.7G       5.7M        52M       737M

MemTotal:        4016004 kB
MemFree:         2757900 kB
Active:           438204 kB
Mem:          3.8G       1.2G       2.6G       5.7M        52M       767M

MemTotal:        4016004 kB
MemFree:         2715332 kB
Active:           438224 kB
Mem:          3.8G       1.2G       2.6G       5.7M        52M       808M

MemTotal:        4016004 kB
MemFree:         2672612 kB
Active:           438248 kB
Mem:          3.8G       1.3G       2.5G       5.7M        52M       849M

MemTotal:        4016004 kB
MemFree:         2666632 kB
Active:           438320 kB
Mem:          3.8G       1.3G       2.5G       5.7M        52M       855M

MemTotal:        4016004 kB
MemFree:         2666184 kB
Active:           438300 kB
Mem:          3.8G       1.3G       2.5G       5.7M        52M       856M

MemTotal:        4016004 kB
MemFree:         2639012 kB
Active:           438344 kB
Mem:          3.8G       1.3G       2.5G       5.7M        52M       883M

MemTotal:        4016004 kB
MemFree:         2595404 kB
Active:           438368 kB
Mem:          3.8G       1.4G       2.5G       5.7M        52M       924M

MemTotal:        4016004 kB
MemFree:         2552300 kB
Active:           438416 kB
Mem:          3.8G       1.4G       2.4G       5.7M        52M       966M

MemTotal:        4016004 kB
MemFree:         2508804 kB
Active:           438432 kB
Mem:          3.8G       1.4G       2.4G       5.7M        52M       1.0G

MemTotal:        4016004 kB
MemFree:         2465680 kB
Active:           438428 kB
Mem:          3.8G       1.5G       2.4G       5.7M        52M       1.0G

MemTotal:        4016004 kB
MemFree:         2420632 kB
Active:           438500 kB
Mem:          3.8G       1.5G       2.3G       5.7M        52M       1.1G

MemTotal:        4016004 kB
MemFree:         2378128 kB
Active:           440548 kB
Mem:          3.8G       1.6G       2.3G       5.7M        52M       1.1G

MemTotal:        4016004 kB
MemFree:         2334120 kB
Active:           440568 kB
Mem:          3.8G       1.6G       2.2G       5.7M        52M       1.1G

MemTotal:        4016004 kB
MemFree:         2291476 kB
Active:           440588 kB
Mem:          3.8G       1.6G       2.2G       5.7M        52M       1.2G

MemTotal:        4016004 kB
MemFree:         2248564 kB
Active:           440552 kB
Mem:          3.8G       1.7G       2.1G       5.7M        53M       1.2G

MemTotal:        4016004 kB
MemFree:         2219176 kB
Active:           440640 kB
Mem:          3.8G       1.7G       2.1G       5.7M        53M       1.3G

MemTotal:        4016004 kB
MemFree:         2217052 kB
Active:           440668 kB
Mem:          3.8G       1.7G       2.1G       5.7M        53M       1.3G

MemTotal:        4016004 kB
MemFree:         2176064 kB
Active:           440668 kB
Mem:          3.8G       1.8G       2.1G       5.7M        53M       1.3G

MemTotal:        4016004 kB
MemFree:         2133608 kB
Active:           440684 kB
Mem:          3.8G       1.8G       2.0G       5.7M        53M       1.3G

MemTotal:        4016004 kB
MemFree:         2090332 kB
Active:           440696 kB
Mem:          3.8G       1.8G       2.0G       5.7M        53M       1.4G

MemTotal:        4016004 kB
MemFree:         2046580 kB
Active:           438776 kB
Mem:          3.8G       1.9G       2.0G       5.7M        53M       1.4G

MemTotal:        4016004 kB
MemFree:         2003900 kB
Active:           438712 kB
Mem:          3.8G       1.9G       1.9G       5.7M        53M       1.5G

MemTotal:        4016004 kB
MemFree:         1960992 kB
Active:           440792 kB
Mem:          3.8G       2.0G       1.9G       5.7M        53M       1.5G

MemTotal:        4016004 kB
MemFree:         1917776 kB
Active:           440820 kB
Mem:          3.8G       2.0G       1.8G       5.7M        53M       1.5G

MemTotal:        4016004 kB
MemFree:         1873536 kB
Active:           440844 kB
Mem:          3.8G       2.0G       1.8G       5.7M        53M       1.6G

MemTotal:        4016004 kB
MemFree:         1862796 kB
Active:           440836 kB
Mem:          3.8G       2.1G       1.8G       5.7M        53M       1.6G

MemTotal:        4016004 kB
MemFree:         1820388 kB
Active:           440864 kB
Mem:          3.8G       2.1G       1.7G       5.7M        53M       1.6G

MemTotal:        4016004 kB
MemFree:         1777388 kB
Active:           440872 kB
Mem:          3.8G       2.1G       1.7G       5.7M        53M       1.7G

MemTotal:        4016004 kB
MemFree:         1764324 kB
Active:           440944 kB
Mem:          3.8G       2.1G       1.7G       5.7M        53M       1.7G

MemTotal:        4016004 kB
MemFree:         1720488 kB
Active:           440968 kB
Mem:          3.8G       2.2G       1.6G       5.7M        53M       1.7G

MemTotal:        4016004 kB
MemFree:         1677072 kB
Active:           440992 kB
Mem:          3.8G       2.2G       1.6G       5.7M        53M       1.8G

MemTotal:        4016004 kB
MemFree:         1634172 kB
Active:           440960 kB
Mem:          3.8G       2.3G       1.6G       5.7M        53M       1.8G

MemTotal:        4016004 kB
MemFree:         1590956 kB
Active:           440984 kB
Mem:          3.8G       2.3G       1.5G       5.7M        53M       1.8G

MemTotal:        4016004 kB
MemFree:         1547928 kB
Active:           441060 kB
Mem:          3.8G       2.4G       1.5G       5.7M        53M       1.9G

MemTotal:        4016004 kB
MemFree:         1506408 kB
Active:           441028 kB
Mem:          3.8G       2.4G       1.4G       5.7M        53M       1.9G

MemTotal:        4016004 kB
MemFree:         1463408 kB
Active:           441108 kB
Mem:          3.8G       2.4G       1.4G       5.7M        53M       2.0G

MemTotal:        4016004 kB
MemFree:         1420656 kB
Active:           441084 kB
Mem:          3.8G       2.5G       1.4G       5.7M        53M       2.0G

MemTotal:        4016004 kB
MemFree:         1376264 kB
Active:           441152 kB
Mem:          3.8G       2.5G       1.3G       5.7M        53M       2.0G

MemTotal:        4016004 kB
MemFree:         1339124 kB
Active:           441124 kB
Mem:          3.8G       2.6G       1.3G       5.7M        53M       2.1G

MemTotal:        4016004 kB
MemFree:         1335180 kB
Active:           439264 kB
Mem:          3.8G       2.6G       1.3G       5.7M        53M       2.1G

MemTotal:        4016004 kB
MemFree:         1314884 kB
Active:           441224 kB
Mem:          3.8G       2.6G       1.3G       5.7M        53M       2.1G

MemTotal:        4016004 kB
MemFree:         1272492 kB
Active:           441220 kB
Mem:          3.8G       2.6G       1.2G       5.7M        53M       2.1G

MemTotal:        4016004 kB
MemFree:         1228832 kB
Active:           441224 kB
Mem:          3.8G       2.7G       1.2G       5.7M        53M       2.2G

MemTotal:        4016004 kB
MemFree:         1185848 kB
Active:           441276 kB
Mem:          3.8G       2.7G       1.1G       5.7M        53M       2.2G

MemTotal:        4016004 kB
MemFree:         1142724 kB
Active:           441292 kB
Mem:          3.8G       2.7G       1.1G       5.7M        53M       2.3G

MemTotal:        4016004 kB
MemFree:         1100468 kB
Active:           441288 kB
Mem:          3.8G       2.8G       1.0G       5.7M        53M       2.3G

MemTotal:        4016004 kB
MemFree:         1056352 kB
Active:           441332 kB
Mem:          3.8G       2.8G       1.0G       5.7M        53M       2.3G

MemTotal:        4016004 kB
MemFree:         1012732 kB
Active:           441360 kB
Mem:          3.8G       2.9G       988M       5.7M        53M       2.4G

MemTotal:        4016004 kB
MemFree:          986132 kB
Active:           441388 kB
Mem:          3.8G       2.9G       962M       5.7M        53M       2.4G

MemTotal:        4016004 kB
MemFree:          942592 kB
Active:           439332 kB
Mem:          3.8G       2.9G       920M       5.7M        53M       2.5G

MemTotal:        4016004 kB
MemFree:          897876 kB
Active:           441456 kB
Mem:          3.8G       3.0G       876M       5.7M        53M       2.5G

MemTotal:        4016004 kB
MemFree:          855160 kB
Active:           441508 kB
Mem:          3.8G       3.0G       835M       5.7M        53M       2.5G

MemTotal:        4016004 kB
MemFree:          812908 kB
Active:           441504 kB
Mem:          3.8G       3.1G       793M       5.7M        53M       2.6G

MemTotal:        4016004 kB
MemFree:          769508 kB
Active:           441584 kB
Mem:          3.8G       3.1G       750M       5.7M        53M       2.6G

MemTotal:        4016004 kB
MemFree:          726076 kB
Active:           441600 kB
Mem:          3.8G       3.1G       708M       5.7M        53M       2.7G

MemTotal:        4016004 kB
MemFree:          682332 kB
Active:           441672 kB
Mem:          3.8G       3.2G       666M       5.7M        53M       2.7G

MemTotal:        4016004 kB
MemFree:          638588 kB
Active:           441712 kB
Mem:          3.8G       3.2G       623M       5.7M        53M       2.7G

MemTotal:        4016004 kB
MemFree:          595136 kB
Active:           441732 kB
Mem:          3.8G       3.3G       580M       5.7M        53M       2.8G

MemTotal:        4016004 kB
MemFree:          553436 kB
Active:           441704 kB
Mem:          3.8G       3.3G       539M       5.7M        53M       2.8G

MemTotal:        4016004 kB
MemFree:          509256 kB
Active:           441768 kB
Mem:          3.8G       3.3G       496M       5.7M        53M       2.9G

MemTotal:        4016004 kB
MemFree:          465916 kB
Active:           441752 kB
Mem:          3.8G       3.4G       455M       5.7M        54M       2.9G

MemTotal:        4016004 kB
MemFree:          407896 kB
Active:           441856 kB
Mem:          3.8G       3.4G       398M       5.7M        54M       3.0G

MemTotal:        4016004 kB
MemFree:          408176 kB
Active:           441872 kB
Mem:          3.8G       3.4G       398M       5.7M        54M       3.0G

MemTotal:        4016004 kB
MemFree:          377348 kB
Active:           441756 kB
Mem:          3.8G       3.5G       367M       5.7M        54M       3.0G

MemTotal:        4016004 kB
MemFree:          334212 kB
Active:           441740 kB
Mem:          3.8G       3.5G       326M       5.7M        54M       3.0G

MemTotal:        4016004 kB
MemFree:          290972 kB
Active:           441788 kB
Mem:          3.8G       3.6G       284M       5.7M        54M       3.1G

MemTotal:        4016004 kB
MemFree:          247848 kB
Active:           441812 kB
Mem:          3.8G       3.6G       241M       5.7M        54M       3.1G

MemTotal:        4016004 kB
MemFree:          205096 kB
Active:           441824 kB
Mem:          3.8G       3.6G       200M       5.7M        54M       3.1G

MemTotal:        4016004 kB
MemFree:          162592 kB
Active:           441840 kB
Mem:          3.8G       3.7G       158M       5.7M        54M       3.2G

MemTotal:        4016004 kB
MemFree:          119468 kB
Active:           441896 kB
Mem:          3.8G       3.7G       116M       5.7M        54M       3.2G

MemTotal:        4016004 kB
MemFree:          112180 kB
Active:           439572 kB
Mem:          3.8G       3.7G       108M       5.7M        23M       3.3G

MemTotal:        4016004 kB
MemFree:          128020 kB
Active:           452056 kB
Mem:          3.8G       3.7G       125M       5.7M        21M       3.2G

MemTotal:        4016004 kB
MemFree:          119368 kB
Active:           488604 kB
Mem:          3.8G       3.7G       115M       5.7M        21M       3.3G

MemTotal:        4016004 kB
MemFree:          106504 kB
Active:           488580 kB
Mem:          3.8G       3.7G       103M       5.7M        21M       3.3G

MemTotal:        4016004 kB
MemFree:          105932 kB
Active:           488648 kB
Mem:          3.8G       3.7G       103M       5.7M        21M       3.3G

MemTotal:        4016004 kB
MemFree:          124484 kB
Active:           502388 kB
Mem:          3.8G       3.7G       150M       5.7M        21M       3.2G

MemTotal:        4016004 kB
MemFree:          125304 kB
Active:           492876 kB
Mem:          3.8G       3.7G       122M       5.7M        21M       3.3G

MemTotal:        4016004 kB
MemFree:          119520 kB
Active:           489400 kB
Mem:          3.8G       3.7G       116M       5.7M        21M       3.3G

MemTotal:        4016004 kB
MemFree:          112796 kB
Active:           483900 kB
Mem:          3.8G       3.7G       109M       5.7M        21M       3.3G

MemTotal:        4016004 kB
MemFree:          107056 kB
Active:           480488 kB
Mem:          3.8G       3.7G       104M       5.7M        21M       3.3G

MemTotal:        4016004 kB
MemFree:          107332 kB
Active:           473892 kB
Mem:          3.8G       3.7G       104M       5.7M        21M       3.3G

MemTotal:        4016004 kB
MemFree:          126032 kB
Active:           468624 kB
Mem:          3.8G       3.7G       122M       5.7M        21M       3.3G

MemTotal:        4016004 kB
MemFree:          125664 kB
Active:           464328 kB
Mem:          3.8G       3.7G       122M       5.7M        21M       3.3G

MemTotal:        4016004 kB
MemFree:          128140 kB
Active:           462556 kB
Mem:          3.8G       3.7G       124M       5.7M        21M       3.2G

MemTotal:        4016004 kB
MemFree:          133776 kB
Active:           457612 kB
Mem:          3.8G       3.7G       129M       5.7M        21M       3.2G

MemTotal:        4016004 kB
MemFree:          131284 kB
Active:           457496 kB
Mem:          3.8G       3.7G       127M       5.7M        21M       3.2G

MemTotal:        4016004 kB
MemFree:          132644 kB
Active:           452904 kB
Mem:          3.8G       3.7G       129M       5.7M        21M       3.2G

MemTotal:        4016004 kB
MemFree:          118376 kB
Active:           448620 kB
Mem:          3.8G       3.7G       115M       5.7M        21M       3.3G

MemTotal:        4016004 kB
MemFree:          112316 kB
Active:           449608 kB
Mem:          3.8G       3.7G       109M       5.7M        21M       3.3G

MemTotal:        4016004 kB
MemFree:          120044 kB
Active:           447632 kB
Mem:          3.8G       3.7G       117M       5.7M        21M       3.3G

MemTotal:        4016004 kB
MemFree:          113808 kB
Active:           444620 kB
Mem:          3.8G       3.7G       110M       5.7M        21M       3.3G

MemTotal:        4016004 kB
MemFree:          107512 kB
Active:           443488 kB
Mem:          3.8G       3.7G       105M       5.7M        21M       3.3G

MemTotal:        4016004 kB
MemFree:          113068 kB
Active:           441532 kB
Mem:          3.8G       3.7G       110M       5.7M        21M       3.3G

MemTotal:        4016004 kB
MemFree:          132884 kB
Active:           439424 kB
Mem:          3.8G       3.7G       129M       5.7M        21M       3.2G

MemTotal:        4016004 kB
MemFree:          126380 kB
Active:           438440 kB
Mem:          3.8G       3.7G       123M       5.7M        21M       3.3G

MemTotal:        4016004 kB
MemFree:          119820 kB
Active:           437312 kB
Mem:          3.8G       3.7G       117M       5.7M        21M       3.3G

MemTotal:        4016004 kB
MemFree:          113432 kB
Active:           434176 kB
Mem:          3.8G       3.7G       110M       5.7M        21M       3.3G

MemTotal:        4016004 kB
MemFree:          128544 kB
Active:           432928 kB
Mem:          3.8G       3.7G       125M       5.7M        21M       3.2G

MemTotal:        4016004 kB
MemFree:          127356 kB
Active:           432964 kB
Mem:          3.8G       3.7G       124M       5.7M        21M       3.2G

MemTotal:        4016004 kB
MemFree:          127892 kB
Active:           432972 kB
Mem:          3.8G       3.7G       124M       5.7M        21M       3.2G

MemTotal:        4016004 kB
MemFree:          120684 kB
Active:           432964 kB
Mem:          3.8G       3.7G       117M       5.7M        21M       3.3G

MemTotal:        4016004 kB
MemFree:          114624 kB
Active:           431964 kB
Mem:          3.8G       3.7G       111M       5.7M        21M       3.3G

MemTotal:        4016004 kB
MemFree:          107748 kB
Active:           430824 kB
Mem:          3.8G       3.7G       104M       5.7M        21M       3.3G

MemTotal:        4016004 kB
MemFree:          126480 kB
Active:           427140 kB
Mem:          3.8G       3.7G       122M       5.7M        21M       3.2G

MemTotal:        4016004 kB
MemFree:          107084 kB
Active:           426016 kB
Mem:          3.8G       3.7G       104M       5.7M        21M       3.3G

MemTotal:        4016004 kB
MemFree:          115340 kB
Active:           424208 kB
Mem:          3.8G       3.7G       112M       5.7M        21M       3.3G

MemTotal:        4016004 kB
MemFree:          108588 kB
Active:           423132 kB
Mem:          3.8G       3.7G       106M       5.7M        21M       3.3G

MemTotal:        4016004 kB
MemFree:          127052 kB
Active:           421228 kB
Mem:          3.8G       3.7G       123M       5.7M        21M       3.2G

MemTotal:        4016004 kB
MemFree:          127932 kB
Active:           419448 kB
Mem:          3.8G       3.7G       124M       5.7M        22M       3.2G

MemTotal:        4016004 kB
MemFree:          126072 kB
Active:           417960 kB
Mem:          3.8G       3.7G       122M       5.7M        22M       3.2G

MemTotal:        4016004 kB
MemFree:          113004 kB
Active:           416960 kB
Mem:          3.8G       3.7G       109M       5.7M        22M       3.3G

MemTotal:        4016004 kB
MemFree:          106216 kB
Active:           415828 kB
Mem:          3.8G       3.7G       103M       5.7M        22M       3.3G

MemTotal:        4016004 kB
MemFree:          135340 kB
Active:           413544 kB
Mem:          3.8G       3.7G       131M       5.7M        22M       3.2G

MemTotal:        4016004 kB
MemFree:          127036 kB
Active:           412284 kB
Mem:          3.8G       3.7G       124M       5.7M        22M       3.2G

MemTotal:        4016004 kB
MemFree:          106932 kB
Active:           410924 kB
Mem:          3.8G       3.7G       104M       5.7M        22M       3.3G

MemTotal:        4016004 kB
MemFree:          125416 kB
Active:           409304 kB
Mem:          3.8G       3.7G       121M       5.7M        22M       3.2G

MemTotal:        4016004 kB
MemFree:          132376 kB
Active:           409816 kB
Mem:          3.8G       3.7G       128M       5.7M        22M       3.2G

MemTotal:        4016004 kB
MemFree:          140020 kB
Active:           407992 kB
Mem:          3.8G       3.7G       136M       5.7M        22M       3.2G

MemTotal:        4016004 kB
MemFree:          142976 kB
Active:           406860 kB
Mem:          3.8G       3.7G       140M       5.7M        22M       3.2G

MemTotal:        4016004 kB
MemFree:          125232 kB
Active:           406468 kB
Mem:          3.8G       3.7G       121M       5.7M        23M       3.2G

MemTotal:        4016004 kB
MemFree:          133720 kB
Active:           402484 kB
Mem:          3.8G       3.7G       130M       5.7M        23M       3.2G

MemTotal:        4016004 kB
MemFree:          136004 kB
Active:           400844 kB
Mem:          3.8G       3.7G       132M       5.7M        23M       3.2G

MemTotal:        4016004 kB
MemFree:          131244 kB
Active:           399548 kB
Mem:          3.8G       3.7G       138M       5.7M        24M       3.2G

MemTotal:        4016004 kB
MemFree:          109088 kB
Active:           399184 kB
Mem:          3.8G       3.7G       106M       5.7M        24M       3.3G

MemTotal:        4016004 kB
MemFree:          137100 kB
Active:           400452 kB
Mem:          3.8G       3.7G       133M       5.7M        27M       3.2G

MemTotal:        4016004 kB
MemFree:          133872 kB
Active:           399440 kB
Mem:          3.8G       3.7G       130M       5.7M        27M       3.2G

MemTotal:        4016004 kB
MemFree:          125920 kB
Active:           397316 kB
Mem:          3.8G       3.7G       122M       5.7M        27M       3.2G

MemTotal:        4016004 kB
MemFree:          117648 kB
Active:           396144 kB
Mem:          3.8G       3.7G       114M       5.7M        27M       3.2G

MemTotal:        4016004 kB
MemFree:          109080 kB
Active:           395016 kB
Mem:          3.8G       3.7G       106M       5.7M        27M       3.3G

MemTotal:        4016004 kB
MemFree:          115308 kB
Active:           393100 kB
Mem:          3.8G       3.7G       112M       5.7M        27M       3.3G

MemTotal:        4016004 kB
MemFree:          124636 kB
Active:           391052 kB
Mem:          3.8G       3.7G       120M       5.7M        27M       3.2G

MemTotal:        4016004 kB
MemFree:          115256 kB
Active:           389900 kB
Mem:          3.8G       3.7G       112M       5.7M        27M       3.3G

MemTotal:        4016004 kB
MemFree:          106308 kB
Active:           388748 kB
Mem:          3.8G       3.7G       103M       5.7M        27M       3.3G

MemTotal:        4016004 kB
MemFree:          111968 kB
Active:           386832 kB
Mem:          3.8G       3.7G       109M       5.7M        27M       3.3G

MemTotal:        4016004 kB
MemFree:          119740 kB
Active:           385688 kB
Mem:          3.8G       3.7G       116M       5.7M        27M       3.2G

MemTotal:        4016004 kB
MemFree:          112176 kB
Active:           383160 kB
Mem:          3.8G       3.7G       109M       5.7M        27M       3.3G

MemTotal:        4016004 kB
MemFree:          136008 kB
Active:           383168 kB
Mem:          3.8G       3.7G       132M       5.7M        27M       3.2G

MemTotal:        4016004 kB
MemFree:          121708 kB
Active:           383124 kB
Mem:          3.8G       3.7G       124M       5.7M        27M       3.2G

MemTotal:        4016004 kB
MemFree:          124220 kB
Active:           383188 kB
Mem:          3.8G       3.7G       121M       5.7M        27M       3.2G

MemTotal:        4016004 kB
MemFree:          115772 kB
Active:           383164 kB
Mem:          3.8G       3.7G       112M       5.7M        27M       3.3G

MemTotal:        4016004 kB
MemFree:          123820 kB
Active:           383168 kB
Mem:          3.8G       3.7G       120M       5.7M        27M       3.2G

MemTotal:        4016004 kB
MemFree:          126792 kB
Active:           383064 kB
Mem:          3.8G       3.7G       123M       5.7M        27M       3.2G

MemTotal:        4016004 kB
MemFree:          136788 kB
Active:           382860 kB
Mem:          3.8G       3.7G       133M       5.7M        27M       3.2G

MemTotal:        4016004 kB
MemFree:          129844 kB
Active:           382924 kB
Mem:          3.8G       3.7G       126M       5.7M        27M       3.2G

MemTotal:        4016004 kB
MemFree:          120372 kB
Active:           382924 kB
Mem:          3.8G       3.7G       117M       5.7M        27M       3.2G

MemTotal:        4016004 kB
MemFree:          128920 kB
Active:           382928 kB
Mem:          3.8G       3.7G       125M       5.7M        27M       3.2G

MemTotal:        4016004 kB
MemFree:          113080 kB
Active:           381944 kB
Mem:          3.8G       3.7G       109M       5.7M        27M       3.3G

MemTotal:        4016004 kB
MemFree:          105684 kB
Active:           381952 kB
Mem:          3.8G       3.7G       103M       5.7M        27M       3.3G

MemTotal:        4016004 kB
MemFree:          125480 kB
Active:           381960 kB
Mem:          3.8G       3.7G       122M       5.7M        27M       3.2G

MemTotal:        4016004 kB
MemFree:          127668 kB
Active:           381984 kB
Mem:          3.8G       3.7G       124M       5.7M        27M       3.2G

MemTotal:        4016004 kB
MemFree:          139088 kB
Active:           381868 kB
Mem:          3.8G       3.7G       135M       5.7M        27M       3.2G

MemTotal:        4016004 kB
MemFree:          130796 kB
Active:           381896 kB
Mem:          3.8G       3.7G       127M       5.7M        27M       3.2G

MemTotal:        4016004 kB
MemFree:          122680 kB
Active:           381888 kB
Mem:          3.8G       3.7G       119M       5.7M        27M       3.2G

MemTotal:        4016004 kB
MemFree:          114028 kB
Active:           381892 kB
Mem:          3.8G       3.7G       110M       5.7M        27M       3.3G

MemTotal:        4016004 kB
MemFree:          105072 kB
Active:           381896 kB
Mem:          3.8G       3.7G       102M       5.7M        27M       3.3G

MemTotal:        4016004 kB
MemFree:          133148 kB
Active:           381920 kB
Mem:          3.8G       3.7G       129M       5.7M        27M       3.2G

MemTotal:        4016004 kB
MemFree:          123520 kB
Active:           381924 kB
Mem:          3.8G       3.7G       120M       5.7M        27M       3.2G

MemTotal:        4016004 kB
MemFree:          132844 kB
Active:           381896 kB
Mem:          3.8G       3.7G       129M       5.7M        27M       3.2G

MemTotal:        4016004 kB
MemFree:          124520 kB
Active:           381920 kB
Mem:          3.8G       3.7G       121M       5.7M        27M       3.2G

MemTotal:        4016004 kB
MemFree:          109380 kB
Active:           381920 kB
Mem:          3.8G       3.7G       106M       5.7M        27M       3.3G

MemTotal:        4016004 kB
MemFree:          105580 kB
Active:           381932 kB
Mem:          3.8G       3.7G       102M       5.7M        27M       3.3G

MemTotal:        4016004 kB
MemFree:          117900 kB
Active:           381956 kB
Mem:          3.8G       3.7G       115M       5.7M        27M       3.2G

MemTotal:        4016004 kB
MemFree:          127288 kB
Active:           381908 kB
Mem:          3.8G       3.7G       123M       5.7M        27M       3.2G

MemTotal:        4016004 kB
MemFree:          118504 kB
Active:           381916 kB
Mem:          3.8G       3.7G       115M       5.7M        27M       3.2G

MemTotal:        4016004 kB
MemFree:          109404 kB
Active:           381696 kB
Mem:          3.8G       3.7G       106M       5.7M        27M       3.3G

MemTotal:        4016004 kB
MemFree:          115316 kB
Active:           381596 kB
Mem:          3.8G       3.7G       112M       5.7M        27M       3.2G

MemTotal:        4016004 kB
MemFree:          105708 kB
Active:           381608 kB
Mem:          3.8G       3.7G       103M       5.7M        27M       3.3G

MemTotal:        4016004 kB
MemFree:          117896 kB
Active:           381616 kB
Mem:          3.8G       3.7G       115M       5.7M        27M       3.2G

MemTotal:        4016004 kB
MemFree:          121884 kB
Active:           381568 kB
Mem:          3.8G       3.7G       118M       5.7M        27M       3.2G

MemTotal:        4016004 kB
MemFree:          113856 kB
Active:           381616 kB
Mem:          3.8G       3.7G       111M       5.7M        27M       3.3G

MemTotal:        4016004 kB
MemFree:          105132 kB
Active:           381568 kB
Mem:          3.8G       3.7G       107M       5.7M        27M       3.3G

MemTotal:        4016004 kB
MemFree:          137444 kB
Active:           381600 kB
Mem:          3.8G       3.7G       134M       5.7M        27M       3.2G

MemTotal:        4016004 kB
MemFree:          130944 kB
Active:           381620 kB
Mem:          3.8G       3.7G       128M       5.7M        27M       3.2G

MemTotal:        4016004 kB
MemFree:          141408 kB
Active:           379344 kB
Mem:          3.8G       3.7G       137M       5.7M        27M       3.2G

MemTotal:        4016004 kB
MemFree:          131868 kB
Active:           379152 kB
Mem:          3.8G       3.7G       129M       5.7M        27M       3.2G

MemTotal:        4016004 kB
MemFree:          138036 kB
Active:           379204 kB
Mem:          3.8G       3.7G       134M       5.7M        27M       3.2G

MemTotal:        4016004 kB
MemFree:          134200 kB
Active:           379204 kB
Mem:          3.8G       3.7G       130M       5.7M        27M       3.2G

MemTotal:        4016004 kB
MemFree:          125600 kB
Active:           379208 kB
Mem:          3.8G       3.7G       122M       5.7M        27M       3.2G

MemTotal:        4016004 kB
MemFree:          127964 kB
Active:           379216 kB
Mem:          3.8G       3.7G       124M       5.7M        27M       3.2G

MemTotal:        4016004 kB
MemFree:          107420 kB
Active:           379188 kB
Mem:          3.8G       3.7G       105M       5.7M        27M       3.3G

MemTotal:        4016004 kB
MemFree:          115324 kB
Active:           379220 kB
Mem:          3.8G       3.7G       112M       5.7M        27M       3.2G

MemTotal:        4016004 kB
MemFree:          105804 kB
Active:           379232 kB
Mem:          3.8G       3.7G       103M       5.7M        27M       3.3G

MemTotal:        4016004 kB
MemFree:          127004 kB
Active:           375260 kB
Mem:          3.8G       3.7G       123M       5.7M        27M       3.2G

MemTotal:        4016004 kB
MemFree:          120608 kB
Active:           375264 kB
Mem:          3.8G       3.7G       118M       5.7M        27M       3.2G

MemTotal:        4016004 kB
MemFree:          105380 kB
Active:           375220 kB
Mem:          3.8G       3.7G       114M       5.7M        27M       3.2G

MemTotal:        4016004 kB
MemFree:          126996 kB
Active:           375276 kB
Mem:          3.8G       3.7G       123M       5.7M        27M       3.2G

MemTotal:        4016004 kB
MemFree:          119580 kB
Active:           375276 kB
Mem:          3.8G       3.7G       116M       5.7M        27M       3.2G

MemTotal:        4016004 kB
MemFree:          109928 kB
Active:           375280 kB
Mem:          3.8G       3.7G       107M       5.7M        27M       3.3G

MemTotal:        4016004 kB
MemFree:          113708 kB
Active:           375280 kB
Mem:          3.8G       3.7G       110M       5.7M        27M       3.2G

MemTotal:        4016004 kB
MemFree:          122276 kB
Active:           375280 kB
Mem:          3.8G       3.7G       119M       5.7M        27M       3.2G

MemTotal:        4016004 kB
MemFree:          114028 kB
Active:           374368 kB
Mem:          3.8G       3.7G       111M       5.7M        27M       3.2G

MemTotal:        4016004 kB
MemFree:          131044 kB
Active:           374368 kB
Mem:          3.8G       3.7G       128M       5.7M        27M       3.2G

MemTotal:        4016004 kB
MemFree:          122140 kB
Active:           374376 kB
Mem:          3.8G       3.7G       119M       5.7M        27M       3.2G

MemTotal:        4016004 kB
MemFree:          135144 kB
Active:           374380 kB
Mem:          3.8G       3.7G       132M       5.7M        27M       3.2G

MemTotal:        4016004 kB
MemFree:          138852 kB
Active:           374392 kB
Mem:          3.8G       3.7G       135M       5.7M        27M       3.2G

MemTotal:        4016004 kB
MemFree:          113428 kB
Active:           376404 kB
Mem:          3.8G       3.7G       110M       5.7M        27M       3.2G

MemTotal:        4016004 kB
MemFree:          112892 kB
Active:           376392 kB
Mem:          3.8G       3.7G       110M       5.7M        27M       3.2G

MemTotal:        4016004 kB
MemFree:          112864 kB
Active:           376368 kB
Mem:          3.8G       3.7G       110M       5.7M        27M       3.2G

MemTotal:        4016004 kB
MemFree:          135272 kB
Active:           375668 kB
Mem:          3.8G       3.7G       131M       5.7M        27M       3.2G

MemTotal:        4016004 kB
MemFree:          127384 kB
Active:           375668 kB
Mem:          3.8G       3.7G       123M       5.7M        27M       3.2G

MemTotal:        4016004 kB
MemFree:          119288 kB
Active:           375628 kB
Mem:          3.8G       3.7G       116M       5.7M        27M       3.2G

MemTotal:        4016004 kB
MemFree:          128512 kB
Active:           375672 kB
Mem:          3.8G       3.7G       125M       5.7M        27M       3.2G

MemTotal:        4016004 kB
MemFree:          123068 kB
Active:           373512 kB
Mem:          3.8G       3.7G       119M       5.7M        27M       3.2G

MemTotal:        4016004 kB
MemFree:          113648 kB
Active:           373480 kB
Mem:          3.8G       3.7G       110M       5.7M        27M       3.2G

MemTotal:        4016004 kB
MemFree:          114276 kB
Active:           373484 kB
Mem:          3.8G       3.7G       111M       5.7M        27M       3.2G

MemTotal:        4016004 kB
MemFree:          122184 kB
Active:           374484 kB
Mem:          3.8G       3.7G       119M       5.7M        27M       3.2G

MemTotal:        4016004 kB
MemFree:          113516 kB
Active:           374440 kB
Mem:          3.8G       3.7G       110M       5.7M        27M       3.2G

MemTotal:        4016004 kB
MemFree:          104700 kB
Active:           374500 kB
Mem:          3.8G       3.7G       119M       5.7M        27M       3.2G

MemTotal:        4016004 kB
MemFree:          111020 kB
Active:           374488 kB
Mem:          3.8G       3.7G       108M       5.7M        27M       3.2G

MemTotal:        4016004 kB
MemFree:          105100 kB
Active:           374512 kB
Mem:          3.8G       3.7G       102M       5.7M        27M       3.3G

MemTotal:        4016004 kB
MemFree:          135344 kB
Active:           374516 kB
Mem:          3.8G       3.7G       131M       5.7M        27M       3.2G

MemTotal:        4016004 kB
MemFree:          120000 kB
Active:           374508 kB
Mem:          3.8G       3.7G       116M       5.7M        27M       3.2G

MemTotal:        4016004 kB
MemFree:          111264 kB
Active:           374516 kB
Mem:          3.8G       3.7G       108M       5.7M        27M       3.2G

MemTotal:        4016004 kB
MemFree:          130700 kB
Active:           367976 kB
Mem:          3.8G       3.7G       127M       5.7M        27M       3.2G

MemTotal:        4016004 kB
MemFree:          122624 kB
Active:           367980 kB
Mem:          3.8G       3.7G       119M       5.7M        27M       3.2G

MemTotal:        4016004 kB
MemFree:          114616 kB
Active:           367960 kB
Mem:          3.8G       3.7G       111M       5.7M        27M       3.2G

MemTotal:        4016004 kB
MemFree:          106308 kB
Active:           367948 kB
Mem:          3.8G       3.7G       103M       5.7M        27M       3.3G

MemTotal:        4016004 kB
MemFree:          112644 kB
Active:           367860 kB
Mem:          3.8G       3.7G       109M       5.7M        27M       3.2G

MemTotal:        4016004 kB
MemFree:          105000 kB
Active:           367860 kB
Mem:          3.8G       3.7G       108M       5.7M        27M       3.2G

MemTotal:        4016004 kB
MemFree:          130304 kB
Active:           367848 kB
Mem:          3.8G       3.7G       126M       5.7M        27M       3.2G

MemTotal:        4016004 kB
MemFree:          109548 kB
Active:           367820 kB
Mem:          3.8G       3.7G       106M       5.7M        27M       3.2G

MemTotal:        4016004 kB
MemFree:          120864 kB
Active:           367836 kB
Mem:          3.8G       3.7G       118M       5.7M        27M       3.2G

MemTotal:        4016004 kB
MemFree:          116980 kB
Active:           367852 kB
Mem:          3.8G       3.7G       113M       5.7M        27M       3.2G

MemTotal:        4016004 kB
MemFree:          121524 kB
Active:           367840 kB
Mem:          3.8G       3.7G       118M       5.7M        27M       3.2G

MemTotal:        4016004 kB
MemFree:          129348 kB
Active:           365100 kB
Mem:          3.8G       3.7G       126M       5.7M        27M       3.2G

MemTotal:        4016004 kB
MemFree:          120404 kB
Active:           364928 kB
Mem:          3.8G       3.7G       117M       5.7M        27M       3.2G

MemTotal:        4016004 kB
MemFree:          136484 kB
Active:           364928 kB
Mem:          3.8G       3.7G       133M       5.7M        27M       3.2G

MemTotal:        4016004 kB
MemFree:          129596 kB
Active:           364940 kB
Mem:          3.8G       3.7G       125M       5.7M        27M       3.2G

MemTotal:        4016004 kB
MemFree:          107636 kB
Active:           364936 kB
Mem:          3.8G       3.7G       105M       5.7M        27M       3.2G

MemTotal:        4016004 kB
MemFree:          134768 kB
Active:           364928 kB
Mem:          3.8G       3.7G       130M       5.7M        27M       3.2G

MemTotal:        4016004 kB
MemFree:          139536 kB
Active:           364956 kB
Mem:          3.8G       3.7G       136M       5.7M        27M       3.2G

MemTotal:        4016004 kB
MemFree:          142232 kB
Active:           364968 kB
Mem:          3.8G       3.7G       139M       5.7M        27M       3.2G

MemTotal:        4016004 kB
MemFree:          135956 kB
Active:           364940 kB
Mem:          3.8G       3.7G       132M       5.7M        27M       3.2G

MemTotal:        4016004 kB
MemFree:          133048 kB
Active:           364976 kB
Mem:          3.8G       3.7G       129M       5.7M        27M       3.2G

MemTotal:        4016004 kB
MemFree:          126464 kB
Active:           364932 kB
Mem:          3.8G       3.7G       123M       5.7M        27M       3.2G

MemTotal:        4016004 kB
MemFree:          111768 kB
Active:           364984 kB
Mem:          3.8G       3.7G       108M       5.7M        27M       3.2G

MemTotal:        4016004 kB
MemFree:          129084 kB
Active:           363144 kB
Mem:          3.8G       3.7G       125M       5.7M        27M       3.2G

MemTotal:        4016004 kB
MemFree:          122408 kB
Active:           362980 kB
Mem:          3.8G       3.7G       119M       5.7M        27M       3.2G

MemTotal:        4016004 kB
MemFree:          106052 kB
Active:           362972 kB
Mem:          3.8G       3.7G       103M       5.7M        27M       3.2G

MemTotal:        4016004 kB
MemFree:          129080 kB
Active:           362980 kB
Mem:          3.8G       3.7G       125M       5.7M        27M       3.2G

MemTotal:        4016004 kB
MemFree:          119592 kB
Active:           362980 kB
Mem:          3.8G       3.7G       116M       5.7M        27M       3.2G

MemTotal:        4016004 kB
MemFree:          109204 kB
Active:           362988 kB
Mem:          3.8G       3.7G       106M       5.7M        27M       3.2G

MemTotal:        4016004 kB
MemFree:          127520 kB
Active:           362948 kB
Mem:          3.8G       3.7G       123M       5.7M        27M       3.2G

MemTotal:        4016004 kB
MemFree:          113868 kB
Active:           363000 kB
Mem:          3.8G       3.7G       110M       5.7M        27M       3.2G

MemTotal:        4016004 kB
MemFree:          122780 kB
Active:           363000 kB
Mem:          3.8G       3.7G       119M       5.7M        27M       3.2G

MemTotal:        4016004 kB
MemFree:          127496 kB
Active:           363000 kB
Mem:          3.8G       3.7G       124M       5.7M        27M       3.2G

MemTotal:        4016004 kB
MemFree:          127220 kB
Active:           363008 kB
Mem:          3.8G       3.7G       124M       5.7M        27M       3.2G

MemTotal:        4016004 kB
MemFree:          135564 kB
Active:           363004 kB
Mem:          3.8G       3.7G       131M       5.7M        27M       3.2G

MemTotal:        4016004 kB
MemFree:          125976 kB
Active:           363024 kB
Mem:          3.8G       3.7G       123M       5.7M        27M       3.2G

MemTotal:        4016004 kB
MemFree:          107436 kB
Active:           363024 kB
Mem:          3.8G       3.7G       104M       5.7M        27M       3.2G

MemTotal:        4016004 kB
MemFree:          132672 kB
Active:           363028 kB
Mem:          3.8G       3.7G       129M       5.7M        27M       3.2G

MemTotal:        4016004 kB
MemFree:          122728 kB
Active:           358640 kB
Mem:          3.8G       3.7G       119M       5.7M        27M       3.2G

MemTotal:        4016004 kB
MemFree:          128628 kB
Active:           358604 kB
Mem:          3.8G       3.7G       125M       5.7M        27M       3.2G

MemTotal:        4016004 kB
MemFree:          131124 kB
Active:           358644 kB
Mem:          3.8G       3.7G       128M       5.7M        27M       3.2G

MemTotal:        4016004 kB
MemFree:          134856 kB
Active:           358636 kB
Mem:          3.8G       3.7G       131M       5.7M        27M       3.2G

MemTotal:        4016004 kB
MemFree:          142596 kB
Active:           358644 kB
Mem:          3.8G       3.7G       139M       5.7M        27M       3.2G

MemTotal:        4016004 kB
MemFree:          146228 kB
Active:           358664 kB
Mem:          3.8G       3.7G       142M       5.7M        27M       3.2G

MemTotal:        4016004 kB
MemFree:          106128 kB
Active:           358624 kB
Mem:          3.8G       3.7G       103M       5.7M        27M       3.2G

MemTotal:        4016004 kB
MemFree:          128148 kB
Active:           358648 kB
Mem:          3.8G       3.7G       124M       5.7M        27M       3.2G

MemTotal:        4016004 kB
MemFree:          133584 kB
Active:           358676 kB
Mem:          3.8G       3.7G       130M       5.7M        27M       3.2G

MemTotal:        4016004 kB
MemFree:          142528 kB
Active:           358632 kB
Mem:          3.8G       3.7G       139M       5.7M        27M       3.2G

MemTotal:        4016004 kB
MemFree:          134160 kB
Active:           358684 kB
Mem:          3.8G       3.7G       130M       5.7M        27M       3.2G

MemTotal:        4016004 kB
MemFree:          108092 kB
Active:           358692 kB
Mem:          3.8G       3.7G       105M       5.7M        27M       3.2G

MemTotal:        4016004 kB
MemFree:          116040 kB
Active:           358688 kB
Mem:          3.8G       3.7G       113M       5.7M        27M       3.2G

MemTotal:        4016004 kB
MemFree:          107016 kB
Active:           358680 kB
Mem:          3.8G       3.7G       104M       5.7M        27M       3.2G

MemTotal:        4016004 kB
MemFree:          128780 kB
Active:           358692 kB
Mem:          3.8G       3.7G       125M       5.7M        27M       3.2G

MemTotal:        4016004 kB
MemFree:          107552 kB
Active:           358656 kB
Mem:          3.8G       3.7G       104M       5.7M        27M       3.2G

MemTotal:        4016004 kB
MemFree:          135856 kB
Active:           357496 kB
Mem:          3.8G       3.7G       132M       5.7M        27M       3.2G

MemTotal:        4016004 kB
MemFree:          145028 kB
Active:           357492 kB
Mem:          3.8G       3.7G       141M       5.7M        27M       3.2G

MemTotal:        4016004 kB
MemFree:          134608 kB
Active:           357508 kB
Mem:          3.8G       3.7G       131M       5.7M        27M       3.2G

MemTotal:        4016004 kB
MemFree:          127084 kB
Active:           357468 kB
Mem:          3.8G       3.7G       123M       5.7M        27M       3.2G

MemTotal:        4016004 kB
MemFree:          112260 kB
Active:           357512 kB
Mem:          3.8G       3.7G       109M       5.7M        27M       3.2G

MemTotal:        4016004 kB
MemFree:          128376 kB
Active:           357524 kB
Mem:          3.8G       3.7G       124M       5.7M        27M       3.2G

MemTotal:        4016004 kB
MemFree:          120856 kB
Active:           357508 kB
Mem:          3.8G       3.7G       117M       5.7M        27M       3.2G

MemTotal:        4016004 kB
MemFree:          112004 kB
Active:           357500 kB
Mem:          3.8G       3.7G       109M       5.7M        27M       3.2G

MemTotal:        4016004 kB
MemFree:          114484 kB
Active:           357508 kB
Mem:          3.8G       3.7G       111M       5.7M        27M       3.2G

MemTotal:        4016004 kB
MemFree:          123256 kB
Active:           357500 kB
Mem:          3.8G       3.7G       119M       5.7M        27M       3.2G

MemTotal:        4016004 kB
MemFree:          114280 kB
Active:           357540 kB
Mem:          3.8G       3.7G       111M       5.7M        27M       3.2G

MemTotal:        4016004 kB
MemFree:          113672 kB
Active:           357344 kB
Mem:          3.8G       3.7G       110M       5.7M        27M       3.2G

MemTotal:        4016004 kB
MemFree:          113484 kB
Active:           357324 kB
Mem:          3.8G       3.7G       110M       5.7M        27M       3.2G

MemTotal:        4016004 kB
MemFree:          113532 kB
Active:           357204 kB
Mem:          3.8G       3.7G       110M       5.7M        27M       3.2G

MemTotal:        4016004 kB
MemFree:          113532 kB
Active:           357212 kB
Mem:          3.8G       3.7G       110M       5.7M        27M       3.2G

MemTotal:        4016004 kB
MemFree:          113656 kB
Active:           357212 kB
Mem:          3.8G       3.7G       110M       5.7M        27M       3.2G

MemTotal:        4016004 kB
MemFree:          113160 kB
Active:           357244 kB
Mem:          3.8G       3.7G       110M       5.7M        27M       3.2G

MemTotal:        4016004 kB
MemFree:          113012 kB
Active:           357188 kB
Mem:          3.8G       3.7G       110M       5.7M        27M       3.2G

MemTotal:        4016004 kB
MemFree:          112792 kB
Active:           357244 kB
Mem:          3.8G       3.7G       110M       5.7M        27M       3.2G

MemTotal:        4016004 kB
MemFree:          112856 kB
Active:           357240 kB
Mem:          3.8G       3.7G       110M       5.7M        27M       3.2G

MemTotal:        4016004 kB
MemFree:          112924 kB
Active:           357212 kB
Mem:          3.8G       3.7G       110M       5.7M        27M       3.2G

MemTotal:        4016004 kB
MemFree:          112956 kB
Active:           357204 kB
Mem:          3.8G       3.7G       110M       5.7M        27M       3.2G

MemTotal:        4016004 kB
MemFree:          113080 kB
Active:           357256 kB
Mem:          3.8G       3.7G       110M       5.7M        27M       3.2G

MemTotal:        4016004 kB
MemFree:          112584 kB
Active:           357272 kB
Mem:          3.8G       3.7G       110M       5.7M        27M       3.2G

MemTotal:        4016004 kB
MemFree:          112832 kB
Active:           357268 kB
Mem:          3.8G       3.7G       110M       5.7M        27M       3.2G

MemTotal:        4016004 kB
MemFree:          112832 kB
Active:           357268 kB
Mem:          3.8G       3.7G       110M       5.7M        27M       3.2G

MemTotal:        4016004 kB
MemFree:          112956 kB
Active:           357232 kB
Mem:          3.8G       3.7G       110M       5.7M        27M       3.2G

MemTotal:        4016004 kB
MemFree:          112584 kB
Active:           357276 kB
Mem:          3.8G       3.7G       110M       5.7M        27M       3.2G

MemTotal:        4016004 kB
MemFree:          112956 kB
Active:           357228 kB
Mem:          3.8G       3.7G       110M       5.7M        27M       3.2G

MemTotal:        4016004 kB
MemFree:          112908 kB
Active:           357248 kB
Mem:          3.8G       3.7G       110M       5.7M        27M       3.2G

MemTotal:        4016004 kB
MemFree:          113080 kB
Active:           357276 kB
Mem:          3.8G       3.7G       110M       5.7M        27M       3.2G

MemTotal:        4016004 kB
MemFree:          113080 kB
Active:           357264 kB
Mem:          3.8G       3.7G       110M       5.7M        27M       3.2G

MemTotal:        4016004 kB
MemFree:          113080 kB
Active:           357280 kB
Mem:          3.8G       3.7G       110M       5.7M        27M       3.2G

MemTotal:        4016004 kB
MemFree:          112584 kB
Active:           357284 kB
Mem:          3.8G       3.7G       110M       5.7M        27M       3.2G

MemTotal:        4016004 kB
MemFree:          113080 kB
Active:           357236 kB
Mem:          3.8G       3.7G       110M       5.7M        27M       3.2G

MemTotal:        4016004 kB
MemFree:          113204 kB
Active:           357228 kB
Mem:          3.8G       3.7G       110M       5.7M        27M       3.2G

MemTotal:        4016004 kB
MemFree:          113328 kB
Active:           357276 kB
Mem:          3.8G       3.7G       110M       5.7M        27M       3.2G

MemTotal:        4016004 kB
MemFree:          113204 kB
Active:           357280 kB
Mem:          3.8G       3.7G       110M       5.7M        27M       3.2G

MemTotal:        4016004 kB
MemFree:          113080 kB
Active:           357244 kB
Mem:          3.8G       3.7G       110M       5.7M        27M       3.2G

MemTotal:        4016004 kB
MemFree:          113080 kB
Active:           357248 kB
Mem:          3.8G       3.7G       110M       5.7M        27M       3.2G

MemTotal:        4016004 kB
MemFree:          113080 kB
Active:           357232 kB
Mem:          3.8G       3.7G       110M       5.7M        27M       3.2G

MemTotal:        4016004 kB
MemFree:          113204 kB
Active:           357264 kB
Mem:          3.8G       3.7G       110M       5.7M        27M       3.2G

MemTotal:        4016004 kB
MemFree:          113204 kB
Active:           357300 kB
Mem:          3.8G       3.7G       110M       5.7M        27M       3.2G

MemTotal:        4016004 kB
MemFree:          113204 kB
Active:           357256 kB
Mem:          3.8G       3.7G       110M       5.7M        27M       3.2G

MemTotal:        4016004 kB
MemFree:          113204 kB
Active:           357272 kB
Mem:          3.8G       3.7G       110M       5.7M        27M       3.2G

MemTotal:        4016004 kB
MemFree:          112832 kB
Active:           357292 kB
Mem:          3.8G       3.7G       110M       5.7M        27M       3.2G

MemTotal:        4016004 kB
MemFree:          112832 kB
Active:           357276 kB
Mem:          3.8G       3.7G       110M       5.7M        27M       3.2G

MemTotal:        4016004 kB
MemFree:          113080 kB
Active:           357296 kB
Mem:          3.8G       3.7G       110M       5.7M        27M       3.2G

MemTotal:        4016004 kB
MemFree:          113080 kB
Active:           357260 kB
Mem:          3.8G       3.7G       110M       5.7M        27M       3.2G

MemTotal:        4016004 kB
MemFree:          113080 kB
Active:           357284 kB
Mem:          3.8G       3.7G       110M       5.7M        27M       3.2G

MemTotal:        4016004 kB
MemFree:          113080 kB
Active:           357288 kB
Mem:          3.8G       3.7G       110M       5.7M        27M       3.2G

MemTotal:        4016004 kB
MemFree:          113080 kB
Active:           357300 kB
Mem:          3.8G       3.7G       110M       5.7M        27M       3.2G

MemTotal:        4016004 kB
MemFree:          113080 kB
Active:           357296 kB
Mem:          3.8G       3.7G       110M       5.7M        27M       3.2G

MemTotal:        4016004 kB
MemFree:          112708 kB
Active:           357308 kB
Mem:          3.8G       3.7G       110M       5.7M        27M       3.2G

MemTotal:        4016004 kB
MemFree:          112956 kB
Active:           357288 kB
Mem:          3.8G       3.7G       110M       5.7M        27M       3.2G

MemTotal:        4016004 kB
MemFree:          113080 kB
Active:           357304 kB
Mem:          3.8G       3.7G       110M       5.7M        27M       3.2G

MemTotal:        4016004 kB
MemFree:          112832 kB
Active:           357276 kB
Mem:          3.8G       3.7G       109M       5.7M        27M       3.2G

MemTotal:        4016004 kB
MemFree:          112956 kB
Active:           357308 kB
Mem:          3.8G       3.7G       110M       5.7M        27M       3.2G

MemTotal:        4016004 kB
MemFree:          113080 kB
Active:           357316 kB
Mem:          3.8G       3.7G       110M       5.7M        27M       3.2G

MemTotal:        4016004 kB
MemFree:          113080 kB
Active:           357276 kB
Mem:          3.8G       3.7G       110M       5.7M        27M       3.2G

MemTotal:        4016004 kB
MemFree:          112956 kB
Active:           357288 kB
Mem:          3.8G       3.7G       110M       5.7M        27M       3.2G

MemTotal:        4016004 kB
MemFree:          112708 kB
Active:           357324 kB
Mem:          3.8G       3.7G       110M       5.7M        27M       3.2G

MemTotal:        4016004 kB
MemFree:          113080 kB
Active:           357300 kB
Mem:          3.8G       3.7G       110M       5.7M        27M       3.2G

MemTotal:        4016004 kB
MemFree:          112956 kB
Active:           357296 kB
Mem:          3.8G       3.7G       110M       5.7M        27M       3.2G

MemTotal:        4016004 kB
MemFree:          112708 kB
Active:           357340 kB
Mem:          3.8G       3.7G       110M       5.7M        27M       3.2G

MemTotal:        4016004 kB
MemFree:          112832 kB
Active:           357284 kB
Mem:          3.8G       3.7G       110M       5.7M        27M       3.2G

MemTotal:        4016004 kB
MemFree:          112956 kB
Active:           357288 kB
Mem:          3.8G       3.7G       110M       5.7M        27M       3.2G

MemTotal:        4016004 kB
MemFree:          112832 kB
Active:           357292 kB
Mem:          3.8G       3.7G       110M       5.7M        27M       3.2G

MemTotal:        4016004 kB
MemFree:          112584 kB
Active:           357340 kB
Mem:          3.8G       3.7G       110M       5.7M        27M       3.2G

MemTotal:        4016004 kB
MemFree:          112832 kB
Active:           357328 kB
Mem:          3.8G       3.7G       110M       5.7M        27M       3.2G

MemTotal:        4016004 kB
MemFree:          112832 kB
Active:           357332 kB
Mem:          3.8G       3.7G       110M       5.7M        27M       3.2G

MemTotal:        4016004 kB
MemFree:          112956 kB
Active:           357348 kB
Mem:          3.8G       3.7G       110M       5.7M        27M       3.2G

MemTotal:        4016004 kB
MemFree:          112956 kB
Active:           357336 kB
Mem:          3.8G       3.7G       110M       5.7M        27M       3.2G

MemTotal:        4016004 kB
MemFree:          112956 kB
Active:           357336 kB
Mem:          3.8G       3.7G       110M       5.7M        27M       3.2G

MemTotal:        4016004 kB
MemFree:          112336 kB
Active:           357356 kB
Mem:          3.8G       3.7G       109M       5.7M        27M       3.2G

MemTotal:        4016004 kB
MemFree:          112832 kB
Active:           357308 kB
Mem:          3.8G       3.7G       110M       5.7M        27M       3.2G

MemTotal:        4016004 kB
MemFree:          112956 kB
Active:           357312 kB
Mem:          3.8G       3.7G       110M       5.7M        27M       3.2G

MemTotal:        4016004 kB
MemFree:          112956 kB
Active:           357320 kB
Mem:          3.8G       3.7G       110M       5.7M        27M       3.2G

MemTotal:        4016004 kB
MemFree:          113080 kB
Active:           357324 kB
Mem:          3.8G       3.7G       110M       5.7M        27M       3.2G

MemTotal:        4016004 kB
MemFree:          112956 kB
Active:           357336 kB
Mem:          3.8G       3.7G       110M       5.7M        27M       3.2G

MemTotal:        4016004 kB
MemFree:          112708 kB
Active:           357328 kB
Mem:          3.8G       3.7G       110M       5.7M        27M       3.2G

MemTotal:        4016004 kB
MemFree:          112584 kB
Active:           357364 kB
Mem:          3.8G       3.7G       110M       5.7M        27M       3.2G

MemTotal:        4016004 kB
MemFree:          112832 kB
Active:           357352 kB
Mem:          3.8G       3.7G       110M       5.7M        27M       3.2G

MemTotal:        4016004 kB
MemFree:          112964 kB
Active:           357372 kB
Mem:          3.8G       3.7G       110M       5.7M        27M       3.2G

MemTotal:        4016004 kB
MemFree:          112840 kB
Active:           357364 kB
Mem:          3.8G       3.7G       110M       5.7M        27M       3.2G

MemTotal:        4016004 kB
MemFree:          112840 kB
Active:           357368 kB
Mem:          3.8G       3.7G       110M       5.7M        27M       3.2G

MemTotal:        4016004 kB
MemFree:          112964 kB
Active:           357376 kB
Mem:          3.8G       3.7G       110M       5.7M        27M       3.2G

MemTotal:        4016004 kB
MemFree:          112964 kB
Active:           357328 kB
Mem:          3.8G       3.7G       110M       5.7M        27M       3.2G

MemTotal:        4016004 kB
MemFree:          112840 kB
Active:           357380 kB
Mem:          3.8G       3.7G       110M       5.7M        27M       3.2G

MemTotal:        4016004 kB
MemFree:          113088 kB
Active:           357376 kB
Mem:          3.8G       3.7G       110M       5.7M        27M       3.2G

MemTotal:        4016004 kB
MemFree:          112840 kB
Active:           357400 kB
Mem:          3.8G       3.7G       110M       5.7M        27M       3.2G

MemTotal:        4016004 kB
MemFree:          112964 kB
Active:           357512 kB
Mem:          3.8G       3.7G       110M       5.7M        27M       3.2G

MemTotal:        4016004 kB
MemFree:          112452 kB
Active:           357476 kB
Mem:          3.8G       3.7G       109M       5.7M        27M       3.2G

MemTotal:        4016004 kB
MemFree:          112328 kB
Active:           357468 kB
Mem:          3.8G       3.7G       109M       5.7M        27M       3.2G

MemTotal:        4016004 kB
MemFree:          112824 kB
Active:           357440 kB
Mem:          3.8G       3.7G       110M       5.7M        27M       3.2G

MemTotal:        4016004 kB
MemFree:          112652 kB
Active:           357432 kB
Mem:          3.8G       3.7G       110M       5.7M        27M       3.2G

MemTotal:        4016004 kB
MemFree:          112700 kB
Active:           357480 kB
Mem:          3.8G       3.7G       110M       5.7M        27M       3.2G

MemTotal:        4016004 kB
MemFree:          113040 kB
Active:           357416 kB
Mem:          3.8G       3.7G       110M       5.7M        27M       3.2G

MemTotal:        4016004 kB
MemFree:          113072 kB
Active:           357424 kB
Mem:          3.8G       3.7G       110M       5.7M        27M       3.2G

MemTotal:        4016004 kB
MemFree:          112700 kB
Active:           357484 kB
Mem:          3.8G       3.7G       109M       5.7M        27M       3.2G

MemTotal:        4016004 kB
MemFree:          112576 kB
Active:           357452 kB
Mem:          3.8G       3.7G       109M       5.7M        27M       3.2G

MemTotal:        4016004 kB
MemFree:          112576 kB
Active:           357456 kB
Mem:          3.8G       3.7G       109M       5.7M        27M       3.2G

MemTotal:        4016004 kB
MemFree:          112700 kB
Active:           357456 kB
Mem:          3.8G       3.7G       109M       5.7M        27M       3.2G

MemTotal:        4016004 kB
MemFree:          112824 kB
Active:           357468 kB
Mem:          3.8G       3.7G       109M       5.7M        27M       3.2G

MemTotal:        4016004 kB
MemFree:          112700 kB
Active:           357472 kB
Mem:          3.8G       3.7G       110M       5.7M        27M       3.2G

MemTotal:        4016004 kB
MemFree:          112824 kB
Active:           357472 kB
Mem:          3.8G       3.7G       110M       5.7M        27M       3.2G

MemTotal:        4016004 kB
MemFree:          112452 kB
Active:           357500 kB
Mem:          3.8G       3.7G       109M       5.7M        27M       3.2G

MemTotal:        4016004 kB
MemFree:          112468 kB
Active:           357492 kB
Mem:          3.8G       3.7G       109M       5.7M        27M       3.2G

MemTotal:        4016004 kB
MemFree:          112716 kB
Active:           357440 kB
Mem:          3.8G       3.7G       110M       5.7M        27M       3.2G

MemTotal:        4016004 kB
MemFree:          112716 kB
Active:           357440 kB
Mem:          3.8G       3.7G       110M       5.7M        27M       3.2G

MemTotal:        4016004 kB
MemFree:          112716 kB
Active:           357440 kB
Mem:          3.8G       3.7G       109M       5.7M        27M       3.2G

MemTotal:        4016004 kB
MemFree:          112468 kB
Active:           357492 kB
Mem:          3.8G       3.7G       109M       5.7M        27M       3.2G

MemTotal:        4016004 kB
MemFree:          112592 kB
Active:           357436 kB
Mem:          3.8G       3.7G       109M       5.7M        27M       3.2G

MemTotal:        4016004 kB
MemFree:          112592 kB
Active:           357500 kB
Mem:          3.8G       3.7G       109M       5.7M        27M       3.2G

MemTotal:        4016004 kB
MemFree:          112592 kB
Active:           357484 kB
Mem:          3.8G       3.7G       109M       5.7M        27M       3.2G

MemTotal:        4016004 kB
MemFree:          112592 kB
Active:           357488 kB
Mem:          3.8G       3.7G       109M       5.7M        27M       3.2G

MemTotal:        4016004 kB
MemFree:          112592 kB
Active:           357500 kB
Mem:          3.8G       3.7G       109M       5.7M        27M       3.2G

MemTotal:        4016004 kB
MemFree:          112468 kB
Active:           357488 kB
Mem:          3.8G       3.7G       109M       5.7M        27M       3.2G

MemTotal:        4016004 kB
MemFree:          112716 kB
Active:           357480 kB
Mem:          3.8G       3.7G       110M       5.7M        27M       3.2G

MemTotal:        4016004 kB
MemFree:          112716 kB
Active:           357484 kB
Mem:          3.8G       3.7G       110M       5.7M        27M       3.2G

MemTotal:        4016004 kB
MemFree:          112592 kB
Active:           357488 kB
Mem:          3.8G       3.7G       109M       5.7M        27M       3.2G

MemTotal:        4016004 kB
MemFree:          112716 kB
Active:           357504 kB
Mem:          3.8G       3.7G       109M       5.7M        27M       3.2G

MemTotal:        4016004 kB
MemFree:          112716 kB
Active:           357460 kB
Mem:          3.8G       3.7G       110M       5.7M        27M       3.2G

MemTotal:        4016004 kB
MemFree:          112716 kB
Active:           357464 kB
Mem:          3.8G       3.7G       110M       5.7M        27M       3.2G

MemTotal:        4016004 kB
MemFree:          112716 kB
Active:           357464 kB
Mem:          3.8G       3.7G       110M       5.7M        27M       3.2G

MemTotal:        4016004 kB
MemFree:          112468 kB
Active:           357496 kB
Mem:          3.8G       3.7G       109M       5.7M        27M       3.2G

MemTotal:        4016004 kB
MemFree:          112096 kB
Active:           357512 kB
Mem:          3.8G       3.7G       109M       5.7M        27M       3.2G

MemTotal:        4016004 kB
MemFree:          112468 kB
Active:           357500 kB
Mem:          3.8G       3.7G       109M       5.7M        27M       3.2G

MemTotal:        4016004 kB
MemFree:          112468 kB
Active:           357508 kB
Mem:          3.8G       3.7G       109M       5.7M        27M       3.2G

MemTotal:        4016004 kB
MemFree:          112344 kB
Active:           357500 kB
Mem:          3.8G       3.7G       109M       5.7M        27M       3.2G

MemTotal:        4016004 kB
MemFree:          112468 kB
Active:           357496 kB
Mem:          3.8G       3.7G       109M       5.7M        27M       3.2G

MemTotal:        4016004 kB
MemFree:          112468 kB
Active:           357500 kB
Mem:          3.8G       3.7G       109M       5.7M        27M       3.2G

MemTotal:        4016004 kB
MemFree:          112468 kB
Active:           357496 kB
Mem:          3.8G       3.7G       109M       5.7M        27M       3.2G

MemTotal:        4016004 kB
MemFree:          112220 kB
Active:           357540 kB
Mem:          3.8G       3.7G       109M       5.7M        27M       3.2G

MemTotal:        4016004 kB
MemFree:          112592 kB
Active:           357504 kB
Mem:          3.8G       3.7G       109M       5.7M        27M       3.2G

MemTotal:        4016004 kB
MemFree:          112716 kB
Active:           357492 kB
Mem:          3.8G       3.7G       109M       5.7M        27M       3.2G

MemTotal:        4016004 kB
MemFree:          112592 kB
Active:           357532 kB
Mem:          3.8G       3.7G       109M       5.7M        27M       3.2G

MemTotal:        4016004 kB
MemFree:          112716 kB
Active:           357532 kB
Mem:          3.8G       3.7G       109M       5.7M        27M       3.2G

MemTotal:        4016004 kB
MemFree:          112716 kB
Active:           357536 kB
Mem:          3.8G       3.7G       109M       5.7M        27M       3.2G

MemTotal:        4016004 kB
MemFree:          112592 kB
Active:           357508 kB
Mem:          3.8G       3.7G       109M       5.7M        27M       3.2G

MemTotal:        4016004 kB
MemFree:          112096 kB
Active:           357556 kB
Mem:          3.8G       3.7G       109M       5.7M        27M       3.2G

MemTotal:        4016004 kB
MemFree:          112468 kB
Active:           357512 kB
Mem:          3.8G       3.7G       109M       5.7M        27M       3.2G

MemTotal:        4016004 kB
MemFree:          112500 kB
Active:           357524 kB
Mem:          3.8G       3.7G       109M       5.7M        27M       3.2G

MemTotal:        4016004 kB
MemFree:          112252 kB
Active:           357556 kB
Mem:          3.8G       3.7G       109M       5.7M        27M       3.2G

MemTotal:        4016004 kB
MemFree:          112500 kB
Active:           357556 kB
Mem:          3.8G       3.7G       109M       5.7M        27M       3.2G

MemTotal:        4016004 kB
MemFree:          112500 kB
Active:           357516 kB
Mem:          3.8G       3.7G       109M       5.7M        27M       3.2G

MemTotal:        4016004 kB
MemFree:          112624 kB
Active:           357532 kB
Mem:          3.8G       3.7G       109M       5.7M        27M       3.2G

MemTotal:        4016004 kB
MemFree:          112624 kB
Active:           357532 kB
Mem:          3.8G       3.7G       109M       5.7M        27M       3.2G

MemTotal:        4016004 kB
MemFree:          112500 kB
Active:           357556 kB
Mem:          3.8G       3.7G       109M       5.7M        27M       3.2G

MemTotal:        4016004 kB
MemFree:          112500 kB
Active:           357544 kB
Mem:          3.8G       3.7G       109M       5.7M        27M       3.2G

MemTotal:        4016004 kB
MemFree:          112500 kB
Active:           357556 kB
Mem:          3.8G       3.7G       109M       5.7M        27M       3.2G

MemTotal:        4016004 kB
MemFree:          112128 kB
Active:           357568 kB
Mem:          3.8G       3.7G       109M       5.7M        27M       3.2G

MemTotal:        4016004 kB
MemFree:          112624 kB
Active:           357544 kB
Mem:          3.8G       3.7G       110M       5.7M        27M       3.2G

MemTotal:        4016004 kB
MemFree:          112748 kB
Active:           357540 kB
Mem:          3.8G       3.7G       110M       5.7M        27M       3.2G

MemTotal:        4016004 kB
MemFree:          112376 kB
Active:           357576 kB
Mem:          3.8G       3.7G       109M       5.7M        27M       3.2G

MemTotal:        4016004 kB
MemFree:          112252 kB
Active:           357576 kB
Mem:          3.8G       3.7G       109M       5.7M        27M       3.2G

MemTotal:        4016004 kB
MemFree:          112500 kB
Active:           357532 kB
Mem:          3.8G       3.7G       109M       5.7M        27M       3.2G

MemTotal:        4016004 kB
MemFree:          112624 kB
Active:           357520 kB
Mem:          3.8G       3.7G       109M       5.7M        27M       3.2G

MemTotal:        4016004 kB
MemFree:          112748 kB
Active:           357556 kB
Mem:          3.8G       3.7G       109M       5.7M        27M       3.2G

MemTotal:        4016004 kB
MemFree:          112624 kB
Active:           357552 kB
Mem:          3.8G       3.7G       110M       5.7M        27M       3.2G

MemTotal:        4016004 kB
MemFree:          112748 kB
Active:           357552 kB
Mem:          3.8G       3.7G       109M       5.7M        27M       3.2G

MemTotal:        4016004 kB
MemFree:          112748 kB
Active:           357552 kB
Mem:          3.8G       3.7G       110M       5.7M        27M       3.2G

MemTotal:        4016004 kB
MemFree:          112624 kB
Active:           357548 kB
Mem:          3.8G       3.7G       110M       5.7M        27M       3.2G

MemTotal:        4016004 kB
MemFree:          112376 kB
Active:           357592 kB
Mem:          3.8G       3.7G       109M       5.7M        27M       3.2G

MemTotal:        4016004 kB
MemFree:          112748 kB
Active:           357580 kB
Mem:          3.8G       3.7G       109M       5.7M        27M       3.2G

MemTotal:        4016004 kB
MemFree:          112376 kB
Active:           357572 kB
Mem:          3.8G       3.7G       109M       5.7M        27M       3.2G

MemTotal:        4016004 kB
MemFree:          112500 kB
Active:           357556 kB
Mem:          3.8G       3.7G       109M       5.7M        27M       3.2G

MemTotal:        4016004 kB
MemFree:          112376 kB
Active:           357556 kB
Mem:          3.8G       3.7G       109M       5.7M        27M       3.2G

MemTotal:        4016004 kB
MemFree:          112500 kB
Active:           357560 kB
Mem:          3.8G       3.7G       109M       5.7M        27M       3.2G

MemTotal:        4016004 kB
MemFree:          112624 kB
Active:           357568 kB
Mem:          3.8G       3.7G       110M       5.7M        27M       3.2G

MemTotal:        4016004 kB
MemFree:          112004 kB
Active:           357600 kB
Mem:          3.8G       3.7G       109M       5.7M        27M       3.2G

MemTotal:        4016004 kB
MemFree:          112128 kB
Active:           357600 kB
Mem:          3.8G       3.7G       109M       5.7M        27M       3.2G

MemTotal:        4016004 kB
MemFree:          112500 kB
Active:           357548 kB
Mem:          3.8G       3.7G       109M       5.7M        27M       3.2G

MemTotal:        4016004 kB
MemFree:          112500 kB
Active:           357576 kB
Mem:          3.8G       3.7G       109M       5.7M        27M       3.2G

MemTotal:        4016004 kB
MemFree:          112500 kB
Active:           357600 kB
Mem:          3.8G       3.7G       109M       5.7M        27M       3.2G

MemTotal:        4016004 kB
MemFree:          112376 kB
Active:           357600 kB
Mem:          3.8G       3.7G       109M       5.7M        27M       3.2G

MemTotal:        4016004 kB
MemFree:          112500 kB
Active:           357564 kB
Mem:          3.8G       3.7G       109M       5.7M        27M       3.2G

MemTotal:        4016004 kB
MemFree:          112624 kB
Active:           357576 kB
Mem:          3.8G       3.7G       110M       5.7M        27M       3.2G

MemTotal:        4016004 kB
MemFree:          112376 kB
Active:           357568 kB
Mem:          3.8G       3.7G       109M       5.7M        27M       3.2G

MemTotal:        4016004 kB
MemFree:          112376 kB
Active:           357588 kB
Mem:          3.8G       3.7G       109M       5.7M        27M       3.2G

MemTotal:        4016004 kB
MemFree:          112376 kB
Active:           357588 kB
Mem:          3.8G       3.7G       109M       5.7M        27M       3.2G

MemTotal:        4016004 kB
MemFree:          112500 kB
Active:           357584 kB
Mem:          3.8G       3.7G       109M       5.7M        27M       3.2G

MemTotal:        4016004 kB
MemFree:          112128 kB
Active:           357624 kB
Mem:          3.8G       3.7G       109M       5.7M        27M       3.2G

MemTotal:        4016004 kB
MemFree:          112252 kB
Active:           357624 kB
Mem:          3.8G       3.7G       109M       5.7M        27M       3.2G

MemTotal:        4016004 kB
MemFree:          112376 kB
Active:           357596 kB
Mem:          3.8G       3.7G       109M       5.7M        27M       3.2G

MemTotal:        4016004 kB
MemFree:          112376 kB
Active:           357608 kB
Mem:          3.8G       3.7G       109M       5.7M        27M       3.2G

MemTotal:        4016004 kB
MemFree:          112500 kB
Active:           357600 kB
Mem:          3.8G       3.7G       109M       5.7M        27M       3.2G

MemTotal:        4016004 kB
MemFree:          112500 kB
Active:           357592 kB
Mem:          3.8G       3.7G       109M       5.7M        27M       3.2G

MemTotal:        4016004 kB
MemFree:          112500 kB
Active:           357600 kB
Mem:          3.8G       3.7G       109M       5.7M        27M       3.2G

MemTotal:        4016004 kB
MemFree:          112624 kB
Active:           357576 kB
Mem:          3.8G       3.7G       110M       5.7M        27M       3.2G

MemTotal:        4016004 kB
MemFree:          112748 kB
Active:           357640 kB
Mem:          3.8G       3.7G       109M       5.7M        27M       3.2G

MemTotal:        4016004 kB
MemFree:          112624 kB
Active:           357600 kB
Mem:          3.8G       3.7G       109M       5.7M        27M       3.2G

MemTotal:        4016004 kB
MemFree:          112624 kB
Active:           357596 kB
Mem:          3.8G       3.7G       110M       5.7M        27M       3.2G

MemTotal:        4016004 kB
MemFree:          112500 kB
Active:           357600 kB
Mem:          3.8G       3.7G       109M       5.7M        27M       3.2G

MemTotal:        4016004 kB
MemFree:          112500 kB
Active:           357632 kB
Mem:          3.8G       3.7G       109M       5.7M        27M       3.2G

MemTotal:        4016004 kB
MemFree:          112500 kB
Active:           357620 kB
Mem:          3.8G       3.7G       109M       5.7M        27M       3.2G

MemTotal:        4016004 kB
MemFree:          112624 kB
Active:           357620 kB
Mem:          3.8G       3.7G       109M       5.7M        27M       3.2G

MemTotal:        4016004 kB
MemFree:          112252 kB
Active:           357652 kB
Mem:          3.8G       3.7G       109M       5.7M        27M       3.2G

MemTotal:        4016004 kB
MemFree:          112500 kB
Active:           357604 kB
Mem:          3.8G       3.7G       109M       5.7M        27M       3.2G

MemTotal:        4016004 kB
MemFree:          112624 kB
Active:           357608 kB
Mem:          3.8G       3.7G       110M       5.7M        27M       3.2G

MemTotal:        4016004 kB
MemFree:          112252 kB
Active:           357652 kB
Mem:          3.8G       3.7G       109M       5.7M        27M       3.2G

MemTotal:        4016004 kB
MemFree:          112128 kB
Active:           357652 kB
Mem:          3.8G       3.7G       109M       5.7M        27M       3.2G

MemTotal:        4016004 kB
MemFree:          112500 kB
Active:           357656 kB
Mem:          3.8G       3.7G       109M       5.7M        27M       3.2G

MemTotal:        4016004 kB
MemFree:          112500 kB
Active:           357652 kB
Mem:          3.8G       3.7G       109M       5.7M        27M       3.2G

MemTotal:        4016004 kB
MemFree:          112128 kB
Active:           357664 kB
Mem:          3.8G       3.7G       109M       5.7M        27M       3.2G

MemTotal:        4016004 kB
MemFree:          112004 kB
Active:           357664 kB
Mem:          3.8G       3.7G       109M       5.7M        27M       3.2G

MemTotal:        4016004 kB
MemFree:          112376 kB
Active:           357628 kB
Mem:          3.8G       3.7G       109M       5.7M        27M       3.2G

MemTotal:        4016004 kB
MemFree:          112500 kB
Active:           357644 kB
Mem:          3.8G       3.7G       109M       5.7M        27M       3.2G

MemTotal:        4016004 kB
MemFree:          112624 kB
Active:           357644 kB
Mem:          3.8G       3.7G       110M       5.7M        27M       3.2G

MemTotal:        4016004 kB
MemFree:          112624 kB
Active:           357664 kB
Mem:          3.8G       3.7G       110M       5.7M        27M       3.2G

MemTotal:        4016004 kB
MemFree:          112748 kB
Active:           357644 kB
Mem:          3.8G       3.7G       109M       5.7M        27M       3.2G

MemTotal:        4016004 kB
MemFree:          112252 kB
Active:           357672 kB
Mem:          3.8G       3.7G       109M       5.7M        27M       3.2G

MemTotal:        4016004 kB
MemFree:          112376 kB
Active:           357652 kB
Mem:          3.8G       3.7G       109M       5.7M        27M       3.2G

MemTotal:        4016004 kB
MemFree:          112500 kB
Active:           357656 kB
Mem:          3.8G       3.7G       109M       5.7M        27M       3.2G

MemTotal:        4016004 kB
MemFree:          112376 kB
Active:           357668 kB
Mem:          3.8G       3.7G       109M       5.7M        27M       3.2G

MemTotal:        4016004 kB
MemFree:          112252 kB
Active:           357672 kB
Mem:          3.8G       3.7G       109M       5.7M        27M       3.2G

MemTotal:        4016004 kB
MemFree:          112252 kB
Active:           357644 kB
Mem:          3.8G       3.7G       109M       5.7M        27M       3.2G

MemTotal:        4016004 kB
MemFree:          112252 kB
Active:           357656 kB
Mem:          3.8G       3.7G       109M       5.7M        27M       3.2G

MemTotal:        4016004 kB
MemFree:          112252 kB
Active:           357632 kB
Mem:          3.8G       3.7G       109M       5.7M        27M       3.2G

MemTotal:        4016004 kB
MemFree:          112004 kB
Active:           357676 kB
Mem:          3.8G       3.7G       109M       5.7M        27M       3.2G

MemTotal:        4016004 kB
MemFree:          112500 kB
Active:           357636 kB
Mem:          3.8G       3.7G       109M       5.7M        27M       3.2G

MemTotal:        4016004 kB
MemFree:          112500 kB
Active:           357652 kB
Mem:          3.8G       3.7G       109M       5.7M        27M       3.2G

MemTotal:        4016004 kB
MemFree:          112500 kB
Active:           357672 kB
Mem:          3.8G       3.7G       109M       5.7M        27M       3.2G

MemTotal:        4016004 kB
MemFree:          112500 kB
Active:           357676 kB
Mem:          3.8G       3.7G       109M       5.7M        27M       3.2G

MemTotal:        4016004 kB
MemFree:          112252 kB
Active:           357688 kB
Mem:          3.8G       3.7G       109M       5.7M        27M       3.2G

MemTotal:        4016004 kB
MemFree:          112500 kB
Active:           357636 kB
Mem:          3.8G       3.7G       109M       5.7M        27M       3.2G

MemTotal:        4016004 kB
MemFree:          112500 kB
Active:           357644 kB
Mem:          3.8G       3.7G       109M       5.7M        27M       3.2G

MemTotal:        4016004 kB
MemFree:          112624 kB
Active:           357672 kB
Mem:          3.8G       3.7G       109M       5.7M        27M       3.2G

MemTotal:        4016004 kB
MemFree:          112252 kB
Active:           357696 kB
Mem:          3.8G       3.7G       109M       5.7M        27M       3.2G

MemTotal:        4016004 kB
MemFree:          112484 kB
Active:           357680 kB
Mem:          3.8G       3.7G       109M       5.7M        27M       3.2G

MemTotal:        4016004 kB
MemFree:          112376 kB
Active:           357692 kB
Mem:          3.8G       3.7G       109M       5.7M        27M       3.2G

MemTotal:        4016004 kB
MemFree:          112376 kB
Active:           357660 kB
Mem:          3.8G       3.7G       109M       5.7M        27M       3.2G

MemTotal:        4016004 kB
MemFree:          112376 kB
Active:           357660 kB
Mem:          3.8G       3.7G       109M       5.7M        27M       3.2G

MemTotal:        4016004 kB
MemFree:          112500 kB
Active:           357660 kB
Mem:          3.8G       3.7G       109M       5.7M        27M       3.2G

MemTotal:        4016004 kB
MemFree:          112004 kB
Active:           357712 kB
Mem:          3.8G       3.7G       109M       5.7M        27M       3.2G

MemTotal:        4016004 kB
MemFree:          112252 kB
Active:           357716 kB
Mem:          3.8G       3.7G       109M       5.7M        27M       3.2G

MemTotal:        4016004 kB
MemFree:          112376 kB
Active:           357668 kB
Mem:          3.8G       3.7G       109M       5.7M        27M       3.2G

MemTotal:        4016004 kB
MemFree:          112500 kB
Active:           357672 kB
Mem:          3.8G       3.7G       109M       5.7M        27M       3.2G

MemTotal:        4016004 kB
MemFree:          112252 kB
Active:           357672 kB
Mem:          3.8G       3.7G       109M       5.7M        27M       3.2G

MemTotal:        4016004 kB
MemFree:          112252 kB
Active:           357692 kB
Mem:          3.8G       3.7G       109M       5.7M        27M       3.2G

MemTotal:        4016004 kB
MemFree:          112500 kB
Active:           357692 kB
Mem:          3.8G       3.7G       109M       5.7M        27M       3.2G

MemTotal:        4016004 kB
MemFree:          112500 kB
Active:           357684 kB
Mem:          3.8G       3.7G       109M       5.7M        27M       3.2G

MemTotal:        4016004 kB
MemFree:          112004 kB
Active:           357724 kB
Mem:          3.8G       3.7G       109M       5.7M        27M       3.2G

MemTotal:        4016004 kB
MemFree:          112376 kB
Active:           357700 kB
Mem:          3.8G       3.7G       109M       5.7M        27M       3.2G

MemTotal:        4016004 kB
MemFree:          112376 kB
Active:           357688 kB
Mem:          3.8G       3.7G       109M       5.7M        27M       3.2G

MemTotal:        4016004 kB
MemFree:          112128 kB
Active:           357736 kB
Mem:          3.8G       3.7G       109M       5.7M        27M       3.2G

MemTotal:        4016004 kB
MemFree:          112376 kB
Active:           357680 kB
Mem:          3.8G       3.7G       109M       5.7M        27M       3.2G

MemTotal:        4016004 kB
MemFree:          112500 kB
Active:           357728 kB
Mem:          3.8G       3.7G       109M       5.7M        27M       3.2G

MemTotal:        4016004 kB
MemFree:          112624 kB
Active:           357728 kB
Mem:          3.8G       3.7G       109M       5.7M        27M       3.2G

MemTotal:        4016004 kB
MemFree:          112252 kB
Active:           357744 kB
