MemTotal:        4016004 kB
MemFree:         3237524 kB
Active:           423324 kB
Mem:          3.8G       759M       3.1G       5.7M        55M       317M

MemTotal:        4016004 kB
MemFree:         3239844 kB
Active:           421604 kB
Mem:          3.8G       758M       3.1G       5.7M        55M       317M

MemTotal:        4016004 kB
MemFree:         3239564 kB
Active:           421680 kB
Mem:          3.8G       758M       3.1G       5.7M        55M       317M

MemTotal:        4016004 kB
MemFree:         3239532 kB
Active:           421672 kB
Mem:          3.8G       758M       3.1G       5.7M        55M       317M

MemTotal:        4016004 kB
MemFree:         3239516 kB
Active:           421684 kB
Mem:          3.8G       758M       3.1G       5.7M        55M       317M

MemTotal:        4016004 kB
MemFree:         3238632 kB
Active:           421692 kB
Mem:          3.8G       758M       3.1G       5.7M        55M       317M

MemTotal:        4016004 kB
MemFree:         3238848 kB
Active:           421684 kB
Mem:          3.8G       759M       3.1G       5.7M        55M       317M

MemTotal:        4016004 kB
MemFree:         3238832 kB
Active:           421716 kB
Mem:          3.8G       758M       3.1G       5.7M        55M       317M

MemTotal:        4016004 kB
MemFree:         3238692 kB
Active:           421740 kB
Mem:          3.8G       758M       3.1G       5.7M        55M       317M

MemTotal:        4016004 kB
MemFree:         3239064 kB
Active:           421716 kB
Mem:          3.8G       758M       3.1G       5.7M        55M       317M

MemTotal:        4016004 kB
MemFree:         3238800 kB
Active:           421716 kB
Mem:          3.8G       758M       3.1G       5.7M        55M       317M

MemTotal:        4016004 kB
MemFree:         3238924 kB
Active:           421712 kB
Mem:          3.8G       758M       3.1G       5.7M        55M       317M

MemTotal:        4016004 kB
MemFree:         3238940 kB
Active:           421708 kB
Mem:          3.8G       758M       3.1G       5.7M        55M       317M

MemTotal:        4016004 kB
MemFree:         3239056 kB
Active:           421728 kB
Mem:          3.8G       758M       3.1G       5.7M        55M       317M

MemTotal:        4016004 kB
MemFree:         3239056 kB
Active:           421708 kB
Mem:          3.8G       758M       3.1G       5.7M        55M       317M

MemTotal:        4016004 kB
MemFree:         3239056 kB
Active:           421744 kB
Mem:          3.8G       758M       3.1G       5.7M        55M       317M

MemTotal:        4016004 kB
MemFree:         3240504 kB
Active:           417784 kB
Mem:          3.8G       757M       3.1G       5.7M        55M       317M

MemTotal:        4016004 kB
MemFree:         3241256 kB
Active:           419676 kB
Mem:          3.8G       756M       3.1G       5.7M        55M       317M

MemTotal:        4016004 kB
MemFree:         3240884 kB
Active:           419720 kB
Mem:          3.8G       756M       3.1G       5.7M        55M       317M

MemTotal:        4016004 kB
MemFree:         3240636 kB
Active:           419720 kB
Mem:          3.8G       756M       3.1G       5.7M        55M       317M

MemTotal:        4016004 kB
MemFree:         3241008 kB
Active:           419684 kB
Mem:          3.8G       756M       3.1G       5.7M        55M       317M

MemTotal:        4016004 kB
MemFree:         3240760 kB
Active:           419728 kB
Mem:          3.8G       757M       3.1G       5.7M        55M       317M

MemTotal:        4016004 kB
MemFree:         3240884 kB
Active:           419700 kB
Mem:          3.8G       757M       3.1G       5.7M        55M       317M

MemTotal:        4016004 kB
MemFree:         3240884 kB
Active:           419688 kB
Mem:          3.8G       756M       3.1G       5.7M        55M       317M

MemTotal:        4016004 kB
MemFree:         3241132 kB
Active:           419728 kB
Mem:          3.8G       756M       3.1G       5.7M        55M       317M

MemTotal:        4016004 kB
MemFree:         3240884 kB
Active:           419708 kB
Mem:          3.8G       756M       3.1G       5.7M        55M       317M

MemTotal:        4016004 kB
MemFree:         3241008 kB
Active:           419696 kB
Mem:          3.8G       756M       3.1G       5.7M        55M       317M

MemTotal:        4016004 kB
MemFree:         3241008 kB
Active:           419684 kB
Mem:          3.8G       756M       3.1G       5.7M        55M       317M

MemTotal:        4016004 kB
MemFree:         3241008 kB
Active:           419720 kB
Mem:          3.8G       756M       3.1G       5.7M        55M       317M

MemTotal:        4016004 kB
MemFree:         3241132 kB
Active:           419732 kB
Mem:          3.8G       756M       3.1G       5.7M        55M       317M

MemTotal:        4016004 kB
MemFree:         3241132 kB
Active:           419716 kB
Mem:          3.8G       756M       3.1G       5.7M        55M       317M

MemTotal:        4016004 kB
MemFree:         3241256 kB
Active:           419704 kB
Mem:          3.8G       756M       3.1G       5.7M        55M       317M

MemTotal:        4016004 kB
MemFree:         3240884 kB
Active:           419684 kB
Mem:          3.8G       756M       3.1G       5.7M        55M       317M

MemTotal:        4016004 kB
MemFree:         3241196 kB
Active:           419732 kB
Mem:          3.8G       756M       3.1G       5.7M        55M       317M

MemTotal:        4016004 kB
MemFree:         3241196 kB
Active:           419716 kB
Mem:          3.8G       756M       3.1G       5.7M        55M       317M

MemTotal:        4016004 kB
MemFree:         3241072 kB
Active:           419736 kB
Mem:          3.8G       756M       3.1G       5.7M        55M       317M

MemTotal:        4016004 kB
MemFree:         3240060 kB
Active:           417888 kB
Mem:          3.8G       757M       3.1G       5.7M        55M       317M

MemTotal:        4016004 kB
MemFree:         3239520 kB
Active:           419752 kB
Mem:          3.8G       758M       3.1G       5.7M        55M       317M

MemTotal:        4016004 kB
MemFree:         3239892 kB
Active:           419740 kB
Mem:          3.8G       757M       3.1G       5.7M        55M       317M

MemTotal:        4016004 kB
MemFree:         3239892 kB
Active:           419708 kB
Mem:          3.8G       757M       3.1G       5.7M        55M       317M

MemTotal:        4016004 kB
MemFree:         3240496 kB
Active:           419700 kB
Mem:          3.8G       757M       3.1G       5.7M        55M       317M

MemTotal:        4016004 kB
MemFree:         3240480 kB
Active:           419752 kB
Mem:          3.8G       757M       3.1G       5.7M        55M       317M

MemTotal:        4016004 kB
MemFree:         3239844 kB
Active:           419768 kB
Mem:          3.8G       757M       3.1G       5.7M        55M       317M

MemTotal:        4016004 kB
MemFree:         3240216 kB
Active:           419732 kB
Mem:          3.8G       757M       3.1G       5.7M        55M       317M

MemTotal:        4016004 kB
MemFree:         3240060 kB
Active:           419712 kB
Mem:          3.8G       757M       3.1G       5.7M        55M       317M

MemTotal:        4016004 kB
MemFree:         3239548 kB
Active:           419768 kB
Mem:          3.8G       757M       3.1G       5.7M        55M       317M

MemTotal:        4016004 kB
MemFree:         3240152 kB
Active:           419724 kB
Mem:          3.8G       757M       3.1G       5.7M        55M       317M

MemTotal:        4016004 kB
MemFree:         3239780 kB
Active:           419768 kB
Mem:          3.8G       757M       3.1G       5.7M        55M       317M

MemTotal:        4016004 kB
MemFree:         3239516 kB
Active:           419776 kB
Mem:          3.8G       757M       3.1G       5.7M        55M       317M

MemTotal:        4016004 kB
MemFree:         3240012 kB
Active:           419772 kB
Mem:          3.8G       757M       3.1G       5.7M        55M       317M

MemTotal:        4016004 kB
MemFree:         3239996 kB
Active:           419752 kB
Mem:          3.8G       757M       3.1G       5.7M        55M       317M

MemTotal:        4016004 kB
MemFree:         3239856 kB
Active:           419732 kB
Mem:          3.8G       757M       3.1G       5.7M        55M       317M

MemTotal:        4016004 kB
MemFree:         3239980 kB
Active:           419780 kB
Mem:          3.8G       757M       3.1G       5.7M        55M       317M

MemTotal:        4016004 kB
MemFree:         3239980 kB
Active:           419748 kB
Mem:          3.8G       757M       3.1G       5.7M        55M       317M

MemTotal:        4016004 kB
MemFree:         3240460 kB
Active:           419788 kB
Mem:          3.8G       757M       3.1G       5.7M        55M       317M

MemTotal:        4016004 kB
MemFree:         3240460 kB
Active:           419756 kB
Mem:          3.8G       757M       3.1G       5.7M        55M       317M

MemTotal:        4016004 kB
MemFree:         3240336 kB
Active:           419760 kB
Mem:          3.8G       757M       3.1G       5.7M        55M       317M

MemTotal:        4016004 kB
MemFree:         3240384 kB
Active:           419764 kB
Mem:          3.8G       757M       3.1G       5.7M        55M       317M

MemTotal:        4016004 kB
MemFree:         3240508 kB
Active:           419760 kB
Mem:          3.8G       757M       3.1G       5.7M        55M       317M

MemTotal:        4016004 kB
MemFree:         3240012 kB
Active:           419808 kB
Mem:          3.8G       757M       3.1G       5.7M        55M       317M

MemTotal:        4016004 kB
MemFree:         3239764 kB
Active:           419808 kB
Mem:          3.8G       757M       3.1G       5.7M        55M       317M

MemTotal:        4016004 kB
MemFree:         3240136 kB
Active:           419764 kB
Mem:          3.8G       757M       3.1G       5.7M        55M       317M

MemTotal:        4016004 kB
MemFree:         3239764 kB
Active:           419812 kB
Mem:          3.8G       757M       3.1G       5.7M        55M       317M

MemTotal:        4016004 kB
MemFree:         3240268 kB
Active:           419768 kB
Mem:          3.8G       757M       3.1G       5.7M        55M       317M

MemTotal:        4016004 kB
MemFree:         3240020 kB
Active:           419768 kB
Mem:          3.8G       757M       3.1G       5.7M        55M       317M

MemTotal:        4016004 kB
MemFree:         3240612 kB
Active:           419800 kB
Mem:          3.8G       757M       3.1G       5.7M        55M       317M

MemTotal:        4016004 kB
MemFree:         3240488 kB
Active:           419792 kB
Mem:          3.8G       757M       3.1G       5.7M        55M       317M

MemTotal:        4016004 kB
MemFree:         3240364 kB
Active:           419780 kB
Mem:          3.8G       757M       3.1G       5.7M        55M       317M

MemTotal:        4016004 kB
MemFree:         3240488 kB
Active:           419808 kB
Mem:          3.8G       757M       3.1G       5.7M        55M       317M

MemTotal:        4016004 kB
MemFree:         3239992 kB
Active:           419816 kB
Mem:          3.8G       757M       3.1G       5.7M        55M       317M

MemTotal:        4016004 kB
MemFree:         3240488 kB
Active:           419788 kB
Mem:          3.8G       757M       3.1G       5.7M        55M       317M

MemTotal:        4016004 kB
MemFree:         3240488 kB
Active:           419804 kB
Mem:          3.8G       757M       3.1G       5.7M        55M       317M

MemTotal:        4016004 kB
MemFree:         3240612 kB
Active:           419784 kB
Mem:          3.8G       757M       3.1G       5.7M        55M       317M

MemTotal:        4016004 kB
MemFree:         3240612 kB
Active:           419792 kB
Mem:          3.8G       757M       3.1G       5.7M        55M       317M

MemTotal:        4016004 kB
MemFree:         3240612 kB
Active:           419788 kB
Mem:          3.8G       757M       3.1G       5.7M        55M       317M

MemTotal:        4016004 kB
MemFree:         3240676 kB
Active:           419800 kB
Mem:          3.8G       757M       3.1G       5.7M        55M       317M

MemTotal:        4016004 kB
MemFree:         3240112 kB
Active:           417908 kB
Mem:          3.8G       757M       3.1G       5.7M        55M       317M

MemTotal:        4016004 kB
MemFree:         3240116 kB
Active:           419804 kB
Mem:          3.8G       757M       3.1G       5.7M        55M       317M

MemTotal:        4016004 kB
MemFree:         3240116 kB
Active:           419788 kB
Mem:          3.8G       758M       3.1G       5.7M        55M       317M

MemTotal:        4016004 kB
MemFree:         3239976 kB
Active:           419820 kB
Mem:          3.8G       757M       3.1G       5.7M        55M       317M

MemTotal:        4016004 kB
MemFree:         3239960 kB
Active:           419820 kB
Mem:          3.8G       757M       3.1G       5.7M        55M       317M

MemTotal:        4016004 kB
MemFree:         3240704 kB
Active:           419804 kB
Mem:          3.8G       757M       3.1G       5.7M        55M       317M

MemTotal:        4016004 kB
MemFree:         3240936 kB
Active:           419800 kB
Mem:          3.8G       757M       3.1G       5.7M        55M       317M

MemTotal:        4016004 kB
MemFree:         3240688 kB
Active:           419832 kB
Mem:          3.8G       757M       3.1G       5.7M        55M       317M

MemTotal:        4016004 kB
MemFree:         3240192 kB
Active:           419860 kB
Mem:          3.8G       757M       3.1G       5.7M        55M       317M

MemTotal:        4016004 kB
MemFree:         3240440 kB
Active:           419828 kB
Mem:          3.8G       757M       3.1G       5.7M        55M       317M

MemTotal:        4016004 kB
MemFree:         3240300 kB
Active:           419832 kB
Mem:          3.8G       757M       3.1G       5.7M        55M       317M

MemTotal:        4016004 kB
MemFree:         3240656 kB
Active:           419828 kB
Mem:          3.8G       757M       3.1G       5.7M        55M       317M

MemTotal:        4016004 kB
MemFree:         3240688 kB
Active:           419820 kB
Mem:          3.8G       757M       3.1G       5.7M        55M       317M

MemTotal:        4016004 kB
MemFree:         3240688 kB
Active:           419820 kB
Mem:          3.8G       757M       3.1G       5.7M        55M       317M

MemTotal:        4016004 kB
MemFree:         3240688 kB
Active:           419816 kB
Mem:          3.8G       757M       3.1G       5.7M        55M       317M

MemTotal:        4016004 kB
MemFree:         3240564 kB
Active:           419868 kB
Mem:          3.8G       757M       3.1G       5.7M        55M       317M

MemTotal:        4016004 kB
MemFree:         3240564 kB
Active:           419860 kB
Mem:          3.8G       757M       3.1G       5.7M        55M       317M

MemTotal:        4016004 kB
MemFree:         3240688 kB
Active:           419816 kB
Mem:          3.8G       757M       3.1G       5.7M        55M       317M

MemTotal:        4016004 kB
MemFree:         3240688 kB
Active:           419820 kB
Mem:          3.8G       757M       3.1G       5.7M        55M       317M

MemTotal:        4016004 kB
MemFree:         3240564 kB
Active:           419816 kB
Mem:          3.8G       757M       3.1G       5.7M        55M       317M

MemTotal:        4016004 kB
MemFree:         3239384 kB
Active:           417896 kB
Mem:          3.8G       758M       3.1G       5.7M        55M       317M

MemTotal:        4016004 kB
MemFree:         3240376 kB
Active:           419824 kB
Mem:          3.8G       757M       3.1G       5.7M        55M       317M

MemTotal:        4016004 kB
MemFree:         3240112 kB
Active:           419852 kB
Mem:          3.8G       757M       3.1G       5.7M        55M       317M

MemTotal:        4016004 kB
MemFree:         3240344 kB
Active:           419844 kB
Mem:          3.8G       757M       3.1G       5.7M        55M       317M

MemTotal:        4016004 kB
MemFree:         3239676 kB
Active:           419892 kB
Mem:          3.8G       758M       3.1G       5.7M        55M       317M

MemTotal:        4016004 kB
MemFree:         3198700 kB
Active:           420672 kB
Mem:          3.8G       799M       3.0G       5.7M        55M       357M

MemTotal:        4016004 kB
MemFree:         3153960 kB
Active:           420796 kB
Mem:          3.8G       842M       3.0G       5.7M        55M       399M

MemTotal:        4016004 kB
MemFree:         3108668 kB
Active:           420820 kB
Mem:          3.8G       886M       3.0G       5.7M        55M       442M

MemTotal:        4016004 kB
MemFree:         3064428 kB
Active:           420844 kB
Mem:          3.8G       931M       2.9G       5.7M        55M       486M

MemTotal:        4016004 kB
MemFree:         3019320 kB
Active:           420864 kB
Mem:          3.8G       973M       2.9G       5.7M        55M       528M

MemTotal:        4016004 kB
MemFree:         2974692 kB
Active:           420888 kB
Mem:          3.8G       1.0G       2.8G       5.7M        55M       570M

MemTotal:        4016004 kB
MemFree:         2929832 kB
Active:           420916 kB
Mem:          3.8G       1.0G       2.8G       5.7M        55M       614M

MemTotal:        4016004 kB
MemFree:         2885576 kB
Active:           420940 kB
Mem:          3.8G       1.1G       2.8G       5.7M        55M       657M

MemTotal:        4016004 kB
MemFree:         2840708 kB
Active:           420964 kB
Mem:          3.8G       1.1G       2.7G       5.7M        55M       700M

MemTotal:        4016004 kB
MemFree:         2796356 kB
Active:           420984 kB
Mem:          3.8G       1.2G       2.7G       5.7M        55M       742M

MemTotal:        4016004 kB
MemFree:         2752344 kB
Active:           421008 kB
Mem:          3.8G       1.2G       2.6G       5.7M        55M       784M

MemTotal:        4016004 kB
MemFree:         2711568 kB
Active:           421036 kB
Mem:          3.8G       1.2G       2.6G       5.7M        55M       824M

MemTotal:        4016004 kB
MemFree:         2711568 kB
Active:           421032 kB
Mem:          3.8G       1.2G       2.6G       5.7M        55M       824M

MemTotal:        4016004 kB
MemFree:         2709452 kB
Active:           421084 kB
Mem:          3.8G       1.2G       2.6G       5.7M        55M       825M

MemTotal:        4016004 kB
MemFree:         2673312 kB
Active:           421100 kB
Mem:          3.8G       1.3G       2.5G       5.7M        55M       861M

MemTotal:        4016004 kB
MemFree:         2628768 kB
Active:           421120 kB
Mem:          3.8G       1.3G       2.5G       5.7M        56M       903M

MemTotal:        4016004 kB
MemFree:         2588760 kB
Active:           421148 kB
Mem:          3.8G       1.4G       2.5G       5.7M        56M       941M

MemTotal:        4016004 kB
MemFree:         2544892 kB
Active:           421168 kB
Mem:          3.8G       1.4G       2.4G       5.7M        56M       984M

MemTotal:        4016004 kB
MemFree:         2500280 kB
Active:           421192 kB
Mem:          3.8G       1.4G       2.4G       5.7M        56M       1.0G

MemTotal:        4016004 kB
MemFree:         2455420 kB
Active:           421212 kB
Mem:          3.8G       1.5G       2.3G       5.7M        56M       1.0G

MemTotal:        4016004 kB
MemFree:         2410916 kB
Active:           421240 kB
Mem:          3.8G       1.5G       2.3G       5.7M        56M       1.1G

MemTotal:        4016004 kB
MemFree:         2366428 kB
Active:           421272 kB
Mem:          3.8G       1.6G       2.3G       5.7M        56M       1.1G

MemTotal:        4016004 kB
MemFree:         2322712 kB
Active:           421292 kB
Mem:          3.8G       1.6G       2.2G       5.7M        56M       1.2G

MemTotal:        4016004 kB
MemFree:         2278072 kB
Active:           421312 kB
Mem:          3.8G       1.7G       2.2G       5.7M        56M       1.2G

MemTotal:        4016004 kB
MemFree:         2256664 kB
Active:           421336 kB
Mem:          3.8G       1.7G       2.2G       5.7M        56M       1.2G

MemTotal:        4016004 kB
MemFree:         2230872 kB
Active:           421340 kB
Mem:          3.8G       1.7G       2.1G       5.7M        56M       1.3G

MemTotal:        4016004 kB
MemFree:         2230004 kB
Active:           421364 kB
Mem:          3.8G       1.7G       2.1G       5.7M        56M       1.3G

MemTotal:        4016004 kB
MemFree:         2230008 kB
Active:           421316 kB
Mem:          3.8G       1.7G       2.1G       5.7M        56M       1.3G

MemTotal:        4016004 kB
MemFree:         2223540 kB
Active:           421372 kB
Mem:          3.8G       1.7G       2.1G       5.7M        56M       1.3G

MemTotal:        4016004 kB
MemFree:         2179068 kB
Active:           421384 kB
Mem:          3.8G       1.8G       2.1G       5.7M        56M       1.3G

MemTotal:        4016004 kB
MemFree:         2134332 kB
Active:           421408 kB
Mem:          3.8G       1.8G       2.0G       5.7M        56M       1.3G

MemTotal:        4016004 kB
MemFree:         2091332 kB
Active:           421436 kB
Mem:          3.8G       1.8G       2.0G       5.7M        56M       1.4G

MemTotal:        4016004 kB
MemFree:         2046968 kB
Active:           421456 kB
Mem:          3.8G       1.9G       2.0G       5.7M        56M       1.4G

MemTotal:        4016004 kB
MemFree:         2002108 kB
Active:           421480 kB
Mem:          3.8G       1.9G       1.9G       5.7M        56M       1.5G

MemTotal:        4016004 kB
MemFree:         1957232 kB
Active:           421508 kB
Mem:          3.8G       2.0G       1.9G       5.7M        56M       1.5G

MemTotal:        4016004 kB
MemFree:         1910944 kB
Active:           421532 kB
Mem:          3.8G       2.0G       1.8G       5.7M        56M       1.6G

MemTotal:        4016004 kB
MemFree:         1866004 kB
Active:           423588 kB
Mem:          3.8G       2.1G       1.8G       5.7M        56M       1.6G

MemTotal:        4016004 kB
MemFree:         1821372 kB
Active:           423620 kB
Mem:          3.8G       2.1G       1.7G       5.7M        56M       1.6G

MemTotal:        4016004 kB
MemFree:         1777004 kB
Active:           423640 kB
Mem:          3.8G       2.1G       1.7G       5.7M        56M       1.7G

MemTotal:        4016004 kB
MemFree:         1732408 kB
Active:           423668 kB
Mem:          3.8G       2.2G       1.7G       5.7M        56M       1.7G

MemTotal:        4016004 kB
MemFree:         1701220 kB
Active:           423664 kB
Mem:          3.8G       2.2G       1.6G       5.7M        56M       1.8G

MemTotal:        4016004 kB
MemFree:         1691956 kB
Active:           423692 kB
Mem:          3.8G       2.2G       1.6G       5.7M        56M       1.8G

MemTotal:        4016004 kB
MemFree:         1646912 kB
Active:           423740 kB
Mem:          3.8G       2.3G       1.6G       5.7M        56M       1.8G

MemTotal:        4016004 kB
MemFree:         1601776 kB
Active:           423748 kB
Mem:          3.8G       2.3G       1.5G       5.7M        56M       1.8G

MemTotal:        4016004 kB
MemFree:         1557960 kB
Active:           423788 kB
Mem:          3.8G       2.3G       1.5G       5.7M        56M       1.9G

MemTotal:        4016004 kB
MemFree:         1513072 kB
Active:           423808 kB
Mem:          3.8G       2.4G       1.4G       5.7M        56M       1.9G

MemTotal:        4016004 kB
MemFree:         1467964 kB
Active:           423828 kB
Mem:          3.8G       2.4G       1.4G       5.7M        56M       2.0G

MemTotal:        4016004 kB
MemFree:         1423228 kB
Active:           423860 kB
Mem:          3.8G       2.5G       1.4G       5.7M        56M       2.0G

MemTotal:        4016004 kB
MemFree:         1379004 kB
Active:           423880 kB
Mem:          3.8G       2.5G       1.3G       5.7M        56M       2.1G

MemTotal:        4016004 kB
MemFree:         1334820 kB
Active:           423904 kB
Mem:          3.8G       2.6G       1.3G       5.7M        56M       2.1G

MemTotal:        4016004 kB
MemFree:         1290396 kB
Active:           423916 kB
Mem:          3.8G       2.6G       1.2G       5.7M        56M       2.1G

MemTotal:        4016004 kB
MemFree:         1247012 kB
Active:           423948 kB
Mem:          3.8G       2.6G       1.2G       5.7M        56M       2.2G

MemTotal:        4016004 kB
MemFree:         1202836 kB
Active:           423980 kB
Mem:          3.8G       2.7G       1.1G       5.7M        56M       2.2G

MemTotal:        4016004 kB
MemFree:         1162316 kB
Active:           424008 kB
Mem:          3.8G       2.7G       1.1G       5.7M        56M       2.3G

MemTotal:        4016004 kB
MemFree:         1156912 kB
Active:           424028 kB
Mem:          3.8G       2.7G       1.1G       5.7M        56M       2.3G

MemTotal:        4016004 kB
MemFree:         1154324 kB
Active:           424016 kB
Mem:          3.8G       2.7G       1.1G       5.7M        56M       2.3G

MemTotal:        4016004 kB
MemFree:         1147936 kB
Active:           424020 kB
Mem:          3.8G       2.7G       1.1G       5.7M        56M       2.3G

MemTotal:        4016004 kB
MemFree:         1148224 kB
Active:           426072 kB
Mem:          3.8G       2.7G       1.1G       5.7M        56M       2.3G

MemTotal:        4016004 kB
MemFree:         1105628 kB
Active:           426100 kB
Mem:          3.8G       2.8G       1.1G       5.7M        56M       2.3G

MemTotal:        4016004 kB
MemFree:         1061496 kB
Active:           426120 kB
Mem:          3.8G       2.8G       1.0G       5.7M        56M       2.4G

MemTotal:        4016004 kB
MemFree:         1016636 kB
Active:           426140 kB
Mem:          3.8G       2.9G       991M       5.7M        56M       2.4G

MemTotal:        4016004 kB
MemFree:          972504 kB
Active:           426288 kB
Mem:          3.8G       2.9G       948M       5.7M        57M       2.4G

MemTotal:        4016004 kB
MemFree:          928128 kB
Active:           426324 kB
Mem:          3.8G       2.9G       905M       5.7M        57M       2.5G

MemTotal:        4016004 kB
MemFree:          883376 kB
Active:           426348 kB
Mem:          3.8G       3.0G       861M       5.7M        57M       2.5G

MemTotal:        4016004 kB
MemFree:          838516 kB
Active:           426372 kB
Mem:          3.8G       3.0G       818M       5.7M        57M       2.6G

MemTotal:        4016004 kB
MemFree:          804580 kB
Active:           426392 kB
Mem:          3.8G       3.1G       785M       5.7M        57M       2.6G

MemTotal:        4016004 kB
MemFree:          804176 kB
Active:           426372 kB
Mem:          3.8G       3.1G       785M       5.7M        57M       2.6G

MemTotal:        4016004 kB
MemFree:          770496 kB
Active:           426396 kB
Mem:          3.8G       3.1G       751M       5.7M        57M       2.6G

MemTotal:        4016004 kB
MemFree:          725496 kB
Active:           426456 kB
Mem:          3.8G       3.1G       707M       5.7M        57M       2.7G

MemTotal:        4016004 kB
MemFree:          681132 kB
Active:           426480 kB
Mem:          3.8G       3.2G       664M       5.7M        57M       2.7G

MemTotal:        4016004 kB
MemFree:          637536 kB
Active:           426496 kB
Mem:          3.8G       3.2G       621M       5.7M        57M       2.7G

MemTotal:        4016004 kB
MemFree:          636728 kB
Active:           426504 kB
Mem:          3.8G       3.2G       621M       5.7M        57M       2.7G

MemTotal:        4016004 kB
MemFree:          637016 kB
Active:           426536 kB
Mem:          3.8G       3.2G       621M       5.7M        57M       2.7G

MemTotal:        4016004 kB
MemFree:          592832 kB
Active:           426528 kB
Mem:          3.8G       3.3G       578M       5.7M        57M       2.8G

MemTotal:        4016004 kB
MemFree:          548720 kB
Active:           426568 kB
Mem:          3.8G       3.3G       534M       5.7M        57M       2.8G

MemTotal:        4016004 kB
MemFree:          504140 kB
Active:           426596 kB
Mem:          3.8G       3.3G       491M       5.7M        57M       2.9G

MemTotal:        4016004 kB
MemFree:          459280 kB
Active:           426584 kB
Mem:          3.8G       3.4G       447M       5.7M        57M       2.9G

MemTotal:        4016004 kB
MemFree:          414932 kB
Active:           426480 kB
Mem:          3.8G       3.4G       404M       5.7M        57M       3.0G

MemTotal:        4016004 kB
MemFree:          370692 kB
Active:           426448 kB
Mem:          3.8G       3.5G       360M       5.7M        57M       3.0G

MemTotal:        4016004 kB
MemFree:          325816 kB
Active:           426468 kB
Mem:          3.8G       3.5G       317M       5.7M        57M       3.0G

MemTotal:        4016004 kB
MemFree:          281108 kB
Active:           426508 kB
Mem:          3.8G       3.6G       274M       5.7M        57M       3.1G

MemTotal:        4016004 kB
MemFree:          239536 kB
Active:           426544 kB
Mem:          3.8G       3.6G       232M       5.7M        57M       3.1G

MemTotal:        4016004 kB
MemFree:          195836 kB
Active:           426572 kB
Mem:          3.8G       3.6G       190M       5.7M        57M       3.2G

MemTotal:        4016004 kB
MemFree:          150976 kB
Active:           426628 kB
Mem:          3.8G       3.7G       146M       5.7M        57M       3.2G

MemTotal:        4016004 kB
MemFree:          118448 kB
Active:           426624 kB
Mem:          3.8G       3.7G       115M       5.7M        57M       3.2G

MemTotal:        4016004 kB
MemFree:          112140 kB
Active:           426620 kB
Mem:          3.8G       3.7G       109M       5.7M        57M       3.2G

MemTotal:        4016004 kB
MemFree:          132464 kB
Active:           434216 kB
Mem:          3.8G       3.7G       129M       5.7M        22M       3.3G

MemTotal:        4016004 kB
MemFree:          132760 kB
Active:           434268 kB
Mem:          3.8G       3.7G       129M       5.7M        22M       3.3G

MemTotal:        4016004 kB
MemFree:          131960 kB
Active:           445372 kB
Mem:          3.8G       3.7G       127M       5.7M        22M       3.3G

MemTotal:        4016004 kB
MemFree:          141412 kB
Active:           486288 kB
Mem:          3.8G       3.7G       136M       5.7M        22M       3.2G

MemTotal:        4016004 kB
MemFree:          145288 kB
Active:           479440 kB
Mem:          3.8G       3.7G       141M       5.7M        22M       3.2G

MemTotal:        4016004 kB
MemFree:          125512 kB
Active:           477552 kB
Mem:          3.8G       3.7G       133M       5.7M        22M       3.3G

MemTotal:        4016004 kB
MemFree:          141688 kB
Active:           470880 kB
Mem:          3.8G       3.7G       137M       5.7M        22M       3.2G

MemTotal:        4016004 kB
MemFree:          133200 kB
Active:           467488 kB
Mem:          3.8G       3.7G       129M       5.7M        22M       3.3G

MemTotal:        4016004 kB
MemFree:          113388 kB
Active:           463584 kB
Mem:          3.8G       3.7G       110M       5.7M        22M       3.3G

MemTotal:        4016004 kB
MemFree:          124544 kB
Active:           457472 kB
Mem:          3.8G       3.7G       120M       5.7M        22M       3.3G

MemTotal:        4016004 kB
MemFree:          128432 kB
Active:           454040 kB
Mem:          3.8G       3.7G       125M       5.7M        22M       3.3G

MemTotal:        4016004 kB
MemFree:          120680 kB
Active:           450636 kB
Mem:          3.8G       3.7G       117M       5.7M        22M       3.3G

MemTotal:        4016004 kB
MemFree:          129928 kB
Active:           444532 kB
Mem:          3.8G       3.7G       125M       5.7M        22M       3.3G

MemTotal:        4016004 kB
MemFree:          121836 kB
Active:           439076 kB
Mem:          3.8G       3.7G       118M       5.7M        22M       3.3G

MemTotal:        4016004 kB
MemFree:          127904 kB
Active:           438076 kB
Mem:          3.8G       3.7G       124M       5.7M        22M       3.3G

MemTotal:        4016004 kB
MemFree:          129536 kB
Active:           434860 kB
Mem:          3.8G       3.7G       125M       5.7M        22M       3.3G

MemTotal:        4016004 kB
MemFree:          120392 kB
Active:           431844 kB
Mem:          3.8G       3.7G       116M       5.7M        22M       3.3G

MemTotal:        4016004 kB
MemFree:          110412 kB
Active:           431848 kB
Mem:          3.8G       3.7G       108M       5.7M        22M       3.3G

MemTotal:        4016004 kB
MemFree:          132684 kB
Active:           430712 kB
Mem:          3.8G       3.7G       128M       5.7M        22M       3.3G

MemTotal:        4016004 kB
MemFree:          135300 kB
Active:           429168 kB
Mem:          3.8G       3.7G       131M       5.7M        22M       3.3G

MemTotal:        4016004 kB
MemFree:          125780 kB
Active:           428056 kB
Mem:          3.8G       3.7G       122M       5.7M        22M       3.3G

MemTotal:        4016004 kB
MemFree:          111176 kB
Active:           426916 kB
Mem:          3.8G       3.7G       107M       5.7M        22M       3.3G

MemTotal:        4016004 kB
MemFree:          126936 kB
Active:           425292 kB
Mem:          3.8G       3.7G       122M       5.7M        22M       3.3G

MemTotal:        4016004 kB
MemFree:          135272 kB
Active:           423248 kB
Mem:          3.8G       3.7G       131M       5.7M        22M       3.3G

MemTotal:        4016004 kB
MemFree:          124296 kB
Active:           422756 kB
Mem:          3.8G       3.7G       121M       5.7M        22M       3.3G

MemTotal:        4016004 kB
MemFree:          143160 kB
Active:           420868 kB
Mem:          3.8G       3.7G       139M       5.7M        22M       3.2G

MemTotal:        4016004 kB
MemFree:          135784 kB
Active:           419756 kB
Mem:          3.8G       3.7G       132M       5.7M        22M       3.3G

MemTotal:        4016004 kB
MemFree:          135928 kB
Active:           419592 kB
Mem:          3.8G       3.7G       132M       5.7M        22M       3.3G

MemTotal:        4016004 kB
MemFree:          136252 kB
Active:           419628 kB
Mem:          3.8G       3.7G       133M       5.7M        22M       3.3G

MemTotal:        4016004 kB
MemFree:          136260 kB
Active:           419652 kB
Mem:          3.8G       3.7G       132M       5.7M        22M       3.3G

MemTotal:        4016004 kB
MemFree:          154516 kB
Active:           417964 kB
Mem:          3.8G       3.7G       149M       5.7M        22M       3.2G

MemTotal:        4016004 kB
MemFree:          109036 kB
Active:           417896 kB
Mem:          3.8G       3.7G       105M       5.7M        22M       3.3G

MemTotal:        4016004 kB
MemFree:          113032 kB
Active:           416648 kB
Mem:          3.8G       3.7G       109M       5.7M        22M       3.3G

MemTotal:        4016004 kB
MemFree:          105000 kB
Active:           415468 kB
Mem:          3.8G       3.7G       125M       5.7M        22M       3.3G

MemTotal:        4016004 kB
MemFree:          125844 kB
Active:           411364 kB
Mem:          3.8G       3.7G       121M       5.7M        22M       3.3G

MemTotal:        4016004 kB
MemFree:          109876 kB
Active:           410412 kB
Mem:          3.8G       3.7G       106M       5.7M        23M       3.3G

MemTotal:        4016004 kB
MemFree:          130968 kB
Active:           406276 kB
Mem:          3.8G       3.7G       126M       5.7M        23M       3.3G

MemTotal:        4016004 kB
MemFree:          122684 kB
Active:           405148 kB
Mem:          3.8G       3.7G       119M       5.7M        23M       3.3G

MemTotal:        4016004 kB
MemFree:          108240 kB
Active:           407140 kB
Mem:          3.8G       3.7G       104M       5.7M        23M       3.3G

MemTotal:        4016004 kB
MemFree:          117320 kB
Active:           405152 kB
Mem:          3.8G       3.7G       113M       5.7M        23M       3.3G

MemTotal:        4016004 kB
MemFree:          108624 kB
Active:           404032 kB
Mem:          3.8G       3.7G       105M       5.7M        23M       3.3G

MemTotal:        4016004 kB
MemFree:          124436 kB
Active:           402404 kB
Mem:          3.8G       3.7G       131M       5.7M        23M       3.2G

MemTotal:        4016004 kB
MemFree:          127692 kB
Active:           398780 kB
Mem:          3.8G       3.7G       124M       5.7M        23M       3.3G

MemTotal:        4016004 kB
MemFree:          119792 kB
Active:           397656 kB
Mem:          3.8G       3.7G       115M       5.7M        23M       3.3G

MemTotal:        4016004 kB
MemFree:          129120 kB
Active:           395628 kB
Mem:          3.8G       3.7G       124M       5.7M        23M       3.3G

MemTotal:        4016004 kB
MemFree:          133100 kB
Active:           394372 kB
Mem:          3.8G       3.7G       129M       5.7M        23M       3.3G

MemTotal:        4016004 kB
MemFree:          125440 kB
Active:           393240 kB
Mem:          3.8G       3.7G       121M       5.7M        23M       3.3G

MemTotal:        4016004 kB
MemFree:          116476 kB
Active:           388168 kB
Mem:          3.8G       3.7G       112M       5.7M        23M       3.3G

MemTotal:        4016004 kB
MemFree:          135212 kB
Active:           388668 kB
Mem:          3.8G       3.7G       131M       5.7M        23M       3.2G

MemTotal:        4016004 kB
MemFree:          134872 kB
Active:           387676 kB
Mem:          3.8G       3.7G       130M       5.7M        23M       3.2G

MemTotal:        4016004 kB
MemFree:          108980 kB
Active:           386680 kB
Mem:          3.8G       3.7G       105M       5.7M        23M       3.3G

MemTotal:        4016004 kB
MemFree:          124712 kB
Active:           385036 kB
Mem:          3.8G       3.7G       121M       5.7M        23M       3.3G

MemTotal:        4016004 kB
MemFree:          125572 kB
Active:           384404 kB
Mem:          3.8G       3.7G       121M       5.7M        23M       3.3G

MemTotal:        4016004 kB
MemFree:          131204 kB
Active:           383408 kB
Mem:          3.8G       3.7G       128M       5.7M        23M       3.2G

MemTotal:        4016004 kB
MemFree:          132108 kB
Active:           383380 kB
Mem:          3.8G       3.7G       129M       5.7M        23M       3.2G

MemTotal:        4016004 kB
MemFree:          132732 kB
Active:           383356 kB
Mem:          3.8G       3.7G       129M       5.7M        23M       3.2G

MemTotal:        4016004 kB
MemFree:          135012 kB
Active:           382400 kB
Mem:          3.8G       3.7G       131M       5.7M        23M       3.2G

MemTotal:        4016004 kB
MemFree:          121164 kB
Active:           379380 kB
Mem:          3.8G       3.7G       118M       5.7M        23M       3.3G

MemTotal:        4016004 kB
MemFree:          106684 kB
Active:           380280 kB
Mem:          3.8G       3.7G       103M       5.7M        23M       3.3G

MemTotal:        4016004 kB
MemFree:          127792 kB
Active:           378124 kB
Mem:          3.8G       3.7G       123M       5.7M        23M       3.3G

MemTotal:        4016004 kB
MemFree:          114908 kB
Active:           377128 kB
Mem:          3.8G       3.7G       110M       5.7M        23M       3.3G

MemTotal:        4016004 kB
MemFree:          106504 kB
Active:           375960 kB
Mem:          3.8G       3.7G       103M       5.7M        23M       3.3G

MemTotal:        4016004 kB
MemFree:          128712 kB
Active:           373844 kB
Mem:          3.8G       3.7G       124M       5.7M        23M       3.3G

MemTotal:        4016004 kB
MemFree:          119056 kB
Active:           373344 kB
Mem:          3.8G       3.7G       116M       5.7M        23M       3.3G

MemTotal:        4016004 kB
MemFree:          116124 kB
Active:           370260 kB
Mem:          3.8G       3.7G       112M       5.7M        23M       3.3G

MemTotal:        4016004 kB
MemFree:          119312 kB
Active:           369740 kB
Mem:          3.8G       3.7G       115M       5.7M        23M       3.3G

MemTotal:        4016004 kB
MemFree:          138672 kB
Active:           369764 kB
Mem:          3.8G       3.7G       134M       5.7M        23M       3.2G

MemTotal:        4016004 kB
MemFree:          140964 kB
Active:           367884 kB
Mem:          3.8G       3.7G       137M       5.7M        23M       3.2G

MemTotal:        4016004 kB
MemFree:          111460 kB
Active:           367664 kB
Mem:          3.8G       3.7G       108M       5.7M        23M       3.3G

MemTotal:        4016004 kB
MemFree:          121776 kB
Active:           369744 kB
Mem:          3.8G       3.7G       117M       5.7M        23M       3.3G

MemTotal:        4016004 kB
MemFree:          113584 kB
Active:           369752 kB
Mem:          3.8G       3.7G       109M       5.7M        23M       3.3G

MemTotal:        4016004 kB
MemFree:          105804 kB
Active:           369728 kB
Mem:          3.8G       3.7G       122M       5.7M        23M       3.3G

MemTotal:        4016004 kB
MemFree:          133764 kB
Active:           369804 kB
Mem:          3.8G       3.7G       129M       5.7M        23M       3.2G

MemTotal:        4016004 kB
MemFree:          125608 kB
Active:           369840 kB
Mem:          3.8G       3.7G       122M       5.7M        23M       3.3G

MemTotal:        4016004 kB
MemFree:          105192 kB
Active:           369864 kB
Mem:          3.8G       3.7G       124M       5.7M        23M       3.3G

MemTotal:        4016004 kB
MemFree:          115372 kB
Active:           369880 kB
Mem:          3.8G       3.7G       111M       5.7M        23M       3.3G

MemTotal:        4016004 kB
MemFree:          107464 kB
Active:           369900 kB
Mem:          3.8G       3.7G       104M       5.7M        23M       3.3G

MemTotal:        4016004 kB
MemFree:          124924 kB
Active:           369944 kB
Mem:          3.8G       3.7G       131M       5.7M        23M       3.2G

MemTotal:        4016004 kB
MemFree:          108036 kB
Active:           364732 kB
Mem:          3.8G       3.7G       103M       5.7M        23M       3.3G

MemTotal:        4016004 kB
MemFree:          129260 kB
Active:           366816 kB
Mem:          3.8G       3.7G       125M       5.7M        23M       3.3G

MemTotal:        4016004 kB
MemFree:          110352 kB
Active:           366776 kB
Mem:          3.8G       3.7G       107M       5.7M        23M       3.3G

MemTotal:        4016004 kB
MemFree:          147056 kB
Active:           366848 kB
Mem:          3.8G       3.7G       142M       5.7M        23M       3.2G

MemTotal:        4016004 kB
MemFree:          126724 kB
Active:           366860 kB
Mem:          3.8G       3.7G       122M       5.7M        23M       3.3G

MemTotal:        4016004 kB
MemFree:          132556 kB
Active:           366884 kB
Mem:          3.8G       3.7G       129M       5.7M        23M       3.2G

MemTotal:        4016004 kB
MemFree:          121680 kB
Active:           366852 kB
Mem:          3.8G       3.7G       118M       5.7M        23M       3.3G

MemTotal:        4016004 kB
MemFree:          113524 kB
Active:           366916 kB
Mem:          3.8G       3.7G       110M       5.7M        23M       3.3G

MemTotal:        4016004 kB
MemFree:          104996 kB
Active:           366940 kB
Mem:          3.8G       3.7G       111M       5.7M        24M       3.3G

MemTotal:        4016004 kB
MemFree:          108140 kB
Active:           366880 kB
Mem:          3.8G       3.7G       105M       5.7M        24M       3.3G

MemTotal:        4016004 kB
MemFree:          111204 kB
Active:           366904 kB
Mem:          3.8G       3.7G       107M       5.7M        24M       3.3G

MemTotal:        4016004 kB
MemFree:          126468 kB
Active:           368972 kB
Mem:          3.8G       3.7G       123M       5.7M        24M       3.3G

MemTotal:        4016004 kB
MemFree:          107356 kB
Active:           368960 kB
Mem:          3.8G       3.7G       104M       5.7M        24M       3.3G

MemTotal:        4016004 kB
MemFree:          123692 kB
Active:           369012 kB
Mem:          3.8G       3.7G       119M       5.7M        24M       3.3G

MemTotal:        4016004 kB
MemFree:          112236 kB
Active:           369016 kB
Mem:          3.8G       3.7G       108M       5.7M        24M       3.3G

MemTotal:        4016004 kB
MemFree:          125612 kB
Active:           369052 kB
Mem:          3.8G       3.7G       122M       5.7M        24M       3.3G

MemTotal:        4016004 kB
MemFree:          124996 kB
Active:           369032 kB
Mem:          3.8G       3.7G       121M       5.7M        24M       3.3G

MemTotal:        4016004 kB
MemFree:          124908 kB
Active:           369000 kB
Mem:          3.8G       3.7G       121M       5.7M        24M       3.3G

MemTotal:        4016004 kB
MemFree:          112648 kB
Active:           369076 kB
Mem:          3.8G       3.7G       109M       5.7M        24M       3.3G

MemTotal:        4016004 kB
MemFree:          117976 kB
Active:           369028 kB
Mem:          3.8G       3.7G       124M       5.7M        24M       3.2G

MemTotal:        4016004 kB
MemFree:          122644 kB
Active:           369032 kB
Mem:          3.8G       3.7G       117M       5.7M        24M       3.3G

MemTotal:        4016004 kB
MemFree:          113480 kB
Active:           369076 kB
Mem:          3.8G       3.7G       109M       5.7M        24M       3.3G

MemTotal:        4016004 kB
MemFree:          134464 kB
Active:           369100 kB
Mem:          3.8G       3.7G       129M       5.7M        24M       3.2G

MemTotal:        4016004 kB
MemFree:          126184 kB
Active:           369124 kB
Mem:          3.8G       3.7G       122M       5.7M        24M       3.3G

MemTotal:        4016004 kB
MemFree:          130428 kB
Active:           369148 kB
Mem:          3.8G       3.7G       126M       5.7M        24M       3.2G

MemTotal:        4016004 kB
MemFree:          107688 kB
Active:           369172 kB
Mem:          3.8G       3.7G       105M       5.7M        24M       3.3G

MemTotal:        4016004 kB
MemFree:          123592 kB
Active:           368512 kB
Mem:          3.8G       3.7G       124M       5.7M        24M       3.2G

MemTotal:        4016004 kB
MemFree:          127012 kB
Active:           368440 kB
Mem:          3.8G       3.7G       122M       5.7M        24M       3.2G

MemTotal:        4016004 kB
MemFree:          125304 kB
Active:           368464 kB
Mem:          3.8G       3.7G       121M       5.7M        24M       3.3G

MemTotal:        4016004 kB
MemFree:          122944 kB
Active:           368484 kB
Mem:          3.8G       3.7G       119M       5.7M        24M       3.3G

MemTotal:        4016004 kB
MemFree:          126536 kB
Active:           366468 kB
Mem:          3.8G       3.7G       122M       5.7M        24M       3.2G

MemTotal:        4016004 kB
MemFree:          114136 kB
Active:           368548 kB
Mem:          3.8G       3.7G       111M       5.7M        24M       3.3G

MemTotal:        4016004 kB
MemFree:          140408 kB
Active:           368564 kB
Mem:          3.8G       3.7G       136M       5.7M        24M       3.2G

MemTotal:        4016004 kB
MemFree:          132692 kB
Active:           368548 kB
Mem:          3.8G       3.7G       129M       5.7M        24M       3.2G

MemTotal:        4016004 kB
MemFree:          124432 kB
Active:           368576 kB
Mem:          3.8G       3.7G       134M       5.7M        24M       3.2G

MemTotal:        4016004 kB
MemFree:          131300 kB
Active:           366188 kB
Mem:          3.8G       3.7G       127M       5.7M        24M       3.2G

MemTotal:        4016004 kB
MemFree:          111844 kB
Active:           366260 kB
Mem:          3.8G       3.7G       108M       5.7M        24M       3.3G

MemTotal:        4016004 kB
MemFree:          127356 kB
Active:           366244 kB
Mem:          3.8G       3.7G       123M       5.7M        24M       3.2G

MemTotal:        4016004 kB
MemFree:          141892 kB
Active:           366292 kB
Mem:          3.8G       3.7G       144M       5.7M        24M       3.2G

MemTotal:        4016004 kB
MemFree:          122832 kB
Active:           366328 kB
Mem:          3.8G       3.7G       124M       5.7M        24M       3.2G

MemTotal:        4016004 kB
MemFree:          135064 kB
Active:           364304 kB
Mem:          3.8G       3.7G       132M       5.7M        24M       3.2G

MemTotal:        4016004 kB
MemFree:          136176 kB
Active:           366340 kB
Mem:          3.8G       3.7G       132M       5.7M        24M       3.2G

MemTotal:        4016004 kB
MemFree:          129432 kB
Active:           366016 kB
Mem:          3.8G       3.7G       125M       5.7M        24M       3.2G

MemTotal:        4016004 kB
MemFree:          123228 kB
Active:           366060 kB
Mem:          3.8G       3.7G       118M       5.7M        24M       3.3G

MemTotal:        4016004 kB
MemFree:          125848 kB
Active:           366104 kB
Mem:          3.8G       3.7G       121M       5.7M        24M       3.2G

MemTotal:        4016004 kB
MemFree:          121460 kB
Active:           366108 kB
Mem:          3.8G       3.7G       118M       5.7M        24M       3.3G

MemTotal:        4016004 kB
MemFree:          121288 kB
Active:           366104 kB
Mem:          3.8G       3.7G       118M       5.7M        24M       3.3G

MemTotal:        4016004 kB
MemFree:          135344 kB
Active:           366144 kB
Mem:          3.8G       3.7G       132M       5.7M        24M       3.2G

MemTotal:        4016004 kB
MemFree:          127704 kB
Active:           366156 kB
Mem:          3.8G       3.7G       124M       5.7M        24M       3.2G

MemTotal:        4016004 kB
MemFree:          131204 kB
Active:           366148 kB
Mem:          3.8G       3.7G       127M       5.7M        24M       3.2G

MemTotal:        4016004 kB
MemFree:          140408 kB
Active:           366180 kB
Mem:          3.8G       3.7G       136M       5.7M        24M       3.2G

MemTotal:        4016004 kB
MemFree:          145024 kB
Active:           366216 kB
Mem:          3.8G       3.7G       140M       5.7M        24M       3.2G

MemTotal:        4016004 kB
MemFree:          124584 kB
Active:           366240 kB
Mem:          3.8G       3.7G       120M       5.7M        24M       3.2G

MemTotal:        4016004 kB
MemFree:          133012 kB
Active:           363632 kB
Mem:          3.8G       3.7G       128M       5.7M        24M       3.2G

MemTotal:        4016004 kB
MemFree:          137460 kB
Active:           363620 kB
Mem:          3.8G       3.7G       134M       5.7M        24M       3.2G

MemTotal:        4016004 kB
MemFree:          134812 kB
Active:           363632 kB
Mem:          3.8G       3.7G       131M       5.7M        24M       3.2G

MemTotal:        4016004 kB
MemFree:          134472 kB
Active:           363620 kB
Mem:          3.8G       3.7G       131M       5.7M        24M       3.2G

MemTotal:        4016004 kB
MemFree:          134660 kB
Active:           363656 kB
Mem:          3.8G       3.7G       131M       5.7M        24M       3.2G

MemTotal:        4016004 kB
MemFree:          131880 kB
Active:           363636 kB
Mem:          3.8G       3.7G       127M       5.7M        24M       3.2G

MemTotal:        4016004 kB
MemFree:          135488 kB
Active:           363688 kB
Mem:          3.8G       3.7G       131M       5.7M        24M       3.2G

MemTotal:        4016004 kB
MemFree:          139296 kB
Active:           363208 kB
Mem:          3.8G       3.7G       135M       5.7M        24M       3.2G

MemTotal:        4016004 kB
MemFree:          132380 kB
Active:           364732 kB
Mem:          3.8G       3.7G       128M       5.7M        24M       3.2G

MemTotal:        4016004 kB
MemFree:          124340 kB
Active:           364660 kB
Mem:          3.8G       3.7G       120M       5.7M        25M       3.2G

MemTotal:        4016004 kB
MemFree:          134164 kB
Active:           364640 kB
Mem:          3.8G       3.7G       130M       5.7M        25M       3.2G

MemTotal:        4016004 kB
MemFree:          126256 kB
Active:           364672 kB
Mem:          3.8G       3.7G       122M       5.7M        25M       3.2G

MemTotal:        4016004 kB
MemFree:          112056 kB
Active:           363964 kB
Mem:          3.8G       3.7G       108M       5.7M        25M       3.3G

MemTotal:        4016004 kB
MemFree:          124072 kB
Active:           363984 kB
Mem:          3.8G       3.7G       124M       5.7M        25M       3.2G

MemTotal:        4016004 kB
MemFree:          117072 kB
Active:           363908 kB
Mem:          3.8G       3.7G       113M       5.7M        25M       3.3G

MemTotal:        4016004 kB
MemFree:          121100 kB
Active:           363900 kB
Mem:          3.8G       3.7G       117M       5.7M        25M       3.3G

MemTotal:        4016004 kB
MemFree:          113212 kB
Active:           363972 kB
Mem:          3.8G       3.7G       109M       5.7M        25M       3.3G

MemTotal:        4016004 kB
MemFree:          109264 kB
Active:           363972 kB
Mem:          3.8G       3.7G       106M       5.7M        25M       3.3G

MemTotal:        4016004 kB
MemFree:          136172 kB
Active:           363960 kB
Mem:          3.8G       3.7G       132M       5.7M        25M       3.2G

MemTotal:        4016004 kB
MemFree:          113980 kB
Active:           363996 kB
Mem:          3.8G       3.7G       111M       5.7M        25M       3.3G

MemTotal:        4016004 kB
MemFree:          132316 kB
Active:           364000 kB
Mem:          3.8G       3.7G       128M       5.7M        25M       3.2G

MemTotal:        4016004 kB
MemFree:          123760 kB
Active:           364064 kB
Mem:          3.8G       3.7G       120M       5.7M        25M       3.2G

MemTotal:        4016004 kB
MemFree:          136840 kB
Active:           359316 kB
Mem:          3.8G       3.7G       133M       5.7M        25M       3.2G

MemTotal:        4016004 kB
MemFree:          119824 kB
Active:           359324 kB
Mem:          3.8G       3.7G       116M       5.7M        25M       3.3G

MemTotal:        4016004 kB
MemFree:          112288 kB
Active:           359364 kB
Mem:          3.8G       3.7G       108M       5.7M        25M       3.3G

MemTotal:        4016004 kB
MemFree:          127776 kB
Active:           359416 kB
Mem:          3.8G       3.7G       123M       5.7M        25M       3.2G

MemTotal:        4016004 kB
MemFree:          114064 kB
Active:           359444 kB
Mem:          3.8G       3.7G       110M       5.7M        25M       3.3G

MemTotal:        4016004 kB
MemFree:          116880 kB
Active:           359404 kB
Mem:          3.8G       3.7G       112M       5.7M        25M       3.3G

MemTotal:        4016004 kB
MemFree:          108600 kB
Active:           360744 kB
Mem:          3.8G       3.7G       104M       5.7M        25M       3.3G

MemTotal:        4016004 kB
MemFree:          124984 kB
Active:           360760 kB
Mem:          3.8G       3.7G       121M       5.7M        25M       3.2G

MemTotal:        4016004 kB
MemFree:          105488 kB
Active:           360560 kB
Mem:          3.8G       3.7G       102M       5.7M        25M       3.3G

MemTotal:        4016004 kB
MemFree:          126580 kB
Active:           360556 kB
Mem:          3.8G       3.7G       123M       5.7M        25M       3.2G

MemTotal:        4016004 kB
MemFree:          126052 kB
Active:           360564 kB
Mem:          3.8G       3.7G       122M       5.7M        25M       3.2G

MemTotal:        4016004 kB
MemFree:          125296 kB
Active:           360600 kB
Mem:          3.8G       3.7G       122M       5.7M        25M       3.2G

MemTotal:        4016004 kB
MemFree:          117876 kB
Active:           360596 kB
Mem:          3.8G       3.7G       114M       5.7M        25M       3.3G

MemTotal:        4016004 kB
MemFree:          111672 kB
Active:           358396 kB
Mem:          3.8G       3.7G       107M       5.7M        25M       3.3G

MemTotal:        4016004 kB
MemFree:          127496 kB
Active:           358416 kB
Mem:          3.8G       3.7G       123M       5.7M        25M       3.2G

MemTotal:        4016004 kB
MemFree:          131736 kB
Active:           357048 kB
Mem:          3.8G       3.7G       127M       5.7M        25M       3.2G

MemTotal:        4016004 kB
MemFree:          123704 kB
Active:           358868 kB
Mem:          3.8G       3.7G       120M       5.7M        25M       3.2G

MemTotal:        4016004 kB
MemFree:          133412 kB
Active:           358888 kB
Mem:          3.8G       3.7G       128M       5.7M        25M       3.2G

MemTotal:        4016004 kB
MemFree:          136168 kB
Active:           358784 kB
Mem:          3.8G       3.7G       131M       5.7M        25M       3.2G

MemTotal:        4016004 kB
MemFree:          139792 kB
Active:           358804 kB
Mem:          3.8G       3.7G       136M       5.7M        25M       3.2G

MemTotal:        4016004 kB
MemFree:          132736 kB
Active:           358828 kB
Mem:          3.8G       3.7G       128M       5.7M        25M       3.2G

MemTotal:        4016004 kB
MemFree:          126816 kB
Active:           358852 kB
Mem:          3.8G       3.7G       123M       5.7M        25M       3.2G

MemTotal:        4016004 kB
MemFree:          126596 kB
Active:           358876 kB
Mem:          3.8G       3.7G       132M       5.7M        25M       3.2G

MemTotal:        4016004 kB
MemFree:          106300 kB
Active:           358772 kB
Mem:          3.8G       3.7G       103M       5.7M        25M       3.3G

MemTotal:        4016004 kB
MemFree:          124796 kB
Active:           358800 kB
Mem:          3.8G       3.7G       131M       5.7M        25M       3.2G

MemTotal:        4016004 kB
MemFree:          131720 kB
Active:           353556 kB
Mem:          3.8G       3.7G       127M       5.7M        25M       3.2G

MemTotal:        4016004 kB
MemFree:          129460 kB
Active:           355476 kB
Mem:          3.8G       3.7G       126M       5.7M        25M       3.2G

MemTotal:        4016004 kB
MemFree:          125468 kB
Active:           355500 kB
Mem:          3.8G       3.7G       121M       5.7M        25M       3.2G

MemTotal:        4016004 kB
MemFree:          131076 kB
Active:           355504 kB
Mem:          3.8G       3.7G       127M       5.7M        25M       3.2G

MemTotal:        4016004 kB
MemFree:          122920 kB
Active:           355540 kB
Mem:          3.8G       3.7G       118M       5.7M        25M       3.2G

MemTotal:        4016004 kB
MemFree:          114144 kB
Active:           355552 kB
Mem:          3.8G       3.7G       110M       5.7M        25M       3.3G

MemTotal:        4016004 kB
MemFree:          131036 kB
Active:           355568 kB
Mem:          3.8G       3.7G       127M       5.7M        25M       3.2G

MemTotal:        4016004 kB
MemFree:          140364 kB
Active:           355584 kB
Mem:          3.8G       3.7G       136M       5.7M        25M       3.2G

MemTotal:        4016004 kB
MemFree:          132440 kB
Active:           355640 kB
Mem:          3.8G       3.7G       128M       5.7M        25M       3.2G

MemTotal:        4016004 kB
MemFree:          126144 kB
Active:           355652 kB
Mem:          3.8G       3.7G       121M       5.7M        25M       3.2G

MemTotal:        4016004 kB
MemFree:          130256 kB
Active:           355668 kB
Mem:          3.8G       3.7G       126M       5.7M        25M       3.2G

MemTotal:        4016004 kB
MemFree:          130256 kB
Active:           357684 kB
Mem:          3.8G       3.7G       126M       5.7M        25M       3.2G

MemTotal:        4016004 kB
MemFree:          129776 kB
Active:           357740 kB
Mem:          3.8G       3.7G       126M       5.7M        25M       3.2G

MemTotal:        4016004 kB
MemFree:          112016 kB
Active:           357744 kB
Mem:          3.8G       3.7G       108M       5.7M        25M       3.3G

MemTotal:        4016004 kB
MemFree:          126920 kB
Active:           356868 kB
Mem:          3.8G       3.7G       123M       5.7M        25M       3.2G

MemTotal:        4016004 kB
MemFree:          125628 kB
Active:           356764 kB
Mem:          3.8G       3.7G       122M       5.7M        25M       3.2G

MemTotal:        4016004 kB
MemFree:          108012 kB
Active:           356748 kB
Mem:          3.8G       3.7G       105M       5.7M        26M       3.3G

MemTotal:        4016004 kB
MemFree:          133436 kB
Active:           354144 kB
Mem:          3.8G       3.7G       129M       5.7M        26M       3.2G

MemTotal:        4016004 kB
MemFree:          125884 kB
Active:           354184 kB
Mem:          3.8G       3.7G       121M       5.7M        26M       3.2G

MemTotal:        4016004 kB
MemFree:          134964 kB
Active:           354204 kB
Mem:          3.8G       3.7G       130M       5.7M        26M       3.2G

MemTotal:        4016004 kB
MemFree:          126668 kB
Active:           354196 kB
Mem:          3.8G       3.7G       123M       5.7M        26M       3.2G

MemTotal:        4016004 kB
MemFree:          119256 kB
Active:           354228 kB
Mem:          3.8G       3.7G       116M       5.7M        26M       3.2G

MemTotal:        4016004 kB
MemFree:          136784 kB
Active:           354264 kB
Mem:          3.8G       3.7G       132M       5.7M        26M       3.2G

MemTotal:        4016004 kB
MemFree:          128444 kB
Active:           354296 kB
Mem:          3.8G       3.7G       124M       5.7M        26M       3.2G

MemTotal:        4016004 kB
MemFree:          115872 kB
Active:           354324 kB
Mem:          3.8G       3.7G       113M       5.7M        26M       3.2G

MemTotal:        4016004 kB
MemFree:          122196 kB
Active:           354316 kB
Mem:          3.8G       3.7G       118M       5.7M        26M       3.2G

MemTotal:        4016004 kB
MemFree:          131776 kB
Active:           354328 kB
Mem:          3.8G       3.7G       128M       5.7M        26M       3.2G

MemTotal:        4016004 kB
MemFree:          128144 kB
Active:           354376 kB
Mem:          3.8G       3.7G       125M       5.7M        26M       3.2G

MemTotal:        4016004 kB
MemFree:          124684 kB
Active:           354392 kB
Mem:          3.8G       3.7G       121M       5.7M        26M       3.2G

MemTotal:        4016004 kB
MemFree:          141064 kB
Active:           354408 kB
Mem:          3.8G       3.7G       137M       5.7M        26M       3.2G

MemTotal:        4016004 kB
MemFree:          135268 kB
Active:           354440 kB
Mem:          3.8G       3.7G       131M       5.7M        26M       3.2G

MemTotal:        4016004 kB
MemFree:          124712 kB
Active:           350944 kB
Mem:          3.8G       3.7G       120M       5.7M        26M       3.2G

MemTotal:        4016004 kB
MemFree:          116928 kB
Active:           350936 kB
Mem:          3.8G       3.7G       113M       5.7M        26M       3.2G

MemTotal:        4016004 kB
MemFree:          118676 kB
Active:           350960 kB
Mem:          3.8G       3.7G       115M       5.7M        26M       3.2G

MemTotal:        4016004 kB
MemFree:          110612 kB
Active:           350984 kB
Mem:          3.8G       3.7G       107M       5.7M        26M       3.3G

MemTotal:        4016004 kB
MemFree:          126944 kB
Active:           351008 kB
Mem:          3.8G       3.7G       123M       5.7M        26M       3.2G

MemTotal:        4016004 kB
MemFree:          120412 kB
Active:           350980 kB
Mem:          3.8G       3.7G       117M       5.7M        26M       3.2G

MemTotal:        4016004 kB
MemFree:          116696 kB
Active:           350992 kB
Mem:          3.8G       3.7G       113M       5.7M        26M       3.2G

MemTotal:        4016004 kB
MemFree:          116272 kB
Active:           350972 kB
Mem:          3.8G       3.7G       112M       5.7M        26M       3.2G

MemTotal:        4016004 kB
MemFree:          108212 kB
Active:           351052 kB
Mem:          3.8G       3.7G       104M       5.7M        26M       3.3G

MemTotal:        4016004 kB
MemFree:          117896 kB
Active:           351072 kB
Mem:          3.8G       3.7G       114M       5.7M        26M       3.2G

MemTotal:        4016004 kB
MemFree:          109740 kB
Active:           351104 kB
Mem:          3.8G       3.7G       105M       5.7M        26M       3.3G

MemTotal:        4016004 kB
MemFree:          125500 kB
Active:           351124 kB
Mem:          3.8G       3.7G       121M       5.7M        26M       3.2G

MemTotal:        4016004 kB
MemFree:          105456 kB
Active:           351144 kB
Mem:          3.8G       3.7G       102M       5.7M        26M       3.3G

MemTotal:        4016004 kB
MemFree:          115016 kB
Active:           351168 kB
Mem:          3.8G       3.7G       110M       5.7M        26M       3.2G

MemTotal:        4016004 kB
MemFree:          119260 kB
Active:           351188 kB
Mem:          3.8G       3.7G       115M       5.7M        26M       3.2G

MemTotal:        4016004 kB
MemFree:          127752 kB
Active:           351216 kB
Mem:          3.8G       3.7G       123M       5.7M        26M       3.2G

MemTotal:        4016004 kB
MemFree:          119380 kB
Active:           351244 kB
Mem:          3.8G       3.7G       116M       5.7M        26M       3.2G

MemTotal:        4016004 kB
MemFree:          124180 kB
Active:           351264 kB
Mem:          3.8G       3.7G       119M       5.7M        26M       3.2G

MemTotal:        4016004 kB
MemFree:          133588 kB
Active:           351288 kB
Mem:          3.8G       3.7G       128M       5.7M        26M       3.2G

MemTotal:        4016004 kB
MemFree:          139788 kB
Active:           351176 kB
Mem:          3.8G       3.7G       136M       5.7M        26M       3.2G

MemTotal:        4016004 kB
MemFree:          124940 kB
Active:           351196 kB
Mem:          3.8G       3.7G       120M       5.7M        26M       3.2G

MemTotal:        4016004 kB
MemFree:          120376 kB
Active:           350916 kB
Mem:          3.8G       3.7G       117M       5.7M        26M       3.2G

MemTotal:        4016004 kB
MemFree:          120472 kB
Active:           350924 kB
Mem:          3.8G       3.7G       117M       5.7M        26M       3.2G

MemTotal:        4016004 kB
MemFree:          120788 kB
Active:           350928 kB
Mem:          3.8G       3.7G       117M       5.7M        26M       3.2G

MemTotal:        4016004 kB
MemFree:          120792 kB
Active:           350920 kB
Mem:          3.8G       3.7G       117M       5.7M        26M       3.2G

MemTotal:        4016004 kB
MemFree:          120668 kB
Active:           350884 kB
Mem:          3.8G       3.7G       117M       5.7M        26M       3.2G

MemTotal:        4016004 kB
MemFree:          120668 kB
Active:           350920 kB
Mem:          3.8G       3.7G       117M       5.7M        26M       3.2G

MemTotal:        4016004 kB
MemFree:          120916 kB
Active:           350888 kB
Mem:          3.8G       3.7G       118M       5.7M        26M       3.2G

MemTotal:        4016004 kB
MemFree:          120544 kB
Active:           350884 kB
Mem:          3.8G       3.7G       117M       5.7M        26M       3.2G

MemTotal:        4016004 kB
MemFree:          120668 kB
Active:           350884 kB
Mem:          3.8G       3.7G       117M       5.7M        26M       3.2G

MemTotal:        4016004 kB
MemFree:          120544 kB
Active:           350928 kB
Mem:          3.8G       3.7G       117M       5.7M        26M       3.2G

MemTotal:        4016004 kB
MemFree:          120420 kB
Active:           350904 kB
Mem:          3.8G       3.7G       117M       5.7M        26M       3.2G

MemTotal:        4016004 kB
MemFree:          120172 kB
Active:           350940 kB
Mem:          3.8G       3.7G       117M       5.7M        26M       3.2G

MemTotal:        4016004 kB
MemFree:          120172 kB
Active:           350916 kB
Mem:          3.8G       3.7G       117M       5.7M        26M       3.2G

MemTotal:        4016004 kB
MemFree:          120296 kB
Active:           350936 kB
Mem:          3.8G       3.7G       117M       5.7M        26M       3.2G

MemTotal:        4016004 kB
MemFree:          120668 kB
Active:           350944 kB
Mem:          3.8G       3.7G       117M       5.7M        26M       3.2G

MemTotal:        4016004 kB
MemFree:          120668 kB
Active:           350908 kB
Mem:          3.8G       3.7G       117M       5.7M        26M       3.2G

MemTotal:        4016004 kB
MemFree:          120544 kB
Active:           350944 kB
Mem:          3.8G       3.7G       117M       5.7M        26M       3.2G

MemTotal:        4016004 kB
MemFree:          118372 kB
Active:           350904 kB
Mem:          3.8G       3.7G       115M       5.7M        26M       3.2G

MemTotal:        4016004 kB
MemFree:          118248 kB
Active:           352956 kB
Mem:          3.8G       3.7G       115M       5.7M        26M       3.2G

MemTotal:        4016004 kB
MemFree:          118372 kB
Active:           352944 kB
Mem:          3.8G       3.7G       115M       5.7M        26M       3.2G

MemTotal:        4016004 kB
MemFree:          118124 kB
Active:           352980 kB
Mem:          3.8G       3.7G       115M       5.7M        26M       3.2G

MemTotal:        4016004 kB
MemFree:          118248 kB
Active:           352972 kB
Mem:          3.8G       3.7G       115M       5.7M        26M       3.2G

MemTotal:        4016004 kB
MemFree:          118248 kB
Active:           352980 kB
Mem:          3.8G       3.7G       115M       5.7M        26M       3.2G

MemTotal:        4016004 kB
MemFree:          118372 kB
Active:           352956 kB
Mem:          3.8G       3.7G       115M       5.7M        26M       3.2G

MemTotal:        4016004 kB
MemFree:          118248 kB
Active:           352984 kB
Mem:          3.8G       3.7G       115M       5.7M        26M       3.2G

MemTotal:        4016004 kB
MemFree:          118248 kB
Active:           352960 kB
Mem:          3.8G       3.7G       115M       5.7M        26M       3.2G

MemTotal:        4016004 kB
MemFree:          118248 kB
Active:           352972 kB
Mem:          3.8G       3.7G       115M       5.7M        26M       3.2G

MemTotal:        4016004 kB
MemFree:          118060 kB
Active:           352152 kB
Mem:          3.8G       3.7G       115M       5.7M        26M       3.2G

MemTotal:        4016004 kB
MemFree:          118432 kB
Active:           354228 kB
Mem:          3.8G       3.7G       115M       5.7M        26M       3.2G

MemTotal:        4016004 kB
MemFree:          118432 kB
Active:           354196 kB
Mem:          3.8G       3.7G       115M       5.7M        26M       3.2G

MemTotal:        4016004 kB
MemFree:          118468 kB
Active:           354224 kB
Mem:          3.8G       3.7G       115M       5.7M        26M       3.2G

MemTotal:        4016004 kB
MemFree:          118840 kB
Active:           354196 kB
Mem:          3.8G       3.7G       115M       5.7M        26M       3.2G

MemTotal:        4016004 kB
MemFree:          118716 kB
Active:           354236 kB
Mem:          3.8G       3.7G       115M       5.7M        26M       3.2G

MemTotal:        4016004 kB
MemFree:          118716 kB
Active:           354208 kB
Mem:          3.8G       3.7G       115M       5.7M        26M       3.2G

MemTotal:        4016004 kB
MemFree:          118592 kB
Active:           354256 kB
Mem:          3.8G       3.7G       115M       5.7M        26M       3.2G

MemTotal:        4016004 kB
MemFree:          118592 kB
Active:           354240 kB
Mem:          3.8G       3.7G       115M       5.7M        26M       3.2G

MemTotal:        4016004 kB
MemFree:          118592 kB
Active:           354244 kB
Mem:          3.8G       3.7G       115M       5.7M        26M       3.2G

MemTotal:        4016004 kB
MemFree:          118592 kB
Active:           354260 kB
Mem:          3.8G       3.7G       115M       5.7M        26M       3.2G

MemTotal:        4016004 kB
MemFree:          118592 kB
Active:           354272 kB
Mem:          3.8G       3.7G       115M       5.7M        26M       3.2G

MemTotal:        4016004 kB
MemFree:          118716 kB
Active:           354220 kB
Mem:          3.8G       3.7G       115M       5.7M        26M       3.2G

MemTotal:        4016004 kB
MemFree:          118964 kB
Active:           354280 kB
Mem:          3.8G       3.7G       116M       5.7M        26M       3.2G

MemTotal:        4016004 kB
MemFree:          118964 kB
Active:           354256 kB
Mem:          3.8G       3.7G       116M       5.7M        26M       3.2G

MemTotal:        4016004 kB
MemFree:          118840 kB
Active:           354256 kB
Mem:          3.8G       3.7G       116M       5.7M        26M       3.2G

MemTotal:        4016004 kB
MemFree:          119336 kB
Active:           354272 kB
Mem:          3.8G       3.7G       116M       5.7M        26M       3.2G

MemTotal:        4016004 kB
MemFree:          119336 kB
Active:           354240 kB
Mem:          3.8G       3.7G       116M       5.7M        26M       3.2G

MemTotal:        4016004 kB
MemFree:          118964 kB
Active:           354284 kB
Mem:          3.8G       3.7G       115M       5.7M        26M       3.2G

MemTotal:        4016004 kB
MemFree:          118964 kB
Active:           354288 kB
Mem:          3.8G       3.7G       116M       5.7M        26M       3.2G

MemTotal:        4016004 kB
MemFree:          118964 kB
Active:           354260 kB
Mem:          3.8G       3.7G       116M       5.7M        26M       3.2G

MemTotal:        4016004 kB
MemFree:          118716 kB
Active:           354272 kB
Mem:          3.8G       3.7G       115M       5.7M        26M       3.2G

MemTotal:        4016004 kB
MemFree:          118840 kB
Active:           354248 kB
Mem:          3.8G       3.7G       116M       5.7M        26M       3.2G

MemTotal:        4016004 kB
MemFree:          118716 kB
Active:           354248 kB
Mem:          3.8G       3.7G       115M       5.7M        26M       3.2G

MemTotal:        4016004 kB
MemFree:          118840 kB
Active:           354260 kB
Mem:          3.8G       3.7G       115M       5.7M        26M       3.2G

MemTotal:        4016004 kB
MemFree:          118468 kB
Active:           354268 kB
Mem:          3.8G       3.7G       115M       5.7M        26M       3.2G

MemTotal:        4016004 kB
MemFree:          118592 kB
Active:           354248 kB
Mem:          3.8G       3.7G       115M       5.7M        26M       3.2G

MemTotal:        4016004 kB
MemFree:          118592 kB
Active:           354256 kB
Mem:          3.8G       3.7G       115M       5.7M        26M       3.2G

MemTotal:        4016004 kB
MemFree:          118592 kB
Active:           354284 kB
Mem:          3.8G       3.7G       115M       5.7M        26M       3.2G

MemTotal:        4016004 kB
MemFree:          118592 kB
Active:           354300 kB
Mem:          3.8G       3.7G       115M       5.7M        26M       3.2G

MemTotal:        4016004 kB
MemFree:          118468 kB
Active:           354320 kB
Mem:          3.8G       3.7G       115M       5.7M        26M       3.2G

MemTotal:        4016004 kB
MemFree:          118840 kB
Active:           354280 kB
Mem:          3.8G       3.7G       115M       5.7M        26M       3.2G

MemTotal:        4016004 kB
MemFree:          118840 kB
Active:           354352 kB
Mem:          3.8G       3.7G       115M       5.7M        26M       3.2G

MemTotal:        4016004 kB
MemFree:          114648 kB
Active:           356468 kB
Mem:          3.8G       3.7G       112M       5.7M        28M       3.2G

MemTotal:        4016004 kB
MemFree:          115268 kB
Active:           356872 kB
Mem:          3.8G       3.7G       112M       5.7M        28M       3.2G

MemTotal:        4016004 kB
MemFree:          115500 kB
Active:           356612 kB
Mem:          3.8G       3.7G       112M       5.7M        28M       3.2G

MemTotal:        4016004 kB
MemFree:          115376 kB
Active:           356648 kB
Mem:          3.8G       3.7G       112M       5.7M        28M       3.2G

MemTotal:        4016004 kB
MemFree:          115748 kB
Active:           356664 kB
Mem:          3.8G       3.7G       113M       5.7M        28M       3.2G

MemTotal:        4016004 kB
MemFree:          115624 kB
Active:           356636 kB
Mem:          3.8G       3.7G       112M       5.7M        28M       3.2G

MemTotal:        4016004 kB
MemFree:          115376 kB
Active:           356664 kB
Mem:          3.8G       3.7G       112M       5.7M        28M       3.2G

MemTotal:        4016004 kB
MemFree:          115376 kB
Active:           356636 kB
Mem:          3.8G       3.7G       112M       5.7M        28M       3.2G

MemTotal:        4016004 kB
MemFree:          115376 kB
Active:           356672 kB
Mem:          3.8G       3.7G       112M       5.7M        28M       3.2G

MemTotal:        4016004 kB
MemFree:          115376 kB
Active:           356628 kB
Mem:          3.8G       3.7G       112M       5.7M        28M       3.2G

MemTotal:        4016004 kB
MemFree:          115376 kB
Active:           356664 kB
Mem:          3.8G       3.7G       112M       5.7M        28M       3.2G

MemTotal:        4016004 kB
MemFree:          115128 kB
Active:           356676 kB
Mem:          3.8G       3.7G       112M       5.7M        28M       3.2G

MemTotal:        4016004 kB
MemFree:          115252 kB
Active:           356628 kB
Mem:          3.8G       3.7G       112M       5.7M        28M       3.2G

MemTotal:        4016004 kB
MemFree:          115128 kB
Active:           356624 kB
Mem:          3.8G       3.7G       112M       5.7M        28M       3.2G

MemTotal:        4016004 kB
MemFree:          115252 kB
Active:           356652 kB
Mem:          3.8G       3.7G       112M       5.7M        28M       3.2G

MemTotal:        4016004 kB
MemFree:          115128 kB
Active:           356656 kB
Mem:          3.8G       3.7G       112M       5.7M        28M       3.2G

MemTotal:        4016004 kB
MemFree:          115128 kB
Active:           356628 kB
Mem:          3.8G       3.7G       112M       5.7M        28M       3.2G

MemTotal:        4016004 kB
MemFree:          115128 kB
Active:           356660 kB
Mem:          3.8G       3.7G       112M       5.7M        28M       3.2G

MemTotal:        4016004 kB
MemFree:          115268 kB
Active:           356620 kB
Mem:          3.8G       3.7G       112M       5.7M        28M       3.2G

MemTotal:        4016004 kB
MemFree:          115268 kB
Active:           356644 kB
Mem:          3.8G       3.7G       112M       5.7M        28M       3.2G

MemTotal:        4016004 kB
MemFree:          115516 kB
Active:           356672 kB
Mem:          3.8G       3.7G       112M       5.7M        28M       3.2G

MemTotal:        4016004 kB
MemFree:          115392 kB
Active:           356652 kB
Mem:          3.8G       3.7G       112M       5.7M        28M       3.2G

MemTotal:        4016004 kB
MemFree:          115392 kB
Active:           356668 kB
Mem:          3.8G       3.7G       112M       5.7M        28M       3.2G

MemTotal:        4016004 kB
MemFree:          115392 kB
Active:           356636 kB
Mem:          3.8G       3.7G       112M       5.7M        28M       3.2G

MemTotal:        4016004 kB
MemFree:          115516 kB
Active:           356672 kB
Mem:          3.8G       3.7G       112M       5.7M        28M       3.2G

MemTotal:        4016004 kB
MemFree:          115392 kB
Active:           356660 kB
Mem:          3.8G       3.7G       112M       5.7M        28M       3.2G

MemTotal:        4016004 kB
MemFree:          115268 kB
Active:           356632 kB
Mem:          3.8G       3.7G       112M       5.7M        28M       3.2G

MemTotal:        4016004 kB
MemFree:          115268 kB
Active:           356652 kB
Mem:          3.8G       3.7G       112M       5.7M        28M       3.2G

MemTotal:        4016004 kB
MemFree:          115392 kB
Active:           356684 kB
Mem:          3.8G       3.7G       112M       5.7M        28M       3.2G

MemTotal:        4016004 kB
MemFree:          115516 kB
Active:           356640 kB
Mem:          3.8G       3.7G       112M       5.7M        28M       3.2G

MemTotal:        4016004 kB
MemFree:          115392 kB
Active:           356672 kB
Mem:          3.8G       3.7G       112M       5.7M        28M       3.2G

MemTotal:        4016004 kB
MemFree:          115268 kB
Active:           356688 kB
Mem:          3.8G       3.7G       112M       5.7M        28M       3.2G

MemTotal:        4016004 kB
MemFree:          115392 kB
Active:           356668 kB
Mem:          3.8G       3.7G       112M       5.7M        28M       3.2G

MemTotal:        4016004 kB
MemFree:          115516 kB
Active:           356688 kB
Mem:          3.8G       3.7G       112M       5.7M        28M       3.2G

MemTotal:        4016004 kB
MemFree:          115392 kB
Active:           356708 kB
Mem:          3.8G       3.7G       112M       5.7M        28M       3.2G

MemTotal:        4016004 kB
MemFree:          115392 kB
Active:           356708 kB
Mem:          3.8G       3.7G       112M       5.7M        28M       3.2G

MemTotal:        4016004 kB
MemFree:          115268 kB
Active:           356656 kB
Mem:          3.8G       3.7G       112M       5.7M        28M       3.2G

MemTotal:        4016004 kB
MemFree:          115392 kB
Active:           356688 kB
Mem:          3.8G       3.7G       112M       5.7M        28M       3.2G

MemTotal:        4016004 kB
MemFree:          115392 kB
Active:           356696 kB
Mem:          3.8G       3.7G       112M       5.7M        28M       3.2G

MemTotal:        4016004 kB
MemFree:          115392 kB
Active:           356684 kB
Mem:          3.8G       3.7G       112M       5.7M        28M       3.2G

MemTotal:        4016004 kB
MemFree:          115640 kB
Active:           356664 kB
Mem:          3.8G       3.7G       112M       5.7M        28M       3.2G

MemTotal:        4016004 kB
MemFree:          115516 kB
Active:           356712 kB
Mem:          3.8G       3.7G       112M       5.7M        28M       3.2G

MemTotal:        4016004 kB
MemFree:          115516 kB
Active:           356680 kB
Mem:          3.8G       3.7G       112M       5.7M        28M       3.2G

MemTotal:        4016004 kB
MemFree:          115392 kB
Active:           356696 kB
Mem:          3.8G       3.7G       112M       5.7M        28M       3.2G

MemTotal:        4016004 kB
MemFree:          115516 kB
Active:           356668 kB
Mem:          3.8G       3.7G       112M       5.7M        28M       3.2G

MemTotal:        4016004 kB
MemFree:          115268 kB
Active:           356660 kB
Mem:          3.8G       3.7G       112M       5.7M        28M       3.2G

MemTotal:        4016004 kB
MemFree:          114524 kB
Active:           356736 kB
Mem:          3.8G       3.7G       112M       5.7M        28M       3.2G

MemTotal:        4016004 kB
MemFree:          115020 kB
Active:           356744 kB
Mem:          3.8G       3.7G       112M       5.7M        28M       3.2G

MemTotal:        4016004 kB
MemFree:          115268 kB
Active:           356700 kB
Mem:          3.8G       3.7G       112M       5.7M        28M       3.2G

MemTotal:        4016004 kB
MemFree:          115392 kB
Active:           356712 kB
Mem:          3.8G       3.7G       112M       5.7M        28M       3.2G

MemTotal:        4016004 kB
MemFree:          115424 kB
Active:           356708 kB
Mem:          3.8G       3.7G       112M       5.7M        28M       3.2G

MemTotal:        4016004 kB
MemFree:          115424 kB
Active:           356716 kB
Mem:          3.8G       3.7G       112M       5.7M        28M       3.2G

MemTotal:        4016004 kB
MemFree:          115300 kB
Active:           356740 kB
Mem:          3.8G       3.7G       112M       5.7M        28M       3.2G

MemTotal:        4016004 kB
MemFree:          115176 kB
Active:           356744 kB
Mem:          3.8G       3.7G       112M       5.7M        28M       3.2G

MemTotal:        4016004 kB
MemFree:          115548 kB
Active:           356700 kB
Mem:          3.8G       3.7G       112M       5.7M        28M       3.2G

MemTotal:        4016004 kB
MemFree:          115300 kB
Active:           356720 kB
Mem:          3.8G       3.7G       112M       5.7M        28M       3.2G

MemTotal:        4016004 kB
MemFree:          114804 kB
Active:           356756 kB
Mem:          3.8G       3.7G       112M       5.7M        28M       3.2G

MemTotal:        4016004 kB
MemFree:          113252 kB
Active:           356700 kB
Mem:          3.8G       3.7G       110M       5.7M        28M       3.2G

MemTotal:        4016004 kB
MemFree:          112756 kB
Active:           358780 kB
Mem:          3.8G       3.7G       110M       5.7M        28M       3.2G

MemTotal:        4016004 kB
MemFree:          113632 kB
Active:           358772 kB
Mem:          3.8G       3.7G       110M       5.7M        28M       3.2G

MemTotal:        4016004 kB
MemFree:          113136 kB
Active:           358776 kB
Mem:          3.8G       3.7G       110M       5.7M        28M       3.2G

MemTotal:        4016004 kB
MemFree:          113260 kB
Active:           358752 kB
Mem:          3.8G       3.7G       110M       5.7M        28M       3.2G

MemTotal:        4016004 kB
MemFree:          113632 kB
Active:           358768 kB
Mem:          3.8G       3.7G       110M       5.7M        28M       3.2G

MemTotal:        4016004 kB
MemFree:          113136 kB
Active:           358744 kB
Mem:          3.8G       3.7G       110M       5.7M        28M       3.2G

MemTotal:        4016004 kB
MemFree:          113260 kB
Active:           358776 kB
Mem:          3.8G       3.7G       110M       5.7M        28M       3.2G

MemTotal:        4016004 kB
MemFree:          113260 kB
Active:           358780 kB
Mem:          3.8G       3.7G       110M       5.7M        28M       3.2G

MemTotal:        4016004 kB
MemFree:          113136 kB
Active:           358760 kB
Mem:          3.8G       3.7G       110M       5.7M        28M       3.2G

MemTotal:        4016004 kB
MemFree:          113260 kB
Active:           358788 kB
Mem:          3.8G       3.7G       110M       5.7M        28M       3.2G

MemTotal:        4016004 kB
MemFree:          112888 kB
Active:           358800 kB
Mem:          3.8G       3.7G       110M       5.7M        28M       3.2G

MemTotal:        4016004 kB
MemFree:          113384 kB
Active:           358776 kB
Mem:          3.8G       3.7G       110M       5.7M        28M       3.2G

MemTotal:        4016004 kB
MemFree:          113260 kB
Active:           358748 kB
Mem:          3.8G       3.7G       110M       5.7M        28M       3.2G

MemTotal:        4016004 kB
MemFree:          113260 kB
Active:           358776 kB
Mem:          3.8G       3.7G       110M       5.7M        28M       3.2G

MemTotal:        4016004 kB
MemFree:          113260 kB
Active:           358792 kB
Mem:          3.8G       3.7G       110M       5.7M        28M       3.2G

MemTotal:        4016004 kB
MemFree:          113384 kB
Active:           358776 kB
Mem:          3.8G       3.7G       110M       5.7M        28M       3.2G

MemTotal:        4016004 kB
MemFree:          113136 kB
Active:           358764 kB
Mem:          3.8G       3.7G       110M       5.7M        28M       3.2G

MemTotal:        4016004 kB
MemFree:          113136 kB
Active:           358804 kB
Mem:          3.8G       3.7G       110M       5.7M        28M       3.2G

MemTotal:        4016004 kB
MemFree:          113260 kB
Active:           358784 kB
Mem:          3.8G       3.7G       110M       5.7M        28M       3.2G

MemTotal:        4016004 kB
MemFree:          113260 kB
Active:           358796 kB
Mem:          3.8G       3.7G       110M       5.7M        28M       3.2G

MemTotal:        4016004 kB
MemFree:          113260 kB
Active:           358816 kB
Mem:          3.8G       3.7G       110M       5.7M        28M       3.2G

MemTotal:        4016004 kB
MemFree:          113136 kB
Active:           358780 kB
Mem:          3.8G       3.7G       110M       5.7M        28M       3.2G

MemTotal:        4016004 kB
MemFree:          112888 kB
Active:           358816 kB
Mem:          3.8G       3.7G       109M       5.7M        28M       3.2G

MemTotal:        4016004 kB
MemFree:          113012 kB
Active:           358788 kB
Mem:          3.8G       3.7G       110M       5.7M        28M       3.2G

MemTotal:        4016004 kB
MemFree:          113136 kB
Active:           358764 kB
Mem:          3.8G       3.7G       110M       5.7M        28M       3.2G

MemTotal:        4016004 kB
MemFree:          113136 kB
Active:           358788 kB
Mem:          3.8G       3.7G       110M       5.7M        28M       3.2G

MemTotal:        4016004 kB
MemFree:          113260 kB
Active:           358804 kB
Mem:          3.8G       3.7G       110M       5.7M        28M       3.2G

MemTotal:        4016004 kB
MemFree:          113136 kB
Active:           358812 kB
Mem:          3.8G       3.7G       110M       5.7M        28M       3.2G

MemTotal:        4016004 kB
MemFree:          113260 kB
Active:           358824 kB
Mem:          3.8G       3.7G       110M       5.7M        28M       3.2G

MemTotal:        4016004 kB
MemFree:          113260 kB
Active:           358792 kB
Mem:          3.8G       3.7G       110M       5.7M        28M       3.2G

MemTotal:        4016004 kB
MemFree:          113260 kB
Active:           358816 kB
Mem:          3.8G       3.7G       110M       5.7M        28M       3.2G

MemTotal:        4016004 kB
MemFree:          113012 kB
Active:           358784 kB
Mem:          3.8G       3.7G       110M       5.7M        28M       3.2G

MemTotal:        4016004 kB
MemFree:          113012 kB
Active:           358808 kB
Mem:          3.8G       3.7G       110M       5.7M        28M       3.2G

MemTotal:        4016004 kB
MemFree:          113136 kB
Active:           358824 kB
Mem:          3.8G       3.7G       110M       5.7M        28M       3.2G

MemTotal:        4016004 kB
MemFree:          113136 kB
Active:           358776 kB
Mem:          3.8G       3.7G       110M       5.7M        28M       3.2G

MemTotal:        4016004 kB
MemFree:          113136 kB
Active:           358824 kB
Mem:          3.8G       3.7G       110M       5.7M        28M       3.2G

MemTotal:        4016004 kB
MemFree:          113012 kB
Active:           358792 kB
Mem:          3.8G       3.7G       110M       5.7M        28M       3.2G

MemTotal:        4016004 kB
MemFree:          113012 kB
Active:           358800 kB
Mem:          3.8G       3.7G       110M       5.7M        28M       3.2G

MemTotal:        4016004 kB
MemFree:          112888 kB
Active:           358812 kB
Mem:          3.8G       3.7G       110M       5.7M        28M       3.2G

MemTotal:        4016004 kB
MemFree:          113260 kB
Active:           358836 kB
Mem:          3.8G       3.7G       110M       5.7M        28M       3.2G

MemTotal:        4016004 kB
MemFree:          112764 kB
Active:           358840 kB
Mem:          3.8G       3.7G       110M       5.7M        28M       3.2G

MemTotal:        4016004 kB
MemFree:          113136 kB
Active:           358820 kB
Mem:          3.8G       3.7G       110M       5.7M        28M       3.2G

MemTotal:        4016004 kB
MemFree:          113260 kB
Active:           358800 kB
Mem:          3.8G       3.7G       110M       5.7M        28M       3.2G

MemTotal:        4016004 kB
MemFree:          113260 kB
Active:           358812 kB
Mem:          3.8G       3.7G       110M       5.7M        28M       3.2G

MemTotal:        4016004 kB
MemFree:          113012 kB
Active:           358784 kB
Mem:          3.8G       3.7G       110M       5.7M        28M       3.2G

MemTotal:        4016004 kB
MemFree:          113120 kB
Active:           358816 kB
Mem:          3.8G       3.7G       110M       5.7M        28M       3.2G

MemTotal:        4016004 kB
MemFree:          113120 kB
Active:           358836 kB
Mem:          3.8G       3.7G       110M       5.7M        28M       3.2G

MemTotal:        4016004 kB
MemFree:          113616 kB
Active:           358836 kB
Mem:          3.8G       3.7G       110M       5.7M        28M       3.2G

MemTotal:        4016004 kB
MemFree:          113368 kB
Active:           358856 kB
Mem:          3.8G       3.7G       110M       5.7M        28M       3.2G

MemTotal:        4016004 kB
MemFree:          113492 kB
Active:           358832 kB
Mem:          3.8G       3.7G       110M       5.7M        28M       3.2G

MemTotal:        4016004 kB
MemFree:          113368 kB
Active:           358852 kB
Mem:          3.8G       3.7G       110M       5.7M        28M       3.2G

MemTotal:        4016004 kB
MemFree:          113368 kB
Active:           358832 kB
Mem:          3.8G       3.7G       110M       5.7M        29M       3.2G

MemTotal:        4016004 kB
MemFree:          112996 kB
Active:           358880 kB
Mem:          3.8G       3.7G       110M       5.7M        29M       3.2G

MemTotal:        4016004 kB
MemFree:          113244 kB
Active:           358864 kB
Mem:          3.8G       3.7G       110M       5.7M        29M       3.2G

MemTotal:        4016004 kB
MemFree:          113244 kB
Active:           358844 kB
Mem:          3.8G       3.7G       110M       5.7M        29M       3.2G

MemTotal:        4016004 kB
MemFree:          113244 kB
Active:           358876 kB
Mem:          3.8G       3.7G       110M       5.7M        29M       3.2G

MemTotal:        4016004 kB
MemFree:          113120 kB
Active:           358844 kB
Mem:          3.8G       3.7G       110M       5.7M        29M       3.2G

MemTotal:        4016004 kB
MemFree:          113120 kB
Active:           358824 kB
Mem:          3.8G       3.7G       110M       5.7M        29M       3.2G

MemTotal:        4016004 kB
MemFree:          112996 kB
Active:           358864 kB
Mem:          3.8G       3.7G       110M       5.7M        29M       3.2G

MemTotal:        4016004 kB
MemFree:          113120 kB
Active:           358824 kB
Mem:          3.8G       3.7G       110M       5.7M        29M       3.2G

MemTotal:        4016004 kB
MemFree:          112996 kB
Active:           358864 kB
Mem:          3.8G       3.7G       110M       5.7M        29M       3.2G

MemTotal:        4016004 kB
MemFree:          113244 kB
Active:           358840 kB
Mem:          3.8G       3.7G       110M       5.7M        29M       3.2G

MemTotal:        4016004 kB
MemFree:          113368 kB
Active:           358868 kB
Mem:          3.8G       3.7G       110M       5.7M        29M       3.2G

MemTotal:        4016004 kB
MemFree:          114148 kB
Active:           358480 kB
Mem:          3.8G       3.7G       111M       5.7M        29M       3.2G

MemTotal:        4016004 kB
MemFree:          114148 kB
Active:           358476 kB
Mem:          3.8G       3.7G       111M       5.7M        29M       3.2G

MemTotal:        4016004 kB
MemFree:          114396 kB
Active:           358480 kB
Mem:          3.8G       3.7G       111M       5.7M        29M       3.2G

MemTotal:        4016004 kB
MemFree:          114272 kB
Active:           358484 kB
Mem:          3.8G       3.7G       111M       5.7M        29M       3.2G

MemTotal:        4016004 kB
MemFree:          114644 kB
Active:           358440 kB
Mem:          3.8G       3.7G       111M       5.7M        29M       3.2G

MemTotal:        4016004 kB
MemFree:          114768 kB
Active:           358484 kB
Mem:          3.8G       3.7G       112M       5.7M        29M       3.2G

MemTotal:        4016004 kB
MemFree:          114892 kB
Active:           358476 kB
Mem:          3.8G       3.7G       112M       5.7M        29M       3.2G

MemTotal:        4016004 kB
MemFree:          114892 kB
Active:           358496 kB
Mem:          3.8G       3.7G       111M       5.7M        29M       3.2G

MemTotal:        4016004 kB
MemFree:          114804 kB
Active:           358492 kB
Mem:          3.8G       3.7G       111M       5.7M        29M       3.2G

MemTotal:        4016004 kB
MemFree:          114804 kB
Active:           358492 kB
Mem:          3.8G       3.7G       111M       5.7M        29M       3.2G

MemTotal:        4016004 kB
MemFree:          114804 kB
Active:           358464 kB
Mem:          3.8G       3.7G       112M       5.7M        29M       3.2G

MemTotal:        4016004 kB
MemFree:          114928 kB
Active:           358472 kB
Mem:          3.8G       3.7G       112M       5.7M        29M       3.2G

MemTotal:        4016004 kB
MemFree:          115176 kB
Active:           358488 kB
Mem:          3.8G       3.7G       112M       5.7M        29M       3.2G

MemTotal:        4016004 kB
MemFree:          115300 kB
Active:           358496 kB
Mem:          3.8G       3.7G       112M       5.7M        29M       3.2G

MemTotal:        4016004 kB
MemFree:          115176 kB
Active:           358480 kB
Mem:          3.8G       3.7G       112M       5.7M        29M       3.2G

MemTotal:        4016004 kB
MemFree:          114928 kB
Active:           358512 kB
Mem:          3.8G       3.7G       112M       5.7M        29M       3.2G

MemTotal:        4016004 kB
MemFree:          114928 kB
Active:           358504 kB
Mem:          3.8G       3.7G       111M       5.7M        29M       3.2G

MemTotal:        4016004 kB
MemFree:          114308 kB
Active:           358524 kB
Mem:          3.8G       3.7G       111M       5.7M        29M       3.2G

MemTotal:        4016004 kB
MemFree:          114432 kB
Active:           358524 kB
Mem:          3.8G       3.7G       111M       5.7M        29M       3.2G

MemTotal:        4016004 kB
MemFree:          114060 kB
Active:           358524 kB
Mem:          3.8G       3.7G       111M       5.7M        29M       3.2G

MemTotal:        4016004 kB
MemFree:          114556 kB
Active:           358508 kB
Mem:          3.8G       3.7G       111M       5.7M        29M       3.2G

MemTotal:        4016004 kB
MemFree:          114556 kB
Active:           358496 kB
Mem:          3.8G       3.7G       112M       5.7M        29M       3.2G

MemTotal:        4016004 kB
MemFree:          114060 kB
Active:           358532 kB
Mem:          3.8G       3.7G       111M       5.7M        29M       3.2G

MemTotal:        4016004 kB
MemFree:          114432 kB
Active:           358500 kB
Mem:          3.8G       3.7G       111M       5.7M        29M       3.2G

MemTotal:        4016004 kB
MemFree:          114432 kB
Active:           358492 kB
Mem:          3.8G       3.7G       111M       5.7M        29M       3.2G

MemTotal:        4016004 kB
MemFree:          114432 kB
Active:           358488 kB
Mem:          3.8G       3.7G       111M       5.7M        29M       3.2G

MemTotal:        4016004 kB
MemFree:          114432 kB
Active:           358540 kB
Mem:          3.8G       3.7G       111M       5.7M        29M       3.2G

MemTotal:        4016004 kB
MemFree:          114556 kB
Active:           358524 kB
Mem:          3.8G       3.7G       111M       5.7M        29M       3.2G

MemTotal:        4016004 kB
MemFree:          114928 kB
Active:           358536 kB
Mem:          3.8G       3.7G       112M       5.7M        29M       3.2G

MemTotal:        4016004 kB
MemFree:          114928 kB
Active:           358540 kB
Mem:          3.8G       3.7G       112M       5.7M        29M       3.2G

MemTotal:        4016004 kB
MemFree:          115052 kB
Active:           358540 kB
