MemTotal:        4016004 kB
MemFree:         3217608 kB
Active:           444996 kB
Mem:          3.8G       779M       3.1G       5.7M        52M       323M

MemTotal:        4016004 kB
MemFree:         3216852 kB
Active:           445224 kB
Mem:          3.8G       780M       3.1G       5.7M        52M       323M

MemTotal:        4016004 kB
MemFree:         3216464 kB
Active:           445316 kB
Mem:          3.8G       780M       3.1G       5.7M        52M       323M

MemTotal:        4016004 kB
MemFree:         3216448 kB
Active:           445276 kB
Mem:          3.8G       780M       3.1G       5.7M        52M       323M

MemTotal:        4016004 kB
MemFree:         3216572 kB
Active:           445308 kB
Mem:          3.8G       780M       3.1G       5.7M        52M       323M

MemTotal:        4016004 kB
MemFree:         3216540 kB
Active:           445324 kB
Mem:          3.8G       780M       3.1G       5.7M        52M       323M

MemTotal:        4016004 kB
MemFree:         3216648 kB
Active:           445328 kB
Mem:          3.8G       780M       3.1G       5.7M        52M       323M

MemTotal:        4016004 kB
MemFree:         3216756 kB
Active:           445336 kB
Mem:          3.8G       780M       3.1G       5.7M        52M       323M

MemTotal:        4016004 kB
MemFree:         3217112 kB
Active:           445316 kB
Mem:          3.8G       780M       3.1G       5.7M        52M       323M

MemTotal:        4016004 kB
MemFree:         3216600 kB
Active:           445336 kB
Mem:          3.8G       780M       3.1G       5.7M        52M       323M

MemTotal:        4016004 kB
MemFree:         3216460 kB
Active:           445280 kB
Mem:          3.8G       780M       3.1G       5.7M        52M       323M

MemTotal:        4016004 kB
MemFree:         3216460 kB
Active:           445328 kB
Mem:          3.8G       780M       3.1G       5.7M        52M       323M

MemTotal:        4016004 kB
MemFree:         3216320 kB
Active:           445288 kB
Mem:          3.8G       781M       3.1G       5.7M        52M       323M

MemTotal:        4016004 kB
MemFree:         3216056 kB
Active:           445344 kB
Mem:          3.8G       780M       3.1G       5.7M        52M       323M

MemTotal:        4016004 kB
MemFree:         3216428 kB
Active:           445308 kB
Mem:          3.8G       780M       3.1G       5.7M        52M       323M

MemTotal:        4016004 kB
MemFree:         3217188 kB
Active:           445304 kB
Mem:          3.8G       780M       3.1G       5.7M        52M       323M

MemTotal:        4016004 kB
MemFree:         3217172 kB
Active:           445312 kB
Mem:          3.8G       780M       3.1G       5.7M        52M       323M

MemTotal:        4016004 kB
MemFree:         3216908 kB
Active:           445316 kB
Mem:          3.8G       780M       3.1G       5.7M        52M       323M

MemTotal:        4016004 kB
MemFree:         3217032 kB
Active:           445300 kB
Mem:          3.8G       780M       3.1G       5.7M        52M       323M

MemTotal:        4016004 kB
MemFree:         3217404 kB
Active:           445324 kB
Mem:          3.8G       780M       3.1G       5.7M        52M       323M

MemTotal:        4016004 kB
MemFree:         3216660 kB
Active:           445332 kB
Mem:          3.8G       780M       3.1G       5.7M        52M       323M

MemTotal:        4016004 kB
MemFree:         3216444 kB
Active:           445352 kB
Mem:          3.8G       780M       3.1G       5.7M        52M       323M

MemTotal:        4016004 kB
MemFree:         3216940 kB
Active:           445340 kB
Mem:          3.8G       780M       3.1G       5.7M        52M       323M

MemTotal:        4016004 kB
MemFree:         3216692 kB
Active:           445336 kB
Mem:          3.8G       780M       3.1G       5.7M        52M       323M

MemTotal:        4016004 kB
MemFree:         3216568 kB
Active:           445336 kB
Mem:          3.8G       780M       3.1G       5.7M        52M       323M

MemTotal:        4016004 kB
MemFree:         3216692 kB
Active:           445348 kB
Mem:          3.8G       780M       3.1G       5.7M        52M       323M

MemTotal:        4016004 kB
MemFree:         3216940 kB
Active:           445304 kB
Mem:          3.8G       780M       3.1G       5.7M        52M       323M

MemTotal:        4016004 kB
MemFree:         3216816 kB
Active:           445324 kB
Mem:          3.8G       780M       3.1G       5.7M        52M       323M

MemTotal:        4016004 kB
MemFree:         3216940 kB
Active:           445308 kB
Mem:          3.8G       780M       3.1G       5.7M        52M       323M

MemTotal:        4016004 kB
MemFree:         3216816 kB
Active:           445324 kB
Mem:          3.8G       780M       3.1G       5.7M        52M       323M

MemTotal:        4016004 kB
MemFree:         3216816 kB
Active:           445352 kB
Mem:          3.8G       780M       3.1G       5.7M        52M       323M

MemTotal:        4016004 kB
MemFree:         3216692 kB
Active:           445348 kB
Mem:          3.8G       780M       3.1G       5.7M        52M       323M

MemTotal:        4016004 kB
MemFree:         3216692 kB
Active:           445328 kB
Mem:          3.8G       780M       3.1G       5.7M        52M       323M

MemTotal:        4016004 kB
MemFree:         3216568 kB
Active:           445344 kB
Mem:          3.8G       780M       3.1G       5.7M        52M       323M

MemTotal:        4016004 kB
MemFree:         3216568 kB
Active:           445376 kB
Mem:          3.8G       780M       3.1G       5.7M        52M       323M

MemTotal:        4016004 kB
MemFree:         3216692 kB
Active:           445340 kB
Mem:          3.8G       780M       3.1G       5.7M        52M       323M

MemTotal:        4016004 kB
MemFree:         3216568 kB
Active:           445340 kB
Mem:          3.8G       780M       3.1G       5.7M        52M       323M

MemTotal:        4016004 kB
MemFree:         3216680 kB
Active:           445336 kB
Mem:          3.8G       780M       3.1G       5.7M        52M       323M

MemTotal:        4016004 kB
MemFree:         3216432 kB
Active:           445384 kB
Mem:          3.8G       780M       3.1G       5.7M        52M       323M

MemTotal:        4016004 kB
MemFree:         3216432 kB
Active:           445344 kB
Mem:          3.8G       780M       3.1G       5.7M        53M       323M

MemTotal:        4016004 kB
MemFree:         3216680 kB
Active:           445372 kB
Mem:          3.8G       780M       3.1G       5.7M        53M       323M

MemTotal:        4016004 kB
MemFree:         3216680 kB
Active:           445396 kB
Mem:          3.8G       780M       3.1G       5.7M        53M       323M

MemTotal:        4016004 kB
MemFree:         3216308 kB
Active:           445352 kB
Mem:          3.8G       780M       3.1G       5.7M        53M       323M

MemTotal:        4016004 kB
MemFree:         3214508 kB
Active:           445392 kB
Mem:          3.8G       782M       3.1G       5.7M        53M       323M

MemTotal:        4016004 kB
MemFree:         3213932 kB
Active:           445380 kB
Mem:          3.8G       782M       3.1G       5.7M        53M       323M

MemTotal:        4016004 kB
MemFree:         3214180 kB
Active:           447428 kB
Mem:          3.8G       782M       3.1G       5.7M        53M       323M

MemTotal:        4016004 kB
MemFree:         3214908 kB
Active:           447380 kB
Mem:          3.8G       782M       3.1G       5.7M        53M       323M

MemTotal:        4016004 kB
MemFree:         3214520 kB
Active:           447432 kB
Mem:          3.8G       782M       3.1G       5.7M        53M       323M

MemTotal:        4016004 kB
MemFree:         3214892 kB
Active:           447412 kB
Mem:          3.8G       782M       3.1G       5.7M        53M       323M

MemTotal:        4016004 kB
MemFree:         3214876 kB
Active:           447416 kB
Mem:          3.8G       782M       3.1G       5.7M        53M       323M

MemTotal:        4016004 kB
MemFree:         3214736 kB
Active:           447424 kB
Mem:          3.8G       782M       3.1G       5.7M        53M       323M

MemTotal:        4016004 kB
MemFree:         3214736 kB
Active:           447388 kB
Mem:          3.8G       782M       3.1G       5.7M        53M       323M

MemTotal:        4016004 kB
MemFree:         3214736 kB
Active:           447436 kB
Mem:          3.8G       782M       3.1G       5.7M        53M       323M

MemTotal:        4016004 kB
MemFree:         3213964 kB
Active:           445416 kB
Mem:          3.8G       783M       3.1G       5.7M        53M       323M

MemTotal:        4016004 kB
MemFree:         3214280 kB
Active:           447460 kB
Mem:          3.8G       782M       3.1G       5.7M        53M       323M

MemTotal:        4016004 kB
MemFree:         3214636 kB
Active:           447464 kB
Mem:          3.8G       782M       3.1G       5.7M        53M       323M

MemTotal:        4016004 kB
MemFree:         3214760 kB
Active:           447420 kB
Mem:          3.8G       782M       3.1G       5.7M        53M       323M

MemTotal:        4016004 kB
MemFree:         3214744 kB
Active:           447412 kB
Mem:          3.8G       782M       3.1G       5.7M        53M       323M

MemTotal:        4016004 kB
MemFree:         3214356 kB
Active:           447472 kB
Mem:          3.8G       782M       3.1G       5.7M        53M       323M

MemTotal:        4016004 kB
MemFree:         3214216 kB
Active:           447472 kB
Mem:          3.8G       782M       3.1G       5.7M        53M       323M

MemTotal:        4016004 kB
MemFree:         3214744 kB
Active:           447448 kB
Mem:          3.8G       782M       3.1G       5.7M        53M       323M

MemTotal:        4016004 kB
MemFree:         3214620 kB
Active:           447432 kB
Mem:          3.8G       782M       3.1G       5.7M        53M       323M

MemTotal:        4016004 kB
MemFree:         3214248 kB
Active:           447480 kB
Mem:          3.8G       782M       3.1G       5.7M        53M       323M

MemTotal:        4016004 kB
MemFree:         3213688 kB
Active:           445600 kB
Mem:          3.8G       783M       3.1G       5.7M        53M       323M

MemTotal:        4016004 kB
MemFree:         3214184 kB
Active:           447492 kB
Mem:          3.8G       783M       3.1G       5.7M        53M       323M

MemTotal:        4016004 kB
MemFree:         3213688 kB
Active:           447492 kB
Mem:          3.8G       783M       3.1G       5.7M        53M       323M

MemTotal:        4016004 kB
MemFree:         3213936 kB
Active:           447448 kB
Mem:          3.8G       783M       3.1G       5.7M        53M       323M

MemTotal:        4016004 kB
MemFree:         3214184 kB
Active:           447472 kB
Mem:          3.8G       782M       3.1G       5.7M        53M       323M

MemTotal:        4016004 kB
MemFree:         3214060 kB
Active:           447492 kB
Mem:          3.8G       782M       3.1G       5.7M        53M       323M

MemTotal:        4016004 kB
MemFree:         3214556 kB
Active:           447440 kB
Mem:          3.8G       782M       3.1G       5.7M        53M       323M

MemTotal:        4016004 kB
MemFree:         3215036 kB
Active:           447460 kB
Mem:          3.8G       782M       3.1G       5.7M        53M       323M

MemTotal:        4016004 kB
MemFree:         3215020 kB
Active:           447464 kB
Mem:          3.8G       782M       3.1G       5.7M        53M       323M

MemTotal:        4016004 kB
MemFree:         3214648 kB
Active:           447452 kB
Mem:          3.8G       782M       3.1G       5.7M        53M       323M

MemTotal:        4016004 kB
MemFree:         3214648 kB
Active:           447448 kB
Mem:          3.8G       782M       3.1G       5.7M        53M       323M

MemTotal:        4016004 kB
MemFree:         3214632 kB
Active:           447436 kB
Mem:          3.8G       782M       3.1G       5.7M        53M       323M

MemTotal:        4016004 kB
MemFree:         3214740 kB
Active:           447448 kB
Mem:          3.8G       782M       3.1G       5.7M        53M       323M

MemTotal:        4016004 kB
MemFree:         3214616 kB
Active:           447468 kB
Mem:          3.8G       782M       3.1G       5.7M        53M       323M

MemTotal:        4016004 kB
MemFree:         3214600 kB
Active:           447460 kB
Mem:          3.8G       782M       3.1G       5.7M        53M       323M

MemTotal:        4016004 kB
MemFree:         3213856 kB
Active:           447504 kB
Mem:          3.8G       783M       3.1G       5.7M        53M       323M

MemTotal:        4016004 kB
MemFree:         3214352 kB
Active:           447492 kB
Mem:          3.8G       783M       3.1G       5.7M        53M       323M

MemTotal:        4016004 kB
MemFree:         3214352 kB
Active:           447464 kB
Mem:          3.8G       782M       3.1G       5.7M        53M       323M

MemTotal:        4016004 kB
MemFree:         3214352 kB
Active:           447452 kB
Mem:          3.8G       782M       3.1G       5.7M        53M       323M

MemTotal:        4016004 kB
MemFree:         3213856 kB
Active:           447504 kB
Mem:          3.8G       783M       3.1G       5.7M        53M       323M

MemTotal:        4016004 kB
MemFree:         3213608 kB
Active:           447516 kB
Mem:          3.8G       783M       3.1G       5.7M        53M       323M

MemTotal:        4016004 kB
MemFree:         3214336 kB
Active:           447496 kB
Mem:          3.8G       782M       3.1G       5.7M        53M       323M

MemTotal:        4016004 kB
MemFree:         3214320 kB
Active:           447496 kB
Mem:          3.8G       783M       3.1G       5.7M        53M       323M

MemTotal:        4016004 kB
MemFree:         3214320 kB
Active:           447500 kB
Mem:          3.8G       783M       3.1G       5.7M        53M       323M

MemTotal:        4016004 kB
MemFree:         3214196 kB
Active:           447500 kB
Mem:          3.8G       782M       3.1G       5.7M        53M       323M

MemTotal:        4016004 kB
MemFree:         3214072 kB
Active:           447504 kB
Mem:          3.8G       783M       3.1G       5.7M        53M       323M

MemTotal:        4016004 kB
MemFree:         3213700 kB
Active:           447524 kB
Mem:          3.8G       783M       3.1G       5.7M        53M       323M

MemTotal:        4016004 kB
MemFree:         3214072 kB
Active:           447512 kB
Mem:          3.8G       783M       3.1G       5.7M        53M       323M

MemTotal:        4016004 kB
MemFree:         3214196 kB
Active:           447512 kB
Mem:          3.8G       782M       3.1G       5.7M        53M       323M

MemTotal:        4016004 kB
MemFree:         3214196 kB
Active:           447484 kB
Mem:          3.8G       783M       3.1G       5.7M        53M       323M

MemTotal:        4016004 kB
MemFree:         3213504 kB
Active:           445632 kB
Mem:          3.8G       783M       3.1G       5.7M        53M       323M

MemTotal:        4016004 kB
MemFree:         3214116 kB
Active:           445440 kB
Mem:          3.8G       783M       3.1G       5.7M        53M       323M

MemTotal:        4016004 kB
MemFree:         3213932 kB
Active:           445492 kB
Mem:          3.8G       783M       3.1G       5.7M        53M       323M

MemTotal:        4016004 kB
MemFree:         3213808 kB
Active:           447540 kB
Mem:          3.8G       783M       3.1G       5.7M        53M       323M

MemTotal:        4016004 kB
MemFree:         3213932 kB
Active:           447528 kB
Mem:          3.8G       783M       3.1G       5.7M        53M       323M

MemTotal:        4016004 kB
MemFree:         3214180 kB
Active:           447540 kB
Mem:          3.8G       783M       3.1G       5.7M        53M       323M

MemTotal:        4016004 kB
MemFree:         3214372 kB
Active:           447540 kB
Mem:          3.8G       782M       3.1G       5.7M        53M       323M

MemTotal:        4016004 kB
MemFree:         3214308 kB
Active:           447904 kB
Mem:          3.8G       783M       3.1G       5.7M        53M       323M

MemTotal:        4016004 kB
MemFree:         3167104 kB
Active:           450140 kB
Mem:          3.8G       833M       3.0G       5.7M        53M       367M

MemTotal:        4016004 kB
MemFree:         3120188 kB
Active:           450428 kB
Mem:          3.8G       877M       3.0G       5.7M        53M       410M

MemTotal:        4016004 kB
MemFree:         3074088 kB
Active:           450312 kB
Mem:          3.8G       923M       2.9G       5.7M        53M       455M

MemTotal:        4016004 kB
MemFree:         3029476 kB
Active:           450388 kB
Mem:          3.8G       966M       2.9G       5.7M        53M       497M

MemTotal:        4016004 kB
MemFree:         2983236 kB
Active:           450476 kB
Mem:          3.8G       1.0G       2.8G       5.7M        53M       542M

MemTotal:        4016004 kB
MemFree:         2936764 kB
Active:           450396 kB
Mem:          3.8G       1.0G       2.8G       5.7M        53M       584M

MemTotal:        4016004 kB
MemFree:         2891888 kB
Active:           450528 kB
Mem:          3.8G       1.1G       2.8G       5.7M        53M       629M

MemTotal:        4016004 kB
MemFree:         2847016 kB
Active:           450580 kB
Mem:          3.8G       1.1G       2.7G       5.7M        53M       672M

MemTotal:        4016004 kB
MemFree:         2800200 kB
Active:           450456 kB
Mem:          3.8G       1.2G       2.7G       5.7M        53M       717M

MemTotal:        4016004 kB
MemFree:         2754072 kB
Active:           450516 kB
Mem:          3.8G       1.2G       2.6G       5.7M        53M       760M

MemTotal:        4016004 kB
MemFree:         2709572 kB
Active:           450540 kB
Mem:          3.8G       1.2G       2.6G       5.7M        53M       803M

MemTotal:        4016004 kB
MemFree:         2670080 kB
Active:           450532 kB
Mem:          3.8G       1.3G       2.5G       5.7M        53M       843M

MemTotal:        4016004 kB
MemFree:         2622640 kB
Active:           448760 kB
Mem:          3.8G       1.3G       2.5G       5.7M        53M       886M

MemTotal:        4016004 kB
MemFree:         2578052 kB
Active:           448576 kB
Mem:          3.8G       1.4G       2.5G       5.7M        53M       929M

MemTotal:        4016004 kB
MemFree:         2532684 kB
Active:           448600 kB
Mem:          3.8G       1.4G       2.4G       5.7M        53M       973M

MemTotal:        4016004 kB
MemFree:         2488144 kB
Active:           450764 kB
Mem:          3.8G       1.5G       2.4G       5.7M        53M       1.0G

MemTotal:        4016004 kB
MemFree:         2486904 kB
Active:           450728 kB
Mem:          3.8G       1.5G       2.4G       5.7M        53M       1.0G

MemTotal:        4016004 kB
MemFree:         2487232 kB
Active:           450840 kB
Mem:          3.8G       1.5G       2.4G       5.7M        53M       1.0G

MemTotal:        4016004 kB
MemFree:         2457820 kB
Active:           450836 kB
Mem:          3.8G       1.5G       2.3G       5.7M        53M       1.0G

MemTotal:        4016004 kB
MemFree:         2413504 kB
Active:           450852 kB
Mem:          3.8G       1.5G       2.3G       5.7M        53M       1.1G

MemTotal:        4016004 kB
MemFree:         2366520 kB
Active:           450904 kB
Mem:          3.8G       1.6G       2.3G       5.7M        53M       1.1G

MemTotal:        4016004 kB
MemFree:         2320900 kB
Active:           450956 kB
Mem:          3.8G       1.6G       2.2G       5.7M        53M       1.2G

MemTotal:        4016004 kB
MemFree:         2275916 kB
Active:           450904 kB
Mem:          3.8G       1.7G       2.2G       5.7M        53M       1.2G

MemTotal:        4016004 kB
MemFree:         2229196 kB
Active:           450960 kB
Mem:          3.8G       1.7G       2.1G       5.7M        53M       1.2G

MemTotal:        4016004 kB
MemFree:         2184196 kB
Active:           450868 kB
Mem:          3.8G       1.7G       2.1G       5.7M        53M       1.3G

MemTotal:        4016004 kB
MemFree:         2139212 kB
Active:           451024 kB
Mem:          3.8G       1.8G       2.0G       5.7M        53M       1.3G

MemTotal:        4016004 kB
MemFree:         2125340 kB
Active:           450932 kB
Mem:          3.8G       1.8G       2.0G       5.7M        53M       1.3G

MemTotal:        4016004 kB
MemFree:         2079100 kB
Active:           451100 kB
Mem:          3.8G       1.8G       2.0G       5.7M        53M       1.4G

MemTotal:        4016004 kB
MemFree:         2034436 kB
Active:           450972 kB
Mem:          3.8G       1.9G       1.9G       5.7M        53M       1.4G

MemTotal:        4016004 kB
MemFree:         1989728 kB
Active:           451004 kB
Mem:          3.8G       1.9G       1.9G       5.7M        53M       1.5G

MemTotal:        4016004 kB
MemFree:         1943504 kB
Active:           451196 kB
Mem:          3.8G       2.0G       1.9G       5.7M        53M       1.5G

MemTotal:        4016004 kB
MemFree:         1943876 kB
Active:           451208 kB
Mem:          3.8G       2.0G       1.9G       5.7M        53M       1.5G

MemTotal:        4016004 kB
MemFree:         1897464 kB
Active:           449308 kB
Mem:          3.8G       2.0G       1.8G       5.7M        53M       1.5G

MemTotal:        4016004 kB
MemFree:         1852748 kB
Active:           449244 kB
Mem:          3.8G       2.1G       1.8G       5.7M        53M       1.6G

MemTotal:        4016004 kB
MemFree:         1807252 kB
Active:           449156 kB
Mem:          3.8G       2.1G       1.7G       5.7M        53M       1.6G

MemTotal:        4016004 kB
MemFree:         1761044 kB
Active:           449128 kB
Mem:          3.8G       2.2G       1.7G       5.7M        53M       1.7G

MemTotal:        4016004 kB
MemFree:         1715688 kB
Active:           449192 kB
Mem:          3.8G       2.2G       1.6G       5.7M        53M       1.7G

MemTotal:        4016004 kB
MemFree:         1669556 kB
Active:           449288 kB
Mem:          3.8G       2.2G       1.6G       5.7M        53M       1.8G

MemTotal:        4016004 kB
MemFree:         1624696 kB
Active:           449368 kB
Mem:          3.8G       2.3G       1.5G       5.7M        53M       1.8G

MemTotal:        4016004 kB
MemFree:         1581352 kB
Active:           451468 kB
Mem:          3.8G       2.3G       1.5G       5.7M        53M       1.8G

MemTotal:        4016004 kB
MemFree:         1535904 kB
Active:           451360 kB
Mem:          3.8G       2.4G       1.5G       5.7M        53M       1.9G

MemTotal:        4016004 kB
MemFree:         1489776 kB
Active:           451524 kB
Mem:          3.8G       2.4G       1.4G       5.7M        54M       1.9G

MemTotal:        4016004 kB
MemFree:         1443412 kB
Active:           451560 kB
Mem:          3.8G       2.5G       1.4G       5.7M        54M       2.0G

MemTotal:        4016004 kB
MemFree:         1398924 kB
Active:           451596 kB
Mem:          3.8G       2.5G       1.3G       5.7M        54M       2.0G

MemTotal:        4016004 kB
MemFree:         1353208 kB
Active:           451540 kB
Mem:          3.8G       2.5G       1.3G       5.7M        54M       2.1G

MemTotal:        4016004 kB
MemFree:         1308552 kB
Active:           451648 kB
Mem:          3.8G       2.6G       1.2G       5.7M        54M       2.1G

MemTotal:        4016004 kB
MemFree:         1263168 kB
Active:           451644 kB
Mem:          3.8G       2.6G       1.2G       5.7M        54M       2.1G

MemTotal:        4016004 kB
MemFree:         1218092 kB
Active:           451740 kB
Mem:          3.8G       2.7G       1.2G       5.7M        54M       2.2G

MemTotal:        4016004 kB
MemFree:         1171868 kB
Active:           451688 kB
Mem:          3.8G       2.7G       1.1G       5.7M        54M       2.2G

MemTotal:        4016004 kB
MemFree:         1126124 kB
Active:           451796 kB
Mem:          3.8G       2.8G       1.1G       5.7M        54M       2.3G

MemTotal:        4016004 kB
MemFree:         1079808 kB
Active:           451796 kB
Mem:          3.8G       2.8G       1.0G       5.7M        54M       2.3G

MemTotal:        4016004 kB
MemFree:         1033568 kB
Active:           451900 kB
Mem:          3.8G       2.8G       1.0G       5.7M        54M       2.4G

MemTotal:        4016004 kB
MemFree:          988924 kB
Active:           450004 kB
Mem:          3.8G       2.9G       962M       5.7M        54M       2.4G

MemTotal:        4016004 kB
MemFree:          942728 kB
Active:           450020 kB
Mem:          3.8G       2.9G       919M       5.7M        54M       2.4G

MemTotal:        4016004 kB
MemFree:          897880 kB
Active:           449944 kB
Mem:          3.8G       3.0G       874M       5.7M        54M       2.5G

MemTotal:        4016004 kB
MemFree:          851844 kB
Active:           449968 kB
Mem:          3.8G       3.0G       828M       5.7M        54M       2.5G

MemTotal:        4016004 kB
MemFree:          805372 kB
Active:           450000 kB
Mem:          3.8G       3.1G       784M       5.7M        54M       2.6G

MemTotal:        4016004 kB
MemFree:          760984 kB
Active:           451996 kB
Mem:          3.8G       3.1G       740M       5.7M        54M       2.6G

MemTotal:        4016004 kB
MemFree:          714872 kB
Active:           452084 kB
Mem:          3.8G       3.1G       697M       5.7M        54M       2.7G

MemTotal:        4016004 kB
MemFree:          670372 kB
Active:           452108 kB
Mem:          3.8G       3.2G       652M       5.7M        54M       2.7G

MemTotal:        4016004 kB
MemFree:          624924 kB
Active:           452012 kB
Mem:          3.8G       3.2G       607M       5.7M        54M       2.7G

MemTotal:        4016004 kB
MemFree:          578656 kB
Active:           452172 kB
Mem:          3.8G       3.3G       561M       5.7M        54M       2.8G

MemTotal:        4016004 kB
MemFree:          531948 kB
Active:           450076 kB
Mem:          3.8G       3.3G       518M       5.7M        54M       2.8G

MemTotal:        4016004 kB
MemFree:          487404 kB
Active:           450056 kB
Mem:          3.8G       3.4G       473M       5.7M        54M       2.9G

MemTotal:        4016004 kB
MemFree:          441948 kB
Active:           450152 kB
Mem:          3.8G       3.4G       430M       5.7M        54M       2.9G

MemTotal:        4016004 kB
MemFree:          396592 kB
Active:           450240 kB
Mem:          3.8G       3.5G       384M       5.7M        54M       3.0G

MemTotal:        4016004 kB
MemFree:          350708 kB
Active:           450272 kB
Mem:          3.8G       3.5G       340M       5.7M        54M       3.0G

MemTotal:        4016004 kB
MemFree:          304536 kB
Active:           450148 kB
Mem:          3.8G       3.5G       296M       5.7M        54M       3.0G

MemTotal:        4016004 kB
MemFree:          260048 kB
Active:           450256 kB
Mem:          3.8G       3.6G       251M       5.7M        54M       3.1G

MemTotal:        4016004 kB
MemFree:          213768 kB
Active:           450432 kB
Mem:          3.8G       3.6G       207M       5.7M        54M       3.1G

MemTotal:        4016004 kB
MemFree:          168368 kB
Active:           450352 kB
Mem:          3.8G       3.7G       162M       5.7M        54M       3.2G

MemTotal:        4016004 kB
MemFree:          121756 kB
Active:           450388 kB
Mem:          3.8G       3.7G       118M       5.7M        54M       3.2G

MemTotal:        4016004 kB
MemFree:          142096 kB
Active:           458592 kB
Mem:          3.8G       3.7G       121M       5.7M        21M       3.2G

MemTotal:        4016004 kB
MemFree:          123000 kB
Active:           506276 kB
Mem:          3.8G       3.7G       115M       5.7M        21M       3.2G

MemTotal:        4016004 kB
MemFree:          130980 kB
Active:           494460 kB
Mem:          3.8G       3.7G       126M       5.7M        21M       3.2G

MemTotal:        4016004 kB
MemFree:          134976 kB
Active:           490644 kB
Mem:          3.8G       3.7G       129M       5.7M        21M       3.2G

MemTotal:        4016004 kB
MemFree:          124960 kB
Active:           487344 kB
Mem:          3.8G       3.7G       119M       5.7M        22M       3.2G

MemTotal:        4016004 kB
MemFree:          114520 kB
Active:           483652 kB
Mem:          3.8G       3.7G       110M       5.7M        22M       3.3G

MemTotal:        4016004 kB
MemFree:          124264 kB
Active:           475712 kB
Mem:          3.8G       3.7G       117M       5.7M        22M       3.2G

MemTotal:        4016004 kB
MemFree:          114668 kB
Active:           472184 kB
Mem:          3.8G       3.7G       109M       5.7M        22M       3.3G

MemTotal:        4016004 kB
MemFree:          104844 kB
Active:           468940 kB
Mem:          3.8G       3.7G       123M       5.7M        22M       3.2G

MemTotal:        4016004 kB
MemFree:          133624 kB
Active:           461976 kB
Mem:          3.8G       3.7G       132M       5.7M        22M       3.2G

MemTotal:        4016004 kB
MemFree:          134660 kB
Active:           454100 kB
Mem:          3.8G       3.7G       128M       5.7M        22M       3.2G

MemTotal:        4016004 kB
MemFree:          126372 kB
Active:           451820 kB
Mem:          3.8G       3.7G       131M       5.7M        22M       3.2G

MemTotal:        4016004 kB
MemFree:          135508 kB
Active:           447768 kB
Mem:          3.8G       3.7G       130M       5.7M        22M       3.2G

MemTotal:        4016004 kB
MemFree:          127552 kB
Active:           446648 kB
Mem:          3.8G       3.7G       124M       5.7M        22M       3.2G

MemTotal:        4016004 kB
MemFree:          133644 kB
Active:           444632 kB
Mem:          3.8G       3.7G       130M       5.7M        22M       3.2G

MemTotal:        4016004 kB
MemFree:          124936 kB
Active:           441612 kB
Mem:          3.8G       3.7G       121M       5.7M        22M       3.2G

MemTotal:        4016004 kB
MemFree:          117868 kB
Active:           440608 kB
Mem:          3.8G       3.7G       114M       5.7M        22M       3.2G

MemTotal:        4016004 kB
MemFree:          107944 kB
Active:           439516 kB
Mem:          3.8G       3.7G       103M       5.7M        22M       3.3G

MemTotal:        4016004 kB
MemFree:          108232 kB
Active:           439776 kB
Mem:          3.8G       3.7G       103M       5.7M        22M       3.3G

MemTotal:        4016004 kB
MemFree:          113028 kB
Active:           437956 kB
Mem:          3.8G       3.7G       109M       5.7M        22M       3.3G

MemTotal:        4016004 kB
MemFree:          129680 kB
Active:           436056 kB
Mem:          3.8G       3.7G       124M       5.7M        22M       3.2G

MemTotal:        4016004 kB
MemFree:          132352 kB
Active:           435064 kB
Mem:          3.8G       3.7G       128M       5.7M        22M       3.2G

MemTotal:        4016004 kB
MemFree:          105792 kB
Active:           434016 kB
Mem:          3.8G       3.7G       123M       5.7M        22M       3.2G

MemTotal:        4016004 kB
MemFree:          133332 kB
Active:           431716 kB
Mem:          3.8G       3.7G       128M       5.7M        22M       3.2G

MemTotal:        4016004 kB
MemFree:          135184 kB
Active:           429796 kB
Mem:          3.8G       3.7G       130M       5.7M        22M       3.2G

MemTotal:        4016004 kB
MemFree:          125560 kB
Active:           428576 kB
Mem:          3.8G       3.7G       120M       5.7M        22M       3.2G

MemTotal:        4016004 kB
MemFree:          133220 kB
Active:           426680 kB
Mem:          3.8G       3.7G       127M       5.7M        22M       3.2G

MemTotal:        4016004 kB
MemFree:          136336 kB
Active:           423388 kB
Mem:          3.8G       3.7G       131M       5.7M        22M       3.2G

MemTotal:        4016004 kB
MemFree:          115616 kB
Active:           423484 kB
Mem:          3.8G       3.7G       109M       5.7M        22M       3.3G

MemTotal:        4016004 kB
MemFree:          105216 kB
Active:           422512 kB
Mem:          3.8G       3.7G       122M       5.7M        22M       3.2G

MemTotal:        4016004 kB
MemFree:          133328 kB
Active:           420112 kB
Mem:          3.8G       3.7G       138M       5.7M        22M       3.2G

MemTotal:        4016004 kB
MemFree:          134588 kB
Active:           418488 kB
Mem:          3.8G       3.7G       130M       5.7M        22M       3.2G

MemTotal:        4016004 kB
MemFree:          118808 kB
Active:           417232 kB
Mem:          3.8G       3.7G       123M       5.7M        22M       3.2G

MemTotal:        4016004 kB
MemFree:          106580 kB
Active:           416556 kB
Mem:          3.8G       3.7G       102M       5.7M        22M       3.3G

MemTotal:        4016004 kB
MemFree:          109020 kB
Active:           414908 kB
Mem:          3.8G       3.7G       104M       5.7M        22M       3.3G

MemTotal:        4016004 kB
MemFree:          123556 kB
Active:           413144 kB
Mem:          3.8G       3.7G       120M       5.7M        22M       3.2G

MemTotal:        4016004 kB
MemFree:          127776 kB
Active:           411836 kB
Mem:          3.8G       3.7G       122M       5.7M        22M       3.2G

MemTotal:        4016004 kB
MemFree:          147504 kB
Active:           409764 kB
Mem:          3.8G       3.7G       143M       5.7M        22M       3.2G

MemTotal:        4016004 kB
MemFree:          127820 kB
Active:           409248 kB
Mem:          3.8G       3.7G       123M       5.7M        22M       3.2G

MemTotal:        4016004 kB
MemFree:          112700 kB
Active:           405648 kB
Mem:          3.8G       3.7G       107M       5.7M        22M       3.3G

MemTotal:        4016004 kB
MemFree:          126480 kB
Active:           403904 kB
Mem:          3.8G       3.7G       121M       5.7M        22M       3.2G

MemTotal:        4016004 kB
MemFree:          132264 kB
Active:           402016 kB
Mem:          3.8G       3.7G       126M       5.7M        22M       3.2G

MemTotal:        4016004 kB
MemFree:          134196 kB
Active:           400252 kB
Mem:          3.8G       3.7G       128M       5.7M        22M       3.2G

MemTotal:        4016004 kB
MemFree:          125676 kB
Active:           399112 kB
Mem:          3.8G       3.7G       131M       5.7M        22M       3.2G

MemTotal:        4016004 kB
MemFree:          117304 kB
Active:           398108 kB
Mem:          3.8G       3.7G       111M       5.7M        22M       3.2G

MemTotal:        4016004 kB
MemFree:          118308 kB
Active:           396860 kB
Mem:          3.8G       3.7G       113M       5.7M        22M       3.2G

MemTotal:        4016004 kB
MemFree:          127296 kB
Active:           394832 kB
Mem:          3.8G       3.7G       121M       5.7M        22M       3.2G

MemTotal:        4016004 kB
MemFree:          130228 kB
Active:           393568 kB
Mem:          3.8G       3.7G       124M       5.7M        23M       3.2G

MemTotal:        4016004 kB
MemFree:          124276 kB
Active:           393596 kB
Mem:          3.8G       3.7G       121M       5.7M        23M       3.2G

MemTotal:        4016004 kB
MemFree:          123476 kB
Active:           392408 kB
Mem:          3.8G       3.7G       119M       5.7M        23M       3.2G

MemTotal:        4016004 kB
MemFree:          115816 kB
Active:           391208 kB
Mem:          3.8G       3.7G       109M       5.7M        23M       3.2G

MemTotal:        4016004 kB
MemFree:          107832 kB
Active:           390220 kB
Mem:          3.8G       3.7G       102M       5.7M        23M       3.3G

MemTotal:        4016004 kB
MemFree:          125904 kB
Active:           387880 kB
Mem:          3.8G       3.7G       123M       5.7M        23M       3.2G

MemTotal:        4016004 kB
MemFree:          107720 kB
Active:           387316 kB
Mem:          3.8G       3.7G       103M       5.7M        23M       3.3G

MemTotal:        4016004 kB
MemFree:          110792 kB
Active:           386056 kB
Mem:          3.8G       3.7G       106M       5.7M        23M       3.3G

MemTotal:        4016004 kB
MemFree:          126588 kB
Active:           385700 kB
Mem:          3.8G       3.7G       121M       5.7M        23M       3.2G

MemTotal:        4016004 kB
MemFree:          129220 kB
Active:           385616 kB
Mem:          3.8G       3.7G       125M       5.7M        23M       3.2G

MemTotal:        4016004 kB
MemFree:          131072 kB
Active:           388972 kB
Mem:          3.8G       3.7G       124M       5.7M        23M       3.2G

MemTotal:        4016004 kB
MemFree:          121692 kB
Active:           385832 kB
Mem:          3.8G       3.7G       114M       5.7M        23M       3.2G

MemTotal:        4016004 kB
MemFree:          113248 kB
Active:           385996 kB
Mem:          3.8G       3.7G       110M       5.7M        23M       3.2G

MemTotal:        4016004 kB
MemFree:          127332 kB
Active:           385892 kB
Mem:          3.8G       3.7G       122M       5.7M        23M       3.2G

MemTotal:        4016004 kB
MemFree:          105976 kB
Active:           385824 kB
Mem:          3.8G       3.7G       102M       5.7M        23M       3.3G

MemTotal:        4016004 kB
MemFree:          109496 kB
Active:           385848 kB
Mem:          3.8G       3.7G       104M       5.7M        23M       3.3G

MemTotal:        4016004 kB
MemFree:          117080 kB
Active:           385760 kB
Mem:          3.8G       3.7G       113M       5.7M        23M       3.2G

MemTotal:        4016004 kB
MemFree:          109020 kB
Active:           385820 kB
Mem:          3.8G       3.7G       106M       5.7M        23M       3.3G

MemTotal:        4016004 kB
MemFree:          135012 kB
Active:           385732 kB
Mem:          3.8G       3.7G       131M       5.7M        23M       3.2G

MemTotal:        4016004 kB
MemFree:          106708 kB
Active:           385736 kB
Mem:          3.8G       3.7G       103M       5.7M        23M       3.3G

MemTotal:        4016004 kB
MemFree:          110024 kB
Active:           385676 kB
Mem:          3.8G       3.7G       104M       5.7M        23M       3.3G

MemTotal:        4016004 kB
MemFree:          127940 kB
Active:           385280 kB
Mem:          3.8G       3.7G       125M       5.7M        23M       3.2G

MemTotal:        4016004 kB
MemFree:          128712 kB
Active:           384504 kB
Mem:          3.8G       3.7G       123M       5.7M        23M       3.2G

MemTotal:        4016004 kB
MemFree:          118644 kB
Active:           384316 kB
Mem:          3.8G       3.7G       114M       5.7M        23M       3.2G

MemTotal:        4016004 kB
MemFree:          109884 kB
Active:           384348 kB
Mem:          3.8G       3.7G       105M       5.7M        23M       3.3G

MemTotal:        4016004 kB
MemFree:          127008 kB
Active:           384308 kB
Mem:          3.8G       3.7G       123M       5.7M        23M       3.2G

MemTotal:        4016004 kB
MemFree:          130740 kB
Active:           384336 kB
Mem:          3.8G       3.7G       125M       5.7M        23M       3.2G

MemTotal:        4016004 kB
MemFree:          122320 kB
Active:           384420 kB
Mem:          3.8G       3.7G       119M       5.7M        23M       3.2G

MemTotal:        4016004 kB
MemFree:          135080 kB
Active:           384344 kB
Mem:          3.8G       3.7G       130M       5.7M        23M       3.2G

MemTotal:        4016004 kB
MemFree:          138868 kB
Active:           384356 kB
Mem:          3.8G       3.7G       132M       5.7M        23M       3.2G

MemTotal:        4016004 kB
MemFree:          142816 kB
Active:           384288 kB
Mem:          3.8G       3.7G       137M       5.7M        23M       3.2G

MemTotal:        4016004 kB
MemFree:          136196 kB
Active:           384312 kB
Mem:          3.8G       3.7G       132M       5.7M        23M       3.2G

MemTotal:        4016004 kB
MemFree:          136480 kB
Active:           384280 kB
Mem:          3.8G       3.7G       133M       5.7M        23M       3.2G

MemTotal:        4016004 kB
MemFree:          133388 kB
Active:           384368 kB
Mem:          3.8G       3.7G       128M       5.7M        23M       3.2G

MemTotal:        4016004 kB
MemFree:          137068 kB
Active:           384324 kB
Mem:          3.8G       3.7G       130M       5.7M        23M       3.2G

MemTotal:        4016004 kB
MemFree:          127952 kB
Active:           384224 kB
Mem:          3.8G       3.7G       122M       5.7M        23M       3.2G

MemTotal:        4016004 kB
MemFree:          117132 kB
Active:           384004 kB
Mem:          3.8G       3.7G       112M       5.7M        23M       3.2G

MemTotal:        4016004 kB
MemFree:          119992 kB
Active:           383784 kB
Mem:          3.8G       3.7G       115M       5.7M        23M       3.2G

MemTotal:        4016004 kB
MemFree:          142176 kB
Active:           383708 kB
Mem:          3.8G       3.7G       138M       5.7M        23M       3.2G

MemTotal:        4016004 kB
MemFree:          126624 kB
Active:           383728 kB
Mem:          3.8G       3.7G       121M       5.7M        23M       3.2G

MemTotal:        4016004 kB
MemFree:          134492 kB
Active:           383920 kB
Mem:          3.8G       3.7G       129M       5.7M        23M       3.2G

MemTotal:        4016004 kB
MemFree:          105368 kB
Active:           383844 kB
Mem:          3.8G       3.7G       125M       5.7M        23M       3.2G

MemTotal:        4016004 kB
MemFree:          110876 kB
Active:           384020 kB
Mem:          3.8G       3.7G       107M       5.7M        23M       3.2G

MemTotal:        4016004 kB
MemFree:          107440 kB
Active:           384068 kB
Mem:          3.8G       3.7G       103M       5.7M        23M       3.3G

MemTotal:        4016004 kB
MemFree:          127872 kB
Active:           384116 kB
Mem:          3.8G       3.7G       123M       5.7M        23M       3.2G

MemTotal:        4016004 kB
MemFree:          110112 kB
Active:           381548 kB
Mem:          3.8G       3.7G       105M       5.7M        23M       3.2G

MemTotal:        4016004 kB
MemFree:          130808 kB
Active:           381400 kB
Mem:          3.8G       3.7G       126M       5.7M        23M       3.2G

MemTotal:        4016004 kB
MemFree:          129496 kB
Active:           381532 kB
Mem:          3.8G       3.7G       126M       5.7M        23M       3.2G

MemTotal:        4016004 kB
MemFree:          129320 kB
Active:           381384 kB
Mem:          3.8G       3.7G       126M       5.7M        23M       3.2G

MemTotal:        4016004 kB
MemFree:          127644 kB
Active:           381388 kB
Mem:          3.8G       3.7G       122M       5.7M        23M       3.2G

MemTotal:        4016004 kB
MemFree:          120900 kB
Active:           381516 kB
Mem:          3.8G       3.7G       116M       5.7M        23M       3.2G

MemTotal:        4016004 kB
MemFree:          134304 kB
Active:           381564 kB
Mem:          3.8G       3.7G       129M       5.7M        23M       3.2G

MemTotal:        4016004 kB
MemFree:          130636 kB
Active:           381444 kB
Mem:          3.8G       3.7G       126M       5.7M        24M       3.2G

MemTotal:        4016004 kB
MemFree:          126332 kB
Active:           381696 kB
Mem:          3.8G       3.7G       120M       5.7M        24M       3.2G

MemTotal:        4016004 kB
MemFree:          123880 kB
Active:           381416 kB
Mem:          3.8G       3.7G       120M       5.7M        24M       3.2G

MemTotal:        4016004 kB
MemFree:          124560 kB
Active:           381492 kB
Mem:          3.8G       3.7G       119M       5.7M        24M       3.2G

MemTotal:        4016004 kB
MemFree:          123720 kB
Active:           381632 kB
Mem:          3.8G       3.7G       119M       5.7M        24M       3.2G

MemTotal:        4016004 kB
MemFree:          115984 kB
Active:           377332 kB
Mem:          3.8G       3.7G       111M       5.7M        24M       3.2G

MemTotal:        4016004 kB
MemFree:          114524 kB
Active:           377316 kB
Mem:          3.8G       3.7G       108M       5.7M        24M       3.2G

MemTotal:        4016004 kB
MemFree:          113732 kB
Active:           377432 kB
Mem:          3.8G       3.7G       109M       5.7M        24M       3.2G

MemTotal:        4016004 kB
MemFree:          126252 kB
Active:           377408 kB
Mem:          3.8G       3.7G       122M       5.7M        24M       3.2G

MemTotal:        4016004 kB
MemFree:          126036 kB
Active:           377348 kB
Mem:          3.8G       3.7G       121M       5.7M        24M       3.2G

MemTotal:        4016004 kB
MemFree:          135400 kB
Active:           377404 kB
Mem:          3.8G       3.7G       132M       5.7M        24M       3.2G

MemTotal:        4016004 kB
MemFree:          135312 kB
Active:           377372 kB
Mem:          3.8G       3.7G       132M       5.7M        24M       3.2G

MemTotal:        4016004 kB
MemFree:          116424 kB
Active:           377404 kB
Mem:          3.8G       3.7G       110M       5.7M        24M       3.2G

MemTotal:        4016004 kB
MemFree:          110856 kB
Active:           377456 kB
Mem:          3.8G       3.7G       107M       5.7M        24M       3.2G

MemTotal:        4016004 kB
MemFree:          107412 kB
Active:           377328 kB
Mem:          3.8G       3.7G       103M       5.7M        24M       3.2G

MemTotal:        4016004 kB
MemFree:          127512 kB
Active:           377724 kB
Mem:          3.8G       3.7G       123M       5.7M        24M       3.2G

MemTotal:        4016004 kB
MemFree:          118768 kB
Active:           377384 kB
Mem:          3.8G       3.7G       113M       5.7M        24M       3.2G

MemTotal:        4016004 kB
MemFree:          114704 kB
Active:           377752 kB
Mem:          3.8G       3.7G       110M       5.7M        24M       3.2G

MemTotal:        4016004 kB
MemFree:          110236 kB
Active:           376540 kB
Mem:          3.8G       3.7G       105M       5.7M        24M       3.2G

MemTotal:        4016004 kB
MemFree:          106808 kB
Active:           376476 kB
Mem:          3.8G       3.7G       102M       5.7M        24M       3.2G

MemTotal:        4016004 kB
MemFree:          127256 kB
Active:           376568 kB
Mem:          3.8G       3.7G       122M       5.7M        24M       3.2G

MemTotal:        4016004 kB
MemFree:          129912 kB
Active:           376408 kB
Mem:          3.8G       3.7G       125M       5.7M        24M       3.2G

MemTotal:        4016004 kB
MemFree:          120580 kB
Active:           376504 kB
Mem:          3.8G       3.7G       116M       5.7M        24M       3.2G

MemTotal:        4016004 kB
MemFree:          116344 kB
Active:           376784 kB
Mem:          3.8G       3.7G       112M       5.7M        24M       3.2G

MemTotal:        4016004 kB
MemFree:          113088 kB
Active:           376560 kB
Mem:          3.8G       3.7G       109M       5.7M        24M       3.2G

MemTotal:        4016004 kB
MemFree:          111920 kB
Active:           378740 kB
Mem:          3.8G       3.7G       109M       5.7M        24M       3.2G

MemTotal:        4016004 kB
MemFree:          113508 kB
Active:           378156 kB
Mem:          3.8G       3.7G       109M       5.7M        24M       3.2G

MemTotal:        4016004 kB
MemFree:          108300 kB
Active:           378180 kB
Mem:          3.8G       3.7G       104M       5.7M        24M       3.2G

MemTotal:        4016004 kB
MemFree:          105148 kB
Active:           377684 kB
Mem:          3.8G       3.7G       126M       5.7M        24M       3.2G

MemTotal:        4016004 kB
MemFree:          106008 kB
Active:           375724 kB
Mem:          3.8G       3.7G       125M       5.7M        24M       3.2G

MemTotal:        4016004 kB
MemFree:          106300 kB
Active:           375524 kB
Mem:          3.8G       3.7G       102M       5.7M        24M       3.2G

MemTotal:        4016004 kB
MemFree:          136044 kB
Active:           375612 kB
Mem:          3.8G       3.7G       130M       5.7M        24M       3.2G

MemTotal:        4016004 kB
MemFree:          129684 kB
Active:           375680 kB
Mem:          3.8G       3.7G       125M       5.7M        24M       3.2G

MemTotal:        4016004 kB
MemFree:          108044 kB
Active:           375704 kB
Mem:          3.8G       3.7G       104M       5.7M        24M       3.2G

MemTotal:        4016004 kB
MemFree:          108708 kB
Active:           375512 kB
Mem:          3.8G       3.7G       104M       5.7M        24M       3.2G

MemTotal:        4016004 kB
MemFree:          120004 kB
Active:           379216 kB
Mem:          3.8G       3.7G       115M       5.7M        24M       3.2G

MemTotal:        4016004 kB
MemFree:          143764 kB
Active:           378804 kB
Mem:          3.8G       3.7G       138M       5.7M        24M       3.2G

MemTotal:        4016004 kB
MemFree:          137632 kB
Active:           378880 kB
Mem:          3.8G       3.7G       134M       5.7M        24M       3.2G

MemTotal:        4016004 kB
MemFree:          126936 kB
Active:           378976 kB
Mem:          3.8G       3.7G       121M       5.7M        24M       3.2G

MemTotal:        4016004 kB
MemFree:          116872 kB
Active:           378804 kB
Mem:          3.8G       3.7G       111M       5.7M        24M       3.2G

MemTotal:        4016004 kB
MemFree:          113988 kB
Active:           378860 kB
Mem:          3.8G       3.7G       111M       5.7M        24M       3.2G

MemTotal:        4016004 kB
MemFree:          114212 kB
Active:           378972 kB
Mem:          3.8G       3.7G       109M       5.7M        24M       3.2G

MemTotal:        4016004 kB
MemFree:          125052 kB
Active:           370124 kB
Mem:          3.8G       3.7G       131M       5.7M        24M       3.2G

MemTotal:        4016004 kB
MemFree:          134312 kB
Active:           370064 kB
Mem:          3.8G       3.7G       129M       5.7M        24M       3.2G

MemTotal:        4016004 kB
MemFree:          131612 kB
Active:           370172 kB
Mem:          3.8G       3.7G       127M       5.7M        24M       3.2G

MemTotal:        4016004 kB
MemFree:          134260 kB
Active:           370160 kB
Mem:          3.8G       3.7G       128M       5.7M        24M       3.2G

MemTotal:        4016004 kB
MemFree:          130940 kB
Active:           370040 kB
Mem:          3.8G       3.7G       125M       5.7M        24M       3.2G

MemTotal:        4016004 kB
MemFree:          129216 kB
Active:           370056 kB
Mem:          3.8G       3.7G       123M       5.7M        24M       3.2G

MemTotal:        4016004 kB
MemFree:          136836 kB
Active:           370836 kB
Mem:          3.8G       3.7G       132M       5.7M        24M       3.2G

MemTotal:        4016004 kB
MemFree:          118140 kB
Active:           370852 kB
Mem:          3.8G       3.7G       114M       5.7M        24M       3.2G

MemTotal:        4016004 kB
MemFree:          124592 kB
Active:           370360 kB
Mem:          3.8G       3.7G       122M       5.7M        24M       3.2G

MemTotal:        4016004 kB
MemFree:          125756 kB
Active:           369100 kB
Mem:          3.8G       3.7G       132M       5.7M        24M       3.2G

MemTotal:        4016004 kB
MemFree:          128532 kB
Active:           368740 kB
Mem:          3.8G       3.7G       123M       5.7M        24M       3.2G

MemTotal:        4016004 kB
MemFree:          125836 kB
Active:           368756 kB
Mem:          3.8G       3.7G       131M       5.7M        24M       3.2G

MemTotal:        4016004 kB
MemFree:          137880 kB
Active:           365944 kB
Mem:          3.8G       3.7G       133M       5.7M        24M       3.2G

MemTotal:        4016004 kB
MemFree:          135212 kB
Active:           365976 kB
Mem:          3.8G       3.7G       130M       5.7M        25M       3.2G

MemTotal:        4016004 kB
MemFree:          132156 kB
Active:           365992 kB
Mem:          3.8G       3.7G       126M       5.7M        25M       3.2G

MemTotal:        4016004 kB
MemFree:          129952 kB
Active:           366016 kB
Mem:          3.8G       3.7G       126M       5.7M        25M       3.2G

MemTotal:        4016004 kB
MemFree:          144380 kB
Active:           366040 kB
Mem:          3.8G       3.7G       139M       5.7M        25M       3.2G

MemTotal:        4016004 kB
MemFree:          105100 kB
Active:           366072 kB
Mem:          3.8G       3.7G       124M       5.7M        25M       3.2G

MemTotal:        4016004 kB
MemFree:          107536 kB
Active:           368144 kB
Mem:          3.8G       3.7G       104M       5.7M        25M       3.2G

MemTotal:        4016004 kB
MemFree:          126212 kB
Active:           367520 kB
Mem:          3.8G       3.7G       122M       5.7M        25M       3.2G

MemTotal:        4016004 kB
MemFree:          109624 kB
Active:           367148 kB
Mem:          3.8G       3.7G       104M       5.7M        25M       3.2G

MemTotal:        4016004 kB
MemFree:          117888 kB
Active:           367048 kB
Mem:          3.8G       3.7G       114M       5.7M        25M       3.2G

MemTotal:        4016004 kB
MemFree:          132276 kB
Active:           367068 kB
Mem:          3.8G       3.7G       127M       5.7M        25M       3.2G

MemTotal:        4016004 kB
MemFree:          129096 kB
Active:           367084 kB
Mem:          3.8G       3.7G       124M       5.7M        25M       3.2G

MemTotal:        4016004 kB
MemFree:          125280 kB
Active:           367056 kB
Mem:          3.8G       3.7G       120M       5.7M        25M       3.2G

MemTotal:        4016004 kB
MemFree:          138716 kB
Active:           367124 kB
Mem:          3.8G       3.7G       133M       5.7M        25M       3.2G

MemTotal:        4016004 kB
MemFree:          136916 kB
Active:           365616 kB
Mem:          3.8G       3.7G       132M       5.7M        25M       3.2G

MemTotal:        4016004 kB
MemFree:          132248 kB
Active:           365636 kB
Mem:          3.8G       3.7G       127M       5.7M        25M       3.2G

MemTotal:        4016004 kB
MemFree:          128944 kB
Active:           365664 kB
Mem:          3.8G       3.7G       135M       5.7M        25M       3.2G

MemTotal:        4016004 kB
MemFree:          125688 kB
Active:           365684 kB
Mem:          3.8G       3.7G       122M       5.7M        25M       3.2G

MemTotal:        4016004 kB
MemFree:          135188 kB
Active:           365704 kB
Mem:          3.8G       3.7G       130M       5.7M        25M       3.2G

MemTotal:        4016004 kB
MemFree:          139620 kB
Active:           365728 kB
Mem:          3.8G       3.7G       136M       5.7M        25M       3.2G

MemTotal:        4016004 kB
MemFree:          112092 kB
Active:           365760 kB
Mem:          3.8G       3.7G       106M       5.7M        25M       3.2G

MemTotal:        4016004 kB
MemFree:          131364 kB
Active:           365640 kB
Mem:          3.8G       3.7G       128M       5.7M        25M       3.2G

MemTotal:        4016004 kB
MemFree:          126176 kB
Active:           365648 kB
Mem:          3.8G       3.7G       119M       5.7M        25M       3.2G

MemTotal:        4016004 kB
MemFree:          119540 kB
Active:           365668 kB
Mem:          3.8G       3.7G       114M       5.7M        25M       3.2G

MemTotal:        4016004 kB
MemFree:          110640 kB
Active:           365688 kB
Mem:          3.8G       3.7G       105M       5.7M        25M       3.2G

MemTotal:        4016004 kB
MemFree:          125440 kB
Active:           365704 kB
Mem:          3.8G       3.7G       131M       5.7M        25M       3.2G

MemTotal:        4016004 kB
MemFree:          134768 kB
Active:           365732 kB
Mem:          3.8G       3.7G       129M       5.7M        25M       3.2G

MemTotal:        4016004 kB
MemFree:          131836 kB
Active:           365752 kB
Mem:          3.8G       3.7G       125M       5.7M        25M       3.2G

MemTotal:        4016004 kB
MemFree:          129012 kB
Active:           365772 kB
Mem:          3.8G       3.7G       122M       5.7M        25M       3.2G

MemTotal:        4016004 kB
MemFree:          125708 kB
Active:           365788 kB
Mem:          3.8G       3.7G       120M       5.7M        25M       3.2G

MemTotal:        4016004 kB
MemFree:          116220 kB
Active:           365808 kB
Mem:          3.8G       3.7G       110M       5.7M        25M       3.2G

MemTotal:        4016004 kB
MemFree:          110764 kB
Active:           362448 kB
Mem:          3.8G       3.7G       106M       5.7M        25M       3.2G

MemTotal:        4016004 kB
MemFree:          131300 kB
Active:           362464 kB
Mem:          3.8G       3.7G       126M       5.7M        25M       3.2G

MemTotal:        4016004 kB
MemFree:          130244 kB
Active:           362484 kB
Mem:          3.8G       3.7G       123M       5.7M        25M       3.2G

MemTotal:        4016004 kB
MemFree:          125760 kB
Active:           362504 kB
Mem:          3.8G       3.7G       120M       5.7M        25M       3.2G

MemTotal:        4016004 kB
MemFree:          141180 kB
Active:           362532 kB
Mem:          3.8G       3.7G       137M       5.7M        25M       3.2G

MemTotal:        4016004 kB
MemFree:          140840 kB
Active:           362552 kB
Mem:          3.8G       3.7G       137M       5.7M        25M       3.2G

MemTotal:        4016004 kB
MemFree:          140748 kB
Active:           362552 kB
Mem:          3.8G       3.7G       137M       5.7M        25M       3.2G

MemTotal:        4016004 kB
MemFree:          140972 kB
Active:           362552 kB
Mem:          3.8G       3.7G       135M       5.7M        25M       3.2G

MemTotal:        4016004 kB
MemFree:          135172 kB
Active:           362568 kB
Mem:          3.8G       3.7G       130M       5.7M        25M       3.2G

MemTotal:        4016004 kB
MemFree:          133252 kB
Active:           364504 kB
Mem:          3.8G       3.7G       128M       5.7M        25M       3.2G

MemTotal:        4016004 kB
MemFree:          147912 kB
Active:           364532 kB
Mem:          3.8G       3.7G       142M       5.7M        25M       3.2G

MemTotal:        4016004 kB
MemFree:          109244 kB
Active:           366904 kB
Mem:          3.8G       3.7G       104M       5.7M        27M       3.2G

MemTotal:        4016004 kB
MemFree:          112752 kB
Active:           367088 kB
Mem:          3.8G       3.7G       108M       5.7M        28M       3.2G

MemTotal:        4016004 kB
MemFree:          111200 kB
Active:           366920 kB
Mem:          3.8G       3.7G       108M       5.7M        28M       3.2G

MemTotal:        4016004 kB
MemFree:          110748 kB
Active:           366916 kB
Mem:          3.8G       3.7G       106M       5.7M        28M       3.2G

MemTotal:        4016004 kB
MemFree:          126540 kB
Active:           366924 kB
Mem:          3.8G       3.7G       122M       5.7M        28M       3.2G

MemTotal:        4016004 kB
MemFree:          124972 kB
Active:           366924 kB
Mem:          3.8G       3.7G       121M       5.7M        28M       3.2G

MemTotal:        4016004 kB
MemFree:          125452 kB
Active:           366932 kB
Mem:          3.8G       3.7G       121M       5.7M        28M       3.2G

MemTotal:        4016004 kB
MemFree:          107556 kB
Active:           366932 kB
Mem:          3.8G       3.7G       105M       5.7M        28M       3.2G

MemTotal:        4016004 kB
MemFree:          134964 kB
Active:           366944 kB
Mem:          3.8G       3.7G       131M       5.7M        28M       3.2G

MemTotal:        4016004 kB
MemFree:          135024 kB
Active:           366944 kB
Mem:          3.8G       3.7G       131M       5.7M        28M       3.2G

MemTotal:        4016004 kB
MemFree:          135128 kB
Active:           366944 kB
Mem:          3.8G       3.7G       131M       5.7M        28M       3.2G

MemTotal:        4016004 kB
MemFree:          110088 kB
Active:           366940 kB
Mem:          3.8G       3.7G       124M       5.7M        28M       3.2G

MemTotal:        4016004 kB
MemFree:          126232 kB
Active:           364076 kB
Mem:          3.8G       3.7G       121M       5.7M        28M       3.2G

MemTotal:        4016004 kB
MemFree:          130308 kB
Active:           364076 kB
Mem:          3.8G       3.7G       126M       5.7M        28M       3.2G

MemTotal:        4016004 kB
MemFree:          114216 kB
Active:           364088 kB
Mem:          3.8G       3.7G       110M       5.7M        28M       3.2G

MemTotal:        4016004 kB
MemFree:          109284 kB
Active:           364088 kB
Mem:          3.8G       3.7G       105M       5.7M        28M       3.2G

MemTotal:        4016004 kB
MemFree:          105112 kB
Active:           364088 kB
Mem:          3.8G       3.7G       124M       5.7M        28M       3.2G

MemTotal:        4016004 kB
MemFree:          118408 kB
Active:           364088 kB
Mem:          3.8G       3.7G       114M       5.7M        28M       3.2G

MemTotal:        4016004 kB
MemFree:          114236 kB
Active:           364088 kB
Mem:          3.8G       3.7G       111M       5.7M        28M       3.2G

MemTotal:        4016004 kB
MemFree:          128684 kB
Active:           364088 kB
Mem:          3.8G       3.7G       124M       5.7M        28M       3.2G

MemTotal:        4016004 kB
MemFree:          124604 kB
Active:           364100 kB
Mem:          3.8G       3.7G       120M       5.7M        28M       3.2G

MemTotal:        4016004 kB
MemFree:          132848 kB
Active:           364112 kB
Mem:          3.8G       3.7G       128M       5.7M        28M       3.2G

MemTotal:        4016004 kB
MemFree:          138812 kB
Active:           364088 kB
Mem:          3.8G       3.7G       133M       5.7M        28M       3.2G

MemTotal:        4016004 kB
MemFree:          135508 kB
Active:           365624 kB
Mem:          3.8G       3.7G       130M       5.7M        28M       3.2G

MemTotal:        4016004 kB
MemFree:          129008 kB
Active:           365504 kB
Mem:          3.8G       3.7G       125M       5.7M        28M       3.2G

MemTotal:        4016004 kB
MemFree:          141760 kB
Active:           365520 kB
Mem:          3.8G       3.7G       137M       5.7M        28M       3.2G

MemTotal:        4016004 kB
MemFree:          126056 kB
Active:           365524 kB
Mem:          3.8G       3.7G       122M       5.7M        28M       3.2G

MemTotal:        4016004 kB
MemFree:          109840 kB
Active:           365524 kB
Mem:          3.8G       3.7G       105M       5.7M        28M       3.2G

MemTotal:        4016004 kB
MemFree:          130116 kB
Active:           365228 kB
Mem:          3.8G       3.7G       127M       5.7M        28M       3.2G

MemTotal:        4016004 kB
MemFree:          129900 kB
Active:           365216 kB
Mem:          3.8G       3.7G       126M       5.7M        28M       3.2G

MemTotal:        4016004 kB
MemFree:          129900 kB
Active:           365220 kB
Mem:          3.8G       3.7G       126M       5.7M        28M       3.2G

MemTotal:        4016004 kB
MemFree:          129900 kB
Active:           365224 kB
Mem:          3.8G       3.7G       126M       5.7M        28M       3.2G

MemTotal:        4016004 kB
MemFree:          127852 kB
Active:           365200 kB
Mem:          3.8G       3.7G       124M       5.7M        28M       3.2G

MemTotal:        4016004 kB
MemFree:          127852 kB
Active:           365200 kB
Mem:          3.8G       3.7G       124M       5.7M        28M       3.2G

MemTotal:        4016004 kB
MemFree:          127728 kB
Active:           365204 kB
Mem:          3.8G       3.7G       124M       5.7M        28M       3.2G

MemTotal:        4016004 kB
MemFree:          127728 kB
Active:           365204 kB
Mem:          3.8G       3.7G       124M       5.7M        28M       3.2G

MemTotal:        4016004 kB
MemFree:          127852 kB
Active:           367244 kB
Mem:          3.8G       3.7G       124M       5.7M        28M       3.2G

MemTotal:        4016004 kB
MemFree:          127852 kB
Active:           367244 kB
Mem:          3.8G       3.7G       124M       5.7M        28M       3.2G

MemTotal:        4016004 kB
MemFree:          127852 kB
Active:           367244 kB
Mem:          3.8G       3.7G       124M       5.7M        28M       3.2G

MemTotal:        4016004 kB
MemFree:          127852 kB
Active:           367248 kB
Mem:          3.8G       3.7G       124M       5.7M        28M       3.2G

MemTotal:        4016004 kB
MemFree:          127852 kB
Active:           367248 kB
Mem:          3.8G       3.7G       124M       5.7M        28M       3.2G

MemTotal:        4016004 kB
MemFree:          127852 kB
Active:           367248 kB
Mem:          3.8G       3.7G       124M       5.7M        28M       3.2G

MemTotal:        4016004 kB
MemFree:          127852 kB
Active:           367248 kB
Mem:          3.8G       3.7G       124M       5.7M        28M       3.2G

MemTotal:        4016004 kB
MemFree:          127728 kB
Active:           367248 kB
Mem:          3.8G       3.7G       124M       5.7M        28M       3.2G

MemTotal:        4016004 kB
MemFree:          127852 kB
Active:           367248 kB
Mem:          3.8G       3.7G       124M       5.7M        28M       3.2G

MemTotal:        4016004 kB
MemFree:          127852 kB
Active:           367260 kB
Mem:          3.8G       3.7G       124M       5.7M        28M       3.2G

MemTotal:        4016004 kB
MemFree:          127852 kB
Active:           367264 kB
Mem:          3.8G       3.7G       124M       5.7M        28M       3.2G

MemTotal:        4016004 kB
MemFree:          127976 kB
Active:           367268 kB
Mem:          3.8G       3.7G       124M       5.7M        28M       3.2G

MemTotal:        4016004 kB
MemFree:          127852 kB
Active:           367268 kB
Mem:          3.8G       3.7G       124M       5.7M        28M       3.2G

MemTotal:        4016004 kB
MemFree:          127852 kB
Active:           367268 kB
Mem:          3.8G       3.7G       124M       5.7M        28M       3.2G

MemTotal:        4016004 kB
MemFree:          127852 kB
Active:           367280 kB
Mem:          3.8G       3.7G       124M       5.7M        28M       3.2G

MemTotal:        4016004 kB
MemFree:          127852 kB
Active:           367280 kB
Mem:          3.8G       3.7G       124M       5.7M        28M       3.2G

MemTotal:        4016004 kB
MemFree:          127976 kB
Active:           367284 kB
Mem:          3.8G       3.7G       124M       5.7M        28M       3.2G

MemTotal:        4016004 kB
MemFree:          127976 kB
Active:           367284 kB
Mem:          3.8G       3.7G       124M       5.7M        28M       3.2G

MemTotal:        4016004 kB
MemFree:          127852 kB
Active:           367284 kB
Mem:          3.8G       3.7G       124M       5.7M        28M       3.2G

MemTotal:        4016004 kB
MemFree:          127728 kB
Active:           367280 kB
Mem:          3.8G       3.7G       124M       5.7M        28M       3.2G

MemTotal:        4016004 kB
MemFree:          127724 kB
Active:           367308 kB
Mem:          3.8G       3.7G       124M       5.7M        28M       3.2G

MemTotal:        4016004 kB
MemFree:          127884 kB
Active:           367308 kB
Mem:          3.8G       3.7G       124M       5.7M        28M       3.2G

MemTotal:        4016004 kB
MemFree:          127884 kB
Active:           367308 kB
Mem:          3.8G       3.7G       124M       5.7M        28M       3.2G

MemTotal:        4016004 kB
MemFree:          127884 kB
Active:           367308 kB
Mem:          3.8G       3.7G       124M       5.7M        28M       3.2G

MemTotal:        4016004 kB
MemFree:          127884 kB
Active:           367308 kB
Mem:          3.8G       3.7G       124M       5.7M        28M       3.2G

MemTotal:        4016004 kB
MemFree:          127760 kB
Active:           367324 kB
Mem:          3.8G       3.7G       124M       5.7M        28M       3.2G

MemTotal:        4016004 kB
MemFree:          127760 kB
Active:           367332 kB
Mem:          3.8G       3.7G       124M       5.7M        28M       3.2G

MemTotal:        4016004 kB
MemFree:          127884 kB
Active:           367332 kB
Mem:          3.8G       3.7G       124M       5.7M        28M       3.2G

MemTotal:        4016004 kB
MemFree:          127884 kB
Active:           367332 kB
Mem:          3.8G       3.7G       124M       5.7M        28M       3.2G

MemTotal:        4016004 kB
MemFree:          127760 kB
Active:           367332 kB
Mem:          3.8G       3.7G       124M       5.7M        28M       3.2G

MemTotal:        4016004 kB
MemFree:          127760 kB
Active:           367320 kB
Mem:          3.8G       3.7G       124M       5.7M        28M       3.2G

MemTotal:        4016004 kB
MemFree:          127636 kB
Active:           367336 kB
Mem:          3.8G       3.7G       124M       5.7M        28M       3.2G

MemTotal:        4016004 kB
MemFree:          127636 kB
Active:           367328 kB
Mem:          3.8G       3.7G       124M       5.7M        28M       3.2G

MemTotal:        4016004 kB
MemFree:          127512 kB
Active:           367332 kB
Mem:          3.8G       3.7G       124M       5.7M        28M       3.2G

MemTotal:        4016004 kB
MemFree:          127636 kB
Active:           367332 kB
Mem:          3.8G       3.7G       124M       5.7M        28M       3.2G

MemTotal:        4016004 kB
MemFree:          127636 kB
Active:           367336 kB
Mem:          3.8G       3.7G       124M       5.7M        28M       3.2G

MemTotal:        4016004 kB
MemFree:          127636 kB
Active:           367336 kB
Mem:          3.8G       3.7G       124M       5.7M        28M       3.2G

MemTotal:        4016004 kB
MemFree:          127636 kB
Active:           367340 kB
Mem:          3.8G       3.7G       124M       5.7M        28M       3.2G

MemTotal:        4016004 kB
MemFree:          127760 kB
Active:           367340 kB
Mem:          3.8G       3.7G       124M       5.7M        28M       3.2G

MemTotal:        4016004 kB
MemFree:          127760 kB
Active:           367344 kB
Mem:          3.8G       3.7G       124M       5.7M        28M       3.2G

MemTotal:        4016004 kB
MemFree:          127760 kB
Active:           367344 kB
Mem:          3.8G       3.7G       124M       5.7M        28M       3.2G

MemTotal:        4016004 kB
MemFree:          127884 kB
Active:           367344 kB
Mem:          3.8G       3.7G       124M       5.7M        28M       3.2G

MemTotal:        4016004 kB
MemFree:          127884 kB
Active:           367344 kB
Mem:          3.8G       3.7G       125M       5.7M        28M       3.2G

MemTotal:        4016004 kB
MemFree:          128256 kB
Active:           367340 kB
Mem:          3.8G       3.7G       124M       5.7M        28M       3.2G

MemTotal:        4016004 kB
MemFree:          127760 kB
Active:           367344 kB
Mem:          3.8G       3.7G       124M       5.7M        28M       3.2G

MemTotal:        4016004 kB
MemFree:          127760 kB
Active:           367356 kB
Mem:          3.8G       3.7G       124M       5.7M        28M       3.2G

MemTotal:        4016004 kB
MemFree:          127760 kB
Active:           367364 kB
Mem:          3.8G       3.7G       125M       5.7M        28M       3.2G

MemTotal:        4016004 kB
MemFree:          128132 kB
Active:           367364 kB
Mem:          3.8G       3.7G       125M       5.7M        28M       3.2G

MemTotal:        4016004 kB
MemFree:          128132 kB
Active:           367364 kB
Mem:          3.8G       3.7G       125M       5.7M        28M       3.2G

MemTotal:        4016004 kB
MemFree:          128132 kB
Active:           367368 kB
Mem:          3.8G       3.7G       124M       5.7M        28M       3.2G

MemTotal:        4016004 kB
MemFree:          127760 kB
Active:           367368 kB
Mem:          3.8G       3.7G       124M       5.7M        28M       3.2G

MemTotal:        4016004 kB
MemFree:          127744 kB
Active:           367372 kB
Mem:          3.8G       3.7G       124M       5.7M        28M       3.2G

MemTotal:        4016004 kB
MemFree:          127744 kB
Active:           367376 kB
Mem:          3.8G       3.7G       124M       5.7M        28M       3.2G

MemTotal:        4016004 kB
MemFree:          127744 kB
Active:           367372 kB
Mem:          3.8G       3.7G       124M       5.7M        28M       3.2G

MemTotal:        4016004 kB
MemFree:          127744 kB
Active:           367376 kB
Mem:          3.8G       3.7G       124M       5.7M        28M       3.2G

MemTotal:        4016004 kB
MemFree:          127744 kB
Active:           367384 kB
Mem:          3.8G       3.7G       124M       5.7M        28M       3.2G

MemTotal:        4016004 kB
MemFree:          127744 kB
Active:           367388 kB
Mem:          3.8G       3.7G       124M       5.7M        28M       3.2G

MemTotal:        4016004 kB
MemFree:          127620 kB
Active:           367392 kB
Mem:          3.8G       3.7G       124M       5.7M        28M       3.2G

MemTotal:        4016004 kB
MemFree:          127744 kB
Active:           367392 kB
Mem:          3.8G       3.7G       124M       5.7M        28M       3.2G

MemTotal:        4016004 kB
MemFree:          127744 kB
Active:           367392 kB
Mem:          3.8G       3.7G       124M       5.7M        28M       3.2G

MemTotal:        4016004 kB
MemFree:          127620 kB
Active:           367392 kB
Mem:          3.8G       3.7G       124M       5.7M        28M       3.2G

MemTotal:        4016004 kB
MemFree:          127744 kB
Active:           367392 kB
Mem:          3.8G       3.7G       124M       5.7M        28M       3.2G

MemTotal:        4016004 kB
MemFree:          127744 kB
Active:           367396 kB
Mem:          3.8G       3.7G       124M       5.7M        28M       3.2G

MemTotal:        4016004 kB
MemFree:          127744 kB
Active:           367396 kB
Mem:          3.8G       3.7G       124M       5.7M        28M       3.2G

MemTotal:        4016004 kB
MemFree:          127744 kB
Active:           367396 kB
Mem:          3.8G       3.7G       124M       5.7M        28M       3.2G

MemTotal:        4016004 kB
MemFree:          127744 kB
Active:           367396 kB
Mem:          3.8G       3.7G       124M       5.7M        28M       3.2G

MemTotal:        4016004 kB
MemFree:          127744 kB
Active:           367396 kB
Mem:          3.8G       3.7G       124M       5.7M        28M       3.2G

MemTotal:        4016004 kB
MemFree:          127992 kB
Active:           367400 kB
Mem:          3.8G       3.7G       124M       5.7M        28M       3.2G

MemTotal:        4016004 kB
MemFree:          127868 kB
Active:           367400 kB
Mem:          3.8G       3.7G       124M       5.7M        28M       3.2G

MemTotal:        4016004 kB
MemFree:          127744 kB
Active:           367440 kB
Mem:          3.8G       3.7G       124M       5.7M        28M       3.2G

MemTotal:        4016004 kB
MemFree:          127744 kB
Active:           367448 kB
Mem:          3.8G       3.7G       124M       5.7M        28M       3.2G

MemTotal:        4016004 kB
MemFree:          127496 kB
Active:           367596 kB
Mem:          3.8G       3.7G       124M       5.7M        28M       3.2G

MemTotal:        4016004 kB
MemFree:          127108 kB
Active:           367484 kB
Mem:          3.8G       3.7G       124M       5.7M        28M       3.2G

MemTotal:        4016004 kB
MemFree:          127108 kB
Active:           367432 kB
Mem:          3.8G       3.7G       124M       5.7M        28M       3.2G

MemTotal:        4016004 kB
MemFree:          126984 kB
Active:           367456 kB
Mem:          3.8G       3.7G       123M       5.7M        28M       3.2G

MemTotal:        4016004 kB
MemFree:          126984 kB
Active:           367448 kB
Mem:          3.8G       3.7G       124M       5.7M        28M       3.2G

MemTotal:        4016004 kB
MemFree:          126844 kB
Active:           367480 kB
Mem:          3.8G       3.7G       123M       5.7M        28M       3.2G

MemTotal:        4016004 kB
MemFree:          126860 kB
Active:           367492 kB
Mem:          3.8G       3.7G       123M       5.7M        28M       3.2G

MemTotal:        4016004 kB
MemFree:          126844 kB
Active:           367472 kB
Mem:          3.8G       3.7G       123M       5.7M        28M       3.2G

MemTotal:        4016004 kB
MemFree:          126860 kB
Active:           367496 kB
Mem:          3.8G       3.7G       123M       5.7M        28M       3.2G

MemTotal:        4016004 kB
MemFree:          126984 kB
Active:           367484 kB
Mem:          3.8G       3.7G       124M       5.7M        28M       3.2G

MemTotal:        4016004 kB
MemFree:          126844 kB
Active:           367492 kB
Mem:          3.8G       3.7G       123M       5.7M        28M       3.2G

MemTotal:        4016004 kB
MemFree:          126860 kB
Active:           367500 kB
Mem:          3.8G       3.7G       123M       5.7M        28M       3.2G

MemTotal:        4016004 kB
MemFree:          126812 kB
Active:           367504 kB
Mem:          3.8G       3.7G       123M       5.7M        28M       3.2G

MemTotal:        4016004 kB
MemFree:          126596 kB
Active:           367556 kB
Mem:          3.8G       3.7G       123M       5.7M        28M       3.2G

MemTotal:        4016004 kB
MemFree:          126596 kB
Active:           367560 kB
Mem:          3.8G       3.7G       123M       5.7M        28M       3.2G

MemTotal:        4016004 kB
MemFree:          126720 kB
Active:           367504 kB
Mem:          3.8G       3.7G       123M       5.7M        28M       3.2G

MemTotal:        4016004 kB
MemFree:          128200 kB
Active:           365604 kB
Mem:          3.8G       3.7G       125M       5.7M        28M       3.2G

MemTotal:        4016004 kB
MemFree:          128844 kB
Active:           365528 kB
Mem:          3.8G       3.7G       125M       5.7M        28M       3.2G

MemTotal:        4016004 kB
MemFree:          128596 kB
Active:           365544 kB
Mem:          3.8G       3.7G       125M       5.7M        28M       3.2G

MemTotal:        4016004 kB
MemFree:          128844 kB
Active:           365544 kB
Mem:          3.8G       3.7G       125M       5.7M        28M       3.2G

MemTotal:        4016004 kB
MemFree:          128844 kB
Active:           365544 kB
Mem:          3.8G       3.7G       125M       5.7M        28M       3.2G

MemTotal:        4016004 kB
MemFree:          128596 kB
Active:           365544 kB
Mem:          3.8G       3.7G       125M       5.7M        28M       3.2G

MemTotal:        4016004 kB
MemFree:          128828 kB
Active:           365544 kB
Mem:          3.8G       3.7G       125M       5.7M        28M       3.2G

MemTotal:        4016004 kB
MemFree:          128968 kB
Active:           365520 kB
Mem:          3.8G       3.7G       125M       5.7M        28M       3.2G

MemTotal:        4016004 kB
MemFree:          128828 kB
Active:           365548 kB
Mem:          3.8G       3.7G       125M       5.7M        28M       3.2G

MemTotal:        4016004 kB
MemFree:          128828 kB
Active:           365688 kB
Mem:          3.8G       3.7G       125M       5.7M        28M       3.2G

MemTotal:        4016004 kB
MemFree:          129092 kB
Active:           365548 kB
Mem:          3.8G       3.7G       126M       5.7M        28M       3.2G

MemTotal:        4016004 kB
MemFree:          129324 kB
Active:           365544 kB
Mem:          3.8G       3.7G       126M       5.7M        28M       3.2G

MemTotal:        4016004 kB
MemFree:          129324 kB
Active:           365572 kB
Mem:          3.8G       3.7G       126M       5.7M        28M       3.2G

MemTotal:        4016004 kB
MemFree:          129200 kB
Active:           365524 kB
Mem:          3.8G       3.7G       126M       5.7M        28M       3.2G

MemTotal:        4016004 kB
MemFree:          129076 kB
Active:           365540 kB
Mem:          3.8G       3.7G       126M       5.7M        28M       3.2G

MemTotal:        4016004 kB
MemFree:          129092 kB
Active:           365536 kB
Mem:          3.8G       3.7G       126M       5.7M        28M       3.2G

MemTotal:        4016004 kB
MemFree:          129076 kB
Active:           365568 kB
Mem:          3.8G       3.7G       125M       5.7M        28M       3.2G

MemTotal:        4016004 kB
MemFree:          129076 kB
Active:           365552 kB
Mem:          3.8G       3.7G       126M       5.7M        28M       3.2G

MemTotal:        4016004 kB
MemFree:          129092 kB
Active:           365548 kB
Mem:          3.8G       3.7G       126M       5.7M        28M       3.2G

MemTotal:        4016004 kB
MemFree:          128828 kB
Active:           365584 kB
Mem:          3.8G       3.7G       125M       5.7M        28M       3.2G

MemTotal:        4016004 kB
MemFree:          128704 kB
Active:           365544 kB
Mem:          3.8G       3.7G       125M       5.7M        28M       3.2G

MemTotal:        4016004 kB
MemFree:          128704 kB
Active:           365576 kB
Mem:          3.8G       3.7G       125M       5.7M        28M       3.2G

MemTotal:        4016004 kB
MemFree:          129200 kB
Active:           365704 kB
Mem:          3.8G       3.7G       126M       5.7M        28M       3.2G

MemTotal:        4016004 kB
MemFree:          129200 kB
Active:           365560 kB
Mem:          3.8G       3.7G       126M       5.7M        28M       3.2G

MemTotal:        4016004 kB
MemFree:          129076 kB
Active:           365692 kB
Mem:          3.8G       3.7G       125M       5.7M        28M       3.2G

MemTotal:        4016004 kB
MemFree:          129200 kB
Active:           365560 kB
Mem:          3.8G       3.7G       126M       5.7M        28M       3.2G

MemTotal:        4016004 kB
MemFree:          129200 kB
Active:           365584 kB
Mem:          3.8G       3.7G       126M       5.7M        28M       3.2G

MemTotal:        4016004 kB
MemFree:          128952 kB
Active:           365552 kB
Mem:          3.8G       3.7G       125M       5.7M        28M       3.2G

MemTotal:        4016004 kB
MemFree:          128952 kB
Active:           365580 kB
Mem:          3.8G       3.7G       125M       5.7M        28M       3.2G

MemTotal:        4016004 kB
MemFree:          128704 kB
Active:           365596 kB
Mem:          3.8G       3.7G       125M       5.7M        28M       3.2G

MemTotal:        4016004 kB
MemFree:          128828 kB
Active:           365584 kB
Mem:          3.8G       3.7G       125M       5.7M        28M       3.2G

MemTotal:        4016004 kB
MemFree:          128844 kB
Active:           365592 kB
Mem:          3.8G       3.7G       125M       5.7M        28M       3.2G

MemTotal:        4016004 kB
MemFree:          128828 kB
Active:           365720 kB
Mem:          3.8G       3.7G       125M       5.7M        28M       3.2G

MemTotal:        4016004 kB
MemFree:          128704 kB
Active:           365708 kB
Mem:          3.8G       3.7G       125M       5.7M        28M       3.2G

MemTotal:        4016004 kB
MemFree:          128844 kB
Active:           365552 kB
Mem:          3.8G       3.7G       125M       5.7M        28M       3.2G

MemTotal:        4016004 kB
MemFree:          128704 kB
Active:           365728 kB
Mem:          3.8G       3.7G       125M       5.7M        28M       3.2G

MemTotal:        4016004 kB
MemFree:          129200 kB
Active:           365612 kB
Mem:          3.8G       3.7G       126M       5.7M        28M       3.2G

MemTotal:        4016004 kB
MemFree:          129076 kB
Active:           365608 kB
Mem:          3.8G       3.7G       126M       5.7M        28M       3.2G

MemTotal:        4016004 kB
MemFree:          129076 kB
Active:           365736 kB
Mem:          3.8G       3.7G       126M       5.7M        28M       3.2G

MemTotal:        4016004 kB
MemFree:          128596 kB
Active:           365608 kB
Mem:          3.8G       3.7G       125M       5.7M        28M       3.2G

MemTotal:        4016004 kB
MemFree:          128828 kB
Active:           365720 kB
Mem:          3.8G       3.7G       125M       5.7M        28M       3.2G

MemTotal:        4016004 kB
MemFree:          128580 kB
Active:           365616 kB
Mem:          3.8G       3.7G       125M       5.7M        28M       3.2G

MemTotal:        4016004 kB
MemFree:          128828 kB
Active:           365744 kB
Mem:          3.8G       3.7G       125M       5.7M        28M       3.2G

MemTotal:        4016004 kB
MemFree:          128828 kB
Active:           365696 kB
Mem:          3.8G       3.7G       125M       5.7M        28M       3.2G

MemTotal:        4016004 kB
MemFree:          129076 kB
Active:           365788 kB
Mem:          3.8G       3.7G       125M       5.7M        28M       3.2G

MemTotal:        4016004 kB
MemFree:          129092 kB
Active:           365560 kB
Mem:          3.8G       3.7G       126M       5.7M        28M       3.2G

MemTotal:        4016004 kB
MemFree:          129076 kB
Active:           365624 kB
Mem:          3.8G       3.7G       126M       5.7M        28M       3.2G

MemTotal:        4016004 kB
MemFree:          128828 kB
Active:           365732 kB
Mem:          3.8G       3.7G       125M       5.7M        28M       3.2G

MemTotal:        4016004 kB
MemFree:          128952 kB
Active:           365616 kB
Mem:          3.8G       3.7G       125M       5.7M        28M       3.2G

MemTotal:        4016004 kB
MemFree:          128704 kB
Active:           365732 kB
Mem:          3.8G       3.7G       125M       5.7M        28M       3.2G

MemTotal:        4016004 kB
MemFree:          128828 kB
Active:           365612 kB
Mem:          3.8G       3.7G       125M       5.7M        28M       3.2G

MemTotal:        4016004 kB
MemFree:          128704 kB
Active:           365748 kB
Mem:          3.8G       3.7G       125M       5.7M        28M       3.2G

MemTotal:        4016004 kB
MemFree:          129200 kB
Active:           365608 kB
Mem:          3.8G       3.7G       126M       5.7M        28M       3.2G

MemTotal:        4016004 kB
MemFree:          129324 kB
Active:           365616 kB
Mem:          3.8G       3.7G       126M       5.7M        28M       3.2G

MemTotal:        4016004 kB
MemFree:          129200 kB
Active:           365572 kB
Mem:          3.8G       3.7G       126M       5.7M        28M       3.2G

MemTotal:        4016004 kB
MemFree:          128952 kB
Active:           365760 kB
Mem:          3.8G       3.7G       126M       5.7M        28M       3.2G

MemTotal:        4016004 kB
MemFree:          129076 kB
Active:           365724 kB
Mem:          3.8G       3.7G       126M       5.7M        28M       3.2G

MemTotal:        4016004 kB
MemFree:          128828 kB
Active:           365776 kB
Mem:          3.8G       3.7G       125M       5.7M        28M       3.2G

MemTotal:        4016004 kB
MemFree:          128952 kB
Active:           365624 kB
Mem:          3.8G       3.7G       125M       5.7M        28M       3.2G

MemTotal:        4016004 kB
MemFree:          128968 kB
Active:           365592 kB
Mem:          3.8G       3.7G       125M       5.7M        28M       3.2G

MemTotal:        4016004 kB
MemFree:          128952 kB
Active:           365740 kB
Mem:          3.8G       3.7G       125M       5.7M        28M       3.2G

MemTotal:        4016004 kB
MemFree:          128952 kB
Active:           365652 kB
Mem:          3.8G       3.7G       125M       5.7M        28M       3.2G

MemTotal:        4016004 kB
MemFree:          129076 kB
Active:           365648 kB
Mem:          3.8G       3.7G       126M       5.7M        28M       3.2G

MemTotal:        4016004 kB
MemFree:          128952 kB
Active:           365616 kB
Mem:          3.8G       3.7G       125M       5.7M        28M       3.2G

MemTotal:        4016004 kB
MemFree:          128876 kB
Active:           365756 kB
Mem:          3.8G       3.7G       125M       5.7M        28M       3.2G

MemTotal:        4016004 kB
MemFree:          129076 kB
Active:           365772 kB
Mem:          3.8G       3.7G       126M       5.7M        28M       3.2G

MemTotal:        4016004 kB
MemFree:          128704 kB
Active:           365784 kB
Mem:          3.8G       3.7G       125M       5.7M        28M       3.2G

MemTotal:        4016004 kB
MemFree:          128828 kB
Active:           365780 kB
Mem:          3.8G       3.7G       125M       5.7M        28M       3.2G

MemTotal:        4016004 kB
MemFree:          128828 kB
Active:           365792 kB
Mem:          3.8G       3.7G       125M       5.7M        28M       3.2G

MemTotal:        4016004 kB
MemFree:          128580 kB
Active:           365676 kB
Mem:          3.8G       3.7G       125M       5.7M        28M       3.2G

MemTotal:        4016004 kB
MemFree:          128704 kB
Active:           365648 kB
Mem:          3.8G       3.7G       125M       5.7M        28M       3.2G

MemTotal:        4016004 kB
MemFree:          128580 kB
Active:           365696 kB
Mem:          3.8G       3.7G       125M       5.7M        28M       3.2G

MemTotal:        4016004 kB
MemFree:          128736 kB
Active:           365796 kB
Mem:          3.8G       3.7G       125M       5.7M        28M       3.2G

MemTotal:        4016004 kB
MemFree:          128860 kB
Active:           365800 kB
Mem:          3.8G       3.7G       125M       5.7M        28M       3.2G

MemTotal:        4016004 kB
MemFree:          128620 kB
Active:           365796 kB
Mem:          3.8G       3.7G       125M       5.7M        28M       3.2G

MemTotal:        4016004 kB
MemFree:          128488 kB
Active:           365672 kB
Mem:          3.8G       3.7G       125M       5.7M        28M       3.2G

MemTotal:        4016004 kB
MemFree:          128784 kB
Active:           365764 kB
Mem:          3.8G       3.7G       125M       5.7M        28M       3.2G

MemTotal:        4016004 kB
MemFree:          128860 kB
Active:           365636 kB
Mem:          3.8G       3.7G       125M       5.7M        28M       3.2G

MemTotal:        4016004 kB
MemFree:          129108 kB
Active:           365684 kB
Mem:          3.8G       3.7G       126M       5.7M        28M       3.2G

MemTotal:        4016004 kB
MemFree:          128984 kB
Active:           365676 kB
Mem:          3.8G       3.7G       125M       5.7M        28M       3.2G

MemTotal:        4016004 kB
MemFree:          128736 kB
Active:           365800 kB
Mem:          3.8G       3.7G       125M       5.7M        28M       3.2G

MemTotal:        4016004 kB
MemFree:          128596 kB
Active:           365796 kB
Mem:          3.8G       3.7G       125M       5.7M        28M       3.2G

MemTotal:        4016004 kB
MemFree:          128612 kB
Active:           365804 kB
Mem:          3.8G       3.7G       125M       5.7M        28M       3.2G

MemTotal:        4016004 kB
MemFree:          128612 kB
Active:           365788 kB
Mem:          3.8G       3.7G       125M       5.7M        28M       3.2G

MemTotal:        4016004 kB
MemFree:          128520 kB
Active:           365788 kB
Mem:          3.8G       3.7G       125M       5.7M        28M       3.2G

MemTotal:        4016004 kB
MemFree:          128612 kB
Active:           365664 kB
Mem:          3.8G       3.7G       125M       5.7M        28M       3.2G

MemTotal:        4016004 kB
MemFree:          128736 kB
Active:           365680 kB
Mem:          3.8G       3.7G       125M       5.7M        28M       3.2G

MemTotal:        4016004 kB
MemFree:          128612 kB
Active:           365676 kB
Mem:          3.8G       3.7G       125M       5.7M        28M       3.2G

MemTotal:        4016004 kB
MemFree:          128720 kB
Active:           365712 kB
Mem:          3.8G       3.7G       125M       5.7M        28M       3.2G

MemTotal:        4016004 kB
MemFree:          128860 kB
Active:           365780 kB
Mem:          3.8G       3.7G       125M       5.7M        28M       3.2G

MemTotal:        4016004 kB
MemFree:          128984 kB
Active:           365832 kB
Mem:          3.8G       3.7G       125M       5.7M        28M       3.2G

MemTotal:        4016004 kB
MemFree:          128784 kB
Active:           365820 kB
Mem:          3.8G       3.7G       125M       5.7M        28M       3.2G

MemTotal:        4016004 kB
MemFree:          128488 kB
Active:           365840 kB
Mem:          3.8G       3.7G       125M       5.7M        28M       3.2G

MemTotal:        4016004 kB
MemFree:          128860 kB
Active:           365844 kB
Mem:          3.8G       3.7G       125M       5.7M        28M       3.2G

MemTotal:        4016004 kB
MemFree:          128884 kB
Active:           365792 kB
Mem:          3.8G       3.7G       125M       5.7M        28M       3.2G

MemTotal:        4016004 kB
MemFree:          129108 kB
Active:           365676 kB
Mem:          3.8G       3.7G       125M       5.7M        28M       3.2G

MemTotal:        4016004 kB
MemFree:          128860 kB
Active:           365740 kB
Mem:          3.8G       3.7G       125M       5.7M        28M       3.2G

MemTotal:        4016004 kB
MemFree:          128620 kB
Active:           365824 kB
Mem:          3.8G       3.7G       125M       5.7M        28M       3.2G

MemTotal:        4016004 kB
MemFree:          128488 kB
Active:           365828 kB
Mem:          3.8G       3.7G       125M       5.7M        28M       3.2G

MemTotal:        4016004 kB
MemFree:          128364 kB
Active:           365848 kB
Mem:          3.8G       3.7G       125M       5.7M        28M       3.2G

MemTotal:        4016004 kB
MemFree:          128768 kB
Active:           365700 kB
Mem:          3.8G       3.7G       125M       5.7M        28M       3.2G

MemTotal:        4016004 kB
MemFree:          128488 kB
Active:           365816 kB
Mem:          3.8G       3.7G       124M       5.7M        28M       3.2G

MemTotal:        4016004 kB
MemFree:          128660 kB
Active:           365828 kB
Mem:          3.8G       3.7G       125M       5.7M        28M       3.2G

MemTotal:        4016004 kB
MemFree:          128844 kB
Active:           365688 kB
Mem:          3.8G       3.7G       125M       5.7M        28M       3.2G

MemTotal:        4016004 kB
MemFree:          128720 kB
Active:           365728 kB
Mem:          3.8G       3.7G       125M       5.7M        28M       3.2G

MemTotal:        4016004 kB
MemFree:          129108 kB
Active:           365796 kB
Mem:          3.8G       3.7G       126M       5.7M        28M       3.2G

MemTotal:        4016004 kB
MemFree:          128968 kB
Active:           365852 kB
Mem:          3.8G       3.7G       125M       5.7M        28M       3.2G

MemTotal:        4016004 kB
MemFree:          129108 kB
Active:           365820 kB
Mem:          3.8G       3.7G       126M       5.7M        28M       3.2G

MemTotal:        4016004 kB
MemFree:          129108 kB
Active:           365840 kB
Mem:          3.8G       3.7G       126M       5.7M        28M       3.2G

MemTotal:        4016004 kB
MemFree:          128736 kB
Active:           365852 kB
Mem:          3.8G       3.7G       125M       5.7M        28M       3.2G

MemTotal:        4016004 kB
MemFree:          129032 kB
Active:           365852 kB
Mem:          3.8G       3.7G       125M       5.7M        28M       3.2G

MemTotal:        4016004 kB
MemFree:          128720 kB
Active:           365712 kB
Mem:          3.8G       3.7G       125M       5.7M        28M       3.2G

MemTotal:        4016004 kB
MemFree:          128736 kB
Active:           365780 kB
Mem:          3.8G       3.7G       125M       5.7M        28M       3.2G

MemTotal:        4016004 kB
MemFree:          128968 kB
Active:           365584 kB
Mem:          3.8G       3.7G       125M       5.7M        28M       3.2G

MemTotal:        4016004 kB
MemFree:          129016 kB
Active:           365832 kB
Mem:          3.8G       3.7G       125M       5.7M        28M       3.2G

MemTotal:        4016004 kB
MemFree:          129100 kB
Active:           365868 kB
Mem:          3.8G       3.7G       126M       5.7M        28M       3.2G

MemTotal:        4016004 kB
MemFree:          128868 kB
Active:           365860 kB
Mem:          3.8G       3.7G       125M       5.7M        28M       3.2G

MemTotal:        4016004 kB
MemFree:          128992 kB
Active:           365880 kB
Mem:          3.8G       3.7G       125M       5.7M        28M       3.2G

MemTotal:        4016004 kB
MemFree:          129016 kB
Active:           365864 kB
Mem:          3.8G       3.7G       125M       5.7M        28M       3.2G

MemTotal:        4016004 kB
MemFree:          129000 kB
Active:           365840 kB
Mem:          3.8G       3.7G       125M       5.7M        28M       3.2G

MemTotal:        4016004 kB
MemFree:          128868 kB
Active:           365788 kB
Mem:          3.8G       3.7G       125M       5.7M        28M       3.2G

MemTotal:        4016004 kB
MemFree:          128976 kB
Active:           365768 kB
Mem:          3.8G       3.7G       126M       5.7M        28M       3.2G

MemTotal:        4016004 kB
MemFree:          128992 kB
Active:           365872 kB
Mem:          3.8G       3.7G       125M       5.7M        28M       3.2G

MemTotal:        4016004 kB
MemFree:          128916 kB
Active:           365872 kB
Mem:          3.8G       3.7G       125M       5.7M        28M       3.2G

MemTotal:        4016004 kB
MemFree:          128892 kB
Active:           365764 kB
Mem:          3.8G       3.7G       125M       5.7M        28M       3.2G

MemTotal:        4016004 kB
MemFree:          128728 kB
Active:           365784 kB
Mem:          3.8G       3.7G       125M       5.7M        28M       3.2G

MemTotal:        4016004 kB
MemFree:          128776 kB
Active:           365872 kB
Mem:          3.8G       3.7G       125M       5.7M        28M       3.2G

MemTotal:        4016004 kB
MemFree:          128744 kB
Active:           365880 kB
Mem:          3.8G       3.7G       125M       5.7M        28M       3.2G

MemTotal:        4016004 kB
MemFree:          129100 kB
Active:           365756 kB
Mem:          3.8G       3.7G       125M       5.7M        28M       3.2G

MemTotal:        4016004 kB
MemFree:          128976 kB
Active:           365752 kB
Mem:          3.8G       3.7G       125M       5.7M        28M       3.2G

MemTotal:        4016004 kB
MemFree:          129100 kB
Active:           365836 kB
Mem:          3.8G       3.7G       125M       5.7M        28M       3.2G

MemTotal:        4016004 kB
MemFree:          129040 kB
Active:           365892 kB
Mem:          3.8G       3.7G       125M       5.7M        28M       3.2G

MemTotal:        4016004 kB
MemFree:          128972 kB
Active:           365760 kB
Mem:          3.8G       3.7G       125M       5.7M        28M       3.2G

MemTotal:        4016004 kB
MemFree:          128876 kB
Active:           365888 kB
Mem:          3.8G       3.7G       125M       5.7M        28M       3.2G

MemTotal:        4016004 kB
MemFree:          129140 kB
Active:           365724 kB
Mem:          3.8G       3.7G       126M       5.7M        28M       3.2G

MemTotal:        4016004 kB
MemFree:          129016 kB
Active:           365900 kB
Mem:          3.8G       3.7G       125M       5.7M        28M       3.2G

MemTotal:        4016004 kB
MemFree:          128852 kB
Active:           365812 kB
Mem:          3.8G       3.7G       125M       5.7M        28M       3.2G

MemTotal:        4016004 kB
MemFree:          128356 kB
Active:           365824 kB
