MemTotal:        4016004 kB
MemFree:         3240744 kB
Active:           421312 kB
Mem:          3.8G       757M       3.1G       5.7M        52M       322M

MemTotal:        4016004 kB
MemFree:         3239968 kB
Active:           421556 kB
Mem:          3.8G       757M       3.1G       5.7M        52M       322M

MemTotal:        4016004 kB
MemFree:         3240076 kB
Active:           421620 kB
Mem:          3.8G       757M       3.1G       5.7M        52M       322M

MemTotal:        4016004 kB
MemFree:         3238384 kB
Active:           421624 kB
Mem:          3.8G       759M       3.1G       5.7M        52M       322M

MemTotal:        4016004 kB
MemFree:         3238104 kB
Active:           421628 kB
Mem:          3.8G       759M       3.1G       5.7M        52M       322M

MemTotal:        4016004 kB
MemFree:         3238212 kB
Active:           421588 kB
Mem:          3.8G       759M       3.1G       5.7M        52M       322M

MemTotal:        4016004 kB
MemFree:         3238196 kB
Active:           423668 kB
Mem:          3.8G       759M       3.1G       5.7M        52M       322M

MemTotal:        4016004 kB
MemFree:         3238288 kB
Active:           423668 kB
Mem:          3.8G       759M       3.1G       5.7M        52M       322M

MemTotal:        4016004 kB
MemFree:         3238272 kB
Active:           423672 kB
Mem:          3.8G       759M       3.1G       5.7M        52M       322M

MemTotal:        4016004 kB
MemFree:         3237900 kB
Active:           423672 kB
Mem:          3.8G       759M       3.1G       5.7M        52M       322M

MemTotal:        4016004 kB
MemFree:         3237776 kB
Active:           423676 kB
Mem:          3.8G       760M       3.1G       5.7M        52M       322M

MemTotal:        4016004 kB
MemFree:         3237652 kB
Active:           423644 kB
Mem:          3.8G       760M       3.1G       5.7M        52M       322M

MemTotal:        4016004 kB
MemFree:         3237636 kB
Active:           423692 kB
Mem:          3.8G       760M       3.1G       5.7M        52M       322M

MemTotal:        4016004 kB
MemFree:         3237928 kB
Active:           421648 kB
Mem:          3.8G       759M       3.1G       5.7M        52M       322M

MemTotal:        4016004 kB
MemFree:         3237944 kB
Active:           423712 kB
Mem:          3.8G       759M       3.1G       5.7M        52M       322M

MemTotal:        4016004 kB
MemFree:         3237928 kB
Active:           423664 kB
Mem:          3.8G       759M       3.1G       5.7M        52M       322M

MemTotal:        4016004 kB
MemFree:         3237912 kB
Active:           423668 kB
Mem:          3.8G       760M       3.1G       5.7M        52M       322M

MemTotal:        4016004 kB
MemFree:         3237788 kB
Active:           423660 kB
Mem:          3.8G       759M       3.1G       5.7M        52M       322M

MemTotal:        4016004 kB
MemFree:         3237912 kB
Active:           423660 kB
Mem:          3.8G       759M       3.1G       5.7M        52M       322M

MemTotal:        4016004 kB
MemFree:         3237896 kB
Active:           423680 kB
Mem:          3.8G       759M       3.1G       5.7M        52M       322M

MemTotal:        4016004 kB
MemFree:         3237880 kB
Active:           423692 kB
Mem:          3.8G       759M       3.1G       5.7M        52M       322M

MemTotal:        4016004 kB
MemFree:         3237384 kB
Active:           423668 kB
Mem:          3.8G       760M       3.1G       5.7M        52M       322M

MemTotal:        4016004 kB
MemFree:         3236888 kB
Active:           423720 kB
Mem:          3.8G       760M       3.1G       5.7M        52M       322M

MemTotal:        4016004 kB
MemFree:         3237244 kB
Active:           423664 kB
Mem:          3.8G       760M       3.1G       5.7M        52M       322M

MemTotal:        4016004 kB
MemFree:         3237368 kB
Active:           423664 kB
Mem:          3.8G       760M       3.1G       5.7M        52M       322M

MemTotal:        4016004 kB
MemFree:         3237864 kB
Active:           423664 kB
Mem:          3.8G       760M       3.1G       5.7M        52M       322M

MemTotal:        4016004 kB
MemFree:         3237508 kB
Active:           423720 kB
Mem:          3.8G       760M       3.1G       5.7M        52M       322M

MemTotal:        4016004 kB
MemFree:         3237756 kB
Active:           423664 kB
Mem:          3.8G       759M       3.1G       5.7M        52M       322M

MemTotal:        4016004 kB
MemFree:         3238004 kB
Active:           423676 kB
Mem:          3.8G       759M       3.1G       5.7M        52M       322M

MemTotal:        4016004 kB
MemFree:         3237632 kB
Active:           423724 kB
Mem:          3.8G       760M       3.1G       5.7M        52M       322M

MemTotal:        4016004 kB
MemFree:         3237508 kB
Active:           423696 kB
Mem:          3.8G       760M       3.1G       5.7M        52M       322M

MemTotal:        4016004 kB
MemFree:         3237632 kB
Active:           423708 kB
Mem:          3.8G       760M       3.1G       5.7M        52M       322M

MemTotal:        4016004 kB
MemFree:         3237508 kB
Active:           423692 kB
Mem:          3.8G       760M       3.1G       5.7M        52M       322M

MemTotal:        4016004 kB
MemFree:         3236888 kB
Active:           423724 kB
Mem:          3.8G       760M       3.1G       5.7M        52M       322M

MemTotal:        4016004 kB
MemFree:         3237136 kB
Active:           423676 kB
Mem:          3.8G       760M       3.1G       5.7M        52M       322M

MemTotal:        4016004 kB
MemFree:         3237136 kB
Active:           423676 kB
Mem:          3.8G       760M       3.1G       5.7M        52M       322M

MemTotal:        4016004 kB
MemFree:         3237260 kB
Active:           423716 kB
Mem:          3.8G       760M       3.1G       5.7M        52M       322M

MemTotal:        4016004 kB
MemFree:         3237260 kB
Active:           423724 kB
Mem:          3.8G       760M       3.1G       5.7M        52M       322M

MemTotal:        4016004 kB
MemFree:         3237136 kB
Active:           423732 kB
Mem:          3.8G       760M       3.1G       5.7M        52M       322M

MemTotal:        4016004 kB
MemFree:         3237756 kB
Active:           423708 kB
Mem:          3.8G       760M       3.1G       5.7M        52M       322M

MemTotal:        4016004 kB
MemFree:         3237960 kB
Active:           423700 kB
Mem:          3.8G       759M       3.1G       5.7M        52M       322M

MemTotal:        4016004 kB
MemFree:         3237960 kB
Active:           423732 kB
Mem:          3.8G       759M       3.1G       5.7M        52M       322M

MemTotal:        4016004 kB
MemFree:         3237960 kB
Active:           423688 kB
Mem:          3.8G       760M       3.1G       5.7M        52M       322M

MemTotal:        4016004 kB
MemFree:         3237896 kB
Active:           421700 kB
Mem:          3.8G       759M       3.1G       5.7M        52M       322M

MemTotal:        4016004 kB
MemFree:         3238020 kB
Active:           423716 kB
Mem:          3.8G       759M       3.1G       5.7M        52M       322M

MemTotal:        4016004 kB
MemFree:         3237648 kB
Active:           423760 kB
Mem:          3.8G       759M       3.1G       5.7M        52M       322M

MemTotal:        4016004 kB
MemFree:         3237276 kB
Active:           423760 kB
Mem:          3.8G       760M       3.1G       5.7M        52M       322M

MemTotal:        4016004 kB
MemFree:         3237772 kB
Active:           423728 kB
Mem:          3.8G       760M       3.1G       5.7M        52M       322M

MemTotal:        4016004 kB
MemFree:         3237896 kB
Active:           423724 kB
Mem:          3.8G       759M       3.1G       5.7M        52M       322M

MemTotal:        4016004 kB
MemFree:         3237616 kB
Active:           423720 kB
Mem:          3.8G       760M       3.1G       5.7M        52M       322M

MemTotal:        4016004 kB
MemFree:         3237864 kB
Active:           423752 kB
Mem:          3.8G       760M       3.1G       5.7M        52M       322M

MemTotal:        4016004 kB
MemFree:         3237740 kB
Active:           423760 kB
Mem:          3.8G       760M       3.1G       5.7M        52M       322M

MemTotal:        4016004 kB
MemFree:         3237492 kB
Active:           421816 kB
Mem:          3.8G       760M       3.1G       5.7M        52M       322M

MemTotal:        4016004 kB
MemFree:         3237600 kB
Active:           423744 kB
Mem:          3.8G       760M       3.1G       5.7M        52M       322M

MemTotal:        4016004 kB
MemFree:         3237104 kB
Active:           423796 kB
Mem:          3.8G       760M       3.1G       5.7M        52M       322M

MemTotal:        4016004 kB
MemFree:         3237724 kB
Active:           423772 kB
Mem:          3.8G       760M       3.1G       5.7M        52M       322M

MemTotal:        4016004 kB
MemFree:         3237228 kB
Active:           423808 kB
Mem:          3.8G       760M       3.1G       5.7M        52M       322M

MemTotal:        4016004 kB
MemFree:         3237352 kB
Active:           423768 kB
Mem:          3.8G       760M       3.1G       5.7M        52M       322M

MemTotal:        4016004 kB
MemFree:         3236608 kB
Active:           423808 kB
Mem:          3.8G       761M       3.1G       5.7M        52M       322M

MemTotal:        4016004 kB
MemFree:         3236980 kB
Active:           423788 kB
Mem:          3.8G       760M       3.1G       5.7M        52M       322M

MemTotal:        4016004 kB
MemFree:         3237104 kB
Active:           423784 kB
Mem:          3.8G       760M       3.1G       5.7M        52M       322M

MemTotal:        4016004 kB
MemFree:         3237104 kB
Active:           423784 kB
Mem:          3.8G       760M       3.1G       5.7M        52M       322M

MemTotal:        4016004 kB
MemFree:         3236844 kB
Active:           421752 kB
Mem:          3.8G       761M       3.1G       5.7M        52M       322M

MemTotal:        4016004 kB
MemFree:         3236968 kB
Active:           421764 kB
Mem:          3.8G       760M       3.1G       5.7M        52M       322M

MemTotal:        4016004 kB
MemFree:         3236968 kB
Active:           423828 kB
Mem:          3.8G       760M       3.1G       5.7M        52M       322M

MemTotal:        4016004 kB
MemFree:         3236952 kB
Active:           423836 kB
Mem:          3.8G       761M       3.1G       5.7M        52M       322M

MemTotal:        4016004 kB
MemFree:         3236952 kB
Active:           423804 kB
Mem:          3.8G       760M       3.1G       5.7M        52M       322M

MemTotal:        4016004 kB
MemFree:         3237016 kB
Active:           423796 kB
Mem:          3.8G       760M       3.1G       5.7M        52M       322M

MemTotal:        4016004 kB
MemFree:         3237264 kB
Active:           423832 kB
Mem:          3.8G       760M       3.1G       5.7M        52M       322M

MemTotal:        4016004 kB
MemFree:         3237140 kB
Active:           423816 kB
Mem:          3.8G       760M       3.1G       5.7M        52M       322M

MemTotal:        4016004 kB
MemFree:         3237264 kB
Active:           423800 kB
Mem:          3.8G       760M       3.1G       5.7M        52M       322M

MemTotal:        4016004 kB
MemFree:         3236644 kB
Active:           423856 kB
Mem:          3.8G       760M       3.1G       5.7M        52M       322M

MemTotal:        4016004 kB
MemFree:         3237124 kB
Active:           421788 kB
Mem:          3.8G       760M       3.1G       5.7M        52M       322M

MemTotal:        4016004 kB
MemFree:         3237248 kB
Active:           423836 kB
Mem:          3.8G       760M       3.1G       5.7M        52M       322M

MemTotal:        4016004 kB
MemFree:         3237000 kB
Active:           423804 kB
Mem:          3.8G       760M       3.1G       5.7M        52M       322M

MemTotal:        4016004 kB
MemFree:         3237000 kB
Active:           423800 kB
Mem:          3.8G       760M       3.1G       5.7M        52M       322M

MemTotal:        4016004 kB
MemFree:         3237000 kB
Active:           423844 kB
Mem:          3.8G       760M       3.1G       5.7M        52M       322M

MemTotal:        4016004 kB
MemFree:         3237108 kB
Active:           423832 kB
Mem:          3.8G       760M       3.1G       5.7M        52M       322M

MemTotal:        4016004 kB
MemFree:         3237172 kB
Active:           423828 kB
Mem:          3.8G       760M       3.1G       5.7M        52M       322M

MemTotal:        4016004 kB
MemFree:         3237296 kB
Active:           423820 kB
Mem:          3.8G       760M       3.1G       5.7M        52M       322M

MemTotal:        4016004 kB
MemFree:         3237544 kB
Active:           423844 kB
Mem:          3.8G       760M       3.1G       5.7M        52M       322M

MemTotal:        4016004 kB
MemFree:         3237420 kB
Active:           423828 kB
Mem:          3.8G       760M       3.1G       5.7M        52M       322M

MemTotal:        4016004 kB
MemFree:         3235244 kB
Active:           421788 kB
Mem:          3.8G       762M       3.1G       5.7M        52M       322M

MemTotal:        4016004 kB
MemFree:         3234872 kB
Active:           425904 kB
Mem:          3.8G       762M       3.1G       5.7M        52M       322M

MemTotal:        4016004 kB
MemFree:         3235476 kB
Active:           425868 kB
Mem:          3.8G       762M       3.1G       5.7M        52M       322M

MemTotal:        4016004 kB
MemFree:         3235600 kB
Active:           425860 kB
Mem:          3.8G       761M       3.1G       5.7M        52M       322M

MemTotal:        4016004 kB
MemFree:         3235724 kB
Active:           425896 kB
Mem:          3.8G       762M       3.1G       5.7M        52M       322M

MemTotal:        4016004 kB
MemFree:         3235352 kB
Active:           425876 kB
Mem:          3.8G       762M       3.1G       5.7M        52M       322M

MemTotal:        4016004 kB
MemFree:         3235568 kB
Active:           425872 kB
Mem:          3.8G       762M       3.1G       5.7M        52M       322M

MemTotal:        4016004 kB
MemFree:         3235180 kB
Active:           425908 kB
Mem:          3.8G       762M       3.1G       5.7M        52M       322M

MemTotal:        4016004 kB
MemFree:         3235428 kB
Active:           425896 kB
Mem:          3.8G       762M       3.1G       5.7M        52M       322M

MemTotal:        4016004 kB
MemFree:         3235660 kB
Active:           425880 kB
Mem:          3.8G       762M       3.1G       5.7M        52M       322M

MemTotal:        4016004 kB
MemFree:         3235644 kB
Active:           425908 kB
Mem:          3.8G       762M       3.1G       5.7M        52M       322M

MemTotal:        4016004 kB
MemFree:         3235164 kB
Active:           425900 kB
Mem:          3.8G       762M       3.1G       5.7M        52M       322M

MemTotal:        4016004 kB
MemFree:         3234792 kB
Active:           425928 kB
Mem:          3.8G       762M       3.1G       5.7M        52M       322M

MemTotal:        4016004 kB
MemFree:         3234668 kB
Active:           425928 kB
Mem:          3.8G       762M       3.1G       5.7M        52M       322M

MemTotal:        4016004 kB
MemFree:         3235040 kB
Active:           425920 kB
Mem:          3.8G       762M       3.1G       5.7M        52M       322M

MemTotal:        4016004 kB
MemFree:         3235040 kB
Active:           425904 kB
Mem:          3.8G       762M       3.1G       5.7M        52M       322M

MemTotal:        4016004 kB
MemFree:         3235288 kB
Active:           425884 kB
Mem:          3.8G       762M       3.1G       5.7M        52M       322M

MemTotal:        4016004 kB
MemFree:         3235164 kB
Active:           425924 kB
Mem:          3.8G       762M       3.1G       5.7M        52M       322M

MemTotal:        4016004 kB
MemFree:         3234760 kB
Active:           425912 kB
Mem:          3.8G       762M       3.1G       5.7M        52M       322M

MemTotal:        4016004 kB
MemFree:         3001124 kB
Active:           427888 kB
Mem:          3.8G       991M       2.9G       5.7M        52M       543M

MemTotal:        4016004 kB
MemFree:         2952496 kB
Active:           428056 kB
Mem:          3.8G       1.0G       2.8G       5.7M        52M       589M

MemTotal:        4016004 kB
MemFree:         2944048 kB
Active:           428256 kB
Mem:          3.8G       1.0G       2.8G       5.7M        52M       598M

MemTotal:        4016004 kB
MemFree:         2935460 kB
Active:           428328 kB
Mem:          3.8G       1.0G       2.8G       5.7M        52M       607M

MemTotal:        4016004 kB
MemFree:         2861236 kB
Active:           428536 kB
Mem:          3.8G       1.1G       2.7G       5.7M        52M       678M

MemTotal:        4016004 kB
MemFree:         2723984 kB
Active:           429172 kB
Mem:          3.8G       1.2G       2.6G       5.7M        52M       808M

MemTotal:        4016004 kB
MemFree:         2680144 kB
Active:           429384 kB
Mem:          3.8G       1.3G       2.6G       5.7M        52M       848M

MemTotal:        4016004 kB
MemFree:         2680252 kB
Active:           429396 kB
Mem:          3.8G       1.3G       2.6G       5.7M        52M       848M

MemTotal:        4016004 kB
MemFree:         2680300 kB
Active:           429356 kB
Mem:          3.8G       1.3G       2.6G       5.7M        52M       848M

MemTotal:        4016004 kB
MemFree:         2468908 kB
Active:           429948 kB
Mem:          3.8G       1.5G       2.4G       5.7M        52M       1.0G

MemTotal:        4016004 kB
MemFree:         2393988 kB
Active:           430284 kB
Mem:          3.8G       1.5G       2.3G       5.7M        52M       1.1G

MemTotal:        4016004 kB
MemFree:         2361696 kB
Active:           428604 kB
Mem:          3.8G       1.6G       2.3G       5.7M        52M       1.1G

MemTotal:        4016004 kB
MemFree:         2361680 kB
Active:           428684 kB
Mem:          3.8G       1.6G       2.3G       5.7M        52M       1.1G

MemTotal:        4016004 kB
MemFree:         2361288 kB
Active:           430732 kB
Mem:          3.8G       1.6G       2.3G       5.7M        52M       1.1G

MemTotal:        4016004 kB
MemFree:         2354000 kB
Active:           430732 kB
Mem:          3.8G       1.6G       2.2G       5.7M        52M       1.1G

MemTotal:        4016004 kB
MemFree:         2179240 kB
Active:           431152 kB
Mem:          3.8G       1.8G       2.1G       5.7M        52M       1.3G

MemTotal:        4016004 kB
MemFree:         2132368 kB
Active:           431488 kB
Mem:          3.8G       1.8G       2.0G       5.7M        52M       1.3G

MemTotal:        4016004 kB
MemFree:         2122772 kB
Active:           431664 kB
Mem:          3.8G       1.8G       2.0G       5.7M        52M       1.3G

MemTotal:        4016004 kB
MemFree:         2122252 kB
Active:           431696 kB
Mem:          3.8G       1.8G       2.0G       5.7M        52M       1.3G

MemTotal:        4016004 kB
MemFree:         2122888 kB
Active:           431676 kB
Mem:          3.8G       1.8G       2.0G       5.7M        52M       1.3G

MemTotal:        4016004 kB
MemFree:         2095512 kB
Active:           429652 kB
Mem:          3.8G       1.8G       2.0G       5.7M        52M       1.4G

MemTotal:        4016004 kB
MemFree:         2093572 kB
Active:           431796 kB
Mem:          3.8G       1.8G       2.0G       5.7M        52M       1.4G

MemTotal:        4016004 kB
MemFree:         2079512 kB
Active:           431904 kB
Mem:          3.8G       1.8G       2.0G       5.7M        52M       1.4G

MemTotal:        4016004 kB
MemFree:         2078224 kB
Active:           431916 kB
Mem:          3.8G       1.8G       2.0G       5.7M        52M       1.4G

MemTotal:        4016004 kB
MemFree:         1815888 kB
Active:           432940 kB
Mem:          3.8G       2.1G       1.7G       5.7M        52M       1.6G

MemTotal:        4016004 kB
MemFree:         1745172 kB
Active:           433208 kB
Mem:          3.8G       2.2G       1.7G       5.7M        52M       1.7G

MemTotal:        4016004 kB
MemFree:         1702028 kB
Active:           433360 kB
Mem:          3.8G       2.2G       1.6G       5.7M        52M       1.7G

MemTotal:        4016004 kB
MemFree:         1701504 kB
Active:           433348 kB
Mem:          3.8G       2.2G       1.6G       5.7M        52M       1.7G

MemTotal:        4016004 kB
MemFree:         1683428 kB
Active:           433520 kB
Mem:          3.8G       2.2G       1.6G       5.7M        52M       1.8G

MemTotal:        4016004 kB
MemFree:         1678080 kB
Active:           433540 kB
Mem:          3.8G       2.2G       1.6G       5.7M        52M       1.8G

MemTotal:        4016004 kB
MemFree:         1674112 kB
Active:           433560 kB
Mem:          3.8G       2.2G       1.6G       5.7M        52M       1.8G

MemTotal:        4016004 kB
MemFree:         1662208 kB
Active:           435668 kB
Mem:          3.8G       2.2G       1.6G       5.7M        52M       1.8G

MemTotal:        4016004 kB
MemFree:         1650140 kB
Active:           435760 kB
Mem:          3.8G       2.3G       1.6G       5.7M        52M       1.8G

MemTotal:        4016004 kB
MemFree:         1649536 kB
Active:           435756 kB
Mem:          3.8G       2.3G       1.6G       5.7M        52M       1.8G

MemTotal:        4016004 kB
MemFree:         1447840 kB
Active:           436476 kB
Mem:          3.8G       2.4G       1.4G       5.7M        52M       2.0G

MemTotal:        4016004 kB
MemFree:         1357576 kB
Active:           436836 kB
Mem:          3.8G       2.5G       1.3G       5.7M        52M       2.1G

MemTotal:        4016004 kB
MemFree:         1282888 kB
Active:           437220 kB
Mem:          3.8G       2.6G       1.2G       5.7M        52M       2.1G

MemTotal:        4016004 kB
MemFree:         1204004 kB
Active:           437508 kB
Mem:          3.8G       2.7G       1.1G       5.7M        52M       2.2G

MemTotal:        4016004 kB
MemFree:         1162656 kB
Active:           437664 kB
Mem:          3.8G       2.7G       1.1G       5.7M        52M       2.2G

MemTotal:        4016004 kB
MemFree:         1162824 kB
Active:           437676 kB
Mem:          3.8G       2.7G       1.1G       5.7M        52M       2.2G

MemTotal:        4016004 kB
MemFree:         1163028 kB
Active:           437676 kB
Mem:          3.8G       2.7G       1.1G       5.7M        52M       2.2G

MemTotal:        4016004 kB
MemFree:         1163220 kB
Active:           437656 kB
Mem:          3.8G       2.7G       1.1G       5.7M        52M       2.2G

MemTotal:        4016004 kB
MemFree:         1055644 kB
Active:           437948 kB
Mem:          3.8G       2.8G       1.0G       5.7M        52M       2.3G

MemTotal:        4016004 kB
MemFree:         1017680 kB
Active:           438268 kB
Mem:          3.8G       2.9G       994M       5.7M        52M       2.4G

MemTotal:        4016004 kB
MemFree:         1018200 kB
Active:           438252 kB
Mem:          3.8G       2.9G       994M       5.7M        52M       2.4G

MemTotal:        4016004 kB
MemFree:         1018636 kB
Active:           438232 kB
Mem:          3.8G       2.9G       994M       5.7M        52M       2.4G

MemTotal:        4016004 kB
MemFree:          999892 kB
Active:           438360 kB
Mem:          3.8G       2.9G       976M       5.7M        52M       2.4G

MemTotal:        4016004 kB
MemFree:          790108 kB
Active:           439012 kB
Mem:          3.8G       3.1G       771M       5.7M        52M       2.6G

MemTotal:        4016004 kB
MemFree:          779940 kB
Active:           439224 kB
Mem:          3.8G       3.1G       761M       5.7M        52M       2.6G

MemTotal:        4016004 kB
MemFree:          780004 kB
Active:           439236 kB
Mem:          3.8G       3.1G       761M       5.7M        52M       2.6G

MemTotal:        4016004 kB
MemFree:          779720 kB
Active:           437192 kB
Mem:          3.8G       3.1G       761M       5.7M        52M       2.6G

MemTotal:        4016004 kB
MemFree:          755068 kB
Active:           439320 kB
Mem:          3.8G       3.1G       737M       5.7M        52M       2.6G

MemTotal:        4016004 kB
MemFree:          550280 kB
Active:           439948 kB
Mem:          3.8G       3.3G       536M       5.7M        52M       2.8G

MemTotal:        4016004 kB
MemFree:          506032 kB
Active:           440252 kB
Mem:          3.8G       3.3G       494M       5.7M        52M       2.8G

MemTotal:        4016004 kB
MemFree:          505816 kB
Active:           440316 kB
Mem:          3.8G       3.3G       493M       5.7M        52M       2.8G

MemTotal:        4016004 kB
MemFree:          505300 kB
Active:           440328 kB
Mem:          3.8G       3.3G       493M       5.7M        52M       2.8G

MemTotal:        4016004 kB
MemFree:          505768 kB
Active:           440308 kB
Mem:          3.8G       3.3G       494M       5.7M        52M       2.8G

MemTotal:        4016004 kB
MemFree:          479716 kB
Active:           440404 kB
Mem:          3.8G       3.4G       468M       5.7M        52M       2.9G

MemTotal:        4016004 kB
MemFree:          276144 kB
Active:           441156 kB
Mem:          3.8G       3.6G       269M       5.7M        52M       3.1G

MemTotal:        4016004 kB
MemFree:          242824 kB
Active:           441300 kB
Mem:          3.8G       3.6G       236M       5.7M        52M       3.1G

MemTotal:        4016004 kB
MemFree:          242360 kB
Active:           441348 kB
Mem:          3.8G       3.6G       236M       5.7M        52M       3.1G

MemTotal:        4016004 kB
MemFree:          241932 kB
Active:           441360 kB
Mem:          3.8G       3.6G       236M       5.7M        52M       3.1G

MemTotal:        4016004 kB
MemFree:          242268 kB
Active:           441340 kB
Mem:          3.8G       3.6G       236M       5.7M        52M       3.1G

MemTotal:        4016004 kB
MemFree:          142100 kB
Active:           445460 kB
Mem:          3.8G       3.7G       141M       5.7M        19M       3.2G

MemTotal:        4016004 kB
MemFree:          137296 kB
Active:           479284 kB
Mem:          3.8G       3.7G       130M       5.7M        19M       3.2G

MemTotal:        4016004 kB
MemFree:          108852 kB
Active:           478456 kB
Mem:          3.8G       3.7G       105M       5.7M        19M       3.2G

MemTotal:        4016004 kB
MemFree:          138208 kB
Active:           474192 kB
Mem:          3.8G       3.7G       134M       5.7M        19M       3.2G

MemTotal:        4016004 kB
MemFree:          138080 kB
Active:           474212 kB
Mem:          3.8G       3.7G       134M       5.7M        19M       3.2G

MemTotal:        4016004 kB
MemFree:          138152 kB
Active:           474164 kB
Mem:          3.8G       3.7G       134M       5.7M        19M       3.2G

MemTotal:        4016004 kB
MemFree:          131164 kB
Active:           467952 kB
Mem:          3.8G       3.7G       127M       5.7M        19M       3.2G

MemTotal:        4016004 kB
MemFree:          137624 kB
Active:           460172 kB
Mem:          3.8G       3.7G       134M       5.7M        19M       3.2G

MemTotal:        4016004 kB
MemFree:          130844 kB
Active:           453588 kB
Mem:          3.8G       3.7G       127M       5.7M        19M       3.2G

MemTotal:        4016004 kB
MemFree:          131448 kB
Active:           453588 kB
Mem:          3.8G       3.7G       128M       5.7M        19M       3.2G

MemTotal:        4016004 kB
MemFree:          131792 kB
Active:           453592 kB
Mem:          3.8G       3.7G       128M       5.7M        19M       3.2G

MemTotal:        4016004 kB
MemFree:          125512 kB
Active:           452868 kB
Mem:          3.8G       3.7G       120M       5.7M        19M       3.2G

MemTotal:        4016004 kB
MemFree:          130084 kB
Active:           450124 kB
Mem:          3.8G       3.7G       127M       5.7M        19M       3.2G

MemTotal:        4016004 kB
MemFree:          106248 kB
Active:           450220 kB
Mem:          3.8G       3.7G       103M       5.7M        19M       3.2G

MemTotal:        4016004 kB
MemFree:          106404 kB
Active:           450268 kB
Mem:          3.8G       3.7G       103M       5.7M        19M       3.2G

MemTotal:        4016004 kB
MemFree:          106384 kB
Active:           450260 kB
Mem:          3.8G       3.7G       103M       5.7M        19M       3.2G

MemTotal:        4016004 kB
MemFree:          136872 kB
Active:           449224 kB
Mem:          3.8G       3.7G       133M       5.7M        19M       3.2G

MemTotal:        4016004 kB
MemFree:          130128 kB
Active:           446784 kB
Mem:          3.8G       3.7G       135M       5.7M        19M       3.2G

MemTotal:        4016004 kB
MemFree:          133688 kB
Active:           444632 kB
Mem:          3.8G       3.7G       130M       5.7M        19M       3.2G

MemTotal:        4016004 kB
MemFree:          133048 kB
Active:           444644 kB
Mem:          3.8G       3.7G       129M       5.7M        19M       3.2G

MemTotal:        4016004 kB
MemFree:          132252 kB
Active:           444644 kB
Mem:          3.8G       3.7G       129M       5.7M        19M       3.2G

MemTotal:        4016004 kB
MemFree:          133028 kB
Active:           443272 kB
Mem:          3.8G       3.7G       130M       5.7M        19M       3.2G

MemTotal:        4016004 kB
MemFree:          133820 kB
Active:           443288 kB
Mem:          3.8G       3.7G       130M       5.7M        19M       3.2G

MemTotal:        4016004 kB
MemFree:          124548 kB
Active:           442140 kB
Mem:          3.8G       3.7G       122M       5.7M        19M       3.2G

MemTotal:        4016004 kB
MemFree:         3266768 kB
Active:           427520 kB
Mem:          3.8G       731M       3.1G       5.7M        19M       317M

MemTotal:        4016004 kB
MemFree:         3314076 kB
Active:           427348 kB
Mem:          3.8G       685M       3.2G       5.7M        19M       272M

MemTotal:        4016004 kB
MemFree:         3361456 kB
Active:           427168 kB
Mem:          3.8G       637M       3.2G       5.7M        19M       226M

MemTotal:        4016004 kB
MemFree:         3072488 kB
Active:           428064 kB
Mem:          3.8G       921M       2.9G       5.7M        19M       504M

MemTotal:        4016004 kB
MemFree:         2987688 kB
Active:           428476 kB
Mem:          3.8G       1.0G       2.8G       5.7M        19M       585M

MemTotal:        4016004 kB
MemFree:         2930308 kB
Active:           428672 kB
Mem:          3.8G       1.0G       2.8G       5.7M        19M       639M

MemTotal:        4016004 kB
MemFree:         2860336 kB
Active:           428896 kB
Mem:          3.8G       1.1G       2.7G       5.7M        19M       706M

MemTotal:        4016004 kB
MemFree:         2826164 kB
Active:           429100 kB
Mem:          3.8G       1.1G       2.7G       5.7M        19M       738M

MemTotal:        4016004 kB
MemFree:         2815948 kB
Active:           429220 kB
Mem:          3.8G       1.1G       2.7G       5.7M        19M       748M

MemTotal:        4016004 kB
MemFree:         2815948 kB
Active:           429200 kB
Mem:          3.8G       1.1G       2.7G       5.7M        19M       748M

MemTotal:        4016004 kB
MemFree:         2816124 kB
Active:           429176 kB
Mem:          3.8G       1.1G       2.7G       5.7M        19M       748M

MemTotal:        4016004 kB
MemFree:         2768604 kB
Active:           429220 kB
Mem:          3.8G       1.2G       2.6G       5.7M        19M       793M

MemTotal:        4016004 kB
MemFree:         2636700 kB
Active:           429588 kB
Mem:          3.8G       1.3G       2.5G       5.7M        19M       918M

MemTotal:        4016004 kB
MemFree:         2589932 kB
Active:           430048 kB
Mem:          3.8G       1.4G       2.5G       5.7M        19M       963M

MemTotal:        4016004 kB
MemFree:         2589360 kB
Active:           430108 kB
Mem:          3.8G       1.4G       2.5G       5.7M        19M       963M

MemTotal:        4016004 kB
MemFree:         2589396 kB
Active:           430100 kB
Mem:          3.8G       1.4G       2.5G       5.7M        19M       963M

MemTotal:        4016004 kB
MemFree:         2578900 kB
Active:           430064 kB
Mem:          3.8G       1.4G       2.5G       5.7M        19M       973M

MemTotal:        4016004 kB
MemFree:         2407876 kB
Active:           430584 kB
Mem:          3.8G       1.5G       2.3G       5.7M        19M       1.1G

MemTotal:        4016004 kB
MemFree:         2407380 kB
Active:           430776 kB
Mem:          3.8G       1.5G       2.3G       5.7M        19M       1.1G

MemTotal:        4016004 kB
MemFree:         2407044 kB
Active:           430840 kB
Mem:          3.8G       1.5G       2.3G       5.7M        19M       1.1G

MemTotal:        4016004 kB
MemFree:         2406920 kB
Active:           430820 kB
Mem:          3.8G       1.5G       2.3G       5.7M        19M       1.1G

MemTotal:        4016004 kB
MemFree:         2233956 kB
Active:           431112 kB
Mem:          3.8G       1.7G       2.1G       5.7M        19M       1.3G

MemTotal:        4016004 kB
MemFree:         2162744 kB
Active:           431596 kB
Mem:          3.8G       1.8G       2.1G       5.7M        19M       1.3G

MemTotal:        4016004 kB
MemFree:         2121108 kB
Active:           431832 kB
Mem:          3.8G       1.8G       2.0G       5.7M        19M       1.4G

MemTotal:        4016004 kB
MemFree:         2101936 kB
Active:           431932 kB
Mem:          3.8G       1.8G       2.0G       5.7M        19M       1.4G

MemTotal:        4016004 kB
MemFree:         2031876 kB
Active:           432052 kB
Mem:          3.8G       1.9G       1.9G       5.7M        19M       1.5G

MemTotal:        4016004 kB
MemFree:         1979048 kB
Active:           432308 kB
Mem:          3.8G       1.9G       1.9G       5.7M        19M       1.5G

MemTotal:        4016004 kB
MemFree:         1960556 kB
Active:           432512 kB
Mem:          3.8G       2.0G       1.9G       5.7M        19M       1.5G

MemTotal:        4016004 kB
MemFree:         1883896 kB
Active:           432700 kB
Mem:          3.8G       2.0G       1.8G       5.7M        19M       1.6G

MemTotal:        4016004 kB
MemFree:         1848072 kB
Active:           432908 kB
Mem:          3.8G       2.1G       1.8G       5.7M        19M       1.6G

MemTotal:        4016004 kB
MemFree:         1847328 kB
Active:           433024 kB
Mem:          3.8G       2.1G       1.8G       5.7M        19M       1.6G

MemTotal:        4016004 kB
MemFree:         1847640 kB
Active:           432992 kB
Mem:          3.8G       2.1G       1.8G       5.7M        19M       1.6G

MemTotal:        4016004 kB
MemFree:         1815656 kB
Active:           433020 kB
Mem:          3.8G       2.1G       1.7G       5.7M        19M       1.7G

MemTotal:        4016004 kB
MemFree:         1686872 kB
Active:           433304 kB
Mem:          3.8G       2.2G       1.6G       5.7M        19M       1.8G

MemTotal:        4016004 kB
MemFree:         1640972 kB
Active:           433636 kB
Mem:          3.8G       2.3G       1.6G       5.7M        19M       1.8G

MemTotal:        4016004 kB
MemFree:         1639988 kB
Active:           433848 kB
Mem:          3.8G       2.3G       1.6G       5.7M        19M       1.8G

MemTotal:        4016004 kB
MemFree:         1639492 kB
Active:           433848 kB
Mem:          3.8G       2.3G       1.6G       5.7M        19M       1.8G

MemTotal:        4016004 kB
MemFree:         1640084 kB
Active:           433828 kB
Mem:          3.8G       2.3G       1.6G       5.7M        19M       1.8G

MemTotal:        4016004 kB
MemFree:         1564516 kB
Active:           434144 kB
Mem:          3.8G       2.3G       1.5G       5.7M        19M       1.9G

MemTotal:        4016004 kB
MemFree:         1542420 kB
Active:           434232 kB
Mem:          3.8G       2.4G       1.5G       5.7M        19M       1.9G

MemTotal:        4016004 kB
MemFree:         1389220 kB
Active:           434812 kB
Mem:          3.8G       2.5G       1.3G       5.7M        19M       2.1G

MemTotal:        4016004 kB
MemFree:         1374216 kB
Active:           434892 kB
Mem:          3.8G       2.5G       1.3G       5.7M        19M       2.1G

MemTotal:        4016004 kB
MemFree:         1374408 kB
Active:           434892 kB
Mem:          3.8G       2.5G       1.3G       5.7M        19M       2.1G

MemTotal:        4016004 kB
MemFree:         1373740 kB
Active:           434876 kB
Mem:          3.8G       2.5G       1.3G       5.7M        19M       2.1G

MemTotal:        4016004 kB
MemFree:         1298768 kB
Active:           435184 kB
Mem:          3.8G       2.6G       1.2G       5.7M        19M       2.1G

MemTotal:        4016004 kB
MemFree:         1275852 kB
Active:           435304 kB
Mem:          3.8G       2.6G       1.2G       5.7M        20M       2.2G

MemTotal:        4016004 kB
MemFree:         1143100 kB
Active:           435768 kB
Mem:          3.8G       2.7G       1.1G       5.7M        20M       2.3G

MemTotal:        4016004 kB
MemFree:         1060588 kB
Active:           436104 kB
Mem:          3.8G       2.8G       1.0G       5.7M        20M       2.4G

MemTotal:        4016004 kB
MemFree:         1022316 kB
Active:           436188 kB
Mem:          3.8G       2.9G       997M       5.7M        20M       2.4G

MemTotal:        4016004 kB
MemFree:          951152 kB
Active:           436500 kB
Mem:          3.8G       2.9G       928M       5.7M        20M       2.5G

MemTotal:        4016004 kB
MemFree:          925860 kB
Active:           436636 kB
Mem:          3.8G       2.9G       903M       5.7M        20M       2.5G

MemTotal:        4016004 kB
MemFree:          925624 kB
Active:           436628 kB
Mem:          3.8G       2.9G       904M       5.7M        20M       2.5G

MemTotal:        4016004 kB
MemFree:          843412 kB
Active:           436900 kB
Mem:          3.8G       3.0G       823M       5.7M        20M       2.6G

MemTotal:        4016004 kB
MemFree:          785128 kB
Active:           437160 kB
Mem:          3.8G       3.1G       766M       5.7M        20M       2.6G

MemTotal:        4016004 kB
MemFree:          738516 kB
Active:           437336 kB
Mem:          3.8G       3.1G       720M       5.7M        20M       2.7G

MemTotal:        4016004 kB
MemFree:          691812 kB
Active:           437516 kB
Mem:          3.8G       3.2G       675M       5.7M        20M       2.7G

MemTotal:        4016004 kB
MemFree:          644656 kB
Active:           437996 kB
Mem:          3.8G       3.2G       629M       5.7M        20M       2.7G

MemTotal:        4016004 kB
MemFree:          639184 kB
Active:           438068 kB
Mem:          3.8G       3.2G       623M       5.7M        20M       2.8G

MemTotal:        4016004 kB
MemFree:          538644 kB
Active:           438392 kB
Mem:          3.8G       3.3G       525M       5.7M        20M       2.8G

MemTotal:        4016004 kB
MemFree:          495272 kB
Active:           438572 kB
Mem:          3.8G       3.4G       483M       5.7M        20M       2.9G

MemTotal:        4016004 kB
MemFree:          453652 kB
Active:           438728 kB
Mem:          3.8G       3.4G       443M       5.7M        20M       2.9G

MemTotal:        4016004 kB
MemFree:          412636 kB
Active:           438888 kB
Mem:          3.8G       3.4G       402M       5.7M        20M       3.0G

MemTotal:        4016004 kB
MemFree:          404932 kB
Active:           438968 kB
Mem:          3.8G       3.4G       395M       5.7M        20M       3.0G

MemTotal:        4016004 kB
MemFree:          371420 kB
Active:           438976 kB
Mem:          3.8G       3.5G       362M       5.7M        20M       3.0G

MemTotal:        4016004 kB
MemFree:          290100 kB
Active:           439268 kB
Mem:          3.8G       3.6G       283M       5.7M        20M       3.1G

MemTotal:        4016004 kB
MemFree:          243116 kB
Active:           439520 kB
Mem:          3.8G       3.6G       237M       5.7M        20M       3.1G

MemTotal:        4016004 kB
MemFree:          195960 kB
Active:           441716 kB
Mem:          3.8G       3.6G       191M       5.7M        20M       3.2G

MemTotal:        4016004 kB
MemFree:          168864 kB
Active:           441840 kB
Mem:          3.8G       3.7G       164M       5.7M        20M       3.2G

MemTotal:        4016004 kB
MemFree:          168228 kB
Active:           441852 kB
Mem:          3.8G       3.7G       164M       5.7M        20M       3.2G

MemTotal:        4016004 kB
MemFree:          168292 kB
Active:           441848 kB
Mem:          3.8G       3.7G       164M       5.7M        20M       3.2G

MemTotal:        4016004 kB
MemFree:          168516 kB
Active:           441844 kB
Mem:          3.8G       3.7G       164M       5.7M        20M       3.2G

MemTotal:        4016004 kB
MemFree:          121220 kB
Active:           439100 kB
Mem:          3.8G       3.7G       118M       5.7M        20M       3.2G

MemTotal:        4016004 kB
MemFree:          141260 kB
Active:           436364 kB
Mem:          3.8G       3.7G       137M       5.7M        20M       3.2G

MemTotal:        4016004 kB
MemFree:          136884 kB
Active:           436468 kB
Mem:          3.8G       3.7G       133M       5.7M        20M       3.2G

MemTotal:        4016004 kB
MemFree:          136144 kB
Active:           436452 kB
Mem:          3.8G       3.7G       132M       5.7M        20M       3.2G

MemTotal:        4016004 kB
MemFree:          135992 kB
Active:           436464 kB
Mem:          3.8G       3.7G       132M       5.7M        20M       3.2G

MemTotal:        4016004 kB
MemFree:          132936 kB
Active:           433596 kB
Mem:          3.8G       3.7G       129M       5.7M        20M       3.2G

MemTotal:        4016004 kB
MemFree:          125780 kB
Active:           431852 kB
Mem:          3.8G       3.7G       122M       5.7M        20M       3.2G

MemTotal:        4016004 kB
MemFree:          114748 kB
Active:           432024 kB
Mem:          3.8G       3.7G       111M       5.7M        20M       3.2G

MemTotal:        4016004 kB
MemFree:          113944 kB
Active:           432016 kB
Mem:          3.8G       3.7G       111M       5.7M        20M       3.2G

MemTotal:        4016004 kB
MemFree:          113916 kB
Active:           432000 kB
Mem:          3.8G       3.7G       111M       5.7M        20M       3.2G

MemTotal:        4016004 kB
MemFree:          133304 kB
Active:           429588 kB
Mem:          3.8G       3.7G       129M       5.7M        20M       3.2G

MemTotal:        4016004 kB
MemFree:          111700 kB
Active:           428012 kB
Mem:          3.8G       3.7G       108M       5.7M        20M       3.2G

MemTotal:        4016004 kB
MemFree:          122248 kB
Active:           426284 kB
Mem:          3.8G       3.7G       118M       5.7M        20M       3.2G

MemTotal:        4016004 kB
MemFree:          121228 kB
Active:           426192 kB
Mem:          3.8G       3.7G       118M       5.7M        20M       3.2G

MemTotal:        4016004 kB
MemFree:          119568 kB
Active:           425412 kB
Mem:          3.8G       3.7G       115M       5.7M        20M       3.2G

MemTotal:        4016004 kB
MemFree:          119284 kB
Active:           423124 kB
Mem:          3.8G       3.7G       115M       5.7M        20M       3.2G

MemTotal:        4016004 kB
MemFree:          112936 kB
Active:           421992 kB
Mem:          3.8G       3.7G       109M       5.7M        20M       3.2G

MemTotal:        4016004 kB
MemFree:          112208 kB
Active:           421964 kB
Mem:          3.8G       3.7G       109M       5.7M        20M       3.2G

MemTotal:        4016004 kB
MemFree:          112400 kB
Active:           421996 kB
Mem:          3.8G       3.7G       109M       5.7M        20M       3.2G

MemTotal:        4016004 kB
MemFree:          112184 kB
Active:           421976 kB
Mem:          3.8G       3.7G       109M       5.7M        20M       3.2G

MemTotal:        4016004 kB
MemFree:         2914756 kB
Active:           405164 kB
Mem:          3.8G       1.0G       2.8G       5.7M        20M       643M

MemTotal:        4016004 kB
MemFree:         3042668 kB
Active:           404492 kB
Mem:          3.8G       950M       2.9G       5.7M        20M       531M

MemTotal:        4016004 kB
MemFree:         3022784 kB
Active:           404756 kB
Mem:          3.8G       970M       2.9G       5.7M        20M       550M

MemTotal:        4016004 kB
MemFree:         3021276 kB
Active:           404792 kB
Mem:          3.8G       971M       2.9G       5.7M        20M       550M

MemTotal:        4016004 kB
MemFree:         2921004 kB
Active:           407008 kB
Mem:          3.8G       1.0G       2.8G       5.7M        20M       644M

MemTotal:        4016004 kB
MemFree:         2839448 kB
Active:           407328 kB
Mem:          3.8G       1.1G       2.7G       5.7M        20M       722M

MemTotal:        4016004 kB
MemFree:         2786016 kB
Active:           407660 kB
Mem:          3.8G       1.2G       2.7G       5.7M        20M       772M

MemTotal:        4016004 kB
MemFree:         2785952 kB
Active:           407860 kB
Mem:          3.8G       1.2G       2.7G       5.7M        20M       772M

MemTotal:        4016004 kB
MemFree:         2785652 kB
Active:           407876 kB
Mem:          3.8G       1.2G       2.7G       5.7M        20M       772M

MemTotal:        4016004 kB
MemFree:         2635760 kB
Active:           408432 kB
Mem:          3.8G       1.3G       2.5G       5.7M        20M       915M

MemTotal:        4016004 kB
MemFree:         2575196 kB
Active:           408620 kB
Mem:          3.8G       1.4G       2.5G       5.7M        20M       973M

MemTotal:        4016004 kB
MemFree:         2573592 kB
Active:           408708 kB
Mem:          3.8G       1.4G       2.5G       5.7M        20M       975M

MemTotal:        4016004 kB
MemFree:         2572944 kB
Active:           408732 kB
Mem:          3.8G       1.4G       2.5G       5.7M        20M       974M

MemTotal:        4016004 kB
MemFree:         2572980 kB
Active:           408756 kB
Mem:          3.8G       1.4G       2.5G       5.7M        20M       974M

MemTotal:        4016004 kB
MemFree:         2425108 kB
Active:           409360 kB
Mem:          3.8G       1.5G       2.3G       5.7M        20M       1.1G

MemTotal:        4016004 kB
MemFree:         2357352 kB
Active:           409660 kB
Mem:          3.8G       1.6G       2.2G       5.7M        20M       1.2G

MemTotal:        4016004 kB
MemFree:         2345532 kB
Active:           409772 kB
Mem:          3.8G       1.6G       2.2G       5.7M        20M       1.2G

MemTotal:        4016004 kB
MemFree:         2345396 kB
Active:           409768 kB
Mem:          3.8G       1.6G       2.2G       5.7M        20M       1.2G

MemTotal:        4016004 kB
MemFree:         2345368 kB
Active:           409972 kB
Mem:          3.8G       1.6G       2.2G       5.7M        20M       1.2G

MemTotal:        4016004 kB
MemFree:         2345116 kB
Active:           409908 kB
Mem:          3.8G       1.6G       2.2G       5.7M        20M       1.2G

MemTotal:        4016004 kB
MemFree:         2157844 kB
Active:           410644 kB
Mem:          3.8G       1.8G       2.1G       5.7M        20M       1.3G

MemTotal:        4016004 kB
MemFree:         2096420 kB
Active:           411188 kB
Mem:          3.8G       1.8G       2.0G       5.7M        20M       1.4G

MemTotal:        4016004 kB
MemFree:         2095772 kB
Active:           411224 kB
Mem:          3.8G       1.8G       2.0G       5.7M        20M       1.4G

MemTotal:        4016004 kB
MemFree:         2087404 kB
Active:           418824 kB
Mem:          3.8G       1.8G       2.0G       5.7M        27M       1.4G

MemTotal:        4016004 kB
MemFree:         2086556 kB
Active:           418880 kB
Mem:          3.8G       1.8G       2.0G       5.7M        27M       1.4G

MemTotal:        4016004 kB
MemFree:         1962068 kB
Active:           418428 kB
Mem:          3.8G       2.0G       1.9G       5.7M        27M       1.5G

MemTotal:        4016004 kB
MemFree:         1880536 kB
Active:           418732 kB
Mem:          3.8G       2.0G       1.8G       5.7M        27M       1.6G

MemTotal:        4016004 kB
MemFree:         1860292 kB
Active:           418900 kB
Mem:          3.8G       2.1G       1.8G       5.7M        27M       1.6G

MemTotal:        4016004 kB
MemFree:         1860616 kB
Active:           418880 kB
Mem:          3.8G       2.1G       1.8G       5.7M        27M       1.6G

MemTotal:        4016004 kB
MemFree:         1860772 kB
Active:           418868 kB
Mem:          3.8G       2.1G       1.8G       5.7M        27M       1.6G

MemTotal:        4016004 kB
MemFree:         1717800 kB
Active:           419376 kB
Mem:          3.8G       2.2G       1.6G       5.7M        27M       1.7G

MemTotal:        4016004 kB
MemFree:         1639860 kB
Active:           419684 kB
Mem:          3.8G       2.3G       1.6G       5.7M        27M       1.8G

MemTotal:        4016004 kB
MemFree:         1625588 kB
Active:           421840 kB
Mem:          3.8G       2.3G       1.6G       5.7M        27M       1.8G

MemTotal:        4016004 kB
MemFree:         1624504 kB
Active:           421828 kB
Mem:          3.8G       2.3G       1.5G       5.7M        27M       1.8G

MemTotal:        4016004 kB
MemFree:         1623920 kB
Active:           421852 kB
Mem:          3.8G       2.3G       1.5G       5.7M        27M       1.8G

MemTotal:        4016004 kB
MemFree:         1623892 kB
Active:           421812 kB
Mem:          3.8G       2.3G       1.5G       5.7M        27M       1.8G

MemTotal:        4016004 kB
MemFree:         1444756 kB
Active:           422424 kB
Mem:          3.8G       2.5G       1.4G       5.7M        27M       2.0G

MemTotal:        4016004 kB
MemFree:         1377852 kB
Active:           422732 kB
Mem:          3.8G       2.5G       1.3G       5.7M        27M       2.1G

MemTotal:        4016004 kB
MemFree:         1377372 kB
Active:           422752 kB
Mem:          3.8G       2.5G       1.3G       5.7M        27M       2.1G

MemTotal:        4016004 kB
MemFree:         1377068 kB
Active:           422808 kB
Mem:          3.8G       2.5G       1.3G       5.7M        27M       2.1G

MemTotal:        4016004 kB
MemFree:         1376980 kB
Active:           422776 kB
Mem:          3.8G       2.5G       1.3G       5.7M        27M       2.1G

MemTotal:        4016004 kB
MemFree:         1239340 kB
Active:           423212 kB
Mem:          3.8G       2.6G       1.2G       5.7M        27M       2.2G

MemTotal:        4016004 kB
MemFree:         1158268 kB
Active:           423468 kB
Mem:          3.8G       2.7G       1.1G       5.7M        27M       2.3G

MemTotal:        4016004 kB
MemFree:         1133388 kB
Active:           423724 kB
Mem:          3.8G       2.7G       1.1G       5.7M        27M       2.3G

MemTotal:        4016004 kB
MemFree:         1132396 kB
Active:           423752 kB
Mem:          3.8G       2.7G       1.1G       5.7M        27M       2.3G

MemTotal:        4016004 kB
MemFree:         1132928 kB
Active:           423728 kB
Mem:          3.8G       2.7G       1.1G       5.7M        27M       2.3G

MemTotal:        4016004 kB
MemFree:         1007244 kB
Active:           424056 kB
Mem:          3.8G       2.9G       983M       5.7M        27M       2.4G

MemTotal:        4016004 kB
MemFree:          925508 kB
Active:           424404 kB
Mem:          3.8G       2.9G       903M       5.7M        27M       2.5G

MemTotal:        4016004 kB
MemFree:          891700 kB
Active:           424564 kB
Mem:          3.8G       3.0G       870M       5.7M        27M       2.5G

MemTotal:        4016004 kB
MemFree:          890956 kB
Active:           424672 kB
Mem:          3.8G       3.0G       869M       5.7M        27M       2.5G

MemTotal:        4016004 kB
MemFree:          890968 kB
Active:           424672 kB
Mem:          3.8G       3.0G       869M       5.7M        27M       2.5G

MemTotal:        4016004 kB
MemFree:          890724 kB
Active:           424672 kB
Mem:          3.8G       3.0G       869M       5.7M        27M       2.5G

MemTotal:        4016004 kB
MemFree:          724612 kB
Active:           425200 kB
Mem:          3.8G       3.1G       707M       5.7M        27M       2.7G

MemTotal:        4016004 kB
MemFree:          661320 kB
Active:           425500 kB
Mem:          3.8G       3.2G       645M       5.7M        27M       2.7G

MemTotal:        4016004 kB
MemFree:          648160 kB
Active:           425672 kB
Mem:          3.8G       3.2G       632M       5.7M        27M       2.7G

MemTotal:        4016004 kB
MemFree:          647732 kB
Active:           425624 kB
Mem:          3.8G       3.2G       632M       5.7M        27M       2.7G

MemTotal:        4016004 kB
MemFree:          647860 kB
Active:           425668 kB
Mem:          3.8G       3.2G       632M       5.7M        27M       2.7G

MemTotal:        4016004 kB
MemFree:          498848 kB
Active:           426044 kB
Mem:          3.8G       3.4G       486M       5.7M        27M       2.9G

MemTotal:        4016004 kB
MemFree:          445416 kB
Active:           426368 kB
Mem:          3.8G       3.4G       434M       5.7M        27M       2.9G

MemTotal:        4016004 kB
MemFree:          444796 kB
Active:           426460 kB
Mem:          3.8G       3.4G       434M       5.7M        27M       2.9G

MemTotal:        4016004 kB
MemFree:          444676 kB
Active:           426456 kB
Mem:          3.8G       3.4G       433M       5.7M        27M       2.9G

MemTotal:        4016004 kB
MemFree:          444908 kB
Active:           426444 kB
Mem:          3.8G       3.4G       434M       5.7M        27M       2.9G

MemTotal:        4016004 kB
MemFree:          279160 kB
Active:           426892 kB
Mem:          3.8G       3.6G       272M       5.7M        27M       3.1G

MemTotal:        4016004 kB
MemFree:          220488 kB
Active:           427196 kB
Mem:          3.8G       3.6G       215M       5.7M        27M       3.1G

MemTotal:        4016004 kB
MemFree:          220116 kB
Active:           427328 kB
Mem:          3.8G       3.6G       214M       5.7M        27M       3.1G

MemTotal:        4016004 kB
MemFree:          219436 kB
Active:           427356 kB
Mem:          3.8G       3.6G       214M       5.7M        27M       3.1G

MemTotal:        4016004 kB
MemFree:          219688 kB
Active:           427344 kB
Mem:          3.8G       3.6G       214M       5.7M        27M       3.1G

MemTotal:        4016004 kB
MemFree:          110400 kB
Active:           426536 kB
Mem:          3.8G       3.7G       107M       5.7M        27M       3.2G

MemTotal:        4016004 kB
MemFree:          143664 kB
Active:           422024 kB
Mem:          3.8G       3.7G       140M       5.7M        27M       3.2G

MemTotal:        4016004 kB
MemFree:          136360 kB
Active:           422244 kB
Mem:          3.8G       3.7G       133M       5.7M        27M       3.2G

MemTotal:        4016004 kB
MemFree:          135964 kB
Active:           422268 kB
Mem:          3.8G       3.7G       132M       5.7M        27M       3.2G

MemTotal:        4016004 kB
MemFree:          135964 kB
Active:           422216 kB
Mem:          3.8G       3.7G       132M       5.7M        27M       3.2G

MemTotal:        4016004 kB
MemFree:          126332 kB
Active:           420632 kB
Mem:          3.8G       3.7G       123M       5.7M        27M       3.2G

MemTotal:        4016004 kB
MemFree:          128540 kB
Active:           418356 kB
Mem:          3.8G       3.7G       125M       5.7M        27M       3.2G

MemTotal:        4016004 kB
MemFree:          130104 kB
Active:           417496 kB
Mem:          3.8G       3.7G       126M       5.7M        27M       3.2G

MemTotal:        4016004 kB
MemFree:          129652 kB
Active:           417468 kB
Mem:          3.8G       3.7G       126M       5.7M        27M       3.2G

MemTotal:        4016004 kB
MemFree:          130120 kB
Active:           417448 kB
Mem:          3.8G       3.7G       126M       5.7M        27M       3.2G

MemTotal:        4016004 kB
MemFree:          107716 kB
Active:           416088 kB
Mem:          3.8G       3.7G       104M       5.7M        27M       3.2G

MemTotal:        4016004 kB
MemFree:          134560 kB
Active:           412532 kB
Mem:          3.8G       3.7G       131M       5.7M        27M       3.2G

MemTotal:        4016004 kB
MemFree:          142244 kB
Active:           411244 kB
Mem:          3.8G       3.7G       138M       5.7M        27M       3.2G

MemTotal:        4016004 kB
MemFree:          138292 kB
Active:           411036 kB
Mem:          3.8G       3.7G       135M       5.7M        27M       3.2G

MemTotal:        4016004 kB
MemFree:          138328 kB
Active:           411024 kB
Mem:          3.8G       3.7G       135M       5.7M        27M       3.2G

MemTotal:        4016004 kB
MemFree:          138248 kB
Active:           411016 kB
Mem:          3.8G       3.7G       135M       5.7M        27M       3.2G

MemTotal:        4016004 kB
MemFree:          127216 kB
Active:           408548 kB
Mem:          3.8G       3.7G       124M       5.7M        27M       3.2G

MemTotal:        4016004 kB
MemFree:          126608 kB
Active:           408320 kB
Mem:          3.8G       3.7G       123M       5.7M        27M       3.2G

MemTotal:        4016004 kB
MemFree:          124360 kB
Active:           407912 kB
Mem:          3.8G       3.7G       120M       5.7M        27M       3.2G

MemTotal:        4016004 kB
MemFree:          131784 kB
Active:           405944 kB
Mem:          3.8G       3.7G       128M       5.7M        27M       3.2G

MemTotal:        4016004 kB
MemFree:          123548 kB
Active:           401032 kB
Mem:          3.8G       3.7G       120M       5.7M        27M       3.2G

MemTotal:        4016004 kB
MemFree:          115540 kB
Active:           400636 kB
Mem:          3.8G       3.7G       112M       5.7M        27M       3.2G

MemTotal:        4016004 kB
MemFree:          116040 kB
Active:           400648 kB
Mem:          3.8G       3.7G       113M       5.7M        27M       3.2G

MemTotal:        4016004 kB
MemFree:          116372 kB
Active:           400616 kB
Mem:          3.8G       3.7G       113M       5.7M        27M       3.2G

MemTotal:        4016004 kB
MemFree:          107368 kB
Active:           400620 kB
Mem:          3.8G       3.7G       104M       5.7M        27M       3.2G

MemTotal:        4016004 kB
MemFree:         3276124 kB
Active:           384656 kB
Mem:          3.8G       721M       3.1G       5.7M        27M       294M

MemTotal:        4016004 kB
MemFree:         3325164 kB
Active:           384428 kB
Mem:          3.8G       674M       3.2G       5.7M        27M       248M

MemTotal:        4016004 kB
MemFree:         3093260 kB
Active:           385316 kB
Mem:          3.8G       902M       2.9G       5.7M        27M       471M

MemTotal:        4016004 kB
MemFree:         3059996 kB
Active:           385432 kB
Mem:          3.8G       933M       2.9G       5.7M        27M       502M

MemTotal:        4016004 kB
MemFree:         2976720 kB
Active:           385792 kB
Mem:          3.8G       1.0G       2.8G       5.7M        27M       582M

MemTotal:        4016004 kB
MemFree:         2925352 kB
Active:           385976 kB
Mem:          3.8G       1.0G       2.8G       5.7M        27M       630M

MemTotal:        4016004 kB
MemFree:         2850576 kB
Active:           386276 kB
Mem:          3.8G       1.1G       2.7G       5.7M        27M       701M

MemTotal:        4016004 kB
MemFree:         2821744 kB
Active:           386428 kB
Mem:          3.8G       1.1G       2.7G       5.7M        27M       729M

MemTotal:        4016004 kB
MemFree:         2821776 kB
Active:           386420 kB
Mem:          3.8G       1.1G       2.7G       5.7M        27M       729M

MemTotal:        4016004 kB
MemFree:         2821532 kB
Active:           386400 kB
Mem:          3.8G       1.1G       2.7G       5.7M        27M       729M

MemTotal:        4016004 kB
MemFree:         2728368 kB
Active:           386560 kB
Mem:          3.8G       1.2G       2.6G       5.7M        27M       818M

MemTotal:        4016004 kB
MemFree:         2676808 kB
Active:           386964 kB
Mem:          3.8G       1.3G       2.6G       5.7M        27M       866M

MemTotal:        4016004 kB
MemFree:         2610432 kB
Active:           387160 kB
Mem:          3.8G       1.3G       2.5G       5.7M        27M       929M

MemTotal:        4016004 kB
MemFree:         2599980 kB
Active:           387284 kB
Mem:          3.8G       1.4G       2.5G       5.7M        27M       939M

MemTotal:        4016004 kB
MemFree:         2599332 kB
Active:           387304 kB
Mem:          3.8G       1.4G       2.5G       5.7M        27M       939M

MemTotal:        4016004 kB
MemFree:         2599564 kB
Active:           387296 kB
Mem:          3.8G       1.4G       2.5G       5.7M        27M       939M

MemTotal:        4016004 kB
MemFree:         2492928 kB
Active:           387532 kB
Mem:          3.8G       1.5G       2.4G       5.7M        27M       1.0G

MemTotal:        4016004 kB
MemFree:         2407100 kB
Active:           388056 kB
Mem:          3.8G       1.5G       2.3G       5.7M        27M       1.1G

MemTotal:        4016004 kB
MemFree:         2406544 kB
Active:           388064 kB
Mem:          3.8G       1.5G       2.3G       5.7M        27M       1.1G

MemTotal:        4016004 kB
MemFree:         2406628 kB
Active:           388056 kB
Mem:          3.8G       1.5G       2.3G       5.7M        27M       1.1G

MemTotal:        4016004 kB
MemFree:         2270208 kB
Active:           388464 kB
Mem:          3.8G       1.7G       2.2G       5.7M        27M       1.2G

MemTotal:        4016004 kB
MemFree:         2187472 kB
Active:           388800 kB
Mem:          3.8G       1.7G       2.1G       5.7M        27M       1.3G

MemTotal:        4016004 kB
MemFree:         2157944 kB
Active:           389032 kB
Mem:          3.8G       1.8G       2.1G       5.7M        27M       1.3G

MemTotal:        4016004 kB
MemFree:         2081348 kB
Active:           389164 kB
Mem:          3.8G       1.8G       2.0G       5.7M        27M       1.4G

MemTotal:        4016004 kB
MemFree:         2042428 kB
Active:           389440 kB
Mem:          3.8G       1.9G       1.9G       5.7M        27M       1.4G

MemTotal:        4016004 kB
MemFree:         2001428 kB
Active:           389596 kB
Mem:          3.8G       1.9G       1.9G       5.7M        27M       1.5G

MemTotal:        4016004 kB
MemFree:         2000660 kB
Active:           389664 kB
Mem:          3.8G       1.9G       1.9G       5.7M        27M       1.5G

MemTotal:        4016004 kB
MemFree:         1964032 kB
Active:           389668 kB
Mem:          3.8G       2.0G       1.9G       5.7M        27M       1.5G

MemTotal:        4016004 kB
MemFree:         1937020 kB
Active:           389932 kB
Mem:          3.8G       2.0G       1.8G       5.7M        27M       1.5G

MemTotal:        4016004 kB
MemFree:         1936992 kB
Active:           389896 kB
Mem:          3.8G       2.0G       1.8G       5.7M        27M       1.5G

MemTotal:        4016004 kB
MemFree:         1937028 kB
Active:           389888 kB
Mem:          3.8G       2.0G       1.8G       5.7M        27M       1.5G

MemTotal:        4016004 kB
MemFree:         1860388 kB
Active:           390240 kB
Mem:          3.8G       2.1G       1.8G       5.7M        27M       1.6G

MemTotal:        4016004 kB
MemFree:         1830088 kB
Active:           390364 kB
Mem:          3.8G       2.1G       1.7G       5.7M        27M       1.6G

MemTotal:        4016004 kB
MemFree:         1710068 kB
Active:           390836 kB
Mem:          3.8G       2.2G       1.6G       5.7M        27M       1.7G

MemTotal:        4016004 kB
MemFree:         1709944 kB
Active:           390784 kB
Mem:          3.8G       2.2G       1.6G       5.7M        27M       1.7G

MemTotal:        4016004 kB
MemFree:         1710136 kB
Active:           390780 kB
Mem:          3.8G       2.2G       1.6G       5.7M        27M       1.7G

MemTotal:        4016004 kB
MemFree:         1657372 kB
Active:           390824 kB
Mem:          3.8G       2.3G       1.6G       5.7M        27M       1.8G

MemTotal:        4016004 kB
MemFree:         1574012 kB
Active:           391252 kB
Mem:          3.8G       2.3G       1.5G       5.7M        27M       1.9G

MemTotal:        4016004 kB
MemFree:         1573264 kB
Active:           391348 kB
Mem:          3.8G       2.3G       1.5G       5.7M        27M       1.9G

MemTotal:        4016004 kB
MemFree:         1573048 kB
Active:           391352 kB
Mem:          3.8G       2.3G       1.5G       5.7M        27M       1.9G

MemTotal:        4016004 kB
MemFree:         1573084 kB
Active:           391336 kB
Mem:          3.8G       2.3G       1.5G       5.7M        27M       1.9G

MemTotal:        4016004 kB
MemFree:         1324508 kB
Active:           392216 kB
Mem:          3.8G       2.6G       1.3G       5.7M        27M       2.1G

MemTotal:        4016004 kB
MemFree:         1266024 kB
Active:           392396 kB
Mem:          3.8G       2.6G       1.2G       5.7M        27M       2.2G

MemTotal:        4016004 kB
MemFree:         1261904 kB
Active:           392528 kB
Mem:          3.8G       2.6G       1.2G       5.7M        27M       2.2G

MemTotal:        4016004 kB
MemFree:         1157308 kB
Active:           392884 kB
Mem:          3.8G       2.7G       1.1G       5.7M        27M       2.3G

MemTotal:        4016004 kB
MemFree:         1076232 kB
Active:           393096 kB
Mem:          3.8G       2.8G       1.0G       5.7M        27M       2.3G

MemTotal:        4016004 kB
MemFree:         1045664 kB
Active:           393380 kB
Mem:          3.8G       2.8G       1.0G       5.7M        27M       2.4G

MemTotal:        4016004 kB
MemFree:          974048 kB
Active:           393644 kB
Mem:          3.8G       2.9G       951M       5.7M        27M       2.4G

MemTotal:        4016004 kB
MemFree:          974048 kB
Active:           393708 kB
Mem:          3.8G       2.9G       951M       5.7M        27M       2.4G

MemTotal:        4016004 kB
MemFree:          973524 kB
Active:           393728 kB
Mem:          3.8G       2.9G       950M       5.7M        27M       2.4G

MemTotal:        4016004 kB
MemFree:          947992 kB
Active:           393724 kB
Mem:          3.8G       2.9G       925M       5.7M        27M       2.5G

MemTotal:        4016004 kB
MemFree:          831108 kB
Active:           394220 kB
Mem:          3.8G       3.0G       810M       5.7M        27M       2.6G

MemTotal:        4016004 kB
MemFree:          803048 kB
Active:           394288 kB
Mem:          3.8G       3.1G       784M       5.7M        27M       2.6G

MemTotal:        4016004 kB
MemFree:          802832 kB
Active:           394388 kB
Mem:          3.8G       3.1G       784M       5.7M        27M       2.6G

MemTotal:        4016004 kB
MemFree:          802528 kB
Active:           394408 kB
Mem:          3.8G       3.1G       783M       5.7M        27M       2.6G

MemTotal:        4016004 kB
MemFree:          681008 kB
Active:           394796 kB
Mem:          3.8G       3.2G       664M       5.7M        27M       2.7G

MemTotal:        4016004 kB
MemFree:          602636 kB
Active:           394992 kB
Mem:          3.8G       3.3G       587M       5.7M        27M       2.8G

MemTotal:        4016004 kB
MemFree:          527068 kB
Active:           395360 kB
Mem:          3.8G       3.3G       514M       5.7M        27M       2.8G

MemTotal:        4016004 kB
MemFree:          382296 kB
Active:           395880 kB
Mem:          3.8G       3.5G       373M       5.7M        27M       3.0G

MemTotal:        4016004 kB
MemFree:          300716 kB
Active:           396284 kB
Mem:          3.8G       3.5G       293M       5.7M        27M       3.1G

MemTotal:        4016004 kB
MemFree:          249756 kB
Active:           396508 kB
Mem:          3.8G       3.6G       243M       5.7M        27M       3.1G

MemTotal:        4016004 kB
MemFree:          215640 kB
Active:           396616 kB
Mem:          3.8G       3.6G       208M       5.7M        27M       3.1G

MemTotal:        4016004 kB
MemFree:          159388 kB
Active:           396848 kB
Mem:          3.8G       3.7G       155M       5.7M        27M       3.2G

MemTotal:        4016004 kB
MemFree:          142200 kB
Active:           396492 kB
Mem:          3.8G       3.7G       138M       5.7M        27M       3.2G

MemTotal:        4016004 kB
MemFree:          140384 kB
Active:           395376 kB
Mem:          3.8G       3.7G       136M       5.7M        27M       3.2G

MemTotal:        4016004 kB
MemFree:          128388 kB
Active:           395296 kB
Mem:          3.8G       3.7G       125M       5.7M        27M       3.2G

MemTotal:        4016004 kB
MemFree:          133872 kB
Active:           395484 kB
Mem:          3.8G       3.7G       130M       5.7M        27M       3.2G

MemTotal:        4016004 kB
MemFree:          131196 kB
Active:           395560 kB
Mem:          3.8G       3.7G       128M       5.7M        27M       3.2G

MemTotal:        4016004 kB
MemFree:          130796 kB
Active:           395520 kB
Mem:          3.8G       3.7G       127M       5.7M        27M       3.2G

MemTotal:        4016004 kB
MemFree:          130776 kB
Active:           395580 kB
Mem:          3.8G       3.7G       127M       5.7M        27M       3.2G

MemTotal:        4016004 kB
MemFree:          126076 kB
Active:           395700 kB
Mem:          3.8G       3.7G       122M       5.7M        27M       3.2G

MemTotal:        4016004 kB
MemFree:          122268 kB
Active:           396192 kB
Mem:          3.8G       3.7G       118M       5.7M        27M       3.2G

MemTotal:        4016004 kB
MemFree:          135672 kB
Active:           396384 kB
Mem:          3.8G       3.7G       132M       5.7M        27M       3.2G

MemTotal:        4016004 kB
MemFree:          121404 kB
Active:           396580 kB
Mem:          3.8G       3.7G       118M       5.7M        27M       3.2G

MemTotal:        4016004 kB
MemFree:          121548 kB
Active:           396720 kB
Mem:          3.8G       3.7G       118M       5.7M        27M       3.2G

MemTotal:        4016004 kB
MemFree:          121588 kB
Active:           396664 kB
Mem:          3.8G       3.7G       118M       5.7M        27M       3.2G

MemTotal:        4016004 kB
MemFree:          121996 kB
Active:           396700 kB
Mem:          3.8G       3.7G       119M       5.7M        27M       3.2G

MemTotal:        4016004 kB
MemFree:          127256 kB
Active:           397088 kB
Mem:          3.8G       3.7G       124M       5.7M        27M       3.2G

MemTotal:        4016004 kB
MemFree:          108944 kB
Active:           394088 kB
Mem:          3.8G       3.7G       106M       5.7M        27M       3.2G

MemTotal:        4016004 kB
MemFree:          108664 kB
Active:           394048 kB
Mem:          3.8G       3.7G       105M       5.7M        27M       3.2G

MemTotal:        4016004 kB
MemFree:          108732 kB
Active:           394036 kB
Mem:          3.8G       3.7G       106M       5.7M        27M       3.2G

MemTotal:        4016004 kB
MemFree:          142184 kB
Active:           394084 kB
Mem:          3.8G       3.7G       139M       5.7M        27M       3.2G

MemTotal:        4016004 kB
MemFree:          119836 kB
Active:           394560 kB
Mem:          3.8G       3.7G       117M       5.7M        27M       3.2G

MemTotal:        4016004 kB
MemFree:          126108 kB
Active:           394788 kB
Mem:          3.8G       3.7G       122M       5.7M        27M       3.2G

MemTotal:        4016004 kB
MemFree:          139652 kB
Active:           391772 kB
Mem:          3.8G       3.7G       136M       5.7M        27M       3.2G

MemTotal:        4016004 kB
MemFree:          139156 kB
Active:           391792 kB
Mem:          3.8G       3.7G       136M       5.7M        27M       3.2G

MemTotal:        4016004 kB
MemFree:          124132 kB
Active:           391820 kB
Mem:          3.8G       3.7G       121M       5.7M        27M       3.2G

MemTotal:        4016004 kB
MemFree:          124476 kB
Active:           391860 kB
Mem:          3.8G       3.7G       121M       5.7M        27M       3.2G

MemTotal:        4016004 kB
MemFree:          124476 kB
Active:           391860 kB
Mem:          3.8G       3.7G       121M       5.7M        27M       3.2G

MemTotal:        4016004 kB
MemFree:         3357128 kB
Active:           375612 kB
Mem:          3.8G       643M       3.2G       5.7M        27M       216M

MemTotal:        4016004 kB
MemFree:         3077232 kB
Active:           376624 kB
Mem:          3.8G       916M       2.9G       5.7M        27M       485M

MemTotal:        4016004 kB
MemFree:         2997232 kB
Active:           376704 kB
Mem:          3.8G       995M       2.9G       5.7M        27M       562M

MemTotal:        4016004 kB
MemFree:         2938456 kB
Active:           377044 kB
Mem:          3.8G       1.0G       2.8G       5.7M        27M       618M

MemTotal:        4016004 kB
MemFree:         2891796 kB
Active:           377264 kB
Mem:          3.8G       1.1G       2.8G       5.7M        27M       662M

MemTotal:        4016004 kB
MemFree:         2845820 kB
Active:           377440 kB
Mem:          3.8G       1.1G       2.7G       5.7M        27M       706M

MemTotal:        4016004 kB
MemFree:         2818756 kB
Active:           377592 kB
Mem:          3.8G       1.1G       2.7G       5.7M        27M       732M

MemTotal:        4016004 kB
MemFree:         2787292 kB
Active:           377656 kB
Mem:          3.8G       1.2G       2.7G       5.7M        27M       761M

MemTotal:        4016004 kB
MemFree:         2713548 kB
Active:           377832 kB
Mem:          3.8G       1.2G       2.6G       5.7M        27M       832M

MemTotal:        4016004 kB
MemFree:         2668268 kB
Active:           378120 kB
Mem:          3.8G       1.3G       2.5G       5.7M        27M       874M

MemTotal:        4016004 kB
MemFree:         2623152 kB
Active:           378300 kB
Mem:          3.8G       1.3G       2.5G       5.7M        27M       918M

MemTotal:        4016004 kB
MemFree:         2603388 kB
Active:           378532 kB
Mem:          3.8G       1.3G       2.5G       5.7M        27M       936M

MemTotal:        4016004 kB
MemFree:         2603000 kB
Active:           378532 kB
Mem:          3.8G       1.3G       2.5G       5.7M        28M       936M

MemTotal:        4016004 kB
MemFree:         2602692 kB
Active:           378532 kB
Mem:          3.8G       1.3G       2.5G       5.7M        28M       936M

MemTotal:        4016004 kB
MemFree:         2603180 kB
Active:           378532 kB
Mem:          3.8G       1.3G       2.5G       5.7M        28M       936M

MemTotal:        4016004 kB
MemFree:         2427516 kB
Active:           379164 kB
Mem:          3.8G       1.5G       2.3G       5.7M        28M       1.1G

MemTotal:        4016004 kB
MemFree:         2352212 kB
Active:           379468 kB
Mem:          3.8G       1.6G       2.2G       5.7M        28M       1.1G

MemTotal:        4016004 kB
MemFree:         2346492 kB
Active:           379488 kB
Mem:          3.8G       1.6G       2.2G       5.7M        28M       1.2G

MemTotal:        4016004 kB
MemFree:         2346652 kB
Active:           379476 kB
Mem:          3.8G       1.6G       2.2G       5.7M        28M       1.2G

MemTotal:        4016004 kB
MemFree:         2346720 kB
Active:           379464 kB
Mem:          3.8G       1.6G       2.2G       5.7M        28M       1.2G

MemTotal:        4016004 kB
MemFree:         2210576 kB
Active:           379984 kB
Mem:          3.8G       1.7G       2.1G       5.7M        28M       1.3G

MemTotal:        4016004 kB
MemFree:         2129248 kB
Active:           380260 kB
Mem:          3.8G       1.8G       2.0G       5.7M        28M       1.4G

MemTotal:        4016004 kB
MemFree:         2102060 kB
Active:           380444 kB
Mem:          3.8G       1.8G       2.0G       5.7M        28M       1.4G

MemTotal:        4016004 kB
MemFree:         2101568 kB
Active:           380448 kB
Mem:          3.8G       1.8G       2.0G       5.7M        28M       1.4G

MemTotal:        4016004 kB
MemFree:         2101720 kB
Active:           380396 kB
Mem:          3.8G       1.8G       2.0G       5.7M        28M       1.4G

MemTotal:        4016004 kB
MemFree:         2101972 kB
Active:           380396 kB
Mem:          3.8G       1.8G       2.0G       5.7M        28M       1.4G

MemTotal:        4016004 kB
MemFree:         1924320 kB
Active:           381048 kB
Mem:          3.8G       2.0G       1.8G       5.7M        28M       1.5G

MemTotal:        4016004 kB
MemFree:         1865044 kB
Active:           381344 kB
Mem:          3.8G       2.1G       1.8G       5.7M        28M       1.6G

MemTotal:        4016004 kB
MemFree:         1864332 kB
Active:           381332 kB
Mem:          3.8G       2.1G       1.8G       5.7M        28M       1.6G

MemTotal:        4016004 kB
MemFree:         1864616 kB
Active:           381340 kB
Mem:          3.8G       2.1G       1.8G       5.7M        28M       1.6G

MemTotal:        4016004 kB
MemFree:         1864340 kB
Active:           381360 kB
Mem:          3.8G       2.1G       1.8G       5.7M        28M       1.6G

MemTotal:        4016004 kB
MemFree:         1704360 kB
Active:           381856 kB
Mem:          3.8G       2.2G       1.6G       5.7M        28M       1.7G

MemTotal:        4016004 kB
MemFree:         1623212 kB
Active:           382148 kB
Mem:          3.8G       2.3G       1.5G       5.7M        28M       1.8G

MemTotal:        4016004 kB
MemFree:         1610532 kB
Active:           382296 kB
Mem:          3.8G       2.3G       1.5G       5.7M        28M       1.8G

MemTotal:        4016004 kB
MemFree:         1610008 kB
Active:           382336 kB
Mem:          3.8G       2.3G       1.5G       5.7M        28M       1.8G

MemTotal:        4016004 kB
MemFree:         1610260 kB
Active:           382308 kB
Mem:          3.8G       2.3G       1.5G       5.7M        28M       1.8G

MemTotal:        4016004 kB
MemFree:         1475828 kB
Active:           382696 kB
Mem:          3.8G       2.4G       1.4G       5.7M        28M       2.0G

MemTotal:        4016004 kB
MemFree:         1394556 kB
Active:           383044 kB
Mem:          3.8G       2.5G       1.3G       5.7M        28M       2.0G

MemTotal:        4016004 kB
MemFree:         1366816 kB
Active:           383272 kB
Mem:          3.8G       2.5G       1.3G       5.7M        28M       2.1G

MemTotal:        4016004 kB
MemFree:         1366292 kB
Active:           383232 kB
Mem:          3.8G       2.5G       1.3G       5.7M        28M       2.1G

MemTotal:        4016004 kB
MemFree:         1366544 kB
Active:           383232 kB
Mem:          3.8G       2.5G       1.3G       5.7M        28M       2.1G

MemTotal:        4016004 kB
MemFree:         1267480 kB
Active:           383388 kB
Mem:          3.8G       2.6G       1.2G       5.7M        28M       2.2G

MemTotal:        4016004 kB
MemFree:         1185908 kB
Active:           383784 kB
Mem:          3.8G       2.7G       1.1G       5.7M        28M       2.2G

MemTotal:        4016004 kB
MemFree:         1144112 kB
Active:           384060 kB
Mem:          3.8G       2.7G       1.1G       5.7M        28M       2.3G

MemTotal:        4016004 kB
MemFree:         1143368 kB
Active:           384124 kB
Mem:          3.8G       2.7G       1.1G       5.7M        28M       2.3G

MemTotal:        4016004 kB
MemFree:         1143808 kB
Active:           384080 kB
Mem:          3.8G       2.7G       1.1G       5.7M        28M       2.3G

MemTotal:        4016004 kB
MemFree:         1143780 kB
Active:           384128 kB
Mem:          3.8G       2.7G       1.1G       5.7M        28M       2.3G

MemTotal:        4016004 kB
MemFree:          969512 kB
Active:           384644 kB
Mem:          3.8G       2.9G       946M       5.7M        28M       2.4G

MemTotal:        4016004 kB
MemFree:          903632 kB
Active:           384928 kB
Mem:          3.8G       3.0G       882M       5.7M        28M       2.5G

MemTotal:        4016004 kB
MemFree:          894168 kB
Active:           385096 kB
Mem:          3.8G       3.0G       872M       5.7M        28M       2.5G

MemTotal:        4016004 kB
MemFree:          893536 kB
Active:           385100 kB
Mem:          3.8G       3.0G       872M       5.7M        28M       2.5G

MemTotal:        4016004 kB
MemFree:          893760 kB
Active:           385104 kB
Mem:          3.8G       3.0G       872M       5.7M        28M       2.5G

MemTotal:        4016004 kB
MemFree:          765536 kB
Active:           385508 kB
Mem:          3.8G       3.1G       746M       5.7M        28M       2.6G

MemTotal:        4016004 kB
MemFree:          683760 kB
Active:           385728 kB
Mem:          3.8G       3.2G       667M       5.7M        28M       2.7G

MemTotal:        4016004 kB
MemFree:          653440 kB
Active:           385976 kB
Mem:          3.8G       3.2G       638M       5.7M        28M       2.7G

MemTotal:        4016004 kB
MemFree:          652884 kB
Active:           386020 kB
Mem:          3.8G       3.2G       637M       5.7M        28M       2.7G

MemTotal:        4016004 kB
MemFree:          653168 kB
Active:           386020 kB
Mem:          3.8G       3.2G       637M       5.7M        28M       2.7G

MemTotal:        4016004 kB
MemFree:          546320 kB
Active:           386164 kB
Mem:          3.8G       3.3G       533M       5.7M        28M       2.8G

MemTotal:        4016004 kB
MemFree:          465372 kB
Active:           386680 kB
Mem:          3.8G       3.4G       454M       5.7M        28M       2.9G

MemTotal:        4016004 kB
MemFree:          429720 kB
Active:           386804 kB
Mem:          3.8G       3.4G       419M       5.7M        28M       2.9G

MemTotal:        4016004 kB
MemFree:          428852 kB
Active:           386848 kB
Mem:          3.8G       3.4G       418M       5.7M        28M       2.9G

MemTotal:        4016004 kB
MemFree:          428824 kB
Active:           386892 kB
Mem:          3.8G       3.4G       418M       5.7M        28M       2.9G

MemTotal:        4016004 kB
MemFree:          428580 kB
Active:           386892 kB
Mem:          3.8G       3.4G       418M       5.7M        28M       2.9G

MemTotal:        4016004 kB
MemFree:          252560 kB
Active:           387372 kB
Mem:          3.8G       3.6G       246M       5.7M        28M       3.1G

MemTotal:        4016004 kB
MemFree:          176380 kB
Active:           387800 kB
Mem:          3.8G       3.7G       172M       5.7M        28M       3.2G

MemTotal:        4016004 kB
MemFree:          173016 kB
Active:           387824 kB
Mem:          3.8G       3.7G       168M       5.7M        28M       3.2G

MemTotal:        4016004 kB
MemFree:          172584 kB
Active:           387864 kB
Mem:          3.8G       3.7G       168M       5.7M        28M       3.2G

MemTotal:        4016004 kB
MemFree:          172680 kB
Active:           387864 kB
Mem:          3.8G       3.7G       168M       5.7M        28M       3.2G

MemTotal:        4016004 kB
MemFree:          133540 kB
Active:           388180 kB
Mem:          3.8G       3.7G       129M       5.7M        28M       3.2G

MemTotal:        4016004 kB
MemFree:          149972 kB
Active:           388412 kB
Mem:          3.8G       3.7G       146M       5.7M        28M       3.2G

MemTotal:        4016004 kB
MemFree:          149900 kB
Active:           388716 kB
Mem:          3.8G       3.7G       146M       5.7M        28M       3.2G

MemTotal:        4016004 kB
MemFree:          150044 kB
Active:           388768 kB
Mem:          3.8G       3.7G       146M       5.7M        28M       3.2G

MemTotal:        4016004 kB
MemFree:          149708 kB
Active:           388776 kB
Mem:          3.8G       3.7G       146M       5.7M        28M       3.2G

MemTotal:        4016004 kB
MemFree:          144536 kB
Active:           387312 kB
Mem:          3.8G       3.7G       141M       5.7M        28M       3.2G

MemTotal:        4016004 kB
MemFree:          127300 kB
Active:           387544 kB
Mem:          3.8G       3.7G       124M       5.7M        28M       3.2G

MemTotal:        4016004 kB
MemFree:          129976 kB
Active:           387688 kB
Mem:          3.8G       3.7G       127M       5.7M        28M       3.2G

MemTotal:        4016004 kB
MemFree:          130288 kB
Active:           387836 kB
Mem:          3.8G       3.7G       127M       5.7M        28M       3.2G

MemTotal:        4016004 kB
MemFree:          130196 kB
Active:           387816 kB
Mem:          3.8G       3.7G       127M       5.7M        28M       3.2G

MemTotal:        4016004 kB
MemFree:          130732 kB
Active:           387804 kB
Mem:          3.8G       3.7G       127M       5.7M        28M       3.2G

MemTotal:        4016004 kB
MemFree:          132632 kB
Active:           388252 kB
Mem:          3.8G       3.7G       128M       5.7M        28M       3.2G

MemTotal:        4016004 kB
MemFree:          124532 kB
Active:           388088 kB
Mem:          3.8G       3.7G       121M       5.7M        28M       3.2G

MemTotal:        4016004 kB
MemFree:          117332 kB
Active:           388496 kB
Mem:          3.8G       3.7G       114M       5.7M        28M       3.2G

MemTotal:        4016004 kB
MemFree:          105540 kB
Active:           388568 kB
Mem:          3.8G       3.7G       103M       5.7M        28M       3.2G

MemTotal:        4016004 kB
MemFree:          111612 kB
Active:           388792 kB
Mem:          3.8G       3.7G       108M       5.7M        28M       3.2G

MemTotal:        4016004 kB
MemFree:         1838440 kB
Active:           378628 kB
Mem:          3.8G       2.1G       1.8G       5.7M        28M       1.6G

MemTotal:        4016004 kB
MemFree:         3278444 kB
Active:           373340 kB
Mem:          3.8G       719M       3.1G       5.7M        28M       292M

MemTotal:        4016004 kB
MemFree:         3034716 kB
Active:           373980 kB
Mem:          3.8G       958M       2.9G       5.7M        28M       527M

MemTotal:        4016004 kB
MemFree:         2958332 kB
Active:           374256 kB
Mem:          3.8G       1.0G       2.8G       5.7M        28M       599M

MemTotal:        4016004 kB
MemFree:         2919884 kB
Active:           374468 kB
Mem:          3.8G       1.0G       2.8G       5.7M        28M       635M

MemTotal:        4016004 kB
MemFree:         2919824 kB
Active:           374468 kB
Mem:          3.8G       1.0G       2.8G       5.7M        28M       635M

MemTotal:        4016004 kB
MemFree:         2918928 kB
Active:           374440 kB
Mem:          3.8G       1.0G       2.8G       5.7M        28M       635M

MemTotal:        4016004 kB
MemFree:         2827040 kB
Active:           374624 kB
Mem:          3.8G       1.1G       2.7G       5.7M        28M       723M

MemTotal:        4016004 kB
MemFree:         2745548 kB
Active:           375072 kB
Mem:          3.8G       1.2G       2.6G       5.7M        28M       801M

MemTotal:        4016004 kB
MemFree:         2693852 kB
Active:           375300 kB
Mem:          3.8G       1.3G       2.6G       5.7M        28M       850M

MemTotal:        4016004 kB
MemFree:         2677112 kB
Active:           375396 kB
Mem:          3.8G       1.3G       2.6G       5.7M        28M       866M

MemTotal:        4016004 kB
MemFree:         2676836 kB
Active:           375380 kB
Mem:          3.8G       1.3G       2.6G       5.7M        28M       866M

MemTotal:        4016004 kB
MemFree:         2676656 kB
Active:           375412 kB
Mem:          3.8G       1.3G       2.6G       5.7M        28M       866M

MemTotal:        4016004 kB
MemFree:         2532532 kB
Active:           375856 kB
Mem:          3.8G       1.4G       2.4G       5.7M        28M       1.0G

MemTotal:        4016004 kB
MemFree:         2477596 kB
Active:           376176 kB
Mem:          3.8G       1.5G       2.4G       5.7M        28M       1.0G

MemTotal:        4016004 kB
MemFree:         2476640 kB
Active:           376156 kB
Mem:          3.8G       1.5G       2.4G       5.7M        28M       1.0G

MemTotal:        4016004 kB
MemFree:         2476612 kB
Active:           376136 kB
Mem:          3.8G       1.5G       2.4G       5.7M        28M       1.0G

MemTotal:        4016004 kB
MemFree:         2368740 kB
Active:           376364 kB
Mem:          3.8G       1.6G       2.3G       5.7M        28M       1.1G

MemTotal:        4016004 kB
MemFree:         2287404 kB
Active:           376764 kB
Mem:          3.8G       1.6G       2.2G       5.7M        28M       1.2G

MemTotal:        4016004 kB
MemFree:         2257676 kB
Active:           377020 kB
Mem:          3.8G       1.7G       2.2G       5.7M        28M       1.2G

MemTotal:        4016004 kB
MemFree:         2182416 kB
Active:           377252 kB
Mem:          3.8G       1.7G       2.1G       5.7M        28M       1.3G

MemTotal:        4016004 kB
MemFree:         2142484 kB
Active:           377368 kB
Mem:          3.8G       1.8G       2.0G       5.7M        28M       1.3G

MemTotal:        4016004 kB
MemFree:         2101816 kB
Active:           377552 kB
Mem:          3.8G       1.8G       2.0G       5.7M        28M       1.4G

MemTotal:        4016004 kB
MemFree:         2061956 kB
Active:           377704 kB
Mem:          3.8G       1.9G       2.0G       5.7M        28M       1.4G

MemTotal:        4016004 kB
MemFree:         2022692 kB
Active:           377848 kB
Mem:          3.8G       1.9G       1.9G       5.7M        28M       1.5G

MemTotal:        4016004 kB
MemFree:         2011128 kB
Active:           377968 kB
Mem:          3.8G       1.9G       1.9G       5.7M        28M       1.5G

MemTotal:        4016004 kB
MemFree:         3281376 kB
Active:           372320 kB
Mem:          3.8G       717M       3.1G       5.7M        28M       290M

MemTotal:        4016004 kB
MemFree:         3326152 kB
Active:           372008 kB
Mem:          3.8G       673M       3.2G       5.7M        28M       246M

MemTotal:        4016004 kB
MemFree:         3372708 kB
Active:           371816 kB
Mem:          3.8G       627M       3.2G       5.7M        28M       202M

MemTotal:        4016004 kB
MemFree:         3373088 kB
Active:           371516 kB
Mem:          3.8G       627M       3.2G       5.7M        28M       202M

MemTotal:        4016004 kB
MemFree:         3373212 kB
Active:           371544 kB
Mem:          3.8G       627M       3.2G       5.7M        28M       202M

MemTotal:        4016004 kB
MemFree:         3373088 kB
Active:           371544 kB
Mem:          3.8G       628M       3.2G       5.7M        28M       202M

MemTotal:        4016004 kB
MemFree:         3373336 kB
Active:           371576 kB
Mem:          3.8G       627M       3.2G       5.7M        28M       202M

MemTotal:        4016004 kB
MemFree:         3373336 kB
Active:           371528 kB
Mem:          3.8G       627M       3.2G       5.7M        28M       202M

MemTotal:        4016004 kB
MemFree:         3373460 kB
Active:           371524 kB
Mem:          3.8G       627M       3.2G       5.7M        28M       202M

MemTotal:        4016004 kB
MemFree:         3373460 kB
Active:           371580 kB
Mem:          3.8G       627M       3.2G       5.7M        28M       202M

MemTotal:        4016004 kB
MemFree:         3374080 kB
Active:           371560 kB
Mem:          3.8G       627M       3.2G       5.7M        28M       202M

MemTotal:        4016004 kB
MemFree:         3374080 kB
Active:           371560 kB
Mem:          3.8G       626M       3.2G       5.7M        28M       202M

MemTotal:        4016004 kB
MemFree:         3374080 kB
Active:           371556 kB
Mem:          3.8G       626M       3.2G       5.7M        28M       202M

MemTotal:        4016004 kB
MemFree:         3373956 kB
Active:           371564 kB
Mem:          3.8G       626M       3.2G       5.7M        28M       202M

MemTotal:        4016004 kB
MemFree:         3374452 kB
Active:           371556 kB
Mem:          3.8G       626M       3.2G       5.7M        28M       202M

MemTotal:        4016004 kB
MemFree:         3374452 kB
Active:           371552 kB
Mem:          3.8G       626M       3.2G       5.7M        28M       202M

MemTotal:        4016004 kB
MemFree:         3374576 kB
Active:           371572 kB
Mem:          3.8G       626M       3.2G       5.7M        28M       202M

MemTotal:        4016004 kB
MemFree:         3374452 kB
Active:           371552 kB
Mem:          3.8G       626M       3.2G       5.7M        28M       202M

MemTotal:        4016004 kB
MemFree:         3373956 kB
Active:           371592 kB
Mem:          3.8G       626M       3.2G       5.7M        28M       202M

MemTotal:        4016004 kB
MemFree:         3374204 kB
Active:           371536 kB
Mem:          3.8G       626M       3.2G       5.7M        28M       202M

MemTotal:        4016004 kB
MemFree:         3374204 kB
Active:           371540 kB
Mem:          3.8G       626M       3.2G       5.7M        28M       202M

MemTotal:        4016004 kB
MemFree:         3374328 kB
Active:           371536 kB
Mem:          3.8G       626M       3.2G       5.7M        28M       202M

MemTotal:        4016004 kB
MemFree:         3374328 kB
Active:           371584 kB
Mem:          3.8G       626M       3.2G       5.7M        28M       202M

MemTotal:        4016004 kB
MemFree:         3373956 kB
Active:           371536 kB
Mem:          3.8G       627M       3.2G       5.7M        28M       202M

MemTotal:        4016004 kB
MemFree:         3373956 kB
Active:           371568 kB
Mem:          3.8G       627M       3.2G       5.7M        28M       202M

MemTotal:        4016004 kB
MemFree:         3374328 kB
Active:           371536 kB
Mem:          3.8G       626M       3.2G       5.7M        28M       202M

MemTotal:        4016004 kB
MemFree:         3374452 kB
Active:           371548 kB
Mem:          3.8G       626M       3.2G       5.7M        28M       202M

MemTotal:        4016004 kB
MemFree:         3374204 kB
Active:           371560 kB
Mem:          3.8G       626M       3.2G       5.7M        28M       202M

MemTotal:        4016004 kB
MemFree:         3374328 kB
Active:           371540 kB
Mem:          3.8G       626M       3.2G       5.7M        28M       202M

MemTotal:        4016004 kB
MemFree:         3374452 kB
Active:           371536 kB
Mem:          3.8G       626M       3.2G       5.7M        28M       202M

MemTotal:        4016004 kB
MemFree:         3374328 kB
Active:           371576 kB
Mem:          3.8G       626M       3.2G       5.7M        28M       202M

MemTotal:        4016004 kB
MemFree:         3374452 kB
Active:           371556 kB
Mem:          3.8G       626M       3.2G       5.7M        28M       202M

MemTotal:        4016004 kB
MemFree:         3374576 kB
Active:           371556 kB
Mem:          3.8G       626M       3.2G       5.7M        28M       202M

MemTotal:        4016004 kB
MemFree:         3374452 kB
Active:           371564 kB
Mem:          3.8G       626M       3.2G       5.7M        28M       202M

MemTotal:        4016004 kB
MemFree:         3374080 kB
Active:           371604 kB
Mem:          3.8G       626M       3.2G       5.7M        28M       202M

MemTotal:        4016004 kB
MemFree:         3373584 kB
Active:           371612 kB
Mem:          3.8G       627M       3.2G       5.7M        28M       202M

MemTotal:        4016004 kB
MemFree:         3373832 kB
Active:           371596 kB
Mem:          3.8G       627M       3.2G       5.7M        28M       202M

MemTotal:        4016004 kB
MemFree:         3373832 kB
Active:           371596 kB
Mem:          3.8G       627M       3.2G       5.7M        28M       202M

MemTotal:        4016004 kB
MemFree:         3373832 kB
Active:           371604 kB
Mem:          3.8G       627M       3.2G       5.7M        28M       202M

MemTotal:        4016004 kB
MemFree:         3374080 kB
Active:           371600 kB
Mem:          3.8G       626M       3.2G       5.7M        28M       202M

MemTotal:        4016004 kB
MemFree:         3374328 kB
Active:           371600 kB
Mem:          3.8G       626M       3.2G       5.7M        28M       202M

MemTotal:        4016004 kB
MemFree:         3374328 kB
Active:           371596 kB
Mem:          3.8G       626M       3.2G       5.7M        28M       202M

MemTotal:        4016004 kB
MemFree:         3374204 kB
Active:           371596 kB
Mem:          3.8G       626M       3.2G       5.7M        28M       202M

MemTotal:        4016004 kB
MemFree:         3374328 kB
Active:           371588 kB
Mem:          3.8G       626M       3.2G       5.7M        28M       202M

MemTotal:        4016004 kB
MemFree:         3374452 kB
Active:           371580 kB
Mem:          3.8G       626M       3.2G       5.7M        28M       202M

MemTotal:        4016004 kB
MemFree:         3374452 kB
Active:           371624 kB
Mem:          3.8G       626M       3.2G       5.7M        28M       202M

MemTotal:        4016004 kB
MemFree:         3374452 kB
Active:           371616 kB
Mem:          3.8G       626M       3.2G       5.7M        28M       202M

MemTotal:        4016004 kB
MemFree:         3374204 kB
Active:           371616 kB
Mem:          3.8G       626M       3.2G       5.7M        28M       202M

MemTotal:        4016004 kB
MemFree:         3373832 kB
Active:           371640 kB
Mem:          3.8G       627M       3.2G       5.7M        28M       202M

MemTotal:        4016004 kB
MemFree:         3373832 kB
Active:           371616 kB
Mem:          3.8G       627M       3.2G       5.7M        28M       202M

MemTotal:        4016004 kB
MemFree:         3374204 kB
Active:           371640 kB
Mem:          3.8G       626M       3.2G       5.7M        28M       202M

MemTotal:        4016004 kB
MemFree:         3374328 kB
Active:           371624 kB
Mem:          3.8G       626M       3.2G       5.7M        28M       202M

MemTotal:        4016004 kB
MemFree:         3374328 kB
Active:           371612 kB
Mem:          3.8G       626M       3.2G       5.7M        28M       202M

MemTotal:        4016004 kB
MemFree:         3374080 kB
Active:           371624 kB
Mem:          3.8G       626M       3.2G       5.7M        28M       202M

MemTotal:        4016004 kB
MemFree:         3373956 kB
Active:           371604 kB
Mem:          3.8G       626M       3.2G       5.7M        28M       202M

MemTotal:        4016004 kB
MemFree:         3373956 kB
Active:           371600 kB
Mem:          3.8G       626M       3.2G       5.7M        28M       202M

MemTotal:        4016004 kB
MemFree:         3373956 kB
Active:           371660 kB
Mem:          3.8G       627M       3.2G       5.7M        28M       202M

MemTotal:        4016004 kB
MemFree:         3373708 kB
Active:           371616 kB
Mem:          3.8G       627M       3.2G       5.7M        28M       202M

MemTotal:        4016004 kB
MemFree:         3374204 kB
Active:           371612 kB
