MemTotal:        4016004 kB
MemFree:         3229988 kB
Active:           431696 kB
Mem:          3.8G       768M       3.1G       5.7M        52M       322M

MemTotal:        4016004 kB
MemFree:         3229568 kB
Active:           431884 kB
Mem:          3.8G       768M       3.1G       5.7M        52M       322M

MemTotal:        4016004 kB
MemFree:         3227536 kB
Active:           432024 kB
Mem:          3.8G       770M       3.1G       5.7M        52M       322M

MemTotal:        4016004 kB
MemFree:         3227520 kB
Active:           434040 kB
Mem:          3.8G       769M       3.1G       5.7M        52M       322M

MemTotal:        4016004 kB
MemFree:         3227628 kB
Active:           434044 kB
Mem:          3.8G       770M       3.1G       5.7M        52M       322M

MemTotal:        4016004 kB
MemFree:         3227984 kB
Active:           434040 kB
Mem:          3.8G       769M       3.1G       5.7M        52M       322M

MemTotal:        4016004 kB
MemFree:         3227968 kB
Active:           434024 kB
Mem:          3.8G       769M       3.1G       5.7M        52M       322M

MemTotal:        4016004 kB
MemFree:         3227720 kB
Active:           434032 kB
Mem:          3.8G       769M       3.1G       5.7M        52M       322M

MemTotal:        4016004 kB
MemFree:         3227828 kB
Active:           434064 kB
Mem:          3.8G       769M       3.1G       5.7M        52M       322M

MemTotal:        4016004 kB
MemFree:         3227812 kB
Active:           434068 kB
Mem:          3.8G       769M       3.1G       5.7M        52M       322M

MemTotal:        4016004 kB
MemFree:         3227796 kB
Active:           434040 kB
Mem:          3.8G       769M       3.1G       5.7M        52M       322M

MemTotal:        4016004 kB
MemFree:         3227780 kB
Active:           434020 kB
Mem:          3.8G       769M       3.1G       5.7M        52M       322M

MemTotal:        4016004 kB
MemFree:         3227640 kB
Active:           434056 kB
Mem:          3.8G       769M       3.1G       5.7M        52M       322M

MemTotal:        4016004 kB
MemFree:         3227300 kB
Active:           434080 kB
Mem:          3.8G       769M       3.1G       5.7M        52M       322M

MemTotal:        4016004 kB
MemFree:         3227780 kB
Active:           434056 kB
Mem:          3.8G       770M       3.1G       5.7M        52M       322M

MemTotal:        4016004 kB
MemFree:         3227656 kB
Active:           434064 kB
Mem:          3.8G       769M       3.1G       5.7M        52M       322M

MemTotal:        4016004 kB
MemFree:         3227656 kB
Active:           434084 kB
Mem:          3.8G       769M       3.1G       5.7M        52M       322M

MemTotal:        4016004 kB
MemFree:         3227392 kB
Active:           434084 kB
Mem:          3.8G       769M       3.1G       5.7M        52M       322M

MemTotal:        4016004 kB
MemFree:         3227764 kB
Active:           434044 kB
Mem:          3.8G       769M       3.1G       5.7M        52M       322M

MemTotal:        4016004 kB
MemFree:         3227936 kB
Active:           434044 kB
Mem:          3.8G       769M       3.1G       5.7M        52M       322M

MemTotal:        4016004 kB
MemFree:         3227812 kB
Active:           434084 kB
Mem:          3.8G       769M       3.1G       5.7M        52M       322M

MemTotal:        4016004 kB
MemFree:         3227688 kB
Active:           434036 kB
Mem:          3.8G       769M       3.1G       5.7M        52M       322M

MemTotal:        4016004 kB
MemFree:         3226752 kB
Active:           432044 kB
Mem:          3.8G       770M       3.1G       5.7M        52M       322M

MemTotal:        4016004 kB
MemFree:         3227412 kB
Active:           434056 kB
Mem:          3.8G       770M       3.1G       5.7M        52M       322M

MemTotal:        4016004 kB
MemFree:         3227164 kB
Active:           434072 kB
Mem:          3.8G       770M       3.1G       5.7M        52M       322M

MemTotal:        4016004 kB
MemFree:         3227164 kB
Active:           434068 kB
Mem:          3.8G       770M       3.1G       5.7M        52M       322M

MemTotal:        4016004 kB
MemFree:         3227288 kB
Active:           434056 kB
Mem:          3.8G       770M       3.1G       5.7M        52M       322M

MemTotal:        4016004 kB
MemFree:         3227288 kB
Active:           434040 kB
Mem:          3.8G       770M       3.1G       5.7M        52M       322M

MemTotal:        4016004 kB
MemFree:         3227288 kB
Active:           434048 kB
Mem:          3.8G       770M       3.1G       5.7M        52M       322M

MemTotal:        4016004 kB
MemFree:         3227536 kB
Active:           434044 kB
Mem:          3.8G       770M       3.1G       5.7M        52M       322M

MemTotal:        4016004 kB
MemFree:         3227660 kB
Active:           434060 kB
Mem:          3.8G       770M       3.1G       5.7M        52M       322M

MemTotal:        4016004 kB
MemFree:         3227536 kB
Active:           434048 kB
Mem:          3.8G       770M       3.1G       5.7M        52M       322M

MemTotal:        4016004 kB
MemFree:         3227288 kB
Active:           434084 kB
Mem:          3.8G       770M       3.1G       5.7M        52M       322M

MemTotal:        4016004 kB
MemFree:         3227272 kB
Active:           434052 kB
Mem:          3.8G       770M       3.1G       5.7M        52M       322M

MemTotal:        4016004 kB
MemFree:         3227148 kB
Active:           434104 kB
Mem:          3.8G       770M       3.1G       5.7M        52M       322M

MemTotal:        4016004 kB
MemFree:         3227368 kB
Active:           434108 kB
Mem:          3.8G       770M       3.1G       5.7M        52M       322M

MemTotal:        4016004 kB
MemFree:         3227368 kB
Active:           434072 kB
Mem:          3.8G       770M       3.1G       5.7M        52M       322M

MemTotal:        4016004 kB
MemFree:         3227740 kB
Active:           434068 kB
Mem:          3.8G       769M       3.1G       5.7M        52M       322M

MemTotal:        4016004 kB
MemFree:         3227740 kB
Active:           434096 kB
Mem:          3.8G       769M       3.1G       5.7M        52M       322M

MemTotal:        4016004 kB
MemFree:         3228236 kB
Active:           434080 kB
Mem:          3.8G       769M       3.1G       5.7M        52M       322M

MemTotal:        4016004 kB
MemFree:         3228096 kB
Active:           434060 kB
Mem:          3.8G       769M       3.1G       5.7M        52M       322M

MemTotal:        4016004 kB
MemFree:         3227848 kB
Active:           434096 kB
Mem:          3.8G       769M       3.1G       5.7M        52M       322M

MemTotal:        4016004 kB
MemFree:         3227956 kB
Active:           434088 kB
Mem:          3.8G       769M       3.1G       5.7M        52M       322M

MemTotal:        4016004 kB
MemFree:         3227692 kB
Active:           434116 kB
Mem:          3.8G       769M       3.1G       5.7M        52M       322M

MemTotal:        4016004 kB
MemFree:         3227800 kB
Active:           434080 kB
Mem:          3.8G       769M       3.1G       5.7M        52M       322M

MemTotal:        4016004 kB
MemFree:         3227908 kB
Active:           434108 kB
Mem:          3.8G       769M       3.1G       5.7M        52M       322M

MemTotal:        4016004 kB
MemFree:         3227644 kB
Active:           434104 kB
Mem:          3.8G       770M       3.1G       5.7M        52M       322M

MemTotal:        4016004 kB
MemFree:         3227272 kB
Active:           434132 kB
Mem:          3.8G       770M       3.1G       5.7M        52M       322M

MemTotal:        4016004 kB
MemFree:         3227148 kB
Active:           434124 kB
Mem:          3.8G       770M       3.1G       5.7M        52M       322M

MemTotal:        4016004 kB
MemFree:         3227148 kB
Active:           434124 kB
Mem:          3.8G       770M       3.1G       5.7M        52M       322M

MemTotal:        4016004 kB
MemFree:         3227272 kB
Active:           434140 kB
Mem:          3.8G       770M       3.1G       5.7M        52M       322M

MemTotal:        4016004 kB
MemFree:         3225084 kB
Active:           434124 kB
Mem:          3.8G       772M       3.1G       5.7M        52M       322M

MemTotal:        4016004 kB
MemFree:         3224960 kB
Active:           436160 kB
Mem:          3.8G       772M       3.1G       5.7M        52M       322M

MemTotal:        4016004 kB
MemFree:         3224944 kB
Active:           436160 kB
Mem:          3.8G       772M       3.1G       5.7M        52M       322M

MemTotal:        4016004 kB
MemFree:         3224928 kB
Active:           436144 kB
Mem:          3.8G       772M       3.1G       5.7M        52M       322M

MemTotal:        4016004 kB
MemFree:         3225176 kB
Active:           436160 kB
Mem:          3.8G       772M       3.1G       5.7M        52M       322M

MemTotal:        4016004 kB
MemFree:         3224928 kB
Active:           436196 kB
Mem:          3.8G       772M       3.1G       5.7M        52M       322M

MemTotal:        4016004 kB
MemFree:         3225160 kB
Active:           436148 kB
Mem:          3.8G       772M       3.1G       5.7M        52M       322M

MemTotal:        4016004 kB
MemFree:         3225268 kB
Active:           436176 kB
Mem:          3.8G       772M       3.1G       5.7M        52M       322M

MemTotal:        4016004 kB
MemFree:         3225392 kB
Active:           436184 kB
Mem:          3.8G       772M       3.1G       5.7M        52M       322M

MemTotal:        4016004 kB
MemFree:         3225392 kB
Active:           436172 kB
Mem:          3.8G       772M       3.1G       5.7M        52M       322M

MemTotal:        4016004 kB
MemFree:         3223576 kB
Active:           436132 kB
Mem:          3.8G       773M       3.1G       5.7M        52M       322M

MemTotal:        4016004 kB
MemFree:         3223684 kB
Active:           438220 kB
Mem:          3.8G       773M       3.1G       5.7M        52M       322M

MemTotal:        4016004 kB
MemFree:         3223792 kB
Active:           438212 kB
Mem:          3.8G       773M       3.1G       5.7M        52M       322M

MemTotal:        4016004 kB
MemFree:         3223404 kB
Active:           438188 kB
Mem:          3.8G       774M       3.1G       5.7M        52M       322M

MemTotal:        4016004 kB
MemFree:         3223404 kB
Active:           438220 kB
Mem:          3.8G       773M       3.1G       5.7M        52M       322M

MemTotal:        4016004 kB
MemFree:         3223652 kB
Active:           438192 kB
Mem:          3.8G       774M       3.1G       5.7M        52M       322M

MemTotal:        4016004 kB
MemFree:         3223512 kB
Active:           438180 kB
Mem:          3.8G       773M       3.1G       5.7M        52M       322M

MemTotal:        4016004 kB
MemFree:         3223064 kB
Active:           438228 kB
Mem:          3.8G       774M       3.1G       5.7M        52M       322M

MemTotal:        4016004 kB
MemFree:         3223404 kB
Active:           438172 kB
Mem:          3.8G       774M       3.1G       5.7M        52M       322M

MemTotal:        4016004 kB
MemFree:         3223560 kB
Active:           438176 kB
Mem:          3.8G       773M       3.1G       5.7M        52M       322M

MemTotal:        4016004 kB
MemFree:         3223064 kB
Active:           438232 kB
Mem:          3.8G       774M       3.1G       5.7M        52M       322M

MemTotal:        4016004 kB
MemFree:         3223312 kB
Active:           438220 kB
Mem:          3.8G       774M       3.1G       5.7M        52M       322M

MemTotal:        4016004 kB
MemFree:         3223436 kB
Active:           438212 kB
Mem:          3.8G       774M       3.1G       5.7M        52M       322M

MemTotal:        4016004 kB
MemFree:         3223064 kB
Active:           438232 kB
Mem:          3.8G       774M       3.1G       5.7M        52M       322M

MemTotal:        4016004 kB
MemFree:         3223188 kB
Active:           438204 kB
Mem:          3.8G       774M       3.1G       5.7M        52M       322M

MemTotal:        4016004 kB
MemFree:         3223312 kB
Active:           438216 kB
Mem:          3.8G       774M       3.1G       5.7M        52M       322M

MemTotal:        4016004 kB
MemFree:         3223188 kB
Active:           438200 kB
Mem:          3.8G       774M       3.1G       5.7M        52M       322M

MemTotal:        4016004 kB
MemFree:         3223188 kB
Active:           438236 kB
Mem:          3.8G       774M       3.1G       5.7M        52M       322M

MemTotal:        4016004 kB
MemFree:         3223064 kB
Active:           438212 kB
Mem:          3.8G       774M       3.1G       5.7M        52M       322M

MemTotal:        4016004 kB
MemFree:         3223188 kB
Active:           438232 kB
Mem:          3.8G       774M       3.1G       5.7M        52M       322M

MemTotal:        4016004 kB
MemFree:         3223064 kB
Active:           438224 kB
Mem:          3.8G       774M       3.1G       5.7M        52M       322M

MemTotal:        4016004 kB
MemFree:         3223064 kB
Active:           438192 kB
Mem:          3.8G       774M       3.1G       5.7M        52M       322M

MemTotal:        4016004 kB
MemFree:         3223064 kB
Active:           438236 kB
Mem:          3.8G       774M       3.1G       5.7M        52M       322M

MemTotal:        4016004 kB
MemFree:         3222976 kB
Active:           438220 kB
Mem:          3.8G       774M       3.1G       5.7M        52M       322M

MemTotal:        4016004 kB
MemFree:         3222852 kB
Active:           438256 kB
Mem:          3.8G       774M       3.1G       5.7M        52M       322M

MemTotal:        4016004 kB
MemFree:         3223100 kB
Active:           438212 kB
Mem:          3.8G       774M       3.1G       5.7M        52M       322M

MemTotal:        4016004 kB
MemFree:         3223224 kB
Active:           438208 kB
Mem:          3.8G       774M       3.1G       5.7M        52M       322M

MemTotal:        4016004 kB
MemFree:         3223224 kB
Active:           438224 kB
Mem:          3.8G       774M       3.1G       5.7M        52M       322M

MemTotal:        4016004 kB
MemFree:         3223224 kB
Active:           438224 kB
Mem:          3.8G       774M       3.1G       5.7M        52M       322M

MemTotal:        4016004 kB
MemFree:         3223348 kB
Active:           438220 kB
Mem:          3.8G       774M       3.1G       5.7M        52M       322M

MemTotal:        4016004 kB
MemFree:         3222972 kB
Active:           436284 kB
Mem:          3.8G       774M       3.1G       5.7M        52M       322M

MemTotal:        4016004 kB
MemFree:         3222848 kB
Active:           438308 kB
Mem:          3.8G       774M       3.1G       5.7M        52M       322M

MemTotal:        4016004 kB
MemFree:         3222848 kB
Active:           438336 kB
Mem:          3.8G       774M       3.1G       5.7M        52M       322M

MemTotal:        4016004 kB
MemFree:         3222848 kB
Active:           438296 kB
Mem:          3.8G       774M       3.1G       5.7M        52M       322M

MemTotal:        4016004 kB
MemFree:         3222956 kB
Active:           438324 kB
Mem:          3.8G       774M       3.1G       5.7M        52M       322M

MemTotal:        4016004 kB
MemFree:         3222924 kB
Active:           438280 kB
Mem:          3.8G       774M       3.1G       5.7M        52M       322M

MemTotal:        4016004 kB
MemFree:         3222988 kB
Active:           438296 kB
Mem:          3.8G       774M       3.1G       5.7M        52M       322M

MemTotal:        4016004 kB
MemFree:         3223112 kB
Active:           438308 kB
Mem:          3.8G       774M       3.1G       5.7M        52M       322M

MemTotal:        4016004 kB
MemFree:         3223112 kB
Active:           438336 kB
Mem:          3.8G       774M       3.1G       5.7M        52M       322M

MemTotal:        4016004 kB
MemFree:         3223328 kB
Active:           438468 kB
Mem:          3.8G       774M       3.1G       5.7M        52M       322M

MemTotal:        4016004 kB
MemFree:         2942088 kB
Active:           440660 kB
Mem:          3.8G       1.0G       2.8G       5.7M        52M       587M

MemTotal:        4016004 kB
MemFree:         2941972 kB
Active:           440664 kB
Mem:          3.8G       1.0G       2.8G       5.7M        52M       588M

MemTotal:        4016004 kB
MemFree:         2941976 kB
Active:           440636 kB
Mem:          3.8G       1.0G       2.8G       5.7M        52M       588M

MemTotal:        4016004 kB
MemFree:         2886424 kB
Active:           440876 kB
Mem:          3.8G       1.1G       2.8G       5.7M        52M       641M

MemTotal:        4016004 kB
MemFree:         2869340 kB
Active:           441020 kB
Mem:          3.8G       1.1G       2.7G       5.7M        52M       657M

MemTotal:        4016004 kB
MemFree:         2862876 kB
Active:           441016 kB
Mem:          3.8G       1.1G       2.7G       5.7M        52M       663M

MemTotal:        4016004 kB
MemFree:         2577836 kB
Active:           441916 kB
Mem:          3.8G       1.4G       2.5G       5.7M        52M       934M

MemTotal:        4016004 kB
MemFree:         2538388 kB
Active:           442280 kB
Mem:          3.8G       1.4G       2.4G       5.7M        52M       972M

MemTotal:        4016004 kB
MemFree:         2537664 kB
Active:           442272 kB
Mem:          3.8G       1.4G       2.4G       5.7M        52M       971M

MemTotal:        4016004 kB
MemFree:         2537396 kB
Active:           440304 kB
Mem:          3.8G       1.4G       2.4G       5.7M        52M       971M

MemTotal:        4016004 kB
MemFree:         2528336 kB
Active:           442388 kB
Mem:          3.8G       1.4G       2.4G       5.7M        52M       981M

MemTotal:        4016004 kB
MemFree:         2520088 kB
Active:           442404 kB
Mem:          3.8G       1.4G       2.4G       5.7M        52M       988M

MemTotal:        4016004 kB
MemFree:         2486080 kB
Active:           442432 kB
Mem:          3.8G       1.5G       2.4G       5.7M        52M       1.0G

MemTotal:        4016004 kB
MemFree:         2475912 kB
Active:           442604 kB
Mem:          3.8G       1.5G       2.4G       5.7M        52M       1.0G

MemTotal:        4016004 kB
MemFree:         2460040 kB
Active:           442632 kB
Mem:          3.8G       1.5G       2.3G       5.7M        52M       1.0G

MemTotal:        4016004 kB
MemFree:         2453156 kB
Active:           442712 kB
Mem:          3.8G       1.5G       2.3G       5.7M        52M       1.0G

MemTotal:        4016004 kB
MemFree:         2452908 kB
Active:           442788 kB
Mem:          3.8G       1.5G       2.3G       5.7M        52M       1.0G

MemTotal:        4016004 kB
MemFree:         2976772 kB
Active:           440752 kB
Mem:          3.8G       1.0G       2.8G       5.7M        52M       555M

MemTotal:        4016004 kB
MemFree:         2849992 kB
Active:           441248 kB
Mem:          3.8G       1.1G       2.7G       5.7M        52M       675M

MemTotal:        4016004 kB
MemFree:         2769028 kB
Active:           441532 kB
Mem:          3.8G       1.2G       2.6G       5.7M        52M       754M

MemTotal:        4016004 kB
MemFree:         2712120 kB
Active:           441768 kB
Mem:          3.8G       1.2G       2.6G       5.7M        52M       806M

MemTotal:        4016004 kB
MemFree:         2696324 kB
Active:           441872 kB
Mem:          3.8G       1.3G       2.6G       5.7M        52M       821M

MemTotal:        4016004 kB
MemFree:         2696076 kB
Active:           441964 kB
Mem:          3.8G       1.3G       2.6G       5.7M        52M       821M

MemTotal:        4016004 kB
MemFree:         2696140 kB
Active:           441952 kB
Mem:          3.8G       1.3G       2.6G       5.7M        52M       821M

MemTotal:        4016004 kB
MemFree:         2696140 kB
Active:           441916 kB
Mem:          3.8G       1.3G       2.6G       5.7M        52M       822M

MemTotal:        4016004 kB
MemFree:         2585412 kB
Active:           442232 kB
Mem:          3.8G       1.4G       2.5G       5.7M        52M       928M

MemTotal:        4016004 kB
MemFree:         2458164 kB
Active:           442768 kB
Mem:          3.8G       1.5G       2.3G       5.7M        52M       1.0G

MemTotal:        4016004 kB
MemFree:         2457916 kB
Active:           442856 kB
Mem:          3.8G       1.5G       2.3G       5.7M        52M       1.0G

MemTotal:        4016004 kB
MemFree:         2457824 kB
Active:           442884 kB
Mem:          3.8G       1.5G       2.3G       5.7M        52M       1.0G

MemTotal:        4016004 kB
MemFree:         2457828 kB
Active:           442896 kB
Mem:          3.8G       1.5G       2.3G       5.7M        52M       1.0G

MemTotal:        4016004 kB
MemFree:         2449292 kB
Active:           442908 kB
Mem:          3.8G       1.5G       2.3G       5.7M        52M       1.0G

MemTotal:        4016004 kB
MemFree:         2386204 kB
Active:           443036 kB
Mem:          3.8G       1.6G       2.3G       5.7M        52M       1.1G

MemTotal:        4016004 kB
MemFree:         2267236 kB
Active:           443624 kB
Mem:          3.8G       1.7G       2.2G       5.7M        52M       1.2G

MemTotal:        4016004 kB
MemFree:         2265804 kB
Active:           443648 kB
Mem:          3.8G       1.7G       2.2G       5.7M        52M       1.2G

MemTotal:        4016004 kB
MemFree:         2266392 kB
Active:           443644 kB
Mem:          3.8G       1.7G       2.2G       5.7M        52M       1.2G

MemTotal:        4016004 kB
MemFree:         2296568 kB
Active:           443736 kB
Mem:          3.8G       1.6G       2.2G       5.7M        52M       1.2G

MemTotal:        4016004 kB
MemFree:         3199776 kB
Active:           440160 kB
Mem:          3.8G       797M       3.1G       5.7M        52M       341M

MemTotal:        4016004 kB
MemFree:         2954692 kB
Active:           441108 kB
Mem:          3.8G       1.0G       2.8G       5.7M        52M       575M

MemTotal:        4016004 kB
MemFree:         2756932 kB
Active:           441716 kB
Mem:          3.8G       1.2G       2.6G       5.7M        52M       764M

MemTotal:        4016004 kB
MemFree:         2691284 kB
Active:           441952 kB
Mem:          3.8G       1.3G       2.6G       5.7M        52M       826M

MemTotal:        4016004 kB
MemFree:         2662584 kB
Active:           442180 kB
Mem:          3.8G       1.3G       2.5G       5.7M        52M       853M

MemTotal:        4016004 kB
MemFree:         2661716 kB
Active:           442252 kB
Mem:          3.8G       1.3G       2.5G       5.7M        52M       853M

MemTotal:        4016004 kB
MemFree:         2661596 kB
Active:           442228 kB
Mem:          3.8G       1.3G       2.5G       5.7M        52M       853M

MemTotal:        4016004 kB
MemFree:         2610216 kB
Active:           442264 kB
Mem:          3.8G       1.3G       2.5G       5.7M        52M       904M

MemTotal:        4016004 kB
MemFree:         2484380 kB
Active:           442620 kB
Mem:          3.8G       1.5G       2.4G       5.7M        52M       1.0G

MemTotal:        4016004 kB
MemFree:         2430712 kB
Active:           442960 kB
Mem:          3.8G       1.5G       2.3G       5.7M        52M       1.0G

MemTotal:        4016004 kB
MemFree:         2412608 kB
Active:           443188 kB
Mem:          3.8G       1.5G       2.3G       5.7M        52M       1.1G

MemTotal:        4016004 kB
MemFree:         2412144 kB
Active:           443200 kB
Mem:          3.8G       1.5G       2.3G       5.7M        52M       1.1G

MemTotal:        4016004 kB
MemFree:         2412208 kB
Active:           443248 kB
Mem:          3.8G       1.5G       2.3G       5.7M        52M       1.1G

MemTotal:        4016004 kB
MemFree:         2411852 kB
Active:           443216 kB
Mem:          3.8G       1.5G       2.3G       5.7M        52M       1.1G

MemTotal:        4016004 kB
MemFree:         2265708 kB
Active:           443644 kB
Mem:          3.8G       1.7G       2.2G       5.7M        52M       1.2G

MemTotal:        4016004 kB
MemFree:         2171056 kB
Active:           443984 kB
Mem:          3.8G       1.8G       2.1G       5.7M        52M       1.3G

MemTotal:        4016004 kB
MemFree:         2169164 kB
Active:           444164 kB
Mem:          3.8G       1.8G       2.1G       5.7M        52M       1.3G

MemTotal:        4016004 kB
MemFree:         2168576 kB
Active:           444196 kB
Mem:          3.8G       1.8G       2.1G       5.7M        52M       1.3G

MemTotal:        4016004 kB
MemFree:         2168532 kB
Active:           444172 kB
Mem:          3.8G       1.8G       2.1G       5.7M        52M       1.3G

MemTotal:        4016004 kB
MemFree:         3173844 kB
Active:           440544 kB
Mem:          3.8G       822M       3.0G       5.7M        52M       365M

MemTotal:        4016004 kB
MemFree:         3158576 kB
Active:           440348 kB
Mem:          3.8G       839M       3.0G       5.7M        52M       383M

MemTotal:        4016004 kB
MemFree:         3014768 kB
Active:           439060 kB
Mem:          3.8G       977M       2.9G       5.7M        52M       518M

MemTotal:        4016004 kB
MemFree:         2829944 kB
Active:           441816 kB
Mem:          3.8G       1.1G       2.7G       5.7M        52M       694M

MemTotal:        4016004 kB
MemFree:         2745460 kB
Active:           442156 kB
Mem:          3.8G       1.2G       2.6G       5.7M        52M       774M

MemTotal:        4016004 kB
MemFree:         2700508 kB
Active:           442328 kB
Mem:          3.8G       1.3G       2.6G       5.7M        52M       817M

MemTotal:        4016004 kB
MemFree:         2684884 kB
Active:           442400 kB
Mem:          3.8G       1.3G       2.6G       5.7M        52M       832M

MemTotal:        4016004 kB
MemFree:         2684916 kB
Active:           442384 kB
Mem:          3.8G       1.3G       2.6G       5.7M        52M       832M

MemTotal:        4016004 kB
MemFree:         2684764 kB
Active:           442420 kB
Mem:          3.8G       1.3G       2.6G       5.7M        52M       832M

MemTotal:        4016004 kB
MemFree:         2684304 kB
Active:           442420 kB
Mem:          3.8G       1.3G       2.6G       5.7M        52M       832M

MemTotal:        4016004 kB
MemFree:         2543768 kB
Active:           442888 kB
Mem:          3.8G       1.4G       2.4G       5.7M        52M       966M

MemTotal:        4016004 kB
MemFree:         2457644 kB
Active:           443224 kB
Mem:          3.8G       1.5G       2.3G       5.7M        52M       1.0G

MemTotal:        4016004 kB
MemFree:         2457424 kB
Active:           441244 kB
Mem:          3.8G       1.5G       2.3G       5.7M        52M       1.0G

MemTotal:        4016004 kB
MemFree:         2457492 kB
Active:           441232 kB
Mem:          3.8G       1.5G       2.3G       5.7M        52M       1.0G

MemTotal:        4016004 kB
MemFree:         2457932 kB
Active:           441252 kB
Mem:          3.8G       1.5G       2.3G       5.7M        52M       1.0G

MemTotal:        4016004 kB
MemFree:         2377084 kB
Active:           443628 kB
Mem:          3.8G       1.6G       2.3G       5.7M        52M       1.1G

MemTotal:        4016004 kB
MemFree:         2273428 kB
Active:           443748 kB
Mem:          3.8G       1.7G       2.2G       5.7M        52M       1.2G

MemTotal:        4016004 kB
MemFree:         2217252 kB
Active:           444100 kB
Mem:          3.8G       1.7G       2.1G       5.7M        52M       1.2G

MemTotal:        4016004 kB
MemFree:         2216296 kB
Active:           444088 kB
Mem:          3.8G       1.7G       2.1G       5.7M        52M       1.2G

MemTotal:        4016004 kB
MemFree:         2216424 kB
Active:           444092 kB
Mem:          3.8G       1.7G       2.1G       5.7M        52M       1.2G

MemTotal:        4016004 kB
MemFree:         3158744 kB
Active:           440664 kB
Mem:          3.8G       837M       3.0G       5.7M        52M       380M

MemTotal:        4016004 kB
MemFree:         3205280 kB
Active:           440412 kB
Mem:          3.8G       791M       3.1G       5.7M        52M       336M

MemTotal:        4016004 kB
MemFree:         2916804 kB
Active:           441416 kB
Mem:          3.8G       1.0G       2.8G       5.7M        52M       611M

MemTotal:        4016004 kB
MemFree:         2891160 kB
Active:           441440 kB
Mem:          3.8G       1.1G       2.8G       5.7M        52M       637M

MemTotal:        4016004 kB
MemFree:         2798560 kB
Active:           441844 kB
Mem:          3.8G       1.2G       2.7G       5.7M        52M       724M

MemTotal:        4016004 kB
MemFree:         2777188 kB
Active:           442016 kB
Mem:          3.8G       1.2G       2.6G       5.7M        52M       744M

MemTotal:        4016004 kB
MemFree:         2682400 kB
Active:           442320 kB
Mem:          3.8G       1.3G       2.6G       5.7M        52M       833M

MemTotal:        4016004 kB
MemFree:         2671812 kB
Active:           442376 kB
Mem:          3.8G       1.3G       2.5G       5.7M        52M       844M

MemTotal:        4016004 kB
MemFree:         2671316 kB
Active:           442440 kB
Mem:          3.8G       1.3G       2.5G       5.7M        52M       844M

MemTotal:        4016004 kB
MemFree:         2670916 kB
Active:           442384 kB
Mem:          3.8G       1.3G       2.5G       5.7M        52M       844M

MemTotal:        4016004 kB
MemFree:         2652152 kB
Active:           442416 kB
Mem:          3.8G       1.3G       2.5G       5.7M        52M       865M

MemTotal:        4016004 kB
MemFree:         2504540 kB
Active:           442812 kB
Mem:          3.8G       1.4G       2.4G       5.7M        52M       1.0G

MemTotal:        4016004 kB
MemFree:         2438984 kB
Active:           443292 kB
Mem:          3.8G       1.5G       2.3G       5.7M        52M       1.0G

MemTotal:        4016004 kB
MemFree:         2438676 kB
Active:           443356 kB
Mem:          3.8G       1.5G       2.3G       5.7M        52M       1.0G

MemTotal:        4016004 kB
MemFree:         2438212 kB
Active:           443360 kB
Mem:          3.8G       1.5G       2.3G       5.7M        52M       1.0G

MemTotal:        4016004 kB
MemFree:         2438300 kB
Active:           443356 kB
Mem:          3.8G       1.5G       2.3G       5.7M        52M       1.0G

MemTotal:        4016004 kB
MemFree:         2371100 kB
Active:           443512 kB
Mem:          3.8G       1.6G       2.3G       5.7M        52M       1.1G

MemTotal:        4016004 kB
MemFree:         2298040 kB
Active:           443760 kB
Mem:          3.8G       1.6G       2.2G       5.7M        52M       1.2G

MemTotal:        4016004 kB
MemFree:         2196740 kB
Active:           444248 kB
Mem:          3.8G       1.7G       2.1G       5.7M        52M       1.3G

MemTotal:        4016004 kB
MemFree:         2196308 kB
Active:           444288 kB
Mem:          3.8G       1.7G       2.1G       5.7M        52M       1.3G

MemTotal:        4016004 kB
MemFree:         2196252 kB
Active:           444300 kB
Mem:          3.8G       1.7G       2.1G       5.7M        52M       1.3G

MemTotal:        4016004 kB
MemFree:         3185416 kB
Active:           440664 kB
Mem:          3.8G       810M       3.0G       5.7M        52M       355M

MemTotal:        4016004 kB
MemFree:         2969972 kB
Active:           441284 kB
Mem:          3.8G       1.0G       2.8G       5.7M        52M       562M

MemTotal:        4016004 kB
MemFree:         2891104 kB
Active:           441624 kB
Mem:          3.8G       1.1G       2.8G       5.7M        52M       635M

MemTotal:        4016004 kB
MemFree:         2804724 kB
Active:           441924 kB
Mem:          3.8G       1.2G       2.7G       5.7M        52M       718M

MemTotal:        4016004 kB
MemFree:         2753708 kB
Active:           442120 kB
Mem:          3.8G       1.2G       2.6G       5.7M        52M       767M

MemTotal:        4016004 kB
MemFree:         2740300 kB
Active:           442288 kB
Mem:          3.8G       1.2G       2.6G       5.7M        52M       779M

MemTotal:        4016004 kB
MemFree:         2659756 kB
Active:           442552 kB
Mem:          3.8G       1.3G       2.5G       5.7M        52M       856M

MemTotal:        4016004 kB
MemFree:         2659384 kB
Active:           442572 kB
Mem:          3.8G       1.3G       2.5G       5.7M        52M       856M

MemTotal:        4016004 kB
MemFree:         2658984 kB
Active:           442608 kB
Mem:          3.8G       1.3G       2.5G       5.7M        52M       856M

MemTotal:        4016004 kB
MemFree:         2659220 kB
Active:           442584 kB
Mem:          3.8G       1.3G       2.5G       5.7M        52M       856M

MemTotal:        4016004 kB
MemFree:         2505288 kB
Active:           441152 kB
Mem:          3.8G       1.4G       2.4G       5.7M        52M       1.0G

MemTotal:        4016004 kB
MemFree:         2492732 kB
Active:           443276 kB
Mem:          3.8G       1.5G       2.4G       5.7M        52M       1.0G

MemTotal:        4016004 kB
MemFree:         2493016 kB
Active:           443276 kB
Mem:          3.8G       1.5G       2.4G       5.7M        52M       1.0G

MemTotal:        4016004 kB
MemFree:         2493172 kB
Active:           443240 kB
Mem:          3.8G       1.5G       2.4G       5.7M        52M       1.0G

MemTotal:        4016004 kB
MemFree:         2353940 kB
Active:           443716 kB
Mem:          3.8G       1.6G       2.2G       5.7M        52M       1.1G

MemTotal:        4016004 kB
MemFree:         2265920 kB
Active:           443920 kB
Mem:          3.8G       1.7G       2.2G       5.7M        52M       1.2G

MemTotal:        4016004 kB
MemFree:         2228268 kB
Active:           444196 kB
Mem:          3.8G       1.7G       2.1G       5.7M        52M       1.2G

MemTotal:        4016004 kB
MemFree:         2227712 kB
Active:           444312 kB
Mem:          3.8G       1.7G       2.1G       5.7M        52M       1.2G

MemTotal:        4016004 kB
MemFree:         2227256 kB
Active:           444340 kB
Mem:          3.8G       1.7G       2.1G       5.7M        52M       1.2G

MemTotal:        4016004 kB
MemFree:         2215232 kB
Active:           444320 kB
Mem:          3.8G       1.7G       2.1G       5.7M        52M       1.2G

MemTotal:        4016004 kB
MemFree:         3095748 kB
Active:           441260 kB
Mem:          3.8G       898M       3.0G       5.7M        52M       438M

MemTotal:        4016004 kB
MemFree:         3136668 kB
Active:           441008 kB
Mem:          3.8G       858M       3.0G       5.7M        52M       399M

MemTotal:        4016004 kB
MemFree:         3177692 kB
Active:           440852 kB
Mem:          3.8G       818M       3.0G       5.7M        52M       360M

MemTotal:        4016004 kB
MemFree:         3094652 kB
Active:           440856 kB
Mem:          3.8G       901M       2.9G       5.7M        52M       442M

MemTotal:        4016004 kB
MemFree:         2914744 kB
Active:           443652 kB
Mem:          3.8G       1.1G       2.8G       5.7M        52M       612M

MemTotal:        4016004 kB
MemFree:         2825960 kB
Active:           443896 kB
Mem:          3.8G       1.1G       2.7G       5.7M        52M       697M

MemTotal:        4016004 kB
MemFree:         2759816 kB
Active:           444316 kB
Mem:          3.8G       1.2G       2.6G       5.7M        52M       759M

MemTotal:        4016004 kB
MemFree:         2710356 kB
Active:           444372 kB
Mem:          3.8G       1.2G       2.6G       5.7M        52M       806M

MemTotal:        4016004 kB
MemFree:         2669000 kB
Active:           444560 kB
Mem:          3.8G       1.3G       2.5G       5.7M        52M       845M

MemTotal:        4016004 kB
MemFree:         2668952 kB
Active:           444708 kB
Mem:          3.8G       1.3G       2.5G       5.7M        52M       845M

MemTotal:        4016004 kB
MemFree:         2668444 kB
Active:           444736 kB
Mem:          3.8G       1.3G       2.5G       5.7M        52M       845M

MemTotal:        4016004 kB
MemFree:         2627456 kB
Active:           444792 kB
Mem:          3.8G       1.3G       2.5G       5.7M        52M       887M

MemTotal:        4016004 kB
MemFree:         2491496 kB
Active:           445416 kB
Mem:          3.8G       1.5G       2.4G       5.7M        52M       1.0G

MemTotal:        4016004 kB
MemFree:         2442156 kB
Active:           445572 kB
Mem:          3.8G       1.5G       2.3G       5.7M        53M       1.0G

MemTotal:        4016004 kB
MemFree:         2434952 kB
Active:           445640 kB
Mem:          3.8G       1.5G       2.3G       5.7M        53M       1.0G

MemTotal:        4016004 kB
MemFree:         2434552 kB
Active:           445648 kB
Mem:          3.8G       1.5G       2.3G       5.7M        53M       1.0G

MemTotal:        4016004 kB
MemFree:         2434404 kB
Active:           445592 kB
Mem:          3.8G       1.5G       2.3G       5.7M        53M       1.0G

MemTotal:        4016004 kB
MemFree:         2260184 kB
Active:           446272 kB
Mem:          3.8G       1.7G       2.2G       5.7M        53M       1.2G

MemTotal:        4016004 kB
MemFree:         2221388 kB
Active:           446468 kB
Mem:          3.8G       1.7G       2.1G       5.7M        53M       1.2G

MemTotal:        4016004 kB
MemFree:         2221236 kB
Active:           446416 kB
Mem:          3.8G       1.7G       2.1G       5.7M        53M       1.2G

MemTotal:        4016004 kB
MemFree:         2221332 kB
Active:           446464 kB
Mem:          3.8G       1.7G       2.1G       5.7M        53M       1.2G

MemTotal:        4016004 kB
MemFree:         2220840 kB
Active:           446432 kB
Mem:          3.8G       1.7G       2.1G       5.7M        53M       1.2G

MemTotal:        4016004 kB
MemFree:         3181560 kB
Active:           442904 kB
Mem:          3.8G       814M       3.0G       5.7M        53M       356M

MemTotal:        4016004 kB
MemFree:         2964704 kB
Active:           443556 kB
Mem:          3.8G       1.0G       2.8G       5.7M        53M       564M

MemTotal:        4016004 kB
MemFree:         2963708 kB
Active:           443604 kB
Mem:          3.8G       1.0G       2.8G       5.7M        53M       564M

MemTotal:        4016004 kB
MemFree:         2836168 kB
Active:           444048 kB
Mem:          3.8G       1.1G       2.7G       5.7M        53M       686M

MemTotal:        4016004 kB
MemFree:         2755944 kB
Active:           444320 kB
Mem:          3.8G       1.2G       2.6G       5.7M        53M       762M

MemTotal:        4016004 kB
MemFree:         2706716 kB
Active:           444548 kB
Mem:          3.8G       1.2G       2.6G       5.7M        53M       809M

MemTotal:        4016004 kB
MemFree:         2664568 kB
Active:           444732 kB
Mem:          3.8G       1.3G       2.5G       5.7M        53M       850M

MemTotal:        4016004 kB
MemFree:         2664460 kB
Active:           444792 kB
Mem:          3.8G       1.3G       2.5G       5.7M        53M       850M

MemTotal:        4016004 kB
MemFree:         2663076 kB
Active:           442788 kB
Mem:          3.8G       1.3G       2.5G       5.7M        53M       850M

MemTotal:        4016004 kB
MemFree:         2568624 kB
Active:           444972 kB
Mem:          3.8G       1.4G       2.4G       5.7M        53M       940M

MemTotal:        4016004 kB
MemFree:         2482668 kB
Active:           445340 kB
Mem:          3.8G       1.5G       2.4G       5.7M        53M       1.0G

MemTotal:        4016004 kB
MemFree:         2436568 kB
Active:           445604 kB
Mem:          3.8G       1.5G       2.3G       5.7M        53M       1.0G

MemTotal:        4016004 kB
MemFree:         2435328 kB
Active:           445684 kB
Mem:          3.8G       1.5G       2.3G       5.7M        53M       1.0G

MemTotal:        4016004 kB
MemFree:         2435520 kB
Active:           445700 kB
Mem:          3.8G       1.5G       2.3G       5.7M        53M       1.0G

MemTotal:        4016004 kB
MemFree:         2435836 kB
Active:           445680 kB
Mem:          3.8G       1.5G       2.3G       5.7M        53M       1.0G

MemTotal:        4016004 kB
MemFree:         2266568 kB
Active:           446236 kB
Mem:          3.8G       1.7G       2.2G       5.7M        53M       1.2G

MemTotal:        4016004 kB
MemFree:         2212392 kB
Active:           446376 kB
Mem:          3.8G       1.7G       2.1G       5.7M        53M       1.2G

MemTotal:        4016004 kB
MemFree:         2208700 kB
Active:           444592 kB
Mem:          3.8G       1.7G       2.1G       5.7M        53M       1.3G

MemTotal:        4016004 kB
MemFree:         2208128 kB
Active:           444552 kB
Mem:          3.8G       1.7G       2.1G       5.7M        53M       1.3G

MemTotal:        4016004 kB
MemFree:         2208752 kB
Active:           446548 kB
Mem:          3.8G       1.7G       2.1G       5.7M        53M       1.3G

MemTotal:        4016004 kB
MemFree:         3145100 kB
Active:           443228 kB
Mem:          3.8G       850M       3.0G       5.7M        53M       391M

MemTotal:        4016004 kB
MemFree:         3186880 kB
Active:           443020 kB
Mem:          3.8G       809M       3.0G       5.7M        53M       351M

MemTotal:        4016004 kB
MemFree:         2929756 kB
Active:           443692 kB
Mem:          3.8G       1.0G       2.8G       5.7M        53M       596M

MemTotal:        4016004 kB
MemFree:         2850068 kB
Active:           444056 kB
Mem:          3.8G       1.1G       2.7G       5.7M        53M       673M

MemTotal:        4016004 kB
MemFree:         2801204 kB
Active:           444204 kB
Mem:          3.8G       1.2G       2.7G       5.7M        53M       720M

MemTotal:        4016004 kB
MemFree:         2751228 kB
Active:           444428 kB
Mem:          3.8G       1.2G       2.6G       5.7M        53M       766M

MemTotal:        4016004 kB
MemFree:         2704376 kB
Active:           444580 kB
Mem:          3.8G       1.3G       2.6G       5.7M        53M       812M

MemTotal:        4016004 kB
MemFree:         2678908 kB
Active:           444792 kB
Mem:          3.8G       1.3G       2.6G       5.7M        53M       836M

MemTotal:        4016004 kB
MemFree:         2677388 kB
Active:           444812 kB
Mem:          3.8G       1.3G       2.6G       5.7M        53M       836M

MemTotal:        4016004 kB
MemFree:         2677920 kB
Active:           444836 kB
Mem:          3.8G       1.3G       2.6G       5.7M        53M       836M

MemTotal:        4016004 kB
MemFree:         2581000 kB
Active:           444972 kB
Mem:          3.8G       1.4G       2.5G       5.7M        53M       928M

MemTotal:        4016004 kB
MemFree:         2489044 kB
Active:           445388 kB
Mem:          3.8G       1.5G       2.4G       5.7M        53M       1.0G

MemTotal:        4016004 kB
MemFree:         2454508 kB
Active:           445600 kB
Mem:          3.8G       1.5G       2.3G       5.7M        53M       1.0G

MemTotal:        4016004 kB
MemFree:         2453516 kB
Active:           445684 kB
Mem:          3.8G       1.5G       2.3G       5.7M        53M       1.0G

MemTotal:        4016004 kB
MemFree:         2452728 kB
Active:           445728 kB
Mem:          3.8G       1.5G       2.3G       5.7M        53M       1.0G

MemTotal:        4016004 kB
MemFree:         2452484 kB
Active:           445704 kB
Mem:          3.8G       1.5G       2.3G       5.7M        53M       1.0G

MemTotal:        4016004 kB
MemFree:         2284652 kB
Active:           446364 kB
Mem:          3.8G       1.7G       2.2G       5.7M        53M       1.2G

MemTotal:        4016004 kB
MemFree:         2221184 kB
Active:           446624 kB
Mem:          3.8G       1.7G       2.1G       5.7M        53M       1.2G

MemTotal:        4016004 kB
MemFree:         2213700 kB
Active:           446664 kB
Mem:          3.8G       1.7G       2.1G       5.7M        53M       1.2G

MemTotal:        4016004 kB
MemFree:         2213752 kB
Active:           446636 kB
Mem:          3.8G       1.7G       2.1G       5.7M        53M       1.2G

MemTotal:        4016004 kB
MemFree:         2214128 kB
Active:           446636 kB
Mem:          3.8G       1.7G       2.1G       5.7M        53M       1.2G

MemTotal:        4016004 kB
MemFree:         3167076 kB
Active:           443044 kB
Mem:          3.8G       828M       3.0G       5.7M        53M       370M

MemTotal:        4016004 kB
MemFree:         3208272 kB
Active:           442896 kB
Mem:          3.8G       789M       3.1G       5.7M        53M       331M

MemTotal:        4016004 kB
MemFree:         2939548 kB
Active:           443916 kB
Mem:          3.8G       1.0G       2.8G       5.7M        53M       587M

MemTotal:        4016004 kB
MemFree:         2939800 kB
Active:           443912 kB
Mem:          3.8G       1.0G       2.8G       5.7M        53M       587M

MemTotal:        4016004 kB
MemFree:         2815988 kB
Active:           444332 kB
Mem:          3.8G       1.1G       2.7G       5.7M        53M       706M

MemTotal:        4016004 kB
MemFree:         2734972 kB
Active:           444664 kB
Mem:          3.8G       1.2G       2.6G       5.7M        53M       783M

MemTotal:        4016004 kB
MemFree:         2687320 kB
Active:           442812 kB
Mem:          3.8G       1.3G       2.6G       5.7M        53M       828M

MemTotal:        4016004 kB
MemFree:         2672268 kB
Active:           444952 kB
Mem:          3.8G       1.3G       2.5G       5.7M        53M       842M

MemTotal:        4016004 kB
MemFree:         2506968 kB
Active:           445396 kB
Mem:          3.8G       1.4G       2.4G       5.7M        53M       999M

MemTotal:        4016004 kB
MemFree:         2456728 kB
Active:           445684 kB
Mem:          3.8G       1.5G       2.3G       5.7M        53M       1.0G

MemTotal:        4016004 kB
MemFree:         2437136 kB
Active:           445828 kB
Mem:          3.8G       1.5G       2.3G       5.7M        53M       1.0G

MemTotal:        4016004 kB
MemFree:         2436336 kB
Active:           445852 kB
Mem:          3.8G       1.5G       2.3G       5.7M        53M       1.0G

MemTotal:        4016004 kB
MemFree:         2436188 kB
Active:           445836 kB
Mem:          3.8G       1.5G       2.3G       5.7M        53M       1.0G

MemTotal:        4016004 kB
MemFree:         2294296 kB
Active:           446340 kB
Mem:          3.8G       1.6G       2.2G       5.7M        53M       1.2G

MemTotal:        4016004 kB
MemFree:         2229112 kB
Active:           446520 kB
Mem:          3.8G       1.7G       2.1G       5.7M        53M       1.2G

MemTotal:        4016004 kB
MemFree:         2228960 kB
Active:           448672 kB
Mem:          3.8G       1.7G       2.1G       5.7M        53M       1.2G

MemTotal:        4016004 kB
MemFree:         2229092 kB
Active:           448632 kB
Mem:          3.8G       1.7G       2.1G       5.7M        53M       1.2G

MemTotal:        4016004 kB
MemFree:         2141948 kB
Active:           448816 kB
Mem:          3.8G       1.8G       2.0G       5.7M        53M       1.3G

MemTotal:        4016004 kB
MemFree:         3156912 kB
Active:           445276 kB
Mem:          3.8G       838M       3.0G       5.7M        53M       378M

MemTotal:        4016004 kB
MemFree:         3203564 kB
Active:           445084 kB
Mem:          3.8G       793M       3.1G       5.7M        53M       334M

MemTotal:        4016004 kB
MemFree:         2895104 kB
Active:           445832 kB
Mem:          3.8G       1.1G       2.8G       5.7M        53M       630M

MemTotal:        4016004 kB
MemFree:         2826076 kB
Active:           446236 kB
Mem:          3.8G       1.1G       2.7G       5.7M        53M       695M

MemTotal:        4016004 kB
MemFree:         2778284 kB
Active:           446464 kB
Mem:          3.8G       1.2G       2.6G       5.7M        53M       740M

MemTotal:        4016004 kB
MemFree:         2730780 kB
Active:           446660 kB
Mem:          3.8G       1.2G       2.6G       5.7M        53M       784M

MemTotal:        4016004 kB
MemFree:         2684696 kB
Active:           446836 kB
Mem:          3.8G       1.3G       2.6G       5.7M        53M       829M

MemTotal:        4016004 kB
MemFree:         2676744 kB
Active:           447000 kB
Mem:          3.8G       1.3G       2.6G       5.7M        53M       836M

MemTotal:        4016004 kB
MemFree:         2676004 kB
Active:           446968 kB
Mem:          3.8G       1.3G       2.6G       5.7M        53M       836M

MemTotal:        4016004 kB
MemFree:         2675512 kB
Active:           447008 kB
Mem:          3.8G       1.3G       2.6G       5.7M        53M       836M

MemTotal:        4016004 kB
MemFree:         2537580 kB
Active:           447428 kB
Mem:          3.8G       1.4G       2.4G       5.7M        53M       968M

MemTotal:        4016004 kB
MemFree:         2465464 kB
Active:           447600 kB
Mem:          3.8G       1.5G       2.4G       5.7M        53M       1.0G

MemTotal:        4016004 kB
MemFree:         2449932 kB
Active:           447820 kB
Mem:          3.8G       1.5G       2.3G       5.7M        53M       1.0G

MemTotal:        4016004 kB
MemFree:         2449252 kB
Active:           447836 kB
Mem:          3.8G       1.5G       2.3G       5.7M        53M       1.0G

MemTotal:        4016004 kB
MemFree:         2448948 kB
Active:           447880 kB
Mem:          3.8G       1.5G       2.3G       5.7M        53M       1.0G

MemTotal:        4016004 kB
MemFree:         2332832 kB
Active:           448292 kB
Mem:          3.8G       1.6G       2.2G       5.7M        53M       1.1G

MemTotal:        4016004 kB
MemFree:         2243804 kB
Active:           448456 kB
Mem:          3.8G       1.7G       2.1G       5.7M        53M       1.2G

MemTotal:        4016004 kB
MemFree:         2216352 kB
Active:           448672 kB
Mem:          3.8G       1.7G       2.1G       5.7M        53M       1.2G

MemTotal:        4016004 kB
MemFree:         2215856 kB
Active:           448776 kB
Mem:          3.8G       1.7G       2.1G       5.7M        53M       1.2G

MemTotal:        4016004 kB
MemFree:         2215704 kB
Active:           448780 kB
Mem:          3.8G       1.7G       2.1G       5.7M        53M       1.2G

MemTotal:        4016004 kB
MemFree:         2216080 kB
Active:           448764 kB
Mem:          3.8G       1.7G       2.1G       5.7M        53M       1.2G

MemTotal:        4016004 kB
MemFree:         3194444 kB
Active:           445256 kB
Mem:          3.8G       802M       3.0G       5.7M        53M       342M

MemTotal:        4016004 kB
MemFree:         2913168 kB
Active:           445904 kB
Mem:          3.8G       1.1G       2.8G       5.7M        53M       612M

MemTotal:        4016004 kB
MemFree:         2888724 kB
Active:           446228 kB
Mem:          3.8G       1.1G       2.8G       5.7M        53M       636M

MemTotal:        4016004 kB
MemFree:         2888376 kB
Active:           446252 kB
Mem:          3.8G       1.1G       2.8G       5.7M        53M       636M

MemTotal:        4016004 kB
MemFree:         2888100 kB
Active:           446208 kB
Mem:          3.8G       1.1G       2.8G       5.7M        53M       636M

MemTotal:        4016004 kB
MemFree:         2728332 kB
Active:           446796 kB
Mem:          3.8G       1.2G       2.6G       5.7M        53M       788M

MemTotal:        4016004 kB
MemFree:         2690308 kB
Active:           446952 kB
Mem:          3.8G       1.3G       2.6G       5.7M        53M       823M

MemTotal:        4016004 kB
MemFree:         2690128 kB
Active:           446976 kB
Mem:          3.8G       1.3G       2.6G       5.7M        53M       823M

MemTotal:        4016004 kB
MemFree:         2690380 kB
Active:           446952 kB
Mem:          3.8G       1.3G       2.6G       5.7M        53M       823M

MemTotal:        4016004 kB
MemFree:         2563816 kB
Active:           447456 kB
Mem:          3.8G       1.4G       2.4G       5.7M        53M       944M

MemTotal:        4016004 kB
MemFree:         2491860 kB
Active:           447752 kB
Mem:          3.8G       1.5G       2.4G       5.7M        53M       1.0G

MemTotal:        4016004 kB
MemFree:         2444716 kB
Active:           447928 kB
Mem:          3.8G       1.5G       2.3G       5.7M        53M       1.0G

MemTotal:        4016004 kB
MemFree:         2397784 kB
Active:           448100 kB
Mem:          3.8G       1.5G       2.3G       5.7M        53M       1.1G

MemTotal:        4016004 kB
MemFree:         2351344 kB
Active:           448276 kB
Mem:          3.8G       1.6G       2.2G       5.7M        53M       1.1G

MemTotal:        4016004 kB
MemFree:         2343564 kB
Active:           450352 kB
Mem:          3.8G       1.6G       2.2G       5.7M        53M       1.1G

MemTotal:        4016004 kB
MemFree:         2342604 kB
Active:           450304 kB
Mem:          3.8G       1.6G       2.2G       5.7M        53M       1.1G

MemTotal:        4016004 kB
MemFree:         2342732 kB
Active:           450336 kB
Mem:          3.8G       1.6G       2.2G       5.7M        53M       1.1G

MemTotal:        4016004 kB
MemFree:         2216636 kB
Active:           450752 kB
Mem:          3.8G       1.7G       2.1G       5.7M        53M       1.2G

MemTotal:        4016004 kB
MemFree:         2136976 kB
Active:           451108 kB
Mem:          3.8G       1.8G       2.0G       5.7M        53M       1.3G

MemTotal:        4016004 kB
MemFree:         3099332 kB
Active:           447528 kB
Mem:          3.8G       894M       3.0G       5.7M        53M       430M

MemTotal:        4016004 kB
MemFree:         3145948 kB
Active:           447360 kB
Mem:          3.8G       849M       3.0G       5.7M        53M       386M

MemTotal:        4016004 kB
MemFree:         3192012 kB
Active:           447188 kB
Mem:          3.8G       804M       3.0G       5.7M        53M       342M

MemTotal:        4016004 kB
MemFree:         2986228 kB
Active:           447928 kB
Mem:          3.8G       1.0G       2.8G       5.7M        53M       539M

MemTotal:        4016004 kB
MemFree:         2859572 kB
Active:           448328 kB
Mem:          3.8G       1.1G       2.7G       5.7M        53M       659M

MemTotal:        4016004 kB
MemFree:         2857868 kB
Active:           448400 kB
Mem:          3.8G       1.1G       2.7G       5.7M        53M       663M

MemTotal:        4016004 kB
MemFree:         2746068 kB
Active:           448720 kB
Mem:          3.8G       1.2G       2.6G       5.7M        53M       768M

MemTotal:        4016004 kB
MemFree:         2725272 kB
Active:           448956 kB
Mem:          3.8G       1.2G       2.6G       5.7M        53M       788M

MemTotal:        4016004 kB
MemFree:         2683684 kB
Active:           449132 kB
Mem:          3.8G       1.3G       2.6G       5.7M        53M       827M

MemTotal:        4016004 kB
MemFree:         2683780 kB
Active:           449124 kB
Mem:          3.8G       1.3G       2.6G       5.7M        53M       827M

MemTotal:        4016004 kB
MemFree:         2683196 kB
Active:           449148 kB
Mem:          3.8G       1.3G       2.6G       5.7M        53M       827M

MemTotal:        4016004 kB
MemFree:         2544312 kB
Active:           449544 kB
Mem:          3.8G       1.4G       2.4G       5.7M        53M       960M

MemTotal:        4016004 kB
MemFree:         2474480 kB
Active:           449864 kB
Mem:          3.8G       1.5G       2.4G       5.7M        53M       1.0G

MemTotal:        4016004 kB
MemFree:         2473736 kB
Active:           449972 kB
Mem:          3.8G       1.5G       2.4G       5.7M        53M       1.0G

MemTotal:        4016004 kB
MemFree:         2473088 kB
Active:           449972 kB
Mem:          3.8G       1.5G       2.4G       5.7M        53M       1.0G

MemTotal:        4016004 kB
MemFree:         2473620 kB
Active:           449948 kB
Mem:          3.8G       1.5G       2.4G       5.7M        53M       1.0G

MemTotal:        4016004 kB
MemFree:         2377760 kB
Active:           450112 kB
Mem:          3.8G       1.6G       2.3G       5.7M        53M       1.1G

MemTotal:        4016004 kB
MemFree:         2284768 kB
Active:           450456 kB
Mem:          3.8G       1.7G       2.2G       5.7M        53M       1.2G

MemTotal:        4016004 kB
MemFree:         2236228 kB
Active:           450884 kB
Mem:          3.8G       1.7G       2.1G       5.7M        53M       1.2G

MemTotal:        4016004 kB
MemFree:         2235440 kB
Active:           450844 kB
Mem:          3.8G       1.7G       2.1G       5.7M        53M       1.2G

MemTotal:        4016004 kB
MemFree:         2235380 kB
Active:           450864 kB
Mem:          3.8G       1.7G       2.1G       5.7M        53M       1.2G

MemTotal:        4016004 kB
MemFree:         2235572 kB
Active:           450896 kB
Mem:          3.8G       1.7G       2.1G       5.7M        53M       1.2G

MemTotal:        4016004 kB
MemFree:         3186540 kB
Active:           447396 kB
Mem:          3.8G       809M       3.0G       5.7M        53M       347M

MemTotal:        4016004 kB
MemFree:         2958692 kB
Active:           448068 kB
Mem:          3.8G       1.0G       2.8G       5.7M        53M       565M

MemTotal:        4016004 kB
MemFree:         2957468 kB
Active:           448176 kB
Mem:          3.8G       1.0G       2.8G       5.7M        53M       565M

MemTotal:        4016004 kB
MemFree:         2934284 kB
Active:           448152 kB
Mem:          3.8G       1.0G       2.8G       5.7M        53M       590M

MemTotal:        4016004 kB
MemFree:         2834656 kB
Active:           448672 kB
Mem:          3.8G       1.1G       2.7G       5.7M        53M       684M

MemTotal:        4016004 kB
MemFree:         2731544 kB
Active:           448808 kB
Mem:          3.8G       1.2G       2.6G       5.7M        53M       783M

MemTotal:        4016004 kB
MemFree:         2683920 kB
Active:           449212 kB
Mem:          3.8G       1.3G       2.6G       5.7M        53M       827M

MemTotal:        4016004 kB
MemFree:         2611864 kB
Active:           449360 kB
Mem:          3.8G       1.3G       2.5G       5.7M        53M       895M

MemTotal:        4016004 kB
MemFree:         2610800 kB
Active:           449548 kB
Mem:          3.8G       1.3G       2.5G       5.7M        53M       895M

MemTotal:        4016004 kB
MemFree:         2611176 kB
Active:           449528 kB
Mem:          3.8G       1.3G       2.5G       5.7M        53M       895M

MemTotal:        4016004 kB
MemFree:         2611680 kB
Active:           449508 kB
Mem:          3.8G       1.3G       2.5G       5.7M        53M       895M

MemTotal:        4016004 kB
MemFree:         2461836 kB
Active:           449964 kB
Mem:          3.8G       1.5G       2.3G       5.7M        53M       1.0G

MemTotal:        4016004 kB
MemFree:         2384948 kB
Active:           450308 kB
Mem:          3.8G       1.6G       2.3G       5.7M        53M       1.1G

MemTotal:        4016004 kB
MemFree:         2358852 kB
Active:           452500 kB
Mem:          3.8G       1.6G       2.2G       5.7M        53M       1.1G

MemTotal:        4016004 kB
MemFree:         2358668 kB
Active:           452508 kB
Mem:          3.8G       1.6G       2.2G       5.7M        53M       1.1G

MemTotal:        4016004 kB
MemFree:         2358860 kB
Active:           452504 kB
Mem:          3.8G       1.6G       2.2G       5.7M        53M       1.1G

MemTotal:        4016004 kB
MemFree:         2341300 kB
Active:           452520 kB
Mem:          3.8G       1.6G       2.2G       5.7M        53M       1.1G

MemTotal:        4016004 kB
MemFree:         2340492 kB
Active:           452644 kB
Mem:          3.8G       1.6G       2.2G       5.7M        53M       1.1G

MemTotal:        4016004 kB
MemFree:         2218772 kB
Active:           453128 kB
Mem:          3.8G       1.7G       2.1G       5.7M        53M       1.2G

MemTotal:        4016004 kB
MemFree:         2217812 kB
Active:           453128 kB
Mem:          3.8G       1.7G       2.1G       5.7M        53M       1.2G

MemTotal:        4016004 kB
MemFree:         2185180 kB
Active:           453096 kB
Mem:          3.8G       1.7G       2.1G       5.7M        53M       1.3G

MemTotal:        4016004 kB
MemFree:         3086104 kB
Active:           450056 kB
Mem:          3.8G       907M       2.9G       5.7M        53M       440M

MemTotal:        4016004 kB
MemFree:         3132824 kB
Active:           449820 kB
Mem:          3.8G       862M       3.0G       5.7M        53M       396M

MemTotal:        4016004 kB
MemFree:         3179800 kB
Active:           449644 kB
Mem:          3.8G       815M       3.0G       5.7M        53M       350M

MemTotal:        4016004 kB
MemFree:         2932892 kB
Active:           450312 kB
Mem:          3.8G       1.0G       2.8G       5.7M        53M       588M

MemTotal:        4016004 kB
MemFree:         2890216 kB
Active:           450436 kB
Mem:          3.8G       1.1G       2.8G       5.7M        53M       629M

MemTotal:        4016004 kB
MemFree:         2805280 kB
Active:           450792 kB
Mem:          3.8G       1.2G       2.7G       5.7M        53M       710M

MemTotal:        4016004 kB
MemFree:         2783144 kB
Active:           450920 kB
Mem:          3.8G       1.2G       2.7G       5.7M        53M       731M

MemTotal:        4016004 kB
MemFree:         2696432 kB
Active:           451188 kB
Mem:          3.8G       1.3G       2.6G       5.7M        53M       813M

MemTotal:        4016004 kB
MemFree:         2673244 kB
Active:           451332 kB
Mem:          3.8G       1.3G       2.5G       5.7M        53M       836M

MemTotal:        4016004 kB
MemFree:         2672916 kB
Active:           451420 kB
Mem:          3.8G       1.3G       2.5G       5.7M        53M       836M

MemTotal:        4016004 kB
MemFree:         2672920 kB
Active:           451452 kB
Mem:          3.8G       1.3G       2.5G       5.7M        53M       836M

MemTotal:        4016004 kB
MemFree:         2628856 kB
Active:           451656 kB
Mem:          3.8G       1.3G       2.5G       5.7M        53M       877M

MemTotal:        4016004 kB
MemFree:         2508768 kB
Active:           452120 kB
Mem:          3.8G       1.4G       2.4G       5.7M        53M       992M

MemTotal:        4016004 kB
MemFree:         2451104 kB
Active:           452352 kB
Mem:          3.8G       1.5G       2.3G       5.7M        53M       1.0G

MemTotal:        4016004 kB
MemFree:         2450300 kB
Active:           452344 kB
Mem:          3.8G       1.5G       2.3G       5.7M        53M       1.0G

MemTotal:        4016004 kB
MemFree:         2450272 kB
Active:           452312 kB
Mem:          3.8G       1.5G       2.3G       5.7M        53M       1.0G

MemTotal:        4016004 kB
MemFree:         2450092 kB
Active:           452336 kB
Mem:          3.8G       1.5G       2.3G       5.7M        53M       1.0G

MemTotal:        4016004 kB
MemFree:         2361528 kB
Active:           452608 kB
Mem:          3.8G       1.6G       2.3G       5.7M        53M       1.1G

MemTotal:        4016004 kB
MemFree:         2259588 kB
Active:           453012 kB
Mem:          3.8G       1.7G       2.2G       5.7M        53M       1.2G

MemTotal:        4016004 kB
MemFree:         2258428 kB
Active:           453120 kB
Mem:          3.8G       1.7G       2.2G       5.7M        53M       1.2G

MemTotal:        4016004 kB
MemFree:         2258868 kB
Active:           453108 kB
Mem:          3.8G       1.7G       2.2G       5.7M        53M       1.2G

MemTotal:        4016004 kB
MemFree:         2258004 kB
Active:           453076 kB
Mem:          3.8G       1.7G       2.2G       5.7M        53M       1.2G

MemTotal:        4016004 kB
MemFree:         3158964 kB
Active:           449732 kB
Mem:          3.8G       836M       3.0G       5.7M        53M       370M

MemTotal:        4016004 kB
MemFree:         3202492 kB
Active:           449556 kB
Mem:          3.8G       794M       3.1G       5.7M        53M       330M

MemTotal:        4016004 kB
MemFree:         2933084 kB
Active:           450596 kB
Mem:          3.8G       1.0G       2.8G       5.7M        53M       588M

MemTotal:        4016004 kB
MemFree:         2933064 kB
Active:           450588 kB
Mem:          3.8G       1.0G       2.8G       5.7M        53M       588M

MemTotal:        4016004 kB
MemFree:         2882628 kB
Active:           450736 kB
Mem:          3.8G       1.1G       2.7G       5.7M        53M       636M

MemTotal:        4016004 kB
MemFree:         2756480 kB
Active:           451248 kB
Mem:          3.8G       1.2G       2.6G       5.7M        53M       756M

MemTotal:        4016004 kB
MemFree:         2719172 kB
Active:           451296 kB
Mem:          3.8G       1.2G       2.6G       5.7M        53M       792M

MemTotal:        4016004 kB
MemFree:         2686104 kB
Active:           451564 kB
Mem:          3.8G       1.3G       2.6G       5.7M        53M       823M

MemTotal:        4016004 kB
MemFree:         2685980 kB
Active:           451564 kB
Mem:          3.8G       1.3G       2.6G       5.7M        53M       823M

MemTotal:        4016004 kB
MemFree:         2686044 kB
Active:           451540 kB
Mem:          3.8G       1.3G       2.6G       5.7M        53M       823M

MemTotal:        4016004 kB
MemFree:         2686112 kB
Active:           451540 kB
Mem:          3.8G       1.3G       2.6G       5.7M        53M       823M

MemTotal:        4016004 kB
MemFree:         2510044 kB
Active:           452124 kB
Mem:          3.8G       1.4G       2.4G       5.7M        53M       989M

MemTotal:        4016004 kB
MemFree:         2423460 kB
Active:           452484 kB
Mem:          3.8G       1.5G       2.3G       5.7M        53M       1.0G

MemTotal:        4016004 kB
MemFree:         2422928 kB
Active:           452588 kB
Mem:          3.8G       1.5G       2.3G       5.7M        53M       1.0G

MemTotal:        4016004 kB
MemFree:         2423252 kB
Active:           452580 kB
Mem:          3.8G       1.5G       2.3G       5.7M        53M       1.0G

MemTotal:        4016004 kB
MemFree:         2331816 kB
Active:           452756 kB
Mem:          3.8G       1.6G       2.2G       5.7M        53M       1.1G

MemTotal:        4016004 kB
MemFree:         2241004 kB
Active:           453176 kB
Mem:          3.8G       1.7G       2.1G       5.7M        53M       1.2G

MemTotal:        4016004 kB
MemFree:         2207316 kB
Active:           453444 kB
Mem:          3.8G       1.7G       2.1G       5.7M        53M       1.2G

MemTotal:        4016004 kB
MemFree:         2206820 kB
Active:           453432 kB
Mem:          3.8G       1.7G       2.1G       5.7M        53M       1.2G

MemTotal:        4016004 kB
MemFree:         2207040 kB
Active:           453432 kB
Mem:          3.8G       1.7G       2.1G       5.7M        53M       1.2G

MemTotal:        4016004 kB
MemFree:         2134952 kB
Active:           453420 kB
Mem:          3.8G       1.8G       2.0G       5.7M        53M       1.3G

MemTotal:        4016004 kB
MemFree:         3072064 kB
Active:           450392 kB
Mem:          3.8G       921M       2.9G       5.7M        53M       454M

MemTotal:        4016004 kB
MemFree:         3120592 kB
Active:           450060 kB
Mem:          3.8G       874M       3.0G       5.7M        53M       408M

MemTotal:        4016004 kB
MemFree:         3168040 kB
Active:           449868 kB
Mem:          3.8G       828M       3.0G       5.7M        53M       363M

MemTotal:        4016004 kB
MemFree:         3208876 kB
Active:           449756 kB
Mem:          3.8G       788M       3.1G       5.7M        53M       324M

MemTotal:        4016004 kB
MemFree:         2881884 kB
Active:           450772 kB
Mem:          3.8G       1.1G       2.7G       5.7M        53M       636M

MemTotal:        4016004 kB
MemFree:         2832236 kB
Active:           451108 kB
Mem:          3.8G       1.1G       2.7G       5.7M        53M       684M

MemTotal:        4016004 kB
MemFree:         2796788 kB
Active:           451112 kB
Mem:          3.8G       1.2G       2.7G       5.7M        53M       718M

MemTotal:        4016004 kB
MemFree:         2708868 kB
Active:           459244 kB
Mem:          3.8G       1.2G       2.6G       5.7M        60M       792M

MemTotal:        4016004 kB
MemFree:         2686336 kB
Active:           459396 kB
Mem:          3.8G       1.3G       2.6G       5.7M        60M       813M

MemTotal:        4016004 kB
MemFree:         2686184 kB
Active:           459448 kB
Mem:          3.8G       1.3G       2.6G       5.7M        60M       814M

MemTotal:        4016004 kB
MemFree:         2686248 kB
Active:           459444 kB
Mem:          3.8G       1.3G       2.6G       5.7M        60M       814M

MemTotal:        4016004 kB
MemFree:         2566232 kB
Active:           459840 kB
Mem:          3.8G       1.4G       2.4G       5.7M        60M       929M

MemTotal:        4016004 kB
MemFree:         2485420 kB
Active:           460040 kB
Mem:          3.8G       1.5G       2.4G       5.7M        60M       1.0G

MemTotal:        4016004 kB
MemFree:         2440792 kB
Active:           460268 kB
Mem:          3.8G       1.5G       2.3G       5.7M        60M       1.0G

MemTotal:        4016004 kB
MemFree:         2431848 kB
Active:           460460 kB
Mem:          3.8G       1.5G       2.3G       5.7M        60M       1.0G

MemTotal:        4016004 kB
MemFree:         2431476 kB
Active:           460436 kB
Mem:          3.8G       1.5G       2.3G       5.7M        60M       1.0G

MemTotal:        4016004 kB
MemFree:         2431356 kB
Active:           460476 kB
Mem:          3.8G       1.5G       2.3G       5.7M        60M       1.0G

MemTotal:        4016004 kB
MemFree:         2309220 kB
Active:           460624 kB
Mem:          3.8G       1.6G       2.2G       5.7M        60M       1.1G

MemTotal:        4016004 kB
MemFree:         2219528 kB
Active:           461204 kB
Mem:          3.8G       1.7G       2.1G       5.7M        60M       1.2G

MemTotal:        4016004 kB
MemFree:         2178016 kB
Active:           461324 kB
Mem:          3.8G       1.8G       2.1G       5.7M        60M       1.3G

MemTotal:        4016004 kB
MemFree:         2177676 kB
Active:           461464 kB
Mem:          3.8G       1.8G       2.1G       5.7M        60M       1.3G

MemTotal:        4016004 kB
MemFree:         2177584 kB
Active:           461412 kB
Mem:          3.8G       1.8G       2.1G       5.7M        60M       1.3G

MemTotal:        4016004 kB
MemFree:         2177836 kB
Active:           461428 kB
Mem:          3.8G       1.8G       2.1G       5.7M        60M       1.3G

MemTotal:        4016004 kB
MemFree:         3078976 kB
Active:           458208 kB
Mem:          3.8G       915M       2.9G       5.7M        60M       438M

MemTotal:        4016004 kB
MemFree:         3125444 kB
Active:           458012 kB
Mem:          3.8G       869M       3.0G       5.7M        60M       393M

MemTotal:        4016004 kB
MemFree:         3172132 kB
Active:           457836 kB
Mem:          3.8G       822M       3.0G       5.7M        60M       348M

MemTotal:        4016004 kB
MemFree:         2912960 kB
Active:           458468 kB
Mem:          3.8G       1.1G       2.8G       5.7M        60M       598M

MemTotal:        4016004 kB
MemFree:         2833548 kB
Active:           458756 kB
Mem:          3.8G       1.1G       2.7G       5.7M        60M       673M

MemTotal:        4016004 kB
MemFree:         2788540 kB
Active:           458996 kB
Mem:          3.8G       1.2G       2.7G       5.7M        60M       716M

MemTotal:        4016004 kB
MemFree:         2741648 kB
Active:           459208 kB
Mem:          3.8G       1.2G       2.6G       5.7M        60M       760M

MemTotal:        4016004 kB
MemFree:         2695912 kB
Active:           459380 kB
Mem:          3.8G       1.3G       2.6G       5.7M        60M       805M

MemTotal:        4016004 kB
MemFree:         2672948 kB
Active:           459556 kB
Mem:          3.8G       1.3G       2.5G       5.7M        60M       826M

MemTotal:        4016004 kB
MemFree:         2672560 kB
Active:           459584 kB
Mem:          3.8G       1.3G       2.5G       5.7M        60M       826M

MemTotal:        4016004 kB
MemFree:         2474044 kB
Active:           460364 kB
Mem:          3.8G       1.5G       2.4G       5.7M        60M       1.0G

MemTotal:        4016004 kB
MemFree:         2418364 kB
Active:           460616 kB
Mem:          3.8G       1.5G       2.3G       5.7M        60M       1.0G

MemTotal:        4016004 kB
MemFree:         2418088 kB
Active:           460620 kB
Mem:          3.8G       1.5G       2.3G       5.7M        60M       1.0G

MemTotal:        4016004 kB
MemFree:         2418124 kB
Active:           460596 kB
Mem:          3.8G       1.5G       2.3G       5.7M        60M       1.0G

MemTotal:        4016004 kB
MemFree:         2418252 kB
Active:           460568 kB
Mem:          3.8G       1.5G       2.3G       5.7M        60M       1.0G

MemTotal:        4016004 kB
MemFree:         2277756 kB
Active:           461112 kB
Mem:          3.8G       1.7G       2.2G       5.7M        60M       1.2G

MemTotal:        4016004 kB
MemFree:         2194980 kB
Active:           461444 kB
Mem:          3.8G       1.7G       2.1G       5.7M        60M       1.3G

MemTotal:        4016004 kB
MemFree:         2185772 kB
Active:           461516 kB
Mem:          3.8G       1.7G       2.1G       5.7M        60M       1.3G

MemTotal:        4016004 kB
MemFree:         3082868 kB
Active:           458272 kB
Mem:          3.8G       911M       2.9G       5.7M        60M       435M

MemTotal:        4016004 kB
MemFree:         3159096 kB
Active:           457980 kB
Mem:          3.8G       836M       3.0G       5.7M        60M       361M

MemTotal:        4016004 kB
MemFree:         3052752 kB
Active:           458336 kB
Mem:          3.8G       945M       2.9G       5.7M        61M       469M

MemTotal:        4016004 kB
MemFree:         2852804 kB
Active:           458852 kB
Mem:          3.8G       1.1G       2.7G       5.7M        61M       657M

MemTotal:        4016004 kB
MemFree:         2796884 kB
Active:           459084 kB
Mem:          3.8G       1.2G       2.7G       5.7M        61M       709M

MemTotal:        4016004 kB
MemFree:         2750784 kB
Active:           459292 kB
Mem:          3.8G       1.2G       2.6G       5.7M        61M       753M

MemTotal:        4016004 kB
MemFree:         2704004 kB
Active:           459420 kB
Mem:          3.8G       1.3G       2.6G       5.7M        61M       798M

MemTotal:        4016004 kB
MemFree:         2659452 kB
Active:           459812 kB
Mem:          3.8G       1.3G       2.5G       5.7M        61M       839M

MemTotal:        4016004 kB
MemFree:         2594020 kB
Active:           460060 kB
Mem:          3.8G       1.4G       2.5G       5.7M        61M       902M

MemTotal:        4016004 kB
MemFree:         2554632 kB
Active:           460208 kB
Mem:          3.8G       1.4G       2.4G       5.7M        61M       939M

MemTotal:        4016004 kB
MemFree:         2513864 kB
Active:           460360 kB
Mem:          3.8G       1.4G       2.4G       5.7M        61M       977M

MemTotal:        4016004 kB
MemFree:         2472848 kB
Active:           460512 kB
Mem:          3.8G       1.5G       2.4G       5.7M        61M       1.0G

MemTotal:        4016004 kB
MemFree:         2437520 kB
Active:           460660 kB
Mem:          3.8G       1.5G       2.3G       5.7M        61M       1.0G

MemTotal:        4016004 kB
MemFree:         2437136 kB
Active:           460660 kB
Mem:          3.8G       1.5G       2.3G       5.7M        61M       1.0G

MemTotal:        4016004 kB
MemFree:         2436924 kB
Active:           460664 kB
Mem:          3.8G       1.5G       2.3G       5.7M        61M       1.0G

MemTotal:        4016004 kB
MemFree:         2436868 kB
Active:           460664 kB
Mem:          3.8G       1.5G       2.3G       5.7M        61M       1.0G

MemTotal:        4016004 kB
MemFree:         2286924 kB
Active:           461188 kB
Mem:          3.8G       1.6G       2.2G       5.7M        61M       1.2G

MemTotal:        4016004 kB
MemFree:         2208816 kB
Active:           461504 kB
Mem:          3.8G       1.7G       2.1G       5.7M        61M       1.2G

MemTotal:        4016004 kB
MemFree:         2195532 kB
Active:           461584 kB
Mem:          3.8G       1.7G       2.1G       5.7M        61M       1.3G

MemTotal:        4016004 kB
MemFree:         2195272 kB
Active:           461588 kB
Mem:          3.8G       1.7G       2.1G       5.7M        61M       1.3G

MemTotal:        4016004 kB
MemFree:         2194672 kB
Active:           461580 kB
Mem:          3.8G       1.7G       2.1G       5.7M        61M       1.3G

MemTotal:        4016004 kB
MemFree:         2137480 kB
Active:           461704 kB
Mem:          3.8G       1.8G       2.0G       5.7M        61M       1.3G

MemTotal:        4016004 kB
MemFree:         3170812 kB
Active:           457908 kB
Mem:          3.8G       825M       3.0G       5.7M        61M       350M

MemTotal:        4016004 kB
MemFree:         2917336 kB
Active:           458656 kB
Mem:          3.8G       1.0G       2.8G       5.7M        61M       593M

MemTotal:        4016004 kB
MemFree:         2836492 kB
Active:           459096 kB
Mem:          3.8G       1.1G       2.7G       5.7M        61M       670M

MemTotal:        4016004 kB
MemFree:         2782944 kB
Active:           459316 kB
Mem:          3.8G       1.2G       2.7G       5.7M        61M       722M

MemTotal:        4016004 kB
MemFree:         2735960 kB
Active:           459456 kB
Mem:          3.8G       1.2G       2.6G       5.7M        61M       766M

MemTotal:        4016004 kB
MemFree:         2690572 kB
Active:           459672 kB
Mem:          3.8G       1.3G       2.6G       5.7M        61M       809M

MemTotal:        4016004 kB
MemFree:         2658888 kB
Active:           459844 kB
Mem:          3.8G       1.3G       2.5G       5.7M        61M       839M

MemTotal:        4016004 kB
MemFree:         2658672 kB
Active:           459824 kB
Mem:          3.8G       1.3G       2.5G       5.7M        61M       839M

MemTotal:        4016004 kB
MemFree:         2659020 kB
Active:           459812 kB
Mem:          3.8G       1.3G       2.5G       5.7M        61M       839M

MemTotal:        4016004 kB
MemFree:         2658744 kB
Active:           459848 kB
Mem:          3.8G       1.3G       2.5G       5.7M        61M       839M

MemTotal:        4016004 kB
MemFree:         2502980 kB
Active:           460332 kB
Mem:          3.8G       1.4G       2.4G       5.7M        61M       989M

MemTotal:        4016004 kB
MemFree:         2422160 kB
Active:           460580 kB
Mem:          3.8G       1.5G       2.3G       5.7M        61M       1.0G

MemTotal:        4016004 kB
MemFree:         2421632 kB
Active:           460756 kB
Mem:          3.8G       1.5G       2.3G       5.7M        61M       1.0G

MemTotal:        4016004 kB
MemFree:         2421588 kB
Active:           460728 kB
Mem:          3.8G       1.5G       2.3G       5.7M        61M       1.0G

MemTotal:        4016004 kB
MemFree:         2420972 kB
Active:           460768 kB
Mem:          3.8G       1.5G       2.3G       5.7M        61M       1.0G

MemTotal:        4016004 kB
MemFree:         2270464 kB
Active:           461200 kB
Mem:          3.8G       1.7G       2.2G       5.7M        61M       1.2G

MemTotal:        4016004 kB
MemFree:         2191300 kB
Active:           461516 kB
Mem:          3.8G       1.7G       2.1G       5.7M        61M       1.3G

MemTotal:        4016004 kB
MemFree:         2174528 kB
Active:           461684 kB
Mem:          3.8G       1.8G       2.1G       5.7M        61M       1.3G

MemTotal:        4016004 kB
MemFree:         2174500 kB
Active:           461712 kB
Mem:          3.8G       1.8G       2.1G       5.7M        61M       1.3G

MemTotal:        4016004 kB
MemFree:         2174536 kB
Active:           461672 kB
Mem:          3.8G       1.8G       2.1G       5.7M        61M       1.3G

MemTotal:        4016004 kB
MemFree:         2267968 kB
Active:           461548 kB
Mem:          3.8G       1.7G       2.2G       5.7M        61M       1.2G

MemTotal:        4016004 kB
MemFree:         3133556 kB
Active:           458108 kB
Mem:          3.8G       860M       3.0G       5.7M        61M       385M

MemTotal:        4016004 kB
MemFree:         3180248 kB
Active:           457988 kB
Mem:          3.8G       816M       3.0G       5.7M        61M       341M

MemTotal:        4016004 kB
MemFree:         2901484 kB
Active:           458828 kB
Mem:          3.8G       1.1G       2.8G       5.7M        61M       608M

MemTotal:        4016004 kB
MemFree:         2820856 kB
Active:           459104 kB
Mem:          3.8G       1.1G       2.7G       5.7M        61M       685M

MemTotal:        4016004 kB
MemFree:         2769828 kB
Active:           459372 kB
Mem:          3.8G       1.2G       2.6G       5.7M        61M       734M

MemTotal:        4016004 kB
MemFree:         2725836 kB
Active:           459556 kB
Mem:          3.8G       1.2G       2.6G       5.7M        61M       776M

MemTotal:        4016004 kB
MemFree:         2684580 kB
Active:           459712 kB
Mem:          3.8G       1.3G       2.6G       5.7M        61M       815M

MemTotal:        4016004 kB
MemFree:         2670164 kB
Active:           459860 kB
Mem:          3.8G       1.3G       2.5G       5.7M        61M       828M

MemTotal:        4016004 kB
MemFree:         2670508 kB
Active:           459828 kB
Mem:          3.8G       1.3G       2.5G       5.7M        61M       828M

MemTotal:        4016004 kB
MemFree:         2670700 kB
Active:           459852 kB
Mem:          3.8G       1.3G       2.5G       5.7M        61M       828M

MemTotal:        4016004 kB
MemFree:         2543004 kB
Active:           460268 kB
Mem:          3.8G       1.4G       2.4G       5.7M        61M       950M

MemTotal:        4016004 kB
MemFree:         2461752 kB
Active:           460600 kB
Mem:          3.8G       1.5G       2.3G       5.7M        61M       1.0G

MemTotal:        4016004 kB
MemFree:         2440500 kB
Active:           460720 kB
Mem:          3.8G       1.5G       2.3G       5.7M        61M       1.0G

MemTotal:        4016004 kB
MemFree:         2439688 kB
Active:           460704 kB
Mem:          3.8G       1.5G       2.3G       5.7M        61M       1.0G

MemTotal:        4016004 kB
MemFree:         2439816 kB
Active:           460732 kB
Mem:          3.8G       1.5G       2.3G       5.7M        61M       1.0G

MemTotal:        4016004 kB
MemFree:         2336980 kB
Active:           460868 kB
Mem:          3.8G       1.6G       2.2G       5.7M        61M       1.1G

MemTotal:        4016004 kB
MemFree:         2255052 kB
Active:           461236 kB
Mem:          3.8G       1.7G       2.1G       5.7M        61M       1.2G

MemTotal:        4016004 kB
MemFree:         2199744 kB
Active:           461512 kB
Mem:          3.8G       1.7G       2.1G       5.7M        61M       1.2G

MemTotal:        4016004 kB
MemFree:         2198752 kB
Active:           461664 kB
Mem:          3.8G       1.7G       2.1G       5.7M        61M       1.2G

MemTotal:        4016004 kB
MemFree:         2198028 kB
Active:           461676 kB
Mem:          3.8G       1.7G       2.1G       5.7M        61M       1.2G

MemTotal:        4016004 kB
MemFree:         2197844 kB
Active:           461648 kB
Mem:          3.8G       1.7G       2.1G       5.7M        61M       1.2G

MemTotal:        4016004 kB
MemFree:         3166524 kB
Active:           458028 kB
Mem:          3.8G       829M       3.0G       5.7M        61M       354M

MemTotal:        4016004 kB
MemFree:         2937136 kB
Active:           458852 kB
Mem:          3.8G       1.0G       2.8G       5.7M        61M       576M

MemTotal:        4016004 kB
MemFree:         2853660 kB
Active:           459176 kB
Mem:          3.8G       1.1G       2.7G       5.7M        61M       655M

MemTotal:        4016004 kB
MemFree:         2788276 kB
Active:           459460 kB
Mem:          3.8G       1.2G       2.7G       5.7M        61M       717M

MemTotal:        4016004 kB
MemFree:         2741380 kB
Active:           459600 kB
Mem:          3.8G       1.2G       2.6G       5.7M        61M       761M

MemTotal:        4016004 kB
MemFree:         2695684 kB
Active:           459804 kB
Mem:          3.8G       1.3G       2.6G       5.7M        61M       805M

MemTotal:        4016004 kB
MemFree:         2653784 kB
Active:           459976 kB
Mem:          3.8G       1.3G       2.5G       5.7M        61M       845M

MemTotal:        4016004 kB
MemFree:         2653536 kB
Active:           459976 kB
Mem:          3.8G       1.3G       2.5G       5.7M        61M       845M

MemTotal:        4016004 kB
MemFree:         2577260 kB
Active:           460240 kB
Mem:          3.8G       1.4G       2.5G       5.7M        61M       917M

MemTotal:        4016004 kB
MemFree:         2519628 kB
Active:           460476 kB
Mem:          3.8G       1.4G       2.4G       5.7M        61M       973M

MemTotal:        4016004 kB
MemFree:         2478364 kB
Active:           460576 kB
Mem:          3.8G       1.5G       2.4G       5.7M        61M       1.0G

MemTotal:        4016004 kB
MemFree:         2439844 kB
Active:           460800 kB
Mem:          3.8G       1.5G       2.3G       5.7M        61M       1.0G

MemTotal:        4016004 kB
MemFree:         2439008 kB
Active:           460772 kB
Mem:          3.8G       1.5G       2.3G       5.7M        61M       1.0G

MemTotal:        4016004 kB
MemFree:         2439352 kB
Active:           460780 kB
Mem:          3.8G       1.5G       2.3G       5.7M        61M       1.0G

MemTotal:        4016004 kB
MemFree:         2439452 kB
Active:           460768 kB
Mem:          3.8G       1.5G       2.3G       5.7M        61M       1.0G

MemTotal:        4016004 kB
MemFree:         2266756 kB
Active:           461392 kB
Mem:          3.8G       1.7G       2.2G       5.7M        61M       1.2G

MemTotal:        4016004 kB
MemFree:         2197684 kB
Active:           461692 kB
Mem:          3.8G       1.7G       2.1G       5.7M        61M       1.2G

MemTotal:        4016004 kB
MemFree:         2194940 kB
Active:           461740 kB
Mem:          3.8G       1.7G       2.1G       5.7M        61M       1.3G

MemTotal:        4016004 kB
MemFree:         2194448 kB
Active:           461696 kB
Mem:          3.8G       1.7G       2.1G       5.7M        61M       1.3G

MemTotal:        4016004 kB
MemFree:         2194428 kB
Active:           461704 kB
Mem:          3.8G       1.7G       2.1G       5.7M        61M       1.3G

MemTotal:        4016004 kB
MemFree:         3153064 kB
Active:           458200 kB
Mem:          3.8G       842M       3.0G       5.7M        61M       367M

MemTotal:        4016004 kB
MemFree:         3165892 kB
Active:           457916 kB
Mem:          3.8G       832M       3.0G       5.7M        61M       359M

MemTotal:        4016004 kB
MemFree:         2922480 kB
Active:           458992 kB
Mem:          3.8G       1.0G       2.8G       5.7M        61M       588M

MemTotal:        4016004 kB
MemFree:         2922516 kB
Active:           458992 kB
Mem:          3.8G       1.0G       2.8G       5.7M        61M       588M

MemTotal:        4016004 kB
MemFree:         2786252 kB
Active:           459424 kB
Mem:          3.8G       1.2G       2.7G       5.7M        61M       719M

MemTotal:        4016004 kB
MemFree:         2716688 kB
Active:           459732 kB
Mem:          3.8G       1.2G       2.6G       5.7M        61M       785M

MemTotal:        4016004 kB
MemFree:         2674332 kB
Active:           459896 kB
Mem:          3.8G       1.3G       2.5G       5.7M        61M       826M

MemTotal:        4016004 kB
MemFree:         2671416 kB
Active:           459960 kB
Mem:          3.8G       1.3G       2.5G       5.7M        61M       827M

MemTotal:        4016004 kB
MemFree:         2671604 kB
Active:           459904 kB
Mem:          3.8G       1.3G       2.5G       5.7M        61M       827M

MemTotal:        4016004 kB
MemFree:         2671796 kB
Active:           459936 kB
Mem:          3.8G       1.3G       2.5G       5.7M        61M       827M

MemTotal:        4016004 kB
MemFree:         2520240 kB
Active:           460420 kB
Mem:          3.8G       1.4G       2.4G       5.7M        61M       972M

MemTotal:        4016004 kB
MemFree:         2452832 kB
Active:           460692 kB
Mem:          3.8G       1.5G       2.3G       5.7M        61M       1.0G

MemTotal:        4016004 kB
MemFree:         2410816 kB
Active:           460860 kB
Mem:          3.8G       1.5G       2.3G       5.7M        61M       1.1G

MemTotal:        4016004 kB
MemFree:         2362032 kB
Active:           461048 kB
Mem:          3.8G       1.6G       2.3G       5.7M        61M       1.1G

MemTotal:        4016004 kB
MemFree:         2317164 kB
Active:           461200 kB
Mem:          3.8G       1.6G       2.2G       5.7M        61M       1.1G

MemTotal:        4016004 kB
MemFree:         2316304 kB
Active:           461300 kB
Mem:          3.8G       1.6G       2.2G       5.7M        61M       1.1G

MemTotal:        4016004 kB
MemFree:         2315780 kB
Active:           461324 kB
Mem:          3.8G       1.6G       2.2G       5.7M        61M       1.1G

MemTotal:        4016004 kB
MemFree:         2315848 kB
Active:           461296 kB
Mem:          3.8G       1.6G       2.2G       5.7M        61M       1.1G

MemTotal:        4016004 kB
MemFree:         2155072 kB
Active:           461776 kB
Mem:          3.8G       1.8G       2.1G       5.7M        61M       1.3G

MemTotal:        4016004 kB
MemFree:         3060324 kB
Active:           458708 kB
Mem:          3.8G       932M       2.9G       5.7M        61M       455M

MemTotal:        4016004 kB
MemFree:         3100504 kB
Active:           458436 kB
Mem:          3.8G       893M       3.0G       5.7M        61M       416M

MemTotal:        4016004 kB
MemFree:         3145368 kB
Active:           458284 kB
Mem:          3.8G       849M       3.0G       5.7M        61M       373M

MemTotal:        4016004 kB
MemFree:         3193864 kB
Active:           458108 kB
Mem:          3.8G       802M       3.0G       5.7M        61M       327M

MemTotal:        4016004 kB
MemFree:         2873476 kB
Active:           459056 kB
Mem:          3.8G       1.1G       2.7G       5.7M        61M       635M

MemTotal:        4016004 kB
MemFree:         2801432 kB
Active:           459352 kB
Mem:          3.8G       1.2G       2.7G       5.7M        61M       704M

MemTotal:        4016004 kB
MemFree:         2754768 kB
Active:           459572 kB
Mem:          3.8G       1.2G       2.6G       5.7M        61M       748M

MemTotal:        4016004 kB
MemFree:         2707648 kB
Active:           459748 kB
Mem:          3.8G       1.2G       2.6G       5.7M        61M       793M

MemTotal:        4016004 kB
MemFree:         2661092 kB
Active:           459880 kB
Mem:          3.8G       1.3G       2.5G       5.7M        61M       839M

MemTotal:        4016004 kB
MemFree:         2659828 kB
Active:           460056 kB
Mem:          3.8G       1.3G       2.5G       5.7M        61M       839M

MemTotal:        4016004 kB
MemFree:         2659860 kB
Active:           460012 kB
Mem:          3.8G       1.3G       2.5G       5.7M        61M       839M

MemTotal:        4016004 kB
MemFree:         2659344 kB
Active:           460044 kB
Mem:          3.8G       1.3G       2.5G       5.7M        61M       839M

MemTotal:        4016004 kB
MemFree:         2525608 kB
Active:           460436 kB
Mem:          3.8G       1.4G       2.4G       5.7M        61M       966M

MemTotal:        4016004 kB
MemFree:         2444708 kB
Active:           460608 kB
Mem:          3.8G       1.5G       2.3G       5.7M        61M       1.0G

MemTotal:        4016004 kB
MemFree:         2441236 kB
Active:           460904 kB
Mem:          3.8G       1.5G       2.3G       5.7M        61M       1.0G

MemTotal:        4016004 kB
MemFree:         2440964 kB
Active:           460896 kB
Mem:          3.8G       1.5G       2.3G       5.7M        61M       1.0G

MemTotal:        4016004 kB
MemFree:         2669136 kB
Active:           459036 kB
Mem:          3.8G       1.3G       2.6G       5.7M        61M       822M

MemTotal:        4016004 kB
MemFree:         3200392 kB
Active:           457012 kB
Mem:          3.8G       796M       3.1G       5.7M        61M       323M

MemTotal:        4016004 kB
MemFree:         3201200 kB
Active:           456760 kB
Mem:          3.8G       795M       3.1G       5.7M        61M       323M

MemTotal:        4016004 kB
MemFree:         3201076 kB
Active:           456748 kB
Mem:          3.8G       795M       3.1G       5.7M        61M       323M

MemTotal:        4016004 kB
MemFree:         3201448 kB
Active:           456780 kB
Mem:          3.8G       795M       3.1G       5.7M        61M       323M

MemTotal:        4016004 kB
MemFree:         3201820 kB
Active:           456804 kB
Mem:          3.8G       795M       3.1G       5.7M        61M       323M

MemTotal:        4016004 kB
MemFree:         3201944 kB
Active:           456760 kB
Mem:          3.8G       794M       3.1G       5.7M        61M       323M

MemTotal:        4016004 kB
MemFree:         3201820 kB
Active:           456784 kB
Mem:          3.8G       795M       3.1G       5.7M        61M       323M

MemTotal:        4016004 kB
MemFree:         3201944 kB
Active:           456800 kB
Mem:          3.8G       794M       3.1G       5.7M        61M       323M

MemTotal:        4016004 kB
MemFree:         3201572 kB
Active:           456784 kB
Mem:          3.8G       795M       3.1G       5.7M        61M       323M

MemTotal:        4016004 kB
MemFree:         3201572 kB
Active:           456804 kB
Mem:          3.8G       795M       3.1G       5.7M        61M       323M

MemTotal:        4016004 kB
MemFree:         3201944 kB
Active:           456768 kB
Mem:          3.8G       795M       3.1G       5.7M        61M       323M

MemTotal:        4016004 kB
MemFree:         3201820 kB
Active:           456756 kB
Mem:          3.8G       794M       3.1G       5.7M        61M       323M

MemTotal:        4016004 kB
MemFree:         3201944 kB
Active:           456800 kB
Mem:          3.8G       794M       3.1G       5.7M        61M       323M

MemTotal:        4016004 kB
MemFree:         3201804 kB
Active:           456760 kB
Mem:          3.8G       795M       3.1G       5.7M        61M       323M

MemTotal:        4016004 kB
MemFree:         3201756 kB
Active:           456812 kB
Mem:          3.8G       795M       3.1G       5.7M        61M       323M

MemTotal:        4016004 kB
MemFree:         3201292 kB
Active:           456816 kB
Mem:          3.8G       795M       3.1G       5.7M        61M       323M

MemTotal:        4016004 kB
MemFree:         3201556 kB
Active:           456816 kB
Mem:          3.8G       795M       3.1G       5.7M        61M       323M

MemTotal:        4016004 kB
MemFree:         3201060 kB
Active:           456828 kB
Mem:          3.8G       796M       3.1G       5.7M        61M       323M

MemTotal:        4016004 kB
MemFree:         3201060 kB
Active:           456816 kB
Mem:          3.8G       795M       3.1G       5.7M        61M       323M

MemTotal:        4016004 kB
MemFree:         3200812 kB
Active:           456812 kB
Mem:          3.8G       795M       3.1G       5.7M        61M       323M

MemTotal:        4016004 kB
MemFree:         3200936 kB
Active:           456792 kB
Mem:          3.8G       796M       3.1G       5.7M        61M       323M

MemTotal:        4016004 kB
MemFree:         3201184 kB
Active:           456820 kB
Mem:          3.8G       795M       3.1G       5.7M        61M       323M

MemTotal:        4016004 kB
MemFree:         3201184 kB
Active:           456796 kB
Mem:          3.8G       795M       3.1G       5.7M        61M       323M

MemTotal:        4016004 kB
MemFree:         3201184 kB
Active:           456832 kB
Mem:          3.8G       795M       3.1G       5.7M        61M       323M

MemTotal:        4016004 kB
MemFree:         3200936 kB
Active:           456812 kB
Mem:          3.8G       796M       3.1G       5.7M        61M       323M

MemTotal:        4016004 kB
MemFree:         3200440 kB
Active:           456852 kB
Mem:          3.8G       796M       3.1G       5.7M        61M       323M

MemTotal:        4016004 kB
MemFree:         3200704 kB
Active:           456852 kB
Mem:          3.8G       796M       3.1G       5.7M        61M       323M

MemTotal:        4016004 kB
MemFree:         3201076 kB
Active:           456820 kB
Mem:          3.8G       795M       3.1G       5.7M        61M       323M

MemTotal:        4016004 kB
MemFree:         3200828 kB
Active:           456804 kB
Mem:          3.8G       796M       3.1G       5.7M        61M       323M

MemTotal:        4016004 kB
MemFree:         3200952 kB
Active:           456820 kB
Mem:          3.8G       795M       3.1G       5.7M        61M       323M

MemTotal:        4016004 kB
MemFree:         3200828 kB
Active:           456852 kB
Mem:          3.8G       796M       3.1G       5.7M        61M       323M

MemTotal:        4016004 kB
MemFree:         3200828 kB
Active:           456820 kB
Mem:          3.8G       796M       3.1G       5.7M        61M       323M

MemTotal:        4016004 kB
MemFree:         3200828 kB
Active:           456832 kB
Mem:          3.8G       796M       3.1G       5.7M        61M       323M

MemTotal:        4016004 kB
MemFree:         3200580 kB
Active:           456852 kB
Mem:          3.8G       796M       3.1G       5.7M        61M       323M

MemTotal:        4016004 kB
MemFree:         3200440 kB
Active:           456860 kB
Mem:          3.8G       796M       3.1G       5.7M        61M       323M

MemTotal:        4016004 kB
MemFree:         3200796 kB
Active:           456856 kB
Mem:          3.8G       796M       3.1G       5.7M        61M       323M

MemTotal:        4016004 kB
MemFree:         3200920 kB
Active:           456848 kB
Mem:          3.8G       796M       3.1G       5.7M        61M       323M

MemTotal:        4016004 kB
MemFree:         3200920 kB
Active:           456860 kB
Mem:          3.8G       796M       3.1G       5.7M        61M       323M

MemTotal:        4016004 kB
MemFree:         3200672 kB
Active:           456876 kB
Mem:          3.8G       795M       3.1G       5.7M        61M       323M

MemTotal:        4016004 kB
MemFree:         3201044 kB
Active:           456864 kB
Mem:          3.8G       795M       3.1G       5.7M        61M       323M

MemTotal:        4016004 kB
MemFree:         3200920 kB
Active:           456856 kB
Mem:          3.8G       795M       3.1G       5.7M        61M       323M

MemTotal:        4016004 kB
MemFree:         3200796 kB
Active:           456856 kB
Mem:          3.8G       796M       3.1G       5.7M        61M       323M

MemTotal:        4016004 kB
MemFree:         3200920 kB
Active:           456880 kB
Mem:          3.8G       796M       3.1G       5.7M        61M       323M

MemTotal:        4016004 kB
MemFree:         3201168 kB
Active:           456844 kB
