MemTotal:        4016004 kB
MemFree:         3255180 kB
Active:           404944 kB
Mem:          3.8G       743M       3.1G       5.7M        54M       315M

MemTotal:        4016004 kB
MemFree:         3253208 kB
Active:           406300 kB
Mem:          3.8G       745M       3.1G       5.7M        54M       316M

MemTotal:        4016004 kB
MemFree:         3252480 kB
Active:           406452 kB
Mem:          3.8G       745M       3.1G       5.7M        54M       316M

MemTotal:        4016004 kB
MemFree:         3252340 kB
Active:           406444 kB
Mem:          3.8G       745M       3.1G       5.7M        54M       316M

MemTotal:        4016004 kB
MemFree:         3252464 kB
Active:           406472 kB
Mem:          3.8G       745M       3.1G       5.7M        54M       316M

MemTotal:        4016004 kB
MemFree:         3251704 kB
Active:           406500 kB
Mem:          3.8G       746M       3.1G       5.7M        54M       316M

MemTotal:        4016004 kB
MemFree:         3251268 kB
Active:           404420 kB
Mem:          3.8G       746M       3.1G       5.7M        54M       316M

MemTotal:        4016004 kB
MemFree:         3251020 kB
Active:           406520 kB
Mem:          3.8G       747M       3.1G       5.7M        54M       316M

MemTotal:        4016004 kB
MemFree:         3251268 kB
Active:           406504 kB
Mem:          3.8G       746M       3.1G       5.7M        54M       316M

MemTotal:        4016004 kB
MemFree:         3251020 kB
Active:           406464 kB
Mem:          3.8G       747M       3.1G       5.7M        54M       316M

MemTotal:        4016004 kB
MemFree:         3250756 kB
Active:           406520 kB
Mem:          3.8G       747M       3.1G       5.7M        54M       316M

MemTotal:        4016004 kB
MemFree:         3251252 kB
Active:           406504 kB
Mem:          3.8G       746M       3.1G       5.7M        54M       316M

MemTotal:        4016004 kB
MemFree:         3251128 kB
Active:           406476 kB
Mem:          3.8G       746M       3.1G       5.7M        54M       316M

MemTotal:        4016004 kB
MemFree:         3251128 kB
Active:           406496 kB
Mem:          3.8G       746M       3.1G       5.7M        54M       316M

MemTotal:        4016004 kB
MemFree:         3251872 kB
Active:           406504 kB
Mem:          3.8G       746M       3.1G       5.7M        54M       316M

MemTotal:        4016004 kB
MemFree:         3251872 kB
Active:           406512 kB
Mem:          3.8G       746M       3.1G       5.7M        54M       316M

MemTotal:        4016004 kB
MemFree:         3251064 kB
Active:           404452 kB
Mem:          3.8G       747M       3.1G       5.7M        54M       316M

MemTotal:        4016004 kB
MemFree:         3251096 kB
Active:           406528 kB
Mem:          3.8G       746M       3.1G       5.7M        54M       316M

MemTotal:        4016004 kB
MemFree:         3251328 kB
Active:           406504 kB
Mem:          3.8G       746M       3.1G       5.7M        54M       316M

MemTotal:        4016004 kB
MemFree:         3251344 kB
Active:           406520 kB
Mem:          3.8G       746M       3.1G       5.7M        54M       316M

MemTotal:        4016004 kB
MemFree:         3251344 kB
Active:           406536 kB
Mem:          3.8G       746M       3.1G       5.7M        54M       316M

MemTotal:        4016004 kB
MemFree:         3251716 kB
Active:           406492 kB
Mem:          3.8G       746M       3.1G       5.7M        54M       316M

MemTotal:        4016004 kB
MemFree:         3251964 kB
Active:           406528 kB
Mem:          3.8G       746M       3.1G       5.7M        54M       316M

MemTotal:        4016004 kB
MemFree:         3252088 kB
Active:           406504 kB
Mem:          3.8G       746M       3.1G       5.7M        54M       316M

MemTotal:        4016004 kB
MemFree:         3251964 kB
Active:           406536 kB
Mem:          3.8G       746M       3.1G       5.7M        54M       316M

MemTotal:        4016004 kB
MemFree:         3252212 kB
Active:           406536 kB
Mem:          3.8G       746M       3.1G       5.7M        54M       316M

MemTotal:        4016004 kB
MemFree:         3251872 kB
Active:           406508 kB
Mem:          3.8G       746M       3.1G       5.7M        54M       316M

MemTotal:        4016004 kB
MemFree:         3251872 kB
Active:           406492 kB
Mem:          3.8G       745M       3.1G       5.7M        54M       316M

MemTotal:        4016004 kB
MemFree:         3251996 kB
Active:           406552 kB
Mem:          3.8G       746M       3.1G       5.7M        54M       316M

MemTotal:        4016004 kB
MemFree:         3252120 kB
Active:           406532 kB
Mem:          3.8G       745M       3.1G       5.7M        54M       316M

MemTotal:        4016004 kB
MemFree:         3251624 kB
Active:           406520 kB
Mem:          3.8G       746M       3.1G       5.7M        54M       316M

MemTotal:        4016004 kB
MemFree:         3251748 kB
Active:           406516 kB
Mem:          3.8G       746M       3.1G       5.7M        54M       316M

MemTotal:        4016004 kB
MemFree:         3251748 kB
Active:           406528 kB
Mem:          3.8G       746M       3.1G       5.7M        54M       316M

MemTotal:        4016004 kB
MemFree:         3251872 kB
Active:           406512 kB
Mem:          3.8G       746M       3.1G       5.7M        54M       316M

MemTotal:        4016004 kB
MemFree:         3251996 kB
Active:           406520 kB
Mem:          3.8G       746M       3.1G       5.7M        54M       316M

MemTotal:        4016004 kB
MemFree:         3251856 kB
Active:           406532 kB
Mem:          3.8G       746M       3.1G       5.7M        54M       316M

MemTotal:        4016004 kB
MemFree:         3251468 kB
Active:           406572 kB
Mem:          3.8G       746M       3.1G       5.7M        54M       316M

MemTotal:        4016004 kB
MemFree:         3251468 kB
Active:           406572 kB
Mem:          3.8G       746M       3.1G       5.7M        54M       316M

MemTotal:        4016004 kB
MemFree:         3251840 kB
Active:           406560 kB
Mem:          3.8G       746M       3.1G       5.7M        54M       316M

MemTotal:        4016004 kB
MemFree:         3252212 kB
Active:           406528 kB
Mem:          3.8G       746M       3.1G       5.7M        54M       316M

MemTotal:        4016004 kB
MemFree:         3252196 kB
Active:           406552 kB
Mem:          3.8G       746M       3.1G       5.7M        54M       316M

MemTotal:        4016004 kB
MemFree:         3251948 kB
Active:           406576 kB
Mem:          3.8G       745M       3.1G       5.7M        54M       316M

MemTotal:        4016004 kB
MemFree:         3251948 kB
Active:           406540 kB
Mem:          3.8G       745M       3.1G       5.7M        54M       316M

MemTotal:        4016004 kB
MemFree:         3251824 kB
Active:           406576 kB
Mem:          3.8G       746M       3.1G       5.7M        54M       316M

MemTotal:        4016004 kB
MemFree:         3251560 kB
Active:           406584 kB
Mem:          3.8G       746M       3.1G       5.7M        54M       316M

MemTotal:        4016004 kB
MemFree:         3251808 kB
Active:           406536 kB
Mem:          3.8G       746M       3.1G       5.7M        54M       316M

MemTotal:        4016004 kB
MemFree:         3250988 kB
Active:           406692 kB
Mem:          3.8G       747M       3.1G       5.7M        54M       316M

MemTotal:        4016004 kB
MemFree:         3250848 kB
Active:           406672 kB
Mem:          3.8G       747M       3.1G       5.7M        54M       316M

MemTotal:        4016004 kB
MemFree:         3250848 kB
Active:           406684 kB
Mem:          3.8G       746M       3.1G       5.7M        54M       316M

MemTotal:        4016004 kB
MemFree:         3250956 kB
Active:           406656 kB
Mem:          3.8G       746M       3.1G       5.7M        54M       316M

MemTotal:        4016004 kB
MemFree:         3251824 kB
Active:           406680 kB
Mem:          3.8G       746M       3.1G       5.7M        54M       316M

MemTotal:        4016004 kB
MemFree:         3251700 kB
Active:           406672 kB
Mem:          3.8G       746M       3.1G       5.7M        54M       316M

MemTotal:        4016004 kB
MemFree:         3252056 kB
Active:           406676 kB
Mem:          3.8G       746M       3.1G       5.7M        54M       316M

MemTotal:        4016004 kB
MemFree:         3251668 kB
Active:           406716 kB
Mem:          3.8G       746M       3.1G       5.7M        54M       316M

MemTotal:        4016004 kB
MemFree:         3251668 kB
Active:           406664 kB
Mem:          3.8G       746M       3.1G       5.7M        54M       316M

MemTotal:        4016004 kB
MemFree:         3251544 kB
Active:           406692 kB
Mem:          3.8G       746M       3.1G       5.7M        54M       316M

MemTotal:        4016004 kB
MemFree:         3251276 kB
Active:           404676 kB
Mem:          3.8G       747M       3.1G       5.7M        54M       316M

MemTotal:        4016004 kB
MemFree:         3251028 kB
Active:           404700 kB
Mem:          3.8G       746M       3.1G       5.7M        54M       316M

MemTotal:        4016004 kB
MemFree:         3251400 kB
Active:           406744 kB
Mem:          3.8G       746M       3.1G       5.7M        54M       316M

MemTotal:        4016004 kB
MemFree:         3251524 kB
Active:           406708 kB
Mem:          3.8G       746M       3.1G       5.7M        54M       316M

MemTotal:        4016004 kB
MemFree:         3251584 kB
Active:           406848 kB
Mem:          3.8G       746M       3.1G       5.7M        54M       316M

MemTotal:        4016004 kB
MemFree:         3137944 kB
Active:           407376 kB
Mem:          3.8G       858M       3.0G       5.7M        54M       426M

MemTotal:        4016004 kB
MemFree:         3024724 kB
Active:           407388 kB
Mem:          3.8G       968M       2.9G       5.7M        54M       534M

MemTotal:        4016004 kB
MemFree:         2904792 kB
Active:           407396 kB
Mem:          3.8G       1.1G       2.8G       5.7M        54M       649M

MemTotal:        4016004 kB
MemFree:         2893128 kB
Active:           407396 kB
Mem:          3.8G       1.1G       2.8G       5.7M        54M       660M

MemTotal:        4016004 kB
MemFree:         2845932 kB
Active:           407396 kB
Mem:          3.8G       1.1G       2.7G       5.7M        54M       706M

MemTotal:        4016004 kB
MemFree:         2794720 kB
Active:           407396 kB
Mem:          3.8G       1.2G       2.7G       5.7M        54M       755M

MemTotal:        4016004 kB
MemFree:         2762968 kB
Active:           407400 kB
Mem:          3.8G       1.2G       2.6G       5.7M        55M       785M

MemTotal:        4016004 kB
MemFree:         2695924 kB
Active:           407408 kB
Mem:          3.8G       1.3G       2.6G       5.7M        55M       850M

MemTotal:        4016004 kB
MemFree:         2694772 kB
Active:           407404 kB
Mem:          3.8G       1.3G       2.6G       5.7M        55M       851M

MemTotal:        4016004 kB
MemFree:         2693544 kB
Active:           407416 kB
Mem:          3.8G       1.3G       2.6G       5.7M        55M       852M

MemTotal:        4016004 kB
MemFree:         2691948 kB
Active:           407452 kB
Mem:          3.8G       1.3G       2.6G       5.7M        55M       853M

MemTotal:        4016004 kB
MemFree:         2690960 kB
Active:           407452 kB
Mem:          3.8G       1.3G       2.6G       5.7M        55M       854M

MemTotal:        4016004 kB
MemFree:         2605476 kB
Active:           407452 kB
Mem:          3.8G       1.3G       2.5G       5.7M        55M       937M

MemTotal:        4016004 kB
MemFree:         2469748 kB
Active:           407460 kB
Mem:          3.8G       1.5G       2.4G       5.7M        55M       1.0G

MemTotal:        4016004 kB
MemFree:         2342748 kB
Active:           407460 kB
Mem:          3.8G       1.6G       2.2G       5.7M        55M       1.2G

MemTotal:        4016004 kB
MemFree:         2326204 kB
Active:           407460 kB
Mem:          3.8G       1.6G       2.2G       5.7M        55M       1.2G

MemTotal:        4016004 kB
MemFree:         2239120 kB
Active:           407460 kB
Mem:          3.8G       1.7G       2.1G       5.7M        55M       1.3G

MemTotal:        4016004 kB
MemFree:         2238584 kB
Active:           407464 kB
Mem:          3.8G       1.7G       2.1G       5.7M        55M       1.3G

MemTotal:        4016004 kB
MemFree:         2190736 kB
Active:           407480 kB
Mem:          3.8G       1.7G       2.1G       5.7M        55M       1.3G

MemTotal:        4016004 kB
MemFree:         2138792 kB
Active:           407480 kB
Mem:          3.8G       1.8G       2.0G       5.7M        55M       1.4G

MemTotal:        4016004 kB
MemFree:         2106116 kB
Active:           407488 kB
Mem:          3.8G       1.8G       2.0G       5.7M        55M       1.4G

MemTotal:        4016004 kB
MemFree:         2038768 kB
Active:           407496 kB
Mem:          3.8G       1.9G       1.9G       5.7M        55M       1.4G

MemTotal:        4016004 kB
MemFree:         2037712 kB
Active:           407460 kB
Mem:          3.8G       1.9G       1.9G       5.7M        55M       1.4G

MemTotal:        4016004 kB
MemFree:         2036340 kB
Active:           407512 kB
Mem:          3.8G       1.9G       1.9G       5.7M        55M       1.4G

MemTotal:        4016004 kB
MemFree:         2034172 kB
Active:           407520 kB
Mem:          3.8G       1.9G       1.9G       5.7M        55M       1.5G

MemTotal:        4016004 kB
MemFree:         2031452 kB
Active:           409568 kB
Mem:          3.8G       1.9G       1.9G       5.7M        55M       1.5G

MemTotal:        4016004 kB
MemFree:         1907420 kB
Active:           409548 kB
Mem:          3.8G       2.0G       1.8G       5.7M        55M       1.6G

MemTotal:        4016004 kB
MemFree:         1777180 kB
Active:           409552 kB
Mem:          3.8G       2.1G       1.7G       5.7M        55M       1.7G

MemTotal:        4016004 kB
MemFree:         1682856 kB
Active:           409552 kB
Mem:          3.8G       2.2G       1.6G       5.7M        55M       1.8G

MemTotal:        4016004 kB
MemFree:         1617612 kB
Active:           409572 kB
Mem:          3.8G       2.3G       1.5G       5.7M        55M       1.8G

MemTotal:        4016004 kB
MemFree:         1580220 kB
Active:           409572 kB
Mem:          3.8G       2.3G       1.5G       5.7M        55M       1.9G

MemTotal:        4016004 kB
MemFree:         1579416 kB
Active:           409572 kB
Mem:          3.8G       2.3G       1.5G       5.7M        55M       1.9G

MemTotal:        4016004 kB
MemFree:         1482744 kB
Active:           409572 kB
Mem:          3.8G       2.4G       1.4G       5.7M        55M       2.0G

MemTotal:        4016004 kB
MemFree:         1482712 kB
Active:           409556 kB
Mem:          3.8G       2.4G       1.4G       5.7M        55M       2.0G

MemTotal:        4016004 kB
MemFree:         1480224 kB
Active:           409548 kB
Mem:          3.8G       2.4G       1.4G       5.7M        55M       2.0G

MemTotal:        4016004 kB
MemFree:         1478944 kB
Active:           409592 kB
Mem:          3.8G       2.4G       1.4G       5.7M        55M       2.0G

MemTotal:        4016004 kB
MemFree:         1478608 kB
Active:           409580 kB
Mem:          3.8G       2.4G       1.4G       5.7M        55M       2.0G

MemTotal:        4016004 kB
MemFree:         1421664 kB
Active:           409596 kB
Mem:          3.8G       2.5G       1.4G       5.7M        55M       2.0G

MemTotal:        4016004 kB
MemFree:         1295516 kB
Active:           409596 kB
Mem:          3.8G       2.6G       1.2G       5.7M        55M       2.1G

MemTotal:        4016004 kB
MemFree:         1170748 kB
Active:           409564 kB
Mem:          3.8G       2.7G       1.1G       5.7M        55M       2.3G

MemTotal:        4016004 kB
MemFree:         1128340 kB
Active:           409604 kB
Mem:          3.8G       2.8G       1.1G       5.7M        55M       2.3G

MemTotal:        4016004 kB
MemFree:         1066628 kB
Active:           409580 kB
Mem:          3.8G       2.8G       1.0G       5.7M        55M       2.4G

MemTotal:        4016004 kB
MemFree:         1005316 kB
Active:           409616 kB
Mem:          3.8G       2.9G       981M       5.7M        55M       2.4G

MemTotal:        4016004 kB
MemFree:         1002220 kB
Active:           409632 kB
Mem:          3.8G       2.9G       978M       5.7M        55M       2.4G

MemTotal:        4016004 kB
MemFree:          928884 kB
Active:           409640 kB
Mem:          3.8G       2.9G       906M       5.7M        55M       2.5G

MemTotal:        4016004 kB
MemFree:          894464 kB
Active:           409644 kB
Mem:          3.8G       3.0G       873M       5.7M        55M       2.5G

MemTotal:        4016004 kB
MemFree:          829584 kB
Active:           409664 kB
Mem:          3.8G       3.0G       809M       5.7M        55M       2.6G

MemTotal:        4016004 kB
MemFree:          827020 kB
Active:           409620 kB
Mem:          3.8G       3.0G       806M       5.7M        55M       2.6G

MemTotal:        4016004 kB
MemFree:          825284 kB
Active:           409676 kB
Mem:          3.8G       3.0G       805M       5.7M        55M       2.6G

MemTotal:        4016004 kB
MemFree:          824944 kB
Active:           409676 kB
Mem:          3.8G       3.0G       805M       5.7M        55M       2.6G

MemTotal:        4016004 kB
MemFree:          824640 kB
Active:           409684 kB
Mem:          3.8G       3.0G       805M       5.7M        55M       2.6G

MemTotal:        4016004 kB
MemFree:          790652 kB
Active:           409676 kB
Mem:          3.8G       3.1G       771M       5.7M        55M       2.6G

MemTotal:        4016004 kB
MemFree:          653328 kB
Active:           409688 kB
Mem:          3.8G       3.2G       637M       5.7M        55M       2.7G

MemTotal:        4016004 kB
MemFree:          525832 kB
Active:           409688 kB
Mem:          3.8G       3.3G       513M       5.7M        55M       2.9G

MemTotal:        4016004 kB
MemFree:          472980 kB
Active:           409776 kB
Mem:          3.8G       3.4G       461M       5.7M        55M       2.9G

MemTotal:        4016004 kB
MemFree:          452576 kB
Active:           411740 kB
Mem:          3.8G       3.4G       441M       5.7M        55M       2.9G

MemTotal:        4016004 kB
MemFree:          374016 kB
Active:           411748 kB
Mem:          3.8G       3.5G       364M       5.7M        55M       3.0G

MemTotal:        4016004 kB
MemFree:          353900 kB
Active:           411752 kB
Mem:          3.8G       3.5G       345M       5.7M        55M       3.0G

MemTotal:        4016004 kB
MemFree:          273652 kB
Active:           411752 kB
Mem:          3.8G       3.6G       266M       5.7M        55M       3.1G

MemTotal:        4016004 kB
MemFree:          272556 kB
Active:           411764 kB
Mem:          3.8G       3.6G       265M       5.7M        55M       3.1G

MemTotal:        4016004 kB
MemFree:          271008 kB
Active:           411784 kB
Mem:          3.8G       3.6G       264M       5.7M        55M       3.1G

MemTotal:        4016004 kB
MemFree:          269000 kB
Active:           411784 kB
Mem:          3.8G       3.6G       262M       5.7M        55M       3.1G

MemTotal:        4016004 kB
MemFree:          267696 kB
Active:           411748 kB
Mem:          3.8G       3.6G       261M       5.7M        55M       3.1G

MemTotal:        4016004 kB
MemFree:          210968 kB
Active:           411764 kB
Mem:          3.8G       3.6G       205M       5.7M        55M       3.2G

MemTotal:        4016004 kB
MemFree:          141092 kB
Active:           424228 kB
Mem:          3.8G       3.7G       106M       5.7M        20M       3.3G

MemTotal:        4016004 kB
MemFree:          138612 kB
Active:           468060 kB
Mem:          3.8G       3.7G       115M       5.7M        20M       3.3G

MemTotal:        4016004 kB
MemFree:          118216 kB
Active:           462816 kB
Mem:          3.8G       3.7G       115M       5.7M        20M       3.3G

MemTotal:        4016004 kB
MemFree:          117588 kB
Active:           462688 kB
Mem:          3.8G       3.7G       114M       5.7M        20M       3.3G

MemTotal:        4016004 kB
MemFree:          129224 kB
Active:           454240 kB
Mem:          3.8G       3.7G       125M       5.7M        20M       3.3G

MemTotal:        4016004 kB
MemFree:          137124 kB
Active:           450412 kB
Mem:          3.8G       3.7G       133M       5.7M        20M       3.3G

MemTotal:        4016004 kB
MemFree:          123356 kB
Active:           447348 kB
Mem:          3.8G       3.7G       120M       5.7M        20M       3.3G

MemTotal:        4016004 kB
MemFree:          121068 kB
Active:           447360 kB
Mem:          3.8G       3.7G       117M       5.7M        20M       3.3G

MemTotal:        4016004 kB
MemFree:          119984 kB
Active:           447360 kB
Mem:          3.8G       3.7G       117M       5.7M        20M       3.3G

MemTotal:        4016004 kB
MemFree:          116856 kB
Active:           449384 kB
Mem:          3.8G       3.7G       113M       5.7M        20M       3.3G

MemTotal:        4016004 kB
MemFree:          125860 kB
Active:           439120 kB
Mem:          3.8G       3.7G       122M       5.7M        20M       3.3G

MemTotal:        4016004 kB
MemFree:          115132 kB
Active:           426980 kB
Mem:          3.8G       3.7G       119M       5.7M        20M       3.3G

MemTotal:        4016004 kB
MemFree:          125668 kB
Active:           422484 kB
Mem:          3.8G       3.7G       122M       5.7M        20M       3.3G

MemTotal:        4016004 kB
MemFree:          129284 kB
Active:           421224 kB
Mem:          3.8G       3.7G       126M       5.7M        20M       3.3G

MemTotal:        4016004 kB
MemFree:          140848 kB
Active:           419944 kB
Mem:          3.8G       3.7G       137M       5.7M        20M       3.3G

MemTotal:        4016004 kB
MemFree:          132324 kB
Active:           418536 kB
Mem:          3.8G       3.7G       128M       5.7M        20M       3.3G

MemTotal:        4016004 kB
MemFree:          114484 kB
Active:           418044 kB
Mem:          3.8G       3.7G       115M       5.7M        20M       3.3G

MemTotal:        4016004 kB
MemFree:          125632 kB
Active:           416128 kB
Mem:          3.8G       3.7G       122M       5.7M        20M       3.3G

MemTotal:        4016004 kB
MemFree:          122996 kB
Active:           416140 kB
Mem:          3.8G       3.7G       119M       5.7M        20M       3.3G

MemTotal:        4016004 kB
MemFree:          121632 kB
Active:           417228 kB
Mem:          3.8G       3.7G       118M       5.7M        20M       3.3G

MemTotal:        4016004 kB
MemFree:          120736 kB
Active:           417232 kB
Mem:          3.8G       3.7G       117M       5.7M        20M       3.3G

MemTotal:        4016004 kB
MemFree:          115004 kB
Active:           415316 kB
Mem:          3.8G       3.7G       120M       5.7M        20M       3.3G

MemTotal:        4016004 kB
MemFree:          118884 kB
Active:           407784 kB
Mem:          3.8G       3.7G       115M       5.7M        20M       3.3G

MemTotal:        4016004 kB
MemFree:          106856 kB
Active:           404344 kB
Mem:          3.8G       3.7G       103M       5.7M        20M       3.3G

MemTotal:        4016004 kB
MemFree:          129048 kB
Active:           402040 kB
Mem:          3.8G       3.7G       125M       5.7M        20M       3.3G

MemTotal:        4016004 kB
MemFree:          134100 kB
Active:           400508 kB
Mem:          3.8G       3.7G       129M       5.7M        20M       3.3G

MemTotal:        4016004 kB
MemFree:          144156 kB
Active:           398848 kB
Mem:          3.8G       3.7G       140M       5.7M        20M       3.3G

MemTotal:        4016004 kB
MemFree:          127620 kB
Active:           398360 kB
Mem:          3.8G       3.7G       124M       5.7M        20M       3.3G

MemTotal:        4016004 kB
MemFree:          133828 kB
Active:           395544 kB
Mem:          3.8G       3.7G       130M       5.7M        20M       3.3G

MemTotal:        4016004 kB
MemFree:          132468 kB
Active:           398932 kB
Mem:          3.8G       3.7G       129M       5.7M        20M       3.3G

MemTotal:        4016004 kB
MemFree:          131572 kB
Active:           398936 kB
Mem:          3.8G       3.7G       128M       5.7M        20M       3.3G

MemTotal:        4016004 kB
MemFree:          128280 kB
Active:           390720 kB
Mem:          3.8G       3.7G       124M       5.7M        20M       3.3G

MemTotal:        4016004 kB
MemFree:          105084 kB
Active:           389312 kB
Mem:          3.8G       3.7G       105M       5.7M        20M       3.3G

MemTotal:        4016004 kB
MemFree:          134812 kB
Active:           385864 kB
Mem:          3.8G       3.7G       131M       5.7M        20M       3.3G

MemTotal:        4016004 kB
MemFree:          125064 kB
Active:           384200 kB
Mem:          3.8G       3.7G       122M       5.7M        20M       3.3G

MemTotal:        4016004 kB
MemFree:          138572 kB
Active:           383048 kB
Mem:          3.8G       3.7G       134M       5.7M        20M       3.3G

MemTotal:        4016004 kB
MemFree:          143636 kB
Active:           380700 kB
Mem:          3.8G       3.7G       140M       5.7M        20M       3.3G

MemTotal:        4016004 kB
MemFree:          121532 kB
Active:           380744 kB
Mem:          3.8G       3.7G       118M       5.7M        20M       3.3G

MemTotal:        4016004 kB
MemFree:          148436 kB
Active:           378448 kB
Mem:          3.8G       3.7G       144M       5.7M        20M       3.2G

MemTotal:        4016004 kB
MemFree:          119576 kB
Active:           376640 kB
Mem:          3.8G       3.7G       116M       5.7M        20M       3.3G

MemTotal:        4016004 kB
MemFree:          134940 kB
Active:           375872 kB
Mem:          3.8G       3.7G       131M       5.7M        20M       3.3G

MemTotal:        4016004 kB
MemFree:          132288 kB
Active:           375888 kB
Mem:          3.8G       3.7G       128M       5.7M        20M       3.3G

MemTotal:        4016004 kB
MemFree:          131700 kB
Active:           375888 kB
Mem:          3.8G       3.7G       128M       5.7M        20M       3.3G

MemTotal:        4016004 kB
MemFree:          131860 kB
Active:           375872 kB
Mem:          3.8G       3.7G       128M       5.7M        20M       3.3G

MemTotal:        4016004 kB
MemFree:          111308 kB
Active:           375636 kB
Mem:          3.8G       3.7G       116M       5.7M        20M       3.3G

MemTotal:        4016004 kB
MemFree:          132788 kB
Active:           370392 kB
Mem:          3.8G       3.7G       128M       5.7M        20M       3.3G

MemTotal:        4016004 kB
MemFree:          124140 kB
Active:           366680 kB
Mem:          3.8G       3.7G       120M       5.7M        20M       3.3G

MemTotal:        4016004 kB
MemFree:          140860 kB
Active:           364376 kB
Mem:          3.8G       3.7G       137M       5.7M        20M       3.3G

MemTotal:        4016004 kB
MemFree:          116204 kB
Active:           363352 kB
Mem:          3.8G       3.7G       112M       5.7M        20M       3.3G

MemTotal:        4016004 kB
MemFree:          130504 kB
Active:           362084 kB
Mem:          3.8G       3.7G       126M       5.7M        20M       3.3G

MemTotal:        4016004 kB
MemFree:          135164 kB
Active:           359152 kB
Mem:          3.8G       3.7G       131M       5.7M        20M       3.3G

MemTotal:        4016004 kB
MemFree:          137260 kB
Active:           359152 kB
Mem:          3.8G       3.7G       134M       5.7M        20M       3.3G

MemTotal:        4016004 kB
MemFree:          139140 kB
Active:           359152 kB
Mem:          3.8G       3.7G       135M       5.7M        20M       3.3G

MemTotal:        4016004 kB
MemFree:          138980 kB
Active:           359176 kB
Mem:          3.8G       3.7G       135M       5.7M        20M       3.3G

MemTotal:        4016004 kB
MemFree:          137684 kB
Active:           359196 kB
Mem:          3.8G       3.7G       134M       5.7M        20M       3.3G

MemTotal:        4016004 kB
MemFree:          136104 kB
Active:           359200 kB
Mem:          3.8G       3.7G       132M       5.7M        20M       3.3G

MemTotal:        4016004 kB
MemFree:          127112 kB
Active:           359200 kB
Mem:          3.8G       3.7G       123M       5.7M        20M       3.3G

MemTotal:        4016004 kB
MemFree:          146172 kB
Active:           358432 kB
Mem:          3.8G       3.7G       142M       5.7M        20M       3.2G

MemTotal:        4016004 kB
MemFree:          106664 kB
Active:           358392 kB
Mem:          3.8G       3.7G       104M       5.7M        20M       3.3G

MemTotal:        4016004 kB
MemFree:          141344 kB
Active:           356688 kB
Mem:          3.8G       3.7G       137M       5.7M        20M       3.3G

MemTotal:        4016004 kB
MemFree:          130072 kB
Active:           356608 kB
Mem:          3.8G       3.7G       126M       5.7M        20M       3.3G

MemTotal:        4016004 kB
MemFree:          143284 kB
Active:           356600 kB
Mem:          3.8G       3.7G       139M       5.7M        20M       3.3G

MemTotal:        4016004 kB
MemFree:          120992 kB
Active:           356608 kB
Mem:          3.8G       3.7G       124M       5.7M        20M       3.3G

MemTotal:        4016004 kB
MemFree:          125496 kB
Active:           356488 kB
Mem:          3.8G       3.7G       122M       5.7M        20M       3.3G

MemTotal:        4016004 kB
MemFree:          128132 kB
Active:           356488 kB
Mem:          3.8G       3.7G       124M       5.7M        20M       3.3G

MemTotal:        4016004 kB
MemFree:          126904 kB
Active:           356460 kB
Mem:          3.8G       3.7G       123M       5.7M        20M       3.3G

MemTotal:        4016004 kB
MemFree:          125516 kB
Active:           356512 kB
Mem:          3.8G       3.7G       122M       5.7M        20M       3.3G

MemTotal:        4016004 kB
MemFree:          123272 kB
Active:           356516 kB
Mem:          3.8G       3.7G       120M       5.7M        20M       3.3G

MemTotal:        4016004 kB
MemFree:          123636 kB
Active:           356488 kB
Mem:          3.8G       3.7G       120M       5.7M        20M       3.3G

MemTotal:        4016004 kB
MemFree:          121092 kB
Active:           356524 kB
Mem:          3.8G       3.7G       117M       5.7M        20M       3.3G

MemTotal:        4016004 kB
MemFree:          141256 kB
Active:           356528 kB
Mem:          3.8G       3.7G       137M       5.7M        20M       3.3G

MemTotal:        4016004 kB
MemFree:          135196 kB
Active:           356528 kB
Mem:          3.8G       3.7G       131M       5.7M        20M       3.3G

MemTotal:        4016004 kB
MemFree:          109216 kB
Active:           356484 kB
Mem:          3.8G       3.7G       105M       5.7M        20M       3.3G

MemTotal:        4016004 kB
MemFree:          136212 kB
Active:           356084 kB
Mem:          3.8G       3.7G       132M       5.7M        20M       3.3G

MemTotal:        4016004 kB
MemFree:          138224 kB
Active:           356048 kB
Mem:          3.8G       3.7G       134M       5.7M        20M       3.3G

MemTotal:        4016004 kB
MemFree:          108960 kB
Active:           356096 kB
Mem:          3.8G       3.7G       105M       5.7M        20M       3.3G

MemTotal:        4016004 kB
MemFree:          144560 kB
Active:           356204 kB
Mem:          3.8G       3.7G       140M       5.7M        20M       3.2G

MemTotal:        4016004 kB
MemFree:          134172 kB
Active:           356296 kB
Mem:          3.8G       3.7G       130M       5.7M        20M       3.3G

MemTotal:        4016004 kB
MemFree:          132344 kB
Active:           357028 kB
Mem:          3.8G       3.7G       128M       5.7M        20M       3.3G

MemTotal:        4016004 kB
MemFree:          130952 kB
Active:           357088 kB
Mem:          3.8G       3.7G       127M       5.7M        20M       3.3G

MemTotal:        4016004 kB
MemFree:          129828 kB
Active:           357216 kB
Mem:          3.8G       3.7G       126M       5.7M        20M       3.3G

MemTotal:        4016004 kB
MemFree:          129524 kB
Active:           357144 kB
Mem:          3.8G       3.7G       126M       5.7M        20M       3.3G

MemTotal:        4016004 kB
MemFree:          130192 kB
Active:           356964 kB
Mem:          3.8G       3.7G       126M       5.7M        20M       3.3G

MemTotal:        4016004 kB
MemFree:          120940 kB
Active:           355824 kB
Mem:          3.8G       3.7G       117M       5.7M        20M       3.3G

MemTotal:        4016004 kB
MemFree:          140044 kB
Active:           355792 kB
Mem:          3.8G       3.7G       136M       5.7M        20M       3.3G

MemTotal:        4016004 kB
MemFree:          121904 kB
Active:           355832 kB
Mem:          3.8G       3.7G       118M       5.7M        20M       3.3G

MemTotal:        4016004 kB
MemFree:          139144 kB
Active:           355748 kB
Mem:          3.8G       3.7G       136M       5.7M        20M       3.3G

MemTotal:        4016004 kB
MemFree:          123380 kB
Active:           355756 kB
Mem:          3.8G       3.7G       120M       5.7M        20M       3.3G

MemTotal:        4016004 kB
MemFree:          132544 kB
Active:           354244 kB
Mem:          3.8G       3.7G       128M       5.7M        20M       3.3G

MemTotal:        4016004 kB
MemFree:          131096 kB
Active:           354128 kB
Mem:          3.8G       3.7G       128M       5.7M        20M       3.3G

MemTotal:        4016004 kB
MemFree:          130044 kB
Active:           354232 kB
Mem:          3.8G       3.7G       126M       5.7M        20M       3.3G

MemTotal:        4016004 kB
MemFree:          128444 kB
Active:           354132 kB
Mem:          3.8G       3.7G       125M       5.7M        20M       3.3G

MemTotal:        4016004 kB
MemFree:          127704 kB
Active:           354260 kB
Mem:          3.8G       3.7G       124M       5.7M        20M       3.3G

MemTotal:        4016004 kB
MemFree:          105064 kB
Active:           354440 kB
Mem:          3.8G       3.7G       105M       5.7M        20M       3.3G

MemTotal:        4016004 kB
MemFree:          136824 kB
Active:           354592 kB
Mem:          3.8G       3.7G       132M       5.7M        20M       3.3G

MemTotal:        4016004 kB
MemFree:          138440 kB
Active:           353776 kB
Mem:          3.8G       3.7G       134M       5.7M        20M       3.3G

MemTotal:        4016004 kB
MemFree:          122896 kB
Active:           361196 kB
Mem:          3.8G       3.7G       119M       5.7M        27M       3.3G

MemTotal:        4016004 kB
MemFree:          118616 kB
Active:           360612 kB
Mem:          3.8G       3.7G       115M       5.7M        27M       3.3G

MemTotal:        4016004 kB
MemFree:          132380 kB
Active:           360588 kB
Mem:          3.8G       3.7G       129M       5.7M        27M       3.2G

MemTotal:        4016004 kB
MemFree:          108672 kB
Active:           362636 kB
Mem:          3.8G       3.7G       105M       5.7M        27M       3.3G

MemTotal:        4016004 kB
MemFree:          136184 kB
Active:           362636 kB
Mem:          3.8G       3.7G       132M       5.7M        27M       3.2G

MemTotal:        4016004 kB
MemFree:          151028 kB
Active:           362640 kB
Mem:          3.8G       3.7G       146M       5.7M        27M       3.2G

MemTotal:        4016004 kB
MemFree:          149996 kB
Active:           362656 kB
Mem:          3.8G       3.7G       146M       5.7M        27M       3.2G

MemTotal:        4016004 kB
MemFree:          147980 kB
Active:           362668 kB
Mem:          3.8G       3.7G       144M       5.7M        27M       3.2G

MemTotal:        4016004 kB
MemFree:          147148 kB
Active:           362620 kB
Mem:          3.8G       3.7G       143M       5.7M        27M       3.2G

MemTotal:        4016004 kB
MemFree:          146408 kB
Active:           362628 kB
Mem:          3.8G       3.7G       142M       5.7M        27M       3.2G

MemTotal:        4016004 kB
MemFree:          148604 kB
Active:           360076 kB
Mem:          3.8G       3.7G       144M       5.7M        27M       3.2G

MemTotal:        4016004 kB
MemFree:          124452 kB
Active:           360076 kB
Mem:          3.8G       3.7G       120M       5.7M        27M       3.3G

MemTotal:        4016004 kB
MemFree:          116164 kB
Active:           361236 kB
Mem:          3.8G       3.7G       112M       5.7M        27M       3.3G

MemTotal:        4016004 kB
MemFree:          115556 kB
Active:           361236 kB
Mem:          3.8G       3.7G       112M       5.7M        27M       3.3G

MemTotal:        4016004 kB
MemFree:          119844 kB
Active:           358384 kB
Mem:          3.8G       3.7G       117M       5.7M        27M       3.3G

MemTotal:        4016004 kB
MemFree:          119264 kB
Active:           358336 kB
Mem:          3.8G       3.7G       116M       5.7M        27M       3.3G

MemTotal:        4016004 kB
MemFree:          120980 kB
Active:           358392 kB
Mem:          3.8G       3.7G       132M       5.7M        27M       3.2G

MemTotal:        4016004 kB
MemFree:          135464 kB
Active:           358268 kB
Mem:          3.8G       3.7G       131M       5.7M        27M       3.2G

MemTotal:        4016004 kB
MemFree:          139816 kB
Active:           358156 kB
Mem:          3.8G       3.7G       136M       5.7M        27M       3.2G

MemTotal:        4016004 kB
MemFree:          139172 kB
Active:           358164 kB
Mem:          3.8G       3.7G       135M       5.7M        27M       3.2G

MemTotal:        4016004 kB
MemFree:          137868 kB
Active:           358164 kB
Mem:          3.8G       3.7G       134M       5.7M        27M       3.2G

MemTotal:        4016004 kB
MemFree:          135716 kB
Active:           358164 kB
Mem:          3.8G       3.7G       132M       5.7M        27M       3.2G

MemTotal:        4016004 kB
MemFree:          135048 kB
Active:           358168 kB
Mem:          3.8G       3.7G       131M       5.7M        27M       3.2G

MemTotal:        4016004 kB
MemFree:          130808 kB
Active:           358176 kB
Mem:          3.8G       3.7G       127M       5.7M        27M       3.2G

MemTotal:        4016004 kB
MemFree:          140720 kB
Active:           354620 kB
Mem:          3.8G       3.7G       136M       5.7M        27M       3.2G

MemTotal:        4016004 kB
MemFree:          135892 kB
Active:           354620 kB
Mem:          3.8G       3.7G       132M       5.7M        27M       3.2G

MemTotal:        4016004 kB
MemFree:          118932 kB
Active:           354624 kB
Mem:          3.8G       3.7G       115M       5.7M        27M       3.3G

MemTotal:        4016004 kB
MemFree:          125756 kB
Active:           354632 kB
Mem:          3.8G       3.7G       122M       5.7M        27M       3.3G

MemTotal:        4016004 kB
MemFree:          130032 kB
Active:           354636 kB
Mem:          3.8G       3.7G       126M       5.7M        27M       3.2G

MemTotal:        4016004 kB
MemFree:          109060 kB
Active:           354648 kB
Mem:          3.8G       3.7G       105M       5.7M        27M       3.3G

MemTotal:        4016004 kB
MemFree:          138580 kB
Active:           354648 kB
Mem:          3.8G       3.7G       135M       5.7M        27M       3.2G

MemTotal:        4016004 kB
MemFree:          138048 kB
Active:           354672 kB
Mem:          3.8G       3.7G       134M       5.7M        27M       3.2G

MemTotal:        4016004 kB
MemFree:          137220 kB
Active:           354684 kB
Mem:          3.8G       3.7G       133M       5.7M        27M       3.2G

MemTotal:        4016004 kB
MemFree:          137596 kB
Active:           354648 kB
Mem:          3.8G       3.7G       133M       5.7M        27M       3.2G

MemTotal:        4016004 kB
MemFree:          120268 kB
Active:           354692 kB
Mem:          3.8G       3.7G       116M       5.7M        27M       3.3G

MemTotal:        4016004 kB
MemFree:          140952 kB
Active:           352672 kB
Mem:          3.8G       3.7G       137M       5.7M        27M       3.2G

MemTotal:        4016004 kB
MemFree:          140396 kB
Active:           352504 kB
Mem:          3.8G       3.7G       136M       5.7M        27M       3.2G

MemTotal:        4016004 kB
MemFree:          150932 kB
Active:           352504 kB
Mem:          3.8G       3.7G       147M       5.7M        27M       3.2G

MemTotal:        4016004 kB
MemFree:          144908 kB
Active:           352516 kB
Mem:          3.8G       3.7G       141M       5.7M        27M       3.2G

MemTotal:        4016004 kB
MemFree:          123272 kB
Active:           352516 kB
Mem:          3.8G       3.7G       120M       5.7M        27M       3.3G

MemTotal:        4016004 kB
MemFree:          141216 kB
Active:           352520 kB
Mem:          3.8G       3.7G       137M       5.7M        27M       3.2G

MemTotal:        4016004 kB
MemFree:          136192 kB
Active:           352532 kB
Mem:          3.8G       3.7G       132M       5.7M        27M       3.2G

MemTotal:        4016004 kB
MemFree:          143112 kB
Active:           352536 kB
Mem:          3.8G       3.7G       139M       5.7M        27M       3.2G

MemTotal:        4016004 kB
MemFree:          143820 kB
Active:           352548 kB
Mem:          3.8G       3.7G       140M       5.7M        27M       3.2G

MemTotal:        4016004 kB
MemFree:          144568 kB
Active:           352548 kB
Mem:          3.8G       3.7G       140M       5.7M        27M       3.2G

MemTotal:        4016004 kB
MemFree:          142588 kB
Active:           352556 kB
Mem:          3.8G       3.7G       139M       5.7M        27M       3.2G

MemTotal:        4016004 kB
MemFree:          140048 kB
Active:           352556 kB
Mem:          3.8G       3.7G       136M       5.7M        27M       3.2G

MemTotal:        4016004 kB
MemFree:          139664 kB
Active:           350216 kB
Mem:          3.8G       3.7G       135M       5.7M        27M       3.2G

MemTotal:        4016004 kB
MemFree:          119464 kB
Active:           350224 kB
Mem:          3.8G       3.7G       116M       5.7M        27M       3.3G

MemTotal:        4016004 kB
MemFree:          133808 kB
Active:           350224 kB
Mem:          3.8G       3.7G       129M       5.7M        27M       3.2G

MemTotal:        4016004 kB
MemFree:          145648 kB
Active:           350224 kB
Mem:          3.8G       3.7G       141M       5.7M        27M       3.2G

MemTotal:        4016004 kB
MemFree:          139988 kB
Active:           350224 kB
Mem:          3.8G       3.7G       136M       5.7M        27M       3.2G

MemTotal:        4016004 kB
MemFree:          134288 kB
Active:           352260 kB
Mem:          3.8G       3.7G       130M       5.7M        27M       3.2G

MemTotal:        4016004 kB
MemFree:          116280 kB
Active:           351500 kB
Mem:          3.8G       3.7G       113M       5.7M        27M       3.3G

MemTotal:        4016004 kB
MemFree:          123420 kB
Active:           351504 kB
Mem:          3.8G       3.7G       120M       5.7M        27M       3.2G

MemTotal:        4016004 kB
MemFree:          126096 kB
Active:           351376 kB
Mem:          3.8G       3.7G       123M       5.7M        27M       3.2G

MemTotal:        4016004 kB
MemFree:          125096 kB
Active:           351388 kB
Mem:          3.8G       3.7G       121M       5.7M        27M       3.2G

MemTotal:        4016004 kB
MemFree:          124240 kB
Active:           351360 kB
Mem:          3.8G       3.7G       120M       5.7M        27M       3.2G

MemTotal:        4016004 kB
MemFree:          123128 kB
Active:           351392 kB
Mem:          3.8G       3.7G       119M       5.7M        27M       3.2G

MemTotal:        4016004 kB
MemFree:          104804 kB
Active:           351400 kB
Mem:          3.8G       3.7G       114M       5.7M        27M       3.3G

MemTotal:        4016004 kB
MemFree:          126496 kB
Active:           350420 kB
Mem:          3.8G       3.7G       123M       5.7M        27M       3.2G

MemTotal:        4016004 kB
MemFree:          132328 kB
Active:           350420 kB
Mem:          3.8G       3.7G       128M       5.7M        27M       3.2G

MemTotal:        4016004 kB
MemFree:          143340 kB
Active:           350420 kB
Mem:          3.8G       3.7G       139M       5.7M        27M       3.2G

MemTotal:        4016004 kB
MemFree:          141420 kB
Active:           350388 kB
Mem:          3.8G       3.7G       137M       5.7M        27M       3.2G

MemTotal:        4016004 kB
MemFree:          135120 kB
Active:           350440 kB
Mem:          3.8G       3.7G       131M       5.7M        27M       3.2G

MemTotal:        4016004 kB
MemFree:          117884 kB
Active:           350440 kB
Mem:          3.8G       3.7G       115M       5.7M        27M       3.3G

MemTotal:        4016004 kB
MemFree:          128600 kB
Active:           350440 kB
Mem:          3.8G       3.7G       125M       5.7M        27M       3.2G

MemTotal:        4016004 kB
MemFree:          127292 kB
Active:           350452 kB
Mem:          3.8G       3.7G       123M       5.7M        27M       3.2G

MemTotal:        4016004 kB
MemFree:          126240 kB
Active:           350456 kB
Mem:          3.8G       3.7G       122M       5.7M        27M       3.2G

MemTotal:        4016004 kB
MemFree:          125748 kB
Active:           350460 kB
Mem:          3.8G       3.7G       122M       5.7M        27M       3.2G

MemTotal:        4016004 kB
MemFree:          119784 kB
Active:           350428 kB
Mem:          3.8G       3.7G       116M       5.7M        27M       3.3G

MemTotal:        4016004 kB
MemFree:          127572 kB
Active:           350468 kB
Mem:          3.8G       3.7G       123M       5.7M        27M       3.2G

MemTotal:        4016004 kB
MemFree:          121228 kB
Active:           350392 kB
Mem:          3.8G       3.7G       118M       5.7M        27M       3.2G

MemTotal:        4016004 kB
MemFree:          134212 kB
Active:           350396 kB
Mem:          3.8G       3.7G       130M       5.7M        27M       3.2G

MemTotal:        4016004 kB
MemFree:          127132 kB
Active:           350088 kB
Mem:          3.8G       3.7G       124M       5.7M        27M       3.2G

MemTotal:        4016004 kB
MemFree:          127132 kB
Active:           350064 kB
Mem:          3.8G       3.7G       123M       5.7M        27M       3.2G

MemTotal:        4016004 kB
MemFree:          127256 kB
Active:           350072 kB
Mem:          3.8G       3.7G       124M       5.7M        27M       3.2G

MemTotal:        4016004 kB
MemFree:          126884 kB
Active:           350096 kB
Mem:          3.8G       3.7G       124M       5.7M        27M       3.2G

MemTotal:        4016004 kB
MemFree:          126760 kB
Active:           350096 kB
Mem:          3.8G       3.7G       123M       5.7M        27M       3.2G

MemTotal:        4016004 kB
MemFree:          126916 kB
Active:           350096 kB
Mem:          3.8G       3.7G       123M       5.7M        27M       3.2G

MemTotal:        4016004 kB
MemFree:          126452 kB
Active:           350112 kB
Mem:          3.8G       3.7G       123M       5.7M        27M       3.2G

MemTotal:        4016004 kB
MemFree:          126456 kB
Active:           350112 kB
Mem:          3.8G       3.7G       123M       5.7M        27M       3.2G

MemTotal:        4016004 kB
MemFree:          126772 kB
Active:           350112 kB
Mem:          3.8G       3.7G       123M       5.7M        27M       3.2G

MemTotal:        4016004 kB
MemFree:          127052 kB
Active:           350112 kB
Mem:          3.8G       3.7G       123M       5.7M        27M       3.2G

MemTotal:        4016004 kB
MemFree:          127052 kB
Active:           350072 kB
Mem:          3.8G       3.7G       123M       5.7M        27M       3.2G

MemTotal:        4016004 kB
MemFree:          126680 kB
Active:           350124 kB
Mem:          3.8G       3.7G       123M       5.7M        27M       3.2G

MemTotal:        4016004 kB
MemFree:          127300 kB
Active:           350104 kB
Mem:          3.8G       3.7G       124M       5.7M        27M       3.2G

MemTotal:        4016004 kB
MemFree:          127224 kB
Active:           349952 kB
Mem:          3.8G       3.7G       124M       5.7M        27M       3.2G

MemTotal:        4016004 kB
MemFree:          126852 kB
Active:           349908 kB
Mem:          3.8G       3.7G       123M       5.7M        27M       3.2G

MemTotal:        4016004 kB
MemFree:          126356 kB
Active:           349936 kB
Mem:          3.8G       3.7G       123M       5.7M        27M       3.2G

MemTotal:        4016004 kB
MemFree:          126488 kB
Active:           349920 kB
Mem:          3.8G       3.7G       123M       5.7M        27M       3.2G

MemTotal:        4016004 kB
MemFree:          126384 kB
Active:           349956 kB
Mem:          3.8G       3.7G       123M       5.7M        27M       3.2G

MemTotal:        4016004 kB
MemFree:          124584 kB
Active:           349932 kB
Mem:          3.8G       3.7G       121M       5.7M        27M       3.2G

MemTotal:        4016004 kB
MemFree:          124088 kB
Active:           351984 kB
Mem:          3.8G       3.7G       121M       5.7M        27M       3.2G

MemTotal:        4016004 kB
MemFree:          124460 kB
Active:           351984 kB
Mem:          3.8G       3.7G       121M       5.7M        27M       3.2G

MemTotal:        4016004 kB
MemFree:          124212 kB
Active:           351972 kB
Mem:          3.8G       3.7G       121M       5.7M        27M       3.2G

MemTotal:        4016004 kB
MemFree:          124336 kB
Active:           351960 kB
Mem:          3.8G       3.7G       121M       5.7M        27M       3.2G

MemTotal:        4016004 kB
MemFree:          124336 kB
Active:           352000 kB
Mem:          3.8G       3.7G       121M       5.7M        27M       3.2G

MemTotal:        4016004 kB
MemFree:          124336 kB
Active:           351960 kB
Mem:          3.8G       3.7G       121M       5.7M        27M       3.2G

MemTotal:        4016004 kB
MemFree:          124460 kB
Active:           351968 kB
Mem:          3.8G       3.7G       121M       5.7M        27M       3.2G

MemTotal:        4016004 kB
MemFree:          124460 kB
Active:           351976 kB
Mem:          3.8G       3.7G       121M       5.7M        27M       3.2G

MemTotal:        4016004 kB
MemFree:          124336 kB
Active:           351968 kB
Mem:          3.8G       3.7G       121M       5.7M        27M       3.2G

MemTotal:        4016004 kB
MemFree:          124212 kB
Active:           351976 kB
Mem:          3.8G       3.7G       121M       5.7M        27M       3.2G

MemTotal:        4016004 kB
MemFree:          124336 kB
Active:           351988 kB
Mem:          3.8G       3.7G       121M       5.7M        27M       3.2G

MemTotal:        4016004 kB
MemFree:          124088 kB
Active:           352008 kB
Mem:          3.8G       3.7G       121M       5.7M        27M       3.2G

MemTotal:        4016004 kB
MemFree:          123964 kB
Active:           352012 kB
Mem:          3.8G       3.7G       121M       5.7M        27M       3.2G

MemTotal:        4016004 kB
MemFree:          123964 kB
Active:           351976 kB
Mem:          3.8G       3.7G       121M       5.7M        27M       3.2G

MemTotal:        4016004 kB
MemFree:          124088 kB
Active:           352004 kB
Mem:          3.8G       3.7G       121M       5.7M        27M       3.2G

MemTotal:        4016004 kB
MemFree:          123592 kB
Active:           352016 kB
Mem:          3.8G       3.7G       120M       5.7M        27M       3.2G

MemTotal:        4016004 kB
MemFree:          124088 kB
Active:           351976 kB
Mem:          3.8G       3.7G       121M       5.7M        27M       3.2G

MemTotal:        4016004 kB
MemFree:          124212 kB
Active:           352000 kB
Mem:          3.8G       3.7G       121M       5.7M        27M       3.2G

MemTotal:        4016004 kB
MemFree:          123840 kB
Active:           352032 kB
Mem:          3.8G       3.7G       121M       5.7M        27M       3.2G

MemTotal:        4016004 kB
MemFree:          124212 kB
Active:           351976 kB
Mem:          3.8G       3.7G       121M       5.7M        27M       3.2G

MemTotal:        4016004 kB
MemFree:          124088 kB
Active:           351980 kB
Mem:          3.8G       3.7G       121M       5.7M        27M       3.2G

MemTotal:        4016004 kB
MemFree:          124460 kB
Active:           351992 kB
Mem:          3.8G       3.7G       121M       5.7M        27M       3.2G

MemTotal:        4016004 kB
MemFree:          124460 kB
Active:           352032 kB
Mem:          3.8G       3.7G       121M       5.7M        27M       3.2G

MemTotal:        4016004 kB
MemFree:          124460 kB
Active:           352020 kB
Mem:          3.8G       3.7G       121M       5.7M        27M       3.2G

MemTotal:        4016004 kB
MemFree:          124460 kB
Active:           352000 kB
Mem:          3.8G       3.7G       121M       5.7M        27M       3.2G

MemTotal:        4016004 kB
MemFree:          124336 kB
Active:           351996 kB
Mem:          3.8G       3.7G       121M       5.7M        27M       3.2G

MemTotal:        4016004 kB
MemFree:          124460 kB
Active:           351988 kB
Mem:          3.8G       3.7G       121M       5.7M        27M       3.2G

MemTotal:        4016004 kB
MemFree:          124708 kB
Active:           352052 kB
Mem:          3.8G       3.7G       121M       5.7M        27M       3.2G

MemTotal:        4016004 kB
MemFree:          124880 kB
Active:           352024 kB
Mem:          3.8G       3.7G       121M       5.7M        27M       3.2G

MemTotal:        4016004 kB
MemFree:          124756 kB
Active:           352044 kB
Mem:          3.8G       3.7G       121M       5.7M        27M       3.2G

MemTotal:        4016004 kB
MemFree:          124880 kB
Active:           352008 kB
Mem:          3.8G       3.7G       121M       5.7M        27M       3.2G

MemTotal:        4016004 kB
MemFree:          124880 kB
Active:           352028 kB
Mem:          3.8G       3.7G       121M       5.7M        27M       3.2G

MemTotal:        4016004 kB
MemFree:          124632 kB
Active:           352048 kB
Mem:          3.8G       3.7G       121M       5.7M        27M       3.2G

MemTotal:        4016004 kB
MemFree:          124632 kB
Active:           352016 kB
Mem:          3.8G       3.7G       121M       5.7M        27M       3.2G

MemTotal:        4016004 kB
MemFree:          124508 kB
Active:           352020 kB
Mem:          3.8G       3.7G       121M       5.7M        27M       3.2G

MemTotal:        4016004 kB
MemFree:          124508 kB
Active:           352068 kB
Mem:          3.8G       3.7G       121M       5.7M        27M       3.2G

MemTotal:        4016004 kB
MemFree:          124632 kB
Active:           352048 kB
Mem:          3.8G       3.7G       121M       5.7M        27M       3.2G

MemTotal:        4016004 kB
MemFree:          124632 kB
Active:           352016 kB
Mem:          3.8G       3.7G       121M       5.7M        27M       3.2G

MemTotal:        4016004 kB
MemFree:          124508 kB
Active:           352060 kB
Mem:          3.8G       3.7G       121M       5.7M        27M       3.2G

MemTotal:        4016004 kB
MemFree:          124260 kB
Active:           352032 kB
Mem:          3.8G       3.7G       121M       5.7M        27M       3.2G

MemTotal:        4016004 kB
MemFree:          124260 kB
Active:           352052 kB
Mem:          3.8G       3.7G       121M       5.7M        27M       3.2G

MemTotal:        4016004 kB
MemFree:          124508 kB
Active:           352072 kB
Mem:          3.8G       3.7G       121M       5.7M        27M       3.2G

MemTotal:        4016004 kB
MemFree:          124508 kB
Active:           352024 kB
Mem:          3.8G       3.7G       121M       5.7M        27M       3.2G

MemTotal:        4016004 kB
MemFree:          124136 kB
Active:           352080 kB
Mem:          3.8G       3.7G       121M       5.7M        27M       3.2G

MemTotal:        4016004 kB
MemFree:          124632 kB
Active:           352064 kB
Mem:          3.8G       3.7G       121M       5.7M        27M       3.2G

MemTotal:        4016004 kB
MemFree:          124508 kB
Active:           352036 kB
Mem:          3.8G       3.7G       121M       5.7M        27M       3.2G

MemTotal:        4016004 kB
MemFree:          124260 kB
Active:           352068 kB
Mem:          3.8G       3.7G       121M       5.7M        27M       3.2G

MemTotal:        4016004 kB
MemFree:          124260 kB
Active:           352028 kB
Mem:          3.8G       3.7G       121M       5.7M        27M       3.2G

MemTotal:        4016004 kB
MemFree:          124136 kB
Active:           352068 kB
Mem:          3.8G       3.7G       121M       5.7M        27M       3.2G

MemTotal:        4016004 kB
MemFree:          124136 kB
Active:           352076 kB
Mem:          3.8G       3.7G       121M       5.7M        27M       3.2G

MemTotal:        4016004 kB
MemFree:          123780 kB
Active:           352088 kB
Mem:          3.8G       3.7G       121M       5.7M        27M       3.2G

MemTotal:        4016004 kB
MemFree:          124028 kB
Active:           352044 kB
Mem:          3.8G       3.7G       121M       5.7M        27M       3.2G

MemTotal:        4016004 kB
MemFree:          124028 kB
Active:           352068 kB
Mem:          3.8G       3.7G       121M       5.7M        27M       3.2G

MemTotal:        4016004 kB
MemFree:          123904 kB
Active:           352048 kB
Mem:          3.8G       3.7G       120M       5.7M        27M       3.2G

MemTotal:        4016004 kB
MemFree:          123532 kB
Active:           352100 kB
Mem:          3.8G       3.7G       120M       5.7M        27M       3.2G

MemTotal:        4016004 kB
MemFree:          123780 kB
Active:           352084 kB
Mem:          3.8G       3.7G       120M       5.7M        27M       3.2G

MemTotal:        4016004 kB
MemFree:          123532 kB
Active:           352052 kB
Mem:          3.8G       3.7G       120M       5.7M        27M       3.2G

MemTotal:        4016004 kB
MemFree:          123656 kB
Active:           352092 kB
Mem:          3.8G       3.7G       120M       5.7M        27M       3.2G

MemTotal:        4016004 kB
MemFree:          123780 kB
Active:           352084 kB
Mem:          3.8G       3.7G       120M       5.7M        27M       3.2G

MemTotal:        4016004 kB
MemFree:          123408 kB
Active:           352100 kB
Mem:          3.8G       3.7G       120M       5.7M        27M       3.2G

MemTotal:        4016004 kB
MemFree:          123656 kB
Active:           352060 kB
Mem:          3.8G       3.7G       120M       5.7M        27M       3.2G

MemTotal:        4016004 kB
MemFree:          123780 kB
Active:           352080 kB
Mem:          3.8G       3.7G       121M       5.7M        27M       3.2G

MemTotal:        4016004 kB
MemFree:          124276 kB
Active:           352104 kB
Mem:          3.8G       3.7G       121M       5.7M        27M       3.2G

MemTotal:        4016004 kB
MemFree:          124276 kB
Active:           352072 kB
Mem:          3.8G       3.7G       121M       5.7M        27M       3.2G

MemTotal:        4016004 kB
MemFree:          124152 kB
Active:           352104 kB
Mem:          3.8G       3.7G       121M       5.7M        27M       3.2G

MemTotal:        4016004 kB
MemFree:          124152 kB
Active:           352048 kB
Mem:          3.8G       3.7G       121M       5.7M        27M       3.2G

MemTotal:        4016004 kB
MemFree:          124276 kB
Active:           352064 kB
Mem:          3.8G       3.7G       121M       5.7M        27M       3.2G

MemTotal:        4016004 kB
MemFree:          123904 kB
Active:           352112 kB
Mem:          3.8G       3.7G       121M       5.7M        27M       3.2G

MemTotal:        4016004 kB
MemFree:          124152 kB
Active:           352072 kB
Mem:          3.8G       3.7G       121M       5.7M        27M       3.2G

MemTotal:        4016004 kB
MemFree:          124028 kB
Active:           352096 kB
Mem:          3.8G       3.7G       121M       5.7M        27M       3.2G

MemTotal:        4016004 kB
MemFree:          124028 kB
Active:           352088 kB
Mem:          3.8G       3.7G       121M       5.7M        27M       3.2G

MemTotal:        4016004 kB
MemFree:          124372 kB
Active:           352060 kB
Mem:          3.8G       3.7G       121M       5.7M        27M       3.2G

MemTotal:        4016004 kB
MemFree:          124620 kB
Active:           352092 kB
Mem:          3.8G       3.7G       121M       5.7M        27M       3.2G

MemTotal:        4016004 kB
MemFree:          123876 kB
Active:           352100 kB
Mem:          3.8G       3.7G       121M       5.7M        27M       3.2G

MemTotal:        4016004 kB
MemFree:          123876 kB
Active:           352096 kB
Mem:          3.8G       3.7G       120M       5.7M        27M       3.2G

MemTotal:        4016004 kB
MemFree:          123876 kB
Active:           352096 kB
Mem:          3.8G       3.7G       121M       5.7M        27M       3.2G

MemTotal:        4016004 kB
MemFree:          123752 kB
Active:           352096 kB
Mem:          3.8G       3.7G       120M       5.7M        27M       3.2G

MemTotal:        4016004 kB
MemFree:          123504 kB
Active:           352116 kB
Mem:          3.8G       3.7G       120M       5.7M        27M       3.2G

MemTotal:        4016004 kB
MemFree:          123752 kB
Active:           352116 kB
Mem:          3.8G       3.7G       120M       5.7M        27M       3.2G

MemTotal:        4016004 kB
MemFree:          124496 kB
Active:           352088 kB
Mem:          3.8G       3.7G       121M       5.7M        27M       3.2G

MemTotal:        4016004 kB
MemFree:          124124 kB
Active:           352124 kB
Mem:          3.8G       3.7G       121M       5.7M        27M       3.2G

MemTotal:        4016004 kB
MemFree:          124496 kB
Active:           352080 kB
Mem:          3.8G       3.7G       121M       5.7M        27M       3.2G

MemTotal:        4016004 kB
MemFree:          124620 kB
Active:           352080 kB
Mem:          3.8G       3.7G       121M       5.7M        27M       3.2G

MemTotal:        4016004 kB
MemFree:          124620 kB
Active:           352100 kB
Mem:          3.8G       3.7G       121M       5.7M        27M       3.2G

MemTotal:        4016004 kB
MemFree:          124620 kB
Active:           352112 kB
Mem:          3.8G       3.7G       121M       5.7M        27M       3.2G

MemTotal:        4016004 kB
MemFree:          124620 kB
Active:           352124 kB
Mem:          3.8G       3.7G       121M       5.7M        27M       3.2G

MemTotal:        4016004 kB
MemFree:          124620 kB
Active:           352132 kB
Mem:          3.8G       3.7G       121M       5.7M        27M       3.2G

MemTotal:        4016004 kB
MemFree:          124372 kB
Active:           352112 kB
Mem:          3.8G       3.7G       121M       5.7M        27M       3.2G

MemTotal:        4016004 kB
MemFree:          124000 kB
Active:           352148 kB
Mem:          3.8G       3.7G       121M       5.7M        27M       3.2G

MemTotal:        4016004 kB
MemFree:          124248 kB
Active:           352112 kB
Mem:          3.8G       3.7G       121M       5.7M        27M       3.2G

MemTotal:        4016004 kB
MemFree:          123876 kB
Active:           352124 kB
Mem:          3.8G       3.7G       121M       5.7M        27M       3.2G

MemTotal:        4016004 kB
MemFree:          124000 kB
Active:           352140 kB
Mem:          3.8G       3.7G       121M       5.7M        27M       3.2G

MemTotal:        4016004 kB
MemFree:          124248 kB
Active:           352104 kB
Mem:          3.8G       3.7G       121M       5.7M        27M       3.2G

MemTotal:        4016004 kB
MemFree:          123876 kB
Active:           352160 kB
Mem:          3.8G       3.7G       121M       5.7M        27M       3.2G

MemTotal:        4016004 kB
MemFree:          123628 kB
Active:           352160 kB
Mem:          3.8G       3.7G       120M       5.7M        27M       3.2G

MemTotal:        4016004 kB
MemFree:          124000 kB
Active:           352116 kB
Mem:          3.8G       3.7G       121M       5.7M        27M       3.2G

MemTotal:        4016004 kB
MemFree:          123876 kB
Active:           352116 kB
Mem:          3.8G       3.7G       120M       5.7M        27M       3.2G

MemTotal:        4016004 kB
MemFree:          124000 kB
Active:           352120 kB
Mem:          3.8G       3.7G       121M       5.7M        27M       3.2G

MemTotal:        4016004 kB
MemFree:          124124 kB
Active:           352160 kB
Mem:          3.8G       3.7G       121M       5.7M        27M       3.2G

MemTotal:        4016004 kB
MemFree:          124124 kB
Active:           352112 kB
Mem:          3.8G       3.7G       121M       5.7M        27M       3.2G

MemTotal:        4016004 kB
MemFree:          124000 kB
Active:           352172 kB
Mem:          3.8G       3.7G       121M       5.7M        27M       3.2G

MemTotal:        4016004 kB
MemFree:          124248 kB
Active:           352116 kB
Mem:          3.8G       3.7G       121M       5.7M        27M       3.2G

MemTotal:        4016004 kB
MemFree:          124372 kB
Active:           352128 kB
Mem:          3.8G       3.7G       121M       5.7M        27M       3.2G

MemTotal:        4016004 kB
MemFree:          124372 kB
Active:           352140 kB
Mem:          3.8G       3.7G       121M       5.7M        27M       3.2G

MemTotal:        4016004 kB
MemFree:          124496 kB
Active:           352164 kB
Mem:          3.8G       3.7G       121M       5.7M        27M       3.2G

MemTotal:        4016004 kB
MemFree:          124620 kB
Active:           352148 kB
Mem:          3.8G       3.7G       121M       5.7M        27M       3.2G

MemTotal:        4016004 kB
MemFree:          124744 kB
Active:           352172 kB
Mem:          3.8G       3.7G       121M       5.7M        27M       3.2G

MemTotal:        4016004 kB
MemFree:          124868 kB
Active:           352132 kB
Mem:          3.8G       3.7G       121M       5.7M        27M       3.2G

MemTotal:        4016004 kB
MemFree:          124496 kB
Active:           352140 kB
Mem:          3.8G       3.7G       121M       5.7M        27M       3.2G

MemTotal:        4016004 kB
MemFree:          124124 kB
Active:           352184 kB
Mem:          3.8G       3.7G       121M       5.7M        27M       3.2G

MemTotal:        4016004 kB
MemFree:          124496 kB
Active:           352128 kB
Mem:          3.8G       3.7G       121M       5.7M        27M       3.2G

MemTotal:        4016004 kB
MemFree:          124496 kB
Active:           352180 kB
Mem:          3.8G       3.7G       121M       5.7M        27M       3.2G

MemTotal:        4016004 kB
MemFree:          124372 kB
Active:           352176 kB
Mem:          3.8G       3.7G       121M       5.7M        27M       3.2G

MemTotal:        4016004 kB
MemFree:          124620 kB
Active:           352140 kB
Mem:          3.8G       3.7G       121M       5.7M        27M       3.2G

MemTotal:        4016004 kB
MemFree:          124248 kB
Active:           352188 kB
Mem:          3.8G       3.7G       121M       5.7M        27M       3.2G

MemTotal:        4016004 kB
MemFree:          124372 kB
Active:           352176 kB
Mem:          3.8G       3.7G       121M       5.7M        27M       3.2G

MemTotal:        4016004 kB
MemFree:          124372 kB
Active:           352188 kB
Mem:          3.8G       3.7G       121M       5.7M        27M       3.2G

MemTotal:        4016004 kB
MemFree:          124496 kB
Active:           352156 kB
Mem:          3.8G       3.7G       121M       5.7M        27M       3.2G

MemTotal:        4016004 kB
MemFree:          124124 kB
Active:           352160 kB
Mem:          3.8G       3.7G       121M       5.7M        27M       3.2G

MemTotal:        4016004 kB
MemFree:          124248 kB
Active:           352152 kB
Mem:          3.8G       3.7G       121M       5.7M        27M       3.2G

MemTotal:        4016004 kB
MemFree:          124372 kB
Active:           352196 kB
Mem:          3.8G       3.7G       121M       5.7M        27M       3.2G

MemTotal:        4016004 kB
MemFree:          124372 kB
Active:           352188 kB
Mem:          3.8G       3.7G       121M       5.7M        27M       3.2G

MemTotal:        4016004 kB
MemFree:          124124 kB
Active:           352204 kB
Mem:          3.8G       3.7G       121M       5.7M        27M       3.2G

MemTotal:        4016004 kB
MemFree:          124372 kB
Active:           352156 kB
Mem:          3.8G       3.7G       121M       5.7M        27M       3.2G

MemTotal:        4016004 kB
MemFree:          124248 kB
Active:           352204 kB
Mem:          3.8G       3.7G       121M       5.7M        27M       3.2G

MemTotal:        4016004 kB
MemFree:          124496 kB
Active:           352204 kB
Mem:          3.8G       3.7G       121M       5.7M        27M       3.2G

MemTotal:        4016004 kB
MemFree:          124496 kB
Active:           352196 kB
Mem:          3.8G       3.7G       121M       5.7M        27M       3.2G

MemTotal:        4016004 kB
MemFree:          124496 kB
Active:           352200 kB
Mem:          3.8G       3.7G       121M       5.7M        27M       3.2G

MemTotal:        4016004 kB
MemFree:          124620 kB
Active:           352164 kB
Mem:          3.8G       3.7G       121M       5.7M        27M       3.2G

MemTotal:        4016004 kB
MemFree:          124620 kB
Active:           352204 kB
Mem:          3.8G       3.7G       121M       5.7M        27M       3.2G

MemTotal:        4016004 kB
MemFree:          124744 kB
Active:           352160 kB
Mem:          3.8G       3.7G       121M       5.7M        27M       3.2G

MemTotal:        4016004 kB
MemFree:          124744 kB
Active:           352200 kB
Mem:          3.8G       3.7G       121M       5.7M        27M       3.2G

MemTotal:        4016004 kB
MemFree:          124620 kB
Active:           352168 kB
Mem:          3.8G       3.7G       121M       5.7M        27M       3.2G

MemTotal:        4016004 kB
MemFree:          124744 kB
Active:           352180 kB
Mem:          3.8G       3.7G       121M       5.7M        27M       3.2G

MemTotal:        4016004 kB
MemFree:          124620 kB
Active:           352216 kB
Mem:          3.8G       3.7G       121M       5.7M        27M       3.2G

MemTotal:        4016004 kB
MemFree:          124124 kB
Active:           352216 kB
Mem:          3.8G       3.7G       121M       5.7M        27M       3.2G

MemTotal:        4016004 kB
MemFree:          124000 kB
Active:           352176 kB
Mem:          3.8G       3.7G       121M       5.7M        27M       3.2G

MemTotal:        4016004 kB
MemFree:          123876 kB
Active:           352200 kB
Mem:          3.8G       3.7G       121M       5.7M        27M       3.2G

MemTotal:        4016004 kB
MemFree:          123876 kB
Active:           352220 kB
Mem:          3.8G       3.7G       121M       5.7M        27M       3.2G

MemTotal:        4016004 kB
MemFree:          124000 kB
Active:           352232 kB
Mem:          3.8G       3.7G       120M       5.7M        27M       3.2G

MemTotal:        4016004 kB
MemFree:          124372 kB
Active:           352192 kB
Mem:          3.8G       3.7G       121M       5.7M        27M       3.2G

MemTotal:        4016004 kB
MemFree:          124372 kB
Active:           352216 kB
Mem:          3.8G       3.7G       121M       5.7M        27M       3.2G

MemTotal:        4016004 kB
MemFree:          124496 kB
Active:           352216 kB
Mem:          3.8G       3.7G       121M       5.7M        27M       3.2G

MemTotal:        4016004 kB
MemFree:          124496 kB
Active:           352204 kB
Mem:          3.8G       3.7G       121M       5.7M        27M       3.2G

MemTotal:        4016004 kB
MemFree:          124496 kB
Active:           352196 kB
Mem:          3.8G       3.7G       121M       5.7M        27M       3.2G

MemTotal:        4016004 kB
MemFree:          124496 kB
Active:           352200 kB
Mem:          3.8G       3.7G       121M       5.7M        27M       3.2G

MemTotal:        4016004 kB
MemFree:          124124 kB
Active:           352256 kB
Mem:          3.8G       3.7G       121M       5.7M        27M       3.2G

MemTotal:        4016004 kB
MemFree:          124496 kB
Active:           352228 kB
Mem:          3.8G       3.7G       121M       5.7M        27M       3.2G

MemTotal:        4016004 kB
MemFree:          124496 kB
Active:           352232 kB
Mem:          3.8G       3.7G       121M       5.7M        27M       3.2G

MemTotal:        4016004 kB
MemFree:          124620 kB
Active:           352228 kB
Mem:          3.8G       3.7G       121M       5.7M        27M       3.2G

MemTotal:        4016004 kB
MemFree:          124620 kB
Active:           352260 kB
Mem:          3.8G       3.7G       121M       5.7M        27M       3.2G

MemTotal:        4016004 kB
MemFree:          124372 kB
Active:           352220 kB
Mem:          3.8G       3.7G       121M       5.7M        27M       3.2G

MemTotal:        4016004 kB
MemFree:          124496 kB
Active:           352224 kB
Mem:          3.8G       3.7G       121M       5.7M        27M       3.2G

MemTotal:        4016004 kB
MemFree:          124124 kB
Active:           352280 kB
Mem:          3.8G       3.7G       121M       5.7M        27M       3.2G

MemTotal:        4016004 kB
MemFree:          124496 kB
Active:           352244 kB
Mem:          3.8G       3.7G       121M       5.7M        27M       3.2G

MemTotal:        4016004 kB
MemFree:          124496 kB
Active:           352236 kB
Mem:          3.8G       3.7G       121M       5.7M        27M       3.2G

MemTotal:        4016004 kB
MemFree:          124496 kB
Active:           352260 kB
Mem:          3.8G       3.7G       121M       5.7M        27M       3.2G

MemTotal:        4016004 kB
MemFree:          124000 kB
Active:           352284 kB
Mem:          3.8G       3.7G       120M       5.7M        27M       3.2G

MemTotal:        4016004 kB
MemFree:          123628 kB
Active:           352272 kB
Mem:          3.8G       3.7G       120M       5.7M        27M       3.2G

MemTotal:        4016004 kB
MemFree:          123504 kB
Active:           352276 kB
Mem:          3.8G       3.7G       120M       5.7M        27M       3.2G

MemTotal:        4016004 kB
MemFree:          123876 kB
Active:           352236 kB
Mem:          3.8G       3.7G       121M       5.7M        27M       3.2G

MemTotal:        4016004 kB
MemFree:          124124 kB
Active:           352248 kB
Mem:          3.8G       3.7G       121M       5.7M        27M       3.2G

MemTotal:        4016004 kB
MemFree:          124124 kB
Active:           352236 kB
Mem:          3.8G       3.7G       121M       5.7M        28M       3.2G

MemTotal:        4016004 kB
MemFree:          123752 kB
Active:           352376 kB
Mem:          3.8G       3.7G       120M       5.7M        28M       3.2G

MemTotal:        4016004 kB
MemFree:          123876 kB
Active:           352384 kB
Mem:          3.8G       3.7G       120M       5.7M        28M       3.2G

MemTotal:        4016004 kB
MemFree:          123364 kB
Active:           352452 kB
Mem:          3.8G       3.7G       120M       5.7M        28M       3.2G

