MemTotal:        4016004 kB
MemFree:         3187204 kB
Active:           471696 kB
Mem:          3.8G       809M       3.0G       5.7M        63M       327M

MemTotal:        4016004 kB
MemFree:         3186964 kB
Active:           471776 kB
Mem:          3.8G       809M       3.0G       5.7M        63M       327M

MemTotal:        4016004 kB
MemFree:         3186452 kB
Active:           471880 kB
Mem:          3.8G       809M       3.0G       5.7M        63M       327M

MemTotal:        4016004 kB
MemFree:         3187056 kB
Active:           471848 kB
Mem:          3.8G       809M       3.0G       5.7M        63M       327M

MemTotal:        4016004 kB
MemFree:         3186916 kB
Active:           471824 kB
Mem:          3.8G       809M       3.0G       5.7M        63M       327M

MemTotal:        4016004 kB
MemFree:         3187024 kB
Active:           471848 kB
Mem:          3.8G       809M       3.0G       5.7M        63M       327M

MemTotal:        4016004 kB
MemFree:         3186652 kB
Active:           471888 kB
Mem:          3.8G       809M       3.0G       5.7M        63M       327M

MemTotal:        4016004 kB
MemFree:         3186884 kB
Active:           471836 kB
Mem:          3.8G       809M       3.0G       5.7M        63M       327M

MemTotal:        4016004 kB
MemFree:         3187380 kB
Active:           471840 kB
Mem:          3.8G       809M       3.0G       5.7M        63M       327M

MemTotal:        4016004 kB
MemFree:         3187132 kB
Active:           471888 kB
Mem:          3.8G       809M       3.0G       5.7M        63M       327M

MemTotal:        4016004 kB
MemFree:         3187628 kB
Active:           471868 kB
Mem:          3.8G       809M       3.0G       5.7M        63M       327M

MemTotal:        4016004 kB
MemFree:         3187116 kB
Active:           471884 kB
Mem:          3.8G       809M       3.0G       5.7M        63M       327M

MemTotal:        4016004 kB
MemFree:         3187240 kB
Active:           471860 kB
Mem:          3.8G       809M       3.0G       5.7M        63M       327M

MemTotal:        4016004 kB
MemFree:         3186852 kB
Active:           471892 kB
Mem:          3.8G       809M       3.0G       5.7M        63M       327M

MemTotal:        4016004 kB
MemFree:         3187100 kB
Active:           471888 kB
Mem:          3.8G       809M       3.0G       5.7M        63M       327M

MemTotal:        4016004 kB
MemFree:         3187132 kB
Active:           471864 kB
Mem:          3.8G       809M       3.0G       5.7M        63M       327M

MemTotal:        4016004 kB
MemFree:         3186884 kB
Active:           471844 kB
Mem:          3.8G       809M       3.0G       5.7M        63M       327M

MemTotal:        4016004 kB
MemFree:         3187008 kB
Active:           471880 kB
Mem:          3.8G       809M       3.0G       5.7M        63M       327M

MemTotal:        4016004 kB
MemFree:         3187628 kB
Active:           471824 kB
Mem:          3.8G       809M       3.0G       5.7M        63M       327M

MemTotal:        4016004 kB
MemFree:         3188000 kB
Active:           471840 kB
Mem:          3.8G       808M       3.0G       5.7M        63M       327M

MemTotal:        4016004 kB
MemFree:         3187876 kB
Active:           471896 kB
Mem:          3.8G       808M       3.0G       5.7M        63M       327M

MemTotal:        4016004 kB
MemFree:         3187876 kB
Active:           471880 kB
Mem:          3.8G       808M       3.0G       5.7M        63M       327M

MemTotal:        4016004 kB
MemFree:         3187504 kB
Active:           471904 kB
Mem:          3.8G       808M       3.0G       5.7M        63M       327M

MemTotal:        4016004 kB
MemFree:         3187860 kB
Active:           471880 kB
Mem:          3.8G       808M       3.0G       5.7M        63M       327M

MemTotal:        4016004 kB
MemFree:         3187844 kB
Active:           471904 kB
Mem:          3.8G       808M       3.0G       5.7M        63M       327M

MemTotal:        4016004 kB
MemFree:         3187456 kB
Active:           471892 kB
Mem:          3.8G       809M       3.0G       5.7M        63M       327M

MemTotal:        4016004 kB
MemFree:         3187332 kB
Active:           471888 kB
Mem:          3.8G       809M       3.0G       5.7M        63M       327M

MemTotal:        4016004 kB
MemFree:         3187440 kB
Active:           471876 kB
Mem:          3.8G       809M       3.0G       5.7M        63M       327M

MemTotal:        4016004 kB
MemFree:         3187348 kB
Active:           471884 kB
Mem:          3.8G       809M       3.0G       5.7M        63M       327M

MemTotal:        4016004 kB
MemFree:         3187224 kB
Active:           471888 kB
Mem:          3.8G       809M       3.0G       5.7M        63M       327M

MemTotal:        4016004 kB
MemFree:         3186976 kB
Active:           471904 kB
Mem:          3.8G       809M       3.0G       5.7M        63M       327M

MemTotal:        4016004 kB
MemFree:         3187100 kB
Active:           471884 kB
Mem:          3.8G       809M       3.0G       5.7M        63M       327M

MemTotal:        4016004 kB
MemFree:         3187224 kB
Active:           471880 kB
Mem:          3.8G       809M       3.0G       5.7M        63M       327M

MemTotal:        4016004 kB
MemFree:         3186852 kB
Active:           471920 kB
Mem:          3.8G       809M       3.0G       5.7M        63M       327M

MemTotal:        4016004 kB
MemFree:         3186356 kB
Active:           471920 kB
Mem:          3.8G       810M       3.0G       5.7M        63M       327M

MemTotal:        4016004 kB
MemFree:         3186588 kB
Active:           471880 kB
Mem:          3.8G       809M       3.0G       5.7M        63M       327M

MemTotal:        4016004 kB
MemFree:         3186820 kB
Active:           471924 kB
Mem:          3.8G       809M       3.0G       5.7M        63M       327M

MemTotal:        4016004 kB
MemFree:         3186820 kB
Active:           471904 kB
Mem:          3.8G       809M       3.0G       5.7M        63M       327M

MemTotal:        4016004 kB
MemFree:         3186760 kB
Active:           471932 kB
Mem:          3.8G       809M       3.0G       5.7M        63M       327M

MemTotal:        4016004 kB
MemFree:         3186760 kB
Active:           471904 kB
Mem:          3.8G       809M       3.0G       5.7M        63M       327M

MemTotal:        4016004 kB
MemFree:         3186760 kB
Active:           471920 kB
Mem:          3.8G       809M       3.0G       5.7M        63M       327M

MemTotal:        4016004 kB
MemFree:         3186884 kB
Active:           471928 kB
Mem:          3.8G       809M       3.0G       5.7M        63M       327M

MemTotal:        4016004 kB
MemFree:         3186652 kB
Active:           471928 kB
Mem:          3.8G       809M       3.0G       5.7M        63M       327M

MemTotal:        4016004 kB
MemFree:         3186992 kB
Active:           471912 kB
Mem:          3.8G       809M       3.0G       5.7M        63M       327M

MemTotal:        4016004 kB
MemFree:         3186356 kB
Active:           471948 kB
Mem:          3.8G       809M       3.0G       5.7M        63M       327M

MemTotal:        4016004 kB
MemFree:         3187084 kB
Active:           471944 kB
Mem:          3.8G       809M       3.0G       5.7M        63M       327M

MemTotal:        4016004 kB
MemFree:         3187068 kB
Active:           471908 kB
Mem:          3.8G       809M       3.0G       5.7M        63M       327M

MemTotal:        4016004 kB
MemFree:         3187068 kB
Active:           471896 kB
Mem:          3.8G       809M       3.0G       5.7M        63M       327M

MemTotal:        4016004 kB
MemFree:         3187068 kB
Active:           471936 kB
Mem:          3.8G       809M       3.0G       5.7M        63M       327M

MemTotal:        4016004 kB
MemFree:         3187052 kB
Active:           471916 kB
Mem:          3.8G       809M       3.0G       5.7M        63M       327M

MemTotal:        4016004 kB
MemFree:         3187052 kB
Active:           471912 kB
Mem:          3.8G       809M       3.0G       5.7M        63M       327M

MemTotal:        4016004 kB
MemFree:         3187116 kB
Active:           471928 kB
Mem:          3.8G       809M       3.0G       5.7M        63M       327M

MemTotal:        4016004 kB
MemFree:         3187488 kB
Active:           471956 kB
Mem:          3.8G       809M       3.0G       5.7M        63M       327M

MemTotal:        4016004 kB
MemFree:         3187332 kB
Active:           471960 kB
Mem:          3.8G       809M       3.0G       5.7M        63M       327M

MemTotal:        4016004 kB
MemFree:         3187292 kB
Active:           470004 kB
Mem:          3.8G       809M       3.0G       5.7M        63M       327M

MemTotal:        4016004 kB
MemFree:         3187052 kB
Active:           471960 kB
Mem:          3.8G       809M       3.0G       5.7M        63M       327M

MemTotal:        4016004 kB
MemFree:         3187036 kB
Active:           471972 kB
Mem:          3.8G       809M       3.0G       5.7M        63M       327M

MemTotal:        4016004 kB
MemFree:         3186432 kB
Active:           471988 kB
Mem:          3.8G       809M       3.0G       5.7M        63M       327M

MemTotal:        4016004 kB
MemFree:         3186556 kB
Active:           471964 kB
Mem:          3.8G       810M       3.0G       5.7M        63M       327M

MemTotal:        4016004 kB
MemFree:         3186680 kB
Active:           471932 kB
Mem:          3.8G       809M       3.0G       5.7M        63M       327M

MemTotal:        4016004 kB
MemFree:         3186664 kB
Active:           471996 kB
Mem:          3.8G       810M       3.0G       5.7M        63M       327M

MemTotal:        4016004 kB
MemFree:         3186912 kB
Active:           471992 kB
Mem:          3.8G       809M       3.0G       5.7M        63M       327M

MemTotal:        4016004 kB
MemFree:         3186848 kB
Active:           471964 kB
Mem:          3.8G       810M       3.0G       5.7M        63M       327M

MemTotal:        4016004 kB
MemFree:         3186740 kB
Active:           472116 kB
Mem:          3.8G       809M       3.0G       5.7M        63M       327M

MemTotal:        4016004 kB
MemFree:         3184180 kB
Active:           471996 kB
Mem:          3.8G       812M       3.0G       5.7M        63M       327M

MemTotal:        4016004 kB
MemFree:         3184552 kB
Active:           474000 kB
Mem:          3.8G       811M       3.0G       5.7M        63M       327M

MemTotal:        4016004 kB
MemFree:         3184520 kB
Active:           474000 kB
Mem:          3.8G       812M       3.0G       5.7M        63M       327M

MemTotal:        4016004 kB
MemFree:         3184616 kB
Active:           473968 kB
Mem:          3.8G       811M       3.0G       5.7M        63M       327M

MemTotal:        4016004 kB
MemFree:         3184244 kB
Active:           474020 kB
Mem:          3.8G       811M       3.0G       5.7M        63M       327M

MemTotal:        4016004 kB
MemFree:         3184580 kB
Active:           474136 kB
Mem:          3.8G       811M       3.0G       5.7M        63M       327M

MemTotal:        4016004 kB
MemFree:         3184704 kB
Active:           474160 kB
Mem:          3.8G       811M       3.0G       5.7M        63M       327M

MemTotal:        4016004 kB
MemFree:         3184456 kB
Active:           474060 kB
Mem:          3.8G       811M       3.0G       5.7M        63M       327M

MemTotal:        4016004 kB
MemFree:         3184580 kB
Active:           474112 kB
Mem:          3.8G       811M       3.0G       5.7M        63M       327M

MemTotal:        4016004 kB
MemFree:         3184476 kB
Active:           474024 kB
Mem:          3.8G       811M       3.0G       5.7M        63M       327M

MemTotal:        4016004 kB
MemFree:         3184848 kB
Active:           474100 kB
Mem:          3.8G       811M       3.0G       5.7M        63M       327M

MemTotal:        4016004 kB
MemFree:         3184956 kB
Active:           474024 kB
Mem:          3.8G       811M       3.0G       5.7M        63M       327M

MemTotal:        4016004 kB
MemFree:         3184552 kB
Active:           474112 kB
Mem:          3.8G       811M       3.0G       5.7M        63M       327M

MemTotal:        4016004 kB
MemFree:         3184816 kB
Active:           473988 kB
Mem:          3.8G       811M       3.0G       5.7M        63M       327M

MemTotal:        4016004 kB
MemFree:         3184692 kB
Active:           474012 kB
Mem:          3.8G       811M       3.0G       5.7M        63M       327M

MemTotal:        4016004 kB
MemFree:         3184468 kB
Active:           474176 kB
Mem:          3.8G       812M       3.0G       5.7M        63M       327M

MemTotal:        4016004 kB
MemFree:         3184800 kB
Active:           474008 kB
Mem:          3.8G       811M       3.0G       5.7M        63M       327M

MemTotal:        4016004 kB
MemFree:         3184164 kB
Active:           474036 kB
Mem:          3.8G       812M       3.0G       5.7M        63M       327M

MemTotal:        4016004 kB
MemFree:         3184396 kB
Active:           473992 kB
Mem:          3.8G       812M       3.0G       5.7M        63M       327M

MemTotal:        4016004 kB
MemFree:         3184240 kB
Active:           473888 kB
Mem:          3.8G       811M       3.0G       5.7M        63M       327M

MemTotal:        4016004 kB
MemFree:         3184680 kB
Active:           472080 kB
Mem:          3.8G       811M       3.0G       5.7M        63M       327M

MemTotal:        4016004 kB
MemFree:         3184748 kB
Active:           474148 kB
Mem:          3.8G       811M       3.0G       5.7M        63M       327M

MemTotal:        4016004 kB
MemFree:         3184764 kB
Active:           474020 kB
Mem:          3.8G       811M       3.0G       5.7M        63M       327M

MemTotal:        4016004 kB
MemFree:         3184580 kB
Active:           474000 kB
Mem:          3.8G       812M       3.0G       5.7M        63M       327M

MemTotal:        4016004 kB
MemFree:         3184812 kB
Active:           474044 kB
Mem:          3.8G       812M       3.0G       5.7M        63M       327M

MemTotal:        4016004 kB
MemFree:         3184640 kB
Active:           474124 kB
Mem:          3.8G       811M       3.0G       5.7M        63M       327M

MemTotal:        4016004 kB
MemFree:         3185184 kB
Active:           474184 kB
Mem:          3.8G       811M       3.0G       5.7M        63M       327M

MemTotal:        4016004 kB
MemFree:         3185400 kB
Active:           474164 kB
Mem:          3.8G       811M       3.0G       5.7M        63M       327M

MemTotal:        4016004 kB
MemFree:         3185028 kB
Active:           474156 kB
Mem:          3.8G       811M       3.0G       5.7M        63M       327M

MemTotal:        4016004 kB
MemFree:         3185260 kB
Active:           474020 kB
Mem:          3.8G       811M       3.0G       5.7M        63M       327M

MemTotal:        4016004 kB
MemFree:         3185116 kB
Active:           472000 kB
Mem:          3.8G       811M       3.0G       5.7M        63M       327M

MemTotal:        4016004 kB
MemFree:         3185132 kB
Active:           474024 kB
Mem:          3.8G       811M       3.0G       5.7M        63M       327M

MemTotal:        4016004 kB
MemFree:         3184296 kB
Active:           474064 kB
Mem:          3.8G       811M       3.0G       5.7M        63M       327M

MemTotal:        4016004 kB
MemFree:         3184760 kB
Active:           474044 kB
Mem:          3.8G       811M       3.0G       5.7M        63M       327M

MemTotal:        4016004 kB
MemFree:         3184760 kB
Active:           473924 kB
Mem:          3.8G       811M       3.0G       5.7M        63M       327M

MemTotal:        4016004 kB
MemFree:         3184404 kB
Active:           474184 kB
Mem:          3.8G       811M       3.0G       5.7M        63M       327M

MemTotal:        4016004 kB
MemFree:         3184024 kB
Active:           474548 kB
Mem:          3.8G       812M       3.0G       5.7M        63M       327M

MemTotal:        4016004 kB
MemFree:         3140888 kB
Active:           474636 kB
Mem:          3.8G       855M       3.0G       5.7M        63M       369M

MemTotal:        4016004 kB
MemFree:         3095160 kB
Active:           474660 kB
Mem:          3.8G       899M       3.0G       5.7M        63M       414M

MemTotal:        4016004 kB
MemFree:         3049572 kB
Active:           474660 kB
Mem:          3.8G       944M       2.9G       5.7M        63M       459M

MemTotal:        4016004 kB
MemFree:         3003084 kB
Active:           474668 kB
Mem:          3.8G       989M       2.9G       5.7M        63M       503M

MemTotal:        4016004 kB
MemFree:         2956240 kB
Active:           474668 kB
Mem:          3.8G       1.0G       2.8G       5.7M        63M       547M

MemTotal:        4016004 kB
MemFree:         2909504 kB
Active:           474668 kB
Mem:          3.8G       1.1G       2.8G       5.7M        63M       592M

MemTotal:        4016004 kB
MemFree:         2863280 kB
Active:           474680 kB
Mem:          3.8G       1.1G       2.7G       5.7M        63M       637M

MemTotal:        4016004 kB
MemFree:         2817312 kB
Active:           474696 kB
Mem:          3.8G       1.1G       2.7G       5.7M        63M       681M

MemTotal:        4016004 kB
MemFree:         2770952 kB
Active:           474664 kB
Mem:          3.8G       1.2G       2.6G       5.7M        63M       726M

MemTotal:        4016004 kB
MemFree:         2724616 kB
Active:           474708 kB
Mem:          3.8G       1.2G       2.6G       5.7M        63M       770M

MemTotal:        4016004 kB
MemFree:         2678520 kB
Active:           474676 kB
Mem:          3.8G       1.3G       2.6G       5.7M        63M       815M

MemTotal:        4016004 kB
MemFree:         2633156 kB
Active:           474720 kB
Mem:          3.8G       1.3G       2.5G       5.7M        63M       858M

MemTotal:        4016004 kB
MemFree:         2622236 kB
Active:           474732 kB
Mem:          3.8G       1.3G       2.5G       5.7M        63M       868M

MemTotal:        4016004 kB
MemFree:         2576616 kB
Active:           474732 kB
Mem:          3.8G       1.4G       2.5G       5.7M        63M       912M

MemTotal:        4016004 kB
MemFree:         2530488 kB
Active:           474724 kB
Mem:          3.8G       1.4G       2.4G       5.7M        63M       957M

MemTotal:        4016004 kB
MemFree:         2485588 kB
Active:           474692 kB
Mem:          3.8G       1.5G       2.4G       5.7M        63M       1.0G

MemTotal:        4016004 kB
MemFree:         2452760 kB
Active:           474748 kB
Mem:          3.8G       1.5G       2.3G       5.7M        63M       1.0G

MemTotal:        4016004 kB
MemFree:         2405760 kB
Active:           474732 kB
Mem:          3.8G       1.5G       2.3G       5.7M        63M       1.1G

MemTotal:        4016004 kB
MemFree:         2359272 kB
Active:           474752 kB
Mem:          3.8G       1.6G       2.2G       5.7M        63M       1.1G

MemTotal:        4016004 kB
MemFree:         2313048 kB
Active:           474696 kB
Mem:          3.8G       1.6G       2.2G       5.7M        63M       1.1G

MemTotal:        4016004 kB
MemFree:         2281036 kB
Active:           474752 kB
Mem:          3.8G       1.7G       2.2G       5.7M        63M       1.2G

MemTotal:        4016004 kB
MemFree:         2264048 kB
Active:           474772 kB
Mem:          3.8G       1.7G       2.2G       5.7M        63M       1.2G

MemTotal:        4016004 kB
MemFree:         2217452 kB
Active:           474772 kB
Mem:          3.8G       1.7G       2.1G       5.7M        63M       1.2G

MemTotal:        4016004 kB
MemFree:         2180164 kB
Active:           474904 kB
Mem:          3.8G       1.8G       2.1G       5.7M        63M       1.3G

MemTotal:        4016004 kB
MemFree:         2178148 kB
Active:           474920 kB
Mem:          3.8G       1.8G       2.1G       5.7M        63M       1.3G

MemTotal:        4016004 kB
MemFree:         2162304 kB
Active:           474936 kB
Mem:          3.8G       1.8G       2.1G       5.7M        63M       1.3G

MemTotal:        4016004 kB
MemFree:         2146044 kB
Active:           474924 kB
Mem:          3.8G       1.8G       2.0G       5.7M        63M       1.3G

MemTotal:        4016004 kB
MemFree:         2146080 kB
Active:           474936 kB
Mem:          3.8G       1.8G       2.0G       5.7M        63M       1.3G

MemTotal:        4016004 kB
MemFree:         2102864 kB
Active:           474940 kB
Mem:          3.8G       1.8G       2.0G       5.7M        63M       1.3G

MemTotal:        4016004 kB
MemFree:         2056872 kB
Active:           474940 kB
Mem:          3.8G       1.9G       2.0G       5.7M        63M       1.4G

MemTotal:        4016004 kB
MemFree:         2010756 kB
Active:           474944 kB
Mem:          3.8G       1.9G       1.9G       5.7M        63M       1.4G

MemTotal:        4016004 kB
MemFree:         1964532 kB
Active:           474924 kB
Mem:          3.8G       2.0G       1.9G       5.7M        63M       1.5G

MemTotal:        4016004 kB
MemFree:         1918168 kB
Active:           474940 kB
Mem:          3.8G       2.0G       1.8G       5.7M        63M       1.5G

MemTotal:        4016004 kB
MemFree:         1871820 kB
Active:           474924 kB
Mem:          3.8G       2.0G       1.8G       5.7M        63M       1.6G

MemTotal:        4016004 kB
MemFree:         1825408 kB
Active:           474956 kB
Mem:          3.8G       2.1G       1.7G       5.7M        63M       1.6G

MemTotal:        4016004 kB
MemFree:         1778688 kB
Active:           474960 kB
Mem:          3.8G       2.1G       1.7G       5.7M        63M       1.6G

MemTotal:        4016004 kB
MemFree:         1732356 kB
Active:           474968 kB
Mem:          3.8G       2.2G       1.7G       5.7M        63M       1.7G

MemTotal:        4016004 kB
MemFree:         1724360 kB
Active:           474984 kB
Mem:          3.8G       2.2G       1.6G       5.7M        63M       1.7G

MemTotal:        4016004 kB
MemFree:         1699328 kB
Active:           474996 kB
Mem:          3.8G       2.2G       1.6G       5.7M        63M       1.7G

MemTotal:        4016004 kB
MemFree:         1653124 kB
Active:           474996 kB
Mem:          3.8G       2.3G       1.6G       5.7M        63M       1.8G

MemTotal:        4016004 kB
MemFree:         1606812 kB
Active:           474996 kB
Mem:          3.8G       2.3G       1.5G       5.7M        63M       1.8G

MemTotal:        4016004 kB
MemFree:         1560296 kB
Active:           475004 kB
Mem:          3.8G       2.3G       1.5G       5.7M        63M       1.8G

MemTotal:        4016004 kB
MemFree:         1514784 kB
Active:           475008 kB
Mem:          3.8G       2.4G       1.4G       5.7M        63M       1.9G

MemTotal:        4016004 kB
MemFree:         1468464 kB
Active:           475016 kB
Mem:          3.8G       2.4G       1.4G       5.7M        63M       1.9G

MemTotal:        4016004 kB
MemFree:         1421248 kB
Active:           475024 kB
Mem:          3.8G       2.5G       1.4G       5.7M        63M       2.0G

MemTotal:        4016004 kB
MemFree:         1375136 kB
Active:           475004 kB
Mem:          3.8G       2.5G       1.3G       5.7M        63M       2.0G

MemTotal:        4016004 kB
MemFree:         1358304 kB
Active:           475024 kB
Mem:          3.8G       2.5G       1.3G       5.7M        63M       2.0G

MemTotal:        4016004 kB
MemFree:         1322672 kB
Active:           475032 kB
Mem:          3.8G       2.6G       1.3G       5.7M        63M       2.1G

MemTotal:        4016004 kB
MemFree:         1276852 kB
Active:           475028 kB
Mem:          3.8G       2.6G       1.2G       5.7M        63M       2.1G

MemTotal:        4016004 kB
MemFree:         1264444 kB
Active:           475036 kB
Mem:          3.8G       2.6G       1.2G       5.7M        63M       2.1G

MemTotal:        4016004 kB
MemFree:         1217664 kB
Active:           474980 kB
Mem:          3.8G       2.7G       1.2G       5.7M        63M       2.2G

MemTotal:        4016004 kB
MemFree:         1171692 kB
Active:           475020 kB
Mem:          3.8G       2.7G       1.1G       5.7M        63M       2.2G

MemTotal:        4016004 kB
MemFree:         1125644 kB
Active:           475044 kB
Mem:          3.8G       2.8G       1.1G       5.7M        63M       2.3G

MemTotal:        4016004 kB
MemFree:         1079408 kB
Active:           475048 kB
Mem:          3.8G       2.8G       1.0G       5.7M        63M       2.3G

MemTotal:        4016004 kB
MemFree:         1033416 kB
Active:           475048 kB
Mem:          3.8G       2.8G       1.0G       5.7M        63M       2.3G

MemTotal:        4016004 kB
MemFree:          986944 kB
Active:           475044 kB
Mem:          3.8G       2.9G       963M       5.7M        63M       2.4G

MemTotal:        4016004 kB
MemFree:          940704 kB
Active:           475040 kB
Mem:          3.8G       2.9G       917M       5.7M        63M       2.4G

MemTotal:        4016004 kB
MemFree:          894480 kB
Active:           475072 kB
Mem:          3.8G       3.0G       872M       5.7M        63M       2.5G

MemTotal:        4016004 kB
MemFree:          847840 kB
Active:           475020 kB
Mem:          3.8G       3.0G       827M       5.7M        63M       2.5G

MemTotal:        4016004 kB
MemFree:          800916 kB
Active:           475072 kB
Mem:          3.8G       3.1G       781M       5.7M        63M       2.6G

MemTotal:        4016004 kB
MemFree:          754632 kB
Active:           475076 kB
Mem:          3.8G       3.1G       736M       5.7M        63M       2.6G

MemTotal:        4016004 kB
MemFree:          740896 kB
Active:           475076 kB
Mem:          3.8G       3.1G       723M       5.7M        63M       2.6G

MemTotal:        4016004 kB
MemFree:          730936 kB
Active:           475112 kB
Mem:          3.8G       3.1G       713M       5.7M        63M       2.6G

MemTotal:        4016004 kB
MemFree:          684808 kB
Active:           475124 kB
Mem:          3.8G       3.2G       668M       5.7M        63M       2.7G

MemTotal:        4016004 kB
MemFree:          639564 kB
Active:           475124 kB
Mem:          3.8G       3.2G       624M       5.7M        63M       2.7G

MemTotal:        4016004 kB
MemFree:          592276 kB
Active:           475124 kB
Mem:          3.8G       3.3G       577M       5.7M        63M       2.8G

MemTotal:        4016004 kB
MemFree:          545804 kB
Active:           475128 kB
Mem:          3.8G       3.3G       532M       5.7M        63M       2.8G

MemTotal:        4016004 kB
MemFree:          499812 kB
Active:           475136 kB
Mem:          3.8G       3.4G       487M       5.7M        63M       2.8G

MemTotal:        4016004 kB
MemFree:          453464 kB
Active:           475128 kB
Mem:          3.8G       3.4G       442M       5.7M        63M       2.9G

MemTotal:        4016004 kB
MemFree:          407348 kB
Active:           475128 kB
Mem:          3.8G       3.4G       396M       5.7M        63M       2.9G

MemTotal:        4016004 kB
MemFree:          361276 kB
Active:           475140 kB
Mem:          3.8G       3.5G       351M       5.7M        63M       3.0G

MemTotal:        4016004 kB
MemFree:          314124 kB
Active:           475140 kB
Mem:          3.8G       3.5G       306M       5.7M        63M       3.0G

MemTotal:        4016004 kB
MemFree:          295620 kB
Active:           475156 kB
Mem:          3.8G       3.5G       288M       5.7M        63M       3.0G

MemTotal:        4016004 kB
MemFree:          269100 kB
Active:           475168 kB
Mem:          3.8G       3.6G       262M       5.7M        63M       3.1G

MemTotal:        4016004 kB
MemFree:          222240 kB
Active:           475136 kB
Mem:          3.8G       3.6G       216M       5.7M        63M       3.1G

MemTotal:        4016004 kB
MemFree:          206008 kB
Active:           475168 kB
Mem:          3.8G       3.6G       200M       5.7M        63M       3.1G

MemTotal:        4016004 kB
MemFree:          179764 kB
Active:           475008 kB
Mem:          3.8G       3.7G       174M       5.7M        63M       3.1G

MemTotal:        4016004 kB
MemFree:          142300 kB
Active:           475008 kB
Mem:          3.8G       3.7G       138M       5.7M        63M       3.2G

MemTotal:        4016004 kB
MemFree:          141684 kB
Active:           474996 kB
Mem:          3.8G       3.7G       137M       5.7M        63M       3.2G

MemTotal:        4016004 kB
MemFree:          127336 kB
Active:           474980 kB
Mem:          3.8G       3.7G       123M       5.7M        63M       3.2G

MemTotal:        4016004 kB
MemFree:          132480 kB
Active:           479196 kB
Mem:          3.8G       3.7G       126M       5.7M        30M       3.2G

MemTotal:        4016004 kB
MemFree:          124308 kB
Active:           488436 kB
Mem:          3.8G       3.7G       120M       5.7M        30M       3.2G

MemTotal:        4016004 kB
MemFree:          126816 kB
Active:           537060 kB
Mem:          3.8G       3.7G       123M       5.7M        30M       3.2G

MemTotal:        4016004 kB
MemFree:          105376 kB
Active:           533392 kB
Mem:          3.8G       3.7G       115M       5.7M        30M       3.2G

MemTotal:        4016004 kB
MemFree:          124996 kB
Active:           522876 kB
Mem:          3.8G       3.7G       121M       5.7M        30M       3.2G

MemTotal:        4016004 kB
MemFree:          105808 kB
Active:           520188 kB
Mem:          3.8G       3.7G       102M       5.7M        30M       3.2G

MemTotal:        4016004 kB
MemFree:          124036 kB
Active:           509768 kB
Mem:          3.8G       3.7G       120M       5.7M        30M       3.2G

MemTotal:        4016004 kB
MemFree:          112424 kB
Active:           507848 kB
Mem:          3.8G       3.7G       109M       5.7M        30M       3.2G

MemTotal:        4016004 kB
MemFree:          111416 kB
Active:           504808 kB
Mem:          3.8G       3.7G       108M       5.7M        30M       3.2G

MemTotal:        4016004 kB
MemFree:          124684 kB
Active:           499560 kB
Mem:          3.8G       3.7G       121M       5.7M        30M       3.2G

MemTotal:        4016004 kB
MemFree:          120856 kB
Active:           494824 kB
Mem:          3.8G       3.7G       117M       5.7M        30M       3.2G

MemTotal:        4016004 kB
MemFree:          109160 kB
Active:           491372 kB
Mem:          3.8G       3.7G       106M       5.7M        30M       3.2G

MemTotal:        4016004 kB
MemFree:          110336 kB
Active:           485612 kB
Mem:          3.8G       3.7G       107M       5.7M        30M       3.2G

MemTotal:        4016004 kB
MemFree:          128996 kB
Active:           483048 kB
Mem:          3.8G       3.7G       125M       5.7M        30M       3.2G

MemTotal:        4016004 kB
MemFree:          108328 kB
Active:           480256 kB
Mem:          3.8G       3.7G       104M       5.7M        30M       3.2G

MemTotal:        4016004 kB
MemFree:          131944 kB
Active:           475952 kB
Mem:          3.8G       3.7G       128M       5.7M        30M       3.2G

MemTotal:        4016004 kB
MemFree:          122068 kB
Active:           474800 kB
Mem:          3.8G       3.7G       118M       5.7M        30M       3.2G

MemTotal:        4016004 kB
MemFree:          130044 kB
Active:           473136 kB
Mem:          3.8G       3.7G       126M       5.7M        30M       3.2G

MemTotal:        4016004 kB
MemFree:          113444 kB
Active:           473128 kB
Mem:          3.8G       3.7G       110M       5.7M        30M       3.2G

MemTotal:        4016004 kB
MemFree:          115316 kB
Active:           471872 kB
Mem:          3.8G       3.7G       112M       5.7M        30M       3.2G

MemTotal:        4016004 kB
MemFree:          105048 kB
Active:           471884 kB
Mem:          3.8G       3.7G       102M       5.7M        30M       3.2G

MemTotal:        4016004 kB
MemFree:          134048 kB
Active:           470232 kB
Mem:          3.8G       3.7G       131M       5.7M        30M       3.2G

MemTotal:        4016004 kB
MemFree:          124928 kB
Active:           468952 kB
Mem:          3.8G       3.7G       120M       5.7M        30M       3.2G

MemTotal:        4016004 kB
MemFree:          141344 kB
Active:           466544 kB
Mem:          3.8G       3.7G       138M       5.7M        30M       3.2G

MemTotal:        4016004 kB
MemFree:          107152 kB
Active:           466540 kB
Mem:          3.8G       3.7G       104M       5.7M        30M       3.2G

MemTotal:        4016004 kB
MemFree:          122696 kB
Active:           464640 kB
Mem:          3.8G       3.7G       119M       5.7M        30M       3.2G

MemTotal:        4016004 kB
MemFree:          112060 kB
Active:           461508 kB
Mem:          3.8G       3.7G       109M       5.7M        30M       3.2G

MemTotal:        4016004 kB
MemFree:          124844 kB
Active:           459848 kB
Mem:          3.8G       3.7G       121M       5.7M        30M       3.2G

MemTotal:        4016004 kB
MemFree:          143572 kB
Active:           457672 kB
Mem:          3.8G       3.7G       139M       5.7M        30M       3.2G

MemTotal:        4016004 kB
MemFree:          133328 kB
Active:           456528 kB
Mem:          3.8G       3.7G       129M       5.7M        30M       3.2G

MemTotal:        4016004 kB
MemFree:          123520 kB
Active:           455248 kB
Mem:          3.8G       3.7G       119M       5.7M        30M       3.2G

MemTotal:        4016004 kB
MemFree:          124916 kB
Active:           453456 kB
Mem:          3.8G       3.7G       121M       5.7M        30M       3.2G

MemTotal:        4016004 kB
MemFree:          136980 kB
Active:           451792 kB
Mem:          3.8G       3.7G       133M       5.7M        30M       3.2G

MemTotal:        4016004 kB
MemFree:          133084 kB
Active:           451808 kB
Mem:          3.8G       3.7G       129M       5.7M        30M       3.2G

MemTotal:        4016004 kB
MemFree:          132824 kB
Active:           451816 kB
Mem:          3.8G       3.7G       129M       5.7M        30M       3.2G

MemTotal:        4016004 kB
MemFree:          132428 kB
Active:           451812 kB
Mem:          3.8G       3.7G       128M       5.7M        30M       3.2G

MemTotal:        4016004 kB
MemFree:          126652 kB
Active:           451768 kB
Mem:          3.8G       3.7G       122M       5.7M        30M       3.2G

MemTotal:        4016004 kB
MemFree:          114884 kB
Active:           450672 kB
Mem:          3.8G       3.7G       111M       5.7M        30M       3.2G

MemTotal:        4016004 kB
MemFree:          128164 kB
Active:           449012 kB
Mem:          3.8G       3.7G       124M       5.7M        30M       3.2G

MemTotal:        4016004 kB
MemFree:          125944 kB
Active:           445092 kB
Mem:          3.8G       3.7G       122M       5.7M        30M       3.2G

MemTotal:        4016004 kB
MemFree:          121896 kB
Active:           443432 kB
Mem:          3.8G       3.7G       118M       5.7M        30M       3.2G

MemTotal:        4016004 kB
MemFree:          127596 kB
Active:           441900 kB
Mem:          3.8G       3.7G       124M       5.7M        30M       3.2G

MemTotal:        4016004 kB
MemFree:          122556 kB
Active:           440236 kB
Mem:          3.8G       3.7G       119M       5.7M        30M       3.2G

MemTotal:        4016004 kB
MemFree:          124288 kB
Active:           438956 kB
Mem:          3.8G       3.7G       120M       5.7M        30M       3.2G

MemTotal:        4016004 kB
MemFree:          118764 kB
Active:           437300 kB
Mem:          3.8G       3.7G       115M       5.7M        30M       3.2G

MemTotal:        4016004 kB
MemFree:          126544 kB
Active:           435764 kB
Mem:          3.8G       3.7G       122M       5.7M        30M       3.2G

MemTotal:        4016004 kB
MemFree:          121284 kB
Active:           432152 kB
Mem:          3.8G       3.7G       118M       5.7M        30M       3.2G

MemTotal:        4016004 kB
MemFree:          134848 kB
Active:           430360 kB
Mem:          3.8G       3.7G       131M       5.7M        30M       3.2G

MemTotal:        4016004 kB
MemFree:          129584 kB
Active:           430244 kB
Mem:          3.8G       3.7G       126M       5.7M        30M       3.2G

MemTotal:        4016004 kB
MemFree:          129432 kB
Active:           430260 kB
Mem:          3.8G       3.7G       126M       5.7M        30M       3.2G

MemTotal:        4016004 kB
MemFree:          129496 kB
Active:           430252 kB
Mem:          3.8G       3.7G       126M       5.7M        30M       3.2G

MemTotal:        4016004 kB
MemFree:          127164 kB
Active:           430252 kB
Mem:          3.8G       3.7G       123M       5.7M        30M       3.2G

MemTotal:        4016004 kB
MemFree:          121212 kB
Active:           428732 kB
Mem:          3.8G       3.7G       118M       5.7M        30M       3.2G

MemTotal:        4016004 kB
MemFree:          125936 kB
Active:           425160 kB
Mem:          3.8G       3.7G       125M       5.7M        30M       3.2G

MemTotal:        4016004 kB
MemFree:          123284 kB
Active:           423504 kB
Mem:          3.8G       3.7G       120M       5.7M        30M       3.2G

MemTotal:        4016004 kB
MemFree:          126036 kB
Active:           422352 kB
Mem:          3.8G       3.7G       122M       5.7M        30M       3.2G

MemTotal:        4016004 kB
MemFree:          120720 kB
Active:           420692 kB
Mem:          3.8G       3.7G       117M       5.7M        30M       3.2G

MemTotal:        4016004 kB
MemFree:          109716 kB
Active:           417448 kB
Mem:          3.8G       3.7G       116M       5.7M        30M       3.2G

MemTotal:        4016004 kB
MemFree:          118684 kB
Active:           415656 kB
Mem:          3.8G       3.7G       115M       5.7M        30M       3.2G

MemTotal:        4016004 kB
MemFree:          134436 kB
Active:           414504 kB
Mem:          3.8G       3.7G       130M       5.7M        30M       3.2G

MemTotal:        4016004 kB
MemFree:          107404 kB
Active:           414504 kB
Mem:          3.8G       3.7G       104M       5.7M        30M       3.2G

MemTotal:        4016004 kB
MemFree:          109292 kB
Active:           412592 kB
Mem:          3.8G       3.7G       106M       5.7M        30M       3.2G

MemTotal:        4016004 kB
MemFree:          125312 kB
Active:           412084 kB
Mem:          3.8G       3.7G       121M       5.7M        30M       3.2G

MemTotal:        4016004 kB
MemFree:          125840 kB
Active:           410432 kB
Mem:          3.8G       3.7G       122M       5.7M        30M       3.2G

MemTotal:        4016004 kB
MemFree:          125984 kB
Active:           408512 kB
Mem:          3.8G       3.7G       122M       5.7M        30M       3.2G

MemTotal:        4016004 kB
MemFree:          122732 kB
Active:           408000 kB
Mem:          3.8G       3.7G       119M       5.7M        30M       3.2G

MemTotal:        4016004 kB
MemFree:          113232 kB
Active:           407116 kB
Mem:          3.8G       3.7G       110M       5.7M        30M       3.2G

MemTotal:        4016004 kB
MemFree:          126496 kB
Active:           405452 kB
Mem:          3.8G       3.7G       123M       5.7M        30M       3.2G

MemTotal:        4016004 kB
MemFree:          111164 kB
Active:           404176 kB
Mem:          3.8G       3.7G       107M       5.7M        30M       3.2G

MemTotal:        4016004 kB
MemFree:          123964 kB
Active:           402316 kB
Mem:          3.8G       3.7G       120M       5.7M        30M       3.2G

MemTotal:        4016004 kB
MemFree:          126284 kB
Active:           401684 kB
Mem:          3.8G       3.7G       122M       5.7M        30M       3.2G

MemTotal:        4016004 kB
MemFree:          111916 kB
Active:           401684 kB
Mem:          3.8G       3.7G       108M       5.7M        30M       3.2G

MemTotal:        4016004 kB
MemFree:          115588 kB
Active:           401440 kB
Mem:          3.8G       3.7G       112M       5.7M        30M       3.2G

MemTotal:        4016004 kB
MemFree:          136768 kB
Active:           401440 kB
Mem:          3.8G       3.7G       133M       5.7M        30M       3.2G

MemTotal:        4016004 kB
MemFree:          136912 kB
Active:           401416 kB
Mem:          3.8G       3.7G       133M       5.7M        30M       3.2G

MemTotal:        4016004 kB
MemFree:          129180 kB
Active:           401460 kB
Mem:          3.8G       3.7G       125M       5.7M        30M       3.2G

MemTotal:        4016004 kB
MemFree:          128440 kB
Active:           401436 kB
Mem:          3.8G       3.7G       124M       5.7M        30M       3.2G

MemTotal:        4016004 kB
MemFree:          128568 kB
Active:           401448 kB
Mem:          3.8G       3.7G       125M       5.7M        30M       3.2G

MemTotal:        4016004 kB
MemFree:          125168 kB
Active:           401472 kB
Mem:          3.8G       3.7G       122M       5.7M        30M       3.2G

MemTotal:        4016004 kB
MemFree:          105416 kB
Active:           401372 kB
Mem:          3.8G       3.7G       103M       5.7M        30M       3.2G

MemTotal:        4016004 kB
MemFree:          124556 kB
Active:           401384 kB
Mem:          3.8G       3.7G       121M       5.7M        30M       3.2G

MemTotal:        4016004 kB
MemFree:          114384 kB
Active:           401384 kB
Mem:          3.8G       3.7G       111M       5.7M        30M       3.2G

MemTotal:        4016004 kB
MemFree:          127700 kB
Active:           401388 kB
Mem:          3.8G       3.7G       123M       5.7M        30M       3.2G

MemTotal:        4016004 kB
MemFree:          117172 kB
Active:           401388 kB
Mem:          3.8G       3.7G       114M       5.7M        30M       3.2G

MemTotal:        4016004 kB
MemFree:          106536 kB
Active:           401388 kB
Mem:          3.8G       3.7G       103M       5.7M        30M       3.2G

MemTotal:        4016004 kB
MemFree:          117304 kB
Active:           401316 kB
Mem:          3.8G       3.7G       113M       5.7M        30M       3.2G

MemTotal:        4016004 kB
MemFree:          112388 kB
Active:           401316 kB
Mem:          3.8G       3.7G       109M       5.7M        30M       3.2G

MemTotal:        4016004 kB
MemFree:          125064 kB
Active:           401316 kB
Mem:          3.8G       3.7G       122M       5.7M        30M       3.2G

MemTotal:        4016004 kB
MemFree:          120156 kB
Active:           401340 kB
Mem:          3.8G       3.7G       117M       5.7M        30M       3.2G

MemTotal:        4016004 kB
MemFree:          121888 kB
Active:           401352 kB
Mem:          3.8G       3.7G       119M       5.7M        30M       3.2G

MemTotal:        4016004 kB
MemFree:          118548 kB
Active:           401360 kB
Mem:          3.8G       3.7G       115M       5.7M        30M       3.2G

MemTotal:        4016004 kB
MemFree:          117676 kB
Active:           401356 kB
Mem:          3.8G       3.7G       114M       5.7M        30M       3.2G

MemTotal:        4016004 kB
MemFree:          112712 kB
Active:           401376 kB
Mem:          3.8G       3.7G       109M       5.7M        30M       3.2G

MemTotal:        4016004 kB
MemFree:          115340 kB
Active:           401292 kB
Mem:          3.8G       3.7G       112M       5.7M        30M       3.2G

MemTotal:        4016004 kB
MemFree:          134388 kB
Active:           400012 kB
Mem:          3.8G       3.7G       130M       5.7M        30M       3.2G

MemTotal:        4016004 kB
MemFree:          124860 kB
Active:           399892 kB
Mem:          3.8G       3.7G       121M       5.7M        30M       3.2G

MemTotal:        4016004 kB
MemFree:          120408 kB
Active:           399896 kB
Mem:          3.8G       3.7G       117M       5.7M        30M       3.2G

MemTotal:        4016004 kB
MemFree:          127596 kB
Active:           399896 kB
Mem:          3.8G       3.7G       124M       5.7M        30M       3.2G

MemTotal:        4016004 kB
MemFree:          119440 kB
Active:           399896 kB
Mem:          3.8G       3.7G       116M       5.7M        30M       3.2G

MemTotal:        4016004 kB
MemFree:          126936 kB
Active:           399896 kB
Mem:          3.8G       3.7G       123M       5.7M        30M       3.2G

MemTotal:        4016004 kB
MemFree:          134884 kB
Active:           399852 kB
Mem:          3.8G       3.7G       130M       5.7M        30M       3.2G

MemTotal:        4016004 kB
MemFree:          117868 kB
Active:           399852 kB
Mem:          3.8G       3.7G       114M       5.7M        30M       3.2G

MemTotal:        4016004 kB
MemFree:          121036 kB
Active:           399856 kB
Mem:          3.8G       3.7G       117M       5.7M        30M       3.2G

MemTotal:        4016004 kB
MemFree:          115512 kB
Active:           401840 kB
Mem:          3.8G       3.7G       112M       5.7M        30M       3.2G

MemTotal:        4016004 kB
MemFree:          122128 kB
Active:           400296 kB
Mem:          3.8G       3.7G       119M       5.7M        30M       3.2G

MemTotal:        4016004 kB
MemFree:          114488 kB
Active:           400296 kB
Mem:          3.8G       3.7G       111M       5.7M        30M       3.2G

MemTotal:        4016004 kB
MemFree:          114680 kB
Active:           400260 kB
Mem:          3.8G       3.7G       111M       5.7M        30M       3.2G

MemTotal:        4016004 kB
MemFree:          109160 kB
Active:           400308 kB
Mem:          3.8G       3.7G       106M       5.7M        30M       3.2G

MemTotal:        4016004 kB
MemFree:          115248 kB
Active:           400308 kB
Mem:          3.8G       3.7G       112M       5.7M        30M       3.2G

MemTotal:        4016004 kB
MemFree:          128404 kB
Active:           400308 kB
Mem:          3.8G       3.7G       125M       5.7M        30M       3.2G

MemTotal:        4016004 kB
MemFree:          118560 kB
Active:           393940 kB
Mem:          3.8G       3.7G       115M       5.7M        30M       3.2G

MemTotal:        4016004 kB
MemFree:          133608 kB
Active:           393940 kB
Mem:          3.8G       3.7G       130M       5.7M        30M       3.2G

MemTotal:        4016004 kB
MemFree:          122988 kB
Active:           393940 kB
Mem:          3.8G       3.7G       120M       5.7M        30M       3.2G

MemTotal:        4016004 kB
MemFree:          128900 kB
Active:           395724 kB
Mem:          3.8G       3.7G       125M       5.7M        30M       3.2G

MemTotal:        4016004 kB
MemFree:          126636 kB
Active:           395724 kB
Mem:          3.8G       3.7G       123M       5.7M        30M       3.2G

MemTotal:        4016004 kB
MemFree:          126864 kB
Active:           395736 kB
Mem:          3.8G       3.7G       123M       5.7M        30M       3.2G

MemTotal:        4016004 kB
MemFree:          117588 kB
Active:           395724 kB
Mem:          3.8G       3.7G       114M       5.7M        30M       3.2G

MemTotal:        4016004 kB
MemFree:          117132 kB
Active:           395744 kB
Mem:          3.8G       3.7G       114M       5.7M        30M       3.2G

MemTotal:        4016004 kB
MemFree:          106316 kB
Active:           395740 kB
Mem:          3.8G       3.7G       103M       5.7M        30M       3.2G

MemTotal:        4016004 kB
MemFree:          107444 kB
Active:           395744 kB
Mem:          3.8G       3.7G       103M       5.7M        30M       3.2G

MemTotal:        4016004 kB
MemFree:          111688 kB
Active:           394776 kB
Mem:          3.8G       3.7G       108M       5.7M        30M       3.2G

MemTotal:        4016004 kB
MemFree:          125356 kB
Active:           394776 kB
Mem:          3.8G       3.7G       121M       5.7M        30M       3.2G

MemTotal:        4016004 kB
MemFree:          114336 kB
Active:           394644 kB
Mem:          3.8G       3.7G       110M       5.7M        30M       3.2G

MemTotal:        4016004 kB
MemFree:          112132 kB
Active:           394644 kB
Mem:          3.8G       3.7G       109M       5.7M        30M       3.2G

MemTotal:        4016004 kB
MemFree:          125308 kB
Active:           394648 kB
Mem:          3.8G       3.7G       122M       5.7M        30M       3.2G

MemTotal:        4016004 kB
MemFree:          125272 kB
Active:           394672 kB
Mem:          3.8G       3.7G       121M       5.7M        30M       3.2G

MemTotal:        4016004 kB
MemFree:          125568 kB
Active:           394672 kB
Mem:          3.8G       3.7G       122M       5.7M        30M       3.2G

MemTotal:        4016004 kB
MemFree:          130316 kB
Active:           394672 kB
Mem:          3.8G       3.7G       127M       5.7M        30M       3.2G

MemTotal:        4016004 kB
MemFree:          124496 kB
Active:           393128 kB
Mem:          3.8G       3.7G       121M       5.7M        30M       3.2G

MemTotal:        4016004 kB
MemFree:          107828 kB
Active:           392928 kB
Mem:          3.8G       3.7G       104M       5.7M        30M       3.2G

MemTotal:        4016004 kB
MemFree:          133028 kB
Active:           392928 kB
Mem:          3.8G       3.7G       129M       5.7M        30M       3.2G

MemTotal:        4016004 kB
MemFree:          143072 kB
Active:           392936 kB
Mem:          3.8G       3.7G       139M       5.7M        30M       3.2G

MemTotal:        4016004 kB
MemFree:          132908 kB
Active:           392940 kB
Mem:          3.8G       3.7G       129M       5.7M        30M       3.2G

MemTotal:        4016004 kB
MemFree:          120216 kB
Active:           392760 kB
Mem:          3.8G       3.7G       117M       5.7M        30M       3.2G

MemTotal:        4016004 kB
MemFree:          120864 kB
Active:           392760 kB
Mem:          3.8G       3.7G       117M       5.7M        30M       3.2G

MemTotal:        4016004 kB
MemFree:          111188 kB
Active:           392772 kB
Mem:          3.8G       3.7G       108M       5.7M        30M       3.2G

MemTotal:        4016004 kB
MemFree:          113188 kB
Active:           391640 kB
Mem:          3.8G       3.7G       110M       5.7M        30M       3.2G

MemTotal:        4016004 kB
MemFree:          108048 kB
Active:           391652 kB
Mem:          3.8G       3.7G       105M       5.7M        30M       3.2G

MemTotal:        4016004 kB
MemFree:          132956 kB
Active:           391652 kB
Mem:          3.8G       3.7G       129M       5.7M        30M       3.2G

MemTotal:        4016004 kB
MemFree:          135544 kB
Active:           391656 kB
Mem:          3.8G       3.7G       132M       5.7M        30M       3.2G

MemTotal:        4016004 kB
MemFree:          118964 kB
Active:           391668 kB
Mem:          3.8G       3.7G       115M       5.7M        30M       3.2G

MemTotal:        4016004 kB
MemFree:          118580 kB
Active:           391668 kB
Mem:          3.8G       3.7G       115M       5.7M        30M       3.2G

MemTotal:        4016004 kB
MemFree:          118584 kB
Active:           391660 kB
Mem:          3.8G       3.7G       115M       5.7M        30M       3.2G

MemTotal:        4016004 kB
MemFree:          124408 kB
Active:           391840 kB
Mem:          3.8G       3.7G       121M       5.7M        30M       3.2G

MemTotal:        4016004 kB
MemFree:          107432 kB
Active:           391840 kB
Mem:          3.8G       3.7G       104M       5.7M        30M       3.2G

MemTotal:        4016004 kB
MemFree:          126364 kB
Active:           391848 kB
Mem:          3.8G       3.7G       122M       5.7M        30M       3.2G

MemTotal:        4016004 kB
MemFree:          109960 kB
Active:           391848 kB
Mem:          3.8G       3.7G       106M       5.7M        30M       3.2G

MemTotal:        4016004 kB
MemFree:          134992 kB
Active:           391848 kB
Mem:          3.8G       3.7G       131M       5.7M        30M       3.2G

MemTotal:        4016004 kB
MemFree:          149076 kB
Active:           378484 kB
Mem:          3.8G       3.7G       145M       5.7M        30M       3.2G

MemTotal:        4016004 kB
MemFree:          126700 kB
Active:           378452 kB
Mem:          3.8G       3.7G       123M       5.7M        30M       3.2G

MemTotal:        4016004 kB
MemFree:          114556 kB
Active:           378452 kB
Mem:          3.8G       3.7G       111M       5.7M        30M       3.2G

MemTotal:        4016004 kB
MemFree:          124964 kB
Active:           378468 kB
Mem:          3.8G       3.7G       121M       5.7M        30M       3.2G

MemTotal:        4016004 kB
MemFree:          108624 kB
Active:           378468 kB
Mem:          3.8G       3.7G       105M       5.7M        30M       3.2G

MemTotal:        4016004 kB
MemFree:          126672 kB
Active:           378472 kB
Mem:          3.8G       3.7G       123M       5.7M        30M       3.2G

MemTotal:        4016004 kB
MemFree:          128592 kB
Active:           378484 kB
Mem:          3.8G       3.7G       125M       5.7M        30M       3.2G

MemTotal:        4016004 kB
MemFree:          127736 kB
Active:           378488 kB
Mem:          3.8G       3.7G       124M       5.7M        30M       3.2G

MemTotal:        4016004 kB
MemFree:          128380 kB
Active:           378484 kB
Mem:          3.8G       3.7G       124M       5.7M        30M       3.2G

MemTotal:        4016004 kB
MemFree:          107700 kB
Active:           378504 kB
Mem:          3.8G       3.7G       104M       5.7M        30M       3.2G

MemTotal:        4016004 kB
MemFree:          120324 kB
Active:           378504 kB
Mem:          3.8G       3.7G       117M       5.7M        30M       3.2G

MemTotal:        4016004 kB
MemFree:          105476 kB
Active:           378504 kB
Mem:          3.8G       3.7G       106M       5.7M        30M       3.2G

MemTotal:        4016004 kB
MemFree:          123748 kB
Active:           378504 kB
Mem:          3.8G       3.7G       120M       5.7M        30M       3.2G

MemTotal:        4016004 kB
MemFree:          125616 kB
Active:           378516 kB
Mem:          3.8G       3.7G       122M       5.7M        30M       3.2G

MemTotal:        4016004 kB
MemFree:          116528 kB
Active:           376252 kB
Mem:          3.8G       3.7G       113M       5.7M        30M       3.2G

MemTotal:        4016004 kB
MemFree:          106512 kB
Active:           376256 kB
Mem:          3.8G       3.7G       104M       5.7M        30M       3.2G

MemTotal:        4016004 kB
MemFree:          126188 kB
Active:           376264 kB
Mem:          3.8G       3.7G       122M       5.7M        30M       3.2G

MemTotal:        4016004 kB
MemFree:          109696 kB
Active:           376272 kB
Mem:          3.8G       3.7G       107M       5.7M        30M       3.2G

MemTotal:        4016004 kB
MemFree:          124320 kB
Active:           376276 kB
Mem:          3.8G       3.7G       120M       5.7M        30M       3.2G

MemTotal:        4016004 kB
MemFree:          123120 kB
Active:           376276 kB
Mem:          3.8G       3.7G       119M       5.7M        30M       3.2G

MemTotal:        4016004 kB
MemFree:          113260 kB
Active:           376288 kB
Mem:          3.8G       3.7G       110M       5.7M        30M       3.2G

MemTotal:        4016004 kB
MemFree:          123908 kB
Active:           376288 kB
Mem:          3.8G       3.7G       120M       5.7M        30M       3.2G

MemTotal:        4016004 kB
MemFree:          123848 kB
Active:           376300 kB
Mem:          3.8G       3.7G       120M       5.7M        30M       3.2G

MemTotal:        4016004 kB
MemFree:          123452 kB
Active:           376256 kB
Mem:          3.8G       3.7G       120M       5.7M        30M       3.2G

MemTotal:        4016004 kB
MemFree:          106668 kB
Active:           376308 kB
Mem:          3.8G       3.7G       103M       5.7M        30M       3.2G

MemTotal:        4016004 kB
MemFree:          131924 kB
Active:           376308 kB
Mem:          3.8G       3.7G       128M       5.7M        30M       3.2G

MemTotal:        4016004 kB
MemFree:          119660 kB
Active:           376308 kB
Mem:          3.8G       3.7G       116M       5.7M        30M       3.2G

MemTotal:        4016004 kB
MemFree:          120308 kB
Active:           376316 kB
Mem:          3.8G       3.7G       116M       5.7M        30M       3.2G

MemTotal:        4016004 kB
MemFree:          112432 kB
Active:           373452 kB
Mem:          3.8G       3.7G       109M       5.7M        30M       3.2G

MemTotal:        4016004 kB
MemFree:          126192 kB
Active:           373452 kB
Mem:          3.8G       3.7G       122M       5.7M        30M       3.2G

MemTotal:        4016004 kB
MemFree:          121456 kB
Active:           373452 kB
Mem:          3.8G       3.7G       118M       5.7M        30M       3.2G

MemTotal:        4016004 kB
MemFree:          125664 kB
Active:           373452 kB
Mem:          3.8G       3.7G       122M       5.7M        30M       3.2G

MemTotal:        4016004 kB
MemFree:          129696 kB
Active:           373456 kB
Mem:          3.8G       3.7G       126M       5.7M        30M       3.2G

MemTotal:        4016004 kB
MemFree:          113144 kB
Active:           373468 kB
Mem:          3.8G       3.7G       110M       5.7M        30M       3.2G

MemTotal:        4016004 kB
MemFree:          115776 kB
Active:           373428 kB
Mem:          3.8G       3.7G       112M       5.7M        30M       3.2G

MemTotal:        4016004 kB
MemFree:          108956 kB
Active:           375500 kB
Mem:          3.8G       3.7G       105M       5.7M        30M       3.2G

MemTotal:        4016004 kB
MemFree:          125884 kB
Active:           375500 kB
Mem:          3.8G       3.7G       122M       5.7M        30M       3.2G

MemTotal:        4016004 kB
MemFree:          123476 kB
Active:           375532 kB
Mem:          3.8G       3.7G       120M       5.7M        30M       3.2G

MemTotal:        4016004 kB
MemFree:          123728 kB
Active:           375520 kB
Mem:          3.8G       3.7G       120M       5.7M        30M       3.2G

MemTotal:        4016004 kB
MemFree:          115792 kB
Active:           375540 kB
Mem:          3.8G       3.7G       112M       5.7M        30M       3.2G

MemTotal:        4016004 kB
MemFree:          144696 kB
Active:           375540 kB
Mem:          3.8G       3.7G       140M       5.7M        30M       3.2G

MemTotal:        4016004 kB
MemFree:          134192 kB
Active:           375540 kB
Mem:          3.8G       3.7G       130M       5.7M        30M       3.2G

MemTotal:        4016004 kB
MemFree:          118320 kB
Active:           375548 kB
Mem:          3.8G       3.7G       115M       5.7M        30M       3.2G

MemTotal:        4016004 kB
MemFree:          105104 kB
Active:           372560 kB
Mem:          3.8G       3.7G       106M       5.7M        30M       3.2G

MemTotal:        4016004 kB
MemFree:          124376 kB
Active:           372560 kB
Mem:          3.8G       3.7G       121M       5.7M        30M       3.2G

MemTotal:        4016004 kB
MemFree:          126564 kB
Active:           372560 kB
Mem:          3.8G       3.7G       122M       5.7M        30M       3.2G

MemTotal:        4016004 kB
MemFree:          122340 kB
Active:           372564 kB
Mem:          3.8G       3.7G       118M       5.7M        30M       3.2G

MemTotal:        4016004 kB
MemFree:          120636 kB
Active:           372564 kB
Mem:          3.8G       3.7G       117M       5.7M        30M       3.2G

MemTotal:        4016004 kB
MemFree:          114116 kB
Active:           372584 kB
Mem:          3.8G       3.7G       111M       5.7M        30M       3.2G

MemTotal:        4016004 kB
MemFree:          128220 kB
Active:           372584 kB
Mem:          3.8G       3.7G       124M       5.7M        30M       3.2G

MemTotal:        4016004 kB
MemFree:          118020 kB
Active:           372584 kB
Mem:          3.8G       3.7G       114M       5.7M        30M       3.2G

MemTotal:        4016004 kB
MemFree:          108100 kB
Active:           372580 kB
Mem:          3.8G       3.7G       105M       5.7M        30M       3.2G

MemTotal:        4016004 kB
MemFree:          108748 kB
Active:           372584 kB
Mem:          3.8G       3.7G       106M       5.7M        30M       3.2G

MemTotal:        4016004 kB
MemFree:          135028 kB
Active:           372592 kB
Mem:          3.8G       3.7G       131M       5.7M        30M       3.2G

MemTotal:        4016004 kB
MemFree:          124672 kB
Active:           372592 kB
Mem:          3.8G       3.7G       121M       5.7M        30M       3.2G

MemTotal:        4016004 kB
MemFree:          125444 kB
Active:           372592 kB
Mem:          3.8G       3.7G       122M       5.7M        30M       3.2G

MemTotal:        4016004 kB
MemFree:          141520 kB
Active:           372604 kB
Mem:          3.8G       3.7G       138M       5.7M        30M       3.2G

MemTotal:        4016004 kB
MemFree:          130840 kB
Active:           368056 kB
Mem:          3.8G       3.7G       127M       5.7M        30M       3.2G

MemTotal:        4016004 kB
MemFree:          120272 kB
Active:           368032 kB
Mem:          3.8G       3.7G       117M       5.7M        30M       3.2G

MemTotal:        4016004 kB
MemFree:          128060 kB
Active:           368032 kB
Mem:          3.8G       3.7G       124M       5.7M        30M       3.2G

MemTotal:        4016004 kB
MemFree:          110756 kB
Active:           368048 kB
Mem:          3.8G       3.7G       107M       5.7M        30M       3.2G

MemTotal:        4016004 kB
MemFree:          114004 kB
Active:           368048 kB
Mem:          3.8G       3.7G       111M       5.7M        30M       3.2G

MemTotal:        4016004 kB
MemFree:          121112 kB
Active:           368048 kB
Mem:          3.8G       3.7G       118M       5.7M        30M       3.2G

MemTotal:        4016004 kB
MemFree:          118536 kB
Active:           368044 kB
Mem:          3.8G       3.7G       115M       5.7M        30M       3.2G

MemTotal:        4016004 kB
MemFree:          134788 kB
Active:           368060 kB
Mem:          3.8G       3.7G       130M       5.7M        30M       3.2G

MemTotal:        4016004 kB
MemFree:          119208 kB
Active:           368064 kB
Mem:          3.8G       3.7G       116M       5.7M        30M       3.2G

MemTotal:        4016004 kB
MemFree:          109956 kB
Active:           368064 kB
Mem:          3.8G       3.7G       106M       5.7M        30M       3.2G

MemTotal:        4016004 kB
MemFree:          119764 kB
Active:           368064 kB
Mem:          3.8G       3.7G       116M       5.7M        30M       3.2G

MemTotal:        4016004 kB
MemFree:          125980 kB
Active:           368072 kB
Mem:          3.8G       3.7G       123M       5.7M        30M       3.2G

MemTotal:        4016004 kB
MemFree:          129696 kB
Active:           368088 kB
Mem:          3.8G       3.7G       126M       5.7M        30M       3.2G

MemTotal:        4016004 kB
MemFree:          114372 kB
Active:           368092 kB
Mem:          3.8G       3.7G       110M       5.7M        30M       3.2G

MemTotal:        4016004 kB
MemFree:          122096 kB
Active:           368092 kB
Mem:          3.8G       3.7G       119M       5.7M        30M       3.2G

MemTotal:        4016004 kB
MemFree:          106532 kB
Active:           368084 kB
Mem:          3.8G       3.7G       103M       5.7M        30M       3.2G

MemTotal:        4016004 kB
MemFree:          114196 kB
Active:           369868 kB
Mem:          3.8G       3.7G       111M       5.7M        30M       3.2G

MemTotal:        4016004 kB
MemFree:          139140 kB
Active:           368868 kB
Mem:          3.8G       3.7G       135M       5.7M        30M       3.2G

MemTotal:        4016004 kB
MemFree:          139188 kB
Active:           368736 kB
Mem:          3.8G       3.7G       135M       5.7M        30M       3.2G

MemTotal:        4016004 kB
MemFree:          139188 kB
Active:           368780 kB
Mem:          3.8G       3.7G       135M       5.7M        30M       3.2G

MemTotal:        4016004 kB
MemFree:          139312 kB
Active:           368764 kB
Mem:          3.8G       3.7G       135M       5.7M        30M       3.2G

MemTotal:        4016004 kB
MemFree:          139312 kB
Active:           368768 kB
Mem:          3.8G       3.7G       135M       5.7M        30M       3.2G

MemTotal:        4016004 kB
MemFree:          139436 kB
Active:           368788 kB
Mem:          3.8G       3.7G       135M       5.7M        30M       3.2G

MemTotal:        4016004 kB
MemFree:          139436 kB
Active:           368780 kB
Mem:          3.8G       3.7G       135M       5.7M        30M       3.2G

MemTotal:        4016004 kB
MemFree:          139312 kB
Active:           368680 kB
Mem:          3.8G       3.7G       136M       5.7M        30M       3.2G

MemTotal:        4016004 kB
MemFree:          139312 kB
Active:           368644 kB
Mem:          3.8G       3.7G       135M       5.7M        30M       3.2G

MemTotal:        4016004 kB
MemFree:          139452 kB
Active:           368656 kB
Mem:          3.8G       3.7G       135M       5.7M        30M       3.2G

MemTotal:        4016004 kB
MemFree:          139560 kB
Active:           368636 kB
Mem:          3.8G       3.7G       135M       5.7M        30M       3.2G

MemTotal:        4016004 kB
MemFree:          139436 kB
Active:           368656 kB
Mem:          3.8G       3.7G       135M       5.7M        30M       3.2G

MemTotal:        4016004 kB
MemFree:          139436 kB
Active:           368664 kB
Mem:          3.8G       3.7G       135M       5.7M        30M       3.2G

MemTotal:        4016004 kB
MemFree:          139468 kB
Active:           368516 kB
Mem:          3.8G       3.7G       135M       5.7M        30M       3.2G

MemTotal:        4016004 kB
MemFree:          139684 kB
Active:           368696 kB
Mem:          3.8G       3.7G       135M       5.7M        30M       3.2G

MemTotal:        4016004 kB
MemFree:          139436 kB
Active:           368740 kB
Mem:          3.8G       3.7G       136M       5.7M        30M       3.2G

MemTotal:        4016004 kB
MemFree:          139560 kB
Active:           368692 kB
Mem:          3.8G       3.7G       135M       5.7M        30M       3.2G

MemTotal:        4016004 kB
MemFree:          139608 kB
Active:           368776 kB
Mem:          3.8G       3.7G       135M       5.7M        30M       3.2G

MemTotal:        4016004 kB
MemFree:          139608 kB
Active:           368804 kB
Mem:          3.8G       3.7G       136M       5.7M        30M       3.2G

MemTotal:        4016004 kB
MemFree:          139484 kB
Active:           368792 kB
Mem:          3.8G       3.7G       136M       5.7M        30M       3.2G

MemTotal:        4016004 kB
MemFree:          140104 kB
Active:           368800 kB
Mem:          3.8G       3.7G       136M       5.7M        30M       3.2G

MemTotal:        4016004 kB
MemFree:          140228 kB
Active:           368756 kB
Mem:          3.8G       3.7G       136M       5.7M        30M       3.2G

MemTotal:        4016004 kB
MemFree:          140352 kB
Active:           368788 kB
Mem:          3.8G       3.7G       136M       5.7M        30M       3.2G

MemTotal:        4016004 kB
MemFree:          140228 kB
Active:           368796 kB
Mem:          3.8G       3.7G       136M       5.7M        30M       3.2G

MemTotal:        4016004 kB
MemFree:          140228 kB
Active:           368800 kB
Mem:          3.8G       3.7G       136M       5.7M        30M       3.2G

MemTotal:        4016004 kB
MemFree:          140228 kB
Active:           368788 kB
Mem:          3.8G       3.7G       136M       5.7M        30M       3.2G

MemTotal:        4016004 kB
MemFree:          140352 kB
Active:           368800 kB
Mem:          3.8G       3.7G       136M       5.7M        30M       3.2G

MemTotal:        4016004 kB
MemFree:          140216 kB
Active:           368812 kB
Mem:          3.8G       3.7G       136M       5.7M        30M       3.2G

MemTotal:        4016004 kB
MemFree:          140156 kB
Active:           368824 kB
Mem:          3.8G       3.7G       136M       5.7M        30M       3.2G

MemTotal:        4016004 kB
MemFree:          140156 kB
Active:           368832 kB
Mem:          3.8G       3.7G       136M       5.7M        30M       3.2G

MemTotal:        4016004 kB
MemFree:          140156 kB
Active:           368808 kB
Mem:          3.8G       3.7G       136M       5.7M        30M       3.2G

MemTotal:        4016004 kB
MemFree:          140528 kB
Active:           368768 kB
Mem:          3.8G       3.7G       136M       5.7M        30M       3.2G

MemTotal:        4016004 kB
MemFree:          140388 kB
Active:           368800 kB
Mem:          3.8G       3.7G       136M       5.7M        30M       3.2G

MemTotal:        4016004 kB
MemFree:          140388 kB
Active:           368796 kB
Mem:          3.8G       3.7G       136M       5.7M        30M       3.2G

MemTotal:        4016004 kB
MemFree:          140264 kB
Active:           368840 kB
Mem:          3.8G       3.7G       136M       5.7M        30M       3.2G

MemTotal:        4016004 kB
MemFree:          140264 kB
Active:           368792 kB
Mem:          3.8G       3.7G       136M       5.7M        30M       3.2G

MemTotal:        4016004 kB
MemFree:          140264 kB
Active:           368840 kB
Mem:          3.8G       3.7G       136M       5.7M        30M       3.2G

MemTotal:        4016004 kB
MemFree:          140388 kB
Active:           368840 kB
Mem:          3.8G       3.7G       136M       5.7M        30M       3.2G

MemTotal:        4016004 kB
MemFree:          140140 kB
Active:           368848 kB
Mem:          3.8G       3.7G       136M       5.7M        30M       3.2G

MemTotal:        4016004 kB
MemFree:          139892 kB
Active:           368852 kB
Mem:          3.8G       3.7G       136M       5.7M        30M       3.2G

MemTotal:        4016004 kB
MemFree:          139892 kB
Active:           368832 kB
Mem:          3.8G       3.7G       136M       5.7M        30M       3.2G

MemTotal:        4016004 kB
MemFree:          140016 kB
Active:           368844 kB
Mem:          3.8G       3.7G       136M       5.7M        30M       3.2G

MemTotal:        4016004 kB
MemFree:          140016 kB
Active:           368856 kB
Mem:          3.8G       3.7G       136M       5.7M        30M       3.2G

MemTotal:        4016004 kB
MemFree:          140016 kB
Active:           368848 kB
Mem:          3.8G       3.7G       136M       5.7M        30M       3.2G

MemTotal:        4016004 kB
MemFree:          140016 kB
Active:           368840 kB
Mem:          3.8G       3.7G       136M       5.7M        30M       3.2G

MemTotal:        4016004 kB
MemFree:          140016 kB
Active:           368860 kB
Mem:          3.8G       3.7G       136M       5.7M        30M       3.2G

MemTotal:        4016004 kB
MemFree:          140264 kB
Active:           368868 kB
Mem:          3.8G       3.7G       136M       5.7M        30M       3.2G

MemTotal:        4016004 kB
MemFree:          140264 kB
Active:           368856 kB
Mem:          3.8G       3.7G       136M       5.7M        30M       3.2G

MemTotal:        4016004 kB
MemFree:          140264 kB
Active:           368864 kB
Mem:          3.8G       3.7G       136M       5.7M        30M       3.2G

MemTotal:        4016004 kB
MemFree:          139892 kB
Active:           368856 kB
Mem:          3.8G       3.7G       136M       5.7M        30M       3.2G

MemTotal:        4016004 kB
MemFree:          139892 kB
Active:           368828 kB
Mem:          3.8G       3.7G       136M       5.7M        30M       3.2G

MemTotal:        4016004 kB
MemFree:          139892 kB
Active:           368852 kB
Mem:          3.8G       3.7G       136M       5.7M        30M       3.2G

MemTotal:        4016004 kB
MemFree:          139396 kB
Active:           368844 kB
Mem:          3.8G       3.7G       135M       5.7M        30M       3.2G

MemTotal:        4016004 kB
MemFree:          139396 kB
Active:           368880 kB
Mem:          3.8G       3.7G       136M       5.7M        30M       3.2G

MemTotal:        4016004 kB
MemFree:          139272 kB
Active:           368880 kB
Mem:          3.8G       3.7G       136M       5.7M        30M       3.2G

MemTotal:        4016004 kB
MemFree:          139272 kB
Active:           368864 kB
Mem:          3.8G       3.7G       135M       5.7M        30M       3.2G

MemTotal:        4016004 kB
MemFree:          139148 kB
Active:           368860 kB
Mem:          3.8G       3.7G       135M       5.7M        30M       3.2G

MemTotal:        4016004 kB
MemFree:          139180 kB
Active:           368880 kB
Mem:          3.8G       3.7G       136M       5.7M        30M       3.2G

MemTotal:        4016004 kB
MemFree:          139304 kB
Active:           368852 kB
Mem:          3.8G       3.7G       135M       5.7M        30M       3.2G

MemTotal:        4016004 kB
MemFree:          139428 kB
Active:           368880 kB
Mem:          3.8G       3.7G       135M       5.7M        30M       3.2G

MemTotal:        4016004 kB
MemFree:          139180 kB
Active:           368896 kB
Mem:          3.8G       3.7G       135M       5.7M        30M       3.2G

MemTotal:        4016004 kB
MemFree:          139304 kB
Active:           368904 kB
Mem:          3.8G       3.7G       136M       5.7M        30M       3.2G

MemTotal:        4016004 kB
MemFree:          139304 kB
Active:           368904 kB
Mem:          3.8G       3.7G       135M       5.7M        30M       3.2G

MemTotal:        4016004 kB
MemFree:          139180 kB
Active:           368896 kB
Mem:          3.8G       3.7G       135M       5.7M        30M       3.2G

MemTotal:        4016004 kB
MemFree:          139304 kB
Active:           368896 kB
Mem:          3.8G       3.7G       135M       5.7M        30M       3.2G

MemTotal:        4016004 kB
MemFree:          139552 kB
Active:           368912 kB
Mem:          3.8G       3.7G       135M       5.7M        30M       3.2G

MemTotal:        4016004 kB
MemFree:          139552 kB
Active:           368908 kB
Mem:          3.8G       3.7G       136M       5.7M        30M       3.2G

MemTotal:        4016004 kB
MemFree:          139552 kB
Active:           368916 kB
Mem:          3.8G       3.7G       136M       5.7M        30M       3.2G

MemTotal:        4016004 kB
MemFree:          139552 kB
Active:           368892 kB
Mem:          3.8G       3.7G       135M       5.7M        30M       3.2G

MemTotal:        4016004 kB
MemFree:          139552 kB
Active:           368912 kB
Mem:          3.8G       3.7G       135M       5.7M        30M       3.2G

MemTotal:        4016004 kB
MemFree:          139428 kB
Active:           368908 kB
Mem:          3.8G       3.7G       135M       5.7M        30M       3.2G

MemTotal:        4016004 kB
MemFree:          139180 kB
Active:           368908 kB
Mem:          3.8G       3.7G       135M       5.7M        30M       3.2G

MemTotal:        4016004 kB
MemFree:          139304 kB
Active:           368952 kB
Mem:          3.8G       3.7G       135M       5.7M        30M       3.2G

MemTotal:        4016004 kB
MemFree:          139056 kB
Active:           368952 kB
Mem:          3.8G       3.7G       135M       5.7M        30M       3.2G

MemTotal:        4016004 kB
MemFree:          139180 kB
Active:           368940 kB
Mem:          3.8G       3.7G       135M       5.7M        30M       3.2G

MemTotal:        4016004 kB
MemFree:          138792 kB
Active:           369012 kB
Mem:          3.8G       3.7G       135M       5.7M        30M       3.2G

MemTotal:        4016004 kB
MemFree:          139164 kB
Active:           368956 kB
Mem:          3.8G       3.7G       135M       5.7M        30M       3.2G

MemTotal:        4016004 kB
MemFree:          139040 kB
Active:           369008 kB
Mem:          3.8G       3.7G       135M       5.7M        30M       3.2G

MemTotal:        4016004 kB
MemFree:          139040 kB
Active:           369020 kB
Mem:          3.8G       3.7G       135M       5.7M        30M       3.2G

MemTotal:        4016004 kB
MemFree:          139040 kB
Active:           369012 kB
Mem:          3.8G       3.7G       135M       5.7M        30M       3.2G

MemTotal:        4016004 kB
MemFree:          139288 kB
Active:           368964 kB
Mem:          3.8G       3.7G       135M       5.7M        30M       3.2G

MemTotal:        4016004 kB
MemFree:          139288 kB
Active:           368984 kB
Mem:          3.8G       3.7G       135M       5.7M        30M       3.2G

MemTotal:        4016004 kB
MemFree:          139412 kB
Active:           369012 kB
Mem:          3.8G       3.7G       135M       5.7M        30M       3.2G

MemTotal:        4016004 kB
MemFree:          139288 kB
Active:           369016 kB
Mem:          3.8G       3.7G       135M       5.7M        30M       3.2G

MemTotal:        4016004 kB
MemFree:          139288 kB
Active:           369008 kB
Mem:          3.8G       3.7G       135M       5.7M        30M       3.2G

MemTotal:        4016004 kB
MemFree:          139412 kB
Active:           368972 kB
Mem:          3.8G       3.7G       135M       5.7M        30M       3.2G

MemTotal:        4016004 kB
MemFree:          138916 kB
Active:           368988 kB
Mem:          3.8G       3.7G       135M       5.7M        30M       3.2G

MemTotal:        4016004 kB
MemFree:          138916 kB
Active:           369016 kB
Mem:          3.8G       3.7G       135M       5.7M        30M       3.2G

MemTotal:        4016004 kB
MemFree:          138916 kB
Active:           369028 kB
Mem:          3.8G       3.7G       135M       5.7M        30M       3.2G

MemTotal:        4016004 kB
MemFree:          139040 kB
Active:           369016 kB
Mem:          3.8G       3.7G       135M       5.7M        30M       3.2G

MemTotal:        4016004 kB
MemFree:          138916 kB
Active:           368988 kB
Mem:          3.8G       3.7G       135M       5.7M        30M       3.2G

MemTotal:        4016004 kB
MemFree:          139056 kB
Active:           369024 kB
Mem:          3.8G       3.7G       135M       5.7M        30M       3.2G

MemTotal:        4016004 kB
MemFree:          139056 kB
Active:           369004 kB
Mem:          3.8G       3.7G       135M       5.7M        30M       3.2G

MemTotal:        4016004 kB
MemFree:          139056 kB
Active:           368976 kB
Mem:          3.8G       3.7G       135M       5.7M        30M       3.2G

MemTotal:        4016004 kB
MemFree:          139304 kB
Active:           369008 kB
Mem:          3.8G       3.7G       135M       5.7M        30M       3.2G

MemTotal:        4016004 kB
MemFree:          139428 kB
Active:           369016 kB
Mem:          3.8G       3.7G       135M       5.7M        30M       3.2G

MemTotal:        4016004 kB
MemFree:          139304 kB
Active:           369028 kB
Mem:          3.8G       3.7G       135M       5.7M        30M       3.2G

MemTotal:        4016004 kB
MemFree:          139304 kB
Active:           369016 kB
Mem:          3.8G       3.7G       135M       5.7M        30M       3.2G

MemTotal:        4016004 kB
MemFree:          139056 kB
Active:           369036 kB
Mem:          3.8G       3.7G       135M       5.7M        30M       3.2G

MemTotal:        4016004 kB
MemFree:          139056 kB
Active:           369036 kB
Mem:          3.8G       3.7G       135M       5.7M        30M       3.2G

MemTotal:        4016004 kB
MemFree:          139180 kB
Active:           369024 kB
Mem:          3.8G       3.7G       135M       5.7M        30M       3.2G

MemTotal:        4016004 kB
MemFree:          139056 kB
Active:           369020 kB
Mem:          3.8G       3.7G       135M       5.7M        30M       3.2G

MemTotal:        4016004 kB
MemFree:          139304 kB
Active:           369044 kB
Mem:          3.8G       3.7G       135M       5.7M        30M       3.2G

MemTotal:        4016004 kB
MemFree:          139056 kB
Active:           369048 kB
Mem:          3.8G       3.7G       135M       5.7M        30M       3.2G

MemTotal:        4016004 kB
MemFree:          139304 kB
Active:           369044 kB
Mem:          3.8G       3.7G       135M       5.7M        30M       3.2G

MemTotal:        4016004 kB
MemFree:          138932 kB
Active:           369052 kB
Mem:          3.8G       3.7G       135M       5.7M        30M       3.2G

MemTotal:        4016004 kB
MemFree:          139056 kB
Active:           369040 kB
Mem:          3.8G       3.7G       135M       5.7M        30M       3.2G

MemTotal:        4016004 kB
MemFree:          139056 kB
Active:           369024 kB
Mem:          3.8G       3.7G       135M       5.7M        30M       3.2G

MemTotal:        4016004 kB
MemFree:          138932 kB
Active:           369048 kB
Mem:          3.8G       3.7G       135M       5.7M        30M       3.2G

MemTotal:        4016004 kB
MemFree:          138808 kB
Active:           369032 kB
Mem:          3.8G       3.7G       135M       5.7M        30M       3.2G

MemTotal:        4016004 kB
MemFree:          138808 kB
Active:           369060 kB
Mem:          3.8G       3.7G       135M       5.7M        30M       3.2G

MemTotal:        4016004 kB
MemFree:          138188 kB
Active:           369176 kB
Mem:          3.8G       3.7G       135M       5.7M        30M       3.2G

MemTotal:        4016004 kB
MemFree:          138312 kB
Active:           369160 kB
Mem:          3.8G       3.7G       134M       5.7M        30M       3.2G

MemTotal:        4016004 kB
MemFree:          138436 kB
Active:           369164 kB
Mem:          3.8G       3.7G       135M       5.7M        30M       3.2G

MemTotal:        4016004 kB
MemFree:          138436 kB
Active:           369128 kB
Mem:          3.8G       3.7G       134M       5.7M        30M       3.2G

MemTotal:        4016004 kB
MemFree:          138436 kB
Active:           369168 kB
Mem:          3.8G       3.7G       134M       5.7M        30M       3.2G

MemTotal:        4016004 kB
MemFree:          138560 kB
Active:           369140 kB
Mem:          3.8G       3.7G       134M       5.7M        30M       3.2G

MemTotal:        4016004 kB
MemFree:          138560 kB
Active:           369188 kB
Mem:          3.8G       3.7G       135M       5.7M        30M       3.2G

MemTotal:        4016004 kB
MemFree:          138436 kB
Active:           369188 kB
Mem:          3.8G       3.7G       134M       5.7M        30M       3.2G

MemTotal:        4016004 kB
MemFree:          138436 kB
Active:           369168 kB
Mem:          3.8G       3.7G       135M       5.7M        30M       3.2G

MemTotal:        4016004 kB
MemFree:          138684 kB
Active:           369176 kB
Mem:          3.8G       3.7G       134M       5.7M        30M       3.2G

MemTotal:        4016004 kB
MemFree:          138684 kB
Active:           369200 kB
Mem:          3.8G       3.7G       135M       5.7M        30M       3.2G

MemTotal:        4016004 kB
MemFree:          138684 kB
Active:           369200 kB
Mem:          3.8G       3.7G       134M       5.7M        30M       3.2G

MemTotal:        4016004 kB
MemFree:          138684 kB
Active:           369188 kB
Mem:          3.8G       3.7G       134M       5.7M        30M       3.2G

MemTotal:        4016004 kB
MemFree:          138560 kB
Active:           369184 kB
Mem:          3.8G       3.7G       135M       5.7M        30M       3.2G

MemTotal:        4016004 kB
MemFree:          138808 kB
Active:           369188 kB
Mem:          3.8G       3.7G       135M       5.7M        30M       3.2G

MemTotal:        4016004 kB
MemFree:          138808 kB
Active:           369192 kB
Mem:          3.8G       3.7G       135M       5.7M        30M       3.2G

MemTotal:        4016004 kB
MemFree:          138932 kB
Active:           369192 kB
Mem:          3.8G       3.7G       135M       5.7M        30M       3.2G

MemTotal:        4016004 kB
MemFree:          138436 kB
Active:           369180 kB
Mem:          3.8G       3.7G       135M       5.7M        30M       3.2G

MemTotal:        4016004 kB
MemFree:          138560 kB
Active:           369212 kB
Mem:          3.8G       3.7G       134M       5.7M        30M       3.2G

MemTotal:        4016004 kB
MemFree:          138560 kB
Active:           369184 kB
Mem:          3.8G       3.7G       135M       5.7M        30M       3.2G

MemTotal:        4016004 kB
MemFree:          138436 kB
Active:           369204 kB
Mem:          3.8G       3.7G       134M       5.7M        30M       3.2G

MemTotal:        4016004 kB
MemFree:          138436 kB
Active:           369200 kB
Mem:          3.8G       3.7G       134M       5.7M        30M       3.2G

MemTotal:        4016004 kB
MemFree:          138560 kB
Active:           369200 kB
Mem:          3.8G       3.7G       135M       5.7M        30M       3.2G

MemTotal:        4016004 kB
MemFree:          138808 kB
Active:           369200 kB
Mem:          3.8G       3.7G       135M       5.7M        30M       3.2G

MemTotal:        4016004 kB
MemFree:          138684 kB
Active:           369212 kB
Mem:          3.8G       3.7G       135M       5.7M        30M       3.2G

MemTotal:        4016004 kB
MemFree:          138560 kB
Active:           369208 kB
Mem:          3.8G       3.7G       135M       5.7M        30M       3.2G

MemTotal:        4016004 kB
MemFree:          138560 kB
Active:           369164 kB
Mem:          3.8G       3.7G       135M       5.7M        30M       3.2G

MemTotal:        4016004 kB
MemFree:          138684 kB
Active:           369216 kB
Mem:          3.8G       3.7G       134M       5.7M        30M       3.2G

MemTotal:        4016004 kB
MemFree:          138560 kB
Active:           369212 kB
Mem:          3.8G       3.7G       135M       5.7M        30M       3.2G

MemTotal:        4016004 kB
MemFree:          138560 kB
Active:           369212 kB
Mem:          3.8G       3.7G       135M       5.7M        30M       3.2G

MemTotal:        4016004 kB
MemFree:          138684 kB
Active:           369212 kB
Mem:          3.8G       3.7G       135M       5.7M        30M       3.2G

MemTotal:        4016004 kB
MemFree:          138560 kB
Active:           369216 kB
Mem:          3.8G       3.7G       134M       5.7M        30M       3.2G

MemTotal:        4016004 kB
MemFree:          138436 kB
Active:           369228 kB
Mem:          3.8G       3.7G       135M       5.7M        30M       3.2G

MemTotal:        4016004 kB
MemFree:          138684 kB
Active:           369216 kB
Mem:          3.8G       3.7G       135M       5.7M        30M       3.2G

MemTotal:        4016004 kB
MemFree:          138560 kB
Active:           369224 kB
Mem:          3.8G       3.7G       135M       5.7M        30M       3.2G

MemTotal:        4016004 kB
MemFree:          138684 kB
Active:           369184 kB
Mem:          3.8G       3.7G       134M       5.7M        30M       3.2G

MemTotal:        4016004 kB
MemFree:          138684 kB
Active:           369208 kB
Mem:          3.8G       3.7G       135M       5.7M        30M       3.2G

MemTotal:        4016004 kB
MemFree:          138560 kB
Active:           369244 kB
Mem:          3.8G       3.7G       135M       5.7M        30M       3.2G

MemTotal:        4016004 kB
MemFree:          138684 kB
Active:           369196 kB
Mem:          3.8G       3.7G       135M       5.7M        30M       3.2G

MemTotal:        4016004 kB
MemFree:          138560 kB
Active:           369248 kB
Mem:          3.8G       3.7G       134M       5.7M        30M       3.2G

MemTotal:        4016004 kB
MemFree:          138560 kB
Active:           369220 kB
Mem:          3.8G       3.7G       134M       5.7M        30M       3.2G

MemTotal:        4016004 kB
MemFree:          138560 kB
Active:           369240 kB
Mem:          3.8G       3.7G       135M       5.7M        30M       3.2G

MemTotal:        4016004 kB
MemFree:          138684 kB
Active:           369208 kB
Mem:          3.8G       3.7G       135M       5.7M        30M       3.2G

MemTotal:        4016004 kB
MemFree:          138560 kB
Active:           369208 kB
Mem:          3.8G       3.7G       135M       5.7M        30M       3.2G

MemTotal:        4016004 kB
MemFree:          138684 kB
Active:           369232 kB
Mem:          3.8G       3.7G       134M       5.7M        30M       3.2G

MemTotal:        4016004 kB
MemFree:          138684 kB
Active:           369252 kB
Mem:          3.8G       3.7G       135M       5.7M        30M       3.2G

MemTotal:        4016004 kB
MemFree:          138684 kB
Active:           369220 kB
Mem:          3.8G       3.7G       134M       5.7M        30M       3.2G

MemTotal:        4016004 kB
MemFree:          138932 kB
Active:           369248 kB
Mem:          3.8G       3.7G       135M       5.7M        30M       3.2G

MemTotal:        4016004 kB
MemFree:          138808 kB
Active:           369256 kB
Mem:          3.8G       3.7G       135M       5.7M        30M       3.2G

MemTotal:        4016004 kB
MemFree:          138684 kB
Active:           369244 kB
Mem:          3.8G       3.7G       135M       5.7M        30M       3.2G

MemTotal:        4016004 kB
MemFree:          138560 kB
Active:           369244 kB
Mem:          3.8G       3.7G       134M       5.7M        30M       3.2G

MemTotal:        4016004 kB
MemFree:          138560 kB
Active:           369248 kB
Mem:          3.8G       3.7G       135M       5.7M        30M       3.2G

MemTotal:        4016004 kB
MemFree:          138560 kB
Active:           369232 kB
Mem:          3.8G       3.7G       135M       5.7M        30M       3.2G

MemTotal:        4016004 kB
MemFree:          138436 kB
Active:           369240 kB
Mem:          3.8G       3.7G       135M       5.7M        30M       3.2G

MemTotal:        4016004 kB
MemFree:          138436 kB
Active:           369260 kB
Mem:          3.8G       3.7G       134M       5.7M        30M       3.2G

MemTotal:        4016004 kB
MemFree:          138560 kB
Active:           369244 kB
Mem:          3.8G       3.7G       135M       5.7M        30M       3.2G

MemTotal:        4016004 kB
MemFree:          138684 kB
Active:           369276 kB
Mem:          3.8G       3.7G       134M       5.7M        30M       3.2G

MemTotal:        4016004 kB
MemFree:          138684 kB
Active:           369260 kB
Mem:          3.8G       3.7G       135M       5.7M        30M       3.2G

MemTotal:        4016004 kB
MemFree:          138436 kB
Active:           369280 kB
Mem:          3.8G       3.7G       134M       5.7M        30M       3.2G

MemTotal:        4016004 kB
MemFree:          138560 kB
Active:           369260 kB
Mem:          3.8G       3.7G       134M       5.7M        30M       3.2G

MemTotal:        4016004 kB
MemFree:          138312 kB
Active:           369272 kB
Mem:          3.8G       3.7G       134M       5.7M        30M       3.2G

MemTotal:        4016004 kB
MemFree:          138436 kB
Active:           369272 kB
Mem:          3.8G       3.7G       134M       5.7M        30M       3.2G

MemTotal:        4016004 kB
MemFree:          138436 kB
Active:           369284 kB
Mem:          3.8G       3.7G       134M       5.7M        30M       3.2G

MemTotal:        4016004 kB
MemFree:          138312 kB
Active:           369280 kB
Mem:          3.8G       3.7G       135M       5.7M        30M       3.2G

MemTotal:        4016004 kB
MemFree:          138312 kB
Active:           369280 kB
Mem:          3.8G       3.7G       134M       5.7M        30M       3.2G

MemTotal:        4016004 kB
MemFree:          138436 kB
Active:           369284 kB
Mem:          3.8G       3.7G       134M       5.7M        30M       3.2G

MemTotal:        4016004 kB
MemFree:          138684 kB
Active:           369268 kB
Mem:          3.8G       3.7G       135M       5.7M        30M       3.2G

MemTotal:        4016004 kB
MemFree:          138684 kB
Active:           369276 kB
Mem:          3.8G       3.7G       134M       5.7M        30M       3.2G

MemTotal:        4016004 kB
MemFree:          138684 kB
Active:           369280 kB
Mem:          3.8G       3.7G       135M       5.7M        30M       3.2G

MemTotal:        4016004 kB
MemFree:          138684 kB
Active:           369300 kB
Mem:          3.8G       3.7G       135M       5.7M        30M       3.2G

MemTotal:        4016004 kB
MemFree:          138808 kB
Active:           369280 kB
Mem:          3.8G       3.7G       135M       5.7M        30M       3.2G

MemTotal:        4016004 kB
MemFree:          138684 kB
Active:           369296 kB
Mem:          3.8G       3.7G       135M       5.7M        30M       3.2G

MemTotal:        4016004 kB
MemFree:          138436 kB
Active:           369248 kB
Mem:          3.8G       3.7G       135M       5.7M        30M       3.2G

MemTotal:        4016004 kB
MemFree:          138312 kB
Active:           369304 kB
Mem:          3.8G       3.7G       134M       5.7M        30M       3.2G

MemTotal:        4016004 kB
MemFree:          138436 kB
Active:           369304 kB
Mem:          3.8G       3.7G       135M       5.7M        30M       3.2G

MemTotal:        4016004 kB
MemFree:          138436 kB
Active:           369308 kB
Mem:          3.8G       3.7G       134M       5.7M        30M       3.2G

MemTotal:        4016004 kB
MemFree:          138436 kB
Active:           369304 kB
Mem:          3.8G       3.7G       134M       5.7M        30M       3.2G

MemTotal:        4016004 kB
MemFree:          138312 kB
Active:           369304 kB
Mem:          3.8G       3.7G       134M       5.7M        30M       3.2G

MemTotal:        4016004 kB
MemFree:          138436 kB
Active:           369280 kB
Mem:          3.8G       3.7G       134M       5.7M        30M       3.2G

MemTotal:        4016004 kB
MemFree:          138436 kB
Active:           369292 kB
Mem:          3.8G       3.7G       134M       5.7M        30M       3.2G

MemTotal:        4016004 kB
MemFree:          138560 kB
Active:           369304 kB
Mem:          3.8G       3.7G       134M       5.7M        30M       3.2G

MemTotal:        4016004 kB
MemFree:          138560 kB
Active:           369300 kB
Mem:          3.8G       3.7G       134M       5.7M        30M       3.2G

MemTotal:        4016004 kB
MemFree:          138436 kB
Active:           369312 kB
Mem:          3.8G       3.7G       134M       5.7M        30M       3.2G

MemTotal:        4016004 kB
MemFree:          138312 kB
Active:           369288 kB
Mem:          3.8G       3.7G       134M       5.7M        30M       3.2G

MemTotal:        4016004 kB
MemFree:          138436 kB
Active:           369308 kB
Mem:          3.8G       3.7G       134M       5.7M        30M       3.2G

MemTotal:        4016004 kB
MemFree:          138252 kB
Active:           369048 kB
Mem:          3.8G       3.7G       135M       5.7M        30M       3.2G

MemTotal:        4016004 kB
MemFree:          138376 kB
Active:           369044 kB
Mem:          3.8G       3.7G       135M       5.7M        31M       3.2G

MemTotal:        4016004 kB
MemFree:          138004 kB
Active:           369088 kB
Mem:          3.8G       3.7G       135M       5.7M        31M       3.2G

MemTotal:        4016004 kB
MemFree:          138500 kB
Active:           369080 kB
Mem:          3.8G       3.7G       135M       5.7M        31M       3.2G

MemTotal:        4016004 kB
MemFree:          138872 kB
Active:           369040 kB
Mem:          3.8G       3.7G       135M       5.7M        31M       3.2G

MemTotal:        4016004 kB
MemFree:          138376 kB
Active:           369044 kB
Mem:          3.8G       3.7G       135M       5.7M        31M       3.2G

MemTotal:        4016004 kB
MemFree:          138004 kB
Active:           369088 kB
Mem:          3.8G       3.7G       134M       5.7M        31M       3.2G

MemTotal:        4016004 kB
MemFree:          138004 kB
Active:           369096 kB
Mem:          3.8G       3.7G       134M       5.7M        31M       3.2G

MemTotal:        4016004 kB
MemFree:          138004 kB
Active:           369068 kB
Mem:          3.8G       3.7G       134M       5.7M        31M       3.2G

MemTotal:        4016004 kB
MemFree:          138128 kB
Active:           369084 kB
Mem:          3.8G       3.7G       134M       5.7M        31M       3.2G

MemTotal:        4016004 kB
MemFree:          138252 kB
Active:           369084 kB
Mem:          3.8G       3.7G       134M       5.7M        31M       3.2G

MemTotal:        4016004 kB
MemFree:          137756 kB
Active:           369112 kB
Mem:          3.8G       3.7G       134M       5.7M        31M       3.2G

MemTotal:        4016004 kB
MemFree:          138500 kB
Active:           369056 kB
Mem:          3.8G       3.7G       135M       5.7M        31M       3.2G

MemTotal:        4016004 kB
MemFree:          138624 kB
Active:           369084 kB
Mem:          3.8G       3.7G       135M       5.7M        31M       3.2G

MemTotal:        4016004 kB
MemFree:          138748 kB
Active:           369056 kB
Mem:          3.8G       3.7G       135M       5.7M        31M       3.2G

MemTotal:        4016004 kB
MemFree:          138748 kB
Active:           369096 kB
Mem:          3.8G       3.7G       134M       5.7M        31M       3.2G

MemTotal:        4016004 kB
MemFree:          138500 kB
Active:           369104 kB
Mem:          3.8G       3.7G       135M       5.7M        31M       3.2G

MemTotal:        4016004 kB
MemFree:          138500 kB
Active:           369088 kB
Mem:          3.8G       3.7G       135M       5.7M        31M       3.2G

MemTotal:        4016004 kB
MemFree:          138500 kB
Active:           369096 kB
Mem:          3.8G       3.7G       135M       5.7M        31M       3.2G

MemTotal:        4016004 kB
MemFree:          138500 kB
Active:           369116 kB
Mem:          3.8G       3.7G       135M       5.7M        31M       3.2G

MemTotal:        4016004 kB
MemFree:          138996 kB
Active:           369084 kB
Mem:          3.8G       3.7G       135M       5.7M        31M       3.2G

MemTotal:        4016004 kB
MemFree:          138996 kB
Active:           369128 kB
Mem:          3.8G       3.7G       135M       5.7M        31M       3.2G

MemTotal:        4016004 kB
MemFree:          138872 kB
Active:           369128 kB
Mem:          3.8G       3.7G       135M       5.7M        31M       3.2G

MemTotal:        4016004 kB
MemFree:          138376 kB
Active:           369132 kB
Mem:          3.8G       3.7G       135M       5.7M        31M       3.2G

MemTotal:        4016004 kB
MemFree:          138624 kB
Active:           369100 kB
Mem:          3.8G       3.7G       135M       5.7M        31M       3.2G

MemTotal:        4016004 kB
MemFree:          138624 kB
Active:           369120 kB
Mem:          3.8G       3.7G       135M       5.7M        31M       3.2G

MemTotal:        4016004 kB
MemFree:          138252 kB
Active:           369136 kB
Mem:          3.8G       3.7G       135M       5.7M        31M       3.2G

MemTotal:        4016004 kB
MemFree:          138624 kB
Active:           369092 kB
Mem:          3.8G       3.7G       135M       5.7M        31M       3.2G

MemTotal:        4016004 kB
MemFree:          138128 kB
Active:           369140 kB
Mem:          3.8G       3.7G       135M       5.7M        31M       3.2G

MemTotal:        4016004 kB
MemFree:          138624 kB
Active:           369120 kB
