MemTotal:        4016004 kB
MemFree:         3224276 kB
Active:           436136 kB
Mem:          3.8G       773M       3.1G       5.7M        52M       322M

MemTotal:        4016004 kB
MemFree:         3223336 kB
Active:           436652 kB
Mem:          3.8G       773M       3.1G       5.7M        52M       322M

MemTotal:        4016004 kB
MemFree:         3224080 kB
Active:           436752 kB
Mem:          3.8G       773M       3.1G       5.7M        52M       322M

MemTotal:        4016004 kB
MemFree:         3223584 kB
Active:           436712 kB
Mem:          3.8G       773M       3.1G       5.7M        52M       322M

MemTotal:        4016004 kB
MemFree:         3224328 kB
Active:           436736 kB
Mem:          3.8G       773M       3.1G       5.7M        52M       322M

MemTotal:        4016004 kB
MemFree:         3224296 kB
Active:           436772 kB
Mem:          3.8G       773M       3.1G       5.7M        52M       322M

MemTotal:        4016004 kB
MemFree:         3224280 kB
Active:           436744 kB
Mem:          3.8G       773M       3.1G       5.7M        52M       322M

MemTotal:        4016004 kB
MemFree:         3224264 kB
Active:           436748 kB
Mem:          3.8G       773M       3.1G       5.7M        52M       322M

MemTotal:        4016004 kB
MemFree:         3223768 kB
Active:           436748 kB
Mem:          3.8G       773M       3.1G       5.7M        52M       322M

MemTotal:        4016004 kB
MemFree:         3224248 kB
Active:           436764 kB
Mem:          3.8G       773M       3.1G       5.7M        52M       322M

MemTotal:        4016004 kB
MemFree:         3224372 kB
Active:           436732 kB
Mem:          3.8G       773M       3.1G       5.7M        52M       322M

MemTotal:        4016004 kB
MemFree:         3224000 kB
Active:           436792 kB
Mem:          3.8G       773M       3.1G       5.7M        52M       322M

MemTotal:        4016004 kB
MemFree:         3224000 kB
Active:           436788 kB
Mem:          3.8G       773M       3.1G       5.7M        52M       322M

MemTotal:        4016004 kB
MemFree:         3221984 kB
Active:           438840 kB
Mem:          3.8G       775M       3.1G       5.7M        52M       322M

MemTotal:        4016004 kB
MemFree:         3221984 kB
Active:           438788 kB
Mem:          3.8G       775M       3.1G       5.7M        52M       322M

MemTotal:        4016004 kB
MemFree:         3221364 kB
Active:           438820 kB
Mem:          3.8G       775M       3.1G       5.7M        52M       322M

MemTotal:        4016004 kB
MemFree:         3221860 kB
Active:           438788 kB
Mem:          3.8G       775M       3.1G       5.7M        52M       322M

MemTotal:        4016004 kB
MemFree:         3222232 kB
Active:           438764 kB
Mem:          3.8G       775M       3.1G       5.7M        52M       322M

MemTotal:        4016004 kB
MemFree:         3222232 kB
Active:           438796 kB
Mem:          3.8G       775M       3.1G       5.7M        52M       322M

MemTotal:        4016004 kB
MemFree:         3222340 kB
Active:           438784 kB
Mem:          3.8G       775M       3.1G       5.7M        52M       322M

MemTotal:        4016004 kB
MemFree:         3221924 kB
Active:           438820 kB
Mem:          3.8G       775M       3.1G       5.7M        52M       322M

MemTotal:        4016004 kB
MemFree:         3221924 kB
Active:           438824 kB
Mem:          3.8G       775M       3.1G       5.7M        52M       322M

MemTotal:        4016004 kB
MemFree:         3221924 kB
Active:           438800 kB
Mem:          3.8G       775M       3.1G       5.7M        52M       322M

MemTotal:        4016004 kB
MemFree:         3221924 kB
Active:           438780 kB
Mem:          3.8G       775M       3.1G       5.7M        52M       322M

MemTotal:        4016004 kB
MemFree:         3221660 kB
Active:           438820 kB
Mem:          3.8G       775M       3.1G       5.7M        52M       322M

MemTotal:        4016004 kB
MemFree:         3221644 kB
Active:           438804 kB
Mem:          3.8G       775M       3.1G       5.7M        52M       322M

MemTotal:        4016004 kB
MemFree:         3222140 kB
Active:           438824 kB
Mem:          3.8G       775M       3.1G       5.7M        52M       322M

MemTotal:        4016004 kB
MemFree:         3221892 kB
Active:           438816 kB
Mem:          3.8G       775M       3.1G       5.7M        52M       322M

MemTotal:        4016004 kB
MemFree:         3222000 kB
Active:           438788 kB
Mem:          3.8G       775M       3.1G       5.7M        52M       322M

MemTotal:        4016004 kB
MemFree:         3222092 kB
Active:           438812 kB
Mem:          3.8G       775M       3.1G       5.7M        52M       322M

MemTotal:        4016004 kB
MemFree:         3221984 kB
Active:           438816 kB
Mem:          3.8G       775M       3.1G       5.7M        52M       322M

MemTotal:        4016004 kB
MemFree:         3221704 kB
Active:           438832 kB
Mem:          3.8G       775M       3.1G       5.7M        52M       322M

MemTotal:        4016004 kB
MemFree:         3221952 kB
Active:           438832 kB
Mem:          3.8G       775M       3.1G       5.7M        52M       322M

MemTotal:        4016004 kB
MemFree:         3221004 kB
Active:           437084 kB
Mem:          3.8G       776M       3.1G       5.7M        52M       322M

MemTotal:        4016004 kB
MemFree:         3221532 kB
Active:           437088 kB
Mem:          3.8G       776M       3.1G       5.7M        52M       322M

MemTotal:        4016004 kB
MemFree:         3221284 kB
Active:           437064 kB
Mem:          3.8G       776M       3.1G       5.7M        52M       322M

MemTotal:        4016004 kB
MemFree:         3221780 kB
Active:           437048 kB
Mem:          3.8G       775M       3.1G       5.7M        52M       322M

MemTotal:        4016004 kB
MemFree:         3221532 kB
Active:           439140 kB
Mem:          3.8G       775M       3.1G       5.7M        52M       322M

MemTotal:        4016004 kB
MemFree:         3221904 kB
Active:           439132 kB
Mem:          3.8G       775M       3.1G       5.7M        52M       322M

MemTotal:        4016004 kB
MemFree:         3221656 kB
Active:           439140 kB
Mem:          3.8G       775M       3.1G       5.7M        52M       322M

MemTotal:        4016004 kB
MemFree:         3221780 kB
Active:           439128 kB
Mem:          3.8G       775M       3.1G       5.7M        52M       322M

MemTotal:        4016004 kB
MemFree:         3221904 kB
Active:           439096 kB
Mem:          3.8G       775M       3.1G       5.7M        52M       322M

MemTotal:        4016004 kB
MemFree:         3219484 kB
Active:           439100 kB
Mem:          3.8G       777M       3.1G       5.7M        52M       322M

MemTotal:        4016004 kB
MemFree:         3219608 kB
Active:           441132 kB
Mem:          3.8G       777M       3.1G       5.7M        52M       322M

MemTotal:        4016004 kB
MemFree:         3219732 kB
Active:           441152 kB
Mem:          3.8G       777M       3.1G       5.7M        52M       322M

MemTotal:        4016004 kB
MemFree:         3219732 kB
Active:           441140 kB
Mem:          3.8G       777M       3.1G       5.7M        52M       322M

MemTotal:        4016004 kB
MemFree:         3219732 kB
Active:           441152 kB
Mem:          3.8G       777M       3.1G       5.7M        52M       322M

MemTotal:        4016004 kB
MemFree:         3219732 kB
Active:           441176 kB
Mem:          3.8G       777M       3.1G       5.7M        52M       322M

MemTotal:        4016004 kB
MemFree:         3219856 kB
Active:           441152 kB
Mem:          3.8G       777M       3.1G       5.7M        52M       322M

MemTotal:        4016004 kB
MemFree:         3220104 kB
Active:           441160 kB
Mem:          3.8G       777M       3.1G       5.7M        52M       322M

MemTotal:        4016004 kB
MemFree:         3219484 kB
Active:           441192 kB
Mem:          3.8G       777M       3.1G       5.7M        52M       322M

MemTotal:        4016004 kB
MemFree:         3219716 kB
Active:           441144 kB
Mem:          3.8G       777M       3.1G       5.7M        52M       322M

MemTotal:        4016004 kB
MemFree:         3219712 kB
Active:           439180 kB
Mem:          3.8G       777M       3.1G       5.7M        52M       322M

MemTotal:        4016004 kB
MemFree:         3219400 kB
Active:           441176 kB
Mem:          3.8G       777M       3.1G       5.7M        52M       322M

MemTotal:        4016004 kB
MemFree:         3219152 kB
Active:           441212 kB
Mem:          3.8G       778M       3.1G       5.7M        52M       322M

MemTotal:        4016004 kB
MemFree:         3219152 kB
Active:           441176 kB
Mem:          3.8G       778M       3.1G       5.7M        52M       322M

MemTotal:        4016004 kB
MemFree:         3219136 kB
Active:           441200 kB
Mem:          3.8G       778M       3.1G       5.7M        52M       322M

MemTotal:        4016004 kB
MemFree:         3219492 kB
Active:           441184 kB
Mem:          3.8G       777M       3.1G       5.7M        52M       322M

MemTotal:        4016004 kB
MemFree:         3219708 kB
Active:           441200 kB
Mem:          3.8G       777M       3.1G       5.7M        52M       322M

MemTotal:        4016004 kB
MemFree:         3219692 kB
Active:           441216 kB
Mem:          3.8G       778M       3.1G       5.7M        52M       322M

MemTotal:        4016004 kB
MemFree:         3219568 kB
Active:           441172 kB
Mem:          3.8G       777M       3.1G       5.7M        52M       322M

MemTotal:        4016004 kB
MemFree:         3219552 kB
Active:           441176 kB
Mem:          3.8G       777M       3.1G       5.7M        52M       322M

MemTotal:        4016004 kB
MemFree:         3219660 kB
Active:           441196 kB
Mem:          3.8G       777M       3.1G       5.7M        52M       322M

MemTotal:        4016004 kB
MemFree:         3219396 kB
Active:           441204 kB
Mem:          3.8G       777M       3.1G       5.7M        52M       322M

MemTotal:        4016004 kB
MemFree:         3219644 kB
Active:           441224 kB
Mem:          3.8G       777M       3.1G       5.7M        52M       322M

MemTotal:        4016004 kB
MemFree:         3219384 kB
Active:           441192 kB
Mem:          3.8G       778M       3.1G       5.7M        52M       322M

MemTotal:        4016004 kB
MemFree:         3219260 kB
Active:           441220 kB
Mem:          3.8G       778M       3.1G       5.7M        52M       322M

MemTotal:        4016004 kB
MemFree:         3219384 kB
Active:           441176 kB
Mem:          3.8G       777M       3.1G       5.7M        52M       322M

MemTotal:        4016004 kB
MemFree:         3219384 kB
Active:           441216 kB
Mem:          3.8G       777M       3.1G       5.7M        52M       322M

MemTotal:        4016004 kB
MemFree:         3219136 kB
Active:           441228 kB
Mem:          3.8G       778M       3.1G       5.7M        52M       322M

MemTotal:        4016004 kB
MemFree:         3218888 kB
Active:           441236 kB
Mem:          3.8G       778M       3.1G       5.7M        52M       322M

MemTotal:        4016004 kB
MemFree:         3219384 kB
Active:           441224 kB
Mem:          3.8G       778M       3.1G       5.7M        52M       322M

MemTotal:        4016004 kB
MemFree:         3219384 kB
Active:           441220 kB
Mem:          3.8G       778M       3.1G       5.7M        52M       322M

MemTotal:        4016004 kB
MemFree:         3219012 kB
Active:           441236 kB
Mem:          3.8G       777M       3.1G       5.7M        52M       322M

MemTotal:        4016004 kB
MemFree:         3219632 kB
Active:           441232 kB
Mem:          3.8G       777M       3.1G       5.7M        52M       322M

MemTotal:        4016004 kB
MemFree:         3219492 kB
Active:           441200 kB
Mem:          3.8G       778M       3.1G       5.7M        52M       322M

MemTotal:        4016004 kB
MemFree:         3218856 kB
Active:           441240 kB
Mem:          3.8G       778M       3.1G       5.7M        52M       322M

MemTotal:        4016004 kB
MemFree:         3218980 kB
Active:           441204 kB
Mem:          3.8G       778M       3.1G       5.7M        52M       322M

MemTotal:        4016004 kB
MemFree:         3219228 kB
Active:           441228 kB
Mem:          3.8G       778M       3.1G       5.7M        52M       322M

MemTotal:        4016004 kB
MemFree:         3219228 kB
Active:           441240 kB
Mem:          3.8G       778M       3.1G       5.7M        52M       322M

MemTotal:        4016004 kB
MemFree:         3219680 kB
Active:           441192 kB
Mem:          3.8G       778M       3.1G       5.7M        52M       322M

MemTotal:        4016004 kB
MemFree:         3219556 kB
Active:           441212 kB
Mem:          3.8G       777M       3.1G       5.7M        52M       322M

MemTotal:        4016004 kB
MemFree:         3217508 kB
Active:           441232 kB
Mem:          3.8G       779M       3.1G       5.7M        52M       322M

MemTotal:        4016004 kB
MemFree:         3217384 kB
Active:           443240 kB
Mem:          3.8G       779M       3.1G       5.7M        52M       322M

MemTotal:        4016004 kB
MemFree:         3217508 kB
Active:           443268 kB
Mem:          3.8G       780M       3.1G       5.7M        52M       322M

MemTotal:        4016004 kB
MemFree:         3217492 kB
Active:           443232 kB
Mem:          3.8G       779M       3.1G       5.7M        52M       322M

MemTotal:        4016004 kB
MemFree:         3217476 kB
Active:           443236 kB
Mem:          3.8G       780M       3.1G       5.7M        52M       322M

MemTotal:        4016004 kB
MemFree:         3217336 kB
Active:           443256 kB
Mem:          3.8G       779M       3.1G       5.7M        52M       322M

MemTotal:        4016004 kB
MemFree:         3217460 kB
Active:           443288 kB
Mem:          3.8G       780M       3.1G       5.7M        52M       322M

MemTotal:        4016004 kB
MemFree:         3217524 kB
Active:           443284 kB
Mem:          3.8G       779M       3.1G       5.7M        52M       322M

MemTotal:        4016004 kB
MemFree:         3217772 kB
Active:           443284 kB
Mem:          3.8G       779M       3.1G       5.7M        52M       322M

MemTotal:        4016004 kB
MemFree:         3217028 kB
Active:           443304 kB
Mem:          3.8G       779M       3.1G       5.7M        52M       322M

MemTotal:        4016004 kB
MemFree:         3217204 kB
Active:           441412 kB
Mem:          3.8G       779M       3.1G       5.7M        52M       322M

MemTotal:        4016004 kB
MemFree:         3217336 kB
Active:           443284 kB
Mem:          3.8G       780M       3.1G       5.7M        52M       322M

MemTotal:        4016004 kB
MemFree:         3217336 kB
Active:           443300 kB
Mem:          3.8G       779M       3.1G       5.7M        52M       322M

MemTotal:        4016004 kB
MemFree:         3217320 kB
Active:           443308 kB
Mem:          3.8G       780M       3.1G       5.7M        52M       322M

MemTotal:        4016004 kB
MemFree:         3217412 kB
Active:           443268 kB
Mem:          3.8G       779M       3.1G       5.7M        52M       322M

MemTotal:        4016004 kB
MemFree:         3217552 kB
Active:           443284 kB
Mem:          3.8G       779M       3.1G       5.7M        52M       322M

MemTotal:        4016004 kB
MemFree:         3217552 kB
Active:           443288 kB
Mem:          3.8G       779M       3.1G       5.7M        52M       322M

MemTotal:        4016004 kB
MemFree:         3217412 kB
Active:           443304 kB
Mem:          3.8G       779M       3.1G       5.7M        52M       322M

MemTotal:        4016004 kB
MemFree:         3216744 kB
Active:           443448 kB
Mem:          3.8G       780M       3.1G       5.7M        52M       322M

MemTotal:        4016004 kB
MemFree:         3176380 kB
Active:           443680 kB
Mem:          3.8G       820M       3.0G       5.7M        52M       361M

MemTotal:        4016004 kB
MemFree:         3133912 kB
Active:           443668 kB
Mem:          3.8G       862M       3.0G       5.7M        52M       403M

MemTotal:        4016004 kB
MemFree:         3090400 kB
Active:           443720 kB
Mem:          3.8G       903M       2.9G       5.7M        52M       444M

MemTotal:        4016004 kB
MemFree:         3046904 kB
Active:           443756 kB
Mem:          3.8G       947M       2.9G       5.7M        52M       486M

MemTotal:        4016004 kB
MemFree:         3003656 kB
Active:           443764 kB
Mem:          3.8G       989M       2.9G       5.7M        52M       528M

MemTotal:        4016004 kB
MemFree:         2960036 kB
Active:           443796 kB
Mem:          3.8G       1.0G       2.8G       5.7M        52M       569M

MemTotal:        4016004 kB
MemFree:         2917872 kB
Active:           443816 kB
Mem:          3.8G       1.0G       2.8G       5.7M        52M       610M

MemTotal:        4016004 kB
MemFree:         2874160 kB
Active:           443800 kB
Mem:          3.8G       1.1G       2.7G       5.7M        52M       651M

MemTotal:        4016004 kB
MemFree:         2831548 kB
Active:           443868 kB
Mem:          3.8G       1.1G       2.7G       5.7M        52M       693M

MemTotal:        4016004 kB
MemFree:         2788932 kB
Active:           443896 kB
Mem:          3.8G       1.2G       2.7G       5.7M        52M       733M

MemTotal:        4016004 kB
MemFree:         2721580 kB
Active:           444028 kB
Mem:          3.8G       1.2G       2.6G       5.7M        52M       798M

MemTotal:        4016004 kB
MemFree:         2718976 kB
Active:           443928 kB
Mem:          3.8G       1.2G       2.6G       5.7M        52M       800M

MemTotal:        4016004 kB
MemFree:         2676100 kB
Active:           443964 kB
Mem:          3.8G       1.3G       2.6G       5.7M        52M       842M

MemTotal:        4016004 kB
MemFree:         2632868 kB
Active:           443988 kB
Mem:          3.8G       1.3G       2.5G       5.7M        52M       884M

MemTotal:        4016004 kB
MemFree:         2589736 kB
Active:           444016 kB
Mem:          3.8G       1.4G       2.5G       5.7M        52M       925M

MemTotal:        4016004 kB
MemFree:         2547004 kB
Active:           444012 kB
Mem:          3.8G       1.4G       2.4G       5.7M        52M       966M

MemTotal:        4016004 kB
MemFree:         2504376 kB
Active:           444072 kB
Mem:          3.8G       1.4G       2.4G       5.7M        52M       1.0G

MemTotal:        4016004 kB
MemFree:         2460260 kB
Active:           444100 kB
Mem:          3.8G       1.5G       2.3G       5.7M        52M       1.0G

MemTotal:        4016004 kB
MemFree:         2416764 kB
Active:           444112 kB
Mem:          3.8G       1.5G       2.3G       5.7M        52M       1.1G

MemTotal:        4016004 kB
MemFree:         2373748 kB
Active:           444116 kB
Mem:          3.8G       1.6G       2.3G       5.7M        52M       1.1G

MemTotal:        4016004 kB
MemFree:         2330592 kB
Active:           444184 kB
Mem:          3.8G       1.6G       2.2G       5.7M        52M       1.1G

MemTotal:        4016004 kB
MemFree:         2287624 kB
Active:           444212 kB
Mem:          3.8G       1.6G       2.2G       5.7M        52M       1.2G

MemTotal:        4016004 kB
MemFree:         2269308 kB
Active:           444176 kB
Mem:          3.8G       1.7G       2.2G       5.7M        52M       1.2G

MemTotal:        4016004 kB
MemFree:         2266104 kB
Active:           444220 kB
Mem:          3.8G       1.7G       2.2G       5.7M        52M       1.2G

MemTotal:        4016004 kB
MemFree:         2235072 kB
Active:           444252 kB
Mem:          3.8G       1.7G       2.1G       5.7M        52M       1.2G

MemTotal:        4016004 kB
MemFree:         2192388 kB
Active:           444272 kB
Mem:          3.8G       1.7G       2.1G       5.7M        52M       1.3G

MemTotal:        4016004 kB
MemFree:         2149224 kB
Active:           444296 kB
Mem:          3.8G       1.8G       2.0G       5.7M        52M       1.3G

MemTotal:        4016004 kB
MemFree:         2106240 kB
Active:           444280 kB
Mem:          3.8G       1.8G       2.0G       5.7M        52M       1.4G

MemTotal:        4016004 kB
MemFree:         2062976 kB
Active:           444340 kB
Mem:          3.8G       1.9G       2.0G       5.7M        52M       1.4G

MemTotal:        4016004 kB
MemFree:         2019728 kB
Active:           444308 kB
Mem:          3.8G       1.9G       1.9G       5.7M        52M       1.4G

MemTotal:        4016004 kB
MemFree:         1976216 kB
Active:           444392 kB
Mem:          3.8G       1.9G       1.9G       5.7M        52M       1.5G

MemTotal:        4016004 kB
MemFree:         1933216 kB
Active:           444392 kB
Mem:          3.8G       2.0G       1.8G       5.7M        52M       1.5G

MemTotal:        4016004 kB
MemFree:         1915628 kB
Active:           444428 kB
Mem:          3.8G       2.0G       1.8G       5.7M        52M       1.5G

MemTotal:        4016004 kB
MemFree:         1882380 kB
Active:           444456 kB
Mem:          3.8G       2.0G       1.8G       5.7M        52M       1.6G

MemTotal:        4016004 kB
MemFree:         1839288 kB
Active:           444452 kB
Mem:          3.8G       2.1G       1.8G       5.7M        52M       1.6G

MemTotal:        4016004 kB
MemFree:         1814960 kB
Active:           444492 kB
Mem:          3.8G       2.1G       1.7G       5.7M        52M       1.6G

MemTotal:        4016004 kB
MemFree:         1791344 kB
Active:           444524 kB
Mem:          3.8G       2.1G       1.7G       5.7M        52M       1.7G

MemTotal:        4016004 kB
MemFree:         1748748 kB
Active:           444536 kB
Mem:          3.8G       2.2G       1.7G       5.7M        52M       1.7G

MemTotal:        4016004 kB
MemFree:         1705192 kB
Active:           444540 kB
Mem:          3.8G       2.2G       1.6G       5.7M        52M       1.7G

MemTotal:        4016004 kB
MemFree:         1659900 kB
Active:           444556 kB
Mem:          3.8G       2.2G       1.6G       5.7M        52M       1.8G

MemTotal:        4016004 kB
MemFree:         1617400 kB
Active:           446624 kB
Mem:          3.8G       2.3G       1.5G       5.7M        52M       1.8G

MemTotal:        4016004 kB
MemFree:         1575144 kB
Active:           446616 kB
Mem:          3.8G       2.3G       1.5G       5.7M        52M       1.9G

MemTotal:        4016004 kB
MemFree:         1530796 kB
Active:           446652 kB
Mem:          3.8G       2.4G       1.5G       5.7M        52M       1.9G

MemTotal:        4016004 kB
MemFree:         1487756 kB
Active:           446704 kB
Mem:          3.8G       2.4G       1.4G       5.7M        53M       1.9G

MemTotal:        4016004 kB
MemFree:         1461940 kB
Active:           446728 kB
Mem:          3.8G       2.4G       1.4G       5.7M        53M       2.0G

MemTotal:        4016004 kB
MemFree:         1444100 kB
Active:           446748 kB
Mem:          3.8G       2.5G       1.4G       5.7M        53M       2.0G

MemTotal:        4016004 kB
MemFree:         1401256 kB
Active:           446736 kB
Mem:          3.8G       2.5G       1.3G       5.7M        53M       2.0G

MemTotal:        4016004 kB
MemFree:         1361300 kB
Active:           446792 kB
Mem:          3.8G       2.5G       1.3G       5.7M        53M       2.1G

MemTotal:        4016004 kB
MemFree:         1360680 kB
Active:           446804 kB
Mem:          3.8G       2.5G       1.3G       5.7M        53M       2.1G

MemTotal:        4016004 kB
MemFree:         1320500 kB
Active:           446820 kB
Mem:          3.8G       2.6G       1.3G       5.7M        53M       2.1G

MemTotal:        4016004 kB
MemFree:         1278416 kB
Active:           446796 kB
Mem:          3.8G       2.6G       1.2G       5.7M        53M       2.1G

MemTotal:        4016004 kB
MemFree:         1235328 kB
Active:           446868 kB
Mem:          3.8G       2.7G       1.2G       5.7M        53M       2.2G

MemTotal:        4016004 kB
MemFree:         1172492 kB
Active:           446900 kB
Mem:          3.8G       2.7G       1.1G       5.7M        53M       2.2G

MemTotal:        4016004 kB
MemFree:         1129740 kB
Active:           446884 kB
Mem:          3.8G       2.8G       1.1G       5.7M        53M       2.3G

MemTotal:        4016004 kB
MemFree:         1086616 kB
Active:           446892 kB
Mem:          3.8G       2.8G       1.0G       5.7M        53M       2.3G

MemTotal:        4016004 kB
MemFree:         1043988 kB
Active:           446968 kB
Mem:          3.8G       2.8G       1.0G       5.7M        53M       2.4G

MemTotal:        4016004 kB
MemFree:         1000988 kB
Active:           446964 kB
Mem:          3.8G       2.9G       977M       5.7M        53M       2.4G

MemTotal:        4016004 kB
MemFree:          958756 kB
Active:           447000 kB
Mem:          3.8G       2.9G       936M       5.7M        53M       2.4G

MemTotal:        4016004 kB
MemFree:          916456 kB
Active:           447036 kB
Mem:          3.8G       3.0G       894M       5.7M        53M       2.5G

MemTotal:        4016004 kB
MemFree:          892304 kB
Active:           447076 kB
Mem:          3.8G       3.0G       871M       5.7M        53M       2.5G

MemTotal:        4016004 kB
MemFree:          849288 kB
Active:           447068 kB
Mem:          3.8G       3.0G       829M       5.7M        53M       2.5G

MemTotal:        4016004 kB
MemFree:          806152 kB
Active:           447132 kB
Mem:          3.8G       3.1G       786M       5.7M        53M       2.6G

MemTotal:        4016004 kB
MemFree:          763468 kB
Active:           447148 kB
Mem:          3.8G       3.1G       745M       5.7M        53M       2.6G

MemTotal:        4016004 kB
MemFree:          721088 kB
Active:           447180 kB
Mem:          3.8G       3.1G       704M       5.7M        53M       2.7G

MemTotal:        4016004 kB
MemFree:          679328 kB
Active:           447176 kB
Mem:          3.8G       3.2G       662M       5.7M        53M       2.7G

MemTotal:        4016004 kB
MemFree:          635336 kB
Active:           447232 kB
Mem:          3.8G       3.2G       620M       5.7M        53M       2.7G

MemTotal:        4016004 kB
MemFree:          591556 kB
Active:           447264 kB
Mem:          3.8G       3.3G       577M       5.7M        53M       2.8G

MemTotal:        4016004 kB
MemFree:          550172 kB
Active:           447244 kB
Mem:          3.8G       3.3G       536M       5.7M        53M       2.8G

MemTotal:        4016004 kB
MemFree:          506348 kB
Active:           447308 kB
Mem:          3.8G       3.3G       494M       5.7M        53M       2.9G

MemTotal:        4016004 kB
MemFree:          469008 kB
Active:           447284 kB
Mem:          3.8G       3.4G       458M       5.7M        53M       2.9G

MemTotal:        4016004 kB
MemFree:          439500 kB
Active:           447348 kB
Mem:          3.8G       3.4G       429M       5.7M        53M       2.9G

MemTotal:        4016004 kB
MemFree:          418072 kB
Active:           447368 kB
Mem:          3.8G       3.4G       407M       5.7M        53M       2.9G

MemTotal:        4016004 kB
MemFree:          376036 kB
Active:           447212 kB
Mem:          3.8G       3.5G       367M       5.7M        53M       3.0G

MemTotal:        4016004 kB
MemFree:          333816 kB
Active:           447224 kB
Mem:          3.8G       3.5G       325M       5.7M        53M       3.0G

MemTotal:        4016004 kB
MemFree:          290960 kB
Active:           447256 kB
Mem:          3.8G       3.6G       284M       5.7M        53M       3.1G

MemTotal:        4016004 kB
MemFree:          247684 kB
Active:           447288 kB
Mem:          3.8G       3.6G       241M       5.7M        53M       3.1G

MemTotal:        4016004 kB
MemFree:          205412 kB
Active:           447296 kB
Mem:          3.8G       3.6G       200M       5.7M        53M       3.1G

MemTotal:        4016004 kB
MemFree:          162660 kB
Active:           447284 kB
Mem:          3.8G       3.7G       158M       5.7M        53M       3.2G

MemTotal:        4016004 kB
MemFree:          120184 kB
Active:           445456 kB
Mem:          3.8G       3.7G       117M       5.7M        53M       3.2G

MemTotal:        4016004 kB
MemFree:          130216 kB
Active:           450060 kB
Mem:          3.8G       3.7G       122M       5.7M        20M       3.2G

MemTotal:        4016004 kB
MemFree:          117780 kB
Active:           483076 kB
Mem:          3.8G       3.7G       115M       5.7M        20M       3.3G

MemTotal:        4016004 kB
MemFree:          123768 kB
Active:           502296 kB
Mem:          3.8G       3.7G       120M       5.7M        20M       3.2G

MemTotal:        4016004 kB
MemFree:          126116 kB
Active:           497484 kB
Mem:          3.8G       3.7G       122M       5.7M        21M       3.2G

MemTotal:        4016004 kB
MemFree:          123572 kB
Active:           480916 kB
Mem:          3.8G       3.7G       120M       5.7M        21M       3.2G

MemTotal:        4016004 kB
MemFree:          112676 kB
Active:           477864 kB
Mem:          3.8G       3.7G       109M       5.7M        21M       3.3G

MemTotal:        4016004 kB
MemFree:          122812 kB
Active:           471004 kB
Mem:          3.8G       3.7G       119M       5.7M        21M       3.2G

MemTotal:        4016004 kB
MemFree:          116380 kB
Active:           469564 kB
Mem:          3.8G       3.7G       113M       5.7M        21M       3.3G

MemTotal:        4016004 kB
MemFree:          110916 kB
Active:           466116 kB
Mem:          3.8G       3.7G       108M       5.7M        21M       3.3G

MemTotal:        4016004 kB
MemFree:          129044 kB
Active:           456744 kB
Mem:          3.8G       3.7G       125M       5.7M        21M       3.2G

MemTotal:        4016004 kB
MemFree:          127052 kB
Active:           454972 kB
Mem:          3.8G       3.7G       123M       5.7M        21M       3.2G

MemTotal:        4016004 kB
MemFree:          124632 kB
Active:           453092 kB
Mem:          3.8G       3.7G       121M       5.7M        21M       3.2G

MemTotal:        4016004 kB
MemFree:          114440 kB
Active:           453060 kB
Mem:          3.8G       3.7G       111M       5.7M        21M       3.3G

MemTotal:        4016004 kB
MemFree:          133532 kB
Active:           451320 kB
Mem:          3.8G       3.7G       130M       5.7M        21M       3.2G

MemTotal:        4016004 kB
MemFree:          126572 kB
Active:           450336 kB
Mem:          3.8G       3.7G       123M       5.7M        21M       3.2G

MemTotal:        4016004 kB
MemFree:          109320 kB
Active:           449684 kB
Mem:          3.8G       3.7G       107M       5.7M        21M       3.3G

MemTotal:        4016004 kB
MemFree:          127288 kB
Active:           447848 kB
Mem:          3.8G       3.7G       124M       5.7M        21M       3.2G

MemTotal:        4016004 kB
MemFree:          121736 kB
Active:           444512 kB
Mem:          3.8G       3.7G       119M       5.7M        21M       3.2G

MemTotal:        4016004 kB
MemFree:          105272 kB
Active:           443784 kB
Mem:          3.8G       3.7G       102M       5.7M        21M       3.3G

MemTotal:        4016004 kB
MemFree:          135016 kB
Active:           441492 kB
Mem:          3.8G       3.7G       132M       5.7M        21M       3.2G

MemTotal:        4016004 kB
MemFree:          123920 kB
Active:           440264 kB
Mem:          3.8G       3.7G       120M       5.7M        21M       3.2G

MemTotal:        4016004 kB
MemFree:          128228 kB
Active:           439144 kB
Mem:          3.8G       3.7G       125M       5.7M        21M       3.2G

MemTotal:        4016004 kB
MemFree:          131340 kB
Active:           437496 kB
Mem:          3.8G       3.7G       128M       5.7M        21M       3.2G

MemTotal:        4016004 kB
MemFree:          120328 kB
Active:           437500 kB
Mem:          3.8G       3.7G       117M       5.7M        21M       3.3G

MemTotal:        4016004 kB
MemFree:          108700 kB
Active:           434544 kB
Mem:          3.8G       3.7G       106M       5.7M        21M       3.3G

MemTotal:        4016004 kB
MemFree:          122024 kB
Active:           433404 kB
Mem:          3.8G       3.7G       118M       5.7M        21M       3.3G

MemTotal:        4016004 kB
MemFree:          121096 kB
Active:           433452 kB
Mem:          3.8G       3.7G       118M       5.7M        21M       3.3G

MemTotal:        4016004 kB
MemFree:          120572 kB
Active:           433464 kB
Mem:          3.8G       3.7G       117M       5.7M        21M       3.3G

MemTotal:        4016004 kB
MemFree:          115916 kB
Active:           432088 kB
Mem:          3.8G       3.7G       112M       5.7M        21M       3.3G

MemTotal:        4016004 kB
MemFree:          110800 kB
Active:           430956 kB
Mem:          3.8G       3.7G       107M       5.7M        21M       3.3G

MemTotal:        4016004 kB
MemFree:          115416 kB
Active:           429176 kB
Mem:          3.8G       3.7G       112M       5.7M        21M       3.3G

MemTotal:        4016004 kB
MemFree:          125984 kB
Active:           427160 kB
Mem:          3.8G       3.7G       122M       5.7M        21M       3.2G

MemTotal:        4016004 kB
MemFree:          120564 kB
Active:           425996 kB
Mem:          3.8G       3.7G       117M       5.7M        21M       3.3G

MemTotal:        4016004 kB
MemFree:          114640 kB
Active:           424880 kB
Mem:          3.8G       3.7G       111M       5.7M        21M       3.3G

MemTotal:        4016004 kB
MemFree:          107304 kB
Active:           421984 kB
Mem:          3.8G       3.7G       104M       5.7M        21M       3.3G

MemTotal:        4016004 kB
MemFree:          110564 kB
Active:           421432 kB
Mem:          3.8G       3.7G       107M       5.7M        21M       3.3G

MemTotal:        4016004 kB
MemFree:          122400 kB
Active:           419412 kB
Mem:          3.8G       3.7G       119M       5.7M        21M       3.2G

MemTotal:        4016004 kB
MemFree:          117052 kB
Active:           418252 kB
Mem:          3.8G       3.7G       113M       5.7M        21M       3.3G

MemTotal:        4016004 kB
MemFree:          109240 kB
Active:           417096 kB
Mem:          3.8G       3.7G       106M       5.7M        21M       3.3G

MemTotal:        4016004 kB
MemFree:          118800 kB
Active:           415136 kB
Mem:          3.8G       3.7G       116M       5.7M        21M       3.3G

MemTotal:        4016004 kB
MemFree:          134936 kB
Active:           413760 kB
Mem:          3.8G       3.7G       131M       5.7M        21M       3.2G

MemTotal:        4016004 kB
MemFree:          135312 kB
Active:           413728 kB
Mem:          3.8G       3.7G       131M       5.7M        21M       3.2G

MemTotal:        4016004 kB
MemFree:          127576 kB
Active:           412756 kB
Mem:          3.8G       3.7G       124M       5.7M        21M       3.2G

MemTotal:        4016004 kB
MemFree:          109508 kB
Active:           412204 kB
Mem:          3.8G       3.7G       106M       5.7M        21M       3.3G

MemTotal:        4016004 kB
MemFree:          132716 kB
Active:           409856 kB
Mem:          3.8G       3.7G       129M       5.7M        21M       3.2G

MemTotal:        4016004 kB
MemFree:          126044 kB
Active:           408832 kB
Mem:          3.8G       3.7G       122M       5.7M        21M       3.2G

MemTotal:        4016004 kB
MemFree:          130296 kB
Active:           406960 kB
Mem:          3.8G       3.7G       127M       5.7M        21M       3.2G

MemTotal:        4016004 kB
MemFree:          135648 kB
Active:           405008 kB
Mem:          3.8G       3.7G       132M       5.7M        21M       3.2G

MemTotal:        4016004 kB
MemFree:          127544 kB
Active:           403932 kB
Mem:          3.8G       3.7G       124M       5.7M        21M       3.2G

MemTotal:        4016004 kB
MemFree:          132884 kB
Active:           401980 kB
Mem:          3.8G       3.7G       129M       5.7M        21M       3.2G

MemTotal:        4016004 kB
MemFree:          139984 kB
Active:           398068 kB
Mem:          3.8G       3.7G       136M       5.7M        21M       3.2G

MemTotal:        4016004 kB
MemFree:          133340 kB
Active:           396916 kB
Mem:          3.8G       3.7G       130M       5.7M        21M       3.2G

MemTotal:        4016004 kB
MemFree:          126752 kB
Active:           395816 kB
Mem:          3.8G       3.7G       123M       5.7M        22M       3.2G

MemTotal:        4016004 kB
MemFree:          113888 kB
Active:           395776 kB
Mem:          3.8G       3.7G       110M       5.7M        22M       3.3G

MemTotal:        4016004 kB
MemFree:          112868 kB
Active:           397724 kB
Mem:          3.8G       3.7G       110M       5.7M        22M       3.3G

MemTotal:        4016004 kB
MemFree:          113028 kB
Active:           397768 kB
Mem:          3.8G       3.7G       110M       5.7M        22M       3.3G

MemTotal:        4016004 kB
MemFree:          105440 kB
Active:           396668 kB
Mem:          3.8G       3.7G       103M       5.7M        22M       3.3G

MemTotal:        4016004 kB
MemFree:          116336 kB
Active:           394640 kB
Mem:          3.8G       3.7G       113M       5.7M        22M       3.3G

MemTotal:        4016004 kB
MemFree:          111528 kB
Active:           393476 kB
Mem:          3.8G       3.7G       108M       5.7M        22M       3.3G

MemTotal:        4016004 kB
MemFree:          127544 kB
Active:           391872 kB
Mem:          3.8G       3.7G       124M       5.7M        22M       3.2G

MemTotal:        4016004 kB
MemFree:          110948 kB
Active:           390868 kB
Mem:          3.8G       3.7G       107M       5.7M        22M       3.3G

MemTotal:        4016004 kB
MemFree:          115688 kB
Active:           389224 kB
Mem:          3.8G       3.7G       112M       5.7M        22M       3.3G

MemTotal:        4016004 kB
MemFree:          128256 kB
Active:           387544 kB
Mem:          3.8G       3.7G       124M       5.7M        22M       3.2G

MemTotal:        4016004 kB
MemFree:          121216 kB
Active:           386436 kB
Mem:          3.8G       3.7G       118M       5.7M        22M       3.2G

MemTotal:        4016004 kB
MemFree:          115228 kB
Active:           385328 kB
Mem:          3.8G       3.7G       111M       5.7M        22M       3.3G

MemTotal:        4016004 kB
MemFree:          125556 kB
Active:           383688 kB
Mem:          3.8G       3.7G       122M       5.7M        22M       3.2G

MemTotal:        4016004 kB
MemFree:          118828 kB
Active:           382556 kB
Mem:          3.8G       3.7G       116M       5.7M        22M       3.2G

MemTotal:        4016004 kB
MemFree:          110068 kB
Active:           382528 kB
Mem:          3.8G       3.7G       107M       5.7M        22M       3.3G

MemTotal:        4016004 kB
MemFree:          118052 kB
Active:           381452 kB
Mem:          3.8G       3.7G       115M       5.7M        22M       3.2G

MemTotal:        4016004 kB
MemFree:          111944 kB
Active:           380660 kB
Mem:          3.8G       3.7G       108M       5.7M        22M       3.3G

MemTotal:        4016004 kB
MemFree:          105496 kB
Active:           378616 kB
Mem:          3.8G       3.7G       102M       5.7M        22M       3.3G

MemTotal:        4016004 kB
MemFree:          128740 kB
Active:           378496 kB
Mem:          3.8G       3.7G       125M       5.7M        22M       3.2G

MemTotal:        4016004 kB
MemFree:          134408 kB
Active:           378504 kB
Mem:          3.8G       3.7G       131M       5.7M        22M       3.2G

MemTotal:        4016004 kB
MemFree:          129248 kB
Active:           378496 kB
Mem:          3.8G       3.7G       125M       5.7M        22M       3.2G

MemTotal:        4016004 kB
MemFree:          121340 kB
Active:           378564 kB
Mem:          3.8G       3.7G       118M       5.7M        22M       3.2G

MemTotal:        4016004 kB
MemFree:          104720 kB
Active:           379592 kB
Mem:          3.8G       3.7G       102M       5.7M        22M       3.3G

MemTotal:        4016004 kB
MemFree:          125768 kB
Active:           379876 kB
Mem:          3.8G       3.7G       121M       5.7M        22M       3.2G

MemTotal:        4016004 kB
MemFree:          116548 kB
Active:           379916 kB
Mem:          3.8G       3.7G       113M       5.7M        23M       3.2G

MemTotal:        4016004 kB
MemFree:          107196 kB
Active:           380180 kB
Mem:          3.8G       3.7G       104M       5.7M        23M       3.3G

MemTotal:        4016004 kB
MemFree:          132460 kB
Active:           384060 kB
Mem:          3.8G       3.7G       129M       5.7M        27M       3.2G

MemTotal:        4016004 kB
MemFree:          125104 kB
Active:           384096 kB
Mem:          3.8G       3.7G       121M       5.7M        27M       3.2G

MemTotal:        4016004 kB
MemFree:          113100 kB
Active:           383872 kB
Mem:          3.8G       3.7G       110M       5.7M        27M       3.2G

MemTotal:        4016004 kB
MemFree:          129704 kB
Active:           385084 kB
Mem:          3.8G       3.7G       126M       5.7M        27M       3.2G

MemTotal:        4016004 kB
MemFree:          122516 kB
Active:           385092 kB
Mem:          3.8G       3.7G       119M       5.7M        27M       3.2G

MemTotal:        4016004 kB
MemFree:          127236 kB
Active:           385092 kB
Mem:          3.8G       3.7G       124M       5.7M        27M       3.2G

MemTotal:        4016004 kB
MemFree:          130808 kB
Active:           385096 kB
Mem:          3.8G       3.7G       127M       5.7M        27M       3.2G

MemTotal:        4016004 kB
MemFree:          135660 kB
Active:           385052 kB
Mem:          3.8G       3.7G       132M       5.7M        27M       3.2G

MemTotal:        4016004 kB
MemFree:          144056 kB
Active:           385072 kB
Mem:          3.8G       3.7G       140M       5.7M        27M       3.2G

MemTotal:        4016004 kB
MemFree:          118292 kB
Active:           385088 kB
Mem:          3.8G       3.7G       115M       5.7M        27M       3.2G

MemTotal:        4016004 kB
MemFree:          118564 kB
Active:           385120 kB
Mem:          3.8G       3.7G       115M       5.7M        27M       3.2G

MemTotal:        4016004 kB
MemFree:          111020 kB
Active:           385068 kB
Mem:          3.8G       3.7G       107M       5.7M        27M       3.2G

MemTotal:        4016004 kB
MemFree:          121420 kB
Active:           386908 kB
Mem:          3.8G       3.7G       118M       5.7M        27M       3.2G

MemTotal:        4016004 kB
MemFree:          120428 kB
Active:           386880 kB
Mem:          3.8G       3.7G       116M       5.7M        27M       3.2G

MemTotal:        4016004 kB
MemFree:          110064 kB
Active:           386268 kB
Mem:          3.8G       3.7G       107M       5.7M        27M       3.2G

MemTotal:        4016004 kB
MemFree:          125044 kB
Active:           386020 kB
Mem:          3.8G       3.7G       122M       5.7M        27M       3.2G

MemTotal:        4016004 kB
MemFree:          106216 kB
Active:           386028 kB
Mem:          3.8G       3.7G       103M       5.7M        27M       3.2G

MemTotal:        4016004 kB
MemFree:          134600 kB
Active:           385980 kB
Mem:          3.8G       3.7G       131M       5.7M        27M       3.2G

MemTotal:        4016004 kB
MemFree:          126692 kB
Active:           386004 kB
Mem:          3.8G       3.7G       123M       5.7M        27M       3.2G

MemTotal:        4016004 kB
MemFree:          120980 kB
Active:           388096 kB
Mem:          3.8G       3.7G       118M       5.7M        27M       3.2G

MemTotal:        4016004 kB
MemFree:          106048 kB
Active:           387060 kB
Mem:          3.8G       3.7G       103M       5.7M        27M       3.3G

MemTotal:        4016004 kB
MemFree:          133072 kB
Active:           384988 kB
Mem:          3.8G       3.7G       129M       5.7M        27M       3.2G

MemTotal:        4016004 kB
MemFree:          115312 kB
Active:           382472 kB
Mem:          3.8G       3.7G       112M       5.7M        27M       3.2G

MemTotal:        4016004 kB
MemFree:          125248 kB
Active:           382416 kB
Mem:          3.8G       3.7G       122M       5.7M        27M       3.2G

MemTotal:        4016004 kB
MemFree:          142228 kB
Active:           382404 kB
Mem:          3.8G       3.7G       138M       5.7M        27M       3.2G

MemTotal:        4016004 kB
MemFree:          125180 kB
Active:           382400 kB
Mem:          3.8G       3.7G       121M       5.7M        27M       3.2G

MemTotal:        4016004 kB
MemFree:          115480 kB
Active:           382444 kB
Mem:          3.8G       3.7G       112M       5.7M        27M       3.2G

MemTotal:        4016004 kB
MemFree:          107060 kB
Active:           382444 kB
Mem:          3.8G       3.7G       104M       5.7M        27M       3.2G

MemTotal:        4016004 kB
MemFree:          122280 kB
Active:           382444 kB
Mem:          3.8G       3.7G       119M       5.7M        27M       3.2G

MemTotal:        4016004 kB
MemFree:          111016 kB
Active:           382448 kB
Mem:          3.8G       3.7G       108M       5.7M        27M       3.2G

MemTotal:        4016004 kB
MemFree:          126652 kB
Active:           382424 kB
Mem:          3.8G       3.7G       123M       5.7M        27M       3.2G

MemTotal:        4016004 kB
MemFree:          122092 kB
Active:           377892 kB
Mem:          3.8G       3.7G       119M       5.7M        27M       3.2G

MemTotal:        4016004 kB
MemFree:          107552 kB
Active:           377868 kB
Mem:          3.8G       3.7G       104M       5.7M        27M       3.2G

MemTotal:        4016004 kB
MemFree:          128428 kB
Active:           377888 kB
Mem:          3.8G       3.7G       125M       5.7M        27M       3.2G

MemTotal:        4016004 kB
MemFree:          120972 kB
Active:           377860 kB
Mem:          3.8G       3.7G       117M       5.7M        27M       3.2G

MemTotal:        4016004 kB
MemFree:          130380 kB
Active:           377872 kB
Mem:          3.8G       3.7G       126M       5.7M        27M       3.2G

MemTotal:        4016004 kB
MemFree:          129760 kB
Active:           377908 kB
Mem:          3.8G       3.7G       126M       5.7M        27M       3.2G

MemTotal:        4016004 kB
MemFree:          111748 kB
Active:           377876 kB
Mem:          3.8G       3.7G       108M       5.7M        27M       3.2G

MemTotal:        4016004 kB
MemFree:          126024 kB
Active:           377936 kB
Mem:          3.8G       3.7G       122M       5.7M        27M       3.2G

MemTotal:        4016004 kB
MemFree:          111200 kB
Active:           377936 kB
Mem:          3.8G       3.7G       108M       5.7M        27M       3.2G

MemTotal:        4016004 kB
MemFree:          116068 kB
Active:           377936 kB
Mem:          3.8G       3.7G       113M       5.7M        27M       3.2G

MemTotal:        4016004 kB
MemFree:          110748 kB
Active:           377060 kB
Mem:          3.8G       3.7G       107M       5.7M        27M       3.2G

MemTotal:        4016004 kB
MemFree:          125044 kB
Active:           377096 kB
Mem:          3.8G       3.7G       122M       5.7M        27M       3.2G

MemTotal:        4016004 kB
MemFree:          122460 kB
Active:           377048 kB
Mem:          3.8G       3.7G       119M       5.7M        27M       3.2G

MemTotal:        4016004 kB
MemFree:          113684 kB
Active:           377096 kB
Mem:          3.8G       3.7G       110M       5.7M        27M       3.2G

MemTotal:        4016004 kB
MemFree:          104768 kB
Active:           377100 kB
Mem:          3.8G       3.7G       108M       5.7M        27M       3.2G

MemTotal:        4016004 kB
MemFree:          126080 kB
Active:           377052 kB
Mem:          3.8G       3.7G       123M       5.7M        27M       3.2G

MemTotal:        4016004 kB
MemFree:          118668 kB
Active:           377068 kB
Mem:          3.8G       3.7G       115M       5.7M        27M       3.2G

MemTotal:        4016004 kB
MemFree:          133560 kB
Active:           377120 kB
Mem:          3.8G       3.7G       130M       5.7M        27M       3.2G

MemTotal:        4016004 kB
MemFree:          124820 kB
Active:           377120 kB
Mem:          3.8G       3.7G       121M       5.7M        27M       3.2G

MemTotal:        4016004 kB
MemFree:          120172 kB
Active:           377072 kB
Mem:          3.8G       3.7G       117M       5.7M        27M       3.2G

MemTotal:        4016004 kB
MemFree:          122056 kB
Active:           375056 kB
Mem:          3.8G       3.7G       118M       5.7M        27M       3.2G

MemTotal:        4016004 kB
MemFree:          107184 kB
Active:           375012 kB
Mem:          3.8G       3.7G       104M       5.7M        27M       3.2G

MemTotal:        4016004 kB
MemFree:          127684 kB
Active:           375028 kB
Mem:          3.8G       3.7G       124M       5.7M        27M       3.2G

MemTotal:        4016004 kB
MemFree:          118368 kB
Active:           375028 kB
Mem:          3.8G       3.7G       115M       5.7M        27M       3.2G

MemTotal:        4016004 kB
MemFree:          110104 kB
Active:           374984 kB
Mem:          3.8G       3.7G       107M       5.7M        27M       3.2G

MemTotal:        4016004 kB
MemFree:          112348 kB
Active:           375036 kB
Mem:          3.8G       3.7G       109M       5.7M        27M       3.2G

MemTotal:        4016004 kB
MemFree:          120864 kB
Active:           375020 kB
Mem:          3.8G       3.7G       118M       5.7M        27M       3.2G

MemTotal:        4016004 kB
MemFree:          117332 kB
Active:           375052 kB
Mem:          3.8G       3.7G       114M       5.7M        27M       3.2G

MemTotal:        4016004 kB
MemFree:          132952 kB
Active:           375064 kB
Mem:          3.8G       3.7G       129M       5.7M        27M       3.2G

MemTotal:        4016004 kB
MemFree:          109628 kB
Active:           367708 kB
Mem:          3.8G       3.7G       106M       5.7M        27M       3.2G

MemTotal:        4016004 kB
MemFree:          125312 kB
Active:           367736 kB
Mem:          3.8G       3.7G       122M       5.7M        27M       3.2G

MemTotal:        4016004 kB
MemFree:          128168 kB
Active:           367756 kB
Mem:          3.8G       3.7G       124M       5.7M        27M       3.2G

MemTotal:        4016004 kB
MemFree:          110332 kB
Active:           367720 kB
Mem:          3.8G       3.7G       107M       5.7M        27M       3.2G

MemTotal:        4016004 kB
MemFree:          106720 kB
Active:           367724 kB
Mem:          3.8G       3.7G       104M       5.7M        27M       3.2G

MemTotal:        4016004 kB
MemFree:          134420 kB
Active:           367724 kB
Mem:          3.8G       3.7G       131M       5.7M        27M       3.2G

MemTotal:        4016004 kB
MemFree:          133072 kB
Active:           367776 kB
Mem:          3.8G       3.7G       129M       5.7M        27M       3.2G

MemTotal:        4016004 kB
MemFree:          142368 kB
Active:           367792 kB
Mem:          3.8G       3.7G       138M       5.7M        27M       3.2G

MemTotal:        4016004 kB
MemFree:          133824 kB
Active:           367748 kB
Mem:          3.8G       3.7G       130M       5.7M        27M       3.2G

MemTotal:        4016004 kB
MemFree:          125136 kB
Active:           367792 kB
Mem:          3.8G       3.7G       122M       5.7M        27M       3.2G

MemTotal:        4016004 kB
MemFree:          129652 kB
Active:           365480 kB
Mem:          3.8G       3.7G       126M       5.7M        27M       3.2G

MemTotal:        4016004 kB
MemFree:          138724 kB
Active:           365480 kB
Mem:          3.8G       3.7G       135M       5.7M        27M       3.2G

MemTotal:        4016004 kB
MemFree:          131416 kB
Active:           365480 kB
Mem:          3.8G       3.7G       128M       5.7M        27M       3.2G

MemTotal:        4016004 kB
MemFree:          122652 kB
Active:           365468 kB
Mem:          3.8G       3.7G       119M       5.7M        27M       3.2G

MemTotal:        4016004 kB
MemFree:          125408 kB
Active:           365468 kB
Mem:          3.8G       3.7G       122M       5.7M        27M       3.2G

MemTotal:        4016004 kB
MemFree:          130772 kB
Active:           367264 kB
Mem:          3.8G       3.7G       128M       5.7M        27M       3.2G

MemTotal:        4016004 kB
MemFree:          122880 kB
Active:           368164 kB
Mem:          3.8G       3.7G       120M       5.7M        27M       3.2G

MemTotal:        4016004 kB
MemFree:          123204 kB
Active:           368124 kB
Mem:          3.8G       3.7G       120M       5.7M        27M       3.2G

MemTotal:        4016004 kB
MemFree:          123208 kB
Active:           368128 kB
Mem:          3.8G       3.7G       120M       5.7M        27M       3.2G

MemTotal:        4016004 kB
MemFree:          129212 kB
Active:           368152 kB
Mem:          3.8G       3.7G       125M       5.7M        27M       3.2G

MemTotal:        4016004 kB
MemFree:          119708 kB
Active:           368060 kB
Mem:          3.8G       3.7G       117M       5.7M        27M       3.2G

MemTotal:        4016004 kB
MemFree:          125736 kB
Active:           368020 kB
Mem:          3.8G       3.7G       121M       5.7M        27M       3.2G

MemTotal:        4016004 kB
MemFree:          116456 kB
Active:           368068 kB
Mem:          3.8G       3.7G       114M       5.7M        27M       3.2G

MemTotal:        4016004 kB
MemFree:          122336 kB
Active:           368076 kB
Mem:          3.8G       3.7G       119M       5.7M        27M       3.2G

MemTotal:        4016004 kB
MemFree:          120996 kB
Active:           365884 kB
Mem:          3.8G       3.7G       125M       5.7M        27M       3.2G

MemTotal:        4016004 kB
MemFree:          125372 kB
Active:           365888 kB
Mem:          3.8G       3.7G       122M       5.7M        27M       3.2G

MemTotal:        4016004 kB
MemFree:          110492 kB
Active:           365840 kB
Mem:          3.8G       3.7G       107M       5.7M        27M       3.2G

MemTotal:        4016004 kB
MemFree:          125224 kB
Active:           365900 kB
Mem:          3.8G       3.7G       122M       5.7M        27M       3.2G

MemTotal:        4016004 kB
MemFree:          112280 kB
Active:           365908 kB
Mem:          3.8G       3.7G       109M       5.7M        27M       3.2G

MemTotal:        4016004 kB
MemFree:          123944 kB
Active:           365920 kB
Mem:          3.8G       3.7G       121M       5.7M        27M       3.2G

MemTotal:        4016004 kB
MemFree:          114836 kB
Active:           365876 kB
Mem:          3.8G       3.7G       112M       5.7M        27M       3.2G

MemTotal:        4016004 kB
MemFree:          122292 kB
Active:           365908 kB
Mem:          3.8G       3.7G       119M       5.7M        27M       3.2G

MemTotal:        4016004 kB
MemFree:          128448 kB
Active:           365884 kB
Mem:          3.8G       3.7G       125M       5.7M        27M       3.2G

MemTotal:        4016004 kB
MemFree:          120444 kB
Active:           365916 kB
Mem:          3.8G       3.7G       117M       5.7M        27M       3.2G

MemTotal:        4016004 kB
MemFree:          111776 kB
Active:           365888 kB
Mem:          3.8G       3.7G       109M       5.7M        27M       3.2G

MemTotal:        4016004 kB
MemFree:          123536 kB
Active:           365932 kB
Mem:          3.8G       3.7G       120M       5.7M        27M       3.2G

MemTotal:        4016004 kB
MemFree:          114452 kB
Active:           365932 kB
Mem:          3.8G       3.7G       111M       5.7M        27M       3.2G

MemTotal:        4016004 kB
MemFree:          105564 kB
Active:           365932 kB
Mem:          3.8G       3.7G       103M       5.7M        27M       3.2G

MemTotal:        4016004 kB
MemFree:          112280 kB
Active:           362628 kB
Mem:          3.8G       3.7G       109M       5.7M        27M       3.2G

MemTotal:        4016004 kB
MemFree:          106468 kB
Active:           362636 kB
Mem:          3.8G       3.7G       103M       5.7M        27M       3.2G

MemTotal:        4016004 kB
MemFree:          104868 kB
Active:           362588 kB
Mem:          3.8G       3.7G       108M       5.7M        27M       3.2G

MemTotal:        4016004 kB
MemFree:          126088 kB
Active:           362620 kB
Mem:          3.8G       3.7G       123M       5.7M        27M       3.2G

MemTotal:        4016004 kB
MemFree:          126236 kB
Active:           362616 kB
Mem:          3.8G       3.7G       123M       5.7M        27M       3.2G

MemTotal:        4016004 kB
MemFree:          125772 kB
Active:           362680 kB
Mem:          3.8G       3.7G       122M       5.7M        27M       3.2G

MemTotal:        4016004 kB
MemFree:          125900 kB
Active:           362652 kB
Mem:          3.8G       3.7G       122M       5.7M        27M       3.2G

MemTotal:        4016004 kB
MemFree:          128276 kB
Active:           362684 kB
Mem:          3.8G       3.7G       125M       5.7M        27M       3.2G

MemTotal:        4016004 kB
MemFree:          120212 kB
Active:           362636 kB
Mem:          3.8G       3.7G       117M       5.7M        27M       3.2G

MemTotal:        4016004 kB
MemFree:          105360 kB
Active:           362676 kB
Mem:          3.8G       3.7G       102M       5.7M        27M       3.2G

MemTotal:        4016004 kB
MemFree:          127184 kB
Active:           362708 kB
Mem:          3.8G       3.7G       124M       5.7M        27M       3.2G

MemTotal:        4016004 kB
MemFree:          118668 kB
Active:           362652 kB
Mem:          3.8G       3.7G       115M       5.7M        27M       3.2G

MemTotal:        4016004 kB
MemFree:          121284 kB
Active:           362688 kB
Mem:          3.8G       3.7G       118M       5.7M        27M       3.2G

MemTotal:        4016004 kB
MemFree:          112756 kB
Active:           362664 kB
Mem:          3.8G       3.7G       109M       5.7M        27M       3.2G

MemTotal:        4016004 kB
MemFree:          117480 kB
Active:           362692 kB
Mem:          3.8G       3.7G       114M       5.7M        27M       3.2G

MemTotal:        4016004 kB
MemFree:          109792 kB
Active:           362664 kB
Mem:          3.8G       3.7G       107M       5.7M        27M       3.2G

MemTotal:        4016004 kB
MemFree:          126824 kB
Active:           362684 kB
Mem:          3.8G       3.7G       123M       5.7M        27M       3.2G

MemTotal:        4016004 kB
MemFree:          119648 kB
Active:           362728 kB
Mem:          3.8G       3.7G       116M       5.7M        27M       3.2G

MemTotal:        4016004 kB
MemFree:          104608 kB
Active:           362736 kB
Mem:          3.8G       3.7G       108M       5.7M        27M       3.2G

MemTotal:        4016004 kB
MemFree:          125688 kB
Active:           360648 kB
Mem:          3.8G       3.7G       122M       5.7M        27M       3.2G

MemTotal:        4016004 kB
MemFree:          106904 kB
Active:           360536 kB
Mem:          3.8G       3.7G       104M       5.7M        27M       3.2G

MemTotal:        4016004 kB
MemFree:          134768 kB
Active:           360512 kB
Mem:          3.8G       3.7G       131M       5.7M        27M       3.2G

MemTotal:        4016004 kB
MemFree:          119816 kB
Active:           360516 kB
Mem:          3.8G       3.7G       116M       5.7M        27M       3.2G

MemTotal:        4016004 kB
MemFree:          111108 kB
Active:           360528 kB
Mem:          3.8G       3.7G       108M       5.7M        27M       3.2G

MemTotal:        4016004 kB
MemFree:          116264 kB
Active:           360512 kB
Mem:          3.8G       3.7G       113M       5.7M        27M       3.2G

MemTotal:        4016004 kB
MemFree:          119952 kB
Active:           360564 kB
Mem:          3.8G       3.7G       116M       5.7M        27M       3.2G

MemTotal:        4016004 kB
MemFree:          127932 kB
Active:           360564 kB
Mem:          3.8G       3.7G       125M       5.7M        27M       3.2G

MemTotal:        4016004 kB
MemFree:          128536 kB
Active:           360524 kB
Mem:          3.8G       3.7G       125M       5.7M        27M       3.2G

MemTotal:        4016004 kB
MemFree:          111636 kB
Active:           360580 kB
Mem:          3.8G       3.7G       108M       5.7M        27M       3.2G

MemTotal:        4016004 kB
MemFree:          116408 kB
Active:           360540 kB
Mem:          3.8G       3.7G       113M       5.7M        27M       3.2G

MemTotal:        4016004 kB
MemFree:          123988 kB
Active:           360584 kB
Mem:          3.8G       3.7G       121M       5.7M        27M       3.2G

MemTotal:        4016004 kB
MemFree:          130208 kB
Active:           360292 kB
Mem:          3.8G       3.7G       127M       5.7M        27M       3.2G

MemTotal:        4016004 kB
MemFree:          130232 kB
Active:           360292 kB
Mem:          3.8G       3.7G       126M       5.7M        27M       3.2G

MemTotal:        4016004 kB
MemFree:          130108 kB
Active:           360292 kB
Mem:          3.8G       3.7G       127M       5.7M        27M       3.2G

MemTotal:        4016004 kB
MemFree:          130604 kB
Active:           360268 kB
Mem:          3.8G       3.7G       127M       5.7M        27M       3.2G

MemTotal:        4016004 kB
MemFree:          130604 kB
Active:           360284 kB
Mem:          3.8G       3.7G       127M       5.7M        27M       3.2G

MemTotal:        4016004 kB
MemFree:          130232 kB
Active:           360300 kB
Mem:          3.8G       3.7G       127M       5.7M        27M       3.2G

MemTotal:        4016004 kB
MemFree:          130108 kB
Active:           360300 kB
Mem:          3.8G       3.7G       127M       5.7M        27M       3.2G

MemTotal:        4016004 kB
MemFree:          130108 kB
Active:           360248 kB
Mem:          3.8G       3.7G       127M       5.7M        27M       3.2G

MemTotal:        4016004 kB
MemFree:          130480 kB
Active:           360260 kB
Mem:          3.8G       3.7G       127M       5.7M        27M       3.2G

MemTotal:        4016004 kB
MemFree:          130604 kB
Active:           360268 kB
Mem:          3.8G       3.7G       127M       5.7M        27M       3.2G

MemTotal:        4016004 kB
MemFree:          130728 kB
Active:           360284 kB
Mem:          3.8G       3.7G       127M       5.7M        27M       3.2G

MemTotal:        4016004 kB
MemFree:          130852 kB
Active:           360296 kB
Mem:          3.8G       3.7G       127M       5.7M        27M       3.2G

MemTotal:        4016004 kB
MemFree:          130728 kB
Active:           360264 kB
Mem:          3.8G       3.7G       127M       5.7M        27M       3.2G

MemTotal:        4016004 kB
MemFree:          128680 kB
Active:           360292 kB
Mem:          3.8G       3.7G       125M       5.7M        27M       3.2G

MemTotal:        4016004 kB
MemFree:          128680 kB
Active:           362356 kB
Mem:          3.8G       3.7G       125M       5.7M        27M       3.2G

MemTotal:        4016004 kB
MemFree:          128804 kB
Active:           362364 kB
Mem:          3.8G       3.7G       125M       5.7M        27M       3.2G

MemTotal:        4016004 kB
MemFree:          128804 kB
Active:           362328 kB
Mem:          3.8G       3.7G       125M       5.7M        27M       3.2G

MemTotal:        4016004 kB
MemFree:          128556 kB
Active:           362324 kB
Mem:          3.8G       3.7G       125M       5.7M        27M       3.2G

MemTotal:        4016004 kB
MemFree:          128184 kB
Active:           362368 kB
Mem:          3.8G       3.7G       125M       5.7M        27M       3.2G

MemTotal:        4016004 kB
MemFree:          127812 kB
Active:           362352 kB
Mem:          3.8G       3.7G       124M       5.7M        27M       3.2G

MemTotal:        4016004 kB
MemFree:          127316 kB
Active:           362376 kB
Mem:          3.8G       3.7G       124M       5.7M        27M       3.2G

MemTotal:        4016004 kB
MemFree:          128060 kB
Active:           362348 kB
Mem:          3.8G       3.7G       124M       5.7M        27M       3.2G

MemTotal:        4016004 kB
MemFree:          127936 kB
Active:           362324 kB
Mem:          3.8G       3.7G       124M       5.7M        27M       3.2G

MemTotal:        4016004 kB
MemFree:          128060 kB
Active:           362356 kB
Mem:          3.8G       3.7G       125M       5.7M        27M       3.2G

MemTotal:        4016004 kB
MemFree:          128680 kB
Active:           362328 kB
Mem:          3.8G       3.7G       125M       5.7M        27M       3.2G

MemTotal:        4016004 kB
MemFree:          128056 kB
Active:           362380 kB
Mem:          3.8G       3.7G       125M       5.7M        27M       3.2G

MemTotal:        4016004 kB
MemFree:          127992 kB
Active:           362332 kB
Mem:          3.8G       3.7G       124M       5.7M        27M       3.2G

MemTotal:        4016004 kB
MemFree:          127900 kB
Active:           362356 kB
Mem:          3.8G       3.7G       124M       5.7M        27M       3.2G

MemTotal:        4016004 kB
MemFree:          128000 kB
Active:           362380 kB
Mem:          3.8G       3.7G       125M       5.7M        27M       3.2G

MemTotal:        4016004 kB
MemFree:          128156 kB
Active:           362344 kB
Mem:          3.8G       3.7G       125M       5.7M        27M       3.2G

MemTotal:        4016004 kB
MemFree:          128032 kB
Active:           362388 kB
Mem:          3.8G       3.7G       124M       5.7M        27M       3.2G

MemTotal:        4016004 kB
MemFree:          127908 kB
Active:           362380 kB
Mem:          3.8G       3.7G       124M       5.7M        27M       3.2G

MemTotal:        4016004 kB
MemFree:          128156 kB
Active:           362364 kB
Mem:          3.8G       3.7G       125M       5.7M        27M       3.2G

MemTotal:        4016004 kB
MemFree:          127784 kB
Active:           362408 kB
Mem:          3.8G       3.7G       124M       5.7M        27M       3.2G

MemTotal:        4016004 kB
MemFree:          128032 kB
Active:           362376 kB
Mem:          3.8G       3.7G       125M       5.7M        27M       3.2G

MemTotal:        4016004 kB
MemFree:          128156 kB
Active:           362388 kB
Mem:          3.8G       3.7G       125M       5.7M        27M       3.2G

MemTotal:        4016004 kB
MemFree:          128156 kB
Active:           362404 kB
Mem:          3.8G       3.7G       125M       5.7M        27M       3.2G

MemTotal:        4016004 kB
MemFree:          128032 kB
Active:           362376 kB
Mem:          3.8G       3.7G       125M       5.7M        27M       3.2G

MemTotal:        4016004 kB
MemFree:          128156 kB
Active:           362360 kB
Mem:          3.8G       3.7G       125M       5.7M        27M       3.2G

MemTotal:        4016004 kB
MemFree:          128280 kB
Active:           362380 kB
Mem:          3.8G       3.7G       125M       5.7M        27M       3.2G

MemTotal:        4016004 kB
MemFree:          128280 kB
Active:           362388 kB
Mem:          3.8G       3.7G       125M       5.7M        27M       3.2G

MemTotal:        4016004 kB
MemFree:          128156 kB
Active:           362360 kB
Mem:          3.8G       3.7G       125M       5.7M        27M       3.2G

MemTotal:        4016004 kB
MemFree:          128156 kB
Active:           362376 kB
Mem:          3.8G       3.7G       125M       5.7M        27M       3.2G

MemTotal:        4016004 kB
MemFree:          128280 kB
Active:           362420 kB
Mem:          3.8G       3.7G       125M       5.7M        27M       3.2G

MemTotal:        4016004 kB
MemFree:          128404 kB
Active:           362376 kB
Mem:          3.8G       3.7G       125M       5.7M        27M       3.2G

MemTotal:        4016004 kB
MemFree:          128280 kB
Active:           362396 kB
Mem:          3.8G       3.7G       125M       5.7M        27M       3.2G

MemTotal:        4016004 kB
MemFree:          128032 kB
Active:           362420 kB
Mem:          3.8G       3.7G       125M       5.7M        27M       3.2G

MemTotal:        4016004 kB
MemFree:          128404 kB
Active:           362392 kB
Mem:          3.8G       3.7G       125M       5.7M        27M       3.2G

MemTotal:        4016004 kB
MemFree:          128404 kB
Active:           362416 kB
Mem:          3.8G       3.7G       125M       5.7M        27M       3.2G

MemTotal:        4016004 kB
MemFree:          128404 kB
Active:           362428 kB
Mem:          3.8G       3.7G       125M       5.7M        27M       3.2G

MemTotal:        4016004 kB
MemFree:          128404 kB
Active:           362400 kB
Mem:          3.8G       3.7G       125M       5.7M        27M       3.2G

MemTotal:        4016004 kB
MemFree:          128280 kB
Active:           362424 kB
Mem:          3.8G       3.7G       125M       5.7M        27M       3.2G

MemTotal:        4016004 kB
MemFree:          128280 kB
Active:           362392 kB
Mem:          3.8G       3.7G       125M       5.7M        27M       3.2G

MemTotal:        4016004 kB
MemFree:          128280 kB
Active:           362408 kB
Mem:          3.8G       3.7G       125M       5.7M        27M       3.2G

MemTotal:        4016004 kB
MemFree:          128280 kB
Active:           362440 kB
Mem:          3.8G       3.7G       125M       5.7M        27M       3.2G

MemTotal:        4016004 kB
MemFree:          128280 kB
Active:           362392 kB
Mem:          3.8G       3.7G       125M       5.7M        27M       3.2G

MemTotal:        4016004 kB
MemFree:          128372 kB
Active:           362412 kB
Mem:          3.8G       3.7G       125M       5.7M        27M       3.2G

MemTotal:        4016004 kB
MemFree:          128248 kB
Active:           362444 kB
Mem:          3.8G       3.7G       125M       5.7M        27M       3.2G

MemTotal:        4016004 kB
MemFree:          128200 kB
Active:           362396 kB
Mem:          3.8G       3.7G       125M       5.7M        27M       3.2G

MemTotal:        4016004 kB
MemFree:          128232 kB
Active:           362416 kB
Mem:          3.8G       3.7G       125M       5.7M        27M       3.2G

MemTotal:        4016004 kB
MemFree:          128620 kB
Active:           362432 kB
Mem:          3.8G       3.7G       125M       5.7M        27M       3.2G

MemTotal:        4016004 kB
MemFree:          128496 kB
Active:           362460 kB
Mem:          3.8G       3.7G       125M       5.7M        27M       3.2G

MemTotal:        4016004 kB
MemFree:          128000 kB
Active:           362464 kB
Mem:          3.8G       3.7G       125M       5.7M        27M       3.2G

MemTotal:        4016004 kB
MemFree:          128264 kB
Active:           362460 kB
Mem:          3.8G       3.7G       125M       5.7M        27M       3.2G

MemTotal:        4016004 kB
MemFree:          128388 kB
Active:           362416 kB
Mem:          3.8G       3.7G       125M       5.7M        27M       3.2G

MemTotal:        4016004 kB
MemFree:          127644 kB
Active:           362468 kB
Mem:          3.8G       3.7G       124M       5.7M        27M       3.2G

MemTotal:        4016004 kB
MemFree:          128016 kB
Active:           362496 kB
Mem:          3.8G       3.7G       124M       5.7M        27M       3.2G

MemTotal:        4016004 kB
MemFree:          127520 kB
Active:           362484 kB
Mem:          3.8G       3.7G       124M       5.7M        27M       3.2G

MemTotal:        4016004 kB
MemFree:          127892 kB
Active:           362448 kB
Mem:          3.8G       3.7G       124M       5.7M        27M       3.2G

MemTotal:        4016004 kB
MemFree:          127380 kB
Active:           362536 kB
Mem:          3.8G       3.7G       124M       5.7M        27M       3.2G

MemTotal:        4016004 kB
MemFree:          127876 kB
Active:           362532 kB
Mem:          3.8G       3.7G       124M       5.7M        27M       3.2G

MemTotal:        4016004 kB
MemFree:          128000 kB
Active:           362512 kB
Mem:          3.8G       3.7G       124M       5.7M        27M       3.2G

MemTotal:        4016004 kB
MemFree:          127876 kB
Active:           362496 kB
Mem:          3.8G       3.7G       124M       5.7M        27M       3.2G

MemTotal:        4016004 kB
MemFree:          128000 kB
Active:           362520 kB
Mem:          3.8G       3.7G       124M       5.7M        27M       3.2G

MemTotal:        4016004 kB
MemFree:          127876 kB
Active:           362508 kB
Mem:          3.8G       3.7G       124M       5.7M        27M       3.2G

MemTotal:        4016004 kB
MemFree:          127752 kB
Active:           362520 kB
Mem:          3.8G       3.7G       124M       5.7M        27M       3.2G

MemTotal:        4016004 kB
MemFree:          127380 kB
Active:           362548 kB
Mem:          3.8G       3.7G       124M       5.7M        27M       3.2G

MemTotal:        4016004 kB
MemFree:          127628 kB
Active:           362552 kB
Mem:          3.8G       3.7G       124M       5.7M        27M       3.2G

MemTotal:        4016004 kB
MemFree:          127504 kB
Active:           362560 kB
Mem:          3.8G       3.7G       124M       5.7M        27M       3.2G

MemTotal:        4016004 kB
MemFree:          128000 kB
Active:           362544 kB
Mem:          3.8G       3.7G       124M       5.7M        27M       3.2G

MemTotal:        4016004 kB
MemFree:          127876 kB
Active:           362512 kB
Mem:          3.8G       3.7G       124M       5.7M        27M       3.2G

MemTotal:        4016004 kB
MemFree:          128000 kB
Active:           362536 kB
Mem:          3.8G       3.7G       124M       5.7M        27M       3.2G

MemTotal:        4016004 kB
MemFree:          127876 kB
Active:           362532 kB
Mem:          3.8G       3.7G       124M       5.7M        27M       3.2G

MemTotal:        4016004 kB
MemFree:          127876 kB
Active:           362548 kB
Mem:          3.8G       3.7G       125M       5.7M        27M       3.2G

MemTotal:        4016004 kB
MemFree:          128372 kB
Active:           362556 kB
Mem:          3.8G       3.7G       125M       5.7M        27M       3.2G

MemTotal:        4016004 kB
MemFree:          128016 kB
Active:           362556 kB
Mem:          3.8G       3.7G       125M       5.7M        27M       3.2G

MemTotal:        4016004 kB
MemFree:          128264 kB
Active:           362544 kB
Mem:          3.8G       3.7G       125M       5.7M        27M       3.2G

MemTotal:        4016004 kB
MemFree:          128264 kB
Active:           362508 kB
Mem:          3.8G       3.7G       125M       5.7M        27M       3.2G

MemTotal:        4016004 kB
MemFree:          128388 kB
Active:           362524 kB
Mem:          3.8G       3.7G       125M       5.7M        27M       3.2G

MemTotal:        4016004 kB
MemFree:          128636 kB
Active:           362512 kB
Mem:          3.8G       3.7G       125M       5.7M        27M       3.2G

MemTotal:        4016004 kB
MemFree:          128264 kB
Active:           362524 kB
Mem:          3.8G       3.7G       125M       5.7M        27M       3.2G

MemTotal:        4016004 kB
MemFree:          128140 kB
Active:           362560 kB
Mem:          3.8G       3.7G       125M       5.7M        27M       3.2G

MemTotal:        4016004 kB
MemFree:          128388 kB
Active:           362544 kB
Mem:          3.8G       3.7G       125M       5.7M        27M       3.2G

MemTotal:        4016004 kB
MemFree:          128264 kB
Active:           362512 kB
Mem:          3.8G       3.7G       125M       5.7M        27M       3.2G

MemTotal:        4016004 kB
MemFree:          128016 kB
Active:           362532 kB
Mem:          3.8G       3.7G       125M       5.7M        27M       3.2G

MemTotal:        4016004 kB
MemFree:          128140 kB
Active:           362540 kB
Mem:          3.8G       3.7G       125M       5.7M        27M       3.2G

MemTotal:        4016004 kB
MemFree:          127892 kB
Active:           362560 kB
Mem:          3.8G       3.7G       124M       5.7M        27M       3.2G

MemTotal:        4016004 kB
MemFree:          127644 kB
Active:           362568 kB
Mem:          3.8G       3.7G       124M       5.7M        27M       3.2G

MemTotal:        4016004 kB
MemFree:          127644 kB
Active:           362552 kB
Mem:          3.8G       3.7G       124M       5.7M        27M       3.2G

MemTotal:        4016004 kB
MemFree:          127520 kB
Active:           362528 kB
Mem:          3.8G       3.7G       124M       5.7M        27M       3.2G

MemTotal:        4016004 kB
MemFree:          128016 kB
Active:           362512 kB
Mem:          3.8G       3.7G       125M       5.7M        27M       3.2G

MemTotal:        4016004 kB
MemFree:          128140 kB
Active:           362564 kB
Mem:          3.8G       3.7G       125M       5.7M        27M       3.2G

MemTotal:        4016004 kB
MemFree:          127768 kB
Active:           362572 kB
Mem:          3.8G       3.7G       125M       5.7M        27M       3.2G

MemTotal:        4016004 kB
MemFree:          128140 kB
Active:           362524 kB
Mem:          3.8G       3.7G       125M       5.7M        27M       3.2G

MemTotal:        4016004 kB
MemFree:          128264 kB
Active:           362556 kB
Mem:          3.8G       3.7G       125M       5.7M        27M       3.2G

MemTotal:        4016004 kB
MemFree:          128264 kB
Active:           362532 kB
Mem:          3.8G       3.7G       125M       5.7M        27M       3.2G

MemTotal:        4016004 kB
MemFree:          128264 kB
Active:           362568 kB
Mem:          3.8G       3.7G       124M       5.7M        27M       3.2G

MemTotal:        4016004 kB
MemFree:          128264 kB
Active:           362576 kB
Mem:          3.8G       3.7G       125M       5.7M        27M       3.2G

MemTotal:        4016004 kB
MemFree:          128016 kB
Active:           362540 kB
Mem:          3.8G       3.7G       125M       5.7M        27M       3.2G

MemTotal:        4016004 kB
MemFree:          128264 kB
Active:           362536 kB
Mem:          3.8G       3.7G       125M       5.7M        27M       3.2G

MemTotal:        4016004 kB
MemFree:          127892 kB
Active:           362584 kB
Mem:          3.8G       3.7G       125M       5.7M        27M       3.2G

MemTotal:        4016004 kB
MemFree:          128140 kB
Active:           362540 kB
Mem:          3.8G       3.7G       125M       5.7M        27M       3.2G

MemTotal:        4016004 kB
MemFree:          128264 kB
Active:           362540 kB
Mem:          3.8G       3.7G       125M       5.7M        27M       3.2G

MemTotal:        4016004 kB
MemFree:          128264 kB
Active:           362568 kB
Mem:          3.8G       3.7G       125M       5.7M        27M       3.2G

MemTotal:        4016004 kB
MemFree:          128388 kB
Active:           362556 kB
Mem:          3.8G       3.7G       125M       5.7M        27M       3.2G

MemTotal:        4016004 kB
MemFree:          128388 kB
Active:           362580 kB
Mem:          3.8G       3.7G       125M       5.7M        27M       3.2G

MemTotal:        4016004 kB
MemFree:          128264 kB
Active:           362568 kB
Mem:          3.8G       3.7G       125M       5.7M        27M       3.2G

MemTotal:        4016004 kB
MemFree:          128140 kB
Active:           362548 kB
Mem:          3.8G       3.7G       125M       5.7M        27M       3.2G

MemTotal:        4016004 kB
MemFree:          128388 kB
Active:           362564 kB
Mem:          3.8G       3.7G       125M       5.7M        27M       3.2G

MemTotal:        4016004 kB
MemFree:          128140 kB
Active:           362584 kB
Mem:          3.8G       3.7G       125M       5.7M        27M       3.2G

MemTotal:        4016004 kB
MemFree:          128140 kB
Active:           362556 kB
Mem:          3.8G       3.7G       125M       5.7M        27M       3.2G

MemTotal:        4016004 kB
MemFree:          127892 kB
Active:           362612 kB
Mem:          3.8G       3.7G       124M       5.7M        27M       3.2G

MemTotal:        4016004 kB
MemFree:          127768 kB
Active:           362612 kB
Mem:          3.8G       3.7G       124M       5.7M        27M       3.2G

MemTotal:        4016004 kB
MemFree:          127752 kB
Active:           362584 kB
Mem:          3.8G       3.7G       124M       5.7M        27M       3.2G

MemTotal:        4016004 kB
MemFree:          127844 kB
Active:           362580 kB
Mem:          3.8G       3.7G       124M       5.7M        27M       3.2G

MemTotal:        4016004 kB
MemFree:          127520 kB
Active:           362620 kB
Mem:          3.8G       3.7G       124M       5.7M        27M       3.2G

MemTotal:        4016004 kB
MemFree:          127736 kB
Active:           362576 kB
Mem:          3.8G       3.7G       124M       5.7M        27M       3.2G

MemTotal:        4016004 kB
MemFree:          127892 kB
Active:           362576 kB
Mem:          3.8G       3.7G       124M       5.7M        27M       3.2G

MemTotal:        4016004 kB
MemFree:          127396 kB
Active:           362592 kB
Mem:          3.8G       3.7G       124M       5.7M        27M       3.2G

MemTotal:        4016004 kB
MemFree:          127768 kB
Active:           362616 kB
Mem:          3.8G       3.7G       124M       5.7M        27M       3.2G

MemTotal:        4016004 kB
MemFree:          127768 kB
Active:           362592 kB
Mem:          3.8G       3.7G       124M       5.7M        27M       3.2G

MemTotal:        4016004 kB
MemFree:          128264 kB
Active:           362612 kB
Mem:          3.8G       3.7G       125M       5.7M        27M       3.2G

MemTotal:        4016004 kB
MemFree:          128140 kB
Active:           362580 kB
Mem:          3.8G       3.7G       125M       5.7M        27M       3.2G

MemTotal:        4016004 kB
MemFree:          128264 kB
Active:           362616 kB
Mem:          3.8G       3.7G       125M       5.7M        27M       3.2G

MemTotal:        4016004 kB
MemFree:          128140 kB
Active:           362612 kB
Mem:          3.8G       3.7G       125M       5.7M        27M       3.2G

MemTotal:        4016004 kB
MemFree:          127892 kB
Active:           362584 kB
Mem:          3.8G       3.7G       124M       5.7M        27M       3.2G

MemTotal:        4016004 kB
MemFree:          127768 kB
Active:           362588 kB
Mem:          3.8G       3.7G       124M       5.7M        27M       3.2G

MemTotal:        4016004 kB
MemFree:          127768 kB
Active:           362636 kB
Mem:          3.8G       3.7G       124M       5.7M        27M       3.2G

MemTotal:        4016004 kB
MemFree:          127768 kB
Active:           362584 kB
Mem:          3.8G       3.7G       124M       5.7M        27M       3.2G

MemTotal:        4016004 kB
MemFree:          127644 kB
Active:           362600 kB
Mem:          3.8G       3.7G       124M       5.7M        27M       3.2G

MemTotal:        4016004 kB
MemFree:          127768 kB
Active:           362648 kB
Mem:          3.8G       3.7G       124M       5.7M        27M       3.2G

MemTotal:        4016004 kB
MemFree:          127768 kB
Active:           362600 kB
Mem:          3.8G       3.7G       124M       5.7M        27M       3.2G

MemTotal:        4016004 kB
MemFree:          128016 kB
Active:           362616 kB
Mem:          3.8G       3.7G       124M       5.7M        27M       3.2G

MemTotal:        4016004 kB
MemFree:          128016 kB
Active:           362592 kB
Mem:          3.8G       3.7G       125M       5.7M        27M       3.2G

MemTotal:        4016004 kB
MemFree:          128140 kB
Active:           362648 kB
Mem:          3.8G       3.7G       124M       5.7M        27M       3.2G

MemTotal:        4016004 kB
MemFree:          128016 kB
Active:           362656 kB
Mem:          3.8G       3.7G       125M       5.7M        27M       3.2G

MemTotal:        4016004 kB
MemFree:          127892 kB
Active:           362604 kB
Mem:          3.8G       3.7G       125M       5.7M        27M       3.2G

MemTotal:        4016004 kB
MemFree:          128140 kB
Active:           362608 kB
Mem:          3.8G       3.7G       125M       5.7M        27M       3.2G

MemTotal:        4016004 kB
MemFree:          128140 kB
Active:           362628 kB
Mem:          3.8G       3.7G       125M       5.7M        27M       3.2G

MemTotal:        4016004 kB
MemFree:          128016 kB
Active:           362656 kB
Mem:          3.8G       3.7G       124M       5.7M        27M       3.2G

MemTotal:        4016004 kB
MemFree:          127768 kB
Active:           362656 kB
Mem:          3.8G       3.7G       124M       5.7M        27M       3.2G

MemTotal:        4016004 kB
MemFree:          127644 kB
Active:           362648 kB
Mem:          3.8G       3.7G       124M       5.7M        27M       3.2G

MemTotal:        4016004 kB
MemFree:          127768 kB
Active:           362620 kB
Mem:          3.8G       3.7G       124M       5.7M        27M       3.2G

MemTotal:        4016004 kB
MemFree:          127768 kB
Active:           362628 kB
Mem:          3.8G       3.7G       124M       5.7M        27M       3.2G

MemTotal:        4016004 kB
MemFree:          128388 kB
Active:           362616 kB
Mem:          3.8G       3.7G       125M       5.7M        27M       3.2G

MemTotal:        4016004 kB
MemFree:          127644 kB
Active:           362648 kB
Mem:          3.8G       3.7G       124M       5.7M        27M       3.2G

MemTotal:        4016004 kB
MemFree:          128016 kB
Active:           362648 kB
Mem:          3.8G       3.7G       125M       5.7M        27M       3.2G

MemTotal:        4016004 kB
MemFree:          128264 kB
Active:           362660 kB
Mem:          3.8G       3.7G       125M       5.7M        27M       3.2G

MemTotal:        4016004 kB
MemFree:          128140 kB
Active:           362660 kB
Mem:          3.8G       3.7G       125M       5.7M        27M       3.2G

MemTotal:        4016004 kB
MemFree:          127768 kB
Active:           362680 kB
Mem:          3.8G       3.7G       124M       5.7M        27M       3.2G

MemTotal:        4016004 kB
MemFree:          127892 kB
Active:           362672 kB
Mem:          3.8G       3.7G       124M       5.7M        27M       3.2G

MemTotal:        4016004 kB
MemFree:          128016 kB
Active:           362656 kB
Mem:          3.8G       3.7G       124M       5.7M        27M       3.2G

MemTotal:        4016004 kB
MemFree:          128016 kB
Active:           362640 kB
Mem:          3.8G       3.7G       125M       5.7M        27M       3.2G

MemTotal:        4016004 kB
MemFree:          127644 kB
Active:           362684 kB
Mem:          3.8G       3.7G       124M       5.7M        27M       3.2G

MemTotal:        4016004 kB
MemFree:          127892 kB
Active:           362632 kB
Mem:          3.8G       3.7G       124M       5.7M        27M       3.2G

MemTotal:        4016004 kB
MemFree:          127892 kB
Active:           362688 kB
Mem:          3.8G       3.7G       124M       5.7M        27M       3.2G

MemTotal:        4016004 kB
MemFree:          127520 kB
Active:           362700 kB
Mem:          3.8G       3.7G       124M       5.7M        27M       3.2G

MemTotal:        4016004 kB
MemFree:          127892 kB
Active:           362644 kB
Mem:          3.8G       3.7G       124M       5.7M        27M       3.2G

MemTotal:        4016004 kB
MemFree:          127892 kB
Active:           362684 kB
Mem:          3.8G       3.7G       124M       5.7M        27M       3.2G

MemTotal:        4016004 kB
MemFree:          127892 kB
Active:           362660 kB
Mem:          3.8G       3.7G       125M       5.7M        27M       3.2G

MemTotal:        4016004 kB
MemFree:          128140 kB
Active:           362692 kB
Mem:          3.8G       3.7G       124M       5.7M        27M       3.2G

MemTotal:        4016004 kB
MemFree:          128016 kB
Active:           362644 kB
Mem:          3.8G       3.7G       125M       5.7M        27M       3.2G

MemTotal:        4016004 kB
MemFree:          128016 kB
Active:           362648 kB
Mem:          3.8G       3.7G       125M       5.7M        27M       3.2G

MemTotal:        4016004 kB
MemFree:          128140 kB
Active:           362680 kB
Mem:          3.8G       3.7G       125M       5.7M        27M       3.2G

MemTotal:        4016004 kB
MemFree:          127644 kB
Active:           362704 kB
Mem:          3.8G       3.7G       124M       5.7M        27M       3.2G

MemTotal:        4016004 kB
MemFree:          127768 kB
Active:           362668 kB
Mem:          3.8G       3.7G       125M       5.7M        27M       3.2G

MemTotal:        4016004 kB
MemFree:          128388 kB
Active:           362680 kB
Mem:          3.8G       3.7G       125M       5.7M        27M       3.2G

MemTotal:        4016004 kB
MemFree:          128140 kB
Active:           362664 kB
Mem:          3.8G       3.7G       125M       5.7M        27M       3.2G

MemTotal:        4016004 kB
MemFree:          128264 kB
Active:           362680 kB
Mem:          3.8G       3.7G       125M       5.7M        27M       3.2G

MemTotal:        4016004 kB
MemFree:          128140 kB
Active:           362708 kB
Mem:          3.8G       3.7G       125M       5.7M        27M       3.2G

MemTotal:        4016004 kB
MemFree:          128140 kB
Active:           362668 kB
Mem:          3.8G       3.7G       125M       5.7M        27M       3.2G

MemTotal:        4016004 kB
MemFree:          127892 kB
Active:           362708 kB
Mem:          3.8G       3.7G       124M       5.7M        27M       3.2G

MemTotal:        4016004 kB
MemFree:          127644 kB
Active:           362680 kB
Mem:          3.8G       3.7G       124M       5.7M        27M       3.2G

MemTotal:        4016004 kB
MemFree:          127272 kB
Active:           362724 kB
Mem:          3.8G       3.7G       124M       5.7M        27M       3.2G

MemTotal:        4016004 kB
MemFree:          127892 kB
Active:           362708 kB
Mem:          3.8G       3.7G       124M       5.7M        27M       3.2G

MemTotal:        4016004 kB
MemFree:          128016 kB
Active:           362692 kB
Mem:          3.8G       3.7G       124M       5.7M        27M       3.2G

MemTotal:        4016004 kB
MemFree:          128016 kB
Active:           362688 kB
Mem:          3.8G       3.7G       124M       5.7M        27M       3.2G

MemTotal:        4016004 kB
MemFree:          127892 kB
Active:           362688 kB
Mem:          3.8G       3.7G       124M       5.7M        27M       3.2G

MemTotal:        4016004 kB
MemFree:          128016 kB
Active:           362676 kB
Mem:          3.8G       3.7G       125M       5.7M        27M       3.2G

MemTotal:        4016004 kB
MemFree:          128016 kB
Active:           362708 kB
Mem:          3.8G       3.7G       125M       5.7M        27M       3.2G

MemTotal:        4016004 kB
MemFree:          127644 kB
Active:           362736 kB
Mem:          3.8G       3.7G       124M       5.7M        27M       3.2G

MemTotal:        4016004 kB
MemFree:          127736 kB
Active:           362684 kB
Mem:          3.8G       3.7G       124M       5.7M        27M       3.2G

MemTotal:        4016004 kB
MemFree:          127768 kB
Active:           362712 kB
Mem:          3.8G       3.7G       124M       5.7M        27M       3.2G

MemTotal:        4016004 kB
MemFree:          127768 kB
Active:           362712 kB
Mem:          3.8G       3.7G       124M       5.7M        27M       3.2G

MemTotal:        4016004 kB
MemFree:          127520 kB
Active:           362720 kB
Mem:          3.8G       3.7G       124M       5.7M        27M       3.2G

MemTotal:        4016004 kB
MemFree:          127520 kB
Active:           362692 kB
Mem:          3.8G       3.7G       124M       5.7M        27M       3.2G

MemTotal:        4016004 kB
MemFree:          127768 kB
Active:           362708 kB
Mem:          3.8G       3.7G       124M       5.7M        27M       3.2G

MemTotal:        4016004 kB
MemFree:          127892 kB
Active:           362740 kB
Mem:          3.8G       3.7G       124M       5.7M        27M       3.2G

MemTotal:        4016004 kB
MemFree:          127644 kB
Active:           362748 kB
Mem:          3.8G       3.7G       124M       5.7M        27M       3.2G

MemTotal:        4016004 kB
MemFree:          127892 kB
Active:           362716 kB
Mem:          3.8G       3.7G       124M       5.7M        27M       3.2G

MemTotal:        4016004 kB
MemFree:          127644 kB
Active:           362748 kB
Mem:          3.8G       3.7G       124M       5.7M        27M       3.2G

MemTotal:        4016004 kB
MemFree:          127892 kB
Active:           362724 kB
Mem:          3.8G       3.7G       125M       5.7M        27M       3.2G

MemTotal:        4016004 kB
MemFree:          128016 kB
Active:           362704 kB
Mem:          3.8G       3.7G       124M       5.7M        27M       3.2G

MemTotal:        4016004 kB
MemFree:          128016 kB
Active:           362740 kB
Mem:          3.8G       3.7G       125M       5.7M        27M       3.2G

MemTotal:        4016004 kB
MemFree:          128016 kB
Active:           362700 kB
Mem:          3.8G       3.7G       125M       5.7M        27M       3.2G

MemTotal:        4016004 kB
MemFree:          128016 kB
Active:           362728 kB
Mem:          3.8G       3.7G       125M       5.7M        27M       3.2G

MemTotal:        4016004 kB
MemFree:          128140 kB
Active:           362736 kB
Mem:          3.8G       3.7G       125M       5.7M        27M       3.2G

MemTotal:        4016004 kB
MemFree:          128016 kB
Active:           362768 kB
Mem:          3.8G       3.7G       124M       5.7M        27M       3.2G

MemTotal:        4016004 kB
MemFree:          128016 kB
Active:           362720 kB
Mem:          3.8G       3.7G       124M       5.7M        27M       3.2G

MemTotal:        4016004 kB
MemFree:          128264 kB
Active:           362756 kB
Mem:          3.8G       3.7G       125M       5.7M        27M       3.2G

MemTotal:        4016004 kB
MemFree:          127768 kB
Active:           362732 kB
Mem:          3.8G       3.7G       124M       5.7M        27M       3.2G

MemTotal:        4016004 kB
MemFree:          127272 kB
Active:           362768 kB
Mem:          3.8G       3.7G       124M       5.7M        27M       3.2G

MemTotal:        4016004 kB
MemFree:          127768 kB
Active:           362732 kB
Mem:          3.8G       3.7G       124M       5.7M        27M       3.2G

MemTotal:        4016004 kB
MemFree:          128016 kB
Active:           362776 kB
Mem:          3.8G       3.7G       124M       5.7M        27M       3.2G

MemTotal:        4016004 kB
MemFree:          127768 kB
Active:           362780 kB
Mem:          3.8G       3.7G       124M       5.7M        27M       3.2G

MemTotal:        4016004 kB
MemFree:          127644 kB
Active:           362732 kB
Mem:          3.8G       3.7G       124M       5.7M        27M       3.2G

MemTotal:        4016004 kB
MemFree:          127768 kB
Active:           362760 kB
Mem:          3.8G       3.7G       124M       5.7M        27M       3.2G

MemTotal:        4016004 kB
MemFree:          127520 kB
Active:           362744 kB
Mem:          3.8G       3.7G       124M       5.7M        27M       3.2G

MemTotal:        4016004 kB
MemFree:          127892 kB
Active:           362728 kB
Mem:          3.8G       3.7G       125M       5.7M        27M       3.2G

MemTotal:        4016004 kB
MemFree:          128264 kB
Active:           362748 kB
Mem:          3.8G       3.7G       125M       5.7M        27M       3.2G

MemTotal:        4016004 kB
MemFree:          128264 kB
Active:           362780 kB
Mem:          3.8G       3.7G       125M       5.7M        27M       3.2G

MemTotal:        4016004 kB
MemFree:          128140 kB
Active:           362756 kB
Mem:          3.8G       3.7G       124M       5.7M        27M       3.2G

MemTotal:        4016004 kB
MemFree:          128140 kB
Active:           362780 kB
Mem:          3.8G       3.7G       125M       5.7M        27M       3.2G

MemTotal:        4016004 kB
MemFree:          128140 kB
Active:           362764 kB
Mem:          3.8G       3.7G       124M       5.7M        27M       3.2G

MemTotal:        4016004 kB
MemFree:          128140 kB
Active:           362784 kB
Mem:          3.8G       3.7G       125M       5.7M        27M       3.2G

MemTotal:        4016004 kB
MemFree:          128016 kB
Active:           362760 kB
Mem:          3.8G       3.7G       125M       5.7M        27M       3.2G

MemTotal:        4016004 kB
MemFree:          127892 kB
Active:           362784 kB
Mem:          3.8G       3.7G       124M       5.7M        27M       3.2G

MemTotal:        4016004 kB
MemFree:          127892 kB
Active:           362768 kB
Mem:          3.8G       3.7G       124M       5.7M        27M       3.2G

MemTotal:        4016004 kB
MemFree:          127892 kB
Active:           362800 kB
Mem:          3.8G       3.7G       124M       5.7M        27M       3.2G

MemTotal:        4016004 kB
MemFree:          127892 kB
Active:           362788 kB
Mem:          3.8G       3.7G       124M       5.7M        27M       3.2G

MemTotal:        4016004 kB
MemFree:          127768 kB
Active:           362784 kB
Mem:          3.8G       3.7G       124M       5.7M        27M       3.2G

MemTotal:        4016004 kB
MemFree:          127272 kB
Active:           362812 kB
Mem:          3.8G       3.7G       124M       5.7M        27M       3.2G

MemTotal:        4016004 kB
MemFree:          127396 kB
Active:           362800 kB
Mem:          3.8G       3.7G       124M       5.7M        27M       3.2G

MemTotal:        4016004 kB
MemFree:          127272 kB
Active:           362792 kB
Mem:          3.8G       3.7G       124M       5.7M        27M       3.2G

MemTotal:        4016004 kB
MemFree:          127272 kB
Active:           362820 kB
Mem:          3.8G       3.7G       124M       5.7M        27M       3.2G

MemTotal:        4016004 kB
MemFree:          127024 kB
Active:           362828 kB
Mem:          3.8G       3.7G       124M       5.7M        27M       3.2G

MemTotal:        4016004 kB
MemFree:          127148 kB
Active:           362828 kB
Mem:          3.8G       3.7G       124M       5.7M        27M       3.2G

MemTotal:        4016004 kB
MemFree:          127272 kB
Active:           362820 kB
Mem:          3.8G       3.7G       124M       5.7M        27M       3.2G

MemTotal:        4016004 kB
MemFree:          127504 kB
Active:           362828 kB
Mem:          3.8G       3.7G       124M       5.7M        27M       3.2G

MemTotal:        4016004 kB
MemFree:          127628 kB
Active:           362804 kB
Mem:          3.8G       3.7G       124M       5.7M        27M       3.2G

MemTotal:        4016004 kB
MemFree:          128000 kB
Active:           362812 kB
