MemTotal:        4016004 kB
MemFree:         3241256 kB
Active:           420168 kB
Mem:          3.8G       757M       3.1G       5.7M        56M       317M

MemTotal:        4016004 kB
MemFree:         3237776 kB
Active:           423360 kB
Mem:          3.8G       760M       3.1G       5.7M        56M       317M

MemTotal:        4016004 kB
MemFree:         3237280 kB
Active:           423496 kB
Mem:          3.8G       760M       3.1G       5.7M        56M       317M

MemTotal:        4016004 kB
MemFree:         3236784 kB
Active:           423496 kB
Mem:          3.8G       760M       3.1G       5.7M        56M       317M

MemTotal:        4016004 kB
MemFree:         3237016 kB
Active:           423480 kB
Mem:          3.8G       760M       3.1G       5.7M        56M       317M

MemTotal:        4016004 kB
MemFree:         3237000 kB
Active:           423476 kB
Mem:          3.8G       760M       3.1G       5.7M        56M       317M

MemTotal:        4016004 kB
MemFree:         3236612 kB
Active:           423496 kB
Mem:          3.8G       761M       3.1G       5.7M        56M       317M

MemTotal:        4016004 kB
MemFree:         3236116 kB
Active:           423464 kB
Mem:          3.8G       761M       3.1G       5.7M        56M       317M

MemTotal:        4016004 kB
MemFree:         3236224 kB
Active:           423500 kB
Mem:          3.8G       761M       3.1G       5.7M        56M       317M

MemTotal:        4016004 kB
MemFree:         3236472 kB
Active:           423496 kB
Mem:          3.8G       761M       3.1G       5.7M        56M       317M

MemTotal:        4016004 kB
MemFree:         3236348 kB
Active:           423504 kB
Mem:          3.8G       761M       3.1G       5.7M        56M       317M

MemTotal:        4016004 kB
MemFree:         3236720 kB
Active:           423460 kB
Mem:          3.8G       760M       3.1G       5.7M        56M       317M

MemTotal:        4016004 kB
MemFree:         3236844 kB
Active:           423492 kB
Mem:          3.8G       761M       3.1G       5.7M        56M       317M

MemTotal:        4016004 kB
MemFree:         3236596 kB
Active:           423480 kB
Mem:          3.8G       761M       3.1G       5.7M        56M       317M

MemTotal:        4016004 kB
MemFree:         3236596 kB
Active:           423508 kB
Mem:          3.8G       760M       3.1G       5.7M        56M       317M

MemTotal:        4016004 kB
MemFree:         3236844 kB
Active:           423508 kB
Mem:          3.8G       761M       3.1G       5.7M        56M       317M

MemTotal:        4016004 kB
MemFree:         3238844 kB
Active:           421528 kB
Mem:          3.8G       759M       3.1G       5.7M        56M       317M

MemTotal:        4016004 kB
MemFree:         3238348 kB
Active:           421488 kB
Mem:          3.8G       759M       3.1G       5.7M        56M       317M

MemTotal:        4016004 kB
MemFree:         3238936 kB
Active:           421452 kB
Mem:          3.8G       758M       3.1G       5.7M        56M       317M

MemTotal:        4016004 kB
MemFree:         3238936 kB
Active:           421488 kB
Mem:          3.8G       758M       3.1G       5.7M        56M       317M

MemTotal:        4016004 kB
MemFree:         3238424 kB
Active:           421496 kB
Mem:          3.8G       759M       3.1G       5.7M        56M       317M

MemTotal:        4016004 kB
MemFree:         3238424 kB
Active:           421444 kB
Mem:          3.8G       759M       3.1G       5.7M        56M       317M

MemTotal:        4016004 kB
MemFree:         3238036 kB
Active:           421496 kB
Mem:          3.8G       759M       3.1G       5.7M        56M       317M

MemTotal:        4016004 kB
MemFree:         3238036 kB
Active:           421496 kB
Mem:          3.8G       759M       3.1G       5.7M        56M       317M

MemTotal:        4016004 kB
MemFree:         3238408 kB
Active:           421468 kB
Mem:          3.8G       759M       3.1G       5.7M        56M       317M

MemTotal:        4016004 kB
MemFree:         3238160 kB
Active:           421488 kB
Mem:          3.8G       759M       3.1G       5.7M        56M       317M

MemTotal:        4016004 kB
MemFree:         3238408 kB
Active:           421476 kB
Mem:          3.8G       759M       3.1G       5.7M        56M       317M

MemTotal:        4016004 kB
MemFree:         3238408 kB
Active:           421492 kB
Mem:          3.8G       759M       3.1G       5.7M        56M       317M

MemTotal:        4016004 kB
MemFree:         3238408 kB
Active:           421464 kB
Mem:          3.8G       759M       3.1G       5.7M        56M       317M

MemTotal:        4016004 kB
MemFree:         3238408 kB
Active:           421464 kB
Mem:          3.8G       759M       3.1G       5.7M        56M       317M

MemTotal:        4016004 kB
MemFree:         3237912 kB
Active:           421504 kB
Mem:          3.8G       759M       3.1G       5.7M        56M       317M

MemTotal:        4016004 kB
MemFree:         3237772 kB
Active:           421504 kB
Mem:          3.8G       759M       3.1G       5.7M        56M       317M

MemTotal:        4016004 kB
MemFree:         3238252 kB
Active:           421480 kB
Mem:          3.8G       759M       3.1G       5.7M        56M       317M

MemTotal:        4016004 kB
MemFree:         3238376 kB
Active:           421472 kB
Mem:          3.8G       759M       3.1G       5.7M        56M       317M

MemTotal:        4016004 kB
MemFree:         3238112 kB
Active:           421480 kB
Mem:          3.8G       759M       3.1G       5.7M        56M       317M

MemTotal:        4016004 kB
MemFree:         3238732 kB
Active:           421456 kB
Mem:          3.8G       758M       3.1G       5.7M        56M       317M

MemTotal:        4016004 kB
MemFree:         3238220 kB
Active:           421516 kB
Mem:          3.8G       759M       3.1G       5.7M        56M       317M

MemTotal:        4016004 kB
MemFree:         3238344 kB
Active:           421488 kB
Mem:          3.8G       759M       3.1G       5.7M        56M       317M

MemTotal:        4016004 kB
MemFree:         3238264 kB
Active:           419416 kB
Mem:          3.8G       759M       3.1G       5.7M        56M       317M

MemTotal:        4016004 kB
MemFree:         3238404 kB
Active:           421460 kB
Mem:          3.8G       759M       3.1G       5.7M        56M       317M

MemTotal:        4016004 kB
MemFree:         3238652 kB
Active:           421496 kB
Mem:          3.8G       759M       3.1G       5.7M        56M       317M

MemTotal:        4016004 kB
MemFree:         3238652 kB
Active:           421516 kB
Mem:          3.8G       759M       3.1G       5.7M        56M       317M

MemTotal:        4016004 kB
MemFree:         3238900 kB
Active:           421512 kB
Mem:          3.8G       759M       3.1G       5.7M        56M       317M

MemTotal:        4016004 kB
MemFree:         3238528 kB
Active:           421536 kB
Mem:          3.8G       759M       3.1G       5.7M        56M       317M

MemTotal:        4016004 kB
MemFree:         3238528 kB
Active:           421496 kB
Mem:          3.8G       759M       3.1G       5.7M        56M       317M

MemTotal:        4016004 kB
MemFree:         3238280 kB
Active:           421532 kB
Mem:          3.8G       759M       3.1G       5.7M        56M       317M

MemTotal:        4016004 kB
MemFree:         3238528 kB
Active:           421532 kB
Mem:          3.8G       759M       3.1G       5.7M        56M       317M

MemTotal:        4016004 kB
MemFree:         3238280 kB
Active:           421504 kB
Mem:          3.8G       759M       3.1G       5.7M        56M       317M

MemTotal:        4016004 kB
MemFree:         3237784 kB
Active:           421520 kB
Mem:          3.8G       759M       3.1G       5.7M        56M       317M

MemTotal:        4016004 kB
MemFree:         3238080 kB
Active:           421500 kB
Mem:          3.8G       760M       3.1G       5.7M        56M       317M

MemTotal:        4016004 kB
MemFree:         3237708 kB
Active:           421516 kB
Mem:          3.8G       759M       3.1G       5.7M        56M       317M

MemTotal:        4016004 kB
MemFree:         3237956 kB
Active:           421492 kB
Mem:          3.8G       759M       3.1G       5.7M        56M       317M

MemTotal:        4016004 kB
MemFree:         3238080 kB
Active:           421508 kB
Mem:          3.8G       759M       3.1G       5.7M        56M       317M

MemTotal:        4016004 kB
MemFree:         3238080 kB
Active:           421512 kB
Mem:          3.8G       759M       3.1G       5.7M        56M       317M

MemTotal:        4016004 kB
MemFree:         3237956 kB
Active:           421564 kB
Mem:          3.8G       759M       3.1G       5.7M        56M       317M

MemTotal:        4016004 kB
MemFree:         3238204 kB
Active:           421552 kB
Mem:          3.8G       759M       3.1G       5.7M        56M       317M

MemTotal:        4016004 kB
MemFree:         3238204 kB
Active:           421532 kB
Mem:          3.8G       759M       3.1G       5.7M        56M       317M

MemTotal:        4016004 kB
MemFree:         3238080 kB
Active:           421568 kB
Mem:          3.8G       759M       3.1G       5.7M        56M       317M

MemTotal:        4016004 kB
MemFree:         3238264 kB
Active:           419524 kB
Mem:          3.8G       759M       3.1G       5.7M        56M       317M

MemTotal:        4016004 kB
MemFree:         3238388 kB
Active:           421544 kB
Mem:          3.8G       759M       3.1G       5.7M        56M       317M

MemTotal:        4016004 kB
MemFree:         3238388 kB
Active:           421536 kB
Mem:          3.8G       759M       3.1G       5.7M        56M       317M

MemTotal:        4016004 kB
MemFree:         3238388 kB
Active:           421580 kB
Mem:          3.8G       759M       3.1G       5.7M        56M       317M

MemTotal:        4016004 kB
MemFree:         3238016 kB
Active:           421560 kB
Mem:          3.8G       759M       3.1G       5.7M        56M       317M

MemTotal:        4016004 kB
MemFree:         3238000 kB
Active:           421560 kB
Mem:          3.8G       759M       3.1G       5.7M        56M       317M

MemTotal:        4016004 kB
MemFree:         3237832 kB
Active:           421588 kB
Mem:          3.8G       760M       3.1G       5.7M        56M       317M

MemTotal:        4016004 kB
MemFree:         3237832 kB
Active:           421588 kB
Mem:          3.8G       760M       3.1G       5.7M        56M       317M

MemTotal:        4016004 kB
MemFree:         3237708 kB
Active:           421584 kB
Mem:          3.8G       760M       3.1G       5.7M        56M       317M

MemTotal:        4016004 kB
MemFree:         3238080 kB
Active:           421568 kB
Mem:          3.8G       759M       3.1G       5.7M        56M       317M

MemTotal:        4016004 kB
MemFree:         3238452 kB
Active:           421576 kB
Mem:          3.8G       759M       3.1G       5.7M        56M       317M

MemTotal:        4016004 kB
MemFree:         3238576 kB
Active:           421568 kB
Mem:          3.8G       759M       3.1G       5.7M        56M       317M

MemTotal:        4016004 kB
MemFree:         3238452 kB
Active:           421540 kB
Mem:          3.8G       759M       3.1G       5.7M        56M       317M

MemTotal:        4016004 kB
MemFree:         3238576 kB
Active:           421580 kB
Mem:          3.8G       759M       3.1G       5.7M        56M       317M

MemTotal:        4016004 kB
MemFree:         3238576 kB
Active:           421592 kB
Mem:          3.8G       759M       3.1G       5.7M        56M       317M

MemTotal:        4016004 kB
MemFree:         3238080 kB
Active:           421552 kB
Mem:          3.8G       759M       3.1G       5.7M        56M       317M

MemTotal:        4016004 kB
MemFree:         3238120 kB
Active:           421560 kB
Mem:          3.8G       759M       3.1G       5.7M        56M       317M

MemTotal:        4016004 kB
MemFree:         3237748 kB
Active:           421604 kB
Mem:          3.8G       759M       3.1G       5.7M        56M       317M

MemTotal:        4016004 kB
MemFree:         3237856 kB
Active:           421572 kB
Mem:          3.8G       760M       3.1G       5.7M        56M       317M

MemTotal:        4016004 kB
MemFree:         3237840 kB
Active:           421572 kB
Mem:          3.8G       759M       3.1G       5.7M        56M       317M

MemTotal:        4016004 kB
MemFree:         3237592 kB
Active:           421572 kB
Mem:          3.8G       760M       3.1G       5.7M        56M       317M

MemTotal:        4016004 kB
MemFree:         3237576 kB
Active:           421596 kB
Mem:          3.8G       759M       3.1G       5.7M        56M       317M

MemTotal:        4016004 kB
MemFree:         3237948 kB
Active:           421584 kB
Mem:          3.8G       760M       3.1G       5.7M        56M       317M

MemTotal:        4016004 kB
MemFree:         3238104 kB
Active:           421588 kB
Mem:          3.8G       759M       3.1G       5.7M        56M       317M

MemTotal:        4016004 kB
MemFree:         3238352 kB
Active:           421592 kB
Mem:          3.8G       759M       3.1G       5.7M        56M       317M

MemTotal:        4016004 kB
MemFree:         3237980 kB
Active:           421628 kB
Mem:          3.8G       759M       3.1G       5.7M        56M       317M

MemTotal:        4016004 kB
MemFree:         3238724 kB
Active:           421584 kB
Mem:          3.8G       759M       3.1G       5.7M        56M       317M

MemTotal:        4016004 kB
MemFree:         3238724 kB
Active:           421576 kB
Mem:          3.8G       759M       3.1G       5.7M        56M       317M

MemTotal:        4016004 kB
MemFree:         3238104 kB
Active:           421620 kB
Mem:          3.8G       759M       3.1G       5.7M        56M       317M

MemTotal:        4016004 kB
MemFree:         3238104 kB
Active:           421616 kB
Mem:          3.8G       759M       3.1G       5.7M        56M       317M

MemTotal:        4016004 kB
MemFree:         3236056 kB
Active:           421588 kB
Mem:          3.8G       761M       3.1G       5.7M        56M       317M

MemTotal:        4016004 kB
MemFree:         3236304 kB
Active:           423660 kB
Mem:          3.8G       761M       3.1G       5.7M        56M       317M

MemTotal:        4016004 kB
MemFree:         3236180 kB
Active:           423660 kB
Mem:          3.8G       761M       3.1G       5.7M        56M       317M

MemTotal:        4016004 kB
MemFree:         3236180 kB
Active:           423648 kB
Mem:          3.8G       761M       3.1G       5.7M        56M       317M

MemTotal:        4016004 kB
MemFree:         3236180 kB
Active:           423664 kB
Mem:          3.8G       761M       3.1G       5.7M        56M       317M

MemTotal:        4016004 kB
MemFree:         3236304 kB
Active:           423616 kB
Mem:          3.8G       761M       3.1G       5.7M        56M       317M

MemTotal:        4016004 kB
MemFree:         3236552 kB
Active:           423628 kB
Mem:          3.8G       761M       3.1G       5.7M        56M       317M

MemTotal:        4016004 kB
MemFree:         3236304 kB
Active:           423624 kB
Mem:          3.8G       761M       3.1G       5.7M        56M       317M

MemTotal:        4016004 kB
MemFree:         3236056 kB
Active:           423664 kB
Mem:          3.8G       761M       3.1G       5.7M        56M       317M

MemTotal:        4016004 kB
MemFree:         3236272 kB
Active:           423668 kB
Mem:          3.8G       761M       3.1G       5.7M        56M       317M

MemTotal:        4016004 kB
MemFree:         3236504 kB
Active:           423660 kB
Mem:          3.8G       761M       3.1G       5.7M        56M       317M

MemTotal:        4016004 kB
MemFree:         3236364 kB
Active:           423624 kB
Mem:          3.8G       761M       3.1G       5.7M        56M       317M

MemTotal:        4016004 kB
MemFree:         3235340 kB
Active:           423808 kB
Mem:          3.8G       762M       3.1G       5.7M        56M       317M

MemTotal:        4016004 kB
MemFree:         3193092 kB
Active:           424356 kB
Mem:          3.8G       804M       3.0G       5.7M        56M       358M

MemTotal:        4016004 kB
MemFree:         3147860 kB
Active:           424420 kB
Mem:          3.8G       848M       3.0G       5.7M        56M       401M

MemTotal:        4016004 kB
MemFree:         3103496 kB
Active:           424476 kB
Mem:          3.8G       891M       3.0G       5.7M        56M       445M

MemTotal:        4016004 kB
MemFree:         3058248 kB
Active:           424488 kB
Mem:          3.8G       936M       2.9G       5.7M        56M       488M

MemTotal:        4016004 kB
MemFree:         3013512 kB
Active:           424496 kB
Mem:          3.8G       979M       2.9G       5.7M        56M       531M

MemTotal:        4016004 kB
MemFree:         2968512 kB
Active:           424528 kB
Mem:          3.8G       1.0G       2.8G       5.7M        56M       574M

MemTotal:        4016004 kB
MemFree:         2923528 kB
Active:           424572 kB
Mem:          3.8G       1.0G       2.8G       5.7M        56M       617M

MemTotal:        4016004 kB
MemFree:         2877932 kB
Active:           422540 kB
Mem:          3.8G       1.1G       2.7G       5.7M        56M       660M

MemTotal:        4016004 kB
MemFree:         2832856 kB
Active:           424624 kB
Mem:          3.8G       1.1G       2.7G       5.7M        56M       704M

MemTotal:        4016004 kB
MemFree:         2788060 kB
Active:           424640 kB
Mem:          3.8G       1.2G       2.7G       5.7M        56M       747M

MemTotal:        4016004 kB
MemFree:         2742592 kB
Active:           424644 kB
Mem:          3.8G       1.2G       2.6G       5.7M        56M       790M

MemTotal:        4016004 kB
MemFree:         2712988 kB
Active:           424696 kB
Mem:          3.8G       1.2G       2.6G       5.7M        56M       819M

MemTotal:        4016004 kB
MemFree:         2681428 kB
Active:           424700 kB
Mem:          3.8G       1.3G       2.6G       5.7M        56M       849M

MemTotal:        4016004 kB
MemFree:         2679808 kB
Active:           424736 kB
Mem:          3.8G       1.3G       2.6G       5.7M        56M       850M

MemTotal:        4016004 kB
MemFree:         2662772 kB
Active:           424752 kB
Mem:          3.8G       1.3G       2.5G       5.7M        56M       867M

MemTotal:        4016004 kB
MemFree:         2617448 kB
Active:           424760 kB
Mem:          3.8G       1.3G       2.5G       5.7M        56M       910M

MemTotal:        4016004 kB
MemFree:         2610368 kB
Active:           424808 kB
Mem:          3.8G       1.3G       2.5G       5.7M        56M       918M

MemTotal:        4016004 kB
MemFree:         2563112 kB
Active:           424760 kB
Mem:          3.8G       1.4G       2.4G       5.7M        56M       961M

MemTotal:        4016004 kB
MemFree:         2518608 kB
Active:           426848 kB
Mem:          3.8G       1.4G       2.4G       5.7M        56M       1.0G

MemTotal:        4016004 kB
MemFree:         2473004 kB
Active:           426848 kB
Mem:          3.8G       1.5G       2.4G       5.7M        56M       1.0G

MemTotal:        4016004 kB
MemFree:         2427648 kB
Active:           426896 kB
Mem:          3.8G       1.5G       2.3G       5.7M        56M       1.1G

MemTotal:        4016004 kB
MemFree:         2383036 kB
Active:           426912 kB
Mem:          3.8G       1.6G       2.3G       5.7M        56M       1.1G

MemTotal:        4016004 kB
MemFree:         2337912 kB
Active:           426976 kB
Mem:          3.8G       1.6G       2.2G       5.7M        56M       1.2G

MemTotal:        4016004 kB
MemFree:         2293052 kB
Active:           426968 kB
Mem:          3.8G       1.6G       2.2G       5.7M        56M       1.2G

MemTotal:        4016004 kB
MemFree:         2248536 kB
Active:           427008 kB
Mem:          3.8G       1.7G       2.1G       5.7M        56M       1.2G

MemTotal:        4016004 kB
MemFree:         2226476 kB
Active:           426984 kB
Mem:          3.8G       1.7G       2.1G       5.7M        56M       1.3G

MemTotal:        4016004 kB
MemFree:         2218544 kB
Active:           427024 kB
Mem:          3.8G       1.7G       2.1G       5.7M        56M       1.3G

MemTotal:        4016004 kB
MemFree:         2173460 kB
Active:           425136 kB
Mem:          3.8G       1.8G       2.1G       5.7M        56M       1.3G

MemTotal:        4016004 kB
MemFree:         2128248 kB
Active:           427172 kB
Mem:          3.8G       1.8G       2.0G       5.7M        56M       1.3G

MemTotal:        4016004 kB
MemFree:         2083488 kB
Active:           427220 kB
Mem:          3.8G       1.8G       2.0G       5.7M        56M       1.4G

MemTotal:        4016004 kB
MemFree:         2038752 kB
Active:           427212 kB
Mem:          3.8G       1.9G       1.9G       5.7M        56M       1.4G

MemTotal:        4016004 kB
MemFree:         1993132 kB
Active:           427224 kB
Mem:          3.8G       1.9G       1.9G       5.7M        56M       1.5G

MemTotal:        4016004 kB
MemFree:         1948768 kB
Active:           427260 kB
Mem:          3.8G       2.0G       1.9G       5.7M        56M       1.5G

MemTotal:        4016004 kB
MemFree:         1903536 kB
Active:           427316 kB
Mem:          3.8G       2.0G       1.8G       5.7M        56M       1.6G

MemTotal:        4016004 kB
MemFree:         1858704 kB
Active:           427340 kB
Mem:          3.8G       2.1G       1.8G       5.7M        56M       1.6G

MemTotal:        4016004 kB
MemFree:         1813832 kB
Active:           427356 kB
Mem:          3.8G       2.1G       1.7G       5.7M        56M       1.6G

MemTotal:        4016004 kB
MemFree:         1773724 kB
Active:           427408 kB
Mem:          3.8G       2.1G       1.7G       5.7M        56M       1.7G

MemTotal:        4016004 kB
MemFree:         1757460 kB
Active:           425360 kB
Mem:          3.8G       2.2G       1.7G       5.7M        56M       1.7G

MemTotal:        4016004 kB
MemFree:         1712712 kB
Active:           427436 kB
Mem:          3.8G       2.2G       1.6G       5.7M        56M       1.7G

MemTotal:        4016004 kB
MemFree:         1667700 kB
Active:           427472 kB
Mem:          3.8G       2.2G       1.6G       5.7M        56M       1.8G

MemTotal:        4016004 kB
MemFree:         1622908 kB
Active:           427472 kB
Mem:          3.8G       2.3G       1.5G       5.7M        57M       1.8G

MemTotal:        4016004 kB
MemFree:         1578064 kB
Active:           427512 kB
Mem:          3.8G       2.3G       1.5G       5.7M        57M       1.9G

MemTotal:        4016004 kB
MemFree:         1533204 kB
Active:           427564 kB
Mem:          3.8G       2.4G       1.5G       5.7M        57M       1.9G

MemTotal:        4016004 kB
MemFree:         1488096 kB
Active:           427556 kB
Mem:          3.8G       2.4G       1.4G       5.7M        57M       1.9G

MemTotal:        4016004 kB
MemFree:         1442740 kB
Active:           427600 kB
Mem:          3.8G       2.5G       1.4G       5.7M        57M       2.0G

MemTotal:        4016004 kB
MemFree:         1422604 kB
Active:           427612 kB
Mem:          3.8G       2.5G       1.4G       5.7M        57M       2.0G

MemTotal:        4016004 kB
MemFree:         1411660 kB
Active:           427644 kB
Mem:          3.8G       2.5G       1.3G       5.7M        57M       2.0G

MemTotal:        4016004 kB
MemFree:         1366676 kB
Active:           427656 kB
Mem:          3.8G       2.5G       1.3G       5.7M        57M       2.1G

MemTotal:        4016004 kB
MemFree:         1321684 kB
Active:           427652 kB
Mem:          3.8G       2.6G       1.3G       5.7M        57M       2.1G

MemTotal:        4016004 kB
MemFree:         1321464 kB
Active:           427688 kB
Mem:          3.8G       2.6G       1.3G       5.7M        57M       2.1G

MemTotal:        4016004 kB
MemFree:         1281672 kB
Active:           427892 kB
Mem:          3.8G       2.6G       1.2G       5.7M        57M       2.1G

MemTotal:        4016004 kB
MemFree:         1259644 kB
Active:           432448 kB
Mem:          3.8G       2.6G       1.2G       5.7M        61M       2.2G

MemTotal:        4016004 kB
MemFree:         1255648 kB
Active:           434812 kB
Mem:          3.8G       2.6G       1.2G       5.7M        63M       2.2G

MemTotal:        4016004 kB
MemFree:         1209864 kB
Active:           434740 kB
Mem:          3.8G       2.7G       1.2G       5.7M        63M       2.2G

MemTotal:        4016004 kB
MemFree:         1163376 kB
Active:           434752 kB
Mem:          3.8G       2.7G       1.1G       5.7M        63M       2.2G

MemTotal:        4016004 kB
MemFree:         1116144 kB
Active:           434732 kB
Mem:          3.8G       2.8G       1.1G       5.7M        63M       2.3G

MemTotal:        4016004 kB
MemFree:         1069284 kB
Active:           434732 kB
Mem:          3.8G       2.8G       1.0G       5.7M        63M       2.3G

MemTotal:        4016004 kB
MemFree:         1022440 kB
Active:           434784 kB
Mem:          3.8G       2.9G       997M       5.7M        63M       2.4G

MemTotal:        4016004 kB
MemFree:          975580 kB
Active:           434776 kB
Mem:          3.8G       2.9G       951M       5.7M        63M       2.4G

MemTotal:        4016004 kB
MemFree:          928808 kB
Active:           434772 kB
Mem:          3.8G       2.9G       906M       5.7M        63M       2.5G

MemTotal:        4016004 kB
MemFree:          881784 kB
Active:           434780 kB
Mem:          3.8G       3.0G       860M       5.7M        63M       2.5G

MemTotal:        4016004 kB
MemFree:          835064 kB
Active:           434744 kB
Mem:          3.8G       3.0G       814M       5.7M        63M       2.6G

MemTotal:        4016004 kB
MemFree:          788228 kB
Active:           434772 kB
Mem:          3.8G       3.1G       768M       5.7M        63M       2.6G

MemTotal:        4016004 kB
MemFree:          741572 kB
Active:           434776 kB
Mem:          3.8G       3.1G       723M       5.7M        63M       2.6G

MemTotal:        4016004 kB
MemFree:          694516 kB
Active:           434780 kB
Mem:          3.8G       3.2G       677M       5.7M        63M       2.7G

MemTotal:        4016004 kB
MemFree:          647424 kB
Active:           434788 kB
Mem:          3.8G       3.2G       631M       5.7M        63M       2.7G

MemTotal:        4016004 kB
MemFree:          600872 kB
Active:           434824 kB
Mem:          3.8G       3.3G       586M       5.7M        63M       2.8G

MemTotal:        4016004 kB
MemFree:          554248 kB
Active:           434808 kB
Mem:          3.8G       3.3G       540M       5.7M        63M       2.8G

MemTotal:        4016004 kB
MemFree:          516348 kB
Active:           434828 kB
Mem:          3.8G       3.3G       504M       5.7M        63M       2.9G

MemTotal:        4016004 kB
MemFree:          494924 kB
Active:           434824 kB
Mem:          3.8G       3.4G       482M       5.7M        63M       2.9G

MemTotal:        4016004 kB
MemFree:          448204 kB
Active:           434828 kB
Mem:          3.8G       3.4G       437M       5.7M        63M       2.9G

MemTotal:        4016004 kB
MemFree:          401312 kB
Active:           434844 kB
Mem:          3.8G       3.4G       390M       5.7M        63M       3.0G

MemTotal:        4016004 kB
MemFree:          354096 kB
Active:           434824 kB
Mem:          3.8G       3.5G       345M       5.7M        63M       3.0G

MemTotal:        4016004 kB
MemFree:          333216 kB
Active:           434884 kB
Mem:          3.8G       3.5G       324M       5.7M        63M       3.0G

MemTotal:        4016004 kB
MemFree:          296608 kB
Active:           434892 kB
Mem:          3.8G       3.5G       288M       5.7M        63M       3.1G

MemTotal:        4016004 kB
MemFree:          249520 kB
Active:           434900 kB
Mem:          3.8G       3.6G       242M       5.7M        63M       3.1G

MemTotal:        4016004 kB
MemFree:          238808 kB
Active:           434900 kB
Mem:          3.8G       3.6G       233M       5.7M        63M       3.1G

MemTotal:        4016004 kB
MemFree:          219036 kB
Active:           434912 kB
Mem:          3.8G       3.6G       212M       5.7M        63M       3.1G

MemTotal:        4016004 kB
MemFree:          171852 kB
Active:           435016 kB
Mem:          3.8G       3.7G       166M       5.7M        63M       3.2G

MemTotal:        4016004 kB
MemFree:          125240 kB
Active:           434784 kB
Mem:          3.8G       3.7G       121M       5.7M        63M       3.2G

MemTotal:        4016004 kB
MemFree:          150580 kB
Active:           443820 kB
Mem:          3.8G       3.7G       145M       5.7M        28M       3.2G

MemTotal:        4016004 kB
MemFree:          120552 kB
Active:           450192 kB
Mem:          3.8G       3.7G       116M       5.7M        28M       3.3G

MemTotal:        4016004 kB
MemFree:          123312 kB
Active:           493400 kB
Mem:          3.8G       3.7G       119M       5.7M        28M       3.3G

MemTotal:        4016004 kB
MemFree:          126872 kB
Active:           492324 kB
Mem:          3.8G       3.7G       109M       5.7M        28M       3.3G

MemTotal:        4016004 kB
MemFree:          128296 kB
Active:           484760 kB
Mem:          3.8G       3.7G       124M       5.7M        28M       3.3G

MemTotal:        4016004 kB
MemFree:          113308 kB
Active:           482832 kB
Mem:          3.8G       3.7G       110M       5.7M        28M       3.3G

MemTotal:        4016004 kB
MemFree:          112008 kB
Active:           481000 kB
Mem:          3.8G       3.7G       109M       5.7M        28M       3.3G

MemTotal:        4016004 kB
MemFree:          112860 kB
Active:           482848 kB
Mem:          3.8G       3.7G       110M       5.7M        28M       3.3G

MemTotal:        4016004 kB
MemFree:          112768 kB
Active:           482772 kB
Mem:          3.8G       3.7G       110M       5.7M        28M       3.3G

MemTotal:        4016004 kB
MemFree:          126800 kB
Active:           475344 kB
Mem:          3.8G       3.7G       122M       5.7M        28M       3.3G

MemTotal:        4016004 kB
MemFree:          126224 kB
Active:           469424 kB
Mem:          3.8G       3.7G       122M       5.7M        28M       3.3G

MemTotal:        4016004 kB
MemFree:          110752 kB
Active:           466240 kB
Mem:          3.8G       3.7G       106M       5.7M        28M       3.3G

MemTotal:        4016004 kB
MemFree:          125272 kB
Active:           454872 kB
Mem:          3.8G       3.7G       125M       5.7M        28M       3.3G

MemTotal:        4016004 kB
MemFree:          124728 kB
Active:           447292 kB
Mem:          3.8G       3.7G       132M       5.7M        28M       3.2G

MemTotal:        4016004 kB
MemFree:          143000 kB
Active:           442448 kB
Mem:          3.8G       3.7G       138M       5.7M        28M       3.2G

MemTotal:        4016004 kB
MemFree:          145600 kB
Active:           440996 kB
Mem:          3.8G       3.7G       141M       5.7M        28M       3.2G

MemTotal:        4016004 kB
MemFree:          136460 kB
Active:           440100 kB
Mem:          3.8G       3.7G       133M       5.7M        28M       3.2G

MemTotal:        4016004 kB
MemFree:          125008 kB
Active:           439980 kB
Mem:          3.8G       3.7G       121M       5.7M        28M       3.3G

MemTotal:        4016004 kB
MemFree:          125588 kB
Active:           438100 kB
Mem:          3.8G       3.7G       121M       5.7M        28M       3.3G

MemTotal:        4016004 kB
MemFree:          114572 kB
Active:           438000 kB
Mem:          3.8G       3.7G       110M       5.7M        28M       3.3G

MemTotal:        4016004 kB
MemFree:          128900 kB
Active:           436020 kB
Mem:          3.8G       3.7G       124M       5.7M        28M       3.3G

MemTotal:        4016004 kB
MemFree:          128360 kB
Active:           435164 kB
Mem:          3.8G       3.7G       124M       5.7M        28M       3.3G

MemTotal:        4016004 kB
MemFree:          113840 kB
Active:           435084 kB
Mem:          3.8G       3.7G       109M       5.7M        28M       3.3G

MemTotal:        4016004 kB
MemFree:          121324 kB
Active:           429404 kB
Mem:          3.8G       3.7G       117M       5.7M        28M       3.3G

MemTotal:        4016004 kB
MemFree:          104856 kB
Active:           428368 kB
Mem:          3.8G       3.7G       124M       5.7M        28M       3.3G

MemTotal:        4016004 kB
MemFree:          124064 kB
Active:           427416 kB
Mem:          3.8G       3.7G       121M       5.7M        28M       3.3G

MemTotal:        4016004 kB
MemFree:          123644 kB
Active:           426168 kB
Mem:          3.8G       3.7G       120M       5.7M        28M       3.3G

MemTotal:        4016004 kB
MemFree:          125760 kB
Active:           424828 kB
Mem:          3.8G       3.7G       121M       5.7M        28M       3.3G

MemTotal:        4016004 kB
MemFree:          122008 kB
Active:           423284 kB
Mem:          3.8G       3.7G       118M       5.7M        28M       3.3G

MemTotal:        4016004 kB
MemFree:          110812 kB
Active:           422224 kB
Mem:          3.8G       3.7G       107M       5.7M        28M       3.3G

MemTotal:        4016004 kB
MemFree:          124604 kB
Active:           418320 kB
Mem:          3.8G       3.7G       121M       5.7M        28M       3.3G

MemTotal:        4016004 kB
MemFree:          107688 kB
Active:           415476 kB
Mem:          3.8G       3.7G       104M       5.7M        28M       3.3G

MemTotal:        4016004 kB
MemFree:          127828 kB
Active:           413888 kB
Mem:          3.8G       3.7G       124M       5.7M        28M       3.3G

MemTotal:        4016004 kB
MemFree:          128068 kB
Active:           413136 kB
Mem:          3.8G       3.7G       124M       5.7M        28M       3.3G

MemTotal:        4016004 kB
MemFree:          111036 kB
Active:           409824 kB
Mem:          3.8G       3.7G       107M       5.7M        28M       3.3G

MemTotal:        4016004 kB
MemFree:          135924 kB
Active:           408932 kB
Mem:          3.8G       3.7G       132M       5.7M        28M       3.2G

MemTotal:        4016004 kB
MemFree:          127316 kB
Active:           408972 kB
Mem:          3.8G       3.7G       123M       5.7M        28M       3.3G

MemTotal:        4016004 kB
MemFree:          130880 kB
Active:           407504 kB
Mem:          3.8G       3.7G       126M       5.7M        28M       3.2G

MemTotal:        4016004 kB
MemFree:          108360 kB
Active:           406868 kB
Mem:          3.8G       3.7G       105M       5.7M        28M       3.3G

MemTotal:        4016004 kB
MemFree:          127136 kB
Active:           402584 kB
Mem:          3.8G       3.7G       123M       5.7M        28M       3.3G

MemTotal:        4016004 kB
MemFree:          118288 kB
Active:           401396 kB
Mem:          3.8G       3.7G       114M       5.7M        28M       3.3G

MemTotal:        4016004 kB
MemFree:          107588 kB
Active:           400056 kB
Mem:          3.8G       3.7G       104M       5.7M        28M       3.3G

MemTotal:        4016004 kB
MemFree:          114972 kB
Active:           398724 kB
Mem:          3.8G       3.7G       111M       5.7M        28M       3.3G

MemTotal:        4016004 kB
MemFree:          128052 kB
Active:           396852 kB
Mem:          3.8G       3.7G       124M       5.7M        28M       3.3G

MemTotal:        4016004 kB
MemFree:          129324 kB
Active:           395068 kB
Mem:          3.8G       3.7G       124M       5.7M        28M       3.2G

MemTotal:        4016004 kB
MemFree:          107712 kB
Active:           394332 kB
Mem:          3.8G       3.7G       105M       5.7M        28M       3.3G

MemTotal:        4016004 kB
MemFree:          125224 kB
Active:           393408 kB
Mem:          3.8G       3.7G       121M       5.7M        28M       3.3G

MemTotal:        4016004 kB
MemFree:          115200 kB
Active:           392256 kB
Mem:          3.8G       3.7G       111M       5.7M        28M       3.3G

MemTotal:        4016004 kB
MemFree:          104896 kB
Active:           391080 kB
Mem:          3.8G       3.7G       125M       5.7M        28M       3.2G

MemTotal:        4016004 kB
MemFree:          106240 kB
Active:           389036 kB
Mem:          3.8G       3.7G       102M       5.7M        28M       3.3G

MemTotal:        4016004 kB
MemFree:          125820 kB
Active:           386888 kB
Mem:          3.8G       3.7G       132M       5.7M        28M       3.2G

MemTotal:        4016004 kB
MemFree:          127088 kB
Active:           383148 kB
Mem:          3.8G       3.7G       123M       5.7M        28M       3.3G

MemTotal:        4016004 kB
MemFree:          110484 kB
Active:           382072 kB
Mem:          3.8G       3.7G       106M       5.7M        28M       3.3G

MemTotal:        4016004 kB
MemFree:          128836 kB
Active:           380036 kB
Mem:          3.8G       3.7G       125M       5.7M        28M       3.2G

MemTotal:        4016004 kB
MemFree:          126488 kB
Active:           378848 kB
Mem:          3.8G       3.7G       122M       5.7M        28M       3.3G

MemTotal:        4016004 kB
MemFree:          126956 kB
Active:           377080 kB
Mem:          3.8G       3.7G       123M       5.7M        28M       3.3G

MemTotal:        4016004 kB
MemFree:          126932 kB
Active:           373628 kB
Mem:          3.8G       3.7G       123M       5.7M        28M       3.3G

MemTotal:        4016004 kB
MemFree:          106480 kB
Active:           373520 kB
Mem:          3.8G       3.7G       103M       5.7M        28M       3.3G

MemTotal:        4016004 kB
MemFree:          133316 kB
Active:           373664 kB
Mem:          3.8G       3.7G       130M       5.7M        28M       3.2G

MemTotal:        4016004 kB
MemFree:          124044 kB
Active:           374464 kB
Mem:          3.8G       3.7G       120M       5.7M        28M       3.3G

MemTotal:        4016004 kB
MemFree:          114688 kB
Active:           374456 kB
Mem:          3.8G       3.7G       111M       5.7M        28M       3.3G

MemTotal:        4016004 kB
MemFree:          108788 kB
Active:           374436 kB
Mem:          3.8G       3.7G       105M       5.7M        28M       3.3G

MemTotal:        4016004 kB
MemFree:          133664 kB
Active:           374776 kB
Mem:          3.8G       3.7G       129M       5.7M        28M       3.2G

MemTotal:        4016004 kB
MemFree:          140164 kB
Active:           374756 kB
Mem:          3.8G       3.7G       136M       5.7M        28M       3.2G

MemTotal:        4016004 kB
MemFree:          130776 kB
Active:           374800 kB
Mem:          3.8G       3.7G       126M       5.7M        28M       3.2G

MemTotal:        4016004 kB
MemFree:          119876 kB
Active:           374652 kB
Mem:          3.8G       3.7G       116M       5.7M        28M       3.3G

MemTotal:        4016004 kB
MemFree:          126280 kB
Active:           372768 kB
Mem:          3.8G       3.7G       123M       5.7M        28M       3.3G

MemTotal:        4016004 kB
MemFree:          133384 kB
Active:           374516 kB
Mem:          3.8G       3.7G       129M       5.7M        28M       3.2G

MemTotal:        4016004 kB
MemFree:          123352 kB
Active:           374360 kB
Mem:          3.8G       3.7G       119M       5.7M        28M       3.3G

MemTotal:        4016004 kB
MemFree:          128040 kB
Active:           374304 kB
Mem:          3.8G       3.7G       124M       5.7M        28M       3.2G

MemTotal:        4016004 kB
MemFree:          128320 kB
Active:           374440 kB
Mem:          3.8G       3.7G       124M       5.7M        28M       3.2G

MemTotal:        4016004 kB
MemFree:          128352 kB
Active:           374348 kB
Mem:          3.8G       3.7G       125M       5.7M        28M       3.2G

MemTotal:        4016004 kB
MemFree:          119092 kB
Active:           374448 kB
Mem:          3.8G       3.7G       115M       5.7M        28M       3.3G

MemTotal:        4016004 kB
MemFree:          119896 kB
Active:           374448 kB
Mem:          3.8G       3.7G       115M       5.7M        28M       3.3G

MemTotal:        4016004 kB
MemFree:          108748 kB
Active:           374520 kB
Mem:          3.8G       3.7G       105M       5.7M        28M       3.3G

MemTotal:        4016004 kB
MemFree:          116072 kB
Active:           374472 kB
Mem:          3.8G       3.7G       112M       5.7M        28M       3.3G

MemTotal:        4016004 kB
MemFree:          106680 kB
Active:           374484 kB
Mem:          3.8G       3.7G       103M       5.7M        28M       3.3G

MemTotal:        4016004 kB
MemFree:          111716 kB
Active:           371180 kB
Mem:          3.8G       3.7G       108M       5.7M        28M       3.3G

MemTotal:        4016004 kB
MemFree:          114208 kB
Active:           371180 kB
Mem:          3.8G       3.7G       110M       5.7M        28M       3.3G

MemTotal:        4016004 kB
MemFree:          121676 kB
Active:           371228 kB
Mem:          3.8G       3.7G       117M       5.7M        28M       3.3G

MemTotal:        4016004 kB
MemFree:          110744 kB
Active:           371080 kB
Mem:          3.8G       3.7G       107M       5.7M        28M       3.3G

MemTotal:        4016004 kB
MemFree:          130224 kB
Active:           371004 kB
Mem:          3.8G       3.7G       126M       5.7M        28M       3.2G

MemTotal:        4016004 kB
MemFree:          120476 kB
Active:           370932 kB
Mem:          3.8G       3.7G       116M       5.7M        28M       3.3G

MemTotal:        4016004 kB
MemFree:          116968 kB
Active:           370948 kB
Mem:          3.8G       3.7G       114M       5.7M        28M       3.3G

MemTotal:        4016004 kB
MemFree:          106524 kB
Active:           370936 kB
Mem:          3.8G       3.7G       103M       5.7M        28M       3.3G

MemTotal:        4016004 kB
MemFree:          131696 kB
Active:           370960 kB
Mem:          3.8G       3.7G       128M       5.7M        28M       3.2G

MemTotal:        4016004 kB
MemFree:          120944 kB
Active:           370940 kB
Mem:          3.8G       3.7G       118M       5.7M        28M       3.3G

MemTotal:        4016004 kB
MemFree:          131824 kB
Active:           370912 kB
Mem:          3.8G       3.7G       127M       5.7M        28M       3.2G

MemTotal:        4016004 kB
MemFree:          121916 kB
Active:           372980 kB
Mem:          3.8G       3.7G       117M       5.7M        28M       3.3G

MemTotal:        4016004 kB
MemFree:          122796 kB
Active:           373084 kB
Mem:          3.8G       3.7G       118M       5.7M        28M       3.3G

MemTotal:        4016004 kB
MemFree:          112160 kB
Active:           372976 kB
Mem:          3.8G       3.7G       108M       5.7M        28M       3.3G

MemTotal:        4016004 kB
MemFree:          125456 kB
Active:           373004 kB
Mem:          3.8G       3.7G       122M       5.7M        28M       3.3G

MemTotal:        4016004 kB
MemFree:          124912 kB
Active:           372988 kB
Mem:          3.8G       3.7G       121M       5.7M        28M       3.3G

MemTotal:        4016004 kB
MemFree:          113780 kB
Active:           373028 kB
Mem:          3.8G       3.7G       110M       5.7M        28M       3.3G

MemTotal:        4016004 kB
MemFree:          132832 kB
Active:           373032 kB
Mem:          3.8G       3.7G       129M       5.7M        28M       3.2G

MemTotal:        4016004 kB
MemFree:          134872 kB
Active:           373048 kB
Mem:          3.8G       3.7G       131M       5.7M        28M       3.2G

MemTotal:        4016004 kB
MemFree:          134876 kB
Active:           373008 kB
Mem:          3.8G       3.7G       131M       5.7M        28M       3.2G

MemTotal:        4016004 kB
MemFree:          134848 kB
Active:           373032 kB
Mem:          3.8G       3.7G       131M       5.7M        28M       3.2G

MemTotal:        4016004 kB
MemFree:          118392 kB
Active:           373028 kB
Mem:          3.8G       3.7G       114M       5.7M        28M       3.3G

MemTotal:        4016004 kB
MemFree:          107368 kB
Active:           373040 kB
Mem:          3.8G       3.7G       104M       5.7M        28M       3.3G

MemTotal:        4016004 kB
MemFree:          133560 kB
Active:           372688 kB
Mem:          3.8G       3.7G       129M       5.7M        28M       3.2G

MemTotal:        4016004 kB
MemFree:          133216 kB
Active:           372556 kB
Mem:          3.8G       3.7G       129M       5.7M        28M       3.2G

MemTotal:        4016004 kB
MemFree:          141288 kB
Active:           372552 kB
Mem:          3.8G       3.7G       136M       5.7M        28M       3.2G

MemTotal:        4016004 kB
MemFree:          130900 kB
Active:           372560 kB
Mem:          3.8G       3.7G       126M       5.7M        28M       3.2G

MemTotal:        4016004 kB
MemFree:          120124 kB
Active:           372552 kB
Mem:          3.8G       3.7G       116M       5.7M        28M       3.3G

MemTotal:        4016004 kB
MemFree:          121656 kB
Active:           372520 kB
Mem:          3.8G       3.7G       117M       5.7M        28M       3.3G

MemTotal:        4016004 kB
MemFree:          135276 kB
Active:           372528 kB
Mem:          3.8G       3.7G       131M       5.7M        28M       3.2G

MemTotal:        4016004 kB
MemFree:          129636 kB
Active:           369404 kB
Mem:          3.8G       3.7G       126M       5.7M        28M       3.2G

MemTotal:        4016004 kB
MemFree:          126320 kB
Active:           370464 kB
Mem:          3.8G       3.7G       122M       5.7M        28M       3.2G

MemTotal:        4016004 kB
MemFree:          127824 kB
Active:           370436 kB
Mem:          3.8G       3.7G       123M       5.7M        28M       3.2G

MemTotal:        4016004 kB
MemFree:          123408 kB
Active:           370432 kB
Mem:          3.8G       3.7G       119M       5.7M        28M       3.3G

MemTotal:        4016004 kB
MemFree:          106944 kB
Active:           370448 kB
Mem:          3.8G       3.7G       103M       5.7M        28M       3.3G

MemTotal:        4016004 kB
MemFree:          125556 kB
Active:           370332 kB
Mem:          3.8G       3.7G       122M       5.7M        28M       3.2G

MemTotal:        4016004 kB
MemFree:          128048 kB
Active:           370308 kB
Mem:          3.8G       3.7G       124M       5.7M        28M       3.2G

MemTotal:        4016004 kB
MemFree:          124916 kB
Active:           364848 kB
Mem:          3.8G       3.7G       121M       5.7M        28M       3.2G

MemTotal:        4016004 kB
MemFree:          114020 kB
Active:           364808 kB
Mem:          3.8G       3.7G       110M       5.7M        28M       3.3G

MemTotal:        4016004 kB
MemFree:          119876 kB
Active:           364836 kB
Mem:          3.8G       3.7G       116M       5.7M        28M       3.3G

MemTotal:        4016004 kB
MemFree:          120440 kB
Active:           364852 kB
Mem:          3.8G       3.7G       117M       5.7M        28M       3.3G

MemTotal:        4016004 kB
MemFree:          133156 kB
Active:           364868 kB
Mem:          3.8G       3.7G       129M       5.7M        28M       3.2G

MemTotal:        4016004 kB
MemFree:          133884 kB
Active:           364828 kB
Mem:          3.8G       3.7G       130M       5.7M        28M       3.2G

MemTotal:        4016004 kB
MemFree:          134536 kB
Active:           364856 kB
Mem:          3.8G       3.7G       131M       5.7M        28M       3.2G

MemTotal:        4016004 kB
MemFree:          123692 kB
Active:           364868 kB
Mem:          3.8G       3.7G       120M       5.7M        28M       3.2G

MemTotal:        4016004 kB
MemFree:          131952 kB
Active:           364884 kB
Mem:          3.8G       3.7G       128M       5.7M        28M       3.2G

MemTotal:        4016004 kB
MemFree:          133996 kB
Active:           364012 kB
Mem:          3.8G       3.7G       130M       5.7M        28M       3.2G

MemTotal:        4016004 kB
MemFree:          129436 kB
Active:           363964 kB
Mem:          3.8G       3.7G       126M       5.7M        28M       3.2G

MemTotal:        4016004 kB
MemFree:          119404 kB
Active:           364028 kB
Mem:          3.8G       3.7G       115M       5.7M        28M       3.3G

MemTotal:        4016004 kB
MemFree:          121260 kB
Active:           363980 kB
Mem:          3.8G       3.7G       117M       5.7M        28M       3.3G

MemTotal:        4016004 kB
MemFree:          107224 kB
Active:           364012 kB
Mem:          3.8G       3.7G       104M       5.7M        28M       3.3G

MemTotal:        4016004 kB
MemFree:          133648 kB
Active:           366048 kB
Mem:          3.8G       3.7G       130M       5.7M        28M       3.2G

MemTotal:        4016004 kB
MemFree:          130164 kB
Active:           366068 kB
Mem:          3.8G       3.7G       126M       5.7M        28M       3.2G

MemTotal:        4016004 kB
MemFree:          132236 kB
Active:           366088 kB
Mem:          3.8G       3.7G       127M       5.7M        28M       3.2G

MemTotal:        4016004 kB
MemFree:          121232 kB
Active:           366064 kB
Mem:          3.8G       3.7G       118M       5.7M        28M       3.2G

MemTotal:        4016004 kB
MemFree:          120836 kB
Active:           366056 kB
Mem:          3.8G       3.7G       118M       5.7M        28M       3.2G

MemTotal:        4016004 kB
MemFree:          156908 kB
Active:           361340 kB
Mem:          3.8G       3.7G       152M       5.7M        28M       3.2G

MemTotal:        4016004 kB
MemFree:          110624 kB
Active:           361352 kB
Mem:          3.8G       3.7G       107M       5.7M        28M       3.3G

MemTotal:        4016004 kB
MemFree:          124152 kB
Active:           361320 kB
Mem:          3.8G       3.7G       132M       5.7M        28M       3.2G

MemTotal:        4016004 kB
MemFree:          126288 kB
Active:           361356 kB
Mem:          3.8G       3.7G       122M       5.7M        28M       3.2G

MemTotal:        4016004 kB
MemFree:          127912 kB
Active:           361328 kB
Mem:          3.8G       3.7G       124M       5.7M        28M       3.2G

MemTotal:        4016004 kB
MemFree:          141936 kB
Active:           361332 kB
Mem:          3.8G       3.7G       137M       5.7M        28M       3.2G

MemTotal:        4016004 kB
MemFree:          135840 kB
Active:           361316 kB
Mem:          3.8G       3.7G       132M       5.7M        28M       3.2G

MemTotal:        4016004 kB
MemFree:          109036 kB
Active:           361344 kB
Mem:          3.8G       3.7G       106M       5.7M        28M       3.3G

MemTotal:        4016004 kB
MemFree:          108632 kB
Active:           361372 kB
Mem:          3.8G       3.7G       105M       5.7M        28M       3.3G

MemTotal:        4016004 kB
MemFree:          108604 kB
Active:           361376 kB
Mem:          3.8G       3.7G       105M       5.7M        28M       3.3G

MemTotal:        4016004 kB
MemFree:          126480 kB
Active:           361360 kB
Mem:          3.8G       3.7G       122M       5.7M        28M       3.2G

MemTotal:        4016004 kB
MemFree:          120056 kB
Active:           357836 kB
Mem:          3.8G       3.7G       116M       5.7M        28M       3.2G

MemTotal:        4016004 kB
MemFree:          110152 kB
Active:           357824 kB
Mem:          3.8G       3.7G       106M       5.7M        28M       3.3G

MemTotal:        4016004 kB
MemFree:          111544 kB
Active:           357848 kB
Mem:          3.8G       3.7G       107M       5.7M        28M       3.3G

MemTotal:        4016004 kB
MemFree:          124948 kB
Active:           357844 kB
Mem:          3.8G       3.7G       121M       5.7M        28M       3.2G

MemTotal:        4016004 kB
MemFree:          127208 kB
Active:           357824 kB
Mem:          3.8G       3.7G       123M       5.7M        28M       3.2G

MemTotal:        4016004 kB
MemFree:          128212 kB
Active:           357864 kB
Mem:          3.8G       3.7G       124M       5.7M        28M       3.2G

MemTotal:        4016004 kB
MemFree:          128300 kB
Active:           357880 kB
Mem:          3.8G       3.7G       124M       5.7M        28M       3.2G

MemTotal:        4016004 kB
MemFree:          118144 kB
Active:           357880 kB
Mem:          3.8G       3.7G       114M       5.7M        28M       3.3G

MemTotal:        4016004 kB
MemFree:          126372 kB
Active:           356504 kB
Mem:          3.8G       3.7G       122M       5.7M        28M       3.2G

MemTotal:        4016004 kB
MemFree:          116760 kB
Active:           356504 kB
Mem:          3.8G       3.7G       112M       5.7M        28M       3.3G

MemTotal:        4016004 kB
MemFree:          128072 kB
Active:           356504 kB
Mem:          3.8G       3.7G       125M       5.7M        28M       3.2G

MemTotal:        4016004 kB
MemFree:          118880 kB
Active:           356516 kB
Mem:          3.8G       3.7G       115M       5.7M        28M       3.2G

MemTotal:        4016004 kB
MemFree:          109984 kB
Active:           356520 kB
Mem:          3.8G       3.7G       106M       5.7M        28M       3.3G

MemTotal:        4016004 kB
MemFree:          110960 kB
Active:           355680 kB
Mem:          3.8G       3.7G       107M       5.7M        28M       3.3G

MemTotal:        4016004 kB
MemFree:          112544 kB
Active:           357072 kB
Mem:          3.8G       3.7G       108M       5.7M        28M       3.3G

MemTotal:        4016004 kB
MemFree:          126568 kB
Active:           357104 kB
Mem:          3.8G       3.7G       122M       5.7M        28M       3.2G

MemTotal:        4016004 kB
MemFree:          116180 kB
Active:           357108 kB
Mem:          3.8G       3.7G       112M       5.7M        28M       3.3G

MemTotal:        4016004 kB
MemFree:          117432 kB
Active:           357072 kB
Mem:          3.8G       3.7G       113M       5.7M        28M       3.3G

MemTotal:        4016004 kB
MemFree:          125644 kB
Active:           356468 kB
Mem:          3.8G       3.7G       122M       5.7M        28M       3.2G

MemTotal:        4016004 kB
MemFree:          115348 kB
Active:           356492 kB
Mem:          3.8G       3.7G       111M       5.7M        28M       3.3G

MemTotal:        4016004 kB
MemFree:          128116 kB
Active:           356524 kB
Mem:          3.8G       3.7G       124M       5.7M        28M       3.2G

MemTotal:        4016004 kB
MemFree:          112444 kB
Active:           356524 kB
Mem:          3.8G       3.7G       108M       5.7M        28M       3.3G

MemTotal:        4016004 kB
MemFree:          128452 kB
Active:           356480 kB
Mem:          3.8G       3.7G       125M       5.7M        28M       3.2G

MemTotal:        4016004 kB
MemFree:          112772 kB
Active:           356540 kB
Mem:          3.8G       3.7G       109M       5.7M        28M       3.3G

MemTotal:        4016004 kB
MemFree:          127496 kB
Active:           356568 kB
Mem:          3.8G       3.7G       123M       5.7M        28M       3.2G

MemTotal:        4016004 kB
MemFree:          104604 kB
Active:           356516 kB
Mem:          3.8G       3.7G       124M       5.7M        28M       3.2G

MemTotal:        4016004 kB
MemFree:          123544 kB
Active:           356576 kB
Mem:          3.8G       3.7G       120M       5.7M        28M       3.2G

MemTotal:        4016004 kB
MemFree:          126120 kB
Active:           356556 kB
Mem:          3.8G       3.7G       122M       5.7M        28M       3.2G

MemTotal:        4016004 kB
MemFree:          121476 kB
Active:           356548 kB
Mem:          3.8G       3.7G       117M       5.7M        28M       3.2G

MemTotal:        4016004 kB
MemFree:          105120 kB
Active:           356584 kB
Mem:          3.8G       3.7G       127M       5.7M        28M       3.2G

MemTotal:        4016004 kB
MemFree:          109660 kB
Active:           354108 kB
Mem:          3.8G       3.7G       106M       5.7M        28M       3.3G

MemTotal:        4016004 kB
MemFree:          128492 kB
Active:           354112 kB
Mem:          3.8G       3.7G       124M       5.7M        28M       3.2G

MemTotal:        4016004 kB
MemFree:          130624 kB
Active:           354116 kB
Mem:          3.8G       3.7G       126M       5.7M        28M       3.2G

MemTotal:        4016004 kB
MemFree:          122708 kB
Active:           354128 kB
Mem:          3.8G       3.7G       119M       5.7M        28M       3.2G

MemTotal:        4016004 kB
MemFree:          108940 kB
Active:           354144 kB
Mem:          3.8G       3.7G       105M       5.7M        28M       3.3G

MemTotal:        4016004 kB
MemFree:          110272 kB
Active:           354152 kB
Mem:          3.8G       3.7G       106M       5.7M        28M       3.3G

MemTotal:        4016004 kB
MemFree:          117264 kB
Active:           354152 kB
Mem:          3.8G       3.7G       113M       5.7M        28M       3.2G

MemTotal:        4016004 kB
MemFree:          109796 kB
Active:           354156 kB
Mem:          3.8G       3.7G       107M       5.7M        28M       3.3G

MemTotal:        4016004 kB
MemFree:          106416 kB
Active:           354164 kB
Mem:          3.8G       3.7G       102M       5.7M        28M       3.3G

MemTotal:        4016004 kB
MemFree:          120580 kB
Active:           354164 kB
Mem:          3.8G       3.7G       116M       5.7M        28M       3.2G

MemTotal:        4016004 kB
MemFree:          109680 kB
Active:           354164 kB
Mem:          3.8G       3.7G       106M       5.7M        28M       3.3G

MemTotal:        4016004 kB
MemFree:          110700 kB
Active:           354164 kB
Mem:          3.8G       3.7G       107M       5.7M        28M       3.3G

MemTotal:        4016004 kB
MemFree:          105896 kB
Active:           351784 kB
Mem:          3.8G       3.7G       103M       5.7M        28M       3.3G

MemTotal:        4016004 kB
MemFree:          114576 kB
Active:           353048 kB
Mem:          3.8G       3.7G       110M       5.7M        29M       3.2G

MemTotal:        4016004 kB
MemFree:          115420 kB
Active:           353036 kB
Mem:          3.8G       3.7G       125M       5.7M        29M       3.2G

MemTotal:        4016004 kB
MemFree:          127240 kB
Active:           352916 kB
Mem:          3.8G       3.7G       124M       5.7M        29M       3.2G

MemTotal:        4016004 kB
MemFree:          135888 kB
Active:           352944 kB
Mem:          3.8G       3.7G       131M       5.7M        29M       3.2G

MemTotal:        4016004 kB
MemFree:          128976 kB
Active:           352908 kB
Mem:          3.8G       3.7G       125M       5.7M        29M       3.2G

MemTotal:        4016004 kB
MemFree:          128952 kB
Active:           352924 kB
Mem:          3.8G       3.7G       125M       5.7M        29M       3.2G

MemTotal:        4016004 kB
MemFree:          126624 kB
Active:           352928 kB
Mem:          3.8G       3.7G       123M       5.7M        29M       3.2G

MemTotal:        4016004 kB
MemFree:          110144 kB
Active:           352932 kB
Mem:          3.8G       3.7G       106M       5.7M        29M       3.3G

MemTotal:        4016004 kB
MemFree:          130368 kB
Active:           352952 kB
Mem:          3.8G       3.7G       126M       5.7M        29M       3.2G

MemTotal:        4016004 kB
MemFree:          119716 kB
Active:           352928 kB
Mem:          3.8G       3.7G       116M       5.7M        29M       3.2G

MemTotal:        4016004 kB
MemFree:          132948 kB
Active:           350992 kB
Mem:          3.8G       3.7G       129M       5.7M        29M       3.2G

MemTotal:        4016004 kB
MemFree:          122916 kB
Active:           351000 kB
Mem:          3.8G       3.7G       119M       5.7M        29M       3.2G

MemTotal:        4016004 kB
MemFree:          137268 kB
Active:           350972 kB
Mem:          3.8G       3.7G       133M       5.7M        29M       3.2G

MemTotal:        4016004 kB
MemFree:          143248 kB
Active:           351028 kB
Mem:          3.8G       3.7G       139M       5.7M        29M       3.2G

MemTotal:        4016004 kB
MemFree:          125184 kB
Active:           351008 kB
Mem:          3.8G       3.7G       122M       5.7M        29M       3.2G

MemTotal:        4016004 kB
MemFree:          124964 kB
Active:           350996 kB
Mem:          3.8G       3.7G       122M       5.7M        29M       3.2G

MemTotal:        4016004 kB
MemFree:          124844 kB
Active:           351004 kB
Mem:          3.8G       3.7G       121M       5.7M        29M       3.2G

MemTotal:        4016004 kB
MemFree:          131064 kB
Active:           349348 kB
Mem:          3.8G       3.7G       127M       5.7M        29M       3.2G

MemTotal:        4016004 kB
MemFree:          121284 kB
Active:           349368 kB
Mem:          3.8G       3.7G       117M       5.7M        29M       3.2G

MemTotal:        4016004 kB
MemFree:          110508 kB
Active:           349368 kB
Mem:          3.8G       3.7G       104M       5.7M        29M       3.3G

MemTotal:        4016004 kB
MemFree:          127584 kB
Active:           351412 kB
Mem:          3.8G       3.7G       123M       5.7M        29M       3.2G

MemTotal:        4016004 kB
MemFree:          125140 kB
Active:           351412 kB
Mem:          3.8G       3.7G       121M       5.7M        29M       3.2G

MemTotal:        4016004 kB
MemFree:          108660 kB
Active:           351416 kB
Mem:          3.8G       3.7G       104M       5.7M        29M       3.3G

MemTotal:        4016004 kB
MemFree:          128144 kB
Active:           351400 kB
Mem:          3.8G       3.7G       124M       5.7M        29M       3.2G

MemTotal:        4016004 kB
MemFree:          131672 kB
Active:           351420 kB
Mem:          3.8G       3.7G       128M       5.7M        29M       3.2G

MemTotal:        4016004 kB
MemFree:          130896 kB
Active:           351444 kB
Mem:          3.8G       3.7G       126M       5.7M        29M       3.2G

MemTotal:        4016004 kB
MemFree:          137680 kB
Active:           351448 kB
Mem:          3.8G       3.7G       133M       5.7M        29M       3.2G

MemTotal:        4016004 kB
MemFree:          128324 kB
Active:           351464 kB
Mem:          3.8G       3.7G       125M       5.7M        29M       3.2G

MemTotal:        4016004 kB
MemFree:          128020 kB
Active:           351468 kB
Mem:          3.8G       3.7G       124M       5.7M        29M       3.2G

MemTotal:        4016004 kB
MemFree:          111548 kB
Active:           351440 kB
Mem:          3.8G       3.7G       106M       5.7M        29M       3.2G

MemTotal:        4016004 kB
MemFree:          136052 kB
Active:           353112 kB
Mem:          3.8G       3.7G       132M       5.7M        29M       3.2G

MemTotal:        4016004 kB
MemFree:          131732 kB
Active:           352824 kB
Mem:          3.8G       3.7G       128M       5.7M        29M       3.2G

MemTotal:        4016004 kB
MemFree:          131524 kB
Active:           352836 kB
Mem:          3.8G       3.7G       128M       5.7M        29M       3.2G

MemTotal:        4016004 kB
MemFree:          131524 kB
Active:           352828 kB
Mem:          3.8G       3.7G       128M       5.7M        29M       3.2G

MemTotal:        4016004 kB
MemFree:          131524 kB
Active:           352808 kB
Mem:          3.8G       3.7G       128M       5.7M        29M       3.2G

MemTotal:        4016004 kB
MemFree:          131648 kB
Active:           352824 kB
Mem:          3.8G       3.7G       128M       5.7M        29M       3.2G

MemTotal:        4016004 kB
MemFree:          131400 kB
Active:           352832 kB
Mem:          3.8G       3.7G       128M       5.7M        29M       3.2G

MemTotal:        4016004 kB
MemFree:          131400 kB
Active:           352840 kB
Mem:          3.8G       3.7G       128M       5.7M        29M       3.2G

MemTotal:        4016004 kB
MemFree:          131524 kB
Active:           352860 kB
Mem:          3.8G       3.7G       128M       5.7M        29M       3.2G

MemTotal:        4016004 kB
MemFree:          131524 kB
Active:           352808 kB
Mem:          3.8G       3.7G       128M       5.7M        29M       3.2G

MemTotal:        4016004 kB
MemFree:          131524 kB
Active:           352808 kB
Mem:          3.8G       3.7G       128M       5.7M        29M       3.2G

MemTotal:        4016004 kB
MemFree:          131648 kB
Active:           352824 kB
Mem:          3.8G       3.7G       128M       5.7M        29M       3.2G

MemTotal:        4016004 kB
MemFree:          131772 kB
Active:           352860 kB
Mem:          3.8G       3.7G       128M       5.7M        29M       3.2G

MemTotal:        4016004 kB
MemFree:          131772 kB
Active:           352860 kB
Mem:          3.8G       3.7G       128M       5.7M        29M       3.2G

MemTotal:        4016004 kB
MemFree:          131896 kB
Active:           352864 kB
Mem:          3.8G       3.7G       128M       5.7M        29M       3.2G

MemTotal:        4016004 kB
MemFree:          131896 kB
Active:           352880 kB
Mem:          3.8G       3.7G       128M       5.7M        29M       3.2G

MemTotal:        4016004 kB
MemFree:          131896 kB
Active:           352880 kB
Mem:          3.8G       3.7G       128M       5.7M        29M       3.2G

MemTotal:        4016004 kB
MemFree:          131648 kB
Active:           352844 kB
Mem:          3.8G       3.7G       128M       5.7M        29M       3.2G

MemTotal:        4016004 kB
MemFree:          131648 kB
Active:           352876 kB
Mem:          3.8G       3.7G       128M       5.7M        29M       3.2G

MemTotal:        4016004 kB
MemFree:          131772 kB
Active:           352832 kB
Mem:          3.8G       3.7G       128M       5.7M        29M       3.2G

MemTotal:        4016004 kB
MemFree:          132020 kB
Active:           352868 kB
Mem:          3.8G       3.7G       128M       5.7M        29M       3.2G

MemTotal:        4016004 kB
MemFree:          131524 kB
Active:           352860 kB
Mem:          3.8G       3.7G       128M       5.7M        29M       3.2G

MemTotal:        4016004 kB
MemFree:          131400 kB
Active:           352868 kB
Mem:          3.8G       3.7G       128M       5.7M        29M       3.2G

MemTotal:        4016004 kB
MemFree:          131524 kB
Active:           352848 kB
Mem:          3.8G       3.7G       128M       5.7M        29M       3.2G

MemTotal:        4016004 kB
MemFree:          131524 kB
Active:           352872 kB
Mem:          3.8G       3.7G       128M       5.7M        29M       3.2G

MemTotal:        4016004 kB
MemFree:          131648 kB
Active:           352888 kB
Mem:          3.8G       3.7G       128M       5.7M        29M       3.2G

MemTotal:        4016004 kB
MemFree:          131524 kB
Active:           352852 kB
Mem:          3.8G       3.7G       128M       5.7M        29M       3.2G

MemTotal:        4016004 kB
MemFree:          131400 kB
Active:           352884 kB
Mem:          3.8G       3.7G       128M       5.7M        29M       3.2G

MemTotal:        4016004 kB
MemFree:          131492 kB
Active:           352848 kB
Mem:          3.8G       3.7G       128M       5.7M        29M       3.2G

MemTotal:        4016004 kB
MemFree:          131400 kB
Active:           352876 kB
Mem:          3.8G       3.7G       128M       5.7M        29M       3.2G

MemTotal:        4016004 kB
MemFree:          131400 kB
Active:           352852 kB
Mem:          3.8G       3.7G       128M       5.7M        29M       3.2G

MemTotal:        4016004 kB
MemFree:          131276 kB
Active:           352868 kB
Mem:          3.8G       3.7G       128M       5.7M        29M       3.2G

MemTotal:        4016004 kB
MemFree:          131276 kB
Active:           352896 kB
Mem:          3.8G       3.7G       128M       5.7M        29M       3.2G

MemTotal:        4016004 kB
MemFree:          131400 kB
Active:           352848 kB
Mem:          3.8G       3.7G       128M       5.7M        29M       3.2G

MemTotal:        4016004 kB
MemFree:          131276 kB
Active:           352884 kB
Mem:          3.8G       3.7G       128M       5.7M        29M       3.2G

MemTotal:        4016004 kB
MemFree:          131276 kB
Active:           352844 kB
Mem:          3.8G       3.7G       128M       5.7M        29M       3.2G

MemTotal:        4016004 kB
MemFree:          131524 kB
Active:           352876 kB
Mem:          3.8G       3.7G       128M       5.7M        29M       3.2G

MemTotal:        4016004 kB
MemFree:          131400 kB
Active:           352900 kB
Mem:          3.8G       3.7G       128M       5.7M        29M       3.2G

MemTotal:        4016004 kB
MemFree:          131400 kB
Active:           352892 kB
Mem:          3.8G       3.7G       128M       5.7M        29M       3.2G

MemTotal:        4016004 kB
MemFree:          131524 kB
Active:           352860 kB
Mem:          3.8G       3.7G       128M       5.7M        29M       3.2G

MemTotal:        4016004 kB
MemFree:          131648 kB
Active:           352880 kB
Mem:          3.8G       3.7G       128M       5.7M        29M       3.2G

MemTotal:        4016004 kB
MemFree:          131524 kB
Active:           352868 kB
Mem:          3.8G       3.7G       128M       5.7M        29M       3.2G

MemTotal:        4016004 kB
MemFree:          131400 kB
Active:           352900 kB
Mem:          3.8G       3.7G       128M       5.7M        29M       3.2G

MemTotal:        4016004 kB
MemFree:          131524 kB
Active:           352884 kB
Mem:          3.8G       3.7G       128M       5.7M        29M       3.2G

MemTotal:        4016004 kB
MemFree:          131028 kB
Active:           352936 kB
Mem:          3.8G       3.7G       128M       5.7M        29M       3.2G

MemTotal:        4016004 kB
MemFree:          131276 kB
Active:           352908 kB
Mem:          3.8G       3.7G       128M       5.7M        29M       3.2G

MemTotal:        4016004 kB
MemFree:          131524 kB
Active:           352928 kB
Mem:          3.8G       3.7G       128M       5.7M        29M       3.2G

MemTotal:        4016004 kB
MemFree:          131524 kB
Active:           352880 kB
Mem:          3.8G       3.7G       128M       5.7M        29M       3.2G

MemTotal:        4016004 kB
MemFree:          130904 kB
Active:           352940 kB
Mem:          3.8G       3.7G       128M       5.7M        29M       3.2G

MemTotal:        4016004 kB
MemFree:          131276 kB
Active:           352900 kB
Mem:          3.8G       3.7G       128M       5.7M        29M       3.2G

MemTotal:        4016004 kB
MemFree:          131540 kB
Active:           352900 kB
Mem:          3.8G       3.7G       128M       5.7M        29M       3.2G

MemTotal:        4016004 kB
MemFree:          131416 kB
Active:           352932 kB
Mem:          3.8G       3.7G       128M       5.7M        29M       3.2G

MemTotal:        4016004 kB
MemFree:          131168 kB
Active:           352916 kB
Mem:          3.8G       3.7G       127M       5.7M        29M       3.2G

MemTotal:        4016004 kB
MemFree:          131168 kB
Active:           352956 kB
Mem:          3.8G       3.7G       127M       5.7M        29M       3.2G

MemTotal:        4016004 kB
MemFree:          131540 kB
Active:           352900 kB
Mem:          3.8G       3.7G       128M       5.7M        29M       3.2G

MemTotal:        4016004 kB
MemFree:          131416 kB
Active:           352924 kB
Mem:          3.8G       3.7G       128M       5.7M        29M       3.2G

MemTotal:        4016004 kB
MemFree:          131416 kB
Active:           352956 kB
Mem:          3.8G       3.7G       128M       5.7M        29M       3.2G

MemTotal:        4016004 kB
MemFree:          131276 kB
Active:           352928 kB
Mem:          3.8G       3.7G       128M       5.7M        29M       3.2G

MemTotal:        4016004 kB
MemFree:          131028 kB
Active:           352968 kB
Mem:          3.8G       3.7G       127M       5.7M        29M       3.2G

MemTotal:        4016004 kB
MemFree:          131400 kB
Active:           352932 kB
Mem:          3.8G       3.7G       128M       5.7M        29M       3.2G

MemTotal:        4016004 kB
MemFree:          131400 kB
Active:           352928 kB
Mem:          3.8G       3.7G       128M       5.7M        29M       3.2G

MemTotal:        4016004 kB
MemFree:          131648 kB
Active:           352928 kB
Mem:          3.8G       3.7G       128M       5.7M        29M       3.2G

MemTotal:        4016004 kB
MemFree:          131524 kB
Active:           352964 kB
Mem:          3.8G       3.7G       128M       5.7M        29M       3.2G

MemTotal:        4016004 kB
MemFree:          131772 kB
Active:           352952 kB
Mem:          3.8G       3.7G       128M       5.7M        29M       3.2G

MemTotal:        4016004 kB
MemFree:          132144 kB
Active:           352960 kB
Mem:          3.8G       3.7G       128M       5.7M        29M       3.2G

MemTotal:        4016004 kB
MemFree:          131896 kB
Active:           352976 kB
Mem:          3.8G       3.7G       128M       5.7M        29M       3.2G

MemTotal:        4016004 kB
MemFree:          131896 kB
Active:           352992 kB
Mem:          3.8G       3.7G       128M       5.7M        29M       3.2G

MemTotal:        4016004 kB
MemFree:          131524 kB
Active:           352940 kB
Mem:          3.8G       3.7G       128M       5.7M        29M       3.2G

MemTotal:        4016004 kB
MemFree:          131524 kB
Active:           352964 kB
Mem:          3.8G       3.7G       128M       5.7M        29M       3.2G

MemTotal:        4016004 kB
MemFree:          131400 kB
Active:           352956 kB
Mem:          3.8G       3.7G       128M       5.7M        29M       3.2G

MemTotal:        4016004 kB
MemFree:          131524 kB
Active:           352976 kB
Mem:          3.8G       3.7G       128M       5.7M        29M       3.2G

MemTotal:        4016004 kB
MemFree:          131276 kB
Active:           352980 kB
Mem:          3.8G       3.7G       128M       5.7M        29M       3.2G

MemTotal:        4016004 kB
MemFree:          131292 kB
Active:           352996 kB
Mem:          3.8G       3.7G       128M       5.7M        29M       3.2G

MemTotal:        4016004 kB
MemFree:          131292 kB
Active:           352972 kB
Mem:          3.8G       3.7G       128M       5.7M        29M       3.2G

MemTotal:        4016004 kB
MemFree:          131416 kB
Active:           352956 kB
Mem:          3.8G       3.7G       128M       5.7M        29M       3.2G

MemTotal:        4016004 kB
MemFree:          131292 kB
Active:           352980 kB
Mem:          3.8G       3.7G       128M       5.7M        29M       3.2G

MemTotal:        4016004 kB
MemFree:          131292 kB
Active:           352984 kB
Mem:          3.8G       3.7G       128M       5.7M        29M       3.2G

MemTotal:        4016004 kB
MemFree:          131292 kB
Active:           352976 kB
Mem:          3.8G       3.7G       128M       5.7M        29M       3.2G

MemTotal:        4016004 kB
MemFree:          131292 kB
Active:           352984 kB
Mem:          3.8G       3.7G       128M       5.7M        29M       3.2G

MemTotal:        4016004 kB
MemFree:          131168 kB
Active:           352984 kB
Mem:          3.8G       3.7G       128M       5.7M        29M       3.2G

MemTotal:        4016004 kB
MemFree:          131416 kB
Active:           352992 kB
Mem:          3.8G       3.7G       128M       5.7M        29M       3.2G

MemTotal:        4016004 kB
MemFree:          131416 kB
Active:           352996 kB
Mem:          3.8G       3.7G       128M       5.7M        29M       3.2G

MemTotal:        4016004 kB
MemFree:          131416 kB
Active:           353036 kB
Mem:          3.8G       3.7G       128M       5.7M        29M       3.2G

MemTotal:        4016004 kB
MemFree:          131276 kB
Active:           353104 kB
Mem:          3.8G       3.7G       128M       5.7M        29M       3.2G

MemTotal:        4016004 kB
MemFree:          131276 kB
Active:           353084 kB
Mem:          3.8G       3.7G       128M       5.7M        29M       3.2G

MemTotal:        4016004 kB
MemFree:          131276 kB
Active:           353056 kB
Mem:          3.8G       3.7G       128M       5.7M        29M       3.2G

MemTotal:        4016004 kB
MemFree:          131152 kB
Active:           353052 kB
Mem:          3.8G       3.7G       128M       5.7M        29M       3.2G

MemTotal:        4016004 kB
MemFree:          131152 kB
Active:           353056 kB
Mem:          3.8G       3.7G       128M       5.7M        29M       3.2G

MemTotal:        4016004 kB
MemFree:          131152 kB
Active:           353120 kB
Mem:          3.8G       3.7G       127M       5.7M        29M       3.2G

MemTotal:        4016004 kB
MemFree:          131028 kB
Active:           353080 kB
Mem:          3.8G       3.7G       128M       5.7M        29M       3.2G

MemTotal:        4016004 kB
MemFree:          130780 kB
Active:           353112 kB
Mem:          3.8G       3.7G       128M       5.7M        29M       3.2G

MemTotal:        4016004 kB
MemFree:          131400 kB
Active:           353116 kB
Mem:          3.8G       3.7G       128M       5.7M        29M       3.2G

MemTotal:        4016004 kB
MemFree:          131276 kB
Active:           353068 kB
Mem:          3.8G       3.7G       128M       5.7M        29M       3.2G

MemTotal:        4016004 kB
MemFree:          131028 kB
Active:           353104 kB
Mem:          3.8G       3.7G       127M       5.7M        29M       3.2G

MemTotal:        4016004 kB
MemFree:          130904 kB
Active:           353080 kB
Mem:          3.8G       3.7G       127M       5.7M        29M       3.2G

MemTotal:        4016004 kB
MemFree:          131152 kB
Active:           353128 kB
Mem:          3.8G       3.7G       128M       5.7M        29M       3.2G

MemTotal:        4016004 kB
MemFree:          131276 kB
Active:           353128 kB
Mem:          3.8G       3.7G       128M       5.7M        29M       3.2G

MemTotal:        4016004 kB
MemFree:          131276 kB
Active:           353096 kB
Mem:          3.8G       3.7G       128M       5.7M        29M       3.2G

MemTotal:        4016004 kB
MemFree:          131400 kB
Active:           353124 kB
Mem:          3.8G       3.7G       128M       5.7M        29M       3.2G

MemTotal:        4016004 kB
MemFree:          131168 kB
Active:           353072 kB
Mem:          3.8G       3.7G       128M       5.7M        29M       3.2G

MemTotal:        4016004 kB
MemFree:          131168 kB
Active:           353080 kB
Mem:          3.8G       3.7G       127M       5.7M        29M       3.2G

MemTotal:        4016004 kB
MemFree:          131044 kB
Active:           353128 kB
Mem:          3.8G       3.7G       128M       5.7M        29M       3.2G

MemTotal:        4016004 kB
MemFree:          131168 kB
Active:           353120 kB
Mem:          3.8G       3.7G       128M       5.7M        29M       3.2G

MemTotal:        4016004 kB
MemFree:          131168 kB
Active:           353120 kB
Mem:          3.8G       3.7G       128M       5.7M        29M       3.2G

MemTotal:        4016004 kB
MemFree:          131168 kB
Active:           353108 kB
Mem:          3.8G       3.7G       128M       5.7M        29M       3.2G

MemTotal:        4016004 kB
MemFree:          131168 kB
Active:           353080 kB
Mem:          3.8G       3.7G       127M       5.7M        29M       3.2G

MemTotal:        4016004 kB
MemFree:          131168 kB
Active:           353092 kB
Mem:          3.8G       3.7G       128M       5.7M        29M       3.2G

MemTotal:        4016004 kB
MemFree:          131292 kB
Active:           353112 kB
Mem:          3.8G       3.7G       128M       5.7M        29M       3.2G

MemTotal:        4016004 kB
MemFree:          131168 kB
Active:           353132 kB
Mem:          3.8G       3.7G       127M       5.7M        29M       3.2G

MemTotal:        4016004 kB
MemFree:          131044 kB
Active:           353108 kB
Mem:          3.8G       3.7G       128M       5.7M        29M       3.2G

MemTotal:        4016004 kB
MemFree:          131168 kB
Active:           353120 kB
Mem:          3.8G       3.7G       127M       5.7M        29M       3.2G

MemTotal:        4016004 kB
MemFree:          131168 kB
Active:           353148 kB
Mem:          3.8G       3.7G       128M       5.7M        29M       3.2G

MemTotal:        4016004 kB
MemFree:          130672 kB
Active:           353156 kB
Mem:          3.8G       3.7G       127M       5.7M        29M       3.2G

MemTotal:        4016004 kB
MemFree:          131168 kB
Active:           353136 kB
Mem:          3.8G       3.7G       127M       5.7M        29M       3.2G

MemTotal:        4016004 kB
MemFree:          131168 kB
Active:           353144 kB
Mem:          3.8G       3.7G       127M       5.7M        29M       3.2G

MemTotal:        4016004 kB
MemFree:          131168 kB
Active:           353124 kB
Mem:          3.8G       3.7G       127M       5.7M        29M       3.2G

MemTotal:        4016004 kB
MemFree:          131168 kB
Active:           353120 kB
Mem:          3.8G       3.7G       128M       5.7M        29M       3.2G

MemTotal:        4016004 kB
MemFree:          131292 kB
Active:           353132 kB
Mem:          3.8G       3.7G       128M       5.7M        29M       3.2G

MemTotal:        4016004 kB
MemFree:          131168 kB
Active:           353132 kB
Mem:          3.8G       3.7G       128M       5.7M        29M       3.2G

MemTotal:        4016004 kB
MemFree:          131168 kB
Active:           353124 kB
Mem:          3.8G       3.7G       127M       5.7M        29M       3.2G

MemTotal:        4016004 kB
MemFree:          131168 kB
Active:           353144 kB
Mem:          3.8G       3.7G       128M       5.7M        29M       3.2G

MemTotal:        4016004 kB
MemFree:          130920 kB
Active:           353156 kB
Mem:          3.8G       3.7G       127M       5.7M        29M       3.2G

MemTotal:        4016004 kB
MemFree:          131044 kB
Active:           353152 kB
Mem:          3.8G       3.7G       127M       5.7M        29M       3.2G

MemTotal:        4016004 kB
MemFree:          131044 kB
Active:           353128 kB
Mem:          3.8G       3.7G       128M       5.7M        29M       3.2G

MemTotal:        4016004 kB
MemFree:          131044 kB
Active:           353144 kB
Mem:          3.8G       3.7G       128M       5.7M        29M       3.2G

MemTotal:        4016004 kB
MemFree:          131168 kB
Active:           353156 kB
Mem:          3.8G       3.7G       127M       5.7M        29M       3.2G

MemTotal:        4016004 kB
MemFree:          131168 kB
Active:           353172 kB
Mem:          3.8G       3.7G       127M       5.7M        29M       3.2G

MemTotal:        4016004 kB
MemFree:          131168 kB
Active:           353160 kB
Mem:          3.8G       3.7G       128M       5.7M        29M       3.2G

MemTotal:        4016004 kB
MemFree:          131044 kB
Active:           353152 kB
Mem:          3.8G       3.7G       127M       5.7M        29M       3.2G

MemTotal:        4016004 kB
MemFree:          130920 kB
Active:           353160 kB
Mem:          3.8G       3.7G       127M       5.7M        29M       3.2G

MemTotal:        4016004 kB
MemFree:          131044 kB
Active:           353136 kB
Mem:          3.8G       3.7G       127M       5.7M        29M       3.2G

MemTotal:        4016004 kB
MemFree:          131044 kB
Active:           353148 kB
Mem:          3.8G       3.7G       128M       5.7M        29M       3.2G

MemTotal:        4016004 kB
MemFree:          131292 kB
Active:           353156 kB
Mem:          3.8G       3.7G       128M       5.7M        29M       3.2G

MemTotal:        4016004 kB
MemFree:          131292 kB
Active:           353184 kB
Mem:          3.8G       3.7G       128M       5.7M        29M       3.2G

MemTotal:        4016004 kB
MemFree:          131292 kB
Active:           353184 kB
Mem:          3.8G       3.7G       128M       5.7M        29M       3.2G

MemTotal:        4016004 kB
MemFree:          131168 kB
Active:           353144 kB
Mem:          3.8G       3.7G       128M       5.7M        29M       3.2G

MemTotal:        4016004 kB
MemFree:          131168 kB
Active:           353144 kB
Mem:          3.8G       3.7G       128M       5.7M        29M       3.2G

MemTotal:        4016004 kB
MemFree:          131168 kB
Active:           353152 kB
Mem:          3.8G       3.7G       127M       5.7M        29M       3.2G

MemTotal:        4016004 kB
MemFree:          131416 kB
Active:           353156 kB
Mem:          3.8G       3.7G       128M       5.7M        29M       3.2G

MemTotal:        4016004 kB
MemFree:          131292 kB
Active:           353144 kB
Mem:          3.8G       3.7G       128M       5.7M        29M       3.2G

MemTotal:        4016004 kB
MemFree:          130920 kB
Active:           353164 kB
Mem:          3.8G       3.7G       127M       5.7M        29M       3.2G

MemTotal:        4016004 kB
MemFree:          131168 kB
Active:           353172 kB
Mem:          3.8G       3.7G       128M       5.7M        29M       3.2G

MemTotal:        4016004 kB
MemFree:          131292 kB
Active:           353192 kB
Mem:          3.8G       3.7G       128M       5.7M        29M       3.2G

MemTotal:        4016004 kB
MemFree:          131292 kB
Active:           353196 kB
Mem:          3.8G       3.7G       127M       5.7M        29M       3.2G

MemTotal:        4016004 kB
MemFree:          131044 kB
Active:           353184 kB
Mem:          3.8G       3.7G       127M       5.7M        29M       3.2G

MemTotal:        4016004 kB
MemFree:          131044 kB
Active:           353180 kB
Mem:          3.8G       3.7G       127M       5.7M        29M       3.2G

MemTotal:        4016004 kB
MemFree:          131044 kB
Active:           353196 kB
Mem:          3.8G       3.7G       127M       5.7M        29M       3.2G

MemTotal:        4016004 kB
MemFree:          131416 kB
Active:           353172 kB
Mem:          3.8G       3.7G       128M       5.7M        29M       3.2G

MemTotal:        4016004 kB
MemFree:          131292 kB
Active:           353180 kB
Mem:          3.8G       3.7G       128M       5.7M        29M       3.2G

MemTotal:        4016004 kB
MemFree:          131168 kB
Active:           353204 kB
Mem:          3.8G       3.7G       128M       5.7M        29M       3.2G

MemTotal:        4016004 kB
MemFree:          131044 kB
Active:           353156 kB
Mem:          3.8G       3.7G       128M       5.7M        29M       3.2G

MemTotal:        4016004 kB
MemFree:          131168 kB
Active:           353196 kB
Mem:          3.8G       3.7G       128M       5.7M        29M       3.2G

MemTotal:        4016004 kB
MemFree:          131292 kB
Active:           353196 kB
Mem:          3.8G       3.7G       128M       5.7M        29M       3.2G

MemTotal:        4016004 kB
MemFree:          131168 kB
Active:           353156 kB
Mem:          3.8G       3.7G       127M       5.7M        29M       3.2G

MemTotal:        4016004 kB
MemFree:          131168 kB
Active:           353172 kB
Mem:          3.8G       3.7G       127M       5.7M        29M       3.2G

MemTotal:        4016004 kB
MemFree:          130920 kB
Active:           353184 kB
Mem:          3.8G       3.7G       127M       5.7M        29M       3.2G

MemTotal:        4016004 kB
MemFree:          131044 kB
Active:           353216 kB
Mem:          3.8G       3.7G       128M       5.7M        29M       3.2G

MemTotal:        4016004 kB
MemFree:          131168 kB
Active:           353212 kB
Mem:          3.8G       3.7G       128M       5.7M        29M       3.2G

MemTotal:        4016004 kB
MemFree:          131044 kB
Active:           353172 kB
Mem:          3.8G       3.7G       128M       5.7M        29M       3.2G

MemTotal:        4016004 kB
MemFree:          131292 kB
Active:           353184 kB
Mem:          3.8G       3.7G       128M       5.7M        29M       3.2G

MemTotal:        4016004 kB
MemFree:          131292 kB
Active:           353220 kB
Mem:          3.8G       3.7G       128M       5.7M        29M       3.2G

MemTotal:        4016004 kB
MemFree:          131168 kB
Active:           353196 kB
Mem:          3.8G       3.7G       128M       5.7M        29M       3.2G

MemTotal:        4016004 kB
MemFree:          131168 kB
Active:           353204 kB
Mem:          3.8G       3.7G       127M       5.7M        29M       3.2G

MemTotal:        4016004 kB
MemFree:          131168 kB
Active:           353204 kB
Mem:          3.8G       3.7G       127M       5.7M        29M       3.2G

MemTotal:        4016004 kB
MemFree:          131292 kB
Active:           353216 kB
Mem:          3.8G       3.7G       128M       5.7M        29M       3.2G

MemTotal:        4016004 kB
MemFree:          131168 kB
Active:           353208 kB
Mem:          3.8G       3.7G       127M       5.7M        29M       3.2G

MemTotal:        4016004 kB
MemFree:          130920 kB
Active:           353224 kB
Mem:          3.8G       3.7G       127M       5.7M        29M       3.2G

MemTotal:        4016004 kB
MemFree:          130920 kB
Active:           353200 kB
Mem:          3.8G       3.7G       127M       5.7M        29M       3.2G

MemTotal:        4016004 kB
MemFree:          131044 kB
Active:           353220 kB
Mem:          3.8G       3.7G       127M       5.7M        29M       3.2G

MemTotal:        4016004 kB
MemFree:          131044 kB
Active:           353220 kB
Mem:          3.8G       3.7G       127M       5.7M        29M       3.2G

MemTotal:        4016004 kB
MemFree:          130920 kB
Active:           353248 kB
Mem:          3.8G       3.7G       127M       5.7M        29M       3.2G

MemTotal:        4016004 kB
MemFree:          130920 kB
Active:           353224 kB
Mem:          3.8G       3.7G       127M       5.7M        29M       3.2G

MemTotal:        4016004 kB
MemFree:          130920 kB
Active:           353240 kB
Mem:          3.8G       3.7G       127M       5.7M        29M       3.2G

MemTotal:        4016004 kB
MemFree:          131044 kB
Active:           353244 kB
Mem:          3.8G       3.7G       127M       5.7M        29M       3.2G

MemTotal:        4016004 kB
MemFree:          131044 kB
Active:           353244 kB
Mem:          3.8G       3.7G       127M       5.7M        29M       3.2G

MemTotal:        4016004 kB
MemFree:          131044 kB
Active:           353248 kB
Mem:          3.8G       3.7G       127M       5.7M        29M       3.2G

MemTotal:        4016004 kB
MemFree:          130796 kB
Active:           353224 kB
Mem:          3.8G       3.7G       127M       5.7M        29M       3.2G

MemTotal:        4016004 kB
MemFree:          130920 kB
Active:           353224 kB
Mem:          3.8G       3.7G       127M       5.7M        29M       3.2G

MemTotal:        4016004 kB
MemFree:          130672 kB
Active:           353216 kB
Mem:          3.8G       3.7G       127M       5.7M        29M       3.2G

MemTotal:        4016004 kB
MemFree:          130796 kB
Active:           353244 kB
Mem:          3.8G       3.7G       127M       5.7M        29M       3.2G

MemTotal:        4016004 kB
MemFree:          130920 kB
Active:           353208 kB
Mem:          3.8G       3.7G       127M       5.7M        29M       3.2G

MemTotal:        4016004 kB
MemFree:          131044 kB
Active:           353248 kB
Mem:          3.8G       3.7G       127M       5.7M        29M       3.2G

MemTotal:        4016004 kB
MemFree:          130796 kB
Active:           353256 kB
Mem:          3.8G       3.7G       127M       5.7M        29M       3.2G

MemTotal:        4016004 kB
MemFree:          130796 kB
Active:           353260 kB
Mem:          3.8G       3.7G       127M       5.7M        29M       3.2G

MemTotal:        4016004 kB
MemFree:          130920 kB
Active:           353244 kB
Mem:          3.8G       3.7G       127M       5.7M        29M       3.2G

MemTotal:        4016004 kB
MemFree:          131044 kB
Active:           353212 kB
Mem:          3.8G       3.7G       128M       5.7M        29M       3.2G

MemTotal:        4016004 kB
MemFree:          131044 kB
Active:           353256 kB
Mem:          3.8G       3.7G       127M       5.7M        29M       3.2G

MemTotal:        4016004 kB
MemFree:          131044 kB
Active:           353212 kB
Mem:          3.8G       3.7G       127M       5.7M        29M       3.2G

MemTotal:        4016004 kB
MemFree:          131044 kB
Active:           353212 kB
Mem:          3.8G       3.7G       127M       5.7M        29M       3.2G

MemTotal:        4016004 kB
MemFree:          131292 kB
Active:           353224 kB
Mem:          3.8G       3.7G       127M       5.7M        29M       3.2G

MemTotal:        4016004 kB
MemFree:          131044 kB
Active:           353256 kB
Mem:          3.8G       3.7G       127M       5.7M        29M       3.2G

MemTotal:        4016004 kB
MemFree:          130920 kB
Active:           353268 kB
Mem:          3.8G       3.7G       127M       5.7M        29M       3.2G

MemTotal:        4016004 kB
MemFree:          131044 kB
Active:           353272 kB
Mem:          3.8G       3.7G       127M       5.7M        29M       3.2G

MemTotal:        4016004 kB
MemFree:          131044 kB
Active:           353220 kB
Mem:          3.8G       3.7G       128M       5.7M        29M       3.2G

MemTotal:        4016004 kB
MemFree:          131168 kB
Active:           353264 kB
Mem:          3.8G       3.7G       127M       5.7M        29M       3.2G

MemTotal:        4016004 kB
MemFree:          131168 kB
Active:           353216 kB
Mem:          3.8G       3.7G       127M       5.7M        29M       3.2G

MemTotal:        4016004 kB
MemFree:          131168 kB
Active:           353264 kB
Mem:          3.8G       3.7G       128M       5.7M        29M       3.2G

MemTotal:        4016004 kB
MemFree:          131292 kB
Active:           353224 kB
Mem:          3.8G       3.7G       128M       5.7M        29M       3.2G

MemTotal:        4016004 kB
MemFree:          131044 kB
Active:           353252 kB
Mem:          3.8G       3.7G       127M       5.7M        29M       3.2G

MemTotal:        4016004 kB
MemFree:          131044 kB
Active:           353280 kB
Mem:          3.8G       3.7G       127M       5.7M        29M       3.2G

MemTotal:        4016004 kB
MemFree:          131168 kB
Active:           353232 kB
Mem:          3.8G       3.7G       127M       5.7M        29M       3.2G

MemTotal:        4016004 kB
MemFree:          130920 kB
Active:           353268 kB
Mem:          3.8G       3.7G       127M       5.7M        29M       3.2G

MemTotal:        4016004 kB
MemFree:          131700 kB
Active:           352920 kB
Mem:          3.8G       3.7G       128M       5.7M        29M       3.2G

MemTotal:        4016004 kB
MemFree:          131948 kB
Active:           352916 kB
Mem:          3.8G       3.7G       128M       5.7M        29M       3.2G

MemTotal:        4016004 kB
MemFree:          131932 kB
Active:           352884 kB
Mem:          3.8G       3.7G       129M       5.7M        29M       3.2G

MemTotal:        4016004 kB
MemFree:          132304 kB
Active:           352936 kB
Mem:          3.8G       3.7G       129M       5.7M        29M       3.2G

MemTotal:        4016004 kB
MemFree:          132056 kB
Active:           352912 kB
Mem:          3.8G       3.7G       129M       5.7M        29M       3.2G

MemTotal:        4016004 kB
MemFree:          132056 kB
Active:           352940 kB
Mem:          3.8G       3.7G       129M       5.7M        29M       3.2G

MemTotal:        4016004 kB
MemFree:          132552 kB
Active:           352944 kB
Mem:          3.8G       3.7G       129M       5.7M        29M       3.2G

MemTotal:        4016004 kB
MemFree:          132428 kB
Active:           352932 kB
Mem:          3.8G       3.7G       129M       5.7M        29M       3.2G

MemTotal:        4016004 kB
MemFree:          132428 kB
Active:           352924 kB
Mem:          3.8G       3.7G       129M       5.7M        29M       3.2G

MemTotal:        4016004 kB
MemFree:          132180 kB
Active:           352940 kB
Mem:          3.8G       3.7G       129M       5.7M        29M       3.2G

MemTotal:        4016004 kB
MemFree:          132180 kB
Active:           352936 kB
Mem:          3.8G       3.7G       129M       5.7M        29M       3.2G

MemTotal:        4016004 kB
MemFree:          132180 kB
Active:           352944 kB
Mem:          3.8G       3.7G       129M       5.7M        29M       3.2G

MemTotal:        4016004 kB
MemFree:          132552 kB
Active:           352940 kB
Mem:          3.8G       3.7G       129M       5.7M        29M       3.2G

MemTotal:        4016004 kB
MemFree:          132676 kB
Active:           352936 kB
Mem:          3.8G       3.7G       129M       5.7M        29M       3.2G

MemTotal:        4016004 kB
MemFree:          132676 kB
Active:           352964 kB
Mem:          3.8G       3.7G       129M       5.7M        29M       3.2G

MemTotal:        4016004 kB
MemFree:          132552 kB
Active:           352968 kB
Mem:          3.8G       3.7G       129M       5.7M        29M       3.2G

MemTotal:        4016004 kB
MemFree:          132552 kB
Active:           352968 kB
Mem:          3.8G       3.7G       129M       5.7M        29M       3.2G

MemTotal:        4016004 kB
MemFree:          132932 kB
Active:           352952 kB
Mem:          3.8G       3.7G       129M       5.7M        29M       3.2G

MemTotal:        4016004 kB
MemFree:          132560 kB
Active:           352968 kB
Mem:          3.8G       3.7G       129M       5.7M        29M       3.2G

MemTotal:        4016004 kB
MemFree:          132436 kB
Active:           352968 kB
Mem:          3.8G       3.7G       129M       5.7M        29M       3.2G

MemTotal:        4016004 kB
MemFree:          132932 kB
Active:           352924 kB
Mem:          3.8G       3.7G       129M       5.7M        29M       3.2G

MemTotal:        4016004 kB
MemFree:          132560 kB
Active:           352940 kB
Mem:          3.8G       3.7G       129M       5.7M        29M       3.2G

MemTotal:        4016004 kB
MemFree:          132188 kB
Active:           352936 kB
Mem:          3.8G       3.7G       129M       5.7M        29M       3.2G

MemTotal:        4016004 kB
MemFree:          132188 kB
Active:           352980 kB
Mem:          3.8G       3.7G       129M       5.7M        29M       3.2G

MemTotal:        4016004 kB
MemFree:          132188 kB
Active:           352948 kB
Mem:          3.8G       3.7G       129M       5.7M        29M       3.2G

MemTotal:        4016004 kB
MemFree:          131940 kB
Active:           352984 kB
Mem:          3.8G       3.7G       128M       5.7M        29M       3.2G

MemTotal:        4016004 kB
MemFree:          132188 kB
Active:           352980 kB
Mem:          3.8G       3.7G       129M       5.7M        29M       3.2G

MemTotal:        4016004 kB
MemFree:          132188 kB
Active:           352968 kB
Mem:          3.8G       3.7G       129M       5.7M        29M       3.2G

MemTotal:        4016004 kB
MemFree:          132188 kB
Active:           352956 kB
