MemTotal:        4016004 kB
MemFree:         3246860 kB
Active:           411060 kB
Mem:          3.8G       751M       3.1G       5.7M        54M       315M

MemTotal:        4016004 kB
MemFree:         3246936 kB
Active:           411316 kB
Mem:          3.8G       751M       3.1G       5.7M        54M       315M

MemTotal:        4016004 kB
MemFree:         3246440 kB
Active:           411448 kB
Mem:          3.8G       751M       3.1G       5.7M        54M       315M

MemTotal:        4016004 kB
MemFree:         3246688 kB
Active:           411440 kB
Mem:          3.8G       751M       3.1G       5.7M        54M       315M

MemTotal:        4016004 kB
MemFree:         3246672 kB
Active:           411412 kB
Mem:          3.8G       751M       3.1G       5.7M        54M       315M

MemTotal:        4016004 kB
MemFree:         3246532 kB
Active:           411444 kB
Mem:          3.8G       751M       3.1G       5.7M        54M       315M

MemTotal:        4016004 kB
MemFree:         3245912 kB
Active:           411404 kB
Mem:          3.8G       752M       3.1G       5.7M        54M       315M

MemTotal:        4016004 kB
MemFree:         3245524 kB
Active:           411456 kB
Mem:          3.8G       752M       3.1G       5.7M        54M       315M

MemTotal:        4016004 kB
MemFree:         3245880 kB
Active:           411436 kB
Mem:          3.8G       752M       3.1G       5.7M        54M       315M

MemTotal:        4016004 kB
MemFree:         3245624 kB
Active:           411456 kB
Mem:          3.8G       752M       3.1G       5.7M        54M       315M

MemTotal:        4016004 kB
MemFree:         3245856 kB
Active:           411424 kB
Mem:          3.8G       752M       3.1G       5.7M        54M       315M

MemTotal:        4016004 kB
MemFree:         3245964 kB
Active:           411408 kB
Mem:          3.8G       752M       3.1G       5.7M        54M       315M

MemTotal:        4016004 kB
MemFree:         3246336 kB
Active:           411436 kB
Mem:          3.8G       751M       3.1G       5.7M        54M       315M

MemTotal:        4016004 kB
MemFree:         3246460 kB
Active:           411444 kB
Mem:          3.8G       751M       3.1G       5.7M        54M       315M

MemTotal:        4016004 kB
MemFree:         3246320 kB
Active:           411452 kB
Mem:          3.8G       751M       3.1G       5.7M        54M       315M

MemTotal:        4016004 kB
MemFree:         3246428 kB
Active:           411416 kB
Mem:          3.8G       751M       3.1G       5.7M        54M       315M

MemTotal:        4016004 kB
MemFree:         3246584 kB
Active:           411448 kB
Mem:          3.8G       751M       3.1G       5.7M        54M       315M

MemTotal:        4016004 kB
MemFree:         3246584 kB
Active:           411412 kB
Mem:          3.8G       751M       3.1G       5.7M        54M       315M

MemTotal:        4016004 kB
MemFree:         3246584 kB
Active:           411444 kB
Mem:          3.8G       751M       3.1G       5.7M        54M       315M

MemTotal:        4016004 kB
MemFree:         3246444 kB
Active:           411408 kB
Mem:          3.8G       751M       3.1G       5.7M        54M       315M

MemTotal:        4016004 kB
MemFree:         3246692 kB
Active:           411452 kB
Mem:          3.8G       751M       3.1G       5.7M        54M       315M

MemTotal:        4016004 kB
MemFree:         3246552 kB
Active:           411436 kB
Mem:          3.8G       751M       3.1G       5.7M        54M       315M

MemTotal:        4016004 kB
MemFree:         3246660 kB
Active:           411428 kB
Mem:          3.8G       751M       3.1G       5.7M        54M       315M

MemTotal:        4016004 kB
MemFree:         3246740 kB
Active:           411420 kB
Mem:          3.8G       751M       3.1G       5.7M        54M       315M

MemTotal:        4016004 kB
MemFree:         3246616 kB
Active:           411456 kB
Mem:          3.8G       751M       3.1G       5.7M        54M       315M

MemTotal:        4016004 kB
MemFree:         3246616 kB
Active:           411416 kB
Mem:          3.8G       751M       3.1G       5.7M        54M       315M

MemTotal:        4016004 kB
MemFree:         3244196 kB
Active:           411472 kB
Mem:          3.8G       753M       3.1G       5.7M        54M       315M

MemTotal:        4016004 kB
MemFree:         3244196 kB
Active:           411396 kB
Mem:          3.8G       753M       3.1G       5.7M        54M       315M

MemTotal:        4016004 kB
MemFree:         3244568 kB
Active:           411436 kB
Mem:          3.8G       753M       3.1G       5.7M        54M       315M

MemTotal:        4016004 kB
MemFree:         3244568 kB
Active:           411416 kB
Mem:          3.8G       753M       3.1G       5.7M        54M       315M

MemTotal:        4016004 kB
MemFree:         3244692 kB
Active:           413488 kB
Mem:          3.8G       753M       3.1G       5.7M        54M       315M

MemTotal:        4016004 kB
MemFree:         3244568 kB
Active:           413464 kB
Mem:          3.8G       753M       3.1G       5.7M        54M       315M

MemTotal:        4016004 kB
MemFree:         3244568 kB
Active:           413448 kB
Mem:          3.8G       753M       3.1G       5.7M        54M       315M

MemTotal:        4016004 kB
MemFree:         3244568 kB
Active:           413468 kB
Mem:          3.8G       753M       3.1G       5.7M        54M       315M

MemTotal:        4016004 kB
MemFree:         3244444 kB
Active:           413464 kB
Mem:          3.8G       753M       3.1G       5.7M        54M       315M

MemTotal:        4016004 kB
MemFree:         3244552 kB
Active:           413496 kB
Mem:          3.8G       753M       3.1G       5.7M        54M       315M

MemTotal:        4016004 kB
MemFree:         3244428 kB
Active:           413472 kB
Mem:          3.8G       753M       3.1G       5.7M        54M       315M

MemTotal:        4016004 kB
MemFree:         3243916 kB
Active:           413472 kB
Mem:          3.8G       754M       3.1G       5.7M        54M       315M

MemTotal:        4016004 kB
MemFree:         3244164 kB
Active:           413500 kB
Mem:          3.8G       754M       3.1G       5.7M        54M       315M

MemTotal:        4016004 kB
MemFree:         3244288 kB
Active:           413464 kB
Mem:          3.8G       753M       3.1G       5.7M        54M       315M

MemTotal:        4016004 kB
MemFree:         3243792 kB
Active:           413524 kB
Mem:          3.8G       754M       3.1G       5.7M        54M       315M

MemTotal:        4016004 kB
MemFree:         3243668 kB
Active:           413528 kB
Mem:          3.8G       753M       3.1G       5.7M        54M       315M

MemTotal:        4016004 kB
MemFree:         3244148 kB
Active:           413500 kB
Mem:          3.8G       753M       3.1G       5.7M        54M       315M

MemTotal:        4016004 kB
MemFree:         3243512 kB
Active:           413532 kB
Mem:          3.8G       753M       3.1G       5.7M        54M       315M

MemTotal:        4016004 kB
MemFree:         3243992 kB
Active:           413532 kB
Mem:          3.8G       753M       3.1G       5.7M        54M       315M

MemTotal:        4016004 kB
MemFree:         3244364 kB
Active:           413496 kB
Mem:          3.8G       753M       3.1G       5.7M        54M       315M

MemTotal:        4016004 kB
MemFree:         3244364 kB
Active:           413508 kB
Mem:          3.8G       753M       3.1G       5.7M        54M       315M

MemTotal:        4016004 kB
MemFree:         3244488 kB
Active:           413532 kB
Mem:          3.8G       753M       3.1G       5.7M        54M       315M

MemTotal:        4016004 kB
MemFree:         3244488 kB
Active:           413520 kB
Mem:          3.8G       753M       3.1G       5.7M        54M       315M

MemTotal:        4016004 kB
MemFree:         3244472 kB
Active:           413492 kB
Mem:          3.8G       753M       3.1G       5.7M        54M       315M

MemTotal:        4016004 kB
MemFree:         3244304 kB
Active:           413540 kB
Mem:          3.8G       753M       3.1G       5.7M        54M       315M

MemTotal:        4016004 kB
MemFree:         3244428 kB
Active:           413540 kB
Mem:          3.8G       753M       3.1G       5.7M        54M       315M

MemTotal:        4016004 kB
MemFree:         3244428 kB
Active:           413532 kB
Mem:          3.8G       753M       3.1G       5.7M        54M       315M

MemTotal:        4016004 kB
MemFree:         3244428 kB
Active:           413540 kB
Mem:          3.8G       753M       3.1G       5.7M        54M       315M

MemTotal:        4016004 kB
MemFree:         3243932 kB
Active:           413512 kB
Mem:          3.8G       753M       3.1G       5.7M        54M       315M

MemTotal:        4016004 kB
MemFree:         3243932 kB
Active:           413508 kB
Mem:          3.8G       753M       3.1G       5.7M        54M       315M

MemTotal:        4016004 kB
MemFree:         3243752 kB
Active:           411552 kB
Mem:          3.8G       754M       3.1G       5.7M        54M       315M

MemTotal:        4016004 kB
MemFree:         3243736 kB
Active:           413576 kB
Mem:          3.8G       754M       3.1G       5.7M        54M       315M

MemTotal:        4016004 kB
MemFree:         3243736 kB
Active:           413572 kB
Mem:          3.8G       754M       3.1G       5.7M        54M       315M

MemTotal:        4016004 kB
MemFree:         3243984 kB
Active:           413596 kB
Mem:          3.8G       753M       3.1G       5.7M        54M       315M

MemTotal:        4016004 kB
MemFree:         3244200 kB
Active:           413724 kB
Mem:          3.8G       753M       3.1G       5.7M        54M       315M

MemTotal:        4016004 kB
MemFree:         3129696 kB
Active:           414476 kB
Mem:          3.8G       870M       3.0G       5.7M        55M       429M

MemTotal:        4016004 kB
MemFree:         3016476 kB
Active:           414528 kB
Mem:          3.8G       976M       2.9G       5.7M        55M       534M

MemTotal:        4016004 kB
MemFree:         2897180 kB
Active:           414528 kB
Mem:          3.8G       1.1G       2.8G       5.7M        55M       652M

MemTotal:        4016004 kB
MemFree:         2865660 kB
Active:           414500 kB
Mem:          3.8G       1.1G       2.7G       5.7M        55M       680M

MemTotal:        4016004 kB
MemFree:         2788588 kB
Active:           414524 kB
Mem:          3.8G       1.2G       2.7G       5.7M        55M       753M

MemTotal:        4016004 kB
MemFree:         2786704 kB
Active:           414600 kB
Mem:          3.8G       1.2G       2.7G       5.7M        55M       754M

MemTotal:        4016004 kB
MemFree:         2742996 kB
Active:           414536 kB
Mem:          3.8G       1.2G       2.6G       5.7M        55M       797M

MemTotal:        4016004 kB
MemFree:         2689688 kB
Active:           414548 kB
Mem:          3.8G       1.3G       2.6G       5.7M        55M       847M

MemTotal:        4016004 kB
MemFree:         2688348 kB
Active:           414564 kB
Mem:          3.8G       1.3G       2.6G       5.7M        55M       848M

MemTotal:        4016004 kB
MemFree:         2686128 kB
Active:           414592 kB
Mem:          3.8G       1.3G       2.6G       5.7M        55M       850M

MemTotal:        4016004 kB
MemFree:         2684516 kB
Active:           414564 kB
Mem:          3.8G       1.3G       2.6G       5.7M        55M       851M

MemTotal:        4016004 kB
MemFree:         2675424 kB
Active:           414564 kB
Mem:          3.8G       1.3G       2.6G       5.7M        55M       861M

MemTotal:        4016004 kB
MemFree:         2566128 kB
Active:           414600 kB
Mem:          3.8G       1.4G       2.4G       5.7M        55M       968M

MemTotal:        4016004 kB
MemFree:         2431656 kB
Active:           414600 kB
Mem:          3.8G       1.5G       2.3G       5.7M        55M       1.1G

MemTotal:        4016004 kB
MemFree:         2333720 kB
Active:           414600 kB
Mem:          3.8G       1.6G       2.2G       5.7M        55M       1.2G

MemTotal:        4016004 kB
MemFree:         2333036 kB
Active:           414552 kB
Mem:          3.8G       1.6G       2.2G       5.7M        55M       1.2G

MemTotal:        4016004 kB
MemFree:         2235164 kB
Active:           414600 kB
Mem:          3.8G       1.7G       2.1G       5.7M        55M       1.3G

MemTotal:        4016004 kB
MemFree:         2235008 kB
Active:           414600 kB
Mem:          3.8G       1.7G       2.1G       5.7M        55M       1.3G

MemTotal:        4016004 kB
MemFree:         2159396 kB
Active:           414596 kB
Mem:          3.8G       1.8G       2.1G       5.7M        55M       1.3G

MemTotal:        4016004 kB
MemFree:         2134644 kB
Active:           414620 kB
Mem:          3.8G       1.8G       2.0G       5.7M        55M       1.3G

MemTotal:        4016004 kB
MemFree:         2134180 kB
Active:           414584 kB
Mem:          3.8G       1.8G       2.0G       5.7M        55M       1.3G

MemTotal:        4016004 kB
MemFree:         2133024 kB
Active:           414636 kB
Mem:          3.8G       1.8G       2.0G       5.7M        55M       1.4G

MemTotal:        4016004 kB
MemFree:         2132224 kB
Active:           414616 kB
Mem:          3.8G       1.8G       2.0G       5.7M        55M       1.4G

MemTotal:        4016004 kB
MemFree:         2093832 kB
Active:           414628 kB
Mem:          3.8G       1.8G       2.0G       5.7M        55M       1.4G

MemTotal:        4016004 kB
MemFree:         1979992 kB
Active:           414640 kB
Mem:          3.8G       1.9G       1.9G       5.7M        55M       1.5G

MemTotal:        4016004 kB
MemFree:         1843660 kB
Active:           414660 kB
Mem:          3.8G       2.1G       1.8G       5.7M        55M       1.6G

MemTotal:        4016004 kB
MemFree:         1782012 kB
Active:           414628 kB
Mem:          3.8G       2.1G       1.7G       5.7M        55M       1.7G

MemTotal:        4016004 kB
MemFree:         1770652 kB
Active:           414640 kB
Mem:          3.8G       2.1G       1.7G       5.7M        55M       1.7G

MemTotal:        4016004 kB
MemFree:         1682776 kB
Active:           414664 kB
Mem:          3.8G       2.2G       1.6G       5.7M        55M       1.8G

MemTotal:        4016004 kB
MemFree:         1656688 kB
Active:           414648 kB
Mem:          3.8G       2.3G       1.6G       5.7M        55M       1.8G

MemTotal:        4016004 kB
MemFree:         1589380 kB
Active:           414680 kB
Mem:          3.8G       2.3G       1.5G       5.7M        55M       1.9G

MemTotal:        4016004 kB
MemFree:         1555344 kB
Active:           414680 kB
Mem:          3.8G       2.3G       1.5G       5.7M        55M       1.9G

MemTotal:        4016004 kB
MemFree:         1499688 kB
Active:           414672 kB
Mem:          3.8G       2.4G       1.4G       5.7M        55M       1.9G

MemTotal:        4016004 kB
MemFree:         1499284 kB
Active:           414652 kB
Mem:          3.8G       2.4G       1.4G       5.7M        55M       1.9G

MemTotal:        4016004 kB
MemFree:         1498104 kB
Active:           414696 kB
Mem:          3.8G       2.4G       1.4G       5.7M        55M       1.9G

MemTotal:        4016004 kB
MemFree:         1495232 kB
Active:           414704 kB
Mem:          3.8G       2.4G       1.4G       5.7M        55M       1.9G

MemTotal:        4016004 kB
MemFree:         1454704 kB
Active:           414660 kB
Mem:          3.8G       2.4G       1.4G       5.7M        55M       2.0G

MemTotal:        4016004 kB
MemFree:         1333036 kB
Active:           414676 kB
Mem:          3.8G       2.6G       1.3G       5.7M        55M       2.1G

MemTotal:        4016004 kB
MemFree:         1260600 kB
Active:           414700 kB
Mem:          3.8G       2.6G       1.2G       5.7M        55M       2.2G

MemTotal:        4016004 kB
MemFree:         1146032 kB
Active:           414692 kB
Mem:          3.8G       2.7G       1.1G       5.7M        55M       2.3G

MemTotal:        4016004 kB
MemFree:         1133352 kB
Active:           414712 kB
Mem:          3.8G       2.8G       1.1G       5.7M        55M       2.3G

MemTotal:        4016004 kB
MemFree:         1060820 kB
Active:           414696 kB
Mem:          3.8G       2.8G       1.0G       5.7M        55M       2.4G

MemTotal:        4016004 kB
MemFree:         1017232 kB
Active:           414712 kB
Mem:          3.8G       2.9G       989M       5.7M        55M       2.4G

MemTotal:        4016004 kB
MemFree:          977596 kB
Active:           414736 kB
Mem:          3.8G       2.9G       954M       5.7M        55M       2.4G

MemTotal:        4016004 kB
MemFree:          951476 kB
Active:           414744 kB
Mem:          3.8G       2.9G       927M       5.7M        55M       2.5G

MemTotal:        4016004 kB
MemFree:          844968 kB
Active:           414704 kB
Mem:          3.8G       3.0G       823M       5.7M        55M       2.6G

MemTotal:        4016004 kB
MemFree:          722184 kB
Active:           414712 kB
Mem:          3.8G       3.1G       702M       5.7M        55M       2.7G

MemTotal:        4016004 kB
MemFree:          589076 kB
Active:           414716 kB
Mem:          3.8G       3.3G       573M       5.7M        55M       2.8G

MemTotal:        4016004 kB
MemFree:          490020 kB
Active:           414720 kB
Mem:          3.8G       3.4G       477M       5.7M        55M       2.9G

MemTotal:        4016004 kB
MemFree:          489152 kB
Active:           414752 kB
Mem:          3.8G       3.4G       477M       5.7M        55M       2.9G

MemTotal:        4016004 kB
MemFree:          488504 kB
Active:           414752 kB
Mem:          3.8G       3.4G       476M       5.7M        55M       2.9G

MemTotal:        4016004 kB
MemFree:          487092 kB
Active:           414812 kB
Mem:          3.8G       3.4G       475M       5.7M        55M       2.9G

MemTotal:        4016004 kB
MemFree:          485204 kB
Active:           414796 kB
Mem:          3.8G       3.4G       473M       5.7M        55M       2.9G

MemTotal:        4016004 kB
MemFree:          481192 kB
Active:           414816 kB
Mem:          3.8G       3.4G       469M       5.7M        55M       2.9G

MemTotal:        4016004 kB
MemFree:          475960 kB
Active:           414828 kB
Mem:          3.8G       3.4G       464M       5.7M        55M       2.9G

MemTotal:        4016004 kB
MemFree:          475368 kB
Active:           414848 kB
Mem:          3.8G       3.4G       464M       5.7M        55M       2.9G

MemTotal:        4016004 kB
MemFree:          475652 kB
Active:           414792 kB
Mem:          3.8G       3.4G       464M       5.7M        55M       2.9G

MemTotal:        4016004 kB
MemFree:          474080 kB
Active:           414828 kB
Mem:          3.8G       3.4G       462M       5.7M        55M       2.9G

MemTotal:        4016004 kB
MemFree:          410884 kB
Active:           414816 kB
Mem:          3.8G       3.4G       398M       5.7M        55M       3.0G

MemTotal:        4016004 kB
MemFree:          297308 kB
Active:           414840 kB
Mem:          3.8G       3.5G       287M       5.7M        55M       3.1G

MemTotal:        4016004 kB
MemFree:          180724 kB
Active:           414860 kB
Mem:          3.8G       3.7G       173M       5.7M        55M       3.2G

MemTotal:        4016004 kB
MemFree:          133724 kB
Active:           426296 kB
Mem:          3.8G       3.7G       126M       5.7M        20M       3.3G

MemTotal:        4016004 kB
MemFree:          129136 kB
Active:           426288 kB
Mem:          3.8G       3.7G       125M       5.7M        20M       3.3G

MemTotal:        4016004 kB
MemFree:          123952 kB
Active:           476440 kB
Mem:          3.8G       3.7G       115M       5.7M        20M       3.3G

MemTotal:        4016004 kB
MemFree:          116072 kB
Active:           476672 kB
Mem:          3.8G       3.7G       113M       5.7M        20M       3.3G

MemTotal:        4016004 kB
MemFree:          116560 kB
Active:           464544 kB
Mem:          3.8G       3.7G       113M       5.7M        20M       3.3G

MemTotal:        4016004 kB
MemFree:          116052 kB
Active:           464552 kB
Mem:          3.8G       3.7G       113M       5.7M        20M       3.3G

MemTotal:        4016004 kB
MemFree:          114212 kB
Active:           464560 kB
Mem:          3.8G       3.7G       111M       5.7M        20M       3.3G

MemTotal:        4016004 kB
MemFree:          112788 kB
Active:           464560 kB
Mem:          3.8G       3.7G       110M       5.7M        20M       3.3G

MemTotal:        4016004 kB
MemFree:          112328 kB
Active:           464524 kB
Mem:          3.8G       3.7G       109M       5.7M        20M       3.3G

MemTotal:        4016004 kB
MemFree:          106904 kB
Active:           464540 kB
Mem:          3.8G       3.7G       103M       5.7M        20M       3.3G

MemTotal:        4016004 kB
MemFree:          136372 kB
Active:           447396 kB
Mem:          3.8G       3.7G       131M       5.7M        20M       3.3G

MemTotal:        4016004 kB
MemFree:          105104 kB
Active:           438664 kB
Mem:          3.8G       3.7G       121M       5.7M        20M       3.3G

MemTotal:        4016004 kB
MemFree:          116196 kB
Active:           433412 kB
Mem:          3.8G       3.7G       111M       5.7M        20M       3.3G

MemTotal:        4016004 kB
MemFree:          137020 kB
Active:           432664 kB
Mem:          3.8G       3.7G       134M       5.7M        20M       3.3G

MemTotal:        4016004 kB
MemFree:          135736 kB
Active:           431508 kB
Mem:          3.8G       3.7G       130M       5.7M        20M       3.3G

MemTotal:        4016004 kB
MemFree:          122724 kB
Active:           428972 kB
Mem:          3.8G       3.7G       119M       5.7M        20M       3.3G

MemTotal:        4016004 kB
MemFree:          114472 kB
Active:           428956 kB
Mem:          3.8G       3.7G       110M       5.7M        20M       3.3G

MemTotal:        4016004 kB
MemFree:          133172 kB
Active:           427460 kB
Mem:          3.8G       3.7G       129M       5.7M        20M       3.3G

MemTotal:        4016004 kB
MemFree:          131204 kB
Active:           427488 kB
Mem:          3.8G       3.7G       128M       5.7M        20M       3.3G

MemTotal:        4016004 kB
MemFree:          130400 kB
Active:           427472 kB
Mem:          3.8G       3.7G       127M       5.7M        20M       3.3G

MemTotal:        4016004 kB
MemFree:          129784 kB
Active:           427464 kB
Mem:          3.8G       3.7G       126M       5.7M        20M       3.3G

MemTotal:        4016004 kB
MemFree:          111524 kB
Active:           427464 kB
Mem:          3.8G       3.7G       106M       5.7M        20M       3.3G

MemTotal:        4016004 kB
MemFree:          124008 kB
Active:           421088 kB
Mem:          3.8G       3.7G       119M       5.7M        20M       3.3G

MemTotal:        4016004 kB
MemFree:          131176 kB
Active:           415028 kB
Mem:          3.8G       3.7G       126M       5.7M        20M       3.3G

MemTotal:        4016004 kB
MemFree:          126144 kB
Active:           408680 kB
Mem:          3.8G       3.7G       123M       5.7M        20M       3.3G

MemTotal:        4016004 kB
MemFree:          124664 kB
Active:           408652 kB
Mem:          3.8G       3.7G       120M       5.7M        20M       3.3G

MemTotal:        4016004 kB
MemFree:          120580 kB
Active:           406012 kB
Mem:          3.8G       3.7G       117M       5.7M        20M       3.3G

MemTotal:        4016004 kB
MemFree:          118256 kB
Active:           405460 kB
Mem:          3.8G       3.7G       112M       5.7M        20M       3.3G

MemTotal:        4016004 kB
MemFree:          125240 kB
Active:           403672 kB
Mem:          3.8G       3.7G       122M       5.7M        20M       3.3G

MemTotal:        4016004 kB
MemFree:          123704 kB
Active:           403676 kB
Mem:          3.8G       3.7G       120M       5.7M        20M       3.3G

MemTotal:        4016004 kB
MemFree:          122036 kB
Active:           403732 kB
Mem:          3.8G       3.7G       118M       5.7M        20M       3.3G

MemTotal:        4016004 kB
MemFree:          121312 kB
Active:           403728 kB
Mem:          3.8G       3.7G       118M       5.7M        20M       3.3G

MemTotal:        4016004 kB
MemFree:          135132 kB
Active:           398300 kB
Mem:          3.8G       3.7G       128M       5.7M        20M       3.3G

MemTotal:        4016004 kB
MemFree:          121512 kB
Active:           396332 kB
Mem:          3.8G       3.7G       140M       5.7M        20M       3.3G

MemTotal:        4016004 kB
MemFree:          127928 kB
Active:           392988 kB
Mem:          3.8G       3.7G       124M       5.7M        20M       3.3G

MemTotal:        4016004 kB
MemFree:          126384 kB
Active:           389960 kB
Mem:          3.8G       3.7G       123M       5.7M        20M       3.3G

MemTotal:        4016004 kB
MemFree:          110632 kB
Active:           388812 kB
Mem:          3.8G       3.7G       107M       5.7M        20M       3.3G

MemTotal:        4016004 kB
MemFree:          134332 kB
Active:           386896 kB
Mem:          3.8G       3.7G       129M       5.7M        20M       3.3G

MemTotal:        4016004 kB
MemFree:          133656 kB
Active:           385104 kB
Mem:          3.8G       3.7G       130M       5.7M        20M       3.3G

MemTotal:        4016004 kB
MemFree:          131944 kB
Active:           385080 kB
Mem:          3.8G       3.7G       128M       5.7M        20M       3.3G

MemTotal:        4016004 kB
MemFree:          131556 kB
Active:           385120 kB
Mem:          3.8G       3.7G       128M       5.7M        20M       3.3G

MemTotal:        4016004 kB
MemFree:          131720 kB
Active:           385140 kB
Mem:          3.8G       3.7G       128M       5.7M        20M       3.3G

MemTotal:        4016004 kB
MemFree:          131940 kB
Active:           383112 kB
Mem:          3.8G       3.7G       128M       5.7M        20M       3.3G

MemTotal:        4016004 kB
MemFree:          126668 kB
Active:           382312 kB
Mem:          3.8G       3.7G       121M       5.7M        20M       3.3G

MemTotal:        4016004 kB
MemFree:          119424 kB
Active:           378468 kB
Mem:          3.8G       3.7G       114M       5.7M        20M       3.3G

MemTotal:        4016004 kB
MemFree:          128684 kB
Active:           374236 kB
Mem:          3.8G       3.7G       123M       5.7M        20M       3.3G

MemTotal:        4016004 kB
MemFree:          131376 kB
Active:           371824 kB
Mem:          3.8G       3.7G       126M       5.7M        20M       3.3G

MemTotal:        4016004 kB
MemFree:          132504 kB
Active:           371460 kB
Mem:          3.8G       3.7G       129M       5.7M        20M       3.3G

MemTotal:        4016004 kB
MemFree:          132352 kB
Active:           367400 kB
Mem:          3.8G       3.7G       129M       5.7M        20M       3.3G

MemTotal:        4016004 kB
MemFree:          118856 kB
Active:           365736 kB
Mem:          3.8G       3.7G       113M       5.7M        20M       3.3G

MemTotal:        4016004 kB
MemFree:          121660 kB
Active:           364976 kB
Mem:          3.8G       3.7G       115M       5.7M        20M       3.3G

MemTotal:        4016004 kB
MemFree:          105600 kB
Active:           365008 kB
Mem:          3.8G       3.7G       102M       5.7M        20M       3.3G

MemTotal:        4016004 kB
MemFree:          129112 kB
Active:           364316 kB
Mem:          3.8G       3.7G       125M       5.7M        20M       3.3G

MemTotal:        4016004 kB
MemFree:          125300 kB
Active:           366424 kB
Mem:          3.8G       3.7G       122M       5.7M        20M       3.3G

MemTotal:        4016004 kB
MemFree:          124036 kB
Active:           366400 kB
Mem:          3.8G       3.7G       121M       5.7M        20M       3.3G

MemTotal:        4016004 kB
MemFree:          121820 kB
Active:           363824 kB
Mem:          3.8G       3.7G       116M       5.7M        20M       3.3G

MemTotal:        4016004 kB
MemFree:          108248 kB
Active:           360648 kB
Mem:          3.8G       3.7G       103M       5.7M        20M       3.3G

MemTotal:        4016004 kB
MemFree:          130780 kB
Active:           359880 kB
Mem:          3.8G       3.7G       128M       5.7M        20M       3.3G

MemTotal:        4016004 kB
MemFree:          125240 kB
Active:           359852 kB
Mem:          3.8G       3.7G       131M       5.7M        20M       3.3G

MemTotal:        4016004 kB
MemFree:          131512 kB
Active:           359916 kB
Mem:          3.8G       3.7G       128M       5.7M        20M       3.3G

MemTotal:        4016004 kB
MemFree:          134900 kB
Active:           357036 kB
Mem:          3.8G       3.7G       131M       5.7M        20M       3.3G

MemTotal:        4016004 kB
MemFree:          117748 kB
Active:           356844 kB
Mem:          3.8G       3.7G       111M       5.7M        20M       3.3G

MemTotal:        4016004 kB
MemFree:          136764 kB
Active:           356896 kB
Mem:          3.8G       3.7G       133M       5.7M        20M       3.3G

MemTotal:        4016004 kB
MemFree:          127972 kB
Active:           356896 kB
Mem:          3.8G       3.7G       124M       5.7M        20M       3.3G

MemTotal:        4016004 kB
MemFree:          124168 kB
Active:           356900 kB
Mem:          3.8G       3.7G       121M       5.7M        20M       3.3G

MemTotal:        4016004 kB
MemFree:          123300 kB
Active:           356856 kB
Mem:          3.8G       3.7G       120M       5.7M        20M       3.3G

MemTotal:        4016004 kB
MemFree:          122652 kB
Active:           356908 kB
Mem:          3.8G       3.7G       119M       5.7M        20M       3.3G

MemTotal:        4016004 kB
MemFree:          111752 kB
Active:           356904 kB
Mem:          3.8G       3.7G       106M       5.7M        20M       3.3G

MemTotal:        4016004 kB
MemFree:          123784 kB
Active:           356916 kB
Mem:          3.8G       3.7G       119M       5.7M        20M       3.3G

MemTotal:        4016004 kB
MemFree:          126004 kB
Active:           356916 kB
Mem:          3.8G       3.7G       122M       5.7M        20M       3.3G

MemTotal:        4016004 kB
MemFree:          137180 kB
Active:           356920 kB
Mem:          3.8G       3.7G       133M       5.7M        20M       3.3G

MemTotal:        4016004 kB
MemFree:          122804 kB
Active:           356924 kB
Mem:          3.8G       3.7G       117M       5.7M        20M       3.3G

MemTotal:        4016004 kB
MemFree:          116152 kB
Active:           356896 kB
Mem:          3.8G       3.7G       113M       5.7M        20M       3.3G

MemTotal:        4016004 kB
MemFree:          142452 kB
Active:           356796 kB
Mem:          3.8G       3.7G       139M       5.7M        20M       3.2G

MemTotal:        4016004 kB
MemFree:          118904 kB
Active:           356756 kB
Mem:          3.8G       3.7G       113M       5.7M        20M       3.3G

MemTotal:        4016004 kB
MemFree:          137316 kB
Active:           356720 kB
Mem:          3.8G       3.7G       133M       5.7M        20M       3.3G

MemTotal:        4016004 kB
MemFree:          115172 kB
Active:           356716 kB
Mem:          3.8G       3.7G       112M       5.7M        20M       3.3G

MemTotal:        4016004 kB
MemFree:          113824 kB
Active:           356760 kB
Mem:          3.8G       3.7G       110M       5.7M        20M       3.3G

MemTotal:        4016004 kB
MemFree:          112648 kB
Active:           356740 kB
Mem:          3.8G       3.7G       109M       5.7M        20M       3.3G

MemTotal:        4016004 kB
MemFree:          111628 kB
Active:           356792 kB
Mem:          3.8G       3.7G       108M       5.7M        20M       3.3G

MemTotal:        4016004 kB
MemFree:          126820 kB
Active:           356792 kB
Mem:          3.8G       3.7G       120M       5.7M        20M       3.3G

MemTotal:        4016004 kB
MemFree:          122620 kB
Active:           356792 kB
Mem:          3.8G       3.7G       117M       5.7M        20M       3.3G

MemTotal:        4016004 kB
MemFree:          136392 kB
Active:           356092 kB
Mem:          3.8G       3.7G       130M       5.7M        20M       3.3G

MemTotal:        4016004 kB
MemFree:          130996 kB
Active:           358016 kB
Mem:          3.8G       3.7G       127M       5.7M        20M       3.3G

MemTotal:        4016004 kB
MemFree:          130644 kB
Active:           358032 kB
Mem:          3.8G       3.7G       123M       5.7M        20M       3.3G

MemTotal:        4016004 kB
MemFree:          125852 kB
Active:           358016 kB
Mem:          3.8G       3.7G       123M       5.7M        20M       3.3G

MemTotal:        4016004 kB
MemFree:          112892 kB
Active:           358028 kB
Mem:          3.8G       3.7G       107M       5.7M        20M       3.3G

MemTotal:        4016004 kB
MemFree:          126328 kB
Active:           358068 kB
Mem:          3.8G       3.7G       123M       5.7M        20M       3.3G

MemTotal:        4016004 kB
MemFree:          125648 kB
Active:           358068 kB
Mem:          3.8G       3.7G       122M       5.7M        20M       3.3G

MemTotal:        4016004 kB
MemFree:          123760 kB
Active:           358084 kB
Mem:          3.8G       3.7G       120M       5.7M        20M       3.3G

MemTotal:        4016004 kB
MemFree:          122508 kB
Active:           358084 kB
Mem:          3.8G       3.7G       119M       5.7M        20M       3.3G

MemTotal:        4016004 kB
MemFree:          141704 kB
Active:           355716 kB
Mem:          3.8G       3.7G       135M       5.7M        20M       3.2G

MemTotal:        4016004 kB
MemFree:          117392 kB
Active:           355600 kB
Mem:          3.8G       3.7G       111M       5.7M        20M       3.3G

MemTotal:        4016004 kB
MemFree:          118140 kB
Active:           355700 kB
Mem:          3.8G       3.7G       126M       5.7M        20M       3.3G

MemTotal:        4016004 kB
MemFree:          130428 kB
Active:           354988 kB
Mem:          3.8G       3.7G       127M       5.7M        20M       3.3G

MemTotal:        4016004 kB
MemFree:          124084 kB
Active:           354884 kB
Mem:          3.8G       3.7G       118M       5.7M        20M       3.3G

MemTotal:        4016004 kB
MemFree:          124504 kB
Active:           354892 kB
Mem:          3.8G       3.7G       119M       5.7M        20M       3.3G

MemTotal:        4016004 kB
MemFree:          132976 kB
Active:           354892 kB
Mem:          3.8G       3.7G       130M       5.7M        20M       3.3G

MemTotal:        4016004 kB
MemFree:          143156 kB
Active:           354936 kB
Mem:          3.8G       3.7G       139M       5.7M        20M       3.2G

MemTotal:        4016004 kB
MemFree:          118064 kB
Active:           354908 kB
Mem:          3.8G       3.7G       115M       5.7M        20M       3.3G

MemTotal:        4016004 kB
MemFree:          117000 kB
Active:           354904 kB
Mem:          3.8G       3.7G       114M       5.7M        20M       3.3G

MemTotal:        4016004 kB
MemFree:          116628 kB
Active:           354956 kB
Mem:          3.8G       3.7G       113M       5.7M        20M       3.3G

MemTotal:        4016004 kB
MemFree:          116756 kB
Active:           354964 kB
Mem:          3.8G       3.7G       114M       5.7M        20M       3.3G

MemTotal:        4016004 kB
MemFree:          120932 kB
Active:           354904 kB
Mem:          3.8G       3.7G       117M       5.7M        20M       3.3G

MemTotal:        4016004 kB
MemFree:          110772 kB
Active:           354496 kB
Mem:          3.8G       3.7G       106M       5.7M        20M       3.3G

MemTotal:        4016004 kB
MemFree:          132248 kB
Active:           351860 kB
Mem:          3.8G       3.7G       139M       5.7M        20M       3.2G

MemTotal:        4016004 kB
MemFree:          139140 kB
Active:           351724 kB
Mem:          3.8G       3.7G       135M       5.7M        20M       3.2G

MemTotal:        4016004 kB
MemFree:          139272 kB
Active:           351748 kB
Mem:          3.8G       3.7G       135M       5.7M        20M       3.2G

MemTotal:        4016004 kB
MemFree:          132852 kB
Active:           351748 kB
Mem:          3.8G       3.7G       128M       5.7M        20M       3.3G

MemTotal:        4016004 kB
MemFree:          143112 kB
Active:           349012 kB
Mem:          3.8G       3.7G       139M       5.7M        20M       3.2G

MemTotal:        4016004 kB
MemFree:          128116 kB
Active:           348936 kB
Mem:          3.8G       3.7G       125M       5.7M        20M       3.3G

MemTotal:        4016004 kB
MemFree:          128736 kB
Active:           348952 kB
Mem:          3.8G       3.7G       125M       5.7M        20M       3.3G

MemTotal:        4016004 kB
MemFree:          128108 kB
Active:           348924 kB
Mem:          3.8G       3.7G       125M       5.7M        20M       3.3G

MemTotal:        4016004 kB
MemFree:          128452 kB
Active:           348936 kB
Mem:          3.8G       3.7G       125M       5.7M        20M       3.3G

MemTotal:        4016004 kB
MemFree:          126880 kB
Active:           349080 kB
Mem:          3.8G       3.7G       124M       5.7M        20M       3.3G

MemTotal:        4016004 kB
MemFree:          120228 kB
Active:           348932 kB
Mem:          3.8G       3.7G       115M       5.7M        20M       3.3G

MemTotal:        4016004 kB
MemFree:          125848 kB
Active:           348924 kB
Mem:          3.8G       3.7G       121M       5.7M        20M       3.3G

MemTotal:        4016004 kB
MemFree:          128892 kB
Active:           348964 kB
Mem:          3.8G       3.7G       123M       5.7M        20M       3.3G

MemTotal:        4016004 kB
MemFree:          110508 kB
Active:           345716 kB
Mem:          3.8G       3.7G       104M       5.7M        20M       3.3G

MemTotal:        4016004 kB
MemFree:          137596 kB
Active:           345556 kB
Mem:          3.8G       3.7G       134M       5.7M        20M       3.2G

MemTotal:        4016004 kB
MemFree:          134336 kB
Active:           345536 kB
Mem:          3.8G       3.7G       130M       5.7M        20M       3.2G

MemTotal:        4016004 kB
MemFree:          130880 kB
Active:           345584 kB
Mem:          3.8G       3.7G       126M       5.7M        20M       3.3G

MemTotal:        4016004 kB
MemFree:          137060 kB
Active:           345592 kB
Mem:          3.8G       3.7G       130M       5.7M        20M       3.2G

MemTotal:        4016004 kB
MemFree:          133616 kB
Active:           345564 kB
Mem:          3.8G       3.7G       130M       5.7M        20M       3.3G

MemTotal:        4016004 kB
MemFree:          106424 kB
Active:           345584 kB
Mem:          3.8G       3.7G       103M       5.7M        20M       3.3G

MemTotal:        4016004 kB
MemFree:          117584 kB
Active:           345620 kB
Mem:          3.8G       3.7G       125M       5.7M        20M       3.3G

MemTotal:        4016004 kB
MemFree:          128408 kB
Active:           345612 kB
Mem:          3.8G       3.7G       125M       5.7M        20M       3.3G

MemTotal:        4016004 kB
MemFree:          128008 kB
Active:           345620 kB
Mem:          3.8G       3.7G       124M       5.7M        20M       3.3G

MemTotal:        4016004 kB
MemFree:          126568 kB
Active:           345624 kB
Mem:          3.8G       3.7G       123M       5.7M        20M       3.3G

MemTotal:        4016004 kB
MemFree:          122028 kB
Active:           345620 kB
Mem:          3.8G       3.7G       116M       5.7M        20M       3.3G

MemTotal:        4016004 kB
MemFree:          125228 kB
Active:           344340 kB
Mem:          3.8G       3.7G       117M       5.7M        20M       3.3G

MemTotal:        4016004 kB
MemFree:          127900 kB
Active:           344308 kB
Mem:          3.8G       3.7G       124M       5.7M        20M       3.3G

MemTotal:        4016004 kB
MemFree:          112288 kB
Active:           344276 kB
Mem:          3.8G       3.7G       109M       5.7M        20M       3.3G

MemTotal:        4016004 kB
MemFree:          125184 kB
Active:           344308 kB
Mem:          3.8G       3.7G       119M       5.7M        20M       3.3G

MemTotal:        4016004 kB
MemFree:          122620 kB
Active:           344344 kB
Mem:          3.8G       3.7G       120M       5.7M        20M       3.3G

MemTotal:        4016004 kB
MemFree:          119004 kB
Active:           344352 kB
Mem:          3.8G       3.7G       124M       5.7M        20M       3.3G

MemTotal:        4016004 kB
MemFree:          125316 kB
Active:           344352 kB
Mem:          3.8G       3.7G       121M       5.7M        20M       3.3G

MemTotal:        4016004 kB
MemFree:          123588 kB
Active:           344340 kB
Mem:          3.8G       3.7G       120M       5.7M        20M       3.3G

MemTotal:        4016004 kB
MemFree:          122536 kB
Active:           344364 kB
Mem:          3.8G       3.7G       119M       5.7M        20M       3.3G

MemTotal:        4016004 kB
MemFree:          126348 kB
Active:           344384 kB
Mem:          3.8G       3.7G       131M       5.7M        20M       3.2G

MemTotal:        4016004 kB
MemFree:          119432 kB
Active:           342652 kB
Mem:          3.8G       3.7G       113M       5.7M        20M       3.3G

MemTotal:        4016004 kB
MemFree:          148840 kB
Active:           344680 kB
Mem:          3.8G       3.7G       142M       5.7M        20M       3.2G

MemTotal:        4016004 kB
MemFree:          128328 kB
Active:           344684 kB
Mem:          3.8G       3.7G       122M       5.7M        20M       3.3G

MemTotal:        4016004 kB
MemFree:          138204 kB
Active:           344684 kB
Mem:          3.8G       3.7G       134M       5.7M        20M       3.2G

MemTotal:        4016004 kB
MemFree:          127188 kB
Active:           344648 kB
Mem:          3.8G       3.7G       144M       5.7M        20M       3.2G

MemTotal:        4016004 kB
MemFree:          138004 kB
Active:           344552 kB
Mem:          3.8G       3.7G       134M       5.7M        20M       3.2G

MemTotal:        4016004 kB
MemFree:          135432 kB
Active:           344448 kB
Mem:          3.8G       3.7G       131M       5.7M        20M       3.2G

MemTotal:        4016004 kB
MemFree:          141208 kB
Active:           342120 kB
Mem:          3.8G       3.7G       137M       5.7M        20M       3.2G

MemTotal:        4016004 kB
MemFree:          114592 kB
Active:           342076 kB
Mem:          3.8G       3.7G       112M       5.7M        20M       3.3G

MemTotal:        4016004 kB
MemFree:          113300 kB
Active:           342120 kB
Mem:          3.8G       3.7G       110M       5.7M        20M       3.3G

MemTotal:        4016004 kB
MemFree:          112340 kB
Active:           342120 kB
Mem:          3.8G       3.7G       109M       5.7M        20M       3.3G

MemTotal:        4016004 kB
MemFree:          109500 kB
Active:           344132 kB
Mem:          3.8G       3.7G       106M       5.7M        20M       3.3G

MemTotal:        4016004 kB
MemFree:          134564 kB
Active:           343264 kB
Mem:          3.8G       3.7G       128M       5.7M        20M       3.2G

MemTotal:        4016004 kB
MemFree:          131472 kB
Active:           343272 kB
Mem:          3.8G       3.7G       124M       5.7M        20M       3.2G

MemTotal:        4016004 kB
MemFree:          122364 kB
Active:           343272 kB
Mem:          3.8G       3.7G       130M       5.7M        20M       3.2G

MemTotal:        4016004 kB
MemFree:          130932 kB
Active:           343280 kB
Mem:          3.8G       3.7G       127M       5.7M        20M       3.2G

MemTotal:        4016004 kB
MemFree:          128156 kB
Active:           343296 kB
Mem:          3.8G       3.7G       124M       5.7M        20M       3.2G

MemTotal:        4016004 kB
MemFree:          131744 kB
Active:           343300 kB
Mem:          3.8G       3.7G       128M       5.7M        20M       3.2G

MemTotal:        4016004 kB
MemFree:          128196 kB
Active:           343300 kB
Mem:          3.8G       3.7G       124M       5.7M        20M       3.2G

MemTotal:        4016004 kB
MemFree:          128088 kB
Active:           343300 kB
Mem:          3.8G       3.7G       124M       5.7M        20M       3.2G

MemTotal:        4016004 kB
MemFree:          126500 kB
Active:           343312 kB
Mem:          3.8G       3.7G       123M       5.7M        20M       3.2G

MemTotal:        4016004 kB
MemFree:          125912 kB
Active:           343324 kB
Mem:          3.8G       3.7G       123M       5.7M        20M       3.2G

MemTotal:        4016004 kB
MemFree:          126536 kB
Active:           343288 kB
Mem:          3.8G       3.7G       123M       5.7M        20M       3.2G

MemTotal:        4016004 kB
MemFree:          119336 kB
Active:           343320 kB
Mem:          3.8G       3.7G       113M       5.7M        20M       3.3G

MemTotal:        4016004 kB
MemFree:          125472 kB
Active:           343224 kB
Mem:          3.8G       3.7G       119M       5.7M        20M       3.3G

MemTotal:        4016004 kB
MemFree:          128408 kB
Active:           343224 kB
Mem:          3.8G       3.7G       123M       5.7M        20M       3.2G

MemTotal:        4016004 kB
MemFree:          133236 kB
Active:           343236 kB
Mem:          3.8G       3.7G       127M       5.7M        20M       3.2G

MemTotal:        4016004 kB
MemFree:          134256 kB
Active:           343240 kB
Mem:          3.8G       3.7G       130M       5.7M        20M       3.2G

MemTotal:        4016004 kB
MemFree:          111528 kB
Active:           343240 kB
Mem:          3.8G       3.7G       108M       5.7M        20M       3.3G

MemTotal:        4016004 kB
MemFree:          132824 kB
Active:           343196 kB
Mem:          3.8G       3.7G       129M       5.7M        20M       3.2G

MemTotal:        4016004 kB
MemFree:          125400 kB
Active:           342936 kB
Mem:          3.8G       3.7G       122M       5.7M        20M       3.3G

MemTotal:        4016004 kB
MemFree:          125276 kB
Active:           342920 kB
Mem:          3.8G       3.7G       122M       5.7M        20M       3.3G

MemTotal:        4016004 kB
MemFree:          125276 kB
Active:           342928 kB
Mem:          3.8G       3.7G       122M       5.7M        20M       3.3G

MemTotal:        4016004 kB
MemFree:          124904 kB
Active:           342948 kB
Mem:          3.8G       3.7G       122M       5.7M        20M       3.3G

MemTotal:        4016004 kB
MemFree:          125276 kB
Active:           342928 kB
Mem:          3.8G       3.7G       122M       5.7M        20M       3.3G

MemTotal:        4016004 kB
MemFree:          124984 kB
Active:           342940 kB
Mem:          3.8G       3.7G       121M       5.7M        20M       3.3G

MemTotal:        4016004 kB
MemFree:          124488 kB
Active:           342960 kB
Mem:          3.8G       3.7G       121M       5.7M        20M       3.3G

MemTotal:        4016004 kB
MemFree:          124924 kB
Active:           342904 kB
Mem:          3.8G       3.7G       121M       5.7M        20M       3.3G

MemTotal:        4016004 kB
MemFree:          125032 kB
Active:           342944 kB
Mem:          3.8G       3.7G       122M       5.7M        20M       3.3G

MemTotal:        4016004 kB
MemFree:          125376 kB
Active:           342928 kB
Mem:          3.8G       3.7G       122M       5.7M        20M       3.3G

MemTotal:        4016004 kB
MemFree:          124880 kB
Active:           342968 kB
Mem:          3.8G       3.7G       121M       5.7M        20M       3.3G

MemTotal:        4016004 kB
MemFree:          124756 kB
Active:           342968 kB
Mem:          3.8G       3.7G       121M       5.7M        20M       3.3G

MemTotal:        4016004 kB
MemFree:          124756 kB
Active:           342968 kB
Mem:          3.8G       3.7G       121M       5.7M        20M       3.3G

MemTotal:        4016004 kB
MemFree:          124880 kB
Active:           342964 kB
Mem:          3.8G       3.7G       122M       5.7M        20M       3.3G

MemTotal:        4016004 kB
MemFree:          126156 kB
Active:           342528 kB
Mem:          3.8G       3.7G       123M       5.7M        20M       3.3G

MemTotal:        4016004 kB
MemFree:          126156 kB
Active:           342528 kB
Mem:          3.8G       3.7G       123M       5.7M        20M       3.3G

MemTotal:        4016004 kB
MemFree:          126280 kB
Active:           342532 kB
Mem:          3.8G       3.7G       123M       5.7M        20M       3.3G

MemTotal:        4016004 kB
MemFree:          126776 kB
Active:           342492 kB
Mem:          3.8G       3.7G       123M       5.7M        20M       3.3G

MemTotal:        4016004 kB
MemFree:          126652 kB
Active:           342468 kB
Mem:          3.8G       3.7G       123M       5.7M        20M       3.3G

MemTotal:        4016004 kB
MemFree:          126156 kB
Active:           342536 kB
Mem:          3.8G       3.7G       123M       5.7M        20M       3.3G

MemTotal:        4016004 kB
MemFree:          126528 kB
Active:           342516 kB
Mem:          3.8G       3.7G       123M       5.7M        20M       3.3G

MemTotal:        4016004 kB
MemFree:          126652 kB
Active:           342540 kB
Mem:          3.8G       3.7G       123M       5.7M        20M       3.3G

MemTotal:        4016004 kB
MemFree:          126528 kB
Active:           342548 kB
Mem:          3.8G       3.7G       123M       5.7M        20M       3.3G

MemTotal:        4016004 kB
MemFree:          126908 kB
Active:           342516 kB
Mem:          3.8G       3.7G       123M       5.7M        20M       3.3G

MemTotal:        4016004 kB
MemFree:          126908 kB
Active:           342544 kB
Mem:          3.8G       3.7G       124M       5.7M        20M       3.3G

MemTotal:        4016004 kB
MemFree:          127032 kB
Active:           342504 kB
Mem:          3.8G       3.7G       124M       5.7M        20M       3.3G

MemTotal:        4016004 kB
MemFree:          127032 kB
Active:           342544 kB
Mem:          3.8G       3.7G       124M       5.7M        20M       3.3G

MemTotal:        4016004 kB
MemFree:          127156 kB
Active:           342524 kB
Mem:          3.8G       3.7G       124M       5.7M        20M       3.3G

MemTotal:        4016004 kB
MemFree:          127156 kB
Active:           342556 kB
Mem:          3.8G       3.7G       123M       5.7M        20M       3.3G

MemTotal:        4016004 kB
MemFree:          126660 kB
Active:           342556 kB
Mem:          3.8G       3.7G       123M       5.7M        20M       3.3G

MemTotal:        4016004 kB
MemFree:          126536 kB
Active:           342532 kB
Mem:          3.8G       3.7G       123M       5.7M        20M       3.3G

MemTotal:        4016004 kB
MemFree:          126784 kB
Active:           342512 kB
Mem:          3.8G       3.7G       123M       5.7M        20M       3.3G

MemTotal:        4016004 kB
MemFree:          126412 kB
Active:           342536 kB
Mem:          3.8G       3.7G       123M       5.7M        20M       3.3G

MemTotal:        4016004 kB
MemFree:          126784 kB
Active:           342564 kB
Mem:          3.8G       3.7G       123M       5.7M        20M       3.3G

MemTotal:        4016004 kB
MemFree:          126660 kB
Active:           342536 kB
Mem:          3.8G       3.7G       123M       5.7M        20M       3.3G

MemTotal:        4016004 kB
MemFree:          126784 kB
Active:           342564 kB
Mem:          3.8G       3.7G       123M       5.7M        20M       3.3G

MemTotal:        4016004 kB
MemFree:          126660 kB
Active:           342528 kB
Mem:          3.8G       3.7G       123M       5.7M        20M       3.3G

MemTotal:        4016004 kB
MemFree:          126784 kB
Active:           342572 kB
Mem:          3.8G       3.7G       123M       5.7M        20M       3.3G

MemTotal:        4016004 kB
MemFree:          126660 kB
Active:           342552 kB
Mem:          3.8G       3.7G       123M       5.7M        20M       3.3G

MemTotal:        4016004 kB
MemFree:          126660 kB
Active:           342556 kB
Mem:          3.8G       3.7G       123M       5.7M        20M       3.3G

MemTotal:        4016004 kB
MemFree:          126544 kB
Active:           342572 kB
Mem:          3.8G       3.7G       123M       5.7M        20M       3.3G

MemTotal:        4016004 kB
MemFree:          126668 kB
Active:           342556 kB
Mem:          3.8G       3.7G       123M       5.7M        20M       3.3G

MemTotal:        4016004 kB
MemFree:          127040 kB
Active:           342576 kB
Mem:          3.8G       3.7G       123M       5.7M        20M       3.3G

MemTotal:        4016004 kB
MemFree:          126916 kB
Active:           342576 kB
Mem:          3.8G       3.7G       123M       5.7M        20M       3.3G

MemTotal:        4016004 kB
MemFree:          126792 kB
Active:           342540 kB
Mem:          3.8G       3.7G       123M       5.7M        20M       3.3G

MemTotal:        4016004 kB
MemFree:          126916 kB
Active:           342564 kB
Mem:          3.8G       3.7G       123M       5.7M        20M       3.3G

MemTotal:        4016004 kB
MemFree:          126544 kB
Active:           342592 kB
Mem:          3.8G       3.7G       123M       5.7M        20M       3.3G

MemTotal:        4016004 kB
MemFree:          126296 kB
Active:           342596 kB
Mem:          3.8G       3.7G       123M       5.7M        20M       3.3G

MemTotal:        4016004 kB
MemFree:          126436 kB
Active:           342540 kB
Mem:          3.8G       3.7G       123M       5.7M        20M       3.3G

MemTotal:        4016004 kB
MemFree:          126064 kB
Active:           342596 kB
Mem:          3.8G       3.7G       123M       5.7M        20M       3.3G

MemTotal:        4016004 kB
MemFree:          124388 kB
Active:           342572 kB
Mem:          3.8G       3.7G       121M       5.7M        20M       3.3G

MemTotal:        4016004 kB
MemFree:          124264 kB
Active:           342548 kB
Mem:          3.8G       3.7G       121M       5.7M        20M       3.3G

MemTotal:        4016004 kB
MemFree:          124388 kB
Active:           342564 kB
Mem:          3.8G       3.7G       121M       5.7M        20M       3.3G

MemTotal:        4016004 kB
MemFree:          124016 kB
Active:           344664 kB
Mem:          3.8G       3.7G       121M       5.7M        20M       3.3G

MemTotal:        4016004 kB
MemFree:          124140 kB
Active:           344660 kB
Mem:          3.8G       3.7G       121M       5.7M        20M       3.3G

MemTotal:        4016004 kB
MemFree:          124760 kB
Active:           344644 kB
Mem:          3.8G       3.7G       121M       5.7M        20M       3.3G

MemTotal:        4016004 kB
MemFree:          124264 kB
Active:           344672 kB
Mem:          3.8G       3.7G       121M       5.7M        20M       3.3G

MemTotal:        4016004 kB
MemFree:          124760 kB
Active:           344624 kB
Mem:          3.8G       3.7G       121M       5.7M        20M       3.3G

MemTotal:        4016004 kB
MemFree:          124884 kB
Active:           344660 kB
Mem:          3.8G       3.7G       121M       5.7M        20M       3.3G

MemTotal:        4016004 kB
MemFree:          124652 kB
Active:           344636 kB
Mem:          3.8G       3.7G       121M       5.7M        20M       3.3G

MemTotal:        4016004 kB
MemFree:          124156 kB
Active:           344680 kB
Mem:          3.8G       3.7G       121M       5.7M        20M       3.3G

MemTotal:        4016004 kB
MemFree:          124404 kB
Active:           344668 kB
Mem:          3.8G       3.7G       121M       5.7M        20M       3.3G

MemTotal:        4016004 kB
MemFree:          124776 kB
Active:           344632 kB
Mem:          3.8G       3.7G       121M       5.7M        20M       3.3G

MemTotal:        4016004 kB
MemFree:          124156 kB
Active:           344680 kB
Mem:          3.8G       3.7G       121M       5.7M        20M       3.3G

MemTotal:        4016004 kB
MemFree:          124280 kB
Active:           344652 kB
Mem:          3.8G       3.7G       121M       5.7M        20M       3.3G

MemTotal:        4016004 kB
MemFree:          124156 kB
Active:           344668 kB
Mem:          3.8G       3.7G       121M       5.7M        20M       3.3G

MemTotal:        4016004 kB
MemFree:          124776 kB
Active:           344628 kB
Mem:          3.8G       3.7G       121M       5.7M        20M       3.3G

MemTotal:        4016004 kB
MemFree:          124404 kB
Active:           344680 kB
Mem:          3.8G       3.7G       121M       5.7M        20M       3.3G

MemTotal:        4016004 kB
MemFree:          124528 kB
Active:           344660 kB
Mem:          3.8G       3.7G       121M       5.7M        20M       3.3G

MemTotal:        4016004 kB
MemFree:          124528 kB
Active:           344668 kB
Mem:          3.8G       3.7G       121M       5.7M        20M       3.3G

MemTotal:        4016004 kB
MemFree:          124280 kB
Active:           344688 kB
Mem:          3.8G       3.7G       121M       5.7M        20M       3.3G

MemTotal:        4016004 kB
MemFree:          124528 kB
Active:           344632 kB
Mem:          3.8G       3.7G       121M       5.7M        20M       3.3G

MemTotal:        4016004 kB
MemFree:          124280 kB
Active:           344652 kB
Mem:          3.8G       3.7G       121M       5.7M        20M       3.3G

MemTotal:        4016004 kB
MemFree:          124404 kB
Active:           344644 kB
Mem:          3.8G       3.7G       121M       5.7M        20M       3.3G

MemTotal:        4016004 kB
MemFree:          123784 kB
Active:           344700 kB
Mem:          3.8G       3.7G       121M       5.7M        20M       3.3G

MemTotal:        4016004 kB
MemFree:          124280 kB
Active:           344656 kB
Mem:          3.8G       3.7G       121M       5.7M        20M       3.3G

MemTotal:        4016004 kB
MemFree:          124156 kB
Active:           344676 kB
Mem:          3.8G       3.7G       121M       5.7M        20M       3.3G

MemTotal:        4016004 kB
MemFree:          123784 kB
Active:           344700 kB
Mem:          3.8G       3.7G       121M       5.7M        20M       3.3G

MemTotal:        4016004 kB
MemFree:          124032 kB
Active:           344656 kB
Mem:          3.8G       3.7G       121M       5.7M        20M       3.3G

MemTotal:        4016004 kB
MemFree:          124280 kB
Active:           344692 kB
Mem:          3.8G       3.7G       121M       5.7M        20M       3.3G

MemTotal:        4016004 kB
MemFree:          124404 kB
Active:           344656 kB
Mem:          3.8G       3.7G       121M       5.7M        20M       3.3G

MemTotal:        4016004 kB
MemFree:          124528 kB
Active:           344644 kB
Mem:          3.8G       3.7G       121M       5.7M        20M       3.3G

MemTotal:        4016004 kB
MemFree:          124404 kB
Active:           344672 kB
Mem:          3.8G       3.7G       121M       5.7M        20M       3.3G

MemTotal:        4016004 kB
MemFree:          124528 kB
Active:           344680 kB
Mem:          3.8G       3.7G       121M       5.7M        20M       3.3G

MemTotal:        4016004 kB
MemFree:          124032 kB
Active:           344704 kB
Mem:          3.8G       3.7G       121M       5.7M        20M       3.3G

MemTotal:        4016004 kB
MemFree:          123908 kB
Active:           344704 kB
Mem:          3.8G       3.7G       121M       5.7M        20M       3.3G

MemTotal:        4016004 kB
MemFree:          124528 kB
Active:           344652 kB
Mem:          3.8G       3.7G       121M       5.7M        20M       3.3G

MemTotal:        4016004 kB
MemFree:          124528 kB
Active:           344664 kB
Mem:          3.8G       3.7G       121M       5.7M        20M       3.3G

MemTotal:        4016004 kB
MemFree:          124900 kB
Active:           344676 kB
Mem:          3.8G       3.7G       121M       5.7M        20M       3.3G

MemTotal:        4016004 kB
MemFree:          124900 kB
Active:           344656 kB
Mem:          3.8G       3.7G       121M       5.7M        20M       3.3G

MemTotal:        4016004 kB
MemFree:          124280 kB
Active:           344680 kB
Mem:          3.8G       3.7G       121M       5.7M        20M       3.3G

MemTotal:        4016004 kB
MemFree:          124404 kB
Active:           344656 kB
Mem:          3.8G       3.7G       121M       5.7M        20M       3.3G

MemTotal:        4016004 kB
MemFree:          123908 kB
Active:           344672 kB
Mem:          3.8G       3.7G       121M       5.7M        20M       3.3G

MemTotal:        4016004 kB
MemFree:          124032 kB
Active:           344708 kB
Mem:          3.8G       3.7G       121M       5.7M        20M       3.3G

MemTotal:        4016004 kB
MemFree:          124156 kB
Active:           344680 kB
Mem:          3.8G       3.7G       121M       5.7M        20M       3.3G

MemTotal:        4016004 kB
MemFree:          123660 kB
Active:           344712 kB
Mem:          3.8G       3.7G       121M       5.7M        20M       3.3G

MemTotal:        4016004 kB
MemFree:          124404 kB
Active:           344704 kB
Mem:          3.8G       3.7G       121M       5.7M        20M       3.3G

MemTotal:        4016004 kB
MemFree:          124528 kB
Active:           344672 kB
Mem:          3.8G       3.7G       121M       5.7M        20M       3.3G

MemTotal:        4016004 kB
MemFree:          124404 kB
Active:           344684 kB
Mem:          3.8G       3.7G       121M       5.7M        20M       3.3G

MemTotal:        4016004 kB
MemFree:          124776 kB
Active:           344692 kB
Mem:          3.8G       3.7G       121M       5.7M        20M       3.3G

MemTotal:        4016004 kB
MemFree:          125024 kB
Active:           344668 kB
Mem:          3.8G       3.7G       121M       5.7M        20M       3.3G

MemTotal:        4016004 kB
MemFree:          124528 kB
Active:           344716 kB
Mem:          3.8G       3.7G       121M       5.7M        20M       3.3G

MemTotal:        4016004 kB
MemFree:          124528 kB
Active:           344672 kB
Mem:          3.8G       3.7G       121M       5.7M        20M       3.3G

MemTotal:        4016004 kB
MemFree:          124528 kB
Active:           344688 kB
Mem:          3.8G       3.7G       121M       5.7M        20M       3.3G

MemTotal:        4016004 kB
MemFree:          124280 kB
Active:           344732 kB
Mem:          3.8G       3.7G       121M       5.7M        20M       3.3G

MemTotal:        4016004 kB
MemFree:          124404 kB
Active:           344712 kB
Mem:          3.8G       3.7G       121M       5.7M        20M       3.3G

MemTotal:        4016004 kB
MemFree:          123784 kB
Active:           344736 kB
Mem:          3.8G       3.7G       121M       5.7M        20M       3.3G

MemTotal:        4016004 kB
MemFree:          124404 kB
Active:           344740 kB
Mem:          3.8G       3.7G       121M       5.7M        20M       3.3G

MemTotal:        4016004 kB
MemFree:          124404 kB
Active:           344740 kB
Mem:          3.8G       3.7G       121M       5.7M        20M       3.3G

MemTotal:        4016004 kB
MemFree:          124280 kB
Active:           344700 kB
Mem:          3.8G       3.7G       121M       5.7M        20M       3.3G

MemTotal:        4016004 kB
MemFree:          124528 kB
Active:           344720 kB
Mem:          3.8G       3.7G       121M       5.7M        20M       3.3G

MemTotal:        4016004 kB
MemFree:          124528 kB
Active:           344736 kB
Mem:          3.8G       3.7G       121M       5.7M        20M       3.3G

MemTotal:        4016004 kB
MemFree:          124280 kB
Active:           344700 kB
Mem:          3.8G       3.7G       121M       5.7M        20M       3.3G

MemTotal:        4016004 kB
MemFree:          124156 kB
Active:           344704 kB
Mem:          3.8G       3.7G       120M       5.7M        20M       3.3G

MemTotal:        4016004 kB
MemFree:          124032 kB
Active:           344724 kB
Mem:          3.8G       3.7G       121M       5.7M        20M       3.3G

MemTotal:        4016004 kB
MemFree:          124032 kB
Active:           344728 kB
Mem:          3.8G       3.7G       121M       5.7M        20M       3.3G

MemTotal:        4016004 kB
MemFree:          124404 kB
Active:           344752 kB
Mem:          3.8G       3.7G       121M       5.7M        20M       3.3G

MemTotal:        4016004 kB
MemFree:          124776 kB
Active:           344728 kB
Mem:          3.8G       3.7G       121M       5.7M        20M       3.3G

MemTotal:        4016004 kB
MemFree:          124280 kB
Active:           344736 kB
Mem:          3.8G       3.7G       121M       5.7M        20M       3.3G

MemTotal:        4016004 kB
MemFree:          124280 kB
Active:           344752 kB
Mem:          3.8G       3.7G       121M       5.7M        20M       3.3G

MemTotal:        4016004 kB
MemFree:          124156 kB
Active:           344732 kB
Mem:          3.8G       3.7G       121M       5.7M        20M       3.3G

MemTotal:        4016004 kB
MemFree:          123908 kB
Active:           344756 kB
Mem:          3.8G       3.7G       120M       5.7M        20M       3.3G

MemTotal:        4016004 kB
MemFree:          124032 kB
Active:           344756 kB
Mem:          3.8G       3.7G       121M       5.7M        20M       3.3G

MemTotal:        4016004 kB
MemFree:          124032 kB
Active:           344756 kB
Mem:          3.8G       3.7G       121M       5.7M        20M       3.3G

MemTotal:        4016004 kB
MemFree:          124280 kB
Active:           344720 kB
Mem:          3.8G       3.7G       121M       5.7M        20M       3.3G

MemTotal:        4016004 kB
MemFree:          124032 kB
Active:           344764 kB
Mem:          3.8G       3.7G       121M       5.7M        20M       3.3G

MemTotal:        4016004 kB
MemFree:          124776 kB
Active:           344712 kB
Mem:          3.8G       3.7G       121M       5.7M        20M       3.3G

MemTotal:        4016004 kB
MemFree:          124900 kB
Active:           344716 kB
Mem:          3.8G       3.7G       121M       5.7M        20M       3.3G

MemTotal:        4016004 kB
MemFree:          124776 kB
Active:           344740 kB
Mem:          3.8G       3.7G       121M       5.7M        20M       3.3G

MemTotal:        4016004 kB
MemFree:          124528 kB
Active:           344728 kB
Mem:          3.8G       3.7G       121M       5.7M        20M       3.3G

MemTotal:        4016004 kB
MemFree:          124280 kB
Active:           344768 kB
Mem:          3.8G       3.7G       121M       5.7M        20M       3.3G

MemTotal:        4016004 kB
MemFree:          124156 kB
Active:           344740 kB
Mem:          3.8G       3.7G       121M       5.7M        20M       3.3G

MemTotal:        4016004 kB
MemFree:          124280 kB
Active:           344760 kB
Mem:          3.8G       3.7G       121M       5.7M        20M       3.3G

MemTotal:        4016004 kB
MemFree:          124404 kB
Active:           344732 kB
Mem:          3.8G       3.7G       121M       5.7M        20M       3.3G

MemTotal:        4016004 kB
MemFree:          124404 kB
Active:           344752 kB
Mem:          3.8G       3.7G       121M       5.7M        20M       3.3G

MemTotal:        4016004 kB
MemFree:          124528 kB
Active:           344732 kB
Mem:          3.8G       3.7G       121M       5.7M        20M       3.3G

MemTotal:        4016004 kB
MemFree:          124280 kB
Active:           344764 kB
Mem:          3.8G       3.7G       121M       5.7M        20M       3.3G

MemTotal:        4016004 kB
MemFree:          124156 kB
Active:           344728 kB
Mem:          3.8G       3.7G       121M       5.7M        20M       3.3G

MemTotal:        4016004 kB
MemFree:          124280 kB
Active:           344760 kB
Mem:          3.8G       3.7G       121M       5.7M        20M       3.3G

MemTotal:        4016004 kB
MemFree:          124156 kB
Active:           344792 kB
Mem:          3.8G       3.7G       121M       5.7M        20M       3.3G

MemTotal:        4016004 kB
MemFree:          124280 kB
Active:           344764 kB
Mem:          3.8G       3.7G       121M       5.7M        20M       3.3G

MemTotal:        4016004 kB
MemFree:          124652 kB
Active:           344784 kB
Mem:          3.8G       3.7G       121M       5.7M        20M       3.3G

MemTotal:        4016004 kB
MemFree:          124900 kB
Active:           344760 kB
Mem:          3.8G       3.7G       121M       5.7M        20M       3.3G

MemTotal:        4016004 kB
MemFree:          124528 kB
Active:           344800 kB
Mem:          3.8G       3.7G       121M       5.7M        20M       3.3G

MemTotal:        4016004 kB
MemFree:          124280 kB
Active:           344800 kB
Mem:          3.8G       3.7G       121M       5.7M        20M       3.3G

MemTotal:        4016004 kB
MemFree:          124652 kB
Active:           344780 kB
Mem:          3.8G       3.7G       121M       5.7M        20M       3.3G

MemTotal:        4016004 kB
MemFree:          124528 kB
Active:           344748 kB
Mem:          3.8G       3.7G       121M       5.7M        20M       3.3G

MemTotal:        4016004 kB
MemFree:          124280 kB
Active:           344764 kB
Mem:          3.8G       3.7G       121M       5.7M        20M       3.3G

MemTotal:        4016004 kB
MemFree:          124404 kB
Active:           344772 kB
Mem:          3.8G       3.7G       121M       5.7M        20M       3.3G

MemTotal:        4016004 kB
MemFree:          124404 kB
Active:           344800 kB
Mem:          3.8G       3.7G       121M       5.7M        20M       3.3G

MemTotal:        4016004 kB
MemFree:          124280 kB
Active:           344772 kB
Mem:          3.8G       3.7G       121M       5.7M        20M       3.3G

MemTotal:        4016004 kB
MemFree:          124528 kB
Active:           344800 kB
Mem:          3.8G       3.7G       121M       5.7M        20M       3.3G

MemTotal:        4016004 kB
MemFree:          124404 kB
Active:           344776 kB
Mem:          3.8G       3.7G       121M       5.7M        20M       3.3G

MemTotal:        4016004 kB
MemFree:          124280 kB
Active:           344808 kB
Mem:          3.8G       3.7G       121M       5.7M        20M       3.3G

MemTotal:        4016004 kB
MemFree:          124404 kB
Active:           344792 kB
Mem:          3.8G       3.7G       121M       5.7M        20M       3.3G

MemTotal:        4016004 kB
MemFree:          124404 kB
Active:           344768 kB
Mem:          3.8G       3.7G       121M       5.7M        20M       3.3G

MemTotal:        4016004 kB
MemFree:          124156 kB
Active:           344776 kB
Mem:          3.8G       3.7G       120M       5.7M        20M       3.3G

MemTotal:        4016004 kB
MemFree:          124032 kB
Active:           344804 kB
Mem:          3.8G       3.7G       121M       5.7M        20M       3.3G

MemTotal:        4016004 kB
MemFree:          124404 kB
Active:           344768 kB
Mem:          3.8G       3.7G       121M       5.7M        20M       3.3G

MemTotal:        4016004 kB
MemFree:          124528 kB
Active:           344788 kB
Mem:          3.8G       3.7G       121M       5.7M        20M       3.3G

MemTotal:        4016004 kB
MemFree:          124404 kB
Active:           344776 kB
Mem:          3.8G       3.7G       121M       5.7M        20M       3.3G

MemTotal:        4016004 kB
MemFree:          124528 kB
Active:           344816 kB
Mem:          3.8G       3.7G       121M       5.7M        20M       3.3G

MemTotal:        4016004 kB
MemFree:          124280 kB
Active:           344812 kB
Mem:          3.8G       3.7G       121M       5.7M        20M       3.3G

MemTotal:        4016004 kB
MemFree:          124404 kB
Active:           344836 kB
Mem:          3.8G       3.7G       121M       5.7M        20M       3.3G

MemTotal:        4016004 kB
MemFree:          124652 kB
Active:           344804 kB
Mem:          3.8G       3.7G       121M       5.7M        20M       3.3G

MemTotal:        4016004 kB
MemFree:          124652 kB
Active:           344808 kB
Mem:          3.8G       3.7G       121M       5.7M        20M       3.3G

MemTotal:        4016004 kB
MemFree:          124652 kB
Active:           344824 kB
Mem:          3.8G       3.7G       121M       5.7M        20M       3.3G

MemTotal:        4016004 kB
MemFree:          124528 kB
Active:           344848 kB
Mem:          3.8G       3.7G       121M       5.7M        20M       3.3G

MemTotal:        4016004 kB
MemFree:          123984 kB
Active:           345588 kB
Mem:          3.8G       3.7G       120M       5.7M        20M       3.3G

MemTotal:        4016004 kB
MemFree:          115224 kB
Active:           352608 kB
Mem:          3.8G       3.7G       112M       5.7M        28M       3.3G

MemTotal:        4016004 kB
MemFree:          115460 kB
Active:           352592 kB
Mem:          3.8G       3.7G       112M       5.7M        28M       3.3G

MemTotal:        4016004 kB
MemFree:          115212 kB
Active:           352608 kB
Mem:          3.8G       3.7G       112M       5.7M        28M       3.3G

MemTotal:        4016004 kB
MemFree:          115460 kB
Active:           352600 kB
Mem:          3.8G       3.7G       112M       5.7M        28M       3.3G

MemTotal:        4016004 kB
MemFree:          115460 kB
Active:           352552 kB
Mem:          3.8G       3.7G       112M       5.7M        28M       3.3G

MemTotal:        4016004 kB
MemFree:          115336 kB
Active:           352564 kB
Mem:          3.8G       3.7G       112M       5.7M        28M       3.3G

MemTotal:        4016004 kB
MemFree:          115336 kB
Active:           352592 kB
Mem:          3.8G       3.7G       112M       5.7M        28M       3.3G

MemTotal:        4016004 kB
MemFree:          115460 kB
Active:           352564 kB
Mem:          3.8G       3.7G       112M       5.7M        28M       3.3G

MemTotal:        4016004 kB
MemFree:          115212 kB
Active:           352592 kB
Mem:          3.8G       3.7G       112M       5.7M        28M       3.3G

MemTotal:        4016004 kB
MemFree:          115088 kB
Active:           352620 kB
Mem:          3.8G       3.7G       112M       5.7M        28M       3.3G

MemTotal:        4016004 kB
MemFree:          115460 kB
Active:           352604 kB
Mem:          3.8G       3.7G       112M       5.7M        28M       3.3G

MemTotal:        4016004 kB
MemFree:          115104 kB
Active:           352624 kB
Mem:          3.8G       3.7G       112M       5.7M        28M       3.3G

MemTotal:        4016004 kB
MemFree:          115352 kB
Active:           352600 kB
Mem:          3.8G       3.7G       112M       5.7M        28M       3.3G

MemTotal:        4016004 kB
MemFree:          115228 kB
Active:           352612 kB
Mem:          3.8G       3.7G       112M       5.7M        28M       3.3G

MemTotal:        4016004 kB
MemFree:          115104 kB
Active:           352696 kB
Mem:          3.8G       3.7G       112M       5.7M        28M       3.3G

MemTotal:        4016004 kB
MemFree:          115104 kB
Active:           352864 kB
Mem:          3.8G       3.7G       112M       5.7M        28M       3.3G

MemTotal:        4016004 kB
MemFree:          115212 kB
Active:           352736 kB
Mem:          3.8G       3.7G       112M       5.7M        28M       3.3G

MemTotal:        4016004 kB
MemFree:          114840 kB
Active:           352732 kB
Mem:          3.8G       3.7G       112M       5.7M        28M       3.3G

MemTotal:        4016004 kB
MemFree:          114964 kB
Active:           352760 kB
Mem:          3.8G       3.7G       112M       5.7M        28M       3.3G

