MemTotal:        4016004 kB
MemFree:         3236920 kB
Active:           424052 kB
Mem:          3.8G       760M       3.1G       5.7M        55M       319M

MemTotal:        4016004 kB
MemFree:         3237404 kB
Active:           424004 kB
Mem:          3.8G       760M       3.1G       5.7M        55M       319M

MemTotal:        4016004 kB
MemFree:         3237404 kB
Active:           424120 kB
Mem:          3.8G       760M       3.1G       5.7M        55M       319M

MemTotal:        4016004 kB
MemFree:         3237404 kB
Active:           424096 kB
Mem:          3.8G       760M       3.1G       5.7M        55M       319M

MemTotal:        4016004 kB
MemFree:         3237388 kB
Active:           424080 kB
Mem:          3.8G       760M       3.1G       5.7M        55M       319M

MemTotal:        4016004 kB
MemFree:         3237124 kB
Active:           424124 kB
Mem:          3.8G       760M       3.1G       5.7M        55M       319M

MemTotal:        4016004 kB
MemFree:         3236740 kB
Active:           422108 kB
Mem:          3.8G       760M       3.1G       5.7M        55M       319M

MemTotal:        4016004 kB
MemFree:         3236724 kB
Active:           424156 kB
Mem:          3.8G       761M       3.1G       5.7M        55M       319M

MemTotal:        4016004 kB
MemFree:         3237204 kB
Active:           424124 kB
Mem:          3.8G       760M       3.1G       5.7M        55M       319M

MemTotal:        4016004 kB
MemFree:         3237064 kB
Active:           424104 kB
Mem:          3.8G       760M       3.1G       5.7M        55M       319M

MemTotal:        4016004 kB
MemFree:         3236800 kB
Active:           424152 kB
Mem:          3.8G       760M       3.1G       5.7M        55M       319M

MemTotal:        4016004 kB
MemFree:         3236908 kB
Active:           424152 kB
Mem:          3.8G       761M       3.1G       5.7M        55M       319M

MemTotal:        4016004 kB
MemFree:         3236768 kB
Active:           424148 kB
Mem:          3.8G       760M       3.1G       5.7M        55M       319M

MemTotal:        4016004 kB
MemFree:         3236768 kB
Active:           424160 kB
Mem:          3.8G       760M       3.1G       5.7M        55M       319M

MemTotal:        4016004 kB
MemFree:         3237080 kB
Active:           424152 kB
Mem:          3.8G       760M       3.1G       5.7M        55M       319M

MemTotal:        4016004 kB
MemFree:         3236616 kB
Active:           424164 kB
Mem:          3.8G       760M       3.1G       5.7M        55M       319M

MemTotal:        4016004 kB
MemFree:         3236428 kB
Active:           422116 kB
Mem:          3.8G       761M       3.1G       5.7M        55M       319M

MemTotal:        4016004 kB
MemFree:         3236924 kB
Active:           424160 kB
Mem:          3.8G       760M       3.1G       5.7M        55M       319M

MemTotal:        4016004 kB
MemFree:         3236800 kB
Active:           424144 kB
Mem:          3.8G       760M       3.1G       5.7M        55M       319M

MemTotal:        4016004 kB
MemFree:         3236800 kB
Active:           424164 kB
Mem:          3.8G       760M       3.1G       5.7M        55M       319M

MemTotal:        4016004 kB
MemFree:         3237156 kB
Active:           424144 kB
Mem:          3.8G       760M       3.1G       5.7M        55M       319M

MemTotal:        4016004 kB
MemFree:         3236768 kB
Active:           424172 kB
Mem:          3.8G       760M       3.1G       5.7M        55M       319M

MemTotal:        4016004 kB
MemFree:         3237128 kB
Active:           424160 kB
Mem:          3.8G       760M       3.1G       5.7M        55M       319M

MemTotal:        4016004 kB
MemFree:         3236756 kB
Active:           424172 kB
Mem:          3.8G       760M       3.1G       5.7M        55M       319M

MemTotal:        4016004 kB
MemFree:         3237252 kB
Active:           424148 kB
Mem:          3.8G       760M       3.1G       5.7M        55M       319M

MemTotal:        4016004 kB
MemFree:         3237344 kB
Active:           424140 kB
Mem:          3.8G       760M       3.1G       5.7M        55M       319M

MemTotal:        4016004 kB
MemFree:         3236956 kB
Active:           424136 kB
Mem:          3.8G       760M       3.1G       5.7M        55M       319M

MemTotal:        4016004 kB
MemFree:         3237188 kB
Active:           424168 kB
Mem:          3.8G       760M       3.1G       5.7M        55M       319M

MemTotal:        4016004 kB
MemFree:         3237048 kB
Active:           424144 kB
Mem:          3.8G       760M       3.1G       5.7M        55M       319M

MemTotal:        4016004 kB
MemFree:         3237296 kB
Active:           424140 kB
Mem:          3.8G       760M       3.1G       5.7M        55M       319M

MemTotal:        4016004 kB
MemFree:         3236784 kB
Active:           424184 kB
Mem:          3.8G       760M       3.1G       5.7M        55M       319M

MemTotal:        4016004 kB
MemFree:         3237140 kB
Active:           424156 kB
Mem:          3.8G       760M       3.1G       5.7M        55M       319M

MemTotal:        4016004 kB
MemFree:         3237124 kB
Active:           424164 kB
Mem:          3.8G       760M       3.1G       5.7M        55M       319M

MemTotal:        4016004 kB
MemFree:         3236736 kB
Active:           424196 kB
Mem:          3.8G       761M       3.1G       5.7M        55M       319M

MemTotal:        4016004 kB
MemFree:         3236612 kB
Active:           424196 kB
Mem:          3.8G       761M       3.1G       5.7M        55M       319M

MemTotal:        4016004 kB
MemFree:         3236348 kB
Active:           424204 kB
Mem:          3.8G       761M       3.1G       5.7M        55M       319M

MemTotal:        4016004 kB
MemFree:         3236516 kB
Active:           422104 kB
Mem:          3.8G       760M       3.1G       5.7M        55M       319M

MemTotal:        4016004 kB
MemFree:         3236500 kB
Active:           424208 kB
Mem:          3.8G       761M       3.1G       5.7M        55M       319M

MemTotal:        4016004 kB
MemFree:         3237104 kB
Active:           424160 kB
Mem:          3.8G       760M       3.1G       5.7M        55M       319M

MemTotal:        4016004 kB
MemFree:         3236964 kB
Active:           424188 kB
Mem:          3.8G       760M       3.1G       5.7M        55M       319M

MemTotal:        4016004 kB
MemFree:         3236948 kB
Active:           424180 kB
Mem:          3.8G       760M       3.1G       5.7M        55M       319M

MemTotal:        4016004 kB
MemFree:         3237056 kB
Active:           424180 kB
Mem:          3.8G       761M       3.1G       5.7M        55M       319M

MemTotal:        4016004 kB
MemFree:         3236904 kB
Active:           424184 kB
Mem:          3.8G       761M       3.1G       5.7M        55M       319M

MemTotal:        4016004 kB
MemFree:         3237028 kB
Active:           424212 kB
Mem:          3.8G       760M       3.1G       5.7M        55M       319M

MemTotal:        4016004 kB
MemFree:         3237152 kB
Active:           424192 kB
Mem:          3.8G       760M       3.1G       5.7M        55M       319M

MemTotal:        4016004 kB
MemFree:         3236532 kB
Active:           424220 kB
Mem:          3.8G       761M       3.1G       5.7M        55M       319M

MemTotal:        4016004 kB
MemFree:         3236840 kB
Active:           424188 kB
Mem:          3.8G       760M       3.1G       5.7M        55M       319M

MemTotal:        4016004 kB
MemFree:         3236592 kB
Active:           424220 kB
Mem:          3.8G       761M       3.1G       5.7M        55M       319M

MemTotal:        4016004 kB
MemFree:         3236328 kB
Active:           424228 kB
Mem:          3.8G       761M       3.1G       5.7M        55M       319M

MemTotal:        4016004 kB
MemFree:         3236700 kB
Active:           424188 kB
Mem:          3.8G       761M       3.1G       5.7M        55M       319M

MemTotal:        4016004 kB
MemFree:         3237056 kB
Active:           424216 kB
Mem:          3.8G       760M       3.1G       5.7M        55M       319M

MemTotal:        4016004 kB
MemFree:         3236544 kB
Active:           424232 kB
Mem:          3.8G       761M       3.1G       5.7M        55M       319M

MemTotal:        4016004 kB
MemFree:         3237024 kB
Active:           424200 kB
Mem:          3.8G       760M       3.1G       5.7M        55M       319M

MemTotal:        4016004 kB
MemFree:         3237008 kB
Active:           424196 kB
Mem:          3.8G       760M       3.1G       5.7M        55M       319M

MemTotal:        4016004 kB
MemFree:         3236620 kB
Active:           424252 kB
Mem:          3.8G       761M       3.1G       5.7M        55M       319M

MemTotal:        4016004 kB
MemFree:         3236980 kB
Active:           424200 kB
Mem:          3.8G       760M       3.1G       5.7M        55M       319M

MemTotal:        4016004 kB
MemFree:         3236980 kB
Active:           424228 kB
Mem:          3.8G       760M       3.1G       5.7M        55M       319M

MemTotal:        4016004 kB
MemFree:         3236980 kB
Active:           424200 kB
Mem:          3.8G       760M       3.1G       5.7M        55M       319M

MemTotal:        4016004 kB
MemFree:         3236856 kB
Active:           424260 kB
Mem:          3.8G       761M       3.1G       5.7M        55M       319M

MemTotal:        4016004 kB
MemFree:         3236484 kB
Active:           424264 kB
Mem:          3.8G       761M       3.1G       5.7M        55M       319M

MemTotal:        4016004 kB
MemFree:         3236856 kB
Active:           424224 kB
Mem:          3.8G       761M       3.1G       5.7M        55M       319M

MemTotal:        4016004 kB
MemFree:         3236964 kB
Active:           424256 kB
Mem:          3.8G       760M       3.1G       5.7M        55M       319M

MemTotal:        4016004 kB
MemFree:         3236576 kB
Active:           424264 kB
Mem:          3.8G       761M       3.1G       5.7M        55M       319M

MemTotal:        4016004 kB
MemFree:         3236808 kB
Active:           424232 kB
Mem:          3.8G       760M       3.1G       5.7M        55M       319M

MemTotal:        4016004 kB
MemFree:         3236792 kB
Active:           424216 kB
Mem:          3.8G       760M       3.1G       5.7M        55M       319M

MemTotal:        4016004 kB
MemFree:         3236776 kB
Active:           424256 kB
Mem:          3.8G       760M       3.1G       5.7M        55M       319M

MemTotal:        4016004 kB
MemFree:         3234340 kB
Active:           424248 kB
Mem:          3.8G       763M       3.1G       5.7M        55M       319M

MemTotal:        4016004 kB
MemFree:         3234448 kB
Active:           426276 kB
Mem:          3.8G       763M       3.1G       5.7M        55M       319M

MemTotal:        4016004 kB
MemFree:         3233924 kB
Active:           426296 kB
Mem:          3.8G       763M       3.1G       5.7M        55M       319M

MemTotal:        4016004 kB
MemFree:         3234668 kB
Active:           426260 kB
Mem:          3.8G       763M       3.1G       5.7M        55M       319M

MemTotal:        4016004 kB
MemFree:         3234792 kB
Active:           426284 kB
Mem:          3.8G       762M       3.1G       5.7M        55M       319M

MemTotal:        4016004 kB
MemFree:         3234296 kB
Active:           426300 kB
Mem:          3.8G       763M       3.1G       5.7M        55M       319M

MemTotal:        4016004 kB
MemFree:         3234668 kB
Active:           426256 kB
Mem:          3.8G       763M       3.1G       5.7M        55M       319M

MemTotal:        4016004 kB
MemFree:         3234420 kB
Active:           426300 kB
Mem:          3.8G       762M       3.1G       5.7M        55M       319M

MemTotal:        4016004 kB
MemFree:         3234916 kB
Active:           426284 kB
Mem:          3.8G       762M       3.1G       5.7M        55M       319M

MemTotal:        4016004 kB
MemFree:         3234544 kB
Active:           426300 kB
Mem:          3.8G       763M       3.1G       5.7M        55M       319M

MemTotal:        4016004 kB
MemFree:         3234040 kB
Active:           424352 kB
Mem:          3.8G       763M       3.1G       5.7M        55M       319M

MemTotal:        4016004 kB
MemFree:         3234164 kB
Active:           426364 kB
Mem:          3.8G       763M       3.1G       5.7M        55M       319M

MemTotal:        4016004 kB
MemFree:         3234148 kB
Active:           426384 kB
Mem:          3.8G       763M       3.1G       5.7M        55M       319M

MemTotal:        4016004 kB
MemFree:         3233760 kB
Active:           426400 kB
Mem:          3.8G       763M       3.1G       5.7M        55M       319M

MemTotal:        4016004 kB
MemFree:         3233992 kB
Active:           426392 kB
Mem:          3.8G       763M       3.1G       5.7M        55M       319M

MemTotal:        4016004 kB
MemFree:         3234740 kB
Active:           426356 kB
Mem:          3.8G       763M       3.1G       5.7M        55M       319M

MemTotal:        4016004 kB
MemFree:         3234616 kB
Active:           426384 kB
Mem:          3.8G       763M       3.1G       5.7M        55M       319M

MemTotal:        4016004 kB
MemFree:         3234368 kB
Active:           426416 kB
Mem:          3.8G       763M       3.1G       5.7M        55M       319M

MemTotal:        4016004 kB
MemFree:         3234492 kB
Active:           426380 kB
Mem:          3.8G       763M       3.1G       5.7M        55M       319M

MemTotal:        4016004 kB
MemFree:         3234228 kB
Active:           426416 kB
Mem:          3.8G       763M       3.1G       5.7M        55M       319M

MemTotal:        4016004 kB
MemFree:         3234328 kB
Active:           424328 kB
Mem:          3.8G       763M       3.1G       5.7M        55M       319M

MemTotal:        4016004 kB
MemFree:         3234560 kB
Active:           426400 kB
Mem:          3.8G       763M       3.1G       5.7M        55M       319M

MemTotal:        4016004 kB
MemFree:         3234420 kB
Active:           426400 kB
Mem:          3.8G       763M       3.1G       5.7M        55M       319M

MemTotal:        4016004 kB
MemFree:         3234404 kB
Active:           426424 kB
Mem:          3.8G       763M       3.1G       5.7M        55M       319M

MemTotal:        4016004 kB
MemFree:         3234528 kB
Active:           426372 kB
Mem:          3.8G       762M       3.1G       5.7M        55M       319M

MemTotal:        4016004 kB
MemFree:         3234776 kB
Active:           426408 kB
Mem:          3.8G       762M       3.1G       5.7M        55M       319M

MemTotal:        4016004 kB
MemFree:         3234900 kB
Active:           426428 kB
Mem:          3.8G       762M       3.1G       5.7M        55M       319M

MemTotal:        4016004 kB
MemFree:         3234388 kB
Active:           426428 kB
Mem:          3.8G       763M       3.1G       5.7M        55M       319M

MemTotal:        4016004 kB
MemFree:         3234140 kB
Active:           426408 kB
Mem:          3.8G       763M       3.1G       5.7M        55M       319M

MemTotal:        4016004 kB
MemFree:         3234140 kB
Active:           426384 kB
Mem:          3.8G       763M       3.1G       5.7M        55M       319M

MemTotal:        4016004 kB
MemFree:         3234124 kB
Active:           426412 kB
Mem:          3.8G       763M       3.1G       5.7M        55M       319M

MemTotal:        4016004 kB
MemFree:         3234604 kB
Active:           426432 kB
Mem:          3.8G       763M       3.1G       5.7M        55M       319M

MemTotal:        4016004 kB
MemFree:         3234700 kB
Active:           426428 kB
Mem:          3.8G       762M       3.1G       5.7M        55M       319M

MemTotal:        4016004 kB
MemFree:         3234204 kB
Active:           426440 kB
Mem:          3.8G       763M       3.1G       5.7M        55M       319M

MemTotal:        4016004 kB
MemFree:         3234140 kB
Active:           426860 kB
Mem:          3.8G       763M       3.1G       5.7M        55M       319M

MemTotal:        4016004 kB
MemFree:         3191112 kB
Active:           427640 kB
Mem:          3.8G       806M       3.0G       5.7M        55M       360M

MemTotal:        4016004 kB
MemFree:         3146252 kB
Active:           427672 kB
Mem:          3.8G       849M       3.0G       5.7M        55M       403M

MemTotal:        4016004 kB
MemFree:         3100004 kB
Active:           427688 kB
Mem:          3.8G       895M       3.0G       5.7M        55M       447M

MemTotal:        4016004 kB
MemFree:         3053284 kB
Active:           427720 kB
Mem:          3.8G       940M       2.9G       5.7M        55M       492M

MemTotal:        4016004 kB
MemFree:         3008672 kB
Active:           427740 kB
Mem:          3.8G       983M       2.9G       5.7M        55M       535M

MemTotal:        4016004 kB
MemFree:         2962432 kB
Active:           427764 kB
Mem:          3.8G       1.0G       2.8G       5.7M        55M       580M

MemTotal:        4016004 kB
MemFree:         2916084 kB
Active:           427796 kB
Mem:          3.8G       1.0G       2.8G       5.7M        55M       624M

MemTotal:        4016004 kB
MemFree:         2871504 kB
Active:           427816 kB
Mem:          3.8G       1.1G       2.7G       5.7M        55M       666M

MemTotal:        4016004 kB
MemFree:         2825620 kB
Active:           427840 kB
Mem:          3.8G       1.1G       2.7G       5.7M        55M       710M

MemTotal:        4016004 kB
MemFree:         2779868 kB
Active:           427872 kB
Mem:          3.8G       1.2G       2.7G       5.7M        55M       755M

MemTotal:        4016004 kB
MemFree:         2733756 kB
Active:           427900 kB
Mem:          3.8G       1.2G       2.6G       5.7M        55M       799M

MemTotal:        4016004 kB
MemFree:         2712232 kB
Active:           427912 kB
Mem:          3.8G       1.2G       2.6G       5.7M        55M       820M

MemTotal:        4016004 kB
MemFree:         2667372 kB
Active:           427936 kB
Mem:          3.8G       1.3G       2.5G       5.7M        55M       863M

MemTotal:        4016004 kB
MemFree:         2621148 kB
Active:           427960 kB
Mem:          3.8G       1.3G       2.5G       5.7M        56M       907M

MemTotal:        4016004 kB
MemFree:         2576124 kB
Active:           427988 kB
Mem:          3.8G       1.4G       2.5G       5.7M        56M       950M

MemTotal:        4016004 kB
MemFree:         2531452 kB
Active:           428024 kB
Mem:          3.8G       1.4G       2.4G       5.7M        56M       994M

MemTotal:        4016004 kB
MemFree:         2518124 kB
Active:           428048 kB
Mem:          3.8G       1.4G       2.4G       5.7M        56M       1.0G

MemTotal:        4016004 kB
MemFree:         2472036 kB
Active:           428072 kB
Mem:          3.8G       1.5G       2.4G       5.7M        56M       1.0G

MemTotal:        4016004 kB
MemFree:         2426040 kB
Active:           428092 kB
Mem:          3.8G       1.5G       2.3G       5.7M        56M       1.1G

MemTotal:        4016004 kB
MemFree:         2381284 kB
Active:           428124 kB
Mem:          3.8G       1.6G       2.3G       5.7M        56M       1.1G

MemTotal:        4016004 kB
MemFree:         2335184 kB
Active:           428144 kB
Mem:          3.8G       1.6G       2.2G       5.7M        56M       1.2G

MemTotal:        4016004 kB
MemFree:         2289564 kB
Active:           428176 kB
Mem:          3.8G       1.6G       2.2G       5.7M        56M       1.2G

MemTotal:        4016004 kB
MemFree:         2244084 kB
Active:           428196 kB
Mem:          3.8G       1.7G       2.1G       5.7M        56M       1.2G

MemTotal:        4016004 kB
MemFree:         2197612 kB
Active:           428220 kB
Mem:          3.8G       1.7G       2.1G       5.7M        56M       1.3G

MemTotal:        4016004 kB
MemFree:         2153448 kB
Active:           428268 kB
Mem:          3.8G       1.8G       2.1G       5.7M        56M       1.3G

MemTotal:        4016004 kB
MemFree:         2107340 kB
Active:           428288 kB
Mem:          3.8G       1.8G       2.0G       5.7M        56M       1.4G

MemTotal:        4016004 kB
MemFree:         2101160 kB
Active:           428316 kB
Mem:          3.8G       1.8G       2.0G       5.7M        56M       1.4G

MemTotal:        4016004 kB
MemFree:         2100988 kB
Active:           428316 kB
Mem:          3.8G       1.8G       2.0G       5.7M        56M       1.4G

MemTotal:        4016004 kB
MemFree:         2058952 kB
Active:           428328 kB
Mem:          3.8G       1.9G       2.0G       5.7M        56M       1.4G

MemTotal:        4016004 kB
MemFree:         2012604 kB
Active:           428352 kB
Mem:          3.8G       1.9G       1.9G       5.7M        56M       1.5G

MemTotal:        4016004 kB
MemFree:         1967444 kB
Active:           428376 kB
Mem:          3.8G       2.0G       1.9G       5.7M        56M       1.5G

MemTotal:        4016004 kB
MemFree:         1961020 kB
Active:           428404 kB
Mem:          3.8G       2.0G       1.9G       5.7M        56M       1.5G

MemTotal:        4016004 kB
MemFree:         1960560 kB
Active:           428404 kB
Mem:          3.8G       2.0G       1.9G       5.7M        56M       1.5G

MemTotal:        4016004 kB
MemFree:         1934052 kB
Active:           428408 kB
Mem:          3.8G       2.0G       1.8G       5.7M        56M       1.5G

MemTotal:        4016004 kB
MemFree:         1887968 kB
Active:           428440 kB
Mem:          3.8G       2.0G       1.8G       5.7M        56M       1.6G

MemTotal:        4016004 kB
MemFree:         1841060 kB
Active:           430488 kB
Mem:          3.8G       2.1G       1.8G       5.7M        56M       1.6G

MemTotal:        4016004 kB
MemFree:         1794588 kB
Active:           430520 kB
Mem:          3.8G       2.1G       1.7G       5.7M        56M       1.7G

MemTotal:        4016004 kB
MemFree:         1748968 kB
Active:           430544 kB
Mem:          3.8G       2.2G       1.7G       5.7M        56M       1.7G

MemTotal:        4016004 kB
MemFree:         1704232 kB
Active:           430564 kB
Mem:          3.8G       2.2G       1.6G       5.7M        56M       1.7G

MemTotal:        4016004 kB
MemFree:         1658016 kB
Active:           430588 kB
Mem:          3.8G       2.2G       1.6G       5.7M        56M       1.8G

MemTotal:        4016004 kB
MemFree:         1613172 kB
Active:           430612 kB
Mem:          3.8G       2.3G       1.5G       5.7M        56M       1.8G

MemTotal:        4016004 kB
MemFree:         1590788 kB
Active:           430644 kB
Mem:          3.8G       2.3G       1.5G       5.7M        56M       1.9G

MemTotal:        4016004 kB
MemFree:         1590352 kB
Active:           430644 kB
Mem:          3.8G       2.3G       1.5G       5.7M        56M       1.9G

MemTotal:        4016004 kB
MemFree:         1576560 kB
Active:           430644 kB
Mem:          3.8G       2.3G       1.5G       5.7M        56M       1.9G

MemTotal:        4016004 kB
MemFree:         1532044 kB
Active:           430676 kB
Mem:          3.8G       2.4G       1.5G       5.7M        56M       1.9G

MemTotal:        4016004 kB
MemFree:         1486424 kB
Active:           430696 kB
Mem:          3.8G       2.4G       1.4G       5.7M        56M       2.0G

MemTotal:        4016004 kB
MemFree:         1439936 kB
Active:           430728 kB
Mem:          3.8G       2.5G       1.4G       5.7M        56M       2.0G

MemTotal:        4016004 kB
MemFree:         1395448 kB
Active:           430744 kB
Mem:          3.8G       2.5G       1.3G       5.7M        56M       2.0G

MemTotal:        4016004 kB
MemFree:         1349804 kB
Active:           430768 kB
Mem:          3.8G       2.5G       1.3G       5.7M        56M       2.1G

MemTotal:        4016004 kB
MemFree:         1302708 kB
Active:           430800 kB
Mem:          3.8G       2.6G       1.2G       5.7M        56M       2.1G

MemTotal:        4016004 kB
MemFree:         1258168 kB
Active:           430832 kB
Mem:          3.8G       2.6G       1.2G       5.7M        56M       2.2G

MemTotal:        4016004 kB
MemFree:         1234464 kB
Active:           430860 kB
Mem:          3.8G       2.7G       1.2G       5.7M        56M       2.2G

MemTotal:        4016004 kB
MemFree:         1228548 kB
Active:           431008 kB
Mem:          3.8G       2.7G       1.2G       5.7M        56M       2.2G

MemTotal:        4016004 kB
MemFree:         1183428 kB
Active:           430884 kB
Mem:          3.8G       2.7G       1.1G       5.7M        56M       2.2G

MemTotal:        4016004 kB
MemFree:         1138568 kB
Active:           430908 kB
Mem:          3.8G       2.7G       1.1G       5.7M        56M       2.3G

MemTotal:        4016004 kB
MemFree:         1092452 kB
Active:           430928 kB
Mem:          3.8G       2.8G       1.0G       5.7M        56M       2.3G

MemTotal:        4016004 kB
MemFree:         1046088 kB
Active:           430956 kB
Mem:          3.8G       2.8G       1.0G       5.7M        56M       2.4G

MemTotal:        4016004 kB
MemFree:         1001104 kB
Active:           430980 kB
Mem:          3.8G       2.9G       977M       5.7M        56M       2.4G

MemTotal:        4016004 kB
MemFree:          955488 kB
Active:           431004 kB
Mem:          3.8G       2.9G       932M       5.7M        56M       2.4G

MemTotal:        4016004 kB
MemFree:          909316 kB
Active:           431028 kB
Mem:          3.8G       3.0G       887M       5.7M        56M       2.5G

MemTotal:        4016004 kB
MemFree:          864840 kB
Active:           431060 kB
Mem:          3.8G       3.0G       843M       5.7M        56M       2.5G

MemTotal:        4016004 kB
MemFree:          818648 kB
Active:           431092 kB
Mem:          3.8G       3.0G       799M       5.7M        56M       2.6G

MemTotal:        4016004 kB
MemFree:          772176 kB
Active:           431116 kB
Mem:          3.8G       3.1G       753M       5.7M        57M       2.6G

MemTotal:        4016004 kB
MemFree:          727520 kB
Active:           431164 kB
Mem:          3.8G       3.1G       709M       5.7M        57M       2.7G

MemTotal:        4016004 kB
MemFree:          681600 kB
Active:           431192 kB
Mem:          3.8G       3.2G       665M       5.7M        57M       2.7G

MemTotal:        4016004 kB
MemFree:          635128 kB
Active:           431220 kB
Mem:          3.8G       3.2G       619M       5.7M        57M       2.7G

MemTotal:        4016004 kB
MemFree:          612952 kB
Active:           431244 kB
Mem:          3.8G       3.2G       598M       5.7M        57M       2.8G

MemTotal:        4016004 kB
MemFree:          593056 kB
Active:           431244 kB
Mem:          3.8G       3.3G       578M       5.7M        57M       2.8G

MemTotal:        4016004 kB
MemFree:          548072 kB
Active:           431272 kB
Mem:          3.8G       3.3G       534M       5.7M        57M       2.8G

MemTotal:        4016004 kB
MemFree:          501848 kB
Active:           431292 kB
Mem:          3.8G       3.4G       489M       5.7M        57M       2.9G

MemTotal:        4016004 kB
MemFree:          456244 kB
Active:           431312 kB
Mem:          3.8G       3.4G       444M       5.7M        57M       2.9G

MemTotal:        4016004 kB
MemFree:          411244 kB
Active:           431344 kB
Mem:          3.8G       3.4G       400M       5.7M        57M       3.0G

MemTotal:        4016004 kB
MemFree:          365856 kB
Active:           431372 kB
Mem:          3.8G       3.5G       355M       5.7M        57M       3.0G

MemTotal:        4016004 kB
MemFree:          319696 kB
Active:           431400 kB
Mem:          3.8G       3.5G       311M       5.7M        57M       3.0G

MemTotal:        4016004 kB
MemFree:          273524 kB
Active:           431424 kB
Mem:          3.8G       3.6G       266M       5.7M        57M       3.1G

MemTotal:        4016004 kB
MemFree:          228664 kB
Active:           431448 kB
Mem:          3.8G       3.6G       223M       5.7M        57M       3.1G

MemTotal:        4016004 kB
MemFree:          205596 kB
Active:           431476 kB
Mem:          3.8G       3.6G       200M       5.7M        57M       3.2G

MemTotal:        4016004 kB
MemFree:          205008 kB
Active:           431340 kB
Mem:          3.8G       3.6G       199M       5.7M        57M       3.2G

MemTotal:        4016004 kB
MemFree:          205076 kB
Active:           431324 kB
Mem:          3.8G       3.6G       200M       5.7M        57M       3.2G

MemTotal:        4016004 kB
MemFree:          171796 kB
Active:           431332 kB
Mem:          3.8G       3.7G       167M       5.7M        57M       3.2G

MemTotal:        4016004 kB
MemFree:          127372 kB
Active:           431356 kB
Mem:          3.8G       3.7G       123M       5.7M        57M       3.2G

MemTotal:        4016004 kB
MemFree:          116752 kB
Active:           428012 kB
Mem:          3.8G       3.7G       112M       5.7M        23M       3.3G

MemTotal:        4016004 kB
MemFree:          121804 kB
Active:           444852 kB
Mem:          3.8G       3.7G       118M       5.7M        22M       3.3G

MemTotal:        4016004 kB
MemFree:          120760 kB
Active:           482380 kB
Mem:          3.8G       3.7G       117M       5.7M        22M       3.3G

MemTotal:        4016004 kB
MemFree:          116448 kB
Active:           485880 kB
Mem:          3.8G       3.7G       112M       5.7M        22M       3.3G

MemTotal:        4016004 kB
MemFree:          108540 kB
Active:           482616 kB
Mem:          3.8G       3.7G       104M       5.7M        22M       3.3G

MemTotal:        4016004 kB
MemFree:          135428 kB
Active:           475856 kB
Mem:          3.8G       3.7G       131M       5.7M        22M       3.3G

MemTotal:        4016004 kB
MemFree:          134776 kB
Active:           473828 kB
Mem:          3.8G       3.7G       131M       5.7M        22M       3.3G

MemTotal:        4016004 kB
MemFree:          135060 kB
Active:           473840 kB
Mem:          3.8G       3.7G       131M       5.7M        22M       3.3G

MemTotal:        4016004 kB
MemFree:          143088 kB
Active:           467712 kB
Mem:          3.8G       3.7G       139M       5.7M        22M       3.2G

MemTotal:        4016004 kB
MemFree:          134576 kB
Active:           464400 kB
Mem:          3.8G       3.7G       131M       5.7M        22M       3.3G

MemTotal:        4016004 kB
MemFree:          126420 kB
Active:           460972 kB
Mem:          3.8G       3.7G       122M       5.7M        22M       3.3G

MemTotal:        4016004 kB
MemFree:          136864 kB
Active:           456388 kB
Mem:          3.8G       3.7G       133M       5.7M        22M       3.3G

MemTotal:        4016004 kB
MemFree:          128036 kB
Active:           452956 kB
Mem:          3.8G       3.7G       124M       5.7M        22M       3.3G

MemTotal:        4016004 kB
MemFree:          109424 kB
Active:           451072 kB
Mem:          3.8G       3.7G       104M       5.7M        22M       3.3G

MemTotal:        4016004 kB
MemFree:          135816 kB
Active:           444724 kB
Mem:          3.8G       3.7G       132M       5.7M        22M       3.3G

MemTotal:        4016004 kB
MemFree:          144116 kB
Active:           443072 kB
Mem:          3.8G       3.7G       140M       5.7M        22M       3.2G

MemTotal:        4016004 kB
MemFree:          135904 kB
Active:           441908 kB
Mem:          3.8G       3.7G       132M       5.7M        22M       3.3G

MemTotal:        4016004 kB
MemFree:          127064 kB
Active:           440800 kB
Mem:          3.8G       3.7G       123M       5.7M        22M       3.3G

MemTotal:        4016004 kB
MemFree:          129184 kB
Active:           439016 kB
Mem:          3.8G       3.7G       125M       5.7M        22M       3.3G

MemTotal:        4016004 kB
MemFree:          136328 kB
Active:           437388 kB
Mem:          3.8G       3.7G       132M       5.7M        22M       3.3G

MemTotal:        4016004 kB
MemFree:          138272 kB
Active:           435892 kB
Mem:          3.8G       3.7G       134M       5.7M        22M       3.2G

MemTotal:        4016004 kB
MemFree:          130472 kB
Active:           434724 kB
Mem:          3.8G       3.7G       127M       5.7M        22M       3.3G

MemTotal:        4016004 kB
MemFree:          120644 kB
Active:           433620 kB
Mem:          3.8G       3.7G       117M       5.7M        22M       3.3G

MemTotal:        4016004 kB
MemFree:          129944 kB
Active:           429536 kB
Mem:          3.8G       3.7G       126M       5.7M        22M       3.3G

MemTotal:        4016004 kB
MemFree:          119488 kB
Active:           430536 kB
Mem:          3.8G       3.7G       105M       5.7M        22M       3.3G

MemTotal:        4016004 kB
MemFree:          109948 kB
Active:           429324 kB
Mem:          3.8G       3.7G       106M       5.7M        22M       3.3G

MemTotal:        4016004 kB
MemFree:          111448 kB
Active:           427444 kB
Mem:          3.8G       3.7G       108M       5.7M        22M       3.3G

MemTotal:        4016004 kB
MemFree:          132564 kB
Active:           425416 kB
Mem:          3.8G       3.7G       128M       5.7M        22M       3.3G

MemTotal:        4016004 kB
MemFree:          131204 kB
Active:           425304 kB
Mem:          3.8G       3.7G       128M       5.7M        22M       3.3G

MemTotal:        4016004 kB
MemFree:          121272 kB
Active:           424804 kB
Mem:          3.8G       3.7G       118M       5.7M        22M       3.3G

MemTotal:        4016004 kB
MemFree:          112032 kB
Active:           423548 kB
Mem:          3.8G       3.7G       108M       5.7M        22M       3.3G

MemTotal:        4016004 kB
MemFree:          128552 kB
Active:           419972 kB
Mem:          3.8G       3.7G       125M       5.7M        22M       3.3G

MemTotal:        4016004 kB
MemFree:          119016 kB
Active:           418840 kB
Mem:          3.8G       3.7G       115M       5.7M        22M       3.3G

MemTotal:        4016004 kB
MemFree:          121896 kB
Active:           416944 kB
Mem:          3.8G       3.7G       117M       5.7M        22M       3.3G

MemTotal:        4016004 kB
MemFree:          111756 kB
Active:           415688 kB
Mem:          3.8G       3.7G       108M       5.7M        22M       3.3G

MemTotal:        4016004 kB
MemFree:          114740 kB
Active:           414056 kB
Mem:          3.8G       3.7G       111M       5.7M        22M       3.3G

MemTotal:        4016004 kB
MemFree:          106472 kB
Active:           412928 kB
Mem:          3.8G       3.7G       102M       5.7M        22M       3.3G

MemTotal:        4016004 kB
MemFree:          131844 kB
Active:           410784 kB
Mem:          3.8G       3.7G       128M       5.7M        23M       3.3G

MemTotal:        4016004 kB
MemFree:          131372 kB
Active:           410676 kB
Mem:          3.8G       3.7G       128M       5.7M        23M       3.3G

MemTotal:        4016004 kB
MemFree:          131592 kB
Active:           410684 kB
Mem:          3.8G       3.7G       128M       5.7M        23M       3.3G

MemTotal:        4016004 kB
MemFree:          129632 kB
Active:           410732 kB
Mem:          3.8G       3.7G       126M       5.7M        23M       3.3G

MemTotal:        4016004 kB
MemFree:          121400 kB
Active:           407656 kB
Mem:          3.8G       3.7G       118M       5.7M        23M       3.3G

MemTotal:        4016004 kB
MemFree:          105788 kB
Active:           406528 kB
Mem:          3.8G       3.7G       102M       5.7M        23M       3.3G

MemTotal:        4016004 kB
MemFree:          122928 kB
Active:           404640 kB
Mem:          3.8G       3.7G       119M       5.7M        23M       3.3G

MemTotal:        4016004 kB
MemFree:          127048 kB
Active:           403252 kB
Mem:          3.8G       3.7G       123M       5.7M        23M       3.3G

MemTotal:        4016004 kB
MemFree:          111312 kB
Active:           402252 kB
Mem:          3.8G       3.7G       108M       5.7M        23M       3.3G

MemTotal:        4016004 kB
MemFree:          127072 kB
Active:           400604 kB
Mem:          3.8G       3.7G       123M       5.7M        23M       3.3G

MemTotal:        4016004 kB
MemFree:          131940 kB
Active:           399220 kB
Mem:          3.8G       3.7G       128M       5.7M        23M       3.3G

MemTotal:        4016004 kB
MemFree:          131476 kB
Active:           399108 kB
Mem:          3.8G       3.7G       128M       5.7M        23M       3.3G

MemTotal:        4016004 kB
MemFree:          134308 kB
Active:           398104 kB
Mem:          3.8G       3.7G       130M       5.7M        23M       3.2G

MemTotal:        4016004 kB
MemFree:          136044 kB
Active:           394180 kB
Mem:          3.8G       3.7G       132M       5.7M        23M       3.2G

MemTotal:        4016004 kB
MemFree:          144364 kB
Active:           392028 kB
Mem:          3.8G       3.7G       140M       5.7M        23M       3.2G

MemTotal:        4016004 kB
MemFree:          146876 kB
Active:           390772 kB
Mem:          3.8G       3.7G       143M       5.7M        23M       3.2G

MemTotal:        4016004 kB
MemFree:          126896 kB
Active:           390276 kB
Mem:          3.8G       3.7G       123M       5.7M        23M       3.3G

MemTotal:        4016004 kB
MemFree:          121436 kB
Active:           388796 kB
Mem:          3.8G       3.7G       117M       5.7M        23M       3.3G

MemTotal:        4016004 kB
MemFree:          113148 kB
Active:           387676 kB
Mem:          3.8G       3.7G       109M       5.7M        23M       3.3G

MemTotal:        4016004 kB
MemFree:          127484 kB
Active:           385904 kB
Mem:          3.8G       3.7G       123M       5.7M        23M       3.3G

MemTotal:        4016004 kB
MemFree:          118092 kB
Active:           384772 kB
Mem:          3.8G       3.7G       114M       5.7M        23M       3.3G

MemTotal:        4016004 kB
MemFree:          121024 kB
Active:           382876 kB
Mem:          3.8G       3.7G       117M       5.7M        23M       3.3G

MemTotal:        4016004 kB
MemFree:          111236 kB
Active:           381756 kB
Mem:          3.8G       3.7G       108M       5.7M        23M       3.3G

MemTotal:        4016004 kB
MemFree:          114860 kB
Active:           379984 kB
Mem:          3.8G       3.7G       111M       5.7M        23M       3.3G

MemTotal:        4016004 kB
MemFree:          122560 kB
Active:           378088 kB
Mem:          3.8G       3.7G       118M       5.7M        23M       3.3G

MemTotal:        4016004 kB
MemFree:          113712 kB
Active:           376960 kB
Mem:          3.8G       3.7G       110M       5.7M        23M       3.3G

MemTotal:        4016004 kB
MemFree:          106984 kB
Active:           375716 kB
Mem:          3.8G       3.7G       103M       5.7M        23M       3.3G

MemTotal:        4016004 kB
MemFree:          132984 kB
Active:           374720 kB
Mem:          3.8G       3.7G       129M       5.7M        23M       3.2G

MemTotal:        4016004 kB
MemFree:          125140 kB
Active:           374748 kB
Mem:          3.8G       3.7G       121M       5.7M        23M       3.3G

MemTotal:        4016004 kB
MemFree:          128072 kB
Active:           374656 kB
Mem:          3.8G       3.7G       124M       5.7M        23M       3.3G

MemTotal:        4016004 kB
MemFree:          129024 kB
Active:           374700 kB
Mem:          3.8G       3.7G       125M       5.7M        23M       3.2G

MemTotal:        4016004 kB
MemFree:          104892 kB
Active:           374724 kB
Mem:          3.8G       3.7G       125M       5.7M        23M       3.2G

MemTotal:        4016004 kB
MemFree:          128484 kB
Active:           374732 kB
Mem:          3.8G       3.7G       125M       5.7M        23M       3.3G

MemTotal:        4016004 kB
MemFree:          114000 kB
Active:           374740 kB
Mem:          3.8G       3.7G       110M       5.7M        23M       3.3G

MemTotal:        4016004 kB
MemFree:          105916 kB
Active:           374760 kB
Mem:          3.8G       3.7G       102M       5.7M        23M       3.3G

MemTotal:        4016004 kB
MemFree:          129476 kB
Active:           371712 kB
Mem:          3.8G       3.7G       125M       5.7M        23M       3.3G

MemTotal:        4016004 kB
MemFree:          114732 kB
Active:           371736 kB
Mem:          3.8G       3.7G       111M       5.7M        23M       3.3G

MemTotal:        4016004 kB
MemFree:          104964 kB
Active:           371768 kB
Mem:          3.8G       3.7G       125M       5.7M        23M       3.3G

MemTotal:        4016004 kB
MemFree:          119748 kB
Active:           371792 kB
Mem:          3.8G       3.7G       116M       5.7M        23M       3.3G

MemTotal:        4016004 kB
MemFree:          112316 kB
Active:           371812 kB
Mem:          3.8G       3.7G       109M       5.7M        23M       3.3G

MemTotal:        4016004 kB
MemFree:          126164 kB
Active:           371852 kB
Mem:          3.8G       3.7G       122M       5.7M        23M       3.3G

MemTotal:        4016004 kB
MemFree:          111688 kB
Active:           371784 kB
Mem:          3.8G       3.7G       108M       5.7M        23M       3.3G

MemTotal:        4016004 kB
MemFree:          126680 kB
Active:           371820 kB
Mem:          3.8G       3.7G       123M       5.7M        23M       3.3G

MemTotal:        4016004 kB
MemFree:          135852 kB
Active:           371852 kB
Mem:          3.8G       3.7G       132M       5.7M        23M       3.2G

MemTotal:        4016004 kB
MemFree:          127492 kB
Active:           371876 kB
Mem:          3.8G       3.7G       123M       5.7M        23M       3.3G

MemTotal:        4016004 kB
MemFree:          107184 kB
Active:           371900 kB
Mem:          3.8G       3.7G       103M       5.7M        23M       3.3G

MemTotal:        4016004 kB
MemFree:          106376 kB
Active:           371920 kB
Mem:          3.8G       3.7G       103M       5.7M        23M       3.3G

MemTotal:        4016004 kB
MemFree:          133684 kB
Active:           371948 kB
Mem:          3.8G       3.7G       130M       5.7M        24M       3.2G

MemTotal:        4016004 kB
MemFree:          129644 kB
Active:           371856 kB
Mem:          3.8G       3.7G       126M       5.7M        24M       3.2G

MemTotal:        4016004 kB
MemFree:          108692 kB
Active:           371880 kB
Mem:          3.8G       3.7G       105M       5.7M        24M       3.3G

MemTotal:        4016004 kB
MemFree:          135264 kB
Active:           371652 kB
Mem:          3.8G       3.7G       132M       5.7M        24M       3.2G

MemTotal:        4016004 kB
MemFree:          112428 kB
Active:           371644 kB
Mem:          3.8G       3.7G       109M       5.7M        24M       3.3G

MemTotal:        4016004 kB
MemFree:          141924 kB
Active:           371664 kB
Mem:          3.8G       3.7G       138M       5.7M        24M       3.2G

MemTotal:        4016004 kB
MemFree:          134432 kB
Active:           371676 kB
Mem:          3.8G       3.7G       130M       5.7M        24M       3.2G

MemTotal:        4016004 kB
MemFree:          125616 kB
Active:           371576 kB
Mem:          3.8G       3.7G       122M       5.7M        24M       3.3G

MemTotal:        4016004 kB
MemFree:          122148 kB
Active:           371428 kB
Mem:          3.8G       3.7G       118M       5.7M        24M       3.3G

MemTotal:        4016004 kB
MemFree:          121820 kB
Active:           370876 kB
Mem:          3.8G       3.7G       118M       5.7M        24M       3.3G

MemTotal:        4016004 kB
MemFree:          121480 kB
Active:           370684 kB
Mem:          3.8G       3.7G       118M       5.7M        24M       3.3G

MemTotal:        4016004 kB
MemFree:          120584 kB
Active:           370680 kB
Mem:          3.8G       3.7G       117M       5.7M        24M       3.3G

MemTotal:        4016004 kB
MemFree:          124972 kB
Active:           370704 kB
Mem:          3.8G       3.7G       121M       5.7M        24M       3.3G

MemTotal:        4016004 kB
MemFree:          133680 kB
Active:           370728 kB
Mem:          3.8G       3.7G       130M       5.7M        24M       3.2G

MemTotal:        4016004 kB
MemFree:          124516 kB
Active:           370756 kB
Mem:          3.8G       3.7G       121M       5.7M        24M       3.3G

MemTotal:        4016004 kB
MemFree:          109416 kB
Active:           370780 kB
Mem:          3.8G       3.7G       106M       5.7M        24M       3.3G

MemTotal:        4016004 kB
MemFree:          125376 kB
Active:           370800 kB
Mem:          3.8G       3.7G       122M       5.7M        24M       3.3G

MemTotal:        4016004 kB
MemFree:          127296 kB
Active:           370820 kB
Mem:          3.8G       3.7G       123M       5.7M        24M       3.2G

MemTotal:        4016004 kB
MemFree:          127092 kB
Active:           368444 kB
Mem:          3.8G       3.7G       123M       5.7M        24M       3.2G

MemTotal:        4016004 kB
MemFree:          108828 kB
Active:           368484 kB
Mem:          3.8G       3.7G       105M       5.7M        24M       3.3G

MemTotal:        4016004 kB
MemFree:          129876 kB
Active:           368504 kB
Mem:          3.8G       3.7G       126M       5.7M        24M       3.2G

MemTotal:        4016004 kB
MemFree:          126720 kB
Active:           368524 kB
Mem:          3.8G       3.7G       123M       5.7M        24M       3.2G

MemTotal:        4016004 kB
MemFree:          121108 kB
Active:           368556 kB
Mem:          3.8G       3.7G       117M       5.7M        24M       3.3G

MemTotal:        4016004 kB
MemFree:          123712 kB
Active:           368576 kB
Mem:          3.8G       3.7G       120M       5.7M        24M       3.3G

MemTotal:        4016004 kB
MemFree:          114788 kB
Active:           368592 kB
Mem:          3.8G       3.7G       111M       5.7M        24M       3.3G

MemTotal:        4016004 kB
MemFree:          114148 kB
Active:           368640 kB
Mem:          3.8G       3.7G       111M       5.7M        24M       3.3G

MemTotal:        4016004 kB
MemFree:          114128 kB
Active:           368688 kB
Mem:          3.8G       3.7G       111M       5.7M        24M       3.3G

MemTotal:        4016004 kB
MemFree:          105932 kB
Active:           368704 kB
Mem:          3.8G       3.7G       103M       5.7M        24M       3.3G

MemTotal:        4016004 kB
MemFree:          125808 kB
Active:           371588 kB
Mem:          3.8G       3.7G       122M       5.7M        26M       3.2G

MemTotal:        4016004 kB
MemFree:          127764 kB
Active:           371684 kB
Mem:          3.8G       3.7G       124M       5.7M        27M       3.2G

MemTotal:        4016004 kB
MemFree:          134768 kB
Active:           371716 kB
Mem:          3.8G       3.7G       131M       5.7M        27M       3.2G

MemTotal:        4016004 kB
MemFree:          136332 kB
Active:           371956 kB
Mem:          3.8G       3.7G       132M       5.7M        27M       3.2G

MemTotal:        4016004 kB
MemFree:          126680 kB
Active:           372212 kB
Mem:          3.8G       3.7G       122M       5.7M        27M       3.2G

MemTotal:        4016004 kB
MemFree:          116044 kB
Active:           372468 kB
Mem:          3.8G       3.7G       113M       5.7M        28M       3.3G

MemTotal:        4016004 kB
MemFree:          105880 kB
Active:           372604 kB
Mem:          3.8G       3.7G       102M       5.7M        28M       3.3G

MemTotal:        4016004 kB
MemFree:          132048 kB
Active:           372916 kB
Mem:          3.8G       3.7G       128M       5.7M        28M       3.2G

MemTotal:        4016004 kB
MemFree:          127628 kB
Active:           372128 kB
Mem:          3.8G       3.7G       124M       5.7M        28M       3.2G

MemTotal:        4016004 kB
MemFree:          131084 kB
Active:           370216 kB
Mem:          3.8G       3.7G       127M       5.7M        28M       3.2G

MemTotal:        4016004 kB
MemFree:          132676 kB
Active:           370232 kB
Mem:          3.8G       3.7G       128M       5.7M        28M       3.2G

MemTotal:        4016004 kB
MemFree:          102992 kB
Active:           372140 kB
Mem:          3.8G       3.7G       100M       5.7M        28M       3.3G

MemTotal:        4016004 kB
MemFree:          123936 kB
Active:           370616 kB
Mem:          3.8G       3.7G       120M       5.7M        28M       3.2G

MemTotal:        4016004 kB
MemFree:          113652 kB
Active:           370104 kB
Mem:          3.8G       3.7G       110M       5.7M        28M       3.3G

MemTotal:        4016004 kB
MemFree:          126632 kB
Active:           370104 kB
Mem:          3.8G       3.7G       123M       5.7M        28M       3.2G

MemTotal:        4016004 kB
MemFree:          127380 kB
Active:           369848 kB
Mem:          3.8G       3.7G       124M       5.7M        28M       3.2G

MemTotal:        4016004 kB
MemFree:          119660 kB
Active:           369860 kB
Mem:          3.8G       3.7G       116M       5.7M        28M       3.2G

MemTotal:        4016004 kB
MemFree:          126476 kB
Active:           369860 kB
Mem:          3.8G       3.7G       123M       5.7M        28M       3.2G

MemTotal:        4016004 kB
MemFree:          123964 kB
Active:           368280 kB
Mem:          3.8G       3.7G       120M       5.7M        28M       3.2G

MemTotal:        4016004 kB
MemFree:          125492 kB
Active:           368288 kB
Mem:          3.8G       3.7G       122M       5.7M        28M       3.2G

MemTotal:        4016004 kB
MemFree:          121012 kB
Active:           368292 kB
Mem:          3.8G       3.7G       117M       5.7M        28M       3.2G

MemTotal:        4016004 kB
MemFree:          130008 kB
Active:           368296 kB
Mem:          3.8G       3.7G       127M       5.7M        28M       3.2G

MemTotal:        4016004 kB
MemFree:          124212 kB
Active:           368304 kB
Mem:          3.8G       3.7G       120M       5.7M        28M       3.2G

MemTotal:        4016004 kB
MemFree:          107748 kB
Active:           368316 kB
Mem:          3.8G       3.7G       104M       5.7M        28M       3.3G

MemTotal:        4016004 kB
MemFree:          121348 kB
Active:           368328 kB
Mem:          3.8G       3.7G       117M       5.7M        28M       3.2G

MemTotal:        4016004 kB
MemFree:          125008 kB
Active:           368332 kB
Mem:          3.8G       3.7G       121M       5.7M        28M       3.2G

MemTotal:        4016004 kB
MemFree:          117792 kB
Active:           368332 kB
Mem:          3.8G       3.7G       114M       5.7M        28M       3.3G

MemTotal:        4016004 kB
MemFree:          127420 kB
Active:           368340 kB
Mem:          3.8G       3.7G       123M       5.7M        28M       3.2G

MemTotal:        4016004 kB
MemFree:          133632 kB
Active:           368340 kB
Mem:          3.8G       3.7G       130M       5.7M        28M       3.2G

MemTotal:        4016004 kB
MemFree:          118844 kB
Active:           361692 kB
Mem:          3.8G       3.7G       115M       5.7M        28M       3.2G

MemTotal:        4016004 kB
MemFree:          125940 kB
Active:           361692 kB
Mem:          3.8G       3.7G       122M       5.7M        28M       3.2G

MemTotal:        4016004 kB
MemFree:          115412 kB
Active:           361700 kB
Mem:          3.8G       3.7G       111M       5.7M        28M       3.3G

MemTotal:        4016004 kB
MemFree:          128864 kB
Active:           361700 kB
Mem:          3.8G       3.7G       125M       5.7M        28M       3.2G

MemTotal:        4016004 kB
MemFree:          107136 kB
Active:           361700 kB
Mem:          3.8G       3.7G       104M       5.7M        28M       3.3G

MemTotal:        4016004 kB
MemFree:          107784 kB
Active:           361700 kB
Mem:          3.8G       3.7G       104M       5.7M        28M       3.3G

MemTotal:        4016004 kB
MemFree:          126452 kB
Active:           361704 kB
Mem:          3.8G       3.7G       123M       5.7M        28M       3.2G

MemTotal:        4016004 kB
MemFree:          125036 kB
Active:           361720 kB
Mem:          3.8G       3.7G       121M       5.7M        28M       3.2G

MemTotal:        4016004 kB
MemFree:          124668 kB
Active:           361736 kB
Mem:          3.8G       3.7G       121M       5.7M        28M       3.2G

MemTotal:        4016004 kB
MemFree:          124104 kB
Active:           361860 kB
Mem:          3.8G       3.7G       120M       5.7M        28M       3.2G

MemTotal:        4016004 kB
MemFree:          126396 kB
Active:           361744 kB
Mem:          3.8G       3.7G       123M       5.7M        28M       3.2G

MemTotal:        4016004 kB
MemFree:          121712 kB
Active:           361744 kB
Mem:          3.8G       3.7G       118M       5.7M        28M       3.2G

MemTotal:        4016004 kB
MemFree:          126144 kB
Active:           359400 kB
Mem:          3.8G       3.7G       122M       5.7M        28M       3.2G

MemTotal:        4016004 kB
MemFree:          121584 kB
Active:           359400 kB
Mem:          3.8G       3.7G       118M       5.7M        28M       3.2G

MemTotal:        4016004 kB
MemFree:          135068 kB
Active:           359400 kB
Mem:          3.8G       3.7G       131M       5.7M        28M       3.2G

MemTotal:        4016004 kB
MemFree:          125840 kB
Active:           359400 kB
Mem:          3.8G       3.7G       121M       5.7M        28M       3.2G

MemTotal:        4016004 kB
MemFree:          125604 kB
Active:           359404 kB
Mem:          3.8G       3.7G       122M       5.7M        28M       3.2G

MemTotal:        4016004 kB
MemFree:          127240 kB
Active:           359412 kB
Mem:          3.8G       3.7G       123M       5.7M        28M       3.2G

MemTotal:        4016004 kB
MemFree:          122572 kB
Active:           359412 kB
Mem:          3.8G       3.7G       119M       5.7M        28M       3.2G

MemTotal:        4016004 kB
MemFree:          124544 kB
Active:           359416 kB
Mem:          3.8G       3.7G       121M       5.7M        28M       3.2G

MemTotal:        4016004 kB
MemFree:          127152 kB
Active:           359416 kB
Mem:          3.8G       3.7G       123M       5.7M        28M       3.2G

MemTotal:        4016004 kB
MemFree:          126720 kB
Active:           359444 kB
Mem:          3.8G       3.7G       123M       5.7M        28M       3.2G

MemTotal:        4016004 kB
MemFree:          126664 kB
Active:           359468 kB
Mem:          3.8G       3.7G       123M       5.7M        28M       3.2G

MemTotal:        4016004 kB
MemFree:          110476 kB
Active:           359476 kB
Mem:          3.8G       3.7G       106M       5.7M        28M       3.3G

MemTotal:        4016004 kB
MemFree:          128828 kB
Active:           359468 kB
Mem:          3.8G       3.7G       125M       5.7M        28M       3.2G

MemTotal:        4016004 kB
MemFree:          122828 kB
Active:           356596 kB
Mem:          3.8G       3.7G       119M       5.7M        28M       3.2G

MemTotal:        4016004 kB
MemFree:          129800 kB
Active:           356596 kB
Mem:          3.8G       3.7G       125M       5.7M        28M       3.2G

MemTotal:        4016004 kB
MemFree:          130812 kB
Active:           356604 kB
Mem:          3.8G       3.7G       127M       5.7M        28M       3.2G

MemTotal:        4016004 kB
MemFree:          138776 kB
Active:           356604 kB
Mem:          3.8G       3.7G       135M       5.7M        28M       3.2G

MemTotal:        4016004 kB
MemFree:          127876 kB
Active:           356604 kB
Mem:          3.8G       3.7G       124M       5.7M        28M       3.2G

MemTotal:        4016004 kB
MemFree:          111412 kB
Active:           356604 kB
Mem:          3.8G       3.7G       108M       5.7M        28M       3.3G

MemTotal:        4016004 kB
MemFree:          125596 kB
Active:           356604 kB
Mem:          3.8G       3.7G       122M       5.7M        28M       3.2G

MemTotal:        4016004 kB
MemFree:          119312 kB
Active:           356612 kB
Mem:          3.8G       3.7G       116M       5.7M        28M       3.2G

MemTotal:        4016004 kB
MemFree:          108660 kB
Active:           356624 kB
Mem:          3.8G       3.7G       105M       5.7M        28M       3.3G

MemTotal:        4016004 kB
MemFree:          138672 kB
Active:           356628 kB
Mem:          3.8G       3.7G       135M       5.7M        28M       3.2G

MemTotal:        4016004 kB
MemFree:          106852 kB
Active:           356636 kB
Mem:          3.8G       3.7G       103M       5.7M        28M       3.3G

MemTotal:        4016004 kB
MemFree:          136116 kB
Active:           354288 kB
Mem:          3.8G       3.7G       132M       5.7M        28M       3.2G

MemTotal:        4016004 kB
MemFree:          134260 kB
Active:           354076 kB
Mem:          3.8G       3.7G       131M       5.7M        28M       3.2G

MemTotal:        4016004 kB
MemFree:          110100 kB
Active:           354084 kB
Mem:          3.8G       3.7G       107M       5.7M        28M       3.3G

MemTotal:        4016004 kB
MemFree:          111492 kB
Active:           354088 kB
Mem:          3.8G       3.7G       108M       5.7M        28M       3.3G

MemTotal:        4016004 kB
MemFree:          118448 kB
Active:           354088 kB
Mem:          3.8G       3.7G       115M       5.7M        28M       3.2G

MemTotal:        4016004 kB
MemFree:          107936 kB
Active:           354092 kB
Mem:          3.8G       3.7G       104M       5.7M        28M       3.3G

MemTotal:        4016004 kB
MemFree:          133616 kB
Active:           354100 kB
Mem:          3.8G       3.7G       130M       5.7M        28M       3.2G

MemTotal:        4016004 kB
MemFree:          128148 kB
Active:           354100 kB
Mem:          3.8G       3.7G       125M       5.7M        28M       3.2G

MemTotal:        4016004 kB
MemFree:          134848 kB
Active:           354100 kB
Mem:          3.8G       3.7G       131M       5.7M        28M       3.2G

MemTotal:        4016004 kB
MemFree:          136600 kB
Active:           354100 kB
Mem:          3.8G       3.7G       132M       5.7M        28M       3.2G

MemTotal:        4016004 kB
MemFree:          110796 kB
Active:           354112 kB
Mem:          3.8G       3.7G       107M       5.7M        28M       3.3G

MemTotal:        4016004 kB
MemFree:          110232 kB
Active:           354124 kB
Mem:          3.8G       3.7G       107M       5.7M        28M       3.3G

MemTotal:        4016004 kB
MemFree:          110288 kB
Active:           354128 kB
Mem:          3.8G       3.7G       107M       5.7M        28M       3.3G

MemTotal:        4016004 kB
MemFree:          110536 kB
Active:           354128 kB
Mem:          3.8G       3.7G       107M       5.7M        28M       3.3G

MemTotal:        4016004 kB
MemFree:          129404 kB
Active:           354132 kB
Mem:          3.8G       3.7G       125M       5.7M        28M       3.2G

MemTotal:        4016004 kB
MemFree:          129556 kB
Active:           354136 kB
Mem:          3.8G       3.7G       125M       5.7M        28M       3.2G

MemTotal:        4016004 kB
MemFree:          119400 kB
Active:           354144 kB
Mem:          3.8G       3.7G       116M       5.7M        28M       3.2G

MemTotal:        4016004 kB
MemFree:          120916 kB
Active:           354144 kB
Mem:          3.8G       3.7G       117M       5.7M        28M       3.2G

MemTotal:        4016004 kB
MemFree:          133100 kB
Active:           350092 kB
Mem:          3.8G       3.7G       129M       5.7M        28M       3.2G

MemTotal:        4016004 kB
MemFree:          122696 kB
Active:           350092 kB
Mem:          3.8G       3.7G       119M       5.7M        28M       3.2G

MemTotal:        4016004 kB
MemFree:          136612 kB
Active:           350092 kB
Mem:          3.8G       3.7G       132M       5.7M        28M       3.2G

MemTotal:        4016004 kB
MemFree:          143032 kB
Active:           350100 kB
Mem:          3.8G       3.7G       139M       5.7M        28M       3.2G

MemTotal:        4016004 kB
MemFree:          131748 kB
Active:           350100 kB
Mem:          3.8G       3.7G       128M       5.7M        28M       3.2G

MemTotal:        4016004 kB
MemFree:          121560 kB
Active:           350100 kB
Mem:          3.8G       3.7G       118M       5.7M        28M       3.2G

MemTotal:        4016004 kB
MemFree:          128824 kB
Active:           350100 kB
Mem:          3.8G       3.7G       125M       5.7M        28M       3.2G

MemTotal:        4016004 kB
MemFree:          131304 kB
Active:           350100 kB
Mem:          3.8G       3.7G       127M       5.7M        28M       3.2G

MemTotal:        4016004 kB
MemFree:          129380 kB
Active:           350120 kB
Mem:          3.8G       3.7G       125M       5.7M        28M       3.2G

MemTotal:        4016004 kB
MemFree:          107068 kB
Active:           350120 kB
Mem:          3.8G       3.7G       104M       5.7M        28M       3.3G

MemTotal:        4016004 kB
MemFree:          129724 kB
Active:           350132 kB
Mem:          3.8G       3.7G       126M       5.7M        28M       3.2G

MemTotal:        4016004 kB
MemFree:          120192 kB
Active:           350136 kB
Mem:          3.8G       3.7G       116M       5.7M        28M       3.2G

MemTotal:        4016004 kB
MemFree:          110088 kB
Active:           350136 kB
Mem:          3.8G       3.7G       107M       5.7M        28M       3.3G

MemTotal:        4016004 kB
MemFree:          113392 kB
Active:           350136 kB
Mem:          3.8G       3.7G       109M       5.7M        28M       3.3G

MemTotal:        4016004 kB
MemFree:          126236 kB
Active:           350144 kB
Mem:          3.8G       3.7G       123M       5.7M        28M       3.2G

MemTotal:        4016004 kB
MemFree:          127596 kB
Active:           350036 kB
Mem:          3.8G       3.7G       124M       5.7M        28M       3.2G

MemTotal:        4016004 kB
MemFree:          117372 kB
Active:           350040 kB
Mem:          3.8G       3.7G       114M       5.7M        28M       3.2G

MemTotal:        4016004 kB
MemFree:          107424 kB
Active:           350044 kB
Mem:          3.8G       3.7G       104M       5.7M        28M       3.3G

MemTotal:        4016004 kB
MemFree:          115080 kB
Active:           350044 kB
Mem:          3.8G       3.7G       111M       5.7M        28M       3.2G

MemTotal:        4016004 kB
MemFree:          116828 kB
Active:           350052 kB
Mem:          3.8G       3.7G       113M       5.7M        28M       3.2G

MemTotal:        4016004 kB
MemFree:          131932 kB
Active:           350052 kB
Mem:          3.8G       3.7G       128M       5.7M        28M       3.2G

MemTotal:        4016004 kB
MemFree:          130072 kB
Active:           350068 kB
Mem:          3.8G       3.7G       126M       5.7M        28M       3.2G

MemTotal:        4016004 kB
MemFree:          125000 kB
Active:           349776 kB
Mem:          3.8G       3.7G       121M       5.7M        28M       3.2G

MemTotal:        4016004 kB
MemFree:          124684 kB
Active:           349776 kB
Mem:          3.8G       3.7G       121M       5.7M        28M       3.2G

MemTotal:        4016004 kB
MemFree:          124812 kB
Active:           349780 kB
Mem:          3.8G       3.7G       121M       5.7M        28M       3.2G

MemTotal:        4016004 kB
MemFree:          124972 kB
Active:           349788 kB
Mem:          3.8G       3.7G       122M       5.7M        28M       3.2G

MemTotal:        4016004 kB
MemFree:          124848 kB
Active:           349788 kB
Mem:          3.8G       3.7G       121M       5.7M        28M       3.2G

MemTotal:        4016004 kB
MemFree:          124848 kB
Active:           349792 kB
Mem:          3.8G       3.7G       121M       5.7M        28M       3.2G

MemTotal:        4016004 kB
MemFree:          124848 kB
Active:           349792 kB
Mem:          3.8G       3.7G       121M       5.7M        28M       3.2G

MemTotal:        4016004 kB
MemFree:          124848 kB
Active:           349792 kB
Mem:          3.8G       3.7G       121M       5.7M        28M       3.2G

MemTotal:        4016004 kB
MemFree:          124848 kB
Active:           349792 kB
Mem:          3.8G       3.7G       121M       5.7M        28M       3.2G

MemTotal:        4016004 kB
MemFree:          124972 kB
Active:           349800 kB
Mem:          3.8G       3.7G       121M       5.7M        28M       3.2G

MemTotal:        4016004 kB
MemFree:          124972 kB
Active:           349800 kB
Mem:          3.8G       3.7G       122M       5.7M        28M       3.2G

MemTotal:        4016004 kB
MemFree:          124972 kB
Active:           349800 kB
Mem:          3.8G       3.7G       122M       5.7M        28M       3.2G

MemTotal:        4016004 kB
MemFree:          124972 kB
Active:           349800 kB
Mem:          3.8G       3.7G       122M       5.7M        28M       3.2G

MemTotal:        4016004 kB
MemFree:          124972 kB
Active:           349800 kB
Mem:          3.8G       3.7G       122M       5.7M        28M       3.2G

MemTotal:        4016004 kB
MemFree:          124972 kB
Active:           349800 kB
Mem:          3.8G       3.7G       122M       5.7M        28M       3.2G

MemTotal:        4016004 kB
MemFree:          124972 kB
Active:           349804 kB
Mem:          3.8G       3.7G       122M       5.7M        28M       3.2G

MemTotal:        4016004 kB
MemFree:          124972 kB
Active:           349808 kB
Mem:          3.8G       3.7G       122M       5.7M        28M       3.2G

MemTotal:        4016004 kB
MemFree:          124848 kB
Active:           349816 kB
Mem:          3.8G       3.7G       121M       5.7M        28M       3.2G

MemTotal:        4016004 kB
MemFree:          124848 kB
Active:           349816 kB
Mem:          3.8G       3.7G       121M       5.7M        28M       3.2G

MemTotal:        4016004 kB
MemFree:          124848 kB
Active:           349816 kB
Mem:          3.8G       3.7G       121M       5.7M        28M       3.2G

MemTotal:        4016004 kB
MemFree:          124848 kB
Active:           349816 kB
Mem:          3.8G       3.7G       122M       5.7M        28M       3.2G

MemTotal:        4016004 kB
MemFree:          124972 kB
Active:           349816 kB
Mem:          3.8G       3.7G       122M       5.7M        28M       3.2G

MemTotal:        4016004 kB
MemFree:          124848 kB
Active:           349816 kB
Mem:          3.8G       3.7G       121M       5.7M        28M       3.2G

MemTotal:        4016004 kB
MemFree:          124848 kB
Active:           349816 kB
Mem:          3.8G       3.7G       121M       5.7M        28M       3.2G

MemTotal:        4016004 kB
MemFree:          124848 kB
Active:           349820 kB
Mem:          3.8G       3.7G       121M       5.7M        28M       3.2G

MemTotal:        4016004 kB
MemFree:          124848 kB
Active:           349828 kB
Mem:          3.8G       3.7G       121M       5.7M        28M       3.2G

MemTotal:        4016004 kB
MemFree:          124972 kB
Active:           349828 kB
Mem:          3.8G       3.7G       122M       5.7M        28M       3.2G

MemTotal:        4016004 kB
MemFree:          124848 kB
Active:           349828 kB
Mem:          3.8G       3.7G       121M       5.7M        28M       3.2G

MemTotal:        4016004 kB
MemFree:          124848 kB
Active:           349828 kB
Mem:          3.8G       3.7G       121M       5.7M        28M       3.2G

MemTotal:        4016004 kB
MemFree:          124972 kB
Active:           349828 kB
Mem:          3.8G       3.7G       122M       5.7M        28M       3.2G

MemTotal:        4016004 kB
MemFree:          124972 kB
Active:           349840 kB
Mem:          3.8G       3.7G       122M       5.7M        28M       3.2G

MemTotal:        4016004 kB
MemFree:          124848 kB
Active:           349840 kB
Mem:          3.8G       3.7G       121M       5.7M        28M       3.2G

MemTotal:        4016004 kB
MemFree:          124848 kB
Active:           349840 kB
Mem:          3.8G       3.7G       121M       5.7M        28M       3.2G

MemTotal:        4016004 kB
MemFree:          124724 kB
Active:           349848 kB
Mem:          3.8G       3.7G       121M       5.7M        28M       3.2G

MemTotal:        4016004 kB
MemFree:          124848 kB
Active:           349848 kB
Mem:          3.8G       3.7G       121M       5.7M        28M       3.2G

MemTotal:        4016004 kB
MemFree:          124972 kB
Active:           349848 kB
Mem:          3.8G       3.7G       122M       5.7M        28M       3.2G

MemTotal:        4016004 kB
MemFree:          124848 kB
Active:           349848 kB
Mem:          3.8G       3.7G       121M       5.7M        28M       3.2G

MemTotal:        4016004 kB
MemFree:          124848 kB
Active:           349848 kB
Mem:          3.8G       3.7G       121M       5.7M        28M       3.2G

MemTotal:        4016004 kB
MemFree:          124848 kB
Active:           349848 kB
Mem:          3.8G       3.7G       121M       5.7M        28M       3.2G

MemTotal:        4016004 kB
MemFree:          124848 kB
Active:           349848 kB
Mem:          3.8G       3.7G       121M       5.7M        28M       3.2G

MemTotal:        4016004 kB
MemFree:          124848 kB
Active:           349848 kB
Mem:          3.8G       3.7G       121M       5.7M        28M       3.2G

MemTotal:        4016004 kB
MemFree:          124848 kB
Active:           349856 kB
Mem:          3.8G       3.7G       121M       5.7M        28M       3.2G

MemTotal:        4016004 kB
MemFree:          124848 kB
Active:           349860 kB
Mem:          3.8G       3.7G       121M       5.7M        28M       3.2G

MemTotal:        4016004 kB
MemFree:          124848 kB
Active:           349860 kB
Mem:          3.8G       3.7G       121M       5.7M        28M       3.2G

MemTotal:        4016004 kB
MemFree:          124972 kB
Active:           349864 kB
Mem:          3.8G       3.7G       122M       5.7M        28M       3.2G

MemTotal:        4016004 kB
MemFree:          124848 kB
Active:           349864 kB
Mem:          3.8G       3.7G       121M       5.7M        28M       3.2G

MemTotal:        4016004 kB
MemFree:          124848 kB
Active:           349864 kB
Mem:          3.8G       3.7G       121M       5.7M        28M       3.2G

MemTotal:        4016004 kB
MemFree:          124848 kB
Active:           349864 kB
Mem:          3.8G       3.7G       121M       5.7M        28M       3.2G

MemTotal:        4016004 kB
MemFree:          124848 kB
Active:           349864 kB
Mem:          3.8G       3.7G       121M       5.7M        28M       3.2G

MemTotal:        4016004 kB
MemFree:          124848 kB
Active:           349876 kB
Mem:          3.8G       3.7G       121M       5.7M        28M       3.2G

MemTotal:        4016004 kB
MemFree:          124848 kB
Active:           349876 kB
Mem:          3.8G       3.7G       121M       5.7M        28M       3.2G

MemTotal:        4016004 kB
MemFree:          124848 kB
Active:           349880 kB
Mem:          3.8G       3.7G       121M       5.7M        28M       3.2G

MemTotal:        4016004 kB
MemFree:          124724 kB
Active:           349880 kB
Mem:          3.8G       3.7G       121M       5.7M        28M       3.2G

MemTotal:        4016004 kB
MemFree:          124724 kB
Active:           349880 kB
Mem:          3.8G       3.7G       121M       5.7M        28M       3.2G

MemTotal:        4016004 kB
MemFree:          124724 kB
Active:           349884 kB
Mem:          3.8G       3.7G       121M       5.7M        28M       3.2G

MemTotal:        4016004 kB
MemFree:          124848 kB
Active:           349884 kB
Mem:          3.8G       3.7G       121M       5.7M        28M       3.2G

MemTotal:        4016004 kB
MemFree:          124724 kB
Active:           349892 kB
Mem:          3.8G       3.7G       121M       5.7M        28M       3.2G

MemTotal:        4016004 kB
MemFree:          124724 kB
Active:           349904 kB
Mem:          3.8G       3.7G       121M       5.7M        28M       3.2G

MemTotal:        4016004 kB
MemFree:          124724 kB
Active:           349908 kB
Mem:          3.8G       3.7G       121M       5.7M        28M       3.2G

MemTotal:        4016004 kB
MemFree:          124724 kB
Active:           349908 kB
Mem:          3.8G       3.7G       121M       5.7M        28M       3.2G

MemTotal:        4016004 kB
MemFree:          124848 kB
Active:           349908 kB
Mem:          3.8G       3.7G       121M       5.7M        28M       3.2G

MemTotal:        4016004 kB
MemFree:          124724 kB
Active:           349908 kB
Mem:          3.8G       3.7G       121M       5.7M        28M       3.2G

MemTotal:        4016004 kB
MemFree:          124724 kB
Active:           349912 kB
Mem:          3.8G       3.7G       121M       5.7M        28M       3.2G

MemTotal:        4016004 kB
MemFree:          124724 kB
Active:           349912 kB
Mem:          3.8G       3.7G       121M       5.7M        28M       3.2G

MemTotal:        4016004 kB
MemFree:          124848 kB
Active:           349920 kB
Mem:          3.8G       3.7G       121M       5.7M        28M       3.2G

MemTotal:        4016004 kB
MemFree:          124740 kB
Active:           349920 kB
Mem:          3.8G       3.7G       121M       5.7M        28M       3.2G

MemTotal:        4016004 kB
MemFree:          124740 kB
Active:           349924 kB
Mem:          3.8G       3.7G       121M       5.7M        28M       3.2G

MemTotal:        4016004 kB
MemFree:          124740 kB
Active:           349924 kB
Mem:          3.8G       3.7G       121M       5.7M        28M       3.2G

MemTotal:        4016004 kB
MemFree:          124740 kB
Active:           349924 kB
Mem:          3.8G       3.7G       121M       5.7M        28M       3.2G

MemTotal:        4016004 kB
MemFree:          124740 kB
Active:           349924 kB
Mem:          3.8G       3.7G       121M       5.7M        28M       3.2G

MemTotal:        4016004 kB
MemFree:          124740 kB
Active:           349932 kB
Mem:          3.8G       3.7G       121M       5.7M        28M       3.2G

MemTotal:        4016004 kB
MemFree:          124740 kB
Active:           349936 kB
Mem:          3.8G       3.7G       121M       5.7M        28M       3.2G

MemTotal:        4016004 kB
MemFree:          124740 kB
Active:           349940 kB
Mem:          3.8G       3.7G       121M       5.7M        28M       3.2G

MemTotal:        4016004 kB
MemFree:          124864 kB
Active:           349940 kB
Mem:          3.8G       3.7G       121M       5.7M        28M       3.2G

MemTotal:        4016004 kB
MemFree:          124740 kB
Active:           349940 kB
Mem:          3.8G       3.7G       121M       5.7M        28M       3.2G

MemTotal:        4016004 kB
MemFree:          124616 kB
Active:           349940 kB
Mem:          3.8G       3.7G       121M       5.7M        28M       3.2G

MemTotal:        4016004 kB
MemFree:          124616 kB
Active:           349948 kB
Mem:          3.8G       3.7G       121M       5.7M        28M       3.2G

MemTotal:        4016004 kB
MemFree:          124740 kB
Active:           349964 kB
Mem:          3.8G       3.7G       121M       5.7M        28M       3.2G

MemTotal:        4016004 kB
MemFree:          124740 kB
Active:           349964 kB
Mem:          3.8G       3.7G       121M       5.7M        28M       3.2G

MemTotal:        4016004 kB
MemFree:          124616 kB
Active:           349964 kB
Mem:          3.8G       3.7G       121M       5.7M        28M       3.2G

MemTotal:        4016004 kB
MemFree:          124740 kB
Active:           349964 kB
Mem:          3.8G       3.7G       121M       5.7M        28M       3.2G

MemTotal:        4016004 kB
MemFree:          124600 kB
Active:           350012 kB
Mem:          3.8G       3.7G       121M       5.7M        28M       3.2G

MemTotal:        4016004 kB
MemFree:          124600 kB
Active:           350012 kB
Mem:          3.8G       3.7G       121M       5.7M        28M       3.2G

MemTotal:        4016004 kB
MemFree:          124600 kB
Active:           350020 kB
Mem:          3.8G       3.7G       121M       5.7M        28M       3.2G

MemTotal:        4016004 kB
MemFree:          124600 kB
Active:           350020 kB
Mem:          3.8G       3.7G       121M       5.7M        28M       3.2G

MemTotal:        4016004 kB
MemFree:          124476 kB
Active:           350020 kB
Mem:          3.8G       3.7G       121M       5.7M        28M       3.2G

MemTotal:        4016004 kB
MemFree:          124476 kB
Active:           350024 kB
Mem:          3.8G       3.7G       121M       5.7M        28M       3.2G

MemTotal:        4016004 kB
MemFree:          124600 kB
Active:           350024 kB
Mem:          3.8G       3.7G       121M       5.7M        28M       3.2G

MemTotal:        4016004 kB
MemFree:          124600 kB
Active:           350024 kB
Mem:          3.8G       3.7G       121M       5.7M        28M       3.2G

MemTotal:        4016004 kB
MemFree:          124476 kB
Active:           350032 kB
Mem:          3.8G       3.7G       121M       5.7M        28M       3.2G

MemTotal:        4016004 kB
MemFree:          124476 kB
Active:           350032 kB
Mem:          3.8G       3.7G       121M       5.7M        28M       3.2G

MemTotal:        4016004 kB
MemFree:          124476 kB
Active:           350032 kB
Mem:          3.8G       3.7G       121M       5.7M        28M       3.2G

MemTotal:        4016004 kB
MemFree:          124476 kB
Active:           350032 kB
Mem:          3.8G       3.7G       121M       5.7M        28M       3.2G

MemTotal:        4016004 kB
MemFree:          124476 kB
Active:           350032 kB
Mem:          3.8G       3.7G       121M       5.7M        28M       3.2G

MemTotal:        4016004 kB
MemFree:          124476 kB
Active:           350032 kB
Mem:          3.8G       3.7G       121M       5.7M        28M       3.2G

MemTotal:        4016004 kB
MemFree:          124476 kB
Active:           350032 kB
Mem:          3.8G       3.7G       121M       5.7M        28M       3.2G

MemTotal:        4016004 kB
MemFree:          124476 kB
Active:           350032 kB
Mem:          3.8G       3.7G       121M       5.7M        28M       3.2G

MemTotal:        4016004 kB
MemFree:          124492 kB
Active:           350032 kB
Mem:          3.8G       3.7G       121M       5.7M        28M       3.2G

MemTotal:        4016004 kB
MemFree:          124492 kB
Active:           350036 kB
Mem:          3.8G       3.7G       121M       5.7M        28M       3.2G

MemTotal:        4016004 kB
MemFree:          124492 kB
Active:           350040 kB
Mem:          3.8G       3.7G       121M       5.7M        28M       3.2G

MemTotal:        4016004 kB
MemFree:          124492 kB
Active:           350040 kB
Mem:          3.8G       3.7G       121M       5.7M        28M       3.2G

MemTotal:        4016004 kB
MemFree:          124616 kB
Active:           350040 kB
Mem:          3.8G       3.7G       121M       5.7M        28M       3.2G

MemTotal:        4016004 kB
MemFree:          124492 kB
Active:           350040 kB
Mem:          3.8G       3.7G       121M       5.7M        28M       3.2G

MemTotal:        4016004 kB
MemFree:          124492 kB
Active:           350040 kB
Mem:          3.8G       3.7G       121M       5.7M        28M       3.2G

MemTotal:        4016004 kB
MemFree:          124492 kB
Active:           350040 kB
Mem:          3.8G       3.7G       121M       5.7M        28M       3.2G

MemTotal:        4016004 kB
MemFree:          124492 kB
Active:           350048 kB
Mem:          3.8G       3.7G       121M       5.7M        28M       3.2G

MemTotal:        4016004 kB
MemFree:          124492 kB
Active:           350052 kB
Mem:          3.8G       3.7G       121M       5.7M        28M       3.2G

MemTotal:        4016004 kB
MemFree:          124492 kB
Active:           350056 kB
Mem:          3.8G       3.7G       121M       5.7M        28M       3.2G

MemTotal:        4016004 kB
MemFree:          124492 kB
Active:           350056 kB
Mem:          3.8G       3.7G       121M       5.7M        28M       3.2G

MemTotal:        4016004 kB
MemFree:          124492 kB
Active:           350056 kB
Mem:          3.8G       3.7G       121M       5.7M        28M       3.2G

MemTotal:        4016004 kB
MemFree:          124492 kB
Active:           350056 kB
Mem:          3.8G       3.7G       121M       5.7M        28M       3.2G

MemTotal:        4016004 kB
MemFree:          124492 kB
Active:           350060 kB
Mem:          3.8G       3.7G       121M       5.7M        28M       3.2G

MemTotal:        4016004 kB
MemFree:          124492 kB
Active:           350068 kB
Mem:          3.8G       3.7G       121M       5.7M        28M       3.2G

MemTotal:        4016004 kB
MemFree:          124368 kB
Active:           350072 kB
Mem:          3.8G       3.7G       121M       5.7M        28M       3.2G

MemTotal:        4016004 kB
MemFree:          124492 kB
Active:           350072 kB
Mem:          3.8G       3.7G       121M       5.7M        28M       3.2G

MemTotal:        4016004 kB
MemFree:          124492 kB
Active:           350072 kB
Mem:          3.8G       3.7G       121M       5.7M        28M       3.2G

MemTotal:        4016004 kB
MemFree:          124492 kB
Active:           350072 kB
Mem:          3.8G       3.7G       121M       5.7M        28M       3.2G

MemTotal:        4016004 kB
MemFree:          124492 kB
Active:           350072 kB
Mem:          3.8G       3.7G       121M       5.7M        28M       3.2G

MemTotal:        4016004 kB
MemFree:          124492 kB
Active:           350088 kB
Mem:          3.8G       3.7G       121M       5.7M        28M       3.2G

MemTotal:        4016004 kB
MemFree:          124492 kB
Active:           350088 kB
Mem:          3.8G       3.7G       121M       5.7M        28M       3.2G

MemTotal:        4016004 kB
MemFree:          124492 kB
Active:           350092 kB
Mem:          3.8G       3.7G       121M       5.7M        28M       3.2G

MemTotal:        4016004 kB
MemFree:          124492 kB
Active:           350092 kB
Mem:          3.8G       3.7G       121M       5.7M        28M       3.2G

MemTotal:        4016004 kB
MemFree:          124368 kB
Active:           350092 kB
Mem:          3.8G       3.7G       121M       5.7M        28M       3.2G

MemTotal:        4016004 kB
MemFree:          124368 kB
Active:           350092 kB
Mem:          3.8G       3.7G       121M       5.7M        28M       3.2G

MemTotal:        4016004 kB
MemFree:          124368 kB
Active:           350100 kB
Mem:          3.8G       3.7G       121M       5.7M        28M       3.2G

MemTotal:        4016004 kB
MemFree:          124368 kB
Active:           350100 kB
Mem:          3.8G       3.7G       121M       5.7M        28M       3.2G

MemTotal:        4016004 kB
MemFree:          124368 kB
Active:           350100 kB
Mem:          3.8G       3.7G       121M       5.7M        28M       3.2G

MemTotal:        4016004 kB
MemFree:          124368 kB
Active:           350104 kB
Mem:          3.8G       3.7G       121M       5.7M        28M       3.2G

MemTotal:        4016004 kB
MemFree:          124368 kB
Active:           350104 kB
Mem:          3.8G       3.7G       121M       5.7M        28M       3.2G

MemTotal:        4016004 kB
MemFree:          124492 kB
Active:           350104 kB
Mem:          3.8G       3.7G       121M       5.7M        28M       3.2G

MemTotal:        4016004 kB
MemFree:          124368 kB
Active:           350104 kB
Mem:          3.8G       3.7G       121M       5.7M        28M       3.2G

MemTotal:        4016004 kB
MemFree:          124244 kB
Active:           350104 kB
Mem:          3.8G       3.7G       121M       5.7M        28M       3.2G

MemTotal:        4016004 kB
MemFree:          124244 kB
Active:           350104 kB
Mem:          3.8G       3.7G       121M       5.7M        28M       3.2G

MemTotal:        4016004 kB
MemFree:          124244 kB
Active:           350112 kB
Mem:          3.8G       3.7G       121M       5.7M        28M       3.2G

MemTotal:        4016004 kB
MemFree:          124244 kB
Active:           350112 kB
Mem:          3.8G       3.7G       121M       5.7M        28M       3.2G

MemTotal:        4016004 kB
MemFree:          124368 kB
Active:           350112 kB
Mem:          3.8G       3.7G       121M       5.7M        28M       3.2G

MemTotal:        4016004 kB
MemFree:          124368 kB
Active:           350112 kB
Mem:          3.8G       3.7G       121M       5.7M        28M       3.2G

MemTotal:        4016004 kB
MemFree:          124368 kB
Active:           350112 kB
Mem:          3.8G       3.7G       121M       5.7M        28M       3.2G

MemTotal:        4016004 kB
MemFree:          124368 kB
Active:           350112 kB
Mem:          3.8G       3.7G       121M       5.7M        28M       3.2G

MemTotal:        4016004 kB
MemFree:          124492 kB
Active:           350116 kB
Mem:          3.8G       3.7G       121M       5.7M        28M       3.2G

MemTotal:        4016004 kB
MemFree:          124492 kB
Active:           350116 kB
Mem:          3.8G       3.7G       121M       5.7M        28M       3.2G

MemTotal:        4016004 kB
MemFree:          124368 kB
Active:           350128 kB
Mem:          3.8G       3.7G       121M       5.7M        28M       3.2G

MemTotal:        4016004 kB
MemFree:          124368 kB
Active:           350128 kB
Mem:          3.8G       3.7G       121M       5.7M        28M       3.2G

MemTotal:        4016004 kB
MemFree:          124368 kB
Active:           350128 kB
Mem:          3.8G       3.7G       121M       5.7M        28M       3.2G

MemTotal:        4016004 kB
MemFree:          124492 kB
Active:           350128 kB
Mem:          3.8G       3.7G       121M       5.7M        28M       3.2G

MemTotal:        4016004 kB
MemFree:          124368 kB
Active:           350128 kB
Mem:          3.8G       3.7G       121M       5.7M        28M       3.2G

MemTotal:        4016004 kB
MemFree:          124492 kB
Active:           350136 kB
Mem:          3.8G       3.7G       121M       5.7M        28M       3.2G

MemTotal:        4016004 kB
MemFree:          124368 kB
Active:           350136 kB
Mem:          3.8G       3.7G       121M       5.7M        28M       3.2G

MemTotal:        4016004 kB
MemFree:          124368 kB
Active:           350144 kB
Mem:          3.8G       3.7G       121M       5.7M        28M       3.2G

MemTotal:        4016004 kB
MemFree:          124368 kB
Active:           350144 kB
Mem:          3.8G       3.7G       121M       5.7M        28M       3.2G

MemTotal:        4016004 kB
MemFree:          124368 kB
Active:           350144 kB
Mem:          3.8G       3.7G       121M       5.7M        28M       3.2G

MemTotal:        4016004 kB
MemFree:          124368 kB
Active:           350144 kB
Mem:          3.8G       3.7G       121M       5.7M        28M       3.2G

MemTotal:        4016004 kB
MemFree:          124368 kB
Active:           350148 kB
Mem:          3.8G       3.7G       121M       5.7M        28M       3.2G

MemTotal:        4016004 kB
MemFree:          124492 kB
Active:           350156 kB
Mem:          3.8G       3.7G       121M       5.7M        28M       3.2G

MemTotal:        4016004 kB
MemFree:          124368 kB
Active:           350156 kB
Mem:          3.8G       3.7G       121M       5.7M        28M       3.2G

MemTotal:        4016004 kB
MemFree:          124368 kB
Active:           350160 kB
Mem:          3.8G       3.7G       121M       5.7M        28M       3.2G

MemTotal:        4016004 kB
MemFree:          124368 kB
Active:           350164 kB
Mem:          3.8G       3.7G       121M       5.7M        28M       3.2G

MemTotal:        4016004 kB
MemFree:          124368 kB
Active:           350164 kB
Mem:          3.8G       3.7G       121M       5.7M        28M       3.2G

MemTotal:        4016004 kB
MemFree:          124368 kB
Active:           350164 kB
Mem:          3.8G       3.7G       121M       5.7M        28M       3.2G

MemTotal:        4016004 kB
MemFree:          124368 kB
Active:           350164 kB
Mem:          3.8G       3.7G       121M       5.7M        28M       3.2G

MemTotal:        4016004 kB
MemFree:          124368 kB
Active:           350164 kB
Mem:          3.8G       3.7G       121M       5.7M        28M       3.2G

MemTotal:        4016004 kB
MemFree:          124368 kB
Active:           350172 kB
Mem:          3.8G       3.7G       121M       5.7M        28M       3.2G

MemTotal:        4016004 kB
MemFree:          124368 kB
Active:           350172 kB
Mem:          3.8G       3.7G       121M       5.7M        28M       3.2G

MemTotal:        4016004 kB
MemFree:          124492 kB
Active:           350172 kB
Mem:          3.8G       3.7G       121M       5.7M        28M       3.2G

MemTotal:        4016004 kB
MemFree:          124368 kB
Active:           350172 kB
Mem:          3.8G       3.7G       121M       5.7M        28M       3.2G

MemTotal:        4016004 kB
MemFree:          124368 kB
Active:           350172 kB
Mem:          3.8G       3.7G       121M       5.7M        28M       3.2G

MemTotal:        4016004 kB
MemFree:          124368 kB
Active:           350176 kB
Mem:          3.8G       3.7G       121M       5.7M        28M       3.2G

MemTotal:        4016004 kB
MemFree:          124368 kB
Active:           350176 kB
Mem:          3.8G       3.7G       121M       5.7M        28M       3.2G

MemTotal:        4016004 kB
MemFree:          124368 kB
Active:           350176 kB
Mem:          3.8G       3.7G       121M       5.7M        28M       3.2G

MemTotal:        4016004 kB
MemFree:          124368 kB
Active:           350192 kB
Mem:          3.8G       3.7G       121M       5.7M        28M       3.2G

MemTotal:        4016004 kB
MemFree:          124244 kB
Active:           350196 kB
Mem:          3.8G       3.7G       121M       5.7M        28M       3.2G

MemTotal:        4016004 kB
MemFree:          124368 kB
Active:           350196 kB
Mem:          3.8G       3.7G       121M       5.7M        28M       3.2G

MemTotal:        4016004 kB
MemFree:          124368 kB
Active:           350196 kB
Mem:          3.8G       3.7G       121M       5.7M        28M       3.2G

MemTotal:        4016004 kB
MemFree:          124244 kB
Active:           350196 kB
Mem:          3.8G       3.7G       121M       5.7M        28M       3.2G

MemTotal:        4016004 kB
MemFree:          124244 kB
Active:           350196 kB
Mem:          3.8G       3.7G       121M       5.7M        28M       3.2G

MemTotal:        4016004 kB
MemFree:          124244 kB
Active:           350204 kB
Mem:          3.8G       3.7G       121M       5.7M        28M       3.2G

MemTotal:        4016004 kB
MemFree:          124244 kB
Active:           350204 kB
Mem:          3.8G       3.7G       121M       5.7M        28M       3.2G

MemTotal:        4016004 kB
MemFree:          124244 kB
Active:           350208 kB
Mem:          3.8G       3.7G       121M       5.7M        28M       3.2G

MemTotal:        4016004 kB
MemFree:          124244 kB
Active:           350208 kB
Mem:          3.8G       3.7G       121M       5.7M        28M       3.2G

MemTotal:        4016004 kB
MemFree:          124244 kB
Active:           350208 kB
Mem:          3.8G       3.7G       121M       5.7M        28M       3.2G

MemTotal:        4016004 kB
MemFree:          124244 kB
Active:           350208 kB
Mem:          3.8G       3.7G       121M       5.7M        28M       3.2G

MemTotal:        4016004 kB
MemFree:          124244 kB
Active:           350216 kB
Mem:          3.8G       3.7G       121M       5.7M        28M       3.2G

MemTotal:        4016004 kB
MemFree:          124244 kB
Active:           350220 kB
Mem:          3.8G       3.7G       121M       5.7M        28M       3.2G

MemTotal:        4016004 kB
MemFree:          124244 kB
Active:           350220 kB
Mem:          3.8G       3.7G       121M       5.7M        28M       3.2G

MemTotal:        4016004 kB
MemFree:          124244 kB
Active:           350220 kB
Mem:          3.8G       3.7G       121M       5.7M        28M       3.2G

MemTotal:        4016004 kB
MemFree:          124244 kB
Active:           350220 kB
Mem:          3.8G       3.7G       121M       5.7M        28M       3.2G

MemTotal:        4016004 kB
MemFree:          124244 kB
Active:           350220 kB
Mem:          3.8G       3.7G       121M       5.7M        28M       3.2G

MemTotal:        4016004 kB
MemFree:          124244 kB
Active:           350220 kB
Mem:          3.8G       3.7G       121M       5.7M        28M       3.2G

MemTotal:        4016004 kB
MemFree:          124120 kB
Active:           350228 kB
Mem:          3.8G       3.7G       121M       5.7M        28M       3.2G

MemTotal:        4016004 kB
MemFree:          124244 kB
Active:           350228 kB
Mem:          3.8G       3.7G       121M       5.7M        28M       3.2G

MemTotal:        4016004 kB
MemFree:          124244 kB
Active:           350228 kB
Mem:          3.8G       3.7G       121M       5.7M        28M       3.2G

MemTotal:        4016004 kB
MemFree:          124244 kB
Active:           350228 kB
Mem:          3.8G       3.7G       121M       5.7M        28M       3.2G

MemTotal:        4016004 kB
MemFree:          124244 kB
Active:           350228 kB
Mem:          3.8G       3.7G       121M       5.7M        28M       3.2G

MemTotal:        4016004 kB
MemFree:          124244 kB
Active:           350228 kB
Mem:          3.8G       3.7G       121M       5.7M        28M       3.2G

MemTotal:        4016004 kB
MemFree:          124244 kB
Active:           350236 kB
Mem:          3.8G       3.7G       121M       5.7M        28M       3.2G

MemTotal:        4016004 kB
MemFree:          124120 kB
Active:           350236 kB
Mem:          3.8G       3.7G       121M       5.7M        28M       3.2G

MemTotal:        4016004 kB
MemFree:          124244 kB
Active:           350240 kB
Mem:          3.8G       3.7G       121M       5.7M        28M       3.2G

MemTotal:        4016004 kB
MemFree:          124244 kB
Active:           350240 kB
Mem:          3.8G       3.7G       121M       5.7M        28M       3.2G

MemTotal:        4016004 kB
MemFree:          124120 kB
Active:           350240 kB
Mem:          3.8G       3.7G       121M       5.7M        28M       3.2G

MemTotal:        4016004 kB
MemFree:          124368 kB
Active:           350240 kB
Mem:          3.8G       3.7G       121M       5.7M        28M       3.2G

MemTotal:        4016004 kB
MemFree:          124432 kB
Active:           350024 kB
Mem:          3.8G       3.7G       121M       5.7M        28M       3.2G

MemTotal:        4016004 kB
MemFree:          124556 kB
Active:           350008 kB
Mem:          3.8G       3.7G       121M       5.7M        28M       3.2G

MemTotal:        4016004 kB
MemFree:          124556 kB
Active:           350032 kB
Mem:          3.8G       3.7G       121M       5.7M        28M       3.2G

MemTotal:        4016004 kB
MemFree:          124556 kB
Active:           350040 kB
Mem:          3.8G       3.7G       121M       5.7M        28M       3.2G

MemTotal:        4016004 kB
MemFree:          124556 kB
Active:           350016 kB
Mem:          3.8G       3.7G       121M       5.7M        28M       3.2G

MemTotal:        4016004 kB
MemFree:          123936 kB
Active:           350040 kB
Mem:          3.8G       3.7G       121M       5.7M        28M       3.2G

MemTotal:        4016004 kB
MemFree:          123936 kB
Active:           350020 kB
Mem:          3.8G       3.7G       120M       5.7M        28M       3.2G

MemTotal:        4016004 kB
MemFree:          123440 kB
Active:           350040 kB
Mem:          3.8G       3.7G       120M       5.7M        28M       3.2G

MemTotal:        4016004 kB
MemFree:          123936 kB
Active:           350000 kB
Mem:          3.8G       3.7G       121M       5.7M        28M       3.2G

MemTotal:        4016004 kB
MemFree:          123768 kB
Active:           350056 kB
Mem:          3.8G       3.7G       120M       5.7M        28M       3.2G

MemTotal:        4016004 kB
MemFree:          124388 kB
Active:           350016 kB
Mem:          3.8G       3.7G       121M       5.7M        28M       3.2G

MemTotal:        4016004 kB
MemFree:          124512 kB
Active:           350044 kB
Mem:          3.8G       3.7G       121M       5.7M        28M       3.2G

MemTotal:        4016004 kB
MemFree:          124388 kB
Active:           350016 kB
Mem:          3.8G       3.7G       121M       5.7M        28M       3.2G

MemTotal:        4016004 kB
MemFree:          124388 kB
Active:           350040 kB
Mem:          3.8G       3.7G       121M       5.7M        28M       3.2G

MemTotal:        4016004 kB
MemFree:          124388 kB
Active:           350032 kB
Mem:          3.8G       3.7G       121M       5.7M        28M       3.2G

MemTotal:        4016004 kB
MemFree:          124512 kB
Active:           350048 kB
Mem:          3.8G       3.7G       121M       5.7M        28M       3.2G

MemTotal:        4016004 kB
MemFree:          124512 kB
Active:           350036 kB
Mem:          3.8G       3.7G       121M       5.7M        28M       3.2G

MemTotal:        4016004 kB
MemFree:          124140 kB
Active:           350068 kB
Mem:          3.8G       3.7G       121M       5.7M        28M       3.2G

MemTotal:        4016004 kB
MemFree:          124264 kB
Active:           350068 kB
Mem:          3.8G       3.7G       121M       5.7M        28M       3.2G

MemTotal:        4016004 kB
MemFree:          124760 kB
Active:           350064 kB
Mem:          3.8G       3.7G       121M       5.7M        28M       3.2G

MemTotal:        4016004 kB
MemFree:          124512 kB
Active:           350036 kB
Mem:          3.8G       3.7G       121M       5.7M        28M       3.2G

MemTotal:        4016004 kB
MemFree:          124636 kB
Active:           350068 kB
Mem:          3.8G       3.7G       121M       5.7M        28M       3.2G

MemTotal:        4016004 kB
MemFree:          124684 kB
Active:           350024 kB
Mem:          3.8G       3.7G       121M       5.7M        28M       3.2G

MemTotal:        4016004 kB
MemFree:          124312 kB
Active:           350088 kB
Mem:          3.8G       3.7G       121M       5.7M        28M       3.2G

MemTotal:        4016004 kB
MemFree:          124560 kB
Active:           350048 kB
Mem:          3.8G       3.7G       121M       5.7M        28M       3.2G

MemTotal:        4016004 kB
MemFree:          124684 kB
Active:           350084 kB
Mem:          3.8G       3.7G       121M       5.7M        28M       3.2G

MemTotal:        4016004 kB
MemFree:          124312 kB
Active:           350092 kB
Mem:          3.8G       3.7G       121M       5.7M        28M       3.2G

MemTotal:        4016004 kB
MemFree:          124436 kB
Active:           350092 kB
Mem:          3.8G       3.7G       121M       5.7M        28M       3.2G

MemTotal:        4016004 kB
MemFree:          124312 kB
Active:           350092 kB
Mem:          3.8G       3.7G       121M       5.7M        28M       3.2G

MemTotal:        4016004 kB
MemFree:          124312 kB
Active:           350044 kB
