MemTotal:        4016004 kB
MemFree:         3253656 kB
Active:           406876 kB
Mem:          3.8G       744M       3.1G       5.7M        55M       314M

MemTotal:        4016004 kB
MemFree:         3253956 kB
Active:           406948 kB
Mem:          3.8G       744M       3.1G       5.7M        55M       314M

MemTotal:        4016004 kB
MemFree:         3254080 kB
Active:           407028 kB
Mem:          3.8G       744M       3.1G       5.7M        55M       314M

MemTotal:        4016004 kB
MemFree:         3254064 kB
Active:           407068 kB
Mem:          3.8G       743M       3.1G       5.7M        55M       314M

MemTotal:        4016004 kB
MemFree:         3253784 kB
Active:           407072 kB
Mem:          3.8G       744M       3.1G       5.7M        55M       314M

MemTotal:        4016004 kB
MemFree:         3254000 kB
Active:           407096 kB
Mem:          3.8G       743M       3.1G       5.7M        55M       314M

MemTotal:        4016004 kB
MemFree:         3253564 kB
Active:           405060 kB
Mem:          3.8G       744M       3.1G       5.7M        55M       314M

MemTotal:        4016004 kB
MemFree:         3253688 kB
Active:           407108 kB
Mem:          3.8G       744M       3.1G       5.7M        55M       314M

MemTotal:        4016004 kB
MemFree:         3253564 kB
Active:           407108 kB
Mem:          3.8G       744M       3.1G       5.7M        55M       314M

MemTotal:        4016004 kB
MemFree:         3254060 kB
Active:           407104 kB
Mem:          3.8G       744M       3.1G       5.7M        55M       314M

MemTotal:        4016004 kB
MemFree:         3254184 kB
Active:           407060 kB
Mem:          3.8G       743M       3.1G       5.7M        55M       314M

MemTotal:        4016004 kB
MemFree:         3254292 kB
Active:           407068 kB
Mem:          3.8G       743M       3.1G       5.7M        55M       314M

MemTotal:        4016004 kB
MemFree:         3254356 kB
Active:           407092 kB
Mem:          3.8G       743M       3.1G       5.7M        55M       314M

MemTotal:        4016004 kB
MemFree:         3254728 kB
Active:           407084 kB
Mem:          3.8G       743M       3.1G       5.7M        55M       314M

MemTotal:        4016004 kB
MemFree:         3254728 kB
Active:           407076 kB
Mem:          3.8G       743M       3.1G       5.7M        55M       314M

MemTotal:        4016004 kB
MemFree:         3254496 kB
Active:           407120 kB
Mem:          3.8G       743M       3.1G       5.7M        55M       314M

MemTotal:        4016004 kB
MemFree:         3254480 kB
Active:           407112 kB
Mem:          3.8G       743M       3.1G       5.7M        55M       314M

MemTotal:        4016004 kB
MemFree:         3254464 kB
Active:           407104 kB
Mem:          3.8G       743M       3.1G       5.7M        55M       314M

MemTotal:        4016004 kB
MemFree:         3254836 kB
Active:           407100 kB
Mem:          3.8G       743M       3.1G       5.7M        55M       314M

MemTotal:        4016004 kB
MemFree:         3254712 kB
Active:           407096 kB
Mem:          3.8G       743M       3.1G       5.7M        55M       314M

MemTotal:        4016004 kB
MemFree:         3254464 kB
Active:           407084 kB
Mem:          3.8G       743M       3.1G       5.7M        55M       314M

MemTotal:        4016004 kB
MemFree:         3254588 kB
Active:           407088 kB
Mem:          3.8G       743M       3.1G       5.7M        55M       314M

MemTotal:        4016004 kB
MemFree:         3254464 kB
Active:           407092 kB
Mem:          3.8G       743M       3.1G       5.7M        55M       314M

MemTotal:        4016004 kB
MemFree:         3254340 kB
Active:           407088 kB
Mem:          3.8G       743M       3.1G       5.7M        55M       314M

MemTotal:        4016004 kB
MemFree:         3254464 kB
Active:           407112 kB
Mem:          3.8G       743M       3.1G       5.7M        55M       314M

MemTotal:        4016004 kB
MemFree:         3254512 kB
Active:           407116 kB
Mem:          3.8G       743M       3.1G       5.7M        55M       314M

MemTotal:        4016004 kB
MemFree:         3252464 kB
Active:           407092 kB
Mem:          3.8G       745M       3.1G       5.7M        55M       314M

MemTotal:        4016004 kB
MemFree:         3252588 kB
Active:           409112 kB
Mem:          3.8G       745M       3.1G       5.7M        55M       314M

MemTotal:        4016004 kB
MemFree:         3252200 kB
Active:           409164 kB
Mem:          3.8G       746M       3.1G       5.7M        55M       314M

MemTotal:        4016004 kB
MemFree:         3252308 kB
Active:           409120 kB
Mem:          3.8G       745M       3.1G       5.7M        55M       314M

MemTotal:        4016004 kB
MemFree:         3252292 kB
Active:           409124 kB
Mem:          3.8G       745M       3.1G       5.7M        55M       314M

MemTotal:        4016004 kB
MemFree:         3251920 kB
Active:           409164 kB
Mem:          3.8G       746M       3.1G       5.7M        55M       314M

MemTotal:        4016004 kB
MemFree:         3252168 kB
Active:           409112 kB
Mem:          3.8G       745M       3.1G       5.7M        55M       314M

MemTotal:        4016004 kB
MemFree:         3252168 kB
Active:           409112 kB
Mem:          3.8G       745M       3.1G       5.7M        55M       314M

MemTotal:        4016004 kB
MemFree:         3252168 kB
Active:           409116 kB
Mem:          3.8G       745M       3.1G       5.7M        55M       314M

MemTotal:        4016004 kB
MemFree:         3251920 kB
Active:           409172 kB
Mem:          3.8G       746M       3.1G       5.7M        55M       314M

MemTotal:        4016004 kB
MemFree:         3252168 kB
Active:           409128 kB
Mem:          3.8G       746M       3.1G       5.7M        55M       314M

MemTotal:        4016004 kB
MemFree:         3252092 kB
Active:           409124 kB
Mem:          3.8G       745M       3.1G       5.7M        55M       314M

MemTotal:        4016004 kB
MemFree:         3252340 kB
Active:           409128 kB
Mem:          3.8G       745M       3.1G       5.7M        55M       314M

MemTotal:        4016004 kB
MemFree:         3252340 kB
Active:           409172 kB
Mem:          3.8G       745M       3.1G       5.7M        55M       314M

MemTotal:        4016004 kB
MemFree:         3252324 kB
Active:           409168 kB
Mem:          3.8G       745M       3.1G       5.7M        55M       314M

MemTotal:        4016004 kB
MemFree:         3252184 kB
Active:           409168 kB
Mem:          3.8G       746M       3.1G       5.7M        55M       314M

MemTotal:        4016004 kB
MemFree:         3251796 kB
Active:           409188 kB
Mem:          3.8G       746M       3.1G       5.7M        55M       314M

MemTotal:        4016004 kB
MemFree:         3252168 kB
Active:           409176 kB
Mem:          3.8G       746M       3.1G       5.7M        55M       314M

MemTotal:        4016004 kB
MemFree:         3252044 kB
Active:           409184 kB
Mem:          3.8G       746M       3.1G       5.7M        55M       314M

MemTotal:        4016004 kB
MemFree:         3252168 kB
Active:           409180 kB
Mem:          3.8G       745M       3.1G       5.7M        55M       314M

MemTotal:        4016004 kB
MemFree:         3252168 kB
Active:           409180 kB
Mem:          3.8G       745M       3.1G       5.7M        55M       314M

MemTotal:        4016004 kB
MemFree:         3252168 kB
Active:           409160 kB
Mem:          3.8G       745M       3.1G       5.7M        55M       314M

MemTotal:        4016004 kB
MemFree:         3252416 kB
Active:           409152 kB
Mem:          3.8G       745M       3.1G       5.7M        55M       314M

MemTotal:        4016004 kB
MemFree:         3252464 kB
Active:           409152 kB
Mem:          3.8G       745M       3.1G       5.7M        55M       314M

MemTotal:        4016004 kB
MemFree:         3252464 kB
Active:           409152 kB
Mem:          3.8G       745M       3.1G       5.7M        55M       314M

MemTotal:        4016004 kB
MemFree:         3252464 kB
Active:           409192 kB
Mem:          3.8G       746M       3.1G       5.7M        55M       314M

MemTotal:        4016004 kB
MemFree:         3252092 kB
Active:           409212 kB
Mem:          3.8G       746M       3.1G       5.7M        55M       314M

MemTotal:        4016004 kB
MemFree:         3251580 kB
Active:           409220 kB
Mem:          3.8G       746M       3.1G       5.7M        55M       314M

MemTotal:        4016004 kB
MemFree:         3251828 kB
Active:           409220 kB
Mem:          3.8G       745M       3.1G       5.7M        55M       314M

MemTotal:        4016004 kB
MemFree:         3252308 kB
Active:           409196 kB
Mem:          3.8G       745M       3.1G       5.7M        55M       314M

MemTotal:        4016004 kB
MemFree:         3251920 kB
Active:           409224 kB
Mem:          3.8G       746M       3.1G       5.7M        55M       314M

MemTotal:        4016004 kB
MemFree:         3251796 kB
Active:           409224 kB
Mem:          3.8G       746M       3.1G       5.7M        55M       314M

MemTotal:        4016004 kB
MemFree:         3252044 kB
Active:           409224 kB
Mem:          3.8G       746M       3.1G       5.7M        55M       314M

MemTotal:        4016004 kB
MemFree:         3251548 kB
Active:           409232 kB
Mem:          3.8G       746M       3.1G       5.7M        55M       314M

MemTotal:        4016004 kB
MemFree:         3251872 kB
Active:           409324 kB
Mem:          3.8G       746M       3.1G       5.7M        55M       314M

MemTotal:        4016004 kB
MemFree:         3136076 kB
Active:           409940 kB
Mem:          3.8G       860M       3.0G       5.7M        55M       426M

MemTotal:        4016004 kB
MemFree:         3022980 kB
Active:           409948 kB
Mem:          3.8G       971M       2.9G       5.7M        55M       535M

MemTotal:        4016004 kB
MemFree:         3018976 kB
Active:           409972 kB
Mem:          3.8G       973M       2.9G       5.7M        55M       537M

MemTotal:        4016004 kB
MemFree:         2944868 kB
Active:           409996 kB
Mem:          3.8G       1.0G       2.8G       5.7M        55M       610M

MemTotal:        4016004 kB
MemFree:         2829044 kB
Active:           409988 kB
Mem:          3.8G       1.1G       2.7G       5.7M        55M       722M

MemTotal:        4016004 kB
MemFree:         2796488 kB
Active:           410008 kB
Mem:          3.8G       1.2G       2.7G       5.7M        55M       752M

MemTotal:        4016004 kB
MemFree:         2742176 kB
Active:           410012 kB
Mem:          3.8G       1.2G       2.6G       5.7M        55M       804M

MemTotal:        4016004 kB
MemFree:         2697052 kB
Active:           410024 kB
Mem:          3.8G       1.3G       2.6G       5.7M        55M       847M

MemTotal:        4016004 kB
MemFree:         2695580 kB
Active:           410032 kB
Mem:          3.8G       1.3G       2.6G       5.7M        55M       848M

MemTotal:        4016004 kB
MemFree:         2694712 kB
Active:           410036 kB
Mem:          3.8G       1.3G       2.6G       5.7M        55M       849M

MemTotal:        4016004 kB
MemFree:         2693940 kB
Active:           410004 kB
Mem:          3.8G       1.3G       2.6G       5.7M        55M       850M

MemTotal:        4016004 kB
MemFree:         2692100 kB
Active:           410020 kB
Mem:          3.8G       1.3G       2.6G       5.7M        55M       852M

MemTotal:        4016004 kB
MemFree:         2601236 kB
Active:           410044 kB
Mem:          3.8G       1.4G       2.5G       5.7M        55M       942M

MemTotal:        4016004 kB
MemFree:         2464656 kB
Active:           410024 kB
Mem:          3.8G       1.5G       2.3G       5.7M        55M       1.0G

MemTotal:        4016004 kB
MemFree:         2343444 kB
Active:           410052 kB
Mem:          3.8G       1.6G       2.2G       5.7M        55M       1.2G

MemTotal:        4016004 kB
MemFree:         2342128 kB
Active:           410052 kB
Mem:          3.8G       1.6G       2.2G       5.7M        55M       1.2G

MemTotal:        4016004 kB
MemFree:         2245652 kB
Active:           410064 kB
Mem:          3.8G       1.7G       2.1G       5.7M        55M       1.3G

MemTotal:        4016004 kB
MemFree:         2241364 kB
Active:           410064 kB
Mem:          3.8G       1.7G       2.1G       5.7M        55M       1.3G

MemTotal:        4016004 kB
MemFree:         2158296 kB
Active:           410072 kB
Mem:          3.8G       1.8G       2.1G       5.7M        55M       1.3G

MemTotal:        4016004 kB
MemFree:         2142876 kB
Active:           410072 kB
Mem:          3.8G       1.8G       2.0G       5.7M        55M       1.3G

MemTotal:        4016004 kB
MemFree:         2141720 kB
Active:           410104 kB
Mem:          3.8G       1.8G       2.0G       5.7M        55M       1.3G

MemTotal:        4016004 kB
MemFree:         2140916 kB
Active:           410092 kB
Mem:          3.8G       1.8G       2.0G       5.7M        55M       1.3G

MemTotal:        4016004 kB
MemFree:         2139928 kB
Active:           410088 kB
Mem:          3.8G       1.8G       2.0G       5.7M        55M       1.4G

MemTotal:        4016004 kB
MemFree:         2116540 kB
Active:           410092 kB
Mem:          3.8G       1.8G       2.0G       5.7M        55M       1.4G

MemTotal:        4016004 kB
MemFree:         2006072 kB
Active:           410128 kB
Mem:          3.8G       1.9G       1.9G       5.7M        55M       1.5G

MemTotal:        4016004 kB
MemFree:         1869228 kB
Active:           410128 kB
Mem:          3.8G       2.0G       1.8G       5.7M        55M       1.6G

MemTotal:        4016004 kB
MemFree:         1789796 kB
Active:           410128 kB
Mem:          3.8G       2.1G       1.7G       5.7M        55M       1.7G

MemTotal:        4016004 kB
MemFree:         1775300 kB
Active:           410140 kB
Mem:          3.8G       2.1G       1.7G       5.7M        55M       1.7G

MemTotal:        4016004 kB
MemFree:         1690588 kB
Active:           410148 kB
Mem:          3.8G       2.2G       1.6G       5.7M        55M       1.8G

MemTotal:        4016004 kB
MemFree:         1685028 kB
Active:           410108 kB
Mem:          3.8G       2.2G       1.6G       5.7M        55M       1.8G

MemTotal:        4016004 kB
MemFree:         1590772 kB
Active:           410152 kB
Mem:          3.8G       2.3G       1.5G       5.7M        55M       1.9G

MemTotal:        4016004 kB
MemFree:         1584420 kB
Active:           410152 kB
Mem:          3.8G       2.3G       1.5G       5.7M        55M       1.9G

MemTotal:        4016004 kB
MemFree:         1490080 kB
Active:           410164 kB
Mem:          3.8G       2.4G       1.4G       5.7M        55M       2.0G

MemTotal:        4016004 kB
MemFree:         1490072 kB
Active:           410160 kB
Mem:          3.8G       2.4G       1.4G       5.7M        55M       2.0G

MemTotal:        4016004 kB
MemFree:         1490160 kB
Active:           410176 kB
Mem:          3.8G       2.4G       1.4G       5.7M        55M       2.0G

MemTotal:        4016004 kB
MemFree:         1489412 kB
Active:           408228 kB
Mem:          3.8G       2.4G       1.4G       5.7M        55M       2.0G

MemTotal:        4016004 kB
MemFree:         1488872 kB
Active:           410280 kB
Mem:          3.8G       2.4G       1.4G       5.7M        55M       2.0G

MemTotal:        4016004 kB
MemFree:         1403988 kB
Active:           410280 kB
Mem:          3.8G       2.5G       1.3G       5.7M        55M       2.0G

MemTotal:        4016004 kB
MemFree:         1275872 kB
Active:           410280 kB
Mem:          3.8G       2.6G       1.2G       5.7M        55M       2.2G

MemTotal:        4016004 kB
MemFree:         1148608 kB
Active:           410288 kB
Mem:          3.8G       2.7G       1.1G       5.7M        55M       2.3G

MemTotal:        4016004 kB
MemFree:         1019360 kB
Active:           410296 kB
Mem:          3.8G       2.9G       993M       5.7M        55M       2.4G

MemTotal:        4016004 kB
MemFree:         1007228 kB
Active:           410312 kB
Mem:          3.8G       2.9G       983M       5.7M        55M       2.4G

MemTotal:        4016004 kB
MemFree:         1006776 kB
Active:           410312 kB
Mem:          3.8G       2.9G       983M       5.7M        55M       2.4G

MemTotal:        4016004 kB
MemFree:          963748 kB
Active:           410312 kB
Mem:          3.8G       2.9G       939M       5.7M        55M       2.5G

MemTotal:        4016004 kB
MemFree:          855660 kB
Active:           410328 kB
Mem:          3.8G       3.0G       834M       5.7M        55M       2.6G

MemTotal:        4016004 kB
MemFree:          734288 kB
Active:           410340 kB
Mem:          3.8G       3.1G       715M       5.7M        55M       2.7G

MemTotal:        4016004 kB
MemFree:          600444 kB
Active:           410340 kB
Mem:          3.8G       3.3G       584M       5.7M        55M       2.8G

MemTotal:        4016004 kB
MemFree:          568396 kB
Active:           410352 kB
Mem:          3.8G       3.3G       554M       5.7M        55M       2.8G

MemTotal:        4016004 kB
MemFree:          567172 kB
Active:           410376 kB
Mem:          3.8G       3.3G       553M       5.7M        55M       2.8G

MemTotal:        4016004 kB
MemFree:          566616 kB
Active:           410384 kB
Mem:          3.8G       3.3G       553M       5.7M        55M       2.8G

MemTotal:        4016004 kB
MemFree:          566380 kB
Active:           410500 kB
Mem:          3.8G       3.3G       553M       5.7M        55M       2.8G

MemTotal:        4016004 kB
MemFree:          531904 kB
Active:           410400 kB
Mem:          3.8G       3.3G       519M       5.7M        55M       2.9G

MemTotal:        4016004 kB
MemFree:          529792 kB
Active:           410412 kB
Mem:          3.8G       3.3G       517M       5.7M        55M       2.9G

MemTotal:        4016004 kB
MemFree:          530044 kB
Active:           410408 kB
Mem:          3.8G       3.3G       517M       5.7M        55M       2.9G

MemTotal:        4016004 kB
MemFree:          527332 kB
Active:           412440 kB
Mem:          3.8G       3.3G       514M       5.7M        55M       2.9G

MemTotal:        4016004 kB
MemFree:          409648 kB
Active:           412448 kB
Mem:          3.8G       3.4G       399M       5.7M        55M       3.0G

MemTotal:        4016004 kB
MemFree:          289840 kB
Active:           412456 kB
Mem:          3.8G       3.6G       280M       5.7M        55M       3.1G

MemTotal:        4016004 kB
MemFree:          170096 kB
Active:           412456 kB
Mem:          3.8G       3.7G       163M       5.7M        55M       3.2G

MemTotal:        4016004 kB
MemFree:          141388 kB
Active:           412456 kB
Mem:          3.8G       3.7G       136M       5.7M        55M       3.2G

MemTotal:        4016004 kB
MemFree:          140304 kB
Active:           421416 kB
Mem:          3.8G       3.7G       139M       5.7M        20M       3.3G

MemTotal:        4016004 kB
MemFree:          141936 kB
Active:           430088 kB
Mem:          3.8G       3.7G       127M       5.7M        20M       3.3G

MemTotal:        4016004 kB
MemFree:          105132 kB
Active:           430240 kB
Mem:          3.8G       3.7G       130M       5.7M        20M       3.3G

MemTotal:        4016004 kB
MemFree:          131752 kB
Active:           474400 kB
Mem:          3.8G       3.7G       128M       5.7M        20M       3.3G

MemTotal:        4016004 kB
MemFree:          130516 kB
Active:           476420 kB
Mem:          3.8G       3.7G       127M       5.7M        20M       3.3G

MemTotal:        4016004 kB
MemFree:          129340 kB
Active:           476444 kB
Mem:          3.8G       3.7G       126M       5.7M        20M       3.3G

MemTotal:        4016004 kB
MemFree:          122820 kB
Active:           467328 kB
Mem:          3.8G       3.7G       116M       5.7M        20M       3.3G

MemTotal:        4016004 kB
MemFree:          143196 kB
Active:           453276 kB
Mem:          3.8G       3.7G       139M       5.7M        20M       3.3G

MemTotal:        4016004 kB
MemFree:          123332 kB
Active:           442976 kB
Mem:          3.8G       3.7G       124M       5.7M        20M       3.3G

MemTotal:        4016004 kB
MemFree:          142024 kB
Active:           430968 kB
Mem:          3.8G       3.7G       139M       5.7M        20M       3.3G

MemTotal:        4016004 kB
MemFree:          129820 kB
Active:           430968 kB
Mem:          3.8G       3.7G       125M       5.7M        20M       3.3G

MemTotal:        4016004 kB
MemFree:          116440 kB
Active:           427508 kB
Mem:          3.8G       3.7G       111M       5.7M        20M       3.3G

MemTotal:        4016004 kB
MemFree:          140680 kB
Active:           422040 kB
Mem:          3.8G       3.7G       137M       5.7M        20M       3.3G

MemTotal:        4016004 kB
MemFree:          131576 kB
Active:           421884 kB
Mem:          3.8G       3.7G       125M       5.7M        20M       3.3G

MemTotal:        4016004 kB
MemFree:          128260 kB
Active:           420772 kB
Mem:          3.8G       3.7G       125M       5.7M        20M       3.3G

MemTotal:        4016004 kB
MemFree:          127468 kB
Active:           420788 kB
Mem:          3.8G       3.7G       124M       5.7M        20M       3.3G

MemTotal:        4016004 kB
MemFree:          125912 kB
Active:           420796 kB
Mem:          3.8G       3.7G       122M       5.7M        20M       3.3G

MemTotal:        4016004 kB
MemFree:          118492 kB
Active:           420748 kB
Mem:          3.8G       3.7G       114M       5.7M        20M       3.3G

MemTotal:        4016004 kB
MemFree:          128176 kB
Active:           418360 kB
Mem:          3.8G       3.7G       124M       5.7M        20M       3.3G

MemTotal:        4016004 kB
MemFree:          106988 kB
Active:           417352 kB
Mem:          3.8G       3.7G       102M       5.7M        20M       3.3G

MemTotal:        4016004 kB
MemFree:          123052 kB
Active:           410132 kB
Mem:          3.8G       3.7G       119M       5.7M        20M       3.3G

MemTotal:        4016004 kB
MemFree:          132408 kB
Active:           407316 kB
Mem:          3.8G       3.7G       129M       5.7M        20M       3.3G

MemTotal:        4016004 kB
MemFree:          133688 kB
Active:           403012 kB
Mem:          3.8G       3.7G       130M       5.7M        20M       3.3G

MemTotal:        4016004 kB
MemFree:          122496 kB
Active:           403376 kB
Mem:          3.8G       3.7G       116M       5.7M        20M       3.3G

MemTotal:        4016004 kB
MemFree:          141052 kB
Active:           400556 kB
Mem:          3.8G       3.7G       137M       5.7M        20M       3.3G

MemTotal:        4016004 kB
MemFree:          128060 kB
Active:           399920 kB
Mem:          3.8G       3.7G       124M       5.7M        20M       3.3G

MemTotal:        4016004 kB
MemFree:          127336 kB
Active:           399788 kB
Mem:          3.8G       3.7G       124M       5.7M        20M       3.3G

MemTotal:        4016004 kB
MemFree:          126608 kB
Active:           399804 kB
Mem:          3.8G       3.7G       123M       5.7M        20M       3.3G

MemTotal:        4016004 kB
MemFree:          125340 kB
Active:           399816 kB
Mem:          3.8G       3.7G       122M       5.7M        20M       3.3G

MemTotal:        4016004 kB
MemFree:          125832 kB
Active:           399788 kB
Mem:          3.8G       3.7G       122M       5.7M        20M       3.3G

MemTotal:        4016004 kB
MemFree:          126480 kB
Active:           397780 kB
Mem:          3.8G       3.7G       122M       5.7M        20M       3.3G

MemTotal:        4016004 kB
MemFree:          123496 kB
Active:           391724 kB
Mem:          3.8G       3.7G       119M       5.7M        20M       3.3G

MemTotal:        4016004 kB
MemFree:          130284 kB
Active:           386864 kB
Mem:          3.8G       3.7G       125M       5.7M        20M       3.3G

MemTotal:        4016004 kB
MemFree:          129040 kB
Active:           385716 kB
Mem:          3.8G       3.7G       125M       5.7M        20M       3.3G

MemTotal:        4016004 kB
MemFree:          127644 kB
Active:           383420 kB
Mem:          3.8G       3.7G       122M       5.7M        20M       3.3G

MemTotal:        4016004 kB
MemFree:          118280 kB
Active:           382916 kB
Mem:          3.8G       3.7G       124M       5.7M        20M       3.3G

MemTotal:        4016004 kB
MemFree:          123928 kB
Active:           379076 kB
Mem:          3.8G       3.7G       121M       5.7M        20M       3.3G

MemTotal:        4016004 kB
MemFree:          122760 kB
Active:           378052 kB
Mem:          3.8G       3.7G       118M       5.7M        20M       3.3G

MemTotal:        4016004 kB
MemFree:          143792 kB
Active:           377300 kB
Mem:          3.8G       3.7G       140M       5.7M        20M       3.3G

MemTotal:        4016004 kB
MemFree:          144068 kB
Active:           377260 kB
Mem:          3.8G       3.7G       140M       5.7M        20M       3.3G

MemTotal:        4016004 kB
MemFree:          144164 kB
Active:           377264 kB
Mem:          3.8G       3.7G       140M       5.7M        20M       3.3G

MemTotal:        4016004 kB
MemFree:          144372 kB
Active:           377268 kB
Mem:          3.8G       3.7G       140M       5.7M        20M       3.3G

MemTotal:        4016004 kB
MemFree:          136868 kB
Active:           375008 kB
Mem:          3.8G       3.7G       130M       5.7M        20M       3.3G

MemTotal:        4016004 kB
MemFree:          135012 kB
Active:           369672 kB
Mem:          3.8G       3.7G       129M       5.7M        20M       3.3G

MemTotal:        4016004 kB
MemFree:          121860 kB
Active:           368396 kB
Mem:          3.8G       3.7G       116M       5.7M        20M       3.3G

MemTotal:        4016004 kB
MemFree:          138804 kB
Active:           365588 kB
Mem:          3.8G       3.7G       135M       5.7M        20M       3.3G

MemTotal:        4016004 kB
MemFree:          111840 kB
Active:           365460 kB
Mem:          3.8G       3.7G       107M       5.7M        20M       3.3G

MemTotal:        4016004 kB
MemFree:          125032 kB
Active:           361164 kB
Mem:          3.8G       3.7G       121M       5.7M        20M       3.3G

MemTotal:        4016004 kB
MemFree:          123064 kB
Active:           359884 kB
Mem:          3.8G       3.7G       118M       5.7M        20M       3.3G

MemTotal:        4016004 kB
MemFree:          127180 kB
Active:           359260 kB
Mem:          3.8G       3.7G       124M       5.7M        20M       3.3G

MemTotal:        4016004 kB
MemFree:          127092 kB
Active:           359264 kB
Mem:          3.8G       3.7G       124M       5.7M        20M       3.3G

MemTotal:        4016004 kB
MemFree:          127476 kB
Active:           359240 kB
Mem:          3.8G       3.7G       124M       5.7M        20M       3.3G

MemTotal:        4016004 kB
MemFree:          127772 kB
Active:           359276 kB
Mem:          3.8G       3.7G       124M       5.7M        20M       3.3G

MemTotal:        4016004 kB
MemFree:          111192 kB
Active:           359244 kB
Mem:          3.8G       3.7G       106M       5.7M        20M       3.3G

MemTotal:        4016004 kB
MemFree:          129660 kB
Active:           357484 kB
Mem:          3.8G       3.7G       125M       5.7M        20M       3.3G

MemTotal:        4016004 kB
MemFree:          123664 kB
Active:           357488 kB
Mem:          3.8G       3.7G       118M       5.7M        20M       3.3G

MemTotal:        4016004 kB
MemFree:          124252 kB
Active:           356632 kB
Mem:          3.8G       3.7G       119M       5.7M        20M       3.3G

MemTotal:        4016004 kB
MemFree:          128180 kB
Active:           356464 kB
Mem:          3.8G       3.7G       124M       5.7M        20M       3.3G

MemTotal:        4016004 kB
MemFree:          134608 kB
Active:           356324 kB
Mem:          3.8G       3.7G       131M       5.7M        20M       3.3G

MemTotal:        4016004 kB
MemFree:          141700 kB
Active:           356344 kB
Mem:          3.8G       3.7G       138M       5.7M        20M       3.3G

MemTotal:        4016004 kB
MemFree:          112640 kB
Active:           356348 kB
Mem:          3.8G       3.7G       107M       5.7M        20M       3.3G

MemTotal:        4016004 kB
MemFree:          136980 kB
Active:           356372 kB
Mem:          3.8G       3.7G       133M       5.7M        20M       3.3G

MemTotal:        4016004 kB
MemFree:          127604 kB
Active:           356364 kB
Mem:          3.8G       3.7G       124M       5.7M        20M       3.3G

MemTotal:        4016004 kB
MemFree:          127156 kB
Active:           356376 kB
Mem:          3.8G       3.7G       124M       5.7M        20M       3.3G

MemTotal:        4016004 kB
MemFree:          126628 kB
Active:           356396 kB
Mem:          3.8G       3.7G       123M       5.7M        20M       3.3G

MemTotal:        4016004 kB
MemFree:          126412 kB
Active:           356384 kB
Mem:          3.8G       3.7G       123M       5.7M        20M       3.3G

MemTotal:        4016004 kB
MemFree:          124736 kB
Active:           356392 kB
Mem:          3.8G       3.7G       121M       5.7M        20M       3.3G

MemTotal:        4016004 kB
MemFree:          126680 kB
Active:           354268 kB
Mem:          3.8G       3.7G       120M       5.7M        20M       3.3G

MemTotal:        4016004 kB
MemFree:          106020 kB
Active:           354276 kB
Mem:          3.8G       3.7G       125M       5.7M        20M       3.3G

MemTotal:        4016004 kB
MemFree:          135756 kB
Active:           354148 kB
Mem:          3.8G       3.7G       130M       5.7M        20M       3.3G

MemTotal:        4016004 kB
MemFree:          134112 kB
Active:           354148 kB
Mem:          3.8G       3.7G       130M       5.7M        20M       3.3G

MemTotal:        4016004 kB
MemFree:          148976 kB
Active:           354156 kB
Mem:          3.8G       3.7G       145M       5.7M        20M       3.2G

MemTotal:        4016004 kB
MemFree:          116956 kB
Active:           354160 kB
Mem:          3.8G       3.7G       114M       5.7M        20M       3.3G

MemTotal:        4016004 kB
MemFree:          125444 kB
Active:           352124 kB
Mem:          3.8G       3.7G       122M       5.7M        20M       3.3G

MemTotal:        4016004 kB
MemFree:          144732 kB
Active:           354172 kB
Mem:          3.8G       3.7G       139M       5.7M        20M       3.3G

MemTotal:        4016004 kB
MemFree:          136188 kB
Active:           354176 kB
Mem:          3.8G       3.7G       132M       5.7M        20M       3.3G

MemTotal:        4016004 kB
MemFree:          135420 kB
Active:           354188 kB
Mem:          3.8G       3.7G       132M       5.7M        20M       3.3G

MemTotal:        4016004 kB
MemFree:          135796 kB
Active:           354192 kB
Mem:          3.8G       3.7G       132M       5.7M        20M       3.3G

MemTotal:        4016004 kB
MemFree:          136048 kB
Active:           354164 kB
Mem:          3.8G       3.7G       132M       5.7M        20M       3.3G

MemTotal:        4016004 kB
MemFree:          130768 kB
Active:           354168 kB
Mem:          3.8G       3.7G       124M       5.7M        20M       3.3G

MemTotal:        4016004 kB
MemFree:          123896 kB
Active:           353660 kB
Mem:          3.8G       3.7G       118M       5.7M        20M       3.3G

MemTotal:        4016004 kB
MemFree:          131948 kB
Active:           353660 kB
Mem:          3.8G       3.7G       127M       5.7M        20M       3.3G

MemTotal:        4016004 kB
MemFree:          117664 kB
Active:           351932 kB
Mem:          3.8G       3.7G       111M       5.7M        20M       3.3G

MemTotal:        4016004 kB
MemFree:          111268 kB
Active:           349812 kB
Mem:          3.8G       3.7G       108M       5.7M        20M       3.3G

MemTotal:        4016004 kB
MemFree:          124632 kB
Active:           350836 kB
Mem:          3.8G       3.7G       121M       5.7M        20M       3.3G

MemTotal:        4016004 kB
MemFree:          120128 kB
Active:           350836 kB
Mem:          3.8G       3.7G       116M       5.7M        20M       3.3G

MemTotal:        4016004 kB
MemFree:          139192 kB
Active:           350468 kB
Mem:          3.8G       3.7G       134M       5.7M        20M       3.3G

MemTotal:        4016004 kB
MemFree:          126532 kB
Active:           350472 kB
Mem:          3.8G       3.7G       119M       5.7M        20M       3.3G

MemTotal:        4016004 kB
MemFree:          129096 kB
Active:           350476 kB
Mem:          3.8G       3.7G       126M       5.7M        20M       3.3G

MemTotal:        4016004 kB
MemFree:          127768 kB
Active:           350488 kB
Mem:          3.8G       3.7G       124M       5.7M        20M       3.3G

MemTotal:        4016004 kB
MemFree:          127924 kB
Active:           350480 kB
Mem:          3.8G       3.7G       124M       5.7M        20M       3.3G

MemTotal:        4016004 kB
MemFree:          128580 kB
Active:           350500 kB
Mem:          3.8G       3.7G       125M       5.7M        20M       3.3G

MemTotal:        4016004 kB
MemFree:          128648 kB
Active:           350500 kB
Mem:          3.8G       3.7G       125M       5.7M        20M       3.3G

MemTotal:        4016004 kB
MemFree:          146464 kB
Active:           348608 kB
Mem:          3.8G       3.7G       142M       5.7M        20M       3.2G

MemTotal:        4016004 kB
MemFree:          139108 kB
Active:           350516 kB
Mem:          3.8G       3.7G       134M       5.7M        20M       3.3G

MemTotal:        4016004 kB
MemFree:          118736 kB
Active:           350524 kB
Mem:          3.8G       3.7G       114M       5.7M        20M       3.3G

MemTotal:        4016004 kB
MemFree:          129220 kB
Active:           350276 kB
Mem:          3.8G       3.7G       125M       5.7M        20M       3.3G

MemTotal:        4016004 kB
MemFree:          138996 kB
Active:           349708 kB
Mem:          3.8G       3.7G       132M       5.7M        20M       3.3G

MemTotal:        4016004 kB
MemFree:          130296 kB
Active:           349580 kB
Mem:          3.8G       3.7G       125M       5.7M        20M       3.3G

MemTotal:        4016004 kB
MemFree:          122992 kB
Active:           349628 kB
Mem:          3.8G       3.7G       119M       5.7M        20M       3.3G

MemTotal:        4016004 kB
MemFree:          139408 kB
Active:           349836 kB
Mem:          3.8G       3.7G       136M       5.7M        20M       3.3G

MemTotal:        4016004 kB
MemFree:          138248 kB
Active:           349988 kB
Mem:          3.8G       3.7G       134M       5.7M        20M       3.3G

MemTotal:        4016004 kB
MemFree:          137428 kB
Active:           349912 kB
Mem:          3.8G       3.7G       133M       5.7M        20M       3.3G

MemTotal:        4016004 kB
MemFree:          135292 kB
Active:           350104 kB
Mem:          3.8G       3.7G       131M       5.7M        20M       3.3G

MemTotal:        4016004 kB
MemFree:          134816 kB
Active:           350116 kB
Mem:          3.8G       3.7G       131M       5.7M        20M       3.3G

MemTotal:        4016004 kB
MemFree:          119500 kB
Active:           350256 kB
Mem:          3.8G       3.7G       138M       5.7M        20M       3.2G

MemTotal:        4016004 kB
MemFree:          122728 kB
Active:           357028 kB
Mem:          3.8G       3.7G       140M       5.7M        27M       3.2G

MemTotal:        4016004 kB
MemFree:          130932 kB
Active:           354416 kB
Mem:          3.8G       3.7G       124M       5.7M        27M       3.3G

MemTotal:        4016004 kB
MemFree:          140136 kB
Active:           354416 kB
Mem:          3.8G       3.7G       136M       5.7M        27M       3.2G

MemTotal:        4016004 kB
MemFree:          124044 kB
Active:           354416 kB
Mem:          3.8G       3.7G       120M       5.7M        27M       3.3G

MemTotal:        4016004 kB
MemFree:          128196 kB
Active:           354420 kB
Mem:          3.8G       3.7G       124M       5.7M        27M       3.3G

MemTotal:        4016004 kB
MemFree:          131552 kB
Active:           354440 kB
Mem:          3.8G       3.7G       128M       5.7M        27M       3.2G

MemTotal:        4016004 kB
MemFree:          131564 kB
Active:           354444 kB
Mem:          3.8G       3.7G       128M       5.7M        27M       3.2G

MemTotal:        4016004 kB
MemFree:          130996 kB
Active:           354436 kB
Mem:          3.8G       3.7G       127M       5.7M        27M       3.2G

MemTotal:        4016004 kB
MemFree:          129912 kB
Active:           354452 kB
Mem:          3.8G       3.7G       125M       5.7M        27M       3.3G

MemTotal:        4016004 kB
MemFree:          128396 kB
Active:           354428 kB
Mem:          3.8G       3.7G       125M       5.7M        27M       3.3G

MemTotal:        4016004 kB
MemFree:          124332 kB
Active:           354432 kB
Mem:          3.8G       3.7G       119M       5.7M        27M       3.3G

MemTotal:        4016004 kB
MemFree:          117584 kB
Active:           352632 kB
Mem:          3.8G       3.7G       113M       5.7M        27M       3.3G

MemTotal:        4016004 kB
MemFree:          121504 kB
Active:           352624 kB
Mem:          3.8G       3.7G       116M       5.7M        27M       3.3G

MemTotal:        4016004 kB
MemFree:          129856 kB
Active:           352632 kB
Mem:          3.8G       3.7G       126M       5.7M        27M       3.3G

MemTotal:        4016004 kB
MemFree:          116072 kB
Active:           352632 kB
Mem:          3.8G       3.7G       113M       5.7M        27M       3.3G

MemTotal:        4016004 kB
MemFree:          123928 kB
Active:           352648 kB
Mem:          3.8G       3.7G       121M       5.7M        27M       3.3G

MemTotal:        4016004 kB
MemFree:          115440 kB
Active:           352648 kB
Mem:          3.8G       3.7G       123M       5.7M        27M       3.3G

MemTotal:        4016004 kB
MemFree:          124916 kB
Active:           351448 kB
Mem:          3.8G       3.7G       121M       5.7M        27M       3.3G

MemTotal:        4016004 kB
MemFree:          123908 kB
Active:           353484 kB
Mem:          3.8G       3.7G       120M       5.7M        27M       3.3G

MemTotal:        4016004 kB
MemFree:          123136 kB
Active:           353508 kB
Mem:          3.8G       3.7G       120M       5.7M        27M       3.3G

MemTotal:        4016004 kB
MemFree:          123108 kB
Active:           353508 kB
Mem:          3.8G       3.7G       120M       5.7M        27M       3.3G

MemTotal:        4016004 kB
MemFree:          127352 kB
Active:           350568 kB
Mem:          3.8G       3.7G       122M       5.7M        27M       3.3G

MemTotal:        4016004 kB
MemFree:          140148 kB
Active:           350348 kB
Mem:          3.8G       3.7G       135M       5.7M        27M       3.2G

MemTotal:        4016004 kB
MemFree:          130220 kB
Active:           350352 kB
Mem:          3.8G       3.7G       125M       5.7M        27M       3.3G

MemTotal:        4016004 kB
MemFree:          127548 kB
Active:           350352 kB
Mem:          3.8G       3.7G       124M       5.7M        27M       3.3G

MemTotal:        4016004 kB
MemFree:          142684 kB
Active:           350344 kB
Mem:          3.8G       3.7G       138M       5.7M        27M       3.2G

MemTotal:        4016004 kB
MemFree:          126400 kB
Active:           350372 kB
Mem:          3.8G       3.7G       121M       5.7M        27M       3.3G

MemTotal:        4016004 kB
MemFree:          114040 kB
Active:           350372 kB
Mem:          3.8G       3.7G       111M       5.7M        27M       3.3G

MemTotal:        4016004 kB
MemFree:          127724 kB
Active:           348200 kB
Mem:          3.8G       3.7G       124M       5.7M        27M       3.3G

MemTotal:        4016004 kB
MemFree:          126748 kB
Active:           348216 kB
Mem:          3.8G       3.7G       123M       5.7M        27M       3.3G

MemTotal:        4016004 kB
MemFree:          125768 kB
Active:           348212 kB
Mem:          3.8G       3.7G       122M       5.7M        27M       3.3G

MemTotal:        4016004 kB
MemFree:          125340 kB
Active:           348204 kB
Mem:          3.8G       3.7G       122M       5.7M        27M       3.3G

MemTotal:        4016004 kB
MemFree:          125280 kB
Active:           348248 kB
Mem:          3.8G       3.7G       122M       5.7M        27M       3.3G

MemTotal:        4016004 kB
MemFree:          127932 kB
Active:           348220 kB
Mem:          3.8G       3.7G       129M       5.7M        27M       3.2G

MemTotal:        4016004 kB
MemFree:          122128 kB
Active:           348204 kB
Mem:          3.8G       3.7G       117M       5.7M        27M       3.3G

MemTotal:        4016004 kB
MemFree:          132164 kB
Active:           348132 kB
Mem:          3.8G       3.7G       127M       5.7M        27M       3.2G

MemTotal:        4016004 kB
MemFree:          140380 kB
Active:           348128 kB
Mem:          3.8G       3.7G       137M       5.7M        27M       3.2G

MemTotal:        4016004 kB
MemFree:          109776 kB
Active:           348148 kB
Mem:          3.8G       3.7G       105M       5.7M        27M       3.3G

MemTotal:        4016004 kB
MemFree:          134088 kB
Active:           346248 kB
Mem:          3.8G       3.7G       130M       5.7M        27M       3.2G

MemTotal:        4016004 kB
MemFree:          136332 kB
Active:           346248 kB
Mem:          3.8G       3.7G       133M       5.7M        27M       3.2G

MemTotal:        4016004 kB
MemFree:          126780 kB
Active:           346248 kB
Mem:          3.8G       3.7G       123M       5.7M        27M       3.2G

MemTotal:        4016004 kB
MemFree:          126424 kB
Active:           346264 kB
Mem:          3.8G       3.7G       123M       5.7M        27M       3.2G

MemTotal:        4016004 kB
MemFree:          127164 kB
Active:           346272 kB
Mem:          3.8G       3.7G       124M       5.7M        27M       3.2G

MemTotal:        4016004 kB
MemFree:          127732 kB
Active:           346220 kB
Mem:          3.8G       3.7G       124M       5.7M        27M       3.2G

MemTotal:        4016004 kB
MemFree:          127252 kB
Active:           346264 kB
Mem:          3.8G       3.7G       124M       5.7M        27M       3.2G

MemTotal:        4016004 kB
MemFree:          117556 kB
Active:           346268 kB
Mem:          3.8G       3.7G       119M       5.7M        27M       3.3G

MemTotal:        4016004 kB
MemFree:          110992 kB
Active:           346136 kB
Mem:          3.8G       3.7G       107M       5.7M        27M       3.3G

MemTotal:        4016004 kB
MemFree:          128096 kB
Active:           346160 kB
Mem:          3.8G       3.7G       124M       5.7M        27M       3.2G

MemTotal:        4016004 kB
MemFree:          134544 kB
Active:           346156 kB
Mem:          3.8G       3.7G       129M       5.7M        27M       3.2G

MemTotal:        4016004 kB
MemFree:          105588 kB
Active:           345448 kB
Mem:          3.8G       3.7G       124M       5.7M        27M       3.2G

MemTotal:        4016004 kB
MemFree:          149652 kB
Active:           345260 kB
Mem:          3.8G       3.7G       145M       5.7M        27M       3.2G

MemTotal:        4016004 kB
MemFree:          148124 kB
Active:           345264 kB
Mem:          3.8G       3.7G       144M       5.7M        27M       3.2G

MemTotal:        4016004 kB
MemFree:          148152 kB
Active:           345252 kB
Mem:          3.8G       3.7G       144M       5.7M        27M       3.2G

MemTotal:        4016004 kB
MemFree:          146916 kB
Active:           345228 kB
Mem:          3.8G       3.7G       143M       5.7M        27M       3.2G

MemTotal:        4016004 kB
MemFree:          145792 kB
Active:           345248 kB
Mem:          3.8G       3.7G       142M       5.7M        27M       3.2G

MemTotal:        4016004 kB
MemFree:          144620 kB
Active:           345296 kB
Mem:          3.8G       3.7G       140M       5.7M        27M       3.2G

MemTotal:        4016004 kB
MemFree:          143380 kB
Active:           345296 kB
Mem:          3.8G       3.7G       140M       5.7M        27M       3.2G

MemTotal:        4016004 kB
MemFree:          143388 kB
Active:           345296 kB
Mem:          3.8G       3.7G       139M       5.7M        27M       3.2G

MemTotal:        4016004 kB
MemFree:          143476 kB
Active:           345308 kB
Mem:          3.8G       3.7G       140M       5.7M        27M       3.2G

MemTotal:        4016004 kB
MemFree:          143900 kB
Active:           345312 kB
Mem:          3.8G       3.7G       140M       5.7M        27M       3.2G

MemTotal:        4016004 kB
MemFree:          139612 kB
Active:           345316 kB
Mem:          3.8G       3.7G       134M       5.7M        27M       3.2G

MemTotal:        4016004 kB
MemFree:          141440 kB
Active:           345316 kB
Mem:          3.8G       3.7G       137M       5.7M        27M       3.2G

MemTotal:        4016004 kB
MemFree:          138564 kB
Active:           345320 kB
Mem:          3.8G       3.7G       134M       5.7M        27M       3.2G

MemTotal:        4016004 kB
MemFree:          118100 kB
Active:           345332 kB
Mem:          3.8G       3.7G       114M       5.7M        27M       3.3G

MemTotal:        4016004 kB
MemFree:          128868 kB
Active:           345336 kB
Mem:          3.8G       3.7G       125M       5.7M        27M       3.2G

MemTotal:        4016004 kB
MemFree:          132032 kB
Active:           344168 kB
Mem:          3.8G       3.7G       128M       5.7M        27M       3.2G

MemTotal:        4016004 kB
MemFree:          131820 kB
Active:           344004 kB
Mem:          3.8G       3.7G       128M       5.7M        27M       3.2G

MemTotal:        4016004 kB
MemFree:          132316 kB
Active:           343992 kB
Mem:          3.8G       3.7G       129M       5.7M        27M       3.2G

MemTotal:        4016004 kB
MemFree:          132564 kB
Active:           343996 kB
Mem:          3.8G       3.7G       129M       5.7M        27M       3.2G

MemTotal:        4016004 kB
MemFree:          132068 kB
Active:           344012 kB
Mem:          3.8G       3.7G       129M       5.7M        27M       3.2G

MemTotal:        4016004 kB
MemFree:          131776 kB
Active:           343972 kB
Mem:          3.8G       3.7G       128M       5.7M        27M       3.2G

MemTotal:        4016004 kB
MemFree:          131864 kB
Active:           344012 kB
Mem:          3.8G       3.7G       128M       5.7M        27M       3.2G

MemTotal:        4016004 kB
MemFree:          132084 kB
Active:           344004 kB
Mem:          3.8G       3.7G       128M       5.7M        27M       3.2G

MemTotal:        4016004 kB
MemFree:          132100 kB
Active:           344012 kB
Mem:          3.8G       3.7G       128M       5.7M        27M       3.2G

MemTotal:        4016004 kB
MemFree:          132132 kB
Active:           344012 kB
Mem:          3.8G       3.7G       128M       5.7M        27M       3.2G

MemTotal:        4016004 kB
MemFree:          132320 kB
Active:           344004 kB
Mem:          3.8G       3.7G       129M       5.7M        27M       3.2G

MemTotal:        4016004 kB
MemFree:          132320 kB
Active:           343972 kB
Mem:          3.8G       3.7G       129M       5.7M        27M       3.2G

MemTotal:        4016004 kB
MemFree:          132444 kB
Active:           344000 kB
Mem:          3.8G       3.7G       129M       5.7M        27M       3.2G

MemTotal:        4016004 kB
MemFree:          132444 kB
Active:           344008 kB
Mem:          3.8G       3.7G       129M       5.7M        27M       3.2G

MemTotal:        4016004 kB
MemFree:          132320 kB
Active:           343992 kB
Mem:          3.8G       3.7G       129M       5.7M        27M       3.2G

MemTotal:        4016004 kB
MemFree:          131948 kB
Active:           344024 kB
Mem:          3.8G       3.7G       129M       5.7M        27M       3.2G

MemTotal:        4016004 kB
MemFree:          132740 kB
Active:           343836 kB
Mem:          3.8G       3.7G       129M       5.7M        27M       3.2G

MemTotal:        4016004 kB
MemFree:          132728 kB
Active:           343616 kB
Mem:          3.8G       3.7G       129M       5.7M        27M       3.2G

MemTotal:        4016004 kB
MemFree:          133224 kB
Active:           343560 kB
Mem:          3.8G       3.7G       130M       5.7M        27M       3.2G

MemTotal:        4016004 kB
MemFree:          133720 kB
Active:           343600 kB
Mem:          3.8G       3.7G       130M       5.7M        27M       3.2G

MemTotal:        4016004 kB
MemFree:          133348 kB
Active:           343628 kB
Mem:          3.8G       3.7G       130M       5.7M        27M       3.2G

MemTotal:        4016004 kB
MemFree:          133224 kB
Active:           343628 kB
Mem:          3.8G       3.7G       130M       5.7M        27M       3.2G

MemTotal:        4016004 kB
MemFree:          133348 kB
Active:           343588 kB
Mem:          3.8G       3.7G       130M       5.7M        27M       3.2G

MemTotal:        4016004 kB
MemFree:          133100 kB
Active:           343636 kB
Mem:          3.8G       3.7G       130M       5.7M        27M       3.2G

MemTotal:        4016004 kB
MemFree:          133720 kB
Active:           343600 kB
Mem:          3.8G       3.7G       130M       5.7M        27M       3.2G

MemTotal:        4016004 kB
MemFree:          133844 kB
Active:           343632 kB
Mem:          3.8G       3.7G       130M       5.7M        27M       3.2G

MemTotal:        4016004 kB
MemFree:          133720 kB
Active:           343584 kB
Mem:          3.8G       3.7G       130M       5.7M        27M       3.2G

MemTotal:        4016004 kB
MemFree:          133472 kB
Active:           343640 kB
Mem:          3.8G       3.7G       130M       5.7M        27M       3.2G

MemTotal:        4016004 kB
MemFree:          133596 kB
Active:           343620 kB
Mem:          3.8G       3.7G       130M       5.7M        27M       3.2G

MemTotal:        4016004 kB
MemFree:          133348 kB
Active:           343652 kB
Mem:          3.8G       3.7G       130M       5.7M        27M       3.2G

MemTotal:        4016004 kB
MemFree:          133848 kB
Active:           343644 kB
Mem:          3.8G       3.7G       130M       5.7M        27M       3.2G

MemTotal:        4016004 kB
MemFree:          133848 kB
Active:           343624 kB
Mem:          3.8G       3.7G       130M       5.7M        27M       3.2G

MemTotal:        4016004 kB
MemFree:          133848 kB
Active:           343604 kB
Mem:          3.8G       3.7G       130M       5.7M        27M       3.2G

MemTotal:        4016004 kB
MemFree:          133352 kB
Active:           343636 kB
Mem:          3.8G       3.7G       129M       5.7M        27M       3.2G

MemTotal:        4016004 kB
MemFree:          133352 kB
Active:           343660 kB
Mem:          3.8G       3.7G       130M       5.7M        27M       3.2G

MemTotal:        4016004 kB
MemFree:          133352 kB
Active:           343636 kB
Mem:          3.8G       3.7G       130M       5.7M        27M       3.2G

MemTotal:        4016004 kB
MemFree:          133104 kB
Active:           343660 kB
Mem:          3.8G       3.7G       129M       5.7M        27M       3.2G

MemTotal:        4016004 kB
MemFree:          133600 kB
Active:           343636 kB
Mem:          3.8G       3.7G       130M       5.7M        27M       3.2G

MemTotal:        4016004 kB
MemFree:          133600 kB
Active:           343636 kB
Mem:          3.8G       3.7G       130M       5.7M        27M       3.2G

MemTotal:        4016004 kB
MemFree:          133600 kB
Active:           343620 kB
Mem:          3.8G       3.7G       130M       5.7M        27M       3.2G

MemTotal:        4016004 kB
MemFree:          133104 kB
Active:           343676 kB
Mem:          3.8G       3.7G       130M       5.7M        27M       3.2G

MemTotal:        4016004 kB
MemFree:          133352 kB
Active:           343648 kB
Mem:          3.8G       3.7G       130M       5.7M        27M       3.2G

MemTotal:        4016004 kB
MemFree:          133476 kB
Active:           343636 kB
Mem:          3.8G       3.7G       130M       5.7M        27M       3.2G

MemTotal:        4016004 kB
MemFree:          133476 kB
Active:           343684 kB
Mem:          3.8G       3.7G       130M       5.7M        27M       3.2G

MemTotal:        4016004 kB
MemFree:          133228 kB
Active:           343684 kB
Mem:          3.8G       3.7G       130M       5.7M        27M       3.2G

MemTotal:        4016004 kB
MemFree:          133724 kB
Active:           343660 kB
Mem:          3.8G       3.7G       130M       5.7M        27M       3.2G

MemTotal:        4016004 kB
MemFree:          133724 kB
Active:           343688 kB
Mem:          3.8G       3.7G       130M       5.7M        27M       3.2G

MemTotal:        4016004 kB
MemFree:          133104 kB
Active:           343692 kB
Mem:          3.8G       3.7G       130M       5.7M        27M       3.2G

MemTotal:        4016004 kB
MemFree:          133600 kB
Active:           343680 kB
Mem:          3.8G       3.7G       130M       5.7M        27M       3.2G

MemTotal:        4016004 kB
MemFree:          133972 kB
Active:           343664 kB
Mem:          3.8G       3.7G       130M       5.7M        27M       3.2G

MemTotal:        4016004 kB
MemFree:          133352 kB
Active:           343692 kB
Mem:          3.8G       3.7G       130M       5.7M        27M       3.2G

MemTotal:        4016004 kB
MemFree:          133848 kB
Active:           343688 kB
Mem:          3.8G       3.7G       130M       5.7M        27M       3.2G

MemTotal:        4016004 kB
MemFree:          133848 kB
Active:           343676 kB
Mem:          3.8G       3.7G       130M       5.7M        27M       3.2G

MemTotal:        4016004 kB
MemFree:          133848 kB
Active:           343664 kB
Mem:          3.8G       3.7G       130M       5.7M        27M       3.2G

MemTotal:        4016004 kB
MemFree:          133600 kB
Active:           343712 kB
Mem:          3.8G       3.7G       130M       5.7M        27M       3.2G

MemTotal:        4016004 kB
MemFree:          133972 kB
Active:           343696 kB
Mem:          3.8G       3.7G       130M       5.7M        27M       3.2G

MemTotal:        4016004 kB
MemFree:          133972 kB
Active:           343720 kB
Mem:          3.8G       3.7G       130M       5.7M        27M       3.2G

MemTotal:        4016004 kB
MemFree:          133724 kB
Active:           343668 kB
Mem:          3.8G       3.7G       130M       5.7M        27M       3.2G

MemTotal:        4016004 kB
MemFree:          133600 kB
Active:           343712 kB
Mem:          3.8G       3.7G       130M       5.7M        27M       3.2G

MemTotal:        4016004 kB
MemFree:          133104 kB
Active:           343720 kB
Mem:          3.8G       3.7G       130M       5.7M        27M       3.2G

MemTotal:        4016004 kB
MemFree:          133228 kB
Active:           343680 kB
Mem:          3.8G       3.7G       130M       5.7M        27M       3.2G

MemTotal:        4016004 kB
MemFree:          133228 kB
Active:           343684 kB
Mem:          3.8G       3.7G       130M       5.7M        27M       3.2G

MemTotal:        4016004 kB
MemFree:          132980 kB
Active:           343712 kB
Mem:          3.8G       3.7G       129M       5.7M        27M       3.2G

MemTotal:        4016004 kB
MemFree:          132980 kB
Active:           343728 kB
Mem:          3.8G       3.7G       129M       5.7M        27M       3.2G

MemTotal:        4016004 kB
MemFree:          132732 kB
Active:           343728 kB
Mem:          3.8G       3.7G       129M       5.7M        27M       3.2G

MemTotal:        4016004 kB
MemFree:          133228 kB
Active:           343724 kB
Mem:          3.8G       3.7G       130M       5.7M        27M       3.2G

MemTotal:        4016004 kB
MemFree:          133352 kB
Active:           343680 kB
Mem:          3.8G       3.7G       130M       5.7M        27M       3.2G

MemTotal:        4016004 kB
MemFree:          133244 kB
Active:           343676 kB
Mem:          3.8G       3.7G       130M       5.7M        28M       3.2G

MemTotal:        4016004 kB
MemFree:          133120 kB
Active:           343736 kB
Mem:          3.8G       3.7G       130M       5.7M        28M       3.2G

MemTotal:        4016004 kB
MemFree:          133616 kB
Active:           343696 kB
Mem:          3.8G       3.7G       130M       5.7M        28M       3.2G

MemTotal:        4016004 kB
MemFree:          133492 kB
Active:           343740 kB
Mem:          3.8G       3.7G       130M       5.7M        28M       3.2G

MemTotal:        4016004 kB
MemFree:          133492 kB
Active:           343724 kB
Mem:          3.8G       3.7G       130M       5.7M        28M       3.2G

MemTotal:        4016004 kB
MemFree:          133368 kB
Active:           343720 kB
Mem:          3.8G       3.7G       130M       5.7M        28M       3.2G

MemTotal:        4016004 kB
MemFree:          133492 kB
Active:           343716 kB
Mem:          3.8G       3.7G       130M       5.7M        28M       3.2G

MemTotal:        4016004 kB
MemFree:          133616 kB
Active:           343716 kB
Mem:          3.8G       3.7G       130M       5.7M        28M       3.2G

MemTotal:        4016004 kB
MemFree:          133368 kB
Active:           343748 kB
Mem:          3.8G       3.7G       130M       5.7M        28M       3.2G

MemTotal:        4016004 kB
MemFree:          133492 kB
Active:           343736 kB
Mem:          3.8G       3.7G       130M       5.7M        28M       3.2G

MemTotal:        4016004 kB
MemFree:          133492 kB
Active:           343716 kB
Mem:          3.8G       3.7G       130M       5.7M        28M       3.2G

MemTotal:        4016004 kB
MemFree:          133616 kB
Active:           343716 kB
Mem:          3.8G       3.7G       130M       5.7M        28M       3.2G

MemTotal:        4016004 kB
MemFree:          133616 kB
Active:           343704 kB
Mem:          3.8G       3.7G       130M       5.7M        28M       3.2G

MemTotal:        4016004 kB
MemFree:          133616 kB
Active:           343752 kB
Mem:          3.8G       3.7G       130M       5.7M        28M       3.2G

MemTotal:        4016004 kB
MemFree:          133616 kB
Active:           343736 kB
Mem:          3.8G       3.7G       130M       5.7M        28M       3.2G

MemTotal:        4016004 kB
MemFree:          133120 kB
Active:           343756 kB
Mem:          3.8G       3.7G       129M       5.7M        28M       3.2G

MemTotal:        4016004 kB
MemFree:          133368 kB
Active:           343760 kB
Mem:          3.8G       3.7G       130M       5.7M        28M       3.2G

MemTotal:        4016004 kB
MemFree:          133492 kB
Active:           343768 kB
Mem:          3.8G       3.7G       130M       5.7M        28M       3.2G

MemTotal:        4016004 kB
MemFree:          133492 kB
Active:           343720 kB
Mem:          3.8G       3.7G       130M       5.7M        28M       3.2G

MemTotal:        4016004 kB
MemFree:          133492 kB
Active:           343760 kB
Mem:          3.8G       3.7G       130M       5.7M        28M       3.2G

MemTotal:        4016004 kB
MemFree:          133616 kB
Active:           343724 kB
Mem:          3.8G       3.7G       130M       5.7M        28M       3.2G

MemTotal:        4016004 kB
MemFree:          133616 kB
Active:           343752 kB
Mem:          3.8G       3.7G       130M       5.7M        28M       3.2G

MemTotal:        4016004 kB
MemFree:          133136 kB
Active:           343768 kB
Mem:          3.8G       3.7G       130M       5.7M        28M       3.2G

MemTotal:        4016004 kB
MemFree:          133260 kB
Active:           343768 kB
Mem:          3.8G       3.7G       130M       5.7M        28M       3.2G

MemTotal:        4016004 kB
MemFree:          133260 kB
Active:           343716 kB
Mem:          3.8G       3.7G       130M       5.7M        28M       3.2G

MemTotal:        4016004 kB
MemFree:          133508 kB
Active:           343764 kB
Mem:          3.8G       3.7G       130M       5.7M        28M       3.2G

MemTotal:        4016004 kB
MemFree:          134004 kB
Active:           343760 kB
Mem:          3.8G       3.7G       130M       5.7M        28M       3.2G

MemTotal:        4016004 kB
MemFree:          134128 kB
Active:           343728 kB
Mem:          3.8G       3.7G       130M       5.7M        28M       3.2G

MemTotal:        4016004 kB
MemFree:          134004 kB
Active:           343720 kB
Mem:          3.8G       3.7G       130M       5.7M        28M       3.2G

MemTotal:        4016004 kB
MemFree:          133632 kB
Active:           343776 kB
Mem:          3.8G       3.7G       130M       5.7M        28M       3.2G

MemTotal:        4016004 kB
MemFree:          133880 kB
Active:           343772 kB
Mem:          3.8G       3.7G       130M       5.7M        28M       3.2G

MemTotal:        4016004 kB
MemFree:          133508 kB
Active:           343780 kB
Mem:          3.8G       3.7G       130M       5.7M        28M       3.2G

MemTotal:        4016004 kB
MemFree:          133632 kB
Active:           343764 kB
Mem:          3.8G       3.7G       130M       5.7M        28M       3.2G

MemTotal:        4016004 kB
MemFree:          133632 kB
Active:           343740 kB
Mem:          3.8G       3.7G       130M       5.7M        28M       3.2G

MemTotal:        4016004 kB
MemFree:          134004 kB
Active:           343772 kB
Mem:          3.8G       3.7G       130M       5.7M        28M       3.2G

MemTotal:        4016004 kB
MemFree:          133508 kB
Active:           343792 kB
Mem:          3.8G       3.7G       130M       5.7M        28M       3.2G

MemTotal:        4016004 kB
MemFree:          134004 kB
Active:           343772 kB
Mem:          3.8G       3.7G       130M       5.7M        28M       3.2G

MemTotal:        4016004 kB
MemFree:          133756 kB
Active:           343752 kB
Mem:          3.8G       3.7G       130M       5.7M        28M       3.2G

MemTotal:        4016004 kB
MemFree:          133384 kB
Active:           343796 kB
Mem:          3.8G       3.7G       130M       5.7M        28M       3.2G

MemTotal:        4016004 kB
MemFree:          133384 kB
Active:           343796 kB
Mem:          3.8G       3.7G       130M       5.7M        28M       3.2G

MemTotal:        4016004 kB
MemFree:          133384 kB
Active:           343792 kB
Mem:          3.8G       3.7G       130M       5.7M        28M       3.2G

MemTotal:        4016004 kB
MemFree:          133384 kB
Active:           343768 kB
Mem:          3.8G       3.7G       130M       5.7M        28M       3.2G

MemTotal:        4016004 kB
MemFree:          133632 kB
Active:           343812 kB
Mem:          3.8G       3.7G       130M       5.7M        28M       3.2G

MemTotal:        4016004 kB
MemFree:          133756 kB
Active:           343792 kB
Mem:          3.8G       3.7G       130M       5.7M        28M       3.2G

MemTotal:        4016004 kB
MemFree:          133756 kB
Active:           343776 kB
Mem:          3.8G       3.7G       130M       5.7M        28M       3.2G

MemTotal:        4016004 kB
MemFree:          133260 kB
Active:           343816 kB
Mem:          3.8G       3.7G       130M       5.7M        28M       3.2G

MemTotal:        4016004 kB
MemFree:          133384 kB
Active:           343820 kB
Mem:          3.8G       3.7G       130M       5.7M        28M       3.2G

MemTotal:        4016004 kB
MemFree:          133880 kB
Active:           343768 kB
Mem:          3.8G       3.7G       130M       5.7M        28M       3.2G

MemTotal:        4016004 kB
MemFree:          133756 kB
Active:           343776 kB
Mem:          3.8G       3.7G       130M       5.7M        28M       3.2G

MemTotal:        4016004 kB
MemFree:          133260 kB
Active:           343832 kB
Mem:          3.8G       3.7G       130M       5.7M        28M       3.2G

MemTotal:        4016004 kB
MemFree:          132764 kB
Active:           343832 kB
Mem:          3.8G       3.7G       129M       5.7M        28M       3.2G

MemTotal:        4016004 kB
MemFree:          133012 kB
Active:           343800 kB
Mem:          3.8G       3.7G       129M       5.7M        28M       3.2G

MemTotal:        4016004 kB
MemFree:          133136 kB
Active:           343784 kB
Mem:          3.8G       3.7G       130M       5.7M        28M       3.2G

MemTotal:        4016004 kB
MemFree:          132764 kB
Active:           343832 kB
Mem:          3.8G       3.7G       129M       5.7M        28M       3.2G

MemTotal:        4016004 kB
MemFree:          132640 kB
Active:           343832 kB
Mem:          3.8G       3.7G       129M       5.7M        28M       3.2G

MemTotal:        4016004 kB
MemFree:          133012 kB
Active:           343812 kB
Mem:          3.8G       3.7G       129M       5.7M        28M       3.2G

MemTotal:        4016004 kB
MemFree:          132764 kB
Active:           343836 kB
Mem:          3.8G       3.7G       129M       5.7M        28M       3.2G

MemTotal:        4016004 kB
MemFree:          133260 kB
Active:           343824 kB
Mem:          3.8G       3.7G       129M       5.7M        28M       3.2G

MemTotal:        4016004 kB
MemFree:          133384 kB
Active:           343800 kB
Mem:          3.8G       3.7G       130M       5.7M        28M       3.2G

MemTotal:        4016004 kB
MemFree:          133136 kB
Active:           343848 kB
Mem:          3.8G       3.7G       130M       5.7M        28M       3.2G

MemTotal:        4016004 kB
MemFree:          133508 kB
Active:           343808 kB
Mem:          3.8G       3.7G       130M       5.7M        28M       3.2G

MemTotal:        4016004 kB
MemFree:          133508 kB
Active:           343832 kB
Mem:          3.8G       3.7G       130M       5.7M        28M       3.2G

MemTotal:        4016004 kB
MemFree:          133508 kB
Active:           343832 kB
Mem:          3.8G       3.7G       130M       5.7M        28M       3.2G

MemTotal:        4016004 kB
MemFree:          133152 kB
Active:           343856 kB
Mem:          3.8G       3.7G       130M       5.7M        28M       3.2G

MemTotal:        4016004 kB
MemFree:          133028 kB
Active:           343856 kB
Mem:          3.8G       3.7G       129M       5.7M        28M       3.2G

MemTotal:        4016004 kB
MemFree:          133152 kB
Active:           343808 kB
Mem:          3.8G       3.7G       129M       5.7M        28M       3.2G

MemTotal:        4016004 kB
MemFree:          132656 kB
Active:           343856 kB
Mem:          3.8G       3.7G       129M       5.7M        28M       3.2G

MemTotal:        4016004 kB
MemFree:          132656 kB
Active:           343856 kB
Mem:          3.8G       3.7G       129M       5.7M        28M       3.2G

MemTotal:        4016004 kB
MemFree:          132532 kB
Active:           343856 kB
Mem:          3.8G       3.7G       129M       5.7M        28M       3.2G

MemTotal:        4016004 kB
MemFree:          132904 kB
Active:           343812 kB
Mem:          3.8G       3.7G       129M       5.7M        28M       3.2G

MemTotal:        4016004 kB
MemFree:          132904 kB
Active:           343848 kB
Mem:          3.8G       3.7G       129M       5.7M        28M       3.2G

MemTotal:        4016004 kB
MemFree:          132780 kB
Active:           343840 kB
Mem:          3.8G       3.7G       129M       5.7M        28M       3.2G

MemTotal:        4016004 kB
MemFree:          132532 kB
Active:           343876 kB
Mem:          3.8G       3.7G       129M       5.7M        28M       3.2G

MemTotal:        4016004 kB
MemFree:          132904 kB
Active:           343868 kB
Mem:          3.8G       3.7G       129M       5.7M        28M       3.2G

MemTotal:        4016004 kB
MemFree:          132532 kB
Active:           343876 kB
Mem:          3.8G       3.7G       129M       5.7M        28M       3.2G

MemTotal:        4016004 kB
MemFree:          132408 kB
Active:           343876 kB
Mem:          3.8G       3.7G       129M       5.7M        28M       3.2G

MemTotal:        4016004 kB
MemFree:          132904 kB
Active:           343860 kB
Mem:          3.8G       3.7G       129M       5.7M        28M       3.2G

MemTotal:        4016004 kB
MemFree:          132532 kB
Active:           343884 kB
Mem:          3.8G       3.7G       129M       5.7M        28M       3.2G

MemTotal:        4016004 kB
MemFree:          132532 kB
Active:           343884 kB
Mem:          3.8G       3.7G       129M       5.7M        28M       3.2G

MemTotal:        4016004 kB
MemFree:          132904 kB
Active:           343832 kB
Mem:          3.8G       3.7G       129M       5.7M        28M       3.2G

MemTotal:        4016004 kB
MemFree:          132904 kB
Active:           343868 kB
Mem:          3.8G       3.7G       129M       5.7M        28M       3.2G

MemTotal:        4016004 kB
MemFree:          132920 kB
Active:           343884 kB
Mem:          3.8G       3.7G       129M       5.7M        28M       3.2G

MemTotal:        4016004 kB
MemFree:          133416 kB
Active:           343840 kB
Mem:          3.8G       3.7G       130M       5.7M        28M       3.2G

MemTotal:        4016004 kB
MemFree:          133044 kB
Active:           343888 kB
Mem:          3.8G       3.7G       129M       5.7M        28M       3.2G

MemTotal:        4016004 kB
MemFree:          133292 kB
Active:           343840 kB
Mem:          3.8G       3.7G       130M       5.7M        28M       3.2G

MemTotal:        4016004 kB
MemFree:          133292 kB
Active:           343852 kB
Mem:          3.8G       3.7G       130M       5.7M        28M       3.2G

MemTotal:        4016004 kB
MemFree:          133292 kB
Active:           343844 kB
Mem:          3.8G       3.7G       130M       5.7M        28M       3.2G

MemTotal:        4016004 kB
MemFree:          133044 kB
Active:           343844 kB
Mem:          3.8G       3.7G       129M       5.7M        28M       3.2G

MemTotal:        4016004 kB
MemFree:          133168 kB
Active:           343880 kB
Mem:          3.8G       3.7G       129M       5.7M        28M       3.2G

MemTotal:        4016004 kB
MemFree:          133308 kB
Active:           343872 kB
Mem:          3.8G       3.7G       130M       5.7M        28M       3.2G

MemTotal:        4016004 kB
MemFree:          132936 kB
Active:           343904 kB
Mem:          3.8G       3.7G       129M       5.7M        28M       3.2G

MemTotal:        4016004 kB
MemFree:          132936 kB
Active:           343872 kB
Mem:          3.8G       3.7G       130M       5.7M        28M       3.2G

MemTotal:        4016004 kB
MemFree:          133060 kB
Active:           343876 kB
Mem:          3.8G       3.7G       129M       5.7M        28M       3.2G

MemTotal:        4016004 kB
MemFree:          133184 kB
Active:           343888 kB
Mem:          3.8G       3.7G       129M       5.7M        28M       3.2G

MemTotal:        4016004 kB
MemFree:          133184 kB
Active:           343880 kB
Mem:          3.8G       3.7G       129M       5.7M        28M       3.2G

MemTotal:        4016004 kB
MemFree:          132812 kB
Active:           343920 kB
Mem:          3.8G       3.7G       129M       5.7M        28M       3.2G

MemTotal:        4016004 kB
MemFree:          133060 kB
Active:           343872 kB
Mem:          3.8G       3.7G       130M       5.7M        28M       3.2G

MemTotal:        4016004 kB
MemFree:          133540 kB
Active:           343888 kB
Mem:          3.8G       3.7G       130M       5.7M        28M       3.2G

MemTotal:        4016004 kB
MemFree:          133664 kB
Active:           343920 kB
Mem:          3.8G       3.7G       130M       5.7M        28M       3.2G

MemTotal:        4016004 kB
MemFree:          133168 kB
Active:           343940 kB
Mem:          3.8G       3.7G       130M       5.7M        28M       3.2G

MemTotal:        4016004 kB
MemFree:          133200 kB
Active:           343900 kB
Mem:          3.8G       3.7G       130M       5.7M        28M       3.2G

MemTotal:        4016004 kB
MemFree:          132704 kB
Active:           343940 kB
Mem:          3.8G       3.7G       129M       5.7M        28M       3.2G

MemTotal:        4016004 kB
MemFree:          132704 kB
Active:           343940 kB
Mem:          3.8G       3.7G       129M       5.7M        28M       3.2G

MemTotal:        4016004 kB
MemFree:          132704 kB
Active:           343904 kB
Mem:          3.8G       3.7G       129M       5.7M        28M       3.2G

MemTotal:        4016004 kB
MemFree:          132332 kB
Active:           343952 kB
Mem:          3.8G       3.7G       129M       5.7M        28M       3.2G

MemTotal:        4016004 kB
MemFree:          132828 kB
Active:           343936 kB
Mem:          3.8G       3.7G       129M       5.7M        28M       3.2G

MemTotal:        4016004 kB
MemFree:          132952 kB
Active:           343924 kB
Mem:          3.8G       3.7G       129M       5.7M        28M       3.2G

MemTotal:        4016004 kB
MemFree:          132952 kB
Active:           343916 kB
Mem:          3.8G       3.7G       129M       5.7M        28M       3.2G

MemTotal:        4016004 kB
MemFree:          132704 kB
Active:           343964 kB
Mem:          3.8G       3.7G       129M       5.7M        28M       3.2G

MemTotal:        4016004 kB
MemFree:          132960 kB
Active:           343960 kB
Mem:          3.8G       3.7G       129M       5.7M        28M       3.2G

MemTotal:        4016004 kB
MemFree:          132960 kB
Active:           343944 kB
Mem:          3.8G       3.7G       129M       5.7M        28M       3.2G

MemTotal:        4016004 kB
MemFree:          132588 kB
Active:           343964 kB
Mem:          3.8G       3.7G       129M       5.7M        28M       3.2G

MemTotal:        4016004 kB
MemFree:          132464 kB
Active:           343964 kB
Mem:          3.8G       3.7G       129M       5.7M        28M       3.2G

MemTotal:        4016004 kB
MemFree:          132836 kB
Active:           343952 kB
Mem:          3.8G       3.7G       129M       5.7M        28M       3.2G

MemTotal:        4016004 kB
MemFree:          132836 kB
Active:           343976 kB
Mem:          3.8G       3.7G       129M       5.7M        28M       3.2G

MemTotal:        4016004 kB
MemFree:          133100 kB
Active:           343936 kB
Mem:          3.8G       3.7G       129M       5.7M        28M       3.2G

MemTotal:        4016004 kB
MemFree:          132728 kB
Active:           343976 kB
Mem:          3.8G       3.7G       129M       5.7M        28M       3.2G

MemTotal:        4016004 kB
MemFree:          132976 kB
Active:           343920 kB
Mem:          3.8G       3.7G       129M       5.7M        28M       3.2G

MemTotal:        4016004 kB
MemFree:          132728 kB
Active:           343976 kB
Mem:          3.8G       3.7G       129M       5.7M        28M       3.2G

MemTotal:        4016004 kB
MemFree:          132480 kB
Active:           344008 kB
Mem:          3.8G       3.7G       129M       5.7M        28M       3.2G

MemTotal:        4016004 kB
MemFree:          132976 kB
Active:           344160 kB
Mem:          3.8G       3.7G       129M       5.7M        28M       3.2G

MemTotal:        4016004 kB
MemFree:          133084 kB
Active:           344048 kB
Mem:          3.8G       3.7G       129M       5.7M        28M       3.2G

