MemTotal:        4016004 kB
MemFree:         3239276 kB
Active:           419028 kB
Mem:          3.8G       758M       3.1G       5.7M        63M       317M

MemTotal:        4016004 kB
MemFree:         3239536 kB
Active:           418764 kB
Mem:          3.8G       758M       3.1G       5.7M        63M       317M

MemTotal:        4016004 kB
MemFree:         3239908 kB
Active:           418800 kB
Mem:          3.8G       757M       3.1G       5.7M        63M       317M

MemTotal:        4016004 kB
MemFree:         3240032 kB
Active:           418792 kB
Mem:          3.8G       757M       3.1G       5.7M        63M       317M

MemTotal:        4016004 kB
MemFree:         3240016 kB
Active:           418820 kB
Mem:          3.8G       757M       3.1G       5.7M        63M       317M

MemTotal:        4016004 kB
MemFree:         3240356 kB
Active:           418788 kB
Mem:          3.8G       757M       3.1G       5.7M        63M       317M

MemTotal:        4016004 kB
MemFree:         3240480 kB
Active:           418808 kB
Mem:          3.8G       757M       3.1G       5.7M        63M       317M

MemTotal:        4016004 kB
MemFree:         3240480 kB
Active:           418820 kB
Mem:          3.8G       757M       3.1G       5.7M        63M       317M

MemTotal:        4016004 kB
MemFree:         3240480 kB
Active:           418796 kB
Mem:          3.8G       757M       3.1G       5.7M        63M       317M

MemTotal:        4016004 kB
MemFree:         3240356 kB
Active:           418836 kB
Mem:          3.8G       757M       3.1G       5.7M        63M       317M

MemTotal:        4016004 kB
MemFree:         3240232 kB
Active:           418808 kB
Mem:          3.8G       757M       3.1G       5.7M        63M       317M

MemTotal:        4016004 kB
MemFree:         3240480 kB
Active:           418836 kB
Mem:          3.8G       757M       3.1G       5.7M        63M       317M

MemTotal:        4016004 kB
MemFree:         3239984 kB
Active:           418848 kB
Mem:          3.8G       757M       3.1G       5.7M        63M       317M

MemTotal:        4016004 kB
MemFree:         3240604 kB
Active:           418848 kB
Mem:          3.8G       757M       3.1G       5.7M        63M       317M

MemTotal:        4016004 kB
MemFree:         3240728 kB
Active:           418848 kB
Mem:          3.8G       757M       3.1G       5.7M        63M       317M

MemTotal:        4016004 kB
MemFree:         3240620 kB
Active:           418832 kB
Mem:          3.8G       757M       3.1G       5.7M        63M       317M

MemTotal:        4016004 kB
MemFree:         3240744 kB
Active:           418800 kB
Mem:          3.8G       757M       3.1G       5.7M        63M       317M

MemTotal:        4016004 kB
MemFree:         3240868 kB
Active:           418828 kB
Mem:          3.8G       756M       3.1G       5.7M        63M       317M

MemTotal:        4016004 kB
MemFree:         3240868 kB
Active:           418840 kB
Mem:          3.8G       756M       3.1G       5.7M        63M       317M

MemTotal:        4016004 kB
MemFree:         3240852 kB
Active:           418820 kB
Mem:          3.8G       757M       3.1G       5.7M        63M       317M

MemTotal:        4016004 kB
MemFree:         3240852 kB
Active:           418828 kB
Mem:          3.8G       757M       3.1G       5.7M        63M       317M

MemTotal:        4016004 kB
MemFree:         3240712 kB
Active:           418856 kB
Mem:          3.8G       757M       3.1G       5.7M        63M       317M

MemTotal:        4016004 kB
MemFree:         3240696 kB
Active:           418840 kB
Mem:          3.8G       757M       3.1G       5.7M        63M       317M

MemTotal:        4016004 kB
MemFree:         3240140 kB
Active:           418872 kB
Mem:          3.8G       757M       3.1G       5.7M        63M       317M

MemTotal:        4016004 kB
MemFree:         3240388 kB
Active:           418828 kB
Mem:          3.8G       757M       3.1G       5.7M        63M       317M

MemTotal:        4016004 kB
MemFree:         3240512 kB
Active:           418848 kB
Mem:          3.8G       757M       3.1G       5.7M        63M       317M

MemTotal:        4016004 kB
MemFree:         3240448 kB
Active:           416788 kB
Mem:          3.8G       757M       3.1G       5.7M        63M       317M

MemTotal:        4016004 kB
MemFree:         3239828 kB
Active:           418876 kB
Mem:          3.8G       757M       3.1G       5.7M        63M       317M

MemTotal:        4016004 kB
MemFree:         3239952 kB
Active:           418888 kB
Mem:          3.8G       758M       3.1G       5.7M        63M       317M

MemTotal:        4016004 kB
MemFree:         3239580 kB
Active:           418896 kB
Mem:          3.8G       757M       3.1G       5.7M        63M       317M

MemTotal:        4016004 kB
MemFree:         3239704 kB
Active:           418852 kB
Mem:          3.8G       757M       3.1G       5.7M        63M       317M

MemTotal:        4016004 kB
MemFree:         3239952 kB
Active:           418864 kB
Mem:          3.8G       757M       3.1G       5.7M        63M       317M

MemTotal:        4016004 kB
MemFree:         3240076 kB
Active:           418884 kB
Mem:          3.8G       757M       3.1G       5.7M        63M       317M

MemTotal:        4016004 kB
MemFree:         3239828 kB
Active:           418896 kB
Mem:          3.8G       757M       3.1G       5.7M        63M       317M

MemTotal:        4016004 kB
MemFree:         3239828 kB
Active:           418856 kB
Mem:          3.8G       758M       3.1G       5.7M        63M       317M

MemTotal:        4016004 kB
MemFree:         3239704 kB
Active:           418872 kB
Mem:          3.8G       758M       3.1G       5.7M        63M       317M

MemTotal:        4016004 kB
MemFree:         3237656 kB
Active:           418832 kB
Mem:          3.8G       760M       3.1G       5.7M        63M       317M

MemTotal:        4016004 kB
MemFree:         3237516 kB
Active:           418884 kB
Mem:          3.8G       759M       3.1G       5.7M        63M       317M

MemTotal:        4016004 kB
MemFree:         3238120 kB
Active:           420904 kB
Mem:          3.8G       759M       3.1G       5.7M        63M       317M

MemTotal:        4016004 kB
MemFree:         3237980 kB
Active:           420912 kB
Mem:          3.8G       760M       3.1G       5.7M        63M       317M

MemTotal:        4016004 kB
MemFree:         3237988 kB
Active:           420936 kB
Mem:          3.8G       760M       3.1G       5.7M        63M       317M

MemTotal:        4016004 kB
MemFree:         3237724 kB
Active:           420888 kB
Mem:          3.8G       760M       3.1G       5.7M        63M       317M

MemTotal:        4016004 kB
MemFree:         3237336 kB
Active:           420912 kB
Mem:          3.8G       760M       3.1G       5.7M        63M       317M

MemTotal:        4016004 kB
MemFree:         3237832 kB
Active:           420940 kB
Mem:          3.8G       759M       3.1G       5.7M        63M       317M

MemTotal:        4016004 kB
MemFree:         3238080 kB
Active:           420888 kB
Mem:          3.8G       759M       3.1G       5.7M        63M       317M

MemTotal:        4016004 kB
MemFree:         3237940 kB
Active:           420908 kB
Mem:          3.8G       759M       3.1G       5.7M        63M       317M

MemTotal:        4016004 kB
MemFree:         3237628 kB
Active:           418876 kB
Mem:          3.8G       760M       3.1G       5.7M        63M       317M

MemTotal:        4016004 kB
MemFree:         3237504 kB
Active:           420948 kB
Mem:          3.8G       759M       3.1G       5.7M        63M       317M

MemTotal:        4016004 kB
MemFree:         3238124 kB
Active:           420952 kB
Mem:          3.8G       759M       3.1G       5.7M        63M       317M

MemTotal:        4016004 kB
MemFree:         3238124 kB
Active:           420952 kB
Mem:          3.8G       759M       3.1G       5.7M        63M       317M

MemTotal:        4016004 kB
MemFree:         3237876 kB
Active:           420960 kB
Mem:          3.8G       760M       3.1G       5.7M        63M       317M

MemTotal:        4016004 kB
MemFree:         3237628 kB
Active:           420940 kB
Mem:          3.8G       760M       3.1G       5.7M        63M       317M

MemTotal:        4016004 kB
MemFree:         3237612 kB
Active:           420940 kB
Mem:          3.8G       760M       3.1G       5.7M        63M       317M

MemTotal:        4016004 kB
MemFree:         3237612 kB
Active:           420984 kB
Mem:          3.8G       760M       3.1G       5.7M        63M       317M

MemTotal:        4016004 kB
MemFree:         3237488 kB
Active:           420984 kB
Mem:          3.8G       760M       3.1G       5.7M        63M       317M

MemTotal:        4016004 kB
MemFree:         3237348 kB
Active:           420992 kB
Mem:          3.8G       759M       3.1G       5.7M        63M       317M

MemTotal:        4016004 kB
MemFree:         3237704 kB
Active:           420980 kB
Mem:          3.8G       760M       3.1G       5.7M        63M       317M

MemTotal:        4016004 kB
MemFree:         3237440 kB
Active:           420996 kB
Mem:          3.8G       760M       3.1G       5.7M        63M       317M

MemTotal:        4016004 kB
MemFree:         3237812 kB
Active:           420996 kB
Mem:          3.8G       759M       3.1G       5.7M        63M       317M

MemTotal:        4016004 kB
MemFree:         3238280 kB
Active:           420948 kB
Mem:          3.8G       759M       3.1G       5.7M        63M       317M

MemTotal:        4016004 kB
MemFree:         3238280 kB
Active:           420980 kB
Mem:          3.8G       759M       3.1G       5.7M        63M       317M

MemTotal:        4016004 kB
MemFree:         3238156 kB
Active:           420956 kB
Mem:          3.8G       759M       3.1G       5.7M        63M       317M

MemTotal:        4016004 kB
MemFree:         3237784 kB
Active:           420972 kB
Mem:          3.8G       760M       3.1G       5.7M        63M       317M

MemTotal:        4016004 kB
MemFree:         3237908 kB
Active:           420948 kB
Mem:          3.8G       759M       3.1G       5.7M        63M       317M

MemTotal:        4016004 kB
MemFree:         3237784 kB
Active:           420980 kB
Mem:          3.8G       759M       3.1G       5.7M        63M       317M

MemTotal:        4016004 kB
MemFree:         3237660 kB
Active:           420992 kB
Mem:          3.8G       760M       3.1G       5.7M        63M       317M

MemTotal:        4016004 kB
MemFree:         3237908 kB
Active:           420996 kB
Mem:          3.8G       759M       3.1G       5.7M        63M       317M

MemTotal:        4016004 kB
MemFree:         3237412 kB
Active:           421004 kB
Mem:          3.8G       760M       3.1G       5.7M        63M       317M

MemTotal:        4016004 kB
MemFree:         3238280 kB
Active:           420952 kB
Mem:          3.8G       759M       3.1G       5.7M        63M       317M

MemTotal:        4016004 kB
MemFree:         3238404 kB
Active:           420968 kB
Mem:          3.8G       759M       3.1G       5.7M        63M       317M

MemTotal:        4016004 kB
MemFree:         3238280 kB
Active:           420984 kB
Mem:          3.8G       759M       3.1G       5.7M        63M       317M

MemTotal:        4016004 kB
MemFree:         3238156 kB
Active:           420988 kB
Mem:          3.8G       759M       3.1G       5.7M        63M       317M

MemTotal:        4016004 kB
MemFree:         3238404 kB
Active:           420960 kB
Mem:          3.8G       759M       3.1G       5.7M        63M       317M

MemTotal:        4016004 kB
MemFree:         3238404 kB
Active:           420976 kB
Mem:          3.8G       759M       3.1G       5.7M        63M       317M

MemTotal:        4016004 kB
MemFree:         3238404 kB
Active:           421000 kB
Mem:          3.8G       759M       3.1G       5.7M        63M       317M

MemTotal:        4016004 kB
MemFree:         3238156 kB
Active:           420968 kB
Mem:          3.8G       759M       3.1G       5.7M        63M       317M

MemTotal:        4016004 kB
MemFree:         3236232 kB
Active:           420972 kB
Mem:          3.8G       761M       3.1G       5.7M        63M       317M

MemTotal:        4016004 kB
MemFree:         3235844 kB
Active:           420992 kB
Mem:          3.8G       762M       3.1G       5.7M        63M       317M

MemTotal:        4016004 kB
MemFree:         3235472 kB
Active:           423000 kB
Mem:          3.8G       762M       3.1G       5.7M        63M       317M

MemTotal:        4016004 kB
MemFree:         3235300 kB
Active:           422984 kB
Mem:          3.8G       762M       3.1G       5.7M        63M       317M

MemTotal:        4016004 kB
MemFree:         3235300 kB
Active:           423004 kB
Mem:          3.8G       762M       3.1G       5.7M        63M       317M

MemTotal:        4016004 kB
MemFree:         3235408 kB
Active:           423008 kB
Mem:          3.8G       762M       3.1G       5.7M        63M       317M

MemTotal:        4016004 kB
MemFree:         3235392 kB
Active:           423036 kB
Mem:          3.8G       762M       3.1G       5.7M        63M       317M

MemTotal:        4016004 kB
MemFree:         3235516 kB
Active:           423032 kB
Mem:          3.8G       762M       3.1G       5.7M        63M       317M

MemTotal:        4016004 kB
MemFree:         3235392 kB
Active:           423016 kB
Mem:          3.8G       762M       3.1G       5.7M        63M       317M

MemTotal:        4016004 kB
MemFree:         3235640 kB
Active:           423040 kB
Mem:          3.8G       762M       3.1G       5.7M        63M       317M

MemTotal:        4016004 kB
MemFree:         3235624 kB
Active:           423020 kB
Mem:          3.8G       762M       3.1G       5.7M        63M       317M

MemTotal:        4016004 kB
MemFree:         3235980 kB
Active:           423036 kB
Mem:          3.8G       762M       3.1G       5.7M        63M       317M

MemTotal:        4016004 kB
MemFree:         3235980 kB
Active:           423004 kB
Mem:          3.8G       761M       3.1G       5.7M        63M       317M

MemTotal:        4016004 kB
MemFree:         3235856 kB
Active:           423016 kB
Mem:          3.8G       761M       3.1G       5.7M        63M       317M

MemTotal:        4016004 kB
MemFree:         3235856 kB
Active:           423036 kB
Mem:          3.8G       761M       3.1G       5.7M        63M       317M

MemTotal:        4016004 kB
MemFree:         3235856 kB
Active:           423052 kB
Mem:          3.8G       761M       3.1G       5.7M        63M       317M

MemTotal:        4016004 kB
MemFree:         3235856 kB
Active:           423016 kB
Mem:          3.8G       762M       3.1G       5.7M        63M       317M

MemTotal:        4016004 kB
MemFree:         3235608 kB
Active:           423044 kB
Mem:          3.8G       762M       3.1G       5.7M        63M       317M

MemTotal:        4016004 kB
MemFree:         3235592 kB
Active:           423024 kB
Mem:          3.8G       762M       3.1G       5.7M        63M       317M

MemTotal:        4016004 kB
MemFree:         3235592 kB
Active:           423052 kB
Mem:          3.8G       761M       3.1G       5.7M        63M       317M

MemTotal:        4016004 kB
MemFree:         3236120 kB
Active:           423064 kB
Mem:          3.8G       761M       3.1G       5.7M        63M       317M

MemTotal:        4016004 kB
MemFree:         3236120 kB
Active:           423068 kB
Mem:          3.8G       761M       3.1G       5.7M        63M       317M

MemTotal:        4016004 kB
MemFree:         3235872 kB
Active:           423080 kB
Mem:          3.8G       761M       3.1G       5.7M        63M       317M

MemTotal:        4016004 kB
MemFree:         3236120 kB
Active:           423028 kB
Mem:          3.8G       761M       3.1G       5.7M        63M       317M

MemTotal:        4016004 kB
MemFree:         3235512 kB
Active:           423340 kB
Mem:          3.8G       762M       3.1G       5.7M        63M       317M

MemTotal:        4016004 kB
MemFree:         3191668 kB
Active:           424360 kB
Mem:          3.8G       806M       3.0G       5.7M        63M       360M

MemTotal:        4016004 kB
MemFree:         3144824 kB
Active:           424436 kB
Mem:          3.8G       851M       3.0G       5.7M        63M       404M

MemTotal:        4016004 kB
MemFree:         3098368 kB
Active:           424400 kB
Mem:          3.8G       896M       3.0G       5.7M        63M       449M

MemTotal:        4016004 kB
MemFree:         3051104 kB
Active:           424412 kB
Mem:          3.8G       943M       2.9G       5.7M        63M       494M

MemTotal:        4016004 kB
MemFree:         3004880 kB
Active:           424408 kB
Mem:          3.8G       988M       2.9G       5.7M        63M       539M

MemTotal:        4016004 kB
MemFree:         2957524 kB
Active:           424404 kB
Mem:          3.8G       1.0G       2.8G       5.7M        63M       584M

MemTotal:        4016004 kB
MemFree:         2911920 kB
Active:           424452 kB
Mem:          3.8G       1.1G       2.8G       5.7M        63M       628M

MemTotal:        4016004 kB
MemFree:         2864332 kB
Active:           424416 kB
Mem:          3.8G       1.1G       2.7G       5.7M        63M       673M

MemTotal:        4016004 kB
MemFree:         2818588 kB
Active:           424460 kB
Mem:          3.8G       1.1G       2.7G       5.7M        63M       716M

MemTotal:        4016004 kB
MemFree:         2771404 kB
Active:           424436 kB
Mem:          3.8G       1.2G       2.6G       5.7M        63M       762M

MemTotal:        4016004 kB
MemFree:         2725076 kB
Active:           424428 kB
Mem:          3.8G       1.2G       2.6G       5.7M        63M       806M

MemTotal:        4016004 kB
MemFree:         2697084 kB
Active:           424468 kB
Mem:          3.8G       1.3G       2.6G       5.7M        63M       834M

MemTotal:        4016004 kB
MemFree:         2651604 kB
Active:           424428 kB
Mem:          3.8G       1.3G       2.5G       5.7M        63M       878M

MemTotal:        4016004 kB
MemFree:         2604496 kB
Active:           424440 kB
Mem:          3.8G       1.3G       2.5G       5.7M        63M       923M

MemTotal:        4016004 kB
MemFree:         2559320 kB
Active:           424480 kB
Mem:          3.8G       1.4G       2.4G       5.7M        63M       966M

MemTotal:        4016004 kB
MemFree:         2511824 kB
Active:           424468 kB
Mem:          3.8G       1.4G       2.4G       5.7M        63M       1.0G

MemTotal:        4016004 kB
MemFree:         2493576 kB
Active:           426544 kB
Mem:          3.8G       1.5G       2.4G       5.7M        63M       1.0G

MemTotal:        4016004 kB
MemFree:         2447352 kB
Active:           426568 kB
Mem:          3.8G       1.5G       2.3G       5.7M        63M       1.0G

MemTotal:        4016004 kB
MemFree:         2400836 kB
Active:           426512 kB
Mem:          3.8G       1.5G       2.3G       5.7M        63M       1.1G

MemTotal:        4016004 kB
MemFree:         2353964 kB
Active:           426568 kB
Mem:          3.8G       1.6G       2.2G       5.7M        63M       1.1G

MemTotal:        4016004 kB
MemFree:         2307492 kB
Active:           426564 kB
Mem:          3.8G       1.6G       2.2G       5.7M        63M       1.2G

MemTotal:        4016004 kB
MemFree:         2260880 kB
Active:           426564 kB
Mem:          3.8G       1.7G       2.2G       5.7M        63M       1.2G

MemTotal:        4016004 kB
MemFree:         2215276 kB
Active:           426556 kB
Mem:          3.8G       1.7G       2.1G       5.7M        63M       1.3G

MemTotal:        4016004 kB
MemFree:         2168168 kB
Active:           426576 kB
Mem:          3.8G       1.8G       2.1G       5.7M        63M       1.3G

MemTotal:        4016004 kB
MemFree:         2122244 kB
Active:           426596 kB
Mem:          3.8G       1.8G       2.0G       5.7M        63M       1.4G

MemTotal:        4016004 kB
MemFree:         2075168 kB
Active:           426596 kB
Mem:          3.8G       1.9G       2.0G       5.7M        63M       1.4G

MemTotal:        4016004 kB
MemFree:         2074580 kB
Active:           426584 kB
Mem:          3.8G       1.9G       2.0G       5.7M        63M       1.4G

MemTotal:        4016004 kB
MemFree:         2067132 kB
Active:           426584 kB
Mem:          3.8G       1.9G       2.0G       5.7M        63M       1.4G

MemTotal:        4016004 kB
MemFree:         2020832 kB
Active:           426580 kB
Mem:          3.8G       1.9G       1.9G       5.7M        63M       1.4G

MemTotal:        4016004 kB
MemFree:         1974112 kB
Active:           426608 kB
Mem:          3.8G       1.9G       1.9G       5.7M        63M       1.5G

MemTotal:        4016004 kB
MemFree:         1928608 kB
Active:           426588 kB
Mem:          3.8G       2.0G       1.8G       5.7M        63M       1.5G

MemTotal:        4016004 kB
MemFree:         1928064 kB
Active:           426608 kB
Mem:          3.8G       2.0G       1.8G       5.7M        63M       1.5G

MemTotal:        4016004 kB
MemFree:         1927632 kB
Active:           426620 kB
Mem:          3.8G       2.0G       1.8G       5.7M        63M       1.5G

MemTotal:        4016004 kB
MemFree:         1892248 kB
Active:           426596 kB
Mem:          3.8G       2.0G       1.8G       5.7M        63M       1.6G

MemTotal:        4016004 kB
MemFree:         1845140 kB
Active:           426628 kB
Mem:          3.8G       2.1G       1.8G       5.7M        63M       1.6G

MemTotal:        4016004 kB
MemFree:         1798852 kB
Active:           424572 kB
Mem:          3.8G       2.1G       1.7G       5.7M        63M       1.7G

MemTotal:        4016004 kB
MemFree:         1751140 kB
Active:           426648 kB
Mem:          3.8G       2.2G       1.7G       5.7M        63M       1.7G

MemTotal:        4016004 kB
MemFree:         1706016 kB
Active:           426612 kB
Mem:          3.8G       2.2G       1.6G       5.7M        63M       1.7G

MemTotal:        4016004 kB
MemFree:         1658040 kB
Active:           426660 kB
Mem:          3.8G       2.2G       1.6G       5.7M        63M       1.8G

MemTotal:        4016004 kB
MemFree:         1611940 kB
Active:           426644 kB
Mem:          3.8G       2.3G       1.5G       5.7M        63M       1.8G

MemTotal:        4016004 kB
MemFree:         1566484 kB
Active:           426644 kB
Mem:          3.8G       2.3G       1.5G       5.7M        63M       1.9G

MemTotal:        4016004 kB
MemFree:         1529240 kB
Active:           426664 kB
Mem:          3.8G       2.4G       1.5G       5.7M        63M       1.9G

MemTotal:        4016004 kB
MemFree:         1528868 kB
Active:           426672 kB
Mem:          3.8G       2.4G       1.5G       5.7M        63M       1.9G

MemTotal:        4016004 kB
MemFree:         1529088 kB
Active:           426672 kB
Mem:          3.8G       2.4G       1.5G       5.7M        63M       1.9G

MemTotal:        4016004 kB
MemFree:         1504680 kB
Active:           426660 kB
Mem:          3.8G       2.4G       1.4G       5.7M        63M       1.9G

MemTotal:        4016004 kB
MemFree:         1458704 kB
Active:           426640 kB
Mem:          3.8G       2.4G       1.4G       5.7M        63M       2.0G

MemTotal:        4016004 kB
MemFree:         1421000 kB
Active:           426680 kB
Mem:          3.8G       2.5G       1.4G       5.7M        63M       2.0G

MemTotal:        4016004 kB
MemFree:         1420256 kB
Active:           426672 kB
Mem:          3.8G       2.5G       1.4G       5.7M        63M       2.0G

MemTotal:        4016004 kB
MemFree:         1409892 kB
Active:           426684 kB
Mem:          3.8G       2.5G       1.3G       5.7M        63M       2.0G

MemTotal:        4016004 kB
MemFree:         1364272 kB
Active:           426708 kB
Mem:          3.8G       2.5G       1.3G       5.7M        63M       2.1G

MemTotal:        4016004 kB
MemFree:         1316824 kB
Active:           426708 kB
Mem:          3.8G       2.6G       1.3G       5.7M        63M       2.1G

MemTotal:        4016004 kB
MemFree:         1271148 kB
Active:           426676 kB
Mem:          3.8G       2.6G       1.2G       5.7M        63M       2.2G

MemTotal:        4016004 kB
MemFree:         1223436 kB
Active:           426716 kB
Mem:          3.8G       2.7G       1.2G       5.7M        63M       2.2G

MemTotal:        4016004 kB
MemFree:         1177568 kB
Active:           426716 kB
Mem:          3.8G       2.7G       1.1G       5.7M        63M       2.2G

MemTotal:        4016004 kB
MemFree:         1131468 kB
Active:           426700 kB
Mem:          3.8G       2.8G       1.1G       5.7M        63M       2.3G

MemTotal:        4016004 kB
MemFree:         1082684 kB
Active:           426660 kB
Mem:          3.8G       2.8G       1.0G       5.7M        63M       2.3G

MemTotal:        4016004 kB
MemFree:         1037380 kB
Active:           428752 kB
Mem:          3.8G       2.8G       1.0G       5.7M        63M       2.4G

MemTotal:        4016004 kB
MemFree:         1000164 kB
Active:           428744 kB
Mem:          3.8G       2.9G       976M       5.7M        63M       2.4G

MemTotal:        4016004 kB
MemFree:          999576 kB
Active:           428768 kB
Mem:          3.8G       2.9G       976M       5.7M        63M       2.4G

MemTotal:        4016004 kB
MemFree:          959588 kB
Active:           428772 kB
Mem:          3.8G       2.9G       935M       5.7M        63M       2.4G

MemTotal:        4016004 kB
MemFree:          912496 kB
Active:           428748 kB
Mem:          3.8G       3.0G       890M       5.7M        63M       2.5G

MemTotal:        4016004 kB
MemFree:          866628 kB
Active:           428780 kB
Mem:          3.8G       3.0G       845M       5.7M        63M       2.5G

MemTotal:        4016004 kB
MemFree:          819196 kB
Active:           428768 kB
Mem:          3.8G       3.0G       798M       5.7M        63M       2.6G

MemTotal:        4016004 kB
MemFree:          773328 kB
Active:           428764 kB
Mem:          3.8G       3.1G       753M       5.7M        63M       2.6G

MemTotal:        4016004 kB
MemFree:          727984 kB
Active:           428776 kB
Mem:          3.8G       3.1G       709M       5.7M        63M       2.7G

MemTotal:        4016004 kB
MemFree:          680920 kB
Active:           426780 kB
Mem:          3.8G       3.2G       664M       5.7M        63M       2.7G

MemTotal:        4016004 kB
MemFree:          634512 kB
Active:           428784 kB
Mem:          3.8G       3.2G       618M       5.7M        63M       2.7G

MemTotal:        4016004 kB
MemFree:          596136 kB
Active:           428788 kB
Mem:          3.8G       3.3G       582M       5.7M        63M       2.8G

MemTotal:        4016004 kB
MemFree:          595580 kB
Active:           428780 kB
Mem:          3.8G       3.3G       581M       5.7M        63M       2.8G

MemTotal:        4016004 kB
MemFree:          562600 kB
Active:           428820 kB
Mem:          3.8G       3.3G       548M       5.7M        63M       2.8G

MemTotal:        4016004 kB
MemFree:          516236 kB
Active:           428816 kB
Mem:          3.8G       3.3G       502M       5.7M        63M       2.9G

MemTotal:        4016004 kB
MemFree:          469640 kB
Active:           428824 kB
Mem:          3.8G       3.4G       457M       5.7M        63M       2.9G

MemTotal:        4016004 kB
MemFree:          422904 kB
Active:           428824 kB
Mem:          3.8G       3.4G       411M       5.7M        63M       2.9G

MemTotal:        4016004 kB
MemFree:          376572 kB
Active:           428828 kB
Mem:          3.8G       3.5G       366M       5.7M        63M       3.0G

MemTotal:        4016004 kB
MemFree:          329988 kB
Active:           428836 kB
Mem:          3.8G       3.5G       320M       5.7M        63M       3.0G

MemTotal:        4016004 kB
MemFree:          283392 kB
Active:           424792 kB
Mem:          3.8G       3.6G       276M       5.7M        63M       3.1G

MemTotal:        4016004 kB
MemFree:          237108 kB
Active:           428832 kB
Mem:          3.8G       3.6G       230M       5.7M        63M       3.1G

MemTotal:        4016004 kB
MemFree:          190140 kB
Active:           428864 kB
Mem:          3.8G       3.6G       185M       5.7M        63M       3.2G

MemTotal:        4016004 kB
MemFree:          144916 kB
Active:           428852 kB
Mem:          3.8G       3.7G       140M       5.7M        63M       3.2G

MemTotal:        4016004 kB
MemFree:          133680 kB
Active:           425640 kB
Mem:          3.8G       3.7G       157M       5.7M        27M       3.2G

MemTotal:        4016004 kB
MemFree:          130584 kB
Active:           489168 kB
Mem:          3.8G       3.7G       120M       5.7M        27M       3.3G

MemTotal:        4016004 kB
MemFree:          126604 kB
Active:           485988 kB
Mem:          3.8G       3.7G       123M       5.7M        27M       3.3G

MemTotal:        4016004 kB
MemFree:          125684 kB
Active:           480244 kB
Mem:          3.8G       3.7G       121M       5.7M        27M       3.3G

MemTotal:        4016004 kB
MemFree:          109716 kB
Active:           479068 kB
Mem:          3.8G       3.7G       106M       5.7M        27M       3.3G

MemTotal:        4016004 kB
MemFree:          135280 kB
Active:           472284 kB
Mem:          3.8G       3.7G       131M       5.7M        27M       3.2G

MemTotal:        4016004 kB
MemFree:          145236 kB
Active:           465332 kB
Mem:          3.8G       3.7G       140M       5.7M        27M       3.2G

MemTotal:        4016004 kB
MemFree:          134772 kB
Active:           461888 kB
Mem:          3.8G       3.7G       131M       5.7M        27M       3.2G

MemTotal:        4016004 kB
MemFree:          125868 kB
Active:           458432 kB
Mem:          3.8G       3.7G       122M       5.7M        27M       3.3G

MemTotal:        4016004 kB
MemFree:          127744 kB
Active:           453324 kB
Mem:          3.8G       3.7G       123M       5.7M        27M       3.3G

MemTotal:        4016004 kB
MemFree:          130188 kB
Active:           448332 kB
Mem:          3.8G       3.7G       126M       5.7M        27M       3.3G

MemTotal:        4016004 kB
MemFree:          126904 kB
Active:           448300 kB
Mem:          3.8G       3.7G       123M       5.7M        28M       3.3G

MemTotal:        4016004 kB
MemFree:          126568 kB
Active:           448332 kB
Mem:          3.8G       3.7G       123M       5.7M        28M       3.3G

MemTotal:        4016004 kB
MemFree:          134788 kB
Active:           443012 kB
Mem:          3.8G       3.7G       130M       5.7M        28M       3.3G

MemTotal:        4016004 kB
MemFree:          125500 kB
Active:           441848 kB
Mem:          3.8G       3.7G       121M       5.7M        28M       3.3G

MemTotal:        4016004 kB
MemFree:          132720 kB
Active:           439756 kB
Mem:          3.8G       3.7G       128M       5.7M        28M       3.3G

MemTotal:        4016004 kB
MemFree:          122068 kB
Active:           436656 kB
Mem:          3.8G       3.7G       118M       5.7M        28M       3.3G

MemTotal:        4016004 kB
MemFree:          112424 kB
Active:           435372 kB
Mem:          3.8G       3.7G       108M       5.7M        28M       3.3G

MemTotal:        4016004 kB
MemFree:          115164 kB
Active:           433692 kB
Mem:          3.8G       3.7G       110M       5.7M        28M       3.3G

MemTotal:        4016004 kB
MemFree:          122568 kB
Active:           429712 kB
Mem:          3.8G       3.7G       118M       5.7M        28M       3.3G

MemTotal:        4016004 kB
MemFree:          125108 kB
Active:           428408 kB
Mem:          3.8G       3.7G       120M       5.7M        28M       3.3G

MemTotal:        4016004 kB
MemFree:          115944 kB
Active:           425096 kB
Mem:          3.8G       3.7G       112M       5.7M        28M       3.3G

MemTotal:        4016004 kB
MemFree:          105928 kB
Active:           423952 kB
Mem:          3.8G       3.7G       125M       5.7M        28M       3.3G

MemTotal:        4016004 kB
MemFree:          114296 kB
Active:           422296 kB
Mem:          3.8G       3.7G       110M       5.7M        28M       3.3G

MemTotal:        4016004 kB
MemFree:          118680 kB
Active:           421048 kB
Mem:          3.8G       3.7G       115M       5.7M        28M       3.3G

MemTotal:        4016004 kB
MemFree:          120788 kB
Active:           419756 kB
Mem:          3.8G       3.7G       117M       5.7M        28M       3.3G

MemTotal:        4016004 kB
MemFree:          111644 kB
Active:           418584 kB
Mem:          3.8G       3.7G       108M       5.7M        28M       3.3G

MemTotal:        4016004 kB
MemFree:          126748 kB
Active:           415564 kB
Mem:          3.8G       3.7G       122M       5.7M        28M       3.3G

MemTotal:        4016004 kB
MemFree:          116484 kB
Active:           412400 kB
Mem:          3.8G       3.7G       112M       5.7M        28M       3.3G

MemTotal:        4016004 kB
MemFree:          119100 kB
Active:           410736 kB
Mem:          3.8G       3.7G       115M       5.7M        28M       3.3G

MemTotal:        4016004 kB
MemFree:          126304 kB
Active:           408816 kB
Mem:          3.8G       3.7G       122M       5.7M        28M       3.3G

MemTotal:        4016004 kB
MemFree:          116908 kB
Active:           407540 kB
Mem:          3.8G       3.7G       113M       5.7M        28M       3.3G

MemTotal:        4016004 kB
MemFree:          106628 kB
Active:           406392 kB
Mem:          3.8G       3.7G       103M       5.7M        28M       3.3G

MemTotal:        4016004 kB
MemFree:          109184 kB
Active:           402744 kB
Mem:          3.8G       3.7G       105M       5.7M        28M       3.3G

MemTotal:        4016004 kB
MemFree:          123264 kB
Active:           401044 kB
Mem:          3.8G       3.7G       119M       5.7M        28M       3.3G

MemTotal:        4016004 kB
MemFree:          107052 kB
Active:           399932 kB
Mem:          3.8G       3.7G       103M       5.7M        28M       3.3G

MemTotal:        4016004 kB
MemFree:          127228 kB
Active:           399876 kB
Mem:          3.8G       3.7G       123M       5.7M        28M       3.3G

MemTotal:        4016004 kB
MemFree:          105264 kB
Active:           399808 kB
Mem:          3.8G       3.7G       120M       5.7M        28M       3.3G

MemTotal:        4016004 kB
MemFree:          118296 kB
Active:           398036 kB
Mem:          3.8G       3.7G       114M       5.7M        28M       3.3G

MemTotal:        4016004 kB
MemFree:          108768 kB
Active:           396892 kB
Mem:          3.8G       3.7G       105M       5.7M        28M       3.3G

MemTotal:        4016004 kB
MemFree:          129584 kB
Active:           394704 kB
Mem:          3.8G       3.7G       125M       5.7M        28M       3.3G

MemTotal:        4016004 kB
MemFree:          131428 kB
Active:           393164 kB
Mem:          3.8G       3.7G       127M       5.7M        28M       3.3G

MemTotal:        4016004 kB
MemFree:          132408 kB
Active:           391140 kB
Mem:          3.8G       3.7G       127M       5.7M        28M       3.3G

MemTotal:        4016004 kB
MemFree:          121904 kB
Active:           388224 kB
Mem:          3.8G       3.7G       118M       5.7M        28M       3.3G

MemTotal:        4016004 kB
MemFree:          112368 kB
Active:           388864 kB
Mem:          3.8G       3.7G       108M       5.7M        28M       3.3G

MemTotal:        4016004 kB
MemFree:          126708 kB
Active:           387196 kB
Mem:          3.8G       3.7G       122M       5.7M        28M       3.3G

MemTotal:        4016004 kB
MemFree:          109880 kB
Active:           386072 kB
Mem:          3.8G       3.7G       106M       5.7M        28M       3.3G

MemTotal:        4016004 kB
MemFree:          111696 kB
Active:           384928 kB
Mem:          3.8G       3.7G       109M       5.7M        28M       3.3G

MemTotal:        4016004 kB
MemFree:          115728 kB
Active:           383768 kB
Mem:          3.8G       3.7G       112M       5.7M        28M       3.3G

MemTotal:        4016004 kB
MemFree:          117104 kB
Active:           381836 kB
Mem:          3.8G       3.7G       113M       5.7M        28M       3.3G

MemTotal:        4016004 kB
MemFree:          125488 kB
Active:           379828 kB
Mem:          3.8G       3.7G       122M       5.7M        28M       3.3G

MemTotal:        4016004 kB
MemFree:          115952 kB
Active:           378700 kB
Mem:          3.8G       3.7G       112M       5.7M        28M       3.3G

MemTotal:        4016004 kB
MemFree:          106276 kB
Active:           377564 kB
Mem:          3.8G       3.7G       120M       5.7M        28M       3.3G

MemTotal:        4016004 kB
MemFree:          144440 kB
Active:           375900 kB
Mem:          3.8G       3.7G       141M       5.7M        28M       3.2G

MemTotal:        4016004 kB
MemFree:          144320 kB
Active:           375864 kB
Mem:          3.8G       3.7G       140M       5.7M        28M       3.2G

MemTotal:        4016004 kB
MemFree:          129664 kB
Active:           375852 kB
Mem:          3.8G       3.7G       126M       5.7M        28M       3.3G

MemTotal:        4016004 kB
MemFree:          133024 kB
Active:           374752 kB
Mem:          3.8G       3.7G       129M       5.7M        28M       3.3G

MemTotal:        4016004 kB
MemFree:          122884 kB
Active:           373600 kB
Mem:          3.8G       3.7G       119M       5.7M        28M       3.3G

MemTotal:        4016004 kB
MemFree:          137900 kB
Active:           371768 kB
Mem:          3.8G       3.7G       133M       5.7M        28M       3.2G

MemTotal:        4016004 kB
MemFree:          139772 kB
Active:           371412 kB
Mem:          3.8G       3.7G       136M       5.7M        28M       3.2G

MemTotal:        4016004 kB
MemFree:          123784 kB
Active:           371300 kB
Mem:          3.8G       3.7G       143M       5.7M        28M       3.2G

MemTotal:        4016004 kB
MemFree:          127060 kB
Active:           371152 kB
Mem:          3.8G       3.7G       122M       5.7M        28M       3.3G

MemTotal:        4016004 kB
MemFree:          129136 kB
Active:           371188 kB
Mem:          3.8G       3.7G       125M       5.7M        28M       3.3G

MemTotal:        4016004 kB
MemFree:          121824 kB
Active:           371192 kB
Mem:          3.8G       3.7G       117M       5.7M        28M       3.3G

MemTotal:        4016004 kB
MemFree:          125600 kB
Active:           371220 kB
Mem:          3.8G       3.7G       122M       5.7M        28M       3.3G

MemTotal:        4016004 kB
MemFree:          110160 kB
Active:           371220 kB
Mem:          3.8G       3.7G       107M       5.7M        28M       3.3G

MemTotal:        4016004 kB
MemFree:          124904 kB
Active:           371232 kB
Mem:          3.8G       3.7G       122M       5.7M        28M       3.3G

MemTotal:        4016004 kB
MemFree:          136576 kB
Active:           368344 kB
Mem:          3.8G       3.7G       132M       5.7M        28M       3.2G

MemTotal:        4016004 kB
MemFree:          108724 kB
Active:           368256 kB
Mem:          3.8G       3.7G       105M       5.7M        28M       3.3G

MemTotal:        4016004 kB
MemFree:          105032 kB
Active:           368236 kB
Mem:          3.8G       3.7G       123M       5.7M        28M       3.3G

MemTotal:        4016004 kB
MemFree:          107384 kB
Active:           368288 kB
Mem:          3.8G       3.7G       104M       5.7M        28M       3.3G

MemTotal:        4016004 kB
MemFree:          133188 kB
Active:           368288 kB
Mem:          3.8G       3.7G       128M       5.7M        28M       3.2G

MemTotal:        4016004 kB
MemFree:          124044 kB
Active:           368288 kB
Mem:          3.8G       3.7G       119M       5.7M        28M       3.3G

MemTotal:        4016004 kB
MemFree:          125728 kB
Active:           366460 kB
Mem:          3.8G       3.7G       121M       5.7M        28M       3.3G

MemTotal:        4016004 kB
MemFree:          128624 kB
Active:           367484 kB
Mem:          3.8G       3.7G       124M       5.7M        28M       3.3G

MemTotal:        4016004 kB
MemFree:          129916 kB
Active:           367396 kB
Mem:          3.8G       3.7G       126M       5.7M        28M       3.3G

MemTotal:        4016004 kB
MemFree:          121020 kB
Active:           367400 kB
Mem:          3.8G       3.7G       117M       5.7M        28M       3.3G

MemTotal:        4016004 kB
MemFree:          116600 kB
Active:           367400 kB
Mem:          3.8G       3.7G       112M       5.7M        28M       3.3G

MemTotal:        4016004 kB
MemFree:          118088 kB
Active:           367284 kB
Mem:          3.8G       3.7G       114M       5.7M        28M       3.3G

MemTotal:        4016004 kB
MemFree:          108212 kB
Active:           367104 kB
Mem:          3.8G       3.7G       104M       5.7M        28M       3.3G

MemTotal:        4016004 kB
MemFree:          116732 kB
Active:           367124 kB
Mem:          3.8G       3.7G       112M       5.7M        28M       3.3G

MemTotal:        4016004 kB
MemFree:          118204 kB
Active:           367024 kB
Mem:          3.8G       3.7G       113M       5.7M        28M       3.3G

MemTotal:        4016004 kB
MemFree:          118436 kB
Active:           367024 kB
Mem:          3.8G       3.7G       115M       5.7M        28M       3.3G

MemTotal:        4016004 kB
MemFree:          115264 kB
Active:           368380 kB
Mem:          3.8G       3.7G       111M       5.7M        28M       3.3G

MemTotal:        4016004 kB
MemFree:          106636 kB
Active:           367268 kB
Mem:          3.8G       3.7G       103M       5.7M        28M       3.3G

MemTotal:        4016004 kB
MemFree:          125680 kB
Active:           366500 kB
Mem:          3.8G       3.7G       126M       5.7M        28M       3.3G

MemTotal:        4016004 kB
MemFree:          126548 kB
Active:           366180 kB
Mem:          3.8G       3.7G       123M       5.7M        28M       3.3G

MemTotal:        4016004 kB
MemFree:          110812 kB
Active:           366180 kB
Mem:          3.8G       3.7G       107M       5.7M        28M       3.3G

MemTotal:        4016004 kB
MemFree:          125556 kB
Active:           366060 kB
Mem:          3.8G       3.7G       121M       5.7M        28M       3.3G

MemTotal:        4016004 kB
MemFree:          127980 kB
Active:           365140 kB
Mem:          3.8G       3.7G       123M       5.7M        28M       3.3G

MemTotal:        4016004 kB
MemFree:          104708 kB
Active:           365180 kB
Mem:          3.8G       3.7G       125M       5.7M        28M       3.3G

MemTotal:        4016004 kB
MemFree:          126316 kB
Active:           365188 kB
Mem:          3.8G       3.7G       122M       5.7M        28M       3.3G

MemTotal:        4016004 kB
MemFree:          115012 kB
Active:           365152 kB
Mem:          3.8G       3.7G       112M       5.7M        28M       3.3G

MemTotal:        4016004 kB
MemFree:          110024 kB
Active:           367232 kB
Mem:          3.8G       3.7G       107M       5.7M        28M       3.3G

MemTotal:        4016004 kB
MemFree:          128136 kB
Active:           366480 kB
Mem:          3.8G       3.7G       123M       5.7M        28M       3.3G

MemTotal:        4016004 kB
MemFree:          111432 kB
Active:           366480 kB
Mem:          3.8G       3.7G       108M       5.7M        28M       3.3G

MemTotal:        4016004 kB
MemFree:          126468 kB
Active:           366352 kB
Mem:          3.8G       3.7G       122M       5.7M        28M       3.3G

MemTotal:        4016004 kB
MemFree:          127144 kB
Active:           363984 kB
Mem:          3.8G       3.7G       123M       5.7M        28M       3.3G

MemTotal:        4016004 kB
MemFree:          134208 kB
Active:           363984 kB
Mem:          3.8G       3.7G       129M       5.7M        28M       3.2G

MemTotal:        4016004 kB
MemFree:          126824 kB
Active:           363984 kB
Mem:          3.8G       3.7G       122M       5.7M        28M       3.3G

MemTotal:        4016004 kB
MemFree:          135856 kB
Active:           363984 kB
Mem:          3.8G       3.7G       131M       5.7M        28M       3.2G

MemTotal:        4016004 kB
MemFree:          134540 kB
Active:           363984 kB
Mem:          3.8G       3.7G       131M       5.7M        28M       3.2G

MemTotal:        4016004 kB
MemFree:          110384 kB
Active:           363988 kB
Mem:          3.8G       3.7G       106M       5.7M        28M       3.3G

MemTotal:        4016004 kB
MemFree:          111092 kB
Active:           363996 kB
Mem:          3.8G       3.7G       107M       5.7M        28M       3.3G

MemTotal:        4016004 kB
MemFree:          114096 kB
Active:           363996 kB
Mem:          3.8G       3.7G       110M       5.7M        28M       3.3G

MemTotal:        4016004 kB
MemFree:          110100 kB
Active:           363988 kB
Mem:          3.8G       3.7G       107M       5.7M        28M       3.3G

MemTotal:        4016004 kB
MemFree:          108044 kB
Active:           364004 kB
Mem:          3.8G       3.7G       105M       5.7M        28M       3.3G

MemTotal:        4016004 kB
MemFree:          108164 kB
Active:           364012 kB
Mem:          3.8G       3.7G       105M       5.7M        28M       3.3G

MemTotal:        4016004 kB
MemFree:          108200 kB
Active:           364008 kB
Mem:          3.8G       3.7G       105M       5.7M        28M       3.3G

MemTotal:        4016004 kB
MemFree:          116820 kB
Active:           363788 kB
Mem:          3.8G       3.7G       113M       5.7M        28M       3.3G

MemTotal:        4016004 kB
MemFree:          119188 kB
Active:           363788 kB
Mem:          3.8G       3.7G       115M       5.7M        28M       3.3G

MemTotal:        4016004 kB
MemFree:          127276 kB
Active:           363748 kB
Mem:          3.8G       3.7G       123M       5.7M        28M       3.3G

MemTotal:        4016004 kB
MemFree:          116932 kB
Active:           363148 kB
Mem:          3.8G       3.7G       113M       5.7M        28M       3.3G

MemTotal:        4016004 kB
MemFree:          123640 kB
Active:           364172 kB
Mem:          3.8G       3.7G       119M       5.7M        28M       3.3G

MemTotal:        4016004 kB
MemFree:          113996 kB
Active:           364172 kB
Mem:          3.8G       3.7G       110M       5.7M        28M       3.3G

MemTotal:        4016004 kB
MemFree:          128572 kB
Active:           364172 kB
Mem:          3.8G       3.7G       124M       5.7M        28M       3.2G

MemTotal:        4016004 kB
MemFree:          107852 kB
Active:           364168 kB
Mem:          3.8G       3.7G       105M       5.7M        28M       3.3G

MemTotal:        4016004 kB
MemFree:          118536 kB
Active:           361344 kB
Mem:          3.8G       3.7G       114M       5.7M        28M       3.3G

MemTotal:        4016004 kB
MemFree:          120648 kB
Active:           361344 kB
Mem:          3.8G       3.7G       117M       5.7M        28M       3.3G

MemTotal:        4016004 kB
MemFree:          110072 kB
Active:           361312 kB
Mem:          3.8G       3.7G       107M       5.7M        28M       3.3G

MemTotal:        4016004 kB
MemFree:          144048 kB
Active:           361364 kB
Mem:          3.8G       3.7G       140M       5.7M        28M       3.2G

MemTotal:        4016004 kB
MemFree:          130976 kB
Active:           361364 kB
Mem:          3.8G       3.7G       127M       5.7M        28M       3.2G

MemTotal:        4016004 kB
MemFree:          122380 kB
Active:           361348 kB
Mem:          3.8G       3.7G       118M       5.7M        28M       3.3G

MemTotal:        4016004 kB
MemFree:          111992 kB
Active:           361352 kB
Mem:          3.8G       3.7G       108M       5.7M        28M       3.3G

MemTotal:        4016004 kB
MemFree:          126000 kB
Active:           363404 kB
Mem:          3.8G       3.7G       122M       5.7M        28M       3.2G

MemTotal:        4016004 kB
MemFree:          126996 kB
Active:           363272 kB
Mem:          3.8G       3.7G       123M       5.7M        28M       3.2G

MemTotal:        4016004 kB
MemFree:          127776 kB
Active:           363272 kB
Mem:          3.8G       3.7G       123M       5.7M        28M       3.2G

MemTotal:        4016004 kB
MemFree:          125048 kB
Active:           362512 kB
Mem:          3.8G       3.7G       120M       5.7M        28M       3.2G

MemTotal:        4016004 kB
MemFree:          135572 kB
Active:           362512 kB
Mem:          3.8G       3.7G       131M       5.7M        28M       3.2G

MemTotal:        4016004 kB
MemFree:          108880 kB
Active:           362512 kB
Mem:          3.8G       3.7G       105M       5.7M        28M       3.3G

MemTotal:        4016004 kB
MemFree:          134412 kB
Active:           362528 kB
Mem:          3.8G       3.7G       130M       5.7M        28M       3.2G

MemTotal:        4016004 kB
MemFree:          127168 kB
Active:           362528 kB
Mem:          3.8G       3.7G       123M       5.7M        28M       3.2G

MemTotal:        4016004 kB
MemFree:          126456 kB
Active:           362544 kB
Mem:          3.8G       3.7G       123M       5.7M        28M       3.2G

MemTotal:        4016004 kB
MemFree:          126552 kB
Active:           362540 kB
Mem:          3.8G       3.7G       123M       5.7M        28M       3.2G

MemTotal:        4016004 kB
MemFree:          126200 kB
Active:           362560 kB
Mem:          3.8G       3.7G       122M       5.7M        28M       3.2G

MemTotal:        4016004 kB
MemFree:          127516 kB
Active:           362560 kB
Mem:          3.8G       3.7G       123M       5.7M        28M       3.2G

MemTotal:        4016004 kB
MemFree:          111548 kB
Active:           362564 kB
Mem:          3.8G       3.7G       108M       5.7M        28M       3.3G

MemTotal:        4016004 kB
MemFree:          125260 kB
Active:           362572 kB
Mem:          3.8G       3.7G       122M       5.7M        28M       3.2G

MemTotal:        4016004 kB
MemFree:          126660 kB
Active:           362572 kB
Mem:          3.8G       3.7G       123M       5.7M        28M       3.2G

MemTotal:        4016004 kB
MemFree:          119152 kB
Active:           356820 kB
Mem:          3.8G       3.7G       115M       5.7M        28M       3.3G

MemTotal:        4016004 kB
MemFree:          127976 kB
Active:           356820 kB
Mem:          3.8G       3.7G       124M       5.7M        28M       3.2G

MemTotal:        4016004 kB
MemFree:          130956 kB
Active:           356808 kB
Mem:          3.8G       3.7G       127M       5.7M        28M       3.2G

MemTotal:        4016004 kB
MemFree:          120028 kB
Active:           356816 kB
Mem:          3.8G       3.7G       115M       5.7M        28M       3.3G

MemTotal:        4016004 kB
MemFree:          109824 kB
Active:           356828 kB
Mem:          3.8G       3.7G       106M       5.7M        28M       3.3G

MemTotal:        4016004 kB
MemFree:          112720 kB
Active:           356824 kB
Mem:          3.8G       3.7G       110M       5.7M        28M       3.3G

MemTotal:        4016004 kB
MemFree:          109048 kB
Active:           356832 kB
Mem:          3.8G       3.7G       106M       5.7M        28M       3.3G

MemTotal:        4016004 kB
MemFree:          105016 kB
Active:           356824 kB
Mem:          3.8G       3.7G       125M       5.7M        28M       3.2G

MemTotal:        4016004 kB
MemFree:          120192 kB
Active:           356804 kB
Mem:          3.8G       3.7G       117M       5.7M        28M       3.3G

MemTotal:        4016004 kB
MemFree:          119828 kB
Active:           356852 kB
Mem:          3.8G       3.7G       116M       5.7M        28M       3.3G

MemTotal:        4016004 kB
MemFree:          128724 kB
Active:           356828 kB
Mem:          3.8G       3.7G       124M       5.7M        28M       3.2G

MemTotal:        4016004 kB
MemFree:          130612 kB
Active:           356816 kB
Mem:          3.8G       3.7G       126M       5.7M        28M       3.2G

MemTotal:        4016004 kB
MemFree:          133524 kB
Active:           354680 kB
Mem:          3.8G       3.7G       129M       5.7M        28M       3.2G

MemTotal:        4016004 kB
MemFree:          141984 kB
Active:           354668 kB
Mem:          3.8G       3.7G       138M       5.7M        28M       3.2G

MemTotal:        4016004 kB
MemFree:          143980 kB
Active:           354660 kB
Mem:          3.8G       3.7G       139M       5.7M        28M       3.2G

MemTotal:        4016004 kB
MemFree:          133656 kB
Active:           354636 kB
Mem:          3.8G       3.7G       130M       5.7M        28M       3.2G

MemTotal:        4016004 kB
MemFree:          124428 kB
Active:           354692 kB
Mem:          3.8G       3.7G       120M       5.7M        28M       3.2G

MemTotal:        4016004 kB
MemFree:          143856 kB
Active:           354696 kB
Mem:          3.8G       3.7G       140M       5.7M        28M       3.2G

MemTotal:        4016004 kB
MemFree:          143796 kB
Active:           354684 kB
Mem:          3.8G       3.7G       140M       5.7M        28M       3.2G

MemTotal:        4016004 kB
MemFree:          135100 kB
Active:           354724 kB
Mem:          3.8G       3.7G       130M       5.7M        28M       3.2G

MemTotal:        4016004 kB
MemFree:          125364 kB
Active:           354740 kB
Mem:          3.8G       3.7G       121M       5.7M        28M       3.2G

MemTotal:        4016004 kB
MemFree:          109260 kB
Active:           354740 kB
Mem:          3.8G       3.7G       105M       5.7M        28M       3.3G

MemTotal:        4016004 kB
MemFree:          128556 kB
Active:           354740 kB
Mem:          3.8G       3.7G       124M       5.7M        28M       3.2G

MemTotal:        4016004 kB
MemFree:          119516 kB
Active:           354744 kB
Mem:          3.8G       3.7G       115M       5.7M        28M       3.3G

MemTotal:        4016004 kB
MemFree:          121032 kB
Active:           354752 kB
Mem:          3.8G       3.7G       117M       5.7M        28M       3.3G

MemTotal:        4016004 kB
MemFree:          125340 kB
Active:           351636 kB
Mem:          3.8G       3.7G       121M       5.7M        28M       3.2G

MemTotal:        4016004 kB
MemFree:          133056 kB
Active:           351648 kB
Mem:          3.8G       3.7G       128M       5.7M        28M       3.2G

MemTotal:        4016004 kB
MemFree:          123924 kB
Active:           351684 kB
Mem:          3.8G       3.7G       120M       5.7M        28M       3.2G

MemTotal:        4016004 kB
MemFree:          107956 kB
Active:           351664 kB
Mem:          3.8G       3.7G       104M       5.7M        28M       3.3G

MemTotal:        4016004 kB
MemFree:          127808 kB
Active:           351664 kB
Mem:          3.8G       3.7G       124M       5.7M        28M       3.2G

MemTotal:        4016004 kB
MemFree:          116524 kB
Active:           351696 kB
Mem:          3.8G       3.7G       113M       5.7M        28M       3.3G

MemTotal:        4016004 kB
MemFree:          123976 kB
Active:           351700 kB
Mem:          3.8G       3.7G       119M       5.7M        28M       3.2G

MemTotal:        4016004 kB
MemFree:          126208 kB
Active:           351688 kB
Mem:          3.8G       3.7G       122M       5.7M        28M       3.2G

MemTotal:        4016004 kB
MemFree:          115496 kB
Active:           351152 kB
Mem:          3.8G       3.7G       111M       5.7M        28M       3.3G

MemTotal:        4016004 kB
MemFree:          122072 kB
Active:           352140 kB
Mem:          3.8G       3.7G       118M       5.7M        28M       3.2G

MemTotal:        4016004 kB
MemFree:          126608 kB
Active:           352188 kB
Mem:          3.8G       3.7G       122M       5.7M        28M       3.2G

MemTotal:        4016004 kB
MemFree:          129864 kB
Active:           352156 kB
Mem:          3.8G       3.7G       125M       5.7M        28M       3.2G

MemTotal:        4016004 kB
MemFree:          134268 kB
Active:           349472 kB
Mem:          3.8G       3.7G       130M       5.7M        28M       3.2G

MemTotal:        4016004 kB
MemFree:          124128 kB
Active:           349436 kB
Mem:          3.8G       3.7G       120M       5.7M        28M       3.2G

MemTotal:        4016004 kB
MemFree:          108408 kB
Active:           349476 kB
Mem:          3.8G       3.7G       105M       5.7M        28M       3.3G

MemTotal:        4016004 kB
MemFree:          134912 kB
Active:           349456 kB
Mem:          3.8G       3.7G       130M       5.7M        28M       3.2G

MemTotal:        4016004 kB
MemFree:          115732 kB
Active:           349492 kB
Mem:          3.8G       3.7G       113M       5.7M        28M       3.3G

MemTotal:        4016004 kB
MemFree:          127132 kB
Active:           349504 kB
Mem:          3.8G       3.7G       122M       5.7M        28M       3.2G

MemTotal:        4016004 kB
MemFree:          122192 kB
Active:           349380 kB
Mem:          3.8G       3.7G       118M       5.7M        28M       3.2G

MemTotal:        4016004 kB
MemFree:          113092 kB
Active:           349380 kB
Mem:          3.8G       3.7G       109M       5.7M        28M       3.3G

MemTotal:        4016004 kB
MemFree:          127184 kB
Active:           349384 kB
Mem:          3.8G       3.7G       123M       5.7M        28M       3.2G

MemTotal:        4016004 kB
MemFree:          118160 kB
Active:           349380 kB
Mem:          3.8G       3.7G       114M       5.7M        28M       3.3G

MemTotal:        4016004 kB
MemFree:          118916 kB
Active:           349380 kB
Mem:          3.8G       3.7G       115M       5.7M        28M       3.3G

MemTotal:        4016004 kB
MemFree:          109148 kB
Active:           349352 kB
Mem:          3.8G       3.7G       105M       5.7M        28M       3.3G

MemTotal:        4016004 kB
MemFree:          126008 kB
Active:           349376 kB
Mem:          3.8G       3.7G       122M       5.7M        28M       3.2G

MemTotal:        4016004 kB
MemFree:          120540 kB
Active:           345684 kB
Mem:          3.8G       3.7G       116M       5.7M        28M       3.3G

MemTotal:        4016004 kB
MemFree:          110400 kB
Active:           345688 kB
Mem:          3.8G       3.7G       106M       5.7M        28M       3.3G

MemTotal:        4016004 kB
MemFree:          121448 kB
Active:           345680 kB
Mem:          3.8G       3.7G       118M       5.7M        28M       3.2G

MemTotal:        4016004 kB
MemFree:          115660 kB
Active:           345692 kB
Mem:          3.8G       3.7G       112M       5.7M        28M       3.3G

MemTotal:        4016004 kB
MemFree:          105108 kB
Active:           345728 kB
Mem:          3.8G       3.7G       104M       5.7M        28M       3.3G

MemTotal:        4016004 kB
MemFree:          112616 kB
Active:           347804 kB
Mem:          3.8G       3.7G       108M       5.7M        28M       3.3G

MemTotal:        4016004 kB
MemFree:          115248 kB
Active:           347772 kB
Mem:          3.8G       3.7G       112M       5.7M        28M       3.3G

MemTotal:        4016004 kB
MemFree:          123460 kB
Active:           347768 kB
Mem:          3.8G       3.7G       120M       5.7M        28M       3.2G

MemTotal:        4016004 kB
MemFree:          115056 kB
Active:           347764 kB
Mem:          3.8G       3.7G       111M       5.7M        28M       3.3G

MemTotal:        4016004 kB
MemFree:          127948 kB
Active:           347796 kB
Mem:          3.8G       3.7G       124M       5.7M        28M       3.2G

MemTotal:        4016004 kB
MemFree:          107656 kB
Active:           347808 kB
Mem:          3.8G       3.7G       104M       5.7M        28M       3.3G

MemTotal:        4016004 kB
MemFree:          109064 kB
Active:           347768 kB
Mem:          3.8G       3.7G       105M       5.7M        28M       3.3G

MemTotal:        4016004 kB
MemFree:          124716 kB
Active:           347752 kB
Mem:          3.8G       3.7G       131M       5.7M        28M       3.2G

MemTotal:        4016004 kB
MemFree:          129528 kB
Active:           347788 kB
Mem:          3.8G       3.7G       126M       5.7M        28M       3.2G

MemTotal:        4016004 kB
MemFree:          130836 kB
Active:           347828 kB
Mem:          3.8G       3.7G       127M       5.7M        28M       3.2G

MemTotal:        4016004 kB
MemFree:          121784 kB
Active:           347668 kB
Mem:          3.8G       3.7G       117M       5.7M        28M       3.2G

MemTotal:        4016004 kB
MemFree:          128840 kB
Active:           347568 kB
Mem:          3.8G       3.7G       125M       5.7M        28M       3.2G

MemTotal:        4016004 kB
MemFree:          128696 kB
Active:           347384 kB
Mem:          3.8G       3.7G       125M       5.7M        28M       3.2G

MemTotal:        4016004 kB
MemFree:          129072 kB
Active:           347372 kB
Mem:          3.8G       3.7G       125M       5.7M        28M       3.2G

MemTotal:        4016004 kB
MemFree:          128948 kB
Active:           347400 kB
Mem:          3.8G       3.7G       125M       5.7M        28M       3.2G

MemTotal:        4016004 kB
MemFree:          128948 kB
Active:           347372 kB
Mem:          3.8G       3.7G       125M       5.7M        28M       3.2G

MemTotal:        4016004 kB
MemFree:          129196 kB
Active:           347392 kB
Mem:          3.8G       3.7G       126M       5.7M        28M       3.2G

MemTotal:        4016004 kB
MemFree:          129196 kB
Active:           347388 kB
Mem:          3.8G       3.7G       126M       5.7M        28M       3.2G

MemTotal:        4016004 kB
MemFree:          129196 kB
Active:           347376 kB
Mem:          3.8G       3.7G       125M       5.7M        28M       3.2G

MemTotal:        4016004 kB
MemFree:          129072 kB
Active:           347412 kB
Mem:          3.8G       3.7G       126M       5.7M        28M       3.2G

MemTotal:        4016004 kB
MemFree:          129072 kB
Active:           347408 kB
Mem:          3.8G       3.7G       126M       5.7M        28M       3.2G

MemTotal:        4016004 kB
MemFree:          128948 kB
Active:           347412 kB
Mem:          3.8G       3.7G       125M       5.7M        28M       3.2G

MemTotal:        4016004 kB
MemFree:          129072 kB
Active:           347408 kB
Mem:          3.8G       3.7G       125M       5.7M        28M       3.2G

MemTotal:        4016004 kB
MemFree:          129320 kB
Active:           347396 kB
Mem:          3.8G       3.7G       126M       5.7M        28M       3.2G

MemTotal:        4016004 kB
MemFree:          129196 kB
Active:           347396 kB
Mem:          3.8G       3.7G       126M       5.7M        28M       3.2G

MemTotal:        4016004 kB
MemFree:          129196 kB
Active:           347404 kB
Mem:          3.8G       3.7G       126M       5.7M        28M       3.2G

MemTotal:        4016004 kB
MemFree:          129320 kB
Active:           347380 kB
Mem:          3.8G       3.7G       126M       5.7M        28M       3.2G

MemTotal:        4016004 kB
MemFree:          129444 kB
Active:           347424 kB
Mem:          3.8G       3.7G       126M       5.7M        28M       3.2G

MemTotal:        4016004 kB
MemFree:          129444 kB
Active:           347388 kB
Mem:          3.8G       3.7G       126M       5.7M        28M       3.2G

MemTotal:        4016004 kB
MemFree:          129196 kB
Active:           347432 kB
Mem:          3.8G       3.7G       126M       5.7M        28M       3.2G

MemTotal:        4016004 kB
MemFree:          129072 kB
Active:           347432 kB
Mem:          3.8G       3.7G       125M       5.7M        28M       3.2G

MemTotal:        4016004 kB
MemFree:          129072 kB
Active:           347404 kB
Mem:          3.8G       3.7G       125M       5.7M        28M       3.2G

MemTotal:        4016004 kB
MemFree:          129072 kB
Active:           347376 kB
Mem:          3.8G       3.7G       125M       5.7M        28M       3.2G

MemTotal:        4016004 kB
MemFree:          129444 kB
Active:           347420 kB
Mem:          3.8G       3.7G       126M       5.7M        28M       3.2G

MemTotal:        4016004 kB
MemFree:          129196 kB
Active:           347408 kB
Mem:          3.8G       3.7G       126M       5.7M        28M       3.2G

MemTotal:        4016004 kB
MemFree:          128948 kB
Active:           347452 kB
Mem:          3.8G       3.7G       126M       5.7M        28M       3.2G

MemTotal:        4016004 kB
MemFree:          129320 kB
Active:           347444 kB
Mem:          3.8G       3.7G       126M       5.7M        28M       3.2G

MemTotal:        4016004 kB
MemFree:          129320 kB
Active:           347436 kB
Mem:          3.8G       3.7G       126M       5.7M        28M       3.2G

MemTotal:        4016004 kB
MemFree:          129444 kB
Active:           347452 kB
Mem:          3.8G       3.7G       126M       5.7M        28M       3.2G

MemTotal:        4016004 kB
MemFree:          129196 kB
Active:           347440 kB
Mem:          3.8G       3.7G       126M       5.7M        28M       3.2G

MemTotal:        4016004 kB
MemFree:          128916 kB
Active:           347444 kB
Mem:          3.8G       3.7G       125M       5.7M        28M       3.2G

MemTotal:        4016004 kB
MemFree:          129196 kB
Active:           347416 kB
Mem:          3.8G       3.7G       126M       5.7M        28M       3.2G

MemTotal:        4016004 kB
MemFree:          129072 kB
Active:           347464 kB
Mem:          3.8G       3.7G       126M       5.7M        28M       3.2G

MemTotal:        4016004 kB
MemFree:          129692 kB
Active:           347432 kB
Mem:          3.8G       3.7G       126M       5.7M        28M       3.2G

MemTotal:        4016004 kB
MemFree:          129320 kB
Active:           347424 kB
Mem:          3.8G       3.7G       125M       5.7M        28M       3.2G

MemTotal:        4016004 kB
MemFree:          128948 kB
Active:           347476 kB
Mem:          3.8G       3.7G       125M       5.7M        28M       3.2G

MemTotal:        4016004 kB
MemFree:          127024 kB
Active:           347456 kB
Mem:          3.8G       3.7G       123M       5.7M        28M       3.2G

MemTotal:        4016004 kB
MemFree:          127396 kB
Active:           349456 kB
Mem:          3.8G       3.7G       124M       5.7M        28M       3.2G

MemTotal:        4016004 kB
MemFree:          127148 kB
Active:           349464 kB
Mem:          3.8G       3.7G       124M       5.7M        28M       3.2G

MemTotal:        4016004 kB
MemFree:          127024 kB
Active:           349464 kB
Mem:          3.8G       3.7G       124M       5.7M        28M       3.2G

MemTotal:        4016004 kB
MemFree:          127024 kB
Active:           349484 kB
Mem:          3.8G       3.7G       124M       5.7M        28M       3.2G

MemTotal:        4016004 kB
MemFree:          127024 kB
Active:           349472 kB
Mem:          3.8G       3.7G       123M       5.7M        28M       3.2G

MemTotal:        4016004 kB
MemFree:          127024 kB
Active:           349468 kB
Mem:          3.8G       3.7G       124M       5.7M        28M       3.2G

MemTotal:        4016004 kB
MemFree:          127272 kB
Active:           349504 kB
Mem:          3.8G       3.7G       124M       5.7M        28M       3.2G

MemTotal:        4016004 kB
MemFree:          127148 kB
Active:           349452 kB
Mem:          3.8G       3.7G       124M       5.7M        28M       3.2G

MemTotal:        4016004 kB
MemFree:          127148 kB
Active:           349504 kB
Mem:          3.8G       3.7G       124M       5.7M        28M       3.2G

MemTotal:        4016004 kB
MemFree:          127024 kB
Active:           349496 kB
Mem:          3.8G       3.7G       123M       5.7M        28M       3.2G

MemTotal:        4016004 kB
MemFree:          127024 kB
Active:           349468 kB
Mem:          3.8G       3.7G       123M       5.7M        28M       3.2G

MemTotal:        4016004 kB
MemFree:          127024 kB
Active:           349464 kB
Mem:          3.8G       3.7G       124M       5.7M        28M       3.2G

MemTotal:        4016004 kB
MemFree:          127024 kB
Active:           349512 kB
Mem:          3.8G       3.7G       124M       5.7M        28M       3.2G

MemTotal:        4016004 kB
MemFree:          127024 kB
Active:           349508 kB
Mem:          3.8G       3.7G       123M       5.7M        28M       3.2G

MemTotal:        4016004 kB
MemFree:          126900 kB
Active:           349500 kB
Mem:          3.8G       3.7G       123M       5.7M        28M       3.2G

MemTotal:        4016004 kB
MemFree:          127520 kB
Active:           349504 kB
Mem:          3.8G       3.7G       124M       5.7M        28M       3.2G

MemTotal:        4016004 kB
MemFree:          127272 kB
Active:           349500 kB
Mem:          3.8G       3.7G       124M       5.7M        28M       3.2G

MemTotal:        4016004 kB
MemFree:          127644 kB
Active:           349504 kB
Mem:          3.8G       3.7G       124M       5.7M        28M       3.2G

MemTotal:        4016004 kB
MemFree:          127396 kB
Active:           349500 kB
Mem:          3.8G       3.7G       124M       5.7M        28M       3.2G

MemTotal:        4016004 kB
MemFree:          127148 kB
Active:           349508 kB
Mem:          3.8G       3.7G       124M       5.7M        28M       3.2G

MemTotal:        4016004 kB
MemFree:          127396 kB
Active:           349500 kB
Mem:          3.8G       3.7G       124M       5.7M        28M       3.2G

MemTotal:        4016004 kB
MemFree:          127148 kB
Active:           349512 kB
Mem:          3.8G       3.7G       124M       5.7M        28M       3.2G

MemTotal:        4016004 kB
MemFree:          127024 kB
Active:           349504 kB
Mem:          3.8G       3.7G       123M       5.7M        28M       3.2G

MemTotal:        4016004 kB
MemFree:          127024 kB
Active:           349512 kB
Mem:          3.8G       3.7G       124M       5.7M        28M       3.2G

MemTotal:        4016004 kB
MemFree:          127148 kB
Active:           349504 kB
Mem:          3.8G       3.7G       124M       5.7M        28M       3.2G

MemTotal:        4016004 kB
MemFree:          127272 kB
Active:           349504 kB
Mem:          3.8G       3.7G       124M       5.7M        28M       3.2G

MemTotal:        4016004 kB
MemFree:          127272 kB
Active:           349524 kB
Mem:          3.8G       3.7G       123M       5.7M        28M       3.2G

MemTotal:        4016004 kB
MemFree:          127520 kB
Active:           349496 kB
Mem:          3.8G       3.7G       124M       5.7M        28M       3.2G

MemTotal:        4016004 kB
MemFree:          127148 kB
Active:           349536 kB
Mem:          3.8G       3.7G       124M       5.7M        28M       3.2G

MemTotal:        4016004 kB
MemFree:          126776 kB
Active:           349552 kB
Mem:          3.8G       3.7G       124M       5.7M        28M       3.2G

MemTotal:        4016004 kB
MemFree:          127396 kB
Active:           349544 kB
Mem:          3.8G       3.7G       124M       5.7M        28M       3.2G

MemTotal:        4016004 kB
MemFree:          127272 kB
Active:           349536 kB
Mem:          3.8G       3.7G       124M       5.7M        28M       3.2G

MemTotal:        4016004 kB
MemFree:          127396 kB
Active:           349548 kB
Mem:          3.8G       3.7G       124M       5.7M        28M       3.2G

MemTotal:        4016004 kB
MemFree:          127272 kB
Active:           349552 kB
Mem:          3.8G       3.7G       124M       5.7M        28M       3.2G

MemTotal:        4016004 kB
MemFree:          127396 kB
Active:           349564 kB
Mem:          3.8G       3.7G       124M       5.7M        28M       3.2G

MemTotal:        4016004 kB
MemFree:          126900 kB
Active:           349524 kB
Mem:          3.8G       3.7G       123M       5.7M        28M       3.2G

MemTotal:        4016004 kB
MemFree:          127024 kB
Active:           349516 kB
Mem:          3.8G       3.7G       123M       5.7M        28M       3.2G

MemTotal:        4016004 kB
MemFree:          126776 kB
Active:           349576 kB
Mem:          3.8G       3.7G       123M       5.7M        28M       3.2G

MemTotal:        4016004 kB
MemFree:          127148 kB
Active:           349568 kB
Mem:          3.8G       3.7G       124M       5.7M        28M       3.2G

MemTotal:        4016004 kB
MemFree:          127024 kB
Active:           349548 kB
Mem:          3.8G       3.7G       124M       5.7M        28M       3.2G

MemTotal:        4016004 kB
MemFree:          127024 kB
Active:           349584 kB
Mem:          3.8G       3.7G       124M       5.7M        28M       3.2G

MemTotal:        4016004 kB
MemFree:          127644 kB
Active:           349548 kB
Mem:          3.8G       3.7G       124M       5.7M        28M       3.2G

MemTotal:        4016004 kB
MemFree:          127148 kB
Active:           349584 kB
Mem:          3.8G       3.7G       124M       5.7M        28M       3.2G

MemTotal:        4016004 kB
MemFree:          126900 kB
Active:           349588 kB
Mem:          3.8G       3.7G       123M       5.7M        28M       3.2G

MemTotal:        4016004 kB
MemFree:          126900 kB
Active:           349568 kB
Mem:          3.8G       3.7G       123M       5.7M        28M       3.2G

MemTotal:        4016004 kB
MemFree:          127024 kB
Active:           349556 kB
Mem:          3.8G       3.7G       124M       5.7M        28M       3.2G

MemTotal:        4016004 kB
MemFree:          126652 kB
Active:           349600 kB
Mem:          3.8G       3.7G       123M       5.7M        28M       3.2G

MemTotal:        4016004 kB
MemFree:          127148 kB
Active:           349552 kB
Mem:          3.8G       3.7G       124M       5.7M        28M       3.2G

MemTotal:        4016004 kB
MemFree:          127024 kB
Active:           349576 kB
Mem:          3.8G       3.7G       123M       5.7M        28M       3.2G

MemTotal:        4016004 kB
MemFree:          126900 kB
Active:           349592 kB
Mem:          3.8G       3.7G       123M       5.7M        28M       3.2G

MemTotal:        4016004 kB
MemFree:          127520 kB
Active:           349556 kB
Mem:          3.8G       3.7G       124M       5.7M        28M       3.2G

MemTotal:        4016004 kB
MemFree:          127024 kB
Active:           349604 kB
Mem:          3.8G       3.7G       123M       5.7M        28M       3.2G

MemTotal:        4016004 kB
MemFree:          127396 kB
Active:           349596 kB
Mem:          3.8G       3.7G       124M       5.7M        28M       3.2G

MemTotal:        4016004 kB
MemFree:          127272 kB
Active:           349596 kB
Mem:          3.8G       3.7G       124M       5.7M        28M       3.2G

MemTotal:        4016004 kB
MemFree:          127272 kB
Active:           350004 kB
Mem:          3.8G       3.7G       124M       5.7M        28M       3.2G

MemTotal:        4016004 kB
MemFree:          127132 kB
Active:           349652 kB
Mem:          3.8G       3.7G       124M       5.7M        28M       3.2G

MemTotal:        4016004 kB
MemFree:          127628 kB
Active:           349652 kB
Mem:          3.8G       3.7G       124M       5.7M        28M       3.2G

MemTotal:        4016004 kB
MemFree:          127256 kB
Active:           349664 kB
Mem:          3.8G       3.7G       124M       5.7M        28M       3.2G

MemTotal:        4016004 kB
MemFree:          126884 kB
Active:           349692 kB
Mem:          3.8G       3.7G       123M       5.7M        28M       3.2G

MemTotal:        4016004 kB
MemFree:          126760 kB
Active:           349672 kB
Mem:          3.8G       3.7G       123M       5.7M        28M       3.2G

MemTotal:        4016004 kB
MemFree:          126760 kB
Active:           349680 kB
Mem:          3.8G       3.7G       123M       5.7M        28M       3.2G

MemTotal:        4016004 kB
MemFree:          126760 kB
Active:           349656 kB
Mem:          3.8G       3.7G       123M       5.7M        28M       3.2G

MemTotal:        4016004 kB
MemFree:          127008 kB
Active:           349648 kB
Mem:          3.8G       3.7G       124M       5.7M        28M       3.2G

MemTotal:        4016004 kB
MemFree:          127256 kB
Active:           349692 kB
Mem:          3.8G       3.7G       124M       5.7M        28M       3.2G

MemTotal:        4016004 kB
MemFree:          126884 kB
Active:           349684 kB
Mem:          3.8G       3.7G       123M       5.7M        28M       3.2G

MemTotal:        4016004 kB
MemFree:          126636 kB
Active:           349644 kB
Mem:          3.8G       3.7G       123M       5.7M        28M       3.2G

MemTotal:        4016004 kB
MemFree:          126760 kB
Active:           349648 kB
Mem:          3.8G       3.7G       123M       5.7M        28M       3.2G

MemTotal:        4016004 kB
MemFree:          127256 kB
Active:           349664 kB
Mem:          3.8G       3.7G       124M       5.7M        28M       3.2G

MemTotal:        4016004 kB
MemFree:          127008 kB
Active:           349680 kB
Mem:          3.8G       3.7G       123M       5.7M        28M       3.2G

MemTotal:        4016004 kB
MemFree:          126884 kB
Active:           349684 kB
Mem:          3.8G       3.7G       124M       5.7M        28M       3.2G

MemTotal:        4016004 kB
MemFree:          126884 kB
Active:           349664 kB
Mem:          3.8G       3.7G       123M       5.7M        28M       3.2G

MemTotal:        4016004 kB
MemFree:          127024 kB
Active:           349692 kB
Mem:          3.8G       3.7G       123M       5.7M        28M       3.2G

MemTotal:        4016004 kB
MemFree:          126900 kB
Active:           349988 kB
Mem:          3.8G       3.7G       123M       5.7M        28M       3.2G

MemTotal:        4016004 kB
MemFree:          126496 kB
Active:           349836 kB
Mem:          3.8G       3.7G       123M       5.7M        28M       3.2G

MemTotal:        4016004 kB
MemFree:          126264 kB
Active:           349820 kB
Mem:          3.8G       3.7G       123M       5.7M        28M       3.2G

MemTotal:        4016004 kB
MemFree:          126528 kB
Active:           349812 kB
Mem:          3.8G       3.7G       123M       5.7M        28M       3.2G

MemTotal:        4016004 kB
MemFree:          126280 kB
Active:           349824 kB
Mem:          3.8G       3.7G       123M       5.7M        28M       3.2G

MemTotal:        4016004 kB
MemFree:          126016 kB
Active:           349828 kB
Mem:          3.8G       3.7G       123M       5.7M        28M       3.2G

MemTotal:        4016004 kB
MemFree:          126140 kB
Active:           349832 kB
Mem:          3.8G       3.7G       123M       5.7M        28M       3.2G

MemTotal:        4016004 kB
MemFree:          126280 kB
Active:           349816 kB
Mem:          3.8G       3.7G       123M       5.7M        28M       3.2G

MemTotal:        4016004 kB
MemFree:          126404 kB
Active:           349824 kB
Mem:          3.8G       3.7G       123M       5.7M        28M       3.2G

MemTotal:        4016004 kB
MemFree:          126388 kB
Active:           349820 kB
Mem:          3.8G       3.7G       123M       5.7M        28M       3.2G

MemTotal:        4016004 kB
MemFree:          126264 kB
Active:           349784 kB
Mem:          3.8G       3.7G       123M       5.7M        28M       3.2G

MemTotal:        4016004 kB
MemFree:          126404 kB
Active:           349832 kB
Mem:          3.8G       3.7G       123M       5.7M        28M       3.2G

MemTotal:        4016004 kB
MemFree:          126512 kB
Active:           349836 kB
Mem:          3.8G       3.7G       123M       5.7M        28M       3.2G

MemTotal:        4016004 kB
MemFree:          126636 kB
Active:           349820 kB
Mem:          3.8G       3.7G       123M       5.7M        28M       3.2G

MemTotal:        4016004 kB
MemFree:          126404 kB
Active:           349832 kB
Mem:          3.8G       3.7G       123M       5.7M        28M       3.2G

MemTotal:        4016004 kB
MemFree:          126528 kB
Active:           349832 kB
Mem:          3.8G       3.7G       123M       5.7M        28M       3.2G

MemTotal:        4016004 kB
MemFree:          126528 kB
Active:           349828 kB
Mem:          3.8G       3.7G       123M       5.7M        28M       3.2G

MemTotal:        4016004 kB
MemFree:          126140 kB
Active:           349856 kB
Mem:          3.8G       3.7G       123M       5.7M        28M       3.2G

MemTotal:        4016004 kB
MemFree:          126404 kB
Active:           349840 kB
Mem:          3.8G       3.7G       123M       5.7M        28M       3.2G

MemTotal:        4016004 kB
MemFree:          126264 kB
Active:           349860 kB
Mem:          3.8G       3.7G       123M       5.7M        28M       3.2G

MemTotal:        4016004 kB
MemFree:          126280 kB
Active:           349812 kB
Mem:          3.8G       3.7G       123M       5.7M        28M       3.2G

MemTotal:        4016004 kB
MemFree:          126280 kB
Active:           349804 kB
Mem:          3.8G       3.7G       123M       5.7M        28M       3.2G

MemTotal:        4016004 kB
MemFree:          126280 kB
Active:           349856 kB
Mem:          3.8G       3.7G       123M       5.7M        28M       3.2G

MemTotal:        4016004 kB
MemFree:          126016 kB
Active:           349860 kB
Mem:          3.8G       3.7G       123M       5.7M        28M       3.2G

MemTotal:        4016004 kB
MemFree:          126280 kB
Active:           349860 kB
Mem:          3.8G       3.7G       123M       5.7M        28M       3.2G

MemTotal:        4016004 kB
MemFree:          126032 kB
Active:           349848 kB
Mem:          3.8G       3.7G       122M       5.7M        28M       3.2G

MemTotal:        4016004 kB
MemFree:          126016 kB
Active:           349828 kB
Mem:          3.8G       3.7G       123M       5.7M        28M       3.2G

MemTotal:        4016004 kB
MemFree:          126156 kB
Active:           349824 kB
Mem:          3.8G       3.7G       122M       5.7M        28M       3.2G

MemTotal:        4016004 kB
MemFree:          126280 kB
Active:           349820 kB
Mem:          3.8G       3.7G       123M       5.7M        28M       3.2G

MemTotal:        4016004 kB
MemFree:          126032 kB
Active:           349828 kB
Mem:          3.8G       3.7G       123M       5.7M        28M       3.2G

MemTotal:        4016004 kB
MemFree:          126140 kB
Active:           349816 kB
Mem:          3.8G       3.7G       123M       5.7M        28M       3.2G

MemTotal:        4016004 kB
MemFree:          126264 kB
Active:           349876 kB
Mem:          3.8G       3.7G       123M       5.7M        28M       3.2G

MemTotal:        4016004 kB
MemFree:          126280 kB
Active:           349824 kB
Mem:          3.8G       3.7G       123M       5.7M        28M       3.2G

MemTotal:        4016004 kB
MemFree:          126140 kB
Active:           349864 kB
Mem:          3.8G       3.7G       123M       5.7M        28M       3.2G

MemTotal:        4016004 kB
MemFree:          126280 kB
Active:           349844 kB
Mem:          3.8G       3.7G       123M       5.7M        28M       3.2G

MemTotal:        4016004 kB
MemFree:          126140 kB
Active:           349948 kB
Mem:          3.8G       3.7G       122M       5.7M        28M       3.2G

MemTotal:        4016004 kB
MemFree:          126140 kB
Active:           349868 kB
Mem:          3.8G       3.7G       123M       5.7M        28M       3.2G

MemTotal:        4016004 kB
MemFree:          126140 kB
Active:           349840 kB
Mem:          3.8G       3.7G       123M       5.7M        28M       3.2G

MemTotal:        4016004 kB
MemFree:          126140 kB
Active:           349900 kB
Mem:          3.8G       3.7G       123M       5.7M        28M       3.2G

MemTotal:        4016004 kB
MemFree:          126016 kB
Active:           349864 kB
Mem:          3.8G       3.7G       123M       5.7M        28M       3.2G

MemTotal:        4016004 kB
MemFree:          126040 kB
Active:           349948 kB
Mem:          3.8G       3.7G       123M       5.7M        28M       3.2G

MemTotal:        4016004 kB
MemFree:          126140 kB
Active:           349880 kB
Mem:          3.8G       3.7G       123M       5.7M        28M       3.2G

MemTotal:        4016004 kB
MemFree:          125876 kB
Active:           350020 kB
Mem:          3.8G       3.7G       123M       5.7M        28M       3.2G

MemTotal:        4016004 kB
MemFree:          126156 kB
Active:           349968 kB
Mem:          3.8G       3.7G       123M       5.7M        28M       3.2G

MemTotal:        4016004 kB
MemFree:          126388 kB
Active:           349892 kB
Mem:          3.8G       3.7G       123M       5.7M        28M       3.2G

MemTotal:        4016004 kB
MemFree:          126404 kB
Active:           349896 kB
Mem:          3.8G       3.7G       123M       5.7M        28M       3.2G

MemTotal:        4016004 kB
MemFree:          126404 kB
Active:           349888 kB
Mem:          3.8G       3.7G       123M       5.7M        28M       3.2G

MemTotal:        4016004 kB
MemFree:          126264 kB
Active:           349888 kB
Mem:          3.8G       3.7G       123M       5.7M        28M       3.2G

MemTotal:        4016004 kB
MemFree:          126140 kB
Active:           349880 kB
Mem:          3.8G       3.7G       123M       5.7M        28M       3.2G

MemTotal:        4016004 kB
MemFree:          125892 kB
Active:           350040 kB
Mem:          3.8G       3.7G       122M       5.7M        28M       3.2G

MemTotal:        4016004 kB
MemFree:          126528 kB
Active:           349876 kB
Mem:          3.8G       3.7G       123M       5.7M        28M       3.2G

MemTotal:        4016004 kB
MemFree:          126652 kB
Active:           349872 kB
Mem:          3.8G       3.7G       123M       5.7M        28M       3.2G

MemTotal:        4016004 kB
MemFree:          126652 kB
Active:           349880 kB
Mem:          3.8G       3.7G       123M       5.7M        28M       3.2G

MemTotal:        4016004 kB
MemFree:          126512 kB
Active:           349908 kB
Mem:          3.8G       3.7G       123M       5.7M        28M       3.2G

MemTotal:        4016004 kB
MemFree:          126992 kB
Active:           349996 kB
Mem:          3.8G       3.7G       124M       5.7M        28M       3.2G

MemTotal:        4016004 kB
MemFree:          127024 kB
Active:           349924 kB
Mem:          3.8G       3.7G       124M       5.7M        28M       3.2G

MemTotal:        4016004 kB
MemFree:          127132 kB
Active:           350024 kB
Mem:          3.8G       3.7G       124M       5.7M        28M       3.2G

MemTotal:        4016004 kB
MemFree:          127256 kB
Active:           350000 kB
Mem:          3.8G       3.7G       124M       5.7M        28M       3.2G

MemTotal:        4016004 kB
MemFree:          126768 kB
Active:           349980 kB
Mem:          3.8G       3.7G       123M       5.7M        28M       3.2G

MemTotal:        4016004 kB
MemFree:          126932 kB
Active:           350040 kB
Mem:          3.8G       3.7G       123M       5.7M        28M       3.2G

MemTotal:        4016004 kB
MemFree:          126908 kB
Active:           350044 kB
Mem:          3.8G       3.7G       123M       5.7M        28M       3.2G

MemTotal:        4016004 kB
MemFree:          126560 kB
Active:           350152 kB
Mem:          3.8G       3.7G       123M       5.7M        28M       3.2G

MemTotal:        4016004 kB
MemFree:          126760 kB
Active:           349904 kB
Mem:          3.8G       3.7G       123M       5.7M        28M       3.2G

MemTotal:        4016004 kB
MemFree:          126232 kB
Active:           349900 kB
Mem:          3.8G       3.7G       123M       5.7M        28M       3.2G

MemTotal:        4016004 kB
MemFree:          126248 kB
Active:           349900 kB
Mem:          3.8G       3.7G       123M       5.7M        28M       3.2G

MemTotal:        4016004 kB
MemFree:          126188 kB
Active:           350000 kB
Mem:          3.8G       3.7G       122M       5.7M        28M       3.2G

MemTotal:        4016004 kB
MemFree:          125924 kB
Active:           350024 kB
Mem:          3.8G       3.7G       123M       5.7M        28M       3.2G

MemTotal:        4016004 kB
MemFree:          125924 kB
Active:           350028 kB
Mem:          3.8G       3.7G       123M       5.7M        28M       3.2G

MemTotal:        4016004 kB
MemFree:          125940 kB
Active:           350008 kB
Mem:          3.8G       3.7G       122M       5.7M        28M       3.2G

MemTotal:        4016004 kB
MemFree:          126048 kB
Active:           350016 kB
Mem:          3.8G       3.7G       123M       5.7M        28M       3.2G

MemTotal:        4016004 kB
MemFree:          126120 kB
Active:           349972 kB
Mem:          3.8G       3.7G       122M       5.7M        28M       3.2G

MemTotal:        4016004 kB
MemFree:          125504 kB
Active:           350208 kB
Mem:          3.8G       3.7G       122M       5.7M        28M       3.2G

MemTotal:        4016004 kB
MemFree:          125892 kB
Active:           349948 kB
Mem:          3.8G       3.7G       122M       5.7M        28M       3.2G

MemTotal:        4016004 kB
MemFree:          125768 kB
Active:           349940 kB
Mem:          3.8G       3.7G       122M       5.7M        28M       3.2G

MemTotal:        4016004 kB
MemFree:          126048 kB
Active:           350044 kB
Mem:          3.8G       3.7G       123M       5.7M        28M       3.2G

MemTotal:        4016004 kB
MemFree:          126096 kB
Active:           349992 kB
Mem:          3.8G       3.7G       123M       5.7M        28M       3.2G

MemTotal:        4016004 kB
MemFree:          125876 kB
Active:           350040 kB
Mem:          3.8G       3.7G       122M       5.7M        28M       3.2G

MemTotal:        4016004 kB
MemFree:          125924 kB
Active:           350056 kB
Mem:          3.8G       3.7G       122M       5.7M        28M       3.2G

MemTotal:        4016004 kB
MemFree:          125924 kB
Active:           350040 kB
Mem:          3.8G       3.7G       123M       5.7M        28M       3.2G

MemTotal:        4016004 kB
MemFree:          126220 kB
Active:           349996 kB
Mem:          3.8G       3.7G       123M       5.7M        28M       3.2G

MemTotal:        4016004 kB
MemFree:          126248 kB
Active:           350040 kB
Mem:          3.8G       3.7G       123M       5.7M        28M       3.2G

MemTotal:        4016004 kB
MemFree:          126232 kB
Active:           350060 kB
Mem:          3.8G       3.7G       123M       5.7M        28M       3.2G

MemTotal:        4016004 kB
MemFree:          126032 kB
Active:           350080 kB
Mem:          3.8G       3.7G       122M       5.7M        28M       3.2G

MemTotal:        4016004 kB
MemFree:          125848 kB
Active:           350024 kB
Mem:          3.8G       3.7G       122M       5.7M        28M       3.2G

MemTotal:        4016004 kB
MemFree:          125848 kB
Active:           350040 kB
Mem:          3.8G       3.7G       122M       5.7M        28M       3.2G

MemTotal:        4016004 kB
MemFree:          125908 kB
Active:           350060 kB
Mem:          3.8G       3.7G       123M       5.7M        28M       3.2G

MemTotal:        4016004 kB
MemFree:          125848 kB
Active:           350008 kB
Mem:          3.8G       3.7G       122M       5.7M        28M       3.2G

MemTotal:        4016004 kB
MemFree:          125972 kB
Active:           350024 kB
Mem:          3.8G       3.7G       122M       5.7M        28M       3.2G

MemTotal:        4016004 kB
MemFree:          125776 kB
Active:           350184 kB
Mem:          3.8G       3.7G       122M       5.7M        28M       3.2G

MemTotal:        4016004 kB
MemFree:          126248 kB
Active:           349948 kB
Mem:          3.8G       3.7G       123M       5.7M        28M       3.2G

MemTotal:        4016004 kB
MemFree:          126124 kB
Active:           350180 kB
Mem:          3.8G       3.7G       123M       5.7M        28M       3.2G

MemTotal:        4016004 kB
MemFree:          126096 kB
Active:           349920 kB
Mem:          3.8G       3.7G       123M       5.7M        28M       3.2G

MemTotal:        4016004 kB
MemFree:          126072 kB
Active:           350032 kB
Mem:          3.8G       3.7G       123M       5.7M        28M       3.2G

MemTotal:        4016004 kB
MemFree:          126028 kB
Active:           350000 kB
Mem:          3.8G       3.7G       123M       5.7M        28M       3.2G

MemTotal:        4016004 kB
MemFree:          126056 kB
Active:           350060 kB
Mem:          3.8G       3.7G       122M       5.7M        28M       3.2G

MemTotal:        4016004 kB
MemFree:          126204 kB
Active:           349892 kB
Mem:          3.8G       3.7G       122M       5.7M        28M       3.2G

MemTotal:        4016004 kB
MemFree:          126156 kB
Active:           349944 kB
Mem:          3.8G       3.7G       123M       5.7M        28M       3.2G

MemTotal:        4016004 kB
MemFree:          125984 kB
Active:           350068 kB
Mem:          3.8G       3.7G       123M       5.7M        28M       3.2G

MemTotal:        4016004 kB
MemFree:          126000 kB
Active:           349948 kB
Mem:          3.8G       3.7G       122M       5.7M        28M       3.2G

MemTotal:        4016004 kB
MemFree:          126108 kB
Active:           349856 kB
Mem:          3.8G       3.7G       122M       5.7M        28M       3.2G

MemTotal:        4016004 kB
MemFree:          125848 kB
Active:           350040 kB
Mem:          3.8G       3.7G       123M       5.7M        28M       3.2G

MemTotal:        4016004 kB
MemFree:          126828 kB
Active:           349952 kB
Mem:          3.8G       3.7G       123M       5.7M        28M       3.2G

MemTotal:        4016004 kB
MemFree:          127028 kB
Active:           349560 kB
Mem:          3.8G       3.7G       123M       5.7M        28M       3.2G

MemTotal:        4016004 kB
MemFree:          126656 kB
Active:           349600 kB
Mem:          3.8G       3.7G       123M       5.7M        28M       3.2G

MemTotal:        4016004 kB
MemFree:          126920 kB
Active:           349560 kB
Mem:          3.8G       3.7G       124M       5.7M        28M       3.2G

MemTotal:        4016004 kB
MemFree:          127292 kB
Active:           349592 kB
Mem:          3.8G       3.7G       124M       5.7M        28M       3.2G

MemTotal:        4016004 kB
MemFree:          127044 kB
Active:           349600 kB
Mem:          3.8G       3.7G       124M       5.7M        28M       3.2G

MemTotal:        4016004 kB
MemFree:          127508 kB
Active:           349584 kB
Mem:          3.8G       3.7G       124M       5.7M        28M       3.2G

MemTotal:        4016004 kB
MemFree:          128128 kB
Active:           349476 kB
Mem:          3.8G       3.7G       125M       5.7M        28M       3.2G

MemTotal:        4016004 kB
MemFree:          128004 kB
Active:           349496 kB
Mem:          3.8G       3.7G       125M       5.7M        28M       3.2G

MemTotal:        4016004 kB
MemFree:          128252 kB
Active:           349456 kB
Mem:          3.8G       3.7G       124M       5.7M        28M       3.2G

MemTotal:        4016004 kB
MemFree:          128128 kB
Active:           349508 kB
Mem:          3.8G       3.7G       125M       5.7M        28M       3.2G

MemTotal:        4016004 kB
MemFree:          127992 kB
Active:           349700 kB
Mem:          3.8G       3.7G       125M       5.7M        28M       3.2G

MemTotal:        4016004 kB
MemFree:          128008 kB
Active:           349604 kB
Mem:          3.8G       3.7G       125M       5.7M        28M       3.2G

MemTotal:        4016004 kB
MemFree:          128132 kB
Active:           349616 kB
Mem:          3.8G       3.7G       125M       5.7M        28M       3.2G

MemTotal:        4016004 kB
MemFree:          128164 kB
Active:           349592 kB
Mem:          3.8G       3.7G       125M       5.7M        28M       3.2G

MemTotal:        4016004 kB
MemFree:          127776 kB
Active:           349632 kB
Mem:          3.8G       3.7G       124M       5.7M        28M       3.2G

MemTotal:        4016004 kB
MemFree:          127668 kB
Active:           349596 kB
Mem:          3.8G       3.7G       124M       5.7M        28M       3.2G

MemTotal:        4016004 kB
MemFree:          127792 kB
Active:           349600 kB
Mem:          3.8G       3.7G       124M       5.7M        28M       3.2G

MemTotal:        4016004 kB
MemFree:          127792 kB
Active:           349636 kB
Mem:          3.8G       3.7G       124M       5.7M        28M       3.2G

MemTotal:        4016004 kB
MemFree:          127412 kB
Active:           349736 kB
Mem:          3.8G       3.7G       124M       5.7M        28M       3.2G

MemTotal:        4016004 kB
MemFree:          127652 kB
Active:           349644 kB
Mem:          3.8G       3.7G       124M       5.7M        28M       3.2G

MemTotal:        4016004 kB
MemFree:          127916 kB
Active:           349588 kB
Mem:          3.8G       3.7G       124M       5.7M        28M       3.2G

MemTotal:        4016004 kB
MemFree:          127884 kB
Active:           349768 kB
Mem:          3.8G       3.7G       124M       5.7M        28M       3.2G

MemTotal:        4016004 kB
MemFree:          127388 kB
Active:           349660 kB
Mem:          3.8G       3.7G       124M       5.7M        28M       3.2G

MemTotal:        4016004 kB
MemFree:          127792 kB
Active:           349640 kB
Mem:          3.8G       3.7G       124M       5.7M        28M       3.2G

MemTotal:        4016004 kB
MemFree:          127792 kB
Active:           349592 kB
Mem:          3.8G       3.7G       124M       5.7M        28M       3.2G

MemTotal:        4016004 kB
MemFree:          127636 kB
Active:           349644 kB
Mem:          3.8G       3.7G       124M       5.7M        28M       3.2G

MemTotal:        4016004 kB
MemFree:          127404 kB
Active:           349624 kB
Mem:          3.8G       3.7G       124M       5.7M        28M       3.2G

MemTotal:        4016004 kB
MemFree:          127544 kB
Active:           349640 kB
Mem:          3.8G       3.7G       124M       5.7M        28M       3.2G

MemTotal:        4016004 kB
MemFree:          126908 kB
Active:           349660 kB
Mem:          3.8G       3.7G       124M       5.7M        28M       3.2G

MemTotal:        4016004 kB
MemFree:          127248 kB
Active:           349508 kB
Mem:          3.8G       3.7G       124M       5.7M        28M       3.2G

MemTotal:        4016004 kB
MemFree:          127000 kB
Active:           349596 kB
Mem:          3.8G       3.7G       124M       5.7M        28M       3.2G

MemTotal:        4016004 kB
MemFree:          127124 kB
Active:           349528 kB
Mem:          3.8G       3.7G       124M       5.7M        28M       3.2G

MemTotal:        4016004 kB
MemFree:          127372 kB
Active:           349560 kB
Mem:          3.8G       3.7G       124M       5.7M        28M       3.2G

MemTotal:        4016004 kB
MemFree:          127000 kB
Active:           349684 kB
