MemTotal:        4016004 kB
MemFree:         3211464 kB
Active:           448020 kB
Mem:          3.8G       785M       3.1G       5.7M        54M       327M

MemTotal:        4016004 kB
MemFree:         3211264 kB
Active:           448032 kB
Mem:          3.8G       786M       3.1G       5.7M        54M       327M

MemTotal:        4016004 kB
MemFree:         3211432 kB
Active:           446100 kB
Mem:          3.8G       785M       3.1G       5.7M        54M       327M

MemTotal:        4016004 kB
MemFree:         3211664 kB
Active:           446136 kB
Mem:          3.8G       785M       3.1G       5.7M        54M       327M

MemTotal:        4016004 kB
MemFree:         3211788 kB
Active:           448152 kB
Mem:          3.8G       785M       3.1G       5.7M        54M       327M

MemTotal:        4016004 kB
MemFree:         3211788 kB
Active:           448204 kB
Mem:          3.8G       785M       3.1G       5.7M        54M       327M

MemTotal:        4016004 kB
MemFree:         3211664 kB
Active:           448196 kB
Mem:          3.8G       785M       3.1G       5.7M        54M       327M

MemTotal:        4016004 kB
MemFree:         3211524 kB
Active:           448208 kB
Mem:          3.8G       785M       3.1G       5.7M        54M       327M

MemTotal:        4016004 kB
MemFree:         3212004 kB
Active:           448176 kB
Mem:          3.8G       785M       3.1G       5.7M        54M       327M

MemTotal:        4016004 kB
MemFree:         3211880 kB
Active:           448208 kB
Mem:          3.8G       785M       3.1G       5.7M        54M       327M

MemTotal:        4016004 kB
MemFree:         3212004 kB
Active:           448180 kB
Mem:          3.8G       785M       3.1G       5.7M        54M       327M

MemTotal:        4016004 kB
MemFree:         3211988 kB
Active:           448200 kB
Mem:          3.8G       784M       3.1G       5.7M        54M       327M

MemTotal:        4016004 kB
MemFree:         3212144 kB
Active:           448160 kB
Mem:          3.8G       784M       3.1G       5.7M        54M       327M

MemTotal:        4016004 kB
MemFree:         3214284 kB
Active:           446188 kB
Mem:          3.8G       783M       3.1G       5.7M        54M       327M

MemTotal:        4016004 kB
MemFree:         3213912 kB
Active:           446184 kB
Mem:          3.8G       783M       3.1G       5.7M        54M       327M

MemTotal:        4016004 kB
MemFree:         3214036 kB
Active:           446148 kB
Mem:          3.8G       783M       3.1G       5.7M        54M       327M

MemTotal:        4016004 kB
MemFree:         3213664 kB
Active:           446196 kB
Mem:          3.8G       783M       3.1G       5.7M        54M       327M

MemTotal:        4016004 kB
MemFree:         3214284 kB
Active:           446148 kB
Mem:          3.8G       782M       3.1G       5.7M        54M       327M

MemTotal:        4016004 kB
MemFree:         3214284 kB
Active:           446156 kB
Mem:          3.8G       783M       3.1G       5.7M        54M       327M

MemTotal:        4016004 kB
MemFree:         3214284 kB
Active:           446196 kB
Mem:          3.8G       783M       3.1G       5.7M        54M       327M

MemTotal:        4016004 kB
MemFree:         3214036 kB
Active:           446152 kB
Mem:          3.8G       782M       3.1G       5.7M        54M       327M

MemTotal:        4016004 kB
MemFree:         3213788 kB
Active:           446204 kB
Mem:          3.8G       783M       3.1G       5.7M        54M       327M

MemTotal:        4016004 kB
MemFree:         3211864 kB
Active:           446152 kB
Mem:          3.8G       785M       3.1G       5.7M        54M       327M

MemTotal:        4016004 kB
MemFree:         3211864 kB
Active:           446176 kB
Mem:          3.8G       785M       3.1G       5.7M        54M       327M

MemTotal:        4016004 kB
MemFree:         3211864 kB
Active:           448196 kB
Mem:          3.8G       785M       3.1G       5.7M        54M       327M

MemTotal:        4016004 kB
MemFree:         3211864 kB
Active:           448196 kB
Mem:          3.8G       785M       3.1G       5.7M        54M       327M

MemTotal:        4016004 kB
MemFree:         3212236 kB
Active:           448180 kB
Mem:          3.8G       784M       3.1G       5.7M        54M       327M

MemTotal:        4016004 kB
MemFree:         3212112 kB
Active:           448184 kB
Mem:          3.8G       785M       3.1G       5.7M        54M       327M

MemTotal:        4016004 kB
MemFree:         3212360 kB
Active:           448200 kB
Mem:          3.8G       784M       3.1G       5.7M        54M       327M

MemTotal:        4016004 kB
MemFree:         3212608 kB
Active:           448200 kB
Mem:          3.8G       784M       3.1G       5.7M        54M       327M

MemTotal:        4016004 kB
MemFree:         3212112 kB
Active:           448240 kB
Mem:          3.8G       784M       3.1G       5.7M        54M       327M

MemTotal:        4016004 kB
MemFree:         3212112 kB
Active:           448240 kB
Mem:          3.8G       785M       3.1G       5.7M        54M       327M

MemTotal:        4016004 kB
MemFree:         3212236 kB
Active:           448196 kB
Mem:          3.8G       784M       3.1G       5.7M        54M       327M

MemTotal:        4016004 kB
MemFree:         3212360 kB
Active:           448204 kB
Mem:          3.8G       784M       3.1G       5.7M        54M       327M

MemTotal:        4016004 kB
MemFree:         3212236 kB
Active:           448216 kB
Mem:          3.8G       785M       3.1G       5.7M        54M       327M

MemTotal:        4016004 kB
MemFree:         3212252 kB
Active:           448240 kB
Mem:          3.8G       785M       3.1G       5.7M        54M       327M

MemTotal:        4016004 kB
MemFree:         3212376 kB
Active:           448244 kB
Mem:          3.8G       784M       3.1G       5.7M        54M       327M

MemTotal:        4016004 kB
MemFree:         3212376 kB
Active:           448200 kB
Mem:          3.8G       784M       3.1G       5.7M        54M       327M

MemTotal:        4016004 kB
MemFree:         3212128 kB
Active:           448216 kB
Mem:          3.8G       785M       3.1G       5.7M        54M       327M

MemTotal:        4016004 kB
MemFree:         3212376 kB
Active:           448204 kB
Mem:          3.8G       784M       3.1G       5.7M        54M       327M

MemTotal:        4016004 kB
MemFree:         3212376 kB
Active:           448212 kB
Mem:          3.8G       784M       3.1G       5.7M        54M       327M

MemTotal:        4016004 kB
MemFree:         3212376 kB
Active:           448216 kB
Mem:          3.8G       784M       3.1G       5.7M        54M       327M

MemTotal:        4016004 kB
MemFree:         3211252 kB
Active:           446212 kB
Mem:          3.8G       785M       3.1G       5.7M        54M       327M

MemTotal:        4016004 kB
MemFree:         3211360 kB
Active:           448260 kB
Mem:          3.8G       785M       3.1G       5.7M        54M       327M

MemTotal:        4016004 kB
MemFree:         3211236 kB
Active:           448264 kB
Mem:          3.8G       785M       3.1G       5.7M        54M       327M

MemTotal:        4016004 kB
MemFree:         3211592 kB
Active:           448212 kB
Mem:          3.8G       785M       3.1G       5.7M        54M       327M

MemTotal:        4016004 kB
MemFree:         3211576 kB
Active:           448232 kB
Mem:          3.8G       785M       3.1G       5.7M        54M       327M

MemTotal:        4016004 kB
MemFree:         3211328 kB
Active:           448268 kB
Mem:          3.8G       785M       3.1G       5.7M        54M       327M

MemTotal:        4016004 kB
MemFree:         3211328 kB
Active:           448256 kB
Mem:          3.8G       785M       3.1G       5.7M        54M       327M

MemTotal:        4016004 kB
MemFree:         3211824 kB
Active:           448268 kB
Mem:          3.8G       785M       3.1G       5.7M        54M       327M

MemTotal:        4016004 kB
MemFree:         3211576 kB
Active:           448280 kB
Mem:          3.8G       785M       3.1G       5.7M        54M       327M

MemTotal:        4016004 kB
MemFree:         3211452 kB
Active:           448280 kB
Mem:          3.8G       785M       3.1G       5.7M        54M       327M

MemTotal:        4016004 kB
MemFree:         3210768 kB
Active:           448336 kB
Mem:          3.8G       786M       3.1G       5.7M        54M       327M

MemTotal:        4016004 kB
MemFree:         3211452 kB
Active:           448260 kB
Mem:          3.8G       785M       3.1G       5.7M        54M       327M

MemTotal:        4016004 kB
MemFree:         3211080 kB
Active:           448300 kB
Mem:          3.8G       785M       3.1G       5.7M        54M       327M

MemTotal:        4016004 kB
MemFree:         3211204 kB
Active:           448288 kB
Mem:          3.8G       785M       3.1G       5.7M        54M       327M

MemTotal:        4016004 kB
MemFree:         3211576 kB
Active:           448272 kB
Mem:          3.8G       785M       3.1G       5.7M        54M       327M

MemTotal:        4016004 kB
MemFree:         3211420 kB
Active:           448296 kB
Mem:          3.8G       785M       3.1G       5.7M        54M       327M

MemTotal:        4016004 kB
MemFree:         3211264 kB
Active:           448288 kB
Mem:          3.8G       785M       3.1G       5.7M        54M       327M

MemTotal:        4016004 kB
MemFree:         3211496 kB
Active:           448308 kB
Mem:          3.8G       785M       3.1G       5.7M        54M       327M

MemTotal:        4016004 kB
MemFree:         3211884 kB
Active:           448272 kB
Mem:          3.8G       785M       3.1G       5.7M        54M       327M

MemTotal:        4016004 kB
MemFree:         3211760 kB
Active:           448280 kB
Mem:          3.8G       785M       3.1G       5.7M        54M       327M

MemTotal:        4016004 kB
MemFree:         3211264 kB
Active:           448316 kB
Mem:          3.8G       785M       3.1G       5.7M        54M       327M

MemTotal:        4016004 kB
MemFree:         3211636 kB
Active:           448264 kB
Mem:          3.8G       785M       3.1G       5.7M        54M       327M

MemTotal:        4016004 kB
MemFree:         3211636 kB
Active:           448272 kB
Mem:          3.8G       785M       3.1G       5.7M        54M       327M

MemTotal:        4016004 kB
MemFree:         3211512 kB
Active:           448316 kB
Mem:          3.8G       785M       3.1G       5.7M        54M       327M

MemTotal:        4016004 kB
MemFree:         3211388 kB
Active:           448316 kB
Mem:          3.8G       785M       3.1G       5.7M        54M       327M

MemTotal:        4016004 kB
MemFree:         3211668 kB
Active:           448280 kB
Mem:          3.8G       785M       3.1G       5.7M        54M       327M

MemTotal:        4016004 kB
MemFree:         3211544 kB
Active:           448284 kB
Mem:          3.8G       785M       3.1G       5.7M        54M       327M

MemTotal:        4016004 kB
MemFree:         3211296 kB
Active:           448316 kB
Mem:          3.8G       785M       3.1G       5.7M        54M       327M

MemTotal:        4016004 kB
MemFree:         3211544 kB
Active:           448296 kB
Mem:          3.8G       785M       3.1G       5.7M        54M       327M

MemTotal:        4016004 kB
MemFree:         3211544 kB
Active:           448300 kB
Mem:          3.8G       785M       3.1G       5.7M        54M       327M

MemTotal:        4016004 kB
MemFree:         3210984 kB
Active:           446280 kB
Mem:          3.8G       786M       3.1G       5.7M        54M       327M

MemTotal:        4016004 kB
MemFree:         3211480 kB
Active:           448296 kB
Mem:          3.8G       785M       3.1G       5.7M        54M       327M

MemTotal:        4016004 kB
MemFree:         3211448 kB
Active:           448308 kB
Mem:          3.8G       785M       3.1G       5.7M        54M       327M

MemTotal:        4016004 kB
MemFree:         3211324 kB
Active:           448328 kB
Mem:          3.8G       785M       3.1G       5.7M        54M       327M

MemTotal:        4016004 kB
MemFree:         3211820 kB
Active:           448276 kB
Mem:          3.8G       785M       3.1G       5.7M        54M       327M

MemTotal:        4016004 kB
MemFree:         3211712 kB
Active:           448284 kB
Mem:          3.8G       785M       3.1G       5.7M        54M       327M

MemTotal:        4016004 kB
MemFree:         3211712 kB
Active:           448292 kB
Mem:          3.8G       785M       3.1G       5.7M        54M       327M

MemTotal:        4016004 kB
MemFree:         3211712 kB
Active:           448292 kB
Mem:          3.8G       785M       3.1G       5.7M        54M       327M

MemTotal:        4016004 kB
MemFree:         3211588 kB
Active:           448284 kB
Mem:          3.8G       785M       3.1G       5.7M        54M       327M

MemTotal:        4016004 kB
MemFree:         3211836 kB
Active:           448284 kB
Mem:          3.8G       785M       3.1G       5.7M        54M       327M

MemTotal:        4016004 kB
MemFree:         3211588 kB
Active:           448336 kB
Mem:          3.8G       785M       3.1G       5.7M        54M       327M

MemTotal:        4016004 kB
MemFree:         3211712 kB
Active:           448292 kB
Mem:          3.8G       785M       3.1G       5.7M        54M       327M

MemTotal:        4016004 kB
MemFree:         3212208 kB
Active:           448324 kB
Mem:          3.8G       784M       3.1G       5.7M        54M       327M

MemTotal:        4016004 kB
MemFree:         3212084 kB
Active:           448288 kB
Mem:          3.8G       785M       3.1G       5.7M        54M       327M

MemTotal:        4016004 kB
MemFree:         3212240 kB
Active:           448292 kB
Mem:          3.8G       785M       3.1G       5.7M        54M       327M

MemTotal:        4016004 kB
MemFree:         3211868 kB
Active:           448312 kB
Mem:          3.8G       785M       3.1G       5.7M        54M       327M

MemTotal:        4016004 kB
MemFree:         3211620 kB
Active:           448336 kB
Mem:          3.8G       785M       3.1G       5.7M        54M       327M

MemTotal:        4016004 kB
MemFree:         3211868 kB
Active:           448348 kB
Mem:          3.8G       785M       3.1G       5.7M        54M       327M

MemTotal:        4016004 kB
MemFree:         3211124 kB
Active:           448336 kB
Mem:          3.8G       786M       3.1G       5.7M        54M       327M

MemTotal:        4016004 kB
MemFree:         3211604 kB
Active:           448308 kB
Mem:          3.8G       785M       3.1G       5.7M        54M       327M

MemTotal:        4016004 kB
MemFree:         3209308 kB
Active:           448308 kB
Mem:          3.8G       787M       3.1G       5.7M        54M       327M

MemTotal:        4016004 kB
MemFree:         3209804 kB
Active:           450336 kB
Mem:          3.8G       787M       3.1G       5.7M        54M       327M

MemTotal:        4016004 kB
MemFree:         3209912 kB
Active:           450356 kB
Mem:          3.8G       787M       3.1G       5.7M        54M       327M

MemTotal:        4016004 kB
MemFree:         3209896 kB
Active:           450384 kB
Mem:          3.8G       787M       3.1G       5.7M        54M       327M

MemTotal:        4016004 kB
MemFree:         3209912 kB
Active:           450364 kB
Mem:          3.8G       787M       3.1G       5.7M        54M       327M

MemTotal:        4016004 kB
MemFree:         3209788 kB
Active:           450388 kB
Mem:          3.8G       787M       3.1G       5.7M        54M       327M

MemTotal:        4016004 kB
MemFree:         3209788 kB
Active:           450388 kB
Mem:          3.8G       787M       3.1G       5.7M        54M       327M

MemTotal:        4016004 kB
MemFree:         3209416 kB
Active:           450400 kB
Mem:          3.8G       787M       3.1G       5.7M        54M       327M

MemTotal:        4016004 kB
MemFree:         3209120 kB
Active:           450648 kB
Mem:          3.8G       788M       3.1G       5.7M        54M       327M

MemTotal:        4016004 kB
MemFree:         3168768 kB
Active:           451328 kB
Mem:          3.8G       827M       3.0G       5.7M        54M       366M

MemTotal:        4016004 kB
MemFree:         3125520 kB
Active:           451392 kB
Mem:          3.8G       869M       3.0G       5.7M        55M       408M

MemTotal:        4016004 kB
MemFree:         3083000 kB
Active:           451412 kB
Mem:          3.8G       911M       2.9G       5.7M        55M       450M

MemTotal:        4016004 kB
MemFree:         3039256 kB
Active:           451436 kB
Mem:          3.8G       954M       2.9G       5.7M        55M       492M

MemTotal:        4016004 kB
MemFree:         2995404 kB
Active:           451460 kB
Mem:          3.8G       996M       2.9G       5.7M        55M       533M

MemTotal:        4016004 kB
MemFree:         2951148 kB
Active:           451484 kB
Mem:          3.8G       1.0G       2.8G       5.7M        55M       575M

MemTotal:        4016004 kB
MemFree:         2907932 kB
Active:           451484 kB
Mem:          3.8G       1.1G       2.8G       5.7M        55M       617M

MemTotal:        4016004 kB
MemFree:         2862824 kB
Active:           451532 kB
Mem:          3.8G       1.1G       2.7G       5.7M        55M       660M

MemTotal:        4016004 kB
MemFree:         2819912 kB
Active:           451560 kB
Mem:          3.8G       1.1G       2.7G       5.7M        55M       702M

MemTotal:        4016004 kB
MemFree:         2776992 kB
Active:           451584 kB
Mem:          3.8G       1.2G       2.6G       5.7M        55M       743M

MemTotal:        4016004 kB
MemFree:         2732472 kB
Active:           451608 kB
Mem:          3.8G       1.2G       2.6G       5.7M        55M       786M

MemTotal:        4016004 kB
MemFree:         2688660 kB
Active:           451612 kB
Mem:          3.8G       1.3G       2.6G       5.7M        55M       827M

MemTotal:        4016004 kB
MemFree:         2645000 kB
Active:           451652 kB
Mem:          3.8G       1.3G       2.5G       5.7M        55M       869M

MemTotal:        4016004 kB
MemFree:         2601860 kB
Active:           451656 kB
Mem:          3.8G       1.3G       2.5G       5.7M        55M       911M

MemTotal:        4016004 kB
MemFree:         2559200 kB
Active:           451704 kB
Mem:          3.8G       1.4G       2.4G       5.7M        55M       953M

MemTotal:        4016004 kB
MemFree:         2515784 kB
Active:           451696 kB
Mem:          3.8G       1.4G       2.4G       5.7M        55M       995M

MemTotal:        4016004 kB
MemFree:         2471304 kB
Active:           451776 kB
Mem:          3.8G       1.5G       2.4G       5.7M        55M       1.0G

MemTotal:        4016004 kB
MemFree:         2427548 kB
Active:           451768 kB
Mem:          3.8G       1.5G       2.3G       5.7M        55M       1.1G

MemTotal:        4016004 kB
MemFree:         2384164 kB
Active:           451820 kB
Mem:          3.8G       1.6G       2.3G       5.7M        55M       1.1G

MemTotal:        4016004 kB
MemFree:         2340264 kB
Active:           451816 kB
Mem:          3.8G       1.6G       2.2G       5.7M        55M       1.1G

MemTotal:        4016004 kB
MemFree:         2297928 kB
Active:           451868 kB
Mem:          3.8G       1.6G       2.2G       5.7M        55M       1.2G

MemTotal:        4016004 kB
MemFree:         2255052 kB
Active:           451864 kB
Mem:          3.8G       1.7G       2.2G       5.7M        55M       1.2G

MemTotal:        4016004 kB
MemFree:         2210812 kB
Active:           451916 kB
Mem:          3.8G       1.7G       2.1G       5.7M        55M       1.3G

MemTotal:        4016004 kB
MemFree:         2166944 kB
Active:           451936 kB
Mem:          3.8G       1.8G       2.1G       5.7M        55M       1.3G

MemTotal:        4016004 kB
MemFree:         2124440 kB
Active:           451960 kB
Mem:          3.8G       1.8G       2.0G       5.7M        55M       1.3G

MemTotal:        4016004 kB
MemFree:         2080384 kB
Active:           451984 kB
Mem:          3.8G       1.8G       2.0G       5.7M        55M       1.4G

MemTotal:        4016004 kB
MemFree:         2036796 kB
Active:           452032 kB
Mem:          3.8G       1.9G       1.9G       5.7M        55M       1.4G

MemTotal:        4016004 kB
MemFree:         1993956 kB
Active:           452056 kB
Mem:          3.8G       1.9G       1.9G       5.7M        55M       1.5G

MemTotal:        4016004 kB
MemFree:         1951504 kB
Active:           452076 kB
Mem:          3.8G       2.0G       1.9G       5.7M        55M       1.5G

MemTotal:        4016004 kB
MemFree:         1907608 kB
Active:           452080 kB
Mem:          3.8G       2.0G       1.8G       5.7M        55M       1.5G

MemTotal:        4016004 kB
MemFree:         1864036 kB
Active:           452124 kB
Mem:          3.8G       2.1G       1.8G       5.7M        55M       1.6G

MemTotal:        4016004 kB
MemFree:         1821444 kB
Active:           452160 kB
Mem:          3.8G       2.1G       1.7G       5.7M        55M       1.6G

MemTotal:        4016004 kB
MemFree:         1777888 kB
Active:           452180 kB
Mem:          3.8G       2.1G       1.7G       5.7M        55M       1.7G

MemTotal:        4016004 kB
MemFree:         1733648 kB
Active:           452204 kB
Mem:          3.8G       2.2G       1.7G       5.7M        55M       1.7G

MemTotal:        4016004 kB
MemFree:         1690648 kB
Active:           452228 kB
Mem:          3.8G       2.2G       1.6G       5.7M        55M       1.7G

MemTotal:        4016004 kB
MemFree:         1647428 kB
Active:           452264 kB
Mem:          3.8G       2.3G       1.6G       5.7M        55M       1.8G

MemTotal:        4016004 kB
MemFree:         1613464 kB
Active:           452296 kB
Mem:          3.8G       2.3G       1.5G       5.7M        55M       1.8G

MemTotal:        4016004 kB
MemFree:         1569168 kB
Active:           452316 kB
Mem:          3.8G       2.3G       1.5G       5.7M        55M       1.9G

MemTotal:        4016004 kB
MemFree:         1525052 kB
Active:           452348 kB
Mem:          3.8G       2.4G       1.5G       5.7M        55M       1.9G

MemTotal:        4016004 kB
MemFree:         1481556 kB
Active:           452368 kB
Mem:          3.8G       2.4G       1.4G       5.7M        55M       1.9G

MemTotal:        4016004 kB
MemFree:         1439956 kB
Active:           452380 kB
Mem:          3.8G       2.5G       1.4G       5.7M        55M       2.0G

MemTotal:        4016004 kB
MemFree:         1425716 kB
Active:           450392 kB
Mem:          3.8G       2.5G       1.4G       5.7M        55M       2.0G

MemTotal:        4016004 kB
MemFree:         1384860 kB
Active:           452468 kB
Mem:          3.8G       2.5G       1.3G       5.7M        55M       2.0G

MemTotal:        4016004 kB
MemFree:         1340916 kB
Active:           452504 kB
Mem:          3.8G       2.6G       1.3G       5.7M        55M       2.1G

MemTotal:        4016004 kB
MemFree:         1297720 kB
Active:           452528 kB
Mem:          3.8G       2.6G       1.2G       5.7M        55M       2.1G

MemTotal:        4016004 kB
MemFree:         1254092 kB
Active:           452492 kB
Mem:          3.8G       2.6G       1.2G       5.7M        55M       2.2G

MemTotal:        4016004 kB
MemFree:         1209528 kB
Active:           452572 kB
Mem:          3.8G       2.7G       1.2G       5.7M        56M       2.2G

MemTotal:        4016004 kB
MemFree:         1166404 kB
Active:           452600 kB
Mem:          3.8G       2.7G       1.1G       5.7M        56M       2.2G

MemTotal:        4016004 kB
MemFree:         1122908 kB
Active:           452628 kB
Mem:          3.8G       2.8G       1.1G       5.7M        56M       2.3G

MemTotal:        4016004 kB
MemFree:         1079056 kB
Active:           452648 kB
Mem:          3.8G       2.8G       1.0G       5.7M        56M       2.3G

MemTotal:        4016004 kB
MemFree:         1035360 kB
Active:           452672 kB
Mem:          3.8G       2.8G       1.0G       5.7M        56M       2.4G

MemTotal:        4016004 kB
MemFree:          990952 kB
Active:           450756 kB
Mem:          3.8G       2.9G       967M       5.7M        56M       2.4G

MemTotal:        4016004 kB
MemFree:          948264 kB
Active:           452748 kB
Mem:          3.8G       2.9G       925M       5.7M        56M       2.4G

MemTotal:        4016004 kB
MemFree:          904556 kB
Active:           452768 kB
Mem:          3.8G       3.0G       883M       5.7M        56M       2.5G

MemTotal:        4016004 kB
MemFree:          860880 kB
Active:           452804 kB
Mem:          3.8G       3.0G       840M       5.7M        56M       2.5G

MemTotal:        4016004 kB
MemFree:          816796 kB
Active:           452780 kB
Mem:          3.8G       3.1G       797M       5.7M        56M       2.6G

MemTotal:        4016004 kB
MemFree:          773792 kB
Active:           452860 kB
Mem:          3.8G       3.1G       755M       5.7M        56M       2.6G

MemTotal:        4016004 kB
MemFree:          729848 kB
Active:           452876 kB
Mem:          3.8G       3.1G       712M       5.7M        56M       2.6G

MemTotal:        4016004 kB
MemFree:          686184 kB
Active:           452904 kB
Mem:          3.8G       3.2G       670M       5.7M        56M       2.7G

MemTotal:        4016004 kB
MemFree:          643416 kB
Active:           452928 kB
Mem:          3.8G       3.2G       628M       5.7M        56M       2.7G

MemTotal:        4016004 kB
MemFree:          599176 kB
Active:           452948 kB
Mem:          3.8G       3.3G       584M       5.7M        56M       2.8G

MemTotal:        4016004 kB
MemFree:          555076 kB
Active:           452968 kB
Mem:          3.8G       3.3G       541M       5.7M        56M       2.8G

MemTotal:        4016004 kB
MemFree:          511720 kB
Active:           453000 kB
Mem:          3.8G       3.3G       499M       5.7M        56M       2.9G

MemTotal:        4016004 kB
MemFree:          468472 kB
Active:           453028 kB
Mem:          3.8G       3.4G       457M       5.7M        56M       2.9G

MemTotal:        4016004 kB
MemFree:          425208 kB
Active:           453064 kB
Mem:          3.8G       3.4G       414M       5.7M        56M       2.9G

MemTotal:        4016004 kB
MemFree:          380864 kB
Active:           453100 kB
Mem:          3.8G       3.5G       371M       5.7M        56M       3.0G

MemTotal:        4016004 kB
MemFree:          337164 kB
Active:           453124 kB
Mem:          3.8G       3.5G       328M       5.7M        56M       3.0G

MemTotal:        4016004 kB
MemFree:          294708 kB
Active:           453144 kB
Mem:          3.8G       3.6G       286M       5.7M        56M       3.1G

MemTotal:        4016004 kB
MemFree:          251680 kB
Active:           453116 kB
Mem:          3.8G       3.6G       245M       5.7M        56M       3.1G

MemTotal:        4016004 kB
MemFree:          208324 kB
Active:           453192 kB
Mem:          3.8G       3.6G       202M       5.7M        56M       3.1G

MemTotal:        4016004 kB
MemFree:          163956 kB
Active:           453208 kB
Mem:          3.8G       3.7G       160M       5.7M        56M       3.2G

MemTotal:        4016004 kB
MemFree:          116704 kB
Active:           455284 kB
Mem:          3.8G       3.7G       113M       5.7M        56M       3.2G

MemTotal:        4016004 kB
MemFree:          108304 kB
Active:           451912 kB
Mem:          3.8G       3.7G       113M       5.7M        23M       3.3G

MemTotal:        4016004 kB
MemFree:          116300 kB
Active:           480708 kB
Mem:          3.8G       3.7G       112M       5.7M        23M       3.3G

MemTotal:        4016004 kB
MemFree:          132408 kB
Active:           517248 kB
Mem:          3.8G       3.7G       128M       5.7M        23M       3.2G

MemTotal:        4016004 kB
MemFree:          125940 kB
Active:           513844 kB
Mem:          3.8G       3.7G       122M       5.7M        23M       3.2G

MemTotal:        4016004 kB
MemFree:          140368 kB
Active:           503420 kB
Mem:          3.8G       3.7G       137M       5.7M        23M       3.2G

MemTotal:        4016004 kB
MemFree:          133464 kB
Active:           499992 kB
Mem:          3.8G       3.7G       130M       5.7M        23M       3.2G

MemTotal:        4016004 kB
MemFree:          144536 kB
Active:           491804 kB
Mem:          3.8G       3.7G       141M       5.7M        23M       3.2G

MemTotal:        4016004 kB
MemFree:          126404 kB
Active:           490044 kB
Mem:          3.8G       3.7G       122M       5.7M        23M       3.2G

MemTotal:        4016004 kB
MemFree:          122016 kB
Active:           485844 kB
Mem:          3.8G       3.7G       119M       5.7M        23M       3.2G

MemTotal:        4016004 kB
MemFree:          109344 kB
Active:           482668 kB
Mem:          3.8G       3.7G       106M       5.7M        23M       3.3G

MemTotal:        4016004 kB
MemFree:          125820 kB
Active:           477452 kB
Mem:          3.8G       3.7G       122M       5.7M        23M       3.2G

MemTotal:        4016004 kB
MemFree:          122048 kB
Active:           472868 kB
Mem:          3.8G       3.7G       118M       5.7M        23M       3.2G

MemTotal:        4016004 kB
MemFree:          109692 kB
Active:           467680 kB
Mem:          3.8G       3.7G       107M       5.7M        23M       3.3G

MemTotal:        4016004 kB
MemFree:          126024 kB
Active:           462456 kB
Mem:          3.8G       3.7G       122M       5.7M        23M       3.2G

MemTotal:        4016004 kB
MemFree:          124940 kB
Active:           460552 kB
Mem:          3.8G       3.7G       121M       5.7M        23M       3.2G

MemTotal:        4016004 kB
MemFree:          128880 kB
Active:           456604 kB
Mem:          3.8G       3.7G       125M       5.7M        23M       3.2G

MemTotal:        4016004 kB
MemFree:          122772 kB
Active:           455480 kB
Mem:          3.8G       3.7G       119M       5.7M        23M       3.2G

MemTotal:        4016004 kB
MemFree:          124988 kB
Active:           451432 kB
Mem:          3.8G       3.7G       121M       5.7M        23M       3.2G

MemTotal:        4016004 kB
MemFree:          117272 kB
Active:           450432 kB
Mem:          3.8G       3.7G       114M       5.7M        23M       3.3G

MemTotal:        4016004 kB
MemFree:          108764 kB
Active:           451152 kB
Mem:          3.8G       3.7G       106M       5.7M        23M       3.3G

MemTotal:        4016004 kB
MemFree:          131532 kB
Active:           448856 kB
Mem:          3.8G       3.7G       127M       5.7M        23M       3.2G

MemTotal:        4016004 kB
MemFree:          112156 kB
Active:           446152 kB
Mem:          3.8G       3.7G       109M       5.7M        23M       3.3G

MemTotal:        4016004 kB
MemFree:          128220 kB
Active:           444516 kB
Mem:          3.8G       3.7G       124M       5.7M        23M       3.2G

MemTotal:        4016004 kB
MemFree:          124248 kB
Active:           442608 kB
Mem:          3.8G       3.7G       120M       5.7M        23M       3.2G

MemTotal:        4016004 kB
MemFree:          119456 kB
Active:           441868 kB
Mem:          3.8G       3.7G       116M       5.7M        23M       3.2G

MemTotal:        4016004 kB
MemFree:          128348 kB
Active:           438640 kB
Mem:          3.8G       3.7G       124M       5.7M        23M       3.2G

MemTotal:        4016004 kB
MemFree:          127280 kB
Active:           436740 kB
Mem:          3.8G       3.7G       124M       5.7M        23M       3.2G

MemTotal:        4016004 kB
MemFree:          108708 kB
Active:           436124 kB
Mem:          3.8G       3.7G       105M       5.7M        23M       3.3G

MemTotal:        4016004 kB
MemFree:          125336 kB
Active:           434480 kB
Mem:          3.8G       3.7G       121M       5.7M        23M       3.2G

MemTotal:        4016004 kB
MemFree:          130328 kB
Active:           431224 kB
Mem:          3.8G       3.7G       127M       5.7M        23M       3.2G

MemTotal:        4016004 kB
MemFree:          123304 kB
Active:           430056 kB
Mem:          3.8G       3.7G       118M       5.7M        23M       3.2G

MemTotal:        4016004 kB
MemFree:          132436 kB
Active:           427912 kB
Mem:          3.8G       3.7G       129M       5.7M        23M       3.2G

MemTotal:        4016004 kB
MemFree:          143680 kB
Active:           424336 kB
Mem:          3.8G       3.7G       139M       5.7M        23M       3.2G

MemTotal:        4016004 kB
MemFree:          134772 kB
Active:           423200 kB
Mem:          3.8G       3.7G       131M       5.7M        23M       3.2G

MemTotal:        4016004 kB
MemFree:          132472 kB
Active:           421560 kB
Mem:          3.8G       3.7G       129M       5.7M        23M       3.2G

MemTotal:        4016004 kB
MemFree:          125464 kB
Active:           420572 kB
Mem:          3.8G       3.7G       121M       5.7M        23M       3.2G

MemTotal:        4016004 kB
MemFree:          106908 kB
Active:           419456 kB
Mem:          3.8G       3.7G       103M       5.7M        23M       3.3G

MemTotal:        4016004 kB
MemFree:          123964 kB
Active:           417816 kB
Mem:          3.8G       3.7G       120M       5.7M        23M       3.2G

MemTotal:        4016004 kB
MemFree:          137956 kB
Active:           415668 kB
Mem:          3.8G       3.7G       134M       5.7M        23M       3.2G

MemTotal:        4016004 kB
MemFree:          137848 kB
Active:           414948 kB
Mem:          3.8G       3.7G       134M       5.7M        23M       3.2G

MemTotal:        4016004 kB
MemFree:          124992 kB
Active:           413896 kB
Mem:          3.8G       3.7G       121M       5.7M        24M       3.2G

MemTotal:        4016004 kB
MemFree:          115800 kB
Active:           412768 kB
Mem:          3.8G       3.7G       113M       5.7M        24M       3.2G

MemTotal:        4016004 kB
MemFree:          119480 kB
Active:           410876 kB
Mem:          3.8G       3.7G       116M       5.7M        24M       3.2G

MemTotal:        4016004 kB
MemFree:          135952 kB
Active:           406908 kB
Mem:          3.8G       3.7G       132M       5.7M        24M       3.2G

MemTotal:        4016004 kB
MemFree:          143368 kB
Active:           405516 kB
Mem:          3.8G       3.7G       138M       5.7M        24M       3.2G

MemTotal:        4016004 kB
MemFree:          125400 kB
Active:           405536 kB
Mem:          3.8G       3.7G       121M       5.7M        24M       3.2G

MemTotal:        4016004 kB
MemFree:          120920 kB
Active:           404540 kB
Mem:          3.8G       3.7G       117M       5.7M        24M       3.2G

MemTotal:        4016004 kB
MemFree:          140124 kB
Active:           400512 kB
Mem:          3.8G       3.7G       136M       5.7M        24M       3.2G

MemTotal:        4016004 kB
MemFree:          133072 kB
Active:           399384 kB
Mem:          3.8G       3.7G       129M       5.7M        24M       3.2G

MemTotal:        4016004 kB
MemFree:          115440 kB
Active:           400420 kB
Mem:          3.8G       3.7G       112M       5.7M        24M       3.3G

MemTotal:        4016004 kB
MemFree:          113576 kB
Active:           398868 kB
Mem:          3.8G       3.7G       110M       5.7M        24M       3.3G

MemTotal:        4016004 kB
MemFree:          128488 kB
Active:           397244 kB
Mem:          3.8G       3.7G       124M       5.7M        24M       3.2G

MemTotal:        4016004 kB
MemFree:          107720 kB
Active:           395984 kB
Mem:          3.8G       3.7G       105M       5.7M        24M       3.3G

MemTotal:        4016004 kB
MemFree:          121428 kB
Active:           393952 kB
Mem:          3.8G       3.7G       118M       5.7M        24M       3.2G

MemTotal:        4016004 kB
MemFree:          113812 kB
Active:           392952 kB
Mem:          3.8G       3.7G       111M       5.7M        24M       3.3G

MemTotal:        4016004 kB
MemFree:          109200 kB
Active:           391792 kB
Mem:          3.8G       3.7G       105M       5.7M        24M       3.3G

MemTotal:        4016004 kB
MemFree:          117580 kB
Active:           389804 kB
Mem:          3.8G       3.7G       114M       5.7M        24M       3.2G

MemTotal:        4016004 kB
MemFree:          109124 kB
Active:           388416 kB
Mem:          3.8G       3.7G       106M       5.7M        24M       3.3G

MemTotal:        4016004 kB
MemFree:          124732 kB
Active:           388184 kB
Mem:          3.8G       3.7G       121M       5.7M        24M       3.2G

MemTotal:        4016004 kB
MemFree:          128596 kB
Active:           388224 kB
Mem:          3.8G       3.7G       125M       5.7M        24M       3.2G

MemTotal:        4016004 kB
MemFree:          129280 kB
Active:           388188 kB
Mem:          3.8G       3.7G       126M       5.7M        24M       3.2G

MemTotal:        4016004 kB
MemFree:          125792 kB
Active:           388096 kB
Mem:          3.8G       3.7G       122M       5.7M        24M       3.2G

MemTotal:        4016004 kB
MemFree:          104884 kB
Active:           388124 kB
Mem:          3.8G       3.7G       106M       5.7M        24M       3.3G

MemTotal:        4016004 kB
MemFree:          129852 kB
Active:           388148 kB
Mem:          3.8G       3.7G       125M       5.7M        24M       3.2G

MemTotal:        4016004 kB
MemFree:          116212 kB
Active:           388176 kB
Mem:          3.8G       3.7G       113M       5.7M        24M       3.2G

MemTotal:        4016004 kB
MemFree:          106820 kB
Active:           388212 kB
Mem:          3.8G       3.7G       104M       5.7M        24M       3.3G

MemTotal:        4016004 kB
MemFree:          112968 kB
Active:           388212 kB
Mem:          3.8G       3.7G       109M       5.7M        24M       3.3G

MemTotal:        4016004 kB
MemFree:          106244 kB
Active:           388272 kB
Mem:          3.8G       3.7G       103M       5.7M        24M       3.3G

MemTotal:        4016004 kB
MemFree:          114964 kB
Active:           388208 kB
Mem:          3.8G       3.7G       112M       5.7M        24M       3.2G

MemTotal:        4016004 kB
MemFree:          107860 kB
Active:           388180 kB
Mem:          3.8G       3.7G       105M       5.7M        24M       3.3G

MemTotal:        4016004 kB
MemFree:          138156 kB
Active:           388252 kB
Mem:          3.8G       3.7G       134M       5.7M        24M       3.2G

MemTotal:        4016004 kB
MemFree:          130372 kB
Active:           388276 kB
Mem:          3.8G       3.7G       125M       5.7M        24M       3.2G

MemTotal:        4016004 kB
MemFree:          122108 kB
Active:           388308 kB
Mem:          3.8G       3.7G       118M       5.7M        24M       3.2G

MemTotal:        4016004 kB
MemFree:          124620 kB
Active:           388328 kB
Mem:          3.8G       3.7G       121M       5.7M        24M       3.2G

MemTotal:        4016004 kB
MemFree:          119040 kB
Active:           388352 kB
Mem:          3.8G       3.7G       115M       5.7M        24M       3.2G

MemTotal:        4016004 kB
MemFree:          112260 kB
Active:           388372 kB
Mem:          3.8G       3.7G       108M       5.7M        24M       3.3G

MemTotal:        4016004 kB
MemFree:          128324 kB
Active:           388400 kB
Mem:          3.8G       3.7G       124M       5.7M        24M       3.2G

MemTotal:        4016004 kB
MemFree:          113652 kB
Active:           388420 kB
Mem:          3.8G       3.7G       121M       5.7M        24M       3.2G

MemTotal:        4016004 kB
MemFree:          126140 kB
Active:           388308 kB
Mem:          3.8G       3.7G       123M       5.7M        24M       3.2G

MemTotal:        4016004 kB
MemFree:          130432 kB
Active:           389796 kB
Mem:          3.8G       3.7G       127M       5.7M        24M       3.2G

MemTotal:        4016004 kB
MemFree:          123584 kB
Active:           388836 kB
Mem:          3.8G       3.7G       120M       5.7M        24M       3.2G

MemTotal:        4016004 kB
MemFree:          134760 kB
Active:           388612 kB
Mem:          3.8G       3.7G       131M       5.7M        24M       3.2G

MemTotal:        4016004 kB
MemFree:          127968 kB
Active:           388588 kB
Mem:          3.8G       3.7G       124M       5.7M        24M       3.2G

MemTotal:        4016004 kB
MemFree:          121064 kB
Active:           388624 kB
Mem:          3.8G       3.7G       118M       5.7M        24M       3.2G

MemTotal:        4016004 kB
MemFree:          125844 kB
Active:           388688 kB
Mem:          3.8G       3.7G       122M       5.7M        25M       3.2G

MemTotal:        4016004 kB
MemFree:          117432 kB
Active:           388708 kB
Mem:          3.8G       3.7G       114M       5.7M        25M       3.2G

MemTotal:        4016004 kB
MemFree:          120360 kB
Active:           388584 kB
Mem:          3.8G       3.7G       117M       5.7M        25M       3.2G

MemTotal:        4016004 kB
MemFree:          112140 kB
Active:           388412 kB
Mem:          3.8G       3.7G       109M       5.7M        25M       3.2G

MemTotal:        4016004 kB
MemFree:          121956 kB
Active:           388480 kB
Mem:          3.8G       3.7G       118M       5.7M        25M       3.2G

MemTotal:        4016004 kB
MemFree:          112212 kB
Active:           388328 kB
Mem:          3.8G       3.7G       109M       5.7M        25M       3.2G

MemTotal:        4016004 kB
MemFree:          110968 kB
Active:           389684 kB
Mem:          3.8G       3.7G       108M       5.7M        25M       3.2G

MemTotal:        4016004 kB
MemFree:          111248 kB
Active:           389672 kB
Mem:          3.8G       3.7G       108M       5.7M        25M       3.2G

MemTotal:        4016004 kB
MemFree:          111340 kB
Active:           389692 kB
Mem:          3.8G       3.7G       108M       5.7M        25M       3.2G

MemTotal:        4016004 kB
MemFree:          112156 kB
Active:           389700 kB
Mem:          3.8G       3.7G       109M       5.7M        25M       3.2G

MemTotal:        4016004 kB
MemFree:          113016 kB
Active:           389716 kB
Mem:          3.8G       3.7G       110M       5.7M        25M       3.2G

MemTotal:        4016004 kB
MemFree:          119644 kB
Active:           389588 kB
Mem:          3.8G       3.7G       116M       5.7M        25M       3.2G

MemTotal:        4016004 kB
MemFree:          113880 kB
Active:           389644 kB
Mem:          3.8G       3.7G       111M       5.7M        25M       3.2G

MemTotal:        4016004 kB
MemFree:          108204 kB
Active:           389664 kB
Mem:          3.8G       3.7G       105M       5.7M        25M       3.3G

MemTotal:        4016004 kB
MemFree:          128276 kB
Active:           389692 kB
Mem:          3.8G       3.7G       124M       5.7M        25M       3.2G

MemTotal:        4016004 kB
MemFree:          139340 kB
Active:           383848 kB
Mem:          3.8G       3.7G       136M       5.7M        25M       3.2G

MemTotal:        4016004 kB
MemFree:          133760 kB
Active:           383636 kB
Mem:          3.8G       3.7G       130M       5.7M        25M       3.2G

MemTotal:        4016004 kB
MemFree:          127712 kB
Active:           383644 kB
Mem:          3.8G       3.7G       124M       5.7M        25M       3.2G

MemTotal:        4016004 kB
MemFree:          110660 kB
Active:           383692 kB
Mem:          3.8G       3.7G       107M       5.7M        25M       3.3G

MemTotal:        4016004 kB
MemFree:          128352 kB
Active:           383716 kB
Mem:          3.8G       3.7G       124M       5.7M        25M       3.2G

MemTotal:        4016004 kB
MemFree:          126492 kB
Active:           383736 kB
Mem:          3.8G       3.7G       123M       5.7M        25M       3.2G

MemTotal:        4016004 kB
MemFree:          118924 kB
Active:           383736 kB
Mem:          3.8G       3.7G       115M       5.7M        25M       3.2G

MemTotal:        4016004 kB
MemFree:          114852 kB
Active:           383736 kB
Mem:          3.8G       3.7G       111M       5.7M        25M       3.2G

MemTotal:        4016004 kB
MemFree:          127728 kB
Active:           383748 kB
Mem:          3.8G       3.7G       124M       5.7M        25M       3.2G

MemTotal:        4016004 kB
MemFree:          122740 kB
Active:           383792 kB
Mem:          3.8G       3.7G       119M       5.7M        25M       3.2G

MemTotal:        4016004 kB
MemFree:          110312 kB
Active:           383272 kB
Mem:          3.8G       3.7G       107M       5.7M        25M       3.2G

MemTotal:        4016004 kB
MemFree:          127220 kB
Active:           383080 kB
Mem:          3.8G       3.7G       124M       5.7M        25M       3.2G

MemTotal:        4016004 kB
MemFree:          122984 kB
Active:           383116 kB
Mem:          3.8G       3.7G       119M       5.7M        25M       3.2G

MemTotal:        4016004 kB
MemFree:          110660 kB
Active:           383132 kB
Mem:          3.8G       3.7G       107M       5.7M        25M       3.2G

MemTotal:        4016004 kB
MemFree:          104836 kB
Active:           383176 kB
Mem:          3.8G       3.7G       102M       5.7M        25M       3.3G

MemTotal:        4016004 kB
MemFree:          125672 kB
Active:           383068 kB
Mem:          3.8G       3.7G       122M       5.7M        25M       3.2G

MemTotal:        4016004 kB
MemFree:          119616 kB
Active:           383056 kB
Mem:          3.8G       3.7G       115M       5.7M        25M       3.2G

MemTotal:        4016004 kB
MemFree:          105896 kB
Active:           383116 kB
Mem:          3.8G       3.7G       103M       5.7M        25M       3.3G

MemTotal:        4016004 kB
MemFree:          131596 kB
Active:           381324 kB
Mem:          3.8G       3.7G       128M       5.7M        25M       3.2G

MemTotal:        4016004 kB
MemFree:          116004 kB
Active:           381308 kB
Mem:          3.8G       3.7G       113M       5.7M        25M       3.2G

MemTotal:        4016004 kB
MemFree:          130796 kB
Active:           381116 kB
Mem:          3.8G       3.7G       127M       5.7M        25M       3.2G

MemTotal:        4016004 kB
MemFree:          135380 kB
Active:           382012 kB
Mem:          3.8G       3.7G       132M       5.7M        25M       3.2G

MemTotal:        4016004 kB
MemFree:          127876 kB
Active:           382060 kB
Mem:          3.8G       3.7G       124M       5.7M        25M       3.2G

MemTotal:        4016004 kB
MemFree:          126928 kB
Active:           382100 kB
Mem:          3.8G       3.7G       123M       5.7M        25M       3.2G

MemTotal:        4016004 kB
MemFree:          131696 kB
Active:           382068 kB
Mem:          3.8G       3.7G       128M       5.7M        25M       3.2G

MemTotal:        4016004 kB
MemFree:          119072 kB
Active:           382092 kB
Mem:          3.8G       3.7G       116M       5.7M        25M       3.2G

MemTotal:        4016004 kB
MemFree:          113124 kB
Active:           382164 kB
Mem:          3.8G       3.7G       109M       5.7M        25M       3.2G

MemTotal:        4016004 kB
MemFree:          118884 kB
Active:           382172 kB
Mem:          3.8G       3.7G       116M       5.7M        25M       3.2G

MemTotal:        4016004 kB
MemFree:          138328 kB
Active:           381352 kB
Mem:          3.8G       3.7G       134M       5.7M        25M       3.2G

MemTotal:        4016004 kB
MemFree:          132160 kB
Active:           381200 kB
Mem:          3.8G       3.7G       128M       5.7M        25M       3.2G

MemTotal:        4016004 kB
MemFree:          142748 kB
Active:           381188 kB
Mem:          3.8G       3.7G       139M       5.7M        25M       3.2G

MemTotal:        4016004 kB
MemFree:          125284 kB
Active:           381240 kB
Mem:          3.8G       3.7G       121M       5.7M        25M       3.2G

MemTotal:        4016004 kB
MemFree:          111460 kB
Active:           381280 kB
Mem:          3.8G       3.7G       108M       5.7M        25M       3.2G

MemTotal:        4016004 kB
MemFree:          110236 kB
Active:           381304 kB
Mem:          3.8G       3.7G       107M       5.7M        25M       3.2G

MemTotal:        4016004 kB
MemFree:          120964 kB
Active:           381324 kB
Mem:          3.8G       3.7G       118M       5.7M        25M       3.2G

MemTotal:        4016004 kB
MemFree:          115072 kB
Active:           381328 kB
Mem:          3.8G       3.7G       112M       5.7M        25M       3.2G

MemTotal:        4016004 kB
MemFree:          127108 kB
Active:           381336 kB
Mem:          3.8G       3.7G       123M       5.7M        25M       3.2G

MemTotal:        4016004 kB
MemFree:          125860 kB
Active:           381388 kB
Mem:          3.8G       3.7G       122M       5.7M        26M       3.2G

MemTotal:        4016004 kB
MemFree:          113240 kB
Active:           381412 kB
Mem:          3.8G       3.7G       110M       5.7M        26M       3.2G

MemTotal:        4016004 kB
MemFree:          112664 kB
Active:           369736 kB
Mem:          3.8G       3.7G       109M       5.7M        26M       3.2G

MemTotal:        4016004 kB
MemFree:          123600 kB
Active:           369776 kB
Mem:          3.8G       3.7G       120M       5.7M        26M       3.2G

MemTotal:        4016004 kB
MemFree:          117528 kB
Active:           369788 kB
Mem:          3.8G       3.7G       114M       5.7M        26M       3.2G

MemTotal:        4016004 kB
MemFree:          111648 kB
Active:           369816 kB
Mem:          3.8G       3.7G       109M       5.7M        26M       3.2G

MemTotal:        4016004 kB
MemFree:          118096 kB
Active:           369808 kB
Mem:          3.8G       3.7G       114M       5.7M        26M       3.2G

MemTotal:        4016004 kB
MemFree:          112016 kB
Active:           369864 kB
Mem:          3.8G       3.7G       108M       5.7M        26M       3.2G

MemTotal:        4016004 kB
MemFree:          132992 kB
Active:           369912 kB
Mem:          3.8G       3.7G       129M       5.7M        26M       3.2G

MemTotal:        4016004 kB
MemFree:          105164 kB
Active:           369924 kB
Mem:          3.8G       3.7G       106M       5.7M        26M       3.2G

MemTotal:        4016004 kB
MemFree:          110968 kB
Active:           369820 kB
Mem:          3.8G       3.7G       108M       5.7M        26M       3.2G

MemTotal:        4016004 kB
MemFree:          128416 kB
Active:           369848 kB
Mem:          3.8G       3.7G       125M       5.7M        26M       3.2G

MemTotal:        4016004 kB
MemFree:          115576 kB
Active:           369868 kB
Mem:          3.8G       3.7G       112M       5.7M        26M       3.2G

MemTotal:        4016004 kB
MemFree:          109916 kB
Active:           369892 kB
Mem:          3.8G       3.7G       107M       5.7M        26M       3.2G

MemTotal:        4016004 kB
MemFree:          105216 kB
Active:           367076 kB
Mem:          3.8G       3.7G       102M       5.7M        26M       3.2G

MemTotal:        4016004 kB
MemFree:          118668 kB
Active:           367096 kB
Mem:          3.8G       3.7G       115M       5.7M        26M       3.2G

MemTotal:        4016004 kB
MemFree:          112000 kB
Active:           367124 kB
Mem:          3.8G       3.7G       108M       5.7M        26M       3.2G

MemTotal:        4016004 kB
MemFree:          104960 kB
Active:           367144 kB
Mem:          3.8G       3.7G       105M       5.7M        26M       3.2G

MemTotal:        4016004 kB
MemFree:          106756 kB
Active:           367164 kB
Mem:          3.8G       3.7G       104M       5.7M        26M       3.2G

MemTotal:        4016004 kB
MemFree:          127400 kB
Active:           367180 kB
Mem:          3.8G       3.7G       124M       5.7M        26M       3.2G

MemTotal:        4016004 kB
MemFree:          126852 kB
Active:           367208 kB
Mem:          3.8G       3.7G       124M       5.7M        26M       3.2G

MemTotal:        4016004 kB
MemFree:          119456 kB
Active:           367244 kB
Mem:          3.8G       3.7G       115M       5.7M        26M       3.2G

MemTotal:        4016004 kB
MemFree:          113104 kB
Active:           367240 kB
Mem:          3.8G       3.7G       110M       5.7M        26M       3.2G

MemTotal:        4016004 kB
MemFree:          120188 kB
Active:           367288 kB
Mem:          3.8G       3.7G       117M       5.7M        26M       3.2G

MemTotal:        4016004 kB
MemFree:          104696 kB
Active:           367296 kB
Mem:          3.8G       3.7G       106M       5.7M        26M       3.2G

MemTotal:        4016004 kB
MemFree:          126448 kB
Active:           367328 kB
Mem:          3.8G       3.7G       123M       5.7M        26M       3.2G

MemTotal:        4016004 kB
MemFree:          115108 kB
Active:           367356 kB
Mem:          3.8G       3.7G       111M       5.7M        26M       3.2G

MemTotal:        4016004 kB
MemFree:          110904 kB
Active:           364700 kB
Mem:          3.8G       3.7G       108M       5.7M        26M       3.2G

MemTotal:        4016004 kB
MemFree:          118124 kB
Active:           364720 kB
Mem:          3.8G       3.7G       115M       5.7M        26M       3.2G

MemTotal:        4016004 kB
MemFree:          129744 kB
Active:           364684 kB
Mem:          3.8G       3.7G       126M       5.7M        26M       3.2G

MemTotal:        4016004 kB
MemFree:          124268 kB
Active:           364708 kB
Mem:          3.8G       3.7G       121M       5.7M        26M       3.2G

MemTotal:        4016004 kB
MemFree:          108904 kB
Active:           364776 kB
Mem:          3.8G       3.7G       106M       5.7M        26M       3.2G

MemTotal:        4016004 kB
MemFree:          125932 kB
Active:           366696 kB
Mem:          3.8G       3.7G       122M       5.7M        26M       3.2G

MemTotal:        4016004 kB
MemFree:          120944 kB
Active:           366672 kB
Mem:          3.8G       3.7G       117M       5.7M        26M       3.2G

MemTotal:        4016004 kB
MemFree:          122528 kB
Active:           366640 kB
Mem:          3.8G       3.7G       119M       5.7M        26M       3.2G

MemTotal:        4016004 kB
MemFree:          106936 kB
Active:           366664 kB
Mem:          3.8G       3.7G       104M       5.7M        26M       3.2G

MemTotal:        4016004 kB
MemFree:          124232 kB
Active:           366648 kB
Mem:          3.8G       3.7G       120M       5.7M        26M       3.2G

MemTotal:        4016004 kB
MemFree:          129588 kB
Active:           366720 kB
Mem:          3.8G       3.7G       125M       5.7M        26M       3.2G

MemTotal:        4016004 kB
MemFree:          111680 kB
Active:           366732 kB
Mem:          3.8G       3.7G       109M       5.7M        26M       3.2G

MemTotal:        4016004 kB
MemFree:          105228 kB
Active:           366764 kB
Mem:          3.8G       3.7G       102M       5.7M        26M       3.2G

MemTotal:        4016004 kB
MemFree:          129424 kB
Active:           366784 kB
Mem:          3.8G       3.7G       126M       5.7M        26M       3.2G

MemTotal:        4016004 kB
MemFree:          114800 kB
Active:           364308 kB
Mem:          3.8G       3.7G       112M       5.7M        26M       3.2G

MemTotal:        4016004 kB
MemFree:          124212 kB
Active:           364140 kB
Mem:          3.8G       3.7G       121M       5.7M        26M       3.2G

MemTotal:        4016004 kB
MemFree:          138428 kB
Active:           364204 kB
Mem:          3.8G       3.7G       135M       5.7M        26M       3.2G

MemTotal:        4016004 kB
MemFree:          119560 kB
Active:           364208 kB
Mem:          3.8G       3.7G       116M       5.7M        26M       3.2G

MemTotal:        4016004 kB
MemFree:          131032 kB
Active:           364212 kB
Mem:          3.8G       3.7G       128M       5.7M        26M       3.2G

MemTotal:        4016004 kB
MemFree:          124620 kB
Active:           364252 kB
Mem:          3.8G       3.7G       121M       5.7M        26M       3.2G

MemTotal:        4016004 kB
MemFree:          118544 kB
Active:           364372 kB
Mem:          3.8G       3.7G       115M       5.7M        26M       3.2G

MemTotal:        4016004 kB
MemFree:          122980 kB
Active:           364356 kB
Mem:          3.8G       3.7G       119M       5.7M        26M       3.2G

MemTotal:        4016004 kB
MemFree:          117608 kB
Active:           367296 kB
Mem:          3.8G       3.7G       114M       5.7M        29M       3.2G

MemTotal:        4016004 kB
MemFree:          111104 kB
Active:           367576 kB
Mem:          3.8G       3.7G       107M       5.7M        29M       3.2G

MemTotal:        4016004 kB
MemFree:          120760 kB
Active:           367204 kB
Mem:          3.8G       3.7G       117M       5.7M        29M       3.2G

MemTotal:        4016004 kB
MemFree:          112692 kB
Active:           366800 kB
Mem:          3.8G       3.7G       110M       5.7M        29M       3.2G

MemTotal:        4016004 kB
MemFree:          106260 kB
Active:           366808 kB
Mem:          3.8G       3.7G       113M       5.7M        29M       3.2G

MemTotal:        4016004 kB
MemFree:          128712 kB
Active:           366808 kB
Mem:          3.8G       3.7G       125M       5.7M        29M       3.2G

MemTotal:        4016004 kB
MemFree:          127664 kB
Active:           366808 kB
Mem:          3.8G       3.7G       124M       5.7M        29M       3.2G

MemTotal:        4016004 kB
MemFree:          104960 kB
Active:           366792 kB
Mem:          3.8G       3.7G       102M       5.7M        29M       3.2G

MemTotal:        4016004 kB
MemFree:          110016 kB
Active:           366680 kB
Mem:          3.8G       3.7G       107M       5.7M        29M       3.2G

MemTotal:        4016004 kB
MemFree:          134552 kB
Active:           362440 kB
Mem:          3.8G       3.7G       131M       5.7M        29M       3.2G

MemTotal:        4016004 kB
MemFree:          125244 kB
Active:           362476 kB
Mem:          3.8G       3.7G       122M       5.7M        29M       3.2G

MemTotal:        4016004 kB
MemFree:          110324 kB
Active:           362476 kB
Mem:          3.8G       3.7G       107M       5.7M        29M       3.2G

MemTotal:        4016004 kB
MemFree:          126772 kB
Active:           362484 kB
Mem:          3.8G       3.7G       123M       5.7M        29M       3.2G

MemTotal:        4016004 kB
MemFree:          126008 kB
Active:           362484 kB
Mem:          3.8G       3.7G       122M       5.7M        29M       3.2G

MemTotal:        4016004 kB
MemFree:          123892 kB
Active:           362356 kB
Mem:          3.8G       3.7G       120M       5.7M        29M       3.2G

MemTotal:        4016004 kB
MemFree:          128560 kB
Active:           362328 kB
Mem:          3.8G       3.7G       124M       5.7M        29M       3.2G

MemTotal:        4016004 kB
MemFree:          125844 kB
Active:           362360 kB
Mem:          3.8G       3.7G       123M       5.7M        29M       3.2G

MemTotal:        4016004 kB
MemFree:          111384 kB
Active:           362324 kB
Mem:          3.8G       3.7G       108M       5.7M        29M       3.2G

MemTotal:        4016004 kB
MemFree:          127572 kB
Active:           362304 kB
Mem:          3.8G       3.7G       124M       5.7M        29M       3.2G

MemTotal:        4016004 kB
MemFree:          123348 kB
Active:           362368 kB
Mem:          3.8G       3.7G       120M       5.7M        29M       3.2G

MemTotal:        4016004 kB
MemFree:          115980 kB
Active:           362324 kB
Mem:          3.8G       3.7G       112M       5.7M        29M       3.2G

MemTotal:        4016004 kB
MemFree:          117596 kB
Active:           362224 kB
Mem:          3.8G       3.7G       114M       5.7M        29M       3.2G

MemTotal:        4016004 kB
MemFree:          117772 kB
Active:           362060 kB
Mem:          3.8G       3.7G       115M       5.7M        29M       3.2G

MemTotal:        4016004 kB
MemFree:          117996 kB
Active:           362068 kB
Mem:          3.8G       3.7G       115M       5.7M        29M       3.2G

MemTotal:        4016004 kB
MemFree:          117888 kB
Active:           362060 kB
Mem:          3.8G       3.7G       115M       5.7M        29M       3.2G

MemTotal:        4016004 kB
MemFree:          117640 kB
Active:           362080 kB
Mem:          3.8G       3.7G       114M       5.7M        29M       3.2G

MemTotal:        4016004 kB
MemFree:          117888 kB
Active:           362064 kB
Mem:          3.8G       3.7G       115M       5.7M        29M       3.2G

MemTotal:        4016004 kB
MemFree:          117764 kB
Active:           362068 kB
Mem:          3.8G       3.7G       115M       5.7M        29M       3.2G

MemTotal:        4016004 kB
MemFree:          118012 kB
Active:           362076 kB
Mem:          3.8G       3.7G       115M       5.7M        29M       3.2G

MemTotal:        4016004 kB
MemFree:          118012 kB
Active:           362068 kB
Mem:          3.8G       3.7G       115M       5.7M        29M       3.2G

MemTotal:        4016004 kB
MemFree:          118012 kB
Active:           362072 kB
Mem:          3.8G       3.7G       115M       5.7M        29M       3.2G

MemTotal:        4016004 kB
MemFree:          117640 kB
Active:           362028 kB
Mem:          3.8G       3.7G       115M       5.7M        29M       3.2G

MemTotal:        4016004 kB
MemFree:          117888 kB
Active:           362084 kB
Mem:          3.8G       3.7G       115M       5.7M        29M       3.2G

MemTotal:        4016004 kB
MemFree:          117392 kB
Active:           362084 kB
Mem:          3.8G       3.7G       114M       5.7M        29M       3.2G

MemTotal:        4016004 kB
MemFree:          117640 kB
Active:           362028 kB
Mem:          3.8G       3.7G       114M       5.7M        29M       3.2G

MemTotal:        4016004 kB
MemFree:          117640 kB
Active:           362080 kB
Mem:          3.8G       3.7G       114M       5.7M        29M       3.2G

MemTotal:        4016004 kB
MemFree:          117516 kB
Active:           362096 kB
Mem:          3.8G       3.7G       114M       5.7M        29M       3.2G

MemTotal:        4016004 kB
MemFree:          117640 kB
Active:           362048 kB
Mem:          3.8G       3.7G       114M       5.7M        29M       3.2G

MemTotal:        4016004 kB
MemFree:          117764 kB
Active:           362048 kB
Mem:          3.8G       3.7G       114M       5.7M        29M       3.2G

MemTotal:        4016004 kB
MemFree:          117268 kB
Active:           362092 kB
Mem:          3.8G       3.7G       114M       5.7M        29M       3.2G

MemTotal:        4016004 kB
MemFree:          117392 kB
Active:           362092 kB
Mem:          3.8G       3.7G       114M       5.7M        29M       3.2G

MemTotal:        4016004 kB
MemFree:          117392 kB
Active:           362096 kB
Mem:          3.8G       3.7G       114M       5.7M        29M       3.2G

MemTotal:        4016004 kB
MemFree:          117268 kB
Active:           362052 kB
Mem:          3.8G       3.7G       114M       5.7M        29M       3.2G

MemTotal:        4016004 kB
MemFree:          117392 kB
Active:           362072 kB
Mem:          3.8G       3.7G       114M       5.7M        29M       3.2G

MemTotal:        4016004 kB
MemFree:          117392 kB
Active:           362072 kB
Mem:          3.8G       3.7G       114M       5.7M        29M       3.2G

MemTotal:        4016004 kB
MemFree:          117020 kB
Active:           362112 kB
Mem:          3.8G       3.7G       114M       5.7M        29M       3.2G

MemTotal:        4016004 kB
MemFree:          117268 kB
Active:           362072 kB
Mem:          3.8G       3.7G       114M       5.7M        29M       3.2G

MemTotal:        4016004 kB
MemFree:          117392 kB
Active:           362100 kB
Mem:          3.8G       3.7G       114M       5.7M        29M       3.2G

MemTotal:        4016004 kB
MemFree:          117516 kB
Active:           362060 kB
Mem:          3.8G       3.7G       114M       5.7M        29M       3.2G

MemTotal:        4016004 kB
MemFree:          117640 kB
Active:           362088 kB
Mem:          3.8G       3.7G       114M       5.7M        29M       3.2G

MemTotal:        4016004 kB
MemFree:          117640 kB
Active:           362116 kB
Mem:          3.8G       3.7G       114M       5.7M        29M       3.2G

MemTotal:        4016004 kB
MemFree:          117672 kB
Active:           362120 kB
Mem:          3.8G       3.7G       114M       5.7M        29M       3.2G

MemTotal:        4016004 kB
MemFree:          117548 kB
Active:           362096 kB
Mem:          3.8G       3.7G       114M       5.7M        29M       3.2G

MemTotal:        4016004 kB
MemFree:          117300 kB
Active:           362128 kB
Mem:          3.8G       3.7G       114M       5.7M        29M       3.2G

MemTotal:        4016004 kB
MemFree:          117672 kB
Active:           362100 kB
Mem:          3.8G       3.7G       114M       5.7M        29M       3.2G

MemTotal:        4016004 kB
MemFree:          117672 kB
Active:           362076 kB
Mem:          3.8G       3.7G       114M       5.7M        29M       3.2G

MemTotal:        4016004 kB
MemFree:          117176 kB
Active:           362132 kB
Mem:          3.8G       3.7G       114M       5.7M        29M       3.2G

MemTotal:        4016004 kB
MemFree:          117548 kB
Active:           362132 kB
Mem:          3.8G       3.7G       114M       5.7M        29M       3.2G

MemTotal:        4016004 kB
MemFree:          117672 kB
Active:           362144 kB
Mem:          3.8G       3.7G       114M       5.7M        29M       3.2G

MemTotal:        4016004 kB
MemFree:          117548 kB
Active:           362108 kB
Mem:          3.8G       3.7G       114M       5.7M        29M       3.2G

MemTotal:        4016004 kB
MemFree:          117548 kB
Active:           362136 kB
Mem:          3.8G       3.7G       114M       5.7M        29M       3.2G

MemTotal:        4016004 kB
MemFree:          117548 kB
Active:           362124 kB
Mem:          3.8G       3.7G       114M       5.7M        29M       3.2G

MemTotal:        4016004 kB
MemFree:          117300 kB
Active:           362152 kB
Mem:          3.8G       3.7G       114M       5.7M        29M       3.2G

MemTotal:        4016004 kB
MemFree:          117672 kB
Active:           362152 kB
Mem:          3.8G       3.7G       114M       5.7M        29M       3.2G

MemTotal:        4016004 kB
MemFree:          117300 kB
Active:           362124 kB
Mem:          3.8G       3.7G       114M       5.7M        29M       3.2G

MemTotal:        4016004 kB
MemFree:          117424 kB
Active:           362148 kB
Mem:          3.8G       3.7G       114M       5.7M        29M       3.2G

MemTotal:        4016004 kB
MemFree:          117796 kB
Active:           362120 kB
Mem:          3.8G       3.7G       114M       5.7M        29M       3.2G

MemTotal:        4016004 kB
MemFree:          117672 kB
Active:           362148 kB
Mem:          3.8G       3.7G       114M       5.7M        29M       3.2G

MemTotal:        4016004 kB
MemFree:          117672 kB
Active:           362112 kB
Mem:          3.8G       3.7G       114M       5.7M        29M       3.2G

MemTotal:        4016004 kB
MemFree:          117052 kB
Active:           362152 kB
Mem:          3.8G       3.7G       114M       5.7M        29M       3.2G

MemTotal:        4016004 kB
MemFree:          117308 kB
Active:           362144 kB
Mem:          3.8G       3.7G       114M       5.7M        29M       3.2G

MemTotal:        4016004 kB
MemFree:          117308 kB
Active:           362104 kB
Mem:          3.8G       3.7G       114M       5.7M        29M       3.2G

MemTotal:        4016004 kB
MemFree:          117432 kB
Active:           362112 kB
Mem:          3.8G       3.7G       114M       5.7M        29M       3.2G

MemTotal:        4016004 kB
MemFree:          116812 kB
Active:           362120 kB
Mem:          3.8G       3.7G       114M       5.7M        29M       3.2G

MemTotal:        4016004 kB
MemFree:          117184 kB
Active:           362164 kB
Mem:          3.8G       3.7G       114M       5.7M        29M       3.2G

MemTotal:        4016004 kB
MemFree:          117432 kB
Active:           362152 kB
Mem:          3.8G       3.7G       114M       5.7M        29M       3.2G

MemTotal:        4016004 kB
MemFree:          117060 kB
Active:           362164 kB
Mem:          3.8G       3.7G       114M       5.7M        29M       3.2G

MemTotal:        4016004 kB
MemFree:          117184 kB
Active:           362168 kB
Mem:          3.8G       3.7G       114M       5.7M        29M       3.2G

MemTotal:        4016004 kB
MemFree:          117060 kB
Active:           362168 kB
Mem:          3.8G       3.7G       114M       5.7M        29M       3.2G

MemTotal:        4016004 kB
MemFree:          117184 kB
Active:           362128 kB
Mem:          3.8G       3.7G       114M       5.7M        29M       3.2G

MemTotal:        4016004 kB
MemFree:          117184 kB
Active:           362136 kB
Mem:          3.8G       3.7G       114M       5.7M        29M       3.2G

MemTotal:        4016004 kB
MemFree:          117184 kB
Active:           362140 kB
Mem:          3.8G       3.7G       114M       5.7M        29M       3.2G

MemTotal:        4016004 kB
MemFree:          117184 kB
Active:           362164 kB
Mem:          3.8G       3.7G       114M       5.7M        29M       3.2G

MemTotal:        4016004 kB
MemFree:          117308 kB
Active:           362176 kB
Mem:          3.8G       3.7G       114M       5.7M        29M       3.2G

MemTotal:        4016004 kB
MemFree:          117308 kB
Active:           362176 kB
Mem:          3.8G       3.7G       114M       5.7M        29M       3.2G

MemTotal:        4016004 kB
MemFree:          117680 kB
Active:           362172 kB
Mem:          3.8G       3.7G       114M       5.7M        29M       3.2G

MemTotal:        4016004 kB
MemFree:          117680 kB
Active:           362132 kB
Mem:          3.8G       3.7G       114M       5.7M        29M       3.2G

MemTotal:        4016004 kB
MemFree:          117556 kB
Active:           362164 kB
Mem:          3.8G       3.7G       114M       5.7M        29M       3.2G

MemTotal:        4016004 kB
MemFree:          117432 kB
Active:           362164 kB
Mem:          3.8G       3.7G       114M       5.7M        29M       3.2G

MemTotal:        4016004 kB
MemFree:          117804 kB
Active:           362136 kB
Mem:          3.8G       3.7G       115M       5.7M        29M       3.2G

MemTotal:        4016004 kB
MemFree:          117432 kB
Active:           362140 kB
Mem:          3.8G       3.7G       114M       5.7M        29M       3.2G

MemTotal:        4016004 kB
MemFree:          117432 kB
Active:           362148 kB
Mem:          3.8G       3.7G       114M       5.7M        29M       3.2G

MemTotal:        4016004 kB
MemFree:          117680 kB
Active:           362204 kB
Mem:          3.8G       3.7G       114M       5.7M        29M       3.2G

MemTotal:        4016004 kB
MemFree:          117680 kB
Active:           362168 kB
Mem:          3.8G       3.7G       114M       5.7M        29M       3.2G

MemTotal:        4016004 kB
MemFree:          117308 kB
Active:           362204 kB
Mem:          3.8G       3.7G       114M       5.7M        29M       3.2G

MemTotal:        4016004 kB
MemFree:          117680 kB
Active:           362204 kB
Mem:          3.8G       3.7G       114M       5.7M        29M       3.2G

MemTotal:        4016004 kB
MemFree:          117804 kB
Active:           362164 kB
Mem:          3.8G       3.7G       114M       5.7M        29M       3.2G

MemTotal:        4016004 kB
MemFree:          117680 kB
Active:           362180 kB
Mem:          3.8G       3.7G       114M       5.7M        29M       3.2G

MemTotal:        4016004 kB
MemFree:          117556 kB
Active:           362216 kB
Mem:          3.8G       3.7G       114M       5.7M        29M       3.2G

MemTotal:        4016004 kB
MemFree:          117556 kB
Active:           362164 kB
Mem:          3.8G       3.7G       114M       5.7M        29M       3.2G

MemTotal:        4016004 kB
MemFree:          117928 kB
Active:           362184 kB
Mem:          3.8G       3.7G       115M       5.7M        29M       3.2G

MemTotal:        4016004 kB
MemFree:          117928 kB
Active:           362196 kB
Mem:          3.8G       3.7G       115M       5.7M        29M       3.2G

MemTotal:        4016004 kB
MemFree:          117928 kB
Active:           362212 kB
Mem:          3.8G       3.7G       114M       5.7M        29M       3.2G

MemTotal:        4016004 kB
MemFree:          115508 kB
Active:           362180 kB
Mem:          3.8G       3.7G       112M       5.7M        29M       3.2G

MemTotal:        4016004 kB
MemFree:          115632 kB
Active:           364200 kB
Mem:          3.8G       3.7G       112M       5.7M        29M       3.2G

MemTotal:        4016004 kB
MemFree:          115632 kB
Active:           364220 kB
Mem:          3.8G       3.7G       112M       5.7M        29M       3.2G

MemTotal:        4016004 kB
MemFree:          115384 kB
Active:           364252 kB
Mem:          3.8G       3.7G       112M       5.7M        29M       3.2G

MemTotal:        4016004 kB
MemFree:          115012 kB
Active:           364260 kB
Mem:          3.8G       3.7G       112M       5.7M        29M       3.2G

MemTotal:        4016004 kB
MemFree:          115012 kB
Active:           364260 kB
Mem:          3.8G       3.7G       112M       5.7M        29M       3.2G

MemTotal:        4016004 kB
MemFree:          115508 kB
Active:           364256 kB
Mem:          3.8G       3.7G       112M       5.7M        29M       3.2G

MemTotal:        4016004 kB
MemFree:          115508 kB
Active:           364212 kB
Mem:          3.8G       3.7G       112M       5.7M        29M       3.2G

MemTotal:        4016004 kB
MemFree:          115260 kB
Active:           364212 kB
Mem:          3.8G       3.7G       112M       5.7M        29M       3.2G

MemTotal:        4016004 kB
MemFree:          115260 kB
Active:           364220 kB
Mem:          3.8G       3.7G       112M       5.7M        29M       3.2G

MemTotal:        4016004 kB
MemFree:          115384 kB
Active:           364236 kB
Mem:          3.8G       3.7G       112M       5.7M        29M       3.2G

MemTotal:        4016004 kB
MemFree:          115632 kB
Active:           364236 kB
Mem:          3.8G       3.7G       112M       5.7M        29M       3.2G

MemTotal:        4016004 kB
MemFree:          115384 kB
Active:           364272 kB
Mem:          3.8G       3.7G       112M       5.7M        29M       3.2G

MemTotal:        4016004 kB
MemFree:          115508 kB
Active:           364228 kB
Mem:          3.8G       3.7G       113M       5.7M        29M       3.2G

MemTotal:        4016004 kB
MemFree:          115756 kB
Active:           364260 kB
Mem:          3.8G       3.7G       112M       5.7M        29M       3.2G

MemTotal:        4016004 kB
MemFree:          115384 kB
Active:           364272 kB
Mem:          3.8G       3.7G       112M       5.7M        29M       3.2G

MemTotal:        4016004 kB
MemFree:          115508 kB
Active:           364280 kB
Mem:          3.8G       3.7G       112M       5.7M        29M       3.2G

MemTotal:        4016004 kB
MemFree:          115384 kB
Active:           364440 kB
Mem:          3.8G       3.7G       112M       5.7M        29M       3.2G

MemTotal:        4016004 kB
MemFree:          115492 kB
Active:           364280 kB
Mem:          3.8G       3.7G       112M       5.7M        29M       3.2G

MemTotal:        4016004 kB
MemFree:          115492 kB
Active:           364272 kB
Mem:          3.8G       3.7G       112M       5.7M        29M       3.2G

MemTotal:        4016004 kB
MemFree:          115244 kB
Active:           364320 kB
Mem:          3.8G       3.7G       112M       5.7M        29M       3.2G

MemTotal:        4016004 kB
MemFree:          115492 kB
Active:           364308 kB
Mem:          3.8G       3.7G       112M       5.7M        29M       3.2G

MemTotal:        4016004 kB
MemFree:          115120 kB
Active:           364328 kB
Mem:          3.8G       3.7G       112M       5.7M        29M       3.2G

MemTotal:        4016004 kB
MemFree:          115120 kB
Active:           364288 kB
Mem:          3.8G       3.7G       112M       5.7M        29M       3.2G

MemTotal:        4016004 kB
MemFree:          115120 kB
Active:           364312 kB
Mem:          3.8G       3.7G       112M       5.7M        29M       3.2G

MemTotal:        4016004 kB
MemFree:          114748 kB
Active:           364332 kB
Mem:          3.8G       3.7G       112M       5.7M        29M       3.2G

MemTotal:        4016004 kB
MemFree:          115120 kB
Active:           364284 kB
Mem:          3.8G       3.7G       112M       5.7M        29M       3.2G

MemTotal:        4016004 kB
MemFree:          115244 kB
Active:           364332 kB
Mem:          3.8G       3.7G       112M       5.7M        29M       3.2G

MemTotal:        4016004 kB
MemFree:          115120 kB
Active:           364296 kB
Mem:          3.8G       3.7G       112M       5.7M        29M       3.2G

MemTotal:        4016004 kB
MemFree:          114872 kB
Active:           364332 kB
Mem:          3.8G       3.7G       112M       5.7M        29M       3.2G

MemTotal:        4016004 kB
MemFree:          114996 kB
Active:           364284 kB
Mem:          3.8G       3.7G       112M       5.7M        29M       3.2G

MemTotal:        4016004 kB
MemFree:          114996 kB
Active:           364296 kB
Mem:          3.8G       3.7G       112M       5.7M        29M       3.2G

MemTotal:        4016004 kB
MemFree:          115120 kB
Active:           364340 kB
Mem:          3.8G       3.7G       112M       5.7M        29M       3.2G

MemTotal:        4016004 kB
MemFree:          115120 kB
Active:           364316 kB
Mem:          3.8G       3.7G       112M       5.7M        29M       3.2G

MemTotal:        4016004 kB
MemFree:          115012 kB
Active:           364316 kB
Mem:          3.8G       3.7G       112M       5.7M        29M       3.2G

MemTotal:        4016004 kB
MemFree:          115012 kB
Active:           364280 kB
Mem:          3.8G       3.7G       112M       5.7M        29M       3.2G

MemTotal:        4016004 kB
MemFree:          114888 kB
Active:           364336 kB
Mem:          3.8G       3.7G       112M       5.7M        29M       3.2G

MemTotal:        4016004 kB
MemFree:          115012 kB
Active:           364328 kB
Mem:          3.8G       3.7G       112M       5.7M        29M       3.2G

MemTotal:        4016004 kB
MemFree:          115152 kB
Active:           364284 kB
Mem:          3.8G       3.7G       112M       5.7M        29M       3.2G

MemTotal:        4016004 kB
MemFree:          115276 kB
Active:           364300 kB
Mem:          3.8G       3.7G       112M       5.7M        29M       3.2G

MemTotal:        4016004 kB
MemFree:          115276 kB
Active:           364320 kB
Mem:          3.8G       3.7G       112M       5.7M        29M       3.2G

MemTotal:        4016004 kB
MemFree:          115276 kB
Active:           364336 kB
Mem:          3.8G       3.7G       112M       5.7M        29M       3.2G

MemTotal:        4016004 kB
MemFree:          115276 kB
Active:           364348 kB
Mem:          3.8G       3.7G       112M       5.7M        29M       3.2G

MemTotal:        4016004 kB
MemFree:          115276 kB
Active:           364308 kB
Mem:          3.8G       3.7G       112M       5.7M        29M       3.2G

MemTotal:        4016004 kB
MemFree:          115028 kB
Active:           364348 kB
Mem:          3.8G       3.7G       112M       5.7M        29M       3.2G

MemTotal:        4016004 kB
MemFree:          115028 kB
Active:           364308 kB
Mem:          3.8G       3.7G       112M       5.7M        29M       3.2G

MemTotal:        4016004 kB
MemFree:          115152 kB
Active:           364316 kB
Mem:          3.8G       3.7G       112M       5.7M        29M       3.2G

MemTotal:        4016004 kB
MemFree:          114904 kB
Active:           364356 kB
Mem:          3.8G       3.7G       112M       5.7M        29M       3.2G

MemTotal:        4016004 kB
MemFree:          114904 kB
Active:           364308 kB
Mem:          3.8G       3.7G       111M       5.7M        29M       3.2G

MemTotal:        4016004 kB
MemFree:          114656 kB
Active:           364332 kB
Mem:          3.8G       3.7G       111M       5.7M        29M       3.2G

MemTotal:        4016004 kB
MemFree:          114656 kB
Active:           364344 kB
Mem:          3.8G       3.7G       112M       5.7M        29M       3.2G

MemTotal:        4016004 kB
MemFree:          114780 kB
Active:           364352 kB
Mem:          3.8G       3.7G       111M       5.7M        29M       3.2G

MemTotal:        4016004 kB
MemFree:          114780 kB
Active:           364360 kB
Mem:          3.8G       3.7G       111M       5.7M        29M       3.2G

MemTotal:        4016004 kB
MemFree:          115276 kB
Active:           364364 kB
Mem:          3.8G       3.7G       112M       5.7M        29M       3.2G

MemTotal:        4016004 kB
MemFree:          115276 kB
Active:           364316 kB
Mem:          3.8G       3.7G       112M       5.7M        29M       3.2G

MemTotal:        4016004 kB
MemFree:          115276 kB
Active:           364328 kB
Mem:          3.8G       3.7G       112M       5.7M        29M       3.2G

MemTotal:        4016004 kB
MemFree:          114532 kB
Active:           364384 kB
Mem:          3.8G       3.7G       112M       5.7M        29M       3.2G

MemTotal:        4016004 kB
MemFree:          115028 kB
Active:           364384 kB
Mem:          3.8G       3.7G       112M       5.7M        29M       3.2G

MemTotal:        4016004 kB
MemFree:          115028 kB
Active:           364344 kB
Mem:          3.8G       3.7G       112M       5.7M        29M       3.2G

MemTotal:        4016004 kB
MemFree:          115152 kB
Active:           364368 kB
Mem:          3.8G       3.7G       112M       5.7M        29M       3.2G

MemTotal:        4016004 kB
MemFree:          115028 kB
Active:           364380 kB
Mem:          3.8G       3.7G       112M       5.7M        29M       3.2G

MemTotal:        4016004 kB
MemFree:          115028 kB
Active:           364332 kB
Mem:          3.8G       3.7G       112M       5.7M        29M       3.2G

MemTotal:        4016004 kB
MemFree:          115524 kB
Active:           364388 kB
Mem:          3.8G       3.7G       112M       5.7M        29M       3.2G

MemTotal:        4016004 kB
MemFree:          115152 kB
Active:           364340 kB
Mem:          3.8G       3.7G       112M       5.7M        29M       3.2G

MemTotal:        4016004 kB
MemFree:          115152 kB
Active:           364380 kB
Mem:          3.8G       3.7G       112M       5.7M        29M       3.2G

MemTotal:        4016004 kB
MemFree:          115524 kB
Active:           364384 kB
Mem:          3.8G       3.7G       112M       5.7M        29M       3.2G

MemTotal:        4016004 kB
MemFree:          114904 kB
Active:           364400 kB
Mem:          3.8G       3.7G       112M       5.7M        29M       3.2G

MemTotal:        4016004 kB
MemFree:          115028 kB
Active:           364400 kB
Mem:          3.8G       3.7G       112M       5.7M        29M       3.2G

MemTotal:        4016004 kB
MemFree:          115524 kB
Active:           364380 kB
Mem:          3.8G       3.7G       112M       5.7M        29M       3.2G

MemTotal:        4016004 kB
MemFree:          115524 kB
Active:           364392 kB
Mem:          3.8G       3.7G       112M       5.7M        29M       3.2G

MemTotal:        4016004 kB
MemFree:          115028 kB
Active:           364400 kB
Mem:          3.8G       3.7G       112M       5.7M        29M       3.2G

MemTotal:        4016004 kB
MemFree:          115152 kB
Active:           364352 kB
Mem:          3.8G       3.7G       112M       5.7M        29M       3.2G

MemTotal:        4016004 kB
MemFree:          115152 kB
Active:           364364 kB
Mem:          3.8G       3.7G       112M       5.7M        29M       3.2G

MemTotal:        4016004 kB
MemFree:          115524 kB
Active:           364364 kB
Mem:          3.8G       3.7G       112M       5.7M        29M       3.2G

MemTotal:        4016004 kB
MemFree:          114904 kB
Active:           364408 kB
Mem:          3.8G       3.7G       112M       5.7M        29M       3.2G

MemTotal:        4016004 kB
MemFree:          115276 kB
Active:           364376 kB
Mem:          3.8G       3.7G       112M       5.7M        29M       3.2G

MemTotal:        4016004 kB
MemFree:          115400 kB
Active:           364404 kB
Mem:          3.8G       3.7G       112M       5.7M        29M       3.2G

MemTotal:        4016004 kB
MemFree:          115028 kB
Active:           364412 kB
Mem:          3.8G       3.7G       112M       5.7M        29M       3.2G

MemTotal:        4016004 kB
MemFree:          115028 kB
Active:           364416 kB
Mem:          3.8G       3.7G       112M       5.7M        29M       3.2G

MemTotal:        4016004 kB
MemFree:          114904 kB
Active:           364396 kB
Mem:          3.8G       3.7G       112M       5.7M        29M       3.2G

MemTotal:        4016004 kB
MemFree:          115028 kB
Active:           364408 kB
Mem:          3.8G       3.7G       112M       5.7M        29M       3.2G

MemTotal:        4016004 kB
MemFree:          115028 kB
Active:           364416 kB
Mem:          3.8G       3.7G       112M       5.7M        29M       3.2G

MemTotal:        4016004 kB
MemFree:          115524 kB
Active:           364384 kB
Mem:          3.8G       3.7G       112M       5.7M        29M       3.2G

MemTotal:        4016004 kB
MemFree:          115648 kB
Active:           364400 kB
Mem:          3.8G       3.7G       112M       5.7M        29M       3.2G

MemTotal:        4016004 kB
MemFree:          115400 kB
Active:           364408 kB
Mem:          3.8G       3.7G       112M       5.7M        29M       3.2G

MemTotal:        4016004 kB
MemFree:          115028 kB
Active:           364428 kB
Mem:          3.8G       3.7G       112M       5.7M        29M       3.2G

MemTotal:        4016004 kB
MemFree:          115276 kB
Active:           364428 kB
Mem:          3.8G       3.7G       112M       5.7M        29M       3.2G

MemTotal:        4016004 kB
MemFree:          115648 kB
Active:           364428 kB
Mem:          3.8G       3.7G       113M       5.7M        29M       3.2G

MemTotal:        4016004 kB
MemFree:          115648 kB
Active:           364432 kB
Mem:          3.8G       3.7G       112M       5.7M        29M       3.2G

MemTotal:        4016004 kB
MemFree:          115524 kB
Active:           364400 kB
Mem:          3.8G       3.7G       112M       5.7M        29M       3.2G

MemTotal:        4016004 kB
MemFree:          115648 kB
Active:           364424 kB
Mem:          3.8G       3.7G       112M       5.7M        29M       3.2G

MemTotal:        4016004 kB
MemFree:          115524 kB
Active:           364432 kB
Mem:          3.8G       3.7G       112M       5.7M        29M       3.2G

MemTotal:        4016004 kB
MemFree:          115276 kB
Active:           364408 kB
Mem:          3.8G       3.7G       112M       5.7M        29M       3.2G

MemTotal:        4016004 kB
MemFree:          115276 kB
Active:           364408 kB
Mem:          3.8G       3.7G       112M       5.7M        29M       3.2G

MemTotal:        4016004 kB
MemFree:          115276 kB
Active:           364420 kB
Mem:          3.8G       3.7G       112M       5.7M        29M       3.2G

MemTotal:        4016004 kB
MemFree:          115276 kB
Active:           364428 kB
Mem:          3.8G       3.7G       112M       5.7M        29M       3.2G

MemTotal:        4016004 kB
MemFree:          115648 kB
Active:           364392 kB
Mem:          3.8G       3.7G       112M       5.7M        29M       3.2G

MemTotal:        4016004 kB
MemFree:          115400 kB
Active:           364452 kB
Mem:          3.8G       3.7G       112M       5.7M        29M       3.2G

MemTotal:        4016004 kB
MemFree:          115400 kB
Active:           364404 kB
Mem:          3.8G       3.7G       112M       5.7M        29M       3.2G

MemTotal:        4016004 kB
MemFree:          115524 kB
Active:           364424 kB
Mem:          3.8G       3.7G       112M       5.7M        29M       3.2G

MemTotal:        4016004 kB
MemFree:          115648 kB
Active:           364448 kB
Mem:          3.8G       3.7G       112M       5.7M        29M       3.2G

MemTotal:        4016004 kB
MemFree:          115648 kB
Active:           364424 kB
Mem:          3.8G       3.7G       112M       5.7M        29M       3.2G

MemTotal:        4016004 kB
MemFree:          115524 kB
Active:           364424 kB
Mem:          3.8G       3.7G       112M       5.7M        29M       3.2G

MemTotal:        4016004 kB
MemFree:          115524 kB
Active:           364412 kB
Mem:          3.8G       3.7G       112M       5.7M        29M       3.2G

MemTotal:        4016004 kB
MemFree:          115772 kB
Active:           364424 kB
Mem:          3.8G       3.7G       112M       5.7M        29M       3.2G

MemTotal:        4016004 kB
MemFree:          115524 kB
Active:           364420 kB
Mem:          3.8G       3.7G       112M       5.7M        29M       3.2G

MemTotal:        4016004 kB
MemFree:          115524 kB
Active:           364428 kB
Mem:          3.8G       3.7G       112M       5.7M        29M       3.2G

MemTotal:        4016004 kB
MemFree:          115648 kB
Active:           364460 kB
Mem:          3.8G       3.7G       112M       5.7M        29M       3.2G

MemTotal:        4016004 kB
MemFree:          115648 kB
Active:           364460 kB
Mem:          3.8G       3.7G       112M       5.7M        29M       3.2G

MemTotal:        4016004 kB
MemFree:          115276 kB
Active:           364456 kB
Mem:          3.8G       3.7G       112M       5.7M        29M       3.2G

MemTotal:        4016004 kB
MemFree:          115400 kB
Active:           364460 kB
Mem:          3.8G       3.7G       112M       5.7M        29M       3.2G

MemTotal:        4016004 kB
MemFree:          115400 kB
Active:           364472 kB
Mem:          3.8G       3.7G       112M       5.7M        29M       3.2G

MemTotal:        4016004 kB
MemFree:          115400 kB
Active:           364472 kB
Mem:          3.8G       3.7G       112M       5.7M        29M       3.2G

MemTotal:        4016004 kB
MemFree:          115524 kB
Active:           364452 kB
Mem:          3.8G       3.7G       112M       5.7M        29M       3.2G

MemTotal:        4016004 kB
MemFree:          115524 kB
Active:           364456 kB
Mem:          3.8G       3.7G       112M       5.7M        29M       3.2G

MemTotal:        4016004 kB
MemFree:          115524 kB
Active:           364476 kB
Mem:          3.8G       3.7G       112M       5.7M        29M       3.2G

MemTotal:        4016004 kB
MemFree:          115028 kB
Active:           364488 kB
Mem:          3.8G       3.7G       112M       5.7M        29M       3.2G

MemTotal:        4016004 kB
MemFree:          115400 kB
Active:           364432 kB
Mem:          3.8G       3.7G       112M       5.7M        29M       3.2G

MemTotal:        4016004 kB
MemFree:          115400 kB
Active:           364456 kB
Mem:          3.8G       3.7G       112M       5.7M        29M       3.2G

MemTotal:        4016004 kB
MemFree:          115028 kB
Active:           364488 kB
Mem:          3.8G       3.7G       112M       5.7M        29M       3.2G

MemTotal:        4016004 kB
MemFree:          115276 kB
Active:           364464 kB
Mem:          3.8G       3.7G       112M       5.7M        29M       3.2G

MemTotal:        4016004 kB
MemFree:          115152 kB
Active:           364444 kB
Mem:          3.8G       3.7G       112M       5.7M        29M       3.2G

MemTotal:        4016004 kB
MemFree:          115524 kB
Active:           364464 kB
Mem:          3.8G       3.7G       112M       5.7M        29M       3.2G

MemTotal:        4016004 kB
MemFree:          115400 kB
Active:           364496 kB
Mem:          3.8G       3.7G       112M       5.7M        29M       3.2G

MemTotal:        4016004 kB
MemFree:          115400 kB
Active:           364452 kB
Mem:          3.8G       3.7G       112M       5.7M        29M       3.2G

MemTotal:        4016004 kB
MemFree:          115772 kB
Active:           364460 kB
Mem:          3.8G       3.7G       113M       5.7M        29M       3.2G

MemTotal:        4016004 kB
MemFree:          115524 kB
Active:           364464 kB
Mem:          3.8G       3.7G       112M       5.7M        29M       3.2G

MemTotal:        4016004 kB
MemFree:          115400 kB
Active:           364488 kB
Mem:          3.8G       3.7G       112M       5.7M        29M       3.2G

MemTotal:        4016004 kB
MemFree:          115400 kB
Active:           364500 kB
Mem:          3.8G       3.7G       112M       5.7M        29M       3.2G

MemTotal:        4016004 kB
MemFree:          115400 kB
Active:           364452 kB
Mem:          3.8G       3.7G       112M       5.7M        29M       3.2G

MemTotal:        4016004 kB
MemFree:          115276 kB
Active:           364456 kB
Mem:          3.8G       3.7G       112M       5.7M        29M       3.2G

MemTotal:        4016004 kB
MemFree:          115400 kB
Active:           364476 kB
Mem:          3.8G       3.7G       112M       5.7M        29M       3.2G

MemTotal:        4016004 kB
MemFree:          115276 kB
Active:           364480 kB
Mem:          3.8G       3.7G       112M       5.7M        29M       3.2G

MemTotal:        4016004 kB
MemFree:          115400 kB
Active:           364492 kB
Mem:          3.8G       3.7G       112M       5.7M        29M       3.2G

MemTotal:        4016004 kB
MemFree:          115400 kB
Active:           364464 kB
Mem:          3.8G       3.7G       112M       5.7M        29M       3.2G

MemTotal:        4016004 kB
MemFree:          115524 kB
Active:           364512 kB
Mem:          3.8G       3.7G       112M       5.7M        29M       3.2G

MemTotal:        4016004 kB
MemFree:          115648 kB
Active:           364480 kB
Mem:          3.8G       3.7G       112M       5.7M        29M       3.2G

MemTotal:        4016004 kB
MemFree:          115400 kB
Active:           364484 kB
Mem:          3.8G       3.7G       112M       5.7M        29M       3.2G

MemTotal:        4016004 kB
MemFree:          115400 kB
Active:           364512 kB
Mem:          3.8G       3.7G       112M       5.7M        29M       3.2G

MemTotal:        4016004 kB
MemFree:          115276 kB
Active:           364512 kB
Mem:          3.8G       3.7G       112M       5.7M        29M       3.2G

MemTotal:        4016004 kB
MemFree:          115152 kB
Active:           364520 kB
Mem:          3.8G       3.7G       112M       5.7M        29M       3.2G

MemTotal:        4016004 kB
MemFree:          115028 kB
Active:           364484 kB
Mem:          3.8G       3.7G       112M       5.7M        29M       3.2G

MemTotal:        4016004 kB
MemFree:          115276 kB
Active:           364496 kB
Mem:          3.8G       3.7G       112M       5.7M        29M       3.2G

MemTotal:        4016004 kB
MemFree:          115152 kB
Active:           364540 kB
Mem:          3.8G       3.7G       112M       5.7M        29M       3.2G

MemTotal:        4016004 kB
MemFree:          115152 kB
Active:           364508 kB
Mem:          3.8G       3.7G       112M       5.7M        29M       3.2G

MemTotal:        4016004 kB
MemFree:          115276 kB
Active:           364520 kB
Mem:          3.8G       3.7G       112M       5.7M        29M       3.2G

MemTotal:        4016004 kB
MemFree:          114780 kB
Active:           364548 kB
Mem:          3.8G       3.7G       112M       5.7M        29M       3.2G

MemTotal:        4016004 kB
MemFree:          115152 kB
Active:           364504 kB
Mem:          3.8G       3.7G       112M       5.7M        29M       3.2G

MemTotal:        4016004 kB
MemFree:          115276 kB
Active:           364508 kB
Mem:          3.8G       3.7G       112M       5.7M        29M       3.2G

MemTotal:        4016004 kB
MemFree:          115400 kB
Active:           364536 kB
Mem:          3.8G       3.7G       112M       5.7M        29M       3.2G

MemTotal:        4016004 kB
MemFree:          115028 kB
Active:           364504 kB
Mem:          3.8G       3.7G       112M       5.7M        29M       3.2G

MemTotal:        4016004 kB
MemFree:          114532 kB
Active:           364512 kB
Mem:          3.8G       3.7G       111M       5.7M        29M       3.2G

MemTotal:        4016004 kB
MemFree:          114656 kB
Active:           364540 kB
Mem:          3.8G       3.7G       112M       5.7M        29M       3.2G

MemTotal:        4016004 kB
MemFree:          114780 kB
Active:           364516 kB
Mem:          3.8G       3.7G       111M       5.7M        29M       3.2G

MemTotal:        4016004 kB
MemFree:          114408 kB
Active:           364560 kB
Mem:          3.8G       3.7G       111M       5.7M        29M       3.2G

MemTotal:        4016004 kB
MemFree:          114780 kB
Active:           364560 kB
Mem:          3.8G       3.7G       111M       5.7M        29M       3.2G

MemTotal:        4016004 kB
MemFree:          114780 kB
Active:           364520 kB
Mem:          3.8G       3.7G       111M       5.7M        29M       3.2G

MemTotal:        4016004 kB
MemFree:          114656 kB
Active:           364532 kB
Mem:          3.8G       3.7G       111M       5.7M        29M       3.2G

MemTotal:        4016004 kB
MemFree:          114284 kB
Active:           364568 kB
Mem:          3.8G       3.7G       111M       5.7M        29M       3.2G

MemTotal:        4016004 kB
MemFree:          115028 kB
Active:           364520 kB
Mem:          3.8G       3.7G       112M       5.7M        29M       3.2G

MemTotal:        4016004 kB
MemFree:          115028 kB
Active:           364540 kB
Mem:          3.8G       3.7G       112M       5.7M        29M       3.2G

MemTotal:        4016004 kB
MemFree:          115152 kB
Active:           364560 kB
Mem:          3.8G       3.7G       112M       5.7M        29M       3.2G

MemTotal:        4016004 kB
MemFree:          115152 kB
Active:           364532 kB
Mem:          3.8G       3.7G       112M       5.7M        29M       3.2G

MemTotal:        4016004 kB
MemFree:          115152 kB
Active:           364540 kB
Mem:          3.8G       3.7G       112M       5.7M        29M       3.2G

MemTotal:        4016004 kB
MemFree:          114780 kB
Active:           364584 kB
Mem:          3.8G       3.7G       112M       5.7M        29M       3.2G

MemTotal:        4016004 kB
MemFree:          114904 kB
Active:           364584 kB
Mem:          3.8G       3.7G       112M       5.7M        29M       3.2G

MemTotal:        4016004 kB
MemFree:          115524 kB
Active:           364588 kB
Mem:          3.8G       3.7G       112M       5.7M        29M       3.2G

MemTotal:        4016004 kB
MemFree:          115276 kB
Active:           364564 kB
