MemTotal:        4016004 kB
MemFree:         3234700 kB
Active:           424516 kB
Mem:          3.8G       762M       3.1G       5.7M        51M       319M

MemTotal:        4016004 kB
MemFree:         3235680 kB
Active:           424368 kB
Mem:          3.8G       762M       3.1G       5.7M        51M       319M

MemTotal:        4016004 kB
MemFree:         3235772 kB
Active:           424428 kB
Mem:          3.8G       761M       3.1G       5.7M        51M       319M

MemTotal:        4016004 kB
MemFree:         3235440 kB
Active:           422404 kB
Mem:          3.8G       762M       3.1G       5.7M        51M       319M

MemTotal:        4016004 kB
MemFree:         3234932 kB
Active:           422416 kB
Mem:          3.8G       762M       3.1G       5.7M        51M       319M

MemTotal:        4016004 kB
MemFree:         3235552 kB
Active:           424448 kB
Mem:          3.8G       762M       3.1G       5.7M        51M       319M

MemTotal:        4016004 kB
MemFree:         3235660 kB
Active:           424416 kB
Mem:          3.8G       762M       3.1G       5.7M        51M       319M

MemTotal:        4016004 kB
MemFree:         3235784 kB
Active:           424416 kB
Mem:          3.8G       762M       3.1G       5.7M        51M       319M

MemTotal:        4016004 kB
MemFree:         3235908 kB
Active:           424444 kB
Mem:          3.8G       761M       3.1G       5.7M        51M       319M

MemTotal:        4016004 kB
MemFree:         3235908 kB
Active:           424432 kB
Mem:          3.8G       761M       3.1G       5.7M        51M       319M

MemTotal:        4016004 kB
MemFree:         3235908 kB
Active:           424444 kB
Mem:          3.8G       762M       3.1G       5.7M        51M       319M

MemTotal:        4016004 kB
MemFree:         3235660 kB
Active:           424440 kB
Mem:          3.8G       762M       3.1G       5.7M        51M       319M

MemTotal:        4016004 kB
MemFree:         3235660 kB
Active:           424460 kB
Mem:          3.8G       762M       3.1G       5.7M        51M       319M

MemTotal:        4016004 kB
MemFree:         3233768 kB
Active:           424452 kB
Mem:          3.8G       764M       3.1G       5.7M        51M       319M

MemTotal:        4016004 kB
MemFree:         3233628 kB
Active:           424444 kB
Mem:          3.8G       764M       3.1G       5.7M        51M       319M

MemTotal:        4016004 kB
MemFree:         3233752 kB
Active:           426452 kB
Mem:          3.8G       764M       3.1G       5.7M        51M       319M

MemTotal:        4016004 kB
MemFree:         3233724 kB
Active:           426456 kB
Mem:          3.8G       764M       3.1G       5.7M        51M       319M

MemTotal:        4016004 kB
MemFree:         3233552 kB
Active:           426476 kB
Mem:          3.8G       764M       3.1G       5.7M        51M       319M

MemTotal:        4016004 kB
MemFree:         3233708 kB
Active:           426448 kB
Mem:          3.8G       764M       3.1G       5.7M        51M       319M

MemTotal:        4016004 kB
MemFree:         3233584 kB
Active:           426492 kB
Mem:          3.8G       763M       3.1G       5.7M        51M       319M

MemTotal:        4016004 kB
MemFree:         3233816 kB
Active:           426456 kB
Mem:          3.8G       763M       3.1G       5.7M        51M       319M

MemTotal:        4016004 kB
MemFree:         3234172 kB
Active:           426476 kB
Mem:          3.8G       763M       3.1G       5.7M        51M       319M

MemTotal:        4016004 kB
MemFree:         3233908 kB
Active:           426508 kB
Mem:          3.8G       763M       3.1G       5.7M        51M       319M

MemTotal:        4016004 kB
MemFree:         3234404 kB
Active:           426460 kB
Mem:          3.8G       763M       3.1G       5.7M        51M       319M

MemTotal:        4016004 kB
MemFree:         3234404 kB
Active:           426472 kB
Mem:          3.8G       763M       3.1G       5.7M        51M       319M

MemTotal:        4016004 kB
MemFree:         3233892 kB
Active:           426460 kB
Mem:          3.8G       763M       3.1G       5.7M        51M       319M

MemTotal:        4016004 kB
MemFree:         3233380 kB
Active:           426512 kB
Mem:          3.8G       764M       3.1G       5.7M        51M       319M

MemTotal:        4016004 kB
MemFree:         3233612 kB
Active:           426476 kB
Mem:          3.8G       764M       3.1G       5.7M        51M       319M

MemTotal:        4016004 kB
MemFree:         3233488 kB
Active:           426484 kB
Mem:          3.8G       764M       3.1G       5.7M        51M       319M

MemTotal:        4016004 kB
MemFree:         3233472 kB
Active:           426460 kB
Mem:          3.8G       764M       3.1G       5.7M        51M       319M

MemTotal:        4016004 kB
MemFree:         3233596 kB
Active:           426508 kB
Mem:          3.8G       764M       3.1G       5.7M        51M       319M

MemTotal:        4016004 kB
MemFree:         3233348 kB
Active:           426472 kB
Mem:          3.8G       764M       3.1G       5.7M        51M       319M

MemTotal:        4016004 kB
MemFree:         3233472 kB
Active:           426520 kB
Mem:          3.8G       764M       3.1G       5.7M        51M       319M

MemTotal:        4016004 kB
MemFree:         3233596 kB
Active:           426472 kB
Mem:          3.8G       764M       3.1G       5.7M        51M       319M

MemTotal:        4016004 kB
MemFree:         3233472 kB
Active:           426496 kB
Mem:          3.8G       764M       3.1G       5.7M        51M       319M

MemTotal:        4016004 kB
MemFree:         3232976 kB
Active:           426528 kB
Mem:          3.8G       764M       3.1G       5.7M        51M       319M

MemTotal:        4016004 kB
MemFree:         3233348 kB
Active:           426508 kB
Mem:          3.8G       764M       3.1G       5.7M        51M       319M

MemTotal:        4016004 kB
MemFree:         3233596 kB
Active:           426536 kB
Mem:          3.8G       764M       3.1G       5.7M        51M       319M

MemTotal:        4016004 kB
MemFree:         3233596 kB
Active:           426528 kB
Mem:          3.8G       764M       3.1G       5.7M        51M       319M

MemTotal:        4016004 kB
MemFree:         3233472 kB
Active:           426484 kB
Mem:          3.8G       764M       3.1G       5.7M        51M       319M

MemTotal:        4016004 kB
MemFree:         3233596 kB
Active:           426520 kB
Mem:          3.8G       764M       3.1G       5.7M        51M       319M

MemTotal:        4016004 kB
MemFree:         3233720 kB
Active:           426540 kB
Mem:          3.8G       763M       3.1G       5.7M        51M       319M

MemTotal:        4016004 kB
MemFree:         3233332 kB
Active:           426556 kB
Mem:          3.8G       764M       3.1G       5.7M        51M       319M

MemTotal:        4016004 kB
MemFree:         3231284 kB
Active:           426532 kB
Mem:          3.8G       766M       3.1G       5.7M        51M       319M

MemTotal:        4016004 kB
MemFree:         3231780 kB
Active:           428564 kB
Mem:          3.8G       765M       3.1G       5.7M        51M       319M

MemTotal:        4016004 kB
MemFree:         3231516 kB
Active:           428564 kB
Mem:          3.8G       765M       3.1G       5.7M        51M       319M

MemTotal:        4016004 kB
MemFree:         3231128 kB
Active:           428580 kB
Mem:          3.8G       766M       3.1G       5.7M        51M       319M

MemTotal:        4016004 kB
MemFree:         3231624 kB
Active:           428536 kB
Mem:          3.8G       766M       3.1G       5.7M        51M       319M

MemTotal:        4016004 kB
MemFree:         3231500 kB
Active:           428588 kB
Mem:          3.8G       765M       3.1G       5.7M        51M       319M

MemTotal:        4016004 kB
MemFree:         3231748 kB
Active:           428568 kB
Mem:          3.8G       765M       3.1G       5.7M        51M       319M

MemTotal:        4016004 kB
MemFree:         3231624 kB
Active:           428560 kB
Mem:          3.8G       766M       3.1G       5.7M        51M       319M

MemTotal:        4016004 kB
MemFree:         3231500 kB
Active:           428572 kB
Mem:          3.8G       766M       3.1G       5.7M        51M       319M

MemTotal:        4016004 kB
MemFree:         3231376 kB
Active:           428572 kB
Mem:          3.8G       766M       3.1G       5.7M        51M       319M

MemTotal:        4016004 kB
MemFree:         3231608 kB
Active:           428552 kB
Mem:          3.8G       766M       3.1G       5.7M        51M       319M

MemTotal:        4016004 kB
MemFree:         3231968 kB
Active:           428576 kB
Mem:          3.8G       765M       3.1G       5.7M        51M       319M

MemTotal:        4016004 kB
MemFree:         3231844 kB
Active:           428596 kB
Mem:          3.8G       765M       3.1G       5.7M        51M       319M

MemTotal:        4016004 kB
MemFree:         3232340 kB
Active:           428596 kB
Mem:          3.8G       765M       3.1G       5.7M        51M       319M

MemTotal:        4016004 kB
MemFree:         3232340 kB
Active:           428556 kB
Mem:          3.8G       765M       3.1G       5.7M        51M       319M

MemTotal:        4016004 kB
MemFree:         3232340 kB
Active:           428596 kB
Mem:          3.8G       765M       3.1G       5.7M        51M       319M

MemTotal:        4016004 kB
MemFree:         3232464 kB
Active:           428560 kB
Mem:          3.8G       765M       3.1G       5.7M        51M       319M

MemTotal:        4016004 kB
MemFree:         3232464 kB
Active:           428612 kB
Mem:          3.8G       765M       3.1G       5.7M        51M       319M

MemTotal:        4016004 kB
MemFree:         3232340 kB
Active:           428564 kB
Mem:          3.8G       765M       3.1G       5.7M        51M       319M

MemTotal:        4016004 kB
MemFree:         3232232 kB
Active:           428564 kB
Mem:          3.8G       765M       3.1G       5.7M        51M       319M

MemTotal:        4016004 kB
MemFree:         3231052 kB
Active:           426584 kB
Mem:          3.8G       766M       3.1G       5.7M        51M       319M

MemTotal:        4016004 kB
MemFree:         3231548 kB
Active:           428632 kB
Mem:          3.8G       766M       3.1G       5.7M        51M       319M

MemTotal:        4016004 kB
MemFree:         3231672 kB
Active:           428632 kB
Mem:          3.8G       765M       3.1G       5.7M        51M       319M

MemTotal:        4016004 kB
MemFree:         3231424 kB
Active:           428640 kB
Mem:          3.8G       766M       3.1G       5.7M        51M       319M

MemTotal:        4016004 kB
MemFree:         3231052 kB
Active:           428640 kB
Mem:          3.8G       766M       3.1G       5.7M        51M       319M

MemTotal:        4016004 kB
MemFree:         3231300 kB
Active:           428592 kB
Mem:          3.8G       766M       3.1G       5.7M        51M       319M

MemTotal:        4016004 kB
MemFree:         3231424 kB
Active:           428600 kB
Mem:          3.8G       766M       3.1G       5.7M        51M       319M

MemTotal:        4016004 kB
MemFree:         3231796 kB
Active:           428600 kB
Mem:          3.8G       765M       3.1G       5.7M        51M       319M

MemTotal:        4016004 kB
MemFree:         3231672 kB
Active:           428644 kB
Mem:          3.8G       765M       3.1G       5.7M        51M       319M

MemTotal:        4016004 kB
MemFree:         3231796 kB
Active:           428604 kB
Mem:          3.8G       765M       3.1G       5.7M        51M       319M

MemTotal:        4016004 kB
MemFree:         3231300 kB
Active:           428644 kB
Mem:          3.8G       766M       3.1G       5.7M        51M       319M

MemTotal:        4016004 kB
MemFree:         3231548 kB
Active:           428640 kB
Mem:          3.8G       766M       3.1G       5.7M        51M       319M

MemTotal:        4016004 kB
MemFree:         3231640 kB
Active:           428636 kB
Mem:          3.8G       766M       3.1G       5.7M        51M       319M

MemTotal:        4016004 kB
MemFree:         3231596 kB
Active:           428640 kB
Mem:          3.8G       765M       3.1G       5.7M        51M       319M

MemTotal:        4016004 kB
MemFree:         3231472 kB
Active:           428628 kB
Mem:          3.8G       766M       3.1G       5.7M        51M       319M

MemTotal:        4016004 kB
MemFree:         3231828 kB
Active:           428600 kB
Mem:          3.8G       765M       3.1G       5.7M        51M       319M

MemTotal:        4016004 kB
MemFree:         3231316 kB
Active:           428652 kB
Mem:          3.8G       766M       3.1G       5.7M        51M       319M

MemTotal:        4016004 kB
MemFree:         3231548 kB
Active:           428604 kB
Mem:          3.8G       765M       3.1G       5.7M        51M       319M

MemTotal:        4016004 kB
MemFree:         3231284 kB
Active:           428652 kB
Mem:          3.8G       766M       3.1G       5.7M        51M       319M

MemTotal:        4016004 kB
MemFree:         3229312 kB
Active:           428680 kB
Mem:          3.8G       767M       3.1G       5.7M        51M       319M

MemTotal:        4016004 kB
MemFree:         3229776 kB
Active:           430636 kB
Mem:          3.8G       767M       3.1G       5.7M        51M       319M

MemTotal:        4016004 kB
MemFree:         3229760 kB
Active:           430640 kB
Mem:          3.8G       767M       3.1G       5.7M        51M       319M

MemTotal:        4016004 kB
MemFree:         3229744 kB
Active:           430660 kB
Mem:          3.8G       767M       3.1G       5.7M        51M       319M

MemTotal:        4016004 kB
MemFree:         3229976 kB
Active:           430660 kB
Mem:          3.8G       767M       3.1G       5.7M        51M       319M

MemTotal:        4016004 kB
MemFree:         3229960 kB
Active:           430684 kB
Mem:          3.8G       767M       3.1G       5.7M        51M       319M

MemTotal:        4016004 kB
MemFree:         3229696 kB
Active:           430644 kB
Mem:          3.8G       767M       3.1G       5.7M        51M       319M

MemTotal:        4016004 kB
MemFree:         3229448 kB
Active:           430696 kB
Mem:          3.8G       768M       3.1G       5.7M        51M       319M

MemTotal:        4016004 kB
MemFree:         3228672 kB
Active:           430992 kB
Mem:          3.8G       769M       3.1G       5.7M        51M       319M

MemTotal:        4016004 kB
MemFree:         3219984 kB
Active:           438496 kB
Mem:          3.8G       777M       3.1G       5.7M        58M       319M

MemTotal:        4016004 kB
MemFree:         3219856 kB
Active:           436444 kB
Mem:          3.8G       777M       3.1G       5.7M        58M       319M

MemTotal:        4016004 kB
MemFree:         3219732 kB
Active:           438484 kB
Mem:          3.8G       777M       3.1G       5.7M        58M       319M

MemTotal:        4016004 kB
MemFree:         3220088 kB
Active:           438456 kB
Mem:          3.8G       777M       3.1G       5.7M        58M       319M

MemTotal:        4016004 kB
MemFree:         3220196 kB
Active:           438472 kB
Mem:          3.8G       776M       3.1G       5.7M        58M       319M

MemTotal:        4016004 kB
MemFree:         3219948 kB
Active:           438500 kB
Mem:          3.8G       777M       3.1G       5.7M        58M       319M

MemTotal:        4016004 kB
MemFree:         3220196 kB
Active:           438472 kB
Mem:          3.8G       777M       3.1G       5.7M        58M       319M

MemTotal:        4016004 kB
MemFree:         3220304 kB
Active:           438476 kB
Mem:          3.8G       777M       3.1G       5.7M        58M       319M

MemTotal:        4016004 kB
MemFree:         3220180 kB
Active:           438496 kB
Mem:          3.8G       776M       3.1G       5.7M        58M       319M

MemTotal:        4016004 kB
MemFree:         3220180 kB
Active:           438488 kB
Mem:          3.8G       777M       3.1G       5.7M        58M       319M

MemTotal:        4016004 kB
MemFree:         3220180 kB
Active:           438512 kB
Mem:          3.8G       777M       3.1G       5.7M        58M       319M

MemTotal:        4016004 kB
MemFree:         3220164 kB
Active:           438504 kB
Mem:          3.8G       777M       3.1G       5.7M        58M       319M

MemTotal:        4016004 kB
MemFree:         3219792 kB
Active:           438512 kB
Mem:          3.8G       777M       3.1G       5.7M        58M       319M

MemTotal:        4016004 kB
MemFree:         3219764 kB
Active:           438524 kB
Mem:          3.8G       777M       3.1G       5.7M        58M       319M

MemTotal:        4016004 kB
MemFree:         3219968 kB
Active:           438468 kB
Mem:          3.8G       777M       3.1G       5.7M        58M       319M

MemTotal:        4016004 kB
MemFree:         3220092 kB
Active:           438480 kB
Mem:          3.8G       777M       3.1G       5.7M        58M       319M

MemTotal:        4016004 kB
MemFree:         3220092 kB
Active:           438516 kB
Mem:          3.8G       777M       3.1G       5.7M        58M       319M

MemTotal:        4016004 kB
MemFree:         3220092 kB
Active:           438520 kB
Mem:          3.8G       777M       3.1G       5.7M        58M       319M

MemTotal:        4016004 kB
MemFree:         3220340 kB
Active:           438484 kB
Mem:          3.8G       777M       3.1G       5.7M        58M       319M

MemTotal:        4016004 kB
MemFree:         3219968 kB
Active:           438532 kB
Mem:          3.8G       777M       3.1G       5.7M        58M       319M

MemTotal:        4016004 kB
MemFree:         3220464 kB
Active:           438488 kB
Mem:          3.8G       776M       3.1G       5.7M        58M       319M

MemTotal:        4016004 kB
MemFree:         3219152 kB
Active:           436532 kB
Mem:          3.8G       777M       3.1G       5.7M        58M       319M

MemTotal:        4016004 kB
MemFree:         3219772 kB
Active:           438552 kB
Mem:          3.8G       777M       3.1G       5.7M        58M       319M

MemTotal:        4016004 kB
MemFree:         3219868 kB
Active:           438576 kB
Mem:          3.8G       777M       3.1G       5.7M        58M       319M

MemTotal:        4016004 kB
MemFree:         3219868 kB
Active:           438564 kB
Mem:          3.8G       777M       3.1G       5.7M        58M       319M

MemTotal:        4016004 kB
MemFree:         3220364 kB
Active:           438572 kB
Mem:          3.8G       776M       3.1G       5.7M        58M       319M

MemTotal:        4016004 kB
MemFree:         3220472 kB
Active:           438548 kB
Mem:          3.8G       777M       3.1G       5.7M        58M       319M

MemTotal:        4016004 kB
MemFree:         3220332 kB
Active:           438560 kB
Mem:          3.8G       776M       3.1G       5.7M        58M       319M

MemTotal:        4016004 kB
MemFree:         3220316 kB
Active:           438548 kB
Mem:          3.8G       777M       3.1G       5.7M        58M       319M

MemTotal:        4016004 kB
MemFree:         3220332 kB
Active:           438552 kB
Mem:          3.8G       777M       3.1G       5.7M        58M       319M

MemTotal:        4016004 kB
MemFree:         3220208 kB
Active:           438600 kB
Mem:          3.8G       777M       3.1G       5.7M        58M       319M

MemTotal:        4016004 kB
MemFree:         3217844 kB
Active:           438600 kB
Mem:          3.8G       779M       3.1G       5.7M        58M       319M

MemTotal:        4016004 kB
MemFree:         3218464 kB
Active:           440636 kB
Mem:          3.8G       779M       3.1G       5.7M        58M       319M

MemTotal:        4016004 kB
MemFree:         3218216 kB
Active:           440620 kB
Mem:          3.8G       779M       3.1G       5.7M        58M       319M

MemTotal:        4016004 kB
MemFree:         3218092 kB
Active:           440616 kB
Mem:          3.8G       779M       3.1G       5.7M        58M       319M

MemTotal:        4016004 kB
MemFree:         3217968 kB
Active:           440620 kB
Mem:          3.8G       779M       3.1G       5.7M        58M       319M

MemTotal:        4016004 kB
MemFree:         3217968 kB
Active:           440628 kB
Mem:          3.8G       779M       3.1G       5.7M        58M       319M

MemTotal:        4016004 kB
MemFree:         3218092 kB
Active:           440636 kB
Mem:          3.8G       779M       3.1G       5.7M        58M       319M

MemTotal:        4016004 kB
MemFree:         3218200 kB
Active:           440648 kB
Mem:          3.8G       778M       3.1G       5.7M        58M       319M

MemTotal:        4016004 kB
MemFree:         3218324 kB
Active:           440604 kB
Mem:          3.8G       778M       3.1G       5.7M        58M       319M

MemTotal:        4016004 kB
MemFree:         3218324 kB
Active:           440628 kB
Mem:          3.8G       778M       3.1G       5.7M        58M       319M

MemTotal:        4016004 kB
MemFree:         3218200 kB
Active:           440620 kB
Mem:          3.8G       779M       3.1G       5.7M        58M       319M

MemTotal:        4016004 kB
MemFree:         3217828 kB
Active:           440672 kB
Mem:          3.8G       779M       3.1G       5.7M        58M       319M

MemTotal:        4016004 kB
MemFree:         3217704 kB
Active:           440620 kB
Mem:          3.8G       779M       3.1G       5.7M        58M       319M

MemTotal:        4016004 kB
MemFree:         3217828 kB
Active:           440648 kB
Mem:          3.8G       779M       3.1G       5.7M        58M       319M

MemTotal:        4016004 kB
MemFree:         3217704 kB
Active:           440672 kB
Mem:          3.8G       779M       3.1G       5.7M        58M       319M

MemTotal:        4016004 kB
MemFree:         3217952 kB
Active:           440648 kB
Mem:          3.8G       779M       3.1G       5.7M        58M       319M

MemTotal:        4016004 kB
MemFree:         3217952 kB
Active:           440648 kB
Mem:          3.8G       779M       3.1G       5.7M        58M       319M

MemTotal:        4016004 kB
MemFree:         3217580 kB
Active:           440700 kB
Mem:          3.8G       779M       3.1G       5.7M        58M       319M

MemTotal:        4016004 kB
MemFree:         3217704 kB
Active:           440660 kB
Mem:          3.8G       779M       3.1G       5.7M        58M       319M

MemTotal:        4016004 kB
MemFree:         3217796 kB
Active:           440680 kB
Mem:          3.8G       779M       3.1G       5.7M        58M       319M

MemTotal:        4016004 kB
MemFree:         3218168 kB
Active:           440700 kB
Mem:          3.8G       779M       3.1G       5.7M        58M       319M

MemTotal:        4016004 kB
MemFree:         3218168 kB
Active:           440704 kB
Mem:          3.8G       779M       3.1G       5.7M        58M       319M

MemTotal:        4016004 kB
MemFree:         3218200 kB
Active:           440696 kB
Mem:          3.8G       778M       3.1G       5.7M        58M       319M

MemTotal:        4016004 kB
MemFree:         3218572 kB
Active:           440696 kB
Mem:          3.8G       778M       3.1G       5.7M        58M       319M

MemTotal:        4016004 kB
MemFree:         3218324 kB
Active:           440708 kB
Mem:          3.8G       778M       3.1G       5.7M        58M       319M

MemTotal:        4016004 kB
MemFree:         3218468 kB
Active:           440656 kB
Mem:          3.8G       778M       3.1G       5.7M        58M       319M

MemTotal:        4016004 kB
MemFree:         3218344 kB
Active:           440656 kB
Mem:          3.8G       778M       3.1G       5.7M        58M       319M

MemTotal:        4016004 kB
MemFree:         3217724 kB
Active:           440712 kB
Mem:          3.8G       779M       3.1G       5.7M        58M       319M

MemTotal:        4016004 kB
MemFree:         3218096 kB
Active:           440668 kB
Mem:          3.8G       779M       3.1G       5.7M        58M       319M

MemTotal:        4016004 kB
MemFree:         3217892 kB
Active:           438764 kB
Mem:          3.8G       779M       3.1G       5.7M        58M       319M

MemTotal:        4016004 kB
MemFree:         3218220 kB
Active:           438640 kB
Mem:          3.8G       779M       3.1G       5.7M        58M       319M

MemTotal:        4016004 kB
MemFree:         3218096 kB
Active:           440732 kB
Mem:          3.8G       778M       3.1G       5.7M        58M       319M

MemTotal:        4016004 kB
MemFree:         3218344 kB
Active:           440728 kB
Mem:          3.8G       778M       3.1G       5.7M        58M       319M

MemTotal:        4016004 kB
MemFree:         3218360 kB
Active:           440684 kB
Mem:          3.8G       778M       3.1G       5.7M        58M       319M

MemTotal:        4016004 kB
MemFree:         3218360 kB
Active:           440700 kB
Mem:          3.8G       778M       3.1G       5.7M        58M       319M

MemTotal:        4016004 kB
MemFree:         3218112 kB
Active:           440724 kB
Mem:          3.8G       779M       3.1G       5.7M        58M       319M

MemTotal:        4016004 kB
MemFree:         3218112 kB
Active:           440724 kB
Mem:          3.8G       779M       3.1G       5.7M        58M       319M

MemTotal:        4016004 kB
MemFree:         3217972 kB
Active:           440712 kB
Mem:          3.8G       779M       3.1G       5.7M        58M       319M

MemTotal:        4016004 kB
MemFree:         3218204 kB
Active:           440752 kB
Mem:          3.8G       779M       3.1G       5.7M        58M       319M

MemTotal:        4016004 kB
MemFree:         3218404 kB
Active:           438708 kB
Mem:          3.8G       779M       3.1G       5.7M        58M       319M

MemTotal:        4016004 kB
MemFree:         3218420 kB
Active:           440712 kB
Mem:          3.8G       778M       3.1G       5.7M        58M       319M

MemTotal:        4016004 kB
MemFree:         3218452 kB
Active:           440744 kB
Mem:          3.8G       778M       3.1G       5.7M        58M       319M

MemTotal:        4016004 kB
MemFree:         3218452 kB
Active:           440748 kB
Mem:          3.8G       778M       3.1G       5.7M        58M       319M

MemTotal:        4016004 kB
MemFree:         3218824 kB
Active:           440704 kB
Mem:          3.8G       778M       3.1G       5.7M        58M       319M

MemTotal:        4016004 kB
MemFree:         3219072 kB
Active:           440732 kB
Mem:          3.8G       778M       3.1G       5.7M        58M       319M

MemTotal:        4016004 kB
MemFree:         3219072 kB
Active:           440744 kB
Mem:          3.8G       778M       3.1G       5.7M        58M       319M

MemTotal:        4016004 kB
MemFree:         3218328 kB
Active:           440764 kB
Mem:          3.8G       778M       3.1G       5.7M        58M       319M

MemTotal:        4016004 kB
MemFree:         3218700 kB
Active:           440720 kB
Mem:          3.8G       778M       3.1G       5.7M        58M       319M

MemTotal:        4016004 kB
MemFree:         3218824 kB
Active:           440708 kB
Mem:          3.8G       778M       3.1G       5.7M        58M       319M

MemTotal:        4016004 kB
MemFree:         3217692 kB
Active:           438716 kB
Mem:          3.8G       779M       3.1G       5.7M        58M       319M

MemTotal:        4016004 kB
MemFree:         3217940 kB
Active:           438672 kB
Mem:          3.8G       779M       3.1G       5.7M        58M       319M

MemTotal:        4016004 kB
MemFree:         3217956 kB
Active:           438676 kB
Mem:          3.8G       779M       3.1G       5.7M        58M       319M

MemTotal:        4016004 kB
MemFree:         3218352 kB
Active:           440576 kB
Mem:          3.8G       779M       3.1G       5.7M        58M       319M

MemTotal:        4016004 kB
MemFree:         3218352 kB
Active:           440580 kB
Mem:          3.8G       778M       3.1G       5.7M        58M       319M

MemTotal:        4016004 kB
MemFree:         3218352 kB
Active:           440568 kB
Mem:          3.8G       778M       3.1G       5.7M        58M       319M

MemTotal:        4016004 kB
MemFree:         3218228 kB
Active:           440604 kB
Mem:          3.8G       778M       3.1G       5.7M        58M       319M

MemTotal:        4016004 kB
MemFree:         3218724 kB
Active:           440604 kB
Mem:          3.8G       778M       3.1G       5.7M        58M       319M

MemTotal:        4016004 kB
MemFree:         3218848 kB
Active:           440556 kB
Mem:          3.8G       778M       3.1G       5.7M        58M       319M

MemTotal:        4016004 kB
MemFree:         3218228 kB
Active:           440616 kB
Mem:          3.8G       778M       3.1G       5.7M        58M       319M

MemTotal:        4016004 kB
MemFree:         3217904 kB
Active:           438568 kB
Mem:          3.8G       778M       3.1G       5.7M        58M       319M

MemTotal:        4016004 kB
MemFree:         3218260 kB
Active:           440616 kB
Mem:          3.8G       778M       3.1G       5.7M        58M       319M

MemTotal:        4016004 kB
MemFree:         3218756 kB
Active:           440596 kB
Mem:          3.8G       778M       3.1G       5.7M        58M       319M

MemTotal:        4016004 kB
MemFree:         3218632 kB
Active:           440608 kB
Mem:          3.8G       778M       3.1G       5.7M        58M       319M

MemTotal:        4016004 kB
MemFree:         3218508 kB
Active:           440584 kB
Mem:          3.8G       778M       3.1G       5.7M        58M       319M

MemTotal:        4016004 kB
MemFree:         3218756 kB
Active:           440580 kB
Mem:          3.8G       778M       3.1G       5.7M        58M       319M

MemTotal:        4016004 kB
MemFree:         3218756 kB
Active:           440584 kB
Mem:          3.8G       778M       3.1G       5.7M        58M       319M

MemTotal:        4016004 kB
MemFree:         3218384 kB
Active:           440628 kB
Mem:          3.8G       778M       3.1G       5.7M        58M       319M

MemTotal:        4016004 kB
MemFree:         3218632 kB
Active:           440624 kB
Mem:          3.8G       778M       3.1G       5.7M        58M       319M

MemTotal:        4016004 kB
MemFree:         3218756 kB
Active:           440616 kB
Mem:          3.8G       778M       3.1G       5.7M        58M       319M

MemTotal:        4016004 kB
MemFree:         3218772 kB
Active:           440572 kB
Mem:          3.8G       778M       3.1G       5.7M        58M       319M

MemTotal:        4016004 kB
MemFree:         3218764 kB
Active:           440572 kB
Mem:          3.8G       778M       3.1G       5.7M        58M       319M

MemTotal:        4016004 kB
MemFree:         3219136 kB
Active:           440588 kB
Mem:          3.8G       778M       3.1G       5.7M        58M       319M

MemTotal:        4016004 kB
MemFree:         3219012 kB
Active:           440640 kB
Mem:          3.8G       778M       3.1G       5.7M        58M       319M

MemTotal:        4016004 kB
MemFree:         3218640 kB
Active:           440648 kB
Mem:          3.8G       778M       3.1G       5.7M        58M       319M

MemTotal:        4016004 kB
MemFree:         3218888 kB
Active:           440624 kB
Mem:          3.8G       778M       3.1G       5.7M        58M       319M

MemTotal:        4016004 kB
MemFree:         3218888 kB
Active:           440632 kB
Mem:          3.8G       778M       3.1G       5.7M        58M       319M

MemTotal:        4016004 kB
MemFree:         3218748 kB
Active:           440644 kB
Mem:          3.8G       778M       3.1G       5.7M        58M       319M

MemTotal:        4016004 kB
MemFree:         3218748 kB
Active:           440644 kB
Mem:          3.8G       778M       3.1G       5.7M        58M       319M

MemTotal:        4016004 kB
MemFree:         3218484 kB
Active:           440728 kB
Mem:          3.8G       778M       3.1G       5.7M        58M       319M

MemTotal:        4016004 kB
MemFree:         3215688 kB
Active:           440892 kB
Mem:          3.8G       781M       3.1G       5.7M        58M       319M

MemTotal:        4016004 kB
MemFree:         3215688 kB
Active:           440940 kB
Mem:          3.8G       781M       3.1G       5.7M        58M       319M

MemTotal:        4016004 kB
MemFree:         3215192 kB
Active:           443004 kB
Mem:          3.8G       782M       3.1G       5.7M        58M       319M

MemTotal:        4016004 kB
MemFree:         3215316 kB
Active:           443020 kB
Mem:          3.8G       781M       3.1G       5.7M        58M       319M

MemTotal:        4016004 kB
MemFree:         3215564 kB
Active:           443000 kB
Mem:          3.8G       781M       3.1G       5.7M        58M       319M

MemTotal:        4016004 kB
MemFree:         3215268 kB
Active:           443000 kB
Mem:          3.8G       782M       3.1G       5.7M        58M       319M

MemTotal:        4016004 kB
MemFree:         3215316 kB
Active:           442988 kB
Mem:          3.8G       782M       3.1G       5.7M        58M       319M

MemTotal:        4016004 kB
MemFree:         3215316 kB
Active:           443012 kB
Mem:          3.8G       782M       3.1G       5.7M        58M       319M

MemTotal:        4016004 kB
MemFree:         3215316 kB
Active:           443044 kB
Mem:          3.8G       781M       3.1G       5.7M        58M       319M

MemTotal:        4016004 kB
MemFree:         3215564 kB
Active:           443040 kB
Mem:          3.8G       781M       3.1G       5.7M        58M       319M

MemTotal:        4016004 kB
MemFree:         3215564 kB
Active:           443036 kB
Mem:          3.8G       781M       3.1G       5.7M        58M       319M

MemTotal:        4016004 kB
MemFree:         3215564 kB
Active:           442996 kB
Mem:          3.8G       781M       3.1G       5.7M        58M       319M

MemTotal:        4016004 kB
MemFree:         3215440 kB
Active:           443040 kB
Mem:          3.8G       781M       3.1G       5.7M        58M       319M

MemTotal:        4016004 kB
MemFree:         3215564 kB
Active:           443052 kB
Mem:          3.8G       781M       3.1G       5.7M        58M       319M

MemTotal:        4016004 kB
MemFree:         3215440 kB
Active:           443044 kB
Mem:          3.8G       782M       3.1G       5.7M        58M       319M

MemTotal:        4016004 kB
MemFree:         3215440 kB
Active:           443016 kB
Mem:          3.8G       781M       3.1G       5.7M        58M       319M

MemTotal:        4016004 kB
MemFree:         3215440 kB
Active:           443052 kB
Mem:          3.8G       781M       3.1G       5.7M        58M       319M

MemTotal:        4016004 kB
MemFree:         3215440 kB
Active:           443032 kB
Mem:          3.8G       781M       3.1G       5.7M        58M       319M

MemTotal:        4016004 kB
MemFree:         3215316 kB
Active:           443012 kB
Mem:          3.8G       781M       3.1G       5.7M        58M       319M

MemTotal:        4016004 kB
MemFree:         3215312 kB
Active:           440964 kB
Mem:          3.8G       782M       3.1G       5.7M        58M       319M

MemTotal:        4016004 kB
MemFree:         3215188 kB
Active:           443028 kB
Mem:          3.8G       782M       3.1G       5.7M        58M       319M

MemTotal:        4016004 kB
MemFree:         3215312 kB
Active:           443040 kB
Mem:          3.8G       782M       3.1G       5.7M        58M       319M

MemTotal:        4016004 kB
MemFree:         3215312 kB
Active:           443016 kB
Mem:          3.8G       782M       3.1G       5.7M        58M       319M

MemTotal:        4016004 kB
MemFree:         3215420 kB
Active:           443068 kB
Mem:          3.8G       781M       3.1G       5.7M        58M       319M

MemTotal:        4016004 kB
MemFree:         3215420 kB
Active:           443060 kB
Mem:          3.8G       781M       3.1G       5.7M        58M       319M

MemTotal:        4016004 kB
MemFree:         3215684 kB
Active:           443028 kB
Mem:          3.8G       781M       3.1G       5.7M        58M       319M

MemTotal:        4016004 kB
MemFree:         3215808 kB
Active:           443072 kB
Mem:          3.8G       781M       3.1G       5.7M        58M       319M

MemTotal:        4016004 kB
MemFree:         3215684 kB
Active:           443068 kB
Mem:          3.8G       781M       3.1G       5.7M        58M       319M

MemTotal:        4016004 kB
MemFree:         3215932 kB
Active:           443056 kB
Mem:          3.8G       781M       3.1G       5.7M        58M       319M

MemTotal:        4016004 kB
MemFree:         3215436 kB
Active:           443060 kB
Mem:          3.8G       781M       3.1G       5.7M        58M       319M

MemTotal:        4016004 kB
MemFree:         3215312 kB
Active:           443056 kB
Mem:          3.8G       782M       3.1G       5.7M        58M       319M

MemTotal:        4016004 kB
MemFree:         3215312 kB
Active:           443060 kB
Mem:          3.8G       782M       3.1G       5.7M        58M       319M

MemTotal:        4016004 kB
MemFree:         3215188 kB
Active:           443028 kB
Mem:          3.8G       782M       3.1G       5.7M        58M       319M

MemTotal:        4016004 kB
MemFree:         3215312 kB
Active:           443076 kB
Mem:          3.8G       781M       3.1G       5.7M        58M       319M

MemTotal:        4016004 kB
MemFree:         3215312 kB
Active:           443040 kB
Mem:          3.8G       782M       3.1G       5.7M        58M       319M

MemTotal:        4016004 kB
MemFree:         3215312 kB
Active:           443076 kB
Mem:          3.8G       782M       3.1G       5.7M        58M       319M

MemTotal:        4016004 kB
MemFree:         3215064 kB
Active:           443060 kB
Mem:          3.8G       782M       3.1G       5.7M        58M       319M

MemTotal:        4016004 kB
MemFree:         3215188 kB
Active:           443072 kB
Mem:          3.8G       782M       3.1G       5.7M        58M       319M

MemTotal:        4016004 kB
MemFree:         3215312 kB
Active:           443060 kB
Mem:          3.8G       782M       3.1G       5.7M        58M       319M

MemTotal:        4016004 kB
MemFree:         3215188 kB
Active:           443080 kB
Mem:          3.8G       782M       3.1G       5.7M        58M       319M

MemTotal:        4016004 kB
MemFree:         3215064 kB
Active:           443072 kB
Mem:          3.8G       782M       3.1G       5.7M        58M       319M

MemTotal:        4016004 kB
MemFree:         3215064 kB
Active:           443092 kB
Mem:          3.8G       782M       3.1G       5.7M        58M       319M

MemTotal:        4016004 kB
MemFree:         3215064 kB
Active:           443080 kB
Mem:          3.8G       782M       3.1G       5.7M        58M       319M

MemTotal:        4016004 kB
MemFree:         3215312 kB
Active:           443096 kB
Mem:          3.8G       781M       3.1G       5.7M        58M       319M

MemTotal:        4016004 kB
MemFree:         3215436 kB
Active:           443100 kB
Mem:          3.8G       782M       3.1G       5.7M        58M       319M

MemTotal:        4016004 kB
MemFree:         3215528 kB
Active:           443068 kB
Mem:          3.8G       781M       3.1G       5.7M        58M       319M

MemTotal:        4016004 kB
MemFree:         3215560 kB
Active:           443100 kB
Mem:          3.8G       782M       3.1G       5.7M        58M       319M

MemTotal:        4016004 kB
MemFree:         3215312 kB
Active:           443068 kB
Mem:          3.8G       782M       3.1G       5.7M        58M       319M

MemTotal:        4016004 kB
MemFree:         3214816 kB
Active:           443116 kB
Mem:          3.8G       781M       3.1G       5.7M        58M       319M

MemTotal:        4016004 kB
MemFree:         3215312 kB
Active:           443092 kB
Mem:          3.8G       782M       3.1G       5.7M        58M       319M

MemTotal:        4016004 kB
MemFree:         3215188 kB
Active:           443064 kB
Mem:          3.8G       782M       3.1G       5.7M        58M       319M

MemTotal:        4016004 kB
MemFree:         3215064 kB
Active:           443108 kB
Mem:          3.8G       782M       3.1G       5.7M        58M       319M

MemTotal:        4016004 kB
MemFree:         3215064 kB
Active:           443108 kB
Mem:          3.8G       782M       3.1G       5.7M        58M       319M

MemTotal:        4016004 kB
MemFree:         3215436 kB
Active:           443084 kB
Mem:          3.8G       781M       3.1G       5.7M        58M       319M

MemTotal:        4016004 kB
MemFree:         3215684 kB
Active:           443104 kB
Mem:          3.8G       781M       3.1G       5.7M        58M       319M

MemTotal:        4016004 kB
MemFree:         3215808 kB
Active:           443112 kB
Mem:          3.8G       781M       3.1G       5.7M        58M       319M

MemTotal:        4016004 kB
MemFree:         3215560 kB
Active:           443120 kB
Mem:          3.8G       781M       3.1G       5.7M        58M       319M

MemTotal:        4016004 kB
MemFree:         3215436 kB
Active:           443124 kB
Mem:          3.8G       781M       3.1G       5.7M        58M       319M

MemTotal:        4016004 kB
MemFree:         3215560 kB
Active:           443128 kB
Mem:          3.8G       781M       3.1G       5.7M        58M       319M

MemTotal:        4016004 kB
MemFree:         3215064 kB
Active:           443132 kB
Mem:          3.8G       781M       3.1G       5.7M        58M       319M

MemTotal:        4016004 kB
MemFree:         3215064 kB
Active:           443132 kB
Mem:          3.8G       781M       3.1G       5.7M        58M       319M

MemTotal:        4016004 kB
MemFree:         3215436 kB
Active:           443096 kB
Mem:          3.8G       781M       3.1G       5.7M        58M       319M

MemTotal:        4016004 kB
MemFree:         3215188 kB
Active:           443108 kB
Mem:          3.8G       782M       3.1G       5.7M        58M       319M

MemTotal:        4016004 kB
MemFree:         3215064 kB
Active:           443116 kB
Mem:          3.8G       782M       3.1G       5.7M        58M       319M

MemTotal:        4016004 kB
MemFree:         3215064 kB
Active:           443128 kB
Mem:          3.8G       782M       3.1G       5.7M        58M       319M

MemTotal:        4016004 kB
MemFree:         3215064 kB
Active:           443140 kB
Mem:          3.8G       781M       3.1G       5.7M        58M       319M

MemTotal:        4016004 kB
MemFree:         3214692 kB
Active:           443148 kB
Mem:          3.8G       782M       3.1G       5.7M        58M       319M

MemTotal:        4016004 kB
MemFree:         3215064 kB
Active:           443124 kB
Mem:          3.8G       782M       3.1G       5.7M        58M       319M

MemTotal:        4016004 kB
MemFree:         3215064 kB
Active:           443148 kB
Mem:          3.8G       782M       3.1G       5.7M        58M       319M

MemTotal:        4016004 kB
MemFree:         3215064 kB
Active:           443104 kB
Mem:          3.8G       782M       3.1G       5.7M        58M       319M

MemTotal:        4016004 kB
MemFree:         3215064 kB
Active:           443100 kB
Mem:          3.8G       782M       3.1G       5.7M        58M       319M

MemTotal:        4016004 kB
MemFree:         3215188 kB
Active:           443124 kB
Mem:          3.8G       782M       3.1G       5.7M        58M       319M

MemTotal:        4016004 kB
MemFree:         3215312 kB
Active:           443132 kB
Mem:          3.8G       781M       3.1G       5.7M        58M       319M

MemTotal:        4016004 kB
MemFree:         3215188 kB
Active:           443120 kB
Mem:          3.8G       782M       3.1G       5.7M        58M       319M

MemTotal:        4016004 kB
MemFree:         3215064 kB
Active:           443152 kB
Mem:          3.8G       782M       3.1G       5.7M        58M       319M

MemTotal:        4016004 kB
MemFree:         3215064 kB
Active:           443152 kB
Mem:          3.8G       782M       3.1G       5.7M        58M       319M

MemTotal:        4016004 kB
MemFree:         3213016 kB
Active:           443124 kB
Mem:          3.8G       784M       3.1G       5.7M        58M       319M

MemTotal:        4016004 kB
MemFree:         3212892 kB
Active:           445152 kB
Mem:          3.8G       784M       3.1G       5.7M        58M       319M

MemTotal:        4016004 kB
MemFree:         3213140 kB
Active:           445188 kB
Mem:          3.8G       784M       3.1G       5.7M        58M       319M

MemTotal:        4016004 kB
MemFree:         3213140 kB
Active:           445160 kB
Mem:          3.8G       784M       3.1G       5.7M        58M       319M

MemTotal:        4016004 kB
MemFree:         3213016 kB
Active:           445188 kB
Mem:          3.8G       784M       3.1G       5.7M        58M       319M

MemTotal:        4016004 kB
MemFree:         3212984 kB
Active:           445140 kB
Mem:          3.8G       784M       3.1G       5.7M        58M       319M

MemTotal:        4016004 kB
MemFree:         3213016 kB
Active:           445184 kB
Mem:          3.8G       784M       3.1G       5.7M        58M       319M

MemTotal:        4016004 kB
MemFree:         3213140 kB
Active:           445152 kB
Mem:          3.8G       784M       3.1G       5.7M        58M       319M

MemTotal:        4016004 kB
MemFree:         3213140 kB
Active:           445192 kB
Mem:          3.8G       784M       3.1G       5.7M        58M       319M

MemTotal:        4016004 kB
MemFree:         3213140 kB
Active:           445156 kB
Mem:          3.8G       784M       3.1G       5.7M        58M       319M

MemTotal:        4016004 kB
MemFree:         3213264 kB
Active:           445196 kB
Mem:          3.8G       784M       3.1G       5.7M        58M       319M

MemTotal:        4016004 kB
MemFree:         3213264 kB
Active:           445192 kB
Mem:          3.8G       783M       3.1G       5.7M        58M       319M

MemTotal:        4016004 kB
MemFree:         3213388 kB
Active:           445168 kB
Mem:          3.8G       784M       3.1G       5.7M        58M       319M

MemTotal:        4016004 kB
MemFree:         3213140 kB
Active:           445204 kB
Mem:          3.8G       784M       3.1G       5.7M        58M       319M

MemTotal:        4016004 kB
MemFree:         3212892 kB
Active:           445176 kB
Mem:          3.8G       784M       3.1G       5.7M        58M       319M

MemTotal:        4016004 kB
MemFree:         3212892 kB
Active:           445164 kB
Mem:          3.8G       784M       3.1G       5.7M        58M       319M

MemTotal:        4016004 kB
MemFree:         3212892 kB
Active:           445168 kB
Mem:          3.8G       784M       3.1G       5.7M        58M       319M

MemTotal:        4016004 kB
MemFree:         3213016 kB
Active:           445200 kB
Mem:          3.8G       784M       3.1G       5.7M        58M       319M

MemTotal:        4016004 kB
MemFree:         3213016 kB
Active:           445180 kB
Mem:          3.8G       784M       3.1G       5.7M        58M       319M

MemTotal:        4016004 kB
MemFree:         3213140 kB
Active:           445184 kB
Mem:          3.8G       784M       3.1G       5.7M        58M       319M

MemTotal:        4016004 kB
MemFree:         3212892 kB
Active:           445180 kB
Mem:          3.8G       784M       3.1G       5.7M        58M       319M

MemTotal:        4016004 kB
MemFree:         3213016 kB
Active:           445204 kB
Mem:          3.8G       784M       3.1G       5.7M        58M       319M

MemTotal:        4016004 kB
MemFree:         3213016 kB
Active:           445180 kB
Mem:          3.8G       784M       3.1G       5.7M        58M       319M

MemTotal:        4016004 kB
MemFree:         3213016 kB
Active:           445184 kB
Mem:          3.8G       784M       3.1G       5.7M        58M       319M

MemTotal:        4016004 kB
MemFree:         3212736 kB
Active:           445236 kB
Mem:          3.8G       784M       3.1G       5.7M        58M       319M

MemTotal:        4016004 kB
MemFree:         3213140 kB
Active:           445224 kB
Mem:          3.8G       784M       3.1G       5.7M        58M       319M

MemTotal:        4016004 kB
MemFree:         3213016 kB
Active:           445220 kB
Mem:          3.8G       784M       3.1G       5.7M        58M       319M

MemTotal:        4016004 kB
MemFree:         3212768 kB
Active:           445228 kB
Mem:          3.8G       784M       3.1G       5.7M        58M       319M

MemTotal:        4016004 kB
MemFree:         3212892 kB
Active:           445236 kB
Mem:          3.8G       784M       3.1G       5.7M        58M       319M

MemTotal:        4016004 kB
MemFree:         3213264 kB
Active:           445192 kB
Mem:          3.8G       784M       3.1G       5.7M        58M       319M

MemTotal:        4016004 kB
MemFree:         3213388 kB
Active:           445220 kB
Mem:          3.8G       783M       3.1G       5.7M        58M       319M

MemTotal:        4016004 kB
MemFree:         3213264 kB
Active:           445248 kB
Mem:          3.8G       783M       3.1G       5.7M        58M       319M

MemTotal:        4016004 kB
MemFree:         3213620 kB
Active:           445216 kB
Mem:          3.8G       784M       3.1G       5.7M        58M       319M

MemTotal:        4016004 kB
MemFree:         3213000 kB
Active:           445224 kB
Mem:          3.8G       784M       3.1G       5.7M        58M       319M

MemTotal:        4016004 kB
MemFree:         3213124 kB
Active:           445248 kB
Mem:          3.8G       784M       3.1G       5.7M        58M       319M

MemTotal:        4016004 kB
MemFree:         3213124 kB
Active:           445244 kB
Mem:          3.8G       784M       3.1G       5.7M        58M       319M

MemTotal:        4016004 kB
MemFree:         3213000 kB
Active:           445240 kB
Mem:          3.8G       784M       3.1G       5.7M        58M       319M

MemTotal:        4016004 kB
MemFree:         3213000 kB
Active:           445244 kB
Mem:          3.8G       784M       3.1G       5.7M        58M       319M

MemTotal:        4016004 kB
MemFree:         3213000 kB
Active:           445220 kB
Mem:          3.8G       784M       3.1G       5.7M        58M       319M

MemTotal:        4016004 kB
MemFree:         3213124 kB
Active:           445228 kB
Mem:          3.8G       784M       3.1G       5.7M        58M       319M

MemTotal:        4016004 kB
MemFree:         3213000 kB
Active:           445260 kB
Mem:          3.8G       784M       3.1G       5.7M        58M       319M

MemTotal:        4016004 kB
MemFree:         3213000 kB
Active:           445256 kB
Mem:          3.8G       784M       3.1G       5.7M        58M       319M

MemTotal:        4016004 kB
MemFree:         3212860 kB
Active:           445232 kB
Mem:          3.8G       784M       3.1G       5.7M        58M       319M

MemTotal:        4016004 kB
MemFree:         3212504 kB
Active:           445288 kB
Mem:          3.8G       784M       3.1G       5.7M        58M       319M

MemTotal:        4016004 kB
MemFree:         3213000 kB
Active:           445288 kB
Mem:          3.8G       784M       3.1G       5.7M        58M       319M

MemTotal:        4016004 kB
MemFree:         3212752 kB
Active:           445296 kB
Mem:          3.8G       784M       3.1G       5.7M        58M       319M

MemTotal:        4016004 kB
MemFree:         3212876 kB
Active:           445296 kB
Mem:          3.8G       784M       3.1G       5.7M        58M       319M

MemTotal:        4016004 kB
MemFree:         3212752 kB
Active:           445296 kB
Mem:          3.8G       784M       3.1G       5.7M        58M       319M

MemTotal:        4016004 kB
MemFree:         3212752 kB
Active:           445284 kB
Mem:          3.8G       784M       3.1G       5.7M        58M       319M

MemTotal:        4016004 kB
MemFree:         3212876 kB
Active:           445296 kB
Mem:          3.8G       784M       3.1G       5.7M        58M       319M

MemTotal:        4016004 kB
MemFree:         3212876 kB
Active:           445244 kB
Mem:          3.8G       784M       3.1G       5.7M        58M       319M

MemTotal:        4016004 kB
MemFree:         3212876 kB
Active:           445284 kB
Mem:          3.8G       784M       3.1G       5.7M        58M       319M

MemTotal:        4016004 kB
MemFree:         3212752 kB
Active:           445268 kB
Mem:          3.8G       784M       3.1G       5.7M        58M       319M

MemTotal:        4016004 kB
MemFree:         3212752 kB
Active:           445256 kB
Mem:          3.8G       784M       3.1G       5.7M        58M       319M

MemTotal:        4016004 kB
MemFree:         3212752 kB
Active:           445288 kB
Mem:          3.8G       784M       3.1G       5.7M        58M       319M

MemTotal:        4016004 kB
MemFree:         3212752 kB
Active:           445312 kB
Mem:          3.8G       784M       3.1G       5.7M        58M       319M

MemTotal:        4016004 kB
MemFree:         3213000 kB
Active:           445280 kB
Mem:          3.8G       784M       3.1G       5.7M        58M       319M

MemTotal:        4016004 kB
MemFree:         3210952 kB
Active:           445236 kB
Mem:          3.8G       786M       3.1G       5.7M        58M       319M

MemTotal:        4016004 kB
MemFree:         3210952 kB
Active:           447332 kB
Mem:          3.8G       786M       3.1G       5.7M        58M       319M

MemTotal:        4016004 kB
MemFree:         3210828 kB
Active:           447336 kB
Mem:          3.8G       786M       3.1G       5.7M        58M       319M

MemTotal:        4016004 kB
MemFree:         3210596 kB
Active:           447340 kB
Mem:          3.8G       786M       3.1G       5.7M        58M       319M

MemTotal:        4016004 kB
MemFree:         3210844 kB
Active:           447324 kB
Mem:          3.8G       786M       3.1G       5.7M        58M       319M

MemTotal:        4016004 kB
MemFree:         3210844 kB
Active:           447316 kB
Mem:          3.8G       786M       3.1G       5.7M        58M       319M

MemTotal:        4016004 kB
MemFree:         3210844 kB
Active:           447308 kB
Mem:          3.8G       786M       3.1G       5.7M        58M       319M

MemTotal:        4016004 kB
MemFree:         3210844 kB
Active:           447352 kB
Mem:          3.8G       786M       3.1G       5.7M        58M       319M

MemTotal:        4016004 kB
MemFree:         3210720 kB
Active:           447316 kB
Mem:          3.8G       786M       3.1G       5.7M        58M       319M

MemTotal:        4016004 kB
MemFree:         3210968 kB
Active:           447352 kB
Mem:          3.8G       786M       3.1G       5.7M        58M       319M

MemTotal:        4016004 kB
MemFree:         3210968 kB
Active:           447364 kB
Mem:          3.8G       786M       3.1G       5.7M        58M       319M

MemTotal:        4016004 kB
MemFree:         3210844 kB
Active:           447364 kB
Mem:          3.8G       786M       3.1G       5.7M        58M       319M

MemTotal:        4016004 kB
MemFree:         3210968 kB
Active:           447372 kB
Mem:          3.8G       786M       3.1G       5.7M        58M       319M

MemTotal:        4016004 kB
MemFree:         3211092 kB
Active:           447348 kB
Mem:          3.8G       786M       3.1G       5.7M        58M       319M

MemTotal:        4016004 kB
MemFree:         3210844 kB
Active:           447328 kB
Mem:          3.8G       786M       3.1G       5.7M        58M       319M

MemTotal:        4016004 kB
MemFree:         3210844 kB
Active:           447372 kB
Mem:          3.8G       786M       3.1G       5.7M        58M       319M

MemTotal:        4016004 kB
MemFree:         3210844 kB
Active:           447364 kB
Mem:          3.8G       786M       3.1G       5.7M        58M       319M

MemTotal:        4016004 kB
MemFree:         3210720 kB
Active:           447340 kB
Mem:          3.8G       786M       3.1G       5.7M        58M       319M

MemTotal:        4016004 kB
MemFree:         3210844 kB
Active:           447356 kB
Mem:          3.8G       786M       3.1G       5.7M        58M       319M

MemTotal:        4016004 kB
MemFree:         3210844 kB
Active:           447364 kB
Mem:          3.8G       786M       3.1G       5.7M        58M       319M

MemTotal:        4016004 kB
MemFree:         3210720 kB
Active:           447380 kB
Mem:          3.8G       786M       3.1G       5.7M        58M       319M

MemTotal:        4016004 kB
MemFree:         3210828 kB
Active:           447340 kB
Mem:          3.8G       786M       3.1G       5.7M        58M       319M

MemTotal:        4016004 kB
MemFree:         3210968 kB
Active:           447376 kB
Mem:          3.8G       786M       3.1G       5.7M        58M       319M

MemTotal:        4016004 kB
MemFree:         3210844 kB
Active:           447352 kB
Mem:          3.8G       786M       3.1G       5.7M        58M       319M

MemTotal:        4016004 kB
MemFree:         3210844 kB
Active:           447368 kB
Mem:          3.8G       786M       3.1G       5.7M        58M       319M

MemTotal:        4016004 kB
MemFree:         3210720 kB
Active:           447368 kB
Mem:          3.8G       786M       3.1G       5.7M        58M       319M

MemTotal:        4016004 kB
MemFree:         3210844 kB
Active:           447348 kB
Mem:          3.8G       786M       3.1G       5.7M        58M       319M

MemTotal:        4016004 kB
MemFree:         3210472 kB
Active:           447404 kB
Mem:          3.8G       786M       3.1G       5.7M        58M       319M

MemTotal:        4016004 kB
MemFree:         3210472 kB
Active:           447380 kB
Mem:          3.8G       786M       3.1G       5.7M        58M       319M

MemTotal:        4016004 kB
MemFree:         3210472 kB
Active:           447392 kB
Mem:          3.8G       786M       3.1G       5.7M        58M       319M

MemTotal:        4016004 kB
MemFree:         3210596 kB
Active:           447412 kB
Mem:          3.8G       786M       3.1G       5.7M        58M       319M

MemTotal:        4016004 kB
MemFree:         3210472 kB
Active:           447372 kB
Mem:          3.8G       786M       3.1G       5.7M        58M       319M

MemTotal:        4016004 kB
MemFree:         3210472 kB
Active:           447388 kB
Mem:          3.8G       786M       3.1G       5.7M        58M       319M

MemTotal:        4016004 kB
MemFree:         3210720 kB
Active:           447376 kB
Mem:          3.8G       786M       3.1G       5.7M        58M       319M

MemTotal:        4016004 kB
MemFree:         3210720 kB
Active:           447400 kB
Mem:          3.8G       786M       3.1G       5.7M        58M       319M

MemTotal:        4016004 kB
MemFree:         3210596 kB
Active:           447396 kB
Mem:          3.8G       786M       3.1G       5.7M        58M       319M

MemTotal:        4016004 kB
MemFree:         3210596 kB
Active:           447388 kB
Mem:          3.8G       786M       3.1G       5.7M        58M       319M

MemTotal:        4016004 kB
MemFree:         3208796 kB
Active:           447420 kB
Mem:          3.8G       788M       3.1G       5.7M        58M       319M

MemTotal:        4016004 kB
MemFree:         3208672 kB
Active:           449420 kB
Mem:          3.8G       788M       3.1G       5.7M        58M       319M

MemTotal:        4016004 kB
MemFree:         3208672 kB
Active:           449432 kB
Mem:          3.8G       788M       3.1G       5.7M        58M       319M

MemTotal:        4016004 kB
MemFree:         3208548 kB
Active:           449404 kB
Mem:          3.8G       788M       3.1G       5.7M        58M       319M

MemTotal:        4016004 kB
MemFree:         3208780 kB
Active:           449452 kB
Mem:          3.8G       788M       3.1G       5.7M        58M       319M

MemTotal:        4016004 kB
MemFree:         3209028 kB
Active:           449420 kB
Mem:          3.8G       788M       3.1G       5.7M        58M       319M

MemTotal:        4016004 kB
MemFree:         3208532 kB
Active:           449456 kB
Mem:          3.8G       788M       3.1G       5.7M        58M       319M

MemTotal:        4016004 kB
MemFree:         3208780 kB
Active:           449452 kB
Mem:          3.8G       788M       3.1G       5.7M        58M       319M

MemTotal:        4016004 kB
MemFree:         3208904 kB
Active:           449444 kB
Mem:          3.8G       788M       3.1G       5.7M        58M       319M

MemTotal:        4016004 kB
MemFree:         3209152 kB
Active:           449428 kB
Mem:          3.8G       788M       3.1G       5.7M        58M       319M

MemTotal:        4016004 kB
MemFree:         3209152 kB
Active:           449460 kB
Mem:          3.8G       788M       3.1G       5.7M        58M       319M

MemTotal:        4016004 kB
MemFree:         3208780 kB
Active:           449436 kB
Mem:          3.8G       788M       3.1G       5.7M        58M       319M

MemTotal:        4016004 kB
MemFree:         3208780 kB
Active:           449456 kB
Mem:          3.8G       788M       3.1G       5.7M        58M       319M

MemTotal:        4016004 kB
MemFree:         3208780 kB
Active:           449444 kB
Mem:          3.8G       788M       3.1G       5.7M        58M       319M

MemTotal:        4016004 kB
MemFree:         3208780 kB
Active:           449476 kB
Mem:          3.8G       788M       3.1G       5.7M        58M       319M

MemTotal:        4016004 kB
MemFree:         3208656 kB
Active:           449432 kB
Mem:          3.8G       788M       3.1G       5.7M        58M       319M

MemTotal:        4016004 kB
MemFree:         3208532 kB
Active:           449472 kB
Mem:          3.8G       788M       3.1G       5.7M        58M       319M

MemTotal:        4016004 kB
MemFree:         3208532 kB
Active:           449464 kB
Mem:          3.8G       788M       3.1G       5.7M        58M       319M

MemTotal:        4016004 kB
MemFree:         3208780 kB
Active:           449448 kB
Mem:          3.8G       788M       3.1G       5.7M        58M       319M

MemTotal:        4016004 kB
MemFree:         3208656 kB
Active:           449436 kB
Mem:          3.8G       788M       3.1G       5.7M        58M       319M

MemTotal:        4016004 kB
MemFree:         3208640 kB
Active:           449488 kB
Mem:          3.8G       788M       3.1G       5.7M        58M       319M

MemTotal:        4016004 kB
MemFree:         3208532 kB
Active:           449448 kB
Mem:          3.8G       788M       3.1G       5.7M        58M       319M

MemTotal:        4016004 kB
MemFree:         3208904 kB
Active:           449452 kB
Mem:          3.8G       788M       3.1G       5.7M        58M       319M

MemTotal:        4016004 kB
MemFree:         3208656 kB
Active:           449496 kB
Mem:          3.8G       788M       3.1G       5.7M        58M       319M

MemTotal:        4016004 kB
MemFree:         3208532 kB
Active:           449464 kB
Mem:          3.8G       788M       3.1G       5.7M        58M       319M

MemTotal:        4016004 kB
MemFree:         3208532 kB
Active:           449472 kB
Mem:          3.8G       788M       3.1G       5.7M        58M       319M

MemTotal:        4016004 kB
MemFree:         3208780 kB
Active:           449496 kB
Mem:          3.8G       788M       3.1G       5.7M        58M       319M

MemTotal:        4016004 kB
MemFree:         3208904 kB
Active:           449452 kB
Mem:          3.8G       788M       3.1G       5.7M        58M       319M

MemTotal:        4016004 kB
MemFree:         3208780 kB
Active:           449476 kB
Mem:          3.8G       788M       3.1G       5.7M        58M       319M

MemTotal:        4016004 kB
MemFree:         3208532 kB
Active:           449456 kB
Mem:          3.8G       788M       3.1G       5.7M        58M       319M

MemTotal:        4016004 kB
MemFree:         3208780 kB
Active:           449492 kB
Mem:          3.8G       788M       3.1G       5.7M        58M       319M

MemTotal:        4016004 kB
MemFree:         3208656 kB
Active:           449472 kB
Mem:          3.8G       788M       3.1G       5.7M        58M       319M

MemTotal:        4016004 kB
MemFree:         3208656 kB
Active:           449520 kB
Mem:          3.8G       788M       3.1G       5.7M        58M       319M

MemTotal:        4016004 kB
MemFree:         3208656 kB
Active:           449496 kB
Mem:          3.8G       788M       3.1G       5.7M        58M       319M

MemTotal:        4016004 kB
MemFree:         3208656 kB
Active:           449516 kB
Mem:          3.8G       788M       3.1G       5.7M        58M       319M

MemTotal:        4016004 kB
MemFree:         3208532 kB
Active:           449484 kB
Mem:          3.8G       788M       3.1G       5.7M        58M       319M

MemTotal:        4016004 kB
MemFree:         3208904 kB
Active:           449512 kB
Mem:          3.8G       788M       3.1G       5.7M        58M       319M

MemTotal:        4016004 kB
MemFree:         3208640 kB
Active:           449500 kB
Mem:          3.8G       788M       3.1G       5.7M        58M       319M

MemTotal:        4016004 kB
MemFree:         3208656 kB
Active:           449528 kB
Mem:          3.8G       788M       3.1G       5.7M        58M       319M

MemTotal:        4016004 kB
MemFree:         3208780 kB
Active:           449504 kB
Mem:          3.8G       788M       3.1G       5.7M        58M       319M

MemTotal:        4016004 kB
MemFree:         3208780 kB
Active:           449472 kB
Mem:          3.8G       788M       3.1G       5.7M        58M       319M

MemTotal:        4016004 kB
MemFree:         3208780 kB
Active:           449500 kB
Mem:          3.8G       788M       3.1G       5.7M        58M       319M

MemTotal:        4016004 kB
MemFree:         3208780 kB
Active:           449496 kB
Mem:          3.8G       788M       3.1G       5.7M        58M       319M

MemTotal:        4016004 kB
MemFree:         3208656 kB
Active:           449508 kB
Mem:          3.8G       788M       3.1G       5.7M        58M       319M

MemTotal:        4016004 kB
MemFree:         3208532 kB
Active:           449536 kB
Mem:          3.8G       788M       3.1G       5.7M        58M       319M

MemTotal:        4016004 kB
MemFree:         3208408 kB
Active:           449524 kB
Mem:          3.8G       788M       3.1G       5.7M        58M       319M

MemTotal:        4016004 kB
MemFree:         3208408 kB
Active:           449520 kB
Mem:          3.8G       788M       3.1G       5.7M        58M       319M

MemTotal:        4016004 kB
MemFree:         3208656 kB
Active:           449496 kB
Mem:          3.8G       788M       3.1G       5.7M        58M       319M

MemTotal:        4016004 kB
MemFree:         3208532 kB
Active:           449500 kB
Mem:          3.8G       788M       3.1G       5.7M        58M       319M

MemTotal:        4016004 kB
MemFree:         3208532 kB
Active:           449544 kB
Mem:          3.8G       788M       3.1G       5.7M        58M       319M

MemTotal:        4016004 kB
MemFree:         3208532 kB
Active:           449536 kB
Mem:          3.8G       788M       3.1G       5.7M        58M       319M

MemTotal:        4016004 kB
MemFree:         3208532 kB
Active:           449488 kB
Mem:          3.8G       788M       3.1G       5.7M        58M       319M

MemTotal:        4016004 kB
MemFree:         3208656 kB
Active:           449528 kB
Mem:          3.8G       788M       3.1G       5.7M        58M       319M

MemTotal:        4016004 kB
MemFree:         3208532 kB
Active:           449500 kB
Mem:          3.8G       788M       3.1G       5.7M        58M       319M

MemTotal:        4016004 kB
MemFree:         3208532 kB
Active:           449536 kB
Mem:          3.8G       788M       3.1G       5.7M        58M       319M

MemTotal:        4016004 kB
MemFree:         3208284 kB
Active:           449524 kB
Mem:          3.8G       788M       3.1G       5.7M        58M       319M

MemTotal:        4016004 kB
MemFree:         3208408 kB
Active:           449512 kB
Mem:          3.8G       788M       3.1G       5.7M        58M       319M

MemTotal:        4016004 kB
MemFree:         3208284 kB
Active:           449524 kB
Mem:          3.8G       788M       3.1G       5.7M        58M       319M

MemTotal:        4016004 kB
MemFree:         3208780 kB
Active:           449556 kB
Mem:          3.8G       788M       3.1G       5.7M        58M       319M

MemTotal:        4016004 kB
MemFree:         3208656 kB
Active:           449504 kB
Mem:          3.8G       788M       3.1G       5.7M        58M       319M

MemTotal:        4016004 kB
MemFree:         3208780 kB
Active:           449540 kB
Mem:          3.8G       788M       3.1G       5.7M        58M       319M

MemTotal:        4016004 kB
MemFree:         3208656 kB
Active:           449520 kB
Mem:          3.8G       788M       3.1G       5.7M        58M       319M

MemTotal:        4016004 kB
MemFree:         3208656 kB
Active:           449508 kB
Mem:          3.8G       788M       3.1G       5.7M        58M       319M

MemTotal:        4016004 kB
MemFree:         3208036 kB
Active:           449588 kB
Mem:          3.8G       788M       3.1G       5.7M        58M       319M

MemTotal:        4016004 kB
MemFree:         3208656 kB
Active:           449552 kB
Mem:          3.8G       788M       3.1G       5.7M        58M       319M

MemTotal:        4016004 kB
MemFree:         3208656 kB
Active:           449568 kB
Mem:          3.8G       788M       3.1G       5.7M        58M       319M

MemTotal:        4016004 kB
MemFree:         3208656 kB
Active:           449552 kB
Mem:          3.8G       788M       3.1G       5.7M        58M       319M

MemTotal:        4016004 kB
MemFree:         3208532 kB
Active:           449568 kB
Mem:          3.8G       788M       3.1G       5.7M        58M       319M

MemTotal:        4016004 kB
MemFree:         3208160 kB
Active:           449596 kB
Mem:          3.8G       788M       3.1G       5.7M        58M       319M

MemTotal:        4016004 kB
MemFree:         3208160 kB
Active:           449564 kB
Mem:          3.8G       789M       3.1G       5.7M        58M       319M

MemTotal:        4016004 kB
MemFree:         3208284 kB
Active:           449556 kB
Mem:          3.8G       789M       3.1G       5.7M        58M       319M

MemTotal:        4016004 kB
MemFree:         3208532 kB
Active:           449584 kB
Mem:          3.8G       788M       3.1G       5.7M        58M       319M

MemTotal:        4016004 kB
MemFree:         3208532 kB
Active:           449564 kB
Mem:          3.8G       788M       3.1G       5.7M        58M       319M

MemTotal:        4016004 kB
MemFree:         3208376 kB
Active:           449584 kB
Mem:          3.8G       788M       3.1G       5.7M        58M       319M

MemTotal:        4016004 kB
MemFree:         3208036 kB
Active:           449608 kB
Mem:          3.8G       788M       3.1G       5.7M        58M       319M

MemTotal:        4016004 kB
MemFree:         3208408 kB
Active:           449572 kB
Mem:          3.8G       788M       3.1G       5.7M        58M       319M

MemTotal:        4016004 kB
MemFree:         3208408 kB
Active:           449596 kB
Mem:          3.8G       788M       3.1G       5.7M        58M       319M

MemTotal:        4016004 kB
MemFree:         3208408 kB
Active:           449620 kB
Mem:          3.8G       788M       3.1G       5.7M        58M       319M

MemTotal:        4016004 kB
MemFree:         3208656 kB
Active:           449572 kB
Mem:          3.8G       788M       3.1G       5.7M        58M       319M

MemTotal:        4016004 kB
MemFree:         3208656 kB
Active:           449600 kB
Mem:          3.8G       788M       3.1G       5.7M        58M       319M

MemTotal:        4016004 kB
MemFree:         3208532 kB
Active:           449620 kB
Mem:          3.8G       788M       3.1G       5.7M        58M       319M

MemTotal:        4016004 kB
MemFree:         3208532 kB
Active:           449588 kB
Mem:          3.8G       788M       3.1G       5.7M        58M       319M

MemTotal:        4016004 kB
MemFree:         3208408 kB
Active:           449604 kB
Mem:          3.8G       788M       3.1G       5.7M        58M       319M

MemTotal:        4016004 kB
MemFree:         3208408 kB
Active:           449636 kB
Mem:          3.8G       788M       3.1G       5.7M        58M       319M

MemTotal:        4016004 kB
MemFree:         3208656 kB
Active:           449632 kB
Mem:          3.8G       788M       3.1G       5.7M        58M       319M

MemTotal:        4016004 kB
MemFree:         3208532 kB
Active:           449588 kB
Mem:          3.8G       788M       3.1G       5.7M        58M       319M

MemTotal:        4016004 kB
MemFree:         3208656 kB
Active:           449616 kB
Mem:          3.8G       788M       3.1G       5.7M        58M       319M

MemTotal:        4016004 kB
MemFree:         3208532 kB
Active:           449596 kB
Mem:          3.8G       788M       3.1G       5.7M        58M       319M

MemTotal:        4016004 kB
MemFree:         3208500 kB
Active:           449644 kB
Mem:          3.8G       788M       3.1G       5.7M        58M       319M

MemTotal:        4016004 kB
MemFree:         3208500 kB
Active:           449652 kB
Mem:          3.8G       788M       3.1G       5.7M        58M       319M

MemTotal:        4016004 kB
MemFree:         3208484 kB
Active:           449640 kB
Mem:          3.8G       788M       3.1G       5.7M        58M       319M

MemTotal:        4016004 kB
MemFree:         3208500 kB
Active:           449664 kB
Mem:          3.8G       788M       3.1G       5.7M        58M       319M

MemTotal:        4016004 kB
MemFree:         3208360 kB
Active:           449644 kB
Mem:          3.8G       788M       3.1G       5.7M        58M       319M

MemTotal:        4016004 kB
MemFree:         3208360 kB
Active:           449692 kB
Mem:          3.8G       788M       3.1G       5.7M        58M       319M

MemTotal:        4016004 kB
MemFree:         3208980 kB
Active:           449692 kB
Mem:          3.8G       788M       3.1G       5.7M        58M       319M

MemTotal:        4016004 kB
MemFree:         3208360 kB
Active:           449720 kB
Mem:          3.8G       788M       3.1G       5.7M        58M       319M

MemTotal:        4016004 kB
MemFree:         3207988 kB
Active:           449720 kB
Mem:          3.8G       788M       3.1G       5.7M        58M       319M

MemTotal:        4016004 kB
MemFree:         3208484 kB
Active:           449716 kB
Mem:          3.8G       788M       3.1G       5.7M        58M       319M

MemTotal:        4016004 kB
MemFree:         3208484 kB
Active:           449720 kB
Mem:          3.8G       788M       3.1G       5.7M        58M       319M

MemTotal:        4016004 kB
MemFree:         3208484 kB
Active:           449688 kB
Mem:          3.8G       788M       3.1G       5.7M        58M       319M

MemTotal:        4016004 kB
MemFree:         3208980 kB
Active:           449704 kB
Mem:          3.8G       788M       3.1G       5.7M        58M       319M

MemTotal:        4016004 kB
MemFree:         3208980 kB
Active:           449728 kB
Mem:          3.8G       788M       3.1G       5.7M        58M       319M

MemTotal:        4016004 kB
MemFree:         3208980 kB
Active:           449712 kB
Mem:          3.8G       788M       3.1G       5.7M        58M       319M

MemTotal:        4016004 kB
MemFree:         3208856 kB
Active:           449728 kB
Mem:          3.8G       788M       3.1G       5.7M        58M       319M

MemTotal:        4016004 kB
MemFree:         3208856 kB
Active:           449712 kB
Mem:          3.8G       788M       3.1G       5.7M        58M       319M

MemTotal:        4016004 kB
MemFree:         3208856 kB
Active:           449728 kB
Mem:          3.8G       788M       3.1G       5.7M        58M       319M

MemTotal:        4016004 kB
MemFree:         3208980 kB
Active:           449700 kB
Mem:          3.8G       788M       3.1G       5.7M        58M       319M

MemTotal:        4016004 kB
MemFree:         3208964 kB
Active:           449724 kB
Mem:          3.8G       788M       3.1G       5.7M        58M       319M

MemTotal:        4016004 kB
MemFree:         3208500 kB
Active:           449692 kB
Mem:          3.8G       788M       3.1G       5.7M        58M       319M

MemTotal:        4016004 kB
MemFree:         3208376 kB
Active:           449708 kB
Mem:          3.8G       788M       3.1G       5.7M        58M       319M

MemTotal:        4016004 kB
MemFree:         3208252 kB
Active:           449728 kB
Mem:          3.8G       788M       3.1G       5.7M        58M       319M

MemTotal:        4016004 kB
MemFree:         3208624 kB
Active:           449728 kB
Mem:          3.8G       788M       3.1G       5.7M        58M       319M

MemTotal:        4016004 kB
MemFree:         3208764 kB
Active:           449676 kB
Mem:          3.8G       788M       3.1G       5.7M        58M       319M

MemTotal:        4016004 kB
MemFree:         3208268 kB
Active:           449732 kB
Mem:          3.8G       788M       3.1G       5.7M        59M       319M

MemTotal:        4016004 kB
MemFree:         3209280 kB
Active:           449440 kB
Mem:          3.8G       787M       3.1G       5.7M        59M       319M

MemTotal:        4016004 kB
MemFree:         3209156 kB
Active:           449432 kB
Mem:          3.8G       787M       3.1G       5.7M        59M       319M

MemTotal:        4016004 kB
MemFree:         3209404 kB
Active:           449388 kB
Mem:          3.8G       787M       3.1G       5.7M        59M       319M

MemTotal:        4016004 kB
MemFree:         3209032 kB
Active:           449440 kB
Mem:          3.8G       787M       3.1G       5.7M        59M       319M

MemTotal:        4016004 kB
MemFree:         3209652 kB
Active:           449436 kB
Mem:          3.8G       787M       3.1G       5.7M        59M       319M

MemTotal:        4016004 kB
MemFree:         3209900 kB
Active:           449424 kB
Mem:          3.8G       787M       3.1G       5.7M        59M       319M

MemTotal:        4016004 kB
MemFree:         3209528 kB
Active:           449428 kB
Mem:          3.8G       787M       3.1G       5.7M        59M       319M

MemTotal:        4016004 kB
MemFree:         3209156 kB
Active:           449448 kB
Mem:          3.8G       787M       3.1G       5.7M        59M       319M

MemTotal:        4016004 kB
MemFree:         3209528 kB
Active:           449448 kB
Mem:          3.8G       787M       3.1G       5.7M        59M       319M

MemTotal:        4016004 kB
MemFree:         3209404 kB
Active:           449432 kB
Mem:          3.8G       787M       3.1G       5.7M        59M       319M

MemTotal:        4016004 kB
MemFree:         3209776 kB
Active:           449436 kB
Mem:          3.8G       787M       3.1G       5.7M        59M       319M

MemTotal:        4016004 kB
MemFree:         3209900 kB
Active:           449436 kB
Mem:          3.8G       787M       3.1G       5.7M        59M       319M

MemTotal:        4016004 kB
MemFree:         3209776 kB
Active:           449396 kB
Mem:          3.8G       787M       3.1G       5.7M        59M       319M

MemTotal:        4016004 kB
MemFree:         3209900 kB
Active:           449400 kB
Mem:          3.8G       787M       3.1G       5.7M        59M       319M

MemTotal:        4016004 kB
MemFree:         3209652 kB
Active:           449452 kB
Mem:          3.8G       787M       3.1G       5.7M        59M       319M

MemTotal:        4016004 kB
MemFree:         3210024 kB
Active:           449412 kB
Mem:          3.8G       787M       3.1G       5.7M        59M       319M

MemTotal:        4016004 kB
MemFree:         3209900 kB
Active:           449424 kB
Mem:          3.8G       787M       3.1G       5.7M        59M       319M

MemTotal:        4016004 kB
MemFree:         3209900 kB
Active:           449428 kB
Mem:          3.8G       787M       3.1G       5.7M        59M       319M

MemTotal:        4016004 kB
MemFree:         3210024 kB
Active:           449424 kB
Mem:          3.8G       787M       3.1G       5.7M        59M       319M

MemTotal:        4016004 kB
MemFree:         3209900 kB
Active:           449428 kB
Mem:          3.8G       787M       3.1G       5.7M        59M       319M

MemTotal:        4016004 kB
MemFree:         3210024 kB
Active:           449428 kB
Mem:          3.8G       787M       3.1G       5.7M        59M       319M

MemTotal:        4016004 kB
MemFree:         3209528 kB
Active:           449464 kB
Mem:          3.8G       787M       3.1G       5.7M        59M       319M

MemTotal:        4016004 kB
MemFree:         3209900 kB
Active:           449448 kB
Mem:          3.8G       787M       3.1G       5.7M        59M       319M

MemTotal:        4016004 kB
MemFree:         3210024 kB
Active:           449444 kB
Mem:          3.8G       787M       3.1G       5.7M        59M       319M

MemTotal:        4016004 kB
MemFree:         3209900 kB
Active:           449460 kB
Mem:          3.8G       787M       3.1G       5.7M        59M       319M

MemTotal:        4016004 kB
MemFree:         3209900 kB
Active:           449428 kB
Mem:          3.8G       787M       3.1G       5.7M        59M       319M

MemTotal:        4016004 kB
MemFree:         3209404 kB
Active:           449448 kB
Mem:          3.8G       787M       3.1G       5.7M        59M       319M

MemTotal:        4016004 kB
MemFree:         3209404 kB
Active:           449428 kB
Mem:          3.8G       787M       3.1G       5.7M        59M       319M

MemTotal:        4016004 kB
MemFree:         3209776 kB
Active:           449476 kB
Mem:          3.8G       787M       3.1G       5.7M        59M       319M

MemTotal:        4016004 kB
MemFree:         3209776 kB
Active:           449456 kB
Mem:          3.8G       787M       3.1G       5.7M        59M       319M

MemTotal:        4016004 kB
MemFree:         3209404 kB
Active:           449488 kB
Mem:          3.8G       787M       3.1G       5.7M        59M       319M

MemTotal:        4016004 kB
MemFree:         3209900 kB
Active:           449448 kB
Mem:          3.8G       787M       3.1G       5.7M        59M       319M

MemTotal:        4016004 kB
MemFree:         3209900 kB
Active:           449472 kB
Mem:          3.8G       787M       3.1G       5.7M        59M       319M

MemTotal:        4016004 kB
MemFree:         3209776 kB
Active:           449492 kB
Mem:          3.8G       787M       3.1G       5.7M        59M       319M

MemTotal:        4016004 kB
MemFree:         3209404 kB
Active:           449468 kB
Mem:          3.8G       787M       3.1G       5.7M        59M       319M

MemTotal:        4016004 kB
MemFree:         3209528 kB
Active:           449468 kB
Mem:          3.8G       787M       3.1G       5.7M        59M       319M

MemTotal:        4016004 kB
MemFree:         3209528 kB
Active:           449476 kB
Mem:          3.8G       787M       3.1G       5.7M        59M       319M

MemTotal:        4016004 kB
MemFree:         3209404 kB
Active:           449504 kB
Mem:          3.8G       787M       3.1G       5.7M        59M       319M

MemTotal:        4016004 kB
MemFree:         3209652 kB
Active:           449500 kB
Mem:          3.8G       787M       3.1G       5.7M        59M       319M

MemTotal:        4016004 kB
MemFree:         3209528 kB
Active:           449468 kB
Mem:          3.8G       787M       3.1G       5.7M        59M       319M

MemTotal:        4016004 kB
MemFree:         3209652 kB
Active:           449492 kB
Mem:          3.8G       787M       3.1G       5.7M        59M       319M

MemTotal:        4016004 kB
MemFree:         3209156 kB
Active:           449516 kB
Mem:          3.8G       787M       3.1G       5.7M        59M       319M

MemTotal:        4016004 kB
MemFree:         3209776 kB
Active:           449512 kB
Mem:          3.8G       787M       3.1G       5.7M        59M       319M

MemTotal:        4016004 kB
MemFree:         3209760 kB
Active:           449496 kB
Mem:          3.8G       787M       3.1G       5.7M        59M       319M

MemTotal:        4016004 kB
MemFree:         3209776 kB
Active:           449460 kB
Mem:          3.8G       787M       3.1G       5.7M        59M       319M

MemTotal:        4016004 kB
MemFree:         3209776 kB
Active:           449476 kB
Mem:          3.8G       787M       3.1G       5.7M        59M       319M

MemTotal:        4016004 kB
MemFree:         3209776 kB
Active:           449504 kB
Mem:          3.8G       787M       3.1G       5.7M        59M       319M

MemTotal:        4016004 kB
MemFree:         3209280 kB
Active:           449520 kB
Mem:          3.8G       787M       3.1G       5.7M        59M       319M

MemTotal:        4016004 kB
MemFree:         3209280 kB
Active:           449524 kB
Mem:          3.8G       787M       3.1G       5.7M        59M       319M

MemTotal:        4016004 kB
MemFree:         3209900 kB
Active:           449472 kB
Mem:          3.8G       787M       3.1G       5.7M        59M       319M

MemTotal:        4016004 kB
MemFree:         3209776 kB
Active:           449480 kB
Mem:          3.8G       787M       3.1G       5.7M        59M       319M

MemTotal:        4016004 kB
MemFree:         3209280 kB
Active:           449480 kB
Mem:          3.8G       787M       3.1G       5.7M        59M       319M

MemTotal:        4016004 kB
MemFree:         3209388 kB
Active:           449516 kB
Mem:          3.8G       787M       3.1G       5.7M        59M       319M

MemTotal:        4016004 kB
MemFree:         3209496 kB
Active:           449512 kB
Mem:          3.8G       787M       3.1G       5.7M        59M       319M

MemTotal:        4016004 kB
MemFree:         3209372 kB
Active:           449512 kB
Mem:          3.8G       787M       3.1G       5.7M        59M       319M

MemTotal:        4016004 kB
MemFree:         3209496 kB
Active:           449496 kB
Mem:          3.8G       787M       3.1G       5.7M        59M       319M

MemTotal:        4016004 kB
MemFree:         3209496 kB
Active:           449520 kB
Mem:          3.8G       787M       3.1G       5.7M        59M       319M

MemTotal:        4016004 kB
MemFree:         3209496 kB
Active:           449508 kB
Mem:          3.8G       787M       3.1G       5.7M        59M       319M

MemTotal:        4016004 kB
MemFree:         3209372 kB
Active:           449476 kB
Mem:          3.8G       787M       3.1G       5.7M        59M       319M

MemTotal:        4016004 kB
MemFree:         3209620 kB
Active:           449472 kB
Mem:          3.8G       787M       3.1G       5.7M        59M       319M

MemTotal:        4016004 kB
MemFree:         3209372 kB
Active:           449520 kB
Mem:          3.8G       787M       3.1G       5.7M        59M       319M

MemTotal:        4016004 kB
MemFree:         3208876 kB
Active:           449540 kB
Mem:          3.8G       788M       3.1G       5.7M        59M       319M

MemTotal:        4016004 kB
MemFree:         3209000 kB
Active:           449544 kB
Mem:          3.8G       788M       3.1G       5.7M        59M       319M

MemTotal:        4016004 kB
MemFree:         3209372 kB
Active:           449540 kB
Mem:          3.8G       787M       3.1G       5.7M        59M       319M

MemTotal:        4016004 kB
MemFree:         3209372 kB
Active:           449536 kB
Mem:          3.8G       787M       3.1G       5.7M        59M       319M

MemTotal:        4016004 kB
MemFree:         3209248 kB
Active:           449512 kB
Mem:          3.8G       787M       3.1G       5.7M        59M       319M

MemTotal:        4016004 kB
MemFree:         3209124 kB
Active:           449548 kB
Mem:          3.8G       788M       3.1G       5.7M        59M       319M

MemTotal:        4016004 kB
MemFree:         3209140 kB
Active:           449544 kB
Mem:          3.8G       788M       3.1G       5.7M        59M       319M

MemTotal:        4016004 kB
MemFree:         3209512 kB
Active:           449504 kB
Mem:          3.8G       787M       3.1G       5.7M        59M       319M

MemTotal:        4016004 kB
MemFree:         3209280 kB
Active:           449564 kB
Mem:          3.8G       787M       3.1G       5.7M        59M       319M

MemTotal:        4016004 kB
MemFree:         3209280 kB
Active:           449540 kB
Mem:          3.8G       787M       3.1G       5.7M        59M       319M

MemTotal:        4016004 kB
MemFree:         3209280 kB
Active:           449544 kB
Mem:          3.8G       788M       3.1G       5.7M        59M       319M

MemTotal:        4016004 kB
MemFree:         3209404 kB
Active:           449508 kB
Mem:          3.8G       787M       3.1G       5.7M        59M       319M

MemTotal:        4016004 kB
MemFree:         3209280 kB
Active:           449552 kB
Mem:          3.8G       787M       3.1G       5.7M        59M       319M

MemTotal:        4016004 kB
MemFree:         3209032 kB
Active:           449564 kB
Mem:          3.8G       787M       3.1G       5.7M        59M       319M

MemTotal:        4016004 kB
MemFree:         3209900 kB
Active:           449564 kB
Mem:          3.8G       787M       3.1G       5.7M        59M       319M

MemTotal:        4016004 kB
MemFree:         3209776 kB
Active:           449568 kB
Mem:          3.8G       787M       3.1G       5.7M        59M       319M

MemTotal:        4016004 kB
MemFree:         3209636 kB
Active:           449544 kB
Mem:          3.8G       787M       3.1G       5.7M        59M       319M

MemTotal:        4016004 kB
MemFree:         3209388 kB
Active:           449572 kB
Mem:          3.8G       787M       3.1G       5.7M        59M       319M

MemTotal:        4016004 kB
MemFree:         3209388 kB
Active:           449540 kB
Mem:          3.8G       787M       3.1G       5.7M        59M       319M

MemTotal:        4016004 kB
MemFree:         3209512 kB
Active:           449540 kB
Mem:          3.8G       787M       3.1G       5.7M        59M       319M

MemTotal:        4016004 kB
MemFree:         3209512 kB
Active:           449548 kB
Mem:          3.8G       787M       3.1G       5.7M        59M       319M

MemTotal:        4016004 kB
MemFree:         3209496 kB
Active:           449556 kB
Mem:          3.8G       787M       3.1G       5.7M        59M       319M

MemTotal:        4016004 kB
MemFree:         3209992 kB
Active:           449528 kB
Mem:          3.8G       787M       3.1G       5.7M        59M       319M

MemTotal:        4016004 kB
MemFree:         3209992 kB
Active:           449568 kB
Mem:          3.8G       787M       3.1G       5.7M        59M       319M

MemTotal:        4016004 kB
MemFree:         3209620 kB
Active:           449568 kB
Mem:          3.8G       787M       3.1G       5.7M        59M       319M

MemTotal:        4016004 kB
MemFree:         3210240 kB
Active:           449572 kB
Mem:          3.8G       787M       3.1G       5.7M        59M       319M

MemTotal:        4016004 kB
MemFree:         3210116 kB
Active:           449572 kB
Mem:          3.8G       786M       3.1G       5.7M        59M       319M

MemTotal:        4016004 kB
MemFree:         3209504 kB
Active:           449536 kB
Mem:          3.8G       787M       3.1G       5.7M        59M       319M

MemTotal:        4016004 kB
MemFree:         3209504 kB
Active:           449544 kB
Mem:          3.8G       787M       3.1G       5.7M        59M       319M

MemTotal:        4016004 kB
MemFree:         3209876 kB
Active:           449548 kB
Mem:          3.8G       787M       3.1G       5.7M        59M       319M

MemTotal:        4016004 kB
MemFree:         3210388 kB
Active:           449560 kB
Mem:          3.8G       786M       3.1G       5.7M        59M       319M

MemTotal:        4016004 kB
MemFree:         3210016 kB
Active:           449600 kB
Mem:          3.8G       787M       3.1G       5.7M        59M       319M

MemTotal:        4016004 kB
MemFree:         3210016 kB
Active:           449592 kB
Mem:          3.8G       787M       3.1G       5.7M        59M       319M

MemTotal:        4016004 kB
MemFree:         3210016 kB
Active:           449552 kB
Mem:          3.8G       787M       3.1G       5.7M        59M       319M

MemTotal:        4016004 kB
MemFree:         3209412 kB
Active:           449556 kB
Mem:          3.8G       788M       3.1G       5.7M        59M       319M

MemTotal:        4016004 kB
MemFree:         3209412 kB
Active:           449576 kB
Mem:          3.8G       787M       3.1G       5.7M        59M       319M

MemTotal:        4016004 kB
MemFree:         3209660 kB
Active:           449596 kB
Mem:          3.8G       787M       3.1G       5.7M        59M       319M

MemTotal:        4016004 kB
MemFree:         3209660 kB
Active:           449580 kB
Mem:          3.8G       787M       3.1G       5.7M        59M       319M

MemTotal:        4016004 kB
MemFree:         3209784 kB
Active:           449592 kB
Mem:          3.8G       787M       3.1G       5.7M        59M       319M

MemTotal:        4016004 kB
MemFree:         3209412 kB
Active:           449612 kB
Mem:          3.8G       787M       3.1G       5.7M        59M       319M

MemTotal:        4016004 kB
MemFree:         3209164 kB
Active:           449612 kB
Mem:          3.8G       787M       3.1G       5.7M        59M       319M

MemTotal:        4016004 kB
MemFree:         3209660 kB
Active:           449596 kB
Mem:          3.8G       787M       3.1G       5.7M        59M       319M

MemTotal:        4016004 kB
MemFree:         3209536 kB
Active:           449564 kB
Mem:          3.8G       787M       3.1G       5.7M        59M       319M

MemTotal:        4016004 kB
MemFree:         3209536 kB
Active:           449564 kB
Mem:          3.8G       787M       3.1G       5.7M        59M       319M

MemTotal:        4016004 kB
MemFree:         3209164 kB
Active:           449620 kB
Mem:          3.8G       787M       3.1G       5.7M        59M       319M

MemTotal:        4016004 kB
MemFree:         3209660 kB
Active:           449616 kB
Mem:          3.8G       787M       3.1G       5.7M        59M       319M

MemTotal:        4016004 kB
MemFree:         3209660 kB
Active:           449584 kB
Mem:          3.8G       787M       3.1G       5.7M        59M       319M

MemTotal:        4016004 kB
MemFree:         3209412 kB
Active:           449620 kB
Mem:          3.8G       787M       3.1G       5.7M        59M       319M

MemTotal:        4016004 kB
MemFree:         3209380 kB
Active:           449620 kB
Mem:          3.8G       787M       3.1G       5.7M        59M       319M

MemTotal:        4016004 kB
MemFree:         3209892 kB
Active:           449616 kB
Mem:          3.8G       787M       3.1G       5.7M        59M       319M

MemTotal:        4016004 kB
MemFree:         3209660 kB
Active:           449616 kB
Mem:          3.8G       787M       3.1G       5.7M        59M       319M

MemTotal:        4016004 kB
MemFree:         3210404 kB
Active:           449580 kB
Mem:          3.8G       786M       3.1G       5.7M        59M       319M

MemTotal:        4016004 kB
MemFree:         3210404 kB
Active:           449576 kB
Mem:          3.8G       786M       3.1G       5.7M        59M       319M

MemTotal:        4016004 kB
MemFree:         3210404 kB
Active:           449580 kB
Mem:          3.8G       786M       3.1G       5.7M        59M       319M

MemTotal:        4016004 kB
MemFree:         3210032 kB
Active:           449624 kB
Mem:          3.8G       787M       3.1G       5.7M        59M       319M

MemTotal:        4016004 kB
MemFree:         3209660 kB
Active:           449600 kB
Mem:          3.8G       787M       3.1G       5.7M        59M       319M

MemTotal:        4016004 kB
MemFree:         3209536 kB
Active:           449580 kB
Mem:          3.8G       787M       3.1G       5.7M        59M       319M

MemTotal:        4016004 kB
MemFree:         3209412 kB
Active:           449600 kB
Mem:          3.8G       787M       3.1G       5.7M        59M       319M

MemTotal:        4016004 kB
MemFree:         3208792 kB
Active:           449640 kB
Mem:          3.8G       788M       3.1G       5.7M        59M       319M

MemTotal:        4016004 kB
MemFree:         3209164 kB
Active:           449628 kB
Mem:          3.8G       788M       3.1G       5.7M        59M       319M

MemTotal:        4016004 kB
MemFree:         3208884 kB
Active:           449604 kB
Mem:          3.8G       788M       3.1G       5.7M        59M       319M

MemTotal:        4016004 kB
MemFree:         3208388 kB
Active:           449644 kB
Mem:          3.8G       788M       3.1G       5.7M        59M       319M

MemTotal:        4016004 kB
MemFree:         3208388 kB
Active:           449652 kB
Mem:          3.8G       788M       3.1G       5.7M        59M       319M

MemTotal:        4016004 kB
MemFree:         3208884 kB
Active:           449636 kB
Mem:          3.8G       788M       3.1G       5.7M        59M       319M

MemTotal:        4016004 kB
MemFree:         3209256 kB
Active:           449660 kB
Mem:          3.8G       787M       3.1G       5.7M        59M       319M

MemTotal:        4016004 kB
MemFree:         3209132 kB
Active:           449660 kB
Mem:          3.8G       787M       3.1G       5.7M        59M       319M

MemTotal:        4016004 kB
MemFree:         3209132 kB
Active:           449616 kB
Mem:          3.8G       787M       3.1G       5.7M        59M       319M

MemTotal:        4016004 kB
MemFree:         3209256 kB
Active:           449628 kB
Mem:          3.8G       788M       3.1G       5.7M        59M       319M

MemTotal:        4016004 kB
MemFree:         3209008 kB
Active:           449660 kB
Mem:          3.8G       788M       3.1G       5.7M        59M       319M

MemTotal:        4016004 kB
MemFree:         3209256 kB
Active:           449656 kB
Mem:          3.8G       787M       3.1G       5.7M        59M       319M

MemTotal:        4016004 kB
MemFree:         3209256 kB
Active:           449648 kB
Mem:          3.8G       788M       3.1G       5.7M        59M       319M

MemTotal:        4016004 kB
MemFree:         3209132 kB
Active:           449640 kB
Mem:          3.8G       787M       3.1G       5.7M        59M       319M

MemTotal:        4016004 kB
MemFree:         3209256 kB
Active:           449668 kB
Mem:          3.8G       787M       3.1G       5.7M        59M       319M

MemTotal:        4016004 kB
MemFree:         3209256 kB
Active:           449664 kB
Mem:          3.8G       788M       3.1G       5.7M        59M       319M

MemTotal:        4016004 kB
MemFree:         3208636 kB
Active:           449676 kB
Mem:          3.8G       788M       3.1G       5.7M        59M       319M

MemTotal:        4016004 kB
MemFree:         3209132 kB
Active:           449636 kB
Mem:          3.8G       787M       3.1G       5.7M        59M       319M

MemTotal:        4016004 kB
MemFree:         3209272 kB
Active:           449640 kB
Mem:          3.8G       787M       3.1G       5.7M        59M       319M

MemTotal:        4016004 kB
MemFree:         3209148 kB
Active:           449664 kB
Mem:          3.8G       787M       3.1G       5.7M        59M       319M

MemTotal:        4016004 kB
MemFree:         3209024 kB
Active:           449636 kB
Mem:          3.8G       787M       3.1G       5.7M        59M       319M

MemTotal:        4016004 kB
MemFree:         3209272 kB
Active:           449640 kB
Mem:          3.8G       787M       3.1G       5.7M        59M       319M

MemTotal:        4016004 kB
MemFree:         3209272 kB
Active:           449656 kB
Mem:          3.8G       787M       3.1G       5.7M        59M       319M

MemTotal:        4016004 kB
MemFree:         3209396 kB
Active:           449668 kB
Mem:          3.8G       787M       3.1G       5.7M        59M       319M

MemTotal:        4016004 kB
MemFree:         3210016 kB
Active:           449688 kB
