MemTotal:        4016004 kB
MemFree:         3208368 kB
Active:           451960 kB
Mem:          3.8G       788M       3.1G       5.7M        56M       328M

MemTotal:        4016004 kB
MemFree:         3208636 kB
Active:           451624 kB
Mem:          3.8G       788M       3.1G       5.7M        56M       328M

MemTotal:        4016004 kB
MemFree:         3208992 kB
Active:           451696 kB
Mem:          3.8G       788M       3.1G       5.7M        56M       328M

MemTotal:        4016004 kB
MemFree:         3209300 kB
Active:           449636 kB
Mem:          3.8G       787M       3.1G       5.7M        56M       328M

MemTotal:        4016004 kB
MemFree:         3209036 kB
Active:           451648 kB
Mem:          3.8G       788M       3.1G       5.7M        56M       328M

MemTotal:        4016004 kB
MemFree:         3209144 kB
Active:           451672 kB
Mem:          3.8G       787M       3.1G       5.7M        56M       328M

MemTotal:        4016004 kB
MemFree:         3209128 kB
Active:           451692 kB
Mem:          3.8G       787M       3.1G       5.7M        56M       328M

MemTotal:        4016004 kB
MemFree:         3209236 kB
Active:           451652 kB
Mem:          3.8G       788M       3.1G       5.7M        56M       328M

MemTotal:        4016004 kB
MemFree:         3209112 kB
Active:           451676 kB
Mem:          3.8G       787M       3.1G       5.7M        56M       328M

MemTotal:        4016004 kB
MemFree:         3208864 kB
Active:           451704 kB
Mem:          3.8G       787M       3.1G       5.7M        56M       328M

MemTotal:        4016004 kB
MemFree:         3209236 kB
Active:           451648 kB
Mem:          3.8G       787M       3.1G       5.7M        56M       328M

MemTotal:        4016004 kB
MemFree:         3209236 kB
Active:           451672 kB
Mem:          3.8G       787M       3.1G       5.7M        56M       328M

MemTotal:        4016004 kB
MemFree:         3209360 kB
Active:           451684 kB
Mem:          3.8G       788M       3.1G       5.7M        56M       328M

MemTotal:        4016004 kB
MemFree:         3208492 kB
Active:           451704 kB
Mem:          3.8G       788M       3.1G       5.7M        56M       328M

MemTotal:        4016004 kB
MemFree:         3208896 kB
Active:           451708 kB
Mem:          3.8G       788M       3.1G       5.7M        56M       328M

MemTotal:        4016004 kB
MemFree:         3208648 kB
Active:           451668 kB
Mem:          3.8G       788M       3.1G       5.7M        56M       328M

MemTotal:        4016004 kB
MemFree:         3208524 kB
Active:           451708 kB
Mem:          3.8G       788M       3.1G       5.7M        56M       328M

MemTotal:        4016004 kB
MemFree:         3209160 kB
Active:           451688 kB
Mem:          3.8G       788M       3.1G       5.7M        56M       328M

MemTotal:        4016004 kB
MemFree:         3209160 kB
Active:           451652 kB
Mem:          3.8G       787M       3.1G       5.7M        56M       328M

MemTotal:        4016004 kB
MemFree:         3209020 kB
Active:           451692 kB
Mem:          3.8G       788M       3.1G       5.7M        56M       328M

MemTotal:        4016004 kB
MemFree:         3208880 kB
Active:           451652 kB
Mem:          3.8G       788M       3.1G       5.7M        56M       328M

MemTotal:        4016004 kB
MemFree:         3209036 kB
Active:           451660 kB
Mem:          3.8G       788M       3.1G       5.7M        56M       328M

MemTotal:        4016004 kB
MemFree:         3209036 kB
Active:           451688 kB
Mem:          3.8G       788M       3.1G       5.7M        56M       328M

MemTotal:        4016004 kB
MemFree:         3209160 kB
Active:           451716 kB
Mem:          3.8G       788M       3.1G       5.7M        56M       328M

MemTotal:        4016004 kB
MemFree:         3209036 kB
Active:           451672 kB
Mem:          3.8G       788M       3.1G       5.7M        56M       328M

MemTotal:        4016004 kB
MemFree:         3209036 kB
Active:           451712 kB
Mem:          3.8G       788M       3.1G       5.7M        56M       328M

MemTotal:        4016004 kB
MemFree:         3208912 kB
Active:           451704 kB
Mem:          3.8G       788M       3.1G       5.7M        56M       328M

MemTotal:        4016004 kB
MemFree:         3208912 kB
Active:           451716 kB
Mem:          3.8G       788M       3.1G       5.7M        56M       328M

MemTotal:        4016004 kB
MemFree:         3208912 kB
Active:           451676 kB
Mem:          3.8G       788M       3.1G       5.7M        56M       328M

MemTotal:        4016004 kB
MemFree:         3208788 kB
Active:           451732 kB
Mem:          3.8G       788M       3.1G       5.7M        56M       328M

MemTotal:        4016004 kB
MemFree:         3209036 kB
Active:           451712 kB
Mem:          3.8G       788M       3.1G       5.7M        56M       328M

MemTotal:        4016004 kB
MemFree:         3209268 kB
Active:           451692 kB
Mem:          3.8G       787M       3.1G       5.7M        56M       328M

MemTotal:        4016004 kB
MemFree:         3208756 kB
Active:           451732 kB
Mem:          3.8G       788M       3.1G       5.7M        56M       328M

MemTotal:        4016004 kB
MemFree:         3206832 kB
Active:           451708 kB
Mem:          3.8G       790M       3.1G       5.7M        56M       328M

MemTotal:        4016004 kB
MemFree:         3206956 kB
Active:           451696 kB
Mem:          3.8G       790M       3.1G       5.7M        56M       328M

MemTotal:        4016004 kB
MemFree:         3206680 kB
Active:           453764 kB
Mem:          3.8G       790M       3.1G       5.7M        56M       328M

MemTotal:        4016004 kB
MemFree:         3206680 kB
Active:           453744 kB
Mem:          3.8G       790M       3.1G       5.7M        56M       328M

MemTotal:        4016004 kB
MemFree:         3206680 kB
Active:           453764 kB
Mem:          3.8G       790M       3.1G       5.7M        56M       328M

MemTotal:        4016004 kB
MemFree:         3206804 kB
Active:           453716 kB
Mem:          3.8G       790M       3.1G       5.7M        56M       328M

MemTotal:        4016004 kB
MemFree:         3206556 kB
Active:           453768 kB
Mem:          3.8G       790M       3.1G       5.7M        56M       328M

MemTotal:        4016004 kB
MemFree:         3206928 kB
Active:           453744 kB
Mem:          3.8G       790M       3.1G       5.7M        56M       328M

MemTotal:        4016004 kB
MemFree:         3206804 kB
Active:           453776 kB
Mem:          3.8G       790M       3.1G       5.7M        56M       328M

MemTotal:        4016004 kB
MemFree:         3206556 kB
Active:           453788 kB
Mem:          3.8G       790M       3.1G       5.7M        56M       328M

MemTotal:        4016004 kB
MemFree:         3206548 kB
Active:           451740 kB
Mem:          3.8G       790M       3.1G       5.7M        56M       328M

MemTotal:        4016004 kB
MemFree:         3206160 kB
Active:           453788 kB
Mem:          3.8G       790M       3.1G       5.7M        56M       328M

MemTotal:        4016004 kB
MemFree:         3206268 kB
Active:           453788 kB
Mem:          3.8G       790M       3.1G       5.7M        56M       328M

MemTotal:        4016004 kB
MemFree:         3206252 kB
Active:           453752 kB
Mem:          3.8G       790M       3.1G       5.7M        56M       328M

MemTotal:        4016004 kB
MemFree:         3206624 kB
Active:           453756 kB
Mem:          3.8G       790M       3.1G       5.7M        56M       328M

MemTotal:        4016004 kB
MemFree:         3206764 kB
Active:           453764 kB
Mem:          3.8G       790M       3.1G       5.7M        56M       328M

MemTotal:        4016004 kB
MemFree:         3206516 kB
Active:           453800 kB
Mem:          3.8G       790M       3.1G       5.7M        56M       328M

MemTotal:        4016004 kB
MemFree:         3206640 kB
Active:           453768 kB
Mem:          3.8G       790M       3.1G       5.7M        56M       328M

MemTotal:        4016004 kB
MemFree:         3206640 kB
Active:           453760 kB
Mem:          3.8G       790M       3.1G       5.7M        56M       328M

MemTotal:        4016004 kB
MemFree:         3206516 kB
Active:           453816 kB
Mem:          3.8G       790M       3.1G       5.7M        56M       328M

MemTotal:        4016004 kB
MemFree:         3206512 kB
Active:           451768 kB
Mem:          3.8G       790M       3.1G       5.7M        56M       328M

MemTotal:        4016004 kB
MemFree:         3206760 kB
Active:           453784 kB
Mem:          3.8G       790M       3.1G       5.7M        56M       328M

MemTotal:        4016004 kB
MemFree:         3207008 kB
Active:           453804 kB
Mem:          3.8G       789M       3.1G       5.7M        56M       328M

MemTotal:        4016004 kB
MemFree:         3207380 kB
Active:           453792 kB
Mem:          3.8G       789M       3.1G       5.7M        56M       328M

MemTotal:        4016004 kB
MemFree:         3207008 kB
Active:           453828 kB
Mem:          3.8G       790M       3.1G       5.7M        56M       328M

MemTotal:        4016004 kB
MemFree:         3207132 kB
Active:           453828 kB
Mem:          3.8G       790M       3.1G       5.7M        56M       328M

MemTotal:        4016004 kB
MemFree:         3207132 kB
Active:           453824 kB
Mem:          3.8G       789M       3.1G       5.7M        56M       328M

MemTotal:        4016004 kB
MemFree:         3207380 kB
Active:           453784 kB
Mem:          3.8G       789M       3.1G       5.7M        56M       328M

MemTotal:        4016004 kB
MemFree:         3207256 kB
Active:           453800 kB
Mem:          3.8G       789M       3.1G       5.7M        56M       328M

MemTotal:        4016004 kB
MemFree:         3207240 kB
Active:           453780 kB
Mem:          3.8G       789M       3.1G       5.7M        56M       328M

MemTotal:        4016004 kB
MemFree:         3207364 kB
Active:           453784 kB
Mem:          3.8G       789M       3.1G       5.7M        56M       328M

MemTotal:        4016004 kB
MemFree:         3207348 kB
Active:           453796 kB
Mem:          3.8G       789M       3.1G       5.7M        56M       328M

MemTotal:        4016004 kB
MemFree:         3207084 kB
Active:           453800 kB
Mem:          3.8G       789M       3.1G       5.7M        56M       328M

MemTotal:        4016004 kB
MemFree:         3207316 kB
Active:           453800 kB
Mem:          3.8G       789M       3.1G       5.7M        56M       328M

MemTotal:        4016004 kB
MemFree:         3206944 kB
Active:           453836 kB
Mem:          3.8G       789M       3.1G       5.7M        56M       328M

MemTotal:        4016004 kB
MemFree:         3206820 kB
Active:           453832 kB
Mem:          3.8G       790M       3.1G       5.7M        56M       328M

MemTotal:        4016004 kB
MemFree:         3206944 kB
Active:           453816 kB
Mem:          3.8G       790M       3.1G       5.7M        56M       328M

MemTotal:        4016004 kB
MemFree:         3206944 kB
Active:           453812 kB
Mem:          3.8G       790M       3.1G       5.7M        56M       328M

MemTotal:        4016004 kB
MemFree:         3206324 kB
Active:           453800 kB
Mem:          3.8G       790M       3.1G       5.7M        56M       328M

MemTotal:        4016004 kB
MemFree:         3206324 kB
Active:           453840 kB
Mem:          3.8G       790M       3.1G       5.7M        56M       328M

MemTotal:        4016004 kB
MemFree:         3204400 kB
Active:           453792 kB
Mem:          3.8G       792M       3.1G       5.7M        56M       328M

MemTotal:        4016004 kB
MemFree:         3204028 kB
Active:           453816 kB
Mem:          3.8G       792M       3.1G       5.7M        56M       328M

MemTotal:        4016004 kB
MemFree:         3204276 kB
Active:           455860 kB
Mem:          3.8G       792M       3.1G       5.7M        56M       328M

MemTotal:        4016004 kB
MemFree:         3204400 kB
Active:           455828 kB
Mem:          3.8G       792M       3.1G       5.7M        56M       328M

MemTotal:        4016004 kB
MemFree:         3204400 kB
Active:           455872 kB
Mem:          3.8G       792M       3.1G       5.7M        56M       328M

MemTotal:        4016004 kB
MemFree:         3204524 kB
Active:           455872 kB
Mem:          3.8G       792M       3.1G       5.7M        56M       328M

MemTotal:        4016004 kB
MemFree:         3205020 kB
Active:           455828 kB
Mem:          3.8G       792M       3.1G       5.7M        56M       328M

MemTotal:        4016004 kB
MemFree:         3205020 kB
Active:           455844 kB
Mem:          3.8G       791M       3.1G       5.7M        56M       328M

MemTotal:        4016004 kB
MemFree:         3205020 kB
Active:           455840 kB
Mem:          3.8G       791M       3.1G       5.7M        56M       328M

MemTotal:        4016004 kB
MemFree:         3205020 kB
Active:           455840 kB
Mem:          3.8G       791M       3.1G       5.7M        56M       328M

MemTotal:        4016004 kB
MemFree:         3205144 kB
Active:           455832 kB
Mem:          3.8G       791M       3.1G       5.7M        56M       328M

MemTotal:        4016004 kB
MemFree:         3204896 kB
Active:           455884 kB
Mem:          3.8G       792M       3.1G       5.7M        56M       328M

MemTotal:        4016004 kB
MemFree:         3205144 kB
Active:           455840 kB
Mem:          3.8G       792M       3.1G       5.7M        56M       328M

MemTotal:        4016004 kB
MemFree:         3204772 kB
Active:           455864 kB
Mem:          3.8G       792M       3.1G       5.7M        56M       328M

MemTotal:        4016004 kB
MemFree:         3204880 kB
Active:           455876 kB
Mem:          3.8G       792M       3.1G       5.7M        56M       328M

MemTotal:        4016004 kB
MemFree:         3204740 kB
Active:           455844 kB
Mem:          3.8G       792M       3.1G       5.7M        56M       328M

MemTotal:        4016004 kB
MemFree:         3204740 kB
Active:           455864 kB
Mem:          3.8G       792M       3.1G       5.7M        56M       328M

MemTotal:        4016004 kB
MemFree:         3205096 kB
Active:           455852 kB
Mem:          3.8G       792M       3.1G       5.7M        56M       328M

MemTotal:        4016004 kB
MemFree:         3205096 kB
Active:           455892 kB
Mem:          3.8G       792M       3.1G       5.7M        56M       328M

MemTotal:        4016004 kB
MemFree:         3205096 kB
Active:           455872 kB
Mem:          3.8G       791M       3.1G       5.7M        56M       328M

MemTotal:        4016004 kB
MemFree:         3204832 kB
Active:           455868 kB
Mem:          3.8G       791M       3.1G       5.7M        56M       328M

MemTotal:        4016004 kB
MemFree:         3205188 kB
Active:           455888 kB
Mem:          3.8G       792M       3.1G       5.7M        56M       328M

MemTotal:        4016004 kB
MemFree:         3205144 kB
Active:           455872 kB
Mem:          3.8G       791M       3.1G       5.7M        56M       328M

MemTotal:        4016004 kB
MemFree:         3204772 kB
Active:           455876 kB
Mem:          3.8G       792M       3.1G       5.7M        56M       328M

MemTotal:        4016004 kB
MemFree:         3204524 kB
Active:           455868 kB
Mem:          3.8G       792M       3.1G       5.7M        56M       328M

MemTotal:        4016004 kB
MemFree:         3204648 kB
Active:           455868 kB
Mem:          3.8G       792M       3.1G       5.7M        56M       328M

MemTotal:        4016004 kB
MemFree:         3204276 kB
Active:           455912 kB
Mem:          3.8G       792M       3.1G       5.7M        56M       328M

MemTotal:        4016004 kB
MemFree:         3204244 kB
Active:           455896 kB
Mem:          3.8G       792M       3.1G       5.7M        56M       328M

MemTotal:        4016004 kB
MemFree:         3162416 kB
Active:           456632 kB
Mem:          3.8G       834M       3.0G       5.7M        56M       369M

MemTotal:        4016004 kB
MemFree:         3117292 kB
Active:           456720 kB
Mem:          3.8G       878M       3.0G       5.7M        56M       412M

MemTotal:        4016004 kB
MemFree:         3072616 kB
Active:           454712 kB
Mem:          3.8G       922M       2.9G       5.7M        56M       454M

MemTotal:        4016004 kB
MemFree:         3028252 kB
Active:           456788 kB
Mem:          3.8G       965M       2.9G       5.7M        56M       497M

MemTotal:        4016004 kB
MemFree:         2983392 kB
Active:           456780 kB
Mem:          3.8G       1.0G       2.8G       5.7M        56M       540M

MemTotal:        4016004 kB
MemFree:         2938532 kB
Active:           456788 kB
Mem:          3.8G       1.0G       2.8G       5.7M        56M       583M

MemTotal:        4016004 kB
MemFree:         2894524 kB
Active:           456848 kB
Mem:          3.8G       1.1G       2.8G       5.7M        56M       625M

MemTotal:        4016004 kB
MemFree:         2849804 kB
Active:           456852 kB
Mem:          3.8G       1.1G       2.7G       5.7M        56M       668M

MemTotal:        4016004 kB
MemFree:         2805752 kB
Active:           456904 kB
Mem:          3.8G       1.2G       2.7G       5.7M        56M       711M

MemTotal:        4016004 kB
MemFree:         2760924 kB
Active:           456936 kB
Mem:          3.8G       1.2G       2.6G       5.7M        56M       753M

MemTotal:        4016004 kB
MemFree:         2751972 kB
Active:           456956 kB
Mem:          3.8G       1.2G       2.6G       5.7M        56M       761M

MemTotal:        4016004 kB
MemFree:         2752096 kB
Active:           456940 kB
Mem:          3.8G       1.2G       2.6G       5.7M        56M       761M

MemTotal:        4016004 kB
MemFree:         2751688 kB
Active:           456940 kB
Mem:          3.8G       1.2G       2.6G       5.7M        56M       761M

MemTotal:        4016004 kB
MemFree:         2751632 kB
Active:           456940 kB
Mem:          3.8G       1.2G       2.6G       5.7M        56M       761M

MemTotal:        4016004 kB
MemFree:         2724728 kB
Active:           456988 kB
Mem:          3.8G       1.2G       2.6G       5.7M        56M       789M

MemTotal:        4016004 kB
MemFree:         2680116 kB
Active:           457008 kB
Mem:          3.8G       1.3G       2.6G       5.7M        56M       831M

MemTotal:        4016004 kB
MemFree:         2635488 kB
Active:           457020 kB
Mem:          3.8G       1.3G       2.5G       5.7M        56M       874M

MemTotal:        4016004 kB
MemFree:         2590504 kB
Active:           457052 kB
Mem:          3.8G       1.4G       2.5G       5.7M        56M       917M

MemTotal:        4016004 kB
MemFree:         2545892 kB
Active:           457080 kB
Mem:          3.8G       1.4G       2.4G       5.7M        56M       960M

MemTotal:        4016004 kB
MemFree:         2501652 kB
Active:           457104 kB
Mem:          3.8G       1.4G       2.4G       5.7M        56M       1.0G

MemTotal:        4016004 kB
MemFree:         2456792 kB
Active:           457128 kB
Mem:          3.8G       1.5G       2.3G       5.7M        56M       1.0G

MemTotal:        4016004 kB
MemFree:         2412040 kB
Active:           457140 kB
Mem:          3.8G       1.5G       2.3G       5.7M        56M       1.1G

MemTotal:        4016004 kB
MemFree:         2368356 kB
Active:           455112 kB
Mem:          3.8G       1.6G       2.3G       5.7M        56M       1.1G

MemTotal:        4016004 kB
MemFree:         2323684 kB
Active:           455132 kB
Mem:          3.8G       1.6G       2.2G       5.7M        56M       1.1G

MemTotal:        4016004 kB
MemFree:         2279504 kB
Active:           457188 kB
Mem:          3.8G       1.7G       2.2G       5.7M        56M       1.2G

MemTotal:        4016004 kB
MemFree:         2234924 kB
Active:           457252 kB
Mem:          3.8G       1.7G       2.1G       5.7M        56M       1.2G

MemTotal:        4016004 kB
MemFree:         2220216 kB
Active:           457268 kB
Mem:          3.8G       1.7G       2.1G       5.7M        56M       1.2G

MemTotal:        4016004 kB
MemFree:         2218480 kB
Active:           457260 kB
Mem:          3.8G       1.7G       2.1G       5.7M        56M       1.2G

MemTotal:        4016004 kB
MemFree:         2176320 kB
Active:           457292 kB
Mem:          3.8G       1.8G       2.1G       5.7M        56M       1.3G

MemTotal:        4016004 kB
MemFree:         2131436 kB
Active:           457304 kB
Mem:          3.8G       1.8G       2.0G       5.7M        56M       1.3G

MemTotal:        4016004 kB
MemFree:         2086376 kB
Active:           457320 kB
Mem:          3.8G       1.8G       2.0G       5.7M        56M       1.4G

MemTotal:        4016004 kB
MemFree:         2042260 kB
Active:           457400 kB
Mem:          3.8G       1.9G       1.9G       5.7M        56M       1.4G

MemTotal:        4016004 kB
MemFree:         1996892 kB
Active:           455468 kB
Mem:          3.8G       1.9G       1.9G       5.7M        56M       1.5G

MemTotal:        4016004 kB
MemFree:         1952776 kB
Active:           457512 kB
Mem:          3.8G       2.0G       1.9G       5.7M        56M       1.5G

MemTotal:        4016004 kB
MemFree:         1908412 kB
Active:           457552 kB
Mem:          3.8G       2.0G       1.8G       5.7M        56M       1.5G

MemTotal:        4016004 kB
MemFree:         1864960 kB
Active:           457576 kB
Mem:          3.8G       2.1G       1.8G       5.7M        56M       1.6G

MemTotal:        4016004 kB
MemFree:         1864588 kB
Active:           457600 kB
Mem:          3.8G       2.1G       1.8G       5.7M        56M       1.6G

MemTotal:        4016004 kB
MemFree:         1826876 kB
Active:           457620 kB
Mem:          3.8G       2.1G       1.7G       5.7M        56M       1.6G

MemTotal:        4016004 kB
MemFree:         1782048 kB
Active:           457640 kB
Mem:          3.8G       2.1G       1.7G       5.7M        56M       1.7G

MemTotal:        4016004 kB
MemFree:         1775360 kB
Active:           457652 kB
Mem:          3.8G       2.1G       1.7G       5.7M        56M       1.7G

MemTotal:        4016004 kB
MemFree:         1732136 kB
Active:           457656 kB
Mem:          3.8G       2.2G       1.7G       5.7M        56M       1.7G

MemTotal:        4016004 kB
MemFree:         1732076 kB
Active:           457692 kB
Mem:          3.8G       2.2G       1.7G       5.7M        56M       1.7G

MemTotal:        4016004 kB
MemFree:         1732356 kB
Active:           455640 kB
Mem:          3.8G       2.2G       1.7G       5.7M        56M       1.7G

MemTotal:        4016004 kB
MemFree:         1698644 kB
Active:           457704 kB
Mem:          3.8G       2.2G       1.6G       5.7M        56M       1.7G

MemTotal:        4016004 kB
MemFree:         1653908 kB
Active:           457728 kB
Mem:          3.8G       2.3G       1.6G       5.7M        56M       1.8G

MemTotal:        4016004 kB
MemFree:         1609436 kB
Active:           457752 kB
Mem:          3.8G       2.3G       1.5G       5.7M        56M       1.8G

MemTotal:        4016004 kB
MemFree:         1564548 kB
Active:           457780 kB
Mem:          3.8G       2.3G       1.5G       5.7M        57M       1.9G

MemTotal:        4016004 kB
MemFree:         1519736 kB
Active:           457800 kB
Mem:          3.8G       2.4G       1.4G       5.7M        57M       1.9G

MemTotal:        4016004 kB
MemFree:         1475248 kB
Active:           457824 kB
Mem:          3.8G       2.4G       1.4G       5.7M        57M       1.9G

MemTotal:        4016004 kB
MemFree:         1431256 kB
Active:           457852 kB
Mem:          3.8G       2.5G       1.4G       5.7M        57M       2.0G

MemTotal:        4016004 kB
MemFree:         1389248 kB
Active:           457884 kB
Mem:          3.8G       2.5G       1.3G       5.7M        57M       2.0G

MemTotal:        4016004 kB
MemFree:         1354420 kB
Active:           457912 kB
Mem:          3.8G       2.5G       1.3G       5.7M        57M       2.1G

MemTotal:        4016004 kB
MemFree:         1308376 kB
Active:           457916 kB
Mem:          3.8G       2.6G       1.2G       5.7M        57M       2.1G

MemTotal:        4016004 kB
MemFree:         1263860 kB
Active:           459984 kB
Mem:          3.8G       2.6G       1.2G       5.7M        57M       2.1G

MemTotal:        4016004 kB
MemFree:         1241932 kB
Active:           460008 kB
Mem:          3.8G       2.6G       1.2G       5.7M        57M       2.2G

MemTotal:        4016004 kB
MemFree:         1207288 kB
Active:           460028 kB
Mem:          3.8G       2.7G       1.2G       5.7M        57M       2.2G

MemTotal:        4016004 kB
MemFree:         1162800 kB
Active:           460056 kB
Mem:          3.8G       2.7G       1.1G       5.7M        57M       2.2G

MemTotal:        4016004 kB
MemFree:         1148372 kB
Active:           460072 kB
Mem:          3.8G       2.7G       1.1G       5.7M        57M       2.2G

MemTotal:        4016004 kB
MemFree:         1128004 kB
Active:           460084 kB
Mem:          3.8G       2.8G       1.1G       5.7M        57M       2.3G

MemTotal:        4016004 kB
MemFree:         1083444 kB
Active:           460108 kB
Mem:          3.8G       2.8G       1.0G       5.7M        57M       2.3G

MemTotal:        4016004 kB
MemFree:         1039612 kB
Active:           460128 kB
Mem:          3.8G       2.8G       1.0G       5.7M        57M       2.3G

MemTotal:        4016004 kB
MemFree:         1020008 kB
Active:           460144 kB
Mem:          3.8G       2.9G       995M       5.7M        57M       2.4G

MemTotal:        4016004 kB
MemFree:          975272 kB
Active:           460168 kB
Mem:          3.8G       2.9G       951M       5.7M        57M       2.4G

MemTotal:        4016004 kB
MemFree:          931156 kB
Active:           460196 kB
Mem:          3.8G       2.9G       908M       5.7M        57M       2.5G

MemTotal:        4016004 kB
MemFree:          886296 kB
Active:           460216 kB
Mem:          3.8G       3.0G       864M       5.7M        57M       2.5G

MemTotal:        4016004 kB
MemFree:          841188 kB
Active:           460240 kB
Mem:          3.8G       3.0G       820M       5.7M        57M       2.5G

MemTotal:        4016004 kB
MemFree:          797940 kB
Active:           460268 kB
Mem:          3.8G       3.1G       779M       5.7M        57M       2.6G

MemTotal:        4016004 kB
MemFree:          798104 kB
Active:           460240 kB
Mem:          3.8G       3.1G       779M       5.7M        57M       2.6G

MemTotal:        4016004 kB
MemFree:          780452 kB
Active:           460300 kB
Mem:          3.8G       3.1G       761M       5.7M        57M       2.6G

MemTotal:        4016004 kB
MemFree:          735624 kB
Active:           460280 kB
Mem:          3.8G       3.1G       717M       5.7M        57M       2.6G

MemTotal:        4016004 kB
MemFree:          691632 kB
Active:           460324 kB
Mem:          3.8G       3.2G       675M       5.7M        57M       2.7G

MemTotal:        4016004 kB
MemFree:          648756 kB
Active:           460328 kB
Mem:          3.8G       3.2G       631M       5.7M        57M       2.7G

MemTotal:        4016004 kB
MemFree:          603444 kB
Active:           458484 kB
Mem:          3.8G       3.3G       587M       5.7M        57M       2.8G

MemTotal:        4016004 kB
MemFree:          579312 kB
Active:           460428 kB
Mem:          3.8G       3.3G       565M       5.7M        57M       2.8G

MemTotal:        4016004 kB
MemFree:          545668 kB
Active:           460480 kB
Mem:          3.8G       3.3G       532M       5.7M        57M       2.8G

MemTotal:        4016004 kB
MemFree:          502360 kB
Active:           460504 kB
Mem:          3.8G       3.4G       490M       5.7M        57M       2.9G

MemTotal:        4016004 kB
MemFree:          502440 kB
Active:           460292 kB
Mem:          3.8G       3.4G       490M       5.7M        57M       2.9G

MemTotal:        4016004 kB
MemFree:          461400 kB
Active:           460364 kB
Mem:          3.8G       3.4G       449M       5.7M        57M       2.9G

MemTotal:        4016004 kB
MemFree:          416416 kB
Active:           460388 kB
Mem:          3.8G       3.4G       406M       5.7M        57M       2.9G

MemTotal:        4016004 kB
MemFree:          371416 kB
Active:           460408 kB
Mem:          3.8G       3.5G       362M       5.7M        57M       3.0G

MemTotal:        4016004 kB
MemFree:          327424 kB
Active:           460428 kB
Mem:          3.8G       3.5G       318M       5.7M        57M       3.0G

MemTotal:        4016004 kB
MemFree:          282440 kB
Active:           460460 kB
Mem:          3.8G       3.6G       275M       5.7M        57M       3.1G

MemTotal:        4016004 kB
MemFree:          237776 kB
Active:           458560 kB
Mem:          3.8G       3.6G       231M       5.7M        57M       3.1G

MemTotal:        4016004 kB
MemFree:          193912 kB
Active:           460508 kB
Mem:          3.8G       3.6G       188M       5.7M        57M       3.1G

MemTotal:        4016004 kB
MemFree:          149348 kB
Active:           460532 kB
Mem:          3.8G       3.7G       145M       5.7M        57M       3.2G

MemTotal:        4016004 kB
MemFree:          139160 kB
Active:           460548 kB
Mem:          3.8G       3.7G       135M       5.7M        57M       3.2G

MemTotal:        4016004 kB
MemFree:          138540 kB
Active:           460560 kB
Mem:          3.8G       3.7G       135M       5.7M        57M       3.2G

MemTotal:        4016004 kB
MemFree:          135048 kB
Active:           455248 kB
Mem:          3.8G       3.7G       125M       5.7M        24M       3.2G

MemTotal:        4016004 kB
MemFree:          125264 kB
Active:           468108 kB
Mem:          3.8G       3.7G       121M       5.7M        24M       3.2G

MemTotal:        4016004 kB
MemFree:          116308 kB
Active:           480296 kB
Mem:          3.8G       3.7G       112M       5.7M        24M       3.2G

MemTotal:        4016004 kB
MemFree:          127992 kB
Active:           520728 kB
Mem:          3.8G       3.7G       122M       5.7M        24M       3.2G

MemTotal:        4016004 kB
MemFree:          107792 kB
Active:           518872 kB
Mem:          3.8G       3.7G       104M       5.7M        24M       3.3G

MemTotal:        4016004 kB
MemFree:          124212 kB
Active:           511564 kB
Mem:          3.8G       3.7G       120M       5.7M        24M       3.2G

MemTotal:        4016004 kB
MemFree:          127564 kB
Active:           509576 kB
Mem:          3.8G       3.7G       123M       5.7M        24M       3.2G

MemTotal:        4016004 kB
MemFree:          127964 kB
Active:           502960 kB
Mem:          3.8G       3.7G       124M       5.7M        24M       3.2G

MemTotal:        4016004 kB
MemFree:          120068 kB
Active:           501112 kB
Mem:          3.8G       3.7G       116M       5.7M        24M       3.2G

MemTotal:        4016004 kB
MemFree:          105616 kB
Active:           495904 kB
Mem:          3.8G       3.7G       125M       5.7M        24M       3.2G

MemTotal:        4016004 kB
MemFree:          118220 kB
Active:           492892 kB
Mem:          3.8G       3.7G       115M       5.7M        24M       3.2G

MemTotal:        4016004 kB
MemFree:          118940 kB
Active:           487840 kB
Mem:          3.8G       3.7G       114M       5.7M        24M       3.2G

MemTotal:        4016004 kB
MemFree:          110156 kB
Active:           484424 kB
Mem:          3.8G       3.7G       106M       5.7M        24M       3.3G

MemTotal:        4016004 kB
MemFree:          128016 kB
Active:           478408 kB
Mem:          3.8G       3.7G       123M       5.7M        24M       3.2G

MemTotal:        4016004 kB
MemFree:          128904 kB
Active:           476512 kB
Mem:          3.8G       3.7G       124M       5.7M        24M       3.2G

MemTotal:        4016004 kB
MemFree:          124748 kB
Active:           471944 kB
Mem:          3.8G       3.7G       121M       5.7M        24M       3.2G

MemTotal:        4016004 kB
MemFree:          104808 kB
Active:           469524 kB
Mem:          3.8G       3.7G       124M       5.7M        24M       3.2G

MemTotal:        4016004 kB
MemFree:          124316 kB
Active:           466488 kB
Mem:          3.8G       3.7G       121M       5.7M        24M       3.2G

MemTotal:        4016004 kB
MemFree:          114908 kB
Active:           463408 kB
Mem:          3.8G       3.7G       111M       5.7M        24M       3.2G

MemTotal:        4016004 kB
MemFree:          135364 kB
Active:           461392 kB
Mem:          3.8G       3.7G       131M       5.7M        24M       3.2G

MemTotal:        4016004 kB
MemFree:          125820 kB
Active:           460260 kB
Mem:          3.8G       3.7G       122M       5.7M        24M       3.2G

MemTotal:        4016004 kB
MemFree:          125872 kB
Active:           459644 kB
Mem:          3.8G       3.7G       122M       5.7M        24M       3.2G

MemTotal:        4016004 kB
MemFree:          106728 kB
Active:           458648 kB
Mem:          3.8G       3.7G       103M       5.7M        24M       3.3G

MemTotal:        4016004 kB
MemFree:          126000 kB
Active:           453028 kB
Mem:          3.8G       3.7G       123M       5.7M        24M       3.2G

MemTotal:        4016004 kB
MemFree:          125812 kB
Active:           453032 kB
Mem:          3.8G       3.7G       122M       5.7M        24M       3.2G

MemTotal:        4016004 kB
MemFree:          125660 kB
Active:           453048 kB
Mem:          3.8G       3.7G       122M       5.7M        24M       3.2G

MemTotal:        4016004 kB
MemFree:          131088 kB
Active:           452024 kB
Mem:          3.8G       3.7G       127M       5.7M        24M       3.2G

MemTotal:        4016004 kB
MemFree:          134788 kB
Active:           450136 kB
Mem:          3.8G       3.7G       130M       5.7M        24M       3.2G

MemTotal:        4016004 kB
MemFree:          142176 kB
Active:           448080 kB
Mem:          3.8G       3.7G       138M       5.7M        24M       3.2G

MemTotal:        4016004 kB
MemFree:          133192 kB
Active:           447092 kB
Mem:          3.8G       3.7G       129M       5.7M        24M       3.2G

MemTotal:        4016004 kB
MemFree:          123160 kB
Active:           445980 kB
Mem:          3.8G       3.7G       119M       5.7M        24M       3.2G

MemTotal:        4016004 kB
MemFree:          113528 kB
Active:           444732 kB
Mem:          3.8G       3.7G       110M       5.7M        24M       3.3G

MemTotal:        4016004 kB
MemFree:          114380 kB
Active:           443048 kB
Mem:          3.8G       3.7G       124M       5.7M        24M       3.2G

MemTotal:        4016004 kB
MemFree:          124968 kB
Active:           441532 kB
Mem:          3.8G       3.7G       120M       5.7M        24M       3.2G

MemTotal:        4016004 kB
MemFree:          117068 kB
Active:           440464 kB
Mem:          3.8G       3.7G       113M       5.7M        25M       3.2G

MemTotal:        4016004 kB
MemFree:          119724 kB
Active:           439324 kB
Mem:          3.8G       3.7G       116M       5.7M        25M       3.2G

MemTotal:        4016004 kB
MemFree:          126276 kB
Active:           437056 kB
Mem:          3.8G       3.7G       122M       5.7M        25M       3.2G

MemTotal:        4016004 kB
MemFree:          106052 kB
Active:           436180 kB
Mem:          3.8G       3.7G       102M       5.7M        25M       3.3G

MemTotal:        4016004 kB
MemFree:          134168 kB
Active:           434028 kB
Mem:          3.8G       3.7G       129M       5.7M        25M       3.2G

MemTotal:        4016004 kB
MemFree:          126896 kB
Active:           433420 kB
Mem:          3.8G       3.7G       123M       5.7M        25M       3.2G

MemTotal:        4016004 kB
MemFree:          126900 kB
Active:           433244 kB
Mem:          3.8G       3.7G       124M       5.7M        25M       3.2G

MemTotal:        4016004 kB
MemFree:          125016 kB
Active:           433244 kB
Mem:          3.8G       3.7G       121M       5.7M        25M       3.2G

MemTotal:        4016004 kB
MemFree:          110816 kB
Active:           432296 kB
Mem:          3.8G       3.7G       107M       5.7M        25M       3.3G

MemTotal:        4016004 kB
MemFree:          126056 kB
Active:           430652 kB
Mem:          3.8G       3.7G       122M       5.7M        25M       3.2G

MemTotal:        4016004 kB
MemFree:          124248 kB
Active:           429140 kB
Mem:          3.8G       3.7G       120M       5.7M        25M       3.2G

MemTotal:        4016004 kB
MemFree:          109644 kB
Active:           427972 kB
Mem:          3.8G       3.7G       106M       5.7M        25M       3.3G

MemTotal:        4016004 kB
MemFree:          111964 kB
Active:           427244 kB
Mem:          3.8G       3.7G       109M       5.7M        25M       3.2G

MemTotal:        4016004 kB
MemFree:          105016 kB
Active:           427236 kB
Mem:          3.8G       3.7G       124M       5.7M        25M       3.2G

MemTotal:        4016004 kB
MemFree:          108608 kB
Active:           425192 kB
Mem:          3.8G       3.7G       105M       5.7M        25M       3.3G

MemTotal:        4016004 kB
MemFree:          126244 kB
Active:           423596 kB
Mem:          3.8G       3.7G       122M       5.7M        25M       3.2G

MemTotal:        4016004 kB
MemFree:          128352 kB
Active:           422468 kB
Mem:          3.8G       3.7G       125M       5.7M        25M       3.2G

MemTotal:        4016004 kB
MemFree:          123888 kB
Active:           422492 kB
Mem:          3.8G       3.7G       120M       5.7M        25M       3.2G

MemTotal:        4016004 kB
MemFree:          129624 kB
Active:           421348 kB
Mem:          3.8G       3.7G       126M       5.7M        25M       3.2G

MemTotal:        4016004 kB
MemFree:          122036 kB
Active:           420188 kB
Mem:          3.8G       3.7G       117M       5.7M        25M       3.2G

MemTotal:        4016004 kB
MemFree:          145816 kB
Active:           417920 kB
Mem:          3.8G       3.7G       142M       5.7M        25M       3.2G

MemTotal:        4016004 kB
MemFree:          125444 kB
Active:           417444 kB
Mem:          3.8G       3.7G       121M       5.7M        25M       3.2G

MemTotal:        4016004 kB
MemFree:          110688 kB
Active:           415908 kB
Mem:          3.8G       3.7G       106M       5.7M        25M       3.3G

MemTotal:        4016004 kB
MemFree:          126028 kB
Active:           414312 kB
Mem:          3.8G       3.7G       121M       5.7M        25M       3.2G

MemTotal:        4016004 kB
MemFree:          130336 kB
Active:           412668 kB
Mem:          3.8G       3.7G       125M       5.7M        25M       3.2G

MemTotal:        4016004 kB
MemFree:          109700 kB
Active:           412056 kB
Mem:          3.8G       3.7G       105M       5.7M        25M       3.3G

MemTotal:        4016004 kB
MemFree:          124644 kB
Active:           410292 kB
Mem:          3.8G       3.7G       120M       5.7M        25M       3.2G

MemTotal:        4016004 kB
MemFree:          134168 kB
Active:           408136 kB
Mem:          3.8G       3.7G       130M       5.7M        25M       3.2G

MemTotal:        4016004 kB
MemFree:          125960 kB
Active:           407092 kB
Mem:          3.8G       3.7G       122M       5.7M        25M       3.2G

MemTotal:        4016004 kB
MemFree:          125252 kB
Active:           406516 kB
Mem:          3.8G       3.7G       122M       5.7M        25M       3.2G

MemTotal:        4016004 kB
MemFree:          123736 kB
Active:           406504 kB
Mem:          3.8G       3.7G       121M       5.7M        25M       3.2G

MemTotal:        4016004 kB
MemFree:          123892 kB
Active:           406540 kB
Mem:          3.8G       3.7G       121M       5.7M        25M       3.2G

MemTotal:        4016004 kB
MemFree:          123964 kB
Active:           406528 kB
Mem:          3.8G       3.7G       120M       5.7M        25M       3.2G

MemTotal:        4016004 kB
MemFree:          135072 kB
Active:           404960 kB
Mem:          3.8G       3.7G       131M       5.7M        25M       3.2G

MemTotal:        4016004 kB
MemFree:          126776 kB
Active:           403992 kB
Mem:          3.8G       3.7G       122M       5.7M        25M       3.2G

MemTotal:        4016004 kB
MemFree:          128664 kB
Active:           400000 kB
Mem:          3.8G       3.7G       124M       5.7M        25M       3.2G

MemTotal:        4016004 kB
MemFree:          115828 kB
Active:           398984 kB
Mem:          3.8G       3.7G       112M       5.7M        25M       3.2G

MemTotal:        4016004 kB
MemFree:          106788 kB
Active:           397896 kB
Mem:          3.8G       3.7G       103M       5.7M        25M       3.3G

MemTotal:        4016004 kB
MemFree:          128376 kB
Active:           393636 kB
Mem:          3.8G       3.7G       124M       5.7M        25M       3.2G

MemTotal:        4016004 kB
MemFree:          109200 kB
Active:           393064 kB
Mem:          3.8G       3.7G       105M       5.7M        25M       3.3G

MemTotal:        4016004 kB
MemFree:          124764 kB
Active:           392684 kB
Mem:          3.8G       3.7G       120M       5.7M        25M       3.2G

MemTotal:        4016004 kB
MemFree:          129756 kB
Active:           392624 kB
Mem:          3.8G       3.7G       125M       5.7M        25M       3.2G

MemTotal:        4016004 kB
MemFree:          134744 kB
Active:           392632 kB
Mem:          3.8G       3.7G       130M       5.7M        25M       3.2G

MemTotal:        4016004 kB
MemFree:          126704 kB
Active:           392672 kB
Mem:          3.8G       3.7G       122M       5.7M        25M       3.2G

MemTotal:        4016004 kB
MemFree:          117928 kB
Active:           392608 kB
Mem:          3.8G       3.7G       114M       5.7M        25M       3.2G

MemTotal:        4016004 kB
MemFree:          117120 kB
Active:           392616 kB
Mem:          3.8G       3.7G       114M       5.7M        25M       3.2G

MemTotal:        4016004 kB
MemFree:          125580 kB
Active:           392612 kB
Mem:          3.8G       3.7G       122M       5.7M        25M       3.2G

MemTotal:        4016004 kB
MemFree:          105212 kB
Active:           392624 kB
Mem:          3.8G       3.7G       116M       5.7M        25M       3.2G

MemTotal:        4016004 kB
MemFree:          141516 kB
Active:           392688 kB
Mem:          3.8G       3.7G       138M       5.7M        25M       3.2G

MemTotal:        4016004 kB
MemFree:          141516 kB
Active:           392656 kB
Mem:          3.8G       3.7G       138M       5.7M        25M       3.2G

MemTotal:        4016004 kB
MemFree:          139908 kB
Active:           392712 kB
Mem:          3.8G       3.7G       136M       5.7M        25M       3.2G

MemTotal:        4016004 kB
MemFree:          131108 kB
Active:           392720 kB
Mem:          3.8G       3.7G       126M       5.7M        25M       3.2G

MemTotal:        4016004 kB
MemFree:          122040 kB
Active:           392764 kB
Mem:          3.8G       3.7G       117M       5.7M        25M       3.2G

MemTotal:        4016004 kB
MemFree:          113248 kB
Active:           392744 kB
Mem:          3.8G       3.7G       109M       5.7M        25M       3.2G

MemTotal:        4016004 kB
MemFree:          122344 kB
Active:           392716 kB
Mem:          3.8G       3.7G       118M       5.7M        26M       3.2G

MemTotal:        4016004 kB
MemFree:          113328 kB
Active:           392744 kB
Mem:          3.8G       3.7G       109M       5.7M        26M       3.2G

MemTotal:        4016004 kB
MemFree:          105048 kB
Active:           392772 kB
Mem:          3.8G       3.7G       123M       5.7M        26M       3.2G

MemTotal:        4016004 kB
MemFree:          113508 kB
Active:           392668 kB
Mem:          3.8G       3.7G       109M       5.7M        26M       3.2G

MemTotal:        4016004 kB
MemFree:          116512 kB
Active:           392688 kB
Mem:          3.8G       3.7G       112M       5.7M        26M       3.2G

MemTotal:        4016004 kB
MemFree:          126660 kB
Active:           392708 kB
Mem:          3.8G       3.7G       123M       5.7M        26M       3.2G

MemTotal:        4016004 kB
MemFree:          131152 kB
Active:           392584 kB
Mem:          3.8G       3.7G       126M       5.7M        26M       3.2G

MemTotal:        4016004 kB
MemFree:          126792 kB
Active:           392604 kB
Mem:          3.8G       3.7G       123M       5.7M        26M       3.2G

MemTotal:        4016004 kB
MemFree:          121800 kB
Active:           392596 kB
Mem:          3.8G       3.7G       118M       5.7M        26M       3.2G

MemTotal:        4016004 kB
MemFree:          113364 kB
Active:           392592 kB
Mem:          3.8G       3.7G       109M       5.7M        26M       3.2G

MemTotal:        4016004 kB
MemFree:          105384 kB
Active:           392652 kB
Mem:          3.8G       3.7G       124M       5.7M        26M       3.2G

MemTotal:        4016004 kB
MemFree:          126400 kB
Active:           392652 kB
Mem:          3.8G       3.7G       122M       5.7M        26M       3.2G

MemTotal:        4016004 kB
MemFree:          117996 kB
Active:           392648 kB
Mem:          3.8G       3.7G       114M       5.7M        26M       3.2G

MemTotal:        4016004 kB
MemFree:          128004 kB
Active:           392708 kB
Mem:          3.8G       3.7G       124M       5.7M        26M       3.2G

MemTotal:        4016004 kB
MemFree:          125104 kB
Active:           392720 kB
Mem:          3.8G       3.7G       121M       5.7M        26M       3.2G

MemTotal:        4016004 kB
MemFree:          110500 kB
Active:           392744 kB
Mem:          3.8G       3.7G       107M       5.7M        26M       3.2G

MemTotal:        4016004 kB
MemFree:          115660 kB
Active:           392700 kB
Mem:          3.8G       3.7G       112M       5.7M        26M       3.2G

MemTotal:        4016004 kB
MemFree:          127576 kB
Active:           392716 kB
Mem:          3.8G       3.7G       123M       5.7M        26M       3.2G

MemTotal:        4016004 kB
MemFree:          125248 kB
Active:           392776 kB
Mem:          3.8G       3.7G       126M       5.7M        26M       3.2G

MemTotal:        4016004 kB
MemFree:          127152 kB
Active:           392792 kB
Mem:          3.8G       3.7G       122M       5.7M        26M       3.2G

MemTotal:        4016004 kB
MemFree:          123424 kB
Active:           392800 kB
Mem:          3.8G       3.7G       120M       5.7M        26M       3.2G

MemTotal:        4016004 kB
MemFree:          112800 kB
Active:           392852 kB
Mem:          3.8G       3.7G       109M       5.7M        26M       3.2G

MemTotal:        4016004 kB
MemFree:          111172 kB
Active:           392852 kB
Mem:          3.8G       3.7G       108M       5.7M        26M       3.2G

MemTotal:        4016004 kB
MemFree:          111052 kB
Active:           392860 kB
Mem:          3.8G       3.7G       108M       5.7M        26M       3.2G

MemTotal:        4016004 kB
MemFree:          119984 kB
Active:           392872 kB
Mem:          3.8G       3.7G       116M       5.7M        26M       3.2G

MemTotal:        4016004 kB
MemFree:          135668 kB
Active:           386292 kB
Mem:          3.8G       3.7G       131M       5.7M        26M       3.2G

MemTotal:        4016004 kB
MemFree:          127948 kB
Active:           386336 kB
Mem:          3.8G       3.7G       123M       5.7M        26M       3.2G

MemTotal:        4016004 kB
MemFree:          116364 kB
Active:           386336 kB
Mem:          3.8G       3.7G       112M       5.7M        26M       3.2G

MemTotal:        4016004 kB
MemFree:          119864 kB
Active:           385776 kB
Mem:          3.8G       3.7G       116M       5.7M        26M       3.2G

MemTotal:        4016004 kB
MemFree:          136136 kB
Active:           385776 kB
Mem:          3.8G       3.7G       131M       5.7M        26M       3.2G

MemTotal:        4016004 kB
MemFree:          132808 kB
Active:           385796 kB
Mem:          3.8G       3.7G       151M       5.7M        26M       3.2G

MemTotal:        4016004 kB
MemFree:          113128 kB
Active:           385796 kB
Mem:          3.8G       3.7G       109M       5.7M        26M       3.2G

MemTotal:        4016004 kB
MemFree:          128304 kB
Active:           385860 kB
Mem:          3.8G       3.7G       125M       5.7M        26M       3.2G

MemTotal:        4016004 kB
MemFree:          127996 kB
Active:           385876 kB
Mem:          3.8G       3.7G       124M       5.7M        26M       3.2G

MemTotal:        4016004 kB
MemFree:          126396 kB
Active:           385968 kB
Mem:          3.8G       3.7G       122M       5.7M        26M       3.2G

MemTotal:        4016004 kB
MemFree:          111344 kB
Active:           385916 kB
Mem:          3.8G       3.7G       107M       5.7M        26M       3.2G

MemTotal:        4016004 kB
MemFree:          124956 kB
Active:           387412 kB
Mem:          3.8G       3.7G       121M       5.7M        26M       3.2G

MemTotal:        4016004 kB
MemFree:          133860 kB
Active:           387420 kB
Mem:          3.8G       3.7G       129M       5.7M        26M       3.2G

MemTotal:        4016004 kB
MemFree:          131080 kB
Active:           387444 kB
Mem:          3.8G       3.7G       126M       5.7M        26M       3.2G

MemTotal:        4016004 kB
MemFree:          140408 kB
Active:           387468 kB
Mem:          3.8G       3.7G       136M       5.7M        26M       3.2G

MemTotal:        4016004 kB
MemFree:          119712 kB
Active:           387492 kB
Mem:          3.8G       3.7G       116M       5.7M        26M       3.2G

MemTotal:        4016004 kB
MemFree:          121972 kB
Active:           387516 kB
Mem:          3.8G       3.7G       118M       5.7M        26M       3.2G

MemTotal:        4016004 kB
MemFree:          130924 kB
Active:           387544 kB
Mem:          3.8G       3.7G       127M       5.7M        26M       3.2G

MemTotal:        4016004 kB
MemFree:          133744 kB
Active:           387568 kB
Mem:          3.8G       3.7G       130M       5.7M        26M       3.2G

MemTotal:        4016004 kB
MemFree:          145272 kB
Active:           385508 kB
Mem:          3.8G       3.7G       140M       5.7M        26M       3.2G

MemTotal:        4016004 kB
MemFree:          114564 kB
Active:           385520 kB
Mem:          3.8G       3.7G       111M       5.7M        26M       3.2G

MemTotal:        4016004 kB
MemFree:          134316 kB
Active:           385540 kB
Mem:          3.8G       3.7G       130M       5.7M        26M       3.2G

MemTotal:        4016004 kB
MemFree:          110760 kB
Active:           385516 kB
Mem:          3.8G       3.7G       108M       5.7M        26M       3.2G

MemTotal:        4016004 kB
MemFree:          110828 kB
Active:           385536 kB
Mem:          3.8G       3.7G       108M       5.7M        26M       3.2G

MemTotal:        4016004 kB
MemFree:          105504 kB
Active:           385508 kB
Mem:          3.8G       3.7G       125M       5.7M        26M       3.2G

MemTotal:        4016004 kB
MemFree:          126968 kB
Active:           385584 kB
Mem:          3.8G       3.7G       123M       5.7M        26M       3.2G

MemTotal:        4016004 kB
MemFree:          117944 kB
Active:           385608 kB
Mem:          3.8G       3.7G       114M       5.7M        26M       3.2G

MemTotal:        4016004 kB
MemFree:          120452 kB
Active:           385636 kB
Mem:          3.8G       3.7G       117M       5.7M        26M       3.2G

MemTotal:        4016004 kB
MemFree:          111676 kB
Active:           385632 kB
Mem:          3.8G       3.7G       107M       5.7M        27M       3.2G

MemTotal:        4016004 kB
MemFree:          116896 kB
Active:           385680 kB
Mem:          3.8G       3.7G       113M       5.7M        27M       3.2G

MemTotal:        4016004 kB
MemFree:          133448 kB
Active:           384784 kB
Mem:          3.8G       3.7G       129M       5.7M        27M       3.2G

MemTotal:        4016004 kB
MemFree:          143048 kB
Active:           384852 kB
Mem:          3.8G       3.7G       138M       5.7M        27M       3.2G

MemTotal:        4016004 kB
MemFree:          123208 kB
Active:           384880 kB
Mem:          3.8G       3.7G       120M       5.7M        27M       3.2G

MemTotal:        4016004 kB
MemFree:          126168 kB
Active:           384904 kB
Mem:          3.8G       3.7G       122M       5.7M        27M       3.2G

MemTotal:        4016004 kB
MemFree:          118260 kB
Active:           384924 kB
Mem:          3.8G       3.7G       114M       5.7M        27M       3.2G

MemTotal:        4016004 kB
MemFree:          128148 kB
Active:           384924 kB
Mem:          3.8G       3.7G       124M       5.7M        27M       3.2G

MemTotal:        4016004 kB
MemFree:          119900 kB
Active:           384928 kB
Mem:          3.8G       3.7G       116M       5.7M        27M       3.2G

MemTotal:        4016004 kB
MemFree:          135048 kB
Active:           384996 kB
Mem:          3.8G       3.7G       132M       5.7M        27M       3.2G

MemTotal:        4016004 kB
MemFree:          134740 kB
Active:           384992 kB
Mem:          3.8G       3.7G       131M       5.7M        27M       3.2G

MemTotal:        4016004 kB
MemFree:          134744 kB
Active:           385008 kB
Mem:          3.8G       3.7G       131M       5.7M        27M       3.2G

MemTotal:        4016004 kB
MemFree:          135028 kB
Active:           384988 kB
Mem:          3.8G       3.7G       131M       5.7M        27M       3.2G

MemTotal:        4016004 kB
MemFree:          130748 kB
Active:           385024 kB
Mem:          3.8G       3.7G       127M       5.7M        27M       3.2G

MemTotal:        4016004 kB
MemFree:          122760 kB
Active:           385012 kB
Mem:          3.8G       3.7G       118M       5.7M        27M       3.2G

MemTotal:        4016004 kB
MemFree:          115800 kB
Active:           371708 kB
Mem:          3.8G       3.7G       111M       5.7M        27M       3.2G

MemTotal:        4016004 kB
MemFree:          107148 kB
Active:           371748 kB
Mem:          3.8G       3.7G       103M       5.7M        27M       3.2G

MemTotal:        4016004 kB
MemFree:          128628 kB
Active:           371748 kB
Mem:          3.8G       3.7G       124M       5.7M        27M       3.2G

MemTotal:        4016004 kB
MemFree:          113140 kB
Active:           371800 kB
Mem:          3.8G       3.7G       110M       5.7M        27M       3.2G

MemTotal:        4016004 kB
MemFree:          104984 kB
Active:           371784 kB
Mem:          3.8G       3.7G       117M       5.7M        27M       3.2G

MemTotal:        4016004 kB
MemFree:          125004 kB
Active:           371852 kB
Mem:          3.8G       3.7G       120M       5.7M        27M       3.2G

MemTotal:        4016004 kB
MemFree:          110216 kB
Active:           371832 kB
Mem:          3.8G       3.7G       106M       5.7M        27M       3.2G

MemTotal:        4016004 kB
MemFree:          125680 kB
Active:           371884 kB
Mem:          3.8G       3.7G       122M       5.7M        27M       3.2G

MemTotal:        4016004 kB
MemFree:          110688 kB
Active:           371904 kB
Mem:          3.8G       3.7G       108M       5.7M        27M       3.2G

MemTotal:        4016004 kB
MemFree:          113208 kB
Active:           371936 kB
Mem:          3.8G       3.7G       108M       5.7M        27M       3.2G

MemTotal:        4016004 kB
MemFree:          128712 kB
Active:           371928 kB
Mem:          3.8G       3.7G       125M       5.7M        27M       3.2G

MemTotal:        4016004 kB
MemFree:          128872 kB
Active:           371908 kB
Mem:          3.8G       3.7G       125M       5.7M        27M       3.2G

MemTotal:        4016004 kB
MemFree:          116848 kB
Active:           371944 kB
Mem:          3.8G       3.7G       113M       5.7M        27M       3.2G

MemTotal:        4016004 kB
MemFree:          122256 kB
Active:           369456 kB
Mem:          3.8G       3.7G       118M       5.7M        27M       3.2G

MemTotal:        4016004 kB
MemFree:          126004 kB
Active:           369468 kB
Mem:          3.8G       3.7G       122M       5.7M        27M       3.2G

MemTotal:        4016004 kB
MemFree:          134696 kB
Active:           369508 kB
Mem:          3.8G       3.7G       131M       5.7M        27M       3.2G

MemTotal:        4016004 kB
MemFree:          127036 kB
Active:           369508 kB
Mem:          3.8G       3.7G       123M       5.7M        27M       3.2G

MemTotal:        4016004 kB
MemFree:          118632 kB
Active:           369520 kB
Mem:          3.8G       3.7G       115M       5.7M        27M       3.2G

MemTotal:        4016004 kB
MemFree:          127772 kB
Active:           369536 kB
Mem:          3.8G       3.7G       124M       5.7M        27M       3.2G

MemTotal:        4016004 kB
MemFree:          126716 kB
Active:           369564 kB
Mem:          3.8G       3.7G       123M       5.7M        27M       3.2G

MemTotal:        4016004 kB
MemFree:          109384 kB
Active:           369632 kB
Mem:          3.8G       3.7G       106M       5.7M        27M       3.2G

MemTotal:        4016004 kB
MemFree:          125524 kB
Active:           369624 kB
Mem:          3.8G       3.7G       121M       5.7M        27M       3.2G

MemTotal:        4016004 kB
MemFree:          129932 kB
Active:           369676 kB
Mem:          3.8G       3.7G       125M       5.7M        27M       3.2G

MemTotal:        4016004 kB
MemFree:          109392 kB
Active:           369668 kB
Mem:          3.8G       3.7G       106M       5.7M        27M       3.2G

MemTotal:        4016004 kB
MemFree:          128612 kB
Active:           366680 kB
Mem:          3.8G       3.7G       124M       5.7M        27M       3.2G

MemTotal:        4016004 kB
MemFree:          120100 kB
Active:           366676 kB
Mem:          3.8G       3.7G       117M       5.7M        27M       3.2G

MemTotal:        4016004 kB
MemFree:          134684 kB
Active:           366688 kB
Mem:          3.8G       3.7G       130M       5.7M        27M       3.2G

MemTotal:        4016004 kB
MemFree:          126840 kB
Active:           366712 kB
Mem:          3.8G       3.7G       122M       5.7M        27M       3.2G

MemTotal:        4016004 kB
MemFree:          128780 kB
Active:           366760 kB
Mem:          3.8G       3.7G       124M       5.7M        27M       3.2G

MemTotal:        4016004 kB
MemFree:          121228 kB
Active:           366772 kB
Mem:          3.8G       3.7G       117M       5.7M        27M       3.2G

MemTotal:        4016004 kB
MemFree:          130804 kB
Active:           366816 kB
Mem:          3.8G       3.7G       127M       5.7M        27M       3.2G

MemTotal:        4016004 kB
MemFree:          122896 kB
Active:           366836 kB
Mem:          3.8G       3.7G       118M       5.7M        27M       3.2G

MemTotal:        4016004 kB
MemFree:          114864 kB
Active:           366856 kB
Mem:          3.8G       3.7G       110M       5.7M        27M       3.2G

MemTotal:        4016004 kB
MemFree:          116860 kB
Active:           366876 kB
Mem:          3.8G       3.7G       112M       5.7M        27M       3.2G

MemTotal:        4016004 kB
MemFree:          108672 kB
Active:           366896 kB
Mem:          3.8G       3.7G       104M       5.7M        27M       3.2G

MemTotal:        4016004 kB
MemFree:          114808 kB
Active:           366932 kB
Mem:          3.8G       3.7G       110M       5.7M        27M       3.2G

MemTotal:        4016004 kB
MemFree:          106620 kB
Active:           366912 kB
Mem:          3.8G       3.7G       103M       5.7M        28M       3.2G

MemTotal:        4016004 kB
MemFree:          115968 kB
Active:           363980 kB
Mem:          3.8G       3.7G       113M       5.7M        28M       3.2G

MemTotal:        4016004 kB
MemFree:          114068 kB
Active:           363976 kB
Mem:          3.8G       3.7G       111M       5.7M        28M       3.2G

MemTotal:        4016004 kB
MemFree:          133332 kB
Active:           364020 kB
Mem:          3.8G       3.7G       129M       5.7M        28M       3.2G

MemTotal:        4016004 kB
MemFree:          121056 kB
Active:           364036 kB
Mem:          3.8G       3.7G       118M       5.7M        28M       3.2G

MemTotal:        4016004 kB
MemFree:          120628 kB
Active:           364040 kB
Mem:          3.8G       3.7G       117M       5.7M        28M       3.2G

MemTotal:        4016004 kB
MemFree:          115576 kB
Active:           364060 kB
Mem:          3.8G       3.7G       111M       5.7M        28M       3.2G

MemTotal:        4016004 kB
MemFree:          118704 kB
Active:           364084 kB
Mem:          3.8G       3.7G       114M       5.7M        28M       3.2G

MemTotal:        4016004 kB
MemFree:          128280 kB
Active:           364108 kB
Mem:          3.8G       3.7G       124M       5.7M        28M       3.2G

MemTotal:        4016004 kB
MemFree:          120248 kB
Active:           364132 kB
Mem:          3.8G       3.7G       116M       5.7M        28M       3.2G

MemTotal:        4016004 kB
MemFree:          112464 kB
Active:           364156 kB
Mem:          3.8G       3.7G       108M       5.7M        28M       3.2G

MemTotal:        4016004 kB
MemFree:          115700 kB
Active:           364152 kB
Mem:          3.8G       3.7G       112M       5.7M        28M       3.2G

MemTotal:        4016004 kB
MemFree:          125524 kB
Active:           364200 kB
Mem:          3.8G       3.7G       121M       5.7M        28M       3.2G

MemTotal:        4016004 kB
MemFree:          117648 kB
Active:           364204 kB
Mem:          3.8G       3.7G       113M       5.7M        28M       3.2G

MemTotal:        4016004 kB
MemFree:          135808 kB
Active:           364252 kB
Mem:          3.8G       3.7G       132M       5.7M        28M       3.2G

MemTotal:        4016004 kB
MemFree:          125044 kB
Active:           364276 kB
Mem:          3.8G       3.7G       120M       5.7M        28M       3.2G

MemTotal:        4016004 kB
MemFree:          120292 kB
Active:           364256 kB
Mem:          3.8G       3.7G       124M       5.7M        28M       3.2G

MemTotal:        4016004 kB
MemFree:          107976 kB
Active:           364176 kB
Mem:          3.8G       3.7G       104M       5.7M        28M       3.2G

MemTotal:        4016004 kB
MemFree:          111000 kB
Active:           364212 kB
Mem:          3.8G       3.7G       107M       5.7M        28M       3.2G

MemTotal:        4016004 kB
MemFree:          126340 kB
Active:           364248 kB
Mem:          3.8G       3.7G       125M       5.7M        28M       3.2G

MemTotal:        4016004 kB
MemFree:          110968 kB
Active:           362000 kB
Mem:          3.8G       3.7G       107M       5.7M        28M       3.2G

MemTotal:        4016004 kB
MemFree:          126540 kB
Active:           362008 kB
Mem:          3.8G       3.7G       122M       5.7M        28M       3.2G

MemTotal:        4016004 kB
MemFree:          130972 kB
Active:           362052 kB
Mem:          3.8G       3.7G       126M       5.7M        28M       3.2G

MemTotal:        4016004 kB
MemFree:          120724 kB
Active:           362076 kB
Mem:          3.8G       3.7G       116M       5.7M        28M       3.2G

MemTotal:        4016004 kB
MemFree:          111948 kB
Active:           362112 kB
Mem:          3.8G       3.7G       108M       5.7M        28M       3.2G

MemTotal:        4016004 kB
MemFree:          117348 kB
Active:           362120 kB
Mem:          3.8G       3.7G       114M       5.7M        28M       3.2G

MemTotal:        4016004 kB
MemFree:          107608 kB
Active:           362132 kB
Mem:          3.8G       3.7G       104M       5.7M        28M       3.2G

MemTotal:        4016004 kB
MemFree:          128392 kB
Active:           362152 kB
Mem:          3.8G       3.7G       125M       5.7M        28M       3.2G

MemTotal:        4016004 kB
MemFree:          132964 kB
Active:           362180 kB
Mem:          3.8G       3.7G       129M       5.7M        28M       3.2G

MemTotal:        4016004 kB
MemFree:          109456 kB
Active:           362212 kB
Mem:          3.8G       3.7G       106M       5.7M        28M       3.2G

MemTotal:        4016004 kB
MemFree:          125564 kB
Active:           362212 kB
Mem:          3.8G       3.7G       122M       5.7M        28M       3.2G

MemTotal:        4016004 kB
MemFree:          105528 kB
Active:           362208 kB
Mem:          3.8G       3.7G       124M       5.7M        28M       3.2G

MemTotal:        4016004 kB
MemFree:          115104 kB
Active:           362268 kB
Mem:          3.8G       3.7G       111M       5.7M        28M       3.2G

MemTotal:        4016004 kB
MemFree:          106700 kB
Active:           362268 kB
Mem:          3.8G       3.7G       103M       5.7M        28M       3.2G

MemTotal:        4016004 kB
MemFree:          133884 kB
Active:           362340 kB
Mem:          3.8G       3.7G       130M       5.7M        28M       3.2G

MemTotal:        4016004 kB
MemFree:          137140 kB
Active:           362364 kB
Mem:          3.8G       3.7G       133M       5.7M        28M       3.2G

MemTotal:        4016004 kB
MemFree:          107548 kB
Active:           362360 kB
Mem:          3.8G       3.7G       104M       5.7M        28M       3.2G

MemTotal:        4016004 kB
MemFree:          133684 kB
Active:           359520 kB
Mem:          3.8G       3.7G       130M       5.7M        28M       3.2G

MemTotal:        4016004 kB
MemFree:          133808 kB
Active:           359488 kB
Mem:          3.8G       3.7G       130M       5.7M        28M       3.2G

MemTotal:        4016004 kB
MemFree:          133560 kB
Active:           359500 kB
Mem:          3.8G       3.7G       130M       5.7M        28M       3.2G

MemTotal:        4016004 kB
MemFree:          133684 kB
Active:           359536 kB
Mem:          3.8G       3.7G       130M       5.7M        28M       3.2G

MemTotal:        4016004 kB
MemFree:          133080 kB
Active:           359544 kB
Mem:          3.8G       3.7G       129M       5.7M        28M       3.2G

MemTotal:        4016004 kB
MemFree:          132988 kB
Active:           359552 kB
Mem:          3.8G       3.7G       129M       5.7M        28M       3.2G

MemTotal:        4016004 kB
MemFree:          133020 kB
Active:           359544 kB
Mem:          3.8G       3.7G       129M       5.7M        28M       3.2G

MemTotal:        4016004 kB
MemFree:          132808 kB
Active:           359556 kB
Mem:          3.8G       3.7G       129M       5.7M        28M       3.2G

MemTotal:        4016004 kB
MemFree:          133184 kB
Active:           359512 kB
Mem:          3.8G       3.7G       130M       5.7M        28M       3.2G

MemTotal:        4016004 kB
MemFree:          133308 kB
Active:           359524 kB
Mem:          3.8G       3.7G       129M       5.7M        28M       3.2G

MemTotal:        4016004 kB
MemFree:          133060 kB
Active:           359536 kB
Mem:          3.8G       3.7G       129M       5.7M        28M       3.2G

MemTotal:        4016004 kB
MemFree:          133060 kB
Active:           359528 kB
Mem:          3.8G       3.7G       129M       5.7M        28M       3.2G

MemTotal:        4016004 kB
MemFree:          133184 kB
Active:           359568 kB
Mem:          3.8G       3.7G       129M       5.7M        28M       3.2G

MemTotal:        4016004 kB
MemFree:          133060 kB
Active:           359540 kB
Mem:          3.8G       3.7G       129M       5.7M        28M       3.2G

MemTotal:        4016004 kB
MemFree:          133184 kB
Active:           359552 kB
Mem:          3.8G       3.7G       130M       5.7M        28M       3.2G

MemTotal:        4016004 kB
MemFree:          133184 kB
Active:           359568 kB
Mem:          3.8G       3.7G       129M       5.7M        28M       3.2G

MemTotal:        4016004 kB
MemFree:          133184 kB
Active:           359568 kB
Mem:          3.8G       3.7G       130M       5.7M        28M       3.2G

MemTotal:        4016004 kB
MemFree:          132936 kB
Active:           359576 kB
Mem:          3.8G       3.7G       130M       5.7M        28M       3.2G

MemTotal:        4016004 kB
MemFree:          133060 kB
Active:           359560 kB
Mem:          3.8G       3.7G       129M       5.7M        28M       3.2G

MemTotal:        4016004 kB
MemFree:          133184 kB
Active:           359564 kB
Mem:          3.8G       3.7G       129M       5.7M        28M       3.2G

MemTotal:        4016004 kB
MemFree:          133184 kB
Active:           359560 kB
Mem:          3.8G       3.7G       129M       5.7M        28M       3.2G

MemTotal:        4016004 kB
MemFree:          133184 kB
Active:           359572 kB
Mem:          3.8G       3.7G       129M       5.7M        28M       3.2G

MemTotal:        4016004 kB
MemFree:          133184 kB
Active:           359564 kB
Mem:          3.8G       3.7G       129M       5.7M        28M       3.2G

MemTotal:        4016004 kB
MemFree:          133060 kB
Active:           359580 kB
Mem:          3.8G       3.7G       129M       5.7M        28M       3.2G

MemTotal:        4016004 kB
MemFree:          133184 kB
Active:           359576 kB
Mem:          3.8G       3.7G       129M       5.7M        28M       3.2G

MemTotal:        4016004 kB
MemFree:          133184 kB
Active:           359588 kB
Mem:          3.8G       3.7G       130M       5.7M        28M       3.2G

MemTotal:        4016004 kB
MemFree:          133432 kB
Active:           359568 kB
Mem:          3.8G       3.7G       130M       5.7M        28M       3.2G

MemTotal:        4016004 kB
MemFree:          133432 kB
Active:           359564 kB
Mem:          3.8G       3.7G       129M       5.7M        28M       3.2G

MemTotal:        4016004 kB
MemFree:          133308 kB
Active:           359576 kB
Mem:          3.8G       3.7G       129M       5.7M        28M       3.2G

MemTotal:        4016004 kB
MemFree:          133308 kB
Active:           359584 kB
Mem:          3.8G       3.7G       129M       5.7M        28M       3.2G

MemTotal:        4016004 kB
MemFree:          133308 kB
Active:           359584 kB
Mem:          3.8G       3.7G       130M       5.7M        28M       3.2G

MemTotal:        4016004 kB
MemFree:          133184 kB
Active:           359596 kB
Mem:          3.8G       3.7G       130M       5.7M        28M       3.2G

MemTotal:        4016004 kB
MemFree:          133804 kB
Active:           359580 kB
Mem:          3.8G       3.7G       130M       5.7M        28M       3.2G

MemTotal:        4016004 kB
MemFree:          132936 kB
Active:           359608 kB
Mem:          3.8G       3.7G       129M       5.7M        28M       3.2G

MemTotal:        4016004 kB
MemFree:          133060 kB
Active:           359604 kB
Mem:          3.8G       3.7G       129M       5.7M        28M       3.2G

MemTotal:        4016004 kB
MemFree:          132936 kB
Active:           359576 kB
Mem:          3.8G       3.7G       129M       5.7M        28M       3.2G

MemTotal:        4016004 kB
MemFree:          133184 kB
Active:           359580 kB
Mem:          3.8G       3.7G       130M       5.7M        28M       3.2G

MemTotal:        4016004 kB
MemFree:          133184 kB
Active:           359572 kB
Mem:          3.8G       3.7G       129M       5.7M        28M       3.2G

MemTotal:        4016004 kB
MemFree:          133184 kB
Active:           359612 kB
Mem:          3.8G       3.7G       130M       5.7M        28M       3.2G

MemTotal:        4016004 kB
MemFree:          132936 kB
Active:           359620 kB
Mem:          3.8G       3.7G       129M       5.7M        28M       3.2G

MemTotal:        4016004 kB
MemFree:          133184 kB
Active:           359612 kB
Mem:          3.8G       3.7G       130M       5.7M        28M       3.2G

MemTotal:        4016004 kB
MemFree:          133184 kB
Active:           359612 kB
Mem:          3.8G       3.7G       130M       5.7M        28M       3.2G

MemTotal:        4016004 kB
MemFree:          133184 kB
Active:           359596 kB
Mem:          3.8G       3.7G       129M       5.7M        28M       3.2G

MemTotal:        4016004 kB
MemFree:          133060 kB
Active:           359616 kB
Mem:          3.8G       3.7G       129M       5.7M        28M       3.2G

MemTotal:        4016004 kB
MemFree:          133184 kB
Active:           359600 kB
Mem:          3.8G       3.7G       130M       5.7M        28M       3.2G

MemTotal:        4016004 kB
MemFree:          133184 kB
Active:           359612 kB
Mem:          3.8G       3.7G       129M       5.7M        28M       3.2G

MemTotal:        4016004 kB
MemFree:          132936 kB
Active:           359588 kB
Mem:          3.8G       3.7G       129M       5.7M        28M       3.2G

MemTotal:        4016004 kB
MemFree:          133680 kB
Active:           359604 kB
Mem:          3.8G       3.7G       130M       5.7M        28M       3.2G

MemTotal:        4016004 kB
MemFree:          133432 kB
Active:           359624 kB
Mem:          3.8G       3.7G       130M       5.7M        28M       3.2G

MemTotal:        4016004 kB
MemFree:          133308 kB
Active:           359592 kB
Mem:          3.8G       3.7G       130M       5.7M        28M       3.2G

MemTotal:        4016004 kB
MemFree:          133308 kB
Active:           359604 kB
Mem:          3.8G       3.7G       130M       5.7M        28M       3.2G

MemTotal:        4016004 kB
MemFree:          133308 kB
Active:           359636 kB
Mem:          3.8G       3.7G       130M       5.7M        28M       3.2G

MemTotal:        4016004 kB
MemFree:          133184 kB
Active:           359588 kB
Mem:          3.8G       3.7G       129M       5.7M        28M       3.2G

MemTotal:        4016004 kB
MemFree:          132564 kB
Active:           359640 kB
Mem:          3.8G       3.7G       129M       5.7M        28M       3.2G

MemTotal:        4016004 kB
MemFree:          129680 kB
Active:           361804 kB
Mem:          3.8G       3.7G       126M       5.7M        30M       3.2G

MemTotal:        4016004 kB
MemFree:          129076 kB
Active:           361944 kB
Mem:          3.8G       3.7G       126M       5.7M        30M       3.2G

MemTotal:        4016004 kB
MemFree:          129580 kB
Active:           361936 kB
Mem:          3.8G       3.7G       126M       5.7M        30M       3.2G

MemTotal:        4016004 kB
MemFree:          130076 kB
Active:           361936 kB
Mem:          3.8G       3.7G       127M       5.7M        30M       3.2G

MemTotal:        4016004 kB
MemFree:          129952 kB
Active:           361960 kB
Mem:          3.8G       3.7G       126M       5.7M        30M       3.2G

MemTotal:        4016004 kB
MemFree:          129828 kB
Active:           361968 kB
Mem:          3.8G       3.7G       126M       5.7M        30M       3.2G

MemTotal:        4016004 kB
MemFree:          129580 kB
Active:           361940 kB
Mem:          3.8G       3.7G       126M       5.7M        30M       3.2G

MemTotal:        4016004 kB
MemFree:          129688 kB
Active:           362036 kB
Mem:          3.8G       3.7G       126M       5.7M        30M       3.2G

MemTotal:        4016004 kB
MemFree:          129936 kB
Active:           362032 kB
Mem:          3.8G       3.7G       126M       5.7M        30M       3.2G

MemTotal:        4016004 kB
MemFree:          130060 kB
Active:           362032 kB
Mem:          3.8G       3.7G       126M       5.7M        30M       3.2G

MemTotal:        4016004 kB
MemFree:          129688 kB
Active:           362032 kB
Mem:          3.8G       3.7G       126M       5.7M        30M       3.2G

MemTotal:        4016004 kB
MemFree:          129688 kB
Active:           362032 kB
Mem:          3.8G       3.7G       126M       5.7M        30M       3.2G

MemTotal:        4016004 kB
MemFree:          129688 kB
Active:           362040 kB
Mem:          3.8G       3.7G       126M       5.7M        30M       3.2G

MemTotal:        4016004 kB
MemFree:          129688 kB
Active:           362016 kB
Mem:          3.8G       3.7G       126M       5.7M        30M       3.2G

MemTotal:        4016004 kB
MemFree:          129564 kB
Active:           362040 kB
Mem:          3.8G       3.7G       126M       5.7M        30M       3.2G

MemTotal:        4016004 kB
MemFree:          129440 kB
Active:           362004 kB
Mem:          3.8G       3.7G       126M       5.7M        30M       3.2G

MemTotal:        4016004 kB
MemFree:          129688 kB
Active:           362016 kB
Mem:          3.8G       3.7G       126M       5.7M        30M       3.2G

MemTotal:        4016004 kB
MemFree:          129440 kB
Active:           362020 kB
Mem:          3.8G       3.7G       126M       5.7M        30M       3.2G

MemTotal:        4016004 kB
MemFree:          129192 kB
Active:           362012 kB
Mem:          3.8G       3.7G       126M       5.7M        30M       3.2G

MemTotal:        4016004 kB
MemFree:          129812 kB
Active:           362008 kB
Mem:          3.8G       3.7G       126M       5.7M        30M       3.2G

MemTotal:        4016004 kB
MemFree:          129564 kB
Active:           362004 kB
Mem:          3.8G       3.7G       126M       5.7M        30M       3.2G

MemTotal:        4016004 kB
MemFree:          129688 kB
Active:           362004 kB
Mem:          3.8G       3.7G       126M       5.7M        30M       3.2G

MemTotal:        4016004 kB
MemFree:          129688 kB
Active:           362008 kB
Mem:          3.8G       3.7G       126M       5.7M        30M       3.2G

MemTotal:        4016004 kB
MemFree:          129456 kB
Active:           361996 kB
Mem:          3.8G       3.7G       126M       5.7M        30M       3.2G

MemTotal:        4016004 kB
MemFree:          129332 kB
Active:           362052 kB
Mem:          3.8G       3.7G       126M       5.7M        30M       3.2G

MemTotal:        4016004 kB
MemFree:          129332 kB
Active:           362020 kB
Mem:          3.8G       3.7G       126M       5.7M        30M       3.2G

MemTotal:        4016004 kB
MemFree:          129332 kB
Active:           362020 kB
Mem:          3.8G       3.7G       126M       5.7M        30M       3.2G

MemTotal:        4016004 kB
MemFree:          129208 kB
Active:           362056 kB
Mem:          3.8G       3.7G       126M       5.7M        30M       3.2G

MemTotal:        4016004 kB
MemFree:          129208 kB
Active:           362028 kB
Mem:          3.8G       3.7G       125M       5.7M        30M       3.2G

MemTotal:        4016004 kB
MemFree:          129332 kB
Active:           362036 kB
Mem:          3.8G       3.7G       126M       5.7M        30M       3.2G

MemTotal:        4016004 kB
MemFree:          129332 kB
Active:           362048 kB
Mem:          3.8G       3.7G       126M       5.7M        30M       3.2G

MemTotal:        4016004 kB
MemFree:          129456 kB
Active:           362040 kB
Mem:          3.8G       3.7G       126M       5.7M        30M       3.2G

MemTotal:        4016004 kB
MemFree:          129580 kB
Active:           362044 kB
Mem:          3.8G       3.7G       126M       5.7M        30M       3.2G

MemTotal:        4016004 kB
MemFree:          130076 kB
Active:           362072 kB
Mem:          3.8G       3.7G       126M       5.7M        30M       3.2G

MemTotal:        4016004 kB
MemFree:          129580 kB
Active:           362080 kB
Mem:          3.8G       3.7G       126M       5.7M        30M       3.2G

MemTotal:        4016004 kB
MemFree:          129332 kB
Active:           362056 kB
Mem:          3.8G       3.7G       126M       5.7M        30M       3.2G

MemTotal:        4016004 kB
MemFree:          129332 kB
Active:           362032 kB
Mem:          3.8G       3.7G       126M       5.7M        30M       3.2G

MemTotal:        4016004 kB
MemFree:          129456 kB
Active:           362080 kB
Mem:          3.8G       3.7G       126M       5.7M        30M       3.2G

MemTotal:        4016004 kB
MemFree:          129084 kB
Active:           362084 kB
Mem:          3.8G       3.7G       126M       5.7M        30M       3.2G

MemTotal:        4016004 kB
MemFree:          129456 kB
Active:           362044 kB
Mem:          3.8G       3.7G       126M       5.7M        30M       3.2G

MemTotal:        4016004 kB
MemFree:          129952 kB
Active:           362040 kB
Mem:          3.8G       3.7G       126M       5.7M        30M       3.2G

MemTotal:        4016004 kB
MemFree:          129580 kB
Active:           362076 kB
Mem:          3.8G       3.7G       126M       5.7M        30M       3.2G

MemTotal:        4016004 kB
MemFree:          129580 kB
Active:           362060 kB
Mem:          3.8G       3.7G       126M       5.7M        30M       3.2G

MemTotal:        4016004 kB
MemFree:          129704 kB
Active:           362080 kB
Mem:          3.8G       3.7G       126M       5.7M        30M       3.2G

MemTotal:        4016004 kB
MemFree:          129580 kB
Active:           362064 kB
Mem:          3.8G       3.7G       126M       5.7M        30M       3.2G

MemTotal:        4016004 kB
MemFree:          129580 kB
Active:           362056 kB
Mem:          3.8G       3.7G       126M       5.7M        30M       3.2G

MemTotal:        4016004 kB
MemFree:          129332 kB
Active:           362084 kB
Mem:          3.8G       3.7G       126M       5.7M        30M       3.2G

MemTotal:        4016004 kB
MemFree:          129580 kB
Active:           362096 kB
Mem:          3.8G       3.7G       126M       5.7M        30M       3.2G

MemTotal:        4016004 kB
MemFree:          129580 kB
Active:           362088 kB
Mem:          3.8G       3.7G       126M       5.7M        30M       3.2G

MemTotal:        4016004 kB
MemFree:          129208 kB
Active:           362088 kB
Mem:          3.8G       3.7G       126M       5.7M        30M       3.2G

MemTotal:        4016004 kB
MemFree:          129456 kB
Active:           362052 kB
Mem:          3.8G       3.7G       126M       5.7M        30M       3.2G

MemTotal:        4016004 kB
MemFree:          129332 kB
Active:           362048 kB
Mem:          3.8G       3.7G       126M       5.7M        30M       3.2G

MemTotal:        4016004 kB
MemFree:          129456 kB
Active:           362088 kB
Mem:          3.8G       3.7G       126M       5.7M        30M       3.2G

MemTotal:        4016004 kB
MemFree:          129456 kB
Active:           362048 kB
Mem:          3.8G       3.7G       126M       5.7M        30M       3.2G

MemTotal:        4016004 kB
MemFree:          129332 kB
Active:           362048 kB
Mem:          3.8G       3.7G       126M       5.7M        30M       3.2G

MemTotal:        4016004 kB
MemFree:          129828 kB
Active:           362056 kB
Mem:          3.8G       3.7G       126M       5.7M        30M       3.2G

MemTotal:        4016004 kB
MemFree:          129332 kB
Active:           362084 kB
Mem:          3.8G       3.7G       126M       5.7M        30M       3.2G

MemTotal:        4016004 kB
MemFree:          128960 kB
Active:           362100 kB
Mem:          3.8G       3.7G       126M       5.7M        30M       3.2G

MemTotal:        4016004 kB
MemFree:          129456 kB
Active:           362092 kB
Mem:          3.8G       3.7G       126M       5.7M        30M       3.2G

MemTotal:        4016004 kB
MemFree:          129332 kB
Active:           362088 kB
Mem:          3.8G       3.7G       126M       5.7M        30M       3.2G

MemTotal:        4016004 kB
MemFree:          129084 kB
Active:           362120 kB
Mem:          3.8G       3.7G       126M       5.7M        30M       3.2G

MemTotal:        4016004 kB
MemFree:          129332 kB
Active:           362128 kB
Mem:          3.8G       3.7G       126M       5.7M        30M       3.2G

MemTotal:        4016004 kB
MemFree:          129456 kB
Active:           362116 kB
Mem:          3.8G       3.7G       126M       5.7M        30M       3.2G

MemTotal:        4016004 kB
MemFree:          129332 kB
Active:           362116 kB
Mem:          3.8G       3.7G       126M       5.7M        30M       3.2G

MemTotal:        4016004 kB
MemFree:          129332 kB
Active:           362104 kB
Mem:          3.8G       3.7G       126M       5.7M        30M       3.2G

MemTotal:        4016004 kB
MemFree:          129208 kB
Active:           362108 kB
Mem:          3.8G       3.7G       126M       5.7M        30M       3.2G

MemTotal:        4016004 kB
MemFree:          129456 kB
Active:           362124 kB
Mem:          3.8G       3.7G       126M       5.7M        30M       3.2G

MemTotal:        4016004 kB
MemFree:          129456 kB
Active:           362108 kB
Mem:          3.8G       3.7G       126M       5.7M        30M       3.2G

MemTotal:        4016004 kB
MemFree:          129332 kB
Active:           362100 kB
Mem:          3.8G       3.7G       126M       5.7M        30M       3.2G

MemTotal:        4016004 kB
MemFree:          129208 kB
Active:           362096 kB
Mem:          3.8G       3.7G       126M       5.7M        30M       3.2G

MemTotal:        4016004 kB
MemFree:          129332 kB
Active:           362112 kB
Mem:          3.8G       3.7G       126M       5.7M        30M       3.2G

MemTotal:        4016004 kB
MemFree:          129084 kB
Active:           362136 kB
Mem:          3.8G       3.7G       126M       5.7M        30M       3.2G

MemTotal:        4016004 kB
MemFree:          129208 kB
Active:           362108 kB
Mem:          3.8G       3.7G       125M       5.7M        30M       3.2G

MemTotal:        4016004 kB
MemFree:          128960 kB
Active:           362140 kB
Mem:          3.8G       3.7G       126M       5.7M        30M       3.2G

MemTotal:        4016004 kB
MemFree:          129208 kB
Active:           362140 kB
Mem:          3.8G       3.7G       125M       5.7M        30M       3.2G

MemTotal:        4016004 kB
MemFree:          129084 kB
Active:           362100 kB
Mem:          3.8G       3.7G       125M       5.7M        30M       3.2G

MemTotal:        4016004 kB
MemFree:          128960 kB
Active:           362128 kB
Mem:          3.8G       3.7G       125M       5.7M        30M       3.2G

MemTotal:        4016004 kB
MemFree:          129084 kB
Active:           362120 kB
Mem:          3.8G       3.7G       126M       5.7M        30M       3.2G

MemTotal:        4016004 kB
MemFree:          129084 kB
Active:           362124 kB
Mem:          3.8G       3.7G       125M       5.7M        30M       3.2G

MemTotal:        4016004 kB
MemFree:          129208 kB
Active:           362128 kB
Mem:          3.8G       3.7G       126M       5.7M        30M       3.2G

MemTotal:        4016004 kB
MemFree:          129332 kB
Active:           362108 kB
Mem:          3.8G       3.7G       126M       5.7M        30M       3.2G

MemTotal:        4016004 kB
MemFree:          129208 kB
Active:           362116 kB
Mem:          3.8G       3.7G       126M       5.7M        30M       3.2G

MemTotal:        4016004 kB
MemFree:          129208 kB
Active:           362152 kB
Mem:          3.8G       3.7G       126M       5.7M        30M       3.2G

MemTotal:        4016004 kB
MemFree:          128712 kB
Active:           362172 kB
Mem:          3.8G       3.7G       125M       5.7M        30M       3.2G

MemTotal:        4016004 kB
MemFree:          128836 kB
Active:           362168 kB
Mem:          3.8G       3.7G       125M       5.7M        30M       3.2G

MemTotal:        4016004 kB
MemFree:          128836 kB
Active:           362168 kB
Mem:          3.8G       3.7G       125M       5.7M        30M       3.2G

MemTotal:        4016004 kB
MemFree:          129332 kB
Active:           362128 kB
Mem:          3.8G       3.7G       126M       5.7M        30M       3.2G

MemTotal:        4016004 kB
MemFree:          128960 kB
Active:           362172 kB
Mem:          3.8G       3.7G       125M       5.7M        30M       3.2G

MemTotal:        4016004 kB
MemFree:          128960 kB
Active:           362156 kB
Mem:          3.8G       3.7G       125M       5.7M        30M       3.2G

MemTotal:        4016004 kB
MemFree:          128712 kB
Active:           362148 kB
Mem:          3.8G       3.7G       125M       5.7M        30M       3.2G

MemTotal:        4016004 kB
MemFree:          129332 kB
Active:           362124 kB
Mem:          3.8G       3.7G       126M       5.7M        30M       3.2G

MemTotal:        4016004 kB
MemFree:          129208 kB
Active:           362140 kB
Mem:          3.8G       3.7G       126M       5.7M        30M       3.2G

MemTotal:        4016004 kB
MemFree:          129084 kB
Active:           362168 kB
Mem:          3.8G       3.7G       125M       5.7M        30M       3.2G

MemTotal:        4016004 kB
MemFree:          129456 kB
Active:           362156 kB
Mem:          3.8G       3.7G       126M       5.7M        30M       3.2G

MemTotal:        4016004 kB
MemFree:          129332 kB
Active:           362148 kB
Mem:          3.8G       3.7G       126M       5.7M        30M       3.2G

MemTotal:        4016004 kB
MemFree:          129332 kB
Active:           362168 kB
Mem:          3.8G       3.7G       126M       5.7M        30M       3.2G

MemTotal:        4016004 kB
MemFree:          128960 kB
Active:           362184 kB
Mem:          3.8G       3.7G       126M       5.7M        30M       3.2G

MemTotal:        4016004 kB
MemFree:          129456 kB
Active:           362160 kB
Mem:          3.8G       3.7G       126M       5.7M        30M       3.2G

MemTotal:        4016004 kB
MemFree:          129208 kB
Active:           362152 kB
Mem:          3.8G       3.7G       126M       5.7M        30M       3.2G

MemTotal:        4016004 kB
MemFree:          129580 kB
Active:           362132 kB
Mem:          3.8G       3.7G       126M       5.7M        30M       3.2G

MemTotal:        4016004 kB
MemFree:          129332 kB
Active:           362164 kB
Mem:          3.8G       3.7G       126M       5.7M        30M       3.2G

MemTotal:        4016004 kB
MemFree:          129084 kB
Active:           362148 kB
Mem:          3.8G       3.7G       125M       5.7M        30M       3.2G

MemTotal:        4016004 kB
MemFree:          128960 kB
Active:           362160 kB
Mem:          3.8G       3.7G       126M       5.7M        30M       3.2G

MemTotal:        4016004 kB
MemFree:          129084 kB
Active:           362156 kB
Mem:          3.8G       3.7G       125M       5.7M        30M       3.2G

MemTotal:        4016004 kB
MemFree:          129084 kB
Active:           362180 kB
Mem:          3.8G       3.7G       126M       5.7M        30M       3.2G

MemTotal:        4016004 kB
MemFree:          129084 kB
Active:           362192 kB
Mem:          3.8G       3.7G       125M       5.7M        30M       3.2G

MemTotal:        4016004 kB
MemFree:          129084 kB
Active:           362184 kB
Mem:          3.8G       3.7G       125M       5.7M        30M       3.2G

MemTotal:        4016004 kB
MemFree:          128836 kB
Active:           362180 kB
Mem:          3.8G       3.7G       125M       5.7M        30M       3.2G

MemTotal:        4016004 kB
MemFree:          129208 kB
Active:           362180 kB
Mem:          3.8G       3.7G       126M       5.7M        30M       3.2G

MemTotal:        4016004 kB
MemFree:          129084 kB
Active:           362160 kB
Mem:          3.8G       3.7G       126M       5.7M        30M       3.2G

MemTotal:        4016004 kB
MemFree:          129208 kB
Active:           362144 kB
Mem:          3.8G       3.7G       125M       5.7M        30M       3.2G

MemTotal:        4016004 kB
MemFree:          129084 kB
Active:           362164 kB
Mem:          3.8G       3.7G       125M       5.7M        30M       3.2G

MemTotal:        4016004 kB
MemFree:          128836 kB
Active:           362172 kB
Mem:          3.8G       3.7G       125M       5.7M        30M       3.2G

MemTotal:        4016004 kB
MemFree:          128960 kB
Active:           362204 kB
Mem:          3.8G       3.7G       125M       5.7M        30M       3.2G

MemTotal:        4016004 kB
MemFree:          129084 kB
Active:           362200 kB
Mem:          3.8G       3.7G       126M       5.7M        30M       3.2G

MemTotal:        4016004 kB
MemFree:          129084 kB
Active:           362204 kB
Mem:          3.8G       3.7G       125M       5.7M        30M       3.2G

MemTotal:        4016004 kB
MemFree:          129084 kB
Active:           362196 kB
Mem:          3.8G       3.7G       125M       5.7M        30M       3.2G

MemTotal:        4016004 kB
MemFree:          129084 kB
Active:           362176 kB
Mem:          3.8G       3.7G       125M       5.7M        30M       3.2G

MemTotal:        4016004 kB
MemFree:          128960 kB
Active:           362180 kB
Mem:          3.8G       3.7G       125M       5.7M        30M       3.2G

MemTotal:        4016004 kB
MemFree:          129208 kB
Active:           362184 kB
Mem:          3.8G       3.7G       126M       5.7M        30M       3.2G

MemTotal:        4016004 kB
MemFree:          129208 kB
Active:           362216 kB
Mem:          3.8G       3.7G       126M       5.7M        30M       3.2G

MemTotal:        4016004 kB
MemFree:          129084 kB
Active:           362204 kB
Mem:          3.8G       3.7G       125M       5.7M        30M       3.2G

MemTotal:        4016004 kB
MemFree:          129208 kB
Active:           362168 kB
Mem:          3.8G       3.7G       126M       5.7M        31M       3.2G

MemTotal:        4016004 kB
MemFree:          129208 kB
Active:           362220 kB
Mem:          3.8G       3.7G       126M       5.7M        31M       3.2G

MemTotal:        4016004 kB
MemFree:          129332 kB
Active:           362192 kB
Mem:          3.8G       3.7G       126M       5.7M        31M       3.2G

MemTotal:        4016004 kB
MemFree:          129332 kB
Active:           362196 kB
Mem:          3.8G       3.7G       126M       5.7M        31M       3.2G

MemTotal:        4016004 kB
MemFree:          129208 kB
Active:           362184 kB
Mem:          3.8G       3.7G       126M       5.7M        31M       3.2G

MemTotal:        4016004 kB
MemFree:          129704 kB
Active:           362184 kB
Mem:          3.8G       3.7G       126M       5.7M        31M       3.2G

MemTotal:        4016004 kB
MemFree:          130112 kB
Active:           361760 kB
Mem:          3.8G       3.7G       127M       5.7M        31M       3.2G

MemTotal:        4016004 kB
MemFree:          130236 kB
Active:           361764 kB
Mem:          3.8G       3.7G       127M       5.7M        31M       3.2G

MemTotal:        4016004 kB
MemFree:          130484 kB
Active:           361784 kB
Mem:          3.8G       3.7G       127M       5.7M        31M       3.2G

MemTotal:        4016004 kB
MemFree:          130484 kB
Active:           361808 kB
Mem:          3.8G       3.7G       127M       5.7M        31M       3.2G

MemTotal:        4016004 kB
MemFree:          130112 kB
Active:           361780 kB
Mem:          3.8G       3.7G       127M       5.7M        31M       3.2G

MemTotal:        4016004 kB
MemFree:          130236 kB
Active:           361780 kB
Mem:          3.8G       3.7G       127M       5.7M        31M       3.2G

MemTotal:        4016004 kB
MemFree:          130424 kB
Active:           361808 kB
Mem:          3.8G       3.7G       127M       5.7M        31M       3.2G

MemTotal:        4016004 kB
MemFree:          130424 kB
Active:           361768 kB
Mem:          3.8G       3.7G       127M       5.7M        31M       3.2G

MemTotal:        4016004 kB
MemFree:          131044 kB
Active:           361788 kB
Mem:          3.8G       3.7G       128M       5.7M        31M       3.2G

MemTotal:        4016004 kB
MemFree:          130920 kB
Active:           361788 kB
Mem:          3.8G       3.7G       127M       5.7M        31M       3.2G

MemTotal:        4016004 kB
MemFree:          130796 kB
Active:           361780 kB
Mem:          3.8G       3.7G       127M       5.7M        31M       3.2G

MemTotal:        4016004 kB
MemFree:          130796 kB
Active:           361804 kB
Mem:          3.8G       3.7G       127M       5.7M        31M       3.2G

MemTotal:        4016004 kB
MemFree:          130548 kB
Active:           361840 kB
Mem:          3.8G       3.7G       127M       5.7M        31M       3.2G

MemTotal:        4016004 kB
MemFree:          130920 kB
Active:           361788 kB
Mem:          3.8G       3.7G       127M       5.7M        31M       3.2G

MemTotal:        4016004 kB
MemFree:          130424 kB
Active:           361796 kB
Mem:          3.8G       3.7G       127M       5.7M        31M       3.2G

MemTotal:        4016004 kB
MemFree:          130176 kB
Active:           361840 kB
Mem:          3.8G       3.7G       127M       5.7M        31M       3.2G

MemTotal:        4016004 kB
MemFree:          130424 kB
Active:           361828 kB
Mem:          3.8G       3.7G       127M       5.7M        31M       3.2G

MemTotal:        4016004 kB
MemFree:          130176 kB
Active:           361848 kB
Mem:          3.8G       3.7G       127M       5.7M        31M       3.2G

MemTotal:        4016004 kB
MemFree:          130672 kB
Active:           361808 kB
Mem:          3.8G       3.7G       127M       5.7M        31M       3.2G

MemTotal:        4016004 kB
MemFree:          130300 kB
Active:           361848 kB
Mem:          3.8G       3.7G       127M       5.7M        31M       3.2G

MemTotal:        4016004 kB
MemFree:          130796 kB
Active:           361836 kB
Mem:          3.8G       3.7G       127M       5.7M        31M       3.2G

MemTotal:        4016004 kB
MemFree:          130796 kB
Active:           361840 kB
Mem:          3.8G       3.7G       127M       5.7M        31M       3.2G

MemTotal:        4016004 kB
MemFree:          130300 kB
Active:           361856 kB
Mem:          3.8G       3.7G       127M       5.7M        31M       3.2G

MemTotal:        4016004 kB
MemFree:          130688 kB
Active:           361844 kB
Mem:          3.8G       3.7G       127M       5.7M        31M       3.2G

MemTotal:        4016004 kB
MemFree:          130316 kB
Active:           361840 kB
Mem:          3.8G       3.7G       127M       5.7M        31M       3.2G

MemTotal:        4016004 kB
MemFree:          130564 kB
Active:           361832 kB
Mem:          3.8G       3.7G       127M       5.7M        31M       3.2G

MemTotal:        4016004 kB
MemFree:          130812 kB
Active:           361828 kB
Mem:          3.8G       3.7G       127M       5.7M        31M       3.2G

MemTotal:        4016004 kB
MemFree:          130564 kB
Active:           361836 kB
Mem:          3.8G       3.7G       127M       5.7M        31M       3.2G

MemTotal:        4016004 kB
MemFree:          130564 kB
Active:           361832 kB
Mem:          3.8G       3.7G       127M       5.7M        31M       3.2G

MemTotal:        4016004 kB
MemFree:          130564 kB
Active:           361840 kB
