MemTotal:        4016004 kB
MemFree:         3226212 kB
Active:           434124 kB
Mem:          3.8G       771M       3.1G       5.7M        59M       321M

MemTotal:        4016004 kB
MemFree:         3226212 kB
Active:           434324 kB
Mem:          3.8G       771M       3.1G       5.7M        59M       321M

MemTotal:        4016004 kB
MemFree:         3226428 kB
Active:           434424 kB
Mem:          3.8G       771M       3.1G       5.7M        59M       321M

MemTotal:        4016004 kB
MemFree:         3226180 kB
Active:           434444 kB
Mem:          3.8G       771M       3.1G       5.7M        59M       321M

MemTotal:        4016004 kB
MemFree:         3226288 kB
Active:           434452 kB
Mem:          3.8G       771M       3.1G       5.7M        59M       321M

MemTotal:        4016004 kB
MemFree:         3225916 kB
Active:           434460 kB
Mem:          3.8G       771M       3.1G       5.7M        59M       321M

MemTotal:        4016004 kB
MemFree:         3226164 kB
Active:           434460 kB
Mem:          3.8G       771M       3.1G       5.7M        59M       321M

MemTotal:        4016004 kB
MemFree:         3225776 kB
Active:           434412 kB
Mem:          3.8G       771M       3.1G       5.7M        59M       321M

MemTotal:        4016004 kB
MemFree:         3226272 kB
Active:           434432 kB
Mem:          3.8G       771M       3.1G       5.7M        59M       321M

MemTotal:        4016004 kB
MemFree:         3226132 kB
Active:           434428 kB
Mem:          3.8G       771M       3.1G       5.7M        59M       321M

MemTotal:        4016004 kB
MemFree:         3226116 kB
Active:           434452 kB
Mem:          3.8G       771M       3.1G       5.7M        59M       321M

MemTotal:        4016004 kB
MemFree:         3226224 kB
Active:           434432 kB
Mem:          3.8G       771M       3.1G       5.7M        59M       321M

MemTotal:        4016004 kB
MemFree:         3226224 kB
Active:           434452 kB
Mem:          3.8G       771M       3.1G       5.7M        59M       321M

MemTotal:        4016004 kB
MemFree:         3227724 kB
Active:           432440 kB
Mem:          3.8G       770M       3.1G       5.7M        59M       321M

MemTotal:        4016004 kB
MemFree:         3227584 kB
Active:           432404 kB
Mem:          3.8G       770M       3.1G       5.7M        59M       321M

MemTotal:        4016004 kB
MemFree:         3227540 kB
Active:           432432 kB
Mem:          3.8G       769M       3.1G       5.7M        59M       321M

MemTotal:        4016004 kB
MemFree:         3227664 kB
Active:           432396 kB
Mem:          3.8G       769M       3.1G       5.7M        59M       321M

MemTotal:        4016004 kB
MemFree:         3227540 kB
Active:           432436 kB
Mem:          3.8G       769M       3.1G       5.7M        59M       321M

MemTotal:        4016004 kB
MemFree:         3227912 kB
Active:           432400 kB
Mem:          3.8G       769M       3.1G       5.7M        59M       321M

MemTotal:        4016004 kB
MemFree:         3227664 kB
Active:           432424 kB
Mem:          3.8G       769M       3.1G       5.7M        59M       321M

MemTotal:        4016004 kB
MemFree:         3227912 kB
Active:           432436 kB
Mem:          3.8G       769M       3.1G       5.7M        59M       321M

MemTotal:        4016004 kB
MemFree:         3227664 kB
Active:           432428 kB
Mem:          3.8G       769M       3.1G       5.7M        59M       321M

MemTotal:        4016004 kB
MemFree:         3228036 kB
Active:           432448 kB
Mem:          3.8G       769M       3.1G       5.7M        59M       321M

MemTotal:        4016004 kB
MemFree:         3227116 kB
Active:           430412 kB
Mem:          3.8G       770M       3.1G       5.7M        59M       321M

MemTotal:        4016004 kB
MemFree:         3227612 kB
Active:           432444 kB
Mem:          3.8G       769M       3.1G       5.7M        59M       321M

MemTotal:        4016004 kB
MemFree:         3227612 kB
Active:           432456 kB
Mem:          3.8G       770M       3.1G       5.7M        59M       321M

MemTotal:        4016004 kB
MemFree:         3227736 kB
Active:           432448 kB
Mem:          3.8G       769M       3.1G       5.7M        59M       321M

MemTotal:        4016004 kB
MemFree:         3227736 kB
Active:           432416 kB
Mem:          3.8G       769M       3.1G       5.7M        59M       321M

MemTotal:        4016004 kB
MemFree:         3228248 kB
Active:           432436 kB
Mem:          3.8G       769M       3.1G       5.7M        59M       321M

MemTotal:        4016004 kB
MemFree:         3228372 kB
Active:           432432 kB
Mem:          3.8G       769M       3.1G       5.7M        59M       321M

MemTotal:        4016004 kB
MemFree:         3228372 kB
Active:           432456 kB
Mem:          3.8G       769M       3.1G       5.7M        59M       321M

MemTotal:        4016004 kB
MemFree:         3228372 kB
Active:           432428 kB
Mem:          3.8G       769M       3.1G       5.7M        59M       321M

MemTotal:        4016004 kB
MemFree:         3228496 kB
Active:           432452 kB
Mem:          3.8G       769M       3.1G       5.7M        59M       321M

MemTotal:        4016004 kB
MemFree:         3228480 kB
Active:           432468 kB
Mem:          3.8G       769M       3.1G       5.7M        59M       321M

MemTotal:        4016004 kB
MemFree:         3228480 kB
Active:           432440 kB
Mem:          3.8G       769M       3.1G       5.7M        59M       321M

MemTotal:        4016004 kB
MemFree:         3228604 kB
Active:           432420 kB
Mem:          3.8G       769M       3.1G       5.7M        59M       321M

MemTotal:        4016004 kB
MemFree:         3227860 kB
Active:           432456 kB
Mem:          3.8G       770M       3.1G       5.7M        59M       321M

MemTotal:        4016004 kB
MemFree:         3227612 kB
Active:           432456 kB
Mem:          3.8G       770M       3.1G       5.7M        59M       321M

MemTotal:        4016004 kB
MemFree:         3227612 kB
Active:           432476 kB
Mem:          3.8G       770M       3.1G       5.7M        59M       321M

MemTotal:        4016004 kB
MemFree:         3227488 kB
Active:           432476 kB
Mem:          3.8G       769M       3.1G       5.7M        59M       321M

MemTotal:        4016004 kB
MemFree:         3227860 kB
Active:           432460 kB
Mem:          3.8G       769M       3.1G       5.7M        59M       321M

MemTotal:        4016004 kB
MemFree:         3227876 kB
Active:           432436 kB
Mem:          3.8G       769M       3.1G       5.7M        59M       321M

MemTotal:        4016004 kB
MemFree:         3228000 kB
Active:           432432 kB
Mem:          3.8G       769M       3.1G       5.7M        59M       321M

MemTotal:        4016004 kB
MemFree:         3227752 kB
Active:           432484 kB
Mem:          3.8G       769M       3.1G       5.7M        59M       321M

MemTotal:        4016004 kB
MemFree:         3228000 kB
Active:           432452 kB
Mem:          3.8G       769M       3.1G       5.7M        59M       321M

MemTotal:        4016004 kB
MemFree:         3228372 kB
Active:           432460 kB
Mem:          3.8G       769M       3.1G       5.7M        59M       321M

MemTotal:        4016004 kB
MemFree:         3227876 kB
Active:           432488 kB
Mem:          3.8G       769M       3.1G       5.7M        59M       321M

MemTotal:        4016004 kB
MemFree:         3228108 kB
Active:           432484 kB
Mem:          3.8G       769M       3.1G       5.7M        59M       321M

MemTotal:        4016004 kB
MemFree:         3228340 kB
Active:           432496 kB
Mem:          3.8G       769M       3.1G       5.7M        59M       321M

MemTotal:        4016004 kB
MemFree:         3228588 kB
Active:           432460 kB
Mem:          3.8G       769M       3.1G       5.7M        59M       321M

MemTotal:        4016004 kB
MemFree:         3228340 kB
Active:           432464 kB
Mem:          3.8G       769M       3.1G       5.7M        59M       321M

MemTotal:        4016004 kB
MemFree:         3228340 kB
Active:           432468 kB
Mem:          3.8G       769M       3.1G       5.7M        59M       321M

MemTotal:        4016004 kB
MemFree:         3227080 kB
Active:           430552 kB
Mem:          3.8G       770M       3.1G       5.7M        59M       321M

MemTotal:        4016004 kB
MemFree:         3227964 kB
Active:           432492 kB
Mem:          3.8G       769M       3.1G       5.7M        59M       321M

MemTotal:        4016004 kB
MemFree:         3227964 kB
Active:           432508 kB
Mem:          3.8G       769M       3.1G       5.7M        59M       321M

MemTotal:        4016004 kB
MemFree:         3227592 kB
Active:           432540 kB
Mem:          3.8G       769M       3.1G       5.7M        59M       321M

MemTotal:        4016004 kB
MemFree:         3228212 kB
Active:           432488 kB
Mem:          3.8G       769M       3.1G       5.7M        59M       321M

MemTotal:        4016004 kB
MemFree:         3228088 kB
Active:           432540 kB
Mem:          3.8G       769M       3.1G       5.7M        59M       321M

MemTotal:        4016004 kB
MemFree:         3227948 kB
Active:           432544 kB
Mem:          3.8G       769M       3.1G       5.7M        59M       321M

MemTotal:        4016004 kB
MemFree:         3227948 kB
Active:           432508 kB
Mem:          3.8G       769M       3.1G       5.7M        59M       321M

MemTotal:        4016004 kB
MemFree:         3228320 kB
Active:           432496 kB
Mem:          3.8G       769M       3.1G       5.7M        59M       321M

MemTotal:        4016004 kB
MemFree:         3227948 kB
Active:           432548 kB
Mem:          3.8G       769M       3.1G       5.7M        59M       321M

MemTotal:        4016004 kB
MemFree:         3227660 kB
Active:           430516 kB
Mem:          3.8G       769M       3.1G       5.7M        59M       321M

MemTotal:        4016004 kB
MemFree:         3227664 kB
Active:           430492 kB
Mem:          3.8G       769M       3.1G       5.7M        59M       321M

MemTotal:        4016004 kB
MemFree:         3227696 kB
Active:           432544 kB
Mem:          3.8G       769M       3.1G       5.7M        59M       321M

MemTotal:        4016004 kB
MemFree:         3227944 kB
Active:           432500 kB
Mem:          3.8G       769M       3.1G       5.7M        59M       321M

MemTotal:        4016004 kB
MemFree:         3227820 kB
Active:           432508 kB
Mem:          3.8G       769M       3.1G       5.7M        59M       321M

MemTotal:        4016004 kB
MemFree:         3227928 kB
Active:           432524 kB
Mem:          3.8G       769M       3.1G       5.7M        59M       321M

MemTotal:        4016004 kB
MemFree:         3227400 kB
Active:           432552 kB
Mem:          3.8G       769M       3.1G       5.7M        59M       321M

MemTotal:        4016004 kB
MemFree:         3227648 kB
Active:           432500 kB
Mem:          3.8G       769M       3.1G       5.7M        59M       321M

MemTotal:        4016004 kB
MemFree:         3228004 kB
Active:           432540 kB
Mem:          3.8G       769M       3.1G       5.7M        59M       321M

MemTotal:        4016004 kB
MemFree:         3228236 kB
Active:           432516 kB
Mem:          3.8G       769M       3.1G       5.7M        59M       321M

MemTotal:        4016004 kB
MemFree:         3228360 kB
Active:           432524 kB
Mem:          3.8G       769M       3.1G       5.7M        59M       321M

MemTotal:        4016004 kB
MemFree:         3227740 kB
Active:           432556 kB
Mem:          3.8G       769M       3.1G       5.7M        59M       321M

MemTotal:        4016004 kB
MemFree:         3227848 kB
Active:           432552 kB
Mem:          3.8G       769M       3.1G       5.7M        59M       321M

MemTotal:        4016004 kB
MemFree:         3227832 kB
Active:           432500 kB
Mem:          3.8G       769M       3.1G       5.7M        59M       321M

MemTotal:        4016004 kB
MemFree:         3227708 kB
Active:           432556 kB
Mem:          3.8G       770M       3.1G       5.7M        59M       321M

MemTotal:        4016004 kB
MemFree:         3227832 kB
Active:           432532 kB
Mem:          3.8G       769M       3.1G       5.7M        59M       321M

MemTotal:        4016004 kB
MemFree:         3227864 kB
Active:           432536 kB
Mem:          3.8G       769M       3.1G       5.7M        59M       321M

MemTotal:        4016004 kB
MemFree:         3227368 kB
Active:           432564 kB
Mem:          3.8G       769M       3.1G       5.7M        59M       321M

MemTotal:        4016004 kB
MemFree:         3226996 kB
Active:           432564 kB
Mem:          3.8G       770M       3.1G       5.7M        59M       321M

MemTotal:        4016004 kB
MemFree:         3227616 kB
Active:           432532 kB
Mem:          3.8G       769M       3.1G       5.7M        59M       321M

MemTotal:        4016004 kB
MemFree:         3227492 kB
Active:           432552 kB
Mem:          3.8G       770M       3.1G       5.7M        59M       321M

MemTotal:        4016004 kB
MemFree:         3227368 kB
Active:           432580 kB
Mem:          3.8G       770M       3.1G       5.7M        59M       321M

MemTotal:        4016004 kB
MemFree:         3227740 kB
Active:           432524 kB
Mem:          3.8G       769M       3.1G       5.7M        59M       321M

MemTotal:        4016004 kB
MemFree:         3227988 kB
Active:           432540 kB
Mem:          3.8G       769M       3.1G       5.7M        59M       321M

MemTotal:        4016004 kB
MemFree:         3227616 kB
Active:           432580 kB
Mem:          3.8G       769M       3.1G       5.7M        59M       321M

MemTotal:        4016004 kB
MemFree:         3227368 kB
Active:           432588 kB
Mem:          3.8G       770M       3.1G       5.7M        59M       321M

MemTotal:        4016004 kB
MemFree:         3227368 kB
Active:           432572 kB
Mem:          3.8G       770M       3.1G       5.7M        59M       321M

MemTotal:        4016004 kB
MemFree:         3227368 kB
Active:           432540 kB
Mem:          3.8G       770M       3.1G       5.7M        59M       321M

MemTotal:        4016004 kB
MemFree:         3227120 kB
Active:           432556 kB
Mem:          3.8G       770M       3.1G       5.7M        59M       321M

MemTotal:        4016004 kB
MemFree:         3226748 kB
Active:           430628 kB
Mem:          3.8G       770M       3.1G       5.7M        59M       321M

MemTotal:        4016004 kB
MemFree:         3226428 kB
Active:           430544 kB
Mem:          3.8G       770M       3.1G       5.7M        59M       321M

MemTotal:        4016004 kB
MemFree:         3227252 kB
Active:           432544 kB
Mem:          3.8G       770M       3.1G       5.7M        59M       321M

MemTotal:        4016004 kB
MemFree:         3227252 kB
Active:           432540 kB
Mem:          3.8G       770M       3.1G       5.7M        59M       321M

MemTotal:        4016004 kB
MemFree:         3227252 kB
Active:           432544 kB
Mem:          3.8G       770M       3.1G       5.7M        59M       321M

MemTotal:        4016004 kB
MemFree:         3227260 kB
Active:           432592 kB
Mem:          3.8G       770M       3.1G       5.7M        59M       321M

MemTotal:        4016004 kB
MemFree:         3226764 kB
Active:           432604 kB
Mem:          3.8G       770M       3.1G       5.7M        59M       321M

MemTotal:        4016004 kB
MemFree:         3227136 kB
Active:           432568 kB
Mem:          3.8G       770M       3.1G       5.7M        59M       321M

MemTotal:        4016004 kB
MemFree:         3227384 kB
Active:           432588 kB
Mem:          3.8G       770M       3.1G       5.7M        59M       321M

MemTotal:        4016004 kB
MemFree:         3227104 kB
Active:           432696 kB
Mem:          3.8G       770M       3.1G       5.7M        59M       321M

MemTotal:        4016004 kB
MemFree:         3183584 kB
Active:           430944 kB
Mem:          3.8G       813M       3.0G       5.7M        59M       363M

MemTotal:        4016004 kB
MemFree:         3138932 kB
Active:           432940 kB
Mem:          3.8G       856M       3.0G       5.7M        59M       407M

MemTotal:        4016004 kB
MemFree:         3093204 kB
Active:           432940 kB
Mem:          3.8G       901M       2.9G       5.7M        59M       451M

MemTotal:        4016004 kB
MemFree:         3048948 kB
Active:           432892 kB
Mem:          3.8G       944M       2.9G       5.7M        59M       494M

MemTotal:        4016004 kB
MemFree:         3003204 kB
Active:           432940 kB
Mem:          3.8G       989M       2.9G       5.7M        59M       538M

MemTotal:        4016004 kB
MemFree:         2957972 kB
Active:           432944 kB
Mem:          3.8G       1.0G       2.8G       5.7M        59M       582M

MemTotal:        4016004 kB
MemFree:         2914260 kB
Active:           432920 kB
Mem:          3.8G       1.1G       2.8G       5.7M        59M       624M

MemTotal:        4016004 kB
MemFree:         2869144 kB
Active:           432916 kB
Mem:          3.8G       1.1G       2.7G       5.7M        59M       667M

MemTotal:        4016004 kB
MemFree:         2823540 kB
Active:           432920 kB
Mem:          3.8G       1.1G       2.7G       5.7M        59M       711M

MemTotal:        4016004 kB
MemFree:         2779088 kB
Active:           432952 kB
Mem:          3.8G       1.2G       2.6G       5.7M        59M       753M

MemTotal:        4016004 kB
MemFree:         2733472 kB
Active:           430932 kB
Mem:          3.8G       1.2G       2.6G       5.7M        59M       797M

MemTotal:        4016004 kB
MemFree:         2688136 kB
Active:           432924 kB
Mem:          3.8G       1.3G       2.6G       5.7M        59M       841M

MemTotal:        4016004 kB
MemFree:         2674340 kB
Active:           432908 kB
Mem:          3.8G       1.3G       2.6G       5.7M        59M       854M

MemTotal:        4016004 kB
MemFree:         2672912 kB
Active:           432968 kB
Mem:          3.8G       1.3G       2.5G       5.7M        59M       855M

MemTotal:        4016004 kB
MemFree:         2670504 kB
Active:           433016 kB
Mem:          3.8G       1.3G       2.5G       5.7M        59M       857M

MemTotal:        4016004 kB
MemFree:         2633348 kB
Active:           433032 kB
Mem:          3.8G       1.3G       2.5G       5.7M        59M       894M

MemTotal:        4016004 kB
MemFree:         2587796 kB
Active:           433016 kB
Mem:          3.8G       1.4G       2.5G       5.7M        59M       937M

MemTotal:        4016004 kB
MemFree:         2542504 kB
Active:           433020 kB
Mem:          3.8G       1.4G       2.4G       5.7M        59M       981M

MemTotal:        4016004 kB
MemFree:         2497148 kB
Active:           433044 kB
Mem:          3.8G       1.4G       2.4G       5.7M        59M       1.0G

MemTotal:        4016004 kB
MemFree:         2451156 kB
Active:           433056 kB
Mem:          3.8G       1.5G       2.3G       5.7M        59M       1.0G

MemTotal:        4016004 kB
MemFree:         2405924 kB
Active:           433024 kB
Mem:          3.8G       1.5G       2.3G       5.7M        59M       1.1G

MemTotal:        4016004 kB
MemFree:         2360692 kB
Active:           433052 kB
Mem:          3.8G       1.6G       2.3G       5.7M        59M       1.1G

MemTotal:        4016004 kB
MemFree:         2317940 kB
Active:           433020 kB
Mem:          3.8G       1.6G       2.2G       5.7M        59M       1.2G

MemTotal:        4016004 kB
MemFree:         2289664 kB
Active:           433040 kB
Mem:          3.8G       1.6G       2.2G       5.7M        59M       1.2G

MemTotal:        4016004 kB
MemFree:         2244960 kB
Active:           433020 kB
Mem:          3.8G       1.7G       2.1G       5.7M        59M       1.2G

MemTotal:        4016004 kB
MemFree:         2216676 kB
Active:           433060 kB
Mem:          3.8G       1.7G       2.1G       5.7M        59M       1.3G

MemTotal:        4016004 kB
MemFree:         2216636 kB
Active:           433048 kB
Mem:          3.8G       1.7G       2.1G       5.7M        59M       1.3G

MemTotal:        4016004 kB
MemFree:         2215196 kB
Active:           433096 kB
Mem:          3.8G       1.7G       2.1G       5.7M        59M       1.3G

MemTotal:        4016004 kB
MemFree:         2214412 kB
Active:           433116 kB
Mem:          3.8G       1.7G       2.1G       5.7M        59M       1.3G

MemTotal:        4016004 kB
MemFree:         2172544 kB
Active:           433112 kB
Mem:          3.8G       1.8G       2.1G       5.7M        59M       1.3G

MemTotal:        4016004 kB
MemFree:         2126912 kB
Active:           433140 kB
Mem:          3.8G       1.8G       2.0G       5.7M        59M       1.3G

MemTotal:        4016004 kB
MemFree:         2082052 kB
Active:           433136 kB
Mem:          3.8G       1.8G       2.0G       5.7M        59M       1.4G

MemTotal:        4016004 kB
MemFree:         2037068 kB
Active:           433148 kB
Mem:          3.8G       1.9G       1.9G       5.7M        59M       1.4G

MemTotal:        4016004 kB
MemFree:         1991696 kB
Active:           433104 kB
Mem:          3.8G       1.9G       1.9G       5.7M        59M       1.5G

MemTotal:        4016004 kB
MemFree:         1945564 kB
Active:           433120 kB
Mem:          3.8G       2.0G       1.9G       5.7M        59M       1.5G

MemTotal:        4016004 kB
MemFree:         1900828 kB
Active:           433144 kB
Mem:          3.8G       2.0G       1.8G       5.7M        59M       1.6G

MemTotal:        4016004 kB
MemFree:         1860660 kB
Active:           433124 kB
Mem:          3.8G       2.1G       1.8G       5.7M        59M       1.6G

MemTotal:        4016004 kB
MemFree:         1845688 kB
Active:           433188 kB
Mem:          3.8G       2.1G       1.8G       5.7M        59M       1.6G

MemTotal:        4016004 kB
MemFree:         1800704 kB
Active:           433156 kB
Mem:          3.8G       2.1G       1.7G       5.7M        59M       1.7G

MemTotal:        4016004 kB
MemFree:         1769036 kB
Active:           433212 kB
Mem:          3.8G       2.1G       1.7G       5.7M        59M       1.7G

MemTotal:        4016004 kB
MemFree:         1766336 kB
Active:           431196 kB
Mem:          3.8G       2.1G       1.7G       5.7M        59M       1.7G

MemTotal:        4016004 kB
MemFree:         1764740 kB
Active:           433288 kB
Mem:          3.8G       2.1G       1.7G       5.7M        59M       1.7G

MemTotal:        4016004 kB
MemFree:         1731572 kB
Active:           433288 kB
Mem:          3.8G       2.2G       1.7G       5.7M        59M       1.7G

MemTotal:        4016004 kB
MemFree:         1685632 kB
Active:           433260 kB
Mem:          3.8G       2.2G       1.6G       5.7M        59M       1.8G

MemTotal:        4016004 kB
MemFree:         1640912 kB
Active:           433236 kB
Mem:          3.8G       2.3G       1.6G       5.7M        59M       1.8G

MemTotal:        4016004 kB
MemFree:         1595636 kB
Active:           433284 kB
Mem:          3.8G       2.3G       1.5G       5.7M        59M       1.8G

MemTotal:        4016004 kB
MemFree:         1549784 kB
Active:           433292 kB
Mem:          3.8G       2.4G       1.5G       5.7M        59M       1.9G

MemTotal:        4016004 kB
MemFree:         1504800 kB
Active:           433304 kB
Mem:          3.8G       2.4G       1.4G       5.7M        59M       1.9G

MemTotal:        4016004 kB
MemFree:         1459304 kB
Active:           433300 kB
Mem:          3.8G       2.4G       1.4G       5.7M        59M       2.0G

MemTotal:        4016004 kB
MemFree:         1414800 kB
Active:           433292 kB
Mem:          3.8G       2.5G       1.3G       5.7M        59M       2.0G

MemTotal:        4016004 kB
MemFree:         1369704 kB
Active:           433316 kB
Mem:          3.8G       2.5G       1.3G       5.7M        59M       2.1G

MemTotal:        4016004 kB
MemFree:         1327032 kB
Active:           433332 kB
Mem:          3.8G       2.6G       1.3G       5.7M        59M       2.1G

MemTotal:        4016004 kB
MemFree:         1248208 kB
Active:           433320 kB
Mem:          3.8G       2.6G       1.2G       5.7M        59M       2.2G

MemTotal:        4016004 kB
MemFree:         1245328 kB
Active:           433328 kB
Mem:          3.8G       2.6G       1.2G       5.7M        59M       2.2G

MemTotal:        4016004 kB
MemFree:         1200780 kB
Active:           433376 kB
Mem:          3.8G       2.7G       1.1G       5.7M        59M       2.2G

MemTotal:        4016004 kB
MemFree:         1154980 kB
Active:           433340 kB
Mem:          3.8G       2.7G       1.1G       5.7M        59M       2.3G

MemTotal:        4016004 kB
MemFree:         1110204 kB
Active:           433336 kB
Mem:          3.8G       2.8G       1.1G       5.7M        59M       2.3G

MemTotal:        4016004 kB
MemFree:         1064848 kB
Active:           433328 kB
Mem:          3.8G       2.8G       1.0G       5.7M        59M       2.3G

MemTotal:        4016004 kB
MemFree:         1019988 kB
Active:           433380 kB
Mem:          3.8G       2.9G       996M       5.7M        59M       2.4G

MemTotal:        4016004 kB
MemFree:          974864 kB
Active:           433352 kB
Mem:          3.8G       2.9G       952M       5.7M        59M       2.4G

MemTotal:        4016004 kB
MemFree:          929368 kB
Active:           433340 kB
Mem:          3.8G       2.9G       907M       5.7M        59M       2.5G

MemTotal:        4016004 kB
MemFree:          886092 kB
Active:           433336 kB
Mem:          3.8G       3.0G       864M       5.7M        59M       2.5G

MemTotal:        4016004 kB
MemFree:          840548 kB
Active:           433364 kB
Mem:          3.8G       3.0G       820M       5.7M        59M       2.6G

MemTotal:        4016004 kB
MemFree:          794980 kB
Active:           433348 kB
Mem:          3.8G       3.1G       775M       5.7M        59M       2.6G

MemTotal:        4016004 kB
MemFree:          750352 kB
Active:           433388 kB
Mem:          3.8G       3.1G       732M       5.7M        59M       2.6G

MemTotal:        4016004 kB
MemFree:          709316 kB
Active:           433392 kB
Mem:          3.8G       3.2G       692M       5.7M        59M       2.7G

MemTotal:        4016004 kB
MemFree:          695964 kB
Active:           433380 kB
Mem:          3.8G       3.2G       678M       5.7M        59M       2.7G

MemTotal:        4016004 kB
MemFree:          651088 kB
Active:           433420 kB
Mem:          3.8G       3.2G       634M       5.7M        59M       2.7G

MemTotal:        4016004 kB
MemFree:          605304 kB
Active:           433424 kB
Mem:          3.8G       3.3G       591M       5.7M        59M       2.8G

MemTotal:        4016004 kB
MemFree:          560328 kB
Active:           433432 kB
Mem:          3.8G       3.3G       546M       5.7M        59M       2.8G

MemTotal:        4016004 kB
MemFree:          514832 kB
Active:           433432 kB
Mem:          3.8G       3.3G       502M       5.7M        59M       2.9G

MemTotal:        4016004 kB
MemFree:          472188 kB
Active:           433440 kB
Mem:          3.8G       3.4G       460M       5.7M        59M       2.9G

MemTotal:        4016004 kB
MemFree:          425964 kB
Active:           433392 kB
Mem:          3.8G       3.4G       415M       5.7M        59M       2.9G

MemTotal:        4016004 kB
MemFree:          380872 kB
Active:           433268 kB
Mem:          3.8G       3.5G       371M       5.7M        59M       3.0G

MemTotal:        4016004 kB
MemFree:          335608 kB
Active:           433272 kB
Mem:          3.8G       3.5G       327M       5.7M        59M       3.0G

MemTotal:        4016004 kB
MemFree:          290936 kB
Active:           433240 kB
Mem:          3.8G       3.6G       283M       5.7M        59M       3.1G

MemTotal:        4016004 kB
MemFree:          245640 kB
Active:           433240 kB
Mem:          3.8G       3.6G       239M       5.7M        59M       3.1G

MemTotal:        4016004 kB
MemFree:          208780 kB
Active:           433236 kB
Mem:          3.8G       3.6G       203M       5.7M        59M       3.2G

MemTotal:        4016004 kB
MemFree:          205560 kB
Active:           433272 kB
Mem:          3.8G       3.6G       200M       5.7M        59M       3.2G

MemTotal:        4016004 kB
MemFree:          167008 kB
Active:           433324 kB
Mem:          3.8G       3.7G       163M       5.7M        59M       3.2G

MemTotal:        4016004 kB
MemFree:          121980 kB
Active:           433328 kB
Mem:          3.8G       3.7G       119M       5.7M        59M       3.2G

MemTotal:        4016004 kB
MemFree:          120016 kB
Active:           440840 kB
Mem:          3.8G       3.7G       115M       5.7M        27M       3.3G

MemTotal:        4016004 kB
MemFree:          108016 kB
Active:           452036 kB
Mem:          3.8G       3.7G       104M       5.7M        27M       3.3G

MemTotal:        4016004 kB
MemFree:          117964 kB
Active:           492656 kB
Mem:          3.8G       3.7G       114M       5.7M        27M       3.3G

MemTotal:        4016004 kB
MemFree:          119712 kB
Active:           486896 kB
Mem:          3.8G       3.7G       116M       5.7M        27M       3.3G

MemTotal:        4016004 kB
MemFree:          128276 kB
Active:           478880 kB
Mem:          3.8G       3.7G       124M       5.7M        27M       3.3G

MemTotal:        4016004 kB
MemFree:          118916 kB
Active:           475348 kB
Mem:          3.8G       3.7G       115M       5.7M        27M       3.3G

MemTotal:        4016004 kB
MemFree:          108484 kB
Active:           469880 kB
Mem:          3.8G       3.7G       106M       5.7M        27M       3.3G

MemTotal:        4016004 kB
MemFree:          136304 kB
Active:           465116 kB
Mem:          3.8G       3.7G       133M       5.7M        27M       3.2G

MemTotal:        4016004 kB
MemFree:          112500 kB
Active:           465116 kB
Mem:          3.8G       3.7G       109M       5.7M        27M       3.3G

MemTotal:        4016004 kB
MemFree:          108696 kB
Active:           465152 kB
Mem:          3.8G       3.7G       106M       5.7M        27M       3.3G

MemTotal:        4016004 kB
MemFree:          125628 kB
Active:           457716 kB
Mem:          3.8G       3.7G       122M       5.7M        27M       3.3G

MemTotal:        4016004 kB
MemFree:          110548 kB
Active:           454532 kB
Mem:          3.8G       3.7G       107M       5.7M        27M       3.3G

MemTotal:        4016004 kB
MemFree:          126712 kB
Active:           449460 kB
Mem:          3.8G       3.7G       123M       5.7M        27M       3.3G

MemTotal:        4016004 kB
MemFree:          126388 kB
Active:           449312 kB
Mem:          3.8G       3.7G       122M       5.7M        27M       3.3G

MemTotal:        4016004 kB
MemFree:          123548 kB
Active:           448420 kB
Mem:          3.8G       3.7G       120M       5.7M        27M       3.2G

MemTotal:        4016004 kB
MemFree:          129192 kB
Active:           450248 kB
Mem:          3.8G       3.7G       125M       5.7M        27M       3.2G

MemTotal:        4016004 kB
MemFree:          136732 kB
Active:           448492 kB
Mem:          3.8G       3.7G       133M       5.7M        27M       3.2G

MemTotal:        4016004 kB
MemFree:          128896 kB
Active:           447216 kB
Mem:          3.8G       3.7G       125M       5.7M        27M       3.2G

MemTotal:        4016004 kB
MemFree:          108128 kB
Active:           446588 kB
Mem:          3.8G       3.7G       105M       5.7M        27M       3.3G

MemTotal:        4016004 kB
MemFree:          127356 kB
Active:           443468 kB
Mem:          3.8G       3.7G       123M       5.7M        27M       3.2G

MemTotal:        4016004 kB
MemFree:          122488 kB
Active:           441888 kB
Mem:          3.8G       3.7G       118M       5.7M        27M       3.2G

MemTotal:        4016004 kB
MemFree:          117044 kB
Active:           441832 kB
Mem:          3.8G       3.7G       114M       5.7M        27M       3.2G

MemTotal:        4016004 kB
MemFree:          116308 kB
Active:           441844 kB
Mem:          3.8G       3.7G       113M       5.7M        27M       3.2G

MemTotal:        4016004 kB
MemFree:          116520 kB
Active:           441852 kB
Mem:          3.8G       3.7G       113M       5.7M        27M       3.2G

MemTotal:        4016004 kB
MemFree:          114960 kB
Active:           441780 kB
