MemTotal:        4016004 kB
MemFree:         3238768 kB
Active:           419940 kB
Mem:          3.8G       759M       3.1G       5.7M        58M       319M

MemTotal:        4016004 kB
MemFree:         3239364 kB
Active:           419952 kB
Mem:          3.8G       758M       3.1G       5.7M        58M       319M

MemTotal:        4016004 kB
MemFree:         3238620 kB
Active:           420060 kB
Mem:          3.8G       758M       3.1G       5.7M        58M       319M

MemTotal:        4016004 kB
MemFree:         3237300 kB
Active:           420048 kB
Mem:          3.8G       760M       3.1G       5.7M        58M       319M

MemTotal:        4016004 kB
MemFree:         3237284 kB
Active:           422092 kB
Mem:          3.8G       760M       3.1G       5.7M        58M       319M

MemTotal:        4016004 kB
MemFree:         3237532 kB
Active:           422088 kB
Mem:          3.8G       760M       3.1G       5.7M        58M       319M

MemTotal:        4016004 kB
MemFree:         3237592 kB
Active:           422056 kB
Mem:          3.8G       760M       3.1G       5.7M        58M       319M

MemTotal:        4016004 kB
MemFree:         3237640 kB
Active:           422076 kB
Mem:          3.8G       760M       3.1G       5.7M        58M       319M

MemTotal:        4016004 kB
MemFree:         3237516 kB
Active:           422072 kB
Mem:          3.8G       760M       3.1G       5.7M        58M       319M

MemTotal:        4016004 kB
MemFree:         3237640 kB
Active:           422092 kB
Mem:          3.8G       760M       3.1G       5.7M        58M       319M

MemTotal:        4016004 kB
MemFree:         3237624 kB
Active:           422068 kB
Mem:          3.8G       760M       3.1G       5.7M        58M       319M

MemTotal:        4016004 kB
MemFree:         3237500 kB
Active:           422084 kB
Mem:          3.8G       760M       3.1G       5.7M        58M       319M

MemTotal:        4016004 kB
MemFree:         3237468 kB
Active:           422056 kB
Mem:          3.8G       760M       3.1G       5.7M        58M       319M

MemTotal:        4016004 kB
MemFree:         3237608 kB
Active:           422060 kB
Mem:          3.8G       760M       3.1G       5.7M        58M       319M

MemTotal:        4016004 kB
MemFree:         3237220 kB
Active:           422116 kB
Mem:          3.8G       760M       3.1G       5.7M        58M       319M

MemTotal:        4016004 kB
MemFree:         3237716 kB
Active:           422076 kB
Mem:          3.8G       759M       3.1G       5.7M        58M       319M

MemTotal:        4016004 kB
MemFree:         3238088 kB
Active:           422108 kB
Mem:          3.8G       759M       3.1G       5.7M        58M       319M

MemTotal:        4016004 kB
MemFree:         3237948 kB
Active:           422064 kB
Mem:          3.8G       759M       3.1G       5.7M        58M       319M

MemTotal:        4016004 kB
MemFree:         3237932 kB
Active:           422084 kB
Mem:          3.8G       760M       3.1G       5.7M        58M       319M

MemTotal:        4016004 kB
MemFree:         3237808 kB
Active:           422076 kB
Mem:          3.8G       760M       3.1G       5.7M        58M       319M

MemTotal:        4016004 kB
MemFree:         3237544 kB
Active:           422088 kB
Mem:          3.8G       760M       3.1G       5.7M        58M       319M

MemTotal:        4016004 kB
MemFree:         3237420 kB
Active:           422080 kB
Mem:          3.8G       760M       3.1G       5.7M        58M       319M

MemTotal:        4016004 kB
MemFree:         3237156 kB
Active:           422124 kB
Mem:          3.8G       760M       3.1G       5.7M        58M       319M

MemTotal:        4016004 kB
MemFree:         3237668 kB
Active:           422076 kB
Mem:          3.8G       759M       3.1G       5.7M        58M       319M

MemTotal:        4016004 kB
MemFree:         3238040 kB
Active:           422108 kB
Mem:          3.8G       759M       3.1G       5.7M        58M       319M

MemTotal:        4016004 kB
MemFree:         3238040 kB
Active:           422104 kB
Mem:          3.8G       759M       3.1G       5.7M        58M       319M

MemTotal:        4016004 kB
MemFree:         3238288 kB
Active:           422128 kB
Mem:          3.8G       759M       3.1G       5.7M        58M       319M

MemTotal:        4016004 kB
MemFree:         3238164 kB
Active:           422096 kB
Mem:          3.8G       759M       3.1G       5.7M        58M       319M

MemTotal:        4016004 kB
MemFree:         3238040 kB
Active:           422120 kB
Mem:          3.8G       759M       3.1G       5.7M        58M       319M

MemTotal:        4016004 kB
MemFree:         3238164 kB
Active:           422084 kB
Mem:          3.8G       759M       3.1G       5.7M        58M       319M

MemTotal:        4016004 kB
MemFree:         3238288 kB
Active:           422096 kB
Mem:          3.8G       759M       3.1G       5.7M        58M       319M

MemTotal:        4016004 kB
MemFree:         3238288 kB
Active:           422116 kB
Mem:          3.8G       759M       3.1G       5.7M        58M       319M

MemTotal:        4016004 kB
MemFree:         3238148 kB
Active:           422120 kB
Mem:          3.8G       759M       3.1G       5.7M        58M       319M

MemTotal:        4016004 kB
MemFree:         3235788 kB
Active:           422116 kB
Mem:          3.8G       762M       3.1G       5.7M        58M       319M

MemTotal:        4016004 kB
MemFree:         3235760 kB
Active:           424124 kB
Mem:          3.8G       761M       3.1G       5.7M        58M       319M

MemTotal:        4016004 kB
MemFree:         3235760 kB
Active:           424116 kB
Mem:          3.8G       761M       3.1G       5.7M        58M       319M

MemTotal:        4016004 kB
MemFree:         3235512 kB
Active:           424128 kB
Mem:          3.8G       762M       3.1G       5.7M        58M       319M

MemTotal:        4016004 kB
MemFree:         3235388 kB
Active:           424152 kB
Mem:          3.8G       762M       3.1G       5.7M        58M       319M

MemTotal:        4016004 kB
MemFree:         3235512 kB
Active:           424144 kB
Mem:          3.8G       762M       3.1G       5.7M        58M       319M

MemTotal:        4016004 kB
MemFree:         3235264 kB
Active:           424124 kB
Mem:          3.8G       762M       3.1G       5.7M        58M       319M

MemTotal:        4016004 kB
MemFree:         3235264 kB
Active:           424164 kB
Mem:          3.8G       762M       3.1G       5.7M        58M       319M

MemTotal:        4016004 kB
MemFree:         3235512 kB
Active:           424172 kB
Mem:          3.8G       762M       3.1G       5.7M        58M       319M

MemTotal:        4016004 kB
MemFree:         3235264 kB
Active:           424168 kB
Mem:          3.8G       762M       3.1G       5.7M        58M       319M

MemTotal:        4016004 kB
MemFree:         3234888 kB
Active:           422140 kB
Mem:          3.8G       762M       3.1G       5.7M        58M       319M

MemTotal:        4016004 kB
MemFree:         3234640 kB
Active:           424188 kB
Mem:          3.8G       762M       3.1G       5.7M        58M       319M

MemTotal:        4016004 kB
MemFree:         3235136 kB
Active:           424156 kB
Mem:          3.8G       762M       3.1G       5.7M        58M       319M

MemTotal:        4016004 kB
MemFree:         3235384 kB
Active:           424160 kB
Mem:          3.8G       762M       3.1G       5.7M        58M       319M

MemTotal:        4016004 kB
MemFree:         3235632 kB
Active:           424164 kB
Mem:          3.8G       762M       3.1G       5.7M        58M       319M

MemTotal:        4016004 kB
MemFree:         3235616 kB
Active:           424172 kB
Mem:          3.8G       762M       3.1G       5.7M        58M       319M

MemTotal:        4016004 kB
MemFree:         3235244 kB
Active:           424196 kB
Mem:          3.8G       762M       3.1G       5.7M        58M       319M

MemTotal:        4016004 kB
MemFree:         3235368 kB
Active:           424144 kB
Mem:          3.8G       762M       3.1G       5.7M        58M       319M

MemTotal:        4016004 kB
MemFree:         3235476 kB
Active:           424144 kB
Mem:          3.8G       762M       3.1G       5.7M        58M       319M

MemTotal:        4016004 kB
MemFree:         3235708 kB
Active:           424192 kB
Mem:          3.8G       762M       3.1G       5.7M        58M       319M

MemTotal:        4016004 kB
MemFree:         3235460 kB
Active:           424188 kB
Mem:          3.8G       762M       3.1G       5.7M        58M       319M

MemTotal:        4016004 kB
MemFree:         3235444 kB
Active:           424204 kB
Mem:          3.8G       762M       3.1G       5.7M        58M       319M

MemTotal:        4016004 kB
MemFree:         3235800 kB
Active:           424164 kB
Mem:          3.8G       762M       3.1G       5.7M        58M       319M

MemTotal:        4016004 kB
MemFree:         3236032 kB
Active:           424208 kB
Mem:          3.8G       761M       3.1G       5.7M        58M       319M

MemTotal:        4016004 kB
MemFree:         3236032 kB
Active:           424216 kB
Mem:          3.8G       761M       3.1G       5.7M        58M       319M

MemTotal:        4016004 kB
MemFree:         3235784 kB
Active:           424180 kB
Mem:          3.8G       761M       3.1G       5.7M        58M       319M

MemTotal:        4016004 kB
MemFree:         3235892 kB
Active:           424220 kB
Mem:          3.8G       761M       3.1G       5.7M        58M       319M

MemTotal:        4016004 kB
MemFree:         3235504 kB
Active:           424228 kB
Mem:          3.8G       762M       3.1G       5.7M        58M       319M

MemTotal:        4016004 kB
MemFree:         3235240 kB
Active:           424228 kB
Mem:          3.8G       762M       3.1G       5.7M        58M       319M

MemTotal:        4016004 kB
MemFree:         3235224 kB
Active:           424172 kB
Mem:          3.8G       762M       3.1G       5.7M        58M       319M

MemTotal:        4016004 kB
MemFree:         3235324 kB
Active:           422236 kB
Mem:          3.8G       762M       3.1G       5.7M        58M       319M

MemTotal:        4016004 kB
MemFree:         3235528 kB
Active:           422260 kB
Mem:          3.8G       762M       3.1G       5.7M        58M       319M

MemTotal:        4016004 kB
MemFree:         3235528 kB
Active:           424316 kB
Mem:          3.8G       762M       3.1G       5.7M        58M       319M

MemTotal:        4016004 kB
MemFree:         3235528 kB
Active:           424320 kB
Mem:          3.8G       762M       3.1G       5.7M        58M       319M

MemTotal:        4016004 kB
MemFree:         3235528 kB
Active:           424328 kB
Mem:          3.8G       762M       3.1G       5.7M        58M       319M

MemTotal:        4016004 kB
MemFree:         3235156 kB
Active:           424336 kB
Mem:          3.8G       762M       3.1G       5.7M        58M       319M

MemTotal:        4016004 kB
MemFree:         3235156 kB
Active:           424300 kB
Mem:          3.8G       762M       3.1G       5.7M        58M       319M

MemTotal:        4016004 kB
MemFree:         3234784 kB
Active:           424308 kB
Mem:          3.8G       762M       3.1G       5.7M        58M       319M

MemTotal:        4016004 kB
MemFree:         3234908 kB
Active:           424328 kB
Mem:          3.8G       762M       3.1G       5.7M        58M       319M

MemTotal:        4016004 kB
MemFree:         3234720 kB
Active:           422364 kB
Mem:          3.8G       762M       3.1G       5.7M        58M       319M

MemTotal:        4016004 kB
MemFree:         3234448 kB
Active:           424372 kB
Mem:          3.8G       763M       3.1G       5.7M        58M       319M

MemTotal:        4016004 kB
MemFree:         3234960 kB
Active:           424356 kB
Mem:          3.8G       762M       3.1G       5.7M        58M       319M

MemTotal:        4016004 kB
MemFree:         3234960 kB
Active:           424364 kB
Mem:          3.8G       762M       3.1G       5.7M        58M       319M

MemTotal:        4016004 kB
MemFree:         3235084 kB
Active:           424368 kB
Mem:          3.8G       762M       3.1G       5.7M        58M       319M

MemTotal:        4016004 kB
MemFree:         3235084 kB
Active:           424368 kB
Mem:          3.8G       762M       3.1G       5.7M        58M       319M

MemTotal:        4016004 kB
MemFree:         3234712 kB
Active:           424332 kB
Mem:          3.8G       762M       3.1G       5.7M        58M       319M

MemTotal:        4016004 kB
MemFree:         3235084 kB
Active:           424336 kB
Mem:          3.8G       762M       3.1G       5.7M        58M       319M

MemTotal:        4016004 kB
MemFree:         3235084 kB
Active:           424328 kB
Mem:          3.8G       762M       3.1G       5.7M        58M       319M

MemTotal:        4016004 kB
MemFree:         3234960 kB
Active:           424340 kB
Mem:          3.8G       762M       3.1G       5.7M        58M       319M

MemTotal:        4016004 kB
MemFree:         3235208 kB
Active:           424332 kB
Mem:          3.8G       762M       3.1G       5.7M        58M       319M

MemTotal:        4016004 kB
MemFree:         3234944 kB
Active:           424372 kB
Mem:          3.8G       762M       3.1G       5.7M        58M       319M

MemTotal:        4016004 kB
MemFree:         3235288 kB
Active:           424372 kB
Mem:          3.8G       762M       3.1G       5.7M        58M       319M

MemTotal:        4016004 kB
MemFree:         3234668 kB
Active:           424392 kB
Mem:          3.8G       762M       3.1G       5.7M        58M       319M

MemTotal:        4016004 kB
MemFree:         3235040 kB
Active:           424376 kB
Mem:          3.8G       762M       3.1G       5.7M        58M       319M

MemTotal:        4016004 kB
MemFree:         3235164 kB
Active:           424388 kB
Mem:          3.8G       762M       3.1G       5.7M        58M       319M

MemTotal:        4016004 kB
MemFree:         3234668 kB
Active:           424400 kB
Mem:          3.8G       762M       3.1G       5.7M        58M       319M

MemTotal:        4016004 kB
MemFree:         3235288 kB
Active:           424344 kB
Mem:          3.8G       762M       3.1G       5.7M        58M       319M

MemTotal:        4016004 kB
MemFree:         3235288 kB
Active:           424348 kB
Mem:          3.8G       762M       3.1G       5.7M        58M       319M

MemTotal:        4016004 kB
MemFree:         3235536 kB
Active:           424360 kB
Mem:          3.8G       762M       3.1G       5.7M        58M       319M

MemTotal:        4016004 kB
MemFree:         3235396 kB
Active:           424364 kB
Mem:          3.8G       762M       3.1G       5.7M        58M       319M

MemTotal:        4016004 kB
MemFree:         3234900 kB
Active:           424408 kB
Mem:          3.8G       762M       3.1G       5.7M        58M       319M

MemTotal:        4016004 kB
MemFree:         3235256 kB
Active:           424392 kB
Mem:          3.8G       762M       3.1G       5.7M        58M       319M

MemTotal:        4016004 kB
MemFree:         3235256 kB
Active:           424360 kB
Mem:          3.8G       762M       3.1G       5.7M        58M       319M

MemTotal:        4016004 kB
MemFree:         3235256 kB
Active:           424372 kB
Mem:          3.8G       762M       3.1G       5.7M        58M       319M

MemTotal:        4016004 kB
MemFree:         3235240 kB
Active:           424384 kB
Mem:          3.8G       762M       3.1G       5.7M        58M       319M

MemTotal:        4016004 kB
MemFree:         3235224 kB
Active:           424388 kB
Mem:          3.8G       762M       3.1G       5.7M        58M       319M

MemTotal:        4016004 kB
MemFree:         3235084 kB
Active:           424372 kB
Mem:          3.8G       762M       3.1G       5.7M        58M       319M

MemTotal:        4016004 kB
MemFree:         3235052 kB
Active:           424520 kB
Mem:          3.8G       762M       3.1G       5.7M        58M       319M

MemTotal:        4016004 kB
MemFree:         3193348 kB
Active:           424976 kB
Mem:          3.8G       805M       3.0G       5.7M        58M       362M

MemTotal:        4016004 kB
MemFree:         3142272 kB
Active:           425080 kB
Mem:          3.8G       853M       3.0G       5.7M        58M       409M

MemTotal:        4016004 kB
MemFree:         3091940 kB
Active:           425096 kB
Mem:          3.8G       902M       2.9G       5.7M        58M       456M

MemTotal:        4016004 kB
MemFree:         3044460 kB
Active:           425064 kB
Mem:          3.8G       949M       2.9G       5.7M        58M       503M

MemTotal:        4016004 kB
MemFree:         2994252 kB
Active:           425108 kB
Mem:          3.8G       999M       2.9G       5.7M        58M       552M

MemTotal:        4016004 kB
MemFree:         2943672 kB
Active:           425096 kB
Mem:          3.8G       1.0G       2.8G       5.7M        58M       600M

MemTotal:        4016004 kB
MemFree:         2892968 kB
Active:           425092 kB
Mem:          3.8G       1.1G       2.8G       5.7M        58M       648M

MemTotal:        4016004 kB
MemFree:         2851880 kB
Active:           425112 kB
Mem:          3.8G       1.1G       2.7G       5.7M        58M       687M

MemTotal:        4016004 kB
MemFree:         2808476 kB
Active:           425112 kB
Mem:          3.8G       1.2G       2.7G       5.7M        58M       729M

MemTotal:        4016004 kB
MemFree:         2758268 kB
Active:           425128 kB
Mem:          3.8G       1.2G       2.6G       5.7M        58M       778M

MemTotal:        4016004 kB
MemFree:         2751308 kB
Active:           425096 kB
Mem:          3.8G       1.2G       2.6G       5.7M        58M       783M

MemTotal:        4016004 kB
MemFree:         2716880 kB
Active:           425156 kB
Mem:          3.8G       1.2G       2.6G       5.7M        58M       817M

MemTotal:        4016004 kB
MemFree:         2665928 kB
Active:           425164 kB
Mem:          3.8G       1.3G       2.5G       5.7M        58M       866M

MemTotal:        4016004 kB
MemFree:         2650956 kB
Active:           425144 kB
Mem:          3.8G       1.3G       2.5G       5.7M        58M       879M

MemTotal:        4016004 kB
MemFree:         2618560 kB
Active:           425188 kB
Mem:          3.8G       1.3G       2.5G       5.7M        58M       911M

MemTotal:        4016004 kB
MemFree:         2607868 kB
Active:           425152 kB
Mem:          3.8G       1.3G       2.5G       5.7M        58M       921M

MemTotal:        4016004 kB
MemFree:         2607904 kB
Active:           425184 kB
Mem:          3.8G       1.3G       2.5G       5.7M        58M       921M

MemTotal:        4016004 kB
MemFree:         2562768 kB
Active:           425188 kB
Mem:          3.8G       1.4G       2.4G       5.7M        58M       965M

MemTotal:        4016004 kB
MemFree:         2513428 kB
Active:           425164 kB
Mem:          3.8G       1.4G       2.4G       5.7M        58M       1.0G

MemTotal:        4016004 kB
MemFree:         2463856 kB
Active:           425164 kB
Mem:          3.8G       1.5G       2.3G       5.7M        58M       1.0G

MemTotal:        4016004 kB
MemFree:         2413560 kB
Active:           425204 kB
Mem:          3.8G       1.5G       2.3G       5.7M        58M       1.1G

MemTotal:        4016004 kB
MemFree:         2362732 kB
Active:           425192 kB
Mem:          3.8G       1.6G       2.3G       5.7M        58M       1.1G

MemTotal:        4016004 kB
MemFree:         2312896 kB
Active:           425184 kB
Mem:          3.8G       1.6G       2.2G       5.7M        58M       1.2G

MemTotal:        4016004 kB
MemFree:         2299068 kB
Active:           425196 kB
Mem:          3.8G       1.6G       2.2G       5.7M        58M       1.2G

MemTotal:        4016004 kB
MemFree:         2251404 kB
Active:           425220 kB
Mem:          3.8G       1.7G       2.1G       5.7M        58M       1.2G

MemTotal:        4016004 kB
MemFree:         2200576 kB
Active:           425196 kB
Mem:          3.8G       1.7G       2.1G       5.7M        58M       1.3G

MemTotal:        4016004 kB
MemFree:         2183572 kB
Active:           425200 kB
Mem:          3.8G       1.7G       2.1G       5.7M        58M       1.3G

MemTotal:        4016004 kB
MemFree:         2133600 kB
Active:           425220 kB
Mem:          3.8G       1.8G       2.0G       5.7M        58M       1.3G

MemTotal:        4016004 kB
MemFree:         2084248 kB
Active:           425220 kB
Mem:          3.8G       1.8G       2.0G       5.7M        58M       1.4G

MemTotal:        4016004 kB
MemFree:         2046336 kB
Active:           425240 kB
Mem:          3.8G       1.9G       2.0G       5.7M        58M       1.4G

MemTotal:        4016004 kB
MemFree:         1997252 kB
Active:           425236 kB
Mem:          3.8G       1.9G       1.9G       5.7M        58M       1.5G

MemTotal:        4016004 kB
MemFree:         1947292 kB
Active:           425212 kB
Mem:          3.8G       2.0G       1.9G       5.7M        58M       1.5G

MemTotal:        4016004 kB
MemFree:         1896960 kB
Active:           425232 kB
Mem:          3.8G       2.0G       1.8G       5.7M        58M       1.6G

MemTotal:        4016004 kB
MemFree:         1846752 kB
Active:           425240 kB
Mem:          3.8G       2.1G       1.8G       5.7M        58M       1.6G

MemTotal:        4016004 kB
MemFree:         1835312 kB
Active:           425248 kB
Mem:          3.8G       2.1G       1.8G       5.7M        58M       1.6G

MemTotal:        4016004 kB
MemFree:         1789060 kB
Active:           425256 kB
Mem:          3.8G       2.1G       1.7G       5.7M        58M       1.7G

MemTotal:        4016004 kB
MemFree:         1745460 kB
Active:           425212 kB
Mem:          3.8G       2.2G       1.7G       5.7M        58M       1.7G

MemTotal:        4016004 kB
MemFree:         1732428 kB
Active:           425280 kB
Mem:          3.8G       2.2G       1.7G       5.7M        58M       1.7G

MemTotal:        4016004 kB
MemFree:         1683960 kB
Active:           425308 kB
Mem:          3.8G       2.2G       1.6G       5.7M        58M       1.8G

MemTotal:        4016004 kB
MemFree:         1683928 kB
Active:           423396 kB
Mem:          3.8G       2.2G       1.6G       5.7M        58M       1.8G

MemTotal:        4016004 kB
MemFree:         1674308 kB
Active:           425284 kB
Mem:          3.8G       2.2G       1.6G       5.7M        58M       1.8G

MemTotal:        4016004 kB
MemFree:         1623852 kB
Active:           425316 kB
Mem:          3.8G       2.3G       1.5G       5.7M        58M       1.8G

MemTotal:        4016004 kB
MemFree:         1574016 kB
Active:           425300 kB
Mem:          3.8G       2.3G       1.5G       5.7M        58M       1.9G

MemTotal:        4016004 kB
MemFree:         1523236 kB
Active:           425316 kB
Mem:          3.8G       2.4G       1.5G       5.7M        58M       1.9G

MemTotal:        4016004 kB
MemFree:         1472940 kB
Active:           425296 kB
Mem:          3.8G       2.4G       1.4G       5.7M        58M       2.0G

MemTotal:        4016004 kB
MemFree:         1422592 kB
Active:           425296 kB
Mem:          3.8G       2.5G       1.4G       5.7M        58M       2.0G

MemTotal:        4016004 kB
MemFree:         1372040 kB
Active:           425316 kB
Mem:          3.8G       2.5G       1.3G       5.7M        58M       2.1G

MemTotal:        4016004 kB
MemFree:         1321120 kB
Active:           425288 kB
Mem:          3.8G       2.6G       1.3G       5.7M        58M       2.1G

MemTotal:        4016004 kB
MemFree:         1303044 kB
Active:           425292 kB
Mem:          3.8G       2.6G       1.2G       5.7M        58M       2.1G

MemTotal:        4016004 kB
MemFree:         1302924 kB
Active:           425324 kB
Mem:          3.8G       2.6G       1.2G       5.7M        58M       2.1G

MemTotal:        4016004 kB
MemFree:         1303016 kB
Active:           425372 kB
Mem:          3.8G       2.6G       1.2G       5.7M        58M       2.1G

MemTotal:        4016004 kB
MemFree:         1256308 kB
Active:           425380 kB
Mem:          3.8G       2.6G       1.2G       5.7M        58M       2.2G

MemTotal:        4016004 kB
MemFree:         1207496 kB
Active:           425400 kB
Mem:          3.8G       2.7G       1.2G       5.7M        58M       2.2G

MemTotal:        4016004 kB
MemFree:         1158652 kB
Active:           425352 kB
Mem:          3.8G       2.7G       1.1G       5.7M        58M       2.3G

MemTotal:        4016004 kB
MemFree:         1108956 kB
Active:           425416 kB
Mem:          3.8G       2.8G       1.1G       5.7M        58M       2.3G

MemTotal:        4016004 kB
MemFree:         1058484 kB
Active:           425412 kB
Mem:          3.8G       2.8G       1.0G       5.7M        58M       2.4G

MemTotal:        4016004 kB
MemFree:         1008572 kB
Active:           425420 kB
Mem:          3.8G       2.9G       983M       5.7M        58M       2.4G

MemTotal:        4016004 kB
MemFree:          957296 kB
Active:           425404 kB
Mem:          3.8G       2.9G       934M       5.7M        58M       2.5G

MemTotal:        4016004 kB
MemFree:          925800 kB
Active:           425424 kB
Mem:          3.8G       2.9G       903M       5.7M        58M       2.5G

MemTotal:        4016004 kB
MemFree:          880104 kB
Active:           425404 kB
Mem:          3.8G       3.0G       858M       5.7M        58M       2.5G

MemTotal:        4016004 kB
MemFree:          831152 kB
Active:           425440 kB
Mem:          3.8G       3.0G       811M       5.7M        58M       2.6G

MemTotal:        4016004 kB
MemFree:          780420 kB
Active:           425436 kB
Mem:          3.8G       3.1G       760M       5.7M        58M       2.6G

MemTotal:        4016004 kB
MemFree:          729532 kB
Active:           425428 kB
Mem:          3.8G       3.1G       711M       5.7M        58M       2.7G

MemTotal:        4016004 kB
MemFree:          710964 kB
Active:           425420 kB
Mem:          3.8G       3.2G       694M       5.7M        58M       2.7G

MemTotal:        4016004 kB
MemFree:          683748 kB
Active:           425468 kB
Mem:          3.8G       3.2G       667M       5.7M        58M       2.7G

MemTotal:        4016004 kB
MemFree:          633276 kB
Active:           425516 kB
Mem:          3.8G       3.2G       616M       5.7M        58M       2.8G

MemTotal:        4016004 kB
MemFree:          582248 kB
Active:           425552 kB
Mem:          3.8G       3.3G       568M       5.7M        58M       2.8G

MemTotal:        4016004 kB
MemFree:          532600 kB
Active:           425556 kB
Mem:          3.8G       3.3G       519M       5.7M        58M       2.9G

MemTotal:        4016004 kB
MemFree:          483320 kB
Active:           425592 kB
Mem:          3.8G       3.4G       471M       5.7M        58M       2.9G

MemTotal:        4016004 kB
MemFree:          432988 kB
Active:           425568 kB
Mem:          3.8G       3.4G       421M       5.7M        58M       2.9G

MemTotal:        4016004 kB
MemFree:          383152 kB
Active:           425592 kB
Mem:          3.8G       3.5G       373M       5.7M        58M       3.0G

MemTotal:        4016004 kB
MemFree:          332976 kB
Active:           425404 kB
Mem:          3.8G       3.5G       324M       5.7M        58M       3.0G

MemTotal:        4016004 kB
MemFree:          284132 kB
Active:           425428 kB
Mem:          3.8G       3.6G       276M       5.7M        58M       3.1G

MemTotal:        4016004 kB
MemFree:          234452 kB
Active:           425428 kB
Mem:          3.8G       3.6G       228M       5.7M        58M       3.1G

MemTotal:        4016004 kB
MemFree:          198320 kB
Active:           425456 kB
Mem:          3.8G       3.6G       192M       5.7M        58M       3.2G

MemTotal:        4016004 kB
MemFree:          146936 kB
Active:           425444 kB
Mem:          3.8G       3.7G       142M       5.7M        58M       3.2G

MemTotal:        4016004 kB
MemFree:          139848 kB
Active:           425448 kB
Mem:          3.8G       3.7G       136M       5.7M        58M       3.2G

MemTotal:        4016004 kB
MemFree:          139724 kB
Active:           425500 kB
Mem:          3.8G       3.7G       136M       5.7M        58M       3.2G

MemTotal:        4016004 kB
MemFree:          139724 kB
Active:           425488 kB
Mem:          3.8G       3.7G       136M       5.7M        58M       3.2G

MemTotal:        4016004 kB
MemFree:          126740 kB
Active:           423100 kB
Mem:          3.8G       3.7G       121M       5.7M        26M       3.3G

MemTotal:        4016004 kB
MemFree:          110036 kB
Active:           435456 kB
Mem:          3.8G       3.7G       106M       5.7M        25M       3.3G

MemTotal:        4016004 kB
MemFree:          168452 kB
Active:           484528 kB
Mem:          3.8G       3.7G       162M       5.7M        25M       3.2G

MemTotal:        4016004 kB
MemFree:          114880 kB
Active:           484540 kB
Mem:          3.8G       3.7G       110M       5.7M        25M       3.3G

MemTotal:        4016004 kB
MemFree:          124996 kB
Active:           479172 kB
Mem:          3.8G       3.7G       121M       5.7M        25M       3.3G

MemTotal:        4016004 kB
MemFree:          116268 kB
Active:           474564 kB
Mem:          3.8G       3.7G       112M       5.7M        25M       3.3G

MemTotal:        4016004 kB
MemFree:          127532 kB
Active:           467264 kB
Mem:          3.8G       3.7G       123M       5.7M        25M       3.3G

MemTotal:        4016004 kB
MemFree:          125220 kB
Active:           461504 kB
Mem:          3.8G       3.7G       121M       5.7M        25M       3.3G

MemTotal:        4016004 kB
MemFree:          119164 kB
Active:           459976 kB
Mem:          3.8G       3.7G       116M       5.7M        25M       3.3G

MemTotal:        4016004 kB
MemFree:          110588 kB
Active:           456532 kB
Mem:          3.8G       3.7G       107M       5.7M        25M       3.3G

MemTotal:        4016004 kB
MemFree:          127376 kB
Active:           450004 kB
Mem:          3.8G       3.7G       124M       5.7M        25M       3.3G

MemTotal:        4016004 kB
MemFree:          126248 kB
Active:           444236 kB
Mem:          3.8G       3.7G       122M       5.7M        25M       3.3G

MemTotal:        4016004 kB
MemFree:          107692 kB
Active:           442676 kB
Mem:          3.8G       3.7G       103M       5.7M        25M       3.3G

MemTotal:        4016004 kB
MemFree:          121484 kB
Active:           438688 kB
Mem:          3.8G       3.7G       117M       5.7M        25M       3.3G

MemTotal:        4016004 kB
MemFree:          124540 kB
Active:           437200 kB
Mem:          3.8G       3.7G       122M       5.7M        25M       3.3G

MemTotal:        4016004 kB
MemFree:          117912 kB
Active:           435492 kB
Mem:          3.8G       3.7G       113M       5.7M        25M       3.3G

MemTotal:        4016004 kB
MemFree:          106448 kB
Active:           436548 kB
Mem:          3.8G       3.7G       103M       5.7M        25M       3.3G

MemTotal:        4016004 kB
MemFree:          121204 kB
Active:           433016 kB
Mem:          3.8G       3.7G       118M       5.7M        25M       3.3G

MemTotal:        4016004 kB
MemFree:          108288 kB
Active:           431848 kB
Mem:          3.8G       3.7G       104M       5.7M        25M       3.3G

MemTotal:        4016004 kB
MemFree:          129632 kB
Active:           430208 kB
Mem:          3.8G       3.7G       126M       5.7M        25M       3.3G

MemTotal:        4016004 kB
MemFree:          139512 kB
Active:           428680 kB
Mem:          3.8G       3.7G       135M       5.7M        25M       3.2G

MemTotal:        4016004 kB
MemFree:          108252 kB
Active:           428560 kB
Mem:          3.8G       3.7G       105M       5.7M        25M       3.3G

MemTotal:        4016004 kB
MemFree:          107516 kB
Active:           428520 kB
Mem:          3.8G       3.7G       105M       5.7M        25M       3.3G

MemTotal:        4016004 kB
MemFree:          110648 kB
Active:           427504 kB
Mem:          3.8G       3.7G       106M       5.7M        25M       3.3G

MemTotal:        4016004 kB
MemFree:          133476 kB
Active:           425100 kB
Mem:          3.8G       3.7G       129M       5.7M        25M       3.3G

MemTotal:        4016004 kB
MemFree:          131860 kB
Active:           423192 kB
Mem:          3.8G       3.7G       132M       5.7M        25M       3.3G

MemTotal:        4016004 kB
MemFree:          126056 kB
Active:           419316 kB
Mem:          3.8G       3.7G       122M       5.7M        25M       3.3G

MemTotal:        4016004 kB
MemFree:          124952 kB
Active:           415588 kB
Mem:          3.8G       3.7G       120M       5.7M        25M       3.3G

MemTotal:        4016004 kB
MemFree:          128064 kB
Active:           413532 kB
Mem:          3.8G       3.7G       124M       5.7M        25M       3.3G

MemTotal:        4016004 kB
MemFree:          113632 kB
Active:           412404 kB
Mem:          3.8G       3.7G       110M       5.7M        25M       3.3G

MemTotal:        4016004 kB
MemFree:          123024 kB
Active:           411752 kB
Mem:          3.8G       3.7G       119M       5.7M        25M       3.3G

MemTotal:        4016004 kB
MemFree:          114700 kB
Active:           411772 kB
Mem:          3.8G       3.7G       111M       5.7M        25M       3.3G

MemTotal:        4016004 kB
MemFree:          114736 kB
Active:           411796 kB
Mem:          3.8G       3.7G       111M       5.7M        25M       3.3G

MemTotal:        4016004 kB
MemFree:          109924 kB
Active:           411752 kB
Mem:          3.8G       3.7G       105M       5.7M        25M       3.3G

MemTotal:        4016004 kB
MemFree:          132752 kB
Active:           409612 kB
Mem:          3.8G       3.7G       129M       5.7M        25M       3.3G

MemTotal:        4016004 kB
MemFree:          135476 kB
Active:           407332 kB
Mem:          3.8G       3.7G       131M       5.7M        25M       3.3G

MemTotal:        4016004 kB
MemFree:          127444 kB
Active:           405916 kB
Mem:          3.8G       3.7G       123M       5.7M        25M       3.3G

MemTotal:        4016004 kB
MemFree:          126596 kB
Active:           404232 kB
Mem:          3.8G       3.7G       123M       5.7M        25M       3.3G

MemTotal:        4016004 kB
MemFree:          113280 kB
Active:           403084 kB
Mem:          3.8G       3.7G       109M       5.7M        25M       3.3G

MemTotal:        4016004 kB
MemFree:          124816 kB
Active:           401316 kB
Mem:          3.8G       3.7G       123M       5.7M        25M       3.3G

MemTotal:        4016004 kB
MemFree:          107320 kB
Active:           399928 kB
Mem:          3.8G       3.7G       103M       5.7M        25M       3.3G

MemTotal:        4016004 kB
MemFree:          134596 kB
Active:           397264 kB
Mem:          3.8G       3.7G       131M       5.7M        25M       3.3G

MemTotal:        4016004 kB
MemFree:          133416 kB
Active:           395732 kB
Mem:          3.8G       3.7G       129M       5.7M        25M       3.3G

MemTotal:        4016004 kB
MemFree:          119168 kB
Active:           392440 kB
Mem:          3.8G       3.7G       115M       5.7M        25M       3.3G

MemTotal:        4016004 kB
MemFree:          123024 kB
Active:           390392 kB
Mem:          3.8G       3.7G       119M       5.7M        25M       3.3G

MemTotal:        4016004 kB
MemFree:          119412 kB
Active:           387340 kB
Mem:          3.8G       3.7G       116M       5.7M        25M       3.3G

MemTotal:        4016004 kB
MemFree:          116344 kB
Active:           387304 kB
Mem:          3.8G       3.7G       112M       5.7M        25M       3.3G

MemTotal:        4016004 kB
MemFree:          127136 kB
Active:           385688 kB
Mem:          3.8G       3.7G       122M       5.7M        25M       3.3G

MemTotal:        4016004 kB
MemFree:          108424 kB
Active:           384536 kB
Mem:          3.8G       3.7G       105M       5.7M        25M       3.3G

MemTotal:        4016004 kB
MemFree:          131540 kB
Active:           382360 kB
Mem:          3.8G       3.7G       127M       5.7M        25M       3.3G

MemTotal:        4016004 kB
MemFree:          131584 kB
Active:           380324 kB
Mem:          3.8G       3.7G       127M       5.7M        25M       3.3G

MemTotal:        4016004 kB
MemFree:          118328 kB
Active:           379172 kB
Mem:          3.8G       3.7G       114M       5.7M        25M       3.3G

MemTotal:        4016004 kB
MemFree:          123192 kB
Active:           377508 kB
Mem:          3.8G       3.7G       119M       5.7M        25M       3.3G

MemTotal:        4016004 kB
MemFree:          110044 kB
Active:           376356 kB
Mem:          3.8G       3.7G       106M       5.7M        25M       3.3G

MemTotal:        4016004 kB
MemFree:          127120 kB
Active:           374308 kB
Mem:          3.8G       3.7G       123M       5.7M        25M       3.3G

MemTotal:        4016004 kB
MemFree:          126788 kB
Active:           372864 kB
Mem:          3.8G       3.7G       123M       5.7M        25M       3.3G

MemTotal:        4016004 kB
MemFree:          134948 kB
Active:           371484 kB
Mem:          3.8G       3.7G       131M       5.7M        25M       3.3G

MemTotal:        4016004 kB
MemFree:          134136 kB
Active:           371380 kB
Mem:          3.8G       3.7G       130M       5.7M        25M       3.3G

MemTotal:        4016004 kB
MemFree:          126432 kB
Active:           370380 kB
Mem:          3.8G       3.7G       121M       5.7M        25M       3.3G

MemTotal:        4016004 kB
MemFree:          145532 kB
Active:           370380 kB
Mem:          3.8G       3.7G       142M       5.7M        25M       3.2G

MemTotal:        4016004 kB
MemFree:          115992 kB
Active:           370344 kB
Mem:          3.8G       3.7G       112M       5.7M        25M       3.3G

MemTotal:        4016004 kB
MemFree:          126728 kB
Active:           370388 kB
Mem:          3.8G       3.7G       122M       5.7M        25M       3.3G

MemTotal:        4016004 kB
MemFree:          135980 kB
Active:           370388 kB
Mem:          3.8G       3.7G       132M       5.7M        25M       3.2G

MemTotal:        4016004 kB
MemFree:          139836 kB
Active:           370312 kB
Mem:          3.8G       3.7G       135M       5.7M        25M       3.2G

MemTotal:        4016004 kB
MemFree:          127572 kB
Active:           370320 kB
Mem:          3.8G       3.7G       123M       5.7M        25M       3.3G

MemTotal:        4016004 kB
MemFree:          115044 kB
Active:           370324 kB
Mem:          3.8G       3.7G       110M       5.7M        25M       3.3G

MemTotal:        4016004 kB
MemFree:          112448 kB
Active:           370324 kB
Mem:          3.8G       3.7G       108M       5.7M        25M       3.3G

MemTotal:        4016004 kB
MemFree:          109980 kB
Active:           370324 kB
Mem:          3.8G       3.7G       106M       5.7M        25M       3.3G

MemTotal:        4016004 kB
MemFree:          123460 kB
Active:           370324 kB
Mem:          3.8G       3.7G       120M       5.7M        25M       3.3G

MemTotal:        4016004 kB
MemFree:          119480 kB
Active:           370344 kB
Mem:          3.8G       3.7G       116M       5.7M        25M       3.3G

MemTotal:        4016004 kB
MemFree:          119452 kB
Active:           370348 kB
Mem:          3.8G       3.7G       116M       5.7M        25M       3.3G

MemTotal:        4016004 kB
MemFree:          119488 kB
Active:           370308 kB
Mem:          3.8G       3.7G       116M       5.7M        25M       3.3G

MemTotal:        4016004 kB
MemFree:          111688 kB
Active:           370204 kB
Mem:          3.8G       3.7G       108M       5.7M        25M       3.3G

MemTotal:        4016004 kB
MemFree:          128440 kB
Active:           370204 kB
Mem:          3.8G       3.7G       124M       5.7M        25M       3.3G

MemTotal:        4016004 kB
MemFree:          126220 kB
Active:           370212 kB
Mem:          3.8G       3.7G       122M       5.7M        25M       3.3G

MemTotal:        4016004 kB
MemFree:          127804 kB
Active:           370212 kB
Mem:          3.8G       3.7G       123M       5.7M        25M       3.3G

MemTotal:        4016004 kB
MemFree:          120416 kB
Active:           370212 kB
Mem:          3.8G       3.7G       116M       5.7M        25M       3.3G

MemTotal:        4016004 kB
MemFree:          124356 kB
Active:           370212 kB
Mem:          3.8G       3.7G       131M       5.7M        25M       3.2G

MemTotal:        4016004 kB
MemFree:          123432 kB
Active:           370088 kB
Mem:          3.8G       3.7G       119M       5.7M        25M       3.3G

MemTotal:        4016004 kB
MemFree:          122748 kB
Active:           370088 kB
Mem:          3.8G       3.7G       119M       5.7M        25M       3.3G

MemTotal:        4016004 kB
MemFree:          126356 kB
Active:           370088 kB
Mem:          3.8G       3.7G       122M       5.7M        25M       3.3G

MemTotal:        4016004 kB
MemFree:          112820 kB
Active:           370088 kB
Mem:          3.8G       3.7G       108M       5.7M        25M       3.3G

MemTotal:        4016004 kB
MemFree:          134812 kB
Active:           370088 kB
Mem:          3.8G       3.7G       131M       5.7M        25M       3.2G

MemTotal:        4016004 kB
MemFree:          147148 kB
Active:           370104 kB
Mem:          3.8G       3.7G       143M       5.7M        25M       3.2G

MemTotal:        4016004 kB
MemFree:          145676 kB
Active:           370116 kB
Mem:          3.8G       3.7G       141M       5.7M        25M       3.2G

MemTotal:        4016004 kB
MemFree:          127624 kB
Active:           370128 kB
Mem:          3.8G       3.7G       123M       5.7M        25M       3.3G

MemTotal:        4016004 kB
MemFree:          137148 kB
Active:           370128 kB
Mem:          3.8G       3.7G       133M       5.7M        25M       3.2G

MemTotal:        4016004 kB
MemFree:          124848 kB
Active:           370064 kB
Mem:          3.8G       3.7G       121M       5.7M        25M       3.3G

MemTotal:        4016004 kB
MemFree:          122288 kB
Active:           370072 kB
Mem:          3.8G       3.7G       118M       5.7M        25M       3.3G

MemTotal:        4016004 kB
MemFree:          123044 kB
Active:           370072 kB
Mem:          3.8G       3.7G       119M       5.7M        25M       3.3G

MemTotal:        4016004 kB
MemFree:          110160 kB
Active:           370072 kB
Mem:          3.8G       3.7G       106M       5.7M        25M       3.3G

MemTotal:        4016004 kB
MemFree:          133112 kB
Active:           370072 kB
Mem:          3.8G       3.7G       129M       5.7M        25M       3.3G

MemTotal:        4016004 kB
MemFree:          137804 kB
Active:           370072 kB
Mem:          3.8G       3.7G       134M       5.7M        25M       3.2G

MemTotal:        4016004 kB
MemFree:          124176 kB
Active:           370080 kB
Mem:          3.8G       3.7G       120M       5.7M        25M       3.3G

MemTotal:        4016004 kB
MemFree:          135148 kB
Active:           370080 kB
Mem:          3.8G       3.7G       131M       5.7M        25M       3.2G

MemTotal:        4016004 kB
MemFree:          126660 kB
Active:           370076 kB
Mem:          3.8G       3.7G       123M       5.7M        25M       3.3G

MemTotal:        4016004 kB
MemFree:          121636 kB
Active:           370096 kB
Mem:          3.8G       3.7G       118M       5.7M        25M       3.3G

MemTotal:        4016004 kB
MemFree:          108148 kB
Active:           370096 kB
Mem:          3.8G       3.7G       105M       5.7M        25M       3.3G

MemTotal:        4016004 kB
MemFree:          125740 kB
Active:           370068 kB
Mem:          3.8G       3.7G       122M       5.7M        25M       3.3G

MemTotal:        4016004 kB
MemFree:          125220 kB
Active:           370112 kB
Mem:          3.8G       3.7G       121M       5.7M        25M       3.3G

MemTotal:        4016004 kB
MemFree:          119220 kB
Active:           370116 kB
Mem:          3.8G       3.7G       115M       5.7M        25M       3.3G

MemTotal:        4016004 kB
MemFree:          104848 kB
Active:           370116 kB
Mem:          3.8G       3.7G       125M       5.7M        25M       3.3G

MemTotal:        4016004 kB
MemFree:          116812 kB
Active:           363116 kB
Mem:          3.8G       3.7G       113M       5.7M        25M       3.3G

MemTotal:        4016004 kB
MemFree:          126876 kB
Active:           363116 kB
Mem:          3.8G       3.7G       122M       5.7M        25M       3.3G

MemTotal:        4016004 kB
MemFree:          124656 kB
Active:           363116 kB
Mem:          3.8G       3.7G       132M       5.7M        25M       3.2G

MemTotal:        4016004 kB
MemFree:          134816 kB
Active:           363116 kB
Mem:          3.8G       3.7G       130M       5.7M        25M       3.2G

MemTotal:        4016004 kB
MemFree:          134052 kB
Active:           363116 kB
Mem:          3.8G       3.7G       129M       5.7M        25M       3.2G

MemTotal:        4016004 kB
MemFree:          110120 kB
Active:           363124 kB
Mem:          3.8G       3.7G       107M       5.7M        25M       3.3G

MemTotal:        4016004 kB
MemFree:          134580 kB
Active:           363104 kB
Mem:          3.8G       3.7G       130M       5.7M        25M       3.2G

MemTotal:        4016004 kB
MemFree:          120924 kB
Active:           363152 kB
Mem:          3.8G       3.7G       117M       5.7M        25M       3.3G

MemTotal:        4016004 kB
MemFree:          108388 kB
Active:           363152 kB
Mem:          3.8G       3.7G       104M       5.7M        25M       3.3G

MemTotal:        4016004 kB
MemFree:          133560 kB
Active:           363032 kB
Mem:          3.8G       3.7G       129M       5.7M        25M       3.2G

MemTotal:        4016004 kB
MemFree:          120924 kB
Active:           362888 kB
Mem:          3.8G       3.7G       117M       5.7M        25M       3.3G

MemTotal:        4016004 kB
MemFree:          118332 kB
Active:           362888 kB
Mem:          3.8G       3.7G       114M       5.7M        25M       3.3G

MemTotal:        4016004 kB
MemFree:          116732 kB
Active:           362888 kB
Mem:          3.8G       3.7G       113M       5.7M        25M       3.3G

MemTotal:        4016004 kB
MemFree:          121300 kB
Active:           362888 kB
Mem:          3.8G       3.7G       117M       5.7M        25M       3.3G

MemTotal:        4016004 kB
MemFree:          107516 kB
Active:           362892 kB
Mem:          3.8G       3.7G       103M       5.7M        25M       3.3G

MemTotal:        4016004 kB
MemFree:          135204 kB
Active:           362900 kB
Mem:          3.8G       3.7G       130M       5.7M        25M       3.2G

MemTotal:        4016004 kB
MemFree:          122452 kB
Active:           362900 kB
Mem:          3.8G       3.7G       117M       5.7M        25M       3.3G

MemTotal:        4016004 kB
MemFree:          106936 kB
Active:           362912 kB
Mem:          3.8G       3.7G       104M       5.7M        25M       3.3G

MemTotal:        4016004 kB
MemFree:          106852 kB
Active:           362916 kB
Mem:          3.8G       3.7G       104M       5.7M        25M       3.3G

MemTotal:        4016004 kB
MemFree:          107072 kB
Active:           362936 kB
Mem:          3.8G       3.7G       104M       5.7M        25M       3.3G

MemTotal:        4016004 kB
MemFree:          106704 kB
Active:           362940 kB
Mem:          3.8G       3.7G       104M       5.7M        25M       3.3G

MemTotal:        4016004 kB
MemFree:          129152 kB
Active:           360944 kB
Mem:          3.8G       3.7G       125M       5.7M        25M       3.3G

MemTotal:        4016004 kB
MemFree:          123012 kB
Active:           360832 kB
Mem:          3.8G       3.7G       119M       5.7M        25M       3.3G

MemTotal:        4016004 kB
MemFree:          121288 kB
Active:           360848 kB
Mem:          3.8G       3.7G       117M       5.7M        25M       3.3G

MemTotal:        4016004 kB
MemFree:          110140 kB
Active:           360876 kB
Mem:          3.8G       3.7G       106M       5.7M        25M       3.3G

MemTotal:        4016004 kB
MemFree:          108168 kB
Active:           360888 kB
Mem:          3.8G       3.7G       105M       5.7M        25M       3.3G

MemTotal:        4016004 kB
MemFree:          131492 kB
Active:           360888 kB
Mem:          3.8G       3.7G       127M       5.7M        25M       3.2G

MemTotal:        4016004 kB
MemFree:          118980 kB
Active:           360876 kB
Mem:          3.8G       3.7G       115M       5.7M        25M       3.3G

MemTotal:        4016004 kB
MemFree:          124416 kB
Active:           360888 kB
Mem:          3.8G       3.7G       120M       5.7M        25M       3.3G

MemTotal:        4016004 kB
MemFree:          126964 kB
Active:           360848 kB
Mem:          3.8G       3.7G       123M       5.7M        25M       3.3G

MemTotal:        4016004 kB
MemFree:          105180 kB
Active:           360908 kB
Mem:          3.8G       3.7G       130M       5.7M        25M       3.2G

MemTotal:        4016004 kB
MemFree:          111456 kB
Active:           355268 kB
Mem:          3.8G       3.7G       107M       5.7M        25M       3.3G

MemTotal:        4016004 kB
MemFree:          127580 kB
Active:           355224 kB
Mem:          3.8G       3.7G       123M       5.7M        25M       3.3G

MemTotal:        4016004 kB
MemFree:          114488 kB
Active:           355256 kB
Mem:          3.8G       3.7G       110M       5.7M        25M       3.3G

MemTotal:        4016004 kB
MemFree:          131156 kB
Active:           355236 kB
Mem:          3.8G       3.7G       128M       5.7M        25M       3.2G

MemTotal:        4016004 kB
MemFree:          118840 kB
Active:           355276 kB
Mem:          3.8G       3.7G       114M       5.7M        25M       3.3G

MemTotal:        4016004 kB
MemFree:          117872 kB
Active:           355288 kB
Mem:          3.8G       3.7G       114M       5.7M        25M       3.3G

MemTotal:        4016004 kB
MemFree:          117000 kB
Active:           355292 kB
Mem:          3.8G       3.7G       113M       5.7M        25M       3.3G

MemTotal:        4016004 kB
MemFree:          113776 kB
Active:           355312 kB
Mem:          3.8G       3.7G       109M       5.7M        25M       3.3G

MemTotal:        4016004 kB
MemFree:          127652 kB
Active:           355312 kB
Mem:          3.8G       3.7G       124M       5.7M        25M       3.3G

MemTotal:        4016004 kB
MemFree:          110228 kB
Active:           355324 kB
Mem:          3.8G       3.7G       106M       5.7M        25M       3.3G

MemTotal:        4016004 kB
MemFree:          130376 kB
Active:           351720 kB
Mem:          3.8G       3.7G       126M       5.7M        25M       3.2G

MemTotal:        4016004 kB
MemFree:          118136 kB
Active:           351544 kB
Mem:          3.8G       3.7G       114M       5.7M        25M       3.3G

MemTotal:        4016004 kB
MemFree:          129764 kB
Active:           351552 kB
Mem:          3.8G       3.7G       125M       5.7M        25M       3.2G

MemTotal:        4016004 kB
MemFree:          115764 kB
Active:           351552 kB
Mem:          3.8G       3.7G       112M       5.7M        25M       3.3G

MemTotal:        4016004 kB
MemFree:          125804 kB
Active:           351552 kB
Mem:          3.8G       3.7G       122M       5.7M        25M       3.3G

MemTotal:        4016004 kB
MemFree:          134928 kB
Active:           351552 kB
Mem:          3.8G       3.7G       131M       5.7M        25M       3.2G

MemTotal:        4016004 kB
MemFree:          134616 kB
Active:           351556 kB
Mem:          3.8G       3.7G       131M       5.7M        25M       3.2G

MemTotal:        4016004 kB
MemFree:          126096 kB
Active:           351520 kB
Mem:          3.8G       3.7G       122M       5.7M        25M       3.3G

MemTotal:        4016004 kB
MemFree:          125280 kB
Active:           351568 kB
Mem:          3.8G       3.7G       121M       5.7M        25M       3.3G

MemTotal:        4016004 kB
MemFree:          110540 kB
Active:           351576 kB
Mem:          3.8G       3.7G       107M       5.7M        25M       3.3G

MemTotal:        4016004 kB
MemFree:          137648 kB
Active:           351552 kB
Mem:          3.8G       3.7G       133M       5.7M        25M       3.2G

MemTotal:        4016004 kB
MemFree:          127216 kB
Active:           351600 kB
Mem:          3.8G       3.7G       124M       5.7M        25M       3.2G

MemTotal:        4016004 kB
MemFree:          127596 kB
Active:           351592 kB
Mem:          3.8G       3.7G       124M       5.7M        25M       3.2G

MemTotal:        4016004 kB
MemFree:          122528 kB
Active:           351604 kB
Mem:          3.8G       3.7G       118M       5.7M        25M       3.3G

MemTotal:        4016004 kB
MemFree:          130292 kB
Active:           350184 kB
Mem:          3.8G       3.7G       126M       5.7M        25M       3.2G

MemTotal:        4016004 kB
MemFree:          117812 kB
Active:           350184 kB
Mem:          3.8G       3.7G       114M       5.7M        25M       3.3G

MemTotal:        4016004 kB
MemFree:          128200 kB
Active:           350232 kB
Mem:          3.8G       3.7G       124M       5.7M        25M       3.2G

MemTotal:        4016004 kB
MemFree:          126848 kB
Active:           350236 kB
Mem:          3.8G       3.7G       122M       5.7M        25M       3.3G

MemTotal:        4016004 kB
MemFree:          107060 kB
Active:           350248 kB
Mem:          3.8G       3.7G       103M       5.7M        25M       3.3G

MemTotal:        4016004 kB
MemFree:          129888 kB
Active:           350228 kB
Mem:          3.8G       3.7G       126M       5.7M        25M       3.2G

MemTotal:        4016004 kB
MemFree:          105660 kB
Active:           350224 kB
Mem:          3.8G       3.7G       102M       5.7M        25M       3.3G

MemTotal:        4016004 kB
MemFree:          135724 kB
Active:           350216 kB
Mem:          3.8G       3.7G       132M       5.7M        25M       3.2G

MemTotal:        4016004 kB
MemFree:          119920 kB
Active:           350232 kB
Mem:          3.8G       3.7G       116M       5.7M        25M       3.3G

MemTotal:        4016004 kB
MemFree:          107016 kB
Active:           350272 kB
Mem:          3.8G       3.7G       103M       5.7M        25M       3.3G

MemTotal:        4016004 kB
MemFree:          128200 kB
Active:           350276 kB
Mem:          3.8G       3.7G       124M       5.7M        25M       3.2G

MemTotal:        4016004 kB
MemFree:          126004 kB
Active:           350276 kB
Mem:          3.8G       3.7G       122M       5.7M        25M       3.3G

MemTotal:        4016004 kB
MemFree:          118440 kB
Active:           346864 kB
Mem:          3.8G       3.7G       114M       5.7M        25M       3.3G

MemTotal:        4016004 kB
MemFree:          117088 kB
Active:           346864 kB
Mem:          3.8G       3.7G       113M       5.7M        25M       3.3G

MemTotal:        4016004 kB
MemFree:          104824 kB
Active:           346864 kB
Mem:          3.8G       3.7G       124M       5.7M        25M       3.2G

MemTotal:        4016004 kB
MemFree:          124948 kB
Active:           346876 kB
Mem:          3.8G       3.7G       131M       5.7M        26M       3.2G

MemTotal:        4016004 kB
MemFree:          106444 kB
Active:           346876 kB
Mem:          3.8G       3.7G       103M       5.7M        26M       3.3G

MemTotal:        4016004 kB
MemFree:          123260 kB
Active:           346884 kB
Mem:          3.8G       3.7G       119M       5.7M        26M       3.3G

MemTotal:        4016004 kB
MemFree:          111264 kB
Active:           346884 kB
Mem:          3.8G       3.7G       108M       5.7M        26M       3.3G

MemTotal:        4016004 kB
MemFree:          133908 kB
Active:           346896 kB
Mem:          3.8G       3.7G       129M       5.7M        26M       3.2G

MemTotal:        4016004 kB
MemFree:          131880 kB
Active:           346896 kB
Mem:          3.8G       3.7G       127M       5.7M        26M       3.2G

MemTotal:        4016004 kB
MemFree:          120352 kB
Active:           346896 kB
Mem:          3.8G       3.7G       115M       5.7M        26M       3.3G

MemTotal:        4016004 kB
MemFree:          106104 kB
Active:           346912 kB
Mem:          3.8G       3.7G       102M       5.7M        26M       3.3G

MemTotal:        4016004 kB
MemFree:          135240 kB
Active:           346908 kB
Mem:          3.8G       3.7G       132M       5.7M        26M       3.2G

MemTotal:        4016004 kB
MemFree:          123256 kB
Active:           346908 kB
Mem:          3.8G       3.7G       119M       5.7M        26M       3.3G

MemTotal:        4016004 kB
MemFree:          110372 kB
Active:           346880 kB
Mem:          3.8G       3.7G       107M       5.7M        26M       3.3G

MemTotal:        4016004 kB
MemFree:          122304 kB
Active:           346908 kB
Mem:          3.8G       3.7G       118M       5.7M        26M       3.3G

MemTotal:        4016004 kB
MemFree:          111328 kB
Active:           346920 kB
Mem:          3.8G       3.7G       108M       5.7M        26M       3.3G

MemTotal:        4016004 kB
MemFree:          128320 kB
Active:           346524 kB
Mem:          3.8G       3.7G       124M       5.7M        26M       3.2G

MemTotal:        4016004 kB
MemFree:          135468 kB
Active:           346536 kB
Mem:          3.8G       3.7G       131M       5.7M        26M       3.2G

MemTotal:        4016004 kB
MemFree:          117828 kB
Active:           346536 kB
Mem:          3.8G       3.7G       114M       5.7M        26M       3.3G

MemTotal:        4016004 kB
MemFree:          117432 kB
Active:           346500 kB
Mem:          3.8G       3.7G       114M       5.7M        26M       3.3G

MemTotal:        4016004 kB
MemFree:          117500 kB
Active:           346520 kB
Mem:          3.8G       3.7G       114M       5.7M        26M       3.3G

MemTotal:        4016004 kB
MemFree:          117824 kB
Active:           346496 kB
Mem:          3.8G       3.7G       114M       5.7M        26M       3.3G

MemTotal:        4016004 kB
MemFree:          116720 kB
Active:           346532 kB
Mem:          3.8G       3.7G       113M       5.7M        26M       3.3G

MemTotal:        4016004 kB
MemFree:          115988 kB
Active:           346532 kB
Mem:          3.8G       3.7G       112M       5.7M        26M       3.3G

MemTotal:        4016004 kB
MemFree:          115008 kB
Active:           346532 kB
Mem:          3.8G       3.7G       111M       5.7M        26M       3.3G

MemTotal:        4016004 kB
MemFree:          119236 kB
Active:           346556 kB
Mem:          3.8G       3.7G       115M       5.7M        26M       3.3G

MemTotal:        4016004 kB
MemFree:          106056 kB
Active:           346540 kB
Mem:          3.8G       3.7G       102M       5.7M        26M       3.3G

MemTotal:        4016004 kB
MemFree:          133796 kB
Active:           346540 kB
Mem:          3.8G       3.7G       130M       5.7M        26M       3.2G

MemTotal:        4016004 kB
MemFree:          110328 kB
Active:           346400 kB
Mem:          3.8G       3.7G       107M       5.7M        26M       3.3G

MemTotal:        4016004 kB
MemFree:          109928 kB
Active:           346244 kB
Mem:          3.8G       3.7G       107M       5.7M        26M       3.3G

MemTotal:        4016004 kB
MemFree:          110088 kB
Active:           346220 kB
Mem:          3.8G       3.7G       107M       5.7M        26M       3.3G

MemTotal:        4016004 kB
MemFree:          110384 kB
Active:           346244 kB
Mem:          3.8G       3.7G       107M       5.7M        26M       3.3G

MemTotal:        4016004 kB
MemFree:          110480 kB
Active:           346252 kB
Mem:          3.8G       3.7G       107M       5.7M        26M       3.3G

MemTotal:        4016004 kB
MemFree:          110108 kB
Active:           346280 kB
Mem:          3.8G       3.7G       107M       5.7M        26M       3.3G

MemTotal:        4016004 kB
MemFree:          110480 kB
Active:           346240 kB
Mem:          3.8G       3.7G       107M       5.7M        26M       3.3G

MemTotal:        4016004 kB
MemFree:          110480 kB
Active:           346272 kB
Mem:          3.8G       3.7G       107M       5.7M        26M       3.3G

MemTotal:        4016004 kB
MemFree:          110604 kB
Active:           346288 kB
Mem:          3.8G       3.7G       107M       5.7M        26M       3.3G

MemTotal:        4016004 kB
MemFree:          109984 kB
Active:           346288 kB
Mem:          3.8G       3.7G       107M       5.7M        26M       3.3G

MemTotal:        4016004 kB
MemFree:          110232 kB
Active:           346288 kB
Mem:          3.8G       3.7G       107M       5.7M        26M       3.3G

MemTotal:        4016004 kB
MemFree:          110108 kB
Active:           346272 kB
Mem:          3.8G       3.7G       107M       5.7M        26M       3.3G

MemTotal:        4016004 kB
MemFree:          110232 kB
Active:           346252 kB
Mem:          3.8G       3.7G       107M       5.7M        26M       3.3G

MemTotal:        4016004 kB
MemFree:          110604 kB
Active:           346288 kB
Mem:          3.8G       3.7G       108M       5.7M        26M       3.3G

MemTotal:        4016004 kB
MemFree:          110852 kB
Active:           346292 kB
Mem:          3.8G       3.7G       108M       5.7M        26M       3.3G

MemTotal:        4016004 kB
MemFree:          110976 kB
Active:           346252 kB
Mem:          3.8G       3.7G       107M       5.7M        26M       3.3G

MemTotal:        4016004 kB
MemFree:          110728 kB
Active:           346296 kB
Mem:          3.8G       3.7G       108M       5.7M        26M       3.3G

MemTotal:        4016004 kB
MemFree:          110480 kB
Active:           346300 kB
Mem:          3.8G       3.7G       107M       5.7M        26M       3.3G

MemTotal:        4016004 kB
MemFree:          110728 kB
Active:           346296 kB
Mem:          3.8G       3.7G       108M       5.7M        26M       3.3G

MemTotal:        4016004 kB
MemFree:          110728 kB
Active:           346272 kB
Mem:          3.8G       3.7G       107M       5.7M        26M       3.3G

MemTotal:        4016004 kB
MemFree:          110356 kB
Active:           346308 kB
Mem:          3.8G       3.7G       107M       5.7M        26M       3.3G

MemTotal:        4016004 kB
MemFree:          110356 kB
Active:           346256 kB
Mem:          3.8G       3.7G       107M       5.7M        26M       3.3G

MemTotal:        4016004 kB
MemFree:          110232 kB
Active:           346280 kB
Mem:          3.8G       3.7G       107M       5.7M        26M       3.3G

MemTotal:        4016004 kB
MemFree:          110216 kB
Active:           346300 kB
Mem:          3.8G       3.7G       107M       5.7M        26M       3.3G

MemTotal:        4016004 kB
MemFree:          110232 kB
Active:           346320 kB
Mem:          3.8G       3.7G       107M       5.7M        26M       3.3G

MemTotal:        4016004 kB
MemFree:          110232 kB
Active:           346312 kB
Mem:          3.8G       3.7G       107M       5.7M        26M       3.3G

MemTotal:        4016004 kB
MemFree:          110356 kB
Active:           346332 kB
Mem:          3.8G       3.7G       107M       5.7M        26M       3.3G

MemTotal:        4016004 kB
MemFree:          110356 kB
Active:           346300 kB
Mem:          3.8G       3.7G       107M       5.7M        26M       3.3G

MemTotal:        4016004 kB
MemFree:          110356 kB
Active:           346304 kB
Mem:          3.8G       3.7G       107M       5.7M        26M       3.3G

MemTotal:        4016004 kB
MemFree:          110356 kB
Active:           346332 kB
Mem:          3.8G       3.7G       107M       5.7M        26M       3.3G

MemTotal:        4016004 kB
MemFree:          109860 kB
Active:           346332 kB
Mem:          3.8G       3.7G       107M       5.7M        26M       3.3G

MemTotal:        4016004 kB
MemFree:          110232 kB
Active:           346296 kB
Mem:          3.8G       3.7G       107M       5.7M        26M       3.3G

MemTotal:        4016004 kB
MemFree:          109612 kB
Active:           346340 kB
Mem:          3.8G       3.7G       107M       5.7M        26M       3.3G

MemTotal:        4016004 kB
MemFree:          110108 kB
Active:           346308 kB
Mem:          3.8G       3.7G       107M       5.7M        26M       3.3G

MemTotal:        4016004 kB
MemFree:          110232 kB
Active:           346340 kB
Mem:          3.8G       3.7G       107M       5.7M        26M       3.3G

MemTotal:        4016004 kB
MemFree:          110604 kB
Active:           346320 kB
Mem:          3.8G       3.7G       107M       5.7M        26M       3.3G

MemTotal:        4016004 kB
MemFree:          110480 kB
Active:           346340 kB
Mem:          3.8G       3.7G       107M       5.7M        26M       3.3G

MemTotal:        4016004 kB
MemFree:          110356 kB
Active:           346292 kB
Mem:          3.8G       3.7G       107M       5.7M        26M       3.3G

MemTotal:        4016004 kB
MemFree:          110480 kB
Active:           346324 kB
Mem:          3.8G       3.7G       107M       5.7M        26M       3.3G

MemTotal:        4016004 kB
MemFree:          110480 kB
Active:           346348 kB
Mem:          3.8G       3.7G       107M       5.7M        26M       3.3G

MemTotal:        4016004 kB
MemFree:          110480 kB
Active:           346336 kB
Mem:          3.8G       3.7G       107M       5.7M        26M       3.3G

MemTotal:        4016004 kB
MemFree:          110588 kB
Active:           346336 kB
Mem:          3.8G       3.7G       107M       5.7M        26M       3.3G

MemTotal:        4016004 kB
MemFree:          110480 kB
Active:           346324 kB
Mem:          3.8G       3.7G       107M       5.7M        26M       3.3G

MemTotal:        4016004 kB
MemFree:          110356 kB
Active:           346356 kB
Mem:          3.8G       3.7G       107M       5.7M        26M       3.3G

MemTotal:        4016004 kB
MemFree:          110108 kB
Active:           346356 kB
Mem:          3.8G       3.7G       107M       5.7M        26M       3.3G

MemTotal:        4016004 kB
MemFree:          110108 kB
Active:           346320 kB
Mem:          3.8G       3.7G       107M       5.7M        26M       3.3G

MemTotal:        4016004 kB
MemFree:          110108 kB
Active:           346352 kB
Mem:          3.8G       3.7G       107M       5.7M        26M       3.3G

MemTotal:        4016004 kB
MemFree:          110356 kB
Active:           346352 kB
Mem:          3.8G       3.7G       107M       5.7M        26M       3.3G

MemTotal:        4016004 kB
MemFree:          110232 kB
Active:           346328 kB
Mem:          3.8G       3.7G       107M       5.7M        26M       3.3G

MemTotal:        4016004 kB
MemFree:          109860 kB
Active:           346364 kB
Mem:          3.8G       3.7G       107M       5.7M        26M       3.3G

MemTotal:        4016004 kB
MemFree:          110232 kB
Active:           346360 kB
Mem:          3.8G       3.7G       107M       5.7M        26M       3.3G

MemTotal:        4016004 kB
MemFree:          110108 kB
Active:           346332 kB
Mem:          3.8G       3.7G       107M       5.7M        26M       3.3G

MemTotal:        4016004 kB
MemFree:          110232 kB
Active:           346332 kB
Mem:          3.8G       3.7G       107M       5.7M        26M       3.3G

MemTotal:        4016004 kB
MemFree:          110232 kB
Active:           346316 kB
Mem:          3.8G       3.7G       107M       5.7M        26M       3.3G

MemTotal:        4016004 kB
MemFree:          110356 kB
Active:           346336 kB
Mem:          3.8G       3.7G       107M       5.7M        26M       3.3G

MemTotal:        4016004 kB
MemFree:          110232 kB
Active:           346328 kB
Mem:          3.8G       3.7G       107M       5.7M        26M       3.3G

MemTotal:        4016004 kB
MemFree:          110356 kB
Active:           346368 kB
Mem:          3.8G       3.7G       107M       5.7M        26M       3.3G

MemTotal:        4016004 kB
MemFree:          110480 kB
Active:           346324 kB
Mem:          3.8G       3.7G       107M       5.7M        26M       3.3G

MemTotal:        4016004 kB
MemFree:          110356 kB
Active:           346380 kB
Mem:          3.8G       3.7G       107M       5.7M        26M       3.3G

MemTotal:        4016004 kB
MemFree:          109984 kB
Active:           346380 kB
Mem:          3.8G       3.7G       107M       5.7M        26M       3.3G

MemTotal:        4016004 kB
MemFree:          110480 kB
Active:           346368 kB
Mem:          3.8G       3.7G       107M       5.7M        26M       3.3G

MemTotal:        4016004 kB
MemFree:          110232 kB
Active:           346392 kB
Mem:          3.8G       3.7G       107M       5.7M        26M       3.3G

MemTotal:        4016004 kB
MemFree:          110232 kB
Active:           346392 kB
Mem:          3.8G       3.7G       107M       5.7M        26M       3.3G

MemTotal:        4016004 kB
MemFree:          110108 kB
Active:           346360 kB
Mem:          3.8G       3.7G       107M       5.7M        26M       3.3G

MemTotal:        4016004 kB
MemFree:          110232 kB
Active:           346376 kB
Mem:          3.8G       3.7G       107M       5.7M        26M       3.3G

MemTotal:        4016004 kB
MemFree:          110232 kB
Active:           346388 kB
Mem:          3.8G       3.7G       107M       5.7M        26M       3.3G

MemTotal:        4016004 kB
MemFree:          110356 kB
Active:           346392 kB
Mem:          3.8G       3.7G       107M       5.7M        26M       3.3G

MemTotal:        4016004 kB
MemFree:          110356 kB
Active:           346404 kB
Mem:          3.8G       3.7G       107M       5.7M        26M       3.3G

MemTotal:        4016004 kB
MemFree:          110232 kB
Active:           346384 kB
Mem:          3.8G       3.7G       107M       5.7M        26M       3.3G

MemTotal:        4016004 kB
MemFree:          110108 kB
Active:           346388 kB
Mem:          3.8G       3.7G       107M       5.7M        26M       3.3G

MemTotal:        4016004 kB
MemFree:          110108 kB
Active:           346356 kB
Mem:          3.8G       3.7G       107M       5.7M        26M       3.3G

MemTotal:        4016004 kB
MemFree:          109612 kB
Active:           346416 kB
Mem:          3.8G       3.7G       106M       5.7M        26M       3.3G

MemTotal:        4016004 kB
MemFree:          109984 kB
Active:           346380 kB
Mem:          3.8G       3.7G       107M       5.7M        26M       3.3G

MemTotal:        4016004 kB
MemFree:          109860 kB
Active:           346368 kB
Mem:          3.8G       3.7G       107M       5.7M        26M       3.3G

MemTotal:        4016004 kB
MemFree:          109984 kB
Active:           346412 kB
Mem:          3.8G       3.7G       107M       5.7M        26M       3.3G

MemTotal:        4016004 kB
MemFree:          110108 kB
Active:           346420 kB
Mem:          3.8G       3.7G       107M       5.7M        26M       3.3G

MemTotal:        4016004 kB
MemFree:          109984 kB
Active:           346392 kB
Mem:          3.8G       3.7G       107M       5.7M        26M       3.3G

MemTotal:        4016004 kB
MemFree:          109984 kB
Active:           346432 kB
Mem:          3.8G       3.7G       107M       5.7M        26M       3.3G

MemTotal:        4016004 kB
MemFree:          110232 kB
Active:           346460 kB
Mem:          3.8G       3.7G       107M       5.7M        26M       3.3G

MemTotal:        4016004 kB
MemFree:          109984 kB
Active:           346440 kB
Mem:          3.8G       3.7G       107M       5.7M        26M       3.3G

MemTotal:        4016004 kB
MemFree:          109984 kB
Active:           346472 kB
Mem:          3.8G       3.7G       107M       5.7M        26M       3.3G

MemTotal:        4016004 kB
MemFree:          110092 kB
Active:           346524 kB
Mem:          3.8G       3.7G       107M       5.7M        26M       3.3G

MemTotal:        4016004 kB
MemFree:          109968 kB
Active:           346524 kB
Mem:          3.8G       3.7G       107M       5.7M        26M       3.3G

MemTotal:        4016004 kB
MemFree:          110092 kB
Active:           346524 kB
Mem:          3.8G       3.7G       107M       5.7M        26M       3.3G

MemTotal:        4016004 kB
MemFree:          110216 kB
Active:           346524 kB
Mem:          3.8G       3.7G       107M       5.7M        26M       3.3G

MemTotal:        4016004 kB
MemFree:          110340 kB
Active:           346496 kB
Mem:          3.8G       3.7G       107M       5.7M        26M       3.3G

MemTotal:        4016004 kB
MemFree:          109844 kB
Active:           346496 kB
Mem:          3.8G       3.7G       106M       5.7M        26M       3.3G

MemTotal:        4016004 kB
MemFree:          109968 kB
Active:           346524 kB
Mem:          3.8G       3.7G       107M       5.7M        26M       3.3G

MemTotal:        4016004 kB
MemFree:          109968 kB
Active:           346528 kB
Mem:          3.8G       3.7G       107M       5.7M        26M       3.3G

MemTotal:        4016004 kB
MemFree:          110092 kB
Active:           346512 kB
Mem:          3.8G       3.7G       107M       5.7M        26M       3.3G

MemTotal:        4016004 kB
MemFree:          109968 kB
Active:           346512 kB
Mem:          3.8G       3.7G       107M       5.7M        26M       3.3G

MemTotal:        4016004 kB
MemFree:          109968 kB
Active:           346512 kB
Mem:          3.8G       3.7G       107M       5.7M        26M       3.3G

MemTotal:        4016004 kB
MemFree:          109844 kB
Active:           346520 kB
Mem:          3.8G       3.7G       107M       5.7M        26M       3.3G

MemTotal:        4016004 kB
MemFree:          109968 kB
Active:           346512 kB
Mem:          3.8G       3.7G       107M       5.7M        26M       3.3G

MemTotal:        4016004 kB
MemFree:          109844 kB
Active:           346528 kB
Mem:          3.8G       3.7G       107M       5.7M        26M       3.3G

MemTotal:        4016004 kB
MemFree:          109720 kB
Active:           346540 kB
Mem:          3.8G       3.7G       107M       5.7M        26M       3.3G

MemTotal:        4016004 kB
MemFree:          111920 kB
Active:           344524 kB
Mem:          3.8G       3.7G       109M       5.7M        26M       3.3G

MemTotal:        4016004 kB
MemFree:          111968 kB
Active:           344520 kB
Mem:          3.8G       3.7G       109M       5.7M        26M       3.3G

MemTotal:        4016004 kB
MemFree:          111596 kB
Active:           344528 kB
Mem:          3.8G       3.7G       109M       5.7M        26M       3.3G

MemTotal:        4016004 kB
MemFree:          112092 kB
Active:           344492 kB
Mem:          3.8G       3.7G       109M       5.7M        26M       3.3G

MemTotal:        4016004 kB
MemFree:          112092 kB
Active:           344524 kB
Mem:          3.8G       3.7G       109M       5.7M        26M       3.3G

MemTotal:        4016004 kB
MemFree:          111844 kB
Active:           344536 kB
Mem:          3.8G       3.7G       109M       5.7M        26M       3.3G

MemTotal:        4016004 kB
MemFree:          111844 kB
Active:           344496 kB
Mem:          3.8G       3.7G       109M       5.7M        26M       3.3G

MemTotal:        4016004 kB
MemFree:          111844 kB
Active:           344520 kB
Mem:          3.8G       3.7G       109M       5.7M        26M       3.3G

MemTotal:        4016004 kB
MemFree:          111844 kB
Active:           344496 kB
Mem:          3.8G       3.7G       109M       5.7M        26M       3.3G

MemTotal:        4016004 kB
MemFree:          111968 kB
Active:           344500 kB
Mem:          3.8G       3.7G       109M       5.7M        26M       3.3G

MemTotal:        4016004 kB
MemFree:          111968 kB
Active:           344512 kB
Mem:          3.8G       3.7G       109M       5.7M        26M       3.3G

MemTotal:        4016004 kB
MemFree:          112092 kB
Active:           344532 kB
Mem:          3.8G       3.7G       109M       5.7M        26M       3.3G

MemTotal:        4016004 kB
MemFree:          111968 kB
Active:           344544 kB
Mem:          3.8G       3.7G       109M       5.7M        26M       3.3G

MemTotal:        4016004 kB
MemFree:          112092 kB
Active:           344528 kB
Mem:          3.8G       3.7G       109M       5.7M        26M       3.3G

MemTotal:        4016004 kB
MemFree:          111968 kB
Active:           344524 kB
Mem:          3.8G       3.7G       109M       5.7M        26M       3.3G

MemTotal:        4016004 kB
MemFree:          111968 kB
Active:           344516 kB
Mem:          3.8G       3.7G       109M       5.7M        26M       3.3G

MemTotal:        4016004 kB
MemFree:          112092 kB
Active:           344496 kB
Mem:          3.8G       3.7G       109M       5.7M        26M       3.3G

MemTotal:        4016004 kB
MemFree:          111968 kB
Active:           344532 kB
Mem:          3.8G       3.7G       109M       5.7M        26M       3.3G

MemTotal:        4016004 kB
MemFree:          112092 kB
Active:           344560 kB
Mem:          3.8G       3.7G       109M       5.7M        26M       3.3G

MemTotal:        4016004 kB
MemFree:          111968 kB
Active:           344544 kB
Mem:          3.8G       3.7G       109M       5.7M        26M       3.3G

MemTotal:        4016004 kB
MemFree:          112092 kB
Active:           344504 kB
Mem:          3.8G       3.7G       109M       5.7M        26M       3.3G

MemTotal:        4016004 kB
MemFree:          112092 kB
Active:           344544 kB
Mem:          3.8G       3.7G       109M       5.7M        26M       3.3G

MemTotal:        4016004 kB
MemFree:          112092 kB
Active:           344536 kB
Mem:          3.8G       3.7G       109M       5.7M        26M       3.3G

MemTotal:        4016004 kB
MemFree:          111720 kB
Active:           344560 kB
Mem:          3.8G       3.7G       109M       5.7M        26M       3.3G

MemTotal:        4016004 kB
MemFree:          111844 kB
Active:           344568 kB
Mem:          3.8G       3.7G       109M       5.7M        26M       3.3G

MemTotal:        4016004 kB
MemFree:          112340 kB
Active:           344556 kB
Mem:          3.8G       3.7G       109M       5.7M        26M       3.3G

MemTotal:        4016004 kB
MemFree:          112712 kB
Active:           344568 kB
Mem:          3.8G       3.7G       110M       5.7M        26M       3.3G

MemTotal:        4016004 kB
MemFree:          113084 kB
Active:           344564 kB
Mem:          3.8G       3.7G       110M       5.7M        26M       3.3G

MemTotal:        4016004 kB
MemFree:          112944 kB
Active:           344572 kB
Mem:          3.8G       3.7G       110M       5.7M        26M       3.3G

MemTotal:        4016004 kB
MemFree:          112944 kB
Active:           344568 kB
Mem:          3.8G       3.7G       110M       5.7M        26M       3.3G

MemTotal:        4016004 kB
MemFree:          112820 kB
Active:           344568 kB
Mem:          3.8G       3.7G       109M       5.7M        26M       3.3G

MemTotal:        4016004 kB
MemFree:          112820 kB
Active:           344552 kB
Mem:          3.8G       3.7G       110M       5.7M        26M       3.3G

MemTotal:        4016004 kB
MemFree:          112448 kB
Active:           344540 kB
Mem:          3.8G       3.7G       109M       5.7M        26M       3.3G

MemTotal:        4016004 kB
MemFree:          112200 kB
Active:           344572 kB
Mem:          3.8G       3.7G       109M       5.7M        26M       3.3G

MemTotal:        4016004 kB
MemFree:          111952 kB
Active:           344568 kB
Mem:          3.8G       3.7G       109M       5.7M        26M       3.3G

MemTotal:        4016004 kB
MemFree:          112200 kB
Active:           344588 kB
Mem:          3.8G       3.7G       109M       5.7M        26M       3.3G

MemTotal:        4016004 kB
MemFree:          112200 kB
Active:           344596 kB
Mem:          3.8G       3.7G       109M       5.7M        26M       3.3G

MemTotal:        4016004 kB
MemFree:          112276 kB
Active:           344592 kB
Mem:          3.8G       3.7G       109M       5.7M        26M       3.3G

MemTotal:        4016004 kB
MemFree:          112200 kB
Active:           344576 kB
Mem:          3.8G       3.7G       109M       5.7M        26M       3.3G

MemTotal:        4016004 kB
MemFree:          112200 kB
Active:           344584 kB
Mem:          3.8G       3.7G       109M       5.7M        26M       3.3G

MemTotal:        4016004 kB
MemFree:          111952 kB
Active:           344608 kB
Mem:          3.8G       3.7G       109M       5.7M        26M       3.3G

MemTotal:        4016004 kB
MemFree:          112200 kB
Active:           344592 kB
Mem:          3.8G       3.7G       109M       5.7M        26M       3.3G

MemTotal:        4016004 kB
MemFree:          112076 kB
Active:           344608 kB
Mem:          3.8G       3.7G       109M       5.7M        26M       3.3G

MemTotal:        4016004 kB
MemFree:          111952 kB
Active:           344560 kB
Mem:          3.8G       3.7G       109M       5.7M        26M       3.3G

MemTotal:        4016004 kB
MemFree:          112200 kB
Active:           344604 kB
Mem:          3.8G       3.7G       109M       5.7M        26M       3.3G

MemTotal:        4016004 kB
MemFree:          111952 kB
Active:           344624 kB
Mem:          3.8G       3.7G       109M       5.7M        26M       3.3G

MemTotal:        4016004 kB
MemFree:          112076 kB
Active:           344596 kB
Mem:          3.8G       3.7G       109M       5.7M        26M       3.3G

MemTotal:        4016004 kB
MemFree:          111952 kB
Active:           344616 kB
Mem:          3.8G       3.7G       109M       5.7M        26M       3.3G

MemTotal:        4016004 kB
MemFree:          112076 kB
Active:           344596 kB
Mem:          3.8G       3.7G       109M       5.7M        26M       3.3G

MemTotal:        4016004 kB
MemFree:          112324 kB
Active:           344620 kB
Mem:          3.8G       3.7G       109M       5.7M        26M       3.3G

MemTotal:        4016004 kB
MemFree:          112324 kB
Active:           344612 kB
Mem:          3.8G       3.7G       109M       5.7M        26M       3.3G

MemTotal:        4016004 kB
MemFree:          112324 kB
Active:           344576 kB
Mem:          3.8G       3.7G       109M       5.7M        26M       3.3G

MemTotal:        4016004 kB
MemFree:          112324 kB
Active:           344588 kB
Mem:          3.8G       3.7G       109M       5.7M        26M       3.3G

MemTotal:        4016004 kB
MemFree:          112324 kB
Active:           344632 kB
Mem:          3.8G       3.7G       109M       5.7M        26M       3.3G

MemTotal:        4016004 kB
MemFree:          112200 kB
Active:           344580 kB
Mem:          3.8G       3.7G       109M       5.7M        26M       3.3G

MemTotal:        4016004 kB
MemFree:          112168 kB
Active:           344632 kB
Mem:          3.8G       3.7G       109M       5.7M        26M       3.3G

MemTotal:        4016004 kB
MemFree:          112200 kB
Active:           344596 kB
Mem:          3.8G       3.7G       109M       5.7M        26M       3.3G

MemTotal:        4016004 kB
MemFree:          112076 kB
Active:           344604 kB
Mem:          3.8G       3.7G       109M       5.7M        26M       3.3G

MemTotal:        4016004 kB
MemFree:          111952 kB
Active:           344628 kB
Mem:          3.8G       3.7G       109M       5.7M        26M       3.3G

MemTotal:        4016004 kB
MemFree:          111580 kB
Active:           344648 kB
Mem:          3.8G       3.7G       109M       5.7M        26M       3.3G

MemTotal:        4016004 kB
MemFree:          112076 kB
Active:           344616 kB
Mem:          3.8G       3.7G       109M       5.7M        26M       3.3G

MemTotal:        4016004 kB
MemFree:          112324 kB
Active:           344648 kB
Mem:          3.8G       3.7G       109M       5.7M        26M       3.3G

MemTotal:        4016004 kB
MemFree:          112076 kB
Active:           344628 kB
Mem:          3.8G       3.7G       109M       5.7M        26M       3.3G

MemTotal:        4016004 kB
MemFree:          112200 kB
Active:           344644 kB
Mem:          3.8G       3.7G       109M       5.7M        26M       3.3G

MemTotal:        4016004 kB
MemFree:          112076 kB
Active:           344592 kB
Mem:          3.8G       3.7G       109M       5.7M        26M       3.3G

MemTotal:        4016004 kB
MemFree:          111952 kB
Active:           344624 kB
Mem:          3.8G       3.7G       109M       5.7M        26M       3.3G

MemTotal:        4016004 kB
MemFree:          111828 kB
Active:           344628 kB
Mem:          3.8G       3.7G       108M       5.7M        26M       3.3G

MemTotal:        4016004 kB
MemFree:          111704 kB
Active:           344636 kB
Mem:          3.8G       3.7G       108M       5.7M        26M       3.3G

MemTotal:        4016004 kB
MemFree:          111952 kB
Active:           344604 kB
Mem:          3.8G       3.7G       109M       5.7M        26M       3.3G

MemTotal:        4016004 kB
MemFree:          111952 kB
Active:           344640 kB
Mem:          3.8G       3.7G       109M       5.7M        26M       3.3G

MemTotal:        4016004 kB
MemFree:          111704 kB
Active:           344664 kB
Mem:          3.8G       3.7G       109M       5.7M        26M       3.3G

MemTotal:        4016004 kB
MemFree:          112076 kB
Active:           344628 kB
Mem:          3.8G       3.7G       109M       5.7M        26M       3.3G

MemTotal:        4016004 kB
MemFree:          112076 kB
Active:           344636 kB
Mem:          3.8G       3.7G       109M       5.7M        26M       3.3G

MemTotal:        4016004 kB
MemFree:          111580 kB
Active:           344672 kB
Mem:          3.8G       3.7G       109M       5.7M        26M       3.3G

MemTotal:        4016004 kB
MemFree:          109856 kB
Active:           344656 kB
Mem:          3.8G       3.7G       107M       5.7M        26M       3.3G

MemTotal:        4016004 kB
MemFree:          109780 kB
Active:           346696 kB
Mem:          3.8G       3.7G       107M       5.7M        26M       3.3G

MemTotal:        4016004 kB
MemFree:          109780 kB
Active:           346700 kB
Mem:          3.8G       3.7G       107M       5.7M        26M       3.3G

MemTotal:        4016004 kB
MemFree:          109904 kB
Active:           346692 kB
Mem:          3.8G       3.7G       107M       5.7M        26M       3.3G

MemTotal:        4016004 kB
MemFree:          109904 kB
Active:           346712 kB
Mem:          3.8G       3.7G       107M       5.7M        26M       3.3G

MemTotal:        4016004 kB
MemFree:          109780 kB
Active:           346692 kB
Mem:          3.8G       3.7G       107M       5.7M        26M       3.3G

MemTotal:        4016004 kB
MemFree:          109904 kB
Active:           346684 kB
Mem:          3.8G       3.7G       107M       5.7M        26M       3.3G

MemTotal:        4016004 kB
MemFree:          109780 kB
Active:           346712 kB
Mem:          3.8G       3.7G       107M       5.7M        26M       3.3G

MemTotal:        4016004 kB
MemFree:          109780 kB
Active:           346688 kB
Mem:          3.8G       3.7G       106M       5.7M        26M       3.3G

MemTotal:        4016004 kB
MemFree:          109656 kB
Active:           346712 kB
Mem:          3.8G       3.7G       107M       5.7M        26M       3.3G

MemTotal:        4016004 kB
MemFree:          110028 kB
Active:           346668 kB
Mem:          3.8G       3.7G       107M       5.7M        26M       3.3G

MemTotal:        4016004 kB
MemFree:          109780 kB
Active:           346720 kB
Mem:          3.8G       3.7G       107M       5.7M        26M       3.3G

MemTotal:        4016004 kB
MemFree:          109284 kB
Active:           346960 kB
Mem:          3.8G       3.7G       106M       5.7M        26M       3.3G

MemTotal:        4016004 kB
MemFree:          109284 kB
Active:           346840 kB
Mem:          3.8G       3.7G       106M       5.7M        26M       3.3G

MemTotal:        4016004 kB
MemFree:          109036 kB
Active:           346840 kB
Mem:          3.8G       3.7G       106M       5.7M        26M       3.3G

MemTotal:        4016004 kB
MemFree:          109284 kB
Active:           346804 kB
Mem:          3.8G       3.7G       106M       5.7M        26M       3.3G

MemTotal:        4016004 kB
MemFree:          109160 kB
Active:           346832 kB
Mem:          3.8G       3.7G       106M       5.7M        26M       3.3G

MemTotal:        4016004 kB
MemFree:          109516 kB
Active:           346804 kB
Mem:          3.8G       3.7G       106M       5.7M        26M       3.3G

MemTotal:        4016004 kB
MemFree:          109408 kB
Active:           346820 kB
Mem:          3.8G       3.7G       106M       5.7M        26M       3.3G

MemTotal:        4016004 kB
MemFree:          109284 kB
Active:           346812 kB
Mem:          3.8G       3.7G       106M       5.7M        26M       3.3G

MemTotal:        4016004 kB
MemFree:          109656 kB
Active:           346812 kB
Mem:          3.8G       3.7G       106M       5.7M        26M       3.3G

MemTotal:        4016004 kB
MemFree:          109656 kB
Active:           346828 kB
Mem:          3.8G       3.7G       107M       5.7M        26M       3.3G

MemTotal:        4016004 kB
MemFree:          109532 kB
Active:           346840 kB
Mem:          3.8G       3.7G       106M       5.7M        26M       3.3G

MemTotal:        4016004 kB
MemFree:          109656 kB
Active:           346824 kB
Mem:          3.8G       3.7G       107M       5.7M        26M       3.3G

MemTotal:        4016004 kB
MemFree:          109408 kB
Active:           346848 kB
Mem:          3.8G       3.7G       106M       5.7M        26M       3.3G

MemTotal:        4016004 kB
MemFree:          109656 kB
Active:           346840 kB
Mem:          3.8G       3.7G       107M       5.7M        26M       3.3G

MemTotal:        4016004 kB
MemFree:          109936 kB
Active:           346824 kB
Mem:          3.8G       3.7G       107M       5.7M        26M       3.3G

MemTotal:        4016004 kB
MemFree:          110668 kB
Active:           346540 kB
Mem:          3.8G       3.7G       108M       5.7M        26M       3.3G

MemTotal:        4016004 kB
MemFree:          110792 kB
Active:           346536 kB
Mem:          3.8G       3.7G       108M       5.7M        26M       3.3G

MemTotal:        4016004 kB
MemFree:          110792 kB
Active:           346524 kB
Mem:          3.8G       3.7G       107M       5.7M        26M       3.3G

MemTotal:        4016004 kB
MemFree:          110792 kB
Active:           346532 kB
Mem:          3.8G       3.7G       108M       5.7M        26M       3.3G

MemTotal:        4016004 kB
MemFree:          110792 kB
Active:           346536 kB
Mem:          3.8G       3.7G       108M       5.7M        26M       3.3G

MemTotal:        4016004 kB
MemFree:          111412 kB
Active:           346512 kB
Mem:          3.8G       3.7G       108M       5.7M        26M       3.3G

MemTotal:        4016004 kB
MemFree:          111536 kB
Active:           346556 kB
Mem:          3.8G       3.7G       108M       5.7M        26M       3.3G

MemTotal:        4016004 kB
MemFree:          111536 kB
Active:           346536 kB
Mem:          3.8G       3.7G       108M       5.7M        26M       3.3G

MemTotal:        4016004 kB
MemFree:          111412 kB
Active:           346508 kB
Mem:          3.8G       3.7G       108M       5.7M        26M       3.3G

MemTotal:        4016004 kB
MemFree:          111288 kB
Active:           346516 kB
Mem:          3.8G       3.7G       108M       5.7M        26M       3.3G

MemTotal:        4016004 kB
MemFree:          111040 kB
Active:           346580 kB
Mem:          3.8G       3.7G       108M       5.7M        26M       3.3G

MemTotal:        4016004 kB
MemFree:          111164 kB
Active:           346560 kB
Mem:          3.8G       3.7G       108M       5.7M        26M       3.3G

MemTotal:        4016004 kB
MemFree:          111288 kB
Active:           346576 kB
Mem:          3.8G       3.7G       108M       5.7M        26M       3.3G

MemTotal:        4016004 kB
MemFree:          111040 kB
Active:           346572 kB
Mem:          3.8G       3.7G       108M       5.7M        26M       3.3G

MemTotal:        4016004 kB
MemFree:          110920 kB
Active:           346584 kB
Mem:          3.8G       3.7G       108M       5.7M        26M       3.3G

MemTotal:        4016004 kB
MemFree:          111044 kB
Active:           346540 kB
Mem:          3.8G       3.7G       108M       5.7M        26M       3.3G

MemTotal:        4016004 kB
MemFree:          110920 kB
Active:           346572 kB
Mem:          3.8G       3.7G       108M       5.7M        26M       3.3G

MemTotal:        4016004 kB
MemFree:          111044 kB
Active:           346540 kB
Mem:          3.8G       3.7G       108M       5.7M        26M       3.3G

MemTotal:        4016004 kB
MemFree:          111292 kB
Active:           346556 kB
Mem:          3.8G       3.7G       108M       5.7M        26M       3.3G

MemTotal:        4016004 kB
MemFree:          111044 kB
Active:           346556 kB
Mem:          3.8G       3.7G       108M       5.7M        26M       3.3G

MemTotal:        4016004 kB
MemFree:          111044 kB
Active:           346568 kB
Mem:          3.8G       3.7G       108M       5.7M        26M       3.3G

MemTotal:        4016004 kB
MemFree:          111044 kB
Active:           346568 kB
Mem:          3.8G       3.7G       108M       5.7M        26M       3.3G

MemTotal:        4016004 kB
MemFree:          110796 kB
Active:           346572 kB
Mem:          3.8G       3.7G       108M       5.7M        26M       3.3G

MemTotal:        4016004 kB
MemFree:          111044 kB
Active:           346588 kB
Mem:          3.8G       3.7G       108M       5.7M        26M       3.3G

MemTotal:        4016004 kB
MemFree:          110920 kB
Active:           346556 kB
Mem:          3.8G       3.7G       108M       5.7M        26M       3.3G

MemTotal:        4016004 kB
MemFree:          110796 kB
Active:           346604 kB
Mem:          3.8G       3.7G       108M       5.7M        26M       3.3G

MemTotal:        4016004 kB
MemFree:          110672 kB
Active:           346604 kB
Mem:          3.8G       3.7G       108M       5.7M        26M       3.3G

MemTotal:        4016004 kB
MemFree:          111168 kB
Active:           346592 kB
Mem:          3.8G       3.7G       108M       5.7M        26M       3.3G

MemTotal:        4016004 kB
MemFree:          111168 kB
Active:           346576 kB
Mem:          3.8G       3.7G       108M       5.7M        26M       3.3G

MemTotal:        4016004 kB
MemFree:          110796 kB
Active:           346608 kB
Mem:          3.8G       3.7G       108M       5.7M        26M       3.3G

MemTotal:        4016004 kB
MemFree:          110796 kB
Active:           346616 kB
Mem:          3.8G       3.7G       107M       5.7M        26M       3.3G

MemTotal:        4016004 kB
MemFree:          110796 kB
Active:           346604 kB
Mem:          3.8G       3.7G       108M       5.7M        26M       3.3G

MemTotal:        4016004 kB
MemFree:          110920 kB
Active:           346588 kB
Mem:          3.8G       3.7G       108M       5.7M        26M       3.3G

MemTotal:        4016004 kB
MemFree:          110796 kB
Active:           346596 kB
Mem:          3.8G       3.7G       108M       5.7M        26M       3.3G

MemTotal:        4016004 kB
MemFree:          110672 kB
Active:           346632 kB
Mem:          3.8G       3.7G       108M       5.7M        26M       3.3G

MemTotal:        4016004 kB
MemFree:          111156 kB
Active:           346612 kB
Mem:          3.8G       3.7G       108M       5.7M        26M       3.3G

MemTotal:        4016004 kB
MemFree:          111140 kB
Active:           346636 kB
Mem:          3.8G       3.7G       108M       5.7M        26M       3.3G

MemTotal:        4016004 kB
MemFree:          111032 kB
Active:           346600 kB
Mem:          3.8G       3.7G       108M       5.7M        26M       3.3G

MemTotal:        4016004 kB
MemFree:          111000 kB
Active:           346600 kB
Mem:          3.8G       3.7G       108M       5.7M        26M       3.3G

MemTotal:        4016004 kB
MemFree:          111404 kB
Active:           346616 kB
Mem:          3.8G       3.7G       108M       5.7M        26M       3.3G

MemTotal:        4016004 kB
MemFree:          111032 kB
Active:           346640 kB
Mem:          3.8G       3.7G       108M       5.7M        26M       3.3G

MemTotal:        4016004 kB
MemFree:          110784 kB
Active:           346648 kB
Mem:          3.8G       3.7G       108M       5.7M        26M       3.3G

MemTotal:        4016004 kB
MemFree:          111156 kB
Active:           346632 kB
Mem:          3.8G       3.7G       108M       5.7M        26M       3.3G

MemTotal:        4016004 kB
MemFree:          111156 kB
Active:           346620 kB
Mem:          3.8G       3.7G       108M       5.7M        26M       3.3G

MemTotal:        4016004 kB
MemFree:          111156 kB
Active:           346648 kB
Mem:          3.8G       3.7G       108M       5.7M        26M       3.3G

MemTotal:        4016004 kB
MemFree:          110908 kB
Active:           346660 kB
Mem:          3.8G       3.7G       108M       5.7M        26M       3.3G

MemTotal:        4016004 kB
MemFree:          111156 kB
Active:           346648 kB
Mem:          3.8G       3.7G       108M       5.7M        26M       3.3G

MemTotal:        4016004 kB
MemFree:          110660 kB
Active:           346668 kB
Mem:          3.8G       3.7G       107M       5.7M        26M       3.3G

MemTotal:        4016004 kB
MemFree:          110784 kB
Active:           346636 kB
Mem:          3.8G       3.7G       108M       5.7M        26M       3.3G

MemTotal:        4016004 kB
MemFree:          110784 kB
Active:           346616 kB
Mem:          3.8G       3.7G       108M       5.7M        26M       3.3G

MemTotal:        4016004 kB
MemFree:          110924 kB
Active:           346612 kB
Mem:          3.8G       3.7G       108M       5.7M        26M       3.3G

MemTotal:        4016004 kB
MemFree:          111048 kB
Active:           346616 kB
Mem:          3.8G       3.7G       108M       5.7M        26M       3.3G

MemTotal:        4016004 kB
MemFree:          110800 kB
Active:           346652 kB
Mem:          3.8G       3.7G       108M       5.7M        26M       3.3G

MemTotal:        4016004 kB
MemFree:          111048 kB
Active:           346644 kB
Mem:          3.8G       3.7G       108M       5.7M        26M       3.3G

MemTotal:        4016004 kB
MemFree:          111048 kB
Active:           346652 kB
