MemTotal:        4016004 kB
MemFree:         3224312 kB
Active:           435280 kB
Mem:          3.8G       773M       3.1G       5.7M        59M       321M

MemTotal:        4016004 kB
MemFree:         3223660 kB
Active:           435704 kB
Mem:          3.8G       774M       3.1G       5.7M        59M       321M

MemTotal:        4016004 kB
MemFree:         3223396 kB
Active:           435756 kB
Mem:          3.8G       774M       3.1G       5.7M        59M       321M

MemTotal:        4016004 kB
MemFree:         3220960 kB
Active:           435776 kB
Mem:          3.8G       776M       3.1G       5.7M        59M       321M

MemTotal:        4016004 kB
MemFree:         3221084 kB
Active:           437772 kB
Mem:          3.8G       776M       3.1G       5.7M        59M       321M

MemTotal:        4016004 kB
MemFree:         3221068 kB
Active:           437800 kB
Mem:          3.8G       776M       3.1G       5.7M        59M       321M

MemTotal:        4016004 kB
MemFree:         3220928 kB
Active:           437800 kB
Mem:          3.8G       776M       3.1G       5.7M        59M       321M

MemTotal:        4016004 kB
MemFree:         3221036 kB
Active:           437792 kB
Mem:          3.8G       776M       3.1G       5.7M        59M       321M

MemTotal:        4016004 kB
MemFree:         3221144 kB
Active:           437776 kB
Mem:          3.8G       776M       3.1G       5.7M        59M       321M

MemTotal:        4016004 kB
MemFree:         3221144 kB
Active:           437784 kB
Mem:          3.8G       776M       3.1G       5.7M        59M       321M

MemTotal:        4016004 kB
MemFree:         3221888 kB
Active:           437816 kB
Mem:          3.8G       775M       3.1G       5.7M        59M       321M

MemTotal:        4016004 kB
MemFree:         3221748 kB
Active:           437816 kB
Mem:          3.8G       775M       3.1G       5.7M        59M       321M

MemTotal:        4016004 kB
MemFree:         3221732 kB
Active:           437788 kB
Mem:          3.8G       775M       3.1G       5.7M        59M       321M

MemTotal:        4016004 kB
MemFree:         3222072 kB
Active:           437788 kB
Mem:          3.8G       775M       3.1G       5.7M        59M       321M

MemTotal:        4016004 kB
MemFree:         3222212 kB
Active:           437808 kB
Mem:          3.8G       775M       3.1G       5.7M        59M       321M

MemTotal:        4016004 kB
MemFree:         3222088 kB
Active:           437816 kB
Mem:          3.8G       775M       3.1G       5.7M        59M       321M

MemTotal:        4016004 kB
MemFree:         3221840 kB
Active:           437828 kB
Mem:          3.8G       775M       3.1G       5.7M        59M       321M

MemTotal:        4016004 kB
MemFree:         3221840 kB
Active:           437796 kB
Mem:          3.8G       775M       3.1G       5.7M        59M       321M

MemTotal:        4016004 kB
MemFree:         3221700 kB
Active:           437784 kB
Mem:          3.8G       775M       3.1G       5.7M        59M       321M

MemTotal:        4016004 kB
MemFree:         3221576 kB
Active:           437836 kB
Mem:          3.8G       775M       3.1G       5.7M        59M       321M

MemTotal:        4016004 kB
MemFree:         3221452 kB
Active:           437828 kB
Mem:          3.8G       775M       3.1G       5.7M        59M       321M

MemTotal:        4016004 kB
MemFree:         3221824 kB
Active:           437828 kB
Mem:          3.8G       775M       3.1G       5.7M        59M       321M

MemTotal:        4016004 kB
MemFree:         3221452 kB
Active:           437828 kB
Mem:          3.8G       776M       3.1G       5.7M        59M       321M

MemTotal:        4016004 kB
MemFree:         3221452 kB
Active:           437832 kB
Mem:          3.8G       776M       3.1G       5.7M        59M       321M

MemTotal:        4016004 kB
MemFree:         3221328 kB
Active:           437800 kB
Mem:          3.8G       776M       3.1G       5.7M        59M       321M

MemTotal:        4016004 kB
MemFree:         3221328 kB
Active:           437792 kB
Mem:          3.8G       776M       3.1G       5.7M        59M       321M

MemTotal:        4016004 kB
MemFree:         3221452 kB
Active:           437792 kB
Mem:          3.8G       775M       3.1G       5.7M        59M       321M

MemTotal:        4016004 kB
MemFree:         3221452 kB
Active:           437848 kB
Mem:          3.8G       776M       3.1G       5.7M        59M       321M

MemTotal:        4016004 kB
MemFree:         3221560 kB
Active:           437800 kB
Mem:          3.8G       775M       3.1G       5.7M        59M       321M

MemTotal:        4016004 kB
MemFree:         3220444 kB
Active:           437852 kB
Mem:          3.8G       776M       3.1G       5.7M        59M       321M

MemTotal:        4016004 kB
MemFree:         3220444 kB
Active:           437852 kB
Mem:          3.8G       776M       3.1G       5.7M        59M       321M

MemTotal:        4016004 kB
MemFree:         3220940 kB
Active:           437808 kB
Mem:          3.8G       776M       3.1G       5.7M        59M       321M

MemTotal:        4016004 kB
MemFree:         3220568 kB
Active:           437852 kB
Mem:          3.8G       776M       3.1G       5.7M        59M       321M

MemTotal:        4016004 kB
MemFree:         3220504 kB
Active:           437916 kB
Mem:          3.8G       776M       3.1G       5.7M        59M       321M

MemTotal:        4016004 kB
MemFree:         3221000 kB
Active:           437832 kB
Mem:          3.8G       776M       3.1G       5.7M        59M       321M

MemTotal:        4016004 kB
MemFree:         3221372 kB
Active:           437832 kB
Mem:          3.8G       776M       3.1G       5.7M        59M       321M

MemTotal:        4016004 kB
MemFree:         3221372 kB
Active:           437864 kB
Mem:          3.8G       775M       3.1G       5.7M        59M       321M

MemTotal:        4016004 kB
MemFree:         3221744 kB
Active:           437844 kB
Mem:          3.8G       775M       3.1G       5.7M        59M       321M

MemTotal:        4016004 kB
MemFree:         3221744 kB
Active:           437816 kB
Mem:          3.8G       775M       3.1G       5.7M        59M       321M

MemTotal:        4016004 kB
MemFree:         3221620 kB
Active:           437852 kB
Mem:          3.8G       775M       3.1G       5.7M        59M       321M

MemTotal:        4016004 kB
MemFree:         3221868 kB
Active:           437860 kB
Mem:          3.8G       775M       3.1G       5.7M        59M       321M

MemTotal:        4016004 kB
MemFree:         3221824 kB
Active:           437840 kB
Mem:          3.8G       775M       3.1G       5.7M        59M       321M

MemTotal:        4016004 kB
MemFree:         3221452 kB
Active:           437872 kB
Mem:          3.8G       775M       3.1G       5.7M        59M       321M

MemTotal:        4016004 kB
MemFree:         3221576 kB
Active:           437892 kB
Mem:          3.8G       776M       3.1G       5.7M        59M       321M

MemTotal:        4016004 kB
MemFree:         3221576 kB
Active:           437864 kB
Mem:          3.8G       776M       3.1G       5.7M        59M       321M

MemTotal:        4016004 kB
MemFree:         3221948 kB
Active:           437888 kB
Mem:          3.8G       775M       3.1G       5.7M        59M       321M

MemTotal:        4016004 kB
MemFree:         3221948 kB
Active:           437884 kB
Mem:          3.8G       775M       3.1G       5.7M        59M       321M

MemTotal:        4016004 kB
MemFree:         3220956 kB
Active:           437892 kB
Mem:          3.8G       776M       3.1G       5.7M        59M       321M

MemTotal:        4016004 kB
MemFree:         3221452 kB
Active:           437848 kB
Mem:          3.8G       775M       3.1G       5.7M        59M       321M

MemTotal:        4016004 kB
MemFree:         3221452 kB
Active:           437856 kB
Mem:          3.8G       775M       3.1G       5.7M        59M       321M

MemTotal:        4016004 kB
MemFree:         3221560 kB
Active:           437876 kB
Mem:          3.8G       775M       3.1G       5.7M        59M       321M

MemTotal:        4016004 kB
MemFree:         3221312 kB
Active:           437848 kB
Mem:          3.8G       776M       3.1G       5.7M        59M       321M

MemTotal:        4016004 kB
MemFree:         3221296 kB
Active:           437872 kB
Mem:          3.8G       776M       3.1G       5.7M        59M       321M

MemTotal:        4016004 kB
MemFree:         3221296 kB
Active:           437904 kB
Mem:          3.8G       776M       3.1G       5.7M        59M       321M

MemTotal:        4016004 kB
MemFree:         3220924 kB
Active:           437924 kB
Mem:          3.8G       776M       3.1G       5.7M        59M       321M

MemTotal:        4016004 kB
MemFree:         3221404 kB
Active:           437900 kB
Mem:          3.8G       776M       3.1G       5.7M        59M       321M

MemTotal:        4016004 kB
MemFree:         3221404 kB
Active:           437912 kB
Mem:          3.8G       775M       3.1G       5.7M        59M       321M

MemTotal:        4016004 kB
MemFree:         3221388 kB
Active:           437900 kB
Mem:          3.8G       776M       3.1G       5.7M        59M       321M

MemTotal:        4016004 kB
MemFree:         3221264 kB
Active:           437928 kB
Mem:          3.8G       775M       3.1G       5.7M        59M       321M

MemTotal:        4016004 kB
MemFree:         3221404 kB
Active:           437896 kB
Mem:          3.8G       775M       3.1G       5.7M        59M       321M

MemTotal:        4016004 kB
MemFree:         3221652 kB
Active:           437920 kB
Mem:          3.8G       775M       3.1G       5.7M        59M       321M

MemTotal:        4016004 kB
MemFree:         3221528 kB
Active:           437892 kB
Mem:          3.8G       775M       3.1G       5.7M        59M       321M

MemTotal:        4016004 kB
MemFree:         3221404 kB
Active:           437936 kB
Mem:          3.8G       776M       3.1G       5.7M        59M       321M

MemTotal:        4016004 kB
MemFree:         3221404 kB
Active:           437892 kB
Mem:          3.8G       775M       3.1G       5.7M        59M       321M

MemTotal:        4016004 kB
MemFree:         3221156 kB
Active:           437916 kB
Mem:          3.8G       776M       3.1G       5.7M        59M       321M

MemTotal:        4016004 kB
MemFree:         3220908 kB
Active:           437944 kB
Mem:          3.8G       776M       3.1G       5.7M        59M       321M

MemTotal:        4016004 kB
MemFree:         3221280 kB
Active:           437892 kB
Mem:          3.8G       776M       3.1G       5.7M        59M       321M

MemTotal:        4016004 kB
MemFree:         3221280 kB
Active:           437912 kB
Mem:          3.8G       776M       3.1G       5.7M        59M       321M

MemTotal:        4016004 kB
MemFree:         3221156 kB
Active:           437904 kB
Mem:          3.8G       776M       3.1G       5.7M        59M       321M

MemTotal:        4016004 kB
MemFree:         3220908 kB
Active:           437932 kB
Mem:          3.8G       776M       3.1G       5.7M        59M       321M

MemTotal:        4016004 kB
MemFree:         3221156 kB
Active:           437936 kB
Mem:          3.8G       776M       3.1G       5.7M        59M       321M

MemTotal:        4016004 kB
MemFree:         3221528 kB
Active:           437912 kB
Mem:          3.8G       775M       3.1G       5.7M        59M       321M

MemTotal:        4016004 kB
MemFree:         3220472 kB
Active:           435924 kB
Mem:          3.8G       776M       3.1G       5.7M        59M       321M

MemTotal:        4016004 kB
MemFree:         3221092 kB
Active:           437912 kB
Mem:          3.8G       776M       3.1G       5.7M        59M       321M

MemTotal:        4016004 kB
MemFree:         3221712 kB
Active:           437916 kB
Mem:          3.8G       775M       3.1G       5.7M        59M       321M

MemTotal:        4016004 kB
MemFree:         3221340 kB
Active:           437948 kB
Mem:          3.8G       775M       3.1G       5.7M        59M       321M

MemTotal:        4016004 kB
MemFree:         3221960 kB
Active:           437916 kB
Mem:          3.8G       775M       3.1G       5.7M        59M       321M

MemTotal:        4016004 kB
MemFree:         3221944 kB
Active:           437928 kB
Mem:          3.8G       775M       3.1G       5.7M        59M       321M

MemTotal:        4016004 kB
MemFree:         3222068 kB
Active:           437948 kB
Mem:          3.8G       775M       3.1G       5.7M        59M       321M

MemTotal:        4016004 kB
MemFree:         3221680 kB
Active:           437936 kB
Mem:          3.8G       775M       3.1G       5.7M        59M       321M

MemTotal:        4016004 kB
MemFree:         3221804 kB
Active:           437940 kB
Mem:          3.8G       775M       3.1G       5.7M        59M       321M

MemTotal:        4016004 kB
MemFree:         3221788 kB
Active:           437912 kB
Mem:          3.8G       775M       3.1G       5.7M        59M       321M

MemTotal:        4016004 kB
MemFree:         3221432 kB
Active:           437916 kB
Mem:          3.8G       776M       3.1G       5.7M        59M       321M

MemTotal:        4016004 kB
MemFree:         3221308 kB
Active:           437972 kB
Mem:          3.8G       776M       3.1G       5.7M        59M       321M

MemTotal:        4016004 kB
MemFree:         3221556 kB
Active:           437952 kB
Mem:          3.8G       775M       3.1G       5.7M        59M       321M

MemTotal:        4016004 kB
MemFree:         3221680 kB
Active:           437936 kB
Mem:          3.8G       775M       3.1G       5.7M        59M       321M

MemTotal:        4016004 kB
MemFree:         3221556 kB
Active:           437972 kB
Mem:          3.8G       775M       3.1G       5.7M        59M       321M

MemTotal:        4016004 kB
MemFree:         3221540 kB
Active:           437960 kB
Mem:          3.8G       775M       3.1G       5.7M        59M       321M

MemTotal:        4016004 kB
MemFree:         3221524 kB
Active:           437972 kB
Mem:          3.8G       775M       3.1G       5.7M        59M       321M

MemTotal:        4016004 kB
MemFree:         3221648 kB
Active:           437952 kB
Mem:          3.8G       775M       3.1G       5.7M        59M       321M

MemTotal:        4016004 kB
MemFree:         3221524 kB
Active:           437976 kB
Mem:          3.8G       775M       3.1G       5.7M        59M       321M

MemTotal:        4016004 kB
MemFree:         3221648 kB
Active:           437980 kB
Mem:          3.8G       775M       3.1G       5.7M        59M       321M

MemTotal:        4016004 kB
MemFree:         3221664 kB
Active:           437940 kB
Mem:          3.8G       775M       3.1G       5.7M        59M       321M

MemTotal:        4016004 kB
MemFree:         3221044 kB
Active:           437984 kB
Mem:          3.8G       775M       3.1G       5.7M        59M       321M

MemTotal:        4016004 kB
MemFree:         3221540 kB
Active:           437956 kB
Mem:          3.8G       775M       3.1G       5.7M        59M       321M

MemTotal:        4016004 kB
MemFree:         3221416 kB
Active:           437936 kB
Mem:          3.8G       776M       3.1G       5.7M        59M       321M

MemTotal:        4016004 kB
MemFree:         3221664 kB
Active:           437944 kB
Mem:          3.8G       775M       3.1G       5.7M        59M       321M

MemTotal:        4016004 kB
MemFree:         3221292 kB
Active:           437996 kB
Mem:          3.8G       776M       3.1G       5.7M        59M       321M

MemTotal:        4016004 kB
MemFree:         3220920 kB
Active:           438020 kB
Mem:          3.8G       776M       3.1G       5.7M        59M       321M

MemTotal:        4016004 kB
MemFree:         3220920 kB
Active:           437972 kB
Mem:          3.8G       776M       3.1G       5.7M        59M       321M

MemTotal:        4016004 kB
MemFree:         3220656 kB
Active:           437976 kB
Mem:          3.8G       777M       3.1G       5.7M        59M       321M

MemTotal:        4016004 kB
MemFree:         2986796 kB
Active:           439968 kB
Mem:          3.8G       1.0G       2.8G       5.7M        59M       543M

MemTotal:        4016004 kB
MemFree:         2983964 kB
Active:           440176 kB
Mem:          3.8G       1.0G       2.8G       5.7M        59M       545M

MemTotal:        4016004 kB
MemFree:         2971608 kB
Active:           440272 kB
Mem:          3.8G       1.0G       2.8G       5.7M        59M       557M

MemTotal:        4016004 kB
MemFree:         2966788 kB
Active:           440304 kB
Mem:          3.8G       1.0G       2.8G       5.7M        59M       562M

MemTotal:        4016004 kB
MemFree:         2960464 kB
Active:           440340 kB
Mem:          3.8G       1.0G       2.8G       5.7M        59M       568M

MemTotal:        4016004 kB
MemFree:         2614732 kB
Active:           441476 kB
Mem:          3.8G       1.3G       2.5G       5.7M        59M       897M

MemTotal:        4016004 kB
MemFree:         2592652 kB
Active:           441760 kB
Mem:          3.8G       1.4G       2.5G       5.7M        59M       917M

MemTotal:        4016004 kB
MemFree:         2592620 kB
Active:           441764 kB
Mem:          3.8G       1.4G       2.5G       5.7M        59M       917M

MemTotal:        4016004 kB
MemFree:         2484104 kB
Active:           442052 kB
Mem:          3.8G       1.5G       2.4G       5.7M        59M       1.0G

MemTotal:        4016004 kB
MemFree:         2427928 kB
Active:           442200 kB
Mem:          3.8G       1.5G       2.3G       5.7M        59M       1.0G

MemTotal:        4016004 kB
MemFree:         2387832 kB
Active:           442528 kB
Mem:          3.8G       1.6G       2.3G       5.7M        59M       1.1G

MemTotal:        4016004 kB
MemFree:         2358768 kB
Active:           442688 kB
Mem:          3.8G       1.6G       2.2G       5.7M        59M       1.1G

MemTotal:        4016004 kB
MemFree:         2358444 kB
Active:           442688 kB
Mem:          3.8G       1.6G       2.2G       5.7M        59M       1.1G

MemTotal:        4016004 kB
MemFree:         2358292 kB
Active:           442680 kB
Mem:          3.8G       1.6G       2.2G       5.7M        59M       1.1G

MemTotal:        4016004 kB
MemFree:         2190396 kB
Active:           443252 kB
Mem:          3.8G       1.7G       2.1G       5.7M        59M       1.3G

MemTotal:        4016004 kB
MemFree:         2340700 kB
Active:           442988 kB
Mem:          3.8G       1.6G       2.2G       5.7M        59M       1.1G

MemTotal:        4016004 kB
MemFree:         3117236 kB
Active:           439908 kB
Mem:          3.8G       877M       3.0G       5.7M        59M       416M

MemTotal:        4016004 kB
MemFree:         3164540 kB
Active:           439732 kB
Mem:          3.8G       831M       3.0G       5.7M        59M       372M

MemTotal:        4016004 kB
MemFree:         3212200 kB
Active:           439556 kB
Mem:          3.8G       784M       3.1G       5.7M        59M       326M

MemTotal:        4016004 kB
MemFree:         2964348 kB
Active:           440452 kB
Mem:          3.8G       1.0G       2.8G       5.7M        59M       563M

MemTotal:        4016004 kB
MemFree:         2940176 kB
Active:           440568 kB
Mem:          3.8G       1.0G       2.8G       5.7M        59M       587M

MemTotal:        4016004 kB
MemFree:         2863180 kB
Active:           440900 kB
Mem:          3.8G       1.1G       2.7G       5.7M        59M       660M

MemTotal:        4016004 kB
MemFree:         2836100 kB
Active:           441016 kB
Mem:          3.8G       1.1G       2.7G       5.7M        59M       686M

MemTotal:        4016004 kB
MemFree:         2684560 kB
Active:           441392 kB
Mem:          3.8G       1.3G       2.6G       5.7M        59M       830M

MemTotal:        4016004 kB
MemFree:         2681460 kB
Active:           441612 kB
Mem:          3.8G       1.3G       2.6G       5.7M        59M       832M

MemTotal:        4016004 kB
MemFree:         2681588 kB
Active:           441592 kB
Mem:          3.8G       1.3G       2.6G       5.7M        59M       832M

MemTotal:        4016004 kB
MemFree:         2681268 kB
Active:           441640 kB
Mem:          3.8G       1.3G       2.6G       5.7M        59M       832M

MemTotal:        4016004 kB
MemFree:         2655988 kB
Active:           441724 kB
Mem:          3.8G       1.3G       2.5G       5.7M        59M       857M

MemTotal:        4016004 kB
MemFree:         2646376 kB
Active:           441808 kB
Mem:          3.8G       1.3G       2.5G       5.7M        59M       866M

MemTotal:        4016004 kB
MemFree:         2641556 kB
Active:           441820 kB
Mem:          3.8G       1.3G       2.5G       5.7M        59M       871M

MemTotal:        4016004 kB
MemFree:         2633016 kB
Active:           441908 kB
Mem:          3.8G       1.3G       2.5G       5.7M        59M       878M

MemTotal:        4016004 kB
MemFree:         2587280 kB
Active:           441976 kB
Mem:          3.8G       1.4G       2.5G       5.7M        59M       923M

MemTotal:        4016004 kB
MemFree:         2391216 kB
Active:           442772 kB
Mem:          3.8G       1.5G       2.3G       5.7M        59M       1.1G

MemTotal:        4016004 kB
MemFree:         2382960 kB
Active:           442880 kB
Mem:          3.8G       1.6G       2.3G       5.7M        59M       1.1G

MemTotal:        4016004 kB
MemFree:         2372852 kB
Active:           442936 kB
Mem:          3.8G       1.6G       2.3G       5.7M        59M       1.1G

MemTotal:        4016004 kB
MemFree:         2140376 kB
Active:           443804 kB
Mem:          3.8G       1.8G       2.0G       5.7M        59M       1.3G

MemTotal:        4016004 kB
MemFree:         3118980 kB
Active:           440276 kB
Mem:          3.8G       876M       3.0G       5.7M        59M       414M

MemTotal:        4016004 kB
MemFree:         3166008 kB
Active:           440104 kB
Mem:          3.8G       829M       3.0G       5.7M        59M       369M

MemTotal:        4016004 kB
MemFree:         2848148 kB
Active:           441052 kB
Mem:          3.8G       1.1G       2.7G       5.7M        59M       674M

MemTotal:        4016004 kB
MemFree:         2794748 kB
Active:           441336 kB
Mem:          3.8G       1.2G       2.7G       5.7M        59M       725M

MemTotal:        4016004 kB
MemFree:         2753608 kB
Active:           441472 kB
Mem:          3.8G       1.2G       2.6G       5.7M        59M       764M

MemTotal:        4016004 kB
MemFree:         2699184 kB
Active:           441624 kB
Mem:          3.8G       1.3G       2.6G       5.7M        59M       816M

MemTotal:        4016004 kB
MemFree:         2659984 kB
Active:           441860 kB
Mem:          3.8G       1.3G       2.5G       5.7M        59M       854M

MemTotal:        4016004 kB
MemFree:         2655480 kB
Active:           442004 kB
Mem:          3.8G       1.3G       2.5G       5.7M        59M       857M

MemTotal:        4016004 kB
MemFree:         2652196 kB
Active:           442000 kB
Mem:          3.8G       1.3G       2.5G       5.7M        59M       860M

MemTotal:        4016004 kB
MemFree:         2652104 kB
Active:           442016 kB
Mem:          3.8G       1.3G       2.5G       5.7M        59M       860M

MemTotal:        4016004 kB
MemFree:         2614080 kB
Active:           442012 kB
Mem:          3.8G       1.3G       2.5G       5.7M        59M       896M

MemTotal:        4016004 kB
MemFree:         2481016 kB
Active:           442556 kB
Mem:          3.8G       1.5G       2.4G       5.7M        59M       1.0G

MemTotal:        4016004 kB
MemFree:         2406468 kB
Active:           442924 kB
Mem:          3.8G       1.5G       2.3G       5.7M        59M       1.1G

MemTotal:        4016004 kB
MemFree:         2406592 kB
Active:           442940 kB
Mem:          3.8G       1.5G       2.3G       5.7M        59M       1.1G

MemTotal:        4016004 kB
MemFree:         2406688 kB
Active:           442964 kB
Mem:          3.8G       1.5G       2.3G       5.7M        59M       1.1G

MemTotal:        4016004 kB
MemFree:         2350256 kB
Active:           442972 kB
Mem:          3.8G       1.6G       2.2G       5.7M        59M       1.1G

MemTotal:        4016004 kB
MemFree:         2251508 kB
Active:           443364 kB
Mem:          3.8G       1.7G       2.1G       5.7M        59M       1.2G

MemTotal:        4016004 kB
MemFree:         2176256 kB
Active:           443792 kB
Mem:          3.8G       1.8G       2.1G       5.7M        59M       1.3G

MemTotal:        4016004 kB
MemFree:         2165328 kB
Active:           443924 kB
Mem:          3.8G       1.8G       2.1G       5.7M        59M       1.3G

MemTotal:        4016004 kB
MemFree:         2165584 kB
Active:           443944 kB
Mem:          3.8G       1.8G       2.1G       5.7M        59M       1.3G

MemTotal:        4016004 kB
MemFree:         2165308 kB
Active:           443920 kB
Mem:          3.8G       1.8G       2.1G       5.7M        59M       1.3G

MemTotal:        4016004 kB
MemFree:         3178452 kB
Active:           440320 kB
Mem:          3.8G       817M       3.0G       5.7M        59M       359M

MemTotal:        4016004 kB
MemFree:         3015652 kB
Active:           440496 kB
Mem:          3.8G       979M       2.9G       5.7M        59M       518M

MemTotal:        4016004 kB
MemFree:         2914464 kB
Active:           441004 kB
Mem:          3.8G       1.1G       2.8G       5.7M        59M       611M

MemTotal:        4016004 kB
MemFree:         2828020 kB
Active:           441300 kB
Mem:          3.8G       1.1G       2.7G       5.7M        59M       694M

MemTotal:        4016004 kB
MemFree:         2777892 kB
Active:           441492 kB
Mem:          3.8G       1.2G       2.6G       5.7M        59M       741M

MemTotal:        4016004 kB
MemFree:         2697372 kB
Active:           441984 kB
Mem:          3.8G       1.3G       2.6G       5.7M        59M       818M

MemTotal:        4016004 kB
MemFree:         2669656 kB
Active:           442096 kB
Mem:          3.8G       1.3G       2.5G       5.7M        59M       844M

MemTotal:        4016004 kB
MemFree:         2669904 kB
Active:           442096 kB
Mem:          3.8G       1.3G       2.5G       5.7M        59M       844M

MemTotal:        4016004 kB
MemFree:         2512264 kB
Active:           442680 kB
Mem:          3.8G       1.4G       2.4G       5.7M        59M       995M

MemTotal:        4016004 kB
MemFree:         2432268 kB
Active:           442988 kB
Mem:          3.8G       1.5G       2.3G       5.7M        59M       1.0G

MemTotal:        4016004 kB
MemFree:         2431700 kB
Active:           443112 kB
Mem:          3.8G       1.5G       2.3G       5.7M        59M       1.0G

MemTotal:        4016004 kB
MemFree:         2431360 kB
Active:           443128 kB
Mem:          3.8G       1.5G       2.3G       5.7M        59M       1.0G

MemTotal:        4016004 kB
MemFree:         2432096 kB
Active:           442940 kB
Mem:          3.8G       1.5G       2.3G       5.7M        59M       1.0G

MemTotal:        4016004 kB
MemFree:         2392756 kB
Active:           443116 kB
Mem:          3.8G       1.5G       2.3G       5.7M        59M       1.1G

MemTotal:        4016004 kB
MemFree:         2365740 kB
Active:           443228 kB
Mem:          3.8G       1.6G       2.3G       5.7M        59M       1.1G

MemTotal:        4016004 kB
MemFree:         2365076 kB
Active:           443244 kB
Mem:          3.8G       1.6G       2.3G       5.7M        59M       1.1G

MemTotal:        4016004 kB
MemFree:         2365500 kB
Active:           443248 kB
Mem:          3.8G       1.6G       2.3G       5.7M        59M       1.1G

MemTotal:        4016004 kB
MemFree:         2709692 kB
Active:           441940 kB
Mem:          3.8G       1.2G       2.6G       5.7M        60M       796M

MemTotal:        4016004 kB
MemFree:         2965488 kB
Active:           441068 kB
Mem:          3.8G       1.0G       2.8G       5.7M        60M       563M

MemTotal:        4016004 kB
MemFree:         2890716 kB
Active:           441124 kB
Mem:          3.8G       1.1G       2.8G       5.7M        60M       634M

MemTotal:        4016004 kB
MemFree:         2888728 kB
Active:           441284 kB
Mem:          3.8G       1.1G       2.8G       5.7M        60M       635M

MemTotal:        4016004 kB
MemFree:         2888888 kB
Active:           441280 kB
Mem:          3.8G       1.1G       2.8G       5.7M        60M       635M

MemTotal:        4016004 kB
MemFree:         2743504 kB
Active:           441828 kB
Mem:          3.8G       1.2G       2.6G       5.7M        60M       774M

MemTotal:        4016004 kB
MemFree:         2712772 kB
Active:           441976 kB
Mem:          3.8G       1.2G       2.6G       5.7M        60M       803M

MemTotal:        4016004 kB
MemFree:         2632832 kB
Active:           442284 kB
Mem:          3.8G       1.3G       2.5G       5.7M        60M       879M

MemTotal:        4016004 kB
MemFree:         2632664 kB
Active:           442300 kB
Mem:          3.8G       1.3G       2.5G       5.7M        60M       879M

MemTotal:        4016004 kB
MemFree:         2632696 kB
Active:           442268 kB
Mem:          3.8G       1.3G       2.5G       5.7M        60M       879M

MemTotal:        4016004 kB
MemFree:         2516804 kB
Active:           442704 kB
Mem:          3.8G       1.4G       2.4G       5.7M        60M       990M

MemTotal:        4016004 kB
MemFree:         2430796 kB
Active:           443056 kB
Mem:          3.8G       1.5G       2.3G       5.7M        60M       1.0G

MemTotal:        4016004 kB
MemFree:         2430052 kB
Active:           443068 kB
Mem:          3.8G       1.5G       2.3G       5.7M        60M       1.0G

MemTotal:        4016004 kB
MemFree:         2430212 kB
Active:           443112 kB
Mem:          3.8G       1.5G       2.3G       5.7M        60M       1.0G

MemTotal:        4016004 kB
MemFree:         2430000 kB
Active:           443116 kB
Mem:          3.8G       1.5G       2.3G       5.7M        60M       1.0G

MemTotal:        4016004 kB
MemFree:         2389624 kB
Active:           443272 kB
Mem:          3.8G       1.6G       2.3G       5.7M        60M       1.1G

MemTotal:        4016004 kB
MemFree:         2389376 kB
Active:           443292 kB
Mem:          3.8G       1.6G       2.3G       5.7M        60M       1.1G

MemTotal:        4016004 kB
MemFree:         2389164 kB
Active:           443256 kB
Mem:          3.8G       1.6G       2.3G       5.7M        60M       1.1G

MemTotal:        4016004 kB
MemFree:         2167356 kB
Active:           444104 kB
Mem:          3.8G       1.8G       2.1G       5.7M        60M       1.3G

MemTotal:        4016004 kB
MemFree:         3106224 kB
Active:           440716 kB
Mem:          3.8G       888M       3.0G       5.7M        60M       427M

MemTotal:        4016004 kB
MemFree:         3148592 kB
Active:           440476 kB
Mem:          3.8G       846M       3.0G       5.7M        60M       387M

MemTotal:        4016004 kB
MemFree:         3197380 kB
Active:           440280 kB
Mem:          3.8G       799M       3.0G       5.7M        60M       341M

MemTotal:        4016004 kB
MemFree:         2927928 kB
Active:           441152 kB
Mem:          3.8G       1.0G       2.8G       5.7M        60M       600M

MemTotal:        4016004 kB
MemFree:         2835776 kB
Active:           441552 kB
Mem:          3.8G       1.1G       2.7G       5.7M        60M       686M

MemTotal:        4016004 kB
MemFree:         2813756 kB
Active:           441728 kB
Mem:          3.8G       1.1G       2.7G       5.7M        60M       707M

MemTotal:        4016004 kB
MemFree:         2722176 kB
Active:           442032 kB
Mem:          3.8G       1.2G       2.6G       5.7M        60M       794M

MemTotal:        4016004 kB
MemFree:         2675068 kB
Active:           442196 kB
Mem:          3.8G       1.3G       2.6G       5.7M        60M       838M

MemTotal:        4016004 kB
MemFree:         2668140 kB
Active:           442292 kB
Mem:          3.8G       1.3G       2.5G       5.7M        60M       845M

MemTotal:        4016004 kB
MemFree:         2668140 kB
Active:           442284 kB
Mem:          3.8G       1.3G       2.5G       5.7M        60M       845M

MemTotal:        4016004 kB
MemFree:         2668300 kB
Active:           442300 kB
Mem:          3.8G       1.3G       2.5G       5.7M        60M       845M

MemTotal:        4016004 kB
MemFree:         2639960 kB
Active:           442260 kB
Mem:          3.8G       1.3G       2.5G       5.7M        60M       872M

MemTotal:        4016004 kB
MemFree:         2512112 kB
Active:           442884 kB
Mem:          3.8G       1.4G       2.4G       5.7M        60M       994M

MemTotal:        4016004 kB
MemFree:         2429584 kB
Active:           443112 kB
Mem:          3.8G       1.5G       2.3G       5.7M        60M       1.0G

MemTotal:        4016004 kB
MemFree:         2428160 kB
Active:           443240 kB
Mem:          3.8G       1.5G       2.3G       5.7M        60M       1.0G

MemTotal:        4016004 kB
MemFree:         2428040 kB
Active:           443260 kB
Mem:          3.8G       1.5G       2.3G       5.7M        60M       1.0G

MemTotal:        4016004 kB
MemFree:         2394548 kB
Active:           443260 kB
Mem:          3.8G       1.5G       2.3G       5.7M        60M       1.1G

MemTotal:        4016004 kB
MemFree:         2278100 kB
Active:           443612 kB
Mem:          3.8G       1.7G       2.2G       5.7M        60M       1.2G

MemTotal:        4016004 kB
MemFree:         2216748 kB
Active:           444020 kB
Mem:          3.8G       1.7G       2.1G       5.7M        60M       1.2G

MemTotal:        4016004 kB
MemFree:         2215788 kB
Active:           444088 kB
Mem:          3.8G       1.7G       2.1G       5.7M        60M       1.2G

MemTotal:        4016004 kB
MemFree:         2215420 kB
Active:           444052 kB
Mem:          3.8G       1.7G       2.1G       5.7M        60M       1.2G

MemTotal:        4016004 kB
MemFree:         2215484 kB
Active:           444068 kB
Mem:          3.8G       1.7G       2.1G       5.7M        60M       1.2G

MemTotal:        4016004 kB
MemFree:         3180836 kB
Active:           438632 kB
Mem:          3.8G       814M       3.0G       5.7M        60M       355M

MemTotal:        4016004 kB
MemFree:         2944652 kB
Active:           441220 kB
Mem:          3.8G       1.0G       2.8G       5.7M        60M       583M

MemTotal:        4016004 kB
MemFree:         2939200 kB
Active:           441344 kB
Mem:          3.8G       1.0G       2.8G       5.7M        60M       588M

MemTotal:        4016004 kB
MemFree:         2939236 kB
Active:           441340 kB
Mem:          3.8G       1.0G       2.8G       5.7M        60M       588M

MemTotal:        4016004 kB
MemFree:         2798044 kB
Active:           441760 kB
Mem:          3.8G       1.2G       2.7G       5.7M        60M       723M

MemTotal:        4016004 kB
MemFree:         2787916 kB
Active:           441960 kB
Mem:          3.8G       1.2G       2.7G       5.7M        60M       732M

MemTotal:        4016004 kB
MemFree:         2649296 kB
Active:           442432 kB
Mem:          3.8G       1.3G       2.5G       5.7M        60M       864M

MemTotal:        4016004 kB
MemFree:         2487856 kB
Active:           442968 kB
Mem:          3.8G       1.5G       2.4G       5.7M        60M       1.0G

MemTotal:        4016004 kB
MemFree:         2410488 kB
Active:           443272 kB
Mem:          3.8G       1.5G       2.3G       5.7M        60M       1.1G

MemTotal:        4016004 kB
MemFree:         2370820 kB
Active:           443540 kB
Mem:          3.8G       1.6G       2.3G       5.7M        60M       1.1G

MemTotal:        4016004 kB
MemFree:         2370112 kB
Active:           443652 kB
Mem:          3.8G       1.6G       2.3G       5.7M        60M       1.1G

MemTotal:        4016004 kB
MemFree:         2364892 kB
Active:           443612 kB
Mem:          3.8G       1.6G       2.3G       5.7M        60M       1.1G

MemTotal:        4016004 kB
MemFree:         2364460 kB
Active:           443696 kB
Mem:          3.8G       1.6G       2.3G       5.7M        60M       1.1G

MemTotal:        4016004 kB
MemFree:         2319352 kB
Active:           443680 kB
Mem:          3.8G       1.6G       2.2G       5.7M        60M       1.1G

MemTotal:        4016004 kB
MemFree:         2159312 kB
Active:           444356 kB
Mem:          3.8G       1.8G       2.1G       5.7M        60M       1.3G

MemTotal:        4016004 kB
MemFree:         3101296 kB
Active:           441036 kB
Mem:          3.8G       892M       3.0G       5.7M        60M       431M

MemTotal:        4016004 kB
MemFree:         3148124 kB
Active:           440876 kB
Mem:          3.8G       846M       3.0G       5.7M        60M       386M

MemTotal:        4016004 kB
MemFree:         3196688 kB
Active:           440680 kB
Mem:          3.8G       800M       3.0G       5.7M        60M       341M

MemTotal:        4016004 kB
MemFree:         2926348 kB
Active:           441324 kB
Mem:          3.8G       1.0G       2.8G       5.7M        60M       600M

MemTotal:        4016004 kB
MemFree:         2888924 kB
Active:           441648 kB
Mem:          3.8G       1.1G       2.8G       5.7M        60M       635M

MemTotal:        4016004 kB
MemFree:         2814484 kB
Active:           441856 kB
Mem:          3.8G       1.1G       2.7G       5.7M        60M       707M

MemTotal:        4016004 kB
MemFree:         2753724 kB
Active:           442080 kB
Mem:          3.8G       1.2G       2.6G       5.7M        60M       764M

MemTotal:        4016004 kB
MemFree:         2740284 kB
Active:           442272 kB
Mem:          3.8G       1.2G       2.6G       5.7M        60M       777M

MemTotal:        4016004 kB
MemFree:         2692172 kB
Active:           442336 kB
Mem:          3.8G       1.3G       2.6G       5.7M        60M       823M

MemTotal:        4016004 kB
MemFree:         2691832 kB
Active:           442484 kB
Mem:          3.8G       1.3G       2.6G       5.7M        60M       823M

MemTotal:        4016004 kB
MemFree:         2691932 kB
Active:           442516 kB
Mem:          3.8G       1.3G       2.6G       5.7M        60M       823M

MemTotal:        4016004 kB
MemFree:         2554128 kB
Active:           442904 kB
Mem:          3.8G       1.4G       2.4G       5.7M        60M       955M

MemTotal:        4016004 kB
MemFree:         2485716 kB
Active:           443228 kB
Mem:          3.8G       1.5G       2.4G       5.7M        60M       1.0G

MemTotal:        4016004 kB
MemFree:         2462200 kB
Active:           443388 kB
Mem:          3.8G       1.5G       2.3G       5.7M        60M       1.0G

MemTotal:        4016004 kB
MemFree:         2462332 kB
Active:           443388 kB
Mem:          3.8G       1.5G       2.3G       5.7M        60M       1.0G

MemTotal:        4016004 kB
MemFree:         2462240 kB
Active:           443440 kB
Mem:          3.8G       1.5G       2.3G       5.7M        60M       1.0G

MemTotal:        4016004 kB
MemFree:         2412652 kB
Active:           443624 kB
Mem:          3.8G       1.5G       2.3G       5.7M        60M       1.1G

MemTotal:        4016004 kB
MemFree:         2269072 kB
Active:           444156 kB
Mem:          3.8G       1.7G       2.2G       5.7M        60M       1.2G

MemTotal:        4016004 kB
MemFree:         2217748 kB
Active:           444392 kB
Mem:          3.8G       1.7G       2.1G       5.7M        60M       1.2G

MemTotal:        4016004 kB
MemFree:         2217656 kB
Active:           444360 kB
Mem:          3.8G       1.7G       2.1G       5.7M        60M       1.2G

MemTotal:        4016004 kB
MemFree:         2215988 kB
Active:           444360 kB
Mem:          3.8G       1.7G       2.1G       5.7M        60M       1.2G

MemTotal:        4016004 kB
MemFree:         2138880 kB
Active:           446712 kB
Mem:          3.8G       1.8G       2.0G       5.7M        60M       1.3G

MemTotal:        4016004 kB
MemFree:         3085824 kB
Active:           443108 kB
Mem:          3.8G       908M       2.9G       5.7M        60M       444M

MemTotal:        4016004 kB
MemFree:         3133576 kB
Active:           442956 kB
Mem:          3.8G       862M       3.0G       5.7M        60M       399M

MemTotal:        4016004 kB
MemFree:         3181232 kB
Active:           442756 kB
Mem:          3.8G       815M       3.0G       5.7M        60M       354M

MemTotal:        4016004 kB
MemFree:         2987288 kB
Active:           443292 kB
Mem:          3.8G       1.0G       2.8G       5.7M        60M       542M

MemTotal:        4016004 kB
MemFree:         2961008 kB
Active:           443592 kB
Mem:          3.8G       1.0G       2.8G       5.7M        60M       565M

MemTotal:        4016004 kB
MemFree:         2832952 kB
Active:           444092 kB
Mem:          3.8G       1.1G       2.7G       5.7M        60M       686M

MemTotal:        4016004 kB
MemFree:         2814748 kB
Active:           444080 kB
Mem:          3.8G       1.1G       2.7G       5.7M        60M       705M

MemTotal:        4016004 kB
MemFree:         2724908 kB
Active:           444464 kB
Mem:          3.8G       1.2G       2.6G       5.7M        60M       791M

MemTotal:        4016004 kB
MemFree:         2703780 kB
Active:           444632 kB
Mem:          3.8G       1.3G       2.6G       5.7M        60M       810M

MemTotal:        4016004 kB
MemFree:         2703544 kB
Active:           444652 kB
Mem:          3.8G       1.3G       2.6G       5.7M        60M       810M

MemTotal:        4016004 kB
MemFree:         2510228 kB
Active:           445276 kB
Mem:          3.8G       1.4G       2.4G       5.7M        60M       995M

MemTotal:        4016004 kB
MemFree:         2451696 kB
Active:           445568 kB
Mem:          3.8G       1.5G       2.3G       5.7M        60M       1.0G

MemTotal:        4016004 kB
MemFree:         2449588 kB
Active:           445644 kB
Mem:          3.8G       1.5G       2.3G       5.7M        60M       1.0G

MemTotal:        4016004 kB
MemFree:         2449284 kB
Active:           445648 kB
Mem:          3.8G       1.5G       2.3G       5.7M        60M       1.0G

MemTotal:        4016004 kB
MemFree:         2449132 kB
Active:           445644 kB
Mem:          3.8G       1.5G       2.3G       5.7M        60M       1.0G

MemTotal:        4016004 kB
MemFree:         2385032 kB
Active:           445892 kB
Mem:          3.8G       1.6G       2.3G       5.7M        60M       1.1G

MemTotal:        4016004 kB
MemFree:         2267800 kB
Active:           448376 kB
Mem:          3.8G       1.7G       2.2G       5.7M        60M       1.2G

MemTotal:        4016004 kB
MemFree:         2179720 kB
Active:           448596 kB
Mem:          3.8G       1.8G       2.1G       5.7M        60M       1.3G

MemTotal:        4016004 kB
MemFree:         2171768 kB
Active:           448740 kB
Mem:          3.8G       1.8G       2.1G       5.7M        60M       1.3G

MemTotal:        4016004 kB
MemFree:         2171740 kB
Active:           448728 kB
Mem:          3.8G       1.8G       2.1G       5.7M        60M       1.3G

MemTotal:        4016004 kB
MemFree:         2171384 kB
Active:           448696 kB
Mem:          3.8G       1.8G       2.1G       5.7M        60M       1.3G

MemTotal:        4016004 kB
MemFree:         3166480 kB
Active:           445052 kB
Mem:          3.8G       829M       3.0G       5.7M        60M       366M

MemTotal:        4016004 kB
MemFree:         3208952 kB
Active:           444884 kB
Mem:          3.8G       789M       3.1G       5.7M        60M       328M

MemTotal:        4016004 kB
MemFree:         2960124 kB
Active:           445784 kB
Mem:          3.8G       1.0G       2.8G       5.7M        60M       564M

MemTotal:        4016004 kB
MemFree:         2834948 kB
Active:           446144 kB
Mem:          3.8G       1.1G       2.7G       5.7M        60M       683M

MemTotal:        4016004 kB
MemFree:         2822156 kB
Active:           446260 kB
Mem:          3.8G       1.1G       2.7G       5.7M        60M       696M

MemTotal:        4016004 kB
MemFree:         2728232 kB
Active:           446528 kB
Mem:          3.8G       1.2G       2.6G       5.7M        60M       784M

MemTotal:        4016004 kB
MemFree:         2697540 kB
Active:           446796 kB
Mem:          3.8G       1.3G       2.6G       5.7M        60M       814M

MemTotal:        4016004 kB
MemFree:         2697168 kB
Active:           446768 kB
Mem:          3.8G       1.3G       2.6G       5.7M        60M       814M

MemTotal:        4016004 kB
MemFree:         2696924 kB
Active:           446832 kB
Mem:          3.8G       1.3G       2.6G       5.7M        60M       814M

MemTotal:        4016004 kB
MemFree:         2696712 kB
Active:           446808 kB
Mem:          3.8G       1.3G       2.6G       5.7M        60M       814M

MemTotal:        4016004 kB
MemFree:         2510596 kB
Active:           447360 kB
Mem:          3.8G       1.4G       2.4G       5.7M        60M       991M

MemTotal:        4016004 kB
MemFree:         2450288 kB
Active:           447656 kB
Mem:          3.8G       1.5G       2.3G       5.7M        60M       1.0G

MemTotal:        4016004 kB
MemFree:         2437344 kB
Active:           447844 kB
Mem:          3.8G       1.5G       2.3G       5.7M        60M       1.0G

MemTotal:        4016004 kB
MemFree:         2437328 kB
Active:           447856 kB
Mem:          3.8G       1.5G       2.3G       5.7M        60M       1.0G

MemTotal:        4016004 kB
MemFree:         2435036 kB
Active:           447860 kB
Mem:          3.8G       1.5G       2.3G       5.7M        60M       1.0G

MemTotal:        4016004 kB
MemFree:         2434452 kB
Active:           449848 kB
Mem:          3.8G       1.5G       2.3G       5.7M        60M       1.0G

MemTotal:        4016004 kB
MemFree:         2273456 kB
Active:           450320 kB
Mem:          3.8G       1.7G       2.2G       5.7M        60M       1.2G

MemTotal:        4016004 kB
MemFree:         2183592 kB
Active:           450628 kB
Mem:          3.8G       1.7G       2.1G       5.7M        60M       1.3G

MemTotal:        4016004 kB
MemFree:         2168928 kB
Active:           450872 kB
Mem:          3.8G       1.8G       2.1G       5.7M        60M       1.3G

MemTotal:        4016004 kB
MemFree:         2169272 kB
Active:           450912 kB
Mem:          3.8G       1.8G       2.1G       5.7M        60M       1.3G

MemTotal:        4016004 kB
MemFree:         2169776 kB
Active:           450868 kB
Mem:          3.8G       1.8G       2.1G       5.7M        60M       1.3G

MemTotal:        4016004 kB
MemFree:         3129976 kB
Active:           447404 kB
Mem:          3.8G       864M       3.0G       5.7M        60M       398M

MemTotal:        4016004 kB
MemFree:         3171192 kB
Active:           447192 kB
Mem:          3.8G       824M       3.0G       5.7M        60M       359M

MemTotal:        4016004 kB
MemFree:         3169608 kB
Active:           447060 kB
Mem:          3.8G       828M       3.0G       5.7M        60M       365M

MemTotal:        4016004 kB
MemFree:         3006332 kB
Active:           447768 kB
Mem:          3.8G       986M       2.9G       5.7M        60M       519M

MemTotal:        4016004 kB
MemFree:         2858128 kB
Active:           448244 kB
Mem:          3.8G       1.1G       2.7G       5.7M        60M       659M

MemTotal:        4016004 kB
MemFree:         2793672 kB
Active:           448468 kB
Mem:          3.8G       1.2G       2.7G       5.7M        60M       721M

MemTotal:        4016004 kB
MemFree:         2723536 kB
Active:           448676 kB
Mem:          3.8G       1.2G       2.6G       5.7M        60M       787M

MemTotal:        4016004 kB
MemFree:         2655320 kB
Active:           449020 kB
Mem:          3.8G       1.3G       2.5G       5.7M        60M       851M

MemTotal:        4016004 kB
MemFree:         2655012 kB
Active:           449128 kB
Mem:          3.8G       1.3G       2.5G       5.7M        60M       851M

MemTotal:        4016004 kB
MemFree:         2655076 kB
Active:           449096 kB
Mem:          3.8G       1.3G       2.5G       5.7M        60M       851M

MemTotal:        4016004 kB
MemFree:         2499380 kB
Active:           449532 kB
Mem:          3.8G       1.4G       2.4G       5.7M        60M       999M

MemTotal:        4016004 kB
MemFree:         2462316 kB
Active:           449720 kB
Mem:          3.8G       1.5G       2.3G       5.7M        60M       1.0G

MemTotal:        4016004 kB
MemFree:         2461912 kB
Active:           449892 kB
Mem:          3.8G       1.5G       2.3G       5.7M        60M       1.0G

MemTotal:        4016004 kB
MemFree:         2461856 kB
Active:           449872 kB
Mem:          3.8G       1.5G       2.3G       5.7M        60M       1.0G

MemTotal:        4016004 kB
MemFree:         2461532 kB
Active:           449876 kB
Mem:          3.8G       1.5G       2.3G       5.7M        60M       1.0G

MemTotal:        4016004 kB
MemFree:         2310264 kB
Active:           450492 kB
Mem:          3.8G       1.6G       2.2G       5.7M        60M       1.2G

MemTotal:        4016004 kB
MemFree:         2219800 kB
Active:           450836 kB
Mem:          3.8G       1.7G       2.1G       5.7M        60M       1.2G

MemTotal:        4016004 kB
MemFree:         2202720 kB
Active:           450896 kB
Mem:          3.8G       1.7G       2.1G       5.7M        60M       1.3G

MemTotal:        4016004 kB
MemFree:         2203032 kB
Active:           450924 kB
Mem:          3.8G       1.7G       2.1G       5.7M        60M       1.3G

MemTotal:        4016004 kB
MemFree:         2202848 kB
Active:           450924 kB
Mem:          3.8G       1.7G       2.1G       5.7M        60M       1.3G

MemTotal:        4016004 kB
MemFree:         2203040 kB
Active:           450900 kB
Mem:          3.8G       1.7G       2.1G       5.7M        60M       1.3G

MemTotal:        4016004 kB
MemFree:         3171984 kB
Active:           447284 kB
Mem:          3.8G       823M       3.0G       5.7M        60M       358M

MemTotal:        4016004 kB
MemFree:         2982772 kB
Active:           447844 kB
Mem:          3.8G       1.0G       2.8G       5.7M        60M       540M

MemTotal:        4016004 kB
MemFree:         2882436 kB
Active:           448392 kB
Mem:          3.8G       1.1G       2.7G       5.7M        60M       636M

MemTotal:        4016004 kB
MemFree:         2882096 kB
Active:           448404 kB
Mem:          3.8G       1.1G       2.7G       5.7M        60M       636M

MemTotal:        4016004 kB
MemFree:         2882068 kB
Active:           448388 kB
Mem:          3.8G       1.1G       2.7G       5.7M        60M       636M

MemTotal:        4016004 kB
MemFree:         2856496 kB
Active:           448452 kB
Mem:          3.8G       1.1G       2.7G       5.7M        60M       661M

MemTotal:        4016004 kB
MemFree:         2688456 kB
Active:           449104 kB
Mem:          3.8G       1.3G       2.6G       5.7M        60M       820M

MemTotal:        4016004 kB
MemFree:         2642060 kB
Active:           449344 kB
Mem:          3.8G       1.3G       2.5G       5.7M        60M       864M

MemTotal:        4016004 kB
MemFree:         2641752 kB
Active:           449288 kB
Mem:          3.8G       1.3G       2.5G       5.7M        60M       864M

MemTotal:        4016004 kB
MemFree:         2642004 kB
Active:           449308 kB
Mem:          3.8G       1.3G       2.5G       5.7M        60M       864M

MemTotal:        4016004 kB
MemFree:         2539196 kB
Active:           449516 kB
Mem:          3.8G       1.4G       2.4G       5.7M        60M       962M

MemTotal:        4016004 kB
MemFree:         2485760 kB
Active:           449960 kB
Mem:          3.8G       1.5G       2.4G       5.7M        60M       1.0G

MemTotal:        4016004 kB
MemFree:         2414796 kB
Active:           450144 kB
Mem:          3.8G       1.5G       2.3G       5.7M        60M       1.1G

MemTotal:        4016004 kB
MemFree:         2409728 kB
Active:           450264 kB
Mem:          3.8G       1.5G       2.3G       5.7M        60M       1.1G

MemTotal:        4016004 kB
MemFree:         2410196 kB
Active:           450228 kB
Mem:          3.8G       1.5G       2.3G       5.7M        60M       1.1G

MemTotal:        4016004 kB
MemFree:         2410108 kB
Active:           450264 kB
Mem:          3.8G       1.5G       2.3G       5.7M        60M       1.1G

MemTotal:        4016004 kB
MemFree:         2240136 kB
Active:           450800 kB
Mem:          3.8G       1.7G       2.1G       5.7M        60M       1.2G

MemTotal:        4016004 kB
MemFree:         2189308 kB
Active:           451112 kB
Mem:          3.8G       1.7G       2.1G       5.7M        60M       1.3G

MemTotal:        4016004 kB
MemFree:         2188844 kB
Active:           451076 kB
Mem:          3.8G       1.7G       2.1G       5.7M        60M       1.3G

MemTotal:        4016004 kB
MemFree:         2189036 kB
Active:           451088 kB
Mem:          3.8G       1.7G       2.1G       5.7M        60M       1.3G

MemTotal:        4016004 kB
MemFree:         2187740 kB
Active:           451128 kB
Mem:          3.8G       1.7G       2.1G       5.7M        60M       1.3G

MemTotal:        4016004 kB
MemFree:         2134796 kB
Active:           451236 kB
Mem:          3.8G       1.8G       2.0G       5.7M        60M       1.3G

MemTotal:        4016004 kB
MemFree:         3082836 kB
Active:           447884 kB
Mem:          3.8G       911M       2.9G       5.7M        60M       443M

MemTotal:        4016004 kB
MemFree:         3125028 kB
Active:           447668 kB
Mem:          3.8G       869M       3.0G       5.7M        60M       403M

MemTotal:        4016004 kB
MemFree:         3173284 kB
Active:           447496 kB
Mem:          3.8G       822M       3.0G       5.7M        60M       356M

MemTotal:        4016004 kB
MemFree:         2981628 kB
Active:           448016 kB
Mem:          3.8G       1.0G       2.8G       5.7M        60M       541M

MemTotal:        4016004 kB
MemFree:         2891420 kB
Active:           448296 kB
Mem:          3.8G       1.1G       2.8G       5.7M        60M       627M

MemTotal:        4016004 kB
MemFree:         2857196 kB
Active:           448648 kB
Mem:          3.8G       1.1G       2.7G       5.7M        60M       660M

MemTotal:        4016004 kB
MemFree:         2772916 kB
Active:           448812 kB
Mem:          3.8G       1.2G       2.6G       5.7M        60M       740M

MemTotal:        4016004 kB
MemFree:         2706760 kB
Active:           449156 kB
Mem:          3.8G       1.2G       2.6G       5.7M        60M       803M

MemTotal:        4016004 kB
MemFree:         2706328 kB
Active:           449236 kB
Mem:          3.8G       1.2G       2.6G       5.7M        60M       803M

MemTotal:        4016004 kB
MemFree:         2705436 kB
Active:           447220 kB
Mem:          3.8G       1.2G       2.6G       5.7M        60M       803M

MemTotal:        4016004 kB
MemFree:         2705252 kB
Active:           447232 kB
Mem:          3.8G       1.3G       2.6G       5.7M        60M       803M

MemTotal:        4016004 kB
MemFree:         2660180 kB
Active:           449300 kB
Mem:          3.8G       1.3G       2.5G       5.7M        60M       847M

MemTotal:        4016004 kB
MemFree:         2508260 kB
Active:           449860 kB
Mem:          3.8G       1.4G       2.4G       5.7M        60M       991M

MemTotal:        4016004 kB
MemFree:         2455540 kB
Active:           450152 kB
Mem:          3.8G       1.5G       2.3G       5.7M        60M       1.0G

MemTotal:        4016004 kB
MemFree:         2454904 kB
Active:           450284 kB
Mem:          3.8G       1.5G       2.3G       5.7M        60M       1.0G

MemTotal:        4016004 kB
MemFree:         2454660 kB
Active:           450288 kB
Mem:          3.8G       1.5G       2.3G       5.7M        60M       1.0G

MemTotal:        4016004 kB
MemFree:         2454416 kB
Active:           450288 kB
Mem:          3.8G       1.5G       2.3G       5.7M        60M       1.0G

MemTotal:        4016004 kB
MemFree:         2290024 kB
Active:           450620 kB
Mem:          3.8G       1.6G       2.2G       5.7M        60M       1.2G

MemTotal:        4016004 kB
MemFree:         2214172 kB
Active:           451028 kB
Mem:          3.8G       1.7G       2.1G       5.7M        60M       1.2G

MemTotal:        4016004 kB
MemFree:         2201228 kB
Active:           451268 kB
Mem:          3.8G       1.7G       2.1G       5.7M        60M       1.3G

MemTotal:        4016004 kB
MemFree:         2200608 kB
Active:           451268 kB
Mem:          3.8G       1.7G       2.1G       5.7M        60M       1.3G

MemTotal:        4016004 kB
MemFree:         2200736 kB
Active:           451248 kB
Mem:          3.8G       1.7G       2.1G       5.7M        60M       1.3G

MemTotal:        4016004 kB
MemFree:         2160548 kB
Active:           451256 kB
Mem:          3.8G       1.8G       2.1G       5.7M        60M       1.3G

MemTotal:        4016004 kB
MemFree:         3103916 kB
Active:           448060 kB
Mem:          3.8G       890M       3.0G       5.7M        60M       423M

MemTotal:        4016004 kB
MemFree:         3145232 kB
Active:           447824 kB
Mem:          3.8G       850M       3.0G       5.7M        60M       383M

MemTotal:        4016004 kB
MemFree:         3186476 kB
Active:           447648 kB
Mem:          3.8G       810M       3.0G       5.7M        60M       345M

MemTotal:        4016004 kB
MemFree:         2870968 kB
Active:           448700 kB
Mem:          3.8G       1.1G       2.7G       5.7M        60M       647M

MemTotal:        4016004 kB
MemFree:         2808728 kB
Active:           448964 kB
Mem:          3.8G       1.2G       2.7G       5.7M        60M       705M

MemTotal:        4016004 kB
MemFree:         2790096 kB
Active:           449100 kB
Mem:          3.8G       1.2G       2.7G       5.7M        60M       724M

MemTotal:        4016004 kB
MemFree:         2697756 kB
Active:           449408 kB
Mem:          3.8G       1.3G       2.6G       5.7M        60M       812M

MemTotal:        4016004 kB
MemFree:         2666428 kB
Active:           449576 kB
Mem:          3.8G       1.3G       2.5G       5.7M        60M       841M

MemTotal:        4016004 kB
MemFree:         2666260 kB
Active:           449568 kB
Mem:          3.8G       1.3G       2.5G       5.7M        60M       841M

MemTotal:        4016004 kB
MemFree:         2666452 kB
Active:           449568 kB
Mem:          3.8G       1.3G       2.5G       5.7M        60M       841M

MemTotal:        4016004 kB
MemFree:         2584228 kB
Active:           449704 kB
Mem:          3.8G       1.4G       2.5G       5.7M        60M       919M

MemTotal:        4016004 kB
MemFree:         2528068 kB
Active:           450116 kB
Mem:          3.8G       1.4G       2.4G       5.7M        60M       973M

MemTotal:        4016004 kB
MemFree:         2527356 kB
Active:           450096 kB
Mem:          3.8G       1.4G       2.4G       5.7M        60M       973M

MemTotal:        4016004 kB
MemFree:         2527080 kB
Active:           450092 kB
Mem:          3.8G       1.4G       2.4G       5.7M        60M       973M

MemTotal:        4016004 kB
MemFree:         2406124 kB
Active:           450548 kB
Mem:          3.8G       1.5G       2.3G       5.7M        60M       1.1G

MemTotal:        4016004 kB
MemFree:         2322012 kB
Active:           450784 kB
Mem:          3.8G       1.6G       2.2G       5.7M        60M       1.1G

MemTotal:        4016004 kB
MemFree:         2264936 kB
Active:           451020 kB
Mem:          3.8G       1.7G       2.2G       5.7M        60M       1.2G

MemTotal:        4016004 kB
MemFree:         2255140 kB
Active:           451164 kB
Mem:          3.8G       1.7G       2.2G       5.7M        60M       1.2G

MemTotal:        4016004 kB
MemFree:         2254708 kB
Active:           451196 kB
Mem:          3.8G       1.7G       2.2G       5.7M        60M       1.2G

MemTotal:        4016004 kB
MemFree:         2254744 kB
Active:           451164 kB
Mem:          3.8G       1.7G       2.2G       5.7M        60M       1.2G

MemTotal:        4016004 kB
MemFree:         2229512 kB
Active:           451204 kB
Mem:          3.8G       1.7G       2.1G       5.7M        60M       1.2G

MemTotal:        4016004 kB
MemFree:         3098956 kB
Active:           448096 kB
Mem:          3.8G       895M       3.0G       5.7M        60M       427M

MemTotal:        4016004 kB
MemFree:         3147836 kB
Active:           447904 kB
Mem:          3.8G       847M       3.0G       5.7M        60M       381M

MemTotal:        4016004 kB
MemFree:         3194384 kB
Active:           447692 kB
Mem:          3.8G       802M       3.0G       5.7M        60M       337M

MemTotal:        4016004 kB
MemFree:         2932196 kB
Active:           448552 kB
Mem:          3.8G       1.0G       2.8G       5.7M        60M       588M

MemTotal:        4016004 kB
MemFree:         2853216 kB
Active:           448820 kB
Mem:          3.8G       1.1G       2.7G       5.7M        60M       663M

MemTotal:        4016004 kB
MemFree:         2805956 kB
Active:           449104 kB
Mem:          3.8G       1.2G       2.7G       5.7M        60M       707M

MemTotal:        4016004 kB
MemFree:         2760260 kB
Active:           449144 kB
Mem:          3.8G       1.2G       2.6G       5.7M        60M       751M

MemTotal:        4016004 kB
MemFree:         2689584 kB
Active:           449472 kB
Mem:          3.8G       1.3G       2.6G       5.7M        60M       820M

MemTotal:        4016004 kB
MemFree:         2678988 kB
Active:           449656 kB
Mem:          3.8G       1.3G       2.6G       5.7M        60M       829M

MemTotal:        4016004 kB
MemFree:         2678844 kB
Active:           449604 kB
Mem:          3.8G       1.3G       2.6G       5.7M        60M       829M

MemTotal:        4016004 kB
MemFree:         2679136 kB
Active:           449612 kB
Mem:          3.8G       1.3G       2.6G       5.7M        60M       829M

MemTotal:        4016004 kB
MemFree:         2552692 kB
Active:           450060 kB
Mem:          3.8G       1.4G       2.4G       5.7M        60M       950M

MemTotal:        4016004 kB
MemFree:         2468752 kB
Active:           450264 kB
Mem:          3.8G       1.5G       2.4G       5.7M        60M       1.0G

MemTotal:        4016004 kB
MemFree:         2449220 kB
Active:           450536 kB
Mem:          3.8G       1.5G       2.3G       5.7M        60M       1.0G

MemTotal:        4016004 kB
MemFree:         2448476 kB
Active:           450580 kB
Mem:          3.8G       1.5G       2.3G       5.7M        60M       1.0G

MemTotal:        4016004 kB
MemFree:         2448760 kB
Active:           450548 kB
Mem:          3.8G       1.5G       2.3G       5.7M        60M       1.0G

MemTotal:        4016004 kB
MemFree:         2449168 kB
Active:           450560 kB
Mem:          3.8G       1.5G       2.3G       5.7M        60M       1.0G

MemTotal:        4016004 kB
MemFree:         2290348 kB
Active:           451020 kB
Mem:          3.8G       1.6G       2.2G       5.7M        60M       1.2G

MemTotal:        4016004 kB
MemFree:         2217844 kB
Active:           451260 kB
Mem:          3.8G       1.7G       2.1G       5.7M        60M       1.2G

MemTotal:        4016004 kB
MemFree:         2217720 kB
Active:           451480 kB
Mem:          3.8G       1.7G       2.1G       5.7M        60M       1.2G

MemTotal:        4016004 kB
MemFree:         2217940 kB
Active:           451440 kB
Mem:          3.8G       1.7G       2.1G       5.7M        60M       1.2G

MemTotal:        4016004 kB
MemFree:         2217976 kB
Active:           451468 kB
Mem:          3.8G       1.7G       2.1G       5.7M        60M       1.2G

MemTotal:        4016004 kB
MemFree:         3180948 kB
Active:           448104 kB
Mem:          3.8G       815M       3.0G       5.7M        60M       350M

MemTotal:        4016004 kB
MemFree:         2926740 kB
Active:           448648 kB
Mem:          3.8G       1.0G       2.8G       5.7M        60M       593M

MemTotal:        4016004 kB
MemFree:         2906940 kB
Active:           448860 kB
Mem:          3.8G       1.1G       2.8G       5.7M        60M       612M

MemTotal:        4016004 kB
MemFree:         2906564 kB
Active:           448868 kB
Mem:          3.8G       1.1G       2.8G       5.7M        60M       612M

MemTotal:        4016004 kB
MemFree:         2781356 kB
Active:           449304 kB
Mem:          3.8G       1.2G       2.7G       5.7M        60M       731M

MemTotal:        4016004 kB
MemFree:         2743204 kB
Active:           449376 kB
Mem:          3.8G       1.2G       2.6G       5.7M        60M       768M

MemTotal:        4016004 kB
MemFree:         2658784 kB
Active:           449724 kB
Mem:          3.8G       1.3G       2.5G       5.7M        60M       848M

MemTotal:        4016004 kB
MemFree:         2646552 kB
Active:           449888 kB
Mem:          3.8G       1.3G       2.5G       5.7M        60M       859M

MemTotal:        4016004 kB
MemFree:         2646552 kB
Active:           449936 kB
Mem:          3.8G       1.3G       2.5G       5.7M        60M       859M

MemTotal:        4016004 kB
MemFree:         2646460 kB
Active:           449936 kB
Mem:          3.8G       1.3G       2.5G       5.7M        60M       859M

MemTotal:        4016004 kB
MemFree:         2527952 kB
Active:           450308 kB
Mem:          3.8G       1.4G       2.4G       5.7M        60M       972M

MemTotal:        4016004 kB
MemFree:         2443532 kB
Active:           450544 kB
Mem:          3.8G       1.5G       2.3G       5.7M        60M       1.0G

MemTotal:        4016004 kB
MemFree:         2390224 kB
Active:           450860 kB
Mem:          3.8G       1.6G       2.3G       5.7M        60M       1.1G

MemTotal:        4016004 kB
MemFree:         2343972 kB
Active:           451136 kB
Mem:          3.8G       1.6G       2.2G       5.7M        60M       1.1G

MemTotal:        4016004 kB
MemFree:         2297316 kB
Active:           451304 kB
Mem:          3.8G       1.6G       2.2G       5.7M        60M       1.2G

MemTotal:        4016004 kB
MemFree:         2253656 kB
Active:           451480 kB
Mem:          3.8G       1.7G       2.1G       5.7M        60M       1.2G

MemTotal:        4016004 kB
MemFree:         2197608 kB
Active:           451704 kB
Mem:          3.8G       1.7G       2.1G       5.7M        60M       1.3G

MemTotal:        4016004 kB
MemFree:         2180092 kB
Active:           451784 kB
Mem:          3.8G       1.8G       2.1G       5.7M        60M       1.3G

MemTotal:        4016004 kB
MemFree:         2179784 kB
Active:           451740 kB
Mem:          3.8G       1.8G       2.1G       5.7M        60M       1.3G

MemTotal:        4016004 kB
MemFree:         2179756 kB
Active:           451764 kB
Mem:          3.8G       1.8G       2.1G       5.7M        60M       1.3G

MemTotal:        4016004 kB
MemFree:         2179172 kB
Active:           451788 kB
Mem:          3.8G       1.8G       2.1G       5.7M        60M       1.3G

MemTotal:        4016004 kB
MemFree:         2133588 kB
Active:           451968 kB
Mem:          3.8G       1.8G       2.0G       5.7M        60M       1.3G

MemTotal:        4016004 kB
MemFree:         3107668 kB
Active:           448288 kB
Mem:          3.8G       886M       3.0G       5.7M        60M       418M

MemTotal:        4016004 kB
MemFree:         3155084 kB
Active:           448068 kB
Mem:          3.8G       840M       3.0G       5.7M        60M       374M

MemTotal:        4016004 kB
MemFree:         3200416 kB
Active:           447896 kB
Mem:          3.8G       796M       3.1G       5.7M        60M       331M

MemTotal:        4016004 kB
MemFree:         2889112 kB
Active:           449076 kB
Mem:          3.8G       1.1G       2.8G       5.7M        60M       628M

MemTotal:        4016004 kB
MemFree:         2861552 kB
Active:           449172 kB
Mem:          3.8G       1.1G       2.7G       5.7M        60M       655M

MemTotal:        4016004 kB
MemFree:         2777580 kB
Active:           449504 kB
Mem:          3.8G       1.2G       2.6G       5.7M        60M       735M

MemTotal:        4016004 kB
MemFree:         2748344 kB
Active:           449692 kB
Mem:          3.8G       1.2G       2.6G       5.7M        60M       763M

MemTotal:        4016004 kB
MemFree:         2672296 kB
Active:           449960 kB
Mem:          3.8G       1.3G       2.5G       5.7M        60M       834M

MemTotal:        4016004 kB
MemFree:         2672264 kB
Active:           449976 kB
Mem:          3.8G       1.3G       2.5G       5.7M        60M       835M

MemTotal:        4016004 kB
MemFree:         2672268 kB
Active:           449960 kB
Mem:          3.8G       1.3G       2.5G       5.7M        60M       835M

MemTotal:        4016004 kB
MemFree:         2671932 kB
Active:           450000 kB
Mem:          3.8G       1.3G       2.5G       5.7M        60M       835M

MemTotal:        4016004 kB
MemFree:         2646948 kB
Active:           450096 kB
Mem:          3.8G       1.3G       2.5G       5.7M        60M       859M

MemTotal:        4016004 kB
MemFree:         2583532 kB
Active:           450208 kB
Mem:          3.8G       1.4G       2.5G       5.7M        60M       921M

MemTotal:        4016004 kB
MemFree:         2434764 kB
Active:           450852 kB
Mem:          3.8G       1.5G       2.3G       5.7M        60M       1.0G

MemTotal:        4016004 kB
MemFree:         2434428 kB
Active:           450932 kB
Mem:          3.8G       1.5G       2.3G       5.7M        60M       1.0G

MemTotal:        4016004 kB
MemFree:         2434400 kB
Active:           450900 kB
Mem:          3.8G       1.5G       2.3G       5.7M        60M       1.0G

MemTotal:        4016004 kB
MemFree:         2329024 kB
Active:           451056 kB
Mem:          3.8G       1.6G       2.2G       5.7M        60M       1.1G

MemTotal:        4016004 kB
MemFree:         2244932 kB
Active:           451552 kB
Mem:          3.8G       1.7G       2.1G       5.7M        60M       1.2G

MemTotal:        4016004 kB
MemFree:         2225200 kB
Active:           451760 kB
Mem:          3.8G       1.7G       2.1G       5.7M        60M       1.2G

MemTotal:        4016004 kB
MemFree:         2224584 kB
Active:           451772 kB
Mem:          3.8G       1.7G       2.1G       5.7M        60M       1.2G

MemTotal:        4016004 kB
MemFree:         2224184 kB
Active:           451764 kB
Mem:          3.8G       1.7G       2.1G       5.7M        60M       1.2G

MemTotal:        4016004 kB
MemFree:         2133784 kB
Active:           451880 kB
Mem:          3.8G       1.8G       2.0G       5.7M        60M       1.3G

MemTotal:        4016004 kB
MemFree:         2132880 kB
Active:           452116 kB
Mem:          3.8G       1.8G       2.0G       5.7M        60M       1.3G

MemTotal:        4016004 kB
MemFree:         3173244 kB
Active:           448272 kB
Mem:          3.8G       822M       3.0G       5.7M        60M       356M

MemTotal:        4016004 kB
MemFree:         2988740 kB
Active:           448684 kB
Mem:          3.8G       1.0G       2.8G       5.7M        60M       535M

MemTotal:        4016004 kB
MemFree:         2857892 kB
Active:           449256 kB
Mem:          3.8G       1.1G       2.7G       5.7M        60M       659M

MemTotal:        4016004 kB
MemFree:         2796344 kB
Active:           449560 kB
Mem:          3.8G       1.2G       2.7G       5.7M        60M       717M

MemTotal:        4016004 kB
MemFree:         2753524 kB
Active:           449728 kB
Mem:          3.8G       1.2G       2.6G       5.7M        60M       758M

MemTotal:        4016004 kB
MemFree:         2712400 kB
Active:           449848 kB
Mem:          3.8G       1.2G       2.6G       5.7M        60M       797M

MemTotal:        4016004 kB
MemFree:         2680792 kB
Active:           450044 kB
Mem:          3.8G       1.3G       2.6G       5.7M        60M       827M

MemTotal:        4016004 kB
MemFree:         2680188 kB
Active:           450100 kB
Mem:          3.8G       1.3G       2.6G       5.7M        60M       827M

MemTotal:        4016004 kB
MemFree:         2513488 kB
Active:           450584 kB
Mem:          3.8G       1.4G       2.4G       5.7M        60M       986M

MemTotal:        4016004 kB
MemFree:         2513132 kB
Active:           450696 kB
Mem:          3.8G       1.4G       2.4G       5.7M        60M       986M

MemTotal:        4016004 kB
MemFree:         2513228 kB
Active:           450732 kB
Mem:          3.8G       1.4G       2.4G       5.7M        60M       986M

MemTotal:        4016004 kB
MemFree:         2321144 kB
Active:           451428 kB
Mem:          3.8G       1.6G       2.2G       5.7M        60M       1.1G

MemTotal:        4016004 kB
MemFree:         2265208 kB
Active:           451608 kB
Mem:          3.8G       1.7G       2.2G       5.7M        60M       1.2G

MemTotal:        4016004 kB
MemFree:         2226564 kB
Active:           451732 kB
Mem:          3.8G       1.7G       2.1G       5.7M        60M       1.2G

MemTotal:        4016004 kB
MemFree:         2226100 kB
Active:           451852 kB
Mem:          3.8G       1.7G       2.1G       5.7M        60M       1.2G

MemTotal:        4016004 kB
MemFree:         2225668 kB
Active:           451860 kB
Mem:          3.8G       1.7G       2.1G       5.7M        60M       1.2G

MemTotal:        4016004 kB
MemFree:         2225708 kB
Active:           451816 kB
Mem:          3.8G       1.7G       2.1G       5.7M        60M       1.2G

MemTotal:        4016004 kB
MemFree:         3059268 kB
Active:           448888 kB
Mem:          3.8G       934M       2.9G       5.7M        60M       464M

MemTotal:        4016004 kB
MemFree:         3107772 kB
Active:           448656 kB
Mem:          3.8G       886M       3.0G       5.7M        60M       418M

MemTotal:        4016004 kB
MemFree:         3155576 kB
Active:           448472 kB
Mem:          3.8G       840M       3.0G       5.7M        60M       373M

MemTotal:        4016004 kB
MemFree:         3195952 kB
Active:           448300 kB
Mem:          3.8G       800M       3.0G       5.7M        60M       334M

MemTotal:        4016004 kB
MemFree:         2898960 kB
Active:           449256 kB
Mem:          3.8G       1.1G       2.8G       5.7M        60M       619M

MemTotal:        4016004 kB
MemFree:         2829236 kB
Active:           449432 kB
Mem:          3.8G       1.1G       2.7G       5.7M        60M       685M

MemTotal:        4016004 kB
MemFree:         2787532 kB
Active:           449696 kB
Mem:          3.8G       1.2G       2.7G       5.7M        60M       725M

MemTotal:        4016004 kB
MemFree:         2741680 kB
Active:           449800 kB
Mem:          3.8G       1.2G       2.6G       5.7M        60M       768M

MemTotal:        4016004 kB
MemFree:         2693820 kB
Active:           449976 kB
Mem:          3.8G       1.3G       2.6G       5.7M        60M       814M

MemTotal:        4016004 kB
MemFree:         2678692 kB
Active:           450172 kB
Mem:          3.8G       1.3G       2.6G       5.7M        60M       829M

MemTotal:        4016004 kB
MemFree:         2624912 kB
Active:           450236 kB
Mem:          3.8G       1.3G       2.5G       5.7M        60M       882M

MemTotal:        4016004 kB
MemFree:         2560676 kB
Active:           450640 kB
Mem:          3.8G       1.4G       2.4G       5.7M        60M       941M

MemTotal:        4016004 kB
MemFree:         2512948 kB
Active:           450720 kB
Mem:          3.8G       1.4G       2.4G       5.7M        60M       986M

MemTotal:        4016004 kB
MemFree:         2466568 kB
Active:           450896 kB
Mem:          3.8G       1.5G       2.4G       5.7M        60M       1.0G

MemTotal:        4016004 kB
MemFree:         2428492 kB
Active:           451056 kB
Mem:          3.8G       1.5G       2.3G       5.7M        60M       1.0G

MemTotal:        4016004 kB
MemFree:         2427832 kB
Active:           451168 kB
Mem:          3.8G       1.5G       2.3G       5.7M        60M       1.0G

MemTotal:        4016004 kB
MemFree:         2427244 kB
Active:           451184 kB
Mem:          3.8G       1.5G       2.3G       5.7M        60M       1.0G

MemTotal:        4016004 kB
MemFree:         2386684 kB
Active:           451320 kB
Mem:          3.8G       1.6G       2.3G       5.7M        60M       1.1G

MemTotal:        4016004 kB
MemFree:         2262048 kB
Active:           451776 kB
Mem:          3.8G       1.7G       2.2G       5.7M        60M       1.2G

MemTotal:        4016004 kB
MemFree:         2225420 kB
Active:           451924 kB
Mem:          3.8G       1.7G       2.1G       5.7M        60M       1.2G

MemTotal:        4016004 kB
MemFree:         2225236 kB
Active:           451932 kB
Mem:          3.8G       1.7G       2.1G       5.7M        60M       1.2G

MemTotal:        4016004 kB
MemFree:         2225180 kB
Active:           451956 kB
Mem:          3.8G       1.7G       2.1G       5.7M        60M       1.2G

MemTotal:        4016004 kB
MemFree:         2225372 kB
Active:           451968 kB
Mem:          3.8G       1.7G       2.1G       5.7M        60M       1.2G

MemTotal:        4016004 kB
MemFree:         3089944 kB
Active:           448696 kB
Mem:          3.8G       903M       2.9G       5.7M        60M       434M

MemTotal:        4016004 kB
MemFree:         3131580 kB
Active:           448544 kB
Mem:          3.8G       862M       3.0G       5.7M        60M       395M

MemTotal:        4016004 kB
MemFree:         3177292 kB
Active:           448332 kB
Mem:          3.8G       818M       3.0G       5.7M        60M       352M

MemTotal:        4016004 kB
MemFree:         2926564 kB
Active:           449288 kB
Mem:          3.8G       1.0G       2.8G       5.7M        60M       593M

MemTotal:        4016004 kB
MemFree:         2844092 kB
Active:           449596 kB
Mem:          3.8G       1.1G       2.7G       5.7M        60M       672M

MemTotal:        4016004 kB
MemFree:         2791960 kB
Active:           449812 kB
Mem:          3.8G       1.2G       2.7G       5.7M        60M       721M

MemTotal:        4016004 kB
MemFree:         2745736 kB
Active:           449984 kB
Mem:          3.8G       1.2G       2.6G       5.7M        60M       765M

MemTotal:        4016004 kB
MemFree:         2698768 kB
Active:           450104 kB
Mem:          3.8G       1.3G       2.6G       5.7M        60M       810M

MemTotal:        4016004 kB
MemFree:         2672292 kB
Active:           450292 kB
Mem:          3.8G       1.3G       2.5G       5.7M        60M       835M

MemTotal:        4016004 kB
MemFree:         2487960 kB
Active:           450944 kB
Mem:          3.8G       1.5G       2.4G       5.7M        60M       1.0G

MemTotal:        4016004 kB
MemFree:         2428960 kB
Active:           451220 kB
Mem:          3.8G       1.5G       2.3G       5.7M        60M       1.0G

MemTotal:        4016004 kB
MemFree:         2428312 kB
Active:           451240 kB
Mem:          3.8G       1.5G       2.3G       5.7M        60M       1.0G

MemTotal:        4016004 kB
MemFree:         2427728 kB
Active:           451188 kB
Mem:          3.8G       1.5G       2.3G       5.7M        60M       1.0G

MemTotal:        4016004 kB
MemFree:         2427424 kB
Active:           451244 kB
Mem:          3.8G       1.5G       2.3G       5.7M        60M       1.0G

MemTotal:        4016004 kB
MemFree:         2290036 kB
Active:           451632 kB
Mem:          3.8G       1.6G       2.2G       5.7M        60M       1.2G

MemTotal:        4016004 kB
MemFree:         2206888 kB
Active:           451988 kB
Mem:          3.8G       1.7G       2.1G       5.7M        60M       1.2G

MemTotal:        4016004 kB
MemFree:         2164756 kB
Active:           452232 kB
Mem:          3.8G       1.8G       2.1G       5.7M        60M       1.3G

MemTotal:        4016004 kB
MemFree:         2164572 kB
Active:           452232 kB
Mem:          3.8G       1.8G       2.1G       5.7M        60M       1.3G

MemTotal:        4016004 kB
MemFree:         2164080 kB
Active:           452264 kB
Mem:          3.8G       1.8G       2.1G       5.7M        60M       1.3G

MemTotal:        4016004 kB
MemFree:         3103236 kB
Active:           448848 kB
Mem:          3.8G       891M       3.0G       5.7M        60M       423M

MemTotal:        4016004 kB
MemFree:         3144496 kB
Active:           448592 kB
Mem:          3.8G       850M       3.0G       5.7M        60M       383M

MemTotal:        4016004 kB
MemFree:         3185432 kB
Active:           448436 kB
Mem:          3.8G       810M       3.0G       5.7M        60M       344M

MemTotal:        4016004 kB
MemFree:         2915720 kB
Active:           449176 kB
Mem:          3.8G       1.0G       2.8G       5.7M        60M       603M

MemTotal:        4016004 kB
MemFree:         2832560 kB
Active:           449564 kB
Mem:          3.8G       1.1G       2.7G       5.7M        60M       682M

MemTotal:        4016004 kB
MemFree:         2783708 kB
Active:           449848 kB
Mem:          3.8G       1.2G       2.7G       5.7M        60M       728M

MemTotal:        4016004 kB
MemFree:         2738088 kB
Active:           450024 kB
Mem:          3.8G       1.2G       2.6G       5.7M        60M       772M

MemTotal:        4016004 kB
MemFree:         2692184 kB
Active:           450196 kB
Mem:          3.8G       1.3G       2.6G       5.7M        60M       816M

MemTotal:        4016004 kB
MemFree:         2670336 kB
Active:           450360 kB
Mem:          3.8G       1.3G       2.5G       5.7M        61M       837M

MemTotal:        4016004 kB
MemFree:         2669936 kB
Active:           450324 kB
Mem:          3.8G       1.3G       2.5G       5.7M        61M       837M

MemTotal:        4016004 kB
MemFree:         2487596 kB
Active:           450900 kB
Mem:          3.8G       1.5G       2.4G       5.7M        61M       1.0G

MemTotal:        4016004 kB
MemFree:         2454904 kB
Active:           451156 kB
Mem:          3.8G       1.5G       2.3G       5.7M        61M       1.0G

MemTotal:        4016004 kB
MemFree:         2455092 kB
Active:           451168 kB
Mem:          3.8G       1.5G       2.3G       5.7M        61M       1.0G

MemTotal:        4016004 kB
MemFree:         2455160 kB
Active:           451148 kB
Mem:          3.8G       1.5G       2.3G       5.7M        61M       1.0G

MemTotal:        4016004 kB
MemFree:         2333772 kB
Active:           451604 kB
Mem:          3.8G       1.6G       2.2G       5.7M        61M       1.1G

MemTotal:        4016004 kB
MemFree:         2250836 kB
Active:           451756 kB
Mem:          3.8G       1.7G       2.1G       5.7M        61M       1.2G

MemTotal:        4016004 kB
MemFree:         2195156 kB
Active:           452080 kB
Mem:          3.8G       1.7G       2.1G       5.7M        61M       1.3G

MemTotal:        4016004 kB
MemFree:         2191328 kB
Active:           452212 kB
Mem:          3.8G       1.7G       2.1G       5.7M        61M       1.3G

MemTotal:        4016004 kB
MemFree:         3107724 kB
Active:           448796 kB
Mem:          3.8G       886M       3.0G       5.7M        61M       417M

MemTotal:        4016004 kB
MemFree:         3155636 kB
Active:           448668 kB
Mem:          3.8G       839M       3.0G       5.7M        61M       372M

MemTotal:        4016004 kB
MemFree:         3200828 kB
Active:           448492 kB
Mem:          3.8G       795M       3.1G       5.7M        61M       329M

MemTotal:        4016004 kB
MemFree:         2884708 kB
Active:           449352 kB
Mem:          3.8G       1.1G       2.8G       5.7M        61M       633M

MemTotal:        4016004 kB
MemFree:         2812668 kB
Active:           449688 kB
Mem:          3.8G       1.1G       2.7G       5.7M        61M       701M

MemTotal:        4016004 kB
MemFree:         2766024 kB
Active:           449912 kB
Mem:          3.8G       1.2G       2.6G       5.7M        61M       746M

MemTotal:        4016004 kB
MemFree:         2719784 kB
Active:           450092 kB
Mem:          3.8G       1.2G       2.6G       5.7M        61M       789M

MemTotal:        4016004 kB
MemFree:         2678524 kB
Active:           450252 kB
Mem:          3.8G       1.3G       2.6G       5.7M        61M       828M

MemTotal:        4016004 kB
MemFree:         2676912 kB
Active:           450388 kB
Mem:          3.8G       1.3G       2.6G       5.7M        61M       830M

MemTotal:        4016004 kB
MemFree:         2676976 kB
Active:           450352 kB
Mem:          3.8G       1.3G       2.6G       5.7M        61M       830M

MemTotal:        4016004 kB
MemFree:         2677124 kB
Active:           450352 kB
Mem:          3.8G       1.3G       2.6G       5.7M        61M       830M

MemTotal:        4016004 kB
MemFree:         2529344 kB
Active:           450768 kB
Mem:          3.8G       1.4G       2.4G       5.7M        61M       970M

MemTotal:        4016004 kB
MemFree:         2452812 kB
Active:           451012 kB
Mem:          3.8G       1.5G       2.3G       5.7M        61M       1.0G

MemTotal:        4016004 kB
MemFree:         2446984 kB
Active:           451272 kB
Mem:          3.8G       1.5G       2.3G       5.7M        61M       1.0G

MemTotal:        4016004 kB
MemFree:         2446336 kB
Active:           451284 kB
Mem:          3.8G       1.5G       2.3G       5.7M        61M       1.0G

MemTotal:        4016004 kB
MemFree:         2446220 kB
Active:           451284 kB
Mem:          3.8G       1.5G       2.3G       5.7M        61M       1.0G

MemTotal:        4016004 kB
MemFree:         2316312 kB
Active:           451700 kB
Mem:          3.8G       1.6G       2.2G       5.7M        61M       1.1G

MemTotal:        4016004 kB
MemFree:         2234728 kB
Active:           451800 kB
Mem:          3.8G       1.7G       2.1G       5.7M        61M       1.2G

MemTotal:        4016004 kB
MemFree:         2206500 kB
Active:           452124 kB
Mem:          3.8G       1.7G       2.1G       5.7M        61M       1.2G

MemTotal:        4016004 kB
MemFree:         2205880 kB
Active:           452168 kB
Mem:          3.8G       1.7G       2.1G       5.7M        61M       1.2G

MemTotal:        4016004 kB
MemFree:         3177872 kB
Active:           448736 kB
Mem:          3.8G       818M       3.0G       5.7M        61M       351M

MemTotal:        4016004 kB
MemFree:         2933412 kB
Active:           449320 kB
Mem:          3.8G       1.0G       2.8G       5.7M        61M       586M

MemTotal:        4016004 kB
MemFree:         2931660 kB
Active:           449412 kB
Mem:          3.8G       1.0G       2.8G       5.7M        61M       588M

MemTotal:        4016004 kB
MemFree:         2931024 kB
Active:           449412 kB
Mem:          3.8G       1.0G       2.8G       5.7M        61M       588M

MemTotal:        4016004 kB
MemFree:         2772948 kB
Active:           450044 kB
Mem:          3.8G       1.2G       2.6G       5.7M        61M       738M

MemTotal:        4016004 kB
MemFree:         2706580 kB
Active:           450092 kB
Mem:          3.8G       1.2G       2.6G       5.7M        61M       803M

MemTotal:        4016004 kB
MemFree:         2664420 kB
Active:           450352 kB
Mem:          3.8G       1.3G       2.5G       5.7M        61M       842M

MemTotal:        4016004 kB
MemFree:         2664420 kB
Active:           450496 kB
Mem:          3.8G       1.3G       2.5G       5.7M        61M       842M

MemTotal:        4016004 kB
MemFree:         2513980 kB
Active:           450908 kB
Mem:          3.8G       1.4G       2.4G       5.7M        61M       986M

MemTotal:        4016004 kB
MemFree:         2465588 kB
Active:           451180 kB
Mem:          3.8G       1.5G       2.4G       5.7M        61M       1.0G

MemTotal:        4016004 kB
MemFree:         2447576 kB
Active:           451332 kB
Mem:          3.8G       1.5G       2.3G       5.7M        61M       1.0G

MemTotal:        4016004 kB
MemFree:         2447704 kB
Active:           451312 kB
Mem:          3.8G       1.5G       2.3G       5.7M        61M       1.0G

MemTotal:        4016004 kB
MemFree:         2447928 kB
Active:           451328 kB
Mem:          3.8G       1.5G       2.3G       5.7M        61M       1.0G

MemTotal:        4016004 kB
MemFree:         2314832 kB
Active:           451756 kB
Mem:          3.8G       1.6G       2.2G       5.7M        61M       1.1G

MemTotal:        4016004 kB
MemFree:         2234760 kB
Active:           451976 kB
Mem:          3.8G       1.7G       2.1G       5.7M        61M       1.2G

MemTotal:        4016004 kB
MemFree:         2218280 kB
Active:           452188 kB
Mem:          3.8G       1.7G       2.1G       5.7M        61M       1.2G

MemTotal:        4016004 kB
MemFree:         2217972 kB
Active:           452204 kB
Mem:          3.8G       1.7G       2.1G       5.7M        61M       1.2G

MemTotal:        4016004 kB
MemFree:         2217972 kB
Active:           452172 kB
Mem:          3.8G       1.7G       2.1G       5.7M        61M       1.2G

MemTotal:        4016004 kB
MemFree:         2218224 kB
Active:           452192 kB
Mem:          3.8G       1.7G       2.1G       5.7M        61M       1.2G

MemTotal:        4016004 kB
MemFree:         3174852 kB
Active:           448692 kB
Mem:          3.8G       821M       3.0G       5.7M        61M       354M

MemTotal:        4016004 kB
MemFree:         2933024 kB
Active:           449304 kB
Mem:          3.8G       1.0G       2.8G       5.7M        61M       587M

MemTotal:        4016004 kB
MemFree:         2850000 kB
Active:           449616 kB
Mem:          3.8G       1.1G       2.7G       5.7M        61M       666M

MemTotal:        4016004 kB
MemFree:         3083100 kB
Active:           448048 kB
Mem:          3.8G       910M       2.9G       5.7M        61M       444M

MemTotal:        4016004 kB
MemFree:         3126776 kB
Active:           447856 kB
Mem:          3.8G       868M       3.0G       5.7M        61M       401M

MemTotal:        4016004 kB
MemFree:         3168584 kB
Active:           447688 kB
Mem:          3.8G       827M       3.0G       5.7M        61M       361M

MemTotal:        4016004 kB
MemFree:         3209088 kB
Active:           447528 kB
Mem:          3.8G       788M       3.1G       5.7M        61M       323M

MemTotal:        4016004 kB
MemFree:         3209252 kB
Active:           447272 kB
Mem:          3.8G       787M       3.1G       5.7M        61M       323M

MemTotal:        4016004 kB
MemFree:         3209252 kB
Active:           447272 kB
Mem:          3.8G       787M       3.1G       5.7M        61M       323M

MemTotal:        4016004 kB
MemFree:         3209376 kB
Active:           447268 kB
Mem:          3.8G       787M       3.1G       5.7M        61M       323M

MemTotal:        4016004 kB
MemFree:         3209252 kB
Active:           447272 kB
Mem:          3.8G       787M       3.1G       5.7M        61M       323M

MemTotal:        4016004 kB
MemFree:         3208880 kB
Active:           447276 kB
Mem:          3.8G       787M       3.1G       5.7M        61M       323M

MemTotal:        4016004 kB
MemFree:         3209252 kB
Active:           447276 kB
Mem:          3.8G       787M       3.1G       5.7M        61M       323M

MemTotal:        4016004 kB
MemFree:         3209252 kB
Active:           447224 kB
Mem:          3.8G       787M       3.1G       5.7M        61M       323M

MemTotal:        4016004 kB
MemFree:         3209500 kB
Active:           447252 kB
Mem:          3.8G       787M       3.1G       5.7M        61M       323M

MemTotal:        4016004 kB
MemFree:         3209376 kB
Active:           447252 kB
Mem:          3.8G       787M       3.1G       5.7M        61M       323M

MemTotal:        4016004 kB
MemFree:         3209624 kB
Active:           447276 kB
Mem:          3.8G       787M       3.1G       5.7M        61M       323M

MemTotal:        4016004 kB
MemFree:         3209748 kB
Active:           447276 kB
Mem:          3.8G       787M       3.1G       5.7M        61M       323M

MemTotal:        4016004 kB
MemFree:         3209872 kB
Active:           447232 kB
Mem:          3.8G       787M       3.1G       5.7M        61M       323M

MemTotal:        4016004 kB
MemFree:         3210244 kB
Active:           447240 kB
Mem:          3.8G       787M       3.1G       5.7M        61M       323M

MemTotal:        4016004 kB
MemFree:         3210244 kB
Active:           447272 kB
Mem:          3.8G       787M       3.1G       5.7M        61M       323M

MemTotal:        4016004 kB
MemFree:         3210104 kB
Active:           447236 kB
Mem:          3.8G       786M       3.1G       5.7M        61M       323M

MemTotal:        4016004 kB
MemFree:         3210120 kB
Active:           447260 kB
Mem:          3.8G       786M       3.1G       5.7M        61M       323M

MemTotal:        4016004 kB
MemFree:         3209840 kB
Active:           447276 kB
Mem:          3.8G       787M       3.1G       5.7M        61M       323M

MemTotal:        4016004 kB
MemFree:         3209996 kB
Active:           447260 kB
Mem:          3.8G       787M       3.1G       5.7M        61M       323M

MemTotal:        4016004 kB
MemFree:         3209872 kB
Active:           447284 kB
Mem:          3.8G       787M       3.1G       5.7M        61M       323M

MemTotal:        4016004 kB
MemFree:         3210120 kB
Active:           447256 kB
Mem:          3.8G       787M       3.1G       5.7M        61M       323M

MemTotal:        4016004 kB
MemFree:         3210244 kB
Active:           447260 kB
Mem:          3.8G       787M       3.1G       5.7M        61M       323M

MemTotal:        4016004 kB
MemFree:         3210244 kB
Active:           447276 kB
Mem:          3.8G       787M       3.1G       5.7M        61M       323M

MemTotal:        4016004 kB
MemFree:         3210120 kB
Active:           447292 kB
Mem:          3.8G       786M       3.1G       5.7M        61M       323M

MemTotal:        4016004 kB
MemFree:         3210120 kB
Active:           447248 kB
Mem:          3.8G       786M       3.1G       5.7M        61M       323M

MemTotal:        4016004 kB
MemFree:         3210244 kB
Active:           447252 kB
Mem:          3.8G       786M       3.1G       5.7M        61M       323M

MemTotal:        4016004 kB
MemFree:         3209872 kB
Active:           447288 kB
Mem:          3.8G       787M       3.1G       5.7M        61M       323M

MemTotal:        4016004 kB
MemFree:         3209872 kB
Active:           447240 kB
Mem:          3.8G       787M       3.1G       5.7M        61M       323M

MemTotal:        4016004 kB
MemFree:         3209996 kB
Active:           447264 kB
Mem:          3.8G       787M       3.1G       5.7M        61M       323M

MemTotal:        4016004 kB
MemFree:         3209872 kB
Active:           447268 kB
Mem:          3.8G       787M       3.1G       5.7M        61M       323M

MemTotal:        4016004 kB
MemFree:         3209872 kB
Active:           447276 kB
Mem:          3.8G       787M       3.1G       5.7M        61M       323M

MemTotal:        4016004 kB
MemFree:         3209872 kB
Active:           447276 kB
Mem:          3.8G       787M       3.1G       5.7M        61M       323M

MemTotal:        4016004 kB
MemFree:         3209872 kB
Active:           447300 kB
Mem:          3.8G       787M       3.1G       5.7M        61M       323M

MemTotal:        4016004 kB
MemFree:         3209748 kB
Active:           447304 kB
Mem:          3.8G       787M       3.1G       5.7M        61M       323M

MemTotal:        4016004 kB
MemFree:         3209376 kB
Active:           447316 kB
Mem:          3.8G       787M       3.1G       5.7M        61M       323M

MemTotal:        4016004 kB
MemFree:         3209996 kB
Active:           447276 kB
Mem:          3.8G       787M       3.1G       5.7M        61M       323M

MemTotal:        4016004 kB
MemFree:         3210120 kB
Active:           447300 kB
Mem:          3.8G       786M       3.1G       5.7M        61M       323M

MemTotal:        4016004 kB
MemFree:         3210244 kB
Active:           447332 kB
Mem:          3.8G       786M       3.1G       5.7M        61M       323M

MemTotal:        4016004 kB
MemFree:         3210492 kB
Active:           447300 kB
Mem:          3.8G       786M       3.1G       5.7M        61M       323M

MemTotal:        4016004 kB
MemFree:         3210492 kB
Active:           447316 kB
Mem:          3.8G       786M       3.1G       5.7M        61M       323M

MemTotal:        4016004 kB
MemFree:         3210368 kB
Active:           447288 kB
Mem:          3.8G       786M       3.1G       5.7M        61M       323M

MemTotal:        4016004 kB
MemFree:         3210368 kB
Active:           447296 kB
Mem:          3.8G       786M       3.1G       5.7M        61M       323M

MemTotal:        4016004 kB
MemFree:         3210244 kB
Active:           447336 kB
Mem:          3.8G       786M       3.1G       5.7M        61M       323M

MemTotal:        4016004 kB
MemFree:         3209872 kB
Active:           447340 kB
Mem:          3.8G       787M       3.1G       5.7M        61M       323M

MemTotal:        4016004 kB
MemFree:         3210244 kB
Active:           447312 kB
Mem:          3.8G       786M       3.1G       5.7M        61M       323M

MemTotal:        4016004 kB
MemFree:         3210120 kB
Active:           447328 kB
Mem:          3.8G       787M       3.1G       5.7M        61M       323M

MemTotal:        4016004 kB
MemFree:         3210120 kB
Active:           447300 kB
Mem:          3.8G       787M       3.1G       5.7M        61M       323M

MemTotal:        4016004 kB
MemFree:         3209888 kB
Active:           447304 kB
Mem:          3.8G       787M       3.1G       5.7M        61M       323M

MemTotal:        4016004 kB
MemFree:         3209764 kB
Active:           447320 kB
Mem:          3.8G       787M       3.1G       5.7M        61M       323M

MemTotal:        4016004 kB
MemFree:         3210012 kB
Active:           447340 kB
Mem:          3.8G       787M       3.1G       5.7M        61M       323M

MemTotal:        4016004 kB
MemFree:         3209764 kB
Active:           447300 kB
Mem:          3.8G       787M       3.1G       5.7M        61M       323M

MemTotal:        4016004 kB
MemFree:         3209516 kB
Active:           447356 kB
Mem:          3.8G       787M       3.1G       5.7M        61M       323M

MemTotal:        4016004 kB
MemFree:         3210012 kB
Active:           447304 kB
Mem:          3.8G       787M       3.1G       5.7M        61M       323M

MemTotal:        4016004 kB
MemFree:         3209888 kB
Active:           447312 kB
Mem:          3.8G       787M       3.1G       5.7M        61M       323M

MemTotal:        4016004 kB
MemFree:         3209640 kB
Active:           447368 kB
Mem:          3.8G       787M       3.1G       5.7M        61M       323M

MemTotal:        4016004 kB
MemFree:         3209888 kB
Active:           447368 kB
Mem:          3.8G       787M       3.1G       5.7M        61M       323M

MemTotal:        4016004 kB
MemFree:         3210260 kB
Active:           447364 kB
Mem:          3.8G       786M       3.1G       5.7M        61M       323M

MemTotal:        4016004 kB
MemFree:         3210508 kB
Active:           447324 kB
