MemTotal:        4016004 kB
MemFree:         3232240 kB
Active:           428436 kB
Mem:          3.8G       765M       3.1G       5.7M        55M       319M

MemTotal:        4016004 kB
MemFree:         3232336 kB
Active:           428560 kB
Mem:          3.8G       765M       3.1G       5.7M        55M       319M

MemTotal:        4016004 kB
MemFree:         3232320 kB
Active:           428636 kB
Mem:          3.8G       764M       3.1G       5.7M        55M       319M

MemTotal:        4016004 kB
MemFree:         3232196 kB
Active:           428636 kB
Mem:          3.8G       765M       3.1G       5.7M        55M       319M

MemTotal:        4016004 kB
MemFree:         3232428 kB
Active:           428616 kB
Mem:          3.8G       765M       3.1G       5.7M        55M       319M

MemTotal:        4016004 kB
MemFree:         3232164 kB
Active:           428636 kB
Mem:          3.8G       765M       3.1G       5.7M        55M       319M

MemTotal:        4016004 kB
MemFree:         3232536 kB
Active:           428620 kB
Mem:          3.8G       765M       3.1G       5.7M        55M       319M

MemTotal:        4016004 kB
MemFree:         3232208 kB
Active:           428632 kB
Mem:          3.8G       765M       3.1G       5.7M        55M       319M

MemTotal:        4016004 kB
MemFree:         3232704 kB
Active:           428632 kB
Mem:          3.8G       765M       3.1G       5.7M        55M       319M

MemTotal:        4016004 kB
MemFree:         3232812 kB
Active:           428600 kB
Mem:          3.8G       764M       3.1G       5.7M        55M       319M

MemTotal:        4016004 kB
MemFree:         3232796 kB
Active:           428608 kB
Mem:          3.8G       764M       3.1G       5.7M        55M       319M

MemTotal:        4016004 kB
MemFree:         3232780 kB
Active:           428592 kB
Mem:          3.8G       764M       3.1G       5.7M        55M       319M

MemTotal:        4016004 kB
MemFree:         3232392 kB
Active:           428644 kB
Mem:          3.8G       765M       3.1G       5.7M        55M       319M

MemTotal:        4016004 kB
MemFree:         3232748 kB
Active:           428628 kB
Mem:          3.8G       764M       3.1G       5.7M        55M       319M

MemTotal:        4016004 kB
MemFree:         3232656 kB
Active:           428612 kB
Mem:          3.8G       764M       3.1G       5.7M        55M       319M

MemTotal:        4016004 kB
MemFree:         3232656 kB
Active:           428644 kB
Mem:          3.8G       764M       3.1G       5.7M        55M       319M

MemTotal:        4016004 kB
MemFree:         3234052 kB
Active:           426624 kB
Mem:          3.8G       763M       3.1G       5.7M        55M       319M

MemTotal:        4016004 kB
MemFree:         3234424 kB
Active:           426608 kB
Mem:          3.8G       763M       3.1G       5.7M        55M       319M

MemTotal:        4016004 kB
MemFree:         3233928 kB
Active:           426624 kB
Mem:          3.8G       763M       3.1G       5.7M        55M       319M

MemTotal:        4016004 kB
MemFree:         3234548 kB
Active:           426596 kB
Mem:          3.8G       762M       3.1G       5.7M        55M       319M

MemTotal:        4016004 kB
MemFree:         3234672 kB
Active:           426584 kB
Mem:          3.8G       762M       3.1G       5.7M        55M       319M

MemTotal:        4016004 kB
MemFree:         3234424 kB
Active:           426632 kB
Mem:          3.8G       762M       3.1G       5.7M        55M       319M

MemTotal:        4016004 kB
MemFree:         3235044 kB
Active:           426584 kB
Mem:          3.8G       762M       3.1G       5.7M        55M       319M

MemTotal:        4016004 kB
MemFree:         3234672 kB
Active:           426636 kB
Mem:          3.8G       763M       3.1G       5.7M        55M       319M

MemTotal:        4016004 kB
MemFree:         3234796 kB
Active:           426580 kB
Mem:          3.8G       763M       3.1G       5.7M        55M       319M

MemTotal:        4016004 kB
MemFree:         3234796 kB
Active:           426624 kB
Mem:          3.8G       763M       3.1G       5.7M        55M       319M

MemTotal:        4016004 kB
MemFree:         3234780 kB
Active:           426600 kB
Mem:          3.8G       763M       3.1G       5.7M        55M       319M

MemTotal:        4016004 kB
MemFree:         3234144 kB
Active:           426636 kB
Mem:          3.8G       763M       3.1G       5.7M        55M       319M

MemTotal:        4016004 kB
MemFree:         3234472 kB
Active:           426624 kB
Mem:          3.8G       763M       3.1G       5.7M        55M       319M

MemTotal:        4016004 kB
MemFree:         3234472 kB
Active:           426620 kB
Mem:          3.8G       763M       3.1G       5.7M        55M       319M

MemTotal:        4016004 kB
MemFree:         3234348 kB
Active:           426604 kB
Mem:          3.8G       763M       3.1G       5.7M        55M       319M

MemTotal:        4016004 kB
MemFree:         3233976 kB
Active:           426644 kB
Mem:          3.8G       763M       3.1G       5.7M        55M       319M

MemTotal:        4016004 kB
MemFree:         3226868 kB
Active:           432940 kB
Mem:          3.8G       770M       3.1G       5.7M        61M       319M

MemTotal:        4016004 kB
MemFree:         3225720 kB
Active:           434524 kB
Mem:          3.8G       771M       3.1G       5.7M        63M       319M

MemTotal:        4016004 kB
MemFree:         3225612 kB
Active:           434428 kB
Mem:          3.8G       771M       3.1G       5.7M        63M       319M

MemTotal:        4016004 kB
MemFree:         3225596 kB
Active:           434392 kB
Mem:          3.8G       772M       3.1G       5.7M        63M       319M

MemTotal:        4016004 kB
MemFree:         3225456 kB
Active:           434420 kB
Mem:          3.8G       772M       3.1G       5.7M        63M       319M

MemTotal:        4016004 kB
MemFree:         3225192 kB
Active:           434404 kB
Mem:          3.8G       772M       3.1G       5.7M        63M       319M

MemTotal:        4016004 kB
MemFree:         3224804 kB
Active:           434452 kB
Mem:          3.8G       772M       3.1G       5.7M        63M       319M

MemTotal:        4016004 kB
MemFree:         3225160 kB
Active:           434432 kB
Mem:          3.8G       772M       3.1G       5.7M        63M       319M

MemTotal:        4016004 kB
MemFree:         3225348 kB
Active:           434416 kB
Mem:          3.8G       772M       3.1G       5.7M        63M       319M

MemTotal:        4016004 kB
MemFree:         3225224 kB
Active:           434464 kB
Mem:          3.8G       772M       3.1G       5.7M        63M       319M

MemTotal:        4016004 kB
MemFree:         3225224 kB
Active:           434424 kB
Mem:          3.8G       772M       3.1G       5.7M        63M       319M

MemTotal:        4016004 kB
MemFree:         3225348 kB
Active:           434452 kB
Mem:          3.8G       772M       3.1G       5.7M        63M       319M

MemTotal:        4016004 kB
MemFree:         3225348 kB
Active:           434428 kB
Mem:          3.8G       772M       3.1G       5.7M        63M       319M

MemTotal:        4016004 kB
MemFree:         3224960 kB
Active:           434480 kB
Mem:          3.8G       772M       3.1G       5.7M        63M       319M

MemTotal:        4016004 kB
MemFree:         3224976 kB
Active:           434456 kB
Mem:          3.8G       772M       3.1G       5.7M        63M       319M

MemTotal:        4016004 kB
MemFree:         3222804 kB
Active:           434432 kB
Mem:          3.8G       774M       3.1G       5.7M        63M       319M

MemTotal:        4016004 kB
MemFree:         3222912 kB
Active:           436496 kB
Mem:          3.8G       774M       3.1G       5.7M        63M       319M

MemTotal:        4016004 kB
MemFree:         3222772 kB
Active:           436512 kB
Mem:          3.8G       774M       3.1G       5.7M        63M       319M

MemTotal:        4016004 kB
MemFree:         3223252 kB
Active:           436476 kB
Mem:          3.8G       774M       3.1G       5.7M        63M       319M

MemTotal:        4016004 kB
MemFree:         3223332 kB
Active:           436504 kB
Mem:          3.8G       774M       3.1G       5.7M        63M       319M

MemTotal:        4016004 kB
MemFree:         3223348 kB
Active:           436512 kB
Mem:          3.8G       774M       3.1G       5.7M        63M       319M

MemTotal:        4016004 kB
MemFree:         3223224 kB
Active:           436512 kB
Mem:          3.8G       774M       3.1G       5.7M        63M       319M

MemTotal:        4016004 kB
MemFree:         3223224 kB
Active:           436492 kB
Mem:          3.8G       774M       3.1G       5.7M        63M       319M

MemTotal:        4016004 kB
MemFree:         3222712 kB
Active:           436548 kB
Mem:          3.8G       774M       3.1G       5.7M        63M       319M

MemTotal:        4016004 kB
MemFree:         3223084 kB
Active:           436616 kB
Mem:          3.8G       774M       3.1G       5.7M        63M       319M

MemTotal:        4016004 kB
MemFree:         3222284 kB
Active:           434584 kB
Mem:          3.8G       774M       3.1G       5.7M        63M       319M

MemTotal:        4016004 kB
MemFree:         3222940 kB
Active:           436548 kB
Mem:          3.8G       774M       3.1G       5.7M        63M       319M

MemTotal:        4016004 kB
MemFree:         3223140 kB
Active:           436524 kB
Mem:          3.8G       773M       3.1G       5.7M        63M       319M

MemTotal:        4016004 kB
MemFree:         3222908 kB
Active:           436708 kB
Mem:          3.8G       774M       3.1G       5.7M        63M       319M

MemTotal:        4016004 kB
MemFree:         3223280 kB
Active:           436540 kB
Mem:          3.8G       774M       3.1G       5.7M        63M       319M

MemTotal:        4016004 kB
MemFree:         3223248 kB
Active:           436524 kB
Mem:          3.8G       774M       3.1G       5.7M        63M       319M

MemTotal:        4016004 kB
MemFree:         3223388 kB
Active:           436548 kB
Mem:          3.8G       773M       3.1G       5.7M        63M       319M

MemTotal:        4016004 kB
MemFree:         3222908 kB
Active:           436564 kB
Mem:          3.8G       774M       3.1G       5.7M        63M       319M

MemTotal:        4016004 kB
MemFree:         3223420 kB
Active:           436548 kB
Mem:          3.8G       774M       3.1G       5.7M        63M       319M

MemTotal:        4016004 kB
MemFree:         3223264 kB
Active:           436564 kB
Mem:          3.8G       774M       3.1G       5.7M        63M       319M

MemTotal:        4016004 kB
MemFree:         3222080 kB
Active:           434684 kB
Mem:          3.8G       775M       3.1G       5.7M        63M       319M

MemTotal:        4016004 kB
MemFree:         3222332 kB
Active:           436580 kB
Mem:          3.8G       775M       3.1G       5.7M        63M       319M

MemTotal:        4016004 kB
MemFree:         3222564 kB
Active:           436696 kB
Mem:          3.8G       774M       3.1G       5.7M        63M       319M

MemTotal:        4016004 kB
MemFree:         3222636 kB
Active:           436648 kB
Mem:          3.8G       774M       3.1G       5.7M        63M       319M

MemTotal:        4016004 kB
MemFree:         3222636 kB
Active:           436596 kB
Mem:          3.8G       775M       3.1G       5.7M        63M       319M

MemTotal:        4016004 kB
MemFree:         3222480 kB
Active:           436716 kB
Mem:          3.8G       774M       3.1G       5.7M        63M       319M

MemTotal:        4016004 kB
MemFree:         3222796 kB
Active:           436632 kB
Mem:          3.8G       774M       3.1G       5.7M        63M       319M

MemTotal:        4016004 kB
MemFree:         3222424 kB
Active:           436716 kB
Mem:          3.8G       774M       3.1G       5.7M        63M       319M

MemTotal:        4016004 kB
MemFree:         3223008 kB
Active:           436708 kB
Mem:          3.8G       774M       3.1G       5.7M        63M       319M

MemTotal:        4016004 kB
MemFree:         3222996 kB
Active:           436580 kB
Mem:          3.8G       774M       3.1G       5.7M        63M       319M

MemTotal:        4016004 kB
MemFree:         3220408 kB
Active:           436604 kB
Mem:          3.8G       776M       3.1G       5.7M        63M       319M

MemTotal:        4016004 kB
MemFree:         3220980 kB
Active:           438580 kB
Mem:          3.8G       776M       3.1G       5.7M        63M       319M

MemTotal:        4016004 kB
MemFree:         3221352 kB
Active:           438592 kB
Mem:          3.8G       776M       3.1G       5.7M        63M       319M

MemTotal:        4016004 kB
MemFree:         3221352 kB
Active:           438528 kB
Mem:          3.8G       776M       3.1G       5.7M        63M       319M

MemTotal:        4016004 kB
MemFree:         3220748 kB
Active:           438700 kB
Mem:          3.8G       776M       3.1G       5.7M        63M       319M

MemTotal:        4016004 kB
MemFree:         3221088 kB
Active:           438468 kB
Mem:          3.8G       776M       3.1G       5.7M        63M       319M

MemTotal:        4016004 kB
MemFree:         3220948 kB
Active:           438592 kB
Mem:          3.8G       776M       3.1G       5.7M        63M       319M

MemTotal:        4016004 kB
MemFree:         3220576 kB
Active:           438756 kB
Mem:          3.8G       776M       3.1G       5.7M        63M       319M

MemTotal:        4016004 kB
MemFree:         3220916 kB
Active:           438508 kB
Mem:          3.8G       776M       3.1G       5.7M        63M       319M

MemTotal:        4016004 kB
MemFree:         3220376 kB
Active:           438672 kB
Mem:          3.8G       776M       3.1G       5.7M        63M       319M

MemTotal:        4016004 kB
MemFree:         3220064 kB
Active:           436732 kB
Mem:          3.8G       777M       3.1G       5.7M        63M       319M

MemTotal:        4016004 kB
MemFree:         3220248 kB
Active:           438720 kB
Mem:          3.8G       777M       3.1G       5.7M        63M       319M

MemTotal:        4016004 kB
MemFree:         3220744 kB
Active:           438704 kB
Mem:          3.8G       776M       3.1G       5.7M        63M       319M

MemTotal:        4016004 kB
MemFree:         3220620 kB
Active:           438692 kB
Mem:          3.8G       776M       3.1G       5.7M        63M       319M

MemTotal:        4016004 kB
MemFree:         3220744 kB
Active:           438688 kB
Mem:          3.8G       776M       3.1G       5.7M        63M       319M

MemTotal:        4016004 kB
MemFree:         3220248 kB
Active:           438732 kB
Mem:          3.8G       777M       3.1G       5.7M        63M       319M

MemTotal:        4016004 kB
MemFree:         3220744 kB
Active:           438720 kB
Mem:          3.8G       776M       3.1G       5.7M        63M       319M

MemTotal:        4016004 kB
MemFree:         3221116 kB
Active:           438708 kB
Mem:          3.8G       776M       3.1G       5.7M        63M       319M

MemTotal:        4016004 kB
MemFree:         3220744 kB
Active:           438732 kB
Mem:          3.8G       776M       3.1G       5.7M        63M       319M

MemTotal:        4016004 kB
MemFree:         3220852 kB
Active:           438700 kB
Mem:          3.8G       776M       3.1G       5.7M        63M       319M

MemTotal:        4016004 kB
MemFree:         3220140 kB
Active:           436700 kB
Mem:          3.8G       777M       3.1G       5.7M        63M       319M

MemTotal:        4016004 kB
MemFree:         3220496 kB
Active:           438728 kB
Mem:          3.8G       776M       3.1G       5.7M        63M       319M

MemTotal:        4016004 kB
MemFree:         3220080 kB
Active:           438756 kB
Mem:          3.8G       777M       3.1G       5.7M        63M       319M

MemTotal:        4016004 kB
MemFree:         3220032 kB
Active:           439052 kB
Mem:          3.8G       777M       3.1G       5.7M        63M       319M

MemTotal:        4016004 kB
MemFree:         3177080 kB
Active:           439936 kB
Mem:          3.8G       819M       3.0G       5.7M        63M       361M

MemTotal:        4016004 kB
MemFree:         3129972 kB
Active:           439896 kB
Mem:          3.8G       865M       3.0G       5.7M        63M       406M

MemTotal:        4016004 kB
MemFree:         3084244 kB
Active:           439908 kB
Mem:          3.8G       910M       2.9G       5.7M        63M       450M

MemTotal:        4016004 kB
MemFree:         3036888 kB
Active:           439956 kB
Mem:          3.8G       956M       2.9G       5.7M        63M       496M

MemTotal:        4016004 kB
MemFree:         2989408 kB
Active:           439964 kB
Mem:          3.8G       1.0G       2.9G       5.7M        63M       541M

MemTotal:        4016004 kB
MemFree:         2943060 kB
Active:           439964 kB
Mem:          3.8G       1.0G       2.8G       5.7M        63M       585M

MemTotal:        4016004 kB
MemFree:         2895084 kB
Active:           439976 kB
Mem:          3.8G       1.1G       2.8G       5.7M        63M       632M

MemTotal:        4016004 kB
MemFree:         2849504 kB
Active:           439976 kB
Mem:          3.8G       1.1G       2.7G       5.7M        63M       675M

MemTotal:        4016004 kB
MemFree:         2801520 kB
Active:           439988 kB
Mem:          3.8G       1.2G       2.7G       5.7M        63M       721M

MemTotal:        4016004 kB
MemFree:         2754596 kB
Active:           439988 kB
Mem:          3.8G       1.2G       2.6G       5.7M        63M       767M

MemTotal:        4016004 kB
MemFree:         2708220 kB
Active:           439992 kB
Mem:          3.8G       1.2G       2.6G       5.7M        63M       811M

MemTotal:        4016004 kB
MemFree:         2660968 kB
Active:           440000 kB
Mem:          3.8G       1.3G       2.5G       5.7M        63M       857M

MemTotal:        4016004 kB
MemFree:         2614080 kB
Active:           440000 kB
Mem:          3.8G       1.3G       2.5G       5.7M        63M       902M

MemTotal:        4016004 kB
MemFree:         2568028 kB
Active:           440004 kB
Mem:          3.8G       1.4G       2.4G       5.7M        63M       946M

MemTotal:        4016004 kB
MemFree:         2519260 kB
Active:           440036 kB
Mem:          3.8G       1.4G       2.4G       5.7M        63M       992M

MemTotal:        4016004 kB
MemFree:         2474216 kB
Active:           440036 kB
Mem:          3.8G       1.5G       2.4G       5.7M        63M       1.0G

MemTotal:        4016004 kB
MemFree:         2474180 kB
Active:           439988 kB
Mem:          3.8G       1.5G       2.4G       5.7M        63M       1.0G

MemTotal:        4016004 kB
MemFree:         2461336 kB
Active:           440044 kB
Mem:          3.8G       1.5G       2.3G       5.7M        63M       1.0G

MemTotal:        4016004 kB
MemFree:         2414880 kB
Active:           440044 kB
Mem:          3.8G       1.5G       2.3G       5.7M        63M       1.1G

MemTotal:        4016004 kB
MemFree:         2367648 kB
Active:           440052 kB
Mem:          3.8G       1.6G       2.3G       5.7M        63M       1.1G

MemTotal:        4016004 kB
MemFree:         2320928 kB
Active:           440052 kB
Mem:          3.8G       1.6G       2.2G       5.7M        63M       1.2G

MemTotal:        4016004 kB
MemFree:         2274068 kB
Active:           440060 kB
Mem:          3.8G       1.7G       2.2G       5.7M        63M       1.2G

MemTotal:        4016004 kB
MemFree:         2226604 kB
Active:           440060 kB
Mem:          3.8G       1.7G       2.1G       5.7M        63M       1.2G

MemTotal:        4016004 kB
MemFree:         2180860 kB
Active:           440060 kB
Mem:          3.8G       1.8G       2.1G       5.7M        63M       1.3G

MemTotal:        4016004 kB
MemFree:         2134144 kB
Active:           440080 kB
Mem:          3.8G       1.8G       2.0G       5.7M        63M       1.3G

MemTotal:        4016004 kB
MemFree:         2087620 kB
Active:           440088 kB
Mem:          3.8G       1.8G       2.0G       5.7M        63M       1.4G

MemTotal:        4016004 kB
MemFree:         2087408 kB
Active:           440092 kB
Mem:          3.8G       1.8G       2.0G       5.7M        63M       1.4G

MemTotal:        4016004 kB
MemFree:         2066192 kB
Active:           440096 kB
Mem:          3.8G       1.9G       2.0G       5.7M        63M       1.4G

MemTotal:        4016004 kB
MemFree:         2019968 kB
Active:           440096 kB
Mem:          3.8G       1.9G       1.9G       5.7M        63M       1.4G

MemTotal:        4016004 kB
MemFree:         1972488 kB
Active:           440096 kB
Mem:          3.8G       1.9G       1.9G       5.7M        63M       1.5G

MemTotal:        4016004 kB
MemFree:         1926648 kB
Active:           440104 kB
Mem:          3.8G       2.0G       1.8G       5.7M        63M       1.5G

MemTotal:        4016004 kB
MemFree:         1926068 kB
Active:           440116 kB
Mem:          3.8G       2.0G       1.8G       5.7M        63M       1.5G

MemTotal:        4016004 kB
MemFree:         1926052 kB
Active:           440116 kB
Mem:          3.8G       2.0G       1.8G       5.7M        63M       1.5G

MemTotal:        4016004 kB
MemFree:         1889920 kB
Active:           440120 kB
Mem:          3.8G       2.0G       1.8G       5.7M        63M       1.6G

MemTotal:        4016004 kB
MemFree:         1842688 kB
Active:           440124 kB
Mem:          3.8G       2.1G       1.8G       5.7M        63M       1.6G

MemTotal:        4016004 kB
MemFree:         1796588 kB
Active:           440132 kB
Mem:          3.8G       2.1G       1.7G       5.7M        63M       1.6G

MemTotal:        4016004 kB
MemFree:         1746812 kB
Active:           442164 kB
Mem:          3.8G       2.2G       1.7G       5.7M        63M       1.7G

MemTotal:        4016004 kB
MemFree:         1700960 kB
Active:           442164 kB
Mem:          3.8G       2.2G       1.6G       5.7M        63M       1.7G

MemTotal:        4016004 kB
MemFree:         1653604 kB
Active:           442168 kB
Mem:          3.8G       2.3G       1.6G       5.7M        63M       1.8G

MemTotal:        4016004 kB
MemFree:         1606972 kB
Active:           442172 kB
Mem:          3.8G       2.3G       1.5G       5.7M        63M       1.8G

MemTotal:        4016004 kB
MemFree:         1560732 kB
Active:           442180 kB
Mem:          3.8G       2.3G       1.5G       5.7M        63M       1.9G

MemTotal:        4016004 kB
MemFree:         1560056 kB
Active:           442184 kB
Mem:          3.8G       2.3G       1.5G       5.7M        63M       1.9G

MemTotal:        4016004 kB
MemFree:         1560308 kB
Active:           442184 kB
Mem:          3.8G       2.3G       1.5G       5.7M        63M       1.9G

MemTotal:        4016004 kB
MemFree:         1518040 kB
Active:           442188 kB
Mem:          3.8G       2.4G       1.4G       5.7M        63M       1.9G

MemTotal:        4016004 kB
MemFree:         1470560 kB
Active:           442192 kB
Mem:          3.8G       2.4G       1.4G       5.7M        63M       2.0G

MemTotal:        4016004 kB
MemFree:         1426684 kB
Active:           442196 kB
Mem:          3.8G       2.5G       1.4G       5.7M        63M       2.0G

MemTotal:        4016004 kB
MemFree:         1426064 kB
Active:           442208 kB
Mem:          3.8G       2.5G       1.4G       5.7M        63M       2.0G

MemTotal:        4016004 kB
MemFree:         1418488 kB
Active:           442212 kB
Mem:          3.8G       2.5G       1.4G       5.7M        63M       2.0G

MemTotal:        4016004 kB
MemFree:         1372328 kB
Active:           442212 kB
Mem:          3.8G       2.5G       1.3G       5.7M        63M       2.0G

MemTotal:        4016004 kB
MemFree:         1324352 kB
Active:           442216 kB
Mem:          3.8G       2.6G       1.3G       5.7M        63M       2.1G

MemTotal:        4016004 kB
MemFree:         1278336 kB
Active:           442216 kB
Mem:          3.8G       2.6G       1.2G       5.7M        63M       2.1G

MemTotal:        4016004 kB
MemFree:         1230608 kB
Active:           442648 kB
Mem:          3.8G       2.7G       1.2G       5.7M        63M       2.2G

MemTotal:        4016004 kB
MemFree:         1184260 kB
Active:           442260 kB
Mem:          3.8G       2.7G       1.1G       5.7M        63M       2.2G

MemTotal:        4016004 kB
MemFree:         1138036 kB
Active:           442260 kB
Mem:          3.8G       2.7G       1.1G       5.7M        63M       2.3G

MemTotal:        4016004 kB
MemFree:         1090556 kB
Active:           442264 kB
Mem:          3.8G       2.8G       1.0G       5.7M        63M       2.3G

MemTotal:        4016004 kB
MemFree:         1044468 kB
Active:           442272 kB
Mem:          3.8G       2.8G       1.0G       5.7M        63M       2.4G

MemTotal:        4016004 kB
MemFree:         1020832 kB
Active:           442268 kB
Mem:          3.8G       2.9G       996M       5.7M        63M       2.4G

MemTotal:        4016004 kB
MemFree:         1021148 kB
Active:           444284 kB
Mem:          3.8G       2.9G       997M       5.7M        63M       2.4G

MemTotal:        4016004 kB
MemFree:          980236 kB
Active:           444320 kB
Mem:          3.8G       2.9G       957M       5.7M        63M       2.4G

MemTotal:        4016004 kB
MemFree:          932632 kB
Active:           444320 kB
Mem:          3.8G       2.9G       910M       5.7M        63M       2.5G

MemTotal:        4016004 kB
MemFree:          886036 kB
Active:           444320 kB
Mem:          3.8G       3.0G       865M       5.7M        63M       2.5G

MemTotal:        4016004 kB
MemFree:          838928 kB
Active:           444328 kB
Mem:          3.8G       3.0G       818M       5.7M        63M       2.5G

MemTotal:        4016004 kB
MemFree:          792084 kB
Active:           444328 kB
Mem:          3.8G       3.1G       773M       5.7M        63M       2.6G

MemTotal:        4016004 kB
MemFree:          744860 kB
Active:           444336 kB
Mem:          3.8G       3.1G       727M       5.7M        63M       2.6G

MemTotal:        4016004 kB
MemFree:          699024 kB
Active:           444348 kB
Mem:          3.8G       3.2G       682M       5.7M        63M       2.7G

MemTotal:        4016004 kB
MemFree:          652188 kB
Active:           444360 kB
Mem:          3.8G       3.2G       636M       5.7M        63M       2.7G

MemTotal:        4016004 kB
MemFree:          624284 kB
Active:           442312 kB
Mem:          3.8G       3.2G       609M       5.7M        63M       2.7G

MemTotal:        4016004 kB
MemFree:          624568 kB
Active:           444308 kB
Mem:          3.8G       3.2G       609M       5.7M        63M       2.7G

MemTotal:        4016004 kB
MemFree:          587628 kB
Active:           444368 kB
Mem:          3.8G       3.3G       573M       5.7M        63M       2.8G

MemTotal:        4016004 kB
MemFree:          541652 kB
Active:           444368 kB
Mem:          3.8G       3.3G       528M       5.7M        63M       2.8G

MemTotal:        4016004 kB
MemFree:          494916 kB
Active:           444368 kB
Mem:          3.8G       3.4G       482M       5.7M        63M       2.9G

MemTotal:        4016004 kB
MemFree:          447312 kB
Active:           444376 kB
Mem:          3.8G       3.4G       436M       5.7M        63M       2.9G

MemTotal:        4016004 kB
MemFree:          401320 kB
Active:           444376 kB
Mem:          3.8G       3.4G       391M       5.7M        63M       3.0G

MemTotal:        4016004 kB
MemFree:          354104 kB
Active:           444380 kB
Mem:          3.8G       3.5G       344M       5.7M        63M       3.0G

MemTotal:        4016004 kB
MemFree:          308296 kB
Active:           444384 kB
Mem:          3.8G       3.5G       300M       5.7M        63M       3.0G

MemTotal:        4016004 kB
MemFree:          260492 kB
Active:           444392 kB
Mem:          3.8G       3.6G       254M       5.7M        63M       3.1G

MemTotal:        4016004 kB
MemFree:          213836 kB
Active:           444400 kB
Mem:          3.8G       3.6G       208M       5.7M        63M       3.1G

MemTotal:        4016004 kB
MemFree:          166992 kB
Active:           444400 kB
Mem:          3.8G       3.7G       162M       5.7M        63M       3.2G

MemTotal:        4016004 kB
MemFree:          120232 kB
Active:           444232 kB
Mem:          3.8G       3.7G       117M       5.7M        63M       3.2G

MemTotal:        4016004 kB
MemFree:          145252 kB
Active:           453500 kB
Mem:          3.8G       3.7G       117M       5.7M        28M       3.3G

MemTotal:        4016004 kB
MemFree:          119568 kB
Active:           499120 kB
Mem:          3.8G       3.7G       116M       5.7M        28M       3.3G

MemTotal:        4016004 kB
MemFree:          117208 kB
Active:           499292 kB
Mem:          3.8G       3.7G       113M       5.7M        28M       3.3G

MemTotal:        4016004 kB
MemFree:          114540 kB
Active:           500456 kB
Mem:          3.8G       3.7G       108M       5.7M        28M       3.3G

MemTotal:        4016004 kB
MemFree:          128028 kB
Active:           493372 kB
Mem:          3.8G       3.7G       124M       5.7M        28M       3.2G

MemTotal:        4016004 kB
MemFree:          135312 kB
Active:           487356 kB
Mem:          3.8G       3.7G       132M       5.7M        28M       3.2G

MemTotal:        4016004 kB
MemFree:          125680 kB
Active:           481764 kB
Mem:          3.8G       3.7G       122M       5.7M        28M       3.2G

MemTotal:        4016004 kB
MemFree:          127048 kB
Active:           477776 kB
Mem:          3.8G       3.7G       123M       5.7M        28M       3.2G

MemTotal:        4016004 kB
MemFree:          123348 kB
Active:           473324 kB
Mem:          3.8G       3.7G       119M       5.7M        28M       3.3G

MemTotal:        4016004 kB
MemFree:          124760 kB
Active:           467072 kB
Mem:          3.8G       3.7G       132M       5.7M        28M       3.2G

MemTotal:        4016004 kB
MemFree:          127064 kB
Active:           464032 kB
Mem:          3.8G       3.7G       123M       5.7M        28M       3.2G

MemTotal:        4016004 kB
MemFree:          126800 kB
Active:           463900 kB
Mem:          3.8G       3.7G       123M       5.7M        28M       3.2G

MemTotal:        4016004 kB
MemFree:          120692 kB
Active:           460544 kB
Mem:          3.8G       3.7G       116M       5.7M        28M       3.3G

MemTotal:        4016004 kB
MemFree:          127856 kB
Active:           457892 kB
Mem:          3.8G       3.7G       124M       5.7M        28M       3.2G

MemTotal:        4016004 kB
MemFree:          123056 kB
Active:           456076 kB
Mem:          3.8G       3.7G       119M       5.7M        28M       3.3G

MemTotal:        4016004 kB
MemFree:          114436 kB
Active:           455608 kB
Mem:          3.8G       3.7G       111M       5.7M        28M       3.3G

MemTotal:        4016004 kB
MemFree:          113572 kB
Active:           455464 kB
Mem:          3.8G       3.7G       110M       5.7M        28M       3.3G

MemTotal:        4016004 kB
MemFree:          122704 kB
Active:           454936 kB
Mem:          3.8G       3.7G       119M       5.7M        28M       3.3G

MemTotal:        4016004 kB
MemFree:          113220 kB
Active:           453824 kB
Mem:          3.8G       3.7G       109M       5.7M        28M       3.3G

MemTotal:        4016004 kB
MemFree:          125816 kB
Active:           451872 kB
Mem:          3.8G       3.7G       122M       5.7M        28M       3.2G

MemTotal:        4016004 kB
MemFree:          125696 kB
Active:           447988 kB
Mem:          3.8G       3.7G       122M       5.7M        28M       3.2G

MemTotal:        4016004 kB
MemFree:          122128 kB
Active:           446556 kB
Mem:          3.8G       3.7G       119M       5.7M        28M       3.3G

MemTotal:        4016004 kB
MemFree:          121944 kB
Active:           444644 kB
Mem:          3.8G       3.7G       117M       5.7M        28M       3.3G

MemTotal:        4016004 kB
MemFree:          113080 kB
Active:           443476 kB
Mem:          3.8G       3.7G       109M       5.7M        28M       3.3G

MemTotal:        4016004 kB
MemFree:          112448 kB
Active:           441604 kB
Mem:          3.8G       3.7G       109M       5.7M        28M       3.3G

MemTotal:        4016004 kB
MemFree:          126164 kB
Active:           439948 kB
Mem:          3.8G       3.7G       122M       5.7M        28M       3.2G

MemTotal:        4016004 kB
MemFree:          116724 kB
Active:           438656 kB
Mem:          3.8G       3.7G       113M       5.7M        28M       3.3G

MemTotal:        4016004 kB
MemFree:          114304 kB
Active:           436732 kB
Mem:          3.8G       3.7G       111M       5.7M        28M       3.3G

MemTotal:        4016004 kB
MemFree:          127024 kB
Active:           434948 kB
Mem:          3.8G       3.7G       122M       5.7M        28M       3.2G

MemTotal:        4016004 kB
MemFree:          125172 kB
Active:           433192 kB
Mem:          3.8G       3.7G       121M       5.7M        28M       3.2G

MemTotal:        4016004 kB
MemFree:          120468 kB
Active:           429776 kB
Mem:          3.8G       3.7G       117M       5.7M        28M       3.3G

MemTotal:        4016004 kB
MemFree:          127952 kB
Active:           428120 kB
Mem:          3.8G       3.7G       124M       5.7M        28M       3.2G

MemTotal:        4016004 kB
MemFree:          124080 kB
Active:           426456 kB
Mem:          3.8G       3.7G       120M       5.7M        28M       3.3G

MemTotal:        4016004 kB
MemFree:          127556 kB
Active:           425176 kB
Mem:          3.8G       3.7G       124M       5.7M        28M       3.2G

MemTotal:        4016004 kB
MemFree:          118488 kB
Active:           424160 kB
Mem:          3.8G       3.7G       115M       5.7M        28M       3.3G

MemTotal:        4016004 kB
MemFree:          107356 kB
Active:           423008 kB
Mem:          3.8G       3.7G       104M       5.7M        28M       3.3G

MemTotal:        4016004 kB
MemFree:          107864 kB
Active:           421088 kB
Mem:          3.8G       3.7G       104M       5.7M        28M       3.3G

MemTotal:        4016004 kB
MemFree:          134132 kB
Active:           418656 kB
Mem:          3.8G       3.7G       130M       5.7M        28M       3.2G

MemTotal:        4016004 kB
MemFree:          107340 kB
Active:           418660 kB
Mem:          3.8G       3.7G       104M       5.7M        28M       3.3G

MemTotal:        4016004 kB
MemFree:          106600 kB
Active:           418676 kB
Mem:          3.8G       3.7G       104M       5.7M        28M       3.3G

MemTotal:        4016004 kB
MemFree:          117048 kB
Active:           417652 kB
Mem:          3.8G       3.7G       113M       5.7M        28M       3.3G

MemTotal:        4016004 kB
MemFree:          107280 kB
Active:           412620 kB
Mem:          3.8G       3.7G       104M       5.7M        28M       3.3G

MemTotal:        4016004 kB
MemFree:          108160 kB
Active:           410960 kB
Mem:          3.8G       3.7G       105M       5.7M        28M       3.3G

MemTotal:        4016004 kB
MemFree:          130500 kB
Active:           409296 kB
Mem:          3.8G       3.7G       126M       5.7M        28M       3.2G

MemTotal:        4016004 kB
MemFree:          129728 kB
Active:           409172 kB
Mem:          3.8G       3.7G       126M       5.7M        28M       3.2G

MemTotal:        4016004 kB
MemFree:          129828 kB
Active:           409184 kB
Mem:          3.8G       3.7G       123M       5.7M        28M       3.2G

MemTotal:        4016004 kB
MemFree:          118352 kB
Active:           408164 kB
Mem:          3.8G       3.7G       114M       5.7M        28M       3.3G

MemTotal:        4016004 kB
MemFree:          107300 kB
Active:           407012 kB
Mem:          3.8G       3.7G       104M       5.7M        28M       3.3G

MemTotal:        4016004 kB
MemFree:          127540 kB
Active:           404836 kB
Mem:          3.8G       3.7G       124M       5.7M        28M       3.2G

MemTotal:        4016004 kB
MemFree:          128020 kB
Active:           403172 kB
Mem:          3.8G       3.7G       124M       5.7M        28M       3.2G

MemTotal:        4016004 kB
MemFree:          106208 kB
Active:           402540 kB
Mem:          3.8G       3.7G       103M       5.7M        28M       3.3G

MemTotal:        4016004 kB
MemFree:          131904 kB
Active:           400240 kB
Mem:          3.8G       3.7G       128M       5.7M        28M       3.2G

MemTotal:        4016004 kB
MemFree:          120972 kB
Active:           399236 kB
Mem:          3.8G       3.7G       117M       5.7M        28M       3.3G

MemTotal:        4016004 kB
MemFree:          122108 kB
Active:           397168 kB
Mem:          3.8G       3.7G       118M       5.7M        28M       3.2G

MemTotal:        4016004 kB
MemFree:          108688 kB
Active:           397044 kB
Mem:          3.8G       3.7G       105M       5.7M        28M       3.3G

MemTotal:        4016004 kB
MemFree:          119988 kB
Active:           395520 kB
Mem:          3.8G       3.7G       116M       5.7M        28M       3.3G

MemTotal:        4016004 kB
MemFree:          126340 kB
Active:           393352 kB
Mem:          3.8G       3.7G       122M       5.7M        28M       3.2G

MemTotal:        4016004 kB
MemFree:          116340 kB
Active:           392328 kB
Mem:          3.8G       3.7G       113M       5.7M        28M       3.3G

MemTotal:        4016004 kB
MemFree:          105084 kB
Active:           391180 kB
Mem:          3.8G       3.7G       125M       5.7M        28M       3.2G

MemTotal:        4016004 kB
MemFree:          121608 kB
Active:           389396 kB
Mem:          3.8G       3.7G       118M       5.7M        28M       3.2G

MemTotal:        4016004 kB
MemFree:          120820 kB
Active:           389272 kB
Mem:          3.8G       3.7G       117M       5.7M        28M       3.2G

MemTotal:        4016004 kB
MemFree:          121044 kB
Active:           389272 kB
Mem:          3.8G       3.7G       118M       5.7M        28M       3.2G

MemTotal:        4016004 kB
MemFree:          126452 kB
Active:           387736 kB
Mem:          3.8G       3.7G       122M       5.7M        28M       3.2G

MemTotal:        4016004 kB
MemFree:          126836 kB
Active:           383892 kB
Mem:          3.8G       3.7G       122M       5.7M        28M       3.2G

MemTotal:        4016004 kB
MemFree:          127608 kB
Active:           381976 kB
Mem:          3.8G       3.7G       124M       5.7M        28M       3.2G

MemTotal:        4016004 kB
MemFree:          128784 kB
Active:           382216 kB
Mem:          3.8G       3.7G       125M       5.7M        28M       3.2G

MemTotal:        4016004 kB
MemFree:          106724 kB
Active:           381576 kB
Mem:          3.8G       3.7G       103M       5.7M        28M       3.3G

MemTotal:        4016004 kB
MemFree:          126740 kB
Active:           381564 kB
Mem:          3.8G       3.7G       123M       5.7M        28M       3.2G

MemTotal:        4016004 kB
MemFree:          110168 kB
Active:           381340 kB
Mem:          3.8G       3.7G       107M       5.7M        28M       3.3G

MemTotal:        4016004 kB
MemFree:          118620 kB
Active:           381476 kB
Mem:          3.8G       3.7G       115M       5.7M        28M       3.3G

MemTotal:        4016004 kB
MemFree:          118272 kB
Active:           381232 kB
Mem:          3.8G       3.7G       114M       5.7M        28M       3.3G

MemTotal:        4016004 kB
MemFree:          129192 kB
Active:           378636 kB
Mem:          3.8G       3.7G       125M       5.7M        28M       3.2G

MemTotal:        4016004 kB
MemFree:          118552 kB
Active:           378288 kB
Mem:          3.8G       3.7G       115M       5.7M        28M       3.3G

MemTotal:        4016004 kB
MemFree:          125668 kB
Active:           378304 kB
Mem:          3.8G       3.7G       122M       5.7M        28M       3.2G

MemTotal:        4016004 kB
MemFree:          115876 kB
Active:           378312 kB
Mem:          3.8G       3.7G       112M       5.7M        28M       3.3G

MemTotal:        4016004 kB
MemFree:          114860 kB
Active:           376280 kB
Mem:          3.8G       3.7G       112M       5.7M        28M       3.3G

MemTotal:        4016004 kB
MemFree:          115080 kB
Active:           378332 kB
Mem:          3.8G       3.7G       112M       5.7M        28M       3.3G

MemTotal:        4016004 kB
MemFree:          115304 kB
Active:           378332 kB
Mem:          3.8G       3.7G       112M       5.7M        28M       3.3G

MemTotal:        4016004 kB
MemFree:          127316 kB
Active:           377952 kB
Mem:          3.8G       3.7G       123M       5.7M        28M       3.2G

MemTotal:        4016004 kB
MemFree:          116928 kB
Active:           377964 kB
Mem:          3.8G       3.7G       113M       5.7M        28M       3.3G

MemTotal:        4016004 kB
MemFree:          107564 kB
Active:           377752 kB
Mem:          3.8G       3.7G       104M       5.7M        28M       3.3G

MemTotal:        4016004 kB
MemFree:          107096 kB
Active:           377756 kB
Mem:          3.8G       3.7G       104M       5.7M        28M       3.3G

MemTotal:        4016004 kB
MemFree:          126700 kB
Active:           377756 kB
Mem:          3.8G       3.7G       122M       5.7M        28M       3.2G

MemTotal:        4016004 kB
MemFree:          128340 kB
Active:           377760 kB
Mem:          3.8G       3.7G       125M       5.7M        28M       3.2G

MemTotal:        4016004 kB
MemFree:          108488 kB
Active:           377764 kB
Mem:          3.8G       3.7G       105M       5.7M        28M       3.3G

MemTotal:        4016004 kB
MemFree:          107840 kB
Active:           377776 kB
Mem:          3.8G       3.7G       105M       5.7M        28M       3.3G

MemTotal:        4016004 kB
MemFree:          125004 kB
Active:           377780 kB
Mem:          3.8G       3.7G       121M       5.7M        28M       3.2G

MemTotal:        4016004 kB
MemFree:          122260 kB
Active:           377564 kB
Mem:          3.8G       3.7G       118M       5.7M        28M       3.2G

MemTotal:        4016004 kB
MemFree:          104712 kB
Active:           377476 kB
Mem:          3.8G       3.7G       125M       5.7M        28M       3.2G

MemTotal:        4016004 kB
MemFree:          124316 kB
Active:           377476 kB
Mem:          3.8G       3.7G       121M       5.7M        28M       3.2G

MemTotal:        4016004 kB
MemFree:          125444 kB
Active:           377484 kB
Mem:          3.8G       3.7G       122M       5.7M        28M       3.2G

MemTotal:        4016004 kB
MemFree:          121600 kB
Active:           377508 kB
Mem:          3.8G       3.7G       118M       5.7M        28M       3.2G

MemTotal:        4016004 kB
MemFree:          133548 kB
Active:           377516 kB
Mem:          3.8G       3.7G       130M       5.7M        28M       3.2G

MemTotal:        4016004 kB
MemFree:          123288 kB
Active:           377520 kB
Mem:          3.8G       3.7G       119M       5.7M        28M       3.2G

MemTotal:        4016004 kB
MemFree:          125192 kB
Active:           376416 kB
Mem:          3.8G       3.7G       121M       5.7M        28M       3.2G

MemTotal:        4016004 kB
MemFree:          104820 kB
Active:           376416 kB
Mem:          3.8G       3.7G       125M       5.7M        28M       3.2G

MemTotal:        4016004 kB
MemFree:          128612 kB
Active:           376124 kB
Mem:          3.8G       3.7G       125M       5.7M        28M       3.2G

MemTotal:        4016004 kB
MemFree:          112380 kB
Active:           376124 kB
Mem:          3.8G       3.7G       109M       5.7M        28M       3.3G

MemTotal:        4016004 kB
MemFree:          126172 kB
Active:           376124 kB
Mem:          3.8G       3.7G       122M       5.7M        28M       3.2G

MemTotal:        4016004 kB
MemFree:          121720 kB
Active:           376124 kB
Mem:          3.8G       3.7G       118M       5.7M        28M       3.2G

MemTotal:        4016004 kB
MemFree:          111064 kB
Active:           376136 kB
Mem:          3.8G       3.7G       107M       5.7M        28M       3.3G

MemTotal:        4016004 kB
MemFree:          113296 kB
Active:           376144 kB
Mem:          3.8G       3.7G       109M       5.7M        28M       3.3G

MemTotal:        4016004 kB
MemFree:          116564 kB
Active:           374036 kB
Mem:          3.8G       3.7G       113M       5.7M        28M       3.3G

MemTotal:        4016004 kB
MemFree:          108400 kB
Active:           374036 kB
Mem:          3.8G       3.7G       105M       5.7M        28M       3.3G

MemTotal:        4016004 kB
MemFree:          107532 kB
Active:           374040 kB
Mem:          3.8G       3.7G       105M       5.7M        28M       3.3G

MemTotal:        4016004 kB
MemFree:          117596 kB
Active:           374048 kB
Mem:          3.8G       3.7G       114M       5.7M        28M       3.2G

MemTotal:        4016004 kB
MemFree:          117320 kB
Active:           374052 kB
Mem:          3.8G       3.7G       114M       5.7M        28M       3.2G

MemTotal:        4016004 kB
MemFree:          116644 kB
Active:           374052 kB
Mem:          3.8G       3.7G       113M       5.7M        28M       3.2G

MemTotal:        4016004 kB
MemFree:          106752 kB
Active:           374060 kB
Mem:          3.8G       3.7G       103M       5.7M        28M       3.3G

MemTotal:        4016004 kB
MemFree:          108376 kB
Active:           374060 kB
Mem:          3.8G       3.7G       105M       5.7M        28M       3.3G

MemTotal:        4016004 kB
MemFree:          115100 kB
Active:           374068 kB
Mem:          3.8G       3.7G       111M       5.7M        28M       3.3G

MemTotal:        4016004 kB
MemFree:          105192 kB
Active:           374072 kB
Mem:          3.8G       3.7G       125M       5.7M        28M       3.2G

MemTotal:        4016004 kB
MemFree:          125432 kB
Active:           373440 kB
Mem:          3.8G       3.7G       122M       5.7M        28M       3.2G

MemTotal:        4016004 kB
MemFree:          127628 kB
Active:           373440 kB
Mem:          3.8G       3.7G       124M       5.7M        28M       3.2G

MemTotal:        4016004 kB
MemFree:          123380 kB
Active:           373440 kB
Mem:          3.8G       3.7G       119M       5.7M        28M       3.2G

MemTotal:        4016004 kB
MemFree:          128476 kB
Active:           375084 kB
Mem:          3.8G       3.7G       124M       5.7M        28M       3.2G

MemTotal:        4016004 kB
MemFree:          118648 kB
Active:           375092 kB
Mem:          3.8G       3.7G       115M       5.7M        28M       3.2G

MemTotal:        4016004 kB
MemFree:          119420 kB
Active:           375104 kB
Mem:          3.8G       3.7G       116M       5.7M        28M       3.2G

MemTotal:        4016004 kB
MemFree:          109048 kB
Active:           375104 kB
Mem:          3.8G       3.7G       105M       5.7M        28M       3.3G

MemTotal:        4016004 kB
MemFree:          110152 kB
Active:           375104 kB
Mem:          3.8G       3.7G       106M       5.7M        28M       3.3G

MemTotal:        4016004 kB
MemFree:          112040 kB
Active:           373152 kB
Mem:          3.8G       3.7G       109M       5.7M        28M       3.3G

MemTotal:        4016004 kB
MemFree:          111540 kB
Active:           373168 kB
Mem:          3.8G       3.7G       108M       5.7M        28M       3.3G

MemTotal:        4016004 kB
MemFree:          111636 kB
Active:           373172 kB
Mem:          3.8G       3.7G       108M       5.7M        28M       3.3G

MemTotal:        4016004 kB
MemFree:          105380 kB
Active:           373176 kB
Mem:          3.8G       3.7G       102M       5.7M        28M       3.3G

MemTotal:        4016004 kB
MemFree:          131992 kB
Active:           373180 kB
Mem:          3.8G       3.7G       128M       5.7M        28M       3.2G

MemTotal:        4016004 kB
MemFree:          126920 kB
Active:           373176 kB
Mem:          3.8G       3.7G       123M       5.7M        28M       3.2G

MemTotal:        4016004 kB
MemFree:          112316 kB
Active:           373184 kB
Mem:          3.8G       3.7G       109M       5.7M        28M       3.3G

MemTotal:        4016004 kB
MemFree:          125672 kB
Active:           373184 kB
Mem:          3.8G       3.7G       122M       5.7M        28M       3.2G

MemTotal:        4016004 kB
MemFree:          126652 kB
Active:           373184 kB
Mem:          3.8G       3.7G       123M       5.7M        28M       3.2G

MemTotal:        4016004 kB
MemFree:          119204 kB
Active:           373184 kB
Mem:          3.8G       3.7G       115M       5.7M        28M       3.2G

MemTotal:        4016004 kB
MemFree:          109420 kB
Active:           373188 kB
Mem:          3.8G       3.7G       106M       5.7M        28M       3.3G

MemTotal:        4016004 kB
MemFree:          135460 kB
Active:           371564 kB
Mem:          3.8G       3.7G       132M       5.7M        28M       3.2G

MemTotal:        4016004 kB
MemFree:          134916 kB
Active:           371580 kB
Mem:          3.8G       3.7G       131M       5.7M        28M       3.2G

MemTotal:        4016004 kB
MemFree:          119316 kB
Active:           371588 kB
Mem:          3.8G       3.7G       116M       5.7M        28M       3.2G

MemTotal:        4016004 kB
MemFree:          109068 kB
Active:           371592 kB
Mem:          3.8G       3.7G       105M       5.7M        28M       3.3G

MemTotal:        4016004 kB
MemFree:          139396 kB
Active:           373616 kB
Mem:          3.8G       3.7G       135M       5.7M        28M       3.2G

MemTotal:        4016004 kB
MemFree:          126864 kB
Active:           373120 kB
Mem:          3.8G       3.7G       123M       5.7M        28M       3.2G

MemTotal:        4016004 kB
MemFree:          135060 kB
Active:           372992 kB
Mem:          3.8G       3.7G       131M       5.7M        28M       3.2G

MemTotal:        4016004 kB
MemFree:          134800 kB
Active:           372996 kB
Mem:          3.8G       3.7G       131M       5.7M        28M       3.2G

MemTotal:        4016004 kB
MemFree:          124436 kB
Active:           373004 kB
Mem:          3.8G       3.7G       121M       5.7M        28M       3.2G

MemTotal:        4016004 kB
MemFree:          122464 kB
Active:           372748 kB
Mem:          3.8G       3.7G       119M       5.7M        28M       3.2G

MemTotal:        4016004 kB
MemFree:          112060 kB
Active:           372748 kB
Mem:          3.8G       3.7G       108M       5.7M        28M       3.2G

MemTotal:        4016004 kB
MemFree:          120272 kB
Active:           372756 kB
Mem:          3.8G       3.7G       116M       5.7M        28M       3.2G

MemTotal:        4016004 kB
MemFree:          115604 kB
Active:           366800 kB
Mem:          3.8G       3.7G       112M       5.7M        28M       3.2G

MemTotal:        4016004 kB
MemFree:          117120 kB
Active:           366800 kB
Mem:          3.8G       3.7G       113M       5.7M        28M       3.2G

MemTotal:        4016004 kB
MemFree:          106468 kB
Active:           366800 kB
Mem:          3.8G       3.7G       103M       5.7M        28M       3.3G

MemTotal:        4016004 kB
MemFree:          132664 kB
Active:           366800 kB
Mem:          3.8G       3.7G       129M       5.7M        28M       3.2G

MemTotal:        4016004 kB
MemFree:          133204 kB
Active:           366808 kB
Mem:          3.8G       3.7G       129M       5.7M        28M       3.2G

MemTotal:        4016004 kB
MemFree:          147368 kB
Active:           366820 kB
Mem:          3.8G       3.7G       143M       5.7M        28M       3.2G

MemTotal:        4016004 kB
MemFree:          124740 kB
Active:           366824 kB
Mem:          3.8G       3.7G       121M       5.7M        28M       3.2G

MemTotal:        4016004 kB
MemFree:          121124 kB
Active:           366828 kB
Mem:          3.8G       3.7G       117M       5.7M        28M       3.2G

MemTotal:        4016004 kB
MemFree:          110428 kB
Active:           366828 kB
Mem:          3.8G       3.7G       107M       5.7M        28M       3.2G

MemTotal:        4016004 kB
MemFree:          140700 kB
Active:           364032 kB
Mem:          3.8G       3.7G       137M       5.7M        28M       3.2G

MemTotal:        4016004 kB
MemFree:          126620 kB
Active:           364040 kB
Mem:          3.8G       3.7G       123M       5.7M        28M       3.2G

MemTotal:        4016004 kB
MemFree:          127820 kB
Active:           364040 kB
Mem:          3.8G       3.7G       124M       5.7M        28M       3.2G

MemTotal:        4016004 kB
MemFree:          134632 kB
Active:           364040 kB
Mem:          3.8G       3.7G       131M       5.7M        28M       3.2G

MemTotal:        4016004 kB
MemFree:          126196 kB
Active:           364040 kB
Mem:          3.8G       3.7G       122M       5.7M        28M       3.2G

MemTotal:        4016004 kB
MemFree:          127712 kB
Active:           364048 kB
Mem:          3.8G       3.7G       123M       5.7M        28M       3.2G

MemTotal:        4016004 kB
MemFree:          135784 kB
Active:           364048 kB
Mem:          3.8G       3.7G       131M       5.7M        28M       3.2G

MemTotal:        4016004 kB
MemFree:          125396 kB
Active:           364052 kB
Mem:          3.8G       3.7G       122M       5.7M        28M       3.2G

MemTotal:        4016004 kB
MemFree:          110360 kB
Active:           364064 kB
Mem:          3.8G       3.7G       107M       5.7M        28M       3.2G

MemTotal:        4016004 kB
MemFree:          135460 kB
Active:           364064 kB
Mem:          3.8G       3.7G       132M       5.7M        28M       3.2G

MemTotal:        4016004 kB
MemFree:          128520 kB
Active:           361660 kB
Mem:          3.8G       3.7G       124M       5.7M        28M       3.2G

MemTotal:        4016004 kB
MemFree:          123288 kB
Active:           361660 kB
Mem:          3.8G       3.7G       120M       5.7M        28M       3.2G

MemTotal:        4016004 kB
MemFree:          122796 kB
Active:           361668 kB
Mem:          3.8G       3.7G       119M       5.7M        28M       3.2G

MemTotal:        4016004 kB
MemFree:          122720 kB
Active:           361696 kB
Mem:          3.8G       3.7G       119M       5.7M        28M       3.2G

MemTotal:        4016004 kB
MemFree:          108236 kB
Active:           361712 kB
Mem:          3.8G       3.7G       105M       5.7M        28M       3.2G

MemTotal:        4016004 kB
MemFree:          127476 kB
Active:           361720 kB
Mem:          3.8G       3.7G       123M       5.7M        28M       3.2G

MemTotal:        4016004 kB
MemFree:          117692 kB
Active:           361720 kB
Mem:          3.8G       3.7G       114M       5.7M        28M       3.2G

MemTotal:        4016004 kB
MemFree:          107304 kB
Active:           361720 kB
Mem:          3.8G       3.7G       104M       5.7M        28M       3.3G

MemTotal:        4016004 kB
MemFree:          108432 kB
Active:           361720 kB
Mem:          3.8G       3.7G       105M       5.7M        28M       3.2G

MemTotal:        4016004 kB
MemFree:          134376 kB
Active:           361720 kB
Mem:          3.8G       3.7G       130M       5.7M        28M       3.2G

MemTotal:        4016004 kB
MemFree:          129800 kB
Active:           361728 kB
Mem:          3.8G       3.7G       126M       5.7M        28M       3.2G

MemTotal:        4016004 kB
MemFree:          113708 kB
Active:           361728 kB
Mem:          3.8G       3.7G       110M       5.7M        28M       3.2G

MemTotal:        4016004 kB
MemFree:          127724 kB
Active:           361728 kB
Mem:          3.8G       3.7G       124M       5.7M        28M       3.2G

MemTotal:        4016004 kB
MemFree:          115824 kB
Active:           362984 kB
Mem:          3.8G       3.7G       112M       5.7M        28M       3.2G

MemTotal:        4016004 kB
MemFree:          108092 kB
Active:           358432 kB
Mem:          3.8G       3.7G       105M       5.7M        28M       3.2G

MemTotal:        4016004 kB
MemFree:          137912 kB
Active:           358456 kB
Mem:          3.8G       3.7G       134M       5.7M        28M       3.2G

MemTotal:        4016004 kB
MemFree:          134336 kB
Active:           358464 kB
Mem:          3.8G       3.7G       130M       5.7M        28M       3.2G

MemTotal:        4016004 kB
MemFree:          136716 kB
Active:           358464 kB
Mem:          3.8G       3.7G       133M       5.7M        28M       3.2G

MemTotal:        4016004 kB
MemFree:          143028 kB
Active:           358468 kB
Mem:          3.8G       3.7G       139M       5.7M        28M       3.2G

MemTotal:        4016004 kB
MemFree:          133480 kB
Active:           358468 kB
Mem:          3.8G       3.7G       129M       5.7M        28M       3.2G

MemTotal:        4016004 kB
MemFree:          125804 kB
Active:           358480 kB
Mem:          3.8G       3.7G       122M       5.7M        28M       3.2G

MemTotal:        4016004 kB
MemFree:          126948 kB
Active:           358480 kB
Mem:          3.8G       3.7G       123M       5.7M        28M       3.2G

MemTotal:        4016004 kB
MemFree:          127084 kB
Active:           358484 kB
Mem:          3.8G       3.7G       123M       5.7M        28M       3.2G

MemTotal:        4016004 kB
MemFree:          105952 kB
Active:           358484 kB
Mem:          3.8G       3.7G       102M       5.7M        28M       3.2G

MemTotal:        4016004 kB
MemFree:          125124 kB
Active:           358484 kB
Mem:          3.8G       3.7G       121M       5.7M        28M       3.2G

MemTotal:        4016004 kB
MemFree:          115908 kB
Active:           358484 kB
Mem:          3.8G       3.7G       112M       5.7M        28M       3.2G

MemTotal:        4016004 kB
MemFree:          106112 kB
Active:           358492 kB
Mem:          3.8G       3.7G       103M       5.7M        28M       3.2G

MemTotal:        4016004 kB
MemFree:          122340 kB
Active:           354180 kB
Mem:          3.8G       3.7G       118M       5.7M        28M       3.2G

MemTotal:        4016004 kB
MemFree:          110628 kB
Active:           354204 kB
Mem:          3.8G       3.7G       107M       5.7M        28M       3.2G

MemTotal:        4016004 kB
MemFree:          125188 kB
Active:           354204 kB
Mem:          3.8G       3.7G       121M       5.7M        28M       3.2G

MemTotal:        4016004 kB
MemFree:          122200 kB
Active:           354204 kB
Mem:          3.8G       3.7G       119M       5.7M        28M       3.2G

MemTotal:        4016004 kB
MemFree:          116720 kB
Active:           354212 kB
Mem:          3.8G       3.7G       113M       5.7M        28M       3.2G

MemTotal:        4016004 kB
MemFree:          133364 kB
Active:           354216 kB
Mem:          3.8G       3.7G       129M       5.7M        28M       3.2G

MemTotal:        4016004 kB
MemFree:          120664 kB
Active:           356240 kB
Mem:          3.8G       3.7G       117M       5.7M        28M       3.2G

MemTotal:        4016004 kB
MemFree:          121684 kB
Active:           356240 kB
Mem:          3.8G       3.7G       118M       5.7M        28M       3.2G

MemTotal:        4016004 kB
MemFree:          111528 kB
Active:           356248 kB
Mem:          3.8G       3.7G       108M       5.7M        28M       3.2G

MemTotal:        4016004 kB
MemFree:          113416 kB
Active:           356248 kB
Mem:          3.8G       3.7G       110M       5.7M        28M       3.2G

MemTotal:        4016004 kB
MemFree:          120364 kB
Active:           356248 kB
Mem:          3.8G       3.7G       117M       5.7M        28M       3.2G

MemTotal:        4016004 kB
MemFree:          111884 kB
Active:           356248 kB
Mem:          3.8G       3.7G       108M       5.7M        28M       3.2G

MemTotal:        4016004 kB
MemFree:          124828 kB
Active:           356260 kB
Mem:          3.8G       3.7G       121M       5.7M        28M       3.2G

MemTotal:        4016004 kB
MemFree:          134036 kB
Active:           356260 kB
Mem:          3.8G       3.7G       130M       5.7M        28M       3.2G

MemTotal:        4016004 kB
MemFree:          133668 kB
Active:           356264 kB
Mem:          3.8G       3.7G       130M       5.7M        28M       3.2G

MemTotal:        4016004 kB
MemFree:          133672 kB
Active:           356264 kB
Mem:          3.8G       3.7G       130M       5.7M        28M       3.2G

MemTotal:        4016004 kB
MemFree:          116636 kB
Active:           356268 kB
Mem:          3.8G       3.7G       124M       5.7M        28M       3.2G

MemTotal:        4016004 kB
MemFree:          120044 kB
Active:           356140 kB
Mem:          3.8G       3.7G       117M       5.7M        28M       3.2G

MemTotal:        4016004 kB
MemFree:          124224 kB
Active:           356148 kB
Mem:          3.8G       3.7G       121M       5.7M        28M       3.2G

MemTotal:        4016004 kB
MemFree:          126672 kB
Active:           356152 kB
Mem:          3.8G       3.7G       123M       5.7M        28M       3.2G

MemTotal:        4016004 kB
MemFree:          127880 kB
Active:           355728 kB
Mem:          3.8G       3.7G       124M       5.7M        28M       3.2G

MemTotal:        4016004 kB
MemFree:          117904 kB
Active:           355728 kB
Mem:          3.8G       3.7G       114M       5.7M        28M       3.2G

MemTotal:        4016004 kB
MemFree:          107144 kB
Active:           355728 kB
Mem:          3.8G       3.7G       103M       5.7M        28M       3.2G

MemTotal:        4016004 kB
MemFree:          117164 kB
Active:           355736 kB
Mem:          3.8G       3.7G       113M       5.7M        28M       3.2G

MemTotal:        4016004 kB
MemFree:          112468 kB
Active:           355740 kB
Mem:          3.8G       3.7G       110M       5.7M        28M       3.2G

MemTotal:        4016004 kB
MemFree:          108320 kB
Active:           355756 kB
Mem:          3.8G       3.7G       104M       5.7M        28M       3.2G

MemTotal:        4016004 kB
MemFree:          126720 kB
Active:           355756 kB
Mem:          3.8G       3.7G       123M       5.7M        28M       3.2G

MemTotal:        4016004 kB
MemFree:          106560 kB
Active:           355756 kB
Mem:          3.8G       3.7G       103M       5.7M        28M       3.2G

MemTotal:        4016004 kB
MemFree:          119952 kB
Active:           355776 kB
Mem:          3.8G       3.7G       117M       5.7M        28M       3.2G

MemTotal:        4016004 kB
MemFree:          116156 kB
Active:           355780 kB
Mem:          3.8G       3.7G       113M       5.7M        28M       3.2G

MemTotal:        4016004 kB
MemFree:          106992 kB
Active:           355784 kB
Mem:          3.8G       3.7G       103M       5.7M        28M       3.2G

MemTotal:        4016004 kB
MemFree:          127068 kB
Active:           355480 kB
Mem:          3.8G       3.7G       123M       5.7M        28M       3.2G

MemTotal:        4016004 kB
MemFree:          126760 kB
Active:           355480 kB
Mem:          3.8G       3.7G       124M       5.7M        28M       3.2G

MemTotal:        4016004 kB
MemFree:          126636 kB
Active:           355484 kB
Mem:          3.8G       3.7G       123M       5.7M        28M       3.2G

MemTotal:        4016004 kB
MemFree:          126636 kB
Active:           355492 kB
Mem:          3.8G       3.7G       123M       5.7M        28M       3.2G

MemTotal:        4016004 kB
MemFree:          126636 kB
Active:           355496 kB
Mem:          3.8G       3.7G       123M       5.7M        28M       3.2G

MemTotal:        4016004 kB
MemFree:          126636 kB
Active:           355496 kB
Mem:          3.8G       3.7G       123M       5.7M        28M       3.2G

MemTotal:        4016004 kB
MemFree:          126636 kB
Active:           355496 kB
Mem:          3.8G       3.7G       123M       5.7M        28M       3.2G

MemTotal:        4016004 kB
MemFree:          126760 kB
Active:           355496 kB
Mem:          3.8G       3.7G       123M       5.7M        28M       3.2G

MemTotal:        4016004 kB
MemFree:          126760 kB
Active:           355496 kB
Mem:          3.8G       3.7G       123M       5.7M        28M       3.2G

MemTotal:        4016004 kB
MemFree:          126760 kB
Active:           355504 kB
Mem:          3.8G       3.7G       123M       5.7M        28M       3.2G

MemTotal:        4016004 kB
MemFree:          126760 kB
Active:           355504 kB
Mem:          3.8G       3.7G       123M       5.7M        28M       3.2G

MemTotal:        4016004 kB
MemFree:          126636 kB
Active:           355504 kB
Mem:          3.8G       3.7G       123M       5.7M        28M       3.2G

MemTotal:        4016004 kB
MemFree:          126636 kB
Active:           355504 kB
Mem:          3.8G       3.7G       123M       5.7M        28M       3.2G

MemTotal:        4016004 kB
MemFree:          126636 kB
Active:           355504 kB
Mem:          3.8G       3.7G       123M       5.7M        28M       3.2G

MemTotal:        4016004 kB
MemFree:          126636 kB
Active:           355508 kB
Mem:          3.8G       3.7G       123M       5.7M        28M       3.2G

MemTotal:        4016004 kB
MemFree:          124588 kB
Active:           355512 kB
Mem:          3.8G       3.7G       121M       5.7M        28M       3.2G

MemTotal:        4016004 kB
MemFree:          124712 kB
Active:           357560 kB
Mem:          3.8G       3.7G       121M       5.7M        28M       3.2G

MemTotal:        4016004 kB
MemFree:          124712 kB
Active:           357560 kB
Mem:          3.8G       3.7G       121M       5.7M        28M       3.2G

MemTotal:        4016004 kB
MemFree:          124588 kB
Active:           357560 kB
Mem:          3.8G       3.7G       121M       5.7M        28M       3.2G

MemTotal:        4016004 kB
MemFree:          124588 kB
Active:           357560 kB
Mem:          3.8G       3.7G       121M       5.7M        28M       3.2G

MemTotal:        4016004 kB
MemFree:          124588 kB
Active:           357568 kB
Mem:          3.8G       3.7G       121M       5.7M        28M       3.2G

MemTotal:        4016004 kB
MemFree:          124588 kB
Active:           357568 kB
Mem:          3.8G       3.7G       121M       5.7M        28M       3.2G

MemTotal:        4016004 kB
MemFree:          124588 kB
Active:           357568 kB
Mem:          3.8G       3.7G       121M       5.7M        28M       3.2G

MemTotal:        4016004 kB
MemFree:          124712 kB
Active:           357568 kB
Mem:          3.8G       3.7G       121M       5.7M        28M       3.2G

MemTotal:        4016004 kB
MemFree:          124588 kB
Active:           357568 kB
Mem:          3.8G       3.7G       121M       5.7M        28M       3.2G

MemTotal:        4016004 kB
MemFree:          124588 kB
Active:           357568 kB
Mem:          3.8G       3.7G       121M       5.7M        28M       3.2G

MemTotal:        4016004 kB
MemFree:          124712 kB
Active:           357568 kB
Mem:          3.8G       3.7G       121M       5.7M        28M       3.2G

MemTotal:        4016004 kB
MemFree:          124712 kB
Active:           357568 kB
Mem:          3.8G       3.7G       121M       5.7M        28M       3.2G

MemTotal:        4016004 kB
MemFree:          124288 kB
Active:           357584 kB
Mem:          3.8G       3.7G       121M       5.7M        28M       3.2G

MemTotal:        4016004 kB
MemFree:          124416 kB
Active:           357608 kB
Mem:          3.8G       3.7G       121M       5.7M        28M       3.2G

MemTotal:        4016004 kB
MemFree:          124416 kB
Active:           357612 kB
Mem:          3.8G       3.7G       121M       5.7M        28M       3.2G

MemTotal:        4016004 kB
MemFree:          123920 kB
Active:           357612 kB
Mem:          3.8G       3.7G       121M       5.7M        28M       3.2G

MemTotal:        4016004 kB
MemFree:          124168 kB
Active:           357612 kB
Mem:          3.8G       3.7G       121M       5.7M        28M       3.2G

MemTotal:        4016004 kB
MemFree:          124168 kB
Active:           357612 kB
Mem:          3.8G       3.7G       121M       5.7M        28M       3.2G

MemTotal:        4016004 kB
MemFree:          124044 kB
Active:           357612 kB
Mem:          3.8G       3.7G       121M       5.7M        28M       3.2G

MemTotal:        4016004 kB
MemFree:          124044 kB
Active:           357620 kB
Mem:          3.8G       3.7G       121M       5.7M        28M       3.2G

MemTotal:        4016004 kB
MemFree:          124044 kB
Active:           357620 kB
Mem:          3.8G       3.7G       121M       5.7M        28M       3.2G

MemTotal:        4016004 kB
MemFree:          124044 kB
Active:           357620 kB
Mem:          3.8G       3.7G       121M       5.7M        28M       3.2G

MemTotal:        4016004 kB
MemFree:          124044 kB
Active:           357620 kB
Mem:          3.8G       3.7G       121M       5.7M        28M       3.2G

MemTotal:        4016004 kB
MemFree:          124044 kB
Active:           357620 kB
Mem:          3.8G       3.7G       121M       5.7M        28M       3.2G

MemTotal:        4016004 kB
MemFree:          124168 kB
Active:           357620 kB
Mem:          3.8G       3.7G       121M       5.7M        29M       3.2G

MemTotal:        4016004 kB
MemFree:          124044 kB
Active:           357632 kB
Mem:          3.8G       3.7G       121M       5.7M        29M       3.2G

MemTotal:        4016004 kB
MemFree:          124292 kB
Active:           357632 kB
Mem:          3.8G       3.7G       121M       5.7M        29M       3.2G

MemTotal:        4016004 kB
MemFree:          124044 kB
Active:           357636 kB
Mem:          3.8G       3.7G       121M       5.7M        29M       3.2G

MemTotal:        4016004 kB
MemFree:          124044 kB
Active:           357636 kB
Mem:          3.8G       3.7G       121M       5.7M        29M       3.2G

MemTotal:        4016004 kB
MemFree:          124044 kB
Active:           357636 kB
Mem:          3.8G       3.7G       121M       5.7M        29M       3.2G

MemTotal:        4016004 kB
MemFree:          124044 kB
Active:           357636 kB
Mem:          3.8G       3.7G       121M       5.7M        29M       3.2G

MemTotal:        4016004 kB
MemFree:          124044 kB
Active:           357636 kB
Mem:          3.8G       3.7G       121M       5.7M        29M       3.2G

MemTotal:        4016004 kB
MemFree:          124044 kB
Active:           357640 kB
Mem:          3.8G       3.7G       120M       5.7M        29M       3.2G

MemTotal:        4016004 kB
MemFree:          124028 kB
Active:           357648 kB
Mem:          3.8G       3.7G       120M       5.7M        29M       3.2G

MemTotal:        4016004 kB
MemFree:          124028 kB
Active:           357652 kB
Mem:          3.8G       3.7G       121M       5.7M        29M       3.2G

MemTotal:        4016004 kB
MemFree:          124028 kB
Active:           357652 kB
Mem:          3.8G       3.7G       121M       5.7M        29M       3.2G

MemTotal:        4016004 kB
MemFree:          124028 kB
Active:           357652 kB
Mem:          3.8G       3.7G       121M       5.7M        29M       3.2G

MemTotal:        4016004 kB
MemFree:          124028 kB
Active:           357656 kB
Mem:          3.8G       3.7G       121M       5.7M        29M       3.2G

MemTotal:        4016004 kB
MemFree:          124028 kB
Active:           357656 kB
Mem:          3.8G       3.7G       121M       5.7M        29M       3.2G

MemTotal:        4016004 kB
MemFree:          123904 kB
Active:           357660 kB
Mem:          3.8G       3.7G       121M       5.7M        29M       3.2G

MemTotal:        4016004 kB
MemFree:          123904 kB
Active:           357664 kB
Mem:          3.8G       3.7G       120M       5.7M        29M       3.2G

MemTotal:        4016004 kB
MemFree:          124028 kB
Active:           357676 kB
Mem:          3.8G       3.7G       120M       5.7M        29M       3.2G

MemTotal:        4016004 kB
MemFree:          123904 kB
Active:           357676 kB
Mem:          3.8G       3.7G       120M       5.7M        29M       3.2G

MemTotal:        4016004 kB
MemFree:          124028 kB
Active:           357676 kB
Mem:          3.8G       3.7G       121M       5.7M        29M       3.2G

MemTotal:        4016004 kB
MemFree:          123904 kB
Active:           357676 kB
Mem:          3.8G       3.7G       121M       5.7M        29M       3.2G

MemTotal:        4016004 kB
MemFree:          123904 kB
Active:           357680 kB
Mem:          3.8G       3.7G       121M       5.7M        29M       3.2G

MemTotal:        4016004 kB
MemFree:          124028 kB
Active:           357680 kB
Mem:          3.8G       3.7G       121M       5.7M        29M       3.2G

MemTotal:        4016004 kB
MemFree:          123904 kB
Active:           357688 kB
Mem:          3.8G       3.7G       121M       5.7M        29M       3.2G

MemTotal:        4016004 kB
MemFree:          124028 kB
Active:           357688 kB
Mem:          3.8G       3.7G       120M       5.7M        29M       3.2G

MemTotal:        4016004 kB
MemFree:          124028 kB
Active:           357696 kB
Mem:          3.8G       3.7G       120M       5.7M        29M       3.2G

MemTotal:        4016004 kB
MemFree:          123904 kB
Active:           357696 kB
Mem:          3.8G       3.7G       121M       5.7M        29M       3.2G

MemTotal:        4016004 kB
MemFree:          123904 kB
Active:           357696 kB
Mem:          3.8G       3.7G       121M       5.7M        29M       3.2G

MemTotal:        4016004 kB
MemFree:          123904 kB
Active:           357696 kB
Mem:          3.8G       3.7G       121M       5.7M        29M       3.2G

MemTotal:        4016004 kB
MemFree:          123904 kB
Active:           357704 kB
Mem:          3.8G       3.7G       121M       5.7M        29M       3.2G

MemTotal:        4016004 kB
MemFree:          123904 kB
Active:           357704 kB
Mem:          3.8G       3.7G       121M       5.7M        29M       3.2G

MemTotal:        4016004 kB
MemFree:          123904 kB
Active:           357708 kB
Mem:          3.8G       3.7G       121M       5.7M        29M       3.2G

MemTotal:        4016004 kB
MemFree:          123904 kB
Active:           357708 kB
Mem:          3.8G       3.7G       121M       5.7M        29M       3.2G

MemTotal:        4016004 kB
MemFree:          124028 kB
Active:           357708 kB
Mem:          3.8G       3.7G       121M       5.7M        29M       3.2G

MemTotal:        4016004 kB
MemFree:          124028 kB
Active:           357708 kB
Mem:          3.8G       3.7G       120M       5.7M        29M       3.2G

MemTotal:        4016004 kB
MemFree:          124028 kB
Active:           357708 kB
Mem:          3.8G       3.7G       120M       5.7M        29M       3.2G

MemTotal:        4016004 kB
MemFree:          123904 kB
Active:           357708 kB
Mem:          3.8G       3.7G       121M       5.7M        29M       3.2G

MemTotal:        4016004 kB
MemFree:          123656 kB
Active:           357800 kB
Mem:          3.8G       3.7G       120M       5.7M        29M       3.2G

MemTotal:        4016004 kB
MemFree:          123532 kB
Active:           357808 kB
Mem:          3.8G       3.7G       120M       5.7M        29M       3.2G

MemTotal:        4016004 kB
MemFree:          123656 kB
Active:           357808 kB
Mem:          3.8G       3.7G       120M       5.7M        29M       3.2G

MemTotal:        4016004 kB
MemFree:          123764 kB
Active:           357832 kB
Mem:          3.8G       3.7G       120M       5.7M        29M       3.2G

MemTotal:        4016004 kB
MemFree:          123640 kB
Active:           357832 kB
Mem:          3.8G       3.7G       120M       5.7M        29M       3.2G

MemTotal:        4016004 kB
MemFree:          123640 kB
Active:           357832 kB
Mem:          3.8G       3.7G       120M       5.7M        29M       3.2G

MemTotal:        4016004 kB
MemFree:          123640 kB
Active:           357840 kB
Mem:          3.8G       3.7G       120M       5.7M        29M       3.2G

MemTotal:        4016004 kB
MemFree:          123640 kB
Active:           357840 kB
Mem:          3.8G       3.7G       120M       5.7M        29M       3.2G

MemTotal:        4016004 kB
MemFree:          123640 kB
Active:           357844 kB
Mem:          3.8G       3.7G       120M       5.7M        29M       3.2G

MemTotal:        4016004 kB
MemFree:          123640 kB
Active:           357844 kB
Mem:          3.8G       3.7G       120M       5.7M        29M       3.2G

MemTotal:        4016004 kB
MemFree:          123516 kB
Active:           357844 kB
Mem:          3.8G       3.7G       120M       5.7M        29M       3.2G

MemTotal:        4016004 kB
MemFree:          123640 kB
Active:           357844 kB
Mem:          3.8G       3.7G       120M       5.7M        29M       3.2G

MemTotal:        4016004 kB
MemFree:          123764 kB
Active:           357856 kB
Mem:          3.8G       3.7G       120M       5.7M        29M       3.2G

MemTotal:        4016004 kB
MemFree:          123764 kB
Active:           357856 kB
Mem:          3.8G       3.7G       120M       5.7M        29M       3.2G

MemTotal:        4016004 kB
MemFree:          123640 kB
Active:           357856 kB
Mem:          3.8G       3.7G       120M       5.7M        29M       3.2G

MemTotal:        4016004 kB
MemFree:          123516 kB
Active:           357856 kB
Mem:          3.8G       3.7G       120M       5.7M        29M       3.2G

MemTotal:        4016004 kB
MemFree:          123516 kB
Active:           357856 kB
Mem:          3.8G       3.7G       120M       5.7M        29M       3.2G

MemTotal:        4016004 kB
MemFree:          123392 kB
Active:           357856 kB
Mem:          3.8G       3.7G       120M       5.7M        29M       3.2G

MemTotal:        4016004 kB
MemFree:          123640 kB
Active:           357864 kB
Mem:          3.8G       3.7G       120M       5.7M        29M       3.2G

MemTotal:        4016004 kB
MemFree:          123532 kB
Active:           357856 kB
Mem:          3.8G       3.7G       120M       5.7M        29M       3.2G

MemTotal:        4016004 kB
MemFree:          123532 kB
Active:           357860 kB
Mem:          3.8G       3.7G       120M       5.7M        29M       3.2G

MemTotal:        4016004 kB
MemFree:          123656 kB
Active:           357864 kB
Mem:          3.8G       3.7G       120M       5.7M        29M       3.2G

MemTotal:        4016004 kB
MemFree:          123656 kB
Active:           357864 kB
Mem:          3.8G       3.7G       120M       5.7M        29M       3.2G

MemTotal:        4016004 kB
MemFree:          123532 kB
Active:           357868 kB
Mem:          3.8G       3.7G       120M       5.7M        29M       3.2G

MemTotal:        4016004 kB
MemFree:          123532 kB
Active:           357876 kB
Mem:          3.8G       3.7G       120M       5.7M        29M       3.2G

MemTotal:        4016004 kB
MemFree:          123408 kB
Active:           357876 kB
Mem:          3.8G       3.7G       120M       5.7M        29M       3.2G

MemTotal:        4016004 kB
MemFree:          123656 kB
Active:           357876 kB
Mem:          3.8G       3.7G       120M       5.7M        29M       3.2G

MemTotal:        4016004 kB
MemFree:          123532 kB
Active:           357876 kB
Mem:          3.8G       3.7G       120M       5.7M        29M       3.2G

MemTotal:        4016004 kB
MemFree:          123656 kB
Active:           357880 kB
Mem:          3.8G       3.7G       120M       5.7M        29M       3.2G

MemTotal:        4016004 kB
MemFree:          123656 kB
Active:           357884 kB
Mem:          3.8G       3.7G       120M       5.7M        29M       3.2G

MemTotal:        4016004 kB
MemFree:          123656 kB
Active:           357884 kB
Mem:          3.8G       3.7G       120M       5.7M        29M       3.2G

MemTotal:        4016004 kB
MemFree:          123532 kB
Active:           357892 kB
Mem:          3.8G       3.7G       120M       5.7M        29M       3.2G

MemTotal:        4016004 kB
MemFree:          123532 kB
Active:           357892 kB
Mem:          3.8G       3.7G       120M       5.7M        29M       3.2G

MemTotal:        4016004 kB
MemFree:          123532 kB
Active:           357896 kB
Mem:          3.8G       3.7G       120M       5.7M        29M       3.2G

MemTotal:        4016004 kB
MemFree:          123532 kB
Active:           357896 kB
Mem:          3.8G       3.7G       120M       5.7M        29M       3.2G

MemTotal:        4016004 kB
MemFree:          123532 kB
Active:           357900 kB
Mem:          3.8G       3.7G       120M       5.7M        29M       3.2G

MemTotal:        4016004 kB
MemFree:          123656 kB
Active:           357900 kB
Mem:          3.8G       3.7G       120M       5.7M        29M       3.2G

MemTotal:        4016004 kB
MemFree:          123656 kB
Active:           357900 kB
Mem:          3.8G       3.7G       120M       5.7M        29M       3.2G

MemTotal:        4016004 kB
MemFree:          123656 kB
Active:           357900 kB
Mem:          3.8G       3.7G       120M       5.7M        29M       3.2G

MemTotal:        4016004 kB
MemFree:          123532 kB
Active:           357900 kB
Mem:          3.8G       3.7G       120M       5.7M        29M       3.2G

MemTotal:        4016004 kB
MemFree:          123532 kB
Active:           357912 kB
Mem:          3.8G       3.7G       120M       5.7M        29M       3.2G

MemTotal:        4016004 kB
MemFree:          123532 kB
Active:           357912 kB
Mem:          3.8G       3.7G       120M       5.7M        29M       3.2G

MemTotal:        4016004 kB
MemFree:          123408 kB
Active:           357916 kB
Mem:          3.8G       3.7G       120M       5.7M        29M       3.2G

MemTotal:        4016004 kB
MemFree:          123408 kB
Active:           357916 kB
Mem:          3.8G       3.7G       120M       5.7M        29M       3.2G

MemTotal:        4016004 kB
MemFree:          123532 kB
Active:           357916 kB
Mem:          3.8G       3.7G       120M       5.7M        29M       3.2G

MemTotal:        4016004 kB
MemFree:          123408 kB
Active:           357916 kB
Mem:          3.8G       3.7G       120M       5.7M        29M       3.2G

MemTotal:        4016004 kB
MemFree:          123408 kB
Active:           357924 kB
Mem:          3.8G       3.7G       120M       5.7M        29M       3.2G

MemTotal:        4016004 kB
MemFree:          123532 kB
Active:           357924 kB
Mem:          3.8G       3.7G       120M       5.7M        29M       3.2G

MemTotal:        4016004 kB
MemFree:          123408 kB
Active:           357924 kB
Mem:          3.8G       3.7G       120M       5.7M        29M       3.2G

MemTotal:        4016004 kB
MemFree:          123408 kB
Active:           357928 kB
Mem:          3.8G       3.7G       120M       5.7M        29M       3.2G

MemTotal:        4016004 kB
MemFree:          123284 kB
Active:           357928 kB
Mem:          3.8G       3.7G       120M       5.7M        29M       3.2G

MemTotal:        4016004 kB
MemFree:          123408 kB
Active:           357928 kB
Mem:          3.8G       3.7G       120M       5.7M        29M       3.2G

MemTotal:        4016004 kB
MemFree:          123532 kB
Active:           357936 kB
Mem:          3.8G       3.7G       120M       5.7M        29M       3.2G

MemTotal:        4016004 kB
MemFree:          123532 kB
Active:           357936 kB
Mem:          3.8G       3.7G       120M       5.7M        29M       3.2G

MemTotal:        4016004 kB
MemFree:          123532 kB
Active:           357936 kB
Mem:          3.8G       3.7G       120M       5.7M        29M       3.2G

MemTotal:        4016004 kB
MemFree:          123408 kB
Active:           357936 kB
Mem:          3.8G       3.7G       120M       5.7M        29M       3.2G

MemTotal:        4016004 kB
MemFree:          123408 kB
Active:           357936 kB
Mem:          3.8G       3.7G       120M       5.7M        29M       3.2G

MemTotal:        4016004 kB
MemFree:          123408 kB
Active:           357936 kB
Mem:          3.8G       3.7G       120M       5.7M        29M       3.2G

MemTotal:        4016004 kB
MemFree:          123408 kB
Active:           357936 kB
Mem:          3.8G       3.7G       120M       5.7M        29M       3.2G

MemTotal:        4016004 kB
MemFree:          123408 kB
Active:           357936 kB
Mem:          3.8G       3.7G       120M       5.7M        29M       3.2G

MemTotal:        4016004 kB
MemFree:          123532 kB
Active:           357944 kB
Mem:          3.8G       3.7G       120M       5.7M        29M       3.2G

MemTotal:        4016004 kB
MemFree:          123532 kB
Active:           357948 kB
Mem:          3.8G       3.7G       120M       5.7M        29M       3.2G

MemTotal:        4016004 kB
MemFree:          123532 kB
Active:           357948 kB
Mem:          3.8G       3.7G       120M       5.7M        29M       3.2G

MemTotal:        4016004 kB
MemFree:          123408 kB
Active:           357952 kB
Mem:          3.8G       3.7G       120M       5.7M        29M       3.2G

MemTotal:        4016004 kB
MemFree:          123408 kB
Active:           357952 kB
Mem:          3.8G       3.7G       120M       5.7M        29M       3.2G

MemTotal:        4016004 kB
MemFree:          123408 kB
Active:           357952 kB
Mem:          3.8G       3.7G       120M       5.7M        29M       3.2G

MemTotal:        4016004 kB
MemFree:          123284 kB
Active:           357952 kB
Mem:          3.8G       3.7G       120M       5.7M        29M       3.2G

MemTotal:        4016004 kB
MemFree:          123532 kB
Active:           357952 kB
Mem:          3.8G       3.7G       120M       5.7M        29M       3.2G

MemTotal:        4016004 kB
MemFree:          123408 kB
Active:           357960 kB
Mem:          3.8G       3.7G       120M       5.7M        29M       3.2G

MemTotal:        4016004 kB
MemFree:          123408 kB
Active:           357960 kB
Mem:          3.8G       3.7G       120M       5.7M        29M       3.2G

MemTotal:        4016004 kB
MemFree:          123408 kB
Active:           357968 kB
Mem:          3.8G       3.7G       120M       5.7M        29M       3.2G

MemTotal:        4016004 kB
MemFree:          123284 kB
Active:           357968 kB
Mem:          3.8G       3.7G       120M       5.7M        29M       3.2G

MemTotal:        4016004 kB
MemFree:          123408 kB
Active:           357968 kB
Mem:          3.8G       3.7G       120M       5.7M        29M       3.2G

MemTotal:        4016004 kB
MemFree:          123408 kB
Active:           357968 kB
Mem:          3.8G       3.7G       120M       5.7M        29M       3.2G

MemTotal:        4016004 kB
MemFree:          123408 kB
Active:           357972 kB
Mem:          3.8G       3.7G       120M       5.7M        29M       3.2G

MemTotal:        4016004 kB
MemFree:          123408 kB
Active:           357980 kB
Mem:          3.8G       3.7G       120M       5.7M        29M       3.2G

MemTotal:        4016004 kB
MemFree:          123160 kB
Active:           357980 kB
Mem:          3.8G       3.7G       120M       5.7M        29M       3.2G

MemTotal:        4016004 kB
MemFree:          123284 kB
Active:           357984 kB
Mem:          3.8G       3.7G       120M       5.7M        29M       3.2G

MemTotal:        4016004 kB
MemFree:          123284 kB
Active:           357984 kB
Mem:          3.8G       3.7G       120M       5.7M        29M       3.2G

MemTotal:        4016004 kB
MemFree:          123284 kB
Active:           357984 kB
Mem:          3.8G       3.7G       120M       5.7M        29M       3.2G

MemTotal:        4016004 kB
MemFree:          123284 kB
Active:           357984 kB
Mem:          3.8G       3.7G       120M       5.7M        29M       3.2G

MemTotal:        4016004 kB
MemFree:          123160 kB
Active:           357984 kB
Mem:          3.8G       3.7G       120M       5.7M        29M       3.2G

MemTotal:        4016004 kB
MemFree:          123284 kB
Active:           357992 kB
Mem:          3.8G       3.7G       120M       5.7M        29M       3.2G

MemTotal:        4016004 kB
MemFree:          123284 kB
Active:           357992 kB
Mem:          3.8G       3.7G       120M       5.7M        29M       3.2G

MemTotal:        4016004 kB
MemFree:          123408 kB
Active:           357992 kB
Mem:          3.8G       3.7G       120M       5.7M        29M       3.2G

MemTotal:        4016004 kB
MemFree:          123408 kB
Active:           357992 kB
Mem:          3.8G       3.7G       120M       5.7M        29M       3.2G

MemTotal:        4016004 kB
MemFree:          123160 kB
Active:           357992 kB
Mem:          3.8G       3.7G       120M       5.7M        29M       3.2G

MemTotal:        4016004 kB
MemFree:          123160 kB
Active:           357992 kB
Mem:          3.8G       3.7G       120M       5.7M        29M       3.2G

MemTotal:        4016004 kB
MemFree:          123160 kB
Active:           358004 kB
Mem:          3.8G       3.7G       120M       5.7M        29M       3.2G

MemTotal:        4016004 kB
MemFree:          123160 kB
Active:           358004 kB
Mem:          3.8G       3.7G       120M       5.7M        29M       3.2G

MemTotal:        4016004 kB
MemFree:          123160 kB
Active:           358004 kB
Mem:          3.8G       3.7G       120M       5.7M        29M       3.2G

MemTotal:        4016004 kB
MemFree:          123160 kB
Active:           358012 kB
Mem:          3.8G       3.7G       120M       5.7M        29M       3.2G

MemTotal:        4016004 kB
MemFree:          123284 kB
Active:           358016 kB
Mem:          3.8G       3.7G       120M       5.7M        29M       3.2G

MemTotal:        4016004 kB
MemFree:          123284 kB
Active:           358016 kB
Mem:          3.8G       3.7G       120M       5.7M        29M       3.2G

MemTotal:        4016004 kB
MemFree:          123408 kB
Active:           358016 kB
Mem:          3.8G       3.7G       120M       5.7M        29M       3.2G

MemTotal:        4016004 kB
MemFree:          123284 kB
Active:           358016 kB
Mem:          3.8G       3.7G       120M       5.7M        29M       3.2G

MemTotal:        4016004 kB
MemFree:          123036 kB
Active:           358024 kB
Mem:          3.8G       3.7G       120M       5.7M        29M       3.2G

MemTotal:        4016004 kB
MemFree:          123408 kB
Active:           358024 kB
Mem:          3.8G       3.7G       120M       5.7M        29M       3.2G

MemTotal:        4016004 kB
MemFree:          123284 kB
Active:           358024 kB
Mem:          3.8G       3.7G       120M       5.7M        29M       3.2G

MemTotal:        4016004 kB
MemFree:          123160 kB
Active:           358028 kB
Mem:          3.8G       3.7G       120M       5.7M        29M       3.2G

MemTotal:        4016004 kB
MemFree:          123160 kB
Active:           358028 kB
Mem:          3.8G       3.7G       120M       5.7M        29M       3.2G

MemTotal:        4016004 kB
MemFree:          123160 kB
Active:           358028 kB
Mem:          3.8G       3.7G       120M       5.7M        29M       3.2G

MemTotal:        4016004 kB
MemFree:          123284 kB
Active:           358028 kB
Mem:          3.8G       3.7G       120M       5.7M        29M       3.2G

MemTotal:        4016004 kB
MemFree:          123284 kB
Active:           358028 kB
Mem:          3.8G       3.7G       120M       5.7M        29M       3.2G

MemTotal:        4016004 kB
MemFree:          123532 kB
Active:           358040 kB
Mem:          3.8G       3.7G       120M       5.7M        29M       3.2G

MemTotal:        4016004 kB
MemFree:          123408 kB
Active:           358040 kB
Mem:          3.8G       3.7G       120M       5.7M        29M       3.2G

MemTotal:        4016004 kB
MemFree:          123284 kB
Active:           358040 kB
Mem:          3.8G       3.7G       120M       5.7M        29M       3.2G

MemTotal:        4016004 kB
MemFree:          123284 kB
Active:           358040 kB
Mem:          3.8G       3.7G       120M       5.7M        29M       3.2G

MemTotal:        4016004 kB
MemFree:          123284 kB
Active:           358040 kB
Mem:          3.8G       3.7G       120M       5.7M        29M       3.2G

MemTotal:        4016004 kB
MemFree:          123408 kB
Active:           358016 kB
Mem:          3.8G       3.7G       120M       5.7M        29M       3.2G

MemTotal:        4016004 kB
MemFree:          123408 kB
Active:           358004 kB
Mem:          3.8G       3.7G       120M       5.7M        29M       3.2G

MemTotal:        4016004 kB
MemFree:          123408 kB
Active:           358040 kB
Mem:          3.8G       3.7G       120M       5.7M        29M       3.2G

MemTotal:        4016004 kB
MemFree:          123568 kB
Active:           358036 kB
Mem:          3.8G       3.7G       120M       5.7M        29M       3.2G

MemTotal:        4016004 kB
MemFree:          123568 kB
Active:           358024 kB
Mem:          3.8G       3.7G       120M       5.7M        29M       3.2G

MemTotal:        4016004 kB
MemFree:          123568 kB
Active:           357992 kB
Mem:          3.8G       3.7G       120M       5.7M        29M       3.2G

MemTotal:        4016004 kB
MemFree:          123568 kB
Active:           358024 kB
Mem:          3.8G       3.7G       120M       5.7M        29M       3.2G

MemTotal:        4016004 kB
MemFree:          123568 kB
Active:           358016 kB
Mem:          3.8G       3.7G       120M       5.7M        29M       3.2G

MemTotal:        4016004 kB
MemFree:          123568 kB
Active:           358056 kB
Mem:          3.8G       3.7G       120M       5.7M        29M       3.2G

MemTotal:        4016004 kB
MemFree:          123568 kB
Active:           358016 kB
Mem:          3.8G       3.7G       120M       5.7M        29M       3.2G

MemTotal:        4016004 kB
MemFree:          123568 kB
Active:           358008 kB
Mem:          3.8G       3.7G       120M       5.7M        29M       3.2G

MemTotal:        4016004 kB
MemFree:          123444 kB
Active:           358032 kB
Mem:          3.8G       3.7G       120M       5.7M        29M       3.2G

MemTotal:        4016004 kB
MemFree:          123740 kB
Active:           358024 kB
Mem:          3.8G       3.7G       121M       5.7M        29M       3.2G

MemTotal:        4016004 kB
MemFree:          123928 kB
Active:           357780 kB
Mem:          3.8G       3.7G       121M       5.7M        29M       3.2G

MemTotal:        4016004 kB
MemFree:          124176 kB
Active:           357820 kB
Mem:          3.8G       3.7G       121M       5.7M        29M       3.2G

MemTotal:        4016004 kB
MemFree:          123432 kB
Active:           357832 kB
Mem:          3.8G       3.7G       120M       5.7M        29M       3.2G

MemTotal:        4016004 kB
MemFree:          123804 kB
Active:           357828 kB
Mem:          3.8G       3.7G       120M       5.7M        29M       3.2G

MemTotal:        4016004 kB
MemFree:          123928 kB
Active:           357804 kB
Mem:          3.8G       3.7G       121M       5.7M        29M       3.2G

MemTotal:        4016004 kB
MemFree:          123432 kB
Active:           357836 kB
Mem:          3.8G       3.7G       120M       5.7M        29M       3.2G

MemTotal:        4016004 kB
MemFree:          123928 kB
Active:           357824 kB
Mem:          3.8G       3.7G       121M       5.7M        29M       3.2G

MemTotal:        4016004 kB
MemFree:          123928 kB
Active:           357804 kB
Mem:          3.8G       3.7G       121M       5.7M        29M       3.2G

MemTotal:        4016004 kB
MemFree:          123556 kB
Active:           357852 kB
Mem:          3.8G       3.7G       120M       5.7M        29M       3.2G

MemTotal:        4016004 kB
MemFree:          123804 kB
Active:           357824 kB
Mem:          3.8G       3.7G       120M       5.7M        29M       3.2G

MemTotal:        4016004 kB
MemFree:          123804 kB
Active:           357844 kB
Mem:          3.8G       3.7G       120M       5.7M        29M       3.2G

MemTotal:        4016004 kB
MemFree:          123928 kB
Active:           357800 kB
Mem:          3.8G       3.7G       120M       5.7M        29M       3.2G

MemTotal:        4016004 kB
MemFree:          123588 kB
Active:           357856 kB
Mem:          3.8G       3.7G       120M       5.7M        29M       3.2G

MemTotal:        4016004 kB
MemFree:          123836 kB
Active:           357804 kB
Mem:          3.8G       3.7G       120M       5.7M        29M       3.2G

MemTotal:        4016004 kB
MemFree:          123836 kB
Active:           357848 kB
Mem:          3.8G       3.7G       120M       5.7M        29M       3.2G

MemTotal:        4016004 kB
MemFree:          123836 kB
Active:           357824 kB
Mem:          3.8G       3.7G       120M       5.7M        29M       3.2G

MemTotal:        4016004 kB
MemFree:          123464 kB
Active:           357864 kB
Mem:          3.8G       3.7G       120M       5.7M        29M       3.2G

MemTotal:        4016004 kB
MemFree:          123960 kB
Active:           357816 kB
Mem:          3.8G       3.7G       120M       5.7M        29M       3.2G

MemTotal:        4016004 kB
MemFree:          123712 kB
Active:           357808 kB
Mem:          3.8G       3.7G       120M       5.7M        29M       3.2G

MemTotal:        4016004 kB
MemFree:          123340 kB
Active:           357864 kB
Mem:          3.8G       3.7G       120M       5.7M        29M       3.2G

MemTotal:        4016004 kB
MemFree:          123712 kB
Active:           357844 kB
Mem:          3.8G       3.7G       120M       5.7M        29M       3.2G

MemTotal:        4016004 kB
MemFree:          123720 kB
Active:           357864 kB
Mem:          3.8G       3.7G       120M       5.7M        29M       3.2G

MemTotal:        4016004 kB
MemFree:          123348 kB
Active:           357880 kB
Mem:          3.8G       3.7G       120M       5.7M        29M       3.2G

MemTotal:        4016004 kB
MemFree:          123720 kB
Active:           357836 kB
Mem:          3.8G       3.7G       120M       5.7M        29M       3.2G

MemTotal:        4016004 kB
MemFree:          123720 kB
Active:           357852 kB
Mem:          3.8G       3.7G       120M       5.7M        29M       3.2G

MemTotal:        4016004 kB
MemFree:          123720 kB
Active:           357852 kB
Mem:          3.8G       3.7G       120M       5.7M        29M       3.2G

MemTotal:        4016004 kB
MemFree:          123596 kB
Active:           357876 kB
Mem:          3.8G       3.7G       120M       5.7M        29M       3.2G

MemTotal:        4016004 kB
MemFree:          123844 kB
Active:           357864 kB
Mem:          3.8G       3.7G       120M       5.7M        29M       3.2G

MemTotal:        4016004 kB
MemFree:          123844 kB
Active:           357880 kB
Mem:          3.8G       3.7G       120M       5.7M        29M       3.2G

MemTotal:        4016004 kB
MemFree:          123720 kB
Active:           357828 kB
