MemTotal:        4016004 kB
MemFree:         3202164 kB
Active:           455400 kB
Mem:          3.8G       795M       3.1G       5.7M        62M       327M

MemTotal:        4016004 kB
MemFree:         3202208 kB
Active:           455276 kB
Mem:          3.8G       794M       3.1G       5.7M        62M       327M

MemTotal:        4016004 kB
MemFree:         3202208 kB
Active:           455356 kB
Mem:          3.8G       794M       3.1G       5.7M        62M       327M

MemTotal:        4016004 kB
MemFree:         3202704 kB
Active:           455368 kB
Mem:          3.8G       794M       3.1G       5.7M        62M       327M

MemTotal:        4016004 kB
MemFree:         3202580 kB
Active:           455356 kB
Mem:          3.8G       794M       3.1G       5.7M        62M       327M

MemTotal:        4016004 kB
MemFree:         3203200 kB
Active:           455344 kB
Mem:          3.8G       793M       3.1G       5.7M        62M       327M

MemTotal:        4016004 kB
MemFree:         3202936 kB
Active:           455380 kB
Mem:          3.8G       793M       3.1G       5.7M        62M       327M

MemTotal:        4016004 kB
MemFree:         3202920 kB
Active:           455372 kB
Mem:          3.8G       793M       3.1G       5.7M        62M       327M

MemTotal:        4016004 kB
MemFree:         3202904 kB
Active:           455344 kB
Mem:          3.8G       794M       3.1G       5.7M        62M       327M

MemTotal:        4016004 kB
MemFree:         3202904 kB
Active:           455348 kB
Mem:          3.8G       794M       3.1G       5.7M        62M       327M

MemTotal:        4016004 kB
MemFree:         3202904 kB
Active:           455344 kB
Mem:          3.8G       794M       3.1G       5.7M        62M       327M

MemTotal:        4016004 kB
MemFree:         3202764 kB
Active:           455340 kB
Mem:          3.8G       794M       3.1G       5.7M        62M       327M

MemTotal:        4016004 kB
MemFree:         3202376 kB
Active:           455384 kB
Mem:          3.8G       794M       3.1G       5.7M        62M       327M

MemTotal:        4016004 kB
MemFree:         3202528 kB
Active:           453412 kB
Mem:          3.8G       794M       3.1G       5.7M        62M       327M

MemTotal:        4016004 kB
MemFree:         3202436 kB
Active:           455372 kB
Mem:          3.8G       794M       3.1G       5.7M        62M       327M

MemTotal:        4016004 kB
MemFree:         3202468 kB
Active:           455388 kB
Mem:          3.8G       794M       3.1G       5.7M        62M       327M

MemTotal:        4016004 kB
MemFree:         3202220 kB
Active:           455400 kB
Mem:          3.8G       794M       3.1G       5.7M        62M       327M

MemTotal:        4016004 kB
MemFree:         3202592 kB
Active:           455392 kB
Mem:          3.8G       794M       3.1G       5.7M        62M       327M

MemTotal:        4016004 kB
MemFree:         3202964 kB
Active:           455360 kB
Mem:          3.8G       794M       3.1G       5.7M        62M       327M

MemTotal:        4016004 kB
MemFree:         3202716 kB
Active:           455400 kB
Mem:          3.8G       794M       3.1G       5.7M        62M       327M

MemTotal:        4016004 kB
MemFree:         3203088 kB
Active:           455360 kB
Mem:          3.8G       793M       3.1G       5.7M        62M       327M

MemTotal:        4016004 kB
MemFree:         3202964 kB
Active:           455352 kB
Mem:          3.8G       794M       3.1G       5.7M        62M       327M

MemTotal:        4016004 kB
MemFree:         3202624 kB
Active:           455408 kB
Mem:          3.8G       794M       3.1G       5.7M        62M       327M

MemTotal:        4016004 kB
MemFree:         3202748 kB
Active:           455356 kB
Mem:          3.8G       794M       3.1G       5.7M        62M       327M

MemTotal:        4016004 kB
MemFree:         3202872 kB
Active:           455404 kB
Mem:          3.8G       794M       3.1G       5.7M        62M       327M

MemTotal:        4016004 kB
MemFree:         3202500 kB
Active:           455408 kB
Mem:          3.8G       794M       3.1G       5.7M        62M       327M

MemTotal:        4016004 kB
MemFree:         3202748 kB
Active:           455368 kB
Mem:          3.8G       794M       3.1G       5.7M        62M       327M

MemTotal:        4016004 kB
MemFree:         3203120 kB
Active:           455392 kB
Mem:          3.8G       794M       3.1G       5.7M        62M       327M

MemTotal:        4016004 kB
MemFree:         3203168 kB
Active:           455368 kB
Mem:          3.8G       793M       3.1G       5.7M        62M       327M

MemTotal:        4016004 kB
MemFree:         3202852 kB
Active:           455424 kB
Mem:          3.8G       793M       3.1G       5.7M        62M       327M

MemTotal:        4016004 kB
MemFree:         3203348 kB
Active:           455408 kB
Mem:          3.8G       793M       3.1G       5.7M        62M       327M

MemTotal:        4016004 kB
MemFree:         3203224 kB
Active:           455424 kB
Mem:          3.8G       793M       3.1G       5.7M        62M       327M

MemTotal:        4016004 kB
MemFree:         3203224 kB
Active:           455408 kB
Mem:          3.8G       793M       3.1G       5.7M        62M       327M

MemTotal:        4016004 kB
MemFree:         3202728 kB
Active:           455424 kB
Mem:          3.8G       793M       3.1G       5.7M        62M       327M

MemTotal:        4016004 kB
MemFree:         3202728 kB
Active:           455400 kB
Mem:          3.8G       794M       3.1G       5.7M        62M       327M

MemTotal:        4016004 kB
MemFree:         3202728 kB
Active:           455404 kB
Mem:          3.8G       794M       3.1G       5.7M        62M       327M

MemTotal:        4016004 kB
MemFree:         3202604 kB
Active:           455388 kB
Mem:          3.8G       794M       3.1G       5.7M        62M       327M

MemTotal:        4016004 kB
MemFree:         3202480 kB
Active:           455440 kB
Mem:          3.8G       794M       3.1G       5.7M        62M       327M

MemTotal:        4016004 kB
MemFree:         3203100 kB
Active:           455388 kB
Mem:          3.8G       793M       3.1G       5.7M        62M       327M

MemTotal:        4016004 kB
MemFree:         3202852 kB
Active:           455432 kB
Mem:          3.8G       794M       3.1G       5.7M        62M       327M

MemTotal:        4016004 kB
MemFree:         3202728 kB
Active:           455448 kB
Mem:          3.8G       794M       3.1G       5.7M        62M       327M

MemTotal:        4016004 kB
MemFree:         3202480 kB
Active:           455448 kB
Mem:          3.8G       794M       3.1G       5.7M        62M       327M

MemTotal:        4016004 kB
MemFree:         3202728 kB
Active:           455444 kB
Mem:          3.8G       794M       3.1G       5.7M        62M       327M

MemTotal:        4016004 kB
MemFree:         3200664 kB
Active:           455436 kB
Mem:          3.8G       796M       3.1G       5.7M        62M       327M

MemTotal:        4016004 kB
MemFree:         3201160 kB
Active:           457444 kB
Mem:          3.8G       795M       3.1G       5.7M        62M       327M

MemTotal:        4016004 kB
MemFree:         3201408 kB
Active:           457468 kB
Mem:          3.8G       795M       3.1G       5.7M        62M       327M

MemTotal:        4016004 kB
MemFree:         3200912 kB
Active:           457480 kB
Mem:          3.8G       795M       3.1G       5.7M        62M       327M

MemTotal:        4016004 kB
MemFree:         3201036 kB
Active:           457468 kB
Mem:          3.8G       795M       3.1G       5.7M        62M       327M

MemTotal:        4016004 kB
MemFree:         3200664 kB
Active:           457484 kB
Mem:          3.8G       796M       3.1G       5.7M        62M       327M

MemTotal:        4016004 kB
MemFree:         3200912 kB
Active:           457436 kB
Mem:          3.8G       795M       3.1G       5.7M        62M       327M

MemTotal:        4016004 kB
MemFree:         3200664 kB
Active:           457492 kB
Mem:          3.8G       796M       3.1G       5.7M        62M       327M

MemTotal:        4016004 kB
MemFree:         3201160 kB
Active:           457440 kB
Mem:          3.8G       795M       3.1G       5.7M        62M       327M

MemTotal:        4016004 kB
MemFree:         3201036 kB
Active:           457464 kB
Mem:          3.8G       795M       3.1G       5.7M        62M       327M

MemTotal:        4016004 kB
MemFree:         3201036 kB
Active:           457464 kB
Mem:          3.8G       795M       3.1G       5.7M        62M       327M

MemTotal:        4016004 kB
MemFree:         3201036 kB
Active:           457456 kB
Mem:          3.8G       795M       3.1G       5.7M        62M       327M

MemTotal:        4016004 kB
MemFree:         3201020 kB
Active:           457492 kB
Mem:          3.8G       795M       3.1G       5.7M        62M       327M

MemTotal:        4016004 kB
MemFree:         3201004 kB
Active:           457488 kB
Mem:          3.8G       796M       3.1G       5.7M        62M       327M

MemTotal:        4016004 kB
MemFree:         3200508 kB
Active:           457524 kB
Mem:          3.8G       796M       3.1G       5.7M        62M       327M

MemTotal:        4016004 kB
MemFree:         3200740 kB
Active:           457492 kB
Mem:          3.8G       796M       3.1G       5.7M        62M       327M

MemTotal:        4016004 kB
MemFree:         3200972 kB
Active:           457504 kB
Mem:          3.8G       796M       3.1G       5.7M        62M       327M

MemTotal:        4016004 kB
MemFree:         3200956 kB
Active:           457508 kB
Mem:          3.8G       796M       3.1G       5.7M        62M       327M

MemTotal:        4016004 kB
MemFree:         3200956 kB
Active:           457492 kB
Mem:          3.8G       796M       3.1G       5.7M        62M       327M

MemTotal:        4016004 kB
MemFree:         3200584 kB
Active:           457484 kB
Mem:          3.8G       796M       3.1G       5.7M        62M       327M

MemTotal:        4016004 kB
MemFree:         3200584 kB
Active:           457520 kB
Mem:          3.8G       796M       3.1G       5.7M        62M       327M

MemTotal:        4016004 kB
MemFree:         3200584 kB
Active:           457508 kB
Mem:          3.8G       796M       3.1G       5.7M        62M       327M

MemTotal:        4016004 kB
MemFree:         3200584 kB
Active:           457528 kB
Mem:          3.8G       796M       3.1G       5.7M        62M       327M

MemTotal:        4016004 kB
MemFree:         3200832 kB
Active:           457524 kB
Mem:          3.8G       796M       3.1G       5.7M        62M       327M

MemTotal:        4016004 kB
MemFree:         3200708 kB
Active:           457512 kB
Mem:          3.8G       796M       3.1G       5.7M        62M       327M

MemTotal:        4016004 kB
MemFree:         3200832 kB
Active:           457496 kB
Mem:          3.8G       796M       3.1G       5.7M        62M       327M

MemTotal:        4016004 kB
MemFree:         3200832 kB
Active:           457524 kB
Mem:          3.8G       796M       3.1G       5.7M        62M       327M

MemTotal:        4016004 kB
MemFree:         3200832 kB
Active:           457500 kB
Mem:          3.8G       795M       3.1G       5.7M        62M       327M

MemTotal:        4016004 kB
MemFree:         3200708 kB
Active:           457536 kB
Mem:          3.8G       796M       3.1G       5.7M        62M       327M

MemTotal:        4016004 kB
MemFree:         3200956 kB
Active:           457508 kB
Mem:          3.8G       795M       3.1G       5.7M        62M       327M

MemTotal:        4016004 kB
MemFree:         3200764 kB
Active:           455732 kB
Mem:          3.8G       796M       3.1G       5.7M        62M       327M

MemTotal:        4016004 kB
MemFree:         3200352 kB
Active:           457780 kB
Mem:          3.8G       796M       3.1G       5.7M        62M       327M

MemTotal:        4016004 kB
MemFree:         3200104 kB
Active:           457780 kB
Mem:          3.8G       797M       3.1G       5.7M        62M       327M

MemTotal:        4016004 kB
MemFree:         3199360 kB
Active:           457780 kB
Mem:          3.8G       797M       3.1G       5.7M        62M       327M

MemTotal:        4016004 kB
MemFree:         3200104 kB
Active:           457764 kB
Mem:          3.8G       797M       3.1G       5.7M        62M       327M

MemTotal:        4016004 kB
MemFree:         3199856 kB
Active:           457788 kB
Mem:          3.8G       796M       3.1G       5.7M        62M       327M

MemTotal:        4016004 kB
MemFree:         3199856 kB
Active:           457788 kB
Mem:          3.8G       796M       3.1G       5.7M        62M       327M

MemTotal:        4016004 kB
MemFree:         3200104 kB
Active:           457760 kB
Mem:          3.8G       796M       3.1G       5.7M        62M       327M

MemTotal:        4016004 kB
MemFree:         3200228 kB
Active:           457784 kB
Mem:          3.8G       796M       3.1G       5.7M        62M       327M

MemTotal:        4016004 kB
MemFree:         3200088 kB
Active:           457752 kB
Mem:          3.8G       796M       3.1G       5.7M        62M       327M

MemTotal:        4016004 kB
MemFree:         3199968 kB
Active:           455968 kB
Mem:          3.8G       796M       3.1G       5.7M        62M       327M

MemTotal:        4016004 kB
MemFree:         3200504 kB
Active:           457860 kB
Mem:          3.8G       796M       3.1G       5.7M        62M       327M

MemTotal:        4016004 kB
MemFree:         3200380 kB
Active:           457848 kB
Mem:          3.8G       796M       3.1G       5.7M        62M       327M

MemTotal:        4016004 kB
MemFree:         3199620 kB
Active:           457876 kB
Mem:          3.8G       796M       3.1G       5.7M        62M       327M

MemTotal:        4016004 kB
MemFree:         3200224 kB
Active:           457840 kB
Mem:          3.8G       796M       3.1G       5.7M        62M       327M

MemTotal:        4016004 kB
MemFree:         3200208 kB
Active:           457840 kB
Mem:          3.8G       796M       3.1G       5.7M        62M       327M

MemTotal:        4016004 kB
MemFree:         3200084 kB
Active:           457860 kB
Mem:          3.8G       796M       3.1G       5.7M        62M       327M

MemTotal:        4016004 kB
MemFree:         3199960 kB
Active:           457848 kB
Mem:          3.8G       796M       3.1G       5.7M        62M       327M

MemTotal:        4016004 kB
MemFree:         3200068 kB
Active:           457888 kB
Mem:          3.8G       797M       3.1G       5.7M        62M       327M

MemTotal:        4016004 kB
MemFree:         3200208 kB
Active:           457844 kB
Mem:          3.8G       796M       3.1G       5.7M        62M       327M

MemTotal:        4016004 kB
MemFree:         3199768 kB
Active:           455952 kB
Mem:          3.8G       797M       3.1G       5.7M        62M       327M

MemTotal:        4016004 kB
MemFree:         3199832 kB
Active:           455912 kB
Mem:          3.8G       797M       3.1G       5.7M        62M       327M

MemTotal:        4016004 kB
MemFree:         3199956 kB
Active:           457968 kB
Mem:          3.8G       797M       3.1G       5.7M        62M       327M

MemTotal:        4016004 kB
MemFree:         3199832 kB
Active:           457956 kB
Mem:          3.8G       797M       3.1G       5.7M        62M       327M

MemTotal:        4016004 kB
MemFree:         3199708 kB
Active:           457972 kB
Mem:          3.8G       797M       3.1G       5.7M        62M       327M

MemTotal:        4016004 kB
MemFree:         3199584 kB
Active:           457940 kB
Mem:          3.8G       797M       3.1G       5.7M        62M       327M

MemTotal:        4016004 kB
MemFree:         3199212 kB
Active:           457992 kB
Mem:          3.8G       797M       3.1G       5.7M        62M       327M

MemTotal:        4016004 kB
MemFree:         3199336 kB
Active:           457988 kB
Mem:          3.8G       797M       3.1G       5.7M        62M       327M

MemTotal:        4016004 kB
MemFree:         3199460 kB
Active:           457988 kB
Mem:          3.8G       797M       3.1G       5.7M        62M       327M

MemTotal:        4016004 kB
MemFree:         3199460 kB
Active:           457976 kB
Mem:          3.8G       797M       3.1G       5.7M        62M       327M

MemTotal:        4016004 kB
MemFree:         3199208 kB
Active:           455960 kB
Mem:          3.8G       797M       3.1G       5.7M        62M       327M

MemTotal:        4016004 kB
MemFree:         3199836 kB
Active:           458008 kB
Mem:          3.8G       796M       3.1G       5.7M        62M       327M

MemTotal:        4016004 kB
MemFree:         3200208 kB
Active:           457956 kB
Mem:          3.8G       796M       3.1G       5.7M        62M       327M

MemTotal:        4016004 kB
MemFree:         3200084 kB
Active:           458004 kB
Mem:          3.8G       796M       3.1G       5.7M        62M       327M

MemTotal:        4016004 kB
MemFree:         3199712 kB
Active:           458016 kB
Mem:          3.8G       797M       3.1G       5.7M        62M       327M

MemTotal:        4016004 kB
MemFree:         3199960 kB
Active:           458012 kB
Mem:          3.8G       796M       3.1G       5.7M        62M       327M

MemTotal:        4016004 kB
MemFree:         3200208 kB
Active:           457988 kB
Mem:          3.8G       796M       3.1G       5.7M        62M       327M

MemTotal:        4016004 kB
MemFree:         3199960 kB
Active:           457976 kB
Mem:          3.8G       796M       3.1G       5.7M        62M       327M

MemTotal:        4016004 kB
MemFree:         3200084 kB
Active:           458000 kB
Mem:          3.8G       796M       3.1G       5.7M        62M       327M

MemTotal:        4016004 kB
MemFree:         3199820 kB
Active:           457992 kB
Mem:          3.8G       797M       3.1G       5.7M        62M       327M

MemTotal:        4016004 kB
MemFree:         3199820 kB
Active:           457992 kB
Mem:          3.8G       797M       3.1G       5.7M        62M       327M

MemTotal:        4016004 kB
MemFree:         3199820 kB
Active:           458000 kB
Mem:          3.8G       797M       3.1G       5.7M        62M       327M

MemTotal:        4016004 kB
MemFree:         3199944 kB
Active:           458004 kB
Mem:          3.8G       796M       3.1G       5.7M        62M       327M

MemTotal:        4016004 kB
MemFree:         3199820 kB
Active:           457980 kB
Mem:          3.8G       796M       3.1G       5.7M        62M       327M

MemTotal:        4016004 kB
MemFree:         3200192 kB
Active:           458028 kB
Mem:          3.8G       796M       3.1G       5.7M        62M       327M

MemTotal:        4016004 kB
MemFree:         3199696 kB
Active:           458036 kB
Mem:          3.8G       797M       3.1G       5.7M        62M       327M

MemTotal:        4016004 kB
MemFree:         3199820 kB
Active:           457996 kB
Mem:          3.8G       797M       3.1G       5.7M        62M       327M

MemTotal:        4016004 kB
MemFree:         3199324 kB
Active:           458048 kB
Mem:          3.8G       797M       3.1G       5.7M        62M       327M

MemTotal:        4016004 kB
MemFree:         3199448 kB
Active:           458032 kB
Mem:          3.8G       797M       3.1G       5.7M        62M       327M

MemTotal:        4016004 kB
MemFree:         3199696 kB
Active:           458040 kB
Mem:          3.8G       797M       3.1G       5.7M        62M       327M

MemTotal:        4016004 kB
MemFree:         3199408 kB
Active:           456616 kB
Mem:          3.8G       797M       3.1G       5.7M        62M       327M

MemTotal:        4016004 kB
MemFree:         3199012 kB
Active:           458528 kB
Mem:          3.8G       797M       3.1G       5.7M        62M       327M

MemTotal:        4016004 kB
MemFree:         3199260 kB
Active:           458476 kB
Mem:          3.8G       797M       3.1G       5.7M        62M       327M

MemTotal:        4016004 kB
MemFree:         3199508 kB
Active:           458508 kB
Mem:          3.8G       797M       3.1G       5.7M        62M       327M

MemTotal:        4016004 kB
MemFree:         3199260 kB
Active:           458536 kB
Mem:          3.8G       797M       3.1G       5.7M        62M       327M

MemTotal:        4016004 kB
MemFree:         3199260 kB
Active:           458484 kB
Mem:          3.8G       797M       3.1G       5.7M        62M       327M

MemTotal:        4016004 kB
MemFree:         3199416 kB
Active:           458496 kB
Mem:          3.8G       797M       3.1G       5.7M        62M       327M

MemTotal:        4016004 kB
MemFree:         3199416 kB
Active:           458492 kB
Mem:          3.8G       797M       3.1G       5.7M        62M       327M

MemTotal:        4016004 kB
MemFree:         3199416 kB
Active:           458528 kB
Mem:          3.8G       797M       3.1G       5.7M        62M       327M

MemTotal:        4016004 kB
MemFree:         3199044 kB
Active:           458540 kB
Mem:          3.8G       797M       3.1G       5.7M        62M       327M

MemTotal:        4016004 kB
MemFree:         3199416 kB
Active:           458504 kB
Mem:          3.8G       797M       3.1G       5.7M        62M       327M

MemTotal:        4016004 kB
MemFree:         3199168 kB
Active:           458540 kB
Mem:          3.8G       797M       3.1G       5.7M        62M       327M

MemTotal:        4016004 kB
MemFree:         3199540 kB
Active:           458500 kB
Mem:          3.8G       797M       3.1G       5.7M        62M       327M

MemTotal:        4016004 kB
MemFree:         3199540 kB
Active:           458544 kB
Mem:          3.8G       797M       3.1G       5.7M        62M       327M

MemTotal:        4016004 kB
MemFree:         3199292 kB
Active:           458540 kB
Mem:          3.8G       797M       3.1G       5.7M        62M       327M

MemTotal:        4016004 kB
MemFree:         3199896 kB
Active:           458540 kB
Mem:          3.8G       797M       3.1G       5.7M        62M       327M

MemTotal:        4016004 kB
MemFree:         3199152 kB
Active:           458560 kB
Mem:          3.8G       797M       3.1G       5.7M        62M       327M

MemTotal:        4016004 kB
MemFree:         3199508 kB
Active:           458508 kB
Mem:          3.8G       797M       3.1G       5.7M        62M       327M

MemTotal:        4016004 kB
MemFree:         3199492 kB
Active:           458556 kB
Mem:          3.8G       797M       3.1G       5.7M        62M       327M

MemTotal:        4016004 kB
MemFree:         3199492 kB
Active:           458548 kB
Mem:          3.8G       797M       3.1G       5.7M        62M       327M

MemTotal:        4016004 kB
MemFree:         3197148 kB
Active:           456680 kB
Mem:          3.8G       799M       3.0G       5.7M        62M       327M

MemTotal:        4016004 kB
MemFree:         3197504 kB
Active:           460580 kB
Mem:          3.8G       799M       3.0G       5.7M        62M       327M

MemTotal:        4016004 kB
MemFree:         3197256 kB
Active:           460608 kB
Mem:          3.8G       799M       3.0G       5.7M        62M       327M

MemTotal:        4016004 kB
MemFree:         3197380 kB
Active:           460576 kB
Mem:          3.8G       799M       3.0G       5.7M        62M       327M

MemTotal:        4016004 kB
MemFree:         3197476 kB
Active:           460568 kB
Mem:          3.8G       799M       3.0G       5.7M        62M       327M

MemTotal:        4016004 kB
MemFree:         3197508 kB
Active:           460572 kB
Mem:          3.8G       799M       3.0G       5.7M        62M       327M

MemTotal:        4016004 kB
MemFree:         3197136 kB
Active:           460612 kB
Mem:          3.8G       799M       3.0G       5.7M        62M       327M

MemTotal:        4016004 kB
MemFree:         3197632 kB
Active:           460564 kB
Mem:          3.8G       799M       3.0G       5.7M        62M       327M

MemTotal:        4016004 kB
MemFree:         3197260 kB
Active:           460600 kB
Mem:          3.8G       799M       3.0G       5.7M        62M       327M

MemTotal:        4016004 kB
MemFree:         3197556 kB
Active:           460608 kB
Mem:          3.8G       799M       3.0G       5.7M        62M       327M

MemTotal:        4016004 kB
MemFree:         3197680 kB
Active:           460580 kB
Mem:          3.8G       799M       3.0G       5.7M        62M       327M

MemTotal:        4016004 kB
MemFree:         3197680 kB
Active:           460592 kB
Mem:          3.8G       799M       3.0G       5.7M        62M       327M

MemTotal:        4016004 kB
MemFree:         3197804 kB
Active:           460628 kB
Mem:          3.8G       799M       3.0G       5.7M        62M       327M

MemTotal:        4016004 kB
MemFree:         3197556 kB
Active:           460592 kB
Mem:          3.8G       799M       3.0G       5.7M        62M       327M

MemTotal:        4016004 kB
MemFree:         3197712 kB
Active:           460584 kB
Mem:          3.8G       799M       3.0G       5.7M        62M       327M

MemTotal:        4016004 kB
MemFree:         3196968 kB
Active:           460636 kB
Mem:          3.8G       799M       3.0G       5.7M        62M       327M

MemTotal:        4016004 kB
MemFree:         3197092 kB
Active:           460636 kB
Mem:          3.8G       799M       3.0G       5.7M        62M       327M

MemTotal:        4016004 kB
MemFree:         3197340 kB
Active:           460624 kB
Mem:          3.8G       799M       3.0G       5.7M        62M       327M

MemTotal:        4016004 kB
MemFree:         3197776 kB
Active:           460612 kB
Mem:          3.8G       799M       3.0G       5.7M        62M       327M

MemTotal:        4016004 kB
MemFree:         3197900 kB
Active:           460604 kB
Mem:          3.8G       798M       3.0G       5.7M        62M       327M

MemTotal:        4016004 kB
MemFree:         3197120 kB
Active:           458660 kB
Mem:          3.8G       799M       3.0G       5.7M        62M       327M

MemTotal:        4016004 kB
MemFree:         3197788 kB
Active:           460624 kB
Mem:          3.8G       799M       3.0G       5.7M        62M       327M

MemTotal:        4016004 kB
MemFree:         3197308 kB
Active:           460596 kB
Mem:          3.8G       799M       3.0G       5.7M        62M       327M

MemTotal:        4016004 kB
MemFree:         3196936 kB
Active:           460652 kB
Mem:          3.8G       799M       3.0G       5.7M        62M       327M

MemTotal:        4016004 kB
MemFree:         3197556 kB
Active:           460616 kB
Mem:          3.8G       799M       3.0G       5.7M        62M       327M

MemTotal:        4016004 kB
MemFree:         3197804 kB
Active:           460616 kB
Mem:          3.8G       799M       3.0G       5.7M        62M       327M

MemTotal:        4016004 kB
MemFree:         3197308 kB
Active:           460652 kB
Mem:          3.8G       799M       3.0G       5.7M        62M       327M

MemTotal:        4016004 kB
MemFree:         3197804 kB
Active:           460612 kB
Mem:          3.8G       798M       3.0G       5.7M        62M       327M

MemTotal:        4016004 kB
MemFree:         3197928 kB
Active:           460596 kB
Mem:          3.8G       799M       3.0G       5.7M        62M       327M

MemTotal:        4016004 kB
MemFree:         3197804 kB
Active:           460612 kB
Mem:          3.8G       798M       3.0G       5.7M        62M       327M

MemTotal:        4016004 kB
MemFree:         3196884 kB
Active:           458728 kB
Mem:          3.8G       799M       3.0G       5.7M        62M       327M

MemTotal:        4016004 kB
MemFree:         3197168 kB
Active:           458584 kB
Mem:          3.8G       799M       3.0G       5.7M        62M       327M

MemTotal:        4016004 kB
MemFree:         3197664 kB
Active:           460604 kB
Mem:          3.8G       799M       3.0G       5.7M        62M       327M

MemTotal:        4016004 kB
MemFree:         3197664 kB
Active:           460624 kB
Mem:          3.8G       799M       3.0G       5.7M        62M       327M

MemTotal:        4016004 kB
MemFree:         3197564 kB
Active:           460508 kB
Mem:          3.8G       799M       3.0G       5.7M        62M       327M

MemTotal:        4016004 kB
MemFree:         3197564 kB
Active:           460488 kB
Mem:          3.8G       799M       3.0G       5.7M        62M       327M

MemTotal:        4016004 kB
MemFree:         3197440 kB
Active:           460444 kB
Mem:          3.8G       799M       3.0G       5.7M        62M       327M

MemTotal:        4016004 kB
MemFree:         3197688 kB
Active:           460468 kB
Mem:          3.8G       799M       3.0G       5.7M        62M       327M

MemTotal:        4016004 kB
MemFree:         3197688 kB
Active:           460452 kB
Mem:          3.8G       799M       3.0G       5.7M        62M       327M

MemTotal:        4016004 kB
MemFree:         3197936 kB
Active:           460496 kB
Mem:          3.8G       799M       3.0G       5.7M        62M       327M

MemTotal:        4016004 kB
MemFree:         3197224 kB
Active:           458564 kB
Mem:          3.8G       799M       3.0G       5.7M        62M       327M

MemTotal:        4016004 kB
MemFree:         3197304 kB
Active:           460512 kB
Mem:          3.8G       799M       3.0G       5.7M        62M       327M

MemTotal:        4016004 kB
MemFree:         3197552 kB
Active:           460492 kB
Mem:          3.8G       799M       3.0G       5.7M        62M       327M

MemTotal:        4016004 kB
MemFree:         3197552 kB
Active:           460468 kB
Mem:          3.8G       799M       3.0G       5.7M        62M       327M

MemTotal:        4016004 kB
MemFree:         3197552 kB
Active:           460472 kB
Mem:          3.8G       799M       3.0G       5.7M        62M       327M

MemTotal:        4016004 kB
MemFree:         3198048 kB
Active:           460516 kB
Mem:          3.8G       798M       3.0G       5.7M        62M       327M

MemTotal:        4016004 kB
MemFree:         3198048 kB
Active:           460464 kB
Mem:          3.8G       798M       3.0G       5.7M        62M       327M

MemTotal:        4016004 kB
MemFree:         3197800 kB
Active:           460484 kB
Mem:          3.8G       799M       3.0G       5.7M        62M       327M

MemTotal:        4016004 kB
MemFree:         3198172 kB
Active:           460504 kB
Mem:          3.8G       798M       3.1G       5.7M        62M       327M

MemTotal:        4016004 kB
MemFree:         3198172 kB
Active:           460500 kB
Mem:          3.8G       798M       3.1G       5.7M        62M       327M

MemTotal:        4016004 kB
MemFree:         3197676 kB
Active:           460532 kB
Mem:          3.8G       798M       3.0G       5.7M        62M       327M

MemTotal:        4016004 kB
MemFree:         3198420 kB
Active:           460488 kB
Mem:          3.8G       798M       3.1G       5.7M        62M       327M

MemTotal:        4016004 kB
MemFree:         3198528 kB
Active:           460528 kB
Mem:          3.8G       798M       3.1G       5.7M        62M       327M

MemTotal:        4016004 kB
MemFree:         3198652 kB
Active:           460528 kB
Mem:          3.8G       798M       3.1G       5.7M        62M       327M

MemTotal:        4016004 kB
MemFree:         3198900 kB
Active:           460524 kB
Mem:          3.8G       798M       3.1G       5.7M        62M       327M

MemTotal:        4016004 kB
MemFree:         3198528 kB
Active:           460496 kB
Mem:          3.8G       798M       3.1G       5.7M        62M       327M

MemTotal:        4016004 kB
MemFree:         3198652 kB
Active:           460528 kB
Mem:          3.8G       798M       3.1G       5.7M        62M       327M

MemTotal:        4016004 kB
MemFree:         3198528 kB
Active:           460524 kB
Mem:          3.8G       798M       3.1G       5.7M        62M       327M

MemTotal:        4016004 kB
MemFree:         3198528 kB
Active:           460516 kB
Mem:          3.8G       798M       3.1G       5.7M        62M       327M

MemTotal:        4016004 kB
MemFree:         3198528 kB
Active:           460496 kB
Mem:          3.8G       798M       3.1G       5.7M        62M       327M

MemTotal:        4016004 kB
MemFree:         3198404 kB
Active:           460496 kB
Mem:          3.8G       798M       3.1G       5.7M        62M       327M

MemTotal:        4016004 kB
MemFree:         3197908 kB
Active:           460520 kB
Mem:          3.8G       799M       3.0G       5.7M        62M       327M

MemTotal:        4016004 kB
MemFree:         3197908 kB
Active:           460552 kB
Mem:          3.8G       799M       3.0G       5.7M        62M       327M

MemTotal:        4016004 kB
MemFree:         3197908 kB
Active:           460516 kB
Mem:          3.8G       799M       3.0G       5.7M        62M       327M

MemTotal:        4016004 kB
MemFree:         3197784 kB
Active:           460512 kB
Mem:          3.8G       799M       3.0G       5.7M        62M       327M

MemTotal:        4016004 kB
MemFree:         3197908 kB
Active:           460548 kB
Mem:          3.8G       798M       3.0G       5.7M        62M       327M

MemTotal:        4016004 kB
MemFree:         3197908 kB
Active:           460520 kB
Mem:          3.8G       798M       3.0G       5.7M        62M       327M

MemTotal:        4016004 kB
MemFree:         3197784 kB
Active:           460556 kB
Mem:          3.8G       799M       3.0G       5.7M        62M       327M

MemTotal:        4016004 kB
MemFree:         3197412 kB
Active:           460568 kB
Mem:          3.8G       799M       3.0G       5.7M        62M       327M

MemTotal:        4016004 kB
MemFree:         3197288 kB
Active:           460576 kB
Mem:          3.8G       799M       3.0G       5.7M        62M       327M

MemTotal:        4016004 kB
MemFree:         3197120 kB
Active:           458604 kB
Mem:          3.8G       799M       3.0G       5.7M        62M       327M

MemTotal:        4016004 kB
MemFree:         3197348 kB
Active:           458528 kB
Mem:          3.8G       799M       3.0G       5.7M        62M       327M

MemTotal:        4016004 kB
MemFree:         3197596 kB
Active:           460576 kB
Mem:          3.8G       799M       3.0G       5.7M        62M       327M

MemTotal:        4016004 kB
MemFree:         3198092 kB
Active:           460576 kB
Mem:          3.8G       799M       3.0G       5.7M        62M       327M

MemTotal:        4016004 kB
MemFree:         3197968 kB
Active:           460568 kB
Mem:          3.8G       798M       3.0G       5.7M        62M       327M

MemTotal:        4016004 kB
MemFree:         3197844 kB
Active:           460560 kB
Mem:          3.8G       799M       3.0G       5.7M        62M       327M

MemTotal:        4016004 kB
MemFree:         3197968 kB
Active:           460544 kB
Mem:          3.8G       799M       3.0G       5.7M        62M       327M

MemTotal:        4016004 kB
MemFree:         3197844 kB
Active:           460572 kB
Mem:          3.8G       799M       3.0G       5.7M        62M       327M

MemTotal:        4016004 kB
MemFree:         3197844 kB
Active:           460564 kB
Mem:          3.8G       799M       3.0G       5.7M        62M       327M

MemTotal:        4016004 kB
MemFree:         3197844 kB
Active:           460572 kB
Mem:          3.8G       798M       3.0G       5.7M        62M       327M

MemTotal:        4016004 kB
MemFree:         3197844 kB
Active:           460560 kB
Mem:          3.8G       798M       3.0G       5.7M        62M       327M

MemTotal:        4016004 kB
MemFree:         3197844 kB
Active:           460568 kB
Mem:          3.8G       799M       3.0G       5.7M        62M       327M

MemTotal:        4016004 kB
MemFree:         3197720 kB
Active:           460540 kB
Mem:          3.8G       798M       3.0G       5.7M        62M       327M

MemTotal:        4016004 kB
MemFree:         3198092 kB
Active:           460584 kB
Mem:          3.8G       798M       3.0G       5.7M        62M       327M

MemTotal:        4016004 kB
MemFree:         3198340 kB
Active:           460568 kB
Mem:          3.8G       798M       3.1G       5.7M        62M       327M

MemTotal:        4016004 kB
MemFree:         3198340 kB
Active:           460560 kB
Mem:          3.8G       798M       3.1G       5.7M        62M       327M

MemTotal:        4016004 kB
MemFree:         3198464 kB
Active:           460544 kB
Mem:          3.8G       798M       3.1G       5.7M        62M       327M

MemTotal:        4016004 kB
MemFree:         3198340 kB
Active:           460592 kB
Mem:          3.8G       798M       3.1G       5.7M        62M       327M

MemTotal:        4016004 kB
MemFree:         3198464 kB
Active:           460568 kB
Mem:          3.8G       798M       3.1G       5.7M        62M       327M

MemTotal:        4016004 kB
MemFree:         3198216 kB
Active:           460604 kB
Mem:          3.8G       798M       3.1G       5.7M        62M       327M

MemTotal:        4016004 kB
MemFree:         3198092 kB
Active:           460608 kB
Mem:          3.8G       798M       3.1G       5.7M        62M       327M

MemTotal:        4016004 kB
MemFree:         3198216 kB
Active:           460580 kB
Mem:          3.8G       798M       3.1G       5.7M        62M       327M

MemTotal:        4016004 kB
MemFree:         3197844 kB
Active:           460608 kB
Mem:          3.8G       798M       3.0G       5.7M        62M       327M

MemTotal:        4016004 kB
MemFree:         3197968 kB
Active:           460612 kB
Mem:          3.8G       799M       3.0G       5.7M        62M       327M

MemTotal:        4016004 kB
MemFree:         3197968 kB
Active:           460584 kB
Mem:          3.8G       799M       3.0G       5.7M        62M       327M

MemTotal:        4016004 kB
MemFree:         3197720 kB
Active:           460620 kB
Mem:          3.8G       798M       3.0G       5.7M        62M       327M

MemTotal:        4016004 kB
MemFree:         3197968 kB
Active:           460584 kB
Mem:          3.8G       798M       3.0G       5.7M        62M       327M

MemTotal:        4016004 kB
MemFree:         3197720 kB
Active:           460604 kB
Mem:          3.8G       798M       3.0G       5.7M        62M       327M

MemTotal:        4016004 kB
MemFree:         3197844 kB
Active:           460616 kB
Mem:          3.8G       798M       3.0G       5.7M        62M       327M

MemTotal:        4016004 kB
MemFree:         3197596 kB
Active:           460628 kB
Mem:          3.8G       798M       3.0G       5.7M        62M       327M

MemTotal:        4016004 kB
MemFree:         3198216 kB
Active:           460600 kB
Mem:          3.8G       798M       3.1G       5.7M        62M       327M

MemTotal:        4016004 kB
MemFree:         3198464 kB
Active:           460588 kB
Mem:          3.8G       798M       3.1G       5.7M        62M       327M

MemTotal:        4016004 kB
MemFree:         3197968 kB
Active:           460632 kB
Mem:          3.8G       798M       3.1G       5.7M        62M       327M

MemTotal:        4016004 kB
MemFree:         3197844 kB
Active:           460632 kB
Mem:          3.8G       799M       3.0G       5.7M        62M       327M

MemTotal:        4016004 kB
MemFree:         3197720 kB
Active:           460580 kB
Mem:          3.8G       799M       3.0G       5.7M        62M       327M

MemTotal:        4016004 kB
MemFree:         3197720 kB
Active:           460616 kB
Mem:          3.8G       799M       3.0G       5.7M        62M       327M

MemTotal:        4016004 kB
MemFree:         3197844 kB
Active:           460580 kB
Mem:          3.8G       799M       3.0G       5.7M        62M       327M

MemTotal:        4016004 kB
MemFree:         3197472 kB
Active:           460620 kB
Mem:          3.8G       799M       3.0G       5.7M        62M       327M

MemTotal:        4016004 kB
MemFree:         3197472 kB
Active:           460616 kB
Mem:          3.8G       799M       3.0G       5.7M        62M       327M

MemTotal:        4016004 kB
MemFree:         3197348 kB
Active:           460608 kB
Mem:          3.8G       799M       3.0G       5.7M        62M       327M

MemTotal:        4016004 kB
MemFree:         3195796 kB
Active:           460592 kB
Mem:          3.8G       801M       3.0G       5.7M        62M       327M

MemTotal:        4016004 kB
MemFree:         3195300 kB
Active:           460616 kB
Mem:          3.8G       801M       3.0G       5.7M        62M       327M

MemTotal:        4016004 kB
MemFree:         3195920 kB
Active:           462648 kB
Mem:          3.8G       800M       3.0G       5.7M        62M       327M

MemTotal:        4016004 kB
MemFree:         3195548 kB
Active:           462672 kB
Mem:          3.8G       801M       3.0G       5.7M        62M       327M

MemTotal:        4016004 kB
MemFree:         3195300 kB
Active:           462676 kB
Mem:          3.8G       801M       3.0G       5.7M        62M       327M

MemTotal:        4016004 kB
MemFree:         3195672 kB
Active:           462664 kB
Mem:          3.8G       801M       3.0G       5.7M        62M       327M

MemTotal:        4016004 kB
MemFree:         3195672 kB
Active:           462652 kB
Mem:          3.8G       801M       3.0G       5.7M        62M       327M

MemTotal:        4016004 kB
MemFree:         3195672 kB
Active:           462680 kB
Mem:          3.8G       800M       3.0G       5.7M        62M       327M

MemTotal:        4016004 kB
MemFree:         3195300 kB
Active:           462684 kB
Mem:          3.8G       801M       3.0G       5.7M        62M       327M

MemTotal:        4016004 kB
MemFree:         3195796 kB
Active:           462660 kB
Mem:          3.8G       801M       3.0G       5.7M        62M       327M

MemTotal:        4016004 kB
MemFree:         3195480 kB
Active:           460768 kB
Mem:          3.8G       801M       3.0G       5.7M        62M       327M

MemTotal:        4016004 kB
MemFree:         3195236 kB
Active:           460660 kB
Mem:          3.8G       801M       3.0G       5.7M        62M       327M

MemTotal:        4016004 kB
MemFree:         3195864 kB
Active:           462704 kB
Mem:          3.8G       801M       3.0G       5.7M        62M       327M

MemTotal:        4016004 kB
MemFree:         3195740 kB
Active:           462664 kB
Mem:          3.8G       801M       3.0G       5.7M        62M       327M

MemTotal:        4016004 kB
MemFree:         3195492 kB
Active:           462700 kB
Mem:          3.8G       801M       3.0G       5.7M        62M       327M

MemTotal:        4016004 kB
MemFree:         3195492 kB
Active:           462688 kB
Mem:          3.8G       801M       3.0G       5.7M        62M       327M

MemTotal:        4016004 kB
MemFree:         3195492 kB
Active:           462676 kB
Mem:          3.8G       801M       3.0G       5.7M        62M       327M

MemTotal:        4016004 kB
MemFree:         3195864 kB
Active:           462712 kB
Mem:          3.8G       800M       3.0G       5.7M        62M       327M

MemTotal:        4016004 kB
MemFree:         3195988 kB
Active:           462704 kB
Mem:          3.8G       800M       3.0G       5.7M        62M       327M

MemTotal:        4016004 kB
MemFree:         3195864 kB
Active:           462676 kB
Mem:          3.8G       800M       3.0G       5.7M        62M       327M

MemTotal:        4016004 kB
MemFree:         3195864 kB
Active:           462712 kB
Mem:          3.8G       801M       3.0G       5.7M        62M       327M

MemTotal:        4016004 kB
MemFree:         3195368 kB
Active:           462720 kB
Mem:          3.8G       801M       3.0G       5.7M        62M       327M

MemTotal:        4016004 kB
MemFree:         3195616 kB
Active:           462692 kB
Mem:          3.8G       801M       3.0G       5.7M        62M       327M

MemTotal:        4016004 kB
MemFree:         3195864 kB
Active:           462692 kB
Mem:          3.8G       801M       3.0G       5.7M        62M       327M

MemTotal:        4016004 kB
MemFree:         3195864 kB
Active:           462696 kB
Mem:          3.8G       801M       3.0G       5.7M        62M       327M

MemTotal:        4016004 kB
MemFree:         3195864 kB
Active:           462672 kB
Mem:          3.8G       800M       3.0G       5.7M        62M       327M

MemTotal:        4016004 kB
MemFree:         3196360 kB
Active:           462728 kB
Mem:          3.8G       800M       3.0G       5.7M        62M       327M

MemTotal:        4016004 kB
MemFree:         3196112 kB
Active:           462728 kB
Mem:          3.8G       800M       3.0G       5.7M        62M       327M

MemTotal:        4016004 kB
MemFree:         3196112 kB
Active:           462716 kB
Mem:          3.8G       800M       3.0G       5.7M        62M       327M

MemTotal:        4016004 kB
MemFree:         3195988 kB
Active:           462688 kB
Mem:          3.8G       801M       3.0G       5.7M        62M       327M

MemTotal:        4016004 kB
MemFree:         3195864 kB
Active:           462716 kB
Mem:          3.8G       800M       3.0G       5.7M        62M       327M

MemTotal:        4016004 kB
MemFree:         3195988 kB
Active:           462704 kB
Mem:          3.8G       800M       3.0G       5.7M        62M       327M

MemTotal:        4016004 kB
MemFree:         3195740 kB
Active:           462700 kB
Mem:          3.8G       801M       3.0G       5.7M        62M       327M

MemTotal:        4016004 kB
MemFree:         3195120 kB
Active:           462736 kB
Mem:          3.8G       801M       3.0G       5.7M        62M       327M

MemTotal:        4016004 kB
MemFree:         3195740 kB
Active:           462684 kB
Mem:          3.8G       801M       3.0G       5.7M        62M       327M

MemTotal:        4016004 kB
MemFree:         3195740 kB
Active:           462732 kB
Mem:          3.8G       801M       3.0G       5.7M        62M       327M

MemTotal:        4016004 kB
MemFree:         3195492 kB
Active:           462740 kB
Mem:          3.8G       800M       3.0G       5.7M        62M       327M

MemTotal:        4016004 kB
MemFree:         3195848 kB
Active:           462716 kB
Mem:          3.8G       800M       3.0G       5.7M        62M       327M

MemTotal:        4016004 kB
MemFree:         3195368 kB
Active:           462744 kB
Mem:          3.8G       801M       3.0G       5.7M        62M       327M

MemTotal:        4016004 kB
MemFree:         3195600 kB
Active:           462756 kB
Mem:          3.8G       801M       3.0G       5.7M        62M       327M

MemTotal:        4016004 kB
MemFree:         3196096 kB
Active:           462752 kB
Mem:          3.8G       800M       3.0G       5.7M        62M       327M

MemTotal:        4016004 kB
MemFree:         3195956 kB
Active:           462724 kB
Mem:          3.8G       800M       3.0G       5.7M        62M       327M

MemTotal:        4016004 kB
MemFree:         3195848 kB
Active:           462744 kB
Mem:          3.8G       800M       3.0G       5.7M        62M       327M

MemTotal:        4016004 kB
MemFree:         3196236 kB
Active:           462744 kB
Mem:          3.8G       800M       3.0G       5.7M        62M       327M

MemTotal:        4016004 kB
MemFree:         3195724 kB
Active:           462768 kB
Mem:          3.8G       801M       3.0G       5.7M        62M       327M

MemTotal:        4016004 kB
MemFree:         3195864 kB
Active:           462744 kB
Mem:          3.8G       801M       3.0G       5.7M        62M       327M

MemTotal:        4016004 kB
MemFree:         3195352 kB
Active:           462768 kB
Mem:          3.8G       801M       3.0G       5.7M        62M       327M

MemTotal:        4016004 kB
MemFree:         3195460 kB
Active:           462892 kB
Mem:          3.8G       801M       3.0G       5.7M        62M       327M

MemTotal:        4016004 kB
MemFree:         3151280 kB
Active:           463204 kB
Mem:          3.8G       844M       3.0G       5.7M        62M       370M

MemTotal:        4016004 kB
MemFree:         3105024 kB
Active:           463300 kB
Mem:          3.8G       889M       3.0G       5.7M        62M       414M

MemTotal:        4016004 kB
MemFree:         3058180 kB
Active:           463300 kB
Mem:          3.8G       935M       2.9G       5.7M        62M       460M

MemTotal:        4016004 kB
MemFree:         3011832 kB
Active:           463304 kB
Mem:          3.8G       980M       2.9G       5.7M        62M       504M

MemTotal:        4016004 kB
MemFree:         2965344 kB
Active:           463296 kB
Mem:          3.8G       1.0G       2.8G       5.7M        62M       549M

MemTotal:        4016004 kB
MemFree:         2918872 kB
Active:           463484 kB
Mem:          3.8G       1.0G       2.8G       5.7M        62M       594M

MemTotal:        4016004 kB
MemFree:         2871888 kB
Active:           463312 kB
Mem:          3.8G       1.1G       2.7G       5.7M        62M       638M

MemTotal:        4016004 kB
MemFree:         2825152 kB
Active:           463296 kB
Mem:          3.8G       1.1G       2.7G       5.7M        62M       683M

MemTotal:        4016004 kB
MemFree:         2778264 kB
Active:           463328 kB
Mem:          3.8G       1.2G       2.6G       5.7M        62M       728M

MemTotal:        4016004 kB
MemFree:         2744224 kB
Active:           463332 kB
Mem:          3.8G       1.2G       2.6G       5.7M        62M       761M

MemTotal:        4016004 kB
MemFree:         2734304 kB
Active:           463296 kB
Mem:          3.8G       1.2G       2.6G       5.7M        62M       771M

MemTotal:        4016004 kB
MemFree:         2687336 kB
Active:           463356 kB
Mem:          3.8G       1.3G       2.6G       5.7M        62M       816M

MemTotal:        4016004 kB
MemFree:         2644124 kB
Active:           463356 kB
Mem:          3.8G       1.3G       2.5G       5.7M        62M       857M

MemTotal:        4016004 kB
MemFree:         2626076 kB
Active:           463372 kB
Mem:          3.8G       1.3G       2.5G       5.7M        62M       875M

MemTotal:        4016004 kB
MemFree:         2578660 kB
Active:           463328 kB
Mem:          3.8G       1.4G       2.5G       5.7M        62M       920M

MemTotal:        4016004 kB
MemFree:         2574712 kB
Active:           463420 kB
Mem:          3.8G       1.4G       2.5G       5.7M        62M       924M

MemTotal:        4016004 kB
MemFree:         2565804 kB
Active:           463524 kB
Mem:          3.8G       1.4G       2.4G       5.7M        62M       933M

MemTotal:        4016004 kB
MemFree:         2518992 kB
Active:           463312 kB
Mem:          3.8G       1.4G       2.4G       5.7M        62M       979M

MemTotal:        4016004 kB
MemFree:         2472396 kB
Active:           463392 kB
Mem:          3.8G       1.5G       2.4G       5.7M        62M       1.0G

MemTotal:        4016004 kB
MemFree:         2426016 kB
Active:           463392 kB
Mem:          3.8G       1.5G       2.3G       5.7M        62M       1.0G

MemTotal:        4016004 kB
MemFree:         2379808 kB
Active:           463400 kB
Mem:          3.8G       1.6G       2.3G       5.7M        62M       1.1G

MemTotal:        4016004 kB
MemFree:         2333072 kB
Active:           463400 kB
Mem:          3.8G       1.6G       2.2G       5.7M        62M       1.1G

MemTotal:        4016004 kB
MemFree:         2286132 kB
Active:           463400 kB
Mem:          3.8G       1.6G       2.2G       5.7M        62M       1.2G

MemTotal:        4016004 kB
MemFree:         2239492 kB
Active:           463400 kB
Mem:          3.8G       1.7G       2.1G       5.7M        62M       1.2G

MemTotal:        4016004 kB
MemFree:         2193796 kB
Active:           463400 kB
Mem:          3.8G       1.7G       2.1G       5.7M        62M       1.3G

MemTotal:        4016004 kB
MemFree:         2191464 kB
Active:           463416 kB
Mem:          3.8G       1.7G       2.1G       5.7M        62M       1.3G

MemTotal:        4016004 kB
MemFree:         2190848 kB
Active:           463416 kB
Mem:          3.8G       1.7G       2.1G       5.7M        62M       1.3G

MemTotal:        4016004 kB
MemFree:         2190976 kB
Active:           463380 kB
Mem:          3.8G       1.7G       2.1G       5.7M        62M       1.3G

MemTotal:        4016004 kB
MemFree:         2167768 kB
Active:           463436 kB
Mem:          3.8G       1.8G       2.1G       5.7M        62M       1.3G

MemTotal:        4016004 kB
MemFree:         2121808 kB
Active:           463448 kB
Mem:          3.8G       1.8G       2.0G       5.7M        62M       1.3G

MemTotal:        4016004 kB
MemFree:         2074840 kB
Active:           463452 kB
Mem:          3.8G       1.9G       2.0G       5.7M        62M       1.4G

MemTotal:        4016004 kB
MemFree:         2028972 kB
Active:           463456 kB
Mem:          3.8G       1.9G       1.9G       5.7M        62M       1.4G

MemTotal:        4016004 kB
MemFree:         1981756 kB
Active:           463460 kB
Mem:          3.8G       1.9G       1.9G       5.7M        62M       1.5G

MemTotal:        4016004 kB
MemFree:         1934896 kB
Active:           463460 kB
Mem:          3.8G       2.0G       1.8G       5.7M        62M       1.5G

MemTotal:        4016004 kB
MemFree:         1888176 kB
Active:           463460 kB
Mem:          3.8G       2.0G       1.8G       5.7M        62M       1.5G

MemTotal:        4016004 kB
MemFree:         1842432 kB
Active:           463432 kB
Mem:          3.8G       2.1G       1.8G       5.7M        62M       1.6G

MemTotal:        4016004 kB
MemFree:         1795896 kB
Active:           463480 kB
Mem:          3.8G       2.1G       1.7G       5.7M        62M       1.6G

MemTotal:        4016004 kB
MemFree:         1748804 kB
Active:           463480 kB
Mem:          3.8G       2.2G       1.7G       5.7M        62M       1.7G

MemTotal:        4016004 kB
MemFree:         1737984 kB
Active:           463496 kB
Mem:          3.8G       2.2G       1.7G       5.7M        62M       1.7G

MemTotal:        4016004 kB
MemFree:         1691048 kB
Active:           463496 kB
Mem:          3.8G       2.2G       1.6G       5.7M        62M       1.7G

MemTotal:        4016004 kB
MemFree:         1644344 kB
Active:           463504 kB
Mem:          3.8G       2.3G       1.6G       5.7M        62M       1.8G

MemTotal:        4016004 kB
MemFree:         1631928 kB
Active:           463520 kB
Mem:          3.8G       2.3G       1.6G       5.7M        62M       1.8G

MemTotal:        4016004 kB
MemFree:         1585688 kB
Active:           463520 kB
Mem:          3.8G       2.3G       1.5G       5.7M        62M       1.8G

MemTotal:        4016004 kB
MemFree:         1538468 kB
Active:           463524 kB
Mem:          3.8G       2.4G       1.5G       5.7M        62M       1.9G

MemTotal:        4016004 kB
MemFree:         1492808 kB
Active:           463528 kB
Mem:          3.8G       2.4G       1.4G       5.7M        62M       1.9G

MemTotal:        4016004 kB
MemFree:         1446376 kB
Active:           463544 kB
Mem:          3.8G       2.5G       1.4G       5.7M        62M       2.0G

MemTotal:        4016004 kB
MemFree:         1399516 kB
Active:           463488 kB
Mem:          3.8G       2.5G       1.3G       5.7M        62M       2.0G

MemTotal:        4016004 kB
MemFree:         1352548 kB
Active:           463544 kB
Mem:          3.8G       2.5G       1.3G       5.7M        62M       2.1G

MemTotal:        4016004 kB
MemFree:         1305688 kB
Active:           463544 kB
Mem:          3.8G       2.6G       1.2G       5.7M        62M       2.1G

MemTotal:        4016004 kB
MemFree:         1259680 kB
Active:           463544 kB
Mem:          3.8G       2.6G       1.2G       5.7M        62M       2.1G

MemTotal:        4016004 kB
MemFree:         1213348 kB
Active:           463508 kB
Mem:          3.8G       2.7G       1.2G       5.7M        62M       2.2G

MemTotal:        4016004 kB
MemFree:         1199708 kB
Active:           463552 kB
Mem:          3.8G       2.7G       1.1G       5.7M        62M       2.2G

MemTotal:        4016004 kB
MemFree:         1153236 kB
Active:           463564 kB
Mem:          3.8G       2.7G       1.1G       5.7M        62M       2.2G

MemTotal:        4016004 kB
MemFree:         1108580 kB
Active:           463564 kB
Mem:          3.8G       2.8G       1.1G       5.7M        62M       2.3G

MemTotal:        4016004 kB
MemFree:         1105496 kB
Active:           463568 kB
Mem:          3.8G       2.8G       1.1G       5.7M        62M       2.3G

MemTotal:        4016004 kB
MemFree:         1063232 kB
Active:           463576 kB
Mem:          3.8G       2.8G       1.0G       5.7M        62M       2.3G

MemTotal:        4016004 kB
MemFree:         1063112 kB
Active:           463576 kB
Mem:          3.8G       2.8G       1.0G       5.7M        62M       2.3G

MemTotal:        4016004 kB
MemFree:         1054756 kB
Active:           463584 kB
Mem:          3.8G       2.8G       1.0G       5.7M        62M       2.3G

MemTotal:        4016004 kB
MemFree:         1008284 kB
Active:           463584 kB
Mem:          3.8G       2.9G       984M       5.7M        62M       2.4G

MemTotal:        4016004 kB
MemFree:          961424 kB
Active:           463564 kB
Mem:          3.8G       2.9G       938M       5.7M        62M       2.4G

MemTotal:        4016004 kB
MemFree:          914580 kB
Active:           463600 kB
Mem:          3.8G       3.0G       892M       5.7M        62M       2.5G

MemTotal:        4016004 kB
MemFree:          868340 kB
Active:           463608 kB
Mem:          3.8G       3.0G       847M       5.7M        62M       2.5G

MemTotal:        4016004 kB
MemFree:          821496 kB
Active:           463608 kB
Mem:          3.8G       3.0G       801M       5.7M        62M       2.6G

MemTotal:        4016004 kB
MemFree:          774884 kB
Active:           463608 kB
Mem:          3.8G       3.1G       756M       5.7M        62M       2.6G

MemTotal:        4016004 kB
MemFree:          759500 kB
Active:           463608 kB
Mem:          3.8G       3.1G       741M       5.7M        62M       2.6G

MemTotal:        4016004 kB
MemFree:          715204 kB
Active:           463624 kB
Mem:          3.8G       3.1G       698M       5.7M        62M       2.7G

MemTotal:        4016004 kB
MemFree:          667632 kB
Active:           463628 kB
Mem:          3.8G       3.2G       651M       5.7M        62M       2.7G

MemTotal:        4016004 kB
MemFree:          621284 kB
Active:           463632 kB
Mem:          3.8G       3.2G       606M       5.7M        62M       2.7G

MemTotal:        4016004 kB
MemFree:          575660 kB
Active:           463632 kB
Mem:          3.8G       3.3G       561M       5.7M        62M       2.8G

MemTotal:        4016004 kB
MemFree:          575404 kB
Active:           463628 kB
Mem:          3.8G       3.3G       561M       5.7M        62M       2.8G

MemTotal:        4016004 kB
MemFree:          540200 kB
Active:           463644 kB
Mem:          3.8G       3.3G       527M       5.7M        62M       2.8G

MemTotal:        4016004 kB
MemFree:          539492 kB
Active:           463636 kB
Mem:          3.8G       3.3G       526M       5.7M        62M       2.8G

MemTotal:        4016004 kB
MemFree:          539844 kB
Active:           463612 kB
Mem:          3.8G       3.3G       526M       5.7M        62M       2.8G

MemTotal:        4016004 kB
MemFree:          499236 kB
Active:           463656 kB
Mem:          3.8G       3.4G       487M       5.7M        62M       2.9G

MemTotal:        4016004 kB
MemFree:          452500 kB
Active:           463656 kB
Mem:          3.8G       3.4G       441M       5.7M        62M       2.9G

MemTotal:        4016004 kB
MemFree:          406880 kB
Active:           463664 kB
Mem:          3.8G       3.4G       396M       5.7M        62M       2.9G

MemTotal:        4016004 kB
MemFree:          360036 kB
Active:           463628 kB
Mem:          3.8G       3.5G       351M       5.7M        62M       3.0G

MemTotal:        4016004 kB
MemFree:          313316 kB
Active:           463664 kB
Mem:          3.8G       3.5G       305M       5.7M        62M       3.0G

MemTotal:        4016004 kB
MemFree:          266332 kB
Active:           463664 kB
Mem:          3.8G       3.6G       259M       5.7M        62M       3.1G

MemTotal:        4016004 kB
MemFree:          218988 kB
Active:           463664 kB
Mem:          3.8G       3.6G       213M       5.7M        62M       3.1G

MemTotal:        4016004 kB
MemFree:          172944 kB
Active:           463672 kB
Mem:          3.8G       3.7G       168M       5.7M        62M       3.2G

MemTotal:        4016004 kB
MemFree:          145512 kB
Active:           463672 kB
Mem:          3.8G       3.7G       141M       5.7M        62M       3.2G

MemTotal:        4016004 kB
MemFree:          113816 kB
Active:           463684 kB
Mem:          3.8G       3.7G       110M       5.7M        62M       3.2G

MemTotal:        4016004 kB
MemFree:          137392 kB
Active:           473568 kB
Mem:          3.8G       3.7G       153M       5.7M        29M       3.2G

MemTotal:        4016004 kB
MemFree:          154600 kB
Active:           524780 kB
Mem:          3.8G       3.7G       149M       5.7M        29M       3.2G

MemTotal:        4016004 kB
MemFree:          108284 kB
Active:           524624 kB
Mem:          3.8G       3.7G       105M       5.7M        29M       3.3G

MemTotal:        4016004 kB
MemFree:          109924 kB
Active:           519632 kB
Mem:          3.8G       3.7G       107M       5.7M        29M       3.3G

MemTotal:        4016004 kB
MemFree:          122708 kB
Active:           512296 kB
Mem:          3.8G       3.7G       119M       5.7M        29M       3.2G

MemTotal:        4016004 kB
MemFree:          111724 kB
Active:           506988 kB
Mem:          3.8G       3.7G       108M       5.7M        29M       3.2G

MemTotal:        4016004 kB
MemFree:          126332 kB
Active:           499684 kB
Mem:          3.8G       3.7G       122M       5.7M        29M       3.2G

MemTotal:        4016004 kB
MemFree:          122060 kB
Active:           494692 kB
Mem:          3.8G       3.7G       118M       5.7M        29M       3.2G

MemTotal:        4016004 kB
MemFree:          128560 kB
Active:           489584 kB
Mem:          3.8G       3.7G       125M       5.7M        29M       3.2G

MemTotal:        4016004 kB
MemFree:          134836 kB
Active:           485108 kB
Mem:          3.8G       3.7G       131M       5.7M        29M       3.2G

MemTotal:        4016004 kB
MemFree:          111984 kB
Active:           484988 kB
Mem:          3.8G       3.7G       109M       5.7M        29M       3.2G

MemTotal:        4016004 kB
MemFree:          126172 kB
Active:           479760 kB
Mem:          3.8G       3.7G       122M       5.7M        29M       3.2G

MemTotal:        4016004 kB
MemFree:          131668 kB
Active:           474188 kB
Mem:          3.8G       3.7G       128M       5.7M        29M       3.2G

MemTotal:        4016004 kB
MemFree:          111076 kB
Active:           474152 kB
Mem:          3.8G       3.7G       107M       5.7M        29M       3.3G

MemTotal:        4016004 kB
MemFree:          117164 kB
Active:           468952 kB
Mem:          3.8G       3.7G       114M       5.7M        29M       3.2G

MemTotal:        4016004 kB
MemFree:          124532 kB
Active:           467040 kB
Mem:          3.8G       3.7G       121M       5.7M        29M       3.2G

MemTotal:        4016004 kB
MemFree:          125692 kB
Active:           465504 kB
Mem:          3.8G       3.7G       122M       5.7M        29M       3.2G

MemTotal:        4016004 kB
MemFree:          108688 kB
Active:           464356 kB
Mem:          3.8G       3.7G       105M       5.7M        29M       3.3G

MemTotal:        4016004 kB
MemFree:          133724 kB
Active:           460124 kB
Mem:          3.8G       3.7G       130M       5.7M        29M       3.2G

MemTotal:        4016004 kB
MemFree:          134400 kB
Active:           458348 kB
Mem:          3.8G       3.7G       131M       5.7M        29M       3.2G

MemTotal:        4016004 kB
MemFree:          150828 kB
Active:           454412 kB
Mem:          3.8G       3.7G       146M       5.7M        29M       3.2G

MemTotal:        4016004 kB
MemFree:          140364 kB
Active:           454160 kB
Mem:          3.8G       3.7G       136M       5.7M        29M       3.2G

MemTotal:        4016004 kB
MemFree:          130148 kB
Active:           453144 kB
Mem:          3.8G       3.7G       126M       5.7M        29M       3.2G

MemTotal:        4016004 kB
MemFree:          137628 kB
Active:           451484 kB
Mem:          3.8G       3.7G       133M       5.7M        29M       3.2G

MemTotal:        4016004 kB
MemFree:          127472 kB
Active:           450068 kB
Mem:          3.8G       3.7G       124M       5.7M        29M       3.2G

MemTotal:        4016004 kB
MemFree:          117148 kB
Active:           449056 kB
Mem:          3.8G       3.7G       114M       5.7M        29M       3.2G

MemTotal:        4016004 kB
MemFree:          118888 kB
Active:           447264 kB
Mem:          3.8G       3.7G       116M       5.7M        29M       3.2G

MemTotal:        4016004 kB
MemFree:          131188 kB
Active:           445092 kB
Mem:          3.8G       3.7G       127M       5.7M        29M       3.2G

MemTotal:        4016004 kB
MemFree:          119732 kB
Active:           444072 kB
Mem:          3.8G       3.7G       116M       5.7M        29M       3.2G

MemTotal:        4016004 kB
MemFree:          123656 kB
Active:           442152 kB
Mem:          3.8G       3.7G       114M       5.7M        29M       3.2G

MemTotal:        4016004 kB
MemFree:          113668 kB
Active:           441004 kB
Mem:          3.8G       3.7G       111M       5.7M        29M       3.2G

MemTotal:        4016004 kB
MemFree:          121984 kB
Active:           439808 kB
Mem:          3.8G       3.7G       118M       5.7M        29M       3.2G

MemTotal:        4016004 kB
MemFree:          135368 kB
Active:           437952 kB
Mem:          3.8G       3.7G       132M       5.7M        29M       3.2G

MemTotal:        4016004 kB
MemFree:          124320 kB
Active:           436808 kB
Mem:          3.8G       3.7G       121M       5.7M        29M       3.2G

MemTotal:        4016004 kB
MemFree:          127620 kB
Active:           434896 kB
Mem:          3.8G       3.7G       124M       5.7M        29M       3.2G

MemTotal:        4016004 kB
MemFree:          128388 kB
Active:           433232 kB
Mem:          3.8G       3.7G       125M       5.7M        29M       3.2G

MemTotal:        4016004 kB
MemFree:          130696 kB
Active:           431568 kB
Mem:          3.8G       3.7G       127M       5.7M        29M       3.2G

MemTotal:        4016004 kB
MemFree:          130240 kB
Active:           429652 kB
Mem:          3.8G       3.7G       127M       5.7M        29M       3.2G

MemTotal:        4016004 kB
MemFree:          119648 kB
Active:           428504 kB
Mem:          3.8G       3.7G       116M       5.7M        29M       3.2G

MemTotal:        4016004 kB
MemFree:          134308 kB
Active:           426840 kB
Mem:          3.8G       3.7G       130M       5.7M        29M       3.2G

MemTotal:        4016004 kB
MemFree:          148720 kB
Active:           424536 kB
Mem:          3.8G       3.7G       144M       5.7M        29M       3.2G

MemTotal:        4016004 kB
MemFree:          106408 kB
Active:           424408 kB
Mem:          3.8G       3.7G       103M       5.7M        29M       3.3G

MemTotal:        4016004 kB
MemFree:          128040 kB
Active:           423108 kB
Mem:          3.8G       3.7G       124M       5.7M        29M       3.2G

MemTotal:        4016004 kB
MemFree:          105520 kB
Active:           422468 kB
Mem:          3.8G       3.7G       103M       5.7M        29M       3.3G

MemTotal:        4016004 kB
MemFree:          131016 kB
Active:           418208 kB
Mem:          3.8G       3.7G       127M       5.7M        29M       3.2G

MemTotal:        4016004 kB
MemFree:          144492 kB
Active:           416680 kB
Mem:          3.8G       3.7G       140M       5.7M        29M       3.2G

MemTotal:        4016004 kB
MemFree:          126436 kB
Active:           416548 kB
Mem:          3.8G       3.7G       123M       5.7M        29M       3.2G

MemTotal:        4016004 kB
MemFree:          134076 kB
Active:           415540 kB
Mem:          3.8G       3.7G       130M       5.7M        29M       3.2G

MemTotal:        4016004 kB
MemFree:          134264 kB
Active:           415364 kB
Mem:          3.8G       3.7G       130M       5.7M        29M       3.2G

MemTotal:        4016004 kB
MemFree:          120788 kB
Active:           415416 kB
Mem:          3.8G       3.7G       117M       5.7M        29M       3.2G

MemTotal:        4016004 kB
MemFree:          122460 kB
Active:           414140 kB
Mem:          3.8G       3.7G       119M       5.7M        29M       3.2G

MemTotal:        4016004 kB
MemFree:          112024 kB
Active:           413116 kB
Mem:          3.8G       3.7G       109M       5.7M        29M       3.2G

MemTotal:        4016004 kB
MemFree:          124972 kB
Active:           411324 kB
Mem:          3.8G       3.7G       121M       5.7M        29M       3.2G

MemTotal:        4016004 kB
MemFree:          107068 kB
Active:           409796 kB
Mem:          3.8G       3.7G       104M       5.7M        29M       3.3G

MemTotal:        4016004 kB
MemFree:          133508 kB
Active:           407620 kB
Mem:          3.8G       3.7G       129M       5.7M        29M       3.2G

MemTotal:        4016004 kB
MemFree:          122980 kB
Active:           406468 kB
Mem:          3.8G       3.7G       119M       5.7M        29M       3.2G

MemTotal:        4016004 kB
MemFree:          123504 kB
Active:           404804 kB
Mem:          3.8G       3.7G       120M       5.7M        29M       3.2G

MemTotal:        4016004 kB
MemFree:          145836 kB
Active:           402848 kB
Mem:          3.8G       3.7G       142M       5.7M        29M       3.2G

MemTotal:        4016004 kB
MemFree:          138084 kB
Active:           402860 kB
Mem:          3.8G       3.7G       134M       5.7M        29M       3.2G

MemTotal:        4016004 kB
MemFree:          138876 kB
Active:           401384 kB
Mem:          3.8G       3.7G       135M       5.7M        29M       3.2G

MemTotal:        4016004 kB
MemFree:          133644 kB
Active:           399852 kB
Mem:          3.8G       3.7G       130M       5.7M        29M       3.2G

MemTotal:        4016004 kB
MemFree:          123168 kB
Active:           398700 kB
Mem:          3.8G       3.7G       120M       5.7M        29M       3.2G

MemTotal:        4016004 kB
MemFree:          130004 kB
Active:           396524 kB
Mem:          3.8G       3.7G       126M       5.7M        29M       3.2G

MemTotal:        4016004 kB
MemFree:          119316 kB
Active:           395508 kB
Mem:          3.8G       3.7G       116M       5.7M        29M       3.2G

MemTotal:        4016004 kB
MemFree:          108360 kB
Active:           394232 kB
Mem:          3.8G       3.7G       105M       5.7M        29M       3.2G

MemTotal:        4016004 kB
MemFree:          116556 kB
Active:           394104 kB
Mem:          3.8G       3.7G       113M       5.7M        29M       3.2G

MemTotal:        4016004 kB
MemFree:          107496 kB
Active:           394112 kB
Mem:          3.8G       3.7G       104M       5.7M        29M       3.2G

MemTotal:        4016004 kB
MemFree:          134584 kB
Active:           394112 kB
Mem:          3.8G       3.7G       130M       5.7M        29M       3.2G

MemTotal:        4016004 kB
MemFree:          134308 kB
Active:           394120 kB
Mem:          3.8G       3.7G       130M       5.7M        29M       3.2G

MemTotal:        4016004 kB
MemFree:          121588 kB
Active:           394020 kB
Mem:          3.8G       3.7G       118M       5.7M        29M       3.2G

MemTotal:        4016004 kB
MemFree:          120036 kB
Active:           394032 kB
Mem:          3.8G       3.7G       117M       5.7M        29M       3.2G

MemTotal:        4016004 kB
MemFree:          151472 kB
Active:           394000 kB
Mem:          3.8G       3.7G       147M       5.7M        29M       3.2G

MemTotal:        4016004 kB
MemFree:          123880 kB
Active:           394060 kB
Mem:          3.8G       3.7G       120M       5.7M        29M       3.2G

MemTotal:        4016004 kB
MemFree:          153696 kB
Active:           394020 kB
Mem:          3.8G       3.7G       149M       5.7M        29M       3.2G

MemTotal:        4016004 kB
MemFree:          107300 kB
Active:           394072 kB
Mem:          3.8G       3.7G       104M       5.7M        29M       3.2G

MemTotal:        4016004 kB
MemFree:          113368 kB
Active:           394072 kB
Mem:          3.8G       3.7G       110M       5.7M        29M       3.2G

MemTotal:        4016004 kB
MemFree:          127044 kB
Active:           394076 kB
Mem:          3.8G       3.7G       124M       5.7M        29M       3.2G

MemTotal:        4016004 kB
MemFree:          122868 kB
Active:           394076 kB
Mem:          3.8G       3.7G       119M       5.7M        29M       3.2G

MemTotal:        4016004 kB
MemFree:          104980 kB
Active:           394004 kB
Mem:          3.8G       3.7G       105M       5.7M        29M       3.2G

MemTotal:        4016004 kB
MemFree:          123716 kB
Active:           394060 kB
Mem:          3.8G       3.7G       120M       5.7M        29M       3.2G

MemTotal:        4016004 kB
MemFree:          106872 kB
Active:           394060 kB
Mem:          3.8G       3.7G       104M       5.7M        29M       3.2G

MemTotal:        4016004 kB
MemFree:          132388 kB
Active:           394064 kB
Mem:          3.8G       3.7G       128M       5.7M        29M       3.2G

MemTotal:        4016004 kB
MemFree:          128344 kB
Active:           394064 kB
Mem:          3.8G       3.7G       125M       5.7M        29M       3.2G

MemTotal:        4016004 kB
MemFree:          126652 kB
Active:           394076 kB
Mem:          3.8G       3.7G       123M       5.7M        29M       3.2G

MemTotal:        4016004 kB
MemFree:          121248 kB
Active:           394088 kB
Mem:          3.8G       3.7G       117M       5.7M        29M       3.2G

MemTotal:        4016004 kB
MemFree:          105232 kB
Active:           394096 kB
Mem:          3.8G       3.7G       103M       5.7M        29M       3.2G

MemTotal:        4016004 kB
MemFree:          124092 kB
Active:           393820 kB
Mem:          3.8G       3.7G       120M       5.7M        29M       3.2G

MemTotal:        4016004 kB
MemFree:          126112 kB
Active:           393820 kB
Mem:          3.8G       3.7G       122M       5.7M        29M       3.2G

MemTotal:        4016004 kB
MemFree:          120716 kB
Active:           393832 kB
Mem:          3.8G       3.7G       117M       5.7M        29M       3.2G

MemTotal:        4016004 kB
MemFree:          125052 kB
Active:           393832 kB
Mem:          3.8G       3.7G       121M       5.7M        29M       3.2G

MemTotal:        4016004 kB
MemFree:          121872 kB
Active:           393832 kB
Mem:          3.8G       3.7G       118M       5.7M        29M       3.2G

MemTotal:        4016004 kB
MemFree:          124272 kB
Active:           393864 kB
Mem:          3.8G       3.7G       121M       5.7M        29M       3.2G

MemTotal:        4016004 kB
MemFree:          119196 kB
Active:           393568 kB
Mem:          3.8G       3.7G       116M       5.7M        29M       3.2G

MemTotal:        4016004 kB
MemFree:          126380 kB
Active:           393392 kB
Mem:          3.8G       3.7G       123M       5.7M        29M       3.2G

MemTotal:        4016004 kB
MemFree:          122276 kB
Active:           393540 kB
Mem:          3.8G       3.7G       119M       5.7M        29M       3.2G

MemTotal:        4016004 kB
MemFree:          121668 kB
Active:           393396 kB
Mem:          3.8G       3.7G       118M       5.7M        29M       3.2G

MemTotal:        4016004 kB
MemFree:          125656 kB
Active:           393460 kB
Mem:          3.8G       3.7G       123M       5.7M        29M       3.2G

MemTotal:        4016004 kB
MemFree:          120360 kB
Active:           393460 kB
Mem:          3.8G       3.7G       117M       5.7M        29M       3.2G

MemTotal:        4016004 kB
MemFree:          104608 kB
Active:           393460 kB
Mem:          3.8G       3.7G       124M       5.7M        29M       3.2G

MemTotal:        4016004 kB
MemFree:          123828 kB
Active:           393460 kB
Mem:          3.8G       3.7G       120M       5.7M        29M       3.2G

MemTotal:        4016004 kB
MemFree:          119028 kB
Active:           387896 kB
Mem:          3.8G       3.7G       115M       5.7M        29M       3.2G

MemTotal:        4016004 kB
MemFree:          120644 kB
Active:           387772 kB
Mem:          3.8G       3.7G       117M       5.7M        29M       3.2G

MemTotal:        4016004 kB
MemFree:          127684 kB
Active:           387772 kB
Mem:          3.8G       3.7G       124M       5.7M        29M       3.2G

MemTotal:        4016004 kB
MemFree:          108252 kB
Active:           387772 kB
Mem:          3.8G       3.7G       105M       5.7M        29M       3.2G

MemTotal:        4016004 kB
MemFree:          121908 kB
Active:           387796 kB
Mem:          3.8G       3.7G       118M       5.7M        29M       3.2G

MemTotal:        4016004 kB
MemFree:          110536 kB
Active:           387796 kB
Mem:          3.8G       3.7G       107M       5.7M        29M       3.2G

MemTotal:        4016004 kB
MemFree:          126876 kB
Active:           387804 kB
Mem:          3.8G       3.7G       124M       5.7M        29M       3.2G

MemTotal:        4016004 kB
MemFree:          117732 kB
Active:           387776 kB
Mem:          3.8G       3.7G       114M       5.7M        29M       3.2G

MemTotal:        4016004 kB
MemFree:          124856 kB
Active:           387816 kB
Mem:          3.8G       3.7G       121M       5.7M        29M       3.2G

MemTotal:        4016004 kB
MemFree:          120728 kB
Active:           387004 kB
Mem:          3.8G       3.7G       117M       5.7M        29M       3.2G

MemTotal:        4016004 kB
MemFree:          112100 kB
Active:           387004 kB
Mem:          3.8G       3.7G       109M       5.7M        29M       3.2G

MemTotal:        4016004 kB
MemFree:          125432 kB
Active:           387004 kB
Mem:          3.8G       3.7G       122M       5.7M        29M       3.2G

MemTotal:        4016004 kB
MemFree:          114700 kB
Active:           386972 kB
Mem:          3.8G       3.7G       111M       5.7M        29M       3.2G

MemTotal:        4016004 kB
MemFree:          125624 kB
Active:           387008 kB
Mem:          3.8G       3.7G       122M       5.7M        29M       3.2G

MemTotal:        4016004 kB
MemFree:          114364 kB
Active:           387008 kB
Mem:          3.8G       3.7G       111M       5.7M        29M       3.2G

MemTotal:        4016004 kB
MemFree:          132468 kB
Active:           387012 kB
Mem:          3.8G       3.7G       129M       5.7M        29M       3.2G

MemTotal:        4016004 kB
MemFree:          143200 kB
Active:           385180 kB
Mem:          3.8G       3.7G       139M       5.7M        29M       3.2G

MemTotal:        4016004 kB
MemFree:          132248 kB
Active:           385012 kB
Mem:          3.8G       3.7G       128M       5.7M        29M       3.2G

MemTotal:        4016004 kB
MemFree:          115692 kB
Active:           384968 kB
Mem:          3.8G       3.7G       112M       5.7M        29M       3.2G

MemTotal:        4016004 kB
MemFree:          126436 kB
Active:           385024 kB
Mem:          3.8G       3.7G       122M       5.7M        29M       3.2G

MemTotal:        4016004 kB
MemFree:          115340 kB
Active:           385024 kB
Mem:          3.8G       3.7G       112M       5.7M        29M       3.2G

MemTotal:        4016004 kB
MemFree:          104972 kB
Active:           385032 kB
Mem:          3.8G       3.7G       125M       5.7M        29M       3.2G

MemTotal:        4016004 kB
MemFree:          105792 kB
Active:           384908 kB
Mem:          3.8G       3.7G       103M       5.7M        29M       3.2G

MemTotal:        4016004 kB
MemFree:          120948 kB
Active:           384912 kB
Mem:          3.8G       3.7G       118M       5.7M        29M       3.2G

MemTotal:        4016004 kB
MemFree:          110564 kB
Active:           384912 kB
Mem:          3.8G       3.7G       107M       5.7M        29M       3.2G

MemTotal:        4016004 kB
MemFree:          117408 kB
Active:           384912 kB
Mem:          3.8G       3.7G       114M       5.7M        29M       3.2G

MemTotal:        4016004 kB
MemFree:          127764 kB
Active:           384256 kB
Mem:          3.8G       3.7G       124M       5.7M        29M       3.2G

MemTotal:        4016004 kB
MemFree:          127420 kB
Active:           384112 kB
Mem:          3.8G       3.7G       124M       5.7M        29M       3.2G

MemTotal:        4016004 kB
MemFree:          110300 kB
Active:           384152 kB
Mem:          3.8G       3.7G       107M       5.7M        29M       3.2G

MemTotal:        4016004 kB
MemFree:          108620 kB
Active:           384172 kB
Mem:          3.8G       3.7G       106M       5.7M        29M       3.2G

MemTotal:        4016004 kB
MemFree:          129240 kB
Active:           384144 kB
Mem:          3.8G       3.7G       125M       5.7M        29M       3.2G

MemTotal:        4016004 kB
MemFree:          128792 kB
Active:           384188 kB
Mem:          3.8G       3.7G       125M       5.7M        29M       3.2G

MemTotal:        4016004 kB
MemFree:          128824 kB
Active:           384176 kB
Mem:          3.8G       3.7G       125M       5.7M        29M       3.2G

MemTotal:        4016004 kB
MemFree:          112472 kB
Active:           384176 kB
Mem:          3.8G       3.7G       109M       5.7M        29M       3.2G

MemTotal:        4016004 kB
MemFree:          125368 kB
Active:           384200 kB
Mem:          3.8G       3.7G       122M       5.7M        29M       3.2G

MemTotal:        4016004 kB
MemFree:          126460 kB
Active:           384200 kB
Mem:          3.8G       3.7G       122M       5.7M        29M       3.2G

MemTotal:        4016004 kB
MemFree:          110152 kB
Active:           384208 kB
Mem:          3.8G       3.7G       107M       5.7M        29M       3.2G

MemTotal:        4016004 kB
MemFree:          105056 kB
Active:           384208 kB
Mem:          3.8G       3.7G       102M       5.7M        29M       3.2G

MemTotal:        4016004 kB
MemFree:          132600 kB
Active:           371084 kB
Mem:          3.8G       3.7G       129M       5.7M        29M       3.2G

MemTotal:        4016004 kB
MemFree:          121692 kB
Active:           370968 kB
Mem:          3.8G       3.7G       118M       5.7M        29M       3.2G

MemTotal:        4016004 kB
MemFree:          112288 kB
Active:           370960 kB
Mem:          3.8G       3.7G       109M       5.7M        29M       3.2G

MemTotal:        4016004 kB
MemFree:          122604 kB
Active:           370912 kB
Mem:          3.8G       3.7G       120M       5.7M        29M       3.2G

MemTotal:        4016004 kB
MemFree:          114852 kB
Active:           370976 kB
Mem:          3.8G       3.7G       111M       5.7M        29M       3.2G

MemTotal:        4016004 kB
MemFree:          111440 kB
Active:           370992 kB
Mem:          3.8G       3.7G       108M       5.7M        29M       3.2G

MemTotal:        4016004 kB
MemFree:          130440 kB
Active:           370992 kB
Mem:          3.8G       3.7G       127M       5.7M        29M       3.2G

MemTotal:        4016004 kB
MemFree:          121276 kB
Active:           370992 kB
Mem:          3.8G       3.7G       117M       5.7M        29M       3.2G

MemTotal:        4016004 kB
MemFree:          119872 kB
Active:           370992 kB
Mem:          3.8G       3.7G       116M       5.7M        29M       3.2G

MemTotal:        4016004 kB
MemFree:          119624 kB
Active:           371008 kB
Mem:          3.8G       3.7G       116M       5.7M        29M       3.2G

MemTotal:        4016004 kB
MemFree:          129484 kB
Active:           371008 kB
Mem:          3.8G       3.7G       125M       5.7M        29M       3.2G

MemTotal:        4016004 kB
MemFree:          119472 kB
Active:           370984 kB
Mem:          3.8G       3.7G       116M       5.7M        29M       3.2G

MemTotal:        4016004 kB
MemFree:          123024 kB
Active:           371012 kB
Mem:          3.8G       3.7G       119M       5.7M        29M       3.2G

MemTotal:        4016004 kB
MemFree:          113652 kB
Active:           371012 kB
Mem:          3.8G       3.7G       110M       5.7M        29M       3.2G

MemTotal:        4016004 kB
MemFree:          127368 kB
Active:           369952 kB
Mem:          3.8G       3.7G       123M       5.7M        29M       3.2G

MemTotal:        4016004 kB
MemFree:          127968 kB
Active:           369952 kB
Mem:          3.8G       3.7G       124M       5.7M        29M       3.2G

MemTotal:        4016004 kB
MemFree:          108608 kB
Active:           369956 kB
Mem:          3.8G       3.7G       106M       5.7M        29M       3.2G

MemTotal:        4016004 kB
MemFree:          123372 kB
Active:           369956 kB
Mem:          3.8G       3.7G       120M       5.7M        29M       3.2G

MemTotal:        4016004 kB
MemFree:          106060 kB
Active:           369856 kB
Mem:          3.8G       3.7G       103M       5.7M        29M       3.2G

MemTotal:        4016004 kB
MemFree:          132312 kB
Active:           369964 kB
Mem:          3.8G       3.7G       128M       5.7M        29M       3.2G

MemTotal:        4016004 kB
MemFree:          133324 kB
Active:           369924 kB
Mem:          3.8G       3.7G       130M       5.7M        29M       3.2G

MemTotal:        4016004 kB
MemFree:          109360 kB
Active:           369984 kB
Mem:          3.8G       3.7G       106M       5.7M        29M       3.2G

MemTotal:        4016004 kB
MemFree:          134444 kB
Active:           369992 kB
Mem:          3.8G       3.7G       131M       5.7M        29M       3.2G

MemTotal:        4016004 kB
MemFree:          131664 kB
Active:           369992 kB
Mem:          3.8G       3.7G       128M       5.7M        29M       3.2G

MemTotal:        4016004 kB
MemFree:          117032 kB
Active:           369952 kB
Mem:          3.8G       3.7G       114M       5.7M        29M       3.2G

MemTotal:        4016004 kB
MemFree:          112020 kB
Active:           370004 kB
Mem:          3.8G       3.7G       109M       5.7M        29M       3.2G

MemTotal:        4016004 kB
MemFree:          122152 kB
Active:           367312 kB
Mem:          3.8G       3.7G       118M       5.7M        29M       3.2G

MemTotal:        4016004 kB
MemFree:          111660 kB
Active:           367132 kB
Mem:          3.8G       3.7G       108M       5.7M        29M       3.2G

MemTotal:        4016004 kB
MemFree:          125552 kB
Active:           367188 kB
Mem:          3.8G       3.7G       122M       5.7M        29M       3.2G

MemTotal:        4016004 kB
MemFree:          126172 kB
Active:           367200 kB
Mem:          3.8G       3.7G       122M       5.7M        29M       3.2G

MemTotal:        4016004 kB
MemFree:          121552 kB
Active:           367200 kB
Mem:          3.8G       3.7G       118M       5.7M        29M       3.2G

MemTotal:        4016004 kB
MemFree:          111164 kB
Active:           367200 kB
Mem:          3.8G       3.7G       108M       5.7M        29M       3.2G

MemTotal:        4016004 kB
MemFree:          132044 kB
Active:           367200 kB
Mem:          3.8G       3.7G       128M       5.7M        29M       3.2G

MemTotal:        4016004 kB
MemFree:          128100 kB
Active:           367180 kB
Mem:          3.8G       3.7G       124M       5.7M        29M       3.2G

MemTotal:        4016004 kB
MemFree:          128228 kB
Active:           367188 kB
Mem:          3.8G       3.7G       124M       5.7M        29M       3.2G

MemTotal:        4016004 kB
MemFree:          128360 kB
Active:           367188 kB
Mem:          3.8G       3.7G       125M       5.7M        29M       3.2G

MemTotal:        4016004 kB
MemFree:          123928 kB
Active:           367176 kB
Mem:          3.8G       3.7G       121M       5.7M        29M       3.2G

MemTotal:        4016004 kB
MemFree:          113388 kB
Active:           367236 kB
Mem:          3.8G       3.7G       110M       5.7M        29M       3.2G

MemTotal:        4016004 kB
MemFree:          127440 kB
Active:           367236 kB
Mem:          3.8G       3.7G       124M       5.7M        29M       3.2G

MemTotal:        4016004 kB
MemFree:          117316 kB
Active:           367244 kB
Mem:          3.8G       3.7G       113M       5.7M        29M       3.2G

MemTotal:        4016004 kB
MemFree:          107032 kB
Active:           367244 kB
Mem:          3.8G       3.7G       104M       5.7M        29M       3.2G

MemTotal:        4016004 kB
MemFree:          111960 kB
Active:           364604 kB
Mem:          3.8G       3.7G       109M       5.7M        29M       3.2G

MemTotal:        4016004 kB
MemFree:          118908 kB
Active:           364604 kB
Mem:          3.8G       3.7G       115M       5.7M        29M       3.2G

MemTotal:        4016004 kB
MemFree:          114604 kB
Active:           364564 kB
Mem:          3.8G       3.7G       111M       5.7M        29M       3.2G

MemTotal:        4016004 kB
MemFree:          113780 kB
Active:           364612 kB
Mem:          3.8G       3.7G       110M       5.7M        29M       3.2G

MemTotal:        4016004 kB
MemFree:          133432 kB
Active:           364620 kB
Mem:          3.8G       3.7G       129M       5.7M        29M       3.2G

MemTotal:        4016004 kB
MemFree:          133980 kB
Active:           364636 kB
Mem:          3.8G       3.7G       130M       5.7M        29M       3.2G

MemTotal:        4016004 kB
MemFree:          136372 kB
Active:           364640 kB
Mem:          3.8G       3.7G       132M       5.7M        29M       3.2G

MemTotal:        4016004 kB
MemFree:          125168 kB
Active:           364624 kB
Mem:          3.8G       3.7G       122M       5.7M        29M       3.2G

MemTotal:        4016004 kB
MemFree:          126488 kB
Active:           364648 kB
Mem:          3.8G       3.7G       122M       5.7M        29M       3.2G

MemTotal:        4016004 kB
MemFree:          127764 kB
Active:           364648 kB
Mem:          3.8G       3.7G       124M       5.7M        29M       3.2G

MemTotal:        4016004 kB
MemFree:          110404 kB
Active:           364648 kB
Mem:          3.8G       3.7G       107M       5.7M        29M       3.2G

MemTotal:        4016004 kB
MemFree:          127664 kB
Active:           364648 kB
Mem:          3.8G       3.7G       124M       5.7M        29M       3.2G

MemTotal:        4016004 kB
MemFree:          125492 kB
Active:           364652 kB
Mem:          3.8G       3.7G       122M       5.7M        29M       3.2G

MemTotal:        4016004 kB
MemFree:          122392 kB
Active:           364672 kB
Mem:          3.8G       3.7G       119M       5.7M        29M       3.2G

MemTotal:        4016004 kB
MemFree:          125104 kB
Active:           364672 kB
Mem:          3.8G       3.7G       121M       5.7M        29M       3.2G

MemTotal:        4016004 kB
MemFree:          124132 kB
Active:           362908 kB
Mem:          3.8G       3.7G       120M       5.7M        29M       3.2G

MemTotal:        4016004 kB
MemFree:          120580 kB
Active:           362920 kB
Mem:          3.8G       3.7G       117M       5.7M        29M       3.2G

MemTotal:        4016004 kB
MemFree:          110160 kB
Active:           362988 kB
Mem:          3.8G       3.7G       107M       5.7M        29M       3.2G

MemTotal:        4016004 kB
MemFree:          108860 kB
Active:           363132 kB
Mem:          3.8G       3.7G       106M       5.7M        29M       3.2G

MemTotal:        4016004 kB
MemFree:          128348 kB
Active:           363120 kB
Mem:          3.8G       3.7G       125M       5.7M        29M       3.2G

MemTotal:        4016004 kB
MemFree:          106000 kB
Active:           363040 kB
Mem:          3.8G       3.7G       103M       5.7M        29M       3.2G

MemTotal:        4016004 kB
MemFree:          132604 kB
Active:           363004 kB
Mem:          3.8G       3.7G       129M       5.7M        29M       3.2G

MemTotal:        4016004 kB
MemFree:          122216 kB
Active:           363040 kB
Mem:          3.8G       3.7G       118M       5.7M        29M       3.2G

MemTotal:        4016004 kB
MemFree:          124060 kB
Active:           363048 kB
Mem:          3.8G       3.7G       120M       5.7M        29M       3.2G

MemTotal:        4016004 kB
MemFree:          131028 kB
Active:           363160 kB
Mem:          3.8G       3.7G       127M       5.7M        29M       3.2G

MemTotal:        4016004 kB
MemFree:          125888 kB
Active:           363184 kB
Mem:          3.8G       3.7G       122M       5.7M        29M       3.2G

MemTotal:        4016004 kB
MemFree:          116116 kB
Active:           363156 kB
Mem:          3.8G       3.7G       112M       5.7M        29M       3.2G

MemTotal:        4016004 kB
MemFree:          129880 kB
Active:           363084 kB
Mem:          3.8G       3.7G       126M       5.7M        29M       3.2G

MemTotal:        4016004 kB
MemFree:          130024 kB
Active:           363056 kB
Mem:          3.8G       3.7G       126M       5.7M        29M       3.2G

MemTotal:        4016004 kB
MemFree:          115536 kB
Active:           363048 kB
Mem:          3.8G       3.7G       112M       5.7M        29M       3.2G

MemTotal:        4016004 kB
MemFree:          142008 kB
Active:           362876 kB
Mem:          3.8G       3.7G       138M       5.7M        29M       3.2G

MemTotal:        4016004 kB
MemFree:          141916 kB
Active:           362748 kB
Mem:          3.8G       3.7G       138M       5.7M        29M       3.2G

MemTotal:        4016004 kB
MemFree:          141688 kB
Active:           362788 kB
Mem:          3.8G       3.7G       138M       5.7M        29M       3.2G

MemTotal:        4016004 kB
MemFree:          142092 kB
Active:           362752 kB
Mem:          3.8G       3.7G       138M       5.7M        29M       3.2G

MemTotal:        4016004 kB
MemFree:          142044 kB
Active:           362748 kB
Mem:          3.8G       3.7G       138M       5.7M        29M       3.2G

MemTotal:        4016004 kB
MemFree:          142216 kB
Active:           362756 kB
Mem:          3.8G       3.7G       138M       5.7M        29M       3.2G

MemTotal:        4016004 kB
MemFree:          142324 kB
Active:           362796 kB
Mem:          3.8G       3.7G       138M       5.7M        29M       3.2G

MemTotal:        4016004 kB
MemFree:          142292 kB
Active:           362740 kB
Mem:          3.8G       3.7G       138M       5.7M        29M       3.2G

MemTotal:        4016004 kB
MemFree:          142140 kB
Active:           362912 kB
Mem:          3.8G       3.7G       138M       5.7M        29M       3.2G

MemTotal:        4016004 kB
MemFree:          142184 kB
Active:           362716 kB
Mem:          3.8G       3.7G       138M       5.7M        29M       3.2G

MemTotal:        4016004 kB
MemFree:          142216 kB
Active:           362756 kB
Mem:          3.8G       3.7G       138M       5.7M        29M       3.2G

MemTotal:        4016004 kB
MemFree:          142216 kB
Active:           362760 kB
Mem:          3.8G       3.7G       138M       5.7M        29M       3.2G

MemTotal:        4016004 kB
MemFree:          141844 kB
Active:           362804 kB
Mem:          3.8G       3.7G       138M       5.7M        29M       3.2G

MemTotal:        4016004 kB
MemFree:          142092 kB
Active:           362764 kB
Mem:          3.8G       3.7G       138M       5.7M        29M       3.2G

MemTotal:        4016004 kB
MemFree:          142092 kB
Active:           362760 kB
Mem:          3.8G       3.7G       138M       5.7M        29M       3.2G

MemTotal:        4016004 kB
MemFree:          142092 kB
Active:           362772 kB
Mem:          3.8G       3.7G       138M       5.7M        29M       3.2G

MemTotal:        4016004 kB
MemFree:          141720 kB
Active:           362824 kB
Mem:          3.8G       3.7G       138M       5.7M        29M       3.2G

MemTotal:        4016004 kB
MemFree:          142340 kB
Active:           362784 kB
Mem:          3.8G       3.7G       139M       5.7M        29M       3.2G

MemTotal:        4016004 kB
MemFree:          142216 kB
Active:           362768 kB
Mem:          3.8G       3.7G       138M       5.7M        29M       3.2G

MemTotal:        4016004 kB
MemFree:          141844 kB
Active:           362824 kB
Mem:          3.8G       3.7G       138M       5.7M        29M       3.2G

MemTotal:        4016004 kB
MemFree:          141844 kB
Active:           362824 kB
Mem:          3.8G       3.7G       138M       5.7M        29M       3.2G

MemTotal:        4016004 kB
MemFree:          141844 kB
Active:           362824 kB
Mem:          3.8G       3.7G       138M       5.7M        29M       3.2G

MemTotal:        4016004 kB
MemFree:          142340 kB
Active:           362824 kB
Mem:          3.8G       3.7G       138M       5.7M        29M       3.2G

MemTotal:        4016004 kB
MemFree:          142340 kB
Active:           362800 kB
Mem:          3.8G       3.7G       138M       5.7M        29M       3.2G

MemTotal:        4016004 kB
MemFree:          142216 kB
Active:           362832 kB
Mem:          3.8G       3.7G       138M       5.7M        29M       3.2G

MemTotal:        4016004 kB
MemFree:          141968 kB
Active:           362796 kB
Mem:          3.8G       3.7G       138M       5.7M        29M       3.2G

MemTotal:        4016004 kB
MemFree:          142028 kB
Active:           362828 kB
Mem:          3.8G       3.7G       138M       5.7M        29M       3.2G

MemTotal:        4016004 kB
MemFree:          142216 kB
Active:           362792 kB
Mem:          3.8G       3.7G       138M       5.7M        29M       3.2G

MemTotal:        4016004 kB
MemFree:          141720 kB
Active:           362840 kB
Mem:          3.8G       3.7G       138M       5.7M        29M       3.2G

MemTotal:        4016004 kB
MemFree:          141844 kB
Active:           362792 kB
Mem:          3.8G       3.7G       138M       5.7M        29M       3.2G

MemTotal:        4016004 kB
MemFree:          142092 kB
Active:           362804 kB
Mem:          3.8G       3.7G       138M       5.7M        29M       3.2G

MemTotal:        4016004 kB
MemFree:          142216 kB
Active:           362848 kB
Mem:          3.8G       3.7G       138M       5.7M        29M       3.2G

MemTotal:        4016004 kB
MemFree:          141844 kB
Active:           362856 kB
Mem:          3.8G       3.7G       138M       5.7M        29M       3.2G

MemTotal:        4016004 kB
MemFree:          141844 kB
Active:           362856 kB
Mem:          3.8G       3.7G       138M       5.7M        29M       3.2G

MemTotal:        4016004 kB
MemFree:          141968 kB
Active:           362812 kB
Mem:          3.8G       3.7G       138M       5.7M        29M       3.2G

MemTotal:        4016004 kB
MemFree:          141968 kB
Active:           362820 kB
