MemTotal:        4016004 kB
MemFree:         3235792 kB
Active:           425268 kB
Mem:          3.8G       762M       3.1G       5.7M        52M       321M

MemTotal:        4016004 kB
MemFree:         3234552 kB
Active:           425624 kB
Mem:          3.8G       763M       3.1G       5.7M        52M       321M

MemTotal:        4016004 kB
MemFree:         3234536 kB
Active:           425760 kB
Mem:          3.8G       763M       3.1G       5.7M        52M       321M

MemTotal:        4016004 kB
MemFree:         3233900 kB
Active:           425764 kB
Mem:          3.8G       763M       3.1G       5.7M        52M       321M

MemTotal:        4016004 kB
MemFree:         3234008 kB
Active:           425764 kB
Mem:          3.8G       763M       3.1G       5.7M        52M       321M

MemTotal:        4016004 kB
MemFree:         3231896 kB
Active:           425848 kB
Mem:          3.8G       765M       3.1G       5.7M        52M       321M

MemTotal:        4016004 kB
MemFree:         3232640 kB
Active:           427836 kB
Mem:          3.8G       764M       3.1G       5.7M        52M       321M

MemTotal:        4016004 kB
MemFree:         3232764 kB
Active:           427852 kB
Mem:          3.8G       764M       3.1G       5.7M        52M       321M

MemTotal:        4016004 kB
MemFree:         3232764 kB
Active:           427852 kB
Mem:          3.8G       765M       3.1G       5.7M        52M       321M

MemTotal:        4016004 kB
MemFree:         3232640 kB
Active:           427872 kB
Mem:          3.8G       765M       3.1G       5.7M        52M       321M

MemTotal:        4016004 kB
MemFree:         3232524 kB
Active:           427892 kB
Mem:          3.8G       765M       3.1G       5.7M        52M       321M

MemTotal:        4016004 kB
MemFree:         3232508 kB
Active:           427888 kB
Mem:          3.8G       765M       3.1G       5.7M        52M       321M

MemTotal:        4016004 kB
MemFree:         3232260 kB
Active:           427868 kB
Mem:          3.8G       765M       3.1G       5.7M        52M       321M

MemTotal:        4016004 kB
MemFree:         3232260 kB
Active:           427888 kB
Mem:          3.8G       765M       3.1G       5.7M        52M       321M

MemTotal:        4016004 kB
MemFree:         3232120 kB
Active:           427864 kB
Mem:          3.8G       765M       3.1G       5.7M        52M       321M

MemTotal:        4016004 kB
MemFree:         3232368 kB
Active:           427876 kB
Mem:          3.8G       765M       3.1G       5.7M        52M       321M

MemTotal:        4016004 kB
MemFree:         3231996 kB
Active:           427900 kB
Mem:          3.8G       765M       3.1G       5.7M        52M       321M

MemTotal:        4016004 kB
MemFree:         3231872 kB
Active:           427884 kB
Mem:          3.8G       765M       3.1G       5.7M        52M       321M

MemTotal:        4016004 kB
MemFree:         3231980 kB
Active:           427848 kB
Mem:          3.8G       765M       3.1G       5.7M        52M       321M

MemTotal:        4016004 kB
MemFree:         3231592 kB
Active:           427900 kB
Mem:          3.8G       765M       3.1G       5.7M        52M       321M

MemTotal:        4016004 kB
MemFree:         3231964 kB
Active:           427884 kB
Mem:          3.8G       765M       3.1G       5.7M        52M       321M

MemTotal:        4016004 kB
MemFree:         3231592 kB
Active:           427908 kB
Mem:          3.8G       765M       3.1G       5.7M        52M       321M

MemTotal:        4016004 kB
MemFree:         3231576 kB
Active:           427868 kB
Mem:          3.8G       766M       3.1G       5.7M        52M       321M

MemTotal:        4016004 kB
MemFree:         3231700 kB
Active:           427864 kB
Mem:          3.8G       765M       3.1G       5.7M        52M       321M

MemTotal:        4016004 kB
MemFree:         3231328 kB
Active:           427908 kB
Mem:          3.8G       765M       3.1G       5.7M        52M       321M

MemTotal:        4016004 kB
MemFree:         3231808 kB
Active:           427880 kB
Mem:          3.8G       765M       3.1G       5.7M        52M       321M

MemTotal:        4016004 kB
MemFree:         3232088 kB
Active:           427876 kB
Mem:          3.8G       765M       3.1G       5.7M        52M       321M

MemTotal:        4016004 kB
MemFree:         3232212 kB
Active:           427884 kB
Mem:          3.8G       765M       3.1G       5.7M        52M       321M

MemTotal:        4016004 kB
MemFree:         3231840 kB
Active:           427916 kB
Mem:          3.8G       765M       3.1G       5.7M        52M       321M

MemTotal:        4016004 kB
MemFree:         3232212 kB
Active:           427888 kB
Mem:          3.8G       765M       3.1G       5.7M        52M       321M

MemTotal:        4016004 kB
MemFree:         3232336 kB
Active:           427888 kB
Mem:          3.8G       765M       3.1G       5.7M        52M       321M

MemTotal:        4016004 kB
MemFree:         3232336 kB
Active:           427896 kB
Mem:          3.8G       765M       3.1G       5.7M        52M       321M

MemTotal:        4016004 kB
MemFree:         3231964 kB
Active:           427916 kB
Mem:          3.8G       765M       3.1G       5.7M        52M       321M

MemTotal:        4016004 kB
MemFree:         3232212 kB
Active:           427908 kB
Mem:          3.8G       765M       3.1G       5.7M        52M       321M

MemTotal:        4016004 kB
MemFree:         3232212 kB
Active:           427896 kB
Mem:          3.8G       765M       3.1G       5.7M        52M       321M

MemTotal:        4016004 kB
MemFree:         3230040 kB
Active:           427896 kB
Mem:          3.8G       767M       3.1G       5.7M        52M       321M

MemTotal:        4016004 kB
MemFree:         3230040 kB
Active:           429948 kB
Mem:          3.8G       767M       3.1G       5.7M        52M       321M

MemTotal:        4016004 kB
MemFree:         3229916 kB
Active:           429892 kB
Mem:          3.8G       767M       3.1G       5.7M        52M       321M

MemTotal:        4016004 kB
MemFree:         3230164 kB
Active:           429920 kB
Mem:          3.8G       767M       3.1G       5.7M        52M       321M

MemTotal:        4016004 kB
MemFree:         3229792 kB
Active:           429952 kB
Mem:          3.8G       767M       3.1G       5.7M        52M       321M

MemTotal:        4016004 kB
MemFree:         3230148 kB
Active:           429908 kB
Mem:          3.8G       767M       3.1G       5.7M        52M       321M

MemTotal:        4016004 kB
MemFree:         3230088 kB
Active:           429936 kB
Mem:          3.8G       767M       3.1G       5.7M        52M       321M

MemTotal:        4016004 kB
MemFree:         3230088 kB
Active:           429932 kB
Mem:          3.8G       767M       3.1G       5.7M        52M       321M

MemTotal:        4016004 kB
MemFree:         3230088 kB
Active:           429912 kB
Mem:          3.8G       767M       3.1G       5.7M        52M       321M

MemTotal:        4016004 kB
MemFree:         3230212 kB
Active:           429948 kB
Mem:          3.8G       767M       3.1G       5.7M        52M       321M

MemTotal:        4016004 kB
MemFree:         3230336 kB
Active:           429932 kB
Mem:          3.8G       767M       3.1G       5.7M        52M       321M

MemTotal:        4016004 kB
MemFree:         3230088 kB
Active:           429948 kB
Mem:          3.8G       767M       3.1G       5.7M        52M       321M

MemTotal:        4016004 kB
MemFree:         3230088 kB
Active:           429920 kB
Mem:          3.8G       767M       3.1G       5.7M        52M       321M

MemTotal:        4016004 kB
MemFree:         3230336 kB
Active:           429960 kB
Mem:          3.8G       767M       3.1G       5.7M        52M       321M

MemTotal:        4016004 kB
MemFree:         3230460 kB
Active:           429928 kB
Mem:          3.8G       767M       3.1G       5.7M        52M       321M

MemTotal:        4016004 kB
MemFree:         3230152 kB
Active:           429952 kB
Mem:          3.8G       767M       3.1G       5.7M        52M       321M

MemTotal:        4016004 kB
MemFree:         3230028 kB
Active:           429976 kB
Mem:          3.8G       767M       3.1G       5.7M        52M       321M

MemTotal:        4016004 kB
MemFree:         3230632 kB
Active:           429964 kB
Mem:          3.8G       766M       3.1G       5.7M        52M       321M

MemTotal:        4016004 kB
MemFree:         3230632 kB
Active:           429944 kB
Mem:          3.8G       767M       3.1G       5.7M        52M       321M

MemTotal:        4016004 kB
MemFree:         3230136 kB
Active:           429988 kB
Mem:          3.8G       767M       3.1G       5.7M        52M       321M

MemTotal:        4016004 kB
MemFree:         3230136 kB
Active:           429964 kB
Mem:          3.8G       767M       3.1G       5.7M        52M       321M

MemTotal:        4016004 kB
MemFree:         3230136 kB
Active:           429988 kB
Mem:          3.8G       767M       3.1G       5.7M        52M       321M

MemTotal:        4016004 kB
MemFree:         3230152 kB
Active:           429992 kB
Mem:          3.8G       767M       3.1G       5.7M        52M       321M

MemTotal:        4016004 kB
MemFree:         3230152 kB
Active:           429992 kB
Mem:          3.8G       767M       3.1G       5.7M        52M       322M

MemTotal:        4016004 kB
MemFree:         3230028 kB
Active:           429984 kB
Mem:          3.8G       767M       3.1G       5.7M        52M       322M

MemTotal:        4016004 kB
MemFree:         3230028 kB
Active:           429996 kB
Mem:          3.8G       767M       3.1G       5.7M        52M       322M

MemTotal:        4016004 kB
MemFree:         3230152 kB
Active:           429964 kB
Mem:          3.8G       767M       3.1G       5.7M        52M       322M

MemTotal:        4016004 kB
MemFree:         3229780 kB
Active:           430008 kB
Mem:          3.8G       767M       3.1G       5.7M        52M       322M

MemTotal:        4016004 kB
MemFree:         3229516 kB
Active:           430008 kB
Mem:          3.8G       767M       3.1G       5.7M        52M       322M

MemTotal:        4016004 kB
MemFree:         3229940 kB
Active:           428020 kB
Mem:          3.8G       768M       3.1G       5.7M        52M       322M

MemTotal:        4016004 kB
MemFree:         3229912 kB
Active:           430004 kB
Mem:          3.8G       767M       3.1G       5.7M        52M       322M

MemTotal:        4016004 kB
MemFree:         3229788 kB
Active:           429980 kB
Mem:          3.8G       767M       3.1G       5.7M        52M       322M

MemTotal:        4016004 kB
MemFree:         3229988 kB
Active:           430008 kB
Mem:          3.8G       767M       3.1G       5.7M        52M       322M

MemTotal:        4016004 kB
MemFree:         3229912 kB
Active:           429992 kB
Mem:          3.8G       767M       3.1G       5.7M        52M       322M

MemTotal:        4016004 kB
MemFree:         3229524 kB
Active:           430016 kB
Mem:          3.8G       768M       3.1G       5.7M        52M       322M

MemTotal:        4016004 kB
MemFree:         3229540 kB
Active:           429996 kB
Mem:          3.8G       768M       3.1G       5.7M        52M       322M

MemTotal:        4016004 kB
MemFree:         3229168 kB
Active:           430020 kB
Mem:          3.8G       768M       3.1G       5.7M        52M       322M

MemTotal:        4016004 kB
MemFree:         3230084 kB
Active:           429988 kB
Mem:          3.8G       767M       3.1G       5.7M        52M       322M

MemTotal:        4016004 kB
MemFree:         3230084 kB
Active:           429980 kB
Mem:          3.8G       767M       3.1G       5.7M        52M       322M

MemTotal:        4016004 kB
MemFree:         3229960 kB
Active:           430016 kB
Mem:          3.8G       767M       3.1G       5.7M        52M       322M

MemTotal:        4016004 kB
MemFree:         3229572 kB
Active:           430020 kB
Mem:          3.8G       767M       3.1G       5.7M        52M       322M

MemTotal:        4016004 kB
MemFree:         3230036 kB
Active:           429980 kB
Mem:          3.8G       767M       3.1G       5.7M        52M       322M

MemTotal:        4016004 kB
MemFree:         3230036 kB
Active:           429972 kB
Mem:          3.8G       767M       3.1G       5.7M        52M       322M

MemTotal:        4016004 kB
MemFree:         3229896 kB
Active:           430020 kB
Mem:          3.8G       767M       3.1G       5.7M        52M       322M

MemTotal:        4016004 kB
MemFree:         3229772 kB
Active:           430000 kB
Mem:          3.8G       767M       3.1G       5.7M        52M       322M

MemTotal:        4016004 kB
MemFree:         3230004 kB
Active:           429988 kB
Mem:          3.8G       767M       3.1G       5.7M        52M       322M

MemTotal:        4016004 kB
MemFree:         3229864 kB
Active:           429992 kB
Mem:          3.8G       767M       3.1G       5.7M        52M       322M

MemTotal:        4016004 kB
MemFree:         3229616 kB
Active:           430028 kB
Mem:          3.8G       767M       3.1G       5.7M        52M       322M

MemTotal:        4016004 kB
MemFree:         3229616 kB
Active:           430044 kB
Mem:          3.8G       767M       3.1G       5.7M        52M       322M

MemTotal:        4016004 kB
MemFree:         3227380 kB
Active:           428132 kB
Mem:          3.8G       769M       3.1G       5.7M        52M       322M

MemTotal:        4016004 kB
MemFree:         3227008 kB
Active:           432240 kB
Mem:          3.8G       770M       3.1G       5.7M        52M       322M

MemTotal:        4016004 kB
MemFree:         3227752 kB
Active:           432196 kB
Mem:          3.8G       769M       3.1G       5.7M        52M       322M

MemTotal:        4016004 kB
MemFree:         3227924 kB
Active:           432192 kB
Mem:          3.8G       769M       3.1G       5.7M        52M       322M

MemTotal:        4016004 kB
MemFree:         3227552 kB
Active:           432248 kB
Mem:          3.8G       769M       3.1G       5.7M        52M       322M

MemTotal:        4016004 kB
MemFree:         3228420 kB
Active:           432248 kB
Mem:          3.8G       769M       3.1G       5.7M        52M       322M

MemTotal:        4016004 kB
MemFree:         3227800 kB
Active:           432252 kB
Mem:          3.8G       769M       3.1G       5.7M        52M       322M

MemTotal:        4016004 kB
MemFree:         3228048 kB
Active:           432252 kB
Mem:          3.8G       769M       3.1G       5.7M        52M       322M

MemTotal:        4016004 kB
MemFree:         3227924 kB
Active:           432228 kB
Mem:          3.8G       769M       3.1G       5.7M        52M       322M

MemTotal:        4016004 kB
MemFree:         3228048 kB
Active:           432224 kB
Mem:          3.8G       769M       3.1G       5.7M        52M       322M

MemTotal:        4016004 kB
MemFree:         3227916 kB
Active:           430300 kB
Mem:          3.8G       769M       3.1G       5.7M        52M       322M

MemTotal:        4016004 kB
MemFree:         3227636 kB
Active:           430288 kB
Mem:          3.8G       769M       3.1G       5.7M        52M       322M

MemTotal:        4016004 kB
MemFree:         3227744 kB
Active:           432328 kB
Mem:          3.8G       769M       3.1G       5.7M        52M       322M

MemTotal:        4016004 kB
MemFree:         3227248 kB
Active:           432368 kB
Mem:          3.8G       769M       3.1G       5.7M        52M       322M

MemTotal:        4016004 kB
MemFree:         3227760 kB
Active:           432364 kB
Mem:          3.8G       769M       3.1G       5.7M        52M       322M

MemTotal:        4016004 kB
MemFree:         3227636 kB
Active:           432344 kB
Mem:          3.8G       770M       3.1G       5.7M        52M       322M

MemTotal:        4016004 kB
MemFree:         3227620 kB
Active:           432368 kB
Mem:          3.8G       769M       3.1G       5.7M        52M       322M

MemTotal:        4016004 kB
MemFree:         2946464 kB
Active:           434696 kB
Mem:          3.8G       1.0G       2.8G       5.7M        52M       588M

MemTotal:        4016004 kB
MemFree:         2946620 kB
Active:           434708 kB
Mem:          3.8G       1.0G       2.8G       5.7M        52M       588M

MemTotal:        4016004 kB
MemFree:         2946192 kB
Active:           434712 kB
Mem:          3.8G       1.0G       2.8G       5.7M        52M       588M

MemTotal:        4016004 kB
MemFree:         2891080 kB
Active:           434912 kB
Mem:          3.8G       1.1G       2.8G       5.7M        52M       641M

MemTotal:        4016004 kB
MemFree:         2792508 kB
Active:           435356 kB
Mem:          3.8G       1.2G       2.7G       5.7M        52M       734M

MemTotal:        4016004 kB
MemFree:         2691432 kB
Active:           435544 kB
Mem:          3.8G       1.3G       2.6G       5.7M        52M       831M

MemTotal:        4016004 kB
MemFree:         2640276 kB
Active:           435928 kB
Mem:          3.8G       1.3G       2.5G       5.7M        52M       878M

MemTotal:        4016004 kB
MemFree:         2639656 kB
Active:           435952 kB
Mem:          3.8G       1.3G       2.5G       5.7M        52M       878M

MemTotal:        4016004 kB
MemFree:         2639692 kB
Active:           435916 kB
Mem:          3.8G       1.3G       2.5G       5.7M        52M       878M

MemTotal:        4016004 kB
MemFree:         2635776 kB
Active:           435980 kB
Mem:          3.8G       1.3G       2.5G       5.7M        52M       883M

MemTotal:        4016004 kB
MemFree:         2627044 kB
Active:           435980 kB
Mem:          3.8G       1.3G       2.5G       5.7M        52M       892M

MemTotal:        4016004 kB
MemFree:         2617456 kB
Active:           436088 kB
Mem:          3.8G       1.3G       2.5G       5.7M        52M       901M

MemTotal:        4016004 kB
MemFree:         2612420 kB
Active:           436120 kB
Mem:          3.8G       1.3G       2.5G       5.7M        52M       905M

MemTotal:        4016004 kB
MemFree:         2439624 kB
Active:           436680 kB
Mem:          3.8G       1.5G       2.3G       5.7M        52M       1.0G

MemTotal:        4016004 kB
MemFree:         2423920 kB
Active:           436896 kB
Mem:          3.8G       1.5G       2.3G       5.7M        52M       1.1G

MemTotal:        4016004 kB
MemFree:         2417084 kB
Active:           436952 kB
Mem:          3.8G       1.5G       2.3G       5.7M        52M       1.1G

MemTotal:        4016004 kB
MemFree:         2409968 kB
Active:           436988 kB
Mem:          3.8G       1.5G       2.3G       5.7M        52M       1.1G

MemTotal:        4016004 kB
MemFree:         2155328 kB
Active:           437884 kB
Mem:          3.8G       1.8G       2.1G       5.7M        52M       1.3G

MemTotal:        4016004 kB
MemFree:         2027612 kB
Active:           438364 kB
Mem:          3.8G       1.9G       1.9G       5.7M        52M       1.4G

MemTotal:        4016004 kB
MemFree:         1986736 kB
Active:           438564 kB
Mem:          3.8G       1.9G       1.9G       5.7M        52M       1.5G

MemTotal:        4016004 kB
MemFree:         1942068 kB
Active:           438676 kB
Mem:          3.8G       2.0G       1.9G       5.7M        52M       1.5G

MemTotal:        4016004 kB
MemFree:         1929264 kB
Active:           438888 kB
Mem:          3.8G       2.0G       1.8G       5.7M        52M       1.5G

MemTotal:        4016004 kB
MemFree:         1926936 kB
Active:           438864 kB
Mem:          3.8G       2.0G       1.8G       5.7M        52M       1.5G

MemTotal:        4016004 kB
MemFree:         1926628 kB
Active:           438904 kB
Mem:          3.8G       2.0G       1.8G       5.7M        52M       1.5G

MemTotal:        4016004 kB
MemFree:         1783560 kB
Active:           441380 kB
Mem:          3.8G       2.1G       1.7G       5.7M        52M       1.7G

MemTotal:        4016004 kB
MemFree:         1685576 kB
Active:           441872 kB
Mem:          3.8G       2.2G       1.6G       5.7M        52M       1.7G

MemTotal:        4016004 kB
MemFree:         1684336 kB
Active:           441896 kB
Mem:          3.8G       2.2G       1.6G       5.7M        52M       1.7G

MemTotal:        4016004 kB
MemFree:         1683720 kB
Active:           441900 kB
Mem:          3.8G       2.2G       1.6G       5.7M        52M       1.7G

MemTotal:        4016004 kB
MemFree:         1684080 kB
Active:           441860 kB
Mem:          3.8G       2.2G       1.6G       5.7M        52M       1.7G

MemTotal:        4016004 kB
MemFree:         1633480 kB
Active:           442116 kB
Mem:          3.8G       2.3G       1.6G       5.7M        52M       1.8G

MemTotal:        4016004 kB
MemFree:         1488028 kB
Active:           442572 kB
Mem:          3.8G       2.4G       1.4G       5.7M        52M       1.9G

MemTotal:        4016004 kB
MemFree:         1445152 kB
Active:           440840 kB
Mem:          3.8G       2.5G       1.4G       5.7M        52M       2.0G

MemTotal:        4016004 kB
MemFree:         1445684 kB
Active:           442868 kB
Mem:          3.8G       2.5G       1.4G       5.7M        52M       2.0G

MemTotal:        4016004 kB
MemFree:         1446108 kB
Active:           442852 kB
Mem:          3.8G       2.5G       1.4G       5.7M        52M       2.0G

MemTotal:        4016004 kB
MemFree:         1271260 kB
Active:           443396 kB
Mem:          3.8G       2.6G       1.2G       5.7M        52M       2.1G

MemTotal:        4016004 kB
MemFree:         1207628 kB
Active:           443724 kB
Mem:          3.8G       2.7G       1.2G       5.7M        52M       2.2G

MemTotal:        4016004 kB
MemFree:         1203520 kB
Active:           443836 kB
Mem:          3.8G       2.7G       1.1G       5.7M        52M       2.2G

MemTotal:        4016004 kB
MemFree:         1203136 kB
Active:           443788 kB
Mem:          3.8G       2.7G       1.1G       5.7M        52M       2.2G

MemTotal:        4016004 kB
MemFree:         1017116 kB
Active:           444512 kB
Mem:          3.8G       2.9G       992M       5.7M        52M       2.4G

MemTotal:        4016004 kB
MemFree:          997696 kB
Active:           442564 kB
Mem:          3.8G       2.9G       974M       5.7M        52M       2.4G

MemTotal:        4016004 kB
MemFree:          997856 kB
Active:           444660 kB
Mem:          3.8G       2.9G       974M       5.7M        52M       2.4G

MemTotal:        4016004 kB
MemFree:          997708 kB
Active:           444664 kB
Mem:          3.8G       2.9G       974M       5.7M        52M       2.4G

MemTotal:        4016004 kB
MemFree:          973272 kB
Active:           444760 kB
Mem:          3.8G       2.9G       949M       5.7M        52M       2.4G

MemTotal:        4016004 kB
MemFree:          796432 kB
Active:           445320 kB
Mem:          3.8G       3.1G       777M       5.7M        52M       2.6G

MemTotal:        4016004 kB
MemFree:          735764 kB
Active:           445580 kB
Mem:          3.8G       3.1G       718M       5.7M        52M       2.6G

MemTotal:        4016004 kB
MemFree:          735268 kB
Active:           445636 kB
Mem:          3.8G       3.1G       717M       5.7M        52M       2.6G

MemTotal:        4016004 kB
MemFree:          735208 kB
Active:           445672 kB
Mem:          3.8G       3.1G       717M       5.7M        52M       2.6G

MemTotal:        4016004 kB
MemFree:          734964 kB
Active:           445644 kB
Mem:          3.8G       3.1G       717M       5.7M        52M       2.6G

MemTotal:        4016004 kB
MemFree:          640404 kB
Active:           446036 kB
Mem:          3.8G       3.2G       625M       5.7M        52M       2.7G

MemTotal:        4016004 kB
MemFree:          519004 kB
Active:           446372 kB
Mem:          3.8G       3.3G       506M       5.7M        52M       2.8G

MemTotal:        4016004 kB
MemFree:          476952 kB
Active:           446700 kB
Mem:          3.8G       3.4G       465M       5.7M        52M       2.9G

MemTotal:        4016004 kB
MemFree:          476580 kB
Active:           446716 kB
Mem:          3.8G       3.4G       465M       5.7M        52M       2.9G

MemTotal:        4016004 kB
MemFree:          476800 kB
Active:           446708 kB
Mem:          3.8G       3.4G       465M       5.7M        52M       2.9G

MemTotal:        4016004 kB
MemFree:          476680 kB
Active:           446696 kB
Mem:          3.8G       3.4G       465M       5.7M        52M       2.9G

MemTotal:        4016004 kB
MemFree:          370744 kB
Active:           447076 kB
Mem:          3.8G       3.5G       362M       5.7M        52M       3.0G

MemTotal:        4016004 kB
MemFree:          251976 kB
Active:           447432 kB
Mem:          3.8G       3.6G       245M       5.7M        52M       3.1G

MemTotal:        4016004 kB
MemFree:          211024 kB
Active:           447752 kB
Mem:          3.8G       3.6G       205M       5.7M        52M       3.1G

MemTotal:        4016004 kB
MemFree:          210220 kB
Active:           447756 kB
Mem:          3.8G       3.6G       205M       5.7M        52M       3.1G

MemTotal:        4016004 kB
MemFree:          210528 kB
Active:           447716 kB
Mem:          3.8G       3.6G       205M       5.7M        52M       3.1G

MemTotal:        4016004 kB
MemFree:          133968 kB
Active:           449964 kB
Mem:          3.8G       3.7G       130M       5.7M        52M       3.2G

MemTotal:        4016004 kB
MemFree:          156884 kB
Active:           506992 kB
Mem:          3.8G       3.7G       145M       5.7M        19M       3.2G

MemTotal:        4016004 kB
MemFree:          149308 kB
Active:           497928 kB
Mem:          3.8G       3.7G       145M       5.7M        19M       3.2G

MemTotal:        4016004 kB
MemFree:          118436 kB
Active:           484292 kB
Mem:          3.8G       3.7G       127M       5.7M        19M       3.2G

MemTotal:        4016004 kB
MemFree:          116300 kB
Active:           477572 kB
Mem:          3.8G       3.7G       113M       5.7M        19M       3.2G

MemTotal:        4016004 kB
MemFree:          115364 kB
Active:           477664 kB
Mem:          3.8G       3.7G       112M       5.7M        19M       3.2G

MemTotal:        4016004 kB
MemFree:          136376 kB
Active:           466540 kB
Mem:          3.8G       3.7G       132M       5.7M        19M       3.2G

MemTotal:        4016004 kB
MemFree:          134948 kB
Active:           462164 kB
Mem:          3.8G       3.7G       131M       5.7M        19M       3.2G

MemTotal:        4016004 kB
MemFree:          134892 kB
Active:           462144 kB
Mem:          3.8G       3.7G       131M       5.7M        19M       3.2G

MemTotal:        4016004 kB
MemFree:          134380 kB
Active:           462156 kB
Mem:          3.8G       3.7G       131M       5.7M        19M       3.2G

MemTotal:        4016004 kB
MemFree:          134684 kB
Active:           462132 kB
Mem:          3.8G       3.7G       131M       5.7M        19M       3.2G

MemTotal:        4016004 kB
MemFree:          135800 kB
Active:           460004 kB
Mem:          3.8G       3.7G       130M       5.7M        19M       3.2G

MemTotal:        4016004 kB
MemFree:          130720 kB
Active:           456352 kB
Mem:          3.8G       3.7G       127M       5.7M        19M       3.2G

MemTotal:        4016004 kB
MemFree:          126060 kB
Active:           455428 kB
Mem:          3.8G       3.7G       122M       5.7M        19M       3.2G

MemTotal:        4016004 kB
MemFree:          125692 kB
Active:           455420 kB
Mem:          3.8G       3.7G       122M       5.7M        19M       3.2G

MemTotal:        4016004 kB
MemFree:          125544 kB
Active:           455408 kB
Mem:          3.8G       3.7G       122M       5.7M        19M       3.2G

MemTotal:        4016004 kB
MemFree:          127304 kB
Active:           453552 kB
Mem:          3.8G       3.7G       123M       5.7M        19M       3.2G

MemTotal:        4016004 kB
MemFree:          128172 kB
Active:           450852 kB
Mem:          3.8G       3.7G       125M       5.7M        19M       3.2G

MemTotal:        4016004 kB
MemFree:          126608 kB
Active:           449872 kB
Mem:          3.8G       3.7G       123M       5.7M        19M       3.2G

MemTotal:        4016004 kB
MemFree:          126796 kB
Active:           449872 kB
Mem:          3.8G       3.7G       123M       5.7M        19M       3.2G

MemTotal:        4016004 kB
MemFree:          126244 kB
Active:           449880 kB
Mem:          3.8G       3.7G       123M       5.7M        19M       3.2G

MemTotal:        4016004 kB
MemFree:          126792 kB
Active:           449868 kB
Mem:          3.8G       3.7G       123M       5.7M        19M       3.2G

MemTotal:        4016004 kB
MemFree:          105192 kB
Active:           447760 kB
Mem:          3.8G       3.7G       102M       5.7M        19M       3.2G

MemTotal:        4016004 kB
MemFree:          122944 kB
Active:           443216 kB
Mem:          3.8G       3.7G       120M       5.7M        19M       3.2G

MemTotal:        4016004 kB
MemFree:          134040 kB
Active:           442488 kB
Mem:          3.8G       3.7G       130M       5.7M        19M       3.2G

MemTotal:        4016004 kB
MemFree:          134356 kB
Active:           442476 kB
Mem:          3.8G       3.7G       131M       5.7M        19M       3.2G

MemTotal:        4016004 kB
MemFree:          128932 kB
Active:           441868 kB
Mem:          3.8G       3.7G       123M       5.7M        19M       3.2G

MemTotal:        4016004 kB
MemFree:          129720 kB
Active:           438668 kB
Mem:          3.8G       3.7G       126M       5.7M        19M       3.2G

MemTotal:        4016004 kB
MemFree:          129052 kB
Active:           438776 kB
Mem:          3.8G       3.7G       125M       5.7M        19M       3.2G

MemTotal:        4016004 kB
MemFree:          128744 kB
Active:           438780 kB
Mem:          3.8G       3.7G       125M       5.7M        19M       3.2G

MemTotal:        4016004 kB
MemFree:          129000 kB
Active:           438768 kB
Mem:          3.8G       3.7G       126M       5.7M        19M       3.2G

MemTotal:        4016004 kB
MemFree:          134120 kB
Active:           436124 kB
Mem:          3.8G       3.7G       131M       5.7M        19M       3.2G

MemTotal:        4016004 kB
MemFree:          111716 kB
Active:           434356 kB
Mem:          3.8G       3.7G       109M       5.7M        19M       3.2G

MemTotal:        4016004 kB
MemFree:          125836 kB
Active:           430784 kB
Mem:          3.8G       3.7G       123M       5.7M        19M       3.2G

MemTotal:        4016004 kB
MemFree:          134140 kB
Active:           429848 kB
Mem:          3.8G       3.7G       130M       5.7M        19M       3.2G

MemTotal:        4016004 kB
MemFree:          105784 kB
Active:           429660 kB
Mem:          3.8G       3.7G       102M       5.7M        19M       3.2G

MemTotal:        4016004 kB
MemFree:          134896 kB
Active:           427860 kB
Mem:          3.8G       3.7G       130M       5.7M        19M       3.2G

MemTotal:        4016004 kB
MemFree:          105332 kB
Active:           424924 kB
Mem:          3.8G       3.7G       102M       5.7M        19M       3.2G

MemTotal:        4016004 kB
MemFree:          124040 kB
Active:           423832 kB
Mem:          3.8G       3.7G       120M       5.7M        19M       3.2G

MemTotal:        4016004 kB
MemFree:          116680 kB
Active:           423840 kB
Mem:          3.8G       3.7G       114M       5.7M        19M       3.2G

MemTotal:        4016004 kB
MemFree:          116220 kB
Active:           423892 kB
Mem:          3.8G       3.7G       113M       5.7M        19M       3.2G

MemTotal:        4016004 kB
MemFree:          116936 kB
Active:           423076 kB
Mem:          3.8G       3.7G       114M       5.7M        19M       3.2G

MemTotal:        4016004 kB
MemFree:          128500 kB
Active:           419516 kB
Mem:          3.8G       3.7G       125M       5.7M        19M       3.2G

MemTotal:        4016004 kB
MemFree:          124948 kB
Active:           417492 kB
Mem:          3.8G       3.7G       122M       5.7M        19M       3.2G

MemTotal:        4016004 kB
MemFree:          136272 kB
Active:           417004 kB
Mem:          3.8G       3.7G       133M       5.7M        19M       3.2G

MemTotal:        4016004 kB
MemFree:          136520 kB
Active:           417008 kB
Mem:          3.8G       3.7G       133M       5.7M        19M       3.2G

MemTotal:        4016004 kB
MemFree:          136524 kB
Active:           416956 kB
Mem:          3.8G       3.7G       133M       5.7M        19M       3.2G

MemTotal:        4016004 kB
MemFree:          106912 kB
Active:           416440 kB
Mem:          3.8G       3.7G       104M       5.7M        19M       3.2G

MemTotal:        4016004 kB
MemFree:          107172 kB
Active:           415040 kB
Mem:          3.8G       3.7G       113M       5.7M        19M       3.2G

MemTotal:        4016004 kB
MemFree:          125284 kB
Active:           414792 kB
Mem:          3.8G       3.7G       121M       5.7M        19M       3.2G

MemTotal:        4016004 kB
MemFree:          124604 kB
Active:           414812 kB
Mem:          3.8G       3.7G       121M       5.7M        19M       3.2G

MemTotal:        4016004 kB
MemFree:          122720 kB
Active:           414768 kB
Mem:          3.8G       3.7G       119M       5.7M        19M       3.2G

MemTotal:        4016004 kB
MemFree:          112228 kB
Active:           414968 kB
Mem:          3.8G       3.7G       108M       5.7M        19M       3.2G

MemTotal:        4016004 kB
MemFree:          142216 kB
Active:           412448 kB
Mem:          3.8G       3.7G       138M       5.7M        19M       3.2G

MemTotal:        4016004 kB
MemFree:          140932 kB
Active:           412408 kB
Mem:          3.8G       3.7G       137M       5.7M        19M       3.2G

MemTotal:        4016004 kB
MemFree:          141276 kB
Active:           412388 kB
Mem:          3.8G       3.7G       137M       5.7M        19M       3.2G

MemTotal:        4016004 kB
MemFree:          124064 kB
Active:           412396 kB
Mem:          3.8G       3.7G       119M       5.7M        19M       3.2G

MemTotal:        4016004 kB
MemFree:          139544 kB
Active:           410440 kB
Mem:          3.8G       3.7G       135M       5.7M        19M       3.2G

MemTotal:        4016004 kB
MemFree:          114736 kB
Active:           408376 kB
Mem:          3.8G       3.7G       111M       5.7M        19M       3.2G

MemTotal:        4016004 kB
MemFree:          117568 kB
Active:           407452 kB
Mem:          3.8G       3.7G       114M       5.7M        19M       3.2G

MemTotal:        4016004 kB
MemFree:          117208 kB
Active:           407420 kB
Mem:          3.8G       3.7G       114M       5.7M        19M       3.2G

MemTotal:        4016004 kB
MemFree:          117432 kB
Active:           407404 kB
Mem:          3.8G       3.7G       114M       5.7M        19M       3.2G

MemTotal:        4016004 kB
MemFree:          124076 kB
Active:           404104 kB
Mem:          3.8G       3.7G       120M       5.7M        19M       3.2G

MemTotal:        4016004 kB
MemFree:          135988 kB
Active:           402216 kB
Mem:          3.8G       3.7G       131M       5.7M        19M       3.2G

MemTotal:        4016004 kB
MemFree:          109328 kB
Active:           400996 kB
Mem:          3.8G       3.7G       106M       5.7M        19M       3.2G

MemTotal:        4016004 kB
MemFree:          138020 kB
Active:           398920 kB
Mem:          3.8G       3.7G       135M       5.7M        19M       3.2G

MemTotal:        4016004 kB
MemFree:          138068 kB
Active:           398924 kB
Mem:          3.8G       3.7G       134M       5.7M        19M       3.2G

MemTotal:        4016004 kB
MemFree:          138164 kB
Active:           398896 kB
Mem:          3.8G       3.7G       134M       5.7M        19M       3.2G

MemTotal:        4016004 kB
MemFree:          146676 kB
Active:           398744 kB
Mem:          3.8G       3.7G       143M       5.7M        19M       3.2G

MemTotal:        4016004 kB
MemFree:          140036 kB
Active:           399024 kB
Mem:          3.8G       3.7G       137M       5.7M        19M       3.2G

MemTotal:        4016004 kB
MemFree:          124964 kB
Active:           399276 kB
Mem:          3.8G       3.7G       122M       5.7M        19M       3.2G

MemTotal:        4016004 kB
MemFree:          125120 kB
Active:           398420 kB
Mem:          3.8G       3.7G       122M       5.7M        19M       3.2G

MemTotal:        4016004 kB
MemFree:          124700 kB
Active:           400468 kB
Mem:          3.8G       3.7G       121M       5.7M        19M       3.2G

MemTotal:        4016004 kB
MemFree:          127548 kB
Active:           397952 kB
Mem:          3.8G       3.7G       124M       5.7M        19M       3.2G

MemTotal:        4016004 kB
MemFree:          131904 kB
Active:           398096 kB
Mem:          3.8G       3.7G       128M       5.7M        19M       3.2G

MemTotal:        4016004 kB
MemFree:          134844 kB
Active:           398404 kB
Mem:          3.8G       3.7G       131M       5.7M        19M       3.2G

MemTotal:        4016004 kB
MemFree:          134908 kB
Active:           398360 kB
Mem:          3.8G       3.7G       131M       5.7M        19M       3.2G

MemTotal:        4016004 kB
MemFree:          135128 kB
Active:           398368 kB
Mem:          3.8G       3.7G       132M       5.7M        19M       3.2G

MemTotal:        4016004 kB
MemFree:          117316 kB
Active:           398376 kB
Mem:          3.8G       3.7G       113M       5.7M        19M       3.2G

MemTotal:        4016004 kB
MemFree:          124220 kB
Active:           398872 kB
Mem:          3.8G       3.7G       121M       5.7M        19M       3.2G

MemTotal:        4016004 kB
MemFree:          134956 kB
Active:           399156 kB
Mem:          3.8G       3.7G       132M       5.7M        19M       3.2G

MemTotal:        4016004 kB
MemFree:          135436 kB
Active:           400916 kB
Mem:          3.8G       3.7G       132M       5.7M        19M       3.2G

MemTotal:        4016004 kB
MemFree:          135316 kB
Active:           400956 kB
Mem:          3.8G       3.7G       132M       5.7M        19M       3.2G

MemTotal:        4016004 kB
MemFree:          133948 kB
Active:           397216 kB
Mem:          3.8G       3.7G       130M       5.7M        19M       3.2G

MemTotal:        4016004 kB
MemFree:          121280 kB
Active:           397212 kB
Mem:          3.8G       3.7G       117M       5.7M        19M       3.2G

MemTotal:        4016004 kB
MemFree:          114620 kB
Active:           397392 kB
Mem:          3.8G       3.7G       111M       5.7M        19M       3.2G

MemTotal:        4016004 kB
MemFree:          131924 kB
Active:           397612 kB
Mem:          3.8G       3.7G       128M       5.7M        19M       3.2G

MemTotal:        4016004 kB
MemFree:          131276 kB
Active:           397628 kB
Mem:          3.8G       3.7G       128M       5.7M        19M       3.2G

MemTotal:        4016004 kB
MemFree:          131684 kB
Active:           397628 kB
Mem:          3.8G       3.7G       128M       5.7M        19M       3.2G

MemTotal:        4016004 kB
MemFree:          132288 kB
Active:           397732 kB
Mem:          3.8G       3.7G       128M       5.7M        19M       3.2G

MemTotal:        4016004 kB
MemFree:          132204 kB
Active:           397888 kB
Mem:          3.8G       3.7G       128M       5.7M        19M       3.2G

MemTotal:        4016004 kB
MemFree:          143896 kB
Active:           395840 kB
Mem:          3.8G       3.7G       140M       5.7M        19M       3.2G

MemTotal:        4016004 kB
MemFree:          144452 kB
Active:           395928 kB
Mem:          3.8G       3.7G       141M       5.7M        19M       3.2G

MemTotal:        4016004 kB
MemFree:          144084 kB
Active:           395932 kB
Mem:          3.8G       3.7G       140M       5.7M        19M       3.2G

MemTotal:        4016004 kB
MemFree:          137960 kB
Active:           396356 kB
Mem:          3.8G       3.7G       133M       5.7M        19M       3.2G

MemTotal:        4016004 kB
MemFree:          110556 kB
Active:           396740 kB
Mem:          3.8G       3.7G       107M       5.7M        19M       3.2G

MemTotal:        4016004 kB
MemFree:          110832 kB
Active:           396996 kB
Mem:          3.8G       3.7G       107M       5.7M        19M       3.2G

MemTotal:        4016004 kB
MemFree:          109896 kB
Active:           397100 kB
Mem:          3.8G       3.7G       107M       5.7M        19M       3.2G

MemTotal:        4016004 kB
MemFree:          110024 kB
Active:           397100 kB
Mem:          3.8G       3.7G       107M       5.7M        19M       3.2G

MemTotal:        4016004 kB
MemFree:          109812 kB
Active:           397084 kB
Mem:          3.8G       3.7G       107M       5.7M        19M       3.2G

MemTotal:        4016004 kB
MemFree:          142948 kB
Active:           395684 kB
Mem:          3.8G       3.7G       139M       5.7M        19M       3.2G

MemTotal:        4016004 kB
MemFree:          122868 kB
Active:           395864 kB
Mem:          3.8G       3.7G       119M       5.7M        19M       3.2G

MemTotal:        4016004 kB
MemFree:          147296 kB
Active:           396088 kB
Mem:          3.8G       3.7G       143M       5.7M        19M       3.2G

MemTotal:        4016004 kB
MemFree:          127360 kB
Active:           396740 kB
Mem:          3.8G       3.7G       124M       5.7M        19M       3.2G

MemTotal:        4016004 kB
MemFree:          108540 kB
Active:           396932 kB
Mem:          3.8G       3.7G       106M       5.7M        19M       3.2G

MemTotal:        4016004 kB
MemFree:          126824 kB
Active:           397028 kB
Mem:          3.8G       3.7G       123M       5.7M        19M       3.2G

MemTotal:        4016004 kB
MemFree:          126268 kB
Active:           397052 kB
Mem:          3.8G       3.7G       123M       5.7M        19M       3.2G

MemTotal:        4016004 kB
MemFree:          126488 kB
Active:           397036 kB
Mem:          3.8G       3.7G       123M       5.7M        19M       3.2G

MemTotal:        4016004 kB
MemFree:          129568 kB
Active:           397804 kB
Mem:          3.8G       3.7G       126M       5.7M        19M       3.2G

MemTotal:        4016004 kB
MemFree:          125588 kB
Active:           398148 kB
Mem:          3.8G       3.7G       122M       5.7M        19M       3.2G

MemTotal:        4016004 kB
MemFree:          144940 kB
Active:           398400 kB
Mem:          3.8G       3.7G       141M       5.7M        19M       3.2G

MemTotal:        4016004 kB
MemFree:          145440 kB
Active:           398392 kB
Mem:          3.8G       3.7G       142M       5.7M        19M       3.2G

MemTotal:        4016004 kB
MemFree:          145504 kB
Active:           398364 kB
Mem:          3.8G       3.7G       142M       5.7M        19M       3.2G

MemTotal:        4016004 kB
MemFree:          126536 kB
Active:           398912 kB
Mem:          3.8G       3.7G       122M       5.7M        19M       3.2G

MemTotal:        4016004 kB
MemFree:          109604 kB
Active:           389180 kB
Mem:          3.8G       3.7G       106M       5.7M        19M       3.2G

MemTotal:        4016004 kB
MemFree:          124648 kB
Active:           389348 kB
Mem:          3.8G       3.7G       121M       5.7M        19M       3.2G

MemTotal:        4016004 kB
MemFree:          127800 kB
Active:           389420 kB
Mem:          3.8G       3.7G       124M       5.7M        19M       3.2G

MemTotal:        4016004 kB
MemFree:          123332 kB
Active:           389804 kB
Mem:          3.8G       3.7G       119M       5.7M        19M       3.2G

MemTotal:        4016004 kB
MemFree:          106640 kB
Active:           390244 kB
Mem:          3.8G       3.7G       103M       5.7M        19M       3.2G

MemTotal:        4016004 kB
MemFree:          105556 kB
Active:           390244 kB
Mem:          3.8G       3.7G       102M       5.7M        19M       3.2G

MemTotal:        4016004 kB
MemFree:          105780 kB
Active:           390224 kB
Mem:          3.8G       3.7G       103M       5.7M        19M       3.2G

MemTotal:        4016004 kB
MemFree:          105792 kB
Active:           390192 kB
Mem:          3.8G       3.7G       103M       5.7M        19M       3.2G

MemTotal:        4016004 kB
MemFree:          135480 kB
Active:           390728 kB
Mem:          3.8G       3.7G       132M       5.7M        19M       3.2G

MemTotal:        4016004 kB
MemFree:          126476 kB
Active:           390184 kB
Mem:          3.8G       3.7G       123M       5.7M        19M       3.2G

MemTotal:        4016004 kB
MemFree:          140284 kB
Active:           390076 kB
Mem:          3.8G       3.7G       136M       5.7M        19M       3.2G

MemTotal:        4016004 kB
MemFree:          140288 kB
Active:           390020 kB
Mem:          3.8G       3.7G       137M       5.7M        19M       3.2G

MemTotal:        4016004 kB
MemFree:          140540 kB
Active:           390036 kB
Mem:          3.8G       3.7G       137M       5.7M        19M       3.2G

MemTotal:        4016004 kB
MemFree:          126392 kB
Active:           390532 kB
Mem:          3.8G       3.7G       123M       5.7M        20M       3.2G

MemTotal:        4016004 kB
MemFree:          112704 kB
Active:           390784 kB
Mem:          3.8G       3.7G       109M       5.7M        20M       3.2G

MemTotal:        4016004 kB
MemFree:          111468 kB
Active:           390788 kB
Mem:          3.8G       3.7G       108M       5.7M        20M       3.2G

MemTotal:        4016004 kB
MemFree:          111276 kB
Active:           390808 kB
Mem:          3.8G       3.7G       108M       5.7M        20M       3.2G

MemTotal:        4016004 kB
MemFree:          132636 kB
Active:           391336 kB
Mem:          3.8G       3.7G       129M       5.7M        20M       3.2G

MemTotal:        4016004 kB
MemFree:          128648 kB
Active:           391680 kB
Mem:          3.8G       3.7G       125M       5.7M        20M       3.2G

MemTotal:        4016004 kB
MemFree:          122612 kB
Active:           391952 kB
Mem:          3.8G       3.7G       119M       5.7M        20M       3.2G

MemTotal:        4016004 kB
MemFree:          121808 kB
Active:           392028 kB
Mem:          3.8G       3.7G       119M       5.7M        20M       3.2G

MemTotal:        4016004 kB
MemFree:          121872 kB
Active:           392024 kB
Mem:          3.8G       3.7G       119M       5.7M        20M       3.2G

MemTotal:        4016004 kB
MemFree:          132224 kB
Active:           390168 kB
Mem:          3.8G       3.7G       127M       5.7M        20M       3.2G

MemTotal:        4016004 kB
MemFree:          130880 kB
Active:           390448 kB
Mem:          3.8G       3.7G       127M       5.7M        20M       3.2G

MemTotal:        4016004 kB
MemFree:          123976 kB
Active:           390776 kB
Mem:          3.8G       3.7G       121M       5.7M        20M       3.2G

MemTotal:        4016004 kB
MemFree:          124396 kB
Active:           390880 kB
Mem:          3.8G       3.7G       121M       5.7M        20M       3.2G

MemTotal:        4016004 kB
MemFree:          123472 kB
Active:           390884 kB
Mem:          3.8G       3.7G       120M       5.7M        20M       3.2G

MemTotal:        4016004 kB
MemFree:          123288 kB
Active:           390884 kB
Mem:          3.8G       3.7G       120M       5.7M        20M       3.2G

MemTotal:        4016004 kB
MemFree:          139056 kB
Active:           391336 kB
Mem:          3.8G       3.7G       135M       5.7M        20M       3.2G

MemTotal:        4016004 kB
MemFree:          126048 kB
Active:           391528 kB
Mem:          3.8G       3.7G       123M       5.7M        20M       3.2G

MemTotal:        4016004 kB
MemFree:          130400 kB
Active:           391692 kB
Mem:          3.8G       3.7G       127M       5.7M        20M       3.2G

MemTotal:        4016004 kB
MemFree:          134080 kB
Active:           390648 kB
Mem:          3.8G       3.7G       131M       5.7M        20M       3.2G

MemTotal:        4016004 kB
MemFree:          116484 kB
Active:           390628 kB
Mem:          3.8G       3.7G       113M       5.7M        20M       3.2G

MemTotal:        4016004 kB
MemFree:          116608 kB
Active:           390696 kB
Mem:          3.8G       3.7G       113M       5.7M        20M       3.2G

MemTotal:        4016004 kB
MemFree:          116520 kB
Active:           390720 kB
Mem:          3.8G       3.7G       113M       5.7M        20M       3.2G

MemTotal:        4016004 kB
MemFree:          116524 kB
Active:           390672 kB
Mem:          3.8G       3.7G       113M       5.7M        20M       3.2G

MemTotal:        4016004 kB
MemFree:          128268 kB
Active:           391284 kB
Mem:          3.8G       3.7G       125M       5.7M        20M       3.2G

MemTotal:        4016004 kB
MemFree:          127920 kB
Active:           391232 kB
Mem:          3.8G       3.7G       124M       5.7M        20M       3.2G

MemTotal:        4016004 kB
MemFree:          114620 kB
Active:           391412 kB
Mem:          3.8G       3.7G       111M       5.7M        20M       3.2G

MemTotal:        4016004 kB
MemFree:          114608 kB
Active:           391440 kB
Mem:          3.8G       3.7G       111M       5.7M        20M       3.2G

MemTotal:        4016004 kB
MemFree:          114956 kB
Active:           391500 kB
Mem:          3.8G       3.7G       112M       5.7M        20M       3.2G

MemTotal:        4016004 kB
MemFree:          140552 kB
Active:           391960 kB
Mem:          3.8G       3.7G       137M       5.7M        20M       3.2G

MemTotal:        4016004 kB
MemFree:          125212 kB
Active:           392240 kB
Mem:          3.8G       3.7G       121M       5.7M        20M       3.2G

MemTotal:        4016004 kB
MemFree:          111168 kB
Active:           392432 kB
Mem:          3.8G       3.7G       108M       5.7M        20M       3.2G

MemTotal:        4016004 kB
MemFree:          108424 kB
Active:           392636 kB
Mem:          3.8G       3.7G       105M       5.7M        20M       3.2G

MemTotal:        4016004 kB
MemFree:          116024 kB
Active:           392912 kB
Mem:          3.8G       3.7G       112M       5.7M        20M       3.2G

MemTotal:        4016004 kB
MemFree:          111556 kB
Active:           393076 kB
Mem:          3.8G       3.7G       108M       5.7M        20M       3.2G

MemTotal:        4016004 kB
MemFree:          114656 kB
Active:           391516 kB
Mem:          3.8G       3.7G       111M       5.7M        20M       3.2G

MemTotal:        4016004 kB
MemFree:          135460 kB
Active:           391572 kB
Mem:          3.8G       3.7G       131M       5.7M        20M       3.2G

MemTotal:        4016004 kB
MemFree:          131848 kB
Active:           391876 kB
Mem:          3.8G       3.7G       128M       5.7M        20M       3.2G

MemTotal:        4016004 kB
MemFree:          136024 kB
Active:           391868 kB
Mem:          3.8G       3.7G       132M       5.7M        20M       3.2G

MemTotal:        4016004 kB
MemFree:          130756 kB
Active:           391876 kB
Mem:          3.8G       3.7G       127M       5.7M        20M       3.2G

MemTotal:        4016004 kB
MemFree:          127280 kB
Active:           392028 kB
Mem:          3.8G       3.7G       123M       5.7M        20M       3.2G

MemTotal:        4016004 kB
MemFree:          125484 kB
Active:           392292 kB
Mem:          3.8G       3.7G       121M       5.7M        20M       3.2G

MemTotal:        4016004 kB
MemFree:          137292 kB
Active:           392448 kB
Mem:          3.8G       3.7G       133M       5.7M        20M       3.2G

MemTotal:        4016004 kB
MemFree:          136688 kB
Active:           392492 kB
Mem:          3.8G       3.7G       133M       5.7M        20M       3.2G

MemTotal:        4016004 kB
MemFree:          136944 kB
Active:           392512 kB
Mem:          3.8G       3.7G       133M       5.7M        20M       3.2G

MemTotal:        4016004 kB
MemFree:          137112 kB
Active:           392540 kB
Mem:          3.8G       3.7G       133M       5.7M        20M       3.2G

MemTotal:        4016004 kB
MemFree:          135344 kB
Active:           392744 kB
Mem:          3.8G       3.7G       137M       5.7M        20M       3.2G

MemTotal:        4016004 kB
MemFree:          127412 kB
Active:           393320 kB
Mem:          3.8G       3.7G       124M       5.7M        20M       3.2G

MemTotal:        4016004 kB
MemFree:          127124 kB
Active:           393512 kB
Mem:          3.8G       3.7G       124M       5.7M        20M       3.2G

MemTotal:        4016004 kB
MemFree:          129916 kB
Active:           393744 kB
Mem:          3.8G       3.7G       126M       5.7M        20M       3.2G

MemTotal:        4016004 kB
MemFree:          124744 kB
Active:           394308 kB
Mem:          3.8G       3.7G       121M       5.7M        20M       3.2G

MemTotal:        4016004 kB
MemFree:          119960 kB
Active:           394368 kB
Mem:          3.8G       3.7G       116M       5.7M        20M       3.2G

MemTotal:        4016004 kB
MemFree:          126664 kB
Active:           394428 kB
Mem:          3.8G       3.7G       123M       5.7M        20M       3.2G

MemTotal:        4016004 kB
MemFree:          121292 kB
Active:           394580 kB
Mem:          3.8G       3.7G       116M       5.7M        20M       3.2G

MemTotal:        4016004 kB
MemFree:          129064 kB
Active:           394896 kB
Mem:          3.8G       3.7G       125M       5.7M        20M       3.2G

MemTotal:        4016004 kB
MemFree:          128492 kB
Active:           394820 kB
Mem:          3.8G       3.7G       125M       5.7M        20M       3.2G

MemTotal:        4016004 kB
MemFree:          128152 kB
Active:           394868 kB
Mem:          3.8G       3.7G       124M       5.7M        20M       3.2G

MemTotal:        4016004 kB
MemFree:          146820 kB
Active:           398416 kB
Mem:          3.8G       3.7G       142M       5.7M        24M       3.2G

MemTotal:        4016004 kB
MemFree:          126972 kB
Active:           401892 kB
Mem:          3.8G       3.7G       123M       5.7M        27M       3.2G

MemTotal:        4016004 kB
MemFree:          131820 kB
Active:           401340 kB
Mem:          3.8G       3.7G       128M       5.7M        27M       3.2G

MemTotal:        4016004 kB
MemFree:          136124 kB
Active:           401764 kB
Mem:          3.8G       3.7G       132M       5.7M        27M       3.2G

MemTotal:        4016004 kB
MemFree:          146260 kB
Active:           402136 kB
Mem:          3.8G       3.7G       142M       5.7M        27M       3.2G

MemTotal:        4016004 kB
MemFree:          138328 kB
Active:           402216 kB
Mem:          3.8G       3.7G       135M       5.7M        27M       3.2G

MemTotal:        4016004 kB
MemFree:          138672 kB
Active:           402180 kB
Mem:          3.8G       3.7G       135M       5.7M        27M       3.2G

MemTotal:        4016004 kB
MemFree:          138768 kB
Active:           402208 kB
Mem:          3.8G       3.7G       135M       5.7M        27M       3.2G

MemTotal:        4016004 kB
MemFree:          146320 kB
Active:           402592 kB
Mem:          3.8G       3.7G       142M       5.7M        27M       3.2G

MemTotal:        4016004 kB
MemFree:          127492 kB
Active:           403004 kB
Mem:          3.8G       3.7G       124M       5.7M        27M       3.2G

MemTotal:        4016004 kB
MemFree:          136332 kB
Active:           403244 kB
Mem:          3.8G       3.7G       133M       5.7M        27M       3.2G

MemTotal:        4016004 kB
MemFree:          136800 kB
Active:           403224 kB
Mem:          3.8G       3.7G       133M       5.7M        27M       3.2G

MemTotal:        4016004 kB
MemFree:          136468 kB
Active:           403236 kB
Mem:          3.8G       3.7G       133M       5.7M        27M       3.2G

MemTotal:        4016004 kB
MemFree:          131492 kB
Active:           403660 kB
Mem:          3.8G       3.7G       128M       5.7M        27M       3.2G

MemTotal:        4016004 kB
MemFree:          112000 kB
Active:           403968 kB
Mem:          3.8G       3.7G       109M       5.7M        27M       3.2G

MemTotal:        4016004 kB
MemFree:          117972 kB
Active:           404160 kB
Mem:          3.8G       3.7G       114M       5.7M        27M       3.2G

MemTotal:        4016004 kB
MemFree:          132160 kB
Active:           404424 kB
Mem:          3.8G       3.7G       129M       5.7M        27M       3.2G

MemTotal:        4016004 kB
MemFree:          147596 kB
Active:           404572 kB
Mem:          3.8G       3.7G       143M       5.7M        27M       3.2G

MemTotal:        4016004 kB
MemFree:          141892 kB
Active:           404640 kB
Mem:          3.8G       3.7G       138M       5.7M        27M       3.2G

MemTotal:        4016004 kB
MemFree:          114064 kB
Active:           404920 kB
Mem:          3.8G       3.7G       111M       5.7M        27M       3.2G

MemTotal:        4016004 kB
MemFree:          136784 kB
Active:           405060 kB
Mem:          3.8G       3.7G       133M       5.7M        27M       3.2G

MemTotal:        4016004 kB
MemFree:          119180 kB
Active:           405616 kB
Mem:          3.8G       3.7G       115M       5.7M        27M       3.2G

MemTotal:        4016004 kB
MemFree:          127760 kB
Active:           405864 kB
Mem:          3.8G       3.7G       124M       5.7M        27M       3.2G

MemTotal:        4016004 kB
MemFree:          126932 kB
Active:           406092 kB
Mem:          3.8G       3.7G       124M       5.7M        27M       3.2G

MemTotal:        4016004 kB
MemFree:          123216 kB
Active:           406132 kB
Mem:          3.8G       3.7G       120M       5.7M        27M       3.2G

MemTotal:        4016004 kB
MemFree:          123408 kB
Active:           406132 kB
Mem:          3.8G       3.7G       120M       5.7M        27M       3.2G

MemTotal:        4016004 kB
MemFree:          123052 kB
Active:           406116 kB
Mem:          3.8G       3.7G       120M       5.7M        27M       3.2G

MemTotal:        4016004 kB
MemFree:          133528 kB
Active:           406336 kB
Mem:          3.8G       3.7G       130M       5.7M        27M       3.2G

MemTotal:        4016004 kB
MemFree:          121572 kB
Active:           406860 kB
Mem:          3.8G       3.7G       118M       5.7M        27M       3.2G

MemTotal:        4016004 kB
MemFree:          120772 kB
Active:           407028 kB
Mem:          3.8G       3.7G       117M       5.7M        27M       3.2G

MemTotal:        4016004 kB
MemFree:          120592 kB
Active:           407004 kB
Mem:          3.8G       3.7G       118M       5.7M        27M       3.2G

MemTotal:        4016004 kB
MemFree:          120884 kB
Active:           407012 kB
Mem:          3.8G       3.7G       117M       5.7M        27M       3.2G

MemTotal:        4016004 kB
MemFree:          147092 kB
Active:           407200 kB
Mem:          3.8G       3.7G       143M       5.7M        27M       3.2G

MemTotal:        4016004 kB
MemFree:          136360 kB
Active:           407600 kB
Mem:          3.8G       3.7G       132M       5.7M        27M       3.2G

MemTotal:        4016004 kB
MemFree:          106244 kB
Active:           407820 kB
Mem:          3.8G       3.7G       103M       5.7M        27M       3.2G

MemTotal:        4016004 kB
MemFree:          105812 kB
Active:           407856 kB
Mem:          3.8G       3.7G       103M       5.7M        27M       3.2G

MemTotal:        4016004 kB
MemFree:          105972 kB
Active:           407832 kB
Mem:          3.8G       3.7G       103M       5.7M        27M       3.2G

MemTotal:        4016004 kB
MemFree:          113992 kB
Active:           408436 kB
Mem:          3.8G       3.7G       110M       5.7M        27M       3.2G

MemTotal:        4016004 kB
MemFree:          120232 kB
Active:           408708 kB
Mem:          3.8G       3.7G       117M       5.7M        27M       3.2G

MemTotal:        4016004 kB
MemFree:          138012 kB
Active:           408924 kB
Mem:          3.8G       3.7G       134M       5.7M        27M       3.2G

MemTotal:        4016004 kB
MemFree:          137300 kB
Active:           408880 kB
Mem:          3.8G       3.7G       134M       5.7M        27M       3.2G

MemTotal:        4016004 kB
MemFree:          137708 kB
Active:           408924 kB
Mem:          3.8G       3.7G       134M       5.7M        27M       3.2G

MemTotal:        4016004 kB
MemFree:          137812 kB
Active:           408892 kB
Mem:          3.8G       3.7G       134M       5.7M        27M       3.2G

MemTotal:        4016004 kB
MemFree:          127616 kB
Active:           409444 kB
Mem:          3.8G       3.7G       124M       5.7M        27M       3.2G

MemTotal:        4016004 kB
MemFree:          105604 kB
Active:           409708 kB
Mem:          3.8G       3.7G       102M       5.7M        27M       3.2G

MemTotal:        4016004 kB
MemFree:          128792 kB
Active:           409728 kB
Mem:          3.8G       3.7G       125M       5.7M        27M       3.2G

MemTotal:        4016004 kB
MemFree:          128704 kB
Active:           409764 kB
Mem:          3.8G       3.7G       125M       5.7M        27M       3.2G

MemTotal:        4016004 kB
MemFree:          129020 kB
Active:           409768 kB
Mem:          3.8G       3.7G       125M       5.7M        27M       3.2G

MemTotal:        4016004 kB
MemFree:          105124 kB
Active:           409828 kB
Mem:          3.8G       3.7G       105M       5.7M        27M       3.2G

MemTotal:        4016004 kB
MemFree:          120248 kB
Active:           410468 kB
Mem:          3.8G       3.7G       116M       5.7M        27M       3.2G

MemTotal:        4016004 kB
MemFree:          127880 kB
Active:           410672 kB
Mem:          3.8G       3.7G       124M       5.7M        27M       3.2G

MemTotal:        4016004 kB
MemFree:          104864 kB
Active:           410700 kB
Mem:          3.8G       3.7G       102M       5.7M        27M       3.2G

MemTotal:        4016004 kB
MemFree:          127924 kB
Active:           411040 kB
Mem:          3.8G       3.7G       124M       5.7M        27M       3.2G

MemTotal:        4016004 kB
MemFree:          110344 kB
Active:           411276 kB
Mem:          3.8G       3.7G       107M       5.7M        27M       3.2G

MemTotal:        4016004 kB
MemFree:          126996 kB
Active:           411512 kB
Mem:          3.8G       3.7G       123M       5.7M        27M       3.2G

MemTotal:        4016004 kB
MemFree:          119156 kB
Active:           411788 kB
Mem:          3.8G       3.7G       116M       5.7M        27M       3.2G

MemTotal:        4016004 kB
MemFree:          126900 kB
Active:           411928 kB
Mem:          3.8G       3.7G       123M       5.7M        27M       3.2G

MemTotal:        4016004 kB
MemFree:          126420 kB
Active:           411976 kB
Mem:          3.8G       3.7G       123M       5.7M        27M       3.2G

MemTotal:        4016004 kB
MemFree:          127620 kB
Active:           411960 kB
Mem:          3.8G       3.7G       123M       5.7M        27M       3.2G

MemTotal:        4016004 kB
MemFree:          124368 kB
Active:           412252 kB
Mem:          3.8G       3.7G       120M       5.7M        27M       3.2G

MemTotal:        4016004 kB
MemFree:          132760 kB
Active:           412520 kB
Mem:          3.8G       3.7G       129M       5.7M        27M       3.2G

MemTotal:        4016004 kB
MemFree:          107880 kB
Active:           412780 kB
Mem:          3.8G       3.7G       104M       5.7M        27M       3.2G

MemTotal:        4016004 kB
MemFree:          146768 kB
Active:           412940 kB
Mem:          3.8G       3.7G       143M       5.7M        27M       3.2G

MemTotal:        4016004 kB
MemFree:          146396 kB
Active:           412948 kB
Mem:          3.8G       3.7G       143M       5.7M        27M       3.2G

MemTotal:        4016004 kB
MemFree:          146000 kB
Active:           412980 kB
Mem:          3.8G       3.7G       142M       5.7M        27M       3.2G

MemTotal:        4016004 kB
MemFree:          132820 kB
Active:           412960 kB
Mem:          3.8G       3.7G       128M       5.7M        27M       3.2G

MemTotal:        4016004 kB
MemFree:          117796 kB
Active:           413460 kB
Mem:          3.8G       3.7G       115M       5.7M        27M       3.2G

MemTotal:        4016004 kB
MemFree:          114428 kB
Active:           413740 kB
Mem:          3.8G       3.7G       111M       5.7M        27M       3.2G

MemTotal:        4016004 kB
MemFree:          113188 kB
Active:           413908 kB
Mem:          3.8G       3.7G       110M       5.7M        27M       3.2G

MemTotal:        4016004 kB
MemFree:          113536 kB
Active:           413884 kB
Mem:          3.8G       3.7G       110M       5.7M        27M       3.2G

MemTotal:        4016004 kB
MemFree:          113164 kB
Active:           413912 kB
Mem:          3.8G       3.7G       110M       5.7M        27M       3.2G

MemTotal:        4016004 kB
MemFree:          143760 kB
Active:           414336 kB
Mem:          3.8G       3.7G       140M       5.7M        27M       3.2G

MemTotal:        4016004 kB
MemFree:          140384 kB
Active:           414344 kB
Mem:          3.8G       3.7G       136M       5.7M        27M       3.2G

MemTotal:        4016004 kB
MemFree:          109856 kB
Active:           414744 kB
Mem:          3.8G       3.7G       107M       5.7M        27M       3.2G

MemTotal:        4016004 kB
MemFree:          109236 kB
Active:           414788 kB
Mem:          3.8G       3.7G       106M       5.7M        27M       3.2G

MemTotal:        4016004 kB
MemFree:          108528 kB
Active:           414820 kB
Mem:          3.8G       3.7G       106M       5.7M        27M       3.2G

MemTotal:        4016004 kB
MemFree:          122552 kB
Active:           415236 kB
Mem:          3.8G       3.7G       119M       5.7M        27M       3.2G

MemTotal:        4016004 kB
MemFree:          124444 kB
Active:           415548 kB
Mem:          3.8G       3.7G       121M       5.7M        27M       3.2G

MemTotal:        4016004 kB
MemFree:          129880 kB
Active:           415736 kB
Mem:          3.8G       3.7G       127M       5.7M        27M       3.2G

MemTotal:        4016004 kB
MemFree:          129976 kB
Active:           415720 kB
Mem:          3.8G       3.7G       127M       5.7M        27M       3.2G

MemTotal:        4016004 kB
MemFree:          130388 kB
Active:           415704 kB
Mem:          3.8G       3.7G       127M       5.7M        27M       3.2G

MemTotal:        4016004 kB
MemFree:          143136 kB
Active:           416172 kB
Mem:          3.8G       3.7G       138M       5.7M        27M       3.2G

MemTotal:        4016004 kB
MemFree:          123668 kB
Active:           416448 kB
Mem:          3.8G       3.7G       120M       5.7M        27M       3.2G

MemTotal:        4016004 kB
MemFree:          107232 kB
Active:           416716 kB
Mem:          3.8G       3.7G       104M       5.7M        27M       3.2G

MemTotal:        4016004 kB
MemFree:          127272 kB
Active:           416948 kB
Mem:          3.8G       3.7G       123M       5.7M        27M       3.2G

MemTotal:        4016004 kB
MemFree:          123816 kB
Active:           416972 kB
Mem:          3.8G       3.7G       120M       5.7M        27M       3.2G

MemTotal:        4016004 kB
MemFree:          123976 kB
Active:           416948 kB
Mem:          3.8G       3.7G       121M       5.7M        27M       3.2G

MemTotal:        4016004 kB
MemFree:          124104 kB
Active:           416932 kB
Mem:          3.8G       3.7G       120M       5.7M        27M       3.2G

MemTotal:        4016004 kB
MemFree:          136308 kB
Active:           417256 kB
Mem:          3.8G       3.7G       132M       5.7M        27M       3.2G

MemTotal:        4016004 kB
MemFree:          121752 kB
Active:           417796 kB
Mem:          3.8G       3.7G       118M       5.7M        27M       3.2G

MemTotal:        4016004 kB
MemFree:          122404 kB
Active:           417924 kB
Mem:          3.8G       3.7G       119M       5.7M        27M       3.2G

MemTotal:        4016004 kB
MemFree:          122656 kB
Active:           417876 kB
Mem:          3.8G       3.7G       119M       5.7M        27M       3.2G

MemTotal:        4016004 kB
MemFree:          110580 kB
Active:           417924 kB
Mem:          3.8G       3.7G       115M       5.7M        27M       3.2G

MemTotal:        4016004 kB
MemFree:          136804 kB
Active:           418540 kB
Mem:          3.8G       3.7G       133M       5.7M        27M       3.2G

MemTotal:        4016004 kB
MemFree:          124752 kB
Active:           418812 kB
Mem:          3.8G       3.7G       121M       5.7M        27M       3.2G

MemTotal:        4016004 kB
MemFree:          112804 kB
Active:           418952 kB
Mem:          3.8G       3.7G       109M       5.7M        27M       3.2G

MemTotal:        4016004 kB
MemFree:          112048 kB
Active:           418964 kB
Mem:          3.8G       3.7G       109M       5.7M        27M       3.2G

MemTotal:        4016004 kB
MemFree:          111620 kB
Active:           418992 kB
Mem:          3.8G       3.7G       109M       5.7M        27M       3.2G

MemTotal:        4016004 kB
MemFree:          141728 kB
Active:           419012 kB
Mem:          3.8G       3.7G       138M       5.7M        27M       3.2G

MemTotal:        4016004 kB
MemFree:          127096 kB
Active:           419528 kB
Mem:          3.8G       3.7G       123M       5.7M        27M       3.2G

MemTotal:        4016004 kB
MemFree:          127032 kB
Active:           419544 kB
Mem:          3.8G       3.7G       124M       5.7M        27M       3.2G

MemTotal:        4016004 kB
MemFree:          127100 kB
Active:           419536 kB
Mem:          3.8G       3.7G       124M       5.7M        27M       3.2G

MemTotal:        4016004 kB
MemFree:          135776 kB
Active:           419944 kB
Mem:          3.8G       3.7G       132M       5.7M        27M       3.2G

MemTotal:        4016004 kB
MemFree:          109508 kB
Active:           420280 kB
Mem:          3.8G       3.7G       106M       5.7M        28M       3.2G

MemTotal:        4016004 kB
MemFree:          106484 kB
Active:           420656 kB
Mem:          3.8G       3.7G       103M       5.7M        28M       3.2G

MemTotal:        4016004 kB
MemFree:          123372 kB
Active:           420816 kB
Mem:          3.8G       3.7G       120M       5.7M        28M       3.2G

MemTotal:        4016004 kB
MemFree:          127764 kB
Active:           421060 kB
Mem:          3.8G       3.7G       125M       5.7M        28M       3.2G

MemTotal:        4016004 kB
MemFree:          126368 kB
Active:           421212 kB
Mem:          3.8G       3.7G       123M       5.7M        28M       3.2G

MemTotal:        4016004 kB
MemFree:          111488 kB
Active:           421324 kB
Mem:          3.8G       3.7G       108M       5.7M        28M       3.2G

MemTotal:        4016004 kB
MemFree:          132552 kB
Active:           421304 kB
Mem:          3.8G       3.7G       129M       5.7M        28M       3.2G

MemTotal:        4016004 kB
MemFree:          114740 kB
Active:           421508 kB
Mem:          3.8G       3.7G       112M       5.7M        28M       3.2G

MemTotal:        4016004 kB
MemFree:          114960 kB
Active:           421512 kB
Mem:          3.8G       3.7G       112M       5.7M        28M       3.2G

MemTotal:        4016004 kB
MemFree:          127508 kB
Active:           422208 kB
Mem:          3.8G       3.7G       124M       5.7M        28M       3.2G

MemTotal:        4016004 kB
MemFree:          126968 kB
Active:           422192 kB
Mem:          3.8G       3.7G       123M       5.7M        28M       3.2G

MemTotal:        4016004 kB
MemFree:          126732 kB
Active:           422960 kB
Mem:          3.8G       3.7G       123M       5.7M        28M       3.2G

MemTotal:        4016004 kB
MemFree:          130168 kB
Active:           423240 kB
Mem:          3.8G       3.7G       126M       5.7M        28M       3.2G

MemTotal:        4016004 kB
MemFree:          112672 kB
Active:           423428 kB
Mem:          3.8G       3.7G       110M       5.7M        28M       3.2G

MemTotal:        4016004 kB
MemFree:          128412 kB
Active:           423640 kB
Mem:          3.8G       3.7G       125M       5.7M        28M       3.2G

MemTotal:        4016004 kB
MemFree:          126892 kB
Active:           423768 kB
Mem:          3.8G       3.7G       123M       5.7M        28M       3.2G

MemTotal:        4016004 kB
MemFree:          110268 kB
Active:           423936 kB
Mem:          3.8G       3.7G       107M       5.7M        28M       3.2G

MemTotal:        4016004 kB
MemFree:          120176 kB
Active:           424040 kB
Mem:          3.8G       3.7G       116M       5.7M        28M       3.2G

MemTotal:        4016004 kB
MemFree:          128712 kB
Active:           424324 kB
Mem:          3.8G       3.7G       125M       5.7M        28M       3.2G

MemTotal:        4016004 kB
MemFree:          129180 kB
Active:           424328 kB
Mem:          3.8G       3.7G       126M       5.7M        28M       3.2G

MemTotal:        4016004 kB
MemFree:          124260 kB
Active:           424360 kB
Mem:          3.8G       3.7G       121M       5.7M        28M       3.2G

MemTotal:        4016004 kB
MemFree:          142324 kB
Active:           424668 kB
Mem:          3.8G       3.7G       138M       5.7M        28M       3.2G

MemTotal:        4016004 kB
MemFree:          121812 kB
Active:           424920 kB
Mem:          3.8G       3.7G       118M       5.7M        28M       3.2G

MemTotal:        4016004 kB
MemFree:          117404 kB
Active:           425192 kB
Mem:          3.8G       3.7G       114M       5.7M        28M       3.2G

MemTotal:        4016004 kB
MemFree:          117560 kB
Active:           425180 kB
Mem:          3.8G       3.7G       114M       5.7M        28M       3.2G

MemTotal:        4016004 kB
MemFree:          117592 kB
Active:           425180 kB
Mem:          3.8G       3.7G       114M       5.7M        28M       3.2G

MemTotal:        4016004 kB
MemFree:          120972 kB
Active:           425360 kB
Mem:          3.8G       3.7G       117M       5.7M        28M       3.2G

MemTotal:        4016004 kB
MemFree:          123696 kB
Active:           425640 kB
Mem:          3.8G       3.7G       120M       5.7M        28M       3.2G

MemTotal:        4016004 kB
MemFree:          125500 kB
Active:           425916 kB
Mem:          3.8G       3.7G       122M       5.7M        28M       3.2G

MemTotal:        4016004 kB
MemFree:          124800 kB
Active:           425928 kB
Mem:          3.8G       3.7G       121M       5.7M        28M       3.2G

MemTotal:        4016004 kB
MemFree:          124120 kB
Active:           425896 kB
Mem:          3.8G       3.7G       121M       5.7M        28M       3.2G

MemTotal:        4016004 kB
MemFree:          124648 kB
Active:           426352 kB
Mem:          3.8G       3.7G       131M       5.7M        28M       3.2G

MemTotal:        4016004 kB
MemFree:          124104 kB
Active:           426492 kB
Mem:          3.8G       3.7G       121M       5.7M        28M       3.2G

MemTotal:        4016004 kB
MemFree:          123636 kB
Active:           426816 kB
Mem:          3.8G       3.7G       120M       5.7M        28M       3.2G

MemTotal:        4016004 kB
MemFree:          134748 kB
Active:           426996 kB
Mem:          3.8G       3.7G       131M       5.7M        28M       3.2G

MemTotal:        4016004 kB
MemFree:          134256 kB
Active:           426992 kB
Mem:          3.8G       3.7G       131M       5.7M        28M       3.2G

MemTotal:        4016004 kB
MemFree:          137608 kB
Active:           427116 kB
Mem:          3.8G       3.7G       134M       5.7M        28M       3.2G

MemTotal:        4016004 kB
MemFree:          115744 kB
Active:           427444 kB
Mem:          3.8G       3.7G       112M       5.7M        28M       3.2G

MemTotal:        4016004 kB
MemFree:          137624 kB
Active:           427656 kB
Mem:          3.8G       3.7G       133M       5.7M        28M       3.2G

MemTotal:        4016004 kB
MemFree:          134432 kB
Active:           427744 kB
Mem:          3.8G       3.7G       131M       5.7M        28M       3.2G

MemTotal:        4016004 kB
MemFree:          134220 kB
Active:           427728 kB
Mem:          3.8G       3.7G       131M       5.7M        28M       3.2G

MemTotal:        4016004 kB
MemFree:          134340 kB
Active:           427768 kB
Mem:          3.8G       3.7G       131M       5.7M        28M       3.2G

MemTotal:        4016004 kB
MemFree:          142112 kB
Active:           428236 kB
Mem:          3.8G       3.7G       138M       5.7M        28M       3.2G

MemTotal:        4016004 kB
MemFree:          129144 kB
Active:           428500 kB
Mem:          3.8G       3.7G       126M       5.7M        28M       3.2G

MemTotal:        4016004 kB
MemFree:          129180 kB
Active:           428712 kB
Mem:          3.8G       3.7G       126M       5.7M        28M       3.2G

MemTotal:        4016004 kB
MemFree:          128860 kB
Active:           428740 kB
Mem:          3.8G       3.7G       125M       5.7M        28M       3.2G

MemTotal:        4016004 kB
MemFree:          132212 kB
Active:           428900 kB
Mem:          3.8G       3.7G       128M       5.7M        28M       3.2G

MemTotal:        4016004 kB
MemFree:          135472 kB
Active:           429316 kB
Mem:          3.8G       3.7G       131M       5.7M        28M       3.2G

MemTotal:        4016004 kB
MemFree:          113196 kB
Active:           429432 kB
Mem:          3.8G       3.7G       110M       5.7M        28M       3.2G

MemTotal:        4016004 kB
MemFree:          110652 kB
Active:           429672 kB
Mem:          3.8G       3.7G       108M       5.7M        28M       3.2G

MemTotal:        4016004 kB
MemFree:          111188 kB
Active:           429784 kB
Mem:          3.8G       3.7G       108M       5.7M        28M       3.2G

MemTotal:        4016004 kB
MemFree:          110912 kB
Active:           429804 kB
Mem:          3.8G       3.7G       108M       5.7M        28M       3.2G

MemTotal:        4016004 kB
MemFree:          126652 kB
Active:           429932 kB
Mem:          3.8G       3.7G       123M       5.7M        28M       3.2G

MemTotal:        4016004 kB
MemFree:          126676 kB
Active:           430288 kB
Mem:          3.8G       3.7G       123M       5.7M        28M       3.2G

MemTotal:        4016004 kB
MemFree:          122812 kB
Active:           430620 kB
Mem:          3.8G       3.7G       120M       5.7M        28M       3.2G

MemTotal:        4016004 kB
MemFree:          124368 kB
Active:           430776 kB
Mem:          3.8G       3.7G       121M       5.7M        28M       3.2G

MemTotal:        4016004 kB
MemFree:          123764 kB
Active:           430820 kB
Mem:          3.8G       3.7G       120M       5.7M        28M       3.2G

MemTotal:        4016004 kB
MemFree:          123880 kB
Active:           430788 kB
Mem:          3.8G       3.7G       120M       5.7M        28M       3.2G

MemTotal:        4016004 kB
MemFree:          124520 kB
Active:           431208 kB
Mem:          3.8G       3.7G       121M       5.7M        28M       3.2G

MemTotal:        4016004 kB
MemFree:          126480 kB
Active:           431516 kB
Mem:          3.8G       3.7G       123M       5.7M        28M       3.2G

MemTotal:        4016004 kB
MemFree:          125840 kB
Active:           431740 kB
Mem:          3.8G       3.7G       122M       5.7M        28M       3.2G

MemTotal:        4016004 kB
MemFree:          126028 kB
Active:           431744 kB
Mem:          3.8G       3.7G       123M       5.7M        28M       3.2G

MemTotal:        4016004 kB
MemFree:          125972 kB
Active:           431748 kB
Mem:          3.8G       3.7G       122M       5.7M        28M       3.2G

MemTotal:        4016004 kB
MemFree:          135264 kB
Active:           432196 kB
Mem:          3.8G       3.7G       131M       5.7M        28M       3.2G

MemTotal:        4016004 kB
MemFree:          134316 kB
Active:           432368 kB
Mem:          3.8G       3.7G       131M       5.7M        28M       3.2G

MemTotal:        4016004 kB
MemFree:          118392 kB
Active:           432588 kB
Mem:          3.8G       3.7G       114M       5.7M        28M       3.2G

MemTotal:        4016004 kB
MemFree:          111608 kB
Active:           433272 kB
Mem:          3.8G       3.7G       108M       5.7M        28M       3.2G

MemTotal:        4016004 kB
MemFree:          111764 kB
Active:           433308 kB
Mem:          3.8G       3.7G       109M       5.7M        28M       3.2G

MemTotal:        4016004 kB
MemFree:          111272 kB
Active:           433308 kB
Mem:          3.8G       3.7G       108M       5.7M        28M       3.2G

MemTotal:        4016004 kB
MemFree:          111648 kB
Active:           433284 kB
Mem:          3.8G       3.7G       109M       5.7M        28M       3.2G

MemTotal:        4016004 kB
MemFree:          119332 kB
Active:           433952 kB
Mem:          3.8G       3.7G       116M       5.7M        28M       3.2G

MemTotal:        4016004 kB
MemFree:          111008 kB
Active:           434248 kB
Mem:          3.8G       3.7G       108M       5.7M        28M       3.2G

MemTotal:        4016004 kB
MemFree:          127532 kB
Active:           434900 kB
Mem:          3.8G       3.7G       124M       5.7M        28M       3.2G

MemTotal:        4016004 kB
MemFree:          117824 kB
Active:           435188 kB
Mem:          3.8G       3.7G       115M       5.7M        28M       3.2G

MemTotal:        4016004 kB
MemFree:          131672 kB
Active:           435456 kB
Mem:          3.8G       3.7G       128M       5.7M        28M       3.2G

MemTotal:        4016004 kB
MemFree:          116740 kB
Active:           435716 kB
Mem:          3.8G       3.7G       113M       5.7M        28M       3.2G

MemTotal:        4016004 kB
MemFree:          131880 kB
Active:           435884 kB
Mem:          3.8G       3.7G       128M       5.7M        28M       3.2G

MemTotal:        4016004 kB
MemFree:          134532 kB
Active:           436032 kB
Mem:          3.8G       3.7G       130M       5.7M        28M       3.2G

MemTotal:        4016004 kB
MemFree:          124808 kB
Active:           436184 kB
Mem:          3.8G       3.7G       121M       5.7M        28M       3.2G

MemTotal:        4016004 kB
MemFree:          123696 kB
Active:           436384 kB
Mem:          3.8G       3.7G       120M       5.7M        28M       3.2G

MemTotal:        4016004 kB
MemFree:          113516 kB
Active:           436524 kB
Mem:          3.8G       3.7G       110M       5.7M        28M       3.2G

MemTotal:        4016004 kB
MemFree:          110572 kB
Active:           436612 kB
Mem:          3.8G       3.7G       107M       5.7M        28M       3.2G

MemTotal:        4016004 kB
MemFree:          110160 kB
Active:           436620 kB
Mem:          3.8G       3.7G       107M       5.7M        28M       3.2G

MemTotal:        4016004 kB
MemFree:          110384 kB
Active:           436660 kB
Mem:          3.8G       3.7G       107M       5.7M        28M       3.2G

MemTotal:        4016004 kB
MemFree:          110384 kB
Active:           436640 kB
Mem:          3.8G       3.7G       107M       5.7M        28M       3.2G

MemTotal:        4016004 kB
MemFree:          114924 kB
Active:           437300 kB
Mem:          3.8G       3.7G       119M       5.7M        28M       3.2G

MemTotal:        4016004 kB
MemFree:          126576 kB
Active:           437552 kB
Mem:          3.8G       3.7G       123M       5.7M        28M       3.2G

MemTotal:        4016004 kB
MemFree:          127280 kB
Active:           437640 kB
Mem:          3.8G       3.7G       124M       5.7M        28M       3.2G

MemTotal:        4016004 kB
MemFree:          127812 kB
Active:           437680 kB
Mem:          3.8G       3.7G       124M       5.7M        28M       3.2G

MemTotal:        4016004 kB
MemFree:          132020 kB
Active:           438000 kB
Mem:          3.8G       3.7G       128M       5.7M        28M       3.2G

MemTotal:        4016004 kB
MemFree:          133236 kB
Active:           438216 kB
Mem:          3.8G       3.7G       129M       5.7M        28M       3.2G

MemTotal:        4016004 kB
MemFree:          111752 kB
Active:           438532 kB
Mem:          3.8G       3.7G       109M       5.7M        28M       3.2G

MemTotal:        4016004 kB
MemFree:          130632 kB
Active:           438696 kB
Mem:          3.8G       3.7G       127M       5.7M        28M       3.2G

MemTotal:        4016004 kB
MemFree:          130576 kB
Active:           438696 kB
Mem:          3.8G       3.7G       127M       5.7M        28M       3.2G

MemTotal:        4016004 kB
MemFree:          130672 kB
Active:           438692 kB
Mem:          3.8G       3.7G       127M       5.7M        28M       3.2G

MemTotal:        4016004 kB
MemFree:          133000 kB
Active:           438892 kB
Mem:          3.8G       3.7G       129M       5.7M        28M       3.2G

MemTotal:        4016004 kB
MemFree:          125624 kB
Active:           439264 kB
Mem:          3.8G       3.7G       122M       5.7M        28M       3.2G

MemTotal:        4016004 kB
MemFree:          125388 kB
Active:           439496 kB
Mem:          3.8G       3.7G       122M       5.7M        28M       3.2G

MemTotal:        4016004 kB
MemFree:          125576 kB
Active:           439584 kB
Mem:          3.8G       3.7G       122M       5.7M        28M       3.2G

MemTotal:        4016004 kB
MemFree:          125332 kB
Active:           439608 kB
Mem:          3.8G       3.7G       122M       5.7M        28M       3.2G

MemTotal:        4016004 kB
MemFree:          133824 kB
Active:           440348 kB
Mem:          3.8G       3.7G       130M       5.7M        28M       3.2G

MemTotal:        4016004 kB
MemFree:          113204 kB
Active:           440624 kB
Mem:          3.8G       3.7G       110M       5.7M        28M       3.2G

MemTotal:        4016004 kB
MemFree:          112708 kB
Active:           440656 kB
Mem:          3.8G       3.7G       109M       5.7M        28M       3.2G

MemTotal:        4016004 kB
MemFree:          112464 kB
Active:           440648 kB
Mem:          3.8G       3.7G       109M       5.7M        28M       3.2G

MemTotal:        4016004 kB
MemFree:          112160 kB
Active:           440632 kB
Mem:          3.8G       3.7G       109M       5.7M        28M       3.2G

MemTotal:        4016004 kB
MemFree:          110348 kB
Active:           441096 kB
Mem:          3.8G       3.7G       107M       5.7M        28M       3.2G

MemTotal:        4016004 kB
MemFree:          118072 kB
Active:           441456 kB
Mem:          3.8G       3.7G       115M       5.7M        28M       3.2G

MemTotal:        4016004 kB
MemFree:          140112 kB
Active:           441624 kB
Mem:          3.8G       3.7G       137M       5.7M        28M       3.2G

MemTotal:        4016004 kB
MemFree:          140112 kB
Active:           441616 kB
Mem:          3.8G       3.7G       136M       5.7M        28M       3.2G

MemTotal:        4016004 kB
MemFree:          140240 kB
Active:           441608 kB
Mem:          3.8G       3.7G       136M       5.7M        28M       3.2G

MemTotal:        4016004 kB
MemFree:          140028 kB
Active:           441628 kB
Mem:          3.8G       3.7G       137M       5.7M        28M       3.2G

MemTotal:        4016004 kB
MemFree:         3385752 kB
Active:           355768 kB
Mem:          3.8G       615M       3.2G       5.7M        28M       183M

MemTotal:        4016004 kB
MemFree:         3386036 kB
Active:           355516 kB
Mem:          3.8G       615M       3.2G       5.7M        28M       183M

MemTotal:        4016004 kB
MemFree:         3385416 kB
Active:           355584 kB
Mem:          3.8G       615M       3.2G       5.7M        28M       183M

MemTotal:        4016004 kB
MemFree:         3386036 kB
Active:           355572 kB
Mem:          3.8G       615M       3.2G       5.7M        28M       183M

MemTotal:        4016004 kB
MemFree:         3386044 kB
Active:           355568 kB
Mem:          3.8G       615M       3.2G       5.7M        28M       183M

MemTotal:        4016004 kB
MemFree:         3386044 kB
Active:           355568 kB
Mem:          3.8G       615M       3.2G       5.7M        28M       183M

MemTotal:        4016004 kB
MemFree:         3386168 kB
Active:           355592 kB
Mem:          3.8G       615M       3.2G       5.7M        28M       183M

MemTotal:        4016004 kB
MemFree:         3386168 kB
Active:           355592 kB
Mem:          3.8G       615M       3.2G       5.7M        28M       183M

MemTotal:        4016004 kB
MemFree:         3386168 kB
Active:           355580 kB
Mem:          3.8G       614M       3.2G       5.7M        28M       183M

MemTotal:        4016004 kB
MemFree:         3386664 kB
Active:           355600 kB
Mem:          3.8G       614M       3.2G       5.7M        28M       183M

MemTotal:        4016004 kB
MemFree:         3386292 kB
Active:           355616 kB
Mem:          3.8G       614M       3.2G       5.7M        28M       183M

MemTotal:        4016004 kB
MemFree:         3386292 kB
Active:           355624 kB
Mem:          3.8G       614M       3.2G       5.7M        28M       183M

MemTotal:        4016004 kB
MemFree:         3386044 kB
Active:           355604 kB
Mem:          3.8G       615M       3.2G       5.7M        28M       183M

MemTotal:        4016004 kB
MemFree:         3386044 kB
Active:           355596 kB
Mem:          3.8G       615M       3.2G       5.7M        28M       183M

MemTotal:        4016004 kB
MemFree:         3385672 kB
Active:           355628 kB
Mem:          3.8G       615M       3.2G       5.7M        28M       183M

MemTotal:        4016004 kB
MemFree:         3385796 kB
Active:           355628 kB
Mem:          3.8G       615M       3.2G       5.7M        28M       183M

MemTotal:        4016004 kB
MemFree:         3386168 kB
Active:           355616 kB
Mem:          3.8G       614M       3.2G       5.7M        28M       183M

MemTotal:        4016004 kB
MemFree:         3386416 kB
Active:           355592 kB
Mem:          3.8G       614M       3.2G       5.7M        28M       183M

MemTotal:        4016004 kB
MemFree:         3386044 kB
Active:           355636 kB
Mem:          3.8G       615M       3.2G       5.7M        28M       183M

MemTotal:        4016004 kB
MemFree:         3385920 kB
Active:           355640 kB
Mem:          3.8G       615M       3.2G       5.7M        28M       183M

MemTotal:        4016004 kB
MemFree:         3385920 kB
Active:           355604 kB
Mem:          3.8G       615M       3.2G       5.7M        28M       183M

MemTotal:        4016004 kB
MemFree:         3385672 kB
Active:           355632 kB
Mem:          3.8G       615M       3.2G       5.7M        28M       183M

MemTotal:        4016004 kB
MemFree:         3385672 kB
Active:           355592 kB
Mem:          3.8G       615M       3.2G       5.7M        28M       183M

MemTotal:        4016004 kB
MemFree:         3385796 kB
Active:           355632 kB
Mem:          3.8G       615M       3.2G       5.7M        28M       183M

MemTotal:        4016004 kB
MemFree:         3385796 kB
Active:           355604 kB
Mem:          3.8G       615M       3.2G       5.7M        28M       183M

MemTotal:        4016004 kB
MemFree:         3385920 kB
Active:           355596 kB
Mem:          3.8G       615M       3.2G       5.7M        28M       183M

MemTotal:        4016004 kB
MemFree:         3385672 kB
Active:           355652 kB
Mem:          3.8G       615M       3.2G       5.7M        28M       183M

MemTotal:        4016004 kB
MemFree:         3385920 kB
Active:           355640 kB
Mem:          3.8G       615M       3.2G       5.7M        28M       183M

MemTotal:        4016004 kB
MemFree:         3386416 kB
Active:           355644 kB
Mem:          3.8G       614M       3.2G       5.7M        28M       183M

MemTotal:        4016004 kB
MemFree:         3386540 kB
Active:           355620 kB
Mem:          3.8G       614M       3.2G       5.7M        28M       183M

MemTotal:        4016004 kB
MemFree:         3386540 kB
Active:           355612 kB
Mem:          3.8G       614M       3.2G       5.7M        28M       183M

MemTotal:        4016004 kB
MemFree:         3386044 kB
Active:           355652 kB
Mem:          3.8G       615M       3.2G       5.7M        28M       183M

MemTotal:        4016004 kB
MemFree:         3386044 kB
Active:           355644 kB
Mem:          3.8G       615M       3.2G       5.7M        28M       183M

MemTotal:        4016004 kB
MemFree:         3385548 kB
Active:           355660 kB
Mem:          3.8G       615M       3.2G       5.7M        28M       183M

MemTotal:        4016004 kB
MemFree:         3385672 kB
Active:           355660 kB
Mem:          3.8G       615M       3.2G       5.7M        28M       183M

MemTotal:        4016004 kB
MemFree:         3385920 kB
Active:           355616 kB
Mem:          3.8G       615M       3.2G       5.7M        28M       183M

MemTotal:        4016004 kB
MemFree:         3386292 kB
Active:           355652 kB
Mem:          3.8G       615M       3.2G       5.7M        28M       183M

MemTotal:        4016004 kB
MemFree:         3385920 kB
Active:           355624 kB
Mem:          3.8G       615M       3.2G       5.7M        28M       183M

MemTotal:        4016004 kB
MemFree:         3385548 kB
Active:           355664 kB
Mem:          3.8G       615M       3.2G       5.7M        28M       183M

MemTotal:        4016004 kB
MemFree:         3385920 kB
Active:           355632 kB
Mem:          3.8G       615M       3.2G       5.7M        28M       183M

MemTotal:        4016004 kB
MemFree:         3386044 kB
Active:           355636 kB
Mem:          3.8G       615M       3.2G       5.7M        28M       183M

MemTotal:        4016004 kB
MemFree:         3386044 kB
Active:           355632 kB
Mem:          3.8G       615M       3.2G       5.7M        28M       183M

MemTotal:        4016004 kB
MemFree:         3385672 kB
Active:           355664 kB
Mem:          3.8G       615M       3.2G       5.7M        28M       183M

MemTotal:        4016004 kB
MemFree:         3385920 kB
Active:           355628 kB
Mem:          3.8G       615M       3.2G       5.7M        28M       183M

MemTotal:        4016004 kB
MemFree:         3386308 kB
Active:           355656 kB
Mem:          3.8G       614M       3.2G       5.7M        28M       183M

MemTotal:        4016004 kB
MemFree:         3385672 kB
Active:           355676 kB
Mem:          3.8G       615M       3.2G       5.7M        28M       183M

MemTotal:        4016004 kB
MemFree:         3386060 kB
Active:           355660 kB
Mem:          3.8G       615M       3.2G       5.7M        28M       183M

MemTotal:        4016004 kB
MemFree:         3385688 kB
Active:           355680 kB
Mem:          3.8G       615M       3.2G       5.7M        28M       183M

MemTotal:        4016004 kB
MemFree:         3386060 kB
Active:           355636 kB
Mem:          3.8G       615M       3.2G       5.7M        28M       183M

MemTotal:        4016004 kB
MemFree:         3386060 kB
Active:           355672 kB
Mem:          3.8G       614M       3.2G       5.7M        28M       183M

MemTotal:        4016004 kB
MemFree:         3386556 kB
Active:           355660 kB
Mem:          3.8G       614M       3.2G       5.7M        28M       183M

MemTotal:        4016004 kB
MemFree:         3386432 kB
Active:           355644 kB
Mem:          3.8G       614M       3.2G       5.7M        28M       183M

MemTotal:        4016004 kB
MemFree:         3386556 kB
Active:           355684 kB
Mem:          3.8G       614M       3.2G       5.7M        28M       183M

MemTotal:        4016004 kB
MemFree:         3386556 kB
Active:           355668 kB
Mem:          3.8G       614M       3.2G       5.7M        28M       183M

MemTotal:        4016004 kB
MemFree:         3386060 kB
Active:           355700 kB
Mem:          3.8G       615M       3.2G       5.7M        28M       183M

MemTotal:        4016004 kB
MemFree:         3386432 kB
Active:           355696 kB
Mem:          3.8G       614M       3.2G       5.7M        28M       183M

MemTotal:        4016004 kB
MemFree:         3386432 kB
Active:           355668 kB
Mem:          3.8G       614M       3.2G       5.7M        28M       183M

MemTotal:        4016004 kB
MemFree:         3386556 kB
Active:           355696 kB
Mem:          3.8G       614M       3.2G       5.7M        28M       183M

MemTotal:        4016004 kB
MemFree:         3385812 kB
Active:           355708 kB
Mem:          3.8G       615M       3.2G       5.7M        28M       183M

MemTotal:        4016004 kB
MemFree:         3385936 kB
Active:           355684 kB
Mem:          3.8G       615M       3.2G       5.7M        28M       183M

MemTotal:        4016004 kB
MemFree:         3385936 kB
Active:           355652 kB
Mem:          3.8G       615M       3.2G       5.7M        28M       183M

MemTotal:        4016004 kB
MemFree:         3385936 kB
Active:           355700 kB
Mem:          3.8G       615M       3.2G       5.7M        28M       183M

MemTotal:        4016004 kB
MemFree:         3385812 kB
Active:           355684 kB
Mem:          3.8G       615M       3.2G       5.7M        28M       183M

MemTotal:        4016004 kB
MemFree:         3385936 kB
Active:           355696 kB
Mem:          3.8G       615M       3.2G       5.7M        28M       183M

MemTotal:        4016004 kB
MemFree:         3386060 kB
Active:           355680 kB
Mem:          3.8G       615M       3.2G       5.7M        28M       183M

MemTotal:        4016004 kB
MemFree:         3386060 kB
Active:           355712 kB
Mem:          3.8G       615M       3.2G       5.7M        28M       183M

MemTotal:        4016004 kB
MemFree:         3385440 kB
Active:           355724 kB
Mem:          3.8G       615M       3.2G       5.7M        28M       183M

MemTotal:        4016004 kB
MemFree:         3385316 kB
Active:           355724 kB
Mem:          3.8G       615M       3.2G       5.7M        28M       183M

MemTotal:        4016004 kB
MemFree:         3385564 kB
Active:           355676 kB
Mem:          3.8G       615M       3.2G       5.7M        28M       183M

MemTotal:        4016004 kB
MemFree:         3386060 kB
Active:           355708 kB
Mem:          3.8G       615M       3.2G       5.7M        28M       183M

MemTotal:        4016004 kB
MemFree:         3385688 kB
Active:           355696 kB
Mem:          3.8G       615M       3.2G       5.7M        28M       183M

MemTotal:        4016004 kB
MemFree:         3385316 kB
Active:           355732 kB
