MemTotal:        4016004 kB
MemFree:         3227764 kB
Active:           434252 kB
Mem:          3.8G       770M       3.1G       5.7M        52M       322M

MemTotal:        4016004 kB
MemFree:         3227500 kB
Active:           434508 kB
Mem:          3.8G       770M       3.1G       5.7M        52M       322M

MemTotal:        4016004 kB
MemFree:         3227112 kB
Active:           434592 kB
Mem:          3.8G       770M       3.1G       5.7M        52M       322M

MemTotal:        4016004 kB
MemFree:         3226476 kB
Active:           434628 kB
Mem:          3.8G       770M       3.1G       5.7M        52M       322M

MemTotal:        4016004 kB
MemFree:         3227096 kB
Active:           434584 kB
Mem:          3.8G       770M       3.1G       5.7M        52M       322M

MemTotal:        4016004 kB
MemFree:         3226584 kB
Active:           434640 kB
Mem:          3.8G       771M       3.1G       5.7M        52M       322M

MemTotal:        4016004 kB
MemFree:         3226336 kB
Active:           434632 kB
Mem:          3.8G       771M       3.1G       5.7M        52M       322M

MemTotal:        4016004 kB
MemFree:         3226336 kB
Active:           434592 kB
Mem:          3.8G       771M       3.1G       5.7M        52M       322M

MemTotal:        4016004 kB
MemFree:         3226444 kB
Active:           434592 kB
Mem:          3.8G       771M       3.1G       5.7M        52M       322M

MemTotal:        4016004 kB
MemFree:         3226056 kB
Active:           434644 kB
Mem:          3.8G       771M       3.1G       5.7M        52M       322M

MemTotal:        4016004 kB
MemFree:         3226536 kB
Active:           434616 kB
Mem:          3.8G       770M       3.1G       5.7M        52M       322M

MemTotal:        4016004 kB
MemFree:         3226520 kB
Active:           434624 kB
Mem:          3.8G       770M       3.1G       5.7M        52M       322M

MemTotal:        4016004 kB
MemFree:         3226628 kB
Active:           434636 kB
Mem:          3.8G       770M       3.1G       5.7M        52M       322M

MemTotal:        4016004 kB
MemFree:         3227712 kB
Active:           430640 kB
Mem:          3.8G       769M       3.1G       5.7M        52M       322M

MemTotal:        4016004 kB
MemFree:         3227820 kB
Active:           432680 kB
Mem:          3.8G       769M       3.1G       5.7M        52M       322M

MemTotal:        4016004 kB
MemFree:         3227696 kB
Active:           432652 kB
Mem:          3.8G       769M       3.1G       5.7M        52M       322M

MemTotal:        4016004 kB
MemFree:         3227556 kB
Active:           432684 kB
Mem:          3.8G       769M       3.1G       5.7M        52M       322M

MemTotal:        4016004 kB
MemFree:         3227928 kB
Active:           432644 kB
Mem:          3.8G       769M       3.1G       5.7M        52M       322M

MemTotal:        4016004 kB
MemFree:         3227788 kB
Active:           432668 kB
Mem:          3.8G       769M       3.1G       5.7M        52M       322M

MemTotal:        4016004 kB
MemFree:         3227896 kB
Active:           432700 kB
Mem:          3.8G       769M       3.1G       5.7M        52M       322M

MemTotal:        4016004 kB
MemFree:         3227648 kB
Active:           432676 kB
Mem:          3.8G       769M       3.1G       5.7M        52M       322M

MemTotal:        4016004 kB
MemFree:         3228020 kB
Active:           432680 kB
Mem:          3.8G       769M       3.1G       5.7M        52M       322M

MemTotal:        4016004 kB
MemFree:         3228144 kB
Active:           432680 kB
Mem:          3.8G       769M       3.1G       5.7M        52M       322M

MemTotal:        4016004 kB
MemFree:         3227896 kB
Active:           432704 kB
Mem:          3.8G       769M       3.1G       5.7M        52M       322M

MemTotal:        4016004 kB
MemFree:         3228020 kB
Active:           432656 kB
Mem:          3.8G       769M       3.1G       5.7M        52M       322M

MemTotal:        4016004 kB
MemFree:         3228392 kB
Active:           432668 kB
Mem:          3.8G       769M       3.1G       5.7M        52M       322M

MemTotal:        4016004 kB
MemFree:         3228392 kB
Active:           432700 kB
Mem:          3.8G       769M       3.1G       5.7M        52M       322M

MemTotal:        4016004 kB
MemFree:         3228268 kB
Active:           432664 kB
Mem:          3.8G       769M       3.1G       5.7M        52M       322M

MemTotal:        4016004 kB
MemFree:         3228268 kB
Active:           432656 kB
Mem:          3.8G       769M       3.1G       5.7M        52M       322M

MemTotal:        4016004 kB
MemFree:         3228392 kB
Active:           432684 kB
Mem:          3.8G       769M       3.1G       5.7M        52M       322M

MemTotal:        4016004 kB
MemFree:         3227756 kB
Active:           432692 kB
Mem:          3.8G       769M       3.1G       5.7M        52M       322M

MemTotal:        4016004 kB
MemFree:         3228128 kB
Active:           432700 kB
Mem:          3.8G       769M       3.1G       5.7M        52M       322M

MemTotal:        4016004 kB
MemFree:         3228252 kB
Active:           432696 kB
Mem:          3.8G       769M       3.1G       5.7M        52M       322M

MemTotal:        4016004 kB
MemFree:         3227676 kB
Active:           430652 kB
Mem:          3.8G       769M       3.1G       5.7M        52M       322M

MemTotal:        4016004 kB
MemFree:         3227428 kB
Active:           432728 kB
Mem:          3.8G       769M       3.1G       5.7M        52M       322M

MemTotal:        4016004 kB
MemFree:         3228280 kB
Active:           432716 kB
Mem:          3.8G       769M       3.1G       5.7M        52M       322M

MemTotal:        4016004 kB
MemFree:         3228016 kB
Active:           432716 kB
Mem:          3.8G       769M       3.1G       5.7M        52M       322M

MemTotal:        4016004 kB
MemFree:         3227644 kB
Active:           432732 kB
Mem:          3.8G       769M       3.1G       5.7M        52M       322M

MemTotal:        4016004 kB
MemFree:         3227892 kB
Active:           432704 kB
Mem:          3.8G       769M       3.1G       5.7M        52M       322M

MemTotal:        4016004 kB
MemFree:         3227644 kB
Active:           432736 kB
Mem:          3.8G       770M       3.1G       5.7M        52M       322M

MemTotal:        4016004 kB
MemFree:         3227396 kB
Active:           432736 kB
Mem:          3.8G       770M       3.1G       5.7M        52M       322M

MemTotal:        4016004 kB
MemFree:         3227876 kB
Active:           432696 kB
Mem:          3.8G       769M       3.1G       5.7M        52M       322M

MemTotal:        4016004 kB
MemFree:         3228000 kB
Active:           432736 kB
Mem:          3.8G       769M       3.1G       5.7M        52M       322M

MemTotal:        4016004 kB
MemFree:         3228000 kB
Active:           432708 kB
Mem:          3.8G       769M       3.1G       5.7M        52M       322M

MemTotal:        4016004 kB
MemFree:         3228000 kB
Active:           432696 kB
Mem:          3.8G       769M       3.1G       5.7M        52M       322M

MemTotal:        4016004 kB
MemFree:         3228124 kB
Active:           432740 kB
Mem:          3.8G       769M       3.1G       5.7M        52M       322M

MemTotal:        4016004 kB
MemFree:         3228108 kB
Active:           432740 kB
Mem:          3.8G       769M       3.1G       5.7M        52M       322M

MemTotal:        4016004 kB
MemFree:         3227984 kB
Active:           432720 kB
Mem:          3.8G       769M       3.1G       5.7M        52M       322M

MemTotal:        4016004 kB
MemFree:         3228108 kB
Active:           432716 kB
Mem:          3.8G       769M       3.1G       5.7M        52M       322M

MemTotal:        4016004 kB
MemFree:         3228168 kB
Active:           432712 kB
Mem:          3.8G       769M       3.1G       5.7M        52M       322M

MemTotal:        4016004 kB
MemFree:         3227920 kB
Active:           432716 kB
Mem:          3.8G       769M       3.1G       5.7M        52M       322M

MemTotal:        4016004 kB
MemFree:         3227812 kB
Active:           432756 kB
Mem:          3.8G       769M       3.1G       5.7M        52M       322M

MemTotal:        4016004 kB
MemFree:         3227796 kB
Active:           432748 kB
Mem:          3.8G       769M       3.1G       5.7M        52M       322M

MemTotal:        4016004 kB
MemFree:         3227860 kB
Active:           432768 kB
Mem:          3.8G       769M       3.1G       5.7M        52M       322M

MemTotal:        4016004 kB
MemFree:         3227736 kB
Active:           432728 kB
Mem:          3.8G       769M       3.1G       5.7M        52M       322M

MemTotal:        4016004 kB
MemFree:         3227488 kB
Active:           432784 kB
Mem:          3.8G       769M       3.1G       5.7M        52M       322M

MemTotal:        4016004 kB
MemFree:         3227984 kB
Active:           432744 kB
Mem:          3.8G       769M       3.1G       5.7M        52M       322M

MemTotal:        4016004 kB
MemFree:         3227860 kB
Active:           432748 kB
Mem:          3.8G       769M       3.1G       5.7M        52M       322M

MemTotal:        4016004 kB
MemFree:         3227736 kB
Active:           432788 kB
Mem:          3.8G       769M       3.1G       5.7M        52M       322M

MemTotal:        4016004 kB
MemFree:         3227736 kB
Active:           432788 kB
Mem:          3.8G       769M       3.1G       5.7M        52M       322M

MemTotal:        4016004 kB
MemFree:         3227860 kB
Active:           432780 kB
Mem:          3.8G       769M       3.1G       5.7M        52M       322M

MemTotal:        4016004 kB
MemFree:         3227860 kB
Active:           432788 kB
Mem:          3.8G       769M       3.1G       5.7M        52M       322M

MemTotal:        4016004 kB
MemFree:         3225440 kB
Active:           432756 kB
Mem:          3.8G       772M       3.1G       5.7M        52M       322M

MemTotal:        4016004 kB
MemFree:         3225440 kB
Active:           434788 kB
Mem:          3.8G       772M       3.1G       5.7M        52M       322M

MemTotal:        4016004 kB
MemFree:         3225564 kB
Active:           434804 kB
Mem:          3.8G       771M       3.1G       5.7M        52M       322M

MemTotal:        4016004 kB
MemFree:         3225796 kB
Active:           434804 kB
Mem:          3.8G       771M       3.1G       5.7M        52M       322M

MemTotal:        4016004 kB
MemFree:         3225796 kB
Active:           434812 kB
Mem:          3.8G       771M       3.1G       5.7M        52M       322M

MemTotal:        4016004 kB
MemFree:         3225796 kB
Active:           434800 kB
Mem:          3.8G       771M       3.1G       5.7M        52M       322M

MemTotal:        4016004 kB
MemFree:         3225300 kB
Active:           434820 kB
Mem:          3.8G       771M       3.1G       5.7M        52M       322M

MemTotal:        4016004 kB
MemFree:         3225796 kB
Active:           434768 kB
Mem:          3.8G       771M       3.1G       5.7M        52M       322M

MemTotal:        4016004 kB
MemFree:         3225780 kB
Active:           434816 kB
Mem:          3.8G       771M       3.1G       5.7M        52M       322M

MemTotal:        4016004 kB
MemFree:         3225408 kB
Active:           434824 kB
Mem:          3.8G       771M       3.1G       5.7M        52M       322M

MemTotal:        4016004 kB
MemFree:         3225284 kB
Active:           434824 kB
Mem:          3.8G       771M       3.1G       5.7M        52M       322M

MemTotal:        4016004 kB
MemFree:         3225780 kB
Active:           434816 kB
Mem:          3.8G       771M       3.1G       5.7M        52M       322M

MemTotal:        4016004 kB
MemFree:         3225284 kB
Active:           434824 kB
Mem:          3.8G       772M       3.1G       5.7M        52M       322M

MemTotal:        4016004 kB
MemFree:         3225532 kB
Active:           434768 kB
Mem:          3.8G       772M       3.1G       5.7M        52M       322M

MemTotal:        4016004 kB
MemFree:         3225628 kB
Active:           434812 kB
Mem:          3.8G       771M       3.1G       5.7M        52M       322M

MemTotal:        4016004 kB
MemFree:         3225752 kB
Active:           434808 kB
Mem:          3.8G       771M       3.1G       5.7M        52M       322M

MemTotal:        4016004 kB
MemFree:         3225752 kB
Active:           434820 kB
Mem:          3.8G       772M       3.1G       5.7M        52M       322M

MemTotal:        4016004 kB
MemFree:         3225628 kB
Active:           434816 kB
Mem:          3.8G       771M       3.1G       5.7M        52M       322M

MemTotal:        4016004 kB
MemFree:         3225752 kB
Active:           434816 kB
Mem:          3.8G       771M       3.1G       5.7M        52M       322M

MemTotal:        4016004 kB
MemFree:         3225876 kB
Active:           434780 kB
Mem:          3.8G       771M       3.1G       5.7M        52M       322M

MemTotal:        4016004 kB
MemFree:         3225500 kB
Active:           432740 kB
Mem:          3.8G       771M       3.1G       5.7M        52M       322M

MemTotal:        4016004 kB
MemFree:         3225748 kB
Active:           434824 kB
Mem:          3.8G       771M       3.1G       5.7M        52M       322M

MemTotal:        4016004 kB
MemFree:         3226120 kB
Active:           434840 kB
Mem:          3.8G       771M       3.1G       5.7M        52M       322M

MemTotal:        4016004 kB
MemFree:         3226120 kB
Active:           434816 kB
Mem:          3.8G       771M       3.1G       5.7M        52M       322M

MemTotal:        4016004 kB
MemFree:         3226120 kB
Active:           434836 kB
Mem:          3.8G       771M       3.1G       5.7M        52M       322M

MemTotal:        4016004 kB
MemFree:         3225748 kB
Active:           434856 kB
Mem:          3.8G       771M       3.1G       5.7M        52M       322M

MemTotal:        4016004 kB
MemFree:         3225748 kB
Active:           434820 kB
Mem:          3.8G       771M       3.1G       5.7M        52M       322M

MemTotal:        4016004 kB
MemFree:         3225624 kB
Active:           434856 kB
Mem:          3.8G       771M       3.1G       5.7M        52M       322M

MemTotal:        4016004 kB
MemFree:         3225872 kB
Active:           434852 kB
Mem:          3.8G       771M       3.1G       5.7M        52M       322M

MemTotal:        4016004 kB
MemFree:         3226120 kB
Active:           434836 kB
Mem:          3.8G       771M       3.1G       5.7M        52M       322M

MemTotal:        4016004 kB
MemFree:         3225932 kB
Active:           432776 kB
Mem:          3.8G       771M       3.1G       5.7M        52M       322M

MemTotal:        4016004 kB
MemFree:         3225436 kB
Active:           434848 kB
Mem:          3.8G       771M       3.1G       5.7M        52M       322M

MemTotal:        4016004 kB
MemFree:         3225808 kB
Active:           434848 kB
Mem:          3.8G       771M       3.1G       5.7M        52M       322M

MemTotal:        4016004 kB
MemFree:         3225932 kB
Active:           434832 kB
Mem:          3.8G       771M       3.1G       5.7M        52M       322M

MemTotal:        4016004 kB
MemFree:         3225684 kB
Active:           434840 kB
Mem:          3.8G       772M       3.1G       5.7M        52M       322M

MemTotal:        4016004 kB
MemFree:         3225560 kB
Active:           434836 kB
Mem:          3.8G       772M       3.1G       5.7M        52M       322M

MemTotal:        4016004 kB
MemFree:         3225684 kB
Active:           434844 kB
Mem:          3.8G       771M       3.1G       5.7M        52M       322M

MemTotal:        4016004 kB
MemFree:         3225932 kB
Active:           434868 kB
Mem:          3.8G       771M       3.1G       5.7M        52M       322M

MemTotal:        4016004 kB
MemFree:         3225932 kB
Active:           434864 kB
Mem:          3.8G       771M       3.1G       5.7M        52M       322M

MemTotal:        4016004 kB
MemFree:         2818976 kB
Active:           444724 kB
Mem:          3.8G       1.1G       2.7G       5.7M        52M       703M

MemTotal:        4016004 kB
MemFree:         2767544 kB
Active:           445100 kB
Mem:          3.8G       1.2G       2.6G       5.7M        52M       750M

MemTotal:        4016004 kB
MemFree:         2723156 kB
Active:           445384 kB
Mem:          3.8G       1.2G       2.6G       5.7M        52M       793M

MemTotal:        4016004 kB
MemFree:         2678232 kB
Active:           445560 kB
Mem:          3.8G       1.3G       2.6G       5.7M        52M       835M

MemTotal:        4016004 kB
MemFree:         2629488 kB
Active:           445752 kB
Mem:          3.8G       1.3G       2.5G       5.7M        52M       882M

MemTotal:        4016004 kB
MemFree:         2585488 kB
Active:           445940 kB
Mem:          3.8G       1.4G       2.5G       5.7M        52M       923M

MemTotal:        4016004 kB
MemFree:         2549448 kB
Active:           446112 kB
Mem:          3.8G       1.4G       2.4G       5.7M        52M       958M

MemTotal:        4016004 kB
MemFree:         2512712 kB
Active:           446184 kB
Mem:          3.8G       1.4G       2.4G       5.7M        52M       992M

MemTotal:        4016004 kB
MemFree:         2470616 kB
Active:           446376 kB
Mem:          3.8G       1.5G       2.4G       5.7M        52M       1.0G

MemTotal:        4016004 kB
MemFree:         2417532 kB
Active:           446540 kB
Mem:          3.8G       1.5G       2.3G       5.7M        52M       1.1G

MemTotal:        4016004 kB
MemFree:         2372992 kB
Active:           446828 kB
Mem:          3.8G       1.6G       2.3G       5.7M        52M       1.1G

MemTotal:        4016004 kB
MemFree:         2346988 kB
Active:           446924 kB
Mem:          3.8G       1.6G       2.2G       5.7M        52M       1.1G

MemTotal:        4016004 kB
MemFree:         2317976 kB
Active:           447060 kB
Mem:          3.8G       1.6G       2.2G       5.7M        52M       1.2G

MemTotal:        4016004 kB
MemFree:         2286672 kB
Active:           447148 kB
Mem:          3.8G       1.7G       2.2G       5.7M        52M       1.2G

MemTotal:        4016004 kB
MemFree:         2207268 kB
Active:           447304 kB
Mem:          3.8G       1.7G       2.1G       5.7M        52M       1.3G

MemTotal:        4016004 kB
MemFree:         2164376 kB
Active:           447604 kB
Mem:          3.8G       1.8G       2.1G       5.7M        52M       1.3G

MemTotal:        4016004 kB
MemFree:         2127808 kB
Active:           447772 kB
Mem:          3.8G       1.8G       2.0G       5.7M        52M       1.3G

MemTotal:        4016004 kB
MemFree:         2098372 kB
Active:           447856 kB
Mem:          3.8G       1.8G       2.0G       5.7M        52M       1.4G

MemTotal:        4016004 kB
MemFree:         2070432 kB
Active:           448032 kB
Mem:          3.8G       1.9G       2.0G       5.7M        52M       1.4G

MemTotal:        4016004 kB
MemFree:         2039832 kB
Active:           448140 kB
Mem:          3.8G       1.9G       1.9G       5.7M        52M       1.4G

MemTotal:        4016004 kB
MemFree:         1965992 kB
Active:           448348 kB
Mem:          3.8G       2.0G       1.9G       5.7M        52M       1.5G

MemTotal:        4016004 kB
MemFree:         1906428 kB
Active:           448732 kB
Mem:          3.8G       2.0G       1.8G       5.7M        52M       1.5G

MemTotal:        4016004 kB
MemFree:         1866220 kB
Active:           448920 kB
Mem:          3.8G       2.1G       1.8G       5.7M        52M       1.6G

MemTotal:        4016004 kB
MemFree:         1835988 kB
Active:           449072 kB
Mem:          3.8G       2.1G       1.8G       5.7M        52M       1.6G

MemTotal:        4016004 kB
MemFree:         1698492 kB
Active:           449612 kB
Mem:          3.8G       2.2G       1.6G       5.7M        52M       1.7G

MemTotal:        4016004 kB
MemFree:         1651380 kB
Active:           449812 kB
Mem:          3.8G       2.3G       1.6G       5.7M        52M       1.8G

MemTotal:        4016004 kB
MemFree:         1633636 kB
Active:           449872 kB
Mem:          3.8G       2.3G       1.6G       5.7M        52M       1.8G

MemTotal:        4016004 kB
MemFree:         1614092 kB
Active:           449944 kB
Mem:          3.8G       2.3G       1.5G       5.7M        52M       1.8G

MemTotal:        4016004 kB
MemFree:         1559960 kB
Active:           450124 kB
Mem:          3.8G       2.3G       1.5G       5.7M        52M       1.9G

MemTotal:        4016004 kB
MemFree:         1477864 kB
Active:           450448 kB
Mem:          3.8G       2.4G       1.4G       5.7M        52M       1.9G

MemTotal:        4016004 kB
MemFree:         1426400 kB
Active:           450636 kB
Mem:          3.8G       2.5G       1.4G       5.7M        52M       2.0G

MemTotal:        4016004 kB
MemFree:         1400204 kB
Active:           450768 kB
Mem:          3.8G       2.5G       1.3G       5.7M        52M       2.0G

MemTotal:        4016004 kB
MemFree:         1373232 kB
Active:           450840 kB
Mem:          3.8G       2.5G       1.3G       5.7M        52M       2.0G

MemTotal:        4016004 kB
MemFree:         1344980 kB
Active:           450984 kB
Mem:          3.8G       2.5G       1.3G       5.7M        52M       2.1G

MemTotal:        4016004 kB
MemFree:         1278484 kB
Active:           451216 kB
Mem:          3.8G       2.6G       1.2G       5.7M        52M       2.1G

MemTotal:        4016004 kB
MemFree:         1209424 kB
Active:           451468 kB
Mem:          3.8G       2.7G       1.2G       5.7M        52M       2.2G

MemTotal:        4016004 kB
MemFree:         1177168 kB
Active:           451652 kB
Mem:          3.8G       2.7G       1.1G       5.7M        52M       2.2G

MemTotal:        4016004 kB
MemFree:         1147396 kB
Active:           451768 kB
Mem:          3.8G       2.7G       1.1G       5.7M        52M       2.2G

MemTotal:        4016004 kB
MemFree:         1117736 kB
Active:           451904 kB
Mem:          3.8G       2.8G       1.1G       5.7M        52M       2.3G

MemTotal:        4016004 kB
MemFree:         1071036 kB
Active:           452020 kB
Mem:          3.8G       2.8G       1.0G       5.7M        52M       2.3G

MemTotal:        4016004 kB
MemFree:          999684 kB
Active:           452312 kB
Mem:          3.8G       2.9G       975M       5.7M        52M       2.4G

MemTotal:        4016004 kB
MemFree:          960064 kB
Active:           452504 kB
Mem:          3.8G       2.9G       937M       5.7M        52M       2.4G

MemTotal:        4016004 kB
MemFree:          941816 kB
Active:           452592 kB
Mem:          3.8G       2.9G       919M       5.7M        52M       2.4G

MemTotal:        4016004 kB
MemFree:          916632 kB
Active:           452672 kB
Mem:          3.8G       3.0G       894M       5.7M        52M       2.4G

MemTotal:        4016004 kB
MemFree:          845244 kB
Active:           452820 kB
Mem:          3.8G       3.0G       825M       5.7M        52M       2.5G

MemTotal:        4016004 kB
MemFree:          759988 kB
Active:           453232 kB
Mem:          3.8G       3.1G       741M       5.7M        52M       2.6G

MemTotal:        4016004 kB
MemFree:          718416 kB
Active:           453456 kB
Mem:          3.8G       3.1G       701M       5.7M        52M       2.6G

MemTotal:        4016004 kB
MemFree:          694384 kB
Active:           453552 kB
Mem:          3.8G       3.2G       677M       5.7M        52M       2.7G

MemTotal:        4016004 kB
MemFree:          663200 kB
Active:           453664 kB
Mem:          3.8G       3.2G       647M       5.7M        52M       2.7G

MemTotal:        4016004 kB
MemFree:          623132 kB
Active:           453788 kB
Mem:          3.8G       3.2G       607M       5.7M        52M       2.7G

MemTotal:        4016004 kB
MemFree:          548328 kB
Active:           454080 kB
Mem:          3.8G       3.3G       534M       5.7M        52M       2.8G

MemTotal:        4016004 kB
MemFree:          505644 kB
Active:           454284 kB
Mem:          3.8G       3.3G       493M       5.7M        52M       2.8G

MemTotal:        4016004 kB
MemFree:          473748 kB
Active:           454360 kB
Mem:          3.8G       3.4G       462M       5.7M        52M       2.9G

MemTotal:        4016004 kB
MemFree:          448084 kB
Active:           454476 kB
Mem:          3.8G       3.4G       437M       5.7M        52M       2.9G

MemTotal:        4016004 kB
MemFree:          401724 kB
Active:           454556 kB
Mem:          3.8G       3.4G       391M       5.7M        52M       2.9G

MemTotal:        4016004 kB
MemFree:          295032 kB
Active:           454780 kB
Mem:          3.8G       3.5G       287M       5.7M        52M       3.0G

MemTotal:        4016004 kB
MemFree:          255428 kB
Active:           455180 kB
Mem:          3.8G       3.6G       249M       5.7M        52M       3.1G

MemTotal:        4016004 kB
MemFree:          252420 kB
Active:           455260 kB
Mem:          3.8G       3.6G       246M       5.7M        52M       3.1G

MemTotal:        4016004 kB
MemFree:          251852 kB
Active:           457304 kB
Mem:          3.8G       3.6G       245M       5.7M        52M       3.1G

MemTotal:        4016004 kB
MemFree:          155928 kB
Active:           434784 kB
Mem:          3.8G       3.7G       151M       5.7M        41M       3.2G

MemTotal:        4016004 kB
MemFree:          146560 kB
Active:           429920 kB
Mem:          3.8G       3.7G       103M       5.7M        19M       3.2G

MemTotal:        4016004 kB
MemFree:          116084 kB
Active:           471956 kB
Mem:          3.8G       3.7G       112M       5.7M        19M       3.2G

MemTotal:        4016004 kB
MemFree:          116800 kB
Active:           472372 kB
Mem:          3.8G       3.7G       122M       5.7M        19M       3.2G

MemTotal:        4016004 kB
MemFree:          124428 kB
Active:           466780 kB
Mem:          3.8G       3.7G       121M       5.7M        19M       3.2G

MemTotal:        4016004 kB
MemFree:          143292 kB
Active:           465888 kB
Mem:          3.8G       3.7G       139M       5.7M        19M       3.2G

MemTotal:        4016004 kB
MemFree:          124540 kB
Active:           465992 kB
Mem:          3.8G       3.7G       121M       5.7M        19M       3.2G

MemTotal:        4016004 kB
MemFree:          125400 kB
Active:           464436 kB
Mem:          3.8G       3.7G       121M       5.7M        19M       3.2G

MemTotal:        4016004 kB
MemFree:          120984 kB
Active:           461928 kB
Mem:          3.8G       3.7G       117M       5.7M        19M       3.2G

MemTotal:        4016004 kB
MemFree:          112168 kB
Active:           460948 kB
Mem:          3.8G       3.7G       109M       5.7M        19M       3.2G

MemTotal:        4016004 kB
MemFree:          105968 kB
Active:           459948 kB
Mem:          3.8G       3.7G       102M       5.7M        19M       3.2G

MemTotal:        4016004 kB
MemFree:          124196 kB
Active:           458304 kB
Mem:          3.8G       3.7G       121M       5.7M        19M       3.2G

MemTotal:        4016004 kB
MemFree:          125604 kB
Active:           456924 kB
Mem:          3.8G       3.7G       122M       5.7M        19M       3.2G

MemTotal:        4016004 kB
MemFree:          132360 kB
Active:           455960 kB
Mem:          3.8G       3.7G       128M       5.7M        19M       3.2G

MemTotal:        4016004 kB
MemFree:          121156 kB
Active:           454332 kB
Mem:          3.8G       3.7G       117M       5.7M        19M       3.2G

MemTotal:        4016004 kB
MemFree:          123736 kB
Active:           453772 kB
Mem:          3.8G       3.7G       120M       5.7M        19M       3.2G

MemTotal:        4016004 kB
MemFree:          113128 kB
Active:           453844 kB
Mem:          3.8G       3.7G       109M       5.7M        19M       3.2G

MemTotal:        4016004 kB
MemFree:          116292 kB
Active:           453280 kB
Mem:          3.8G       3.7G       113M       5.7M        19M       3.2G

MemTotal:        4016004 kB
MemFree:          144792 kB
Active:           449644 kB
Mem:          3.8G       3.7G       140M       5.7M        19M       3.2G

MemTotal:        4016004 kB
MemFree:          118568 kB
Active:           448812 kB
Mem:          3.8G       3.7G       115M       5.7M        19M       3.2G

MemTotal:        4016004 kB
MemFree:          120444 kB
Active:           447804 kB
Mem:          3.8G       3.7G       117M       5.7M        19M       3.2G

MemTotal:        4016004 kB
MemFree:          165328 kB
Active:           447132 kB
Mem:          3.8G       3.7G       161M       5.7M        19M       3.2G

MemTotal:        4016004 kB
MemFree:          108112 kB
Active:           447272 kB
Mem:          3.8G       3.7G       105M       5.7M        20M       3.2G

MemTotal:        4016004 kB
MemFree:          110116 kB
Active:           445644 kB
Mem:          3.8G       3.7G       107M       5.7M        20M       3.2G

MemTotal:        4016004 kB
MemFree:          113568 kB
Active:           441244 kB
Mem:          3.8G       3.7G       110M       5.7M        20M       3.2G

MemTotal:        4016004 kB
MemFree:          132936 kB
Active:           440572 kB
Mem:          3.8G       3.7G       129M       5.7M        20M       3.2G

MemTotal:        4016004 kB
MemFree:          126208 kB
Active:           440228 kB
Mem:          3.8G       3.7G       123M       5.7M        20M       3.2G

MemTotal:        4016004 kB
MemFree:          105756 kB
Active:           439540 kB
Mem:          3.8G       3.7G       102M       5.7M        20M       3.2G

MemTotal:        4016004 kB
MemFree:          142696 kB
Active:           435224 kB
Mem:          3.8G       3.7G       138M       5.7M        20M       3.2G

MemTotal:        4016004 kB
MemFree:          137392 kB
Active:           433044 kB
Mem:          3.8G       3.7G       133M       5.7M        20M       3.2G

MemTotal:        4016004 kB
MemFree:          137796 kB
Active:           431984 kB
Mem:          3.8G       3.7G       133M       5.7M        20M       3.2G

MemTotal:        4016004 kB
MemFree:          139808 kB
Active:           430880 kB
Mem:          3.8G       3.7G       136M       5.7M        20M       3.2G

MemTotal:        4016004 kB
MemFree:          129844 kB
Active:           430032 kB
Mem:          3.8G       3.7G       126M       5.7M        20M       3.2G

MemTotal:        4016004 kB
MemFree:          133652 kB
Active:           427280 kB
Mem:          3.8G       3.7G       129M       5.7M        20M       3.2G

MemTotal:        4016004 kB
MemFree:          123576 kB
Active:           426788 kB
Mem:          3.8G       3.7G       120M       5.7M        20M       3.2G

MemTotal:        4016004 kB
MemFree:          130648 kB
Active:           425856 kB
Mem:          3.8G       3.7G       127M       5.7M        20M       3.2G

MemTotal:        4016004 kB
MemFree:          122704 kB
Active:           424656 kB
Mem:          3.8G       3.7G       119M       5.7M        20M       3.2G

MemTotal:        4016004 kB
MemFree:          131284 kB
Active:           422240 kB
Mem:          3.8G       3.7G       127M       5.7M        20M       3.2G

MemTotal:        4016004 kB
MemFree:          120504 kB
Active:           421104 kB
Mem:          3.8G       3.7G       115M       5.7M        20M       3.2G

MemTotal:        4016004 kB
MemFree:          129632 kB
Active:           419808 kB
Mem:          3.8G       3.7G       125M       5.7M        20M       3.2G

MemTotal:        4016004 kB
MemFree:          134480 kB
Active:           418800 kB
Mem:          3.8G       3.7G       131M       5.7M        20M       3.2G

MemTotal:        4016004 kB
MemFree:          129288 kB
Active:           417768 kB
Mem:          3.8G       3.7G       132M       5.7M        20M       3.2G

MemTotal:        4016004 kB
MemFree:          138928 kB
Active:           418008 kB
Mem:          3.8G       3.7G       135M       5.7M        20M       3.2G

MemTotal:        4016004 kB
MemFree:          147280 kB
Active:           415684 kB
Mem:          3.8G       3.7G       143M       5.7M        20M       3.2G

MemTotal:        4016004 kB
MemFree:          115020 kB
Active:           415904 kB
Mem:          3.8G       3.7G       112M       5.7M        20M       3.2G

MemTotal:        4016004 kB
MemFree:          111940 kB
Active:           414756 kB
Mem:          3.8G       3.7G       109M       5.7M        20M       3.2G

MemTotal:        4016004 kB
MemFree:          115760 kB
Active:           413764 kB
Mem:          3.8G       3.7G       113M       5.7M        20M       3.2G

MemTotal:        4016004 kB
MemFree:          112236 kB
Active:           412228 kB
Mem:          3.8G       3.7G       109M       5.7M        20M       3.2G

MemTotal:        4016004 kB
MemFree:          109056 kB
Active:           410884 kB
Mem:          3.8G       3.7G       106M       5.7M        20M       3.2G

MemTotal:        4016004 kB
MemFree:          126824 kB
Active:           408912 kB
Mem:          3.8G       3.7G       122M       5.7M        20M       3.2G

MemTotal:        4016004 kB
MemFree:          113308 kB
Active:           408656 kB
Mem:          3.8G       3.7G       110M       5.7M        20M       3.2G

MemTotal:        4016004 kB
MemFree:          115684 kB
Active:           407644 kB
Mem:          3.8G       3.7G       112M       5.7M        20M       3.2G

MemTotal:        4016004 kB
MemFree:          135208 kB
Active:           405768 kB
Mem:          3.8G       3.7G       131M       5.7M        20M       3.2G

MemTotal:        4016004 kB
MemFree:          114420 kB
Active:           404660 kB
Mem:          3.8G       3.7G       110M       5.7M        20M       3.2G

MemTotal:        4016004 kB
MemFree:          137684 kB
Active:           402232 kB
Mem:          3.8G       3.7G       133M       5.7M        20M       3.2G

MemTotal:        4016004 kB
MemFree:          132256 kB
Active:           402412 kB
Mem:          3.8G       3.7G       129M       5.7M        20M       3.2G

MemTotal:        4016004 kB
MemFree:          114160 kB
Active:           402456 kB
Mem:          3.8G       3.7G       111M       5.7M        20M       3.2G

MemTotal:        4016004 kB
MemFree:          129352 kB
Active:           402384 kB
Mem:          3.8G       3.7G       125M       5.7M        20M       3.2G

MemTotal:        4016004 kB
MemFree:          123384 kB
Active:           402640 kB
Mem:          3.8G       3.7G       120M       5.7M        20M       3.2G

MemTotal:        4016004 kB
MemFree:          112412 kB
Active:           402992 kB
Mem:          3.8G       3.7G       109M       5.7M        20M       3.2G

MemTotal:        4016004 kB
MemFree:          115932 kB
Active:           403052 kB
Mem:          3.8G       3.7G       112M       5.7M        20M       3.2G

MemTotal:        4016004 kB
MemFree:          140360 kB
Active:           403140 kB
Mem:          3.8G       3.7G       136M       5.7M        20M       3.2G

MemTotal:        4016004 kB
MemFree:          118368 kB
Active:           403168 kB
Mem:          3.8G       3.7G       114M       5.7M        20M       3.2G

MemTotal:        4016004 kB
MemFree:          138240 kB
Active:           403432 kB
Mem:          3.8G       3.7G       134M       5.7M        20M       3.2G

MemTotal:        4016004 kB
MemFree:          115476 kB
Active:           403756 kB
Mem:          3.8G       3.7G       112M       5.7M        20M       3.2G

MemTotal:        4016004 kB
MemFree:          120044 kB
Active:           403952 kB
Mem:          3.8G       3.7G       116M       5.7M        20M       3.2G

MemTotal:        4016004 kB
MemFree:          109220 kB
Active:           403984 kB
Mem:          3.8G       3.7G       106M       5.7M        20M       3.2G

MemTotal:        4016004 kB
MemFree:          118492 kB
Active:           404072 kB
Mem:          3.8G       3.7G       115M       5.7M        20M       3.2G

MemTotal:        4016004 kB
MemFree:          108604 kB
Active:           404336 kB
Mem:          3.8G       3.7G       105M       5.7M        20M       3.2G

MemTotal:        4016004 kB
MemFree:          126056 kB
Active:           404640 kB
Mem:          3.8G       3.7G       122M       5.7M        20M       3.2G

MemTotal:        4016004 kB
MemFree:          106772 kB
Active:           404812 kB
Mem:          3.8G       3.7G       103M       5.7M        20M       3.2G

MemTotal:        4016004 kB
MemFree:          112220 kB
Active:           404968 kB
Mem:          3.8G       3.7G       109M       5.7M        20M       3.2G

MemTotal:        4016004 kB
MemFree:          105560 kB
Active:           407256 kB
Mem:          3.8G       3.7G       110M       5.7M        20M       3.2G

MemTotal:        4016004 kB
MemFree:          125484 kB
Active:           405476 kB
Mem:          3.8G       3.7G       121M       5.7M        20M       3.2G

MemTotal:        4016004 kB
MemFree:          116144 kB
Active:           405484 kB
Mem:          3.8G       3.7G       113M       5.7M        20M       3.2G

MemTotal:        4016004 kB
MemFree:          115608 kB
Active:           405552 kB
Mem:          3.8G       3.7G       112M       5.7M        20M       3.2G

MemTotal:        4016004 kB
MemFree:          127448 kB
Active:           405712 kB
Mem:          3.8G       3.7G       124M       5.7M        20M       3.2G

MemTotal:        4016004 kB
MemFree:          144516 kB
Active:           406096 kB
Mem:          3.8G       3.7G       140M       5.7M        20M       3.2G

MemTotal:        4016004 kB
MemFree:          124116 kB
Active:           406344 kB
Mem:          3.8G       3.7G       120M       5.7M        20M       3.2G

MemTotal:        4016004 kB
MemFree:          108560 kB
Active:           403716 kB
Mem:          3.8G       3.7G       105M       5.7M        20M       3.2G

MemTotal:        4016004 kB
MemFree:          105412 kB
Active:           404148 kB
Mem:          3.8G       3.7G       111M       5.7M        20M       3.2G

MemTotal:        4016004 kB
MemFree:          128024 kB
Active:           403976 kB
Mem:          3.8G       3.7G       124M       5.7M        20M       3.2G

MemTotal:        4016004 kB
MemFree:          105492 kB
Active:           404128 kB
Mem:          3.8G       3.7G       102M       5.7M        20M       3.2G

MemTotal:        4016004 kB
MemFree:          122808 kB
Active:           404104 kB
Mem:          3.8G       3.7G       119M       5.7M        20M       3.2G

MemTotal:        4016004 kB
MemFree:          123308 kB
Active:           404252 kB
Mem:          3.8G       3.7G       123M       5.7M        20M       3.2G

MemTotal:        4016004 kB
MemFree:          135448 kB
Active:           404552 kB
Mem:          3.8G       3.7G       132M       5.7M        20M       3.2G

MemTotal:        4016004 kB
MemFree:          126308 kB
Active:           404784 kB
Mem:          3.8G       3.7G       122M       5.7M        20M       3.2G

MemTotal:        4016004 kB
MemFree:          125504 kB
Active:           404836 kB
Mem:          3.8G       3.7G       122M       5.7M        20M       3.2G

MemTotal:        4016004 kB
MemFree:          133704 kB
Active:           401032 kB
Mem:          3.8G       3.7G       130M       5.7M        20M       3.2G

MemTotal:        4016004 kB
MemFree:          135040 kB
Active:           403328 kB
Mem:          3.8G       3.7G       131M       5.7M        20M       3.2G

MemTotal:        4016004 kB
MemFree:          127128 kB
Active:           402540 kB
Mem:          3.8G       3.7G       123M       5.7M        20M       3.2G

MemTotal:        4016004 kB
MemFree:          108736 kB
Active:           402772 kB
Mem:          3.8G       3.7G       105M       5.7M        20M       3.2G

MemTotal:        4016004 kB
MemFree:          124308 kB
Active:           402928 kB
Mem:          3.8G       3.7G       121M       5.7M        20M       3.2G

MemTotal:        4016004 kB
MemFree:          133360 kB
Active:           403104 kB
Mem:          3.8G       3.7G       129M       5.7M        20M       3.2G

MemTotal:        4016004 kB
MemFree:          116512 kB
Active:           403192 kB
Mem:          3.8G       3.7G       113M       5.7M        20M       3.2G

MemTotal:        4016004 kB
MemFree:          122796 kB
Active:           403392 kB
Mem:          3.8G       3.7G       119M       5.7M        20M       3.2G

MemTotal:        4016004 kB
MemFree:          128172 kB
Active:           402104 kB
Mem:          3.8G       3.7G       123M       5.7M        20M       3.2G

MemTotal:        4016004 kB
MemFree:          120096 kB
Active:           402416 kB
Mem:          3.8G       3.7G       116M       5.7M        20M       3.2G

MemTotal:        4016004 kB
MemFree:          137336 kB
Active:           402604 kB
Mem:          3.8G       3.7G       133M       5.7M        20M       3.2G

MemTotal:        4016004 kB
MemFree:          117424 kB
Active:           402676 kB
Mem:          3.8G       3.7G       114M       5.7M        20M       3.2G

MemTotal:        4016004 kB
MemFree:          136096 kB
Active:           402760 kB
Mem:          3.8G       3.7G       132M       5.7M        20M       3.2G

MemTotal:        4016004 kB
MemFree:          132536 kB
Active:           402964 kB
Mem:          3.8G       3.7G       128M       5.7M        20M       3.2G

MemTotal:        4016004 kB
MemFree:          131680 kB
Active:           403280 kB
Mem:          3.8G       3.7G       128M       5.7M        20M       3.2G

MemTotal:        4016004 kB
MemFree:          134420 kB
Active:           403488 kB
Mem:          3.8G       3.7G       130M       5.7M        20M       3.2G

MemTotal:        4016004 kB
MemFree:          136244 kB
Active:           402108 kB
Mem:          3.8G       3.7G       133M       5.7M        20M       3.2G

MemTotal:        4016004 kB
MemFree:          124176 kB
Active:           402248 kB
Mem:          3.8G       3.7G       120M       5.7M        20M       3.2G

MemTotal:        4016004 kB
MemFree:          124728 kB
Active:           402472 kB
Mem:          3.8G       3.7G       121M       5.7M        20M       3.2G

MemTotal:        4016004 kB
MemFree:          118300 kB
Active:           402688 kB
Mem:          3.8G       3.7G       114M       5.7M        20M       3.2G

MemTotal:        4016004 kB
MemFree:          133256 kB
Active:           402852 kB
Mem:          3.8G       3.7G       129M       5.7M        20M       3.2G

MemTotal:        4016004 kB
MemFree:          106032 kB
Active:           402984 kB
Mem:          3.8G       3.7G       103M       5.7M        20M       3.2G

MemTotal:        4016004 kB
MemFree:          133092 kB
Active:           403104 kB
Mem:          3.8G       3.7G       129M       5.7M        20M       3.2G

MemTotal:        4016004 kB
MemFree:          130496 kB
Active:           403296 kB
Mem:          3.8G       3.7G       126M       5.7M        20M       3.2G

MemTotal:        4016004 kB
MemFree:          133236 kB
Active:           403508 kB
Mem:          3.8G       3.7G       129M       5.7M        20M       3.2G

MemTotal:        4016004 kB
MemFree:          109544 kB
Active:           396264 kB
Mem:          3.8G       3.7G       106M       5.7M        20M       3.2G

MemTotal:        4016004 kB
MemFree:          138216 kB
Active:           396520 kB
Mem:          3.8G       3.7G       134M       5.7M        20M       3.2G

MemTotal:        4016004 kB
MemFree:          144508 kB
Active:           396736 kB
Mem:          3.8G       3.7G       140M       5.7M        20M       3.2G

MemTotal:        4016004 kB
MemFree:          105260 kB
Active:           398428 kB
Mem:          3.8G       3.7G       102M       5.7M        20M       3.2G

MemTotal:        4016004 kB
MemFree:          109504 kB
Active:           397304 kB
Mem:          3.8G       3.7G       106M       5.7M        20M       3.2G

MemTotal:        4016004 kB
MemFree:          129732 kB
Active:           397140 kB
Mem:          3.8G       3.7G       126M       5.7M        20M       3.2G

MemTotal:        4016004 kB
MemFree:          127872 kB
Active:           397232 kB
Mem:          3.8G       3.7G       124M       5.7M        20M       3.2G

MemTotal:        4016004 kB
MemFree:          117396 kB
Active:           397416 kB
Mem:          3.8G       3.7G       113M       5.7M        20M       3.2G

MemTotal:        4016004 kB
MemFree:          136240 kB
Active:           394756 kB
Mem:          3.8G       3.7G       132M       5.7M        20M       3.2G

MemTotal:        4016004 kB
MemFree:          105628 kB
Active:           394884 kB
Mem:          3.8G       3.7G       102M       5.7M        20M       3.2G

MemTotal:        4016004 kB
MemFree:          125792 kB
Active:           394896 kB
Mem:          3.8G       3.7G       122M       5.7M        20M       3.2G

MemTotal:        4016004 kB
MemFree:          130160 kB
Active:           394980 kB
Mem:          3.8G       3.7G       126M       5.7M        20M       3.2G

MemTotal:        4016004 kB
MemFree:          124540 kB
Active:           395104 kB
Mem:          3.8G       3.7G       120M       5.7M        20M       3.2G

MemTotal:        4016004 kB
MemFree:          125536 kB
Active:           395304 kB
Mem:          3.8G       3.7G       121M       5.7M        20M       3.2G

MemTotal:        4016004 kB
MemFree:          111052 kB
Active:           395556 kB
Mem:          3.8G       3.7G       108M       5.7M        20M       3.2G

MemTotal:        4016004 kB
MemFree:          125752 kB
Active:           395744 kB
Mem:          3.8G       3.7G       122M       5.7M        20M       3.2G

MemTotal:        4016004 kB
MemFree:          138912 kB
Active:           395840 kB
Mem:          3.8G       3.7G       135M       5.7M        20M       3.2G

MemTotal:        4016004 kB
MemFree:          138728 kB
Active:           395992 kB
Mem:          3.8G       3.7G       135M       5.7M        20M       3.2G

MemTotal:        4016004 kB
MemFree:          115948 kB
Active:           396264 kB
Mem:          3.8G       3.7G       111M       5.7M        20M       3.2G

MemTotal:        4016004 kB
MemFree:          107744 kB
Active:           396480 kB
Mem:          3.8G       3.7G       104M       5.7M        20M       3.2G

MemTotal:        4016004 kB
MemFree:          112876 kB
Active:           394352 kB
Mem:          3.8G       3.7G       109M       5.7M        20M       3.2G

MemTotal:        4016004 kB
MemFree:          113608 kB
Active:           394388 kB
Mem:          3.8G       3.7G       110M       5.7M        20M       3.2G

MemTotal:        4016004 kB
MemFree:          128940 kB
Active:           394524 kB
Mem:          3.8G       3.7G       125M       5.7M        20M       3.2G

MemTotal:        4016004 kB
MemFree:          132996 kB
Active:           394652 kB
Mem:          3.8G       3.7G       129M       5.7M        20M       3.2G

MemTotal:        4016004 kB
MemFree:          138296 kB
Active:           394916 kB
Mem:          3.8G       3.7G       133M       5.7M        20M       3.2G

MemTotal:        4016004 kB
MemFree:          146216 kB
Active:           395144 kB
Mem:          3.8G       3.7G       142M       5.7M        20M       3.2G

MemTotal:        4016004 kB
MemFree:          133176 kB
Active:           395376 kB
Mem:          3.8G       3.7G       129M       5.7M        20M       3.2G

MemTotal:        4016004 kB
MemFree:          132944 kB
Active:           395532 kB
Mem:          3.8G       3.7G       129M       5.7M        20M       3.2G

MemTotal:        4016004 kB
MemFree:          141216 kB
Active:           395676 kB
Mem:          3.8G       3.7G       137M       5.7M        20M       3.2G

MemTotal:        4016004 kB
MemFree:          122584 kB
Active:           395852 kB
Mem:          3.8G       3.7G       119M       5.7M        20M       3.2G

MemTotal:        4016004 kB
MemFree:          146648 kB
Active:           396016 kB
Mem:          3.8G       3.7G       142M       5.7M        20M       3.2G

MemTotal:        4016004 kB
MemFree:          122080 kB
Active:           396132 kB
Mem:          3.8G       3.7G       119M       5.7M        20M       3.2G

MemTotal:        4016004 kB
MemFree:          138876 kB
Active:           396212 kB
Mem:          3.8G       3.7G       135M       5.7M        20M       3.2G

MemTotal:        4016004 kB
MemFree:          110960 kB
Active:           396272 kB
Mem:          3.8G       3.7G       107M       5.7M        20M       3.2G

MemTotal:        4016004 kB
MemFree:          133164 kB
Active:           393688 kB
Mem:          3.8G       3.7G       129M       5.7M        20M       3.2G

MemTotal:        4016004 kB
MemFree:          124944 kB
Active:           394004 kB
Mem:          3.8G       3.7G       121M       5.7M        20M       3.2G

MemTotal:        4016004 kB
MemFree:          135788 kB
Active:           394220 kB
Mem:          3.8G       3.7G       131M       5.7M        20M       3.2G

MemTotal:        4016004 kB
MemFree:          133268 kB
Active:           394528 kB
Mem:          3.8G       3.7G       129M       5.7M        20M       3.2G

MemTotal:        4016004 kB
MemFree:          133700 kB
Active:           394868 kB
Mem:          3.8G       3.7G       130M       5.7M        20M       3.2G

MemTotal:        4016004 kB
MemFree:          116340 kB
Active:           395072 kB
Mem:          3.8G       3.7G       113M       5.7M        20M       3.2G

MemTotal:        4016004 kB
MemFree:          109240 kB
Active:           395088 kB
Mem:          3.8G       3.7G       106M       5.7M        20M       3.2G

MemTotal:        4016004 kB
MemFree:          131016 kB
Active:           397164 kB
Mem:          3.8G       3.7G       125M       5.7M        20M       3.2G

MemTotal:        4016004 kB
MemFree:          109168 kB
Active:           395288 kB
Mem:          3.8G       3.7G       105M       5.7M        20M       3.2G

MemTotal:        4016004 kB
MemFree:          113676 kB
Active:           395688 kB
Mem:          3.8G       3.7G       110M       5.7M        20M       3.2G

MemTotal:        4016004 kB
MemFree:          130880 kB
Active:           395844 kB
Mem:          3.8G       3.7G       127M       5.7M        20M       3.2G

MemTotal:        4016004 kB
MemFree:          129516 kB
Active:           395896 kB
Mem:          3.8G       3.7G       126M       5.7M        20M       3.2G

MemTotal:        4016004 kB
MemFree:          113696 kB
Active:           392616 kB
Mem:          3.8G       3.7G       110M       5.7M        20M       3.2G

MemTotal:        4016004 kB
MemFree:          119000 kB
Active:           392912 kB
Mem:          3.8G       3.7G       115M       5.7M        20M       3.2G

MemTotal:        4016004 kB
MemFree:          136556 kB
Active:           393104 kB
Mem:          3.8G       3.7G       132M       5.7M        20M       3.2G

MemTotal:        4016004 kB
MemFree:          133708 kB
Active:           395292 kB
Mem:          3.8G       3.7G       129M       5.7M        20M       3.2G

MemTotal:        4016004 kB
MemFree:          129796 kB
Active:           395468 kB
Mem:          3.8G       3.7G       126M       5.7M        20M       3.2G

MemTotal:        4016004 kB
MemFree:          125268 kB
Active:           395612 kB
Mem:          3.8G       3.7G       121M       5.7M        20M       3.2G

MemTotal:        4016004 kB
MemFree:          135400 kB
Active:           395724 kB
Mem:          3.8G       3.7G       131M       5.7M        20M       3.2G

MemTotal:        4016004 kB
MemFree:          126768 kB
Active:           395780 kB
Mem:          3.8G       3.7G       123M       5.7M        20M       3.2G

MemTotal:        4016004 kB
MemFree:          125396 kB
Active:           395964 kB
Mem:          3.8G       3.7G       121M       5.7M        20M       3.2G

MemTotal:        4016004 kB
MemFree:          110428 kB
Active:           396216 kB
Mem:          3.8G       3.7G       107M       5.7M        20M       3.2G

MemTotal:        4016004 kB
MemFree:          105060 kB
Active:           396428 kB
Mem:          3.8G       3.7G       117M       5.7M        20M       3.2G

MemTotal:        4016004 kB
MemFree:          130500 kB
Active:           396508 kB
Mem:          3.8G       3.7G       126M       5.7M        20M       3.2G

MemTotal:        4016004 kB
MemFree:          141876 kB
Active:           396688 kB
Mem:          3.8G       3.7G       138M       5.7M        20M       3.2G

MemTotal:        4016004 kB
MemFree:          129140 kB
Active:           396956 kB
Mem:          3.8G       3.7G       133M       5.7M        20M       3.2G

MemTotal:        4016004 kB
MemFree:          146172 kB
Active:           396644 kB
Mem:          3.8G       3.7G       142M       5.7M        20M       3.2G

MemTotal:        4016004 kB
MemFree:          124736 kB
Active:           396828 kB
Mem:          3.8G       3.7G       121M       5.7M        20M       3.2G

MemTotal:        4016004 kB
MemFree:          113820 kB
Active:           396924 kB
Mem:          3.8G       3.7G       111M       5.7M        20M       3.2G

MemTotal:        4016004 kB
MemFree:          123556 kB
Active:           397020 kB
Mem:          3.8G       3.7G       120M       5.7M        20M       3.2G

MemTotal:        4016004 kB
MemFree:          145052 kB
Active:           397132 kB
Mem:          3.8G       3.7G       140M       5.7M        20M       3.2G

MemTotal:        4016004 kB
MemFree:          133892 kB
Active:           397372 kB
Mem:          3.8G       3.7G       130M       5.7M        20M       3.2G

MemTotal:        4016004 kB
MemFree:          126028 kB
Active:           397608 kB
Mem:          3.8G       3.7G       122M       5.7M        20M       3.2G

MemTotal:        4016004 kB
MemFree:          169192 kB
Active:           397760 kB
Mem:          3.8G       3.7G       164M       5.7M        20M       3.1G

MemTotal:        4016004 kB
MemFree:          125892 kB
Active:           398024 kB
Mem:          3.8G       3.7G       122M       5.7M        20M       3.2G

MemTotal:        4016004 kB
MemFree:          130056 kB
Active:           398208 kB
Mem:          3.8G       3.7G       126M       5.7M        20M       3.2G

MemTotal:        4016004 kB
MemFree:          138192 kB
Active:           398448 kB
Mem:          3.8G       3.7G       134M       5.7M        20M       3.2G

MemTotal:        4016004 kB
MemFree:          142876 kB
Active:           398616 kB
Mem:          3.8G       3.7G       138M       5.7M        20M       3.2G

MemTotal:        4016004 kB
MemFree:          128304 kB
Active:           398892 kB
Mem:          3.8G       3.7G       125M       5.7M        20M       3.2G

MemTotal:        4016004 kB
MemFree:          126188 kB
Active:           398916 kB
Mem:          3.8G       3.7G       122M       5.7M        20M       3.2G

MemTotal:        4016004 kB
MemFree:          124656 kB
Active:           399360 kB
Mem:          3.8G       3.7G       121M       5.7M        20M       3.2G

MemTotal:        4016004 kB
MemFree:          155300 kB
Active:           399608 kB
Mem:          3.8G       3.7G       151M       5.7M        20M       3.2G

MemTotal:        4016004 kB
MemFree:          108812 kB
Active:           399852 kB
Mem:          3.8G       3.7G       106M       5.7M        20M       3.2G

MemTotal:        4016004 kB
MemFree:          133584 kB
Active:           399992 kB
Mem:          3.8G       3.7G       130M       5.7M        20M       3.2G

MemTotal:        4016004 kB
MemFree:          108508 kB
Active:           400152 kB
Mem:          3.8G       3.7G       105M       5.7M        20M       3.2G

MemTotal:        4016004 kB
MemFree:          126312 kB
Active:           400344 kB
Mem:          3.8G       3.7G       122M       5.7M        20M       3.2G

MemTotal:        4016004 kB
MemFree:          127228 kB
Active:           400640 kB
Mem:          3.8G       3.7G       123M       5.7M        20M       3.2G

MemTotal:        4016004 kB
MemFree:          120072 kB
Active:           401032 kB
Mem:          3.8G       3.7G       116M       5.7M        20M       3.2G

MemTotal:        4016004 kB
MemFree:          116212 kB
Active:           401184 kB
Mem:          3.8G       3.7G       113M       5.7M        20M       3.2G

MemTotal:        4016004 kB
MemFree:          118648 kB
Active:           401296 kB
Mem:          3.8G       3.7G       115M       5.7M        20M       3.2G

MemTotal:        4016004 kB
MemFree:          121612 kB
Active:           401416 kB
Mem:          3.8G       3.7G       118M       5.7M        20M       3.2G

MemTotal:        4016004 kB
MemFree:          136296 kB
Active:           401504 kB
Mem:          3.8G       3.7G       132M       5.7M        20M       3.2G

MemTotal:        4016004 kB
MemFree:          131876 kB
Active:           402868 kB
Mem:          3.8G       3.7G       128M       5.7M        20M       3.2G

MemTotal:        4016004 kB
MemFree:          117560 kB
Active:           402912 kB
Mem:          3.8G       3.7G       114M       5.7M        20M       3.2G

MemTotal:        4016004 kB
MemFree:          131108 kB
Active:           403036 kB
Mem:          3.8G       3.7G       117M       5.7M        20M       3.2G

MemTotal:        4016004 kB
MemFree:          135784 kB
Active:           403724 kB
Mem:          3.8G       3.7G       132M       5.7M        20M       3.2G

MemTotal:        4016004 kB
MemFree:          129472 kB
Active:           403960 kB
Mem:          3.8G       3.7G       126M       5.7M        20M       3.2G

MemTotal:        4016004 kB
MemFree:          130832 kB
Active:           404292 kB
Mem:          3.8G       3.7G       127M       5.7M        20M       3.2G

MemTotal:        4016004 kB
MemFree:          124812 kB
Active:           404540 kB
Mem:          3.8G       3.7G       120M       5.7M        20M       3.2G

MemTotal:        4016004 kB
MemFree:          135248 kB
Active:           404608 kB
Mem:          3.8G       3.7G       131M       5.7M        20M       3.2G

MemTotal:        4016004 kB
MemFree:          115564 kB
Active:           404688 kB
Mem:          3.8G       3.7G       112M       5.7M        20M       3.2G

MemTotal:        4016004 kB
MemFree:          114904 kB
Active:           404748 kB
Mem:          3.8G       3.7G       112M       5.7M        20M       3.2G

MemTotal:        4016004 kB
MemFree:          114916 kB
Active:           404608 kB
Mem:          3.8G       3.7G       112M       5.7M        20M       3.2G

MemTotal:        4016004 kB
MemFree:          139556 kB
Active:           405400 kB
Mem:          3.8G       3.7G       135M       5.7M        20M       3.2G

MemTotal:        4016004 kB
MemFree:          123904 kB
Active:           405592 kB
Mem:          3.8G       3.7G       120M       5.7M        20M       3.2G

MemTotal:        4016004 kB
MemFree:          119468 kB
Active:           413432 kB
Mem:          3.8G       3.7G       116M       5.7M        28M       3.2G

MemTotal:        4016004 kB
MemFree:          120436 kB
Active:           413548 kB
Mem:          3.8G       3.7G       116M       5.7M        28M       3.2G

MemTotal:        4016004 kB
MemFree:          108728 kB
Active:           412868 kB
Mem:          3.8G       3.7G       105M       5.7M        28M       3.2G

MemTotal:        4016004 kB
MemFree:          115968 kB
Active:           413064 kB
Mem:          3.8G       3.7G       113M       5.7M        28M       3.2G

MemTotal:        4016004 kB
MemFree:          129180 kB
Active:           413220 kB
Mem:          3.8G       3.7G       125M       5.7M        28M       3.2G

MemTotal:        4016004 kB
MemFree:          134456 kB
Active:           413416 kB
Mem:          3.8G       3.7G       130M       5.7M        28M       3.2G

MemTotal:        4016004 kB
MemFree:          110912 kB
Active:           413524 kB
Mem:          3.8G       3.7G       107M       5.7M        28M       3.2G

MemTotal:        4016004 kB
MemFree:          122092 kB
Active:           413608 kB
Mem:          3.8G       3.7G       119M       5.7M        28M       3.2G

MemTotal:        4016004 kB
MemFree:          109244 kB
Active:           413716 kB
Mem:          3.8G       3.7G       105M       5.7M        28M       3.2G

MemTotal:        4016004 kB
MemFree:          137032 kB
Active:           413980 kB
Mem:          3.8G       3.7G       133M       5.7M        28M       3.2G

MemTotal:        4016004 kB
MemFree:          127564 kB
Active:           414272 kB
Mem:          3.8G       3.7G       124M       5.7M        28M       3.2G

MemTotal:        4016004 kB
MemFree:          126512 kB
Active:           414396 kB
Mem:          3.8G       3.7G       123M       5.7M        28M       3.2G

MemTotal:        4016004 kB
MemFree:          126640 kB
Active:           414384 kB
Mem:          3.8G       3.7G       123M       5.7M        28M       3.2G

MemTotal:        4016004 kB
MemFree:          121708 kB
Active:           414408 kB
Mem:          3.8G       3.7G       121M       5.7M        28M       3.2G

MemTotal:        4016004 kB
MemFree:          123136 kB
Active:           414804 kB
Mem:          3.8G       3.7G       119M       5.7M        28M       3.2G

MemTotal:        4016004 kB
MemFree:          113600 kB
Active:           415084 kB
Mem:          3.8G       3.7G       110M       5.7M        28M       3.2G

MemTotal:        4016004 kB
MemFree:          107900 kB
Active:           415444 kB
Mem:          3.8G       3.7G       104M       5.7M        28M       3.2G

MemTotal:        4016004 kB
MemFree:          107884 kB
Active:           415580 kB
Mem:          3.8G       3.7G       105M       5.7M        28M       3.2G

MemTotal:        4016004 kB
MemFree:          123992 kB
Active:           415740 kB
Mem:          3.8G       3.7G       119M       5.7M        28M       3.2G

MemTotal:        4016004 kB
MemFree:          124104 kB
Active:           415996 kB
Mem:          3.8G       3.7G       120M       5.7M        28M       3.2G

MemTotal:        4016004 kB
MemFree:          111948 kB
Active:           416196 kB
Mem:          3.8G       3.7G       109M       5.7M        28M       3.2G

MemTotal:        4016004 kB
MemFree:          111236 kB
Active:           416292 kB
Mem:          3.8G       3.7G       108M       5.7M        28M       3.2G

MemTotal:        4016004 kB
MemFree:          120632 kB
Active:           416388 kB
Mem:          3.8G       3.7G       116M       5.7M        28M       3.2G

MemTotal:        4016004 kB
MemFree:          119504 kB
Active:           416512 kB
Mem:          3.8G       3.7G       116M       5.7M        28M       3.2G

MemTotal:        4016004 kB
MemFree:          143968 kB
Active:           416816 kB
Mem:          3.8G       3.7G       140M       5.7M        28M       3.2G

MemTotal:        4016004 kB
MemFree:          133872 kB
Active:           417084 kB
Mem:          3.8G       3.7G       130M       5.7M        28M       3.2G

MemTotal:        4016004 kB
MemFree:          124372 kB
Active:           417224 kB
Mem:          3.8G       3.7G       121M       5.7M        28M       3.2G

MemTotal:        4016004 kB
MemFree:          104864 kB
Active:           417348 kB
Mem:          3.8G       3.7G       107M       5.7M        28M       3.2G

MemTotal:        4016004 kB
MemFree:          134780 kB
Active:           417476 kB
Mem:          3.8G       3.7G       131M       5.7M        28M       3.2G

MemTotal:        4016004 kB
MemFree:          132208 kB
Active:           417648 kB
Mem:          3.8G       3.7G       128M       5.7M        28M       3.2G

MemTotal:        4016004 kB
MemFree:          112296 kB
Active:           417900 kB
Mem:          3.8G       3.7G       108M       5.7M        28M       3.2G

MemTotal:        4016004 kB
MemFree:          114836 kB
Active:           418124 kB
Mem:          3.8G       3.7G       111M       5.7M        28M       3.2G

MemTotal:        4016004 kB
MemFree:          106056 kB
Active:           418160 kB
Mem:          3.8G       3.7G       103M       5.7M        28M       3.2G

MemTotal:        4016004 kB
MemFree:          127416 kB
Active:           418212 kB
Mem:          3.8G       3.7G       123M       5.7M        28M       3.2G

MemTotal:        4016004 kB
MemFree:          125608 kB
Active:           418400 kB
Mem:          3.8G       3.7G       122M       5.7M        28M       3.2G

MemTotal:        4016004 kB
MemFree:          129516 kB
Active:           418856 kB
Mem:          3.8G       3.7G       125M       5.7M        28M       3.2G

MemTotal:        4016004 kB
MemFree:          104776 kB
Active:           418992 kB
Mem:          3.8G       3.7G       106M       5.7M        28M       3.2G

MemTotal:        4016004 kB
MemFree:          126844 kB
Active:           418944 kB
Mem:          3.8G       3.7G       123M       5.7M        28M       3.2G

MemTotal:        4016004 kB
MemFree:          127028 kB
Active:           418992 kB
Mem:          3.8G       3.7G       123M       5.7M        28M       3.2G

MemTotal:        4016004 kB
MemFree:          107256 kB
Active:           419324 kB
Mem:          3.8G       3.7G       104M       5.7M        28M       3.2G

MemTotal:        4016004 kB
MemFree:          127500 kB
Active:           419704 kB
Mem:          3.8G       3.7G       124M       5.7M        28M       3.2G

MemTotal:        4016004 kB
MemFree:          135528 kB
Active:           419888 kB
Mem:          3.8G       3.7G       130M       5.7M        28M       3.2G

MemTotal:        4016004 kB
MemFree:          118972 kB
Active:           419952 kB
Mem:          3.8G       3.7G       115M       5.7M        28M       3.2G

MemTotal:        4016004 kB
MemFree:          128708 kB
Active:           419944 kB
Mem:          3.8G       3.7G       124M       5.7M        28M       3.2G

MemTotal:        4016004 kB
MemFree:          116684 kB
Active:           420360 kB
Mem:          3.8G       3.7G       113M       5.7M        28M       3.2G

MemTotal:        4016004 kB
MemFree:          120696 kB
Active:           420592 kB
Mem:          3.8G       3.7G       117M       5.7M        28M       3.2G

MemTotal:        4016004 kB
MemFree:          117492 kB
Active:           420744 kB
Mem:          3.8G       3.7G       114M       5.7M        28M       3.2G

MemTotal:        4016004 kB
MemFree:          114708 kB
Active:           420884 kB
Mem:          3.8G       3.7G       111M       5.7M        28M       3.2G

MemTotal:        4016004 kB
MemFree:          108340 kB
Active:           421040 kB
Mem:          3.8G       3.7G       105M       5.7M        28M       3.2G

MemTotal:        4016004 kB
MemFree:          108992 kB
Active:           421200 kB
Mem:          3.8G       3.7G       106M       5.7M        28M       3.2G

MemTotal:        4016004 kB
MemFree:          107912 kB
Active:           421408 kB
Mem:          3.8G       3.7G       105M       5.7M        28M       3.2G

MemTotal:        4016004 kB
MemFree:          106100 kB
Active:           421592 kB
Mem:          3.8G       3.7G       102M       5.7M        28M       3.2G

MemTotal:        4016004 kB
MemFree:          119364 kB
Active:           421704 kB
Mem:          3.8G       3.7G       116M       5.7M        28M       3.2G

MemTotal:        4016004 kB
MemFree:          105544 kB
Active:           421768 kB
Mem:          3.8G       3.7G       102M       5.7M        28M       3.2G

MemTotal:        4016004 kB
MemFree:          118144 kB
Active:           421840 kB
Mem:          3.8G       3.7G       115M       5.7M        28M       3.2G

MemTotal:        4016004 kB
MemFree:          145624 kB
Active:           422192 kB
Mem:          3.8G       3.7G       141M       5.7M        28M       3.1G

MemTotal:        4016004 kB
MemFree:          127304 kB
Active:           422472 kB
Mem:          3.8G       3.7G       123M       5.7M        28M       3.2G

MemTotal:        4016004 kB
MemFree:          105812 kB
Active:           422644 kB
Mem:          3.8G       3.7G       102M       5.7M        28M       3.2G

MemTotal:        4016004 kB
MemFree:          137352 kB
Active:           422700 kB
Mem:          3.8G       3.7G       133M       5.7M        28M       3.2G

MemTotal:        4016004 kB
MemFree:          107756 kB
Active:           422880 kB
Mem:          3.8G       3.7G       104M       5.7M        28M       3.2G

MemTotal:        4016004 kB
MemFree:          126376 kB
Active:           423016 kB
Mem:          3.8G       3.7G       122M       5.7M        28M       3.2G

MemTotal:        4016004 kB
MemFree:          118872 kB
Active:           423216 kB
Mem:          3.8G       3.7G       115M       5.7M        28M       3.2G

MemTotal:        4016004 kB
MemFree:          117892 kB
Active:           423472 kB
Mem:          3.8G       3.7G       114M       5.7M        28M       3.2G

MemTotal:        4016004 kB
MemFree:          129680 kB
Active:           423656 kB
Mem:          3.8G       3.7G       126M       5.7M        28M       3.2G

MemTotal:        4016004 kB
MemFree:          127260 kB
Active:           423752 kB
Mem:          3.8G       3.7G       124M       5.7M        28M       3.2G

MemTotal:        4016004 kB
MemFree:          126756 kB
Active:           423816 kB
Mem:          3.8G       3.7G       123M       5.7M        28M       3.2G

MemTotal:        4016004 kB
MemFree:          106160 kB
Active:           424048 kB
Mem:          3.8G       3.7G       103M       5.7M        28M       3.2G

MemTotal:        4016004 kB
MemFree:          133480 kB
Active:           424336 kB
Mem:          3.8G       3.7G       129M       5.7M        28M       3.2G

MemTotal:        4016004 kB
MemFree:          138976 kB
Active:           424536 kB
Mem:          3.8G       3.7G       135M       5.7M        28M       3.2G

MemTotal:        4016004 kB
MemFree:          129576 kB
Active:           424588 kB
Mem:          3.8G       3.7G       126M       5.7M        28M       3.2G

MemTotal:        4016004 kB
MemFree:          128580 kB
Active:           424644 kB
Mem:          3.8G       3.7G       123M       5.7M        28M       3.2G

MemTotal:        4016004 kB
MemFree:          136780 kB
Active:           424844 kB
Mem:          3.8G       3.7G       133M       5.7M        28M       3.2G

MemTotal:        4016004 kB
MemFree:          116420 kB
Active:           425240 kB
Mem:          3.8G       3.7G       112M       5.7M        28M       3.2G

MemTotal:        4016004 kB
MemFree:          122148 kB
Active:           425400 kB
Mem:          3.8G       3.7G       119M       5.7M        28M       3.2G

MemTotal:        4016004 kB
MemFree:          139984 kB
Active:           425568 kB
Mem:          3.8G       3.7G       136M       5.7M        28M       3.2G

MemTotal:        4016004 kB
MemFree:          108408 kB
Active:           425636 kB
Mem:          3.8G       3.7G       105M       5.7M        28M       3.2G

MemTotal:        4016004 kB
MemFree:          129704 kB
Active:           424776 kB
Mem:          3.8G       3.7G       125M       5.7M        28M       3.2G

MemTotal:        4016004 kB
MemFree:          126092 kB
Active:           425084 kB
Mem:          3.8G       3.7G       122M       5.7M        28M       3.2G

MemTotal:        4016004 kB
MemFree:          123628 kB
Active:           425304 kB
Mem:          3.8G       3.7G       120M       5.7M        28M       3.2G

MemTotal:        4016004 kB
MemFree:          122928 kB
Active:           425324 kB
Mem:          3.8G       3.7G       120M       5.7M        28M       3.2G

MemTotal:        4016004 kB
MemFree:          112852 kB
Active:           425416 kB
Mem:          3.8G       3.7G       109M       5.7M        28M       3.2G

MemTotal:        4016004 kB
MemFree:          133316 kB
Active:           425648 kB
Mem:          3.8G       3.7G       129M       5.7M        28M       3.2G

MemTotal:        4016004 kB
MemFree:          116740 kB
Active:           426132 kB
Mem:          3.8G       3.7G       113M       5.7M        28M       3.2G

MemTotal:        4016004 kB
MemFree:          131524 kB
Active:           426516 kB
Mem:          3.8G       3.7G       128M       5.7M        28M       3.2G

MemTotal:        4016004 kB
MemFree:          130692 kB
Active:           426476 kB
Mem:          3.8G       3.7G       127M       5.7M        28M       3.2G

MemTotal:        4016004 kB
MemFree:          142620 kB
Active:           427064 kB
Mem:          3.8G       3.7G       139M       5.7M        28M       3.1G

MemTotal:        4016004 kB
MemFree:          141100 kB
Active:           427332 kB
Mem:          3.8G       3.7G       137M       5.7M        28M       3.2G

MemTotal:        4016004 kB
MemFree:          112484 kB
Active:           427520 kB
Mem:          3.8G       3.7G       109M       5.7M        28M       3.2G

MemTotal:        4016004 kB
MemFree:          110744 kB
Active:           427876 kB
Mem:          3.8G       3.7G       107M       5.7M        28M       3.2G

MemTotal:        4016004 kB
MemFree:          105336 kB
Active:           428096 kB
Mem:          3.8G       3.7G       102M       5.7M        28M       3.2G

MemTotal:        4016004 kB
MemFree:          143652 kB
Active:           428268 kB
Mem:          3.8G       3.7G       140M       5.7M        28M       3.1G

MemTotal:        4016004 kB
MemFree:          126176 kB
Active:           428440 kB
Mem:          3.8G       3.7G       122M       5.7M        28M       3.2G

MemTotal:        4016004 kB
MemFree:          114276 kB
Active:           428576 kB
Mem:          3.8G       3.7G       110M       5.7M        28M       3.2G

MemTotal:        4016004 kB
MemFree:          120556 kB
Active:           428908 kB
Mem:          3.8G       3.7G       117M       5.7M        28M       3.2G

MemTotal:        4016004 kB
MemFree:          106872 kB
Active:           429128 kB
Mem:          3.8G       3.7G       103M       5.7M        28M       3.2G

MemTotal:        4016004 kB
MemFree:          129512 kB
Active:           429336 kB
Mem:          3.8G       3.7G       131M       5.7M        28M       3.2G

MemTotal:        4016004 kB
MemFree:          104580 kB
Active:           429504 kB
Mem:          3.8G       3.7G       108M       5.7M        28M       3.2G

MemTotal:        4016004 kB
MemFree:          125612 kB
Active:           429580 kB
Mem:          3.8G       3.7G       122M       5.7M        28M       3.2G

MemTotal:        4016004 kB
MemFree:          115152 kB
Active:           431204 kB
Mem:          3.8G       3.7G       111M       5.7M        28M       3.2G

MemTotal:        4016004 kB
MemFree:          146836 kB
Active:           430864 kB
Mem:          3.8G       3.7G       142M       5.7M        28M       3.1G

MemTotal:        4016004 kB
MemFree:          140516 kB
Active:           431124 kB
Mem:          3.8G       3.7G       136M       5.7M        28M       3.1G

MemTotal:        4016004 kB
MemFree:          113716 kB
Active:           431256 kB
Mem:          3.8G       3.7G       110M       5.7M        28M       3.2G

MemTotal:        4016004 kB
MemFree:          131772 kB
Active:           431372 kB
Mem:          3.8G       3.7G       128M       5.7M        28M       3.2G

MemTotal:        4016004 kB
MemFree:          132320 kB
Active:           431480 kB
Mem:          3.8G       3.7G       128M       5.7M        28M       3.2G

MemTotal:        4016004 kB
MemFree:          125664 kB
Active:           431720 kB
Mem:          3.8G       3.7G       122M       5.7M        28M       3.2G

MemTotal:        4016004 kB
MemFree:          113092 kB
Active:           432016 kB
Mem:          3.8G       3.7G       109M       5.7M        28M       3.2G

MemTotal:        4016004 kB
MemFree:          135444 kB
Active:           432180 kB
Mem:          3.8G       3.7G       131M       5.7M        28M       3.2G

MemTotal:        4016004 kB
MemFree:          134644 kB
Active:           432140 kB
Mem:          3.8G       3.7G       131M       5.7M        28M       3.2G

MemTotal:        4016004 kB
MemFree:          109516 kB
Active:           432352 kB
Mem:          3.8G       3.7G       106M       5.7M        28M       3.2G

MemTotal:        4016004 kB
MemFree:          128612 kB
Active:           432632 kB
Mem:          3.8G       3.7G       125M       5.7M        28M       3.2G

MemTotal:        4016004 kB
MemFree:          129332 kB
Active:           432848 kB
Mem:          3.8G       3.7G       125M       5.7M        28M       3.2G

MemTotal:        4016004 kB
MemFree:          106320 kB
Active:           433008 kB
Mem:          3.8G       3.7G       103M       5.7M        28M       3.2G

MemTotal:        4016004 kB
MemFree:          124468 kB
Active:           433196 kB
Mem:          3.8G       3.7G       121M       5.7M        28M       3.2G

MemTotal:        4016004 kB
MemFree:          104764 kB
Active:           433500 kB
Mem:          3.8G       3.7G       108M       5.7M        28M       3.2G

MemTotal:        4016004 kB
MemFree:          106008 kB
Active:           433672 kB
Mem:          3.8G       3.7G       102M       5.7M        28M       3.2G

MemTotal:        4016004 kB
MemFree:          128156 kB
Active:           433832 kB
Mem:          3.8G       3.7G       124M       5.7M        28M       3.2G

MemTotal:        4016004 kB
MemFree:          114580 kB
Active:           434040 kB
Mem:          3.8G       3.7G       111M       5.7M        28M       3.2G

MemTotal:        4016004 kB
MemFree:          110984 kB
Active:           434200 kB
Mem:          3.8G       3.7G       108M       5.7M        28M       3.2G

MemTotal:        4016004 kB
MemFree:          110212 kB
Active:           434212 kB
Mem:          3.8G       3.7G       107M       5.7M        28M       3.2G

MemTotal:        4016004 kB
MemFree:          128336 kB
Active:           434240 kB
Mem:          3.8G       3.7G       125M       5.7M        28M       3.2G

MemTotal:        4016004 kB
MemFree:          126636 kB
Active:           434564 kB
Mem:          3.8G       3.7G       123M       5.7M        28M       3.2G

MemTotal:        4016004 kB
MemFree:          150956 kB
Active:           434784 kB
Mem:          3.8G       3.7G       147M       5.7M        28M       3.1G

MemTotal:        4016004 kB
MemFree:          139348 kB
Active:           434996 kB
Mem:          3.8G       3.7G       135M       5.7M        28M       3.1G

MemTotal:        4016004 kB
MemFree:          143808 kB
Active:           435216 kB
Mem:          3.8G       3.7G       139M       5.7M        28M       3.1G

MemTotal:        4016004 kB
MemFree:          111016 kB
Active:           435400 kB
Mem:          3.8G       3.7G       108M       5.7M        28M       3.2G

MemTotal:        4016004 kB
MemFree:          135596 kB
Active:           435404 kB
Mem:          3.8G       3.7G       132M       5.7M        28M       3.2G

MemTotal:        4016004 kB
MemFree:          107356 kB
Active:           436004 kB
Mem:          3.8G       3.7G       104M       5.7M        28M       3.2G

MemTotal:        4016004 kB
MemFree:          116512 kB
Active:           436276 kB
Mem:          3.8G       3.7G       113M       5.7M        28M       3.2G

MemTotal:        4016004 kB
MemFree:          131360 kB
Active:           436420 kB
Mem:          3.8G       3.7G       128M       5.7M        28M       3.2G

MemTotal:        4016004 kB
MemFree:          131872 kB
Active:           436564 kB
Mem:          3.8G       3.7G       128M       5.7M        28M       3.2G

MemTotal:        4016004 kB
MemFree:          107372 kB
Active:           436712 kB
Mem:          3.8G       3.7G       103M       5.7M        28M       3.2G

MemTotal:        4016004 kB
MemFree:          131912 kB
Active:           436972 kB
Mem:          3.8G       3.7G       128M       5.7M        28M       3.2G

MemTotal:        4016004 kB
MemFree:          125444 kB
Active:           437148 kB
Mem:          3.8G       3.7G       122M       5.7M        28M       3.2G

MemTotal:        4016004 kB
MemFree:          108796 kB
Active:           437292 kB
Mem:          3.8G       3.7G       105M       5.7M        28M       3.2G

MemTotal:        4016004 kB
MemFree:          115248 kB
Active:           437388 kB
Mem:          3.8G       3.7G       112M       5.7M        28M       3.2G

MemTotal:        4016004 kB
MemFree:          106624 kB
Active:           437516 kB
Mem:          3.8G       3.7G       103M       5.7M        28M       3.2G

MemTotal:        4016004 kB
MemFree:          107188 kB
Active:           437764 kB
Mem:          3.8G       3.7G       104M       5.7M        28M       3.2G

MemTotal:        4016004 kB
MemFree:          133400 kB
Active:           438004 kB
Mem:          3.8G       3.7G       129M       5.7M        28M       3.2G

MemTotal:        4016004 kB
MemFree:          122988 kB
Active:           438188 kB
Mem:          3.8G       3.7G       119M       5.7M        28M       3.2G

MemTotal:        4016004 kB
MemFree:          130940 kB
Active:           438320 kB
Mem:          3.8G       3.7G       127M       5.7M        28M       3.2G

MemTotal:        4016004 kB
MemFree:          115048 kB
Active:           438468 kB
Mem:          3.8G       3.7G       111M       5.7M        28M       3.2G

MemTotal:        4016004 kB
MemFree:          112724 kB
Active:           438676 kB
Mem:          3.8G       3.7G       109M       5.7M        28M       3.2G

MemTotal:        4016004 kB
MemFree:          133652 kB
Active:           438872 kB
Mem:          3.8G       3.7G       138M       5.7M        28M       3.1G

MemTotal:        4016004 kB
MemFree:          129244 kB
Active:           439016 kB
Mem:          3.8G       3.7G       126M       5.7M        28M       3.2G

MemTotal:        4016004 kB
MemFree:          125176 kB
Active:           439056 kB
Mem:          3.8G       3.7G       121M       5.7M        28M       3.2G

MemTotal:        4016004 kB
MemFree:          141100 kB
Active:           439256 kB
Mem:          3.8G       3.7G       137M       5.7M        28M       3.1G

MemTotal:        4016004 kB
MemFree:          137036 kB
Active:           439504 kB
Mem:          3.8G       3.7G       132M       5.7M        28M       3.1G

MemTotal:        4016004 kB
MemFree:          135016 kB
Active:           439688 kB
Mem:          3.8G       3.7G       131M       5.7M        28M       3.1G

MemTotal:        4016004 kB
MemFree:          131384 kB
Active:           439840 kB
Mem:          3.8G       3.7G       128M       5.7M        28M       3.2G

MemTotal:        4016004 kB
MemFree:          127448 kB
Active:           439836 kB
Mem:          3.8G       3.7G       123M       5.7M        28M       3.2G

MemTotal:        4016004 kB
MemFree:          118400 kB
Active:           440104 kB
Mem:          3.8G       3.7G       115M       5.7M        28M       3.2G

MemTotal:        4016004 kB
MemFree:          106800 kB
Active:           440348 kB
Mem:          3.8G       3.7G       103M       5.7M        28M       3.2G

MemTotal:        4016004 kB
MemFree:          105080 kB
Active:           440540 kB
Mem:          3.8G       3.7G       102M       5.7M        28M       3.2G

MemTotal:        4016004 kB
MemFree:          130012 kB
Active:           440732 kB
Mem:          3.8G       3.7G       126M       5.7M        28M       3.2G

MemTotal:        4016004 kB
MemFree:          114852 kB
Active:           440920 kB
Mem:          3.8G       3.7G       111M       5.7M        28M       3.2G

MemTotal:        4016004 kB
MemFree:          119224 kB
Active:           440980 kB
Mem:          3.8G       3.7G       116M       5.7M        28M       3.2G

MemTotal:        4016004 kB
MemFree:          139924 kB
Active:           441088 kB
Mem:          3.8G       3.7G       136M       5.7M        28M       3.1G

MemTotal:        4016004 kB
MemFree:          136556 kB
Active:           441260 kB
Mem:          3.8G       3.7G       133M       5.7M        28M       3.1G

MemTotal:        4016004 kB
MemFree:          139960 kB
Active:           441492 kB
Mem:          3.8G       3.7G       135M       5.7M        28M       3.1G

MemTotal:        4016004 kB
MemFree:          105524 kB
Active:           441720 kB
Mem:          3.8G       3.7G       102M       5.7M        28M       3.2G

MemTotal:        4016004 kB
MemFree:          123124 kB
Active:           441884 kB
Mem:          3.8G       3.7G       120M       5.7M        28M       3.2G

MemTotal:        4016004 kB
MemFree:          144612 kB
Active:           441924 kB
Mem:          3.8G       3.7G       141M       5.7M        28M       3.1G

MemTotal:        4016004 kB
MemFree:          138824 kB
Active:           442080 kB
Mem:          3.8G       3.7G       134M       5.7M        28M       3.1G

MemTotal:        4016004 kB
MemFree:          124012 kB
Active:           442316 kB
Mem:          3.8G       3.7G       120M       5.7M        28M       3.2G

MemTotal:        4016004 kB
MemFree:          113716 kB
Active:           442596 kB
Mem:          3.8G       3.7G       110M       5.7M        28M       3.2G

MemTotal:        4016004 kB
MemFree:          123000 kB
Active:           442824 kB
Mem:          3.8G       3.7G       119M       5.7M        28M       3.2G

MemTotal:        4016004 kB
MemFree:          144160 kB
Active:           442880 kB
Mem:          3.8G       3.7G       140M       5.7M        28M       3.1G

MemTotal:        4016004 kB
MemFree:          124380 kB
Active:           443152 kB
Mem:          3.8G       3.7G       120M       5.7M        28M       3.2G

MemTotal:        4016004 kB
MemFree:          140984 kB
Active:           443836 kB
Mem:          3.8G       3.7G       137M       5.7M        28M       3.1G

MemTotal:        4016004 kB
MemFree:          132892 kB
Active:           444000 kB
Mem:          3.8G       3.7G       128M       5.7M        28M       3.1G

MemTotal:        4016004 kB
MemFree:          133292 kB
Active:           444188 kB
Mem:          3.8G       3.7G       129M       5.7M        28M       3.1G

MemTotal:        4016004 kB
MemFree:          124320 kB
Active:           444368 kB
Mem:          3.8G       3.7G       120M       5.7M        28M       3.2G

MemTotal:        4016004 kB
MemFree:          133888 kB
Active:           444528 kB
Mem:          3.8G       3.7G       130M       5.7M        28M       3.1G

MemTotal:        4016004 kB
MemFree:          137544 kB
Active:           444500 kB
Mem:          3.8G       3.7G       134M       5.7M        28M       3.1G

MemTotal:        4016004 kB
MemFree:          125144 kB
Active:           444856 kB
Mem:          3.8G       3.7G       121M       5.7M        28M       3.2G

MemTotal:        4016004 kB
MemFree:          132984 kB
Active:           445092 kB
Mem:          3.8G       3.7G       129M       5.7M        28M       3.1G

MemTotal:        4016004 kB
MemFree:          136376 kB
Active:           445308 kB
Mem:          3.8G       3.7G       132M       5.7M        28M       3.1G

MemTotal:        4016004 kB
MemFree:          135148 kB
Active:           445508 kB
Mem:          3.8G       3.7G       131M       5.7M        28M       3.1G

MemTotal:        4016004 kB
MemFree:          143564 kB
Active:           445684 kB
Mem:          3.8G       3.7G       139M       5.7M        28M       3.1G

MemTotal:        4016004 kB
MemFree:          134996 kB
Active:           445764 kB
Mem:          3.8G       3.7G       131M       5.7M        28M       3.1G

MemTotal:        4016004 kB
MemFree:          134036 kB
Active:           445840 kB
Mem:          3.8G       3.7G       130M       5.7M        28M       3.1G

MemTotal:        4016004 kB
MemFree:          107288 kB
Active:           446184 kB
Mem:          3.8G       3.7G       104M       5.7M        28M       3.2G

MemTotal:        4016004 kB
MemFree:          134200 kB
Active:           446912 kB
Mem:          3.8G       3.7G       130M       5.7M        28M       3.1G

MemTotal:        4016004 kB
MemFree:          152116 kB
Active:           447128 kB
Mem:          3.8G       3.7G       148M       5.7M        28M       3.1G

MemTotal:        4016004 kB
MemFree:          145996 kB
Active:           414316 kB
Mem:          3.8G       3.7G       150M       5.7M        28M       3.1G

MemTotal:        4016004 kB
MemFree:         3256708 kB
Active:           356036 kB
Mem:          3.8G       741M       3.1G       5.7M        28M       294M

MemTotal:        4016004 kB
MemFree:         3298192 kB
Active:           355552 kB
Mem:          3.8G       701M       3.1G       5.7M        28M       255M

MemTotal:        4016004 kB
MemFree:         3299852 kB
Active:           355404 kB
Mem:          3.8G       699M       3.1G       5.7M        28M       254M

MemTotal:        4016004 kB
MemFree:         3376712 kB
Active:           355308 kB
Mem:          3.8G       624M       3.2G       5.7M        28M       182M

MemTotal:        4016004 kB
MemFree:         3377644 kB
Active:           354976 kB
Mem:          3.8G       623M       3.2G       5.7M        28M       182M

MemTotal:        4016004 kB
MemFree:         3377644 kB
Active:           354932 kB
Mem:          3.8G       623M       3.2G       5.7M        28M       182M

MemTotal:        4016004 kB
MemFree:         3377520 kB
Active:           354960 kB
Mem:          3.8G       623M       3.2G       5.7M        28M       182M

MemTotal:        4016004 kB
MemFree:         3377892 kB
Active:           354956 kB
Mem:          3.8G       623M       3.2G       5.7M        28M       182M

MemTotal:        4016004 kB
MemFree:         3377784 kB
Active:           354980 kB
Mem:          3.8G       623M       3.2G       5.7M        28M       182M

MemTotal:        4016004 kB
MemFree:         3378388 kB
Active:           354972 kB
Mem:          3.8G       622M       3.2G       5.7M        28M       182M

MemTotal:        4016004 kB
MemFree:         3378280 kB
Active:           354976 kB
Mem:          3.8G       622M       3.2G       5.7M        28M       182M

MemTotal:        4016004 kB
MemFree:         3378404 kB
Active:           355004 kB
Mem:          3.8G       622M       3.2G       5.7M        28M       182M

MemTotal:        4016004 kB
MemFree:         3378280 kB
Active:           354972 kB
Mem:          3.8G       622M       3.2G       5.7M        28M       182M

MemTotal:        4016004 kB
MemFree:         3378404 kB
Active:           354976 kB
Mem:          3.8G       623M       3.2G       5.7M        28M       182M

MemTotal:        4016004 kB
MemFree:         3378404 kB
Active:           355000 kB
Mem:          3.8G       622M       3.2G       5.7M        28M       182M

MemTotal:        4016004 kB
MemFree:         3378280 kB
Active:           354960 kB
Mem:          3.8G       622M       3.2G       5.7M        28M       182M

MemTotal:        4016004 kB
MemFree:         3378280 kB
Active:           354980 kB
Mem:          3.8G       622M       3.2G       5.7M        28M       182M

MemTotal:        4016004 kB
MemFree:         3378404 kB
Active:           354972 kB
Mem:          3.8G       622M       3.2G       5.7M        28M       182M

MemTotal:        4016004 kB
MemFree:         3378528 kB
Active:           355008 kB
Mem:          3.8G       622M       3.2G       5.7M        28M       182M

MemTotal:        4016004 kB
MemFree:         3378404 kB
Active:           355000 kB
Mem:          3.8G       622M       3.2G       5.7M        28M       182M

MemTotal:        4016004 kB
MemFree:         3378404 kB
Active:           354992 kB
Mem:          3.8G       622M       3.2G       5.7M        28M       182M

MemTotal:        4016004 kB
MemFree:         3378280 kB
Active:           355000 kB
Mem:          3.8G       622M       3.2G       5.7M        28M       182M

MemTotal:        4016004 kB
MemFree:         3378032 kB
Active:           355028 kB
Mem:          3.8G       622M       3.2G       5.7M        28M       182M

MemTotal:        4016004 kB
MemFree:         3377908 kB
Active:           355028 kB
Mem:          3.8G       622M       3.2G       5.7M        28M       182M

MemTotal:        4016004 kB
MemFree:         3378404 kB
Active:           355004 kB
Mem:          3.8G       622M       3.2G       5.7M        28M       182M

MemTotal:        4016004 kB
MemFree:         3378156 kB
Active:           355020 kB
Mem:          3.8G       622M       3.2G       5.7M        28M       182M

MemTotal:        4016004 kB
MemFree:         3378280 kB
Active:           355032 kB
Mem:          3.8G       622M       3.2G       5.7M        28M       182M

MemTotal:        4016004 kB
MemFree:         3378032 kB
Active:           355040 kB
Mem:          3.8G       622M       3.2G       5.7M        28M       182M

MemTotal:        4016004 kB
MemFree:         3378280 kB
Active:           355004 kB
Mem:          3.8G       622M       3.2G       5.7M        28M       182M

MemTotal:        4016004 kB
MemFree:         3377924 kB
Active:           355040 kB
Mem:          3.8G       622M       3.2G       5.7M        28M       182M

MemTotal:        4016004 kB
MemFree:         3378296 kB
Active:           355044 kB
Mem:          3.8G       622M       3.2G       5.7M        28M       182M

MemTotal:        4016004 kB
MemFree:         3378296 kB
Active:           355036 kB
Mem:          3.8G       622M       3.2G       5.7M        28M       182M

MemTotal:        4016004 kB
MemFree:         3378048 kB
Active:           355036 kB
Mem:          3.8G       622M       3.2G       5.7M        28M       182M

MemTotal:        4016004 kB
MemFree:         3377800 kB
Active:           355048 kB
Mem:          3.8G       622M       3.2G       5.7M        28M       182M

MemTotal:        4016004 kB
MemFree:         3377924 kB
Active:           355048 kB
Mem:          3.8G       622M       3.2G       5.7M        28M       182M

MemTotal:        4016004 kB
MemFree:         3378420 kB
Active:           355040 kB
Mem:          3.8G       622M       3.2G       5.7M        28M       182M

MemTotal:        4016004 kB
MemFree:         3378172 kB
Active:           355004 kB
Mem:          3.8G       622M       3.2G       5.7M        28M       182M

MemTotal:        4016004 kB
MemFree:         3378296 kB
Active:           355036 kB
Mem:          3.8G       622M       3.2G       5.7M        28M       182M

MemTotal:        4016004 kB
MemFree:         3378296 kB
Active:           354996 kB
Mem:          3.8G       623M       3.2G       5.7M        28M       182M

MemTotal:        4016004 kB
MemFree:         3378296 kB
Active:           355000 kB
Mem:          3.8G       622M       3.2G       5.7M        28M       182M

MemTotal:        4016004 kB
MemFree:         3378420 kB
Active:           355000 kB
Mem:          3.8G       622M       3.2G       5.7M        28M       182M

MemTotal:        4016004 kB
MemFree:         3378420 kB
Active:           355016 kB
Mem:          3.8G       622M       3.2G       5.7M        28M       182M

MemTotal:        4016004 kB
MemFree:         3378420 kB
Active:           355024 kB
Mem:          3.8G       622M       3.2G       5.7M        28M       182M

MemTotal:        4016004 kB
MemFree:         3378916 kB
Active:           355036 kB
Mem:          3.8G       622M       3.2G       5.7M        28M       182M

MemTotal:        4016004 kB
MemFree:         3378668 kB
Active:           355052 kB
Mem:          3.8G       622M       3.2G       5.7M        28M       182M

MemTotal:        4016004 kB
MemFree:         3378668 kB
Active:           355044 kB
Mem:          3.8G       622M       3.2G       5.7M        28M       182M

MemTotal:        4016004 kB
MemFree:         3378296 kB
Active:           355068 kB
Mem:          3.8G       622M       3.2G       5.7M        28M       182M

MemTotal:        4016004 kB
MemFree:         3378668 kB
Active:           355028 kB
Mem:          3.8G       622M       3.2G       5.7M        28M       182M

MemTotal:        4016004 kB
MemFree:         3378792 kB
Active:           355060 kB
Mem:          3.8G       622M       3.2G       5.7M        28M       182M

MemTotal:        4016004 kB
MemFree:         3378544 kB
Active:           355068 kB
Mem:          3.8G       622M       3.2G       5.7M        28M       182M

MemTotal:        4016004 kB
MemFree:         3378792 kB
Active:           355064 kB
Mem:          3.8G       622M       3.2G       5.7M        28M       182M

MemTotal:        4016004 kB
MemFree:         3378792 kB
Active:           355040 kB
Mem:          3.8G       622M       3.2G       5.7M        28M       182M

MemTotal:        4016004 kB
MemFree:         3378296 kB
Active:           355088 kB
Mem:          3.8G       622M       3.2G       5.7M        28M       182M

MemTotal:        4016004 kB
MemFree:         3378296 kB
Active:           355036 kB
Mem:          3.8G       622M       3.2G       5.7M        28M       182M

MemTotal:        4016004 kB
MemFree:         3378544 kB
Active:           355084 kB
Mem:          3.8G       622M       3.2G       5.7M        28M       182M

MemTotal:        4016004 kB
MemFree:         3378420 kB
Active:           355076 kB
Mem:          3.8G       622M       3.2G       5.7M        28M       182M

MemTotal:        4016004 kB
MemFree:         3378420 kB
Active:           355060 kB
Mem:          3.8G       623M       3.2G       5.7M        28M       182M

MemTotal:        4016004 kB
MemFree:         3377924 kB
Active:           355032 kB
Mem:          3.8G       622M       3.2G       5.7M        28M       182M

MemTotal:        4016004 kB
MemFree:         3378172 kB
Active:           355032 kB
Mem:          3.8G       623M       3.2G       5.7M        28M       182M

MemTotal:        4016004 kB
MemFree:         3377800 kB
Active:           355092 kB
Mem:          3.8G       623M       3.2G       5.7M        28M       182M

MemTotal:        4016004 kB
MemFree:         3377800 kB
Active:           355096 kB
Mem:          3.8G       623M       3.2G       5.7M        28M       182M

MemTotal:        4016004 kB
MemFree:         3377924 kB
Active:           355088 kB
Mem:          3.8G       623M       3.2G       5.7M        28M       182M

MemTotal:        4016004 kB
MemFree:         3378420 kB
Active:           355040 kB
Mem:          3.8G       622M       3.2G       5.7M        28M       182M

MemTotal:        4016004 kB
MemFree:         3377924 kB
Active:           355104 kB
Mem:          3.8G       622M       3.2G       5.7M        28M       182M

MemTotal:        4016004 kB
MemFree:         3378048 kB
Active:           355104 kB
Mem:          3.8G       622M       3.2G       5.7M        28M       182M

MemTotal:        4016004 kB
MemFree:         3378668 kB
Active:           355100 kB
Mem:          3.8G       622M       3.2G       5.7M        28M       182M

MemTotal:        4016004 kB
MemFree:         3378544 kB
Active:           355072 kB
Mem:          3.8G       622M       3.2G       5.7M        28M       182M

MemTotal:        4016004 kB
MemFree:         3378668 kB
Active:           355080 kB
Mem:          3.8G       622M       3.2G       5.7M        28M       182M

MemTotal:        4016004 kB
MemFree:         3378544 kB
Active:           355104 kB
Mem:          3.8G       622M       3.2G       5.7M        28M       182M

MemTotal:        4016004 kB
MemFree:         3378544 kB
Active:           355092 kB
Mem:          3.8G       622M       3.2G       5.7M        28M       182M

MemTotal:        4016004 kB
MemFree:         3378668 kB
Active:           355112 kB
Mem:          3.8G       622M       3.2G       5.7M        28M       182M

MemTotal:        4016004 kB
MemFree:         3378420 kB
Active:           355112 kB
