MemTotal:        4016004 kB
MemFree:         3251172 kB
Active:           408948 kB
Mem:          3.8G       747M       3.1G       5.7M        55M       318M

MemTotal:        4016004 kB
MemFree:         3250832 kB
Active:           409604 kB
Mem:          3.8G       747M       3.1G       5.7M        55M       318M

MemTotal:        4016004 kB
MemFree:         3250624 kB
Active:           409732 kB
Mem:          3.8G       747M       3.1G       5.7M        55M       318M

MemTotal:        4016004 kB
MemFree:         3250856 kB
Active:           409688 kB
Mem:          3.8G       747M       3.1G       5.7M        55M       318M

MemTotal:        4016004 kB
MemFree:         3250220 kB
Active:           409736 kB
Mem:          3.8G       747M       3.1G       5.7M        55M       318M

MemTotal:        4016004 kB
MemFree:         3250452 kB
Active:           409688 kB
Mem:          3.8G       747M       3.1G       5.7M        55M       318M

MemTotal:        4016004 kB
MemFree:         3249396 kB
Active:           407696 kB
Mem:          3.8G       748M       3.1G       5.7M        55M       318M

MemTotal:        4016004 kB
MemFree:         3249628 kB
Active:           409752 kB
Mem:          3.8G       748M       3.1G       5.7M        55M       318M

MemTotal:        4016004 kB
MemFree:         3250124 kB
Active:           409744 kB
Mem:          3.8G       748M       3.1G       5.7M        55M       318M

MemTotal:        4016004 kB
MemFree:         3249984 kB
Active:           409696 kB
Mem:          3.8G       748M       3.1G       5.7M        55M       318M

MemTotal:        4016004 kB
MemFree:         3249984 kB
Active:           409696 kB
Mem:          3.8G       748M       3.1G       5.7M        55M       318M

MemTotal:        4016004 kB
MemFree:         3250092 kB
Active:           409752 kB
Mem:          3.8G       747M       3.1G       5.7M        55M       318M

MemTotal:        4016004 kB
MemFree:         3250464 kB
Active:           409756 kB
Mem:          3.8G       747M       3.1G       5.7M        55M       318M

MemTotal:        4016004 kB
MemFree:         3250464 kB
Active:           409728 kB
Mem:          3.8G       747M       3.1G       5.7M        55M       318M

MemTotal:        4016004 kB
MemFree:         3240564 kB
Active:           417452 kB
Mem:          3.8G       757M       3.1G       5.7M        62M       318M

MemTotal:        4016004 kB
MemFree:         3241472 kB
Active:           417660 kB
Mem:          3.8G       756M       3.1G       5.7M        62M       318M

MemTotal:        4016004 kB
MemFree:         3239440 kB
Active:           417688 kB
Mem:          3.8G       758M       3.1G       5.7M        62M       318M

MemTotal:        4016004 kB
MemFree:         3239440 kB
Active:           419720 kB
Mem:          3.8G       758M       3.1G       5.7M        62M       318M

MemTotal:        4016004 kB
MemFree:         3239424 kB
Active:           419728 kB
Mem:          3.8G       758M       3.1G       5.7M        62M       318M

MemTotal:        4016004 kB
MemFree:         3239532 kB
Active:           419728 kB
Mem:          3.8G       758M       3.1G       5.7M        62M       318M

MemTotal:        4016004 kB
MemFree:         3239640 kB
Active:           419684 kB
Mem:          3.8G       757M       3.1G       5.7M        62M       318M

MemTotal:        4016004 kB
MemFree:         3239516 kB
Active:           419732 kB
Mem:          3.8G       758M       3.1G       5.7M        62M       318M

MemTotal:        4016004 kB
MemFree:         3239376 kB
Active:           419736 kB
Mem:          3.8G       758M       3.1G       5.7M        62M       318M

MemTotal:        4016004 kB
MemFree:         3239484 kB
Active:           419696 kB
Mem:          3.8G       758M       3.1G       5.7M        62M       318M

MemTotal:        4016004 kB
MemFree:         3239672 kB
Active:           419700 kB
Mem:          3.8G       758M       3.1G       5.7M        62M       318M

MemTotal:        4016004 kB
MemFree:         3239672 kB
Active:           419712 kB
Mem:          3.8G       758M       3.1G       5.7M        62M       318M

MemTotal:        4016004 kB
MemFree:         3239548 kB
Active:           419716 kB
Mem:          3.8G       758M       3.1G       5.7M        62M       318M

MemTotal:        4016004 kB
MemFree:         3239548 kB
Active:           419712 kB
Mem:          3.8G       758M       3.1G       5.7M        62M       318M

MemTotal:        4016004 kB
MemFree:         3239548 kB
Active:           419708 kB
Mem:          3.8G       758M       3.1G       5.7M        62M       318M

MemTotal:        4016004 kB
MemFree:         3239548 kB
Active:           419724 kB
Mem:          3.8G       758M       3.1G       5.7M        62M       318M

MemTotal:        4016004 kB
MemFree:         3239052 kB
Active:           419756 kB
Mem:          3.8G       758M       3.1G       5.7M        62M       318M

MemTotal:        4016004 kB
MemFree:         3239036 kB
Active:           419748 kB
Mem:          3.8G       758M       3.1G       5.7M        62M       318M

MemTotal:        4016004 kB
MemFree:         3239020 kB
Active:           419716 kB
Mem:          3.8G       758M       3.1G       5.7M        62M       318M

MemTotal:        4016004 kB
MemFree:         3239004 kB
Active:           419732 kB
Mem:          3.8G       758M       3.1G       5.7M        62M       318M

MemTotal:        4016004 kB
MemFree:         3239128 kB
Active:           419732 kB
Mem:          3.8G       758M       3.1G       5.7M        62M       318M

MemTotal:        4016004 kB
MemFree:         3238848 kB
Active:           419732 kB
Mem:          3.8G       759M       3.1G       5.7M        62M       318M

MemTotal:        4016004 kB
MemFree:         3236784 kB
Active:           419728 kB
Mem:          3.8G       760M       3.1G       5.7M        62M       318M

MemTotal:        4016004 kB
MemFree:         3236536 kB
Active:           419744 kB
Mem:          3.8G       760M       3.1G       5.7M        62M       318M

MemTotal:        4016004 kB
MemFree:         3236536 kB
Active:           421792 kB
Mem:          3.8G       760M       3.1G       5.7M        62M       318M

MemTotal:        4016004 kB
MemFree:         3236864 kB
Active:           421756 kB
Mem:          3.8G       760M       3.1G       5.7M        62M       318M

MemTotal:        4016004 kB
MemFree:         3236864 kB
Active:           421752 kB
Mem:          3.8G       760M       3.1G       5.7M        62M       318M

MemTotal:        4016004 kB
MemFree:         3236368 kB
Active:           421796 kB
Mem:          3.8G       760M       3.1G       5.7M        62M       318M

MemTotal:        4016004 kB
MemFree:         3237112 kB
Active:           421776 kB
Mem:          3.8G       760M       3.1G       5.7M        62M       318M

MemTotal:        4016004 kB
MemFree:         3237484 kB
Active:           421772 kB
Mem:          3.8G       760M       3.1G       5.7M        62M       318M

MemTotal:        4016004 kB
MemFree:         3236988 kB
Active:           421752 kB
Mem:          3.8G       761M       3.1G       5.7M        62M       318M

MemTotal:        4016004 kB
MemFree:         3236864 kB
Active:           421804 kB
Mem:          3.8G       760M       3.1G       5.7M        62M       318M

MemTotal:        4016004 kB
MemFree:         3237236 kB
Active:           421792 kB
Mem:          3.8G       760M       3.1G       5.7M        62M       318M

MemTotal:        4016004 kB
MemFree:         3236740 kB
Active:           421812 kB
Mem:          3.8G       760M       3.1G       5.7M        62M       318M

MemTotal:        4016004 kB
MemFree:         3236492 kB
Active:           421816 kB
Mem:          3.8G       760M       3.1G       5.7M        62M       318M

MemTotal:        4016004 kB
MemFree:         3236476 kB
Active:           421824 kB
Mem:          3.8G       760M       3.1G       5.7M        62M       318M

MemTotal:        4016004 kB
MemFree:         3237064 kB
Active:           421792 kB
Mem:          3.8G       760M       3.1G       5.7M        62M       318M

MemTotal:        4016004 kB
MemFree:         3236800 kB
Active:           421812 kB
Mem:          3.8G       761M       3.1G       5.7M        62M       318M

MemTotal:        4016004 kB
MemFree:         3236692 kB
Active:           421828 kB
Mem:          3.8G       761M       3.1G       5.7M        62M       318M

MemTotal:        4016004 kB
MemFree:         3236924 kB
Active:           421836 kB
Mem:          3.8G       761M       3.1G       5.7M        62M       318M

MemTotal:        4016004 kB
MemFree:         3236612 kB
Active:           421836 kB
Mem:          3.8G       761M       3.1G       5.7M        62M       318M

MemTotal:        4016004 kB
MemFree:         3236364 kB
Active:           421848 kB
Mem:          3.8G       761M       3.1G       5.7M        62M       318M

MemTotal:        4016004 kB
MemFree:         3236644 kB
Active:           421844 kB
Mem:          3.8G       761M       3.1G       5.7M        62M       318M

MemTotal:        4016004 kB
MemFree:         3236708 kB
Active:           421804 kB
Mem:          3.8G       761M       3.1G       5.7M        62M       318M

MemTotal:        4016004 kB
MemFree:         3236444 kB
Active:           421860 kB
Mem:          3.8G       761M       3.1G       5.7M        62M       318M

MemTotal:        4016004 kB
MemFree:         3236708 kB
Active:           421820 kB
Mem:          3.8G       761M       3.1G       5.7M        62M       318M

MemTotal:        4016004 kB
MemFree:         3236708 kB
Active:           421816 kB
Mem:          3.8G       761M       3.1G       5.7M        62M       318M

MemTotal:        4016004 kB
MemFree:         3236800 kB
Active:           421868 kB
Mem:          3.8G       760M       3.1G       5.7M        62M       318M

MemTotal:        4016004 kB
MemFree:         3236600 kB
Active:           422032 kB
Mem:          3.8G       761M       3.1G       5.7M        62M       318M

MemTotal:        4016004 kB
MemFree:         3237032 kB
Active:           421868 kB
Mem:          3.8G       760M       3.1G       5.7M        62M       318M

MemTotal:        4016004 kB
MemFree:         3236908 kB
Active:           421856 kB
Mem:          3.8G       760M       3.1G       5.7M        62M       318M

MemTotal:        4016004 kB
MemFree:         3234812 kB
Active:           421844 kB
Mem:          3.8G       763M       3.1G       5.7M        62M       318M

MemTotal:        4016004 kB
MemFree:         3234968 kB
Active:           423888 kB
Mem:          3.8G       763M       3.1G       5.7M        62M       318M

MemTotal:        4016004 kB
MemFree:         3234720 kB
Active:           423880 kB
Mem:          3.8G       763M       3.1G       5.7M        62M       318M

MemTotal:        4016004 kB
MemFree:         3234456 kB
Active:           423900 kB
Mem:          3.8G       762M       3.1G       5.7M        62M       318M

MemTotal:        4016004 kB
MemFree:         3234564 kB
Active:           424004 kB
Mem:          3.8G       762M       3.1G       5.7M        62M       318M

MemTotal:        4016004 kB
MemFree:         3234828 kB
Active:           423860 kB
Mem:          3.8G       762M       3.1G       5.7M        62M       318M

MemTotal:        4016004 kB
MemFree:         3234952 kB
Active:           423868 kB
Mem:          3.8G       762M       3.1G       5.7M        62M       318M

MemTotal:        4016004 kB
MemFree:         3234440 kB
Active:           423912 kB
Mem:          3.8G       763M       3.1G       5.7M        62M       318M

MemTotal:        4016004 kB
MemFree:         3234300 kB
Active:           424036 kB
Mem:          3.8G       763M       3.1G       5.7M        62M       318M

MemTotal:        4016004 kB
MemFree:         3234688 kB
Active:           423876 kB
Mem:          3.8G       762M       3.1G       5.7M        62M       318M

MemTotal:        4016004 kB
MemFree:         3234236 kB
Active:           422012 kB
Mem:          3.8G       763M       3.1G       5.7M        62M       318M

MemTotal:        4016004 kB
MemFree:         3234252 kB
Active:           421848 kB
Mem:          3.8G       763M       3.1G       5.7M        62M       318M

MemTotal:        4016004 kB
MemFree:         3234500 kB
Active:           423912 kB
Mem:          3.8G       763M       3.1G       5.7M        62M       318M

MemTotal:        4016004 kB
MemFree:         3234376 kB
Active:           423908 kB
Mem:          3.8G       763M       3.1G       5.7M        62M       318M

MemTotal:        4016004 kB
MemFree:         3234236 kB
Active:           423920 kB
Mem:          3.8G       763M       3.1G       5.7M        62M       318M

MemTotal:        4016004 kB
MemFree:         3234556 kB
Active:           423980 kB
Mem:          3.8G       763M       3.1G       5.7M        62M       318M

MemTotal:        4016004 kB
MemFree:         3234540 kB
Active:           424036 kB
Mem:          3.8G       763M       3.1G       5.7M        62M       318M

MemTotal:        4016004 kB
MemFree:         3234560 kB
Active:           424040 kB
Mem:          3.8G       763M       3.1G       5.7M        62M       318M

MemTotal:        4016004 kB
MemFree:         3234716 kB
Active:           423912 kB
Mem:          3.8G       763M       3.1G       5.7M        62M       318M

MemTotal:        4016004 kB
MemFree:         3234700 kB
Active:           423900 kB
Mem:          3.8G       763M       3.1G       5.7M        62M       318M

MemTotal:        4016004 kB
MemFree:         3234684 kB
Active:           423900 kB
Mem:          3.8G       763M       3.1G       5.7M        62M       318M

MemTotal:        4016004 kB
MemFree:         3234792 kB
Active:           423896 kB
Mem:          3.8G       762M       3.1G       5.7M        62M       318M

MemTotal:        4016004 kB
MemFree:         3234528 kB
Active:           423900 kB
Mem:          3.8G       763M       3.1G       5.7M        62M       318M

MemTotal:        4016004 kB
MemFree:         3234732 kB
Active:           423900 kB
Mem:          3.8G       762M       3.1G       5.7M        62M       318M

MemTotal:        4016004 kB
MemFree:         3234468 kB
Active:           423940 kB
Mem:          3.8G       763M       3.1G       5.7M        62M       318M

MemTotal:        4016004 kB
MemFree:         3234808 kB
Active:           423896 kB
Mem:          3.8G       762M       3.1G       5.7M        62M       318M

MemTotal:        4016004 kB
MemFree:         3234808 kB
Active:           423868 kB
Mem:          3.8G       762M       3.1G       5.7M        62M       318M

MemTotal:        4016004 kB
MemFree:         3234824 kB
Active:           424048 kB
Mem:          3.8G       762M       3.1G       5.7M        62M       318M

MemTotal:        4016004 kB
MemFree:         3234716 kB
Active:           423948 kB
Mem:          3.8G       763M       3.1G       5.7M        62M       318M

MemTotal:        4016004 kB
MemFree:         3234484 kB
Active:           423912 kB
Mem:          3.8G       763M       3.1G       5.7M        62M       318M

MemTotal:        4016004 kB
MemFree:         3232560 kB
Active:           423900 kB
Mem:          3.8G       765M       3.1G       5.7M        62M       318M

MemTotal:        4016004 kB
MemFree:         3232472 kB
Active:           425948 kB
Mem:          3.8G       765M       3.1G       5.7M        62M       318M

MemTotal:        4016004 kB
MemFree:         3232348 kB
Active:           425932 kB
Mem:          3.8G       765M       3.1G       5.7M        62M       318M

MemTotal:        4016004 kB
MemFree:         3232348 kB
Active:           425948 kB
Mem:          3.8G       765M       3.1G       5.7M        62M       318M

MemTotal:        4016004 kB
MemFree:         3232472 kB
Active:           425948 kB
Mem:          3.8G       764M       3.1G       5.7M        62M       318M

MemTotal:        4016004 kB
MemFree:         3232408 kB
Active:           426280 kB
Mem:          3.8G       765M       3.1G       5.7M        62M       318M

MemTotal:        4016004 kB
MemFree:         3187900 kB
Active:           427136 kB
Mem:          3.8G       808M       3.0G       5.7M        62M       361M

MemTotal:        4016004 kB
MemFree:         3140668 kB
Active:           427144 kB
Mem:          3.8G       855M       3.0G       5.7M        62M       406M

MemTotal:        4016004 kB
MemFree:         3094040 kB
Active:           427144 kB
Mem:          3.8G       900M       3.0G       5.7M        62M       451M

MemTotal:        4016004 kB
MemFree:         3046932 kB
Active:           427152 kB
Mem:          3.8G       946M       2.9G       5.7M        62M       496M

MemTotal:        4016004 kB
MemFree:         3000192 kB
Active:           427240 kB
Mem:          3.8G       992M       2.9G       5.7M        62M       541M

MemTotal:        4016004 kB
MemFree:         2954340 kB
Active:           427240 kB
Mem:          3.8G       1.0G       2.8G       5.7M        62M       585M

MemTotal:        4016004 kB
MemFree:         2907604 kB
Active:           427224 kB
Mem:          3.8G       1.1G       2.8G       5.7M        62M       631M

MemTotal:        4016004 kB
MemFree:         2860784 kB
Active:           427252 kB
Mem:          3.8G       1.1G       2.7G       5.7M        62M       675M

MemTotal:        4016004 kB
MemFree:         2813824 kB
Active:           427260 kB
Mem:          3.8G       1.1G       2.7G       5.7M        62M       720M

MemTotal:        4016004 kB
MemFree:         2767492 kB
Active:           427272 kB
Mem:          3.8G       1.2G       2.6G       5.7M        62M       765M

MemTotal:        4016004 kB
MemFree:         2720684 kB
Active:           427216 kB
Mem:          3.8G       1.2G       2.6G       5.7M        62M       810M

MemTotal:        4016004 kB
MemFree:         2673804 kB
Active:           427280 kB
Mem:          3.8G       1.3G       2.5G       5.7M        62M       854M

MemTotal:        4016004 kB
MemFree:         2627952 kB
Active:           427284 kB
Mem:          3.8G       1.3G       2.5G       5.7M        62M       899M

MemTotal:        4016004 kB
MemFree:         2581588 kB
Active:           427288 kB
Mem:          3.8G       1.4G       2.5G       5.7M        62M       944M

MemTotal:        4016004 kB
MemFree:         2534676 kB
Active:           427316 kB
Mem:          3.8G       1.4G       2.4G       5.7M        62M       988M

MemTotal:        4016004 kB
MemFree:         2487724 kB
Active:           427332 kB
Mem:          3.8G       1.5G       2.4G       5.7M        62M       1.0G

MemTotal:        4016004 kB
MemFree:         2487136 kB
Active:           427332 kB
Mem:          3.8G       1.5G       2.4G       5.7M        62M       1.0G

MemTotal:        4016004 kB
MemFree:         2487492 kB
Active:           427340 kB
Mem:          3.8G       1.5G       2.4G       5.7M        62M       1.0G

MemTotal:        4016004 kB
MemFree:         2472568 kB
Active:           427352 kB
Mem:          3.8G       1.5G       2.4G       5.7M        62M       1.0G

MemTotal:        4016004 kB
MemFree:         2426716 kB
Active:           427360 kB
Mem:          3.8G       1.5G       2.3G       5.7M        62M       1.1G

MemTotal:        4016004 kB
MemFree:         2379112 kB
Active:           427360 kB
Mem:          3.8G       1.6G       2.3G       5.7M        62M       1.1G

MemTotal:        4016004 kB
MemFree:         2332640 kB
Active:           427368 kB
Mem:          3.8G       1.6G       2.2G       5.7M        62M       1.2G

MemTotal:        4016004 kB
MemFree:         2286276 kB
Active:           427368 kB
Mem:          3.8G       1.7G       2.2G       5.7M        62M       1.2G

MemTotal:        4016004 kB
MemFree:         2238424 kB
Active:           427368 kB
Mem:          3.8G       1.7G       2.1G       5.7M        62M       1.2G

MemTotal:        4016004 kB
MemFree:         2193192 kB
Active:           427348 kB
Mem:          3.8G       1.7G       2.1G       5.7M        62M       1.3G

MemTotal:        4016004 kB
MemFree:         2145192 kB
Active:           427384 kB
Mem:          3.8G       1.8G       2.0G       5.7M        62M       1.3G

MemTotal:        4016004 kB
MemFree:         2130552 kB
Active:           427384 kB
Mem:          3.8G       1.8G       2.0G       5.7M        62M       1.3G

MemTotal:        4016004 kB
MemFree:         2130244 kB
Active:           427392 kB
Mem:          3.8G       1.8G       2.0G       5.7M        62M       1.3G

MemTotal:        4016004 kB
MemFree:         2125460 kB
Active:           427400 kB
Mem:          3.8G       1.8G       2.0G       5.7M        62M       1.4G

MemTotal:        4016004 kB
MemFree:         2079432 kB
Active:           427400 kB
Mem:          3.8G       1.8G       2.0G       5.7M        62M       1.4G

MemTotal:        4016004 kB
MemFree:         2032324 kB
Active:           427400 kB
Mem:          3.8G       1.9G       1.9G       5.7M        62M       1.4G

MemTotal:        4016004 kB
MemFree:         1985960 kB
Active:           427400 kB
Mem:          3.8G       1.9G       1.9G       5.7M        62M       1.5G

MemTotal:        4016004 kB
MemFree:         1939240 kB
Active:           427408 kB
Mem:          3.8G       2.0G       1.8G       5.7M        62M       1.5G

MemTotal:        4016004 kB
MemFree:         1891720 kB
Active:           427408 kB
Mem:          3.8G       2.0G       1.8G       5.7M        62M       1.6G

MemTotal:        4016004 kB
MemFree:         1844444 kB
Active:           427428 kB
Mem:          3.8G       2.1G       1.8G       5.7M        62M       1.6G

MemTotal:        4016004 kB
MemFree:         1798152 kB
Active:           427416 kB
Mem:          3.8G       2.1G       1.7G       5.7M        62M       1.7G

MemTotal:        4016004 kB
MemFree:         1752040 kB
Active:           427432 kB
Mem:          3.8G       2.2G       1.7G       5.7M        62M       1.7G

MemTotal:        4016004 kB
MemFree:         1742816 kB
Active:           427440 kB
Mem:          3.8G       2.2G       1.7G       5.7M        62M       1.7G

MemTotal:        4016004 kB
MemFree:         1696832 kB
Active:           427444 kB
Mem:          3.8G       2.2G       1.6G       5.7M        62M       1.8G

MemTotal:        4016004 kB
MemFree:         1649616 kB
Active:           427444 kB
Mem:          3.8G       2.3G       1.6G       5.7M        62M       1.8G

MemTotal:        4016004 kB
MemFree:         1604120 kB
Active:           427444 kB
Mem:          3.8G       2.3G       1.5G       5.7M        62M       1.8G

MemTotal:        4016004 kB
MemFree:         1556780 kB
Active:           427444 kB
Mem:          3.8G       2.3G       1.5G       5.7M        62M       1.9G

MemTotal:        4016004 kB
MemFree:         1511496 kB
Active:           427456 kB
Mem:          3.8G       2.4G       1.4G       5.7M        62M       1.9G

MemTotal:        4016004 kB
MemFree:         1463272 kB
Active:           427464 kB
Mem:          3.8G       2.4G       1.4G       5.7M        62M       2.0G

MemTotal:        4016004 kB
MemFree:         1417020 kB
Active:           427460 kB
Mem:          3.8G       2.5G       1.4G       5.7M        62M       2.0G

MemTotal:        4016004 kB
MemFree:         1370936 kB
Active:           427456 kB
Mem:          3.8G       2.5G       1.3G       5.7M        62M       2.1G

MemTotal:        4016004 kB
MemFree:         1323348 kB
Active:           427468 kB
Mem:          3.8G       2.6G       1.3G       5.7M        62M       2.1G

MemTotal:        4016004 kB
MemFree:         1320356 kB
Active:           427480 kB
Mem:          3.8G       2.6G       1.3G       5.7M        62M       2.1G

MemTotal:        4016004 kB
MemFree:         1319708 kB
Active:           427460 kB
Mem:          3.8G       2.6G       1.3G       5.7M        62M       2.1G

MemTotal:        4016004 kB
MemFree:         1287528 kB
Active:           427492 kB
Mem:          3.8G       2.6G       1.2G       5.7M        62M       2.1G

MemTotal:        4016004 kB
MemFree:         1241228 kB
Active:           427476 kB
Mem:          3.8G       2.6G       1.2G       5.7M        62M       2.2G

MemTotal:        4016004 kB
MemFree:         1195128 kB
Active:           427496 kB
Mem:          3.8G       2.7G       1.1G       5.7M        62M       2.2G

MemTotal:        4016004 kB
MemFree:         1148160 kB
Active:           427504 kB
Mem:          3.8G       2.7G       1.1G       5.7M        62M       2.3G

MemTotal:        4016004 kB
MemFree:         1102432 kB
Active:           427508 kB
Mem:          3.8G       2.8G       1.1G       5.7M        62M       2.3G

MemTotal:        4016004 kB
MemFree:         1055012 kB
Active:           427508 kB
Mem:          3.8G       2.8G       1.0G       5.7M        62M       2.4G

MemTotal:        4016004 kB
MemFree:         1008540 kB
Active:           427524 kB
Mem:          3.8G       2.9G       984M       5.7M        62M       2.4G

MemTotal:        4016004 kB
MemFree:          962764 kB
Active:           427524 kB
Mem:          3.8G       2.9G       939M       5.7M        62M       2.4G

MemTotal:        4016004 kB
MemFree:          927964 kB
Active:           427528 kB
Mem:          3.8G       2.9G       905M       5.7M        62M       2.5G

MemTotal:        4016004 kB
MemFree:          886904 kB
Active:           427548 kB
Mem:          3.8G       3.0G       865M       5.7M        62M       2.5G

MemTotal:        4016004 kB
MemFree:          840076 kB
Active:           427524 kB
Mem:          3.8G       3.0G       820M       5.7M        62M       2.6G

MemTotal:        4016004 kB
MemFree:          794472 kB
Active:           427548 kB
Mem:          3.8G       3.1G       775M       5.7M        62M       2.6G

MemTotal:        4016004 kB
MemFree:          747392 kB
Active:           427560 kB
Mem:          3.8G       3.1G       729M       5.7M        62M       2.6G

MemTotal:        4016004 kB
MemFree:          701304 kB
Active:           427568 kB
Mem:          3.8G       3.2G       684M       5.7M        62M       2.7G

MemTotal:        4016004 kB
MemFree:          692888 kB
Active:           427564 kB
Mem:          3.8G       3.2G       676M       5.7M        62M       2.7G

MemTotal:        4016004 kB
MemFree:          691348 kB
Active:           425540 kB
Mem:          3.8G       3.2G       675M       5.7M        62M       2.7G

MemTotal:        4016004 kB
MemFree:          647476 kB
Active:           427596 kB
Mem:          3.8G       3.2G       631M       5.7M        62M       2.7G

MemTotal:        4016004 kB
MemFree:          601132 kB
Active:           427540 kB
Mem:          3.8G       3.3G       587M       5.7M        62M       2.8G

MemTotal:        4016004 kB
MemFree:          555528 kB
Active:           427596 kB
Mem:          3.8G       3.3G       542M       5.7M        62M       2.8G

MemTotal:        4016004 kB
MemFree:          508064 kB
Active:           427596 kB
Mem:          3.8G       3.3G       496M       5.7M        62M       2.9G

MemTotal:        4016004 kB
MemFree:          461824 kB
Active:           427604 kB
Mem:          3.8G       3.4G       450M       5.7M        62M       2.9G

MemTotal:        4016004 kB
MemFree:          415972 kB
Active:           427604 kB
Mem:          3.8G       3.4G       405M       5.7M        62M       3.0G

MemTotal:        4016004 kB
MemFree:          368756 kB
Active:           427604 kB
Mem:          3.8G       3.5G       359M       5.7M        62M       3.0G

MemTotal:        4016004 kB
MemFree:          323428 kB
Active:           427608 kB
Mem:          3.8G       3.5G       315M       5.7M        62M       3.0G

MemTotal:        4016004 kB
MemFree:          275964 kB
Active:           427620 kB
Mem:          3.8G       3.6G       269M       5.7M        62M       3.1G

MemTotal:        4016004 kB
MemFree:          261428 kB
Active:           427628 kB
Mem:          3.8G       3.6G       254M       5.7M        62M       3.1G

MemTotal:        4016004 kB
MemFree:          216072 kB
Active:           427628 kB
Mem:          3.8G       3.6G       210M       5.7M        62M       3.1G

MemTotal:        4016004 kB
MemFree:          169228 kB
Active:           427628 kB
Mem:          3.8G       3.7G       165M       5.7M        62M       3.2G

MemTotal:        4016004 kB
MemFree:          123000 kB
Active:           427628 kB
Mem:          3.8G       3.7G       119M       5.7M        62M       3.2G

MemTotal:        4016004 kB
MemFree:          112040 kB
Active:           424124 kB
Mem:          3.8G       3.7G       114M       5.7M        28M       3.3G

MemTotal:        4016004 kB
MemFree:          124004 kB
Active:           436404 kB
Mem:          3.8G       3.7G       120M       5.7M        28M       3.3G

MemTotal:        4016004 kB
MemFree:          144624 kB
Active:           487204 kB
Mem:          3.8G       3.7G       102M       5.7M        27M       3.3G

MemTotal:        4016004 kB
MemFree:          126592 kB
Active:           480980 kB
Mem:          3.8G       3.7G       123M       5.7M        27M       3.3G

MemTotal:        4016004 kB
MemFree:          125040 kB
Active:           475512 kB
Mem:          3.8G       3.7G       121M       5.7M        27M       3.3G

MemTotal:        4016004 kB
MemFree:          108572 kB
Active:           472448 kB
Mem:          3.8G       3.7G       105M       5.7M        27M       3.3G

MemTotal:        4016004 kB
MemFree:          109080 kB
Active:           466688 kB
Mem:          3.8G       3.7G       106M       5.7M        27M       3.3G

MemTotal:        4016004 kB
MemFree:          135996 kB
Active:           457780 kB
Mem:          3.8G       3.7G       132M       5.7M        27M       3.3G

MemTotal:        4016004 kB
MemFree:          124648 kB
Active:           454336 kB
Mem:          3.8G       3.7G       121M       5.7M        27M       3.3G

MemTotal:        4016004 kB
MemFree:          127060 kB
Active:           449472 kB
Mem:          3.8G       3.7G       123M       5.7M        27M       3.3G

MemTotal:        4016004 kB
MemFree:          129520 kB
Active:           447552 kB
Mem:          3.8G       3.7G       126M       5.7M        27M       3.3G

MemTotal:        4016004 kB
MemFree:          123072 kB
Active:           446408 kB
Mem:          3.8G       3.7G       119M       5.7M        27M       3.3G

MemTotal:        4016004 kB
MemFree:          125456 kB
Active:           444744 kB
Mem:          3.8G       3.7G       122M       5.7M        27M       3.3G

MemTotal:        4016004 kB
MemFree:          115672 kB
Active:           441592 kB
Mem:          3.8G       3.7G       112M       5.7M        27M       3.3G

MemTotal:        4016004 kB
MemFree:          105448 kB
Active:           440452 kB
Mem:          3.8G       3.7G       102M       5.7M        27M       3.3G

MemTotal:        4016004 kB
MemFree:          125724 kB
Active:           438300 kB
Mem:          3.8G       3.7G       122M       5.7M        27M       3.3G

MemTotal:        4016004 kB
MemFree:          118448 kB
Active:           438300 kB
Mem:          3.8G       3.7G       115M       5.7M        27M       3.3G

MemTotal:        4016004 kB
MemFree:          118740 kB
Active:           438280 kB
Mem:          3.8G       3.7G       115M       5.7M        27M       3.3G

MemTotal:        4016004 kB
MemFree:          118496 kB
Active:           438296 kB
Mem:          3.8G       3.7G       115M       5.7M        27M       3.3G

MemTotal:        4016004 kB
MemFree:          112288 kB
Active:           437156 kB
Mem:          3.8G       3.7G       109M       5.7M        27M       3.3G

MemTotal:        4016004 kB
MemFree:          125196 kB
Active:           435364 kB
Mem:          3.8G       3.7G       121M       5.7M        27M       3.3G

MemTotal:        4016004 kB
MemFree:          109600 kB
Active:           433964 kB
Mem:          3.8G       3.7G       106M       5.7M        27M       3.3G

MemTotal:        4016004 kB
MemFree:          135012 kB
Active:           429852 kB
Mem:          3.8G       3.7G       131M       5.7M        27M       3.3G

MemTotal:        4016004 kB
MemFree:          126256 kB
Active:           428572 kB
Mem:          3.8G       3.7G       123M       5.7M        27M       3.3G

MemTotal:        4016004 kB
MemFree:          116100 kB
Active:           427420 kB
Mem:          3.8G       3.7G       112M       5.7M        27M       3.3G

MemTotal:        4016004 kB
MemFree:          108124 kB
Active:           426268 kB
Mem:          3.8G       3.7G       105M       5.7M        27M       3.3G

MemTotal:        4016004 kB
MemFree:          107876 kB
Active:           426284 kB
Mem:          3.8G       3.7G       104M       5.7M        27M       3.3G

MemTotal:        4016004 kB
MemFree:          134824 kB
Active:           425144 kB
Mem:          3.8G       3.7G       131M       5.7M        27M       3.3G

MemTotal:        4016004 kB
MemFree:          125216 kB
Active:           424124 kB
Mem:          3.8G       3.7G       121M       5.7M        27M       3.3G

MemTotal:        4016004 kB
MemFree:          126328 kB
Active:           422464 kB
Mem:          3.8G       3.7G       122M       5.7M        27M       3.3G

MemTotal:        4016004 kB
MemFree:          111392 kB
Active:           421312 kB
Mem:          3.8G       3.7G       108M       5.7M        27M       3.3G

MemTotal:        4016004 kB
MemFree:          123944 kB
Active:           419528 kB
Mem:          3.8G       3.7G       120M       5.7M        27M       3.3G

MemTotal:        4016004 kB
MemFree:          127760 kB
Active:           417868 kB
Mem:          3.8G       3.7G       124M       5.7M        27M       3.3G

MemTotal:        4016004 kB
MemFree:          116612 kB
Active:           416724 kB
Mem:          3.8G       3.7G       113M       5.7M        27M       3.3G

MemTotal:        4016004 kB
MemFree:          105656 kB
Active:           415572 kB
Mem:          3.8G       3.7G       102M       5.7M        27M       3.3G

MemTotal:        4016004 kB
MemFree:          113280 kB
Active:           414132 kB
Mem:          3.8G       3.7G       110M       5.7M        27M       3.3G

MemTotal:        4016004 kB
MemFree:          127180 kB
Active:           412856 kB
Mem:          3.8G       3.7G       124M       5.7M        27M       3.3G

MemTotal:        4016004 kB
MemFree:          139928 kB
Active:           411072 kB
Mem:          3.8G       3.7G       136M       5.7M        27M       3.2G

MemTotal:        4016004 kB
MemFree:          119628 kB
Active:           410176 kB
Mem:          3.8G       3.7G       116M       5.7M        27M       3.3G

MemTotal:        4016004 kB
MemFree:          109472 kB
Active:           409024 kB
Mem:          3.8G       3.7G       106M       5.7M        27M       3.3G

MemTotal:        4016004 kB
MemFree:          115312 kB
Active:           406980 kB
Mem:          3.8G       3.7G       112M       5.7M        27M       3.3G

MemTotal:        4016004 kB
MemFree:          128832 kB
Active:           405828 kB
Mem:          3.8G       3.7G       125M       5.7M        27M       3.3G

MemTotal:        4016004 kB
MemFree:          105596 kB
Active:           405852 kB
Mem:          3.8G       3.7G       102M       5.7M        27M       3.3G

MemTotal:        4016004 kB
MemFree:          132428 kB
Active:           403552 kB
Mem:          3.8G       3.7G       128M       5.7M        27M       3.3G

MemTotal:        4016004 kB
MemFree:          133704 kB
Active:           401888 kB
Mem:          3.8G       3.7G       130M       5.7M        27M       3.3G

MemTotal:        4016004 kB
MemFree:          132992 kB
Active:           401252 kB
Mem:          3.8G       3.7G       129M       5.7M        27M       3.3G

MemTotal:        4016004 kB
MemFree:          135468 kB
Active:           398956 kB
Mem:          3.8G       3.7G       132M       5.7M        27M       3.3G

MemTotal:        4016004 kB
MemFree:          129352 kB
Active:           398316 kB
Mem:          3.8G       3.7G       126M       5.7M        27M       3.3G

MemTotal:        4016004 kB
MemFree:          129384 kB
Active:           398308 kB
Mem:          3.8G       3.7G       126M       5.7M        27M       3.3G

MemTotal:        4016004 kB
MemFree:          129608 kB
Active:           398280 kB
Mem:          3.8G       3.7G       126M       5.7M        27M       3.3G

MemTotal:        4016004 kB
MemFree:          128740 kB
Active:           397172 kB
Mem:          3.8G       3.7G       125M       5.7M        27M       3.3G

MemTotal:        4016004 kB
MemFree:          118104 kB
Active:           396024 kB
Mem:          3.8G       3.7G       115M       5.7M        27M       3.3G

MemTotal:        4016004 kB
MemFree:          134192 kB
Active:           394112 kB
Mem:          3.8G       3.7G       131M       5.7M        27M       3.3G

MemTotal:        4016004 kB
MemFree:          123292 kB
Active:           392960 kB
Mem:          3.8G       3.7G       119M       5.7M        27M       3.3G

MemTotal:        4016004 kB
MemFree:          128412 kB
Active:           391040 kB
Mem:          3.8G       3.7G       125M       5.7M        27M       3.3G

MemTotal:        4016004 kB
MemFree:          115960 kB
Active:           391912 kB
Mem:          3.8G       3.7G       112M       5.7M        27M       3.3G

MemTotal:        4016004 kB
MemFree:          105456 kB
Active:           389992 kB
Mem:          3.8G       3.7G       102M       5.7M        27M       3.3G

MemTotal:        4016004 kB
MemFree:          121436 kB
Active:           387968 kB
Mem:          3.8G       3.7G       118M       5.7M        27M       3.3G

MemTotal:        4016004 kB
MemFree:          112064 kB
Active:           386816 kB
Mem:          3.8G       3.7G       109M       5.7M        27M       3.3G

MemTotal:        4016004 kB
MemFree:          125324 kB
Active:           383120 kB
Mem:          3.8G       3.7G       122M       5.7M        27M       3.3G

MemTotal:        4016004 kB
MemFree:          121472 kB
Active:           381456 kB
Mem:          3.8G       3.7G       118M       5.7M        27M       3.3G

MemTotal:        4016004 kB
MemFree:          105392 kB
Active:           380432 kB
Mem:          3.8G       3.7G       102M       5.7M        27M       3.3G

MemTotal:        4016004 kB
MemFree:          123084 kB
Active:           379292 kB
Mem:          3.8G       3.7G       119M       5.7M        27M       3.3G

MemTotal:        4016004 kB
MemFree:          120252 kB
Active:           378164 kB
Mem:          3.8G       3.7G       117M       5.7M        27M       3.3G

MemTotal:        4016004 kB
MemFree:          121428 kB
Active:           376508 kB
Mem:          3.8G       3.7G       118M       5.7M        27M       3.3G

MemTotal:        4016004 kB
MemFree:          111184 kB
Active:           375360 kB
Mem:          3.8G       3.7G       108M       5.7M        27M       3.3G

MemTotal:        4016004 kB
MemFree:          126008 kB
Active:           374976 kB
Mem:          3.8G       3.7G       122M       5.7M        27M       3.3G

MemTotal:        4016004 kB
MemFree:          127260 kB
Active:           374984 kB
Mem:          3.8G       3.7G       124M       5.7M        27M       3.3G

MemTotal:        4016004 kB
MemFree:          136172 kB
Active:           374860 kB
Mem:          3.8G       3.7G       132M       5.7M        27M       3.2G

MemTotal:        4016004 kB
MemFree:          127316 kB
Active:           374860 kB
Mem:          3.8G       3.7G       123M       5.7M        27M       3.3G

MemTotal:        4016004 kB
MemFree:          129208 kB
Active:           374864 kB
Mem:          3.8G       3.7G       126M       5.7M        28M       3.3G

MemTotal:        4016004 kB
MemFree:          124552 kB
Active:           374876 kB
Mem:          3.8G       3.7G       121M       5.7M        28M       3.3G

MemTotal:        4016004 kB
MemFree:          130444 kB
Active:           371964 kB
Mem:          3.8G       3.7G       127M       5.7M        28M       3.3G

MemTotal:        4016004 kB
MemFree:          121144 kB
Active:           371812 kB
Mem:          3.8G       3.7G       117M       5.7M        28M       3.3G

MemTotal:        4016004 kB
MemFree:          122644 kB
Active:           371812 kB
Mem:          3.8G       3.7G       119M       5.7M        28M       3.3G

MemTotal:        4016004 kB
MemFree:          126592 kB
Active:           372396 kB
Mem:          3.8G       3.7G       123M       5.7M        28M       3.3G

MemTotal:        4016004 kB
MemFree:          117380 kB
Active:           372024 kB
Mem:          3.8G       3.7G       114M       5.7M        28M       3.3G

MemTotal:        4016004 kB
MemFree:          121292 kB
Active:           372028 kB
Mem:          3.8G       3.7G       118M       5.7M        28M       3.3G

MemTotal:        4016004 kB
MemFree:          121048 kB
Active:           372000 kB
Mem:          3.8G       3.7G       117M       5.7M        28M       3.3G

MemTotal:        4016004 kB
MemFree:          120936 kB
Active:           372032 kB
Mem:          3.8G       3.7G       118M       5.7M        28M       3.3G

MemTotal:        4016004 kB
MemFree:          120520 kB
Active:           371912 kB
Mem:          3.8G       3.7G       117M       5.7M        28M       3.3G

MemTotal:        4016004 kB
MemFree:          127948 kB
Active:           371824 kB
Mem:          3.8G       3.7G       124M       5.7M        28M       3.3G

MemTotal:        4016004 kB
MemFree:          125040 kB
Active:           371836 kB
Mem:          3.8G       3.7G       121M       5.7M        28M       3.3G

MemTotal:        4016004 kB
MemFree:          127280 kB
Active:           371688 kB
Mem:          3.8G       3.7G       124M       5.7M        28M       3.3G

MemTotal:        4016004 kB
MemFree:          122640 kB
Active:           371536 kB
Mem:          3.8G       3.7G       119M       5.7M        28M       3.3G

MemTotal:        4016004 kB
MemFree:          135300 kB
Active:           372944 kB
Mem:          3.8G       3.7G       132M       5.7M        28M       3.2G

MemTotal:        4016004 kB
MemFree:          127080 kB
Active:           372692 kB
Mem:          3.8G       3.7G       123M       5.7M        28M       3.3G

MemTotal:        4016004 kB
MemFree:          127668 kB
Active:           372708 kB
Mem:          3.8G       3.7G       124M       5.7M        28M       3.3G

MemTotal:        4016004 kB
MemFree:          118384 kB
Active:           372652 kB
Mem:          3.8G       3.7G       115M       5.7M        28M       3.3G

MemTotal:        4016004 kB
MemFree:          106548 kB
Active:           372664 kB
Mem:          3.8G       3.7G       103M       5.7M        28M       3.3G

MemTotal:        4016004 kB
MemFree:          132316 kB
Active:           372380 kB
Mem:          3.8G       3.7G       128M       5.7M        28M       3.2G

MemTotal:        4016004 kB
MemFree:          127652 kB
Active:           372380 kB
Mem:          3.8G       3.7G       124M       5.7M        28M       3.3G

MemTotal:        4016004 kB
MemFree:          131656 kB
Active:           372380 kB
Mem:          3.8G       3.7G       128M       5.7M        28M       3.2G

MemTotal:        4016004 kB
MemFree:          125928 kB
Active:           372388 kB
Mem:          3.8G       3.7G       122M       5.7M        28M       3.3G

MemTotal:        4016004 kB
MemFree:          110704 kB
Active:           372388 kB
Mem:          3.8G       3.7G       107M       5.7M        28M       3.3G

MemTotal:        4016004 kB
MemFree:          136520 kB
Active:           371608 kB
Mem:          3.8G       3.7G       133M       5.7M        28M       3.2G

MemTotal:        4016004 kB
MemFree:          137144 kB
Active:           371608 kB
Mem:          3.8G       3.7G       133M       5.7M        28M       3.2G

MemTotal:        4016004 kB
MemFree:          128176 kB
Active:           371608 kB
Mem:          3.8G       3.7G       124M       5.7M        28M       3.3G

MemTotal:        4016004 kB
MemFree:          123592 kB
Active:           371732 kB
Mem:          3.8G       3.7G       120M       5.7M        28M       3.3G

MemTotal:        4016004 kB
MemFree:          114056 kB
Active:           371616 kB
Mem:          3.8G       3.7G       110M       5.7M        28M       3.3G

MemTotal:        4016004 kB
MemFree:          128400 kB
Active:           371616 kB
Mem:          3.8G       3.7G       124M       5.7M        28M       3.3G

MemTotal:        4016004 kB
MemFree:          118208 kB
Active:           371640 kB
Mem:          3.8G       3.7G       115M       5.7M        28M       3.3G

MemTotal:        4016004 kB
MemFree:          107836 kB
Active:           371640 kB
Mem:          3.8G       3.7G       105M       5.7M        28M       3.3G

MemTotal:        4016004 kB
MemFree:          109356 kB
Active:           371644 kB
Mem:          3.8G       3.7G       106M       5.7M        28M       3.3G

MemTotal:        4016004 kB
MemFree:          120444 kB
Active:           369068 kB
Mem:          3.8G       3.7G       116M       5.7M        28M       3.3G

MemTotal:        4016004 kB
MemFree:          109080 kB
Active:           369072 kB
Mem:          3.8G       3.7G       106M       5.7M        28M       3.3G

MemTotal:        4016004 kB
MemFree:          128596 kB
Active:           369072 kB
Mem:          3.8G       3.7G       125M       5.7M        28M       3.3G

MemTotal:        4016004 kB
MemFree:          132636 kB
Active:           369080 kB
Mem:          3.8G       3.7G       129M       5.7M        28M       3.2G

MemTotal:        4016004 kB
MemFree:          139856 kB
Active:           369080 kB
Mem:          3.8G       3.7G       136M       5.7M        28M       3.2G

MemTotal:        4016004 kB
MemFree:          119172 kB
Active:           369088 kB
Mem:          3.8G       3.7G       115M       5.7M        28M       3.3G

MemTotal:        4016004 kB
MemFree:          118720 kB
Active:           368936 kB
Mem:          3.8G       3.7G       115M       5.7M        28M       3.3G

MemTotal:        4016004 kB
MemFree:          109512 kB
Active:           368936 kB
Mem:          3.8G       3.7G       106M       5.7M        28M       3.3G

MemTotal:        4016004 kB
MemFree:          119540 kB
Active:           368952 kB
Mem:          3.8G       3.7G       116M       5.7M        28M       3.3G

MemTotal:        4016004 kB
MemFree:          119448 kB
Active:           368916 kB
Mem:          3.8G       3.7G       116M       5.7M        28M       3.3G

MemTotal:        4016004 kB
MemFree:          119604 kB
Active:           368952 kB
Mem:          3.8G       3.7G       116M       5.7M        28M       3.3G

MemTotal:        4016004 kB
MemFree:          117716 kB
Active:           368932 kB
Mem:          3.8G       3.7G       114M       5.7M        28M       3.3G

MemTotal:        4016004 kB
MemFree:          110716 kB
Active:           370228 kB
Mem:          3.8G       3.7G       108M       5.7M        28M       3.3G

MemTotal:        4016004 kB
MemFree:          124896 kB
Active:           370100 kB
Mem:          3.8G       3.7G       121M       5.7M        28M       3.3G

MemTotal:        4016004 kB
MemFree:          126712 kB
Active:           370108 kB
Mem:          3.8G       3.7G       123M       5.7M        28M       3.2G

MemTotal:        4016004 kB
MemFree:          127804 kB
Active:           370108 kB
Mem:          3.8G       3.7G       124M       5.7M        28M       3.2G

MemTotal:        4016004 kB
MemFree:          114516 kB
Active:           370108 kB
Mem:          3.8G       3.7G       111M       5.7M        28M       3.3G

MemTotal:        4016004 kB
MemFree:          127332 kB
Active:           370108 kB
Mem:          3.8G       3.7G       124M       5.7M        28M       3.2G

MemTotal:        4016004 kB
MemFree:          122712 kB
Active:           367356 kB
Mem:          3.8G       3.7G       119M       5.7M        28M       3.3G

MemTotal:        4016004 kB
MemFree:          125948 kB
Active:           367368 kB
Mem:          3.8G       3.7G       122M       5.7M        28M       3.3G

MemTotal:        4016004 kB
MemFree:          122504 kB
Active:           367368 kB
Mem:          3.8G       3.7G       119M       5.7M        28M       3.3G

MemTotal:        4016004 kB
MemFree:          122096 kB
Active:           368884 kB
Mem:          3.8G       3.7G       119M       5.7M        28M       3.3G

MemTotal:        4016004 kB
MemFree:          115288 kB
Active:           368368 kB
Mem:          3.8G       3.7G       112M       5.7M        28M       3.3G

MemTotal:        4016004 kB
MemFree:          114004 kB
Active:           368380 kB
Mem:          3.8G       3.7G       111M       5.7M        28M       3.3G

MemTotal:        4016004 kB
MemFree:          127256 kB
Active:           368392 kB
Mem:          3.8G       3.7G       124M       5.7M        28M       3.2G

MemTotal:        4016004 kB
MemFree:          127448 kB
Active:           368340 kB
Mem:          3.8G       3.7G       124M       5.7M        28M       3.2G

MemTotal:        4016004 kB
MemFree:          125344 kB
Active:           368340 kB
Mem:          3.8G       3.7G       122M       5.7M        28M       3.2G

MemTotal:        4016004 kB
MemFree:          109440 kB
Active:           368404 kB
Mem:          3.8G       3.7G       107M       5.7M        28M       3.3G

MemTotal:        4016004 kB
MemFree:          136360 kB
Active:           368404 kB
Mem:          3.8G       3.7G       132M       5.7M        28M       3.2G

MemTotal:        4016004 kB
MemFree:          145504 kB
Active:           367684 kB
Mem:          3.8G       3.7G       141M       5.7M        28M       3.2G

MemTotal:        4016004 kB
MemFree:          133740 kB
Active:           367692 kB
Mem:          3.8G       3.7G       130M       5.7M        28M       3.2G

MemTotal:        4016004 kB
MemFree:          123596 kB
Active:           367696 kB
Mem:          3.8G       3.7G       120M       5.7M        28M       3.2G

MemTotal:        4016004 kB
MemFree:          126724 kB
Active:           367696 kB
Mem:          3.8G       3.7G       122M       5.7M        28M       3.2G

MemTotal:        4016004 kB
MemFree:          139632 kB
Active:           367700 kB
Mem:          3.8G       3.7G       135M       5.7M        28M       3.2G

MemTotal:        4016004 kB
MemFree:          112024 kB
Active:           367700 kB
Mem:          3.8G       3.7G       109M       5.7M        28M       3.3G

MemTotal:        4016004 kB
MemFree:          122712 kB
Active:           367708 kB
Mem:          3.8G       3.7G       119M       5.7M        28M       3.2G

MemTotal:        4016004 kB
MemFree:          113084 kB
Active:           367724 kB
Mem:          3.8G       3.7G       109M       5.7M        28M       3.3G

MemTotal:        4016004 kB
MemFree:          126188 kB
Active:           367724 kB
Mem:          3.8G       3.7G       123M       5.7M        28M       3.2G

MemTotal:        4016004 kB
MemFree:          113244 kB
Active:           367724 kB
Mem:          3.8G       3.7G       110M       5.7M        28M       3.3G

MemTotal:        4016004 kB
MemFree:          127296 kB
Active:           361544 kB
Mem:          3.8G       3.7G       123M       5.7M        28M       3.2G

MemTotal:        4016004 kB
MemFree:          135968 kB
Active:           361552 kB
Mem:          3.8G       3.7G       132M       5.7M        28M       3.2G

MemTotal:        4016004 kB
MemFree:          130024 kB
Active:           361552 kB
Mem:          3.8G       3.7G       127M       5.7M        28M       3.2G

MemTotal:        4016004 kB
MemFree:          120012 kB
Active:           361552 kB
Mem:          3.8G       3.7G       116M       5.7M        28M       3.3G

MemTotal:        4016004 kB
MemFree:          110104 kB
Active:           361552 kB
Mem:          3.8G       3.7G       107M       5.7M        28M       3.3G

MemTotal:        4016004 kB
MemFree:          124700 kB
Active:           361560 kB
Mem:          3.8G       3.7G       121M       5.7M        28M       3.2G

MemTotal:        4016004 kB
MemFree:          138912 kB
Active:           361560 kB
Mem:          3.8G       3.7G       135M       5.7M        28M       3.2G

MemTotal:        4016004 kB
MemFree:          107724 kB
Active:           361576 kB
Mem:          3.8G       3.7G       104M       5.7M        28M       3.3G

MemTotal:        4016004 kB
MemFree:          116096 kB
Active:           361580 kB
Mem:          3.8G       3.7G       113M       5.7M        28M       3.3G

MemTotal:        4016004 kB
MemFree:          123564 kB
Active:           361592 kB
Mem:          3.8G       3.7G       120M       5.7M        28M       3.2G

MemTotal:        4016004 kB
MemFree:          132412 kB
Active:           361596 kB
Mem:          3.8G       3.7G       129M       5.7M        28M       3.2G

MemTotal:        4016004 kB
MemFree:          132168 kB
Active:           361548 kB
Mem:          3.8G       3.7G       128M       5.7M        28M       3.2G

MemTotal:        4016004 kB
MemFree:          132236 kB
Active:           361592 kB
Mem:          3.8G       3.7G       129M       5.7M        28M       3.2G

MemTotal:        4016004 kB
MemFree:          125572 kB
Active:           359388 kB
Mem:          3.8G       3.7G       122M       5.7M        28M       3.2G

MemTotal:        4016004 kB
MemFree:          130916 kB
Active:           359388 kB
Mem:          3.8G       3.7G       127M       5.7M        28M       3.2G

MemTotal:        4016004 kB
MemFree:          109492 kB
Active:           359396 kB
Mem:          3.8G       3.7G       106M       5.7M        28M       3.3G

MemTotal:        4016004 kB
MemFree:          106652 kB
Active:           359396 kB
Mem:          3.8G       3.7G       103M       5.7M        28M       3.3G

MemTotal:        4016004 kB
MemFree:          132856 kB
Active:           359400 kB
Mem:          3.8G       3.7G       129M       5.7M        28M       3.2G

MemTotal:        4016004 kB
MemFree:          133984 kB
Active:           359400 kB
Mem:          3.8G       3.7G       130M       5.7M        28M       3.2G

MemTotal:        4016004 kB
MemFree:          141968 kB
Active:           359400 kB
Mem:          3.8G       3.7G       138M       5.7M        28M       3.2G

MemTotal:        4016004 kB
MemFree:          117636 kB
Active:           359404 kB
Mem:          3.8G       3.7G       114M       5.7M        28M       3.3G

MemTotal:        4016004 kB
MemFree:          113304 kB
Active:           359432 kB
Mem:          3.8G       3.7G       110M       5.7M        28M       3.3G

MemTotal:        4016004 kB
MemFree:          126716 kB
Active:           359452 kB
Mem:          3.8G       3.7G       123M       5.7M        28M       3.2G

MemTotal:        4016004 kB
MemFree:          116632 kB
Active:           359460 kB
Mem:          3.8G       3.7G       113M       5.7M        28M       3.3G

MemTotal:        4016004 kB
MemFree:          106376 kB
Active:           359460 kB
Mem:          3.8G       3.7G       103M       5.7M        28M       3.3G

MemTotal:        4016004 kB
MemFree:          132148 kB
Active:           356236 kB
Mem:          3.8G       3.7G       128M       5.7M        28M       3.2G

MemTotal:        4016004 kB
MemFree:          122864 kB
Active:           356244 kB
Mem:          3.8G       3.7G       119M       5.7M        28M       3.2G

MemTotal:        4016004 kB
MemFree:          131944 kB
Active:           356244 kB
Mem:          3.8G       3.7G       128M       5.7M        28M       3.2G

MemTotal:        4016004 kB
MemFree:          121292 kB
Active:           356244 kB
Mem:          3.8G       3.7G       117M       5.7M        28M       3.2G

MemTotal:        4016004 kB
MemFree:          111772 kB
Active:           356244 kB
Mem:          3.8G       3.7G       108M       5.7M        28M       3.3G

MemTotal:        4016004 kB
MemFree:          130292 kB
Active:           356244 kB
Mem:          3.8G       3.7G       126M       5.7M        28M       3.2G

MemTotal:        4016004 kB
MemFree:          122260 kB
Active:           356264 kB
Mem:          3.8G       3.7G       119M       5.7M        28M       3.2G

MemTotal:        4016004 kB
MemFree:          104760 kB
Active:           356764 kB
Mem:          3.8G       3.7G       102M       5.7M        28M       3.3G

MemTotal:        4016004 kB
MemFree:          108808 kB
Active:           357416 kB
Mem:          3.8G       3.7G       105M       5.7M        28M       3.3G

MemTotal:        4016004 kB
MemFree:          117348 kB
Active:           357416 kB
Mem:          3.8G       3.7G       114M       5.7M        28M       3.3G

MemTotal:        4016004 kB
MemFree:          112452 kB
Active:           357288 kB
Mem:          3.8G       3.7G       109M       5.7M        28M       3.3G

MemTotal:        4016004 kB
MemFree:          115400 kB
Active:           357296 kB
Mem:          3.8G       3.7G       112M       5.7M        28M       3.3G

MemTotal:        4016004 kB
MemFree:          125472 kB
Active:           354536 kB
Mem:          3.8G       3.7G       122M       5.7M        28M       3.2G

MemTotal:        4016004 kB
MemFree:          115476 kB
Active:           354536 kB
Mem:          3.8G       3.7G       112M       5.7M        28M       3.3G

MemTotal:        4016004 kB
MemFree:          105088 kB
Active:           354540 kB
Mem:          3.8G       3.7G       107M       5.7M        28M       3.3G

MemTotal:        4016004 kB
MemFree:          111440 kB
Active:           354416 kB
Mem:          3.8G       3.7G       107M       5.7M        28M       3.3G

MemTotal:        4016004 kB
MemFree:          116584 kB
Active:           354420 kB
Mem:          3.8G       3.7G       113M       5.7M        28M       3.3G

MemTotal:        4016004 kB
MemFree:          107296 kB
Active:           354428 kB
Mem:          3.8G       3.7G       104M       5.7M        28M       3.3G

MemTotal:        4016004 kB
MemFree:          129704 kB
Active:           354428 kB
Mem:          3.8G       3.7G       126M       5.7M        28M       3.2G

MemTotal:        4016004 kB
MemFree:          120068 kB
Active:           354440 kB
Mem:          3.8G       3.7G       116M       5.7M        28M       3.2G

MemTotal:        4016004 kB
MemFree:          109944 kB
Active:           354452 kB
Mem:          3.8G       3.7G       107M       5.7M        28M       3.3G

MemTotal:        4016004 kB
MemFree:          126936 kB
Active:           354452 kB
Mem:          3.8G       3.7G       123M       5.7M        28M       3.2G

MemTotal:        4016004 kB
MemFree:          114588 kB
Active:           354460 kB
Mem:          3.8G       3.7G       111M       5.7M        28M       3.3G

MemTotal:        4016004 kB
MemFree:          127776 kB
Active:           354460 kB
Mem:          3.8G       3.7G       124M       5.7M        28M       3.2G

MemTotal:        4016004 kB
MemFree:          125556 kB
Active:           354460 kB
Mem:          3.8G       3.7G       122M       5.7M        28M       3.2G

MemTotal:        4016004 kB
MemFree:          110052 kB
Active:           354464 kB
Mem:          3.8G       3.7G       107M       5.7M        28M       3.3G

MemTotal:        4016004 kB
MemFree:          117132 kB
Active:           354472 kB
Mem:          3.8G       3.7G       114M       5.7M        28M       3.2G

MemTotal:        4016004 kB
MemFree:          111776 kB
Active:           350940 kB
Mem:          3.8G       3.7G       108M       5.7M        28M       3.3G

MemTotal:        4016004 kB
MemFree:          125384 kB
Active:           350940 kB
Mem:          3.8G       3.7G       122M       5.7M        28M       3.2G

MemTotal:        4016004 kB
MemFree:          129136 kB
Active:           350940 kB
Mem:          3.8G       3.7G       125M       5.7M        28M       3.2G

MemTotal:        4016004 kB
MemFree:          115152 kB
Active:           350952 kB
Mem:          3.8G       3.7G       111M       5.7M        28M       3.3G

MemTotal:        4016004 kB
MemFree:          128372 kB
Active:           350952 kB
Mem:          3.8G       3.7G       125M       5.7M        28M       3.2G

MemTotal:        4016004 kB
MemFree:          128560 kB
Active:           350952 kB
Mem:          3.8G       3.7G       125M       5.7M        28M       3.2G

MemTotal:        4016004 kB
MemFree:          128440 kB
Active:           350948 kB
Mem:          3.8G       3.7G       125M       5.7M        28M       3.2G

MemTotal:        4016004 kB
MemFree:          124040 kB
Active:           350960 kB
Mem:          3.8G       3.7G       120M       5.7M        28M       3.2G

MemTotal:        4016004 kB
MemFree:          108592 kB
Active:           350960 kB
Mem:          3.8G       3.7G       105M       5.7M        28M       3.3G

MemTotal:        4016004 kB
MemFree:          127540 kB
Active:           350968 kB
Mem:          3.8G       3.7G       124M       5.7M        28M       3.2G

MemTotal:        4016004 kB
MemFree:          116116 kB
Active:           353016 kB
Mem:          3.8G       3.7G       113M       5.7M        28M       3.2G

MemTotal:        4016004 kB
MemFree:          105232 kB
Active:           352120 kB
Mem:          3.8G       3.7G       102M       5.7M        28M       3.3G

MemTotal:        4016004 kB
MemFree:          106608 kB
Active:           351992 kB
Mem:          3.8G       3.7G       103M       5.7M        28M       3.3G

MemTotal:        4016004 kB
MemFree:          113580 kB
Active:           351992 kB
Mem:          3.8G       3.7G       110M       5.7M        28M       3.3G

MemTotal:        4016004 kB
MemFree:          132956 kB
Active:           351992 kB
Mem:          3.8G       3.7G       129M       5.7M        28M       3.2G

MemTotal:        4016004 kB
MemFree:          124040 kB
Active:           352004 kB
Mem:          3.8G       3.7G       120M       5.7M        28M       3.2G

MemTotal:        4016004 kB
MemFree:          125184 kB
Active:           352016 kB
Mem:          3.8G       3.7G       122M       5.7M        28M       3.2G

MemTotal:        4016004 kB
MemFree:          114440 kB
Active:           352016 kB
Mem:          3.8G       3.7G       111M       5.7M        28M       3.2G

MemTotal:        4016004 kB
MemFree:          128684 kB
Active:           352016 kB
Mem:          3.8G       3.7G       125M       5.7M        28M       3.2G

MemTotal:        4016004 kB
MemFree:          119484 kB
Active:           351884 kB
Mem:          3.8G       3.7G       116M       5.7M        28M       3.2G

MemTotal:        4016004 kB
MemFree:          118928 kB
Active:           351900 kB
Mem:          3.8G       3.7G       115M       5.7M        28M       3.2G

MemTotal:        4016004 kB
MemFree:          124176 kB
Active:           351760 kB
Mem:          3.8G       3.7G       121M       5.7M        28M       3.2G

MemTotal:        4016004 kB
MemFree:          123908 kB
Active:           351596 kB
Mem:          3.8G       3.7G       120M       5.7M        28M       3.2G

MemTotal:        4016004 kB
MemFree:          124096 kB
Active:           351592 kB
Mem:          3.8G       3.7G       120M       5.7M        28M       3.2G

MemTotal:        4016004 kB
MemFree:          124004 kB
Active:           351592 kB
Mem:          3.8G       3.7G       120M       5.7M        28M       3.2G

MemTotal:        4016004 kB
MemFree:          123756 kB
Active:           351596 kB
Mem:          3.8G       3.7G       120M       5.7M        28M       3.2G

MemTotal:        4016004 kB
MemFree:          123756 kB
Active:           351600 kB
Mem:          3.8G       3.7G       120M       5.7M        28M       3.2G

MemTotal:        4016004 kB
MemFree:          123632 kB
Active:           351620 kB
Mem:          3.8G       3.7G       120M       5.7M        28M       3.2G

MemTotal:        4016004 kB
MemFree:          123880 kB
Active:           351604 kB
Mem:          3.8G       3.7G       120M       5.7M        28M       3.2G

MemTotal:        4016004 kB
MemFree:          123756 kB
Active:           351612 kB
Mem:          3.8G       3.7G       120M       5.7M        28M       3.2G

MemTotal:        4016004 kB
MemFree:          123756 kB
Active:           351576 kB
Mem:          3.8G       3.7G       120M       5.7M        28M       3.2G

MemTotal:        4016004 kB
MemFree:          124040 kB
Active:           351572 kB
Mem:          3.8G       3.7G       120M       5.7M        28M       3.2G

MemTotal:        4016004 kB
MemFree:          123916 kB
Active:           351616 kB
Mem:          3.8G       3.7G       121M       5.7M        28M       3.2G

MemTotal:        4016004 kB
MemFree:          123916 kB
Active:           351604 kB
Mem:          3.8G       3.7G       120M       5.7M        28M       3.2G

MemTotal:        4016004 kB
MemFree:          124040 kB
Active:           351628 kB
Mem:          3.8G       3.7G       121M       5.7M        28M       3.2G

MemTotal:        4016004 kB
MemFree:          124164 kB
Active:           351632 kB
Mem:          3.8G       3.7G       120M       5.7M        28M       3.2G

MemTotal:        4016004 kB
MemFree:          124040 kB
Active:           351616 kB
Mem:          3.8G       3.7G       120M       5.7M        28M       3.2G

MemTotal:        4016004 kB
MemFree:          123916 kB
Active:           351620 kB
Mem:          3.8G       3.7G       120M       5.7M        28M       3.2G

MemTotal:        4016004 kB
MemFree:          123792 kB
Active:           351608 kB
Mem:          3.8G       3.7G       120M       5.7M        28M       3.2G

MemTotal:        4016004 kB
MemFree:          123792 kB
Active:           351616 kB
Mem:          3.8G       3.7G       120M       5.7M        28M       3.2G

MemTotal:        4016004 kB
MemFree:          123792 kB
Active:           351628 kB
Mem:          3.8G       3.7G       120M       5.7M        28M       3.2G

MemTotal:        4016004 kB
MemFree:          123916 kB
Active:           351616 kB
Mem:          3.8G       3.7G       120M       5.7M        28M       3.2G

MemTotal:        4016004 kB
MemFree:          124164 kB
Active:           351604 kB
Mem:          3.8G       3.7G       120M       5.7M        28M       3.2G

MemTotal:        4016004 kB
MemFree:          124164 kB
Active:           351588 kB
Mem:          3.8G       3.7G       120M       5.7M        28M       3.2G

MemTotal:        4016004 kB
MemFree:          124040 kB
Active:           351636 kB
Mem:          3.8G       3.7G       120M       5.7M        28M       3.2G

MemTotal:        4016004 kB
MemFree:          124040 kB
Active:           351588 kB
Mem:          3.8G       3.7G       120M       5.7M        28M       3.2G

MemTotal:        4016004 kB
MemFree:          123916 kB
Active:           351636 kB
Mem:          3.8G       3.7G       121M       5.7M        28M       3.2G

MemTotal:        4016004 kB
MemFree:          124040 kB
Active:           351652 kB
Mem:          3.8G       3.7G       120M       5.7M        28M       3.2G

MemTotal:        4016004 kB
MemFree:          124040 kB
Active:           351652 kB
Mem:          3.8G       3.7G       120M       5.7M        28M       3.2G

MemTotal:        4016004 kB
MemFree:          124040 kB
Active:           351640 kB
Mem:          3.8G       3.7G       120M       5.7M        28M       3.2G

MemTotal:        4016004 kB
MemFree:          123668 kB
Active:           351652 kB
Mem:          3.8G       3.7G       120M       5.7M        28M       3.2G

MemTotal:        4016004 kB
MemFree:          123700 kB
Active:           351656 kB
Mem:          3.8G       3.7G       120M       5.7M        28M       3.2G

MemTotal:        4016004 kB
MemFree:          123856 kB
Active:           351644 kB
Mem:          3.8G       3.7G       120M       5.7M        28M       3.2G

MemTotal:        4016004 kB
MemFree:          123980 kB
Active:           351652 kB
Mem:          3.8G       3.7G       120M       5.7M        28M       3.2G

MemTotal:        4016004 kB
MemFree:          123732 kB
Active:           351656 kB
Mem:          3.8G       3.7G       120M       5.7M        28M       3.2G

MemTotal:        4016004 kB
MemFree:          123856 kB
Active:           351640 kB
Mem:          3.8G       3.7G       120M       5.7M        28M       3.2G

MemTotal:        4016004 kB
MemFree:          123980 kB
Active:           351668 kB
Mem:          3.8G       3.7G       120M       5.7M        28M       3.2G

MemTotal:        4016004 kB
MemFree:          123980 kB
Active:           351664 kB
Mem:          3.8G       3.7G       120M       5.7M        28M       3.2G

MemTotal:        4016004 kB
MemFree:          123608 kB
Active:           351676 kB
Mem:          3.8G       3.7G       120M       5.7M        28M       3.2G

MemTotal:        4016004 kB
MemFree:          123980 kB
Active:           351672 kB
Mem:          3.8G       3.7G       120M       5.7M        28M       3.2G

MemTotal:        4016004 kB
MemFree:          123856 kB
Active:           351664 kB
Mem:          3.8G       3.7G       120M       5.7M        28M       3.2G

MemTotal:        4016004 kB
MemFree:          123980 kB
Active:           351660 kB
Mem:          3.8G       3.7G       120M       5.7M        28M       3.2G

MemTotal:        4016004 kB
MemFree:          123856 kB
Active:           351664 kB
Mem:          3.8G       3.7G       120M       5.7M        28M       3.2G

MemTotal:        4016004 kB
MemFree:          123856 kB
Active:           351668 kB
Mem:          3.8G       3.7G       120M       5.7M        28M       3.2G

MemTotal:        4016004 kB
MemFree:          123980 kB
Active:           351632 kB
Mem:          3.8G       3.7G       120M       5.7M        28M       3.2G

MemTotal:        4016004 kB
MemFree:          123856 kB
Active:           351660 kB
Mem:          3.8G       3.7G       120M       5.7M        28M       3.2G

MemTotal:        4016004 kB
MemFree:          123856 kB
Active:           351624 kB
Mem:          3.8G       3.7G       120M       5.7M        28M       3.2G

MemTotal:        4016004 kB
MemFree:          124104 kB
Active:           351672 kB
Mem:          3.8G       3.7G       120M       5.7M        28M       3.2G

MemTotal:        4016004 kB
MemFree:          123732 kB
Active:           351688 kB
Mem:          3.8G       3.7G       120M       5.7M        28M       3.2G

MemTotal:        4016004 kB
MemFree:          123856 kB
Active:           351668 kB
Mem:          3.8G       3.7G       120M       5.7M        28M       3.2G

MemTotal:        4016004 kB
MemFree:          123856 kB
Active:           351676 kB
Mem:          3.8G       3.7G       120M       5.7M        28M       3.2G

MemTotal:        4016004 kB
MemFree:          123856 kB
Active:           351640 kB
Mem:          3.8G       3.7G       120M       5.7M        28M       3.2G

MemTotal:        4016004 kB
MemFree:          123980 kB
Active:           351664 kB
Mem:          3.8G       3.7G       120M       5.7M        28M       3.2G

MemTotal:        4016004 kB
MemFree:          123856 kB
Active:           351676 kB
Mem:          3.8G       3.7G       120M       5.7M        28M       3.2G

MemTotal:        4016004 kB
MemFree:          123856 kB
Active:           351680 kB
Mem:          3.8G       3.7G       120M       5.7M        28M       3.2G

MemTotal:        4016004 kB
MemFree:          123856 kB
Active:           351656 kB
Mem:          3.8G       3.7G       120M       5.7M        28M       3.2G

MemTotal:        4016004 kB
MemFree:          123856 kB
Active:           351708 kB
Mem:          3.8G       3.7G       120M       5.7M        28M       3.2G

MemTotal:        4016004 kB
MemFree:          123856 kB
Active:           351692 kB
Mem:          3.8G       3.7G       120M       5.7M        28M       3.2G

MemTotal:        4016004 kB
MemFree:          123608 kB
Active:           351708 kB
Mem:          3.8G       3.7G       120M       5.7M        28M       3.2G

MemTotal:        4016004 kB
MemFree:          123856 kB
Active:           351696 kB
Mem:          3.8G       3.7G       120M       5.7M        28M       3.2G

MemTotal:        4016004 kB
MemFree:          123980 kB
Active:           351704 kB
Mem:          3.8G       3.7G       120M       5.7M        28M       3.2G

MemTotal:        4016004 kB
MemFree:          123980 kB
Active:           351720 kB
Mem:          3.8G       3.7G       120M       5.7M        28M       3.2G

MemTotal:        4016004 kB
MemFree:          123980 kB
Active:           351720 kB
Mem:          3.8G       3.7G       120M       5.7M        28M       3.2G

MemTotal:        4016004 kB
MemFree:          124104 kB
Active:           351720 kB
Mem:          3.8G       3.7G       121M       5.7M        28M       3.2G

MemTotal:        4016004 kB
MemFree:          124104 kB
Active:           351680 kB
Mem:          3.8G       3.7G       120M       5.7M        28M       3.2G

MemTotal:        4016004 kB
MemFree:          124104 kB
Active:           351724 kB
Mem:          3.8G       3.7G       120M       5.7M        28M       3.2G

MemTotal:        4016004 kB
MemFree:          123856 kB
Active:           351708 kB
Mem:          3.8G       3.7G       120M       5.7M        28M       3.2G

MemTotal:        4016004 kB
MemFree:          123732 kB
Active:           351724 kB
Mem:          3.8G       3.7G       120M       5.7M        28M       3.2G

MemTotal:        4016004 kB
MemFree:          123484 kB
Active:           351744 kB
Mem:          3.8G       3.7G       120M       5.7M        28M       3.2G

MemTotal:        4016004 kB
MemFree:          123608 kB
Active:           351728 kB
Mem:          3.8G       3.7G       120M       5.7M        28M       3.2G

MemTotal:        4016004 kB
MemFree:          123732 kB
Active:           351740 kB
Mem:          3.8G       3.7G       120M       5.7M        28M       3.2G

MemTotal:        4016004 kB
MemFree:          123856 kB
Active:           351736 kB
Mem:          3.8G       3.7G       120M       5.7M        28M       3.2G

MemTotal:        4016004 kB
MemFree:          124228 kB
Active:           351700 kB
Mem:          3.8G       3.7G       120M       5.7M        28M       3.2G

MemTotal:        4016004 kB
MemFree:          124352 kB
Active:           351736 kB
Mem:          3.8G       3.7G       121M       5.7M        28M       3.2G

MemTotal:        4016004 kB
MemFree:          124104 kB
Active:           351732 kB
Mem:          3.8G       3.7G       121M       5.7M        28M       3.2G

MemTotal:        4016004 kB
MemFree:          123980 kB
Active:           351700 kB
Mem:          3.8G       3.7G       121M       5.7M        28M       3.2G

MemTotal:        4016004 kB
MemFree:          124104 kB
Active:           351700 kB
Mem:          3.8G       3.7G       120M       5.7M        28M       3.2G

MemTotal:        4016004 kB
MemFree:          124104 kB
Active:           351720 kB
Mem:          3.8G       3.7G       121M       5.7M        28M       3.2G

MemTotal:        4016004 kB
MemFree:          124104 kB
Active:           351740 kB
Mem:          3.8G       3.7G       120M       5.7M        28M       3.2G

MemTotal:        4016004 kB
MemFree:          124104 kB
Active:           351724 kB
Mem:          3.8G       3.7G       121M       5.7M        28M       3.2G

MemTotal:        4016004 kB
MemFree:          124352 kB
Active:           351728 kB
Mem:          3.8G       3.7G       121M       5.7M        28M       3.2G

MemTotal:        4016004 kB
MemFree:          124228 kB
Active:           351704 kB
Mem:          3.8G       3.7G       120M       5.7M        28M       3.2G

MemTotal:        4016004 kB
MemFree:          124228 kB
Active:           351740 kB
Mem:          3.8G       3.7G       121M       5.7M        28M       3.2G

MemTotal:        4016004 kB
MemFree:          123732 kB
Active:           351720 kB
Mem:          3.8G       3.7G       120M       5.7M        28M       3.2G

MemTotal:        4016004 kB
MemFree:          123608 kB
Active:           351796 kB
Mem:          3.8G       3.7G       120M       5.7M        28M       3.2G

MemTotal:        4016004 kB
MemFree:          123608 kB
Active:           351792 kB
Mem:          3.8G       3.7G       120M       5.7M        28M       3.2G

MemTotal:        4016004 kB
MemFree:          123732 kB
Active:           351800 kB
Mem:          3.8G       3.7G       120M       5.7M        28M       3.2G

MemTotal:        4016004 kB
MemFree:          123732 kB
Active:           351776 kB
Mem:          3.8G       3.7G       120M       5.7M        28M       3.2G

MemTotal:        4016004 kB
MemFree:          123840 kB
Active:           351844 kB
Mem:          3.8G       3.7G       120M       5.7M        28M       3.2G

MemTotal:        4016004 kB
MemFree:          123468 kB
Active:           351844 kB
Mem:          3.8G       3.7G       120M       5.7M        28M       3.2G

MemTotal:        4016004 kB
MemFree:          123716 kB
Active:           351836 kB
Mem:          3.8G       3.7G       120M       5.7M        28M       3.2G

MemTotal:        4016004 kB
MemFree:          123592 kB
Active:           351816 kB
Mem:          3.8G       3.7G       120M       5.7M        28M       3.2G

MemTotal:        4016004 kB
MemFree:          123592 kB
Active:           351836 kB
Mem:          3.8G       3.7G       120M       5.7M        28M       3.2G

MemTotal:        4016004 kB
MemFree:          123096 kB
Active:           351856 kB
Mem:          3.8G       3.7G       120M       5.7M        28M       3.2G

MemTotal:        4016004 kB
MemFree:          123592 kB
Active:           351848 kB
Mem:          3.8G       3.7G       120M       5.7M        28M       3.2G

MemTotal:        4016004 kB
MemFree:          123344 kB
Active:           351840 kB
Mem:          3.8G       3.7G       120M       5.7M        28M       3.2G

MemTotal:        4016004 kB
MemFree:          123716 kB
Active:           351848 kB
Mem:          3.8G       3.7G       120M       5.7M        28M       3.2G

MemTotal:        4016004 kB
MemFree:          123716 kB
Active:           351848 kB
Mem:          3.8G       3.7G       120M       5.7M        28M       3.2G

MemTotal:        4016004 kB
MemFree:          123468 kB
Active:           351820 kB
Mem:          3.8G       3.7G       120M       5.7M        28M       3.2G

MemTotal:        4016004 kB
MemFree:          123468 kB
Active:           351808 kB
Mem:          3.8G       3.7G       120M       5.7M        28M       3.2G

MemTotal:        4016004 kB
MemFree:          123592 kB
Active:           351852 kB
Mem:          3.8G       3.7G       120M       5.7M        28M       3.2G

MemTotal:        4016004 kB
MemFree:          123592 kB
Active:           351856 kB
Mem:          3.8G       3.7G       120M       5.7M        28M       3.2G

MemTotal:        4016004 kB
MemFree:          123592 kB
Active:           351808 kB
Mem:          3.8G       3.7G       120M       5.7M        28M       3.2G

MemTotal:        4016004 kB
MemFree:          125576 kB
Active:           349880 kB
Mem:          3.8G       3.7G       122M       5.7M        28M       3.2G

MemTotal:        4016004 kB
MemFree:          125840 kB
Active:           349824 kB
Mem:          3.8G       3.7G       122M       5.7M        28M       3.2G

MemTotal:        4016004 kB
MemFree:          125592 kB
Active:           349848 kB
Mem:          3.8G       3.7G       122M       5.7M        28M       3.2G

MemTotal:        4016004 kB
MemFree:          126212 kB
Active:           349836 kB
Mem:          3.8G       3.7G       123M       5.7M        28M       3.2G

MemTotal:        4016004 kB
MemFree:          126088 kB
Active:           349844 kB
Mem:          3.8G       3.7G       122M       5.7M        28M       3.2G

MemTotal:        4016004 kB
MemFree:          126088 kB
Active:           349844 kB
Mem:          3.8G       3.7G       122M       5.7M        28M       3.2G

MemTotal:        4016004 kB
MemFree:          126088 kB
Active:           349832 kB
Mem:          3.8G       3.7G       122M       5.7M        28M       3.2G

MemTotal:        4016004 kB
MemFree:          126088 kB
Active:           349852 kB
Mem:          3.8G       3.7G       123M       5.7M        28M       3.2G

MemTotal:        4016004 kB
MemFree:          126088 kB
Active:           349812 kB
Mem:          3.8G       3.7G       122M       5.7M        28M       3.2G

MemTotal:        4016004 kB
MemFree:          125468 kB
Active:           349864 kB
Mem:          3.8G       3.7G       122M       5.7M        28M       3.2G

MemTotal:        4016004 kB
MemFree:          125468 kB
Active:           349852 kB
Mem:          3.8G       3.7G       122M       5.7M        28M       3.2G

MemTotal:        4016004 kB
MemFree:          125592 kB
Active:           349812 kB
Mem:          3.8G       3.7G       122M       5.7M        28M       3.2G

MemTotal:        4016004 kB
MemFree:          125716 kB
Active:           349848 kB
Mem:          3.8G       3.7G       122M       5.7M        28M       3.2G

MemTotal:        4016004 kB
MemFree:          125840 kB
Active:           349860 kB
Mem:          3.8G       3.7G       122M       5.7M        28M       3.2G

MemTotal:        4016004 kB
MemFree:          125716 kB
Active:           349844 kB
Mem:          3.8G       3.7G       122M       5.7M        28M       3.2G

MemTotal:        4016004 kB
MemFree:          125716 kB
Active:           349836 kB
Mem:          3.8G       3.7G       122M       5.7M        28M       3.2G

MemTotal:        4016004 kB
MemFree:          125716 kB
Active:           349864 kB
Mem:          3.8G       3.7G       122M       5.7M        28M       3.2G

MemTotal:        4016004 kB
MemFree:          125592 kB
Active:           349864 kB
Mem:          3.8G       3.7G       122M       5.7M        28M       3.2G

MemTotal:        4016004 kB
MemFree:          125840 kB
Active:           349860 kB
Mem:          3.8G       3.7G       122M       5.7M        28M       3.2G

MemTotal:        4016004 kB
MemFree:          125592 kB
Active:           349860 kB
Mem:          3.8G       3.7G       122M       5.7M        28M       3.2G

MemTotal:        4016004 kB
MemFree:          126212 kB
Active:           349864 kB
Mem:          3.8G       3.7G       122M       5.7M        28M       3.2G

MemTotal:        4016004 kB
MemFree:          126088 kB
Active:           349888 kB
Mem:          3.8G       3.7G       122M       5.7M        28M       3.2G

MemTotal:        4016004 kB
MemFree:          125964 kB
Active:           349860 kB
Mem:          3.8G       3.7G       122M       5.7M        28M       3.2G

MemTotal:        4016004 kB
MemFree:          126088 kB
Active:           349884 kB
Mem:          3.8G       3.7G       123M       5.7M        28M       3.2G

MemTotal:        4016004 kB
MemFree:          126088 kB
Active:           349840 kB
Mem:          3.8G       3.7G       123M       5.7M        28M       3.2G

MemTotal:        4016004 kB
MemFree:          126088 kB
Active:           349848 kB
Mem:          3.8G       3.7G       122M       5.7M        28M       3.2G

MemTotal:        4016004 kB
MemFree:          125840 kB
Active:           349884 kB
Mem:          3.8G       3.7G       122M       5.7M        28M       3.2G

MemTotal:        4016004 kB
MemFree:          125840 kB
Active:           349848 kB
Mem:          3.8G       3.7G       122M       5.7M        28M       3.2G

MemTotal:        4016004 kB
MemFree:          125592 kB
Active:           349892 kB
Mem:          3.8G       3.7G       122M       5.7M        28M       3.2G

MemTotal:        4016004 kB
MemFree:          125592 kB
Active:           349884 kB
Mem:          3.8G       3.7G       122M       5.7M        28M       3.2G

MemTotal:        4016004 kB
MemFree:          125468 kB
Active:           349884 kB
Mem:          3.8G       3.7G       122M       5.7M        28M       3.2G

MemTotal:        4016004 kB
MemFree:          125468 kB
Active:           349888 kB
Mem:          3.8G       3.7G       122M       5.7M        28M       3.2G

MemTotal:        4016004 kB
MemFree:          125592 kB
Active:           349884 kB
Mem:          3.8G       3.7G       122M       5.7M        28M       3.2G

MemTotal:        4016004 kB
MemFree:          125592 kB
Active:           349900 kB
Mem:          3.8G       3.7G       122M       5.7M        28M       3.2G

MemTotal:        4016004 kB
MemFree:          125964 kB
Active:           349892 kB
Mem:          3.8G       3.7G       122M       5.7M        28M       3.2G

MemTotal:        4016004 kB
MemFree:          125964 kB
Active:           349896 kB
Mem:          3.8G       3.7G       122M       5.7M        28M       3.2G

MemTotal:        4016004 kB
MemFree:          125964 kB
Active:           349860 kB
Mem:          3.8G       3.7G       122M       5.7M        28M       3.2G

MemTotal:        4016004 kB
MemFree:          125840 kB
Active:           349904 kB
Mem:          3.8G       3.7G       122M       5.7M        28M       3.2G

MemTotal:        4016004 kB
MemFree:          125764 kB
Active:           349900 kB
Mem:          3.8G       3.7G       122M       5.7M        28M       3.2G

MemTotal:        4016004 kB
MemFree:          125764 kB
Active:           349896 kB
Mem:          3.8G       3.7G       122M       5.7M        28M       3.2G

MemTotal:        4016004 kB
MemFree:          125516 kB
Active:           349916 kB
Mem:          3.8G       3.7G       122M       5.7M        28M       3.2G

MemTotal:        4016004 kB
MemFree:          125640 kB
Active:           349876 kB
Mem:          3.8G       3.7G       122M       5.7M        28M       3.2G

MemTotal:        4016004 kB
MemFree:          125640 kB
Active:           349904 kB
Mem:          3.8G       3.7G       122M       5.7M        28M       3.2G

MemTotal:        4016004 kB
MemFree:          125640 kB
Active:           349908 kB
Mem:          3.8G       3.7G       122M       5.7M        28M       3.2G

MemTotal:        4016004 kB
MemFree:          125516 kB
Active:           349912 kB
Mem:          3.8G       3.7G       122M       5.7M        28M       3.2G

MemTotal:        4016004 kB
MemFree:          125268 kB
Active:           349916 kB
Mem:          3.8G       3.7G       122M       5.7M        28M       3.2G

MemTotal:        4016004 kB
MemFree:          125516 kB
Active:           349916 kB
Mem:          3.8G       3.7G       122M       5.7M        28M       3.2G

MemTotal:        4016004 kB
MemFree:          125392 kB
Active:           349908 kB
Mem:          3.8G       3.7G       122M       5.7M        28M       3.2G

MemTotal:        4016004 kB
MemFree:          125144 kB
Active:           349932 kB
Mem:          3.8G       3.7G       122M       5.7M        28M       3.2G

MemTotal:        4016004 kB
MemFree:          125268 kB
Active:           349916 kB
Mem:          3.8G       3.7G       122M       5.7M        28M       3.2G

MemTotal:        4016004 kB
MemFree:          125392 kB
Active:           349932 kB
Mem:          3.8G       3.7G       122M       5.7M        28M       3.2G

MemTotal:        4016004 kB
MemFree:          125516 kB
Active:           349888 kB
Mem:          3.8G       3.7G       122M       5.7M        28M       3.2G

MemTotal:        4016004 kB
MemFree:          125392 kB
Active:           349940 kB
Mem:          3.8G       3.7G       122M       5.7M        28M       3.2G

MemTotal:        4016004 kB
MemFree:          125764 kB
Active:           349932 kB
Mem:          3.8G       3.7G       122M       5.7M        28M       3.2G

MemTotal:        4016004 kB
MemFree:          126012 kB
Active:           349936 kB
Mem:          3.8G       3.7G       122M       5.7M        28M       3.2G

MemTotal:        4016004 kB
MemFree:          126012 kB
Active:           349952 kB
Mem:          3.8G       3.7G       122M       5.7M        28M       3.2G

MemTotal:        4016004 kB
MemFree:          126012 kB
Active:           349948 kB
Mem:          3.8G       3.7G       122M       5.7M        28M       3.2G

MemTotal:        4016004 kB
MemFree:          126012 kB
Active:           349940 kB
Mem:          3.8G       3.7G       122M       5.7M        28M       3.2G

MemTotal:        4016004 kB
MemFree:          125888 kB
Active:           349940 kB
Mem:          3.8G       3.7G       122M       5.7M        28M       3.2G

MemTotal:        4016004 kB
MemFree:          125268 kB
Active:           349956 kB
Mem:          3.8G       3.7G       122M       5.7M        28M       3.2G

MemTotal:        4016004 kB
MemFree:          125268 kB
Active:           349940 kB
Mem:          3.8G       3.7G       122M       5.7M        28M       3.2G

MemTotal:        4016004 kB
MemFree:          125392 kB
Active:           349948 kB
Mem:          3.8G       3.7G       122M       5.7M        28M       3.2G

MemTotal:        4016004 kB
MemFree:          125640 kB
Active:           349952 kB
Mem:          3.8G       3.7G       122M       5.7M        28M       3.2G

MemTotal:        4016004 kB
MemFree:          125640 kB
Active:           349960 kB
Mem:          3.8G       3.7G       122M       5.7M        28M       3.2G

MemTotal:        4016004 kB
MemFree:          125516 kB
Active:           349952 kB
Mem:          3.8G       3.7G       122M       5.7M        28M       3.2G

MemTotal:        4016004 kB
MemFree:          125516 kB
Active:           349952 kB
Mem:          3.8G       3.7G       122M       5.7M        28M       3.2G

MemTotal:        4016004 kB
MemFree:          125516 kB
Active:           349944 kB
Mem:          3.8G       3.7G       122M       5.7M        28M       3.2G

MemTotal:        4016004 kB
MemFree:          125516 kB
Active:           349944 kB
Mem:          3.8G       3.7G       122M       5.7M        28M       3.2G

MemTotal:        4016004 kB
MemFree:          125640 kB
Active:           349912 kB
Mem:          3.8G       3.7G       122M       5.7M        28M       3.2G

MemTotal:        4016004 kB
MemFree:          125516 kB
Active:           349956 kB
Mem:          3.8G       3.7G       122M       5.7M        28M       3.2G

MemTotal:        4016004 kB
MemFree:          125392 kB
Active:           349964 kB
Mem:          3.8G       3.7G       122M       5.7M        28M       3.2G

MemTotal:        4016004 kB
MemFree:          125672 kB
Active:           349940 kB
Mem:          3.8G       3.7G       122M       5.7M        28M       3.2G

MemTotal:        4016004 kB
MemFree:          125548 kB
Active:           349928 kB
Mem:          3.8G       3.7G       122M       5.7M        28M       3.2G

MemTotal:        4016004 kB
MemFree:          125548 kB
Active:           349972 kB
Mem:          3.8G       3.7G       122M       5.7M        28M       3.2G

MemTotal:        4016004 kB
MemFree:          125548 kB
Active:           349956 kB
Mem:          3.8G       3.7G       122M       5.7M        28M       3.2G

MemTotal:        4016004 kB
MemFree:          125548 kB
Active:           349956 kB
Mem:          3.8G       3.7G       122M       5.7M        28M       3.2G

MemTotal:        4016004 kB
MemFree:          125424 kB
Active:           349964 kB
Mem:          3.8G       3.7G       122M       5.7M        28M       3.2G

MemTotal:        4016004 kB
MemFree:          125548 kB
Active:           349968 kB
Mem:          3.8G       3.7G       122M       5.7M        28M       3.2G

MemTotal:        4016004 kB
MemFree:          125548 kB
Active:           349976 kB
Mem:          3.8G       3.7G       122M       5.7M        28M       3.2G

MemTotal:        4016004 kB
MemFree:          125672 kB
Active:           349980 kB
Mem:          3.8G       3.7G       122M       5.7M        28M       3.2G

MemTotal:        4016004 kB
MemFree:          125672 kB
Active:           349960 kB
Mem:          3.8G       3.7G       122M       5.7M        28M       3.2G

MemTotal:        4016004 kB
MemFree:          125672 kB
Active:           349972 kB
Mem:          3.8G       3.7G       122M       5.7M        28M       3.2G

MemTotal:        4016004 kB
MemFree:          125796 kB
Active:           349988 kB
Mem:          3.8G       3.7G       122M       5.7M        28M       3.2G

MemTotal:        4016004 kB
MemFree:          125796 kB
Active:           349984 kB
Mem:          3.8G       3.7G       122M       5.7M        28M       3.2G

MemTotal:        4016004 kB
MemFree:          125300 kB
Active:           349980 kB
Mem:          3.8G       3.7G       122M       5.7M        28M       3.2G

MemTotal:        4016004 kB
MemFree:          125424 kB
Active:           349960 kB
Mem:          3.8G       3.7G       122M       5.7M        28M       3.2G

MemTotal:        4016004 kB
MemFree:          125052 kB
Active:           350008 kB
Mem:          3.8G       3.7G       122M       5.7M        28M       3.2G

MemTotal:        4016004 kB
MemFree:          125672 kB
Active:           349992 kB
Mem:          3.8G       3.7G       122M       5.7M        28M       3.2G

MemTotal:        4016004 kB
MemFree:          125672 kB
Active:           349964 kB
Mem:          3.8G       3.7G       122M       5.7M        28M       3.2G

MemTotal:        4016004 kB
MemFree:          125548 kB
Active:           349984 kB
Mem:          3.8G       3.7G       122M       5.7M        28M       3.2G

MemTotal:        4016004 kB
MemFree:          125548 kB
Active:           350004 kB
Mem:          3.8G       3.7G       122M       5.7M        28M       3.2G

MemTotal:        4016004 kB
MemFree:          125548 kB
Active:           350012 kB
Mem:          3.8G       3.7G       122M       5.7M        28M       3.2G

MemTotal:        4016004 kB
MemFree:          125532 kB
Active:           350000 kB
Mem:          3.8G       3.7G       122M       5.7M        28M       3.2G

MemTotal:        4016004 kB
MemFree:          126028 kB
Active:           349960 kB
Mem:          3.8G       3.7G       122M       5.7M        28M       3.2G

MemTotal:        4016004 kB
MemFree:          125904 kB
Active:           350008 kB
Mem:          3.8G       3.7G       122M       5.7M        28M       3.2G

MemTotal:        4016004 kB
MemFree:          125532 kB
Active:           349964 kB
Mem:          3.8G       3.7G       122M       5.7M        28M       3.2G

MemTotal:        4016004 kB
MemFree:          125656 kB
Active:           350008 kB
Mem:          3.8G       3.7G       122M       5.7M        28M       3.2G

MemTotal:        4016004 kB
MemFree:          125656 kB
Active:           350008 kB
Mem:          3.8G       3.7G       122M       5.7M        28M       3.2G

MemTotal:        4016004 kB
MemFree:          125160 kB
Active:           350024 kB
Mem:          3.8G       3.7G       122M       5.7M        28M       3.2G

MemTotal:        4016004 kB
MemFree:          125284 kB
Active:           349972 kB
Mem:          3.8G       3.7G       122M       5.7M        28M       3.2G

MemTotal:        4016004 kB
MemFree:          125408 kB
Active:           350008 kB
Mem:          3.8G       3.7G       122M       5.7M        28M       3.2G

MemTotal:        4016004 kB
MemFree:          125408 kB
Active:           350016 kB
Mem:          3.8G       3.7G       122M       5.7M        28M       3.2G

MemTotal:        4016004 kB
MemFree:          125308 kB
Active:           350024 kB
Mem:          3.8G       3.7G       122M       5.7M        28M       3.2G

MemTotal:        4016004 kB
MemFree:          125588 kB
Active:           349760 kB
Mem:          3.8G       3.7G       122M       5.7M        28M       3.2G

MemTotal:        4016004 kB
MemFree:          126208 kB
Active:           349788 kB
Mem:          3.8G       3.7G       123M       5.7M        28M       3.2G

MemTotal:        4016004 kB
MemFree:          126116 kB
Active:           349800 kB
Mem:          3.8G       3.7G       123M       5.7M        28M       3.2G

MemTotal:        4016004 kB
MemFree:          126240 kB
Active:           349804 kB
Mem:          3.8G       3.7G       123M       5.7M        28M       3.2G

MemTotal:        4016004 kB
MemFree:          125744 kB
Active:           349784 kB
Mem:          3.8G       3.7G       122M       5.7M        28M       3.2G

MemTotal:        4016004 kB
MemFree:          125868 kB
Active:           349784 kB
Mem:          3.8G       3.7G       122M       5.7M        28M       3.2G

MemTotal:        4016004 kB
MemFree:          125620 kB
Active:           349796 kB
Mem:          3.8G       3.7G       122M       5.7M        28M       3.2G

MemTotal:        4016004 kB
MemFree:          125124 kB
Active:           349812 kB
Mem:          3.8G       3.7G       122M       5.7M        28M       3.2G

MemTotal:        4016004 kB
MemFree:          125252 kB
Active:           349828 kB
Mem:          3.8G       3.7G       122M       5.7M        28M       3.2G

MemTotal:        4016004 kB
MemFree:          125376 kB
Active:           349832 kB
Mem:          3.8G       3.7G       122M       5.7M        28M       3.2G

MemTotal:        4016004 kB
MemFree:          125252 kB
Active:           349804 kB
Mem:          3.8G       3.7G       122M       5.7M        28M       3.2G

MemTotal:        4016004 kB
MemFree:          125128 kB
Active:           349828 kB
Mem:          3.8G       3.7G       122M       5.7M        28M       3.2G

MemTotal:        4016004 kB
MemFree:          125872 kB
Active:           349788 kB
Mem:          3.8G       3.7G       122M       5.7M        28M       3.2G

MemTotal:        4016004 kB
MemFree:          124972 kB
Active:           349956 kB
Mem:          3.8G       3.7G       121M       5.7M        28M       3.2G

MemTotal:        4016004 kB
MemFree:          124384 kB
Active:           349948 kB
Mem:          3.8G       3.7G       121M       5.7M        28M       3.2G

MemTotal:        4016004 kB
MemFree:          124508 kB
Active:           349908 kB
Mem:          3.8G       3.7G       121M       5.7M        28M       3.2G

MemTotal:        4016004 kB
MemFree:          125004 kB
Active:           349924 kB
Mem:          3.8G       3.7G       122M       5.7M        28M       3.2G

MemTotal:        4016004 kB
MemFree:          125004 kB
Active:           349904 kB
Mem:          3.8G       3.7G       122M       5.7M        28M       3.2G

MemTotal:        4016004 kB
MemFree:          124756 kB
Active:           349956 kB
Mem:          3.8G       3.7G       121M       5.7M        28M       3.2G

MemTotal:        4016004 kB
MemFree:          124260 kB
Active:           349956 kB
Mem:          3.8G       3.7G       121M       5.7M        28M       3.2G

MemTotal:        4016004 kB
MemFree:          124508 kB
Active:           349928 kB
Mem:          3.8G       3.7G       121M       5.7M        28M       3.2G

MemTotal:        4016004 kB
MemFree:          124508 kB
Active:           349936 kB
Mem:          3.8G       3.7G       121M       5.7M        28M       3.2G

MemTotal:        4016004 kB
MemFree:          124508 kB
Active:           349948 kB
Mem:          3.8G       3.7G       121M       5.7M        28M       3.2G

MemTotal:        4016004 kB
MemFree:          124508 kB
Active:           349948 kB
Mem:          3.8G       3.7G       121M       5.7M        28M       3.2G

MemTotal:        4016004 kB
MemFree:          124632 kB
Active:           349944 kB
Mem:          3.8G       3.7G       121M       5.7M        28M       3.2G

MemTotal:        4016004 kB
MemFree:          124508 kB
Active:           349968 kB
Mem:          3.8G       3.7G       121M       5.7M        28M       3.2G

MemTotal:        4016004 kB
MemFree:          124136 kB
Active:           349980 kB
Mem:          3.8G       3.7G       121M       5.7M        28M       3.2G

MemTotal:        4016004 kB
MemFree:          124508 kB
Active:           349948 kB
Mem:          3.8G       3.7G       121M       5.7M        28M       3.2G

MemTotal:        4016004 kB
MemFree:          124508 kB
Active:           349972 kB
