MemTotal:        4016004 kB
MemFree:         3231452 kB
Active:           427100 kB
Mem:          3.8G       766M       3.1G       5.7M        55M       320M

MemTotal:        4016004 kB
MemFree:         3231880 kB
Active:           426828 kB
Mem:          3.8G       765M       3.1G       5.7M        55M       320M

MemTotal:        4016004 kB
MemFree:         3231508 kB
Active:           426928 kB
Mem:          3.8G       765M       3.1G       5.7M        55M       320M

MemTotal:        4016004 kB
MemFree:         3232128 kB
Active:           426912 kB
Mem:          3.8G       765M       3.1G       5.7M        55M       320M

MemTotal:        4016004 kB
MemFree:         3232500 kB
Active:           426892 kB
Mem:          3.8G       765M       3.1G       5.7M        55M       320M

MemTotal:        4016004 kB
MemFree:         3232608 kB
Active:           426908 kB
Mem:          3.8G       765M       3.1G       5.7M        55M       320M

MemTotal:        4016004 kB
MemFree:         3232484 kB
Active:           426912 kB
Mem:          3.8G       765M       3.1G       5.7M        55M       320M

MemTotal:        4016004 kB
MemFree:         3232236 kB
Active:           426904 kB
Mem:          3.8G       765M       3.1G       5.7M        55M       320M

MemTotal:        4016004 kB
MemFree:         3232484 kB
Active:           426884 kB
Mem:          3.8G       765M       3.1G       5.7M        55M       320M

MemTotal:        4016004 kB
MemFree:         3231988 kB
Active:           426936 kB
Mem:          3.8G       765M       3.1G       5.7M        55M       320M

MemTotal:        4016004 kB
MemFree:         3232360 kB
Active:           426916 kB
Mem:          3.8G       765M       3.1G       5.7M        55M       320M

MemTotal:        4016004 kB
MemFree:         3232468 kB
Active:           426896 kB
Mem:          3.8G       765M       3.1G       5.7M        55M       320M

MemTotal:        4016004 kB
MemFree:         3232516 kB
Active:           426908 kB
Mem:          3.8G       765M       3.1G       5.7M        55M       320M

MemTotal:        4016004 kB
MemFree:         3232144 kB
Active:           426936 kB
Mem:          3.8G       765M       3.1G       5.7M        55M       320M

MemTotal:        4016004 kB
MemFree:         3232640 kB
Active:           426888 kB
Mem:          3.8G       764M       3.1G       5.7M        55M       320M

MemTotal:        4016004 kB
MemFree:         3232948 kB
Active:           426952 kB
Mem:          3.8G       764M       3.1G       5.7M        55M       320M

MemTotal:        4016004 kB
MemFree:         3232544 kB
Active:           426940 kB
Mem:          3.8G       764M       3.1G       5.7M        55M       320M

MemTotal:        4016004 kB
MemFree:         3232296 kB
Active:           426940 kB
Mem:          3.8G       765M       3.1G       5.7M        55M       320M

MemTotal:        4016004 kB
MemFree:         3232792 kB
Active:           426884 kB
Mem:          3.8G       765M       3.1G       5.7M        55M       320M

MemTotal:        4016004 kB
MemFree:         3232032 kB
Active:           426932 kB
Mem:          3.8G       765M       3.1G       5.7M        55M       320M

MemTotal:        4016004 kB
MemFree:         3232016 kB
Active:           426916 kB
Mem:          3.8G       765M       3.1G       5.7M        55M       320M

MemTotal:        4016004 kB
MemFree:         3232264 kB
Active:           426944 kB
Mem:          3.8G       765M       3.1G       5.7M        55M       320M

MemTotal:        4016004 kB
MemFree:         3232388 kB
Active:           426924 kB
Mem:          3.8G       765M       3.1G       5.7M        55M       320M

MemTotal:        4016004 kB
MemFree:         3232512 kB
Active:           426904 kB
Mem:          3.8G       765M       3.1G       5.7M        55M       320M

MemTotal:        4016004 kB
MemFree:         3232000 kB
Active:           426952 kB
Mem:          3.8G       765M       3.1G       5.7M        55M       320M

MemTotal:        4016004 kB
MemFree:         3232124 kB
Active:           426912 kB
Mem:          3.8G       765M       3.1G       5.7M        55M       320M

MemTotal:        4016004 kB
MemFree:         3231612 kB
Active:           426952 kB
Mem:          3.8G       765M       3.1G       5.7M        55M       320M

MemTotal:        4016004 kB
MemFree:         3232728 kB
Active:           426936 kB
Mem:          3.8G       765M       3.1G       5.7M        55M       320M

MemTotal:        4016004 kB
MemFree:         3232836 kB
Active:           426908 kB
Mem:          3.8G       765M       3.1G       5.7M        55M       320M

MemTotal:        4016004 kB
MemFree:         3232944 kB
Active:           426944 kB
Mem:          3.8G       764M       3.1G       5.7M        55M       320M

MemTotal:        4016004 kB
MemFree:         3232928 kB
Active:           426952 kB
Mem:          3.8G       764M       3.1G       5.7M        55M       320M

MemTotal:        4016004 kB
MemFree:         3232788 kB
Active:           426936 kB
Mem:          3.8G       764M       3.1G       5.7M        55M       320M

MemTotal:        4016004 kB
MemFree:         3233068 kB
Active:           426904 kB
Mem:          3.8G       764M       3.1G       5.7M        55M       320M

MemTotal:        4016004 kB
MemFree:         3233076 kB
Active:           426932 kB
Mem:          3.8G       764M       3.1G       5.7M        55M       320M

MemTotal:        4016004 kB
MemFree:         3232704 kB
Active:           426964 kB
Mem:          3.8G       764M       3.1G       5.7M        55M       320M

MemTotal:        4016004 kB
MemFree:         3230780 kB
Active:           426920 kB
Mem:          3.8G       766M       3.1G       5.7M        55M       320M

MemTotal:        4016004 kB
MemFree:         3230780 kB
Active:           428968 kB
Mem:          3.8G       767M       3.1G       5.7M        55M       320M

MemTotal:        4016004 kB
MemFree:         3230656 kB
Active:           428956 kB
Mem:          3.8G       766M       3.1G       5.7M        55M       320M

MemTotal:        4016004 kB
MemFree:         3230408 kB
Active:           428940 kB
Mem:          3.8G       767M       3.1G       5.7M        55M       320M

MemTotal:        4016004 kB
MemFree:         3230532 kB
Active:           428996 kB
Mem:          3.8G       767M       3.1G       5.7M        55M       320M

MemTotal:        4016004 kB
MemFree:         3230392 kB
Active:           428972 kB
Mem:          3.8G       767M       3.1G       5.7M        55M       320M

MemTotal:        4016004 kB
MemFree:         3230004 kB
Active:           429004 kB
Mem:          3.8G       767M       3.1G       5.7M        55M       320M

MemTotal:        4016004 kB
MemFree:         3230128 kB
Active:           428964 kB
Mem:          3.8G       767M       3.1G       5.7M        55M       320M

MemTotal:        4016004 kB
MemFree:         3230484 kB
Active:           428992 kB
Mem:          3.8G       767M       3.1G       5.7M        55M       320M

MemTotal:        4016004 kB
MemFree:         3230344 kB
Active:           429000 kB
Mem:          3.8G       767M       3.1G       5.7M        55M       320M

MemTotal:        4016004 kB
MemFree:         3230080 kB
Active:           429012 kB
Mem:          3.8G       767M       3.1G       5.7M        55M       320M

MemTotal:        4016004 kB
MemFree:         3230436 kB
Active:           428968 kB
Mem:          3.8G       767M       3.1G       5.7M        55M       320M

MemTotal:        4016004 kB
MemFree:         3230544 kB
Active:           429012 kB
Mem:          3.8G       767M       3.1G       5.7M        55M       320M

MemTotal:        4016004 kB
MemFree:         3230220 kB
Active:           428984 kB
Mem:          3.8G       767M       3.1G       5.7M        55M       320M

MemTotal:        4016004 kB
MemFree:         3230220 kB
Active:           429016 kB
Mem:          3.8G       767M       3.1G       5.7M        55M       320M

MemTotal:        4016004 kB
MemFree:         3229848 kB
Active:           429032 kB
Mem:          3.8G       767M       3.1G       5.7M        55M       320M

MemTotal:        4016004 kB
MemFree:         3229848 kB
Active:           429008 kB
Mem:          3.8G       767M       3.1G       5.7M        55M       320M

MemTotal:        4016004 kB
MemFree:         3229600 kB
Active:           429024 kB
Mem:          3.8G       768M       3.1G       5.7M        55M       320M

MemTotal:        4016004 kB
MemFree:         3229848 kB
Active:           428992 kB
Mem:          3.8G       767M       3.1G       5.7M        55M       320M

MemTotal:        4016004 kB
MemFree:         3229848 kB
Active:           429024 kB
Mem:          3.8G       767M       3.1G       5.7M        55M       320M

MemTotal:        4016004 kB
MemFree:         3230220 kB
Active:           429012 kB
Mem:          3.8G       767M       3.1G       5.7M        55M       320M

MemTotal:        4016004 kB
MemFree:         3230096 kB
Active:           429036 kB
Mem:          3.8G       767M       3.1G       5.7M        55M       320M

MemTotal:        4016004 kB
MemFree:         3229848 kB
Active:           428996 kB
Mem:          3.8G       767M       3.1G       5.7M        55M       320M

MemTotal:        4016004 kB
MemFree:         3229848 kB
Active:           429028 kB
Mem:          3.8G       767M       3.1G       5.7M        55M       320M

MemTotal:        4016004 kB
MemFree:         3229972 kB
Active:           429056 kB
Mem:          3.8G       767M       3.1G       5.7M        55M       320M

MemTotal:        4016004 kB
MemFree:         3230220 kB
Active:           429032 kB
Mem:          3.8G       767M       3.1G       5.7M        55M       320M

MemTotal:        4016004 kB
MemFree:         3229972 kB
Active:           429048 kB
Mem:          3.8G       767M       3.1G       5.7M        55M       320M

MemTotal:        4016004 kB
MemFree:         3230220 kB
Active:           429004 kB
Mem:          3.8G       767M       3.1G       5.7M        55M       320M

MemTotal:        4016004 kB
MemFree:         3230220 kB
Active:           429032 kB
Mem:          3.8G       767M       3.1G       5.7M        55M       320M

MemTotal:        4016004 kB
MemFree:         3229868 kB
Active:           429064 kB
Mem:          3.8G       767M       3.1G       5.7M        55M       320M

MemTotal:        4016004 kB
MemFree:         3230020 kB
Active:           427140 kB
Mem:          3.8G       767M       3.1G       5.7M        55M       320M

MemTotal:        4016004 kB
MemFree:         3230300 kB
Active:           429064 kB
Mem:          3.8G       767M       3.1G       5.7M        55M       320M

MemTotal:        4016004 kB
MemFree:         3230424 kB
Active:           429044 kB
Mem:          3.8G       767M       3.1G       5.7M        55M       320M

MemTotal:        4016004 kB
MemFree:         3230300 kB
Active:           429028 kB
Mem:          3.8G       767M       3.1G       5.7M        55M       320M

MemTotal:        4016004 kB
MemFree:         3230036 kB
Active:           429056 kB
Mem:          3.8G       767M       3.1G       5.7M        55M       320M

MemTotal:        4016004 kB
MemFree:         3229788 kB
Active:           429028 kB
Mem:          3.8G       767M       3.1G       5.7M        55M       320M

MemTotal:        4016004 kB
MemFree:         3229788 kB
Active:           429040 kB
Mem:          3.8G       767M       3.1G       5.7M        55M       320M

MemTotal:        4016004 kB
MemFree:         3229448 kB
Active:           429080 kB
Mem:          3.8G       767M       3.1G       5.7M        55M       320M

MemTotal:        4016004 kB
MemFree:         3229820 kB
Active:           429048 kB
Mem:          3.8G       767M       3.1G       5.7M        55M       320M

MemTotal:        4016004 kB
MemFree:         3230068 kB
Active:           429068 kB
Mem:          3.8G       767M       3.1G       5.7M        55M       320M

MemTotal:        4016004 kB
MemFree:         3229652 kB
Active:           427052 kB
Mem:          3.8G       767M       3.1G       5.7M        55M       320M

MemTotal:        4016004 kB
MemFree:         3230128 kB
Active:           429084 kB
Mem:          3.8G       767M       3.1G       5.7M        55M       320M

MemTotal:        4016004 kB
MemFree:         3230112 kB
Active:           429084 kB
Mem:          3.8G       767M       3.1G       5.7M        55M       320M

MemTotal:        4016004 kB
MemFree:         3230220 kB
Active:           429044 kB
Mem:          3.8G       767M       3.1G       5.7M        55M       320M

MemTotal:        4016004 kB
MemFree:         3230096 kB
Active:           429072 kB
Mem:          3.8G       767M       3.1G       5.7M        55M       320M

MemTotal:        4016004 kB
MemFree:         3230128 kB
Active:           429032 kB
Mem:          3.8G       767M       3.1G       5.7M        55M       320M

MemTotal:        4016004 kB
MemFree:         3230004 kB
Active:           429060 kB
Mem:          3.8G       767M       3.1G       5.7M        55M       320M

MemTotal:        4016004 kB
MemFree:         3230252 kB
Active:           429072 kB
Mem:          3.8G       767M       3.1G       5.7M        55M       320M

MemTotal:        4016004 kB
MemFree:         3230128 kB
Active:           429068 kB
Mem:          3.8G       767M       3.1G       5.7M        55M       320M

MemTotal:        4016004 kB
MemFree:         3230624 kB
Active:           429096 kB
Mem:          3.8G       766M       3.1G       5.7M        55M       320M

MemTotal:        4016004 kB
MemFree:         3230624 kB
Active:           429076 kB
Mem:          3.8G       766M       3.1G       5.7M        55M       320M

MemTotal:        4016004 kB
MemFree:         3230376 kB
Active:           429056 kB
Mem:          3.8G       767M       3.1G       5.7M        55M       320M

MemTotal:        4016004 kB
MemFree:         3230376 kB
Active:           429088 kB
Mem:          3.8G       767M       3.1G       5.7M        55M       320M

MemTotal:        4016004 kB
MemFree:         3230252 kB
Active:           429068 kB
Mem:          3.8G       767M       3.1G       5.7M        55M       320M

MemTotal:        4016004 kB
MemFree:         3230004 kB
Active:           429112 kB
Mem:          3.8G       767M       3.1G       5.7M        55M       320M

MemTotal:        4016004 kB
MemFree:         3230128 kB
Active:           429068 kB
Mem:          3.8G       767M       3.1G       5.7M        55M       320M

MemTotal:        4016004 kB
MemFree:         3229972 kB
Active:           429104 kB
Mem:          3.8G       767M       3.1G       5.7M        55M       320M

MemTotal:        4016004 kB
MemFree:         3229584 kB
Active:           429116 kB
Mem:          3.8G       767M       3.1G       5.7M        55M       320M

MemTotal:        4016004 kB
MemFree:         3230188 kB
Active:           429088 kB
Mem:          3.8G       767M       3.1G       5.7M        55M       320M

MemTotal:        4016004 kB
MemFree:         3230188 kB
Active:           429072 kB
Mem:          3.8G       767M       3.1G       5.7M        55M       320M

MemTotal:        4016004 kB
MemFree:         3229924 kB
Active:           429116 kB
Mem:          3.8G       767M       3.1G       5.7M        55M       320M

MemTotal:        4016004 kB
MemFree:         3229908 kB
Active:           429088 kB
Mem:          3.8G       767M       3.1G       5.7M        55M       320M

MemTotal:        4016004 kB
MemFree:         3230032 kB
Active:           429120 kB
Mem:          3.8G       767M       3.1G       5.7M        55M       320M

MemTotal:        4016004 kB
MemFree:         3230156 kB
Active:           429068 kB
Mem:          3.8G       767M       3.1G       5.7M        55M       320M

MemTotal:        4016004 kB
MemFree:         3229956 kB
Active:           429128 kB
Mem:          3.8G       767M       3.1G       5.7M        55M       320M

MemTotal:        4016004 kB
MemFree:         3230032 kB
Active:           429400 kB
Mem:          3.8G       767M       3.1G       5.7M        55M       320M

MemTotal:        4016004 kB
MemFree:         3125424 kB
Active:           430344 kB
Mem:          3.8G       871M       3.0G       5.7M        55M       421M

MemTotal:        4016004 kB
MemFree:         3020172 kB
Active:           430468 kB
Mem:          3.8G       973M       2.9G       5.7M        55M       521M

MemTotal:        4016004 kB
MemFree:         2902100 kB
Active:           430488 kB
Mem:          3.8G       1.1G       2.8G       5.7M        55M       636M

MemTotal:        4016004 kB
MemFree:         2788012 kB
Active:           430476 kB
Mem:          3.8G       1.2G       2.7G       5.7M        55M       747M

MemTotal:        4016004 kB
MemFree:         2656920 kB
Active:           428488 kB
Mem:          3.8G       1.3G       2.5G       5.7M        55M       871M

MemTotal:        4016004 kB
MemFree:         2575376 kB
Active:           430512 kB
Mem:          3.8G       1.4G       2.5G       5.7M        55M       947M

MemTotal:        4016004 kB
MemFree:         2572632 kB
Active:           430536 kB
Mem:          3.8G       1.4G       2.5G       5.7M        55M       951M

MemTotal:        4016004 kB
MemFree:         2566416 kB
Active:           430576 kB
Mem:          3.8G       1.4G       2.4G       5.7M        55M       956M

MemTotal:        4016004 kB
MemFree:         2564032 kB
Active:           430576 kB
Mem:          3.8G       1.4G       2.4G       5.7M        55M       958M

MemTotal:        4016004 kB
MemFree:         2560780 kB
Active:           430616 kB
Mem:          3.8G       1.4G       2.4G       5.7M        55M       961M

MemTotal:        4016004 kB
MemFree:         2557716 kB
Active:           430616 kB
Mem:          3.8G       1.4G       2.4G       5.7M        55M       964M

MemTotal:        4016004 kB
MemFree:         2499080 kB
Active:           430616 kB
Mem:          3.8G       1.4G       2.4G       5.7M        55M       1.0G

MemTotal:        4016004 kB
MemFree:         2385240 kB
Active:           430632 kB
Mem:          3.8G       1.6G       2.3G       5.7M        55M       1.1G

MemTotal:        4016004 kB
MemFree:         2257620 kB
Active:           430632 kB
Mem:          3.8G       1.7G       2.2G       5.7M        55M       1.2G

MemTotal:        4016004 kB
MemFree:         2129116 kB
Active:           430632 kB
Mem:          3.8G       1.8G       2.0G       5.7M        55M       1.3G

MemTotal:        4016004 kB
MemFree:         2072968 kB
Active:           430644 kB
Mem:          3.8G       1.9G       2.0G       5.7M        55M       1.4G

MemTotal:        4016004 kB
MemFree:         2069588 kB
Active:           430644 kB
Mem:          3.8G       1.9G       2.0G       5.7M        55M       1.4G

MemTotal:        4016004 kB
MemFree:         2069620 kB
Active:           430660 kB
Mem:          3.8G       1.9G       2.0G       5.7M        55M       1.4G

MemTotal:        4016004 kB
MemFree:         2069808 kB
Active:           430620 kB
Mem:          3.8G       1.9G       2.0G       5.7M        55M       1.4G

MemTotal:        4016004 kB
MemFree:         2063472 kB
Active:           430676 kB
Mem:          3.8G       1.9G       2.0G       5.7M        55M       1.4G

MemTotal:        4016004 kB
MemFree:         2060328 kB
Active:           430680 kB
Mem:          3.8G       1.9G       2.0G       5.7M        55M       1.4G

MemTotal:        4016004 kB
MemFree:         2055364 kB
Active:           430680 kB
Mem:          3.8G       1.9G       2.0G       5.7M        55M       1.4G

MemTotal:        4016004 kB
MemFree:         1988976 kB
Active:           430688 kB
Mem:          3.8G       1.9G       1.9G       5.7M        55M       1.5G

MemTotal:        4016004 kB
MemFree:         1916860 kB
Active:           430688 kB
Mem:          3.8G       2.0G       1.8G       5.7M        55M       1.5G

MemTotal:        4016004 kB
MemFree:         1913416 kB
Active:           430704 kB
Mem:          3.8G       2.0G       1.8G       5.7M        55M       1.5G

MemTotal:        4016004 kB
MemFree:         1910612 kB
Active:           430704 kB
Mem:          3.8G       2.0G       1.8G       5.7M        55M       1.5G

MemTotal:        4016004 kB
MemFree:         1854916 kB
Active:           430704 kB
Mem:          3.8G       2.1G       1.8G       5.7M        55M       1.6G

MemTotal:        4016004 kB
MemFree:         1746300 kB
Active:           430712 kB
Mem:          3.8G       2.2G       1.7G       5.7M        55M       1.7G

MemTotal:        4016004 kB
MemFree:         1682980 kB
Active:           430712 kB
Mem:          3.8G       2.2G       1.6G       5.7M        55M       1.8G

MemTotal:        4016004 kB
MemFree:         1680996 kB
Active:           430716 kB
Mem:          3.8G       2.2G       1.6G       5.7M        55M       1.8G

MemTotal:        4016004 kB
MemFree:         1643908 kB
Active:           430724 kB
Mem:          3.8G       2.3G       1.6G       5.7M        55M       1.8G

MemTotal:        4016004 kB
MemFree:         1515000 kB
Active:           430708 kB
Mem:          3.8G       2.4G       1.4G       5.7M        55M       1.9G

MemTotal:        4016004 kB
MemFree:         1508732 kB
Active:           430688 kB
Mem:          3.8G       2.4G       1.4G       5.7M        55M       1.9G

MemTotal:        4016004 kB
MemFree:         1508840 kB
Active:           430728 kB
Mem:          3.8G       2.4G       1.4G       5.7M        55M       1.9G

MemTotal:        4016004 kB
MemFree:         1508744 kB
Active:           428784 kB
Mem:          3.8G       2.4G       1.4G       5.7M        55M       1.9G

MemTotal:        4016004 kB
MemFree:         1502836 kB
Active:           430748 kB
Mem:          3.8G       2.4G       1.4G       5.7M        55M       1.9G

MemTotal:        4016004 kB
MemFree:         1441236 kB
Active:           430736 kB
Mem:          3.8G       2.5G       1.4G       5.7M        55M       2.0G

MemTotal:        4016004 kB
MemFree:         1345812 kB
Active:           430744 kB
Mem:          3.8G       2.5G       1.3G       5.7M        55M       2.1G

MemTotal:        4016004 kB
MemFree:         1255100 kB
Active:           430736 kB
Mem:          3.8G       2.6G       1.2G       5.7M        55M       2.2G

MemTotal:        4016004 kB
MemFree:         1153672 kB
Active:           430732 kB
Mem:          3.8G       2.7G       1.1G       5.7M        55M       2.3G

MemTotal:        4016004 kB
MemFree:         1150480 kB
Active:           430768 kB
Mem:          3.8G       2.7G       1.1G       5.7M        55M       2.3G

MemTotal:        4016004 kB
MemFree:         1075320 kB
Active:           430748 kB
Mem:          3.8G       2.8G       1.0G       5.7M        55M       2.3G

MemTotal:        4016004 kB
MemFree:         1016292 kB
Active:           430756 kB
Mem:          3.8G       2.9G       992M       5.7M        55M       2.4G

MemTotal:        4016004 kB
MemFree:          943716 kB
Active:           430764 kB
Mem:          3.8G       2.9G       918M       5.7M        55M       2.5G

MemTotal:        4016004 kB
MemFree:          820796 kB
Active:           428776 kB
Mem:          3.8G       3.0G       800M       5.7M        55M       2.6G

MemTotal:        4016004 kB
MemFree:          715772 kB
Active:           428744 kB
Mem:          3.8G       3.1G       696M       5.7M        55M       2.7G

MemTotal:        4016004 kB
MemFree:          603664 kB
Active:           430780 kB
Mem:          3.8G       3.3G       588M       5.7M        55M       2.8G

MemTotal:        4016004 kB
MemFree:          599412 kB
Active:           430812 kB
Mem:          3.8G       3.3G       585M       5.7M        55M       2.8G

MemTotal:        4016004 kB
MemFree:          599040 kB
Active:           430856 kB
Mem:          3.8G       3.3G       584M       5.7M        55M       2.8G

MemTotal:        4016004 kB
MemFree:          599060 kB
Active:           430868 kB
Mem:          3.8G       3.3G       584M       5.7M        55M       2.8G

MemTotal:        4016004 kB
MemFree:          594400 kB
Active:           430876 kB
Mem:          3.8G       3.3G       578M       5.7M        55M       2.8G

MemTotal:        4016004 kB
MemFree:          591124 kB
Active:           430868 kB
Mem:          3.8G       3.3G       577M       5.7M        55M       2.8G

MemTotal:        4016004 kB
MemFree:          589372 kB
Active:           430888 kB
Mem:          3.8G       3.3G       575M       5.7M        55M       2.8G

MemTotal:        4016004 kB
MemFree:          587676 kB
Active:           430892 kB
Mem:          3.8G       3.3G       573M       5.7M        55M       2.8G

MemTotal:        4016004 kB
MemFree:          584208 kB
Active:           430892 kB
Mem:          3.8G       3.3G       569M       5.7M        55M       2.8G

MemTotal:        4016004 kB
MemFree:          542844 kB
Active:           428844 kB
Mem:          3.8G       3.3G       528M       5.7M        55M       2.8G

MemTotal:        4016004 kB
MemFree:          414960 kB
Active:           432960 kB
Mem:          3.8G       3.4G       402M       5.7M        55M       3.0G

MemTotal:        4016004 kB
MemFree:          286720 kB
Active:           432968 kB
Mem:          3.8G       3.6G       277M       5.7M        55M       3.1G

MemTotal:        4016004 kB
MemFree:          242712 kB
Active:           432976 kB
Mem:          3.8G       3.6G       237M       5.7M        55M       3.1G

MemTotal:        4016004 kB
MemFree:          187916 kB
Active:           432988 kB
Mem:          3.8G       3.7G       183M       5.7M        55M       3.2G

MemTotal:        4016004 kB
MemFree:          106520 kB
Active:           432976 kB
Mem:          3.8G       3.7G       145M       5.7M        20M       3.2G

MemTotal:        4016004 kB
MemFree:          143204 kB
Active:           452196 kB
Mem:          3.8G       3.7G       137M       5.7M        20M       3.2G

MemTotal:        4016004 kB
MemFree:          140572 kB
Active:           452160 kB
Mem:          3.8G       3.7G       137M       5.7M        20M       3.2G

MemTotal:        4016004 kB
MemFree:          141332 kB
Active:           450664 kB
Mem:          3.8G       3.7G       137M       5.7M        20M       3.2G

MemTotal:        4016004 kB
MemFree:          140456 kB
Active:           448116 kB
Mem:          3.8G       3.7G       136M       5.7M        20M       3.2G

MemTotal:        4016004 kB
MemFree:          128264 kB
Active:           447756 kB
Mem:          3.8G       3.7G       124M       5.7M        20M       3.3G

MemTotal:        4016004 kB
MemFree:          126048 kB
Active:           447772 kB
Mem:          3.8G       3.7G       122M       5.7M        20M       3.3G

MemTotal:        4016004 kB
MemFree:          122084 kB
Active:           447788 kB
Mem:          3.8G       3.7G       118M       5.7M        20M       3.3G

MemTotal:        4016004 kB
MemFree:          119340 kB
Active:           447748 kB
Mem:          3.8G       3.7G       114M       5.7M        20M       3.3G

MemTotal:        4016004 kB
MemFree:          121792 kB
Active:           446760 kB
Mem:          3.8G       3.7G       116M       5.7M        20M       3.3G

MemTotal:        4016004 kB
MemFree:          135720 kB
Active:           443412 kB
Mem:          3.8G       3.7G       130M       5.7M        20M       3.3G

MemTotal:        4016004 kB
MemFree:          144176 kB
Active:           439340 kB
Mem:          3.8G       3.7G       140M       5.7M        20M       3.2G

MemTotal:        4016004 kB
MemFree:          135888 kB
Active:           436008 kB
Mem:          3.8G       3.7G       131M       5.7M        20M       3.3G

MemTotal:        4016004 kB
MemFree:          126736 kB
Active:           433084 kB
Mem:          3.8G       3.7G       123M       5.7M        20M       3.3G

MemTotal:        4016004 kB
MemFree:          140288 kB
Active:           431620 kB
Mem:          3.8G       3.7G       137M       5.7M        20M       3.2G

MemTotal:        4016004 kB
MemFree:          129736 kB
Active:           431592 kB
Mem:          3.8G       3.7G       123M       5.7M        20M       3.3G

MemTotal:        4016004 kB
MemFree:          127524 kB
Active:           428684 kB
Mem:          3.8G       3.7G       123M       5.7M        20M       3.3G

MemTotal:        4016004 kB
MemFree:          124672 kB
Active:           428680 kB
Mem:          3.8G       3.7G       121M       5.7M        20M       3.3G

MemTotal:        4016004 kB
MemFree:          139132 kB
Active:           425880 kB
Mem:          3.8G       3.7G       135M       5.7M        20M       3.2G

MemTotal:        4016004 kB
MemFree:          134672 kB
Active:           425744 kB
Mem:          3.8G       3.7G       131M       5.7M        20M       3.2G

MemTotal:        4016004 kB
MemFree:          133636 kB
Active:           424448 kB
Mem:          3.8G       3.7G       130M       5.7M        20M       3.2G

MemTotal:        4016004 kB
MemFree:          133880 kB
Active:           426252 kB
Mem:          3.8G       3.7G       130M       5.7M        20M       3.2G

MemTotal:        4016004 kB
MemFree:          134444 kB
Active:           426272 kB
Mem:          3.8G       3.7G       131M       5.7M        20M       3.2G

MemTotal:        4016004 kB
MemFree:          126264 kB
Active:           426236 kB
Mem:          3.8G       3.7G       123M       5.7M        20M       3.3G

MemTotal:        4016004 kB
MemFree:          120104 kB
Active:           422316 kB
Mem:          3.8G       3.7G       114M       5.7M        20M       3.3G

MemTotal:        4016004 kB
MemFree:          123444 kB
Active:           416908 kB
Mem:          3.8G       3.7G       117M       5.7M        20M       3.3G

MemTotal:        4016004 kB
MemFree:          144872 kB
Active:           412948 kB
Mem:          3.8G       3.7G       141M       5.7M        20M       3.2G

MemTotal:        4016004 kB
MemFree:          142356 kB
Active:           412940 kB
Mem:          3.8G       3.7G       138M       5.7M        20M       3.2G

MemTotal:        4016004 kB
MemFree:          139484 kB
Active:           410644 kB
Mem:          3.8G       3.7G       136M       5.7M        20M       3.2G

MemTotal:        4016004 kB
MemFree:          130548 kB
Active:           409624 kB
Mem:          3.8G       3.7G       127M       5.7M        20M       3.3G

MemTotal:        4016004 kB
MemFree:          124660 kB
Active:           406600 kB
Mem:          3.8G       3.7G       120M       5.7M        20M       3.3G

MemTotal:        4016004 kB
MemFree:          132156 kB
Active:           408132 kB
Mem:          3.8G       3.7G       128M       5.7M        20M       3.3G

MemTotal:        4016004 kB
MemFree:          108800 kB
Active:           406980 kB
Mem:          3.8G       3.7G       105M       5.7M        20M       3.3G

MemTotal:        4016004 kB
MemFree:          128100 kB
Active:           406292 kB
Mem:          3.8G       3.7G       124M       5.7M        20M       3.3G

MemTotal:        4016004 kB
MemFree:          126388 kB
Active:           406220 kB
Mem:          3.8G       3.7G       122M       5.7M        20M       3.3G

MemTotal:        4016004 kB
MemFree:          123356 kB
Active:           406192 kB
Mem:          3.8G       3.7G       120M       5.7M        20M       3.3G

MemTotal:        4016004 kB
MemFree:          119720 kB
Active:           406176 kB
Mem:          3.8G       3.7G       116M       5.7M        20M       3.3G

MemTotal:        4016004 kB
MemFree:          118488 kB
Active:           402780 kB
Mem:          3.8G       3.7G       113M       5.7M        20M       3.3G

MemTotal:        4016004 kB
MemFree:          120696 kB
Active:           399560 kB
Mem:          3.8G       3.7G       114M       5.7M        20M       3.3G

MemTotal:        4016004 kB
MemFree:          129584 kB
Active:           397276 kB
Mem:          3.8G       3.7G       126M       5.7M        20M       3.3G

MemTotal:        4016004 kB
MemFree:          124196 kB
Active:           395248 kB
Mem:          3.8G       3.7G       119M       5.7M        20M       3.3G

MemTotal:        4016004 kB
MemFree:          119532 kB
Active:           393936 kB
Mem:          3.8G       3.7G       139M       5.7M        20M       3.2G

MemTotal:        4016004 kB
MemFree:          111696 kB
Active:           393324 kB
Mem:          3.8G       3.7G       109M       5.7M        20M       3.3G

MemTotal:        4016004 kB
MemFree:          109760 kB
Active:           391908 kB
Mem:          3.8G       3.7G       105M       5.7M        20M       3.3G

MemTotal:        4016004 kB
MemFree:          133124 kB
Active:           390656 kB
Mem:          3.8G       3.7G       130M       5.7M        20M       3.2G

MemTotal:        4016004 kB
MemFree:          126612 kB
Active:           390660 kB
Mem:          3.8G       3.7G       123M       5.7M        20M       3.3G

MemTotal:        4016004 kB
MemFree:          126396 kB
Active:           390640 kB
Mem:          3.8G       3.7G       123M       5.7M        20M       3.3G

MemTotal:        4016004 kB
MemFree:          123656 kB
Active:           390672 kB
Mem:          3.8G       3.7G       120M       5.7M        20M       3.3G

MemTotal:        4016004 kB
MemFree:          130572 kB
Active:           386808 kB
Mem:          3.8G       3.7G       124M       5.7M        20M       3.3G

MemTotal:        4016004 kB
MemFree:          132440 kB
Active:           383044 kB
Mem:          3.8G       3.7G       127M       5.7M        20M       3.3G

MemTotal:        4016004 kB
MemFree:          134616 kB
Active:           379800 kB
Mem:          3.8G       3.7G       129M       5.7M        20M       3.2G

MemTotal:        4016004 kB
MemFree:          119656 kB
Active:           381760 kB
Mem:          3.8G       3.7G       116M       5.7M        20M       3.3G

MemTotal:        4016004 kB
MemFree:          137556 kB
Active:           377604 kB
Mem:          3.8G       3.7G       132M       5.7M        20M       3.2G

MemTotal:        4016004 kB
MemFree:          117368 kB
Active:           375692 kB
Mem:          3.8G       3.7G       113M       5.7M        20M       3.3G

MemTotal:        4016004 kB
MemFree:          116392 kB
Active:           374496 kB
Mem:          3.8G       3.7G       110M       5.7M        20M       3.3G

MemTotal:        4016004 kB
MemFree:          130700 kB
Active:           369776 kB
Mem:          3.8G       3.7G       127M       5.7M        20M       3.2G

MemTotal:        4016004 kB
MemFree:          129228 kB
Active:           369784 kB
Mem:          3.8G       3.7G       126M       5.7M        20M       3.3G

MemTotal:        4016004 kB
MemFree:          129104 kB
Active:           369776 kB
Mem:          3.8G       3.7G       125M       5.7M        20M       3.3G

MemTotal:        4016004 kB
MemFree:          128892 kB
Active:           369740 kB
Mem:          3.8G       3.7G       125M       5.7M        20M       3.3G

MemTotal:        4016004 kB
MemFree:          128900 kB
Active:           369752 kB
Mem:          3.8G       3.7G       125M       5.7M        20M       3.3G

MemTotal:        4016004 kB
MemFree:          124384 kB
Active:           366696 kB
Mem:          3.8G       3.7G       119M       5.7M        20M       3.3G

MemTotal:        4016004 kB
MemFree:          132484 kB
Active:           365840 kB
Mem:          3.8G       3.7G       126M       5.7M        20M       3.3G

MemTotal:        4016004 kB
MemFree:          121720 kB
Active:           365668 kB
Mem:          3.8G       3.7G       127M       5.7M        20M       3.3G

MemTotal:        4016004 kB
MemFree:          127012 kB
Active:           365580 kB
Mem:          3.8G       3.7G       124M       5.7M        20M       3.3G

MemTotal:        4016004 kB
MemFree:          128284 kB
Active:           365580 kB
Mem:          3.8G       3.7G       124M       5.7M        20M       3.3G

MemTotal:        4016004 kB
MemFree:          118528 kB
Active:           365580 kB
Mem:          3.8G       3.7G       136M       5.7M        20M       3.2G

MemTotal:        4016004 kB
MemFree:          137056 kB
Active:           365572 kB
Mem:          3.8G       3.7G       134M       5.7M        20M       3.2G

MemTotal:        4016004 kB
MemFree:          137388 kB
Active:           365540 kB
Mem:          3.8G       3.7G       134M       5.7M        20M       3.2G

MemTotal:        4016004 kB
MemFree:          150572 kB
Active:           365560 kB
Mem:          3.8G       3.7G       146M       5.7M        20M       3.2G

MemTotal:        4016004 kB
MemFree:          149144 kB
Active:           365608 kB
Mem:          3.8G       3.7G       144M       5.7M        20M       3.2G

MemTotal:        4016004 kB
MemFree:          146356 kB
Active:           365576 kB
Mem:          3.8G       3.7G       142M       5.7M        20M       3.2G

MemTotal:        4016004 kB
MemFree:          144220 kB
Active:           365564 kB
Mem:          3.8G       3.7G       140M       5.7M        20M       3.2G

MemTotal:        4016004 kB
MemFree:          141728 kB
Active:           365584 kB
Mem:          3.8G       3.7G       138M       5.7M        20M       3.2G

MemTotal:        4016004 kB
MemFree:          125864 kB
Active:           365604 kB
Mem:          3.8G       3.7G       121M       5.7M        20M       3.3G

MemTotal:        4016004 kB
MemFree:          122012 kB
Active:           365588 kB
Mem:          3.8G       3.7G       116M       5.7M        20M       3.3G

MemTotal:        4016004 kB
MemFree:          132184 kB
Active:           364544 kB
Mem:          3.8G       3.7G       135M       5.7M        20M       3.2G

MemTotal:        4016004 kB
MemFree:          146468 kB
Active:           364544 kB
Mem:          3.8G       3.7G       142M       5.7M        20M       3.2G

MemTotal:        4016004 kB
MemFree:          126592 kB
Active:           364540 kB
Mem:          3.8G       3.7G       124M       5.7M        20M       3.3G

MemTotal:        4016004 kB
MemFree:          127312 kB
Active:           364560 kB
Mem:          3.8G       3.7G       123M       5.7M        20M       3.3G

MemTotal:        4016004 kB
MemFree:          114244 kB
Active:           363268 kB
Mem:          3.8G       3.7G       111M       5.7M        20M       3.3G

MemTotal:        4016004 kB
MemFree:          109484 kB
Active:           363244 kB
Mem:          3.8G       3.7G       102M       5.7M        20M       3.3G

MemTotal:        4016004 kB
MemFree:          130392 kB
Active:           365300 kB
Mem:          3.8G       3.7G       127M       5.7M        20M       3.2G

MemTotal:        4016004 kB
MemFree:          128436 kB
Active:           365268 kB
Mem:          3.8G       3.7G       125M       5.7M        20M       3.2G

MemTotal:        4016004 kB
MemFree:          125632 kB
Active:           365320 kB
Mem:          3.8G       3.7G       122M       5.7M        20M       3.3G

MemTotal:        4016004 kB
MemFree:          125856 kB
Active:           365312 kB
Mem:          3.8G       3.7G       122M       5.7M        20M       3.3G

MemTotal:        4016004 kB
MemFree:          119260 kB
Active:           365328 kB
Mem:          3.8G       3.7G       113M       5.7M        20M       3.3G

MemTotal:        4016004 kB
MemFree:          132008 kB
Active:           365192 kB
Mem:          3.8G       3.7G       126M       5.7M        20M       3.2G

MemTotal:        4016004 kB
MemFree:          111432 kB
Active:           363208 kB
Mem:          3.8G       3.7G       107M       5.7M        20M       3.3G

MemTotal:        4016004 kB
MemFree:          126824 kB
Active:           362908 kB
Mem:          3.8G       3.7G       123M       5.7M        20M       3.2G

MemTotal:        4016004 kB
MemFree:          136976 kB
Active:           362916 kB
Mem:          3.8G       3.7G       131M       5.7M        20M       3.2G

MemTotal:        4016004 kB
MemFree:          119644 kB
Active:           362908 kB
Mem:          3.8G       3.7G       114M       5.7M        20M       3.3G

MemTotal:        4016004 kB
MemFree:          133944 kB
Active:           362928 kB
Mem:          3.8G       3.7G       131M       5.7M        20M       3.2G

MemTotal:        4016004 kB
MemFree:          126920 kB
Active:           362020 kB
Mem:          3.8G       3.7G       123M       5.7M        20M       3.2G

MemTotal:        4016004 kB
MemFree:          125404 kB
Active:           362036 kB
Mem:          3.8G       3.7G       122M       5.7M        20M       3.3G

MemTotal:        4016004 kB
MemFree:          125316 kB
Active:           362072 kB
Mem:          3.8G       3.7G       122M       5.7M        20M       3.3G

MemTotal:        4016004 kB
MemFree:          125384 kB
Active:           362080 kB
Mem:          3.8G       3.7G       122M       5.7M        20M       3.3G

MemTotal:        4016004 kB
MemFree:          125396 kB
Active:           362036 kB
Mem:          3.8G       3.7G       119M       5.7M        20M       3.3G

MemTotal:        4016004 kB
MemFree:          131844 kB
Active:           362088 kB
Mem:          3.8G       3.7G       126M       5.7M        20M       3.2G

MemTotal:        4016004 kB
MemFree:          139628 kB
Active:           362072 kB
Mem:          3.8G       3.7G       136M       5.7M        20M       3.2G

MemTotal:        4016004 kB
MemFree:          128948 kB
Active:           359880 kB
Mem:          3.8G       3.7G       125M       5.7M        20M       3.2G

MemTotal:        4016004 kB
MemFree:          116556 kB
Active:           359864 kB
Mem:          3.8G       3.7G       114M       5.7M        20M       3.3G

MemTotal:        4016004 kB
MemFree:          112028 kB
Active:           361268 kB
Mem:          3.8G       3.7G       107M       5.7M        20M       3.3G

MemTotal:        4016004 kB
MemFree:          118628 kB
Active:           361284 kB
Mem:          3.8G       3.7G       114M       5.7M        20M       3.3G

MemTotal:        4016004 kB
MemFree:          146964 kB
Active:           361300 kB
Mem:          3.8G       3.7G       140M       5.7M        20M       3.2G

MemTotal:        4016004 kB
MemFree:          135704 kB
Active:           361296 kB
Mem:          3.8G       3.7G       131M       5.7M        20M       3.2G

MemTotal:        4016004 kB
MemFree:          127540 kB
Active:           361284 kB
Mem:          3.8G       3.7G       124M       5.7M        20M       3.2G

MemTotal:        4016004 kB
MemFree:          126620 kB
Active:           361312 kB
Mem:          3.8G       3.7G       123M       5.7M        20M       3.2G

MemTotal:        4016004 kB
MemFree:          125628 kB
Active:           361308 kB
Mem:          3.8G       3.7G       122M       5.7M        20M       3.2G

MemTotal:        4016004 kB
MemFree:          130300 kB
Active:           354764 kB
Mem:          3.8G       3.7G       126M       5.7M        20M       3.2G

MemTotal:        4016004 kB
MemFree:          151356 kB
Active:           354632 kB
Mem:          3.8G       3.7G       147M       5.7M        20M       3.2G

MemTotal:        4016004 kB
MemFree:          122044 kB
Active:           354620 kB
Mem:          3.8G       3.7G       118M       5.7M        20M       3.3G

MemTotal:        4016004 kB
MemFree:          116340 kB
Active:           354644 kB
Mem:          3.8G       3.7G       112M       5.7M        20M       3.3G

MemTotal:        4016004 kB
MemFree:          106000 kB
Active:           354628 kB
Mem:          3.8G       3.7G       120M       5.7M        20M       3.2G

MemTotal:        4016004 kB
MemFree:          114648 kB
Active:           352956 kB
Mem:          3.8G       3.7G       112M       5.7M        20M       3.3G

MemTotal:        4016004 kB
MemFree:          133240 kB
Active:           352972 kB
Mem:          3.8G       3.7G       130M       5.7M        20M       3.2G

MemTotal:        4016004 kB
MemFree:          118932 kB
Active:           352968 kB
Mem:          3.8G       3.7G       112M       5.7M        20M       3.3G

MemTotal:        4016004 kB
MemFree:          136568 kB
Active:           352972 kB
Mem:          3.8G       3.7G       133M       5.7M        20M       3.2G

MemTotal:        4016004 kB
MemFree:          105020 kB
Active:           352924 kB
Mem:          3.8G       3.7G       102M       5.7M        20M       3.3G

MemTotal:        4016004 kB
MemFree:          126276 kB
Active:           352996 kB
Mem:          3.8G       3.7G       123M       5.7M        20M       3.2G

MemTotal:        4016004 kB
MemFree:          126092 kB
Active:           352976 kB
Mem:          3.8G       3.7G       123M       5.7M        20M       3.2G

MemTotal:        4016004 kB
MemFree:          123520 kB
Active:           352972 kB
Mem:          3.8G       3.7G       120M       5.7M        20M       3.2G

MemTotal:        4016004 kB
MemFree:          117016 kB
Active:           355044 kB
Mem:          3.8G       3.7G       112M       5.7M        20M       3.3G

MemTotal:        4016004 kB
MemFree:          129408 kB
Active:           355172 kB
Mem:          3.8G       3.7G       126M       5.7M        20M       3.2G

MemTotal:        4016004 kB
MemFree:          113360 kB
Active:           352976 kB
Mem:          3.8G       3.7G       108M       5.7M        20M       3.3G

MemTotal:        4016004 kB
MemFree:          130404 kB
Active:           352988 kB
Mem:          3.8G       3.7G       127M       5.7M        20M       3.2G

MemTotal:        4016004 kB
MemFree:          120528 kB
Active:           353088 kB
Mem:          3.8G       3.7G       117M       5.7M        20M       3.2G

MemTotal:        4016004 kB
MemFree:          139356 kB
Active:           353128 kB
Mem:          3.8G       3.7G       136M       5.7M        20M       3.2G

MemTotal:        4016004 kB
MemFree:          127196 kB
Active:           353200 kB
Mem:          3.8G       3.7G       124M       5.7M        20M       3.2G

MemTotal:        4016004 kB
MemFree:          124396 kB
Active:           353352 kB
Mem:          3.8G       3.7G       120M       5.7M        20M       3.2G

MemTotal:        4016004 kB
MemFree:          129864 kB
Active:           353292 kB
Mem:          3.8G       3.7G       126M       5.7M        20M       3.2G

MemTotal:        4016004 kB
MemFree:          129028 kB
Active:           353308 kB
Mem:          3.8G       3.7G       125M       5.7M        20M       3.2G

MemTotal:        4016004 kB
MemFree:          128536 kB
Active:           353356 kB
Mem:          3.8G       3.7G       125M       5.7M        20M       3.2G

MemTotal:        4016004 kB
MemFree:          128912 kB
Active:           353280 kB
Mem:          3.8G       3.7G       125M       5.7M        20M       3.2G

MemTotal:        4016004 kB
MemFree:          120748 kB
Active:           353628 kB
Mem:          3.8G       3.7G       113M       5.7M        20M       3.3G

MemTotal:        4016004 kB
MemFree:          110436 kB
Active:           350160 kB
Mem:          3.8G       3.7G       106M       5.7M        20M       3.3G

MemTotal:        4016004 kB
MemFree:          130376 kB
Active:           350152 kB
Mem:          3.8G       3.7G       125M       5.7M        20M       3.2G

MemTotal:        4016004 kB
MemFree:          133876 kB
Active:           350172 kB
Mem:          3.8G       3.7G       129M       5.7M        20M       3.2G

MemTotal:        4016004 kB
MemFree:          130104 kB
Active:           350196 kB
Mem:          3.8G       3.7G       124M       5.7M        20M       3.2G

MemTotal:        4016004 kB
MemFree:          137340 kB
Active:           350156 kB
Mem:          3.8G       3.7G       131M       5.7M        20M       3.2G

MemTotal:        4016004 kB
MemFree:          126844 kB
Active:           350188 kB
Mem:          3.8G       3.7G       123M       5.7M        20M       3.2G

MemTotal:        4016004 kB
MemFree:          125884 kB
Active:           350192 kB
Mem:          3.8G       3.7G       122M       5.7M        20M       3.2G

MemTotal:        4016004 kB
MemFree:          136584 kB
Active:           350164 kB
Mem:          3.8G       3.7G       133M       5.7M        20M       3.2G

MemTotal:        4016004 kB
MemFree:          134716 kB
Active:           350212 kB
Mem:          3.8G       3.7G       131M       5.7M        20M       3.2G

MemTotal:        4016004 kB
MemFree:          132736 kB
Active:           350228 kB
Mem:          3.8G       3.7G       129M       5.7M        20M       3.2G

MemTotal:        4016004 kB
MemFree:          139616 kB
Active:           348840 kB
Mem:          3.8G       3.7G       133M       5.7M        20M       3.2G

MemTotal:        4016004 kB
MemFree:          136716 kB
Active:           348752 kB
Mem:          3.8G       3.7G       130M       5.7M        20M       3.2G

MemTotal:        4016004 kB
MemFree:          145448 kB
Active:           348740 kB
Mem:          3.8G       3.7G       142M       5.7M        20M       3.2G

MemTotal:        4016004 kB
MemFree:          136304 kB
Active:           348760 kB
Mem:          3.8G       3.7G       133M       5.7M        20M       3.2G

MemTotal:        4016004 kB
MemFree:          136300 kB
Active:           348756 kB
Mem:          3.8G       3.7G       132M       5.7M        20M       3.2G

MemTotal:        4016004 kB
MemFree:          129760 kB
Active:           348760 kB
Mem:          3.8G       3.7G       124M       5.7M        20M       3.2G

MemTotal:        4016004 kB
MemFree:          124484 kB
Active:           348772 kB
Mem:          3.8G       3.7G       121M       5.7M        20M       3.2G

MemTotal:        4016004 kB
MemFree:          125956 kB
Active:           348776 kB
Mem:          3.8G       3.7G       120M       5.7M        20M       3.2G

MemTotal:        4016004 kB
MemFree:          121736 kB
Active:           348788 kB
Mem:          3.8G       3.7G       118M       5.7M        20M       3.2G

MemTotal:        4016004 kB
MemFree:          128304 kB
Active:           344576 kB
Mem:          3.8G       3.7G       125M       5.7M        20M       3.2G

MemTotal:        4016004 kB
MemFree:          127404 kB
Active:           344616 kB
Mem:          3.8G       3.7G       124M       5.7M        20M       3.2G

MemTotal:        4016004 kB
MemFree:          125328 kB
Active:           344620 kB
Mem:          3.8G       3.7G       122M       5.7M        20M       3.2G

MemTotal:        4016004 kB
MemFree:          125336 kB
Active:           344620 kB
Mem:          3.8G       3.7G       122M       5.7M        20M       3.2G

MemTotal:        4016004 kB
MemFree:          106728 kB
Active:           344608 kB
Mem:          3.8G       3.7G       108M       5.7M        20M       3.3G

MemTotal:        4016004 kB
MemFree:          126652 kB
Active:           344612 kB
Mem:          3.8G       3.7G       121M       5.7M        20M       3.2G

MemTotal:        4016004 kB
MemFree:          128952 kB
Active:           344620 kB
Mem:          3.8G       3.7G       135M       5.7M        20M       3.2G

MemTotal:        4016004 kB
MemFree:          120932 kB
Active:           344608 kB
Mem:          3.8G       3.7G       115M       5.7M        20M       3.2G

MemTotal:        4016004 kB
MemFree:          138004 kB
Active:           346656 kB
Mem:          3.8G       3.7G       134M       5.7M        20M       3.2G

MemTotal:        4016004 kB
MemFree:          135224 kB
Active:           346648 kB
Mem:          3.8G       3.7G       132M       5.7M        20M       3.2G

MemTotal:        4016004 kB
MemFree:          113852 kB
Active:           346612 kB
Mem:          3.8G       3.7G       108M       5.7M        20M       3.3G

MemTotal:        4016004 kB
MemFree:          124776 kB
Active:           346644 kB
Mem:          3.8G       3.7G       122M       5.7M        20M       3.2G

MemTotal:        4016004 kB
MemFree:          107556 kB
Active:           346652 kB
Mem:          3.8G       3.7G       105M       5.7M        20M       3.3G

MemTotal:        4016004 kB
MemFree:          106468 kB
Active:           346672 kB
Mem:          3.8G       3.7G       103M       5.7M        20M       3.3G

MemTotal:        4016004 kB
MemFree:          106052 kB
Active:           346692 kB
Mem:          3.8G       3.7G       103M       5.7M        20M       3.3G

MemTotal:        4016004 kB
MemFree:          106928 kB
Active:           346668 kB
Mem:          3.8G       3.7G       104M       5.7M        20M       3.3G

MemTotal:        4016004 kB
MemFree:          151000 kB
Active:           346676 kB
Mem:          3.8G       3.7G       145M       5.7M        20M       3.2G

MemTotal:        4016004 kB
MemFree:          117000 kB
Active:           346616 kB
Mem:          3.8G       3.7G       112M       5.7M        20M       3.2G

MemTotal:        4016004 kB
MemFree:          122308 kB
Active:           346628 kB
Mem:          3.8G       3.7G       128M       5.7M        20M       3.2G

MemTotal:        4016004 kB
MemFree:          107380 kB
Active:           346448 kB
Mem:          3.8G       3.7G       104M       5.7M        20M       3.3G

MemTotal:        4016004 kB
MemFree:          106916 kB
Active:           346280 kB
Mem:          3.8G       3.7G       104M       5.7M        20M       3.3G

MemTotal:        4016004 kB
MemFree:          106916 kB
Active:           346292 kB
Mem:          3.8G       3.7G       104M       5.7M        20M       3.3G

MemTotal:        4016004 kB
MemFree:          106916 kB
Active:           346284 kB
Mem:          3.8G       3.7G       104M       5.7M        20M       3.3G

MemTotal:        4016004 kB
MemFree:          106916 kB
Active:           346296 kB
Mem:          3.8G       3.7G       104M       5.7M        20M       3.3G

MemTotal:        4016004 kB
MemFree:          106720 kB
Active:           346300 kB
Mem:          3.8G       3.7G       104M       5.7M        20M       3.3G

MemTotal:        4016004 kB
MemFree:          106536 kB
Active:           346312 kB
Mem:          3.8G       3.7G       104M       5.7M        20M       3.3G

MemTotal:        4016004 kB
MemFree:          106040 kB
Active:           346356 kB
Mem:          3.8G       3.7G       103M       5.7M        20M       3.3G

MemTotal:        4016004 kB
MemFree:          106348 kB
Active:           345904 kB
Mem:          3.8G       3.7G       104M       5.7M        20M       3.3G

MemTotal:        4016004 kB
MemFree:          106600 kB
Active:           347904 kB
Mem:          3.8G       3.7G       104M       5.7M        20M       3.3G

MemTotal:        4016004 kB
MemFree:          106600 kB
Active:           347912 kB
Mem:          3.8G       3.7G       103M       5.7M        20M       3.3G

MemTotal:        4016004 kB
MemFree:          106724 kB
Active:           347920 kB
Mem:          3.8G       3.7G       104M       5.7M        20M       3.3G

MemTotal:        4016004 kB
MemFree:          106724 kB
Active:           347928 kB
Mem:          3.8G       3.7G       104M       5.7M        20M       3.3G

MemTotal:        4016004 kB
MemFree:          106724 kB
Active:           347936 kB
Mem:          3.8G       3.7G       104M       5.7M        20M       3.3G

MemTotal:        4016004 kB
MemFree:          106724 kB
Active:           347952 kB
Mem:          3.8G       3.7G       104M       5.7M        20M       3.3G

MemTotal:        4016004 kB
MemFree:          106600 kB
Active:           347916 kB
Mem:          3.8G       3.7G       104M       5.7M        20M       3.3G

MemTotal:        4016004 kB
MemFree:          106724 kB
Active:           347936 kB
Mem:          3.8G       3.7G       104M       5.7M        20M       3.3G

MemTotal:        4016004 kB
MemFree:          106724 kB
Active:           347956 kB
Mem:          3.8G       3.7G       104M       5.7M        20M       3.3G

MemTotal:        4016004 kB
MemFree:          106600 kB
Active:           347952 kB
Mem:          3.8G       3.7G       104M       5.7M        20M       3.3G

MemTotal:        4016004 kB
MemFree:          106600 kB
Active:           347952 kB
Mem:          3.8G       3.7G       104M       5.7M        20M       3.3G

MemTotal:        4016004 kB
MemFree:          106228 kB
Active:           347988 kB
Mem:          3.8G       3.7G       104M       5.7M        20M       3.3G

MemTotal:        4016004 kB
MemFree:          106600 kB
Active:           347964 kB
Mem:          3.8G       3.7G       104M       5.7M        20M       3.3G

MemTotal:        4016004 kB
MemFree:          106600 kB
Active:           347972 kB
Mem:          3.8G       3.7G       104M       5.7M        20M       3.3G

MemTotal:        4016004 kB
MemFree:          106600 kB
Active:           347968 kB
Mem:          3.8G       3.7G       104M       5.7M        20M       3.3G

MemTotal:        4016004 kB
MemFree:          106104 kB
Active:           347988 kB
Mem:          3.8G       3.7G       104M       5.7M        20M       3.3G

MemTotal:        4016004 kB
MemFree:          106352 kB
Active:           347988 kB
Mem:          3.8G       3.7G       104M       5.7M        20M       3.3G

MemTotal:        4016004 kB
MemFree:          106724 kB
Active:           347952 kB
Mem:          3.8G       3.7G       104M       5.7M        20M       3.3G

MemTotal:        4016004 kB
MemFree:          106724 kB
Active:           347936 kB
Mem:          3.8G       3.7G       104M       5.7M        20M       3.3G

MemTotal:        4016004 kB
MemFree:          106724 kB
Active:           347952 kB
Mem:          3.8G       3.7G       104M       5.7M        20M       3.3G

MemTotal:        4016004 kB
MemFree:          106724 kB
Active:           347948 kB
Mem:          3.8G       3.7G       104M       5.7M        20M       3.3G

MemTotal:        4016004 kB
MemFree:          106476 kB
Active:           347964 kB
Mem:          3.8G       3.7G       103M       5.7M        20M       3.3G

MemTotal:        4016004 kB
MemFree:          106476 kB
Active:           347984 kB
Mem:          3.8G       3.7G       103M       5.7M        20M       3.3G

MemTotal:        4016004 kB
MemFree:          106600 kB
Active:           347976 kB
Mem:          3.8G       3.7G       103M       5.7M        20M       3.3G

MemTotal:        4016004 kB
MemFree:          106476 kB
Active:           347952 kB
Mem:          3.8G       3.7G       104M       5.7M        20M       3.3G

MemTotal:        4016004 kB
MemFree:          106476 kB
Active:           347960 kB
Mem:          3.8G       3.7G       104M       5.7M        20M       3.3G

MemTotal:        4016004 kB
MemFree:          106600 kB
Active:           347984 kB
Mem:          3.8G       3.7G       104M       5.7M        20M       3.3G

MemTotal:        4016004 kB
MemFree:          106600 kB
Active:           347980 kB
Mem:          3.8G       3.7G       104M       5.7M        20M       3.3G

MemTotal:        4016004 kB
MemFree:          106600 kB
Active:           347980 kB
Mem:          3.8G       3.7G       104M       5.7M        20M       3.3G

MemTotal:        4016004 kB
MemFree:          106600 kB
Active:           347996 kB
Mem:          3.8G       3.7G       104M       5.7M        20M       3.3G

MemTotal:        4016004 kB
MemFree:          106476 kB
Active:           347996 kB
Mem:          3.8G       3.7G       104M       5.7M        20M       3.3G

MemTotal:        4016004 kB
MemFree:          106476 kB
Active:           347956 kB
Mem:          3.8G       3.7G       103M       5.7M        20M       3.3G

MemTotal:        4016004 kB
MemFree:          106600 kB
Active:           347996 kB
Mem:          3.8G       3.7G       103M       5.7M        20M       3.3G

MemTotal:        4016004 kB
MemFree:          106600 kB
Active:           347992 kB
Mem:          3.8G       3.7G       103M       5.7M        20M       3.3G

MemTotal:        4016004 kB
MemFree:          106600 kB
Active:           347992 kB
Mem:          3.8G       3.7G       103M       5.7M        20M       3.3G

MemTotal:        4016004 kB
MemFree:          106600 kB
Active:           347992 kB
Mem:          3.8G       3.7G       104M       5.7M        20M       3.3G

MemTotal:        4016004 kB
MemFree:          106600 kB
Active:           347980 kB
Mem:          3.8G       3.7G       103M       5.7M        20M       3.3G

MemTotal:        4016004 kB
MemFree:          106476 kB
Active:           347968 kB
Mem:          3.8G       3.7G       104M       5.7M        20M       3.3G

MemTotal:        4016004 kB
MemFree:          106476 kB
Active:           347988 kB
Mem:          3.8G       3.7G       104M       5.7M        20M       3.3G

MemTotal:        4016004 kB
MemFree:          107096 kB
Active:           347976 kB
Mem:          3.8G       3.7G       104M       5.7M        20M       3.3G

MemTotal:        4016004 kB
MemFree:          106600 kB
Active:           348000 kB
Mem:          3.8G       3.7G       104M       5.7M        20M       3.3G

MemTotal:        4016004 kB
MemFree:          106600 kB
Active:           347988 kB
Mem:          3.8G       3.7G       104M       5.7M        20M       3.3G

MemTotal:        4016004 kB
MemFree:          106476 kB
Active:           347996 kB
Mem:          3.8G       3.7G       104M       5.7M        20M       3.3G

MemTotal:        4016004 kB
MemFree:          106600 kB
Active:           348004 kB
Mem:          3.8G       3.7G       103M       5.7M        20M       3.3G

MemTotal:        4016004 kB
MemFree:          106476 kB
Active:           347992 kB
Mem:          3.8G       3.7G       104M       5.7M        20M       3.3G

MemTotal:        4016004 kB
MemFree:          106476 kB
Active:           348016 kB
Mem:          3.8G       3.7G       104M       5.7M        20M       3.3G

MemTotal:        4016004 kB
MemFree:          106476 kB
Active:           348004 kB
Mem:          3.8G       3.7G       104M       5.7M        20M       3.3G

MemTotal:        4016004 kB
MemFree:          106476 kB
Active:           348016 kB
Mem:          3.8G       3.7G       104M       5.7M        20M       3.3G

MemTotal:        4016004 kB
MemFree:          106600 kB
Active:           348028 kB
Mem:          3.8G       3.7G       104M       5.7M        20M       3.3G

MemTotal:        4016004 kB
MemFree:          106724 kB
Active:           348012 kB
Mem:          3.8G       3.7G       104M       5.7M        20M       3.3G

MemTotal:        4016004 kB
MemFree:          106724 kB
Active:           348000 kB
Mem:          3.8G       3.7G       104M       5.7M        20M       3.3G

MemTotal:        4016004 kB
MemFree:          106600 kB
Active:           348016 kB
Mem:          3.8G       3.7G       104M       5.7M        20M       3.3G

MemTotal:        4016004 kB
MemFree:          106600 kB
Active:           347988 kB
Mem:          3.8G       3.7G       104M       5.7M        20M       3.3G

MemTotal:        4016004 kB
MemFree:          106600 kB
Active:           347992 kB
Mem:          3.8G       3.7G       103M       5.7M        20M       3.3G

MemTotal:        4016004 kB
MemFree:          106600 kB
Active:           347988 kB
Mem:          3.8G       3.7G       103M       5.7M        20M       3.3G

MemTotal:        4016004 kB
MemFree:          106600 kB
Active:           347988 kB
Mem:          3.8G       3.7G       103M       5.7M        20M       3.3G

MemTotal:        4016004 kB
MemFree:          106476 kB
Active:           348048 kB
Mem:          3.8G       3.7G       104M       5.7M        20M       3.3G

MemTotal:        4016004 kB
MemFree:          106352 kB
Active:           348032 kB
Mem:          3.8G       3.7G       104M       5.7M        20M       3.3G

MemTotal:        4016004 kB
MemFree:          106600 kB
Active:           348020 kB
Mem:          3.8G       3.7G       103M       5.7M        20M       3.3G

MemTotal:        4016004 kB
MemFree:          106724 kB
Active:           348016 kB
Mem:          3.8G       3.7G       104M       5.7M        20M       3.3G

MemTotal:        4016004 kB
MemFree:          106600 kB
Active:           348024 kB
Mem:          3.8G       3.7G       103M       5.7M        20M       3.3G

MemTotal:        4016004 kB
MemFree:          106600 kB
Active:           348028 kB
Mem:          3.8G       3.7G       103M       5.7M        20M       3.3G

MemTotal:        4016004 kB
MemFree:          106600 kB
Active:           348052 kB
Mem:          3.8G       3.7G       104M       5.7M        20M       3.3G

MemTotal:        4016004 kB
MemFree:          107344 kB
Active:           348040 kB
Mem:          3.8G       3.7G       104M       5.7M        20M       3.3G

MemTotal:        4016004 kB
MemFree:          106972 kB
Active:           348052 kB
Mem:          3.8G       3.7G       104M       5.7M        20M       3.3G

MemTotal:        4016004 kB
MemFree:          106972 kB
Active:           348068 kB
Mem:          3.8G       3.7G       104M       5.7M        20M       3.3G

MemTotal:        4016004 kB
MemFree:          106600 kB
Active:           348052 kB
Mem:          3.8G       3.7G       103M       5.7M        20M       3.3G

MemTotal:        4016004 kB
MemFree:          106600 kB
Active:           348060 kB
Mem:          3.8G       3.7G       104M       5.7M        20M       3.3G

MemTotal:        4016004 kB
MemFree:          106600 kB
Active:           348052 kB
Mem:          3.8G       3.7G       104M       5.7M        20M       3.3G

MemTotal:        4016004 kB
MemFree:          106600 kB
Active:           348048 kB
Mem:          3.8G       3.7G       103M       5.7M        20M       3.3G

MemTotal:        4016004 kB
MemFree:          106972 kB
Active:           348068 kB
Mem:          3.8G       3.7G       104M       5.7M        20M       3.3G

MemTotal:        4016004 kB
MemFree:          106724 kB
Active:           348060 kB
Mem:          3.8G       3.7G       104M       5.7M        20M       3.3G

MemTotal:        4016004 kB
MemFree:          106724 kB
Active:           348080 kB
Mem:          3.8G       3.7G       104M       5.7M        20M       3.3G

MemTotal:        4016004 kB
MemFree:          106600 kB
Active:           348072 kB
Mem:          3.8G       3.7G       104M       5.7M        20M       3.3G

MemTotal:        4016004 kB
MemFree:          106476 kB
Active:           348080 kB
Mem:          3.8G       3.7G       104M       5.7M        20M       3.3G

MemTotal:        4016004 kB
MemFree:          106600 kB
Active:           348072 kB
Mem:          3.8G       3.7G       103M       5.7M        20M       3.3G

MemTotal:        4016004 kB
MemFree:          106600 kB
Active:           348080 kB
Mem:          3.8G       3.7G       103M       5.7M        20M       3.3G

MemTotal:        4016004 kB
MemFree:          106600 kB
Active:           348040 kB
Mem:          3.8G       3.7G       103M       5.7M        20M       3.3G

MemTotal:        4016004 kB
MemFree:          106476 kB
Active:           348064 kB
Mem:          3.8G       3.7G       104M       5.7M        20M       3.3G

MemTotal:        4016004 kB
MemFree:          104428 kB
Active:           348064 kB
Mem:          3.8G       3.7G       125M       5.7M        20M       3.2G

MemTotal:        4016004 kB
MemFree:          128856 kB
Active:           346728 kB
Mem:          3.8G       3.7G       125M       5.7M        20M       3.2G

MemTotal:        4016004 kB
MemFree:          128608 kB
Active:           346692 kB
Mem:          3.8G       3.7G       125M       5.7M        20M       3.2G

MemTotal:        4016004 kB
MemFree:          128484 kB
Active:           346692 kB
Mem:          3.8G       3.7G       125M       5.7M        20M       3.2G

MemTotal:        4016004 kB
MemFree:          128484 kB
Active:           346708 kB
Mem:          3.8G       3.7G       125M       5.7M        20M       3.2G

MemTotal:        4016004 kB
MemFree:          128360 kB
Active:           346712 kB
Mem:          3.8G       3.7G       125M       5.7M        20M       3.2G

MemTotal:        4016004 kB
MemFree:          128608 kB
Active:           346696 kB
Mem:          3.8G       3.7G       125M       5.7M        20M       3.2G

MemTotal:        4016004 kB
MemFree:          128484 kB
Active:           346700 kB
Mem:          3.8G       3.7G       125M       5.7M        20M       3.2G

MemTotal:        4016004 kB
MemFree:          128236 kB
Active:           346708 kB
Mem:          3.8G       3.7G       125M       5.7M        20M       3.2G

MemTotal:        4016004 kB
MemFree:          128360 kB
Active:           346712 kB
Mem:          3.8G       3.7G       125M       5.7M        20M       3.2G

MemTotal:        4016004 kB
MemFree:          128484 kB
Active:           346740 kB
Mem:          3.8G       3.7G       125M       5.7M        20M       3.2G

MemTotal:        4016004 kB
MemFree:          128484 kB
Active:           346700 kB
Mem:          3.8G       3.7G       125M       5.7M        20M       3.2G

MemTotal:        4016004 kB
MemFree:          128360 kB
Active:           346728 kB
Mem:          3.8G       3.7G       125M       5.7M        20M       3.2G

MemTotal:        4016004 kB
MemFree:          128732 kB
Active:           346720 kB
Mem:          3.8G       3.7G       125M       5.7M        20M       3.2G

MemTotal:        4016004 kB
MemFree:          128112 kB
Active:           346764 kB
Mem:          3.8G       3.7G       125M       5.7M        20M       3.2G

MemTotal:        4016004 kB
MemFree:          127988 kB
Active:           346764 kB
Mem:          3.8G       3.7G       125M       5.7M        20M       3.2G

MemTotal:        4016004 kB
MemFree:          127988 kB
Active:           346716 kB
Mem:          3.8G       3.7G       125M       5.7M        20M       3.2G

MemTotal:        4016004 kB
MemFree:          127988 kB
Active:           346740 kB
Mem:          3.8G       3.7G       124M       5.7M        20M       3.2G

MemTotal:        4016004 kB
MemFree:          128112 kB
Active:           346752 kB
Mem:          3.8G       3.7G       124M       5.7M        20M       3.2G

MemTotal:        4016004 kB
MemFree:          128112 kB
Active:           346716 kB
Mem:          3.8G       3.7G       124M       5.7M        20M       3.2G

MemTotal:        4016004 kB
MemFree:          127988 kB
Active:           346744 kB
Mem:          3.8G       3.7G       124M       5.7M        20M       3.2G

MemTotal:        4016004 kB
MemFree:          128484 kB
Active:           346716 kB
Mem:          3.8G       3.7G       125M       5.7M        20M       3.2G

MemTotal:        4016004 kB
MemFree:          128360 kB
Active:           346724 kB
Mem:          3.8G       3.7G       125M       5.7M        20M       3.2G

MemTotal:        4016004 kB
MemFree:          128360 kB
Active:           346744 kB
Mem:          3.8G       3.7G       125M       5.7M        20M       3.2G

MemTotal:        4016004 kB
MemFree:          128360 kB
Active:           346748 kB
Mem:          3.8G       3.7G       125M       5.7M        20M       3.2G

MemTotal:        4016004 kB
MemFree:          128856 kB
Active:           346720 kB
Mem:          3.8G       3.7G       125M       5.7M        20M       3.2G

MemTotal:        4016004 kB
MemFree:          128484 kB
Active:           346780 kB
Mem:          3.8G       3.7G       125M       5.7M        20M       3.2G

MemTotal:        4016004 kB
MemFree:          128500 kB
Active:           346732 kB
Mem:          3.8G       3.7G       125M       5.7M        20M       3.2G

MemTotal:        4016004 kB
MemFree:          128376 kB
Active:           346744 kB
Mem:          3.8G       3.7G       125M       5.7M        20M       3.2G

MemTotal:        4016004 kB
MemFree:          128500 kB
Active:           346768 kB
Mem:          3.8G       3.7G       125M       5.7M        20M       3.2G

MemTotal:        4016004 kB
MemFree:          128500 kB
Active:           346784 kB
Mem:          3.8G       3.7G       125M       5.7M        20M       3.2G

MemTotal:        4016004 kB
MemFree:          128500 kB
Active:           346772 kB
Mem:          3.8G       3.7G       125M       5.7M        20M       3.2G

MemTotal:        4016004 kB
MemFree:          128376 kB
Active:           346780 kB
Mem:          3.8G       3.7G       125M       5.7M        20M       3.2G

MemTotal:        4016004 kB
MemFree:          128376 kB
Active:           346788 kB
Mem:          3.8G       3.7G       125M       5.7M        20M       3.2G

MemTotal:        4016004 kB
MemFree:          128376 kB
Active:           346780 kB
Mem:          3.8G       3.7G       125M       5.7M        20M       3.2G

MemTotal:        4016004 kB
MemFree:          128624 kB
Active:           346784 kB
Mem:          3.8G       3.7G       125M       5.7M        20M       3.2G

MemTotal:        4016004 kB
MemFree:          128624 kB
Active:           346792 kB
Mem:          3.8G       3.7G       125M       5.7M        20M       3.2G

MemTotal:        4016004 kB
MemFree:          128624 kB
Active:           346748 kB
Mem:          3.8G       3.7G       125M       5.7M        20M       3.2G

MemTotal:        4016004 kB
MemFree:          128376 kB
Active:           346776 kB
Mem:          3.8G       3.7G       125M       5.7M        20M       3.2G

MemTotal:        4016004 kB
MemFree:          128376 kB
Active:           346788 kB
Mem:          3.8G       3.7G       125M       5.7M        20M       3.2G

MemTotal:        4016004 kB
MemFree:          128376 kB
Active:           346812 kB
Mem:          3.8G       3.7G       125M       5.7M        20M       3.2G

MemTotal:        4016004 kB
MemFree:          128376 kB
Active:           346788 kB
Mem:          3.8G       3.7G       125M       5.7M        20M       3.2G

MemTotal:        4016004 kB
MemFree:          128376 kB
Active:           346812 kB
Mem:          3.8G       3.7G       125M       5.7M        20M       3.2G

MemTotal:        4016004 kB
MemFree:          128376 kB
Active:           346808 kB
Mem:          3.8G       3.7G       125M       5.7M        20M       3.2G

MemTotal:        4016004 kB
MemFree:          128376 kB
Active:           346804 kB
Mem:          3.8G       3.7G       125M       5.7M        20M       3.2G

MemTotal:        4016004 kB
MemFree:          128252 kB
Active:           346800 kB
Mem:          3.8G       3.7G       125M       5.7M        20M       3.2G

MemTotal:        4016004 kB
MemFree:          128500 kB
Active:           346808 kB
Mem:          3.8G       3.7G       125M       5.7M        20M       3.2G

MemTotal:        4016004 kB
MemFree:          128624 kB
Active:           346808 kB
Mem:          3.8G       3.7G       125M       5.7M        20M       3.2G

MemTotal:        4016004 kB
MemFree:          128748 kB
Active:           346808 kB
Mem:          3.8G       3.7G       125M       5.7M        20M       3.2G

MemTotal:        4016004 kB
MemFree:          128376 kB
Active:           346828 kB
Mem:          3.8G       3.7G       125M       5.7M        20M       3.2G

MemTotal:        4016004 kB
MemFree:          128376 kB
Active:           346840 kB
Mem:          3.8G       3.7G       125M       5.7M        20M       3.2G

MemTotal:        4016004 kB
MemFree:          128252 kB
Active:           346784 kB
Mem:          3.8G       3.7G       125M       5.7M        20M       3.2G

MemTotal:        4016004 kB
MemFree:          128252 kB
Active:           346840 kB
Mem:          3.8G       3.7G       125M       5.7M        21M       3.2G

MemTotal:        4016004 kB
MemFree:          128004 kB
Active:           346924 kB
Mem:          3.8G       3.7G       125M       5.7M        21M       3.2G

MemTotal:        4016004 kB
MemFree:          128252 kB
Active:           346980 kB
Mem:          3.8G       3.7G       124M       5.7M        21M       3.2G

MemTotal:        4016004 kB
MemFree:          128128 kB
Active:           346976 kB
Mem:          3.8G       3.7G       124M       5.7M        21M       3.2G

MemTotal:        4016004 kB
MemFree:          128252 kB
Active:           346980 kB
Mem:          3.8G       3.7G       125M       5.7M        21M       3.2G

MemTotal:        4016004 kB
MemFree:          128236 kB
Active:           346960 kB
Mem:          3.8G       3.7G       125M       5.7M        21M       3.2G

MemTotal:        4016004 kB
MemFree:          128732 kB
Active:           346964 kB
Mem:          3.8G       3.7G       125M       5.7M        21M       3.2G

MemTotal:        4016004 kB
MemFree:          128484 kB
Active:           346996 kB
Mem:          3.8G       3.7G       125M       5.7M        21M       3.2G

MemTotal:        4016004 kB
MemFree:          128236 kB
Active:           346968 kB
Mem:          3.8G       3.7G       125M       5.7M        21M       3.2G

MemTotal:        4016004 kB
MemFree:          128484 kB
Active:           346956 kB
Mem:          3.8G       3.7G       125M       5.7M        21M       3.2G

MemTotal:        4016004 kB
MemFree:          128360 kB
Active:           346980 kB
Mem:          3.8G       3.7G       125M       5.7M        21M       3.2G

MemTotal:        4016004 kB
MemFree:          128236 kB
Active:           346996 kB
Mem:          3.8G       3.7G       125M       5.7M        21M       3.2G

MemTotal:        4016004 kB
MemFree:          128236 kB
Active:           346996 kB
Mem:          3.8G       3.7G       125M       5.7M        21M       3.2G

MemTotal:        4016004 kB
MemFree:          128112 kB
Active:           346964 kB
Mem:          3.8G       3.7G       124M       5.7M        21M       3.2G

MemTotal:        4016004 kB
MemFree:          128112 kB
Active:           346984 kB
Mem:          3.8G       3.7G       125M       5.7M        21M       3.2G

MemTotal:        4016004 kB
MemFree:          128112 kB
Active:           346992 kB
Mem:          3.8G       3.7G       124M       5.7M        21M       3.2G

MemTotal:        4016004 kB
MemFree:          128112 kB
Active:           346980 kB
Mem:          3.8G       3.7G       124M       5.7M        21M       3.2G

MemTotal:        4016004 kB
MemFree:          127864 kB
Active:           346992 kB
Mem:          3.8G       3.7G       124M       5.7M        21M       3.2G

MemTotal:        4016004 kB
MemFree:          128112 kB
Active:           347024 kB
Mem:          3.8G       3.7G       124M       5.7M        21M       3.2G

MemTotal:        4016004 kB
MemFree:          128236 kB
Active:           346968 kB
Mem:          3.8G       3.7G       124M       5.7M        21M       3.2G

MemTotal:        4016004 kB
MemFree:          127988 kB
Active:           346984 kB
Mem:          3.8G       3.7G       124M       5.7M        21M       3.2G

MemTotal:        4016004 kB
MemFree:          128252 kB
Active:           347000 kB
Mem:          3.8G       3.7G       124M       5.7M        21M       3.2G

MemTotal:        4016004 kB
MemFree:          128748 kB
Active:           346976 kB
Mem:          3.8G       3.7G       125M       5.7M        21M       3.2G

MemTotal:        4016004 kB
MemFree:          128252 kB
Active:           346996 kB
Mem:          3.8G       3.7G       125M       5.7M        21M       3.2G

MemTotal:        4016004 kB
MemFree:          128004 kB
Active:           346996 kB
Mem:          3.8G       3.7G       125M       5.7M        21M       3.2G

MemTotal:        4016004 kB
MemFree:          128128 kB
Active:           347008 kB
Mem:          3.8G       3.7G       124M       5.7M        21M       3.2G

MemTotal:        4016004 kB
MemFree:          128128 kB
Active:           347016 kB
Mem:          3.8G       3.7G       124M       5.7M        21M       3.2G

MemTotal:        4016004 kB
MemFree:          128004 kB
Active:           347028 kB
Mem:          3.8G       3.7G       124M       5.7M        21M       3.2G

MemTotal:        4016004 kB
MemFree:          128004 kB
Active:           347020 kB
Mem:          3.8G       3.7G       124M       5.7M        21M       3.2G

MemTotal:        4016004 kB
MemFree:          128252 kB
Active:           346980 kB
Mem:          3.8G       3.7G       125M       5.7M        21M       3.2G

MemTotal:        4016004 kB
MemFree:          128128 kB
Active:           346980 kB
Mem:          3.8G       3.7G       125M       5.7M        21M       3.2G

MemTotal:        4016004 kB
MemFree:          128128 kB
Active:           347000 kB
Mem:          3.8G       3.7G       124M       5.7M        21M       3.2G

MemTotal:        4016004 kB
MemFree:          128004 kB
Active:           347032 kB
Mem:          3.8G       3.7G       124M       5.7M        21M       3.2G

MemTotal:        4016004 kB
MemFree:          127880 kB
Active:           347012 kB
Mem:          3.8G       3.7G       124M       5.7M        21M       3.2G

MemTotal:        4016004 kB
MemFree:          128128 kB
Active:           347036 kB
Mem:          3.8G       3.7G       124M       5.7M        21M       3.2G

MemTotal:        4016004 kB
MemFree:          128624 kB
Active:           347012 kB
Mem:          3.8G       3.7G       125M       5.7M        21M       3.2G

MemTotal:        4016004 kB
MemFree:          127632 kB
Active:           347040 kB
Mem:          3.8G       3.7G       124M       5.7M        21M       3.2G

MemTotal:        4016004 kB
MemFree:          128624 kB
Active:           347016 kB
Mem:          3.8G       3.7G       125M       5.7M        21M       3.2G

MemTotal:        4016004 kB
MemFree:          128128 kB
Active:           347052 kB
Mem:          3.8G       3.7G       125M       5.7M        21M       3.2G

MemTotal:        4016004 kB
MemFree:          128128 kB
Active:           347048 kB
Mem:          3.8G       3.7G       125M       5.7M        21M       3.2G

MemTotal:        4016004 kB
MemFree:          128128 kB
Active:           347012 kB
Mem:          3.8G       3.7G       125M       5.7M        21M       3.2G

MemTotal:        4016004 kB
MemFree:          128128 kB
Active:           347024 kB
Mem:          3.8G       3.7G       125M       5.7M        21M       3.2G

MemTotal:        4016004 kB
MemFree:          128004 kB
Active:           347064 kB
Mem:          3.8G       3.7G       124M       5.7M        21M       3.2G

MemTotal:        4016004 kB
MemFree:          128004 kB
Active:           347048 kB
Mem:          3.8G       3.7G       124M       5.7M        21M       3.2G

MemTotal:        4016004 kB
MemFree:          128004 kB
Active:           347056 kB
Mem:          3.8G       3.7G       124M       5.7M        21M       3.2G

MemTotal:        4016004 kB
MemFree:          127880 kB
Active:           347064 kB
Mem:          3.8G       3.7G       124M       5.7M        21M       3.2G

MemTotal:        4016004 kB
MemFree:          128004 kB
Active:           347072 kB
Mem:          3.8G       3.7G       124M       5.7M        21M       3.2G

MemTotal:        4016004 kB
MemFree:          128004 kB
Active:           347064 kB
Mem:          3.8G       3.7G       124M       5.7M        21M       3.2G

MemTotal:        4016004 kB
MemFree:          128128 kB
Active:           347060 kB
Mem:          3.8G       3.7G       124M       5.7M        21M       3.2G

MemTotal:        4016004 kB
MemFree:          128552 kB
Active:           347072 kB
Mem:          3.8G       3.7G       125M       5.7M        21M       3.2G

MemTotal:        4016004 kB
MemFree:          128056 kB
Active:           347072 kB
Mem:          3.8G       3.7G       125M       5.7M        21M       3.2G

MemTotal:        4016004 kB
MemFree:          128180 kB
Active:           347084 kB
Mem:          3.8G       3.7G       124M       5.7M        21M       3.2G

MemTotal:        4016004 kB
MemFree:          127932 kB
Active:           347084 kB
Mem:          3.8G       3.7G       124M       5.7M        21M       3.2G

MemTotal:        4016004 kB
MemFree:          128056 kB
Active:           347060 kB
Mem:          3.8G       3.7G       124M       5.7M        21M       3.2G

MemTotal:        4016004 kB
MemFree:          127808 kB
Active:           347080 kB
Mem:          3.8G       3.7G       124M       5.7M        21M       3.2G

MemTotal:        4016004 kB
MemFree:          127808 kB
Active:           347072 kB
Mem:          3.8G       3.7G       124M       5.7M        21M       3.2G

MemTotal:        4016004 kB
MemFree:          127932 kB
Active:           347084 kB
Mem:          3.8G       3.7G       124M       5.7M        21M       3.2G

MemTotal:        4016004 kB
MemFree:          127932 kB
Active:           347036 kB
Mem:          3.8G       3.7G       124M       5.7M        21M       3.2G

MemTotal:        4016004 kB
MemFree:          128180 kB
Active:           347036 kB
Mem:          3.8G       3.7G       125M       5.7M        21M       3.2G

MemTotal:        4016004 kB
MemFree:          128056 kB
Active:           347100 kB
Mem:          3.8G       3.7G       125M       5.7M        21M       3.2G

MemTotal:        4016004 kB
MemFree:          128056 kB
Active:           347084 kB
Mem:          3.8G       3.7G       124M       5.7M        21M       3.2G

MemTotal:        4016004 kB
MemFree:          128056 kB
Active:           347092 kB
Mem:          3.8G       3.7G       125M       5.7M        21M       3.2G

MemTotal:        4016004 kB
MemFree:          128056 kB
Active:           347088 kB
Mem:          3.8G       3.7G       125M       5.7M        21M       3.2G

MemTotal:        4016004 kB
MemFree:          128180 kB
Active:           347084 kB
Mem:          3.8G       3.7G       125M       5.7M        21M       3.2G

MemTotal:        4016004 kB
MemFree:          128180 kB
Active:           347044 kB
Mem:          3.8G       3.7G       125M       5.7M        21M       3.2G

MemTotal:        4016004 kB
MemFree:          128056 kB
Active:           347104 kB
Mem:          3.8G       3.7G       125M       5.7M        21M       3.2G

MemTotal:        4016004 kB
MemFree:          128180 kB
Active:           347104 kB
Mem:          3.8G       3.7G       124M       5.7M        21M       3.2G

MemTotal:        4016004 kB
MemFree:          128056 kB
Active:           347096 kB
Mem:          3.8G       3.7G       124M       5.7M        21M       3.2G

MemTotal:        4016004 kB
MemFree:          128180 kB
Active:           347084 kB
Mem:          3.8G       3.7G       125M       5.7M        21M       3.2G

MemTotal:        4016004 kB
MemFree:          128304 kB
Active:           347076 kB
Mem:          3.8G       3.7G       125M       5.7M        21M       3.2G

MemTotal:        4016004 kB
MemFree:          128304 kB
Active:           347104 kB
Mem:          3.8G       3.7G       125M       5.7M        21M       3.2G

MemTotal:        4016004 kB
MemFree:          128180 kB
Active:           347108 kB
Mem:          3.8G       3.7G       125M       5.7M        21M       3.2G

MemTotal:        4016004 kB
MemFree:          128180 kB
Active:           347088 kB
Mem:          3.8G       3.7G       125M       5.7M        21M       3.2G

MemTotal:        4016004 kB
MemFree:          128180 kB
Active:           347096 kB
Mem:          3.8G       3.7G       125M       5.7M        21M       3.2G

MemTotal:        4016004 kB
MemFree:          128304 kB
Active:           347060 kB
Mem:          3.8G       3.7G       125M       5.7M        21M       3.2G

MemTotal:        4016004 kB
MemFree:          127808 kB
Active:           347128 kB
Mem:          3.8G       3.7G       125M       5.7M        21M       3.2G

MemTotal:        4016004 kB
MemFree:          128056 kB
Active:           347088 kB
Mem:          3.8G       3.7G       125M       5.7M        21M       3.2G

MemTotal:        4016004 kB
MemFree:          128180 kB
Active:           347128 kB
Mem:          3.8G       3.7G       125M       5.7M        21M       3.2G

MemTotal:        4016004 kB
MemFree:          128180 kB
Active:           347116 kB
Mem:          3.8G       3.7G       125M       5.7M        21M       3.2G

MemTotal:        4016004 kB
MemFree:          128180 kB
Active:           347092 kB
Mem:          3.8G       3.7G       125M       5.7M        21M       3.2G

MemTotal:        4016004 kB
MemFree:          128056 kB
Active:           347108 kB
Mem:          3.8G       3.7G       125M       5.7M        21M       3.2G

MemTotal:        4016004 kB
MemFree:          128056 kB
Active:           347092 kB
Mem:          3.8G       3.7G       125M       5.7M        21M       3.2G

MemTotal:        4016004 kB
MemFree:          128056 kB
Active:           347116 kB
Mem:          3.8G       3.7G       124M       5.7M        21M       3.2G

MemTotal:        4016004 kB
MemFree:          127932 kB
Active:           347132 kB
Mem:          3.8G       3.7G       124M       5.7M        21M       3.2G

MemTotal:        4016004 kB
MemFree:          128056 kB
Active:           347140 kB
Mem:          3.8G       3.7G       124M       5.7M        21M       3.2G

MemTotal:        4016004 kB
MemFree:          128056 kB
Active:           347092 kB
Mem:          3.8G       3.7G       125M       5.7M        21M       3.2G

MemTotal:        4016004 kB
MemFree:          128056 kB
Active:           347092 kB
Mem:          3.8G       3.7G       125M       5.7M        21M       3.2G

MemTotal:        4016004 kB
MemFree:          128180 kB
Active:           347116 kB
Mem:          3.8G       3.7G       125M       5.7M        21M       3.2G

MemTotal:        4016004 kB
MemFree:          128180 kB
Active:           347128 kB
Mem:          3.8G       3.7G       125M       5.7M        21M       3.2G

MemTotal:        4016004 kB
MemFree:          128180 kB
Active:           347128 kB
Mem:          3.8G       3.7G       125M       5.7M        21M       3.2G

MemTotal:        4016004 kB
MemFree:          128056 kB
Active:           347136 kB
Mem:          3.8G       3.7G       125M       5.7M        21M       3.2G

MemTotal:        4016004 kB
MemFree:          128056 kB
Active:           347128 kB
Mem:          3.8G       3.7G       125M       5.7M        21M       3.2G

MemTotal:        4016004 kB
MemFree:          128056 kB
Active:           347124 kB
Mem:          3.8G       3.7G       124M       5.7M        21M       3.2G

MemTotal:        4016004 kB
MemFree:          128056 kB
Active:           347132 kB
Mem:          3.8G       3.7G       124M       5.7M        21M       3.2G

MemTotal:        4016004 kB
MemFree:          128056 kB
Active:           347124 kB
Mem:          3.8G       3.7G       125M       5.7M        21M       3.2G

MemTotal:        4016004 kB
MemFree:          128180 kB
Active:           347128 kB
Mem:          3.8G       3.7G       124M       5.7M        21M       3.2G

MemTotal:        4016004 kB
MemFree:          127932 kB
Active:           347128 kB
Mem:          3.8G       3.7G       124M       5.7M        21M       3.2G

MemTotal:        4016004 kB
MemFree:          128056 kB
Active:           347100 kB
Mem:          3.8G       3.7G       124M       5.7M        21M       3.2G

MemTotal:        4016004 kB
MemFree:          128056 kB
Active:           347112 kB
Mem:          3.8G       3.7G       124M       5.7M        21M       3.2G

MemTotal:        4016004 kB
MemFree:          128056 kB
Active:           347148 kB
Mem:          3.8G       3.7G       124M       5.7M        21M       3.2G

MemTotal:        4016004 kB
MemFree:          127684 kB
Active:           347168 kB
Mem:          3.8G       3.7G       124M       5.7M        21M       3.2G

MemTotal:        4016004 kB
MemFree:          128304 kB
Active:           347144 kB
Mem:          3.8G       3.7G       124M       5.7M        21M       3.2G

MemTotal:        4016004 kB
MemFree:          127932 kB
Active:           347168 kB
Mem:          3.8G       3.7G       124M       5.7M        21M       3.2G

MemTotal:        4016004 kB
MemFree:          128056 kB
Active:           347172 kB
Mem:          3.8G       3.7G       125M       5.7M        21M       3.2G

MemTotal:        4016004 kB
MemFree:          128180 kB
Active:           347152 kB
Mem:          3.8G       3.7G       125M       5.7M        21M       3.2G

MemTotal:        4016004 kB
MemFree:          127684 kB
Active:           347180 kB
Mem:          3.8G       3.7G       124M       5.7M        21M       3.2G

MemTotal:        4016004 kB
MemFree:          128180 kB
Active:           347136 kB
Mem:          3.8G       3.7G       125M       5.7M        21M       3.2G

MemTotal:        4016004 kB
MemFree:          128180 kB
Active:           347144 kB
Mem:          3.8G       3.7G       124M       5.7M        21M       3.2G

MemTotal:        4016004 kB
MemFree:          127932 kB
Active:           347164 kB
Mem:          3.8G       3.7G       124M       5.7M        21M       3.2G

MemTotal:        4016004 kB
MemFree:          127808 kB
Active:           347160 kB
Mem:          3.8G       3.7G       124M       5.7M        21M       3.2G

MemTotal:        4016004 kB
MemFree:          127932 kB
Active:           347180 kB
Mem:          3.8G       3.7G       124M       5.7M        21M       3.2G

MemTotal:        4016004 kB
MemFree:          127436 kB
Active:           347192 kB
Mem:          3.8G       3.7G       124M       5.7M        21M       3.2G

MemTotal:        4016004 kB
MemFree:          127808 kB
Active:           347152 kB
Mem:          3.8G       3.7G       124M       5.7M        21M       3.2G

MemTotal:        4016004 kB
MemFree:          127932 kB
Active:           347188 kB
Mem:          3.8G       3.7G       124M       5.7M        21M       3.2G

MemTotal:        4016004 kB
MemFree:          128056 kB
Active:           347168 kB
Mem:          3.8G       3.7G       124M       5.7M        21M       3.2G

MemTotal:        4016004 kB
MemFree:          128180 kB
Active:           347156 kB
Mem:          3.8G       3.7G       124M       5.7M        21M       3.2G

MemTotal:        4016004 kB
MemFree:          127932 kB
Active:           347172 kB
Mem:          3.8G       3.7G       124M       5.7M        21M       3.2G

MemTotal:        4016004 kB
MemFree:          127932 kB
Active:           347160 kB
Mem:          3.8G       3.7G       124M       5.7M        21M       3.2G

MemTotal:        4016004 kB
MemFree:          127312 kB
Active:           347200 kB
Mem:          3.8G       3.7G       124M       5.7M        21M       3.2G

MemTotal:        4016004 kB
MemFree:          127808 kB
Active:           347152 kB
Mem:          3.8G       3.7G       124M       5.7M        21M       3.2G

MemTotal:        4016004 kB
MemFree:          127808 kB
Active:           347148 kB
Mem:          3.8G       3.7G       124M       5.7M        21M       3.2G

MemTotal:        4016004 kB
MemFree:          127560 kB
Active:           347156 kB
Mem:          3.8G       3.7G       124M       5.7M        21M       3.2G

MemTotal:        4016004 kB
MemFree:          128308 kB
Active:           347048 kB
Mem:          3.8G       3.7G       125M       5.7M        21M       3.2G

MemTotal:        4016004 kB
MemFree:          128960 kB
Active:           346760 kB
Mem:          3.8G       3.7G       125M       5.7M        21M       3.2G

MemTotal:        4016004 kB
MemFree:          129332 kB
Active:           346788 kB
Mem:          3.8G       3.7G       126M       5.7M        21M       3.2G

MemTotal:        4016004 kB
MemFree:          129304 kB
Active:           346772 kB
Mem:          3.8G       3.7G       125M       5.7M        21M       3.2G

MemTotal:        4016004 kB
MemFree:          128932 kB
Active:           346796 kB
Mem:          3.8G       3.7G       126M       5.7M        21M       3.2G

MemTotal:        4016004 kB
MemFree:          129180 kB
Active:           346788 kB
Mem:          3.8G       3.7G       126M       5.7M        21M       3.2G

MemTotal:        4016004 kB
MemFree:          129180 kB
Active:           346760 kB
Mem:          3.8G       3.7G       126M       5.7M        21M       3.2G

MemTotal:        4016004 kB
MemFree:          128932 kB
Active:           346772 kB
Mem:          3.8G       3.7G       126M       5.7M        21M       3.2G

MemTotal:        4016004 kB
MemFree:          129056 kB
Active:           346808 kB
Mem:          3.8G       3.7G       125M       5.7M        21M       3.2G

MemTotal:        4016004 kB
MemFree:          129056 kB
Active:           346780 kB
Mem:          3.8G       3.7G       126M       5.7M        21M       3.2G

MemTotal:        4016004 kB
MemFree:          129304 kB
Active:           346796 kB
Mem:          3.8G       3.7G       126M       5.7M        21M       3.2G

MemTotal:        4016004 kB
MemFree:          129552 kB
Active:           346768 kB
Mem:          3.8G       3.7G       126M       5.7M        21M       3.2G

MemTotal:        4016004 kB
MemFree:          129180 kB
Active:           346824 kB
Mem:          3.8G       3.7G       126M       5.7M        21M       3.2G

MemTotal:        4016004 kB
MemFree:          130172 kB
Active:           346808 kB
Mem:          3.8G       3.7G       127M       5.7M        21M       3.2G

MemTotal:        4016004 kB
MemFree:          130172 kB
Active:           346772 kB
Mem:          3.8G       3.7G       127M       5.7M        21M       3.2G

MemTotal:        4016004 kB
MemFree:          129800 kB
Active:           346788 kB
Mem:          3.8G       3.7G       126M       5.7M        21M       3.2G

MemTotal:        4016004 kB
MemFree:          129800 kB
Active:           346796 kB
Mem:          3.8G       3.7G       126M       5.7M        21M       3.2G

MemTotal:        4016004 kB
MemFree:          129304 kB
Active:           346832 kB
Mem:          3.8G       3.7G       126M       5.7M        21M       3.2G

MemTotal:        4016004 kB
MemFree:          128932 kB
Active:           346832 kB
Mem:          3.8G       3.7G       126M       5.7M        21M       3.2G

MemTotal:        4016004 kB
MemFree:          128932 kB
Active:           346832 kB
Mem:          3.8G       3.7G       125M       5.7M        21M       3.2G

MemTotal:        4016004 kB
MemFree:          129056 kB
Active:           346788 kB
Mem:          3.8G       3.7G       125M       5.7M        21M       3.2G

MemTotal:        4016004 kB
MemFree:          129552 kB
Active:           346820 kB
Mem:          3.8G       3.7G       126M       5.7M        21M       3.2G

MemTotal:        4016004 kB
MemFree:          129180 kB
Active:           346836 kB
Mem:          3.8G       3.7G       126M       5.7M        21M       3.2G

MemTotal:        4016004 kB
MemFree:          129676 kB
Active:           346836 kB
Mem:          3.8G       3.7G       126M       5.7M        21M       3.2G

MemTotal:        4016004 kB
MemFree:          129180 kB
Active:           346840 kB
Mem:          3.8G       3.7G       126M       5.7M        21M       3.2G

MemTotal:        4016004 kB
MemFree:          129676 kB
Active:           346836 kB
Mem:          3.8G       3.7G       126M       5.7M        21M       3.2G

MemTotal:        4016004 kB
MemFree:          129676 kB
Active:           346832 kB
Mem:          3.8G       3.7G       126M       5.7M        21M       3.2G

MemTotal:        4016004 kB
MemFree:          130048 kB
Active:           346812 kB
Mem:          3.8G       3.7G       126M       5.7M        21M       3.2G

MemTotal:        4016004 kB
MemFree:          129428 kB
Active:           346856 kB
Mem:          3.8G       3.7G       126M       5.7M        21M       3.2G

MemTotal:        4016004 kB
MemFree:          129924 kB
Active:           346812 kB
Mem:          3.8G       3.7G       126M       5.7M        21M       3.2G

MemTotal:        4016004 kB
MemFree:          129676 kB
Active:           346832 kB
Mem:          3.8G       3.7G       126M       5.7M        21M       3.2G

MemTotal:        4016004 kB
MemFree:          129552 kB
Active:           346816 kB
Mem:          3.8G       3.7G       126M       5.7M        21M       3.2G

MemTotal:        4016004 kB
MemFree:          129552 kB
Active:           346820 kB
Mem:          3.8G       3.7G       126M       5.7M        21M       3.2G

MemTotal:        4016004 kB
MemFree:          129552 kB
Active:           346812 kB
