MemTotal:        4016004 kB
MemFree:         3218084 kB
Active:           445148 kB
Mem:          3.8G       779M       3.1G       5.7M        55M       327M

MemTotal:        4016004 kB
MemFree:         3217788 kB
Active:           445588 kB
Mem:          3.8G       779M       3.1G       5.7M        55M       327M

MemTotal:        4016004 kB
MemFree:         3217756 kB
Active:           445696 kB
Mem:          3.8G       779M       3.1G       5.7M        55M       327M

MemTotal:        4016004 kB
MemFree:         3217244 kB
Active:           445696 kB
Mem:          3.8G       780M       3.1G       5.7M        55M       327M

MemTotal:        4016004 kB
MemFree:         3216592 kB
Active:           446080 kB
Mem:          3.8G       780M       3.1G       5.7M        55M       327M

MemTotal:        4016004 kB
MemFree:         3216840 kB
Active:           446052 kB
Mem:          3.8G       780M       3.1G       5.7M        55M       327M

MemTotal:        4016004 kB
MemFree:         3216964 kB
Active:           446052 kB
Mem:          3.8G       780M       3.1G       5.7M        55M       327M

MemTotal:        4016004 kB
MemFree:         3217088 kB
Active:           446088 kB
Mem:          3.8G       780M       3.1G       5.7M        55M       327M

MemTotal:        4016004 kB
MemFree:         3217320 kB
Active:           446048 kB
Mem:          3.8G       780M       3.1G       5.7M        55M       327M

MemTotal:        4016004 kB
MemFree:         3217180 kB
Active:           446084 kB
Mem:          3.8G       780M       3.1G       5.7M        55M       327M

MemTotal:        4016004 kB
MemFree:         3217056 kB
Active:           446052 kB
Mem:          3.8G       780M       3.1G       5.7M        55M       327M

MemTotal:        4016004 kB
MemFree:         3217180 kB
Active:           446088 kB
Mem:          3.8G       780M       3.1G       5.7M        55M       327M

MemTotal:        4016004 kB
MemFree:         3217476 kB
Active:           446072 kB
Mem:          3.8G       780M       3.1G       5.7M        55M       327M

MemTotal:        4016004 kB
MemFree:         3216980 kB
Active:           446092 kB
Mem:          3.8G       780M       3.1G       5.7M        55M       327M

MemTotal:        4016004 kB
MemFree:         3215116 kB
Active:           446072 kB
Mem:          3.8G       782M       3.1G       5.7M        55M       327M

MemTotal:        4016004 kB
MemFree:         3215488 kB
Active:           448084 kB
Mem:          3.8G       781M       3.1G       5.7M        55M       327M

MemTotal:        4016004 kB
MemFree:         3215024 kB
Active:           448120 kB
Mem:          3.8G       782M       3.1G       5.7M        55M       327M

MemTotal:        4016004 kB
MemFree:         3214776 kB
Active:           448088 kB
Mem:          3.8G       782M       3.1G       5.7M        55M       327M

MemTotal:        4016004 kB
MemFree:         3214404 kB
Active:           448120 kB
Mem:          3.8G       782M       3.1G       5.7M        55M       327M

MemTotal:        4016004 kB
MemFree:         3215024 kB
Active:           448076 kB
Mem:          3.8G       782M       3.1G       5.7M        55M       327M

MemTotal:        4016004 kB
MemFree:         3215148 kB
Active:           448104 kB
Mem:          3.8G       782M       3.1G       5.7M        55M       327M

MemTotal:        4016004 kB
MemFree:         3214636 kB
Active:           448128 kB
Mem:          3.8G       782M       3.1G       5.7M        55M       327M

MemTotal:        4016004 kB
MemFree:         3215132 kB
Active:           448108 kB
Mem:          3.8G       782M       3.1G       5.7M        55M       327M

MemTotal:        4016004 kB
MemFree:         3214760 kB
Active:           448128 kB
Mem:          3.8G       782M       3.1G       5.7M        55M       327M

MemTotal:        4016004 kB
MemFree:         3215008 kB
Active:           448092 kB
Mem:          3.8G       781M       3.1G       5.7M        55M       327M

MemTotal:        4016004 kB
MemFree:         3215616 kB
Active:           448072 kB
Mem:          3.8G       781M       3.1G       5.7M        55M       327M

MemTotal:        4016004 kB
MemFree:         3215492 kB
Active:           448112 kB
Mem:          3.8G       781M       3.1G       5.7M        55M       327M

MemTotal:        4016004 kB
MemFree:         3215616 kB
Active:           448076 kB
Mem:          3.8G       781M       3.1G       5.7M        55M       327M

MemTotal:        4016004 kB
MemFree:         3215368 kB
Active:           448104 kB
Mem:          3.8G       782M       3.1G       5.7M        55M       327M

MemTotal:        4016004 kB
MemFree:         3215228 kB
Active:           448096 kB
Mem:          3.8G       782M       3.1G       5.7M        55M       327M

MemTotal:        4016004 kB
MemFree:         3215600 kB
Active:           448120 kB
Mem:          3.8G       781M       3.1G       5.7M        55M       327M

MemTotal:        4016004 kB
MemFree:         3215848 kB
Active:           448100 kB
Mem:          3.8G       781M       3.1G       5.7M        55M       327M

MemTotal:        4016004 kB
MemFree:         3215832 kB
Active:           448088 kB
Mem:          3.8G       781M       3.1G       5.7M        55M       327M

MemTotal:        4016004 kB
MemFree:         3215972 kB
Active:           448108 kB
Mem:          3.8G       781M       3.1G       5.7M        55M       327M

MemTotal:        4016004 kB
MemFree:         3215660 kB
Active:           446212 kB
Mem:          3.8G       781M       3.1G       5.7M        55M       327M

MemTotal:        4016004 kB
MemFree:         3215660 kB
Active:           448236 kB
Mem:          3.8G       781M       3.1G       5.7M        55M       327M

MemTotal:        4016004 kB
MemFree:         3215660 kB
Active:           448264 kB
Mem:          3.8G       781M       3.1G       5.7M        55M       327M

MemTotal:        4016004 kB
MemFree:         3215784 kB
Active:           448260 kB
Mem:          3.8G       781M       3.1G       5.7M        55M       327M

MemTotal:        4016004 kB
MemFree:         3215412 kB
Active:           448224 kB
Mem:          3.8G       781M       3.1G       5.7M        55M       327M

MemTotal:        4016004 kB
MemFree:         3215412 kB
Active:           448256 kB
Mem:          3.8G       781M       3.1G       5.7M        55M       327M

MemTotal:        4016004 kB
MemFree:         3215784 kB
Active:           448280 kB
Mem:          3.8G       781M       3.1G       5.7M        55M       327M

MemTotal:        4016004 kB
MemFree:         3215784 kB
Active:           448272 kB
Mem:          3.8G       781M       3.1G       5.7M        55M       327M

MemTotal:        4016004 kB
MemFree:         3215288 kB
Active:           448240 kB
Mem:          3.8G       782M       3.1G       5.7M        55M       327M

MemTotal:        4016004 kB
MemFree:         3215272 kB
Active:           448284 kB
Mem:          3.8G       782M       3.1G       5.7M        55M       327M

MemTotal:        4016004 kB
MemFree:         3214820 kB
Active:           446256 kB
Mem:          3.8G       782M       3.1G       5.7M        55M       327M

MemTotal:        4016004 kB
MemFree:         3215316 kB
Active:           446244 kB
Mem:          3.8G       782M       3.1G       5.7M        55M       327M

MemTotal:        4016004 kB
MemFree:         3215440 kB
Active:           448264 kB
Mem:          3.8G       782M       3.1G       5.7M        55M       327M

MemTotal:        4016004 kB
MemFree:         3215348 kB
Active:           448292 kB
Mem:          3.8G       781M       3.1G       5.7M        55M       327M

MemTotal:        4016004 kB
MemFree:         3215224 kB
Active:           448264 kB
Mem:          3.8G       781M       3.1G       5.7M        55M       327M

MemTotal:        4016004 kB
MemFree:         3215348 kB
Active:           448296 kB
Mem:          3.8G       782M       3.1G       5.7M        55M       327M

MemTotal:        4016004 kB
MemFree:         3214852 kB
Active:           448320 kB
Mem:          3.8G       782M       3.1G       5.7M        55M       327M

MemTotal:        4016004 kB
MemFree:         3215224 kB
Active:           448268 kB
Mem:          3.8G       782M       3.1G       5.7M        55M       327M

MemTotal:        4016004 kB
MemFree:         3215208 kB
Active:           448328 kB
Mem:          3.8G       781M       3.1G       5.7M        55M       327M

MemTotal:        4016004 kB
MemFree:         3215456 kB
Active:           448304 kB
Mem:          3.8G       781M       3.1G       5.7M        55M       327M

MemTotal:        4016004 kB
MemFree:         3215328 kB
Active:           446288 kB
Mem:          3.8G       781M       3.1G       5.7M        55M       327M

MemTotal:        4016004 kB
MemFree:         3215452 kB
Active:           448312 kB
Mem:          3.8G       781M       3.1G       5.7M        55M       327M

MemTotal:        4016004 kB
MemFree:         3215204 kB
Active:           448316 kB
Mem:          3.8G       782M       3.1G       5.7M        55M       327M

MemTotal:        4016004 kB
MemFree:         3215360 kB
Active:           448296 kB
Mem:          3.8G       781M       3.1G       5.7M        55M       327M

MemTotal:        4016004 kB
MemFree:         3215360 kB
Active:           448332 kB
Mem:          3.8G       781M       3.1G       5.7M        55M       327M

MemTotal:        4016004 kB
MemFree:         3214864 kB
Active:           448356 kB
Mem:          3.8G       782M       3.1G       5.7M        55M       327M

MemTotal:        4016004 kB
MemFree:         3215220 kB
Active:           448580 kB
Mem:          3.8G       782M       3.1G       5.7M        55M       327M

MemTotal:        4016004 kB
MemFree:         3097796 kB
Active:           448876 kB
Mem:          3.8G       896M       3.0G       5.7M        55M       439M

MemTotal:        4016004 kB
MemFree:         2986188 kB
Active:           448876 kB
Mem:          3.8G       1.0G       2.8G       5.7M        55M       547M

MemTotal:        4016004 kB
MemFree:         2866472 kB
Active:           448892 kB
Mem:          3.8G       1.1G       2.7G       5.7M        55M       663M

MemTotal:        4016004 kB
MemFree:         2850872 kB
Active:           448936 kB
Mem:          3.8G       1.1G       2.7G       5.7M        55M       678M

MemTotal:        4016004 kB
MemFree:         2763096 kB
Active:           448904 kB
Mem:          3.8G       1.2G       2.6G       5.7M        55M       762M

MemTotal:        4016004 kB
MemFree:         2761336 kB
Active:           448900 kB
Mem:          3.8G       1.2G       2.6G       5.7M        55M       764M

MemTotal:        4016004 kB
MemFree:         2702172 kB
Active:           448928 kB
Mem:          3.8G       1.3G       2.6G       5.7M        55M       820M

MemTotal:        4016004 kB
MemFree:         2661740 kB
Active:           448936 kB
Mem:          3.8G       1.3G       2.5G       5.7M        55M       859M

MemTotal:        4016004 kB
MemFree:         2660676 kB
Active:           448948 kB
Mem:          3.8G       1.3G       2.5G       5.7M        55M       860M

MemTotal:        4016004 kB
MemFree:         2659576 kB
Active:           448948 kB
Mem:          3.8G       1.3G       2.5G       5.7M        55M       861M

MemTotal:        4016004 kB
MemFree:         2657412 kB
Active:           448952 kB
Mem:          3.8G       1.3G       2.5G       5.7M        55M       863M

MemTotal:        4016004 kB
MemFree:         2656208 kB
Active:           448944 kB
Mem:          3.8G       1.3G       2.5G       5.7M        55M       864M

MemTotal:        4016004 kB
MemFree:         2552056 kB
Active:           448960 kB
Mem:          3.8G       1.4G       2.4G       5.7M        55M       965M

MemTotal:        4016004 kB
MemFree:         2415884 kB
Active:           446964 kB
Mem:          3.8G       1.5G       2.3G       5.7M        55M       1.1G

MemTotal:        4016004 kB
MemFree:         2308012 kB
Active:           449012 kB
Mem:          3.8G       1.6G       2.2G       5.7M        55M       1.2G

MemTotal:        4016004 kB
MemFree:         2306980 kB
Active:           449012 kB
Mem:          3.8G       1.6G       2.2G       5.7M        55M       1.2G

MemTotal:        4016004 kB
MemFree:         2207804 kB
Active:           449012 kB
Mem:          3.8G       1.7G       2.1G       5.7M        55M       1.3G

MemTotal:        4016004 kB
MemFree:         2207308 kB
Active:           449024 kB
Mem:          3.8G       1.7G       2.1G       5.7M        55M       1.3G

MemTotal:        4016004 kB
MemFree:         2109556 kB
Active:           449032 kB
Mem:          3.8G       1.8G       2.0G       5.7M        55M       1.4G

MemTotal:        4016004 kB
MemFree:         2108404 kB
Active:           449032 kB
Mem:          3.8G       1.8G       2.0G       5.7M        55M       1.4G

MemTotal:        4016004 kB
MemFree:         2107272 kB
Active:           449040 kB
Mem:          3.8G       1.8G       2.0G       5.7M        55M       1.4G

MemTotal:        4016004 kB
MemFree:         2105600 kB
Active:           449072 kB
Mem:          3.8G       1.8G       2.0G       5.7M        55M       1.4G

MemTotal:        4016004 kB
MemFree:         2104580 kB
Active:           449080 kB
Mem:          3.8G       1.8G       2.0G       5.7M        55M       1.4G

MemTotal:        4016004 kB
MemFree:         2055060 kB
Active:           449088 kB
Mem:          3.8G       1.9G       2.0G       5.7M        55M       1.4G

MemTotal:        4016004 kB
MemFree:         1937732 kB
Active:           449088 kB
Mem:          3.8G       2.0G       1.8G       5.7M        55M       1.5G

MemTotal:        4016004 kB
MemFree:         1802516 kB
Active:           449076 kB
Mem:          3.8G       2.1G       1.7G       5.7M        55M       1.6G

MemTotal:        4016004 kB
MemFree:         1755640 kB
Active:           449088 kB
Mem:          3.8G       2.2G       1.7G       5.7M        55M       1.7G

MemTotal:        4016004 kB
MemFree:         1728888 kB
Active:           449088 kB
Mem:          3.8G       2.2G       1.6G       5.7M        55M       1.7G

MemTotal:        4016004 kB
MemFree:         1656560 kB
Active:           449096 kB
Mem:          3.8G       2.3G       1.6G       5.7M        55M       1.8G

MemTotal:        4016004 kB
MemFree:         1566404 kB
Active:           449096 kB
Mem:          3.8G       2.3G       1.5G       5.7M        55M       1.9G

MemTotal:        4016004 kB
MemFree:         1564448 kB
Active:           449108 kB
Mem:          3.8G       2.3G       1.5G       5.7M        55M       1.9G

MemTotal:        4016004 kB
MemFree:         1507688 kB
Active:           449108 kB
Mem:          3.8G       2.4G       1.4G       5.7M        55M       1.9G

MemTotal:        4016004 kB
MemFree:         1475580 kB
Active:           449108 kB
Mem:          3.8G       2.4G       1.4G       5.7M        55M       2.0G

MemTotal:        4016004 kB
MemFree:         1472444 kB
Active:           447152 kB
Mem:          3.8G       2.4G       1.4G       5.7M        55M       2.0G

MemTotal:        4016004 kB
MemFree:         1472476 kB
Active:           449204 kB
Mem:          3.8G       2.4G       1.4G       5.7M        55M       2.0G

MemTotal:        4016004 kB
MemFree:         1473072 kB
Active:           449192 kB
Mem:          3.8G       2.4G       1.4G       5.7M        55M       2.0G

MemTotal:        4016004 kB
MemFree:         1427568 kB
Active:           449212 kB
Mem:          3.8G       2.5G       1.4G       5.7M        55M       2.0G

MemTotal:        4016004 kB
MemFree:         1306520 kB
Active:           449212 kB
Mem:          3.8G       2.6G       1.2G       5.7M        55M       2.1G

MemTotal:        4016004 kB
MemFree:         1173800 kB
Active:           449212 kB
Mem:          3.8G       2.7G       1.1G       5.7M        55M       2.2G

MemTotal:        4016004 kB
MemFree:         1123716 kB
Active:           449224 kB
Mem:          3.8G       2.8G       1.1G       5.7M        55M       2.3G

MemTotal:        4016004 kB
MemFree:         1076980 kB
Active:           449232 kB
Mem:          3.8G       2.8G       1.0G       5.7M        55M       2.3G

MemTotal:        4016004 kB
MemFree:          972484 kB
Active:           449236 kB
Mem:          3.8G       2.9G       949M       5.7M        55M       2.4G

MemTotal:        4016004 kB
MemFree:          971896 kB
Active:           449252 kB
Mem:          3.8G       2.9G       948M       5.7M        55M       2.4G

MemTotal:        4016004 kB
MemFree:          940232 kB
Active:           449284 kB
Mem:          3.8G       2.9G       917M       5.7M        55M       2.5G

MemTotal:        4016004 kB
MemFree:          940016 kB
Active:           449312 kB
Mem:          3.8G       2.9G       917M       5.7M        55M       2.5G

MemTotal:        4016004 kB
MemFree:          937624 kB
Active:           449316 kB
Mem:          3.8G       2.9G       915M       5.7M        55M       2.5G

MemTotal:        4016004 kB
MemFree:          935660 kB
Active:           449316 kB
Mem:          3.8G       2.9G       913M       5.7M        55M       2.5G

MemTotal:        4016004 kB
MemFree:          873476 kB
Active:           449316 kB
Mem:          3.8G       3.0G       851M       5.7M        55M       2.5G

MemTotal:        4016004 kB
MemFree:          767696 kB
Active:           449316 kB
Mem:          3.8G       3.1G       749M       5.7M        55M       2.6G

MemTotal:        4016004 kB
MemFree:          642060 kB
Active:           449324 kB
Mem:          3.8G       3.2G       626M       5.7M        55M       2.7G

MemTotal:        4016004 kB
MemFree:          623672 kB
Active:           449328 kB
Mem:          3.8G       3.2G       608M       5.7M        55M       2.8G

MemTotal:        4016004 kB
MemFree:          538916 kB
Active:           449340 kB
Mem:          3.8G       3.3G       525M       5.7M        55M       2.8G

MemTotal:        4016004 kB
MemFree:          537208 kB
Active:           449340 kB
Mem:          3.8G       3.3G       524M       5.7M        55M       2.8G

MemTotal:        4016004 kB
MemFree:          465004 kB
Active:           449340 kB
Mem:          3.8G       3.4G       453M       5.7M        55M       2.9G

MemTotal:        4016004 kB
MemFree:          417220 kB
Active:           449340 kB
Mem:          3.8G       3.4G       406M       5.7M        55M       2.9G

MemTotal:        4016004 kB
MemFree:          389260 kB
Active:           449348 kB
Mem:          3.8G       3.5G       379M       5.7M        55M       3.0G

MemTotal:        4016004 kB
MemFree:          387740 kB
Active:           449352 kB
Mem:          3.8G       3.5G       378M       5.7M        55M       3.0G

MemTotal:        4016004 kB
MemFree:          386348 kB
Active:           449372 kB
Mem:          3.8G       3.5G       377M       5.7M        55M       3.0G

MemTotal:        4016004 kB
MemFree:          385420 kB
Active:           449372 kB
Mem:          3.8G       3.5G       376M       5.7M        55M       3.0G

MemTotal:        4016004 kB
MemFree:          327840 kB
Active:           449380 kB
Mem:          3.8G       3.5G       319M       5.7M        55M       3.0G

MemTotal:        4016004 kB
MemFree:          216248 kB
Active:           449392 kB
Mem:          3.8G       3.6G       210M       5.7M        55M       3.1G

MemTotal:        4016004 kB
MemFree:          148968 kB
Active:           459504 kB
Mem:          3.8G       3.7G       163M       5.7M        22M       3.2G

MemTotal:        4016004 kB
MemFree:          164552 kB
Active:           502524 kB
Mem:          3.8G       3.7G       159M       5.7M        22M       3.2G

MemTotal:        4016004 kB
MemFree:          140416 kB
Active:           498696 kB
Mem:          3.8G       3.7G       136M       5.7M        22M       3.2G

MemTotal:        4016004 kB
MemFree:          125072 kB
Active:           494980 kB
Mem:          3.8G       3.7G       121M       5.7M        22M       3.3G

MemTotal:        4016004 kB
MemFree:          134316 kB
Active:           491416 kB
Mem:          3.8G       3.7G       131M       5.7M        22M       3.2G

MemTotal:        4016004 kB
MemFree:          132204 kB
Active:           491416 kB
Mem:          3.8G       3.7G       129M       5.7M        22M       3.2G

MemTotal:        4016004 kB
MemFree:          131472 kB
Active:           491424 kB
Mem:          3.8G       3.7G       128M       5.7M        22M       3.2G

MemTotal:        4016004 kB
MemFree:          131260 kB
Active:           491424 kB
Mem:          3.8G       3.7G       127M       5.7M        22M       3.2G

MemTotal:        4016004 kB
MemFree:          111688 kB
Active:           491420 kB
Mem:          3.8G       3.7G       108M       5.7M        22M       3.3G

MemTotal:        4016004 kB
MemFree:          125744 kB
Active:           477612 kB
Mem:          3.8G       3.7G       122M       5.7M        22M       3.3G

MemTotal:        4016004 kB
MemFree:          137524 kB
Active:           462316 kB
Mem:          3.8G       3.7G       133M       5.7M        22M       3.2G

MemTotal:        4016004 kB
MemFree:          127668 kB
Active:           457324 kB
Mem:          3.8G       3.7G       124M       5.7M        22M       3.3G

MemTotal:        4016004 kB
MemFree:          111136 kB
Active:           453352 kB
Mem:          3.8G       3.7G       108M       5.7M        22M       3.3G

MemTotal:        4016004 kB
MemFree:          128848 kB
Active:           447664 kB
Mem:          3.8G       3.7G       125M       5.7M        22M       3.3G

MemTotal:        4016004 kB
MemFree:          135640 kB
Active:           443268 kB
Mem:          3.8G       3.7G       132M       5.7M        22M       3.2G

MemTotal:        4016004 kB
MemFree:          129468 kB
Active:           441348 kB
Mem:          3.8G       3.7G       126M       5.7M        22M       3.2G

MemTotal:        4016004 kB
MemFree:          142380 kB
Active:           439952 kB
Mem:          3.8G       3.7G       138M       5.7M        22M       3.2G

MemTotal:        4016004 kB
MemFree:          113128 kB
Active:           439952 kB
Mem:          3.8G       3.7G       110M       5.7M        22M       3.3G

MemTotal:        4016004 kB
MemFree:          112820 kB
Active:           439972 kB
Mem:          3.8G       3.7G       109M       5.7M        22M       3.3G

MemTotal:        4016004 kB
MemFree:          112420 kB
Active:           439972 kB
Mem:          3.8G       3.7G       109M       5.7M        22M       3.3G

MemTotal:        4016004 kB
MemFree:          111172 kB
Active:           439972 kB
Mem:          3.8G       3.7G       108M       5.7M        22M       3.3G

MemTotal:        4016004 kB
MemFree:          128208 kB
Active:           438696 kB
Mem:          3.8G       3.7G       124M       5.7M        22M       3.3G

MemTotal:        4016004 kB
MemFree:          124880 kB
Active:           434472 kB
Mem:          3.8G       3.7G       121M       5.7M        22M       3.3G

MemTotal:        4016004 kB
MemFree:          118024 kB
Active:           431412 kB
Mem:          3.8G       3.7G       114M       5.7M        22M       3.3G

MemTotal:        4016004 kB
MemFree:          143552 kB
Active:           428468 kB
Mem:          3.8G       3.7G       139M       5.7M        22M       3.2G

MemTotal:        4016004 kB
MemFree:          139284 kB
Active:           426676 kB
Mem:          3.8G       3.7G       135M       5.7M        22M       3.2G

MemTotal:        4016004 kB
MemFree:          110148 kB
Active:           426668 kB
Mem:          3.8G       3.7G       107M       5.7M        22M       3.3G

MemTotal:        4016004 kB
MemFree:          133408 kB
Active:           423096 kB
Mem:          3.8G       3.7G       130M       5.7M        22M       3.2G

MemTotal:        4016004 kB
MemFree:          127948 kB
Active:           422984 kB
Mem:          3.8G       3.7G       124M       5.7M        22M       3.3G

MemTotal:        4016004 kB
MemFree:          135640 kB
Active:           421708 kB
Mem:          3.8G       3.7G       131M       5.7M        22M       3.2G

MemTotal:        4016004 kB
MemFree:          107964 kB
Active:           421276 kB
Mem:          3.8G       3.7G       105M       5.7M        22M       3.3G

MemTotal:        4016004 kB
MemFree:          105956 kB
Active:           423328 kB
Mem:          3.8G       3.7G       102M       5.7M        22M       3.3G

MemTotal:        4016004 kB
MemFree:          128704 kB
Active:           422164 kB
Mem:          3.8G       3.7G       125M       5.7M        22M       3.2G

MemTotal:        4016004 kB
MemFree:          127768 kB
Active:           422048 kB
Mem:          3.8G       3.7G       124M       5.7M        22M       3.3G

MemTotal:        4016004 kB
MemFree:          121276 kB
Active:           422052 kB
Mem:          3.8G       3.7G       118M       5.7M        22M       3.3G

MemTotal:        4016004 kB
MemFree:          134384 kB
Active:           417196 kB
Mem:          3.8G       3.7G       130M       5.7M        22M       3.2G

MemTotal:        4016004 kB
MemFree:          121820 kB
Active:           412464 kB
Mem:          3.8G       3.7G       118M       5.7M        22M       3.3G

MemTotal:        4016004 kB
MemFree:          127424 kB
Active:           409648 kB
Mem:          3.8G       3.7G       124M       5.7M        22M       3.3G

MemTotal:        4016004 kB
MemFree:          129988 kB
Active:           407236 kB
Mem:          3.8G       3.7G       126M       5.7M        22M       3.2G

MemTotal:        4016004 kB
MemFree:          145204 kB
Active:           403020 kB
Mem:          3.8G       3.7G       141M       5.7M        22M       3.2G

MemTotal:        4016004 kB
MemFree:          116204 kB
Active:           404580 kB
Mem:          3.8G       3.7G       112M       5.7M        22M       3.3G

MemTotal:        4016004 kB
MemFree:          136176 kB
Active:           401260 kB
Mem:          3.8G       3.7G       132M       5.7M        22M       3.2G

MemTotal:        4016004 kB
MemFree:          133944 kB
Active:           401276 kB
Mem:          3.8G       3.7G       130M       5.7M        22M       3.2G

MemTotal:        4016004 kB
MemFree:          132364 kB
Active:           401276 kB
Mem:          3.8G       3.7G       129M       5.7M        22M       3.2G

MemTotal:        4016004 kB
MemFree:          131468 kB
Active:           401256 kB
Mem:          3.8G       3.7G       128M       5.7M        22M       3.2G

MemTotal:        4016004 kB
MemFree:          118312 kB
Active:           400768 kB
Mem:          3.8G       3.7G       137M       5.7M        22M       3.2G

MemTotal:        4016004 kB
MemFree:          127748 kB
Active:           396168 kB
Mem:          3.8G       3.7G       124M       5.7M        22M       3.2G

MemTotal:        4016004 kB
MemFree:          117096 kB
Active:           392712 kB
Mem:          3.8G       3.7G       114M       5.7M        22M       3.3G

MemTotal:        4016004 kB
MemFree:          129176 kB
Active:           390792 kB
Mem:          3.8G       3.7G       125M       5.7M        22M       3.2G

MemTotal:        4016004 kB
MemFree:          114500 kB
Active:           388872 kB
Mem:          3.8G       3.7G       135M       5.7M        22M       3.2G

MemTotal:        4016004 kB
MemFree:          129280 kB
Active:           385820 kB
Mem:          3.8G       3.7G       126M       5.7M        22M       3.2G

MemTotal:        4016004 kB
MemFree:          138396 kB
Active:           385168 kB
Mem:          3.8G       3.7G       135M       5.7M        22M       3.2G

MemTotal:        4016004 kB
MemFree:          146632 kB
Active:           385052 kB
Mem:          3.8G       3.7G       143M       5.7M        22M       3.2G

MemTotal:        4016004 kB
MemFree:          144828 kB
Active:           385060 kB
Mem:          3.8G       3.7G       141M       5.7M        22M       3.2G

MemTotal:        4016004 kB
MemFree:          143776 kB
Active:           385064 kB
Mem:          3.8G       3.7G       140M       5.7M        22M       3.2G

MemTotal:        4016004 kB
MemFree:          143116 kB
Active:           385064 kB
Mem:          3.8G       3.7G       139M       5.7M        22M       3.2G

MemTotal:        4016004 kB
MemFree:          141020 kB
Active:           384808 kB
Mem:          3.8G       3.7G       137M       5.7M        22M       3.2G

MemTotal:        4016004 kB
MemFree:          133964 kB
Active:           384816 kB
Mem:          3.8G       3.7G       130M       5.7M        22M       3.2G

MemTotal:        4016004 kB
MemFree:          131256 kB
Active:           384820 kB
Mem:          3.8G       3.7G       127M       5.7M        22M       3.2G

MemTotal:        4016004 kB
MemFree:          124032 kB
Active:           384684 kB
Mem:          3.8G       3.7G       120M       5.7M        22M       3.3G

MemTotal:        4016004 kB
MemFree:          134392 kB
Active:           384688 kB
Mem:          3.8G       3.7G       130M       5.7M        22M       3.2G

MemTotal:        4016004 kB
MemFree:          136232 kB
Active:           384704 kB
Mem:          3.8G       3.7G       132M       5.7M        22M       3.2G

MemTotal:        4016004 kB
MemFree:          137160 kB
Active:           384704 kB
Mem:          3.8G       3.7G       133M       5.7M        22M       3.2G

MemTotal:        4016004 kB
MemFree:          136812 kB
Active:           384684 kB
Mem:          3.8G       3.7G       133M       5.7M        22M       3.2G

MemTotal:        4016004 kB
MemFree:          135156 kB
Active:           384624 kB
Mem:          3.8G       3.7G       131M       5.7M        22M       3.2G

MemTotal:        4016004 kB
MemFree:          133700 kB
Active:           384648 kB
Mem:          3.8G       3.7G       130M       5.7M        22M       3.2G

MemTotal:        4016004 kB
MemFree:          133084 kB
Active:           384648 kB
Mem:          3.8G       3.7G       129M       5.7M        22M       3.2G

MemTotal:        4016004 kB
MemFree:          120532 kB
Active:           384652 kB
Mem:          3.8G       3.7G       117M       5.7M        22M       3.3G

MemTotal:        4016004 kB
MemFree:          105492 kB
Active:           384656 kB
Mem:          3.8G       3.7G       102M       5.7M        22M       3.3G

MemTotal:        4016004 kB
MemFree:          124596 kB
Active:           384528 kB
Mem:          3.8G       3.7G       121M       5.7M        22M       3.3G

MemTotal:        4016004 kB
MemFree:          143112 kB
Active:           384264 kB
Mem:          3.8G       3.7G       139M       5.7M        22M       3.2G

MemTotal:        4016004 kB
MemFree:          118544 kB
Active:           384276 kB
Mem:          3.8G       3.7G       115M       5.7M        22M       3.3G

MemTotal:        4016004 kB
MemFree:          138192 kB
Active:           384288 kB
Mem:          3.8G       3.7G       134M       5.7M        22M       3.2G

MemTotal:        4016004 kB
MemFree:          141916 kB
Active:           384280 kB
Mem:          3.8G       3.7G       138M       5.7M        22M       3.2G

MemTotal:        4016004 kB
MemFree:          131908 kB
Active:           384280 kB
Mem:          3.8G       3.7G       128M       5.7M        22M       3.2G

MemTotal:        4016004 kB
MemFree:          139004 kB
Active:           384296 kB
Mem:          3.8G       3.7G       135M       5.7M        22M       3.2G

MemTotal:        4016004 kB
MemFree:          137580 kB
Active:           384308 kB
Mem:          3.8G       3.7G       133M       5.7M        22M       3.2G

MemTotal:        4016004 kB
MemFree:          137148 kB
Active:           384312 kB
Mem:          3.8G       3.7G       133M       5.7M        22M       3.2G

MemTotal:        4016004 kB
MemFree:          136872 kB
Active:           384316 kB
Mem:          3.8G       3.7G       133M       5.7M        22M       3.2G

MemTotal:        4016004 kB
MemFree:          129704 kB
Active:           384316 kB
Mem:          3.8G       3.7G       126M       5.7M        22M       3.2G

MemTotal:        4016004 kB
MemFree:          140404 kB
Active:           384360 kB
Mem:          3.8G       3.7G       137M       5.7M        22M       3.2G

MemTotal:        4016004 kB
MemFree:          138164 kB
Active:           384360 kB
Mem:          3.8G       3.7G       133M       5.7M        22M       3.2G

MemTotal:        4016004 kB
MemFree:          143404 kB
Active:           378784 kB
Mem:          3.8G       3.7G       139M       5.7M        22M       3.2G

MemTotal:        4016004 kB
MemFree:          146444 kB
Active:           378640 kB
Mem:          3.8G       3.7G       142M       5.7M        22M       3.2G

MemTotal:        4016004 kB
MemFree:          156040 kB
Active:           378648 kB
Mem:          3.8G       3.7G       152M       5.7M        22M       3.2G

MemTotal:        4016004 kB
MemFree:          134788 kB
Active:           378652 kB
Mem:          3.8G       3.7G       131M       5.7M        22M       3.2G

MemTotal:        4016004 kB
MemFree:          105336 kB
Active:           378656 kB
Mem:          3.8G       3.7G       102M       5.7M        22M       3.3G

MemTotal:        4016004 kB
MemFree:          135328 kB
Active:           378668 kB
Mem:          3.8G       3.7G       131M       5.7M        22M       3.2G

MemTotal:        4016004 kB
MemFree:          134460 kB
Active:           378688 kB
Mem:          3.8G       3.7G       130M       5.7M        22M       3.2G

MemTotal:        4016004 kB
MemFree:          133656 kB
Active:           378688 kB
Mem:          3.8G       3.7G       130M       5.7M        22M       3.2G

MemTotal:        4016004 kB
MemFree:          133196 kB
Active:           378688 kB
Mem:          3.8G       3.7G       129M       5.7M        22M       3.2G

MemTotal:        4016004 kB
MemFree:          143328 kB
Active:           378676 kB
Mem:          3.8G       3.7G       139M       5.7M        22M       3.2G

MemTotal:        4016004 kB
MemFree:          118876 kB
Active:           377796 kB
Mem:          3.8G       3.7G       115M       5.7M        22M       3.3G

MemTotal:        4016004 kB
MemFree:          129776 kB
Active:           377796 kB
Mem:          3.8G       3.7G       126M       5.7M        22M       3.2G

MemTotal:        4016004 kB
MemFree:          115520 kB
Active:           377800 kB
Mem:          3.8G       3.7G       112M       5.7M        22M       3.3G

MemTotal:        4016004 kB
MemFree:          120456 kB
Active:           376088 kB
Mem:          3.8G       3.7G       117M       5.7M        22M       3.3G

MemTotal:        4016004 kB
MemFree:          149476 kB
Active:           376080 kB
Mem:          3.8G       3.7G       145M       5.7M        22M       3.2G

MemTotal:        4016004 kB
MemFree:          147232 kB
Active:           376096 kB
Mem:          3.8G       3.7G       143M       5.7M        22M       3.2G

MemTotal:        4016004 kB
MemFree:          146704 kB
Active:           376080 kB
Mem:          3.8G       3.7G       143M       5.7M        22M       3.2G

MemTotal:        4016004 kB
MemFree:          146644 kB
Active:           376088 kB
Mem:          3.8G       3.7G       142M       5.7M        22M       3.2G

MemTotal:        4016004 kB
MemFree:          143212 kB
Active:           374272 kB
Mem:          3.8G       3.7G       139M       5.7M        22M       3.2G

MemTotal:        4016004 kB
MemFree:          118668 kB
Active:           378152 kB
Mem:          3.8G       3.7G       115M       5.7M        22M       3.3G

MemTotal:        4016004 kB
MemFree:          116892 kB
Active:           378164 kB
Mem:          3.8G       3.7G       113M       5.7M        22M       3.3G

MemTotal:        4016004 kB
MemFree:          116432 kB
Active:           378156 kB
Mem:          3.8G       3.7G       113M       5.7M        22M       3.3G

MemTotal:        4016004 kB
MemFree:          116560 kB
Active:           378156 kB
Mem:          3.8G       3.7G       113M       5.7M        22M       3.3G

MemTotal:        4016004 kB
MemFree:          136092 kB
Active:           377276 kB
Mem:          3.8G       3.7G       131M       5.7M        22M       3.2G

MemTotal:        4016004 kB
MemFree:          137480 kB
Active:           376176 kB
Mem:          3.8G       3.7G       133M       5.7M        22M       3.2G

MemTotal:        4016004 kB
MemFree:          131132 kB
Active:           376176 kB
Mem:          3.8G       3.7G       127M       5.7M        22M       3.2G

MemTotal:        4016004 kB
MemFree:          128040 kB
Active:           376196 kB
Mem:          3.8G       3.7G       124M       5.7M        22M       3.2G

MemTotal:        4016004 kB
MemFree:          111052 kB
Active:           376188 kB
Mem:          3.8G       3.7G       107M       5.7M        22M       3.3G

MemTotal:        4016004 kB
MemFree:          127136 kB
Active:           376200 kB
Mem:          3.8G       3.7G       124M       5.7M        22M       3.2G

MemTotal:        4016004 kB
MemFree:          122624 kB
Active:           363584 kB
Mem:          3.8G       3.7G       119M       5.7M        22M       3.2G

MemTotal:        4016004 kB
MemFree:          141852 kB
Active:           363584 kB
Mem:          3.8G       3.7G       138M       5.7M        22M       3.2G

MemTotal:        4016004 kB
MemFree:          118612 kB
Active:           363592 kB
Mem:          3.8G       3.7G       115M       5.7M        22M       3.3G

MemTotal:        4016004 kB
MemFree:          115616 kB
Active:           363608 kB
Mem:          3.8G       3.7G       112M       5.7M        22M       3.3G

MemTotal:        4016004 kB
MemFree:          114596 kB
Active:           363608 kB
Mem:          3.8G       3.7G       111M       5.7M        22M       3.3G

MemTotal:        4016004 kB
MemFree:          119732 kB
Active:           363608 kB
Mem:          3.8G       3.7G       115M       5.7M        22M       3.2G

MemTotal:        4016004 kB
MemFree:          148724 kB
Active:           363608 kB
Mem:          3.8G       3.7G       144M       5.7M        22M       3.2G

MemTotal:        4016004 kB
MemFree:          105820 kB
Active:           363616 kB
Mem:          3.8G       3.7G       102M       5.7M        22M       3.3G

MemTotal:        4016004 kB
MemFree:          138872 kB
Active:           363616 kB
Mem:          3.8G       3.7G       135M       5.7M        22M       3.2G

MemTotal:        4016004 kB
MemFree:          119244 kB
Active:           361568 kB
Mem:          3.8G       3.7G       116M       5.7M        22M       3.2G

MemTotal:        4016004 kB
MemFree:          143948 kB
Active:           361444 kB
Mem:          3.8G       3.7G       140M       5.7M        22M       3.2G

MemTotal:        4016004 kB
MemFree:          138688 kB
Active:           361448 kB
Mem:          3.8G       3.7G       134M       5.7M        22M       3.2G

MemTotal:        4016004 kB
MemFree:          125732 kB
Active:           361432 kB
Mem:          3.8G       3.7G       122M       5.7M        22M       3.2G

MemTotal:        4016004 kB
MemFree:          113684 kB
Active:           361456 kB
Mem:          3.8G       3.7G       110M       5.7M        22M       3.3G

MemTotal:        4016004 kB
MemFree:          110056 kB
Active:           361472 kB
Mem:          3.8G       3.7G       106M       5.7M        22M       3.3G

MemTotal:        4016004 kB
MemFree:          108696 kB
Active:           361472 kB
Mem:          3.8G       3.7G       106M       5.7M        22M       3.3G

MemTotal:        4016004 kB
MemFree:          107956 kB
Active:           361472 kB
Mem:          3.8G       3.7G       105M       5.7M        22M       3.3G

MemTotal:        4016004 kB
MemFree:          128252 kB
Active:           361484 kB
Mem:          3.8G       3.7G       124M       5.7M        22M       3.2G

MemTotal:        4016004 kB
MemFree:          137808 kB
Active:           362764 kB
Mem:          3.8G       3.7G       134M       5.7M        22M       3.2G

MemTotal:        4016004 kB
MemFree:          115036 kB
Active:           362612 kB
Mem:          3.8G       3.7G       112M       5.7M        22M       3.3G

MemTotal:        4016004 kB
MemFree:          120724 kB
Active:           359316 kB
Mem:          3.8G       3.7G       117M       5.7M        22M       3.2G

MemTotal:        4016004 kB
MemFree:          149700 kB
Active:           359316 kB
Mem:          3.8G       3.7G       145M       5.7M        22M       3.2G

MemTotal:        4016004 kB
MemFree:          127156 kB
Active:           359316 kB
Mem:          3.8G       3.7G       123M       5.7M        22M       3.2G

MemTotal:        4016004 kB
MemFree:          132492 kB
Active:           359328 kB
Mem:          3.8G       3.7G       128M       5.7M        22M       3.2G

MemTotal:        4016004 kB
MemFree:          109564 kB
Active:           359328 kB
Mem:          3.8G       3.7G       106M       5.7M        22M       3.3G

MemTotal:        4016004 kB
MemFree:          107008 kB
Active:           359340 kB
Mem:          3.8G       3.7G       104M       5.7M        22M       3.3G

MemTotal:        4016004 kB
MemFree:          106144 kB
Active:           359344 kB
Mem:          3.8G       3.7G       103M       5.7M        22M       3.3G

MemTotal:        4016004 kB
MemFree:          105140 kB
Active:           359344 kB
Mem:          3.8G       3.7G       102M       5.7M        22M       3.3G

MemTotal:        4016004 kB
MemFree:          105000 kB
Active:           359352 kB
Mem:          3.8G       3.7G       102M       5.7M        22M       3.3G

MemTotal:        4016004 kB
MemFree:          128248 kB
Active:           359356 kB
Mem:          3.8G       3.7G       124M       5.7M        22M       3.2G

MemTotal:        4016004 kB
MemFree:          131700 kB
Active:           359360 kB
Mem:          3.8G       3.7G       128M       5.7M        22M       3.2G

MemTotal:        4016004 kB
MemFree:          122788 kB
Active:           355568 kB
Mem:          3.8G       3.7G       119M       5.7M        22M       3.2G

MemTotal:        4016004 kB
MemFree:          135204 kB
Active:           355580 kB
Mem:          3.8G       3.7G       131M       5.7M        22M       3.2G

MemTotal:        4016004 kB
MemFree:          120368 kB
Active:           355580 kB
Mem:          3.8G       3.7G       117M       5.7M        22M       3.2G

MemTotal:        4016004 kB
MemFree:          130700 kB
Active:           355588 kB
Mem:          3.8G       3.7G       127M       5.7M        22M       3.2G

MemTotal:        4016004 kB
MemFree:          108052 kB
Active:           355588 kB
Mem:          3.8G       3.7G       105M       5.7M        22M       3.3G

MemTotal:        4016004 kB
MemFree:          106680 kB
Active:           355612 kB
Mem:          3.8G       3.7G       103M       5.7M        22M       3.3G

MemTotal:        4016004 kB
MemFree:          128468 kB
Active:           355624 kB
Mem:          3.8G       3.7G       124M       5.7M        22M       3.2G

MemTotal:        4016004 kB
MemFree:          127144 kB
Active:           355624 kB
Mem:          3.8G       3.7G       123M       5.7M        22M       3.2G

MemTotal:        4016004 kB
MemFree:          110160 kB
Active:           355624 kB
Mem:          3.8G       3.7G       107M       5.7M        22M       3.3G

MemTotal:        4016004 kB
MemFree:          127456 kB
Active:           355632 kB
Mem:          3.8G       3.7G       124M       5.7M        22M       3.2G

MemTotal:        4016004 kB
MemFree:          168564 kB
Active:           309776 kB
Mem:          3.8G       3.7G       164M       5.7M        22M       3.2G

MemTotal:        4016004 kB
MemFree:          162680 kB
Active:           309760 kB
Mem:          3.8G       3.7G       158M       5.7M        22M       3.2G

MemTotal:        4016004 kB
MemFree:          137008 kB
Active:           309784 kB
Mem:          3.8G       3.7G       133M       5.7M        22M       3.2G

MemTotal:        4016004 kB
MemFree:          140000 kB
Active:           309788 kB
Mem:          3.8G       3.7G       136M       5.7M        22M       3.2G

MemTotal:        4016004 kB
MemFree:          148256 kB
Active:           309788 kB
Mem:          3.8G       3.7G       144M       5.7M        22M       3.2G

MemTotal:        4016004 kB
MemFree:          123512 kB
Active:           309776 kB
Mem:          3.8G       3.7G       120M       5.7M        22M       3.2G

MemTotal:        4016004 kB
MemFree:          122444 kB
Active:           309788 kB
Mem:          3.8G       3.7G       119M       5.7M        22M       3.2G

MemTotal:        4016004 kB
MemFree:          122040 kB
Active:           309800 kB
Mem:          3.8G       3.7G       119M       5.7M        22M       3.2G

MemTotal:        4016004 kB
MemFree:          122104 kB
Active:           309800 kB
Mem:          3.8G       3.7G       119M       5.7M        22M       3.2G

MemTotal:        4016004 kB
MemFree:          122296 kB
Active:           309800 kB
Mem:          3.8G       3.7G       119M       5.7M        22M       3.2G

MemTotal:        4016004 kB
MemFree:          128788 kB
Active:           309796 kB
Mem:          3.8G       3.7G       125M       5.7M        22M       3.2G

MemTotal:        4016004 kB
MemFree:          139264 kB
Active:           309808 kB
Mem:          3.8G       3.7G       136M       5.7M        22M       3.2G

MemTotal:        4016004 kB
MemFree:          138564 kB
Active:           309816 kB
Mem:          3.8G       3.7G       135M       5.7M        22M       3.2G

MemTotal:        4016004 kB
MemFree:          117656 kB
Active:           309828 kB
Mem:          3.8G       3.7G       114M       5.7M        22M       3.2G

MemTotal:        4016004 kB
MemFree:          122712 kB
Active:           309836 kB
Mem:          3.8G       3.7G       119M       5.7M        22M       3.2G

MemTotal:        4016004 kB
MemFree:          106720 kB
Active:           309836 kB
Mem:          3.8G       3.7G       103M       5.7M        22M       3.3G

MemTotal:        4016004 kB
MemFree:          120256 kB
Active:           306768 kB
Mem:          3.8G       3.7G       117M       5.7M        22M       3.2G

MemTotal:        4016004 kB
MemFree:          120360 kB
Active:           306512 kB
Mem:          3.8G       3.7G       117M       5.7M        22M       3.2G

MemTotal:        4016004 kB
MemFree:          120484 kB
Active:           306536 kB
Mem:          3.8G       3.7G       117M       5.7M        22M       3.2G

MemTotal:        4016004 kB
MemFree:          120112 kB
Active:           306540 kB
Mem:          3.8G       3.7G       117M       5.7M        22M       3.2G

MemTotal:        4016004 kB
MemFree:          120360 kB
Active:           306536 kB
Mem:          3.8G       3.7G       117M       5.7M        22M       3.2G

MemTotal:        4016004 kB
MemFree:          119612 kB
Active:           306544 kB
Mem:          3.8G       3.7G       116M       5.7M        22M       3.2G

MemTotal:        4016004 kB
MemFree:          119552 kB
Active:           306552 kB
Mem:          3.8G       3.7G       117M       5.7M        22M       3.2G

MemTotal:        4016004 kB
MemFree:          119740 kB
Active:           306552 kB
Mem:          3.8G       3.7G       116M       5.7M        22M       3.2G

MemTotal:        4016004 kB
MemFree:          119900 kB
Active:           306552 kB
Mem:          3.8G       3.7G       117M       5.7M        22M       3.2G

MemTotal:        4016004 kB
MemFree:          120368 kB
Active:           306496 kB
Mem:          3.8G       3.7G       117M       5.7M        22M       3.2G

MemTotal:        4016004 kB
MemFree:          120368 kB
Active:           306544 kB
Mem:          3.8G       3.7G       117M       5.7M        22M       3.2G

MemTotal:        4016004 kB
MemFree:          120244 kB
Active:           306504 kB
Mem:          3.8G       3.7G       117M       5.7M        22M       3.2G

MemTotal:        4016004 kB
MemFree:          120244 kB
Active:           306552 kB
Mem:          3.8G       3.7G       117M       5.7M        22M       3.2G

MemTotal:        4016004 kB
MemFree:          119996 kB
Active:           306560 kB
Mem:          3.8G       3.7G       117M       5.7M        22M       3.2G

MemTotal:        4016004 kB
MemFree:          119872 kB
Active:           306560 kB
Mem:          3.8G       3.7G       117M       5.7M        22M       3.2G

MemTotal:        4016004 kB
MemFree:          119872 kB
Active:           306564 kB
Mem:          3.8G       3.7G       117M       5.7M        22M       3.2G

MemTotal:        4016004 kB
MemFree:          120120 kB
Active:           306564 kB
Mem:          3.8G       3.7G       117M       5.7M        22M       3.2G

MemTotal:        4016004 kB
MemFree:          119812 kB
Active:           306324 kB
Mem:          3.8G       3.7G       117M       5.7M        22M       3.2G

MemTotal:        4016004 kB
MemFree:          120184 kB
Active:           306276 kB
Mem:          3.8G       3.7G       117M       5.7M        22M       3.2G

MemTotal:        4016004 kB
MemFree:          120184 kB
Active:           306308 kB
Mem:          3.8G       3.7G       117M       5.7M        22M       3.2G

MemTotal:        4016004 kB
MemFree:          120060 kB
Active:           306280 kB
Mem:          3.8G       3.7G       117M       5.7M        22M       3.2G

MemTotal:        4016004 kB
MemFree:          120308 kB
Active:           306280 kB
Mem:          3.8G       3.7G       117M       5.7M        22M       3.2G

MemTotal:        4016004 kB
MemFree:          120432 kB
Active:           306316 kB
Mem:          3.8G       3.7G       117M       5.7M        22M       3.2G

MemTotal:        4016004 kB
MemFree:          120432 kB
Active:           306324 kB
Mem:          3.8G       3.7G       117M       5.7M        22M       3.2G

MemTotal:        4016004 kB
MemFree:          120556 kB
Active:           306292 kB
Mem:          3.8G       3.7G       117M       5.7M        22M       3.2G

MemTotal:        4016004 kB
MemFree:          119936 kB
Active:           306344 kB
Mem:          3.8G       3.7G       117M       5.7M        22M       3.2G

MemTotal:        4016004 kB
MemFree:          119936 kB
Active:           306356 kB
Mem:          3.8G       3.7G       116M       5.7M        22M       3.2G

MemTotal:        4016004 kB
MemFree:          119564 kB
Active:           306356 kB
Mem:          3.8G       3.7G       116M       5.7M        22M       3.2G

MemTotal:        4016004 kB
MemFree:          119564 kB
Active:           306332 kB
Mem:          3.8G       3.7G       116M       5.7M        22M       3.2G

MemTotal:        4016004 kB
MemFree:          119936 kB
Active:           306304 kB
Mem:          3.8G       3.7G       117M       5.7M        22M       3.2G

MemTotal:        4016004 kB
MemFree:          119936 kB
Active:           306340 kB
Mem:          3.8G       3.7G       117M       5.7M        22M       3.2G

MemTotal:        4016004 kB
MemFree:          119564 kB
Active:           306364 kB
Mem:          3.8G       3.7G       116M       5.7M        22M       3.2G

MemTotal:        4016004 kB
MemFree:          119812 kB
Active:           306344 kB
Mem:          3.8G       3.7G       117M       5.7M        22M       3.2G

MemTotal:        4016004 kB
MemFree:          119812 kB
Active:           306312 kB
Mem:          3.8G       3.7G       117M       5.7M        22M       3.2G

MemTotal:        4016004 kB
MemFree:          119440 kB
Active:           306368 kB
Mem:          3.8G       3.7G       116M       5.7M        22M       3.2G

MemTotal:        4016004 kB
MemFree:          119936 kB
Active:           306340 kB
Mem:          3.8G       3.7G       116M       5.7M        22M       3.2G

MemTotal:        4016004 kB
MemFree:          120060 kB
Active:           306352 kB
Mem:          3.8G       3.7G       116M       5.7M        22M       3.2G

MemTotal:        4016004 kB
MemFree:          119688 kB
Active:           306312 kB
Mem:          3.8G       3.7G       116M       5.7M        22M       3.2G

MemTotal:        4016004 kB
MemFree:          119440 kB
Active:           306368 kB
Mem:          3.8G       3.7G       116M       5.7M        22M       3.2G

MemTotal:        4016004 kB
MemFree:          119316 kB
Active:           306376 kB
Mem:          3.8G       3.7G       116M       5.7M        22M       3.2G

MemTotal:        4016004 kB
MemFree:          119936 kB
Active:           306328 kB
Mem:          3.8G       3.7G       116M       5.7M        22M       3.2G

MemTotal:        4016004 kB
MemFree:          119568 kB
Active:           306384 kB
Mem:          3.8G       3.7G       116M       5.7M        22M       3.2G

MemTotal:        4016004 kB
MemFree:          119816 kB
Active:           306372 kB
Mem:          3.8G       3.7G       116M       5.7M        22M       3.2G

MemTotal:        4016004 kB
MemFree:          120188 kB
Active:           306340 kB
Mem:          3.8G       3.7G       117M       5.7M        22M       3.2G

MemTotal:        4016004 kB
MemFree:          120188 kB
Active:           306352 kB
Mem:          3.8G       3.7G       117M       5.7M        22M       3.2G

MemTotal:        4016004 kB
MemFree:          120436 kB
Active:           306352 kB
Mem:          3.8G       3.7G       117M       5.7M        22M       3.2G

MemTotal:        4016004 kB
MemFree:          120436 kB
Active:           306380 kB
Mem:          3.8G       3.7G       117M       5.7M        22M       3.2G

MemTotal:        4016004 kB
MemFree:          120532 kB
Active:           306356 kB
Mem:          3.8G       3.7G       117M       5.7M        22M       3.2G

MemTotal:        4016004 kB
MemFree:          120532 kB
Active:           306380 kB
Mem:          3.8G       3.7G       117M       5.7M        22M       3.2G

MemTotal:        4016004 kB
MemFree:          120160 kB
Active:           306400 kB
Mem:          3.8G       3.7G       117M       5.7M        22M       3.2G

MemTotal:        4016004 kB
MemFree:          120656 kB
Active:           306376 kB
Mem:          3.8G       3.7G       117M       5.7M        22M       3.2G

MemTotal:        4016004 kB
MemFree:          120532 kB
Active:           306384 kB
Mem:          3.8G       3.7G       117M       5.7M        22M       3.2G

MemTotal:        4016004 kB
MemFree:          120284 kB
Active:           306408 kB
Mem:          3.8G       3.7G       117M       5.7M        22M       3.2G

MemTotal:        4016004 kB
MemFree:          120284 kB
Active:           306388 kB
Mem:          3.8G       3.7G       117M       5.7M        22M       3.2G

MemTotal:        4016004 kB
MemFree:          120408 kB
Active:           306400 kB
Mem:          3.8G       3.7G       117M       5.7M        22M       3.2G

MemTotal:        4016004 kB
MemFree:          120408 kB
Active:           306424 kB
Mem:          3.8G       3.7G       117M       5.7M        22M       3.2G

MemTotal:        4016004 kB
MemFree:          120408 kB
Active:           306380 kB
Mem:          3.8G       3.7G       117M       5.7M        22M       3.2G

MemTotal:        4016004 kB
MemFree:          120284 kB
Active:           306396 kB
Mem:          3.8G       3.7G       117M       5.7M        22M       3.2G

MemTotal:        4016004 kB
MemFree:          120160 kB
Active:           306372 kB
Mem:          3.8G       3.7G       117M       5.7M        22M       3.2G

MemTotal:        4016004 kB
MemFree:          120160 kB
Active:           306368 kB
Mem:          3.8G       3.7G       117M       5.7M        22M       3.2G

MemTotal:        4016004 kB
MemFree:          119912 kB
Active:           306400 kB
Mem:          3.8G       3.7G       117M       5.7M        22M       3.2G

MemTotal:        4016004 kB
MemFree:          120160 kB
Active:           306372 kB
Mem:          3.8G       3.7G       117M       5.7M        22M       3.2G

MemTotal:        4016004 kB
MemFree:          119664 kB
Active:           306436 kB
Mem:          3.8G       3.7G       117M       5.7M        22M       3.2G

MemTotal:        4016004 kB
MemFree:          119788 kB
Active:           306440 kB
Mem:          3.8G       3.7G       117M       5.7M        22M       3.2G

MemTotal:        4016004 kB
MemFree:          119912 kB
Active:           306412 kB
Mem:          3.8G       3.7G       117M       5.7M        22M       3.2G

MemTotal:        4016004 kB
MemFree:          119912 kB
Active:           306436 kB
Mem:          3.8G       3.7G       117M       5.7M        22M       3.2G

MemTotal:        4016004 kB
MemFree:          119416 kB
Active:           306440 kB
Mem:          3.8G       3.7G       116M       5.7M        22M       3.2G

MemTotal:        4016004 kB
MemFree:          119788 kB
Active:           306432 kB
Mem:          3.8G       3.7G       117M       5.7M        22M       3.2G

MemTotal:        4016004 kB
MemFree:          120036 kB
Active:           306408 kB
Mem:          3.8G       3.7G       117M       5.7M        22M       3.2G

MemTotal:        4016004 kB
MemFree:          119912 kB
Active:           306428 kB
Mem:          3.8G       3.7G       116M       5.7M        22M       3.2G

MemTotal:        4016004 kB
MemFree:          119168 kB
Active:           306452 kB
Mem:          3.8G       3.7G       116M       5.7M        22M       3.2G

MemTotal:        4016004 kB
MemFree:          119664 kB
Active:           306412 kB
Mem:          3.8G       3.7G       116M       5.7M        22M       3.2G

MemTotal:        4016004 kB
MemFree:          119168 kB
Active:           306456 kB
Mem:          3.8G       3.7G       116M       5.7M        22M       3.2G

MemTotal:        4016004 kB
MemFree:          119168 kB
Active:           306456 kB
Mem:          3.8G       3.7G       116M       5.7M        22M       3.2G

MemTotal:        4016004 kB
MemFree:          119292 kB
Active:           306456 kB
Mem:          3.8G       3.7G       116M       5.7M        22M       3.2G

MemTotal:        4016004 kB
MemFree:          119664 kB
Active:           306448 kB
Mem:          3.8G       3.7G       116M       5.7M        22M       3.2G

MemTotal:        4016004 kB
MemFree:          120284 kB
Active:           306432 kB
Mem:          3.8G       3.7G       117M       5.7M        22M       3.2G

MemTotal:        4016004 kB
MemFree:          120408 kB
Active:           306448 kB
Mem:          3.8G       3.7G       117M       5.7M        22M       3.2G

MemTotal:        4016004 kB
MemFree:          120408 kB
Active:           306432 kB
Mem:          3.8G       3.7G       117M       5.7M        22M       3.2G

MemTotal:        4016004 kB
MemFree:          120408 kB
Active:           306412 kB
Mem:          3.8G       3.7G       117M       5.7M        22M       3.2G

MemTotal:        4016004 kB
MemFree:          120408 kB
Active:           306440 kB
Mem:          3.8G       3.7G       117M       5.7M        22M       3.2G

MemTotal:        4016004 kB
MemFree:          119664 kB
Active:           306468 kB
Mem:          3.8G       3.7G       117M       5.7M        22M       3.2G

MemTotal:        4016004 kB
MemFree:          119912 kB
Active:           306424 kB
Mem:          3.8G       3.7G       117M       5.7M        22M       3.2G

MemTotal:        4016004 kB
MemFree:          119540 kB
Active:           306476 kB
Mem:          3.8G       3.7G       117M       5.7M        22M       3.2G

MemTotal:        4016004 kB
MemFree:          119044 kB
Active:           306480 kB
Mem:          3.8G       3.7G       116M       5.7M        22M       3.2G

MemTotal:        4016004 kB
MemFree:          119540 kB
Active:           306456 kB
Mem:          3.8G       3.7G       116M       5.7M        22M       3.2G

MemTotal:        4016004 kB
MemFree:          118920 kB
Active:           306480 kB
Mem:          3.8G       3.7G       116M       5.7M        22M       3.2G

MemTotal:        4016004 kB
MemFree:          119664 kB
Active:           306452 kB
Mem:          3.8G       3.7G       116M       5.7M        22M       3.2G

MemTotal:        4016004 kB
MemFree:          120036 kB
Active:           306424 kB
Mem:          3.8G       3.7G       116M       5.7M        22M       3.2G

MemTotal:        4016004 kB
MemFree:          119912 kB
Active:           306448 kB
Mem:          3.8G       3.7G       116M       5.7M        22M       3.2G

MemTotal:        4016004 kB
MemFree:          119540 kB
Active:           306484 kB
Mem:          3.8G       3.7G       117M       5.7M        22M       3.2G

MemTotal:        4016004 kB
MemFree:          119664 kB
Active:           306448 kB
Mem:          3.8G       3.7G       116M       5.7M        22M       3.2G

MemTotal:        4016004 kB
MemFree:          119788 kB
Active:           306464 kB
Mem:          3.8G       3.7G       116M       5.7M        22M       3.2G

MemTotal:        4016004 kB
MemFree:          119912 kB
Active:           306460 kB
Mem:          3.8G       3.7G       116M       5.7M        22M       3.2G

MemTotal:        4016004 kB
MemFree:          119540 kB
Active:           306488 kB
Mem:          3.8G       3.7G       116M       5.7M        22M       3.2G

MemTotal:        4016004 kB
MemFree:          120284 kB
Active:           306460 kB
Mem:          3.8G       3.7G       117M       5.7M        22M       3.2G

MemTotal:        4016004 kB
MemFree:          120284 kB
Active:           306488 kB
Mem:          3.8G       3.7G       117M       5.7M        22M       3.2G

MemTotal:        4016004 kB
MemFree:          120036 kB
Active:           306448 kB
Mem:          3.8G       3.7G       117M       5.7M        22M       3.2G

MemTotal:        4016004 kB
MemFree:          120284 kB
Active:           306440 kB
Mem:          3.8G       3.7G       117M       5.7M        22M       3.2G

MemTotal:        4016004 kB
MemFree:          120160 kB
Active:           306480 kB
Mem:          3.8G       3.7G       117M       5.7M        22M       3.2G

MemTotal:        4016004 kB
MemFree:          120160 kB
Active:           306476 kB
Mem:          3.8G       3.7G       117M       5.7M        22M       3.2G

MemTotal:        4016004 kB
MemFree:          120284 kB
Active:           306440 kB
Mem:          3.8G       3.7G       117M       5.7M        22M       3.2G

MemTotal:        4016004 kB
MemFree:          120532 kB
Active:           306468 kB
Mem:          3.8G       3.7G       117M       5.7M        22M       3.2G

MemTotal:        4016004 kB
MemFree:          120284 kB
Active:           306460 kB
Mem:          3.8G       3.7G       117M       5.7M        22M       3.2G

MemTotal:        4016004 kB
MemFree:          120036 kB
Active:           306516 kB
Mem:          3.8G       3.7G       117M       5.7M        22M       3.2G

MemTotal:        4016004 kB
MemFree:          120532 kB
Active:           306500 kB
Mem:          3.8G       3.7G       117M       5.7M        22M       3.2G

MemTotal:        4016004 kB
MemFree:          120532 kB
Active:           306484 kB
Mem:          3.8G       3.7G       117M       5.7M        22M       3.2G

MemTotal:        4016004 kB
MemFree:          120656 kB
Active:           306504 kB
Mem:          3.8G       3.7G       117M       5.7M        22M       3.2G

MemTotal:        4016004 kB
MemFree:          120532 kB
Active:           306468 kB
Mem:          3.8G       3.7G       117M       5.7M        22M       3.2G

MemTotal:        4016004 kB
MemFree:          120532 kB
Active:           306488 kB
Mem:          3.8G       3.7G       117M       5.7M        22M       3.2G

MemTotal:        4016004 kB
MemFree:          120036 kB
Active:           306524 kB
Mem:          3.8G       3.7G       117M       5.7M        22M       3.2G

MemTotal:        4016004 kB
MemFree:          119664 kB
Active:           306524 kB
Mem:          3.8G       3.7G       116M       5.7M        22M       3.2G

MemTotal:        4016004 kB
MemFree:          119788 kB
Active:           306524 kB
Mem:          3.8G       3.7G       116M       5.7M        22M       3.2G

MemTotal:        4016004 kB
MemFree:          119788 kB
Active:           306496 kB
Mem:          3.8G       3.7G       117M       5.7M        22M       3.2G

MemTotal:        4016004 kB
MemFree:          119912 kB
Active:           306508 kB
Mem:          3.8G       3.7G       117M       5.7M        22M       3.2G

MemTotal:        4016004 kB
MemFree:          119416 kB
Active:           306540 kB
Mem:          3.8G       3.7G       116M       5.7M        22M       3.2G

MemTotal:        4016004 kB
MemFree:          119292 kB
Active:           306540 kB
Mem:          3.8G       3.7G       116M       5.7M        22M       3.2G

MemTotal:        4016004 kB
MemFree:          120036 kB
Active:           306528 kB
Mem:          3.8G       3.7G       117M       5.7M        22M       3.2G

MemTotal:        4016004 kB
MemFree:          119664 kB
Active:           306548 kB
Mem:          3.8G       3.7G       117M       5.7M        22M       3.2G

MemTotal:        4016004 kB
MemFree:          120036 kB
Active:           306516 kB
Mem:          3.8G       3.7G       117M       5.7M        22M       3.2G

MemTotal:        4016004 kB
MemFree:          119788 kB
Active:           306520 kB
Mem:          3.8G       3.7G       117M       5.7M        22M       3.2G

MemTotal:        4016004 kB
MemFree:          119788 kB
Active:           306520 kB
Mem:          3.8G       3.7G       117M       5.7M        22M       3.2G

MemTotal:        4016004 kB
MemFree:          119416 kB
Active:           306548 kB
Mem:          3.8G       3.7G       116M       5.7M        22M       3.2G

MemTotal:        4016004 kB
MemFree:          119416 kB
Active:           306548 kB
Mem:          3.8G       3.7G       116M       5.7M        22M       3.2G

MemTotal:        4016004 kB
MemFree:          120036 kB
Active:           306512 kB
Mem:          3.8G       3.7G       117M       5.7M        22M       3.2G

MemTotal:        4016004 kB
MemFree:          119912 kB
Active:           306520 kB
Mem:          3.8G       3.7G       116M       5.7M        22M       3.2G

MemTotal:        4016004 kB
MemFree:          120036 kB
Active:           306564 kB
Mem:          3.8G       3.7G       117M       5.7M        22M       3.2G

MemTotal:        4016004 kB
MemFree:          119416 kB
Active:           306564 kB
Mem:          3.8G       3.7G       116M       5.7M        22M       3.2G

MemTotal:        4016004 kB
MemFree:          120036 kB
Active:           306544 kB
Mem:          3.8G       3.7G       117M       5.7M        22M       3.2G

MemTotal:        4016004 kB
MemFree:          120284 kB
Active:           306560 kB
Mem:          3.8G       3.7G       117M       5.7M        22M       3.2G

MemTotal:        4016004 kB
MemFree:          120052 kB
Active:           306524 kB
Mem:          3.8G       3.7G       117M       5.7M        22M       3.2G

MemTotal:        4016004 kB
MemFree:          120052 kB
Active:           306564 kB
Mem:          3.8G       3.7G       117M       5.7M        22M       3.2G

MemTotal:        4016004 kB
MemFree:          120052 kB
Active:           306556 kB
Mem:          3.8G       3.7G       117M       5.7M        22M       3.2G

MemTotal:        4016004 kB
MemFree:          120176 kB
Active:           306524 kB
Mem:          3.8G       3.7G       117M       5.7M        22M       3.2G

MemTotal:        4016004 kB
MemFree:          120300 kB
Active:           306556 kB
Mem:          3.8G       3.7G       117M       5.7M        22M       3.2G

MemTotal:        4016004 kB
MemFree:          120424 kB
Active:           306544 kB
Mem:          3.8G       3.7G       117M       5.7M        22M       3.2G

MemTotal:        4016004 kB
MemFree:          119680 kB
Active:           306584 kB
Mem:          3.8G       3.7G       116M       5.7M        22M       3.2G

MemTotal:        4016004 kB
MemFree:          119680 kB
Active:           306560 kB
Mem:          3.8G       3.7G       116M       5.7M        22M       3.2G

MemTotal:        4016004 kB
MemFree:          119804 kB
Active:           306540 kB
Mem:          3.8G       3.7G       116M       5.7M        22M       3.2G

MemTotal:        4016004 kB
MemFree:          119680 kB
Active:           306588 kB
Mem:          3.8G       3.7G       116M       5.7M        22M       3.2G

MemTotal:        4016004 kB
MemFree:          119680 kB
Active:           306540 kB
Mem:          3.8G       3.7G       116M       5.7M        22M       3.2G

MemTotal:        4016004 kB
MemFree:          119556 kB
Active:           306588 kB
Mem:          3.8G       3.7G       116M       5.7M        22M       3.2G

MemTotal:        4016004 kB
MemFree:          120052 kB
Active:           306552 kB
Mem:          3.8G       3.7G       117M       5.7M        22M       3.2G

MemTotal:        4016004 kB
MemFree:          119680 kB
Active:           306596 kB
Mem:          3.8G       3.7G       116M       5.7M        22M       3.2G

MemTotal:        4016004 kB
MemFree:          120052 kB
Active:           306580 kB
Mem:          3.8G       3.7G       117M       5.7M        22M       3.2G

MemTotal:        4016004 kB
MemFree:          119928 kB
Active:           306548 kB
Mem:          3.8G       3.7G       117M       5.7M        22M       3.2G

MemTotal:        4016004 kB
MemFree:          120176 kB
Active:           306596 kB
Mem:          3.8G       3.7G       117M       5.7M        22M       3.2G

MemTotal:        4016004 kB
MemFree:          120176 kB
Active:           306588 kB
Mem:          3.8G       3.7G       117M       5.7M        22M       3.2G

MemTotal:        4016004 kB
MemFree:          120052 kB
Active:           306568 kB
Mem:          3.8G       3.7G       117M       5.7M        22M       3.2G

MemTotal:        4016004 kB
MemFree:          119928 kB
Active:           306596 kB
Mem:          3.8G       3.7G       116M       5.7M        22M       3.2G

MemTotal:        4016004 kB
MemFree:          119804 kB
Active:           306576 kB
Mem:          3.8G       3.7G       116M       5.7M        22M       3.2G

MemTotal:        4016004 kB
MemFree:          119804 kB
Active:           306580 kB
Mem:          3.8G       3.7G       116M       5.7M        22M       3.2G

MemTotal:        4016004 kB
MemFree:          119928 kB
Active:           306556 kB
Mem:          3.8G       3.7G       116M       5.7M        22M       3.2G

MemTotal:        4016004 kB
MemFree:          119804 kB
Active:           306616 kB
Mem:          3.8G       3.7G       117M       5.7M        22M       3.2G

MemTotal:        4016004 kB
MemFree:          119432 kB
Active:           306620 kB
Mem:          3.8G       3.7G       116M       5.7M        22M       3.2G

MemTotal:        4016004 kB
MemFree:          119804 kB
Active:           306588 kB
Mem:          3.8G       3.7G       117M       5.7M        22M       3.2G

MemTotal:        4016004 kB
MemFree:          119804 kB
Active:           306572 kB
Mem:          3.8G       3.7G       116M       5.7M        22M       3.2G

MemTotal:        4016004 kB
MemFree:          119804 kB
Active:           306604 kB
Mem:          3.8G       3.7G       117M       5.7M        22M       3.2G

MemTotal:        4016004 kB
MemFree:          119804 kB
Active:           306584 kB
Mem:          3.8G       3.7G       116M       5.7M        22M       3.2G

MemTotal:        4016004 kB
MemFree:          120176 kB
Active:           306588 kB
Mem:          3.8G       3.7G       117M       5.7M        22M       3.2G

MemTotal:        4016004 kB
MemFree:          119928 kB
Active:           306628 kB
Mem:          3.8G       3.7G       117M       5.7M        22M       3.2G

MemTotal:        4016004 kB
MemFree:          119804 kB
Active:           306636 kB
Mem:          3.8G       3.7G       117M       5.7M        22M       3.2G

MemTotal:        4016004 kB
MemFree:          119944 kB
Active:           306588 kB
Mem:          3.8G       3.7G       117M       5.7M        22M       3.2G

MemTotal:        4016004 kB
MemFree:          119572 kB
Active:           306640 kB
Mem:          3.8G       3.7G       117M       5.7M        22M       3.2G

MemTotal:        4016004 kB
MemFree:          119820 kB
Active:           306612 kB
Mem:          3.8G       3.7G       117M       5.7M        22M       3.2G

MemTotal:        4016004 kB
MemFree:          119944 kB
Active:           306644 kB
Mem:          3.8G       3.7G       116M       5.7M        22M       3.2G

MemTotal:        4016004 kB
MemFree:          119944 kB
Active:           306620 kB
Mem:          3.8G       3.7G       116M       5.7M        22M       3.2G

MemTotal:        4016004 kB
MemFree:          119696 kB
Active:           306652 kB
Mem:          3.8G       3.7G       117M       5.7M        22M       3.2G

MemTotal:        4016004 kB
MemFree:          119696 kB
Active:           306660 kB
Mem:          3.8G       3.7G       116M       5.7M        22M       3.2G

MemTotal:        4016004 kB
MemFree:          119820 kB
Active:           306624 kB
Mem:          3.8G       3.7G       117M       5.7M        22M       3.2G

MemTotal:        4016004 kB
MemFree:          119820 kB
Active:           306660 kB
Mem:          3.8G       3.7G       117M       5.7M        22M       3.2G

MemTotal:        4016004 kB
MemFree:          120068 kB
Active:           306624 kB
Mem:          3.8G       3.7G       117M       5.7M        22M       3.2G

MemTotal:        4016004 kB
MemFree:          120192 kB
Active:           306612 kB
Mem:          3.8G       3.7G       117M       5.7M        22M       3.2G

MemTotal:        4016004 kB
MemFree:          120192 kB
Active:           306640 kB
Mem:          3.8G       3.7G       116M       5.7M        22M       3.2G

MemTotal:        4016004 kB
MemFree:          119944 kB
Active:           306656 kB
Mem:          3.8G       3.7G       117M       5.7M        22M       3.2G

MemTotal:        4016004 kB
MemFree:          119448 kB
Active:           306668 kB
Mem:          3.8G       3.7G       116M       5.7M        22M       3.2G

MemTotal:        4016004 kB
MemFree:          119820 kB
Active:           306652 kB
Mem:          3.8G       3.7G       116M       5.7M        22M       3.2G

MemTotal:        4016004 kB
MemFree:          119820 kB
Active:           306644 kB
Mem:          3.8G       3.7G       116M       5.7M        22M       3.2G

MemTotal:        4016004 kB
MemFree:          119944 kB
Active:           306656 kB
Mem:          3.8G       3.7G       117M       5.7M        22M       3.2G

MemTotal:        4016004 kB
MemFree:          119572 kB
Active:           306676 kB
Mem:          3.8G       3.7G       117M       5.7M        22M       3.2G

MemTotal:        4016004 kB
MemFree:          119820 kB
Active:           306632 kB
Mem:          3.8G       3.7G       117M       5.7M        22M       3.2G

MemTotal:        4016004 kB
MemFree:          119944 kB
Active:           306636 kB
Mem:          3.8G       3.7G       117M       5.7M        22M       3.2G

MemTotal:        4016004 kB
MemFree:          119944 kB
Active:           306640 kB
Mem:          3.8G       3.7G       117M       5.7M        22M       3.2G

MemTotal:        4016004 kB
MemFree:          119448 kB
Active:           306688 kB
Mem:          3.8G       3.7G       116M       5.7M        23M       3.2G

MemTotal:        4016004 kB
MemFree:          119696 kB
Active:           306688 kB
Mem:          3.8G       3.7G       116M       5.7M        23M       3.2G

MemTotal:        4016004 kB
MemFree:          119200 kB
Active:           306720 kB
Mem:          3.8G       3.7G       116M       5.7M        23M       3.2G

MemTotal:        4016004 kB
MemFree:          119200 kB
Active:           306972 kB
Mem:          3.8G       3.7G       116M       5.7M        23M       3.2G

MemTotal:        4016004 kB
MemFree:          119432 kB
Active:           306728 kB
Mem:          3.8G       3.7G       116M       5.7M        23M       3.2G

MemTotal:        4016004 kB
MemFree:          119060 kB
Active:           306736 kB
Mem:          3.8G       3.7G       116M       5.7M        23M       3.2G

MemTotal:        4016004 kB
MemFree:          119060 kB
Active:           306712 kB
Mem:          3.8G       3.7G       116M       5.7M        23M       3.2G

