MemTotal:        4016004 kB
MemFree:         3218292 kB
Active:           440332 kB
Mem:          3.8G       778M       3.1G       5.7M        55M       320M

MemTotal:        4016004 kB
MemFree:         3218104 kB
Active:           440484 kB
Mem:          3.8G       778M       3.1G       5.7M        55M       320M

MemTotal:        4016004 kB
MemFree:         3218724 kB
Active:           440508 kB
Mem:          3.8G       778M       3.1G       5.7M        55M       320M

MemTotal:        4016004 kB
MemFree:         3218584 kB
Active:           440532 kB
Mem:          3.8G       778M       3.1G       5.7M        55M       320M

MemTotal:        4016004 kB
MemFree:         3219080 kB
Active:           440536 kB
Mem:          3.8G       778M       3.1G       5.7M        55M       320M

MemTotal:        4016004 kB
MemFree:         3219064 kB
Active:           440560 kB
Mem:          3.8G       778M       3.1G       5.7M        55M       320M

MemTotal:        4016004 kB
MemFree:         3219048 kB
Active:           440532 kB
Mem:          3.8G       778M       3.1G       5.7M        55M       320M

MemTotal:        4016004 kB
MemFree:         3218676 kB
Active:           440528 kB
Mem:          3.8G       778M       3.1G       5.7M        55M       320M

MemTotal:        4016004 kB
MemFree:         3218676 kB
Active:           440544 kB
Mem:          3.8G       778M       3.1G       5.7M        55M       320M

MemTotal:        4016004 kB
MemFree:         3218784 kB
Active:           440548 kB
Mem:          3.8G       778M       3.1G       5.7M        55M       320M

MemTotal:        4016004 kB
MemFree:         3219264 kB
Active:           440552 kB
Mem:          3.8G       778M       3.1G       5.7M        55M       320M

MemTotal:        4016004 kB
MemFree:         3218760 kB
Active:           440560 kB
Mem:          3.8G       778M       3.1G       5.7M        55M       320M

MemTotal:        4016004 kB
MemFree:         3218884 kB
Active:           440564 kB
Mem:          3.8G       778M       3.1G       5.7M        55M       320M

MemTotal:        4016004 kB
MemFree:         3218992 kB
Active:           440544 kB
Mem:          3.8G       778M       3.1G       5.7M        55M       320M

MemTotal:        4016004 kB
MemFree:         3218868 kB
Active:           440544 kB
Mem:          3.8G       778M       3.1G       5.7M        55M       320M

MemTotal:        4016004 kB
MemFree:         3218744 kB
Active:           440568 kB
Mem:          3.8G       778M       3.1G       5.7M        55M       320M

MemTotal:        4016004 kB
MemFree:         3216836 kB
Active:           440536 kB
Mem:          3.8G       780M       3.1G       5.7M        55M       320M

MemTotal:        4016004 kB
MemFree:         3217316 kB
Active:           440504 kB
Mem:          3.8G       780M       3.1G       5.7M        55M       320M

MemTotal:        4016004 kB
MemFree:         3216448 kB
Active:           442604 kB
Mem:          3.8G       780M       3.1G       5.7M        55M       320M

MemTotal:        4016004 kB
MemFree:         3216944 kB
Active:           442560 kB
Mem:          3.8G       780M       3.1G       5.7M        55M       320M

MemTotal:        4016004 kB
MemFree:         3216820 kB
Active:           442560 kB
Mem:          3.8G       780M       3.1G       5.7M        55M       320M

MemTotal:        4016004 kB
MemFree:         3216448 kB
Active:           442612 kB
Mem:          3.8G       780M       3.1G       5.7M        55M       320M

MemTotal:        4016004 kB
MemFree:         3216572 kB
Active:           442608 kB
Mem:          3.8G       780M       3.1G       5.7M        55M       320M

MemTotal:        4016004 kB
MemFree:         3216696 kB
Active:           442584 kB
Mem:          3.8G       780M       3.1G       5.7M        55M       320M

MemTotal:        4016004 kB
MemFree:         3216556 kB
Active:           442600 kB
Mem:          3.8G       780M       3.1G       5.7M        55M       320M

MemTotal:        4016004 kB
MemFree:         3216680 kB
Active:           442560 kB
Mem:          3.8G       780M       3.1G       5.7M        55M       320M

MemTotal:        4016004 kB
MemFree:         3216804 kB
Active:           442580 kB
Mem:          3.8G       780M       3.1G       5.7M        55M       320M

MemTotal:        4016004 kB
MemFree:         3216804 kB
Active:           442592 kB
Mem:          3.8G       780M       3.1G       5.7M        55M       320M

MemTotal:        4016004 kB
MemFree:         3217052 kB
Active:           442612 kB
Mem:          3.8G       780M       3.1G       5.7M        55M       320M

MemTotal:        4016004 kB
MemFree:         3216928 kB
Active:           442576 kB
Mem:          3.8G       780M       3.1G       5.7M        55M       320M

MemTotal:        4016004 kB
MemFree:         3216912 kB
Active:           442588 kB
Mem:          3.8G       780M       3.1G       5.7M        55M       320M

MemTotal:        4016004 kB
MemFree:         3216880 kB
Active:           442576 kB
Mem:          3.8G       780M       3.1G       5.7M        55M       320M

MemTotal:        4016004 kB
MemFree:         3216880 kB
Active:           442612 kB
Mem:          3.8G       780M       3.1G       5.7M        55M       320M

MemTotal:        4016004 kB
MemFree:         3217252 kB
Active:           442616 kB
Mem:          3.8G       780M       3.1G       5.7M        55M       320M

MemTotal:        4016004 kB
MemFree:         3216988 kB
Active:           442580 kB
Mem:          3.8G       780M       3.1G       5.7M        55M       320M

MemTotal:        4016004 kB
MemFree:         3216724 kB
Active:           442584 kB
Mem:          3.8G       780M       3.1G       5.7M        55M       320M

MemTotal:        4016004 kB
MemFree:         3215792 kB
Active:           440592 kB
Mem:          3.8G       781M       3.1G       5.7M        55M       320M

MemTotal:        4016004 kB
MemFree:         3215916 kB
Active:           442640 kB
Mem:          3.8G       781M       3.1G       5.7M        55M       320M

MemTotal:        4016004 kB
MemFree:         3216024 kB
Active:           442612 kB
Mem:          3.8G       781M       3.1G       5.7M        55M       320M

MemTotal:        4016004 kB
MemFree:         3216024 kB
Active:           442616 kB
Mem:          3.8G       781M       3.1G       5.7M        55M       320M

MemTotal:        4016004 kB
MemFree:         3215900 kB
Active:           442600 kB
Mem:          3.8G       781M       3.1G       5.7M        55M       320M

MemTotal:        4016004 kB
MemFree:         3216256 kB
Active:           442656 kB
Mem:          3.8G       781M       3.1G       5.7M        55M       320M

MemTotal:        4016004 kB
MemFree:         3216380 kB
Active:           442644 kB
Mem:          3.8G       781M       3.1G       5.7M        55M       320M

MemTotal:        4016004 kB
MemFree:         3216380 kB
Active:           442616 kB
Mem:          3.8G       780M       3.1G       5.7M        55M       320M

MemTotal:        4016004 kB
MemFree:         3215992 kB
Active:           442672 kB
Mem:          3.8G       780M       3.1G       5.7M        55M       320M

MemTotal:        4016004 kB
MemFree:         3216364 kB
Active:           442664 kB
Mem:          3.8G       780M       3.1G       5.7M        55M       320M

MemTotal:        4016004 kB
MemFree:         3216364 kB
Active:           442668 kB
Mem:          3.8G       781M       3.1G       5.7M        55M       320M

MemTotal:        4016004 kB
MemFree:         3216488 kB
Active:           442624 kB
Mem:          3.8G       780M       3.1G       5.7M        55M       320M

MemTotal:        4016004 kB
MemFree:         3216488 kB
Active:           442672 kB
Mem:          3.8G       780M       3.1G       5.7M        55M       320M

MemTotal:        4016004 kB
MemFree:         3216984 kB
Active:           442672 kB
Mem:          3.8G       780M       3.1G       5.7M        55M       320M

MemTotal:        4016004 kB
MemFree:         3216612 kB
Active:           442684 kB
Mem:          3.8G       780M       3.1G       5.7M        55M       320M

MemTotal:        4016004 kB
MemFree:         3216488 kB
Active:           442652 kB
Mem:          3.8G       780M       3.1G       5.7M        55M       320M

MemTotal:        4016004 kB
MemFree:         3216348 kB
Active:           442684 kB
Mem:          3.8G       780M       3.1G       5.7M        55M       320M

MemTotal:        4016004 kB
MemFree:         3215976 kB
Active:           442700 kB
Mem:          3.8G       780M       3.1G       5.7M        55M       320M

MemTotal:        4016004 kB
MemFree:         3215836 kB
Active:           442700 kB
Mem:          3.8G       781M       3.1G       5.7M        55M       320M

MemTotal:        4016004 kB
MemFree:         3216068 kB
Active:           442656 kB
Mem:          3.8G       781M       3.1G       5.7M        55M       320M

MemTotal:        4016004 kB
MemFree:         3216300 kB
Active:           442648 kB
Mem:          3.8G       781M       3.1G       5.7M        55M       320M

MemTotal:        4016004 kB
MemFree:         3215728 kB
Active:           442704 kB
Mem:          3.8G       781M       3.1G       5.7M        55M       320M

MemTotal:        4016004 kB
MemFree:         3216348 kB
Active:           442672 kB
Mem:          3.8G       781M       3.1G       5.7M        55M       320M

MemTotal:        4016004 kB
MemFree:         3216416 kB
Active:           442664 kB
Mem:          3.8G       780M       3.1G       5.7M        55M       320M

MemTotal:        4016004 kB
MemFree:         3217036 kB
Active:           442656 kB
Mem:          3.8G       780M       3.1G       5.7M        55M       320M

MemTotal:        4016004 kB
MemFree:         3216416 kB
Active:           442712 kB
Mem:          3.8G       780M       3.1G       5.7M        55M       320M

MemTotal:        4016004 kB
MemFree:         3216540 kB
Active:           442676 kB
Mem:          3.8G       780M       3.1G       5.7M        55M       320M

MemTotal:        4016004 kB
MemFree:         3216044 kB
Active:           442712 kB
Mem:          3.8G       780M       3.1G       5.7M        55M       320M

MemTotal:        4016004 kB
MemFree:         3216540 kB
Active:           442676 kB
Mem:          3.8G       780M       3.1G       5.7M        55M       320M

MemTotal:        4016004 kB
MemFree:         3216664 kB
Active:           442672 kB
Mem:          3.8G       780M       3.1G       5.7M        55M       320M

MemTotal:        4016004 kB
MemFree:         3214616 kB
Active:           442660 kB
Mem:          3.8G       782M       3.1G       5.7M        55M       320M

MemTotal:        4016004 kB
MemFree:         3214492 kB
Active:           444688 kB
Mem:          3.8G       782M       3.1G       5.7M        55M       320M

MemTotal:        4016004 kB
MemFree:         3214368 kB
Active:           444740 kB
Mem:          3.8G       782M       3.1G       5.7M        55M       320M

MemTotal:        4016004 kB
MemFree:         3214476 kB
Active:           444728 kB
Mem:          3.8G       783M       3.1G       5.7M        55M       320M

MemTotal:        4016004 kB
MemFree:         3214088 kB
Active:           444688 kB
Mem:          3.8G       783M       3.1G       5.7M        55M       320M

MemTotal:        4016004 kB
MemFree:         3214072 kB
Active:           444740 kB
Mem:          3.8G       783M       3.1G       5.7M        55M       320M

MemTotal:        4016004 kB
MemFree:         3213808 kB
Active:           444748 kB
Mem:          3.8G       783M       3.1G       5.7M        55M       320M

MemTotal:        4016004 kB
MemFree:         3214040 kB
Active:           444700 kB
Mem:          3.8G       783M       3.1G       5.7M        55M       320M

MemTotal:        4016004 kB
MemFree:         3214164 kB
Active:           444724 kB
Mem:          3.8G       783M       3.1G       5.7M        55M       320M

MemTotal:        4016004 kB
MemFree:         3214332 kB
Active:           442708 kB
Mem:          3.8G       782M       3.1G       5.7M        55M       320M

MemTotal:        4016004 kB
MemFree:         3214144 kB
Active:           442664 kB
Mem:          3.8G       783M       3.1G       5.7M        55M       320M

MemTotal:        4016004 kB
MemFree:         3214268 kB
Active:           444720 kB
Mem:          3.8G       782M       3.1G       5.7M        55M       320M

MemTotal:        4016004 kB
MemFree:         3214268 kB
Active:           444728 kB
Mem:          3.8G       783M       3.1G       5.7M        55M       320M

MemTotal:        4016004 kB
MemFree:         3214628 kB
Active:           444716 kB
Mem:          3.8G       782M       3.1G       5.7M        55M       320M

MemTotal:        4016004 kB
MemFree:         3214504 kB
Active:           444728 kB
Mem:          3.8G       782M       3.1G       5.7M        55M       320M

MemTotal:        4016004 kB
MemFree:         3214380 kB
Active:           444740 kB
Mem:          3.8G       782M       3.1G       5.7M        55M       320M

MemTotal:        4016004 kB
MemFree:         3214380 kB
Active:           444736 kB
Mem:          3.8G       782M       3.1G       5.7M        55M       320M

MemTotal:        4016004 kB
MemFree:         3214504 kB
Active:           444720 kB
Mem:          3.8G       782M       3.1G       5.7M        55M       320M

MemTotal:        4016004 kB
MemFree:         3214488 kB
Active:           444724 kB
Mem:          3.8G       782M       3.1G       5.7M        55M       320M

MemTotal:        4016004 kB
MemFree:         3214488 kB
Active:           444748 kB
Mem:          3.8G       782M       3.1G       5.7M        55M       320M

MemTotal:        4016004 kB
MemFree:         3214116 kB
Active:           444756 kB
Mem:          3.8G       783M       3.1G       5.7M        55M       320M

MemTotal:        4016004 kB
MemFree:         3214100 kB
Active:           444776 kB
Mem:          3.8G       783M       3.1G       5.7M        55M       320M

MemTotal:        4016004 kB
MemFree:         3213620 kB
Active:           444780 kB
Mem:          3.8G       783M       3.1G       5.7M        55M       320M

MemTotal:        4016004 kB
MemFree:         3214256 kB
Active:           444772 kB
Mem:          3.8G       782M       3.1G       5.7M        55M       320M

MemTotal:        4016004 kB
MemFree:         3214116 kB
Active:           444772 kB
Mem:          3.8G       783M       3.1G       5.7M        55M       320M

MemTotal:        4016004 kB
MemFree:         3214364 kB
Active:           444744 kB
Mem:          3.8G       783M       3.1G       5.7M        55M       320M

MemTotal:        4016004 kB
MemFree:         3213868 kB
Active:           444784 kB
Mem:          3.8G       783M       3.1G       5.7M        55M       320M

MemTotal:        4016004 kB
MemFree:         3214380 kB
Active:           444748 kB
Mem:          3.8G       783M       3.1G       5.7M        55M       320M

MemTotal:        4016004 kB
MemFree:         3214256 kB
Active:           444752 kB
Mem:          3.8G       782M       3.1G       5.7M        55M       320M

MemTotal:        4016004 kB
MemFree:         3214256 kB
Active:           444760 kB
Mem:          3.8G       783M       3.1G       5.7M        55M       320M

MemTotal:        4016004 kB
MemFree:         3213868 kB
Active:           444784 kB
Mem:          3.8G       783M       3.1G       5.7M        55M       320M

MemTotal:        4016004 kB
MemFree:         3214240 kB
Active:           444764 kB
Mem:          3.8G       782M       3.1G       5.7M        55M       320M

MemTotal:        4016004 kB
MemFree:         3214364 kB
Active:           444756 kB
Mem:          3.8G       783M       3.1G       5.7M        55M       320M

MemTotal:        4016004 kB
MemFree:         3214364 kB
Active:           444768 kB
Mem:          3.8G       782M       3.1G       5.7M        55M       320M

MemTotal:        4016004 kB
MemFree:         3213788 kB
Active:           444912 kB
Mem:          3.8G       783M       3.1G       5.7M        55M       320M

MemTotal:        4016004 kB
MemFree:         3112112 kB
Active:           445600 kB
Mem:          3.8G       884M       3.0G       5.7M        55M       419M

MemTotal:        4016004 kB
MemFree:         3017444 kB
Active:           446340 kB
Mem:          3.8G       977M       2.9G       5.7M        55M       510M

MemTotal:        4016004 kB
MemFree:         2884144 kB
Active:           446524 kB
Mem:          3.8G       1.1G       2.7G       5.7M        55M       637M

MemTotal:        4016004 kB
MemFree:         2762388 kB
Active:           446036 kB
Mem:          3.8G       1.2G       2.6G       5.7M        55M       754M

MemTotal:        4016004 kB
MemFree:         2644440 kB
Active:           446168 kB
Mem:          3.8G       1.3G       2.5G       5.7M        55M       869M

MemTotal:        4016004 kB
MemFree:         2527128 kB
Active:           446300 kB
Mem:          3.8G       1.4G       2.4G       5.7M        55M       979M

MemTotal:        4016004 kB
MemFree:         2521956 kB
Active:           446092 kB
Mem:          3.8G       1.4G       2.4G       5.7M        55M       984M

MemTotal:        4016004 kB
MemFree:         2517700 kB
Active:           446272 kB
Mem:          3.8G       1.4G       2.4G       5.7M        55M       988M

MemTotal:        4016004 kB
MemFree:         2514972 kB
Active:           446408 kB
Mem:          3.8G       1.4G       2.4G       5.7M        55M       990M

MemTotal:        4016004 kB
MemFree:         2510764 kB
Active:           446256 kB
Mem:          3.8G       1.4G       2.4G       5.7M        55M       994M

MemTotal:        4016004 kB
MemFree:         2454944 kB
Active:           446380 kB
Mem:          3.8G       1.5G       2.3G       5.7M        55M       1.0G

MemTotal:        4016004 kB
MemFree:         2448108 kB
Active:           446304 kB
Mem:          3.8G       1.5G       2.3G       5.7M        55M       1.0G

MemTotal:        4016004 kB
MemFree:         2441724 kB
Active:           446280 kB
Mem:          3.8G       1.5G       2.3G       5.7M        55M       1.0G

MemTotal:        4016004 kB
MemFree:         2438700 kB
Active:           446296 kB
Mem:          3.8G       1.5G       2.3G       5.7M        55M       1.0G

MemTotal:        4016004 kB
MemFree:         2435292 kB
Active:           446204 kB
Mem:          3.8G       1.5G       2.3G       5.7M        55M       1.0G

MemTotal:        4016004 kB
MemFree:         2430076 kB
Active:           446464 kB
Mem:          3.8G       1.5G       2.3G       5.7M        55M       1.0G

MemTotal:        4016004 kB
MemFree:         2400008 kB
Active:           446108 kB
Mem:          3.8G       1.5G       2.3G       5.7M        55M       1.1G

MemTotal:        4016004 kB
MemFree:         2272604 kB
Active:           446152 kB
Mem:          3.8G       1.7G       2.2G       5.7M        55M       1.2G

MemTotal:        4016004 kB
MemFree:         2143604 kB
Active:           446280 kB
Mem:          3.8G       1.8G       2.0G       5.7M        55M       1.3G

MemTotal:        4016004 kB
MemFree:         2063340 kB
Active:           446240 kB
Mem:          3.8G       1.9G       2.0G       5.7M        55M       1.4G

MemTotal:        4016004 kB
MemFree:         1939348 kB
Active:           446440 kB
Mem:          3.8G       2.0G       1.8G       5.7M        55M       1.5G

MemTotal:        4016004 kB
MemFree:         1928404 kB
Active:           446304 kB
Mem:          3.8G       2.0G       1.8G       5.7M        55M       1.5G

MemTotal:        4016004 kB
MemFree:         1921904 kB
Active:           446512 kB
Mem:          3.8G       2.0G       1.8G       5.7M        55M       1.5G

MemTotal:        4016004 kB
MemFree:         1908792 kB
Active:           446360 kB
Mem:          3.8G       2.0G       1.8G       5.7M        55M       1.5G

MemTotal:        4016004 kB
MemFree:         1837892 kB
Active:           446356 kB
Mem:          3.8G       2.1G       1.8G       5.7M        55M       1.6G

MemTotal:        4016004 kB
MemFree:         1752280 kB
Active:           446308 kB
Mem:          3.8G       2.2G       1.7G       5.7M        55M       1.7G

MemTotal:        4016004 kB
MemFree:         1732196 kB
Active:           446296 kB
Mem:          3.8G       2.2G       1.7G       5.7M        55M       1.7G

MemTotal:        4016004 kB
MemFree:         1728552 kB
Active:           446388 kB
Mem:          3.8G       2.2G       1.6G       5.7M        55M       1.7G

MemTotal:        4016004 kB
MemFree:         1725112 kB
Active:           446480 kB
Mem:          3.8G       2.2G       1.6G       5.7M        55M       1.7G

MemTotal:        4016004 kB
MemFree:         1722780 kB
Active:           446328 kB
Mem:          3.8G       2.2G       1.6G       5.7M        55M       1.7G

MemTotal:        4016004 kB
MemFree:         1651648 kB
Active:           446472 kB
Mem:          3.8G       2.3G       1.6G       5.7M        55M       1.8G

MemTotal:        4016004 kB
MemFree:         1561416 kB
Active:           446428 kB
Mem:          3.8G       2.3G       1.5G       5.7M        55M       1.9G

MemTotal:        4016004 kB
MemFree:         1462176 kB
Active:           446360 kB
Mem:          3.8G       2.4G       1.4G       5.7M        55M       2.0G

MemTotal:        4016004 kB
MemFree:         1444304 kB
Active:           446348 kB
Mem:          3.8G       2.5G       1.4G       5.7M        55M       2.0G

MemTotal:        4016004 kB
MemFree:         1381028 kB
Active:           446392 kB
Mem:          3.8G       2.5G       1.3G       5.7M        55M       2.0G

MemTotal:        4016004 kB
MemFree:         1305396 kB
Active:           446416 kB
Mem:          3.8G       2.6G       1.2G       5.7M        55M       2.1G

MemTotal:        4016004 kB
MemFree:         1302052 kB
Active:           446416 kB
Mem:          3.8G       2.6G       1.2G       5.7M        55M       2.1G

MemTotal:        4016004 kB
MemFree:         1237540 kB
Active:           446416 kB
Mem:          3.8G       2.7G       1.2G       5.7M        55M       2.2G

MemTotal:        4016004 kB
MemFree:         1235296 kB
Active:           446436 kB
Mem:          3.8G       2.7G       1.2G       5.7M        55M       2.2G

MemTotal:        4016004 kB
MemFree:         1231448 kB
Active:           446436 kB
Mem:          3.8G       2.7G       1.2G       5.7M        55M       2.2G

MemTotal:        4016004 kB
MemFree:         1227824 kB
Active:           446404 kB
Mem:          3.8G       2.7G       1.2G       5.7M        55M       2.2G

MemTotal:        4016004 kB
MemFree:         1225180 kB
Active:           446460 kB
Mem:          3.8G       2.7G       1.2G       5.7M        55M       2.2G

MemTotal:        4016004 kB
MemFree:         1151716 kB
Active:           446424 kB
Mem:          3.8G       2.7G       1.1G       5.7M        55M       2.3G

MemTotal:        4016004 kB
MemFree:         1031784 kB
Active:           446468 kB
Mem:          3.8G       2.8G       1.0G       5.7M        55M       2.4G

MemTotal:        4016004 kB
MemFree:          925400 kB
Active:           446452 kB
Mem:          3.8G       2.9G       902M       5.7M        55M       2.5G

MemTotal:        4016004 kB
MemFree:          813436 kB
Active:           446452 kB
Mem:          3.8G       3.1G       792M       5.7M        55M       2.6G

MemTotal:        4016004 kB
MemFree:          676344 kB
Active:           446432 kB
Mem:          3.8G       3.2G       657M       5.7M        55M       2.7G

MemTotal:        4016004 kB
MemFree:          666428 kB
Active:           446476 kB
Mem:          3.8G       3.2G       650M       5.7M        55M       2.7G

MemTotal:        4016004 kB
MemFree:          662988 kB
Active:           446488 kB
Mem:          3.8G       3.2G       647M       5.7M        55M       2.7G

MemTotal:        4016004 kB
MemFree:          660020 kB
Active:           446492 kB
Mem:          3.8G       3.2G       644M       5.7M        55M       2.7G

MemTotal:        4016004 kB
MemFree:          638076 kB
Active:           446512 kB
Mem:          3.8G       3.2G       622M       5.7M        55M       2.7G

MemTotal:        4016004 kB
MemFree:          528220 kB
Active:           446540 kB
Mem:          3.8G       3.3G       512M       5.7M        55M       2.8G

MemTotal:        4016004 kB
MemFree:          512820 kB
Active:           446548 kB
Mem:          3.8G       3.3G       500M       5.7M        55M       2.8G

MemTotal:        4016004 kB
MemFree:          511048 kB
Active:           446556 kB
Mem:          3.8G       3.3G       499M       5.7M        55M       2.8G

MemTotal:        4016004 kB
MemFree:          509532 kB
Active:           446576 kB
Mem:          3.8G       3.3G       497M       5.7M        55M       2.9G

MemTotal:        4016004 kB
MemFree:          507300 kB
Active:           446568 kB
Mem:          3.8G       3.3G       495M       5.7M        55M       2.9G

MemTotal:        4016004 kB
MemFree:          504340 kB
Active:           446608 kB
Mem:          3.8G       3.3G       492M       5.7M        55M       2.9G

MemTotal:        4016004 kB
MemFree:          465544 kB
Active:           446620 kB
Mem:          3.8G       3.4G       453M       5.7M        55M       2.9G

MemTotal:        4016004 kB
MemFree:          338916 kB
Active:           446620 kB
Mem:          3.8G       3.5G       328M       5.7M        55M       3.0G

MemTotal:        4016004 kB
MemFree:          209652 kB
Active:           446616 kB
Mem:          3.8G       3.6G       201M       5.7M        55M       3.1G

MemTotal:        4016004 kB
MemFree:          123976 kB
Active:           444732 kB
Mem:          3.8G       3.7G       140M       5.7M        20M       3.2G

MemTotal:        4016004 kB
MemFree:          135080 kB
Active:           498240 kB
Mem:          3.8G       3.7G       128M       5.7M        20M       3.2G

MemTotal:        4016004 kB
MemFree:          131220 kB
Active:           499812 kB
Mem:          3.8G       3.7G       128M       5.7M        20M       3.2G

MemTotal:        4016004 kB
MemFree:          126500 kB
Active:           499748 kB
Mem:          3.8G       3.7G       123M       5.7M        20M       3.2G

MemTotal:        4016004 kB
MemFree:          141296 kB
Active:           488848 kB
Mem:          3.8G       3.7G       138M       5.7M        20M       3.2G

MemTotal:        4016004 kB
MemFree:          134744 kB
Active:           488924 kB
Mem:          3.8G       3.7G       131M       5.7M        20M       3.2G

MemTotal:        4016004 kB
MemFree:          132512 kB
Active:           488944 kB
Mem:          3.8G       3.7G       129M       5.7M        20M       3.2G

MemTotal:        4016004 kB
MemFree:          127336 kB
Active:           488968 kB
Mem:          3.8G       3.7G       124M       5.7M        20M       3.2G

MemTotal:        4016004 kB
MemFree:          124036 kB
Active:           488964 kB
Mem:          3.8G       3.7G       121M       5.7M        20M       3.2G

MemTotal:        4016004 kB
MemFree:          131896 kB
Active:           482024 kB
Mem:          3.8G       3.7G       126M       5.7M        20M       3.2G

MemTotal:        4016004 kB
MemFree:          127364 kB
Active:           471708 kB
Mem:          3.8G       3.7G       122M       5.7M        20M       3.2G

MemTotal:        4016004 kB
MemFree:          138268 kB
Active:           456952 kB
Mem:          3.8G       3.7G       133M       5.7M        20M       3.2G

MemTotal:        4016004 kB
MemFree:          139784 kB
Active:           450248 kB
Mem:          3.8G       3.7G       136M       5.7M        20M       3.2G

MemTotal:        4016004 kB
MemFree:          137100 kB
Active:           452152 kB
Mem:          3.8G       3.7G       133M       5.7M        20M       3.2G

MemTotal:        4016004 kB
MemFree:          138808 kB
Active:           451024 kB
Mem:          3.8G       3.7G       135M       5.7M        20M       3.2G

MemTotal:        4016004 kB
MemFree:          126372 kB
Active:           447840 kB
Mem:          3.8G       3.7G       123M       5.7M        20M       3.2G

MemTotal:        4016004 kB
MemFree:          126704 kB
Active:           447204 kB
Mem:          3.8G       3.7G       123M       5.7M        20M       3.2G

MemTotal:        4016004 kB
MemFree:          110920 kB
Active:           445268 kB
Mem:          3.8G       3.7G       107M       5.7M        20M       3.3G

MemTotal:        4016004 kB
MemFree:          105844 kB
Active:           445144 kB
Mem:          3.8G       3.7G       103M       5.7M        20M       3.3G

MemTotal:        4016004 kB
MemFree:          127124 kB
Active:           444640 kB
Mem:          3.8G       3.7G       124M       5.7M        20M       3.2G

MemTotal:        4016004 kB
MemFree:          127036 kB
Active:           444468 kB
Mem:          3.8G       3.7G       124M       5.7M        20M       3.2G

MemTotal:        4016004 kB
MemFree:          127264 kB
Active:           444516 kB
Mem:          3.8G       3.7G       124M       5.7M        20M       3.2G

MemTotal:        4016004 kB
MemFree:          131012 kB
Active:           438032 kB
Mem:          3.8G       3.7G       126M       5.7M        20M       3.2G

MemTotal:        4016004 kB
MemFree:          126980 kB
Active:           436664 kB
Mem:          3.8G       3.7G       122M       5.7M        20M       3.2G

MemTotal:        4016004 kB
MemFree:          135404 kB
Active:           430596 kB
Mem:          3.8G       3.7G       129M       5.7M        20M       3.2G

MemTotal:        4016004 kB
MemFree:          136800 kB
Active:           428280 kB
Mem:          3.8G       3.7G       133M       5.7M        20M       3.2G

MemTotal:        4016004 kB
MemFree:          133272 kB
Active:           428176 kB
Mem:          3.8G       3.7G       130M       5.7M        20M       3.2G

MemTotal:        4016004 kB
MemFree:          136228 kB
Active:           425100 kB
Mem:          3.8G       3.7G       131M       5.7M        20M       3.2G

MemTotal:        4016004 kB
MemFree:          132888 kB
Active:           423576 kB
Mem:          3.8G       3.7G       129M       5.7M        20M       3.2G

MemTotal:        4016004 kB
MemFree:          131308 kB
Active:           423560 kB
Mem:          3.8G       3.7G       128M       5.7M        20M       3.2G

MemTotal:        4016004 kB
MemFree:          112044 kB
Active:           423544 kB
Mem:          3.8G       3.7G       107M       5.7M        20M       3.3G

MemTotal:        4016004 kB
MemFree:          142152 kB
Active:           417344 kB
Mem:          3.8G       3.7G       135M       5.7M        20M       3.2G

MemTotal:        4016004 kB
MemFree:          134960 kB
Active:           417372 kB
Mem:          3.8G       3.7G       131M       5.7M        20M       3.2G

MemTotal:        4016004 kB
MemFree:          132652 kB
Active:           417364 kB
Mem:          3.8G       3.7G       129M       5.7M        20M       3.2G

MemTotal:        4016004 kB
MemFree:          130848 kB
Active:           417368 kB
Mem:          3.8G       3.7G       127M       5.7M        20M       3.2G

MemTotal:        4016004 kB
MemFree:          128016 kB
Active:           417384 kB
Mem:          3.8G       3.7G       125M       5.7M        20M       3.2G

MemTotal:        4016004 kB
MemFree:          135912 kB
Active:           415072 kB
Mem:          3.8G       3.7G       130M       5.7M        20M       3.2G

MemTotal:        4016004 kB
MemFree:          139820 kB
Active:           411120 kB
Mem:          3.8G       3.7G       133M       5.7M        20M       3.2G

MemTotal:        4016004 kB
MemFree:          132356 kB
Active:           403360 kB
Mem:          3.8G       3.7G       131M       5.7M        20M       3.2G

MemTotal:        4016004 kB
MemFree:          133160 kB
Active:           401800 kB
Mem:          3.8G       3.7G       130M       5.7M        20M       3.2G

MemTotal:        4016004 kB
MemFree:          143008 kB
Active:           398264 kB
Mem:          3.8G       3.7G       139M       5.7M        20M       3.2G

MemTotal:        4016004 kB
MemFree:          141348 kB
Active:           398136 kB
Mem:          3.8G       3.7G       137M       5.7M        20M       3.2G

MemTotal:        4016004 kB
MemFree:          112368 kB
Active:           398108 kB
Mem:          3.8G       3.7G       107M       5.7M        20M       3.3G

MemTotal:        4016004 kB
MemFree:          136588 kB
Active:           395440 kB
Mem:          3.8G       3.7G       133M       5.7M        20M       3.2G

MemTotal:        4016004 kB
MemFree:          136000 kB
Active:           394296 kB
Mem:          3.8G       3.7G       133M       5.7M        20M       3.2G

MemTotal:        4016004 kB
MemFree:          136804 kB
Active:           394172 kB
Mem:          3.8G       3.7G       132M       5.7M        20M       3.2G

MemTotal:        4016004 kB
MemFree:          134660 kB
Active:           394468 kB
Mem:          3.8G       3.7G       131M       5.7M        20M       3.2G

MemTotal:        4016004 kB
MemFree:          139716 kB
Active:           392940 kB
Mem:          3.8G       3.7G       134M       5.7M        20M       3.2G

MemTotal:        4016004 kB
MemFree:          126764 kB
Active:           390516 kB
Mem:          3.8G       3.7G       121M       5.7M        20M       3.2G

MemTotal:        4016004 kB
MemFree:          108500 kB
Active:           388092 kB
Mem:          3.8G       3.7G       103M       5.7M        20M       3.3G

MemTotal:        4016004 kB
MemFree:          136964 kB
Active:           383996 kB
Mem:          3.8G       3.7G       133M       5.7M        20M       3.2G

MemTotal:        4016004 kB
MemFree:          125868 kB
Active:           383948 kB
Mem:          3.8G       3.7G       120M       5.7M        20M       3.2G

MemTotal:        4016004 kB
MemFree:          127456 kB
Active:           379760 kB
Mem:          3.8G       3.7G       120M       5.7M        20M       3.2G

MemTotal:        4016004 kB
MemFree:          124660 kB
Active:           377788 kB
Mem:          3.8G       3.7G       121M       5.7M        20M       3.2G

MemTotal:        4016004 kB
MemFree:          105116 kB
Active:           377828 kB
Mem:          3.8G       3.7G       113M       5.7M        20M       3.3G

MemTotal:        4016004 kB
MemFree:          139272 kB
Active:           376788 kB
Mem:          3.8G       3.7G       135M       5.7M        20M       3.2G

MemTotal:        4016004 kB
MemFree:          137056 kB
Active:           376752 kB
Mem:          3.8G       3.7G       133M       5.7M        20M       3.2G

MemTotal:        4016004 kB
MemFree:          143232 kB
Active:           376776 kB
Mem:          3.8G       3.7G       139M       5.7M        20M       3.2G

MemTotal:        4016004 kB
MemFree:          141100 kB
Active:           376800 kB
Mem:          3.8G       3.7G       138M       5.7M        20M       3.2G

MemTotal:        4016004 kB
MemFree:          141224 kB
Active:           376784 kB
Mem:          3.8G       3.7G       137M       5.7M        20M       3.2G

MemTotal:        4016004 kB
MemFree:          141476 kB
Active:           376784 kB
Mem:          3.8G       3.7G       137M       5.7M        20M       3.2G

MemTotal:        4016004 kB
MemFree:          139720 kB
Active:           376764 kB
Mem:          3.8G       3.7G       136M       5.7M        20M       3.2G

MemTotal:        4016004 kB
MemFree:          133608 kB
Active:           376820 kB
Mem:          3.8G       3.7G       132M       5.7M        20M       3.2G

MemTotal:        4016004 kB
MemFree:          137244 kB
Active:           374876 kB
Mem:          3.8G       3.7G       131M       5.7M        20M       3.2G

MemTotal:        4016004 kB
MemFree:          141204 kB
Active:           374876 kB
Mem:          3.8G       3.7G       135M       5.7M        20M       3.2G

MemTotal:        4016004 kB
MemFree:          132736 kB
Active:           374888 kB
Mem:          3.8G       3.7G       127M       5.7M        20M       3.2G

MemTotal:        4016004 kB
MemFree:          139840 kB
Active:           374896 kB
Mem:          3.8G       3.7G       136M       5.7M        20M       3.2G

MemTotal:        4016004 kB
MemFree:          126624 kB
Active:           374896 kB
Mem:          3.8G       3.7G       123M       5.7M        20M       3.2G

MemTotal:        4016004 kB
MemFree:          134676 kB
Active:           374884 kB
Mem:          3.8G       3.7G       130M       5.7M        20M       3.2G

MemTotal:        4016004 kB
MemFree:          122628 kB
Active:           374896 kB
Mem:          3.8G       3.7G       119M       5.7M        20M       3.2G

MemTotal:        4016004 kB
MemFree:          106556 kB
Active:           374908 kB
Mem:          3.8G       3.7G       103M       5.7M        20M       3.3G

MemTotal:        4016004 kB
MemFree:          104536 kB
Active:           373736 kB
Mem:          3.8G       3.7G       101M       5.7M        20M       3.3G

MemTotal:        4016004 kB
MemFree:          150400 kB
Active:           373656 kB
Mem:          3.8G       3.7G       146M       5.7M        20M       3.2G

MemTotal:        4016004 kB
MemFree:          149664 kB
Active:           375744 kB
Mem:          3.8G       3.7G       145M       5.7M        20M       3.2G

MemTotal:        4016004 kB
MemFree:          143240 kB
Active:           375744 kB
Mem:          3.8G       3.7G       139M       5.7M        20M       3.2G

MemTotal:        4016004 kB
MemFree:          133704 kB
Active:           374816 kB
Mem:          3.8G       3.7G       132M       5.7M        20M       3.2G

MemTotal:        4016004 kB
MemFree:          146040 kB
Active:           374728 kB
Mem:          3.8G       3.7G       142M       5.7M        20M       3.2G

MemTotal:        4016004 kB
MemFree:          143328 kB
Active:           374632 kB
Mem:          3.8G       3.7G       140M       5.7M        20M       3.2G

MemTotal:        4016004 kB
MemFree:          144160 kB
Active:           373636 kB
Mem:          3.8G       3.7G       140M       5.7M        20M       3.2G

MemTotal:        4016004 kB
MemFree:          125636 kB
Active:           373524 kB
Mem:          3.8G       3.7G       120M       5.7M        20M       3.2G

MemTotal:        4016004 kB
MemFree:          139732 kB
Active:           371524 kB
Mem:          3.8G       3.7G       135M       5.7M        20M       3.2G

MemTotal:        4016004 kB
MemFree:          111540 kB
Active:           372900 kB
Mem:          3.8G       3.7G       107M       5.7M        20M       3.3G

MemTotal:        4016004 kB
MemFree:          130156 kB
Active:           372648 kB
Mem:          3.8G       3.7G       126M       5.7M        20M       3.2G

MemTotal:        4016004 kB
MemFree:          125580 kB
Active:           372624 kB
Mem:          3.8G       3.7G       122M       5.7M        20M       3.2G

MemTotal:        4016004 kB
MemFree:          124996 kB
Active:           372664 kB
Mem:          3.8G       3.7G       122M       5.7M        20M       3.2G

MemTotal:        4016004 kB
MemFree:          125156 kB
Active:           372664 kB
Mem:          3.8G       3.7G       122M       5.7M        20M       3.2G

MemTotal:        4016004 kB
MemFree:          126352 kB
Active:           372652 kB
Mem:          3.8G       3.7G       119M       5.7M        20M       3.2G

MemTotal:        4016004 kB
MemFree:          110800 kB
Active:           367044 kB
Mem:          3.8G       3.7G       106M       5.7M        20M       3.3G

MemTotal:        4016004 kB
MemFree:          107584 kB
Active:           366924 kB
Mem:          3.8G       3.7G       102M       5.7M        20M       3.3G

MemTotal:        4016004 kB
MemFree:          118396 kB
Active:           366876 kB
Mem:          3.8G       3.7G       115M       5.7M        20M       3.2G

MemTotal:        4016004 kB
MemFree:          115604 kB
Active:           364980 kB
Mem:          3.8G       3.7G       112M       5.7M        20M       3.3G

MemTotal:        4016004 kB
MemFree:          109388 kB
Active:           364744 kB
Mem:          3.8G       3.7G       106M       5.7M        20M       3.3G

MemTotal:        4016004 kB
MemFree:          134884 kB
Active:           366572 kB
Mem:          3.8G       3.7G       129M       5.7M        20M       3.2G

MemTotal:        4016004 kB
MemFree:          124576 kB
Active:           366424 kB
Mem:          3.8G       3.7G       121M       5.7M        20M       3.2G

MemTotal:        4016004 kB
MemFree:          123120 kB
Active:           366452 kB
Mem:          3.8G       3.7G       120M       5.7M        20M       3.2G

MemTotal:        4016004 kB
MemFree:          122608 kB
Active:           366432 kB
Mem:          3.8G       3.7G       119M       5.7M        20M       3.2G

MemTotal:        4016004 kB
MemFree:          122244 kB
Active:           366436 kB
Mem:          3.8G       3.7G       119M       5.7M        20M       3.2G

MemTotal:        4016004 kB
MemFree:          135188 kB
Active:           366476 kB
Mem:          3.8G       3.7G       130M       5.7M        20M       3.2G

MemTotal:        4016004 kB
MemFree:          119616 kB
Active:           366492 kB
Mem:          3.8G       3.7G       138M       5.7M        20M       3.2G

MemTotal:        4016004 kB
MemFree:          128572 kB
Active:           362216 kB
Mem:          3.8G       3.7G       122M       5.7M        20M       3.2G

MemTotal:        4016004 kB
MemFree:          139340 kB
Active:           362220 kB
Mem:          3.8G       3.7G       133M       5.7M        20M       3.2G

MemTotal:        4016004 kB
MemFree:          150016 kB
Active:           364248 kB
Mem:          3.8G       3.7G       146M       5.7M        20M       3.2G

MemTotal:        4016004 kB
MemFree:          117708 kB
Active:           364268 kB
Mem:          3.8G       3.7G       116M       5.7M        20M       3.2G

MemTotal:        4016004 kB
MemFree:          142100 kB
Active:           364276 kB
Mem:          3.8G       3.7G       138M       5.7M        20M       3.2G

MemTotal:        4016004 kB
MemFree:          135332 kB
Active:           362724 kB
Mem:          3.8G       3.7G       132M       5.7M        20M       3.2G

MemTotal:        4016004 kB
MemFree:          143000 kB
Active:           362620 kB
Mem:          3.8G       3.7G       139M       5.7M        20M       3.2G

MemTotal:        4016004 kB
MemFree:          142644 kB
Active:           362608 kB
Mem:          3.8G       3.7G       139M       5.7M        20M       3.2G

MemTotal:        4016004 kB
MemFree:          141200 kB
Active:           362616 kB
Mem:          3.8G       3.7G       137M       5.7M        20M       3.2G

MemTotal:        4016004 kB
MemFree:          140276 kB
Active:           362608 kB
Mem:          3.8G       3.7G       136M       5.7M        20M       3.2G

MemTotal:        4016004 kB
MemFree:          125928 kB
Active:           362632 kB
Mem:          3.8G       3.7G       121M       5.7M        20M       3.2G

MemTotal:        4016004 kB
MemFree:          141436 kB
Active:           362636 kB
Mem:          3.8G       3.7G       134M       5.7M        20M       3.2G

MemTotal:        4016004 kB
MemFree:          127384 kB
Active:           362580 kB
Mem:          3.8G       3.7G       121M       5.7M        20M       3.2G

MemTotal:        4016004 kB
MemFree:          131460 kB
Active:           356028 kB
Mem:          3.8G       3.7G       128M       5.7M        20M       3.2G

MemTotal:        4016004 kB
MemFree:          127904 kB
Active:           355924 kB
Mem:          3.8G       3.7G       124M       5.7M        20M       3.2G

MemTotal:        4016004 kB
MemFree:          110916 kB
Active:           355932 kB
Mem:          3.8G       3.7G       106M       5.7M        20M       3.3G

MemTotal:        4016004 kB
MemFree:          127644 kB
Active:           355892 kB
Mem:          3.8G       3.7G       124M       5.7M        20M       3.2G

MemTotal:        4016004 kB
MemFree:          146976 kB
Active:           355944 kB
Mem:          3.8G       3.7G       143M       5.7M        20M       3.2G

MemTotal:        4016004 kB
MemFree:          146452 kB
Active:           355928 kB
Mem:          3.8G       3.7G       142M       5.7M        20M       3.2G

MemTotal:        4016004 kB
MemFree:          145304 kB
Active:           355964 kB
Mem:          3.8G       3.7G       141M       5.7M        20M       3.2G

MemTotal:        4016004 kB
MemFree:          143292 kB
Active:           355956 kB
Mem:          3.8G       3.7G       139M       5.7M        20M       3.2G

MemTotal:        4016004 kB
MemFree:          128392 kB
Active:           355944 kB
Mem:          3.8G       3.7G       122M       5.7M        20M       3.2G

MemTotal:        4016004 kB
MemFree:          123872 kB
Active:           355972 kB
Mem:          3.8G       3.7G       133M       5.7M        20M       3.2G

MemTotal:        4016004 kB
MemFree:          128656 kB
Active:           354604 kB
Mem:          3.8G       3.7G       121M       5.7M        20M       3.2G

MemTotal:        4016004 kB
MemFree:          134480 kB
Active:           354584 kB
Mem:          3.8G       3.7G       131M       5.7M        20M       3.2G

MemTotal:        4016004 kB
MemFree:          121004 kB
Active:           354572 kB
Mem:          3.8G       3.7G       115M       5.7M        20M       3.2G

MemTotal:        4016004 kB
MemFree:          136704 kB
Active:           354600 kB
Mem:          3.8G       3.7G       132M       5.7M        20M       3.2G

MemTotal:        4016004 kB
MemFree:          130396 kB
Active:           354632 kB
Mem:          3.8G       3.7G       127M       5.7M        20M       3.2G

MemTotal:        4016004 kB
MemFree:          143072 kB
Active:           354628 kB
Mem:          3.8G       3.7G       139M       5.7M        20M       3.2G

MemTotal:        4016004 kB
MemFree:          142572 kB
Active:           354620 kB
Mem:          3.8G       3.7G       139M       5.7M        20M       3.2G

MemTotal:        4016004 kB
MemFree:          141456 kB
Active:           354600 kB
Mem:          3.8G       3.7G       138M       5.7M        20M       3.2G

MemTotal:        4016004 kB
MemFree:          139900 kB
Active:           353136 kB
Mem:          3.8G       3.7G       136M       5.7M        20M       3.2G

MemTotal:        4016004 kB
MemFree:          139912 kB
Active:           355152 kB
Mem:          3.8G       3.7G       136M       5.7M        20M       3.2G

MemTotal:        4016004 kB
MemFree:          129312 kB
Active:           354288 kB
Mem:          3.8G       3.7G       122M       5.7M        20M       3.2G

MemTotal:        4016004 kB
MemFree:          120220 kB
Active:           353676 kB
Mem:          3.8G       3.7G       114M       5.7M        20M       3.2G

MemTotal:        4016004 kB
MemFree:          133448 kB
Active:           353660 kB
Mem:          3.8G       3.7G       128M       5.7M        20M       3.2G

MemTotal:        4016004 kB
MemFree:          138668 kB
Active:           353652 kB
Mem:          3.8G       3.7G       135M       5.7M        20M       3.2G

MemTotal:        4016004 kB
MemFree:          130644 kB
Active:           353704 kB
Mem:          3.8G       3.7G       137M       5.7M        20M       3.2G

MemTotal:        4016004 kB
MemFree:          129300 kB
Active:           353712 kB
Mem:          3.8G       3.7G       126M       5.7M        20M       3.2G

MemTotal:        4016004 kB
MemFree:          118408 kB
Active:           350716 kB
Mem:          3.8G       3.7G       115M       5.7M        20M       3.2G

MemTotal:        4016004 kB
MemFree:          117164 kB
Active:           350572 kB
Mem:          3.8G       3.7G       114M       5.7M        20M       3.2G

MemTotal:        4016004 kB
MemFree:          114584 kB
Active:           348608 kB
Mem:          3.8G       3.7G       111M       5.7M        20M       3.2G

MemTotal:        4016004 kB
MemFree:          114432 kB
Active:           350588 kB
Mem:          3.8G       3.7G       111M       5.7M        20M       3.2G

MemTotal:        4016004 kB
MemFree:          114348 kB
Active:           350600 kB
Mem:          3.8G       3.7G       111M       5.7M        20M       3.2G

MemTotal:        4016004 kB
MemFree:          143408 kB
Active:           350348 kB
Mem:          3.8G       3.7G       137M       5.7M        21M       3.2G

MemTotal:        4016004 kB
MemFree:          121776 kB
Active:           350356 kB
Mem:          3.8G       3.7G       116M       5.7M        21M       3.2G

MemTotal:        4016004 kB
MemFree:          133144 kB
Active:           350356 kB
Mem:          3.8G       3.7G       127M       5.7M        21M       3.2G

MemTotal:        4016004 kB
MemFree:          132756 kB
Active:           350228 kB
Mem:          3.8G       3.7G       129M       5.7M        21M       3.2G

MemTotal:        4016004 kB
MemFree:          116648 kB
Active:           350236 kB
Mem:          3.8G       3.7G       134M       5.7M        21M       3.2G

MemTotal:        4016004 kB
MemFree:          109684 kB
Active:           350240 kB
Mem:          3.8G       3.7G       107M       5.7M        21M       3.2G

MemTotal:        4016004 kB
MemFree:          125544 kB
Active:           347980 kB
Mem:          3.8G       3.7G       122M       5.7M        21M       3.2G

MemTotal:        4016004 kB
MemFree:          131664 kB
Active:           347984 kB
Mem:          3.8G       3.7G       132M       5.7M        21M       3.2G

MemTotal:        4016004 kB
MemFree:          135092 kB
Active:           350012 kB
Mem:          3.8G       3.7G       131M       5.7M        21M       3.2G

MemTotal:        4016004 kB
MemFree:          134872 kB
Active:           350032 kB
Mem:          3.8G       3.7G       131M       5.7M        21M       3.2G

MemTotal:        4016004 kB
MemFree:          135216 kB
Active:           350036 kB
Mem:          3.8G       3.7G       131M       5.7M        21M       3.2G

MemTotal:        4016004 kB
MemFree:          128176 kB
Active:           350028 kB
Mem:          3.8G       3.7G       123M       5.7M        21M       3.2G

MemTotal:        4016004 kB
MemFree:          136044 kB
Active:           349112 kB
Mem:          3.8G       3.7G       132M       5.7M        21M       3.2G

MemTotal:        4016004 kB
MemFree:          134160 kB
Active:           349028 kB
Mem:          3.8G       3.7G       129M       5.7M        21M       3.2G

MemTotal:        4016004 kB
MemFree:          141008 kB
Active:           348900 kB
Mem:          3.8G       3.7G       137M       5.7M        21M       3.2G

MemTotal:        4016004 kB
MemFree:          126808 kB
Active:           348888 kB
Mem:          3.8G       3.7G       121M       5.7M        21M       3.2G

MemTotal:        4016004 kB
MemFree:          110412 kB
Active:           348628 kB
Mem:          3.8G       3.7G       107M       5.7M        21M       3.2G

MemTotal:        4016004 kB
MemFree:          116236 kB
Active:           348576 kB
Mem:          3.8G       3.7G       110M       5.7M        21M       3.2G

MemTotal:        4016004 kB
MemFree:          122776 kB
Active:           348592 kB
Mem:          3.8G       3.7G       118M       5.7M        21M       3.2G

MemTotal:        4016004 kB
MemFree:          138212 kB
Active:           348592 kB
Mem:          3.8G       3.7G       134M       5.7M        21M       3.2G

MemTotal:        4016004 kB
MemFree:          114036 kB
Active:           348572 kB
Mem:          3.8G       3.7G       111M       5.7M        21M       3.2G

MemTotal:        4016004 kB
MemFree:          112824 kB
Active:           348616 kB
Mem:          3.8G       3.7G       110M       5.7M        21M       3.2G

MemTotal:        4016004 kB
MemFree:          112112 kB
Active:           348580 kB
Mem:          3.8G       3.7G       109M       5.7M        21M       3.2G

MemTotal:        4016004 kB
MemFree:          110812 kB
Active:           348600 kB
Mem:          3.8G       3.7G       108M       5.7M        21M       3.2G

MemTotal:        4016004 kB
MemFree:          136252 kB
Active:           348628 kB
Mem:          3.8G       3.7G       133M       5.7M        21M       3.2G

MemTotal:        4016004 kB
MemFree:          140228 kB
Active:           348616 kB
Mem:          3.8G       3.7G       136M       5.7M        21M       3.2G

MemTotal:        4016004 kB
MemFree:          122348 kB
Active:           348644 kB
Mem:          3.8G       3.7G       115M       5.7M        21M       3.2G

MemTotal:        4016004 kB
MemFree:          133924 kB
Active:           348448 kB
Mem:          3.8G       3.7G       130M       5.7M        21M       3.2G

MemTotal:        4016004 kB
MemFree:          134048 kB
Active:           348312 kB
Mem:          3.8G       3.7G       130M       5.7M        21M       3.2G

MemTotal:        4016004 kB
MemFree:          134172 kB
Active:           348344 kB
Mem:          3.8G       3.7G       130M       5.7M        21M       3.2G

MemTotal:        4016004 kB
MemFree:          133800 kB
Active:           348296 kB
Mem:          3.8G       3.7G       130M       5.7M        21M       3.2G

MemTotal:        4016004 kB
MemFree:          133924 kB
Active:           348336 kB
Mem:          3.8G       3.7G       130M       5.7M        21M       3.2G

MemTotal:        4016004 kB
MemFree:          133888 kB
Active:           348352 kB
Mem:          3.8G       3.7G       130M       5.7M        21M       3.2G

MemTotal:        4016004 kB
MemFree:          133512 kB
Active:           348348 kB
Mem:          3.8G       3.7G       130M       5.7M        21M       3.2G

MemTotal:        4016004 kB
MemFree:          133668 kB
Active:           348356 kB
Mem:          3.8G       3.7G       130M       5.7M        21M       3.2G

MemTotal:        4016004 kB
MemFree:          133768 kB
Active:           348368 kB
Mem:          3.8G       3.7G       130M       5.7M        21M       3.2G

MemTotal:        4016004 kB
MemFree:          134204 kB
Active:           348364 kB
Mem:          3.8G       3.7G       130M       5.7M        21M       3.2G

MemTotal:        4016004 kB
MemFree:          134576 kB
Active:           348328 kB
Mem:          3.8G       3.7G       131M       5.7M        21M       3.2G

MemTotal:        4016004 kB
MemFree:          134452 kB
Active:           348372 kB
Mem:          3.8G       3.7G       131M       5.7M        21M       3.2G

MemTotal:        4016004 kB
MemFree:          134080 kB
Active:           348352 kB
Mem:          3.8G       3.7G       130M       5.7M        21M       3.2G

MemTotal:        4016004 kB
MemFree:          133832 kB
Active:           348360 kB
Mem:          3.8G       3.7G       130M       5.7M        21M       3.2G

MemTotal:        4016004 kB
MemFree:          133832 kB
Active:           348388 kB
Mem:          3.8G       3.7G       130M       5.7M        21M       3.2G

MemTotal:        4016004 kB
MemFree:          133832 kB
Active:           348352 kB
Mem:          3.8G       3.7G       130M       5.7M        21M       3.2G

MemTotal:        4016004 kB
MemFree:          133832 kB
Active:           348388 kB
Mem:          3.8G       3.7G       130M       5.7M        21M       3.2G

MemTotal:        4016004 kB
MemFree:          133832 kB
Active:           348356 kB
Mem:          3.8G       3.7G       130M       5.7M        21M       3.2G

MemTotal:        4016004 kB
MemFree:          133584 kB
Active:           348340 kB
Mem:          3.8G       3.7G       130M       5.7M        21M       3.2G

MemTotal:        4016004 kB
MemFree:          133832 kB
Active:           348372 kB
Mem:          3.8G       3.7G       130M       5.7M        21M       3.2G

MemTotal:        4016004 kB
MemFree:          133588 kB
Active:           347484 kB
Mem:          3.8G       3.7G       130M       5.7M        21M       3.2G

MemTotal:        4016004 kB
MemFree:          133644 kB
Active:           349460 kB
Mem:          3.8G       3.7G       130M       5.7M        21M       3.2G

MemTotal:        4016004 kB
MemFree:          133644 kB
Active:           349428 kB
Mem:          3.8G       3.7G       130M       5.7M        21M       3.2G

MemTotal:        4016004 kB
MemFree:          133644 kB
Active:           349452 kB
Mem:          3.8G       3.7G       130M       5.7M        21M       3.2G

MemTotal:        4016004 kB
MemFree:          133892 kB
Active:           349476 kB
Mem:          3.8G       3.7G       130M       5.7M        21M       3.2G

MemTotal:        4016004 kB
MemFree:          133768 kB
Active:           349456 kB
Mem:          3.8G       3.7G       130M       5.7M        21M       3.2G

MemTotal:        4016004 kB
MemFree:          133768 kB
Active:           349476 kB
Mem:          3.8G       3.7G       130M       5.7M        21M       3.2G

MemTotal:        4016004 kB
MemFree:          133768 kB
Active:           349436 kB
Mem:          3.8G       3.7G       130M       5.7M        21M       3.2G

MemTotal:        4016004 kB
MemFree:          133768 kB
Active:           349420 kB
Mem:          3.8G       3.7G       130M       5.7M        21M       3.2G

MemTotal:        4016004 kB
MemFree:          133892 kB
Active:           349440 kB
Mem:          3.8G       3.7G       130M       5.7M        21M       3.2G

MemTotal:        4016004 kB
MemFree:          133644 kB
Active:           349460 kB
Mem:          3.8G       3.7G       130M       5.7M        21M       3.2G

MemTotal:        4016004 kB
MemFree:          133644 kB
Active:           349424 kB
Mem:          3.8G       3.7G       130M       5.7M        21M       3.2G

MemTotal:        4016004 kB
MemFree:          133644 kB
Active:           349476 kB
Mem:          3.8G       3.7G       130M       5.7M        21M       3.2G

MemTotal:        4016004 kB
MemFree:          133520 kB
Active:           349456 kB
Mem:          3.8G       3.7G       130M       5.7M        21M       3.2G

MemTotal:        4016004 kB
MemFree:          133768 kB
Active:           349476 kB
Mem:          3.8G       3.7G       130M       5.7M        21M       3.2G

MemTotal:        4016004 kB
MemFree:          133892 kB
Active:           349432 kB
Mem:          3.8G       3.7G       130M       5.7M        21M       3.2G

MemTotal:        4016004 kB
MemFree:          133768 kB
Active:           349456 kB
Mem:          3.8G       3.7G       130M       5.7M        21M       3.2G

MemTotal:        4016004 kB
MemFree:          134140 kB
Active:           349420 kB
Mem:          3.8G       3.7G       131M       5.7M        21M       3.2G

MemTotal:        4016004 kB
MemFree:          134636 kB
Active:           349472 kB
Mem:          3.8G       3.7G       131M       5.7M        21M       3.2G

MemTotal:        4016004 kB
MemFree:          134512 kB
Active:           349436 kB
Mem:          3.8G       3.7G       131M       5.7M        21M       3.2G

MemTotal:        4016004 kB
MemFree:          132216 kB
Active:           349484 kB
Mem:          3.8G       3.7G       129M       5.7M        21M       3.2G

MemTotal:        4016004 kB
MemFree:          132464 kB
Active:           349472 kB
Mem:          3.8G       3.7G       128M       5.7M        21M       3.2G

MemTotal:        4016004 kB
MemFree:          132092 kB
Active:           351472 kB
Mem:          3.8G       3.7G       128M       5.7M        21M       3.2G

MemTotal:        4016004 kB
MemFree:          132092 kB
Active:           351512 kB
Mem:          3.8G       3.7G       128M       5.7M        21M       3.2G

MemTotal:        4016004 kB
MemFree:          131472 kB
Active:           351532 kB
Mem:          3.8G       3.7G       128M       5.7M        21M       3.2G

MemTotal:        4016004 kB
MemFree:          131348 kB
Active:           351508 kB
Mem:          3.8G       3.7G       128M       5.7M        21M       3.2G

MemTotal:        4016004 kB
MemFree:          131224 kB
Active:           351480 kB
Mem:          3.8G       3.7G       128M       5.7M        21M       3.2G

MemTotal:        4016004 kB
MemFree:          131348 kB
Active:           351516 kB
Mem:          3.8G       3.7G       128M       5.7M        21M       3.2G

MemTotal:        4016004 kB
MemFree:          131596 kB
Active:           351512 kB
Mem:          3.8G       3.7G       128M       5.7M        21M       3.2G

MemTotal:        4016004 kB
MemFree:          131472 kB
Active:           351536 kB
Mem:          3.8G       3.7G       128M       5.7M        21M       3.2G

MemTotal:        4016004 kB
MemFree:          131720 kB
Active:           351504 kB
Mem:          3.8G       3.7G       128M       5.7M        21M       3.2G

MemTotal:        4016004 kB
MemFree:          131844 kB
Active:           351500 kB
Mem:          3.8G       3.7G       128M       5.7M        21M       3.2G

MemTotal:        4016004 kB
MemFree:          131720 kB
Active:           351532 kB
Mem:          3.8G       3.7G       128M       5.7M        21M       3.2G

MemTotal:        4016004 kB
MemFree:          132340 kB
Active:           351528 kB
Mem:          3.8G       3.7G       128M       5.7M        21M       3.2G

MemTotal:        4016004 kB
MemFree:          131968 kB
Active:           351512 kB
Mem:          3.8G       3.7G       128M       5.7M        21M       3.2G

MemTotal:        4016004 kB
MemFree:          132348 kB
Active:           351496 kB
Mem:          3.8G       3.7G       128M       5.7M        21M       3.2G

MemTotal:        4016004 kB
MemFree:          132224 kB
Active:           351524 kB
Mem:          3.8G       3.7G       128M       5.7M        21M       3.2G

MemTotal:        4016004 kB
MemFree:          131728 kB
Active:           351540 kB
Mem:          3.8G       3.7G       128M       5.7M        21M       3.2G

MemTotal:        4016004 kB
MemFree:          132224 kB
Active:           351512 kB
Mem:          3.8G       3.7G       128M       5.7M        21M       3.2G

MemTotal:        4016004 kB
MemFree:          131976 kB
Active:           351492 kB
Mem:          3.8G       3.7G       128M       5.7M        21M       3.2G

MemTotal:        4016004 kB
MemFree:          131976 kB
Active:           351520 kB
Mem:          3.8G       3.7G       128M       5.7M        21M       3.2G

MemTotal:        4016004 kB
MemFree:          131728 kB
Active:           351544 kB
Mem:          3.8G       3.7G       128M       5.7M        21M       3.2G

MemTotal:        4016004 kB
MemFree:          131728 kB
Active:           351520 kB
Mem:          3.8G       3.7G       128M       5.7M        21M       3.2G

MemTotal:        4016004 kB
MemFree:          131604 kB
Active:           351508 kB
Mem:          3.8G       3.7G       128M       5.7M        21M       3.2G

MemTotal:        4016004 kB
MemFree:          131604 kB
Active:           351540 kB
Mem:          3.8G       3.7G       128M       5.7M        21M       3.2G

MemTotal:        4016004 kB
MemFree:          131604 kB
Active:           351556 kB
Mem:          3.8G       3.7G       128M       5.7M        21M       3.2G

MemTotal:        4016004 kB
MemFree:          131604 kB
Active:           351512 kB
Mem:          3.8G       3.7G       128M       5.7M        21M       3.2G

MemTotal:        4016004 kB
MemFree:          131728 kB
Active:           351532 kB
Mem:          3.8G       3.7G       128M       5.7M        21M       3.2G

MemTotal:        4016004 kB
MemFree:          131604 kB
Active:           351544 kB
Mem:          3.8G       3.7G       128M       5.7M        21M       3.2G

MemTotal:        4016004 kB
MemFree:          131728 kB
Active:           351556 kB
Mem:          3.8G       3.7G       128M       5.7M        21M       3.2G

MemTotal:        4016004 kB
MemFree:          131852 kB
Active:           351556 kB
Mem:          3.8G       3.7G       128M       5.7M        21M       3.2G

MemTotal:        4016004 kB
MemFree:          131728 kB
Active:           351568 kB
Mem:          3.8G       3.7G       128M       5.7M        21M       3.2G

MemTotal:        4016004 kB
MemFree:          131728 kB
Active:           351568 kB
Mem:          3.8G       3.7G       128M       5.7M        21M       3.2G

MemTotal:        4016004 kB
MemFree:          131728 kB
Active:           351536 kB
Mem:          3.8G       3.7G       128M       5.7M        21M       3.2G

MemTotal:        4016004 kB
MemFree:          131852 kB
Active:           351572 kB
Mem:          3.8G       3.7G       128M       5.7M        21M       3.2G

MemTotal:        4016004 kB
MemFree:          132224 kB
Active:           351532 kB
Mem:          3.8G       3.7G       128M       5.7M        21M       3.2G

MemTotal:        4016004 kB
MemFree:          131728 kB
Active:           351576 kB
Mem:          3.8G       3.7G       128M       5.7M        21M       3.2G

MemTotal:        4016004 kB
MemFree:          131728 kB
Active:           351556 kB
Mem:          3.8G       3.7G       128M       5.7M        21M       3.2G

MemTotal:        4016004 kB
MemFree:          131604 kB
Active:           351576 kB
Mem:          3.8G       3.7G       128M       5.7M        21M       3.2G

MemTotal:        4016004 kB
MemFree:          131728 kB
Active:           351536 kB
Mem:          3.8G       3.7G       128M       5.7M        21M       3.2G

MemTotal:        4016004 kB
MemFree:          131852 kB
Active:           351544 kB
Mem:          3.8G       3.7G       128M       5.7M        21M       3.2G

MemTotal:        4016004 kB
MemFree:          131852 kB
Active:           351560 kB
Mem:          3.8G       3.7G       128M       5.7M        21M       3.2G

MemTotal:        4016004 kB
MemFree:          131356 kB
Active:           351592 kB
Mem:          3.8G       3.7G       128M       5.7M        21M       3.2G

MemTotal:        4016004 kB
MemFree:          131852 kB
Active:           351544 kB
Mem:          3.8G       3.7G       128M       5.7M        21M       3.2G

MemTotal:        4016004 kB
MemFree:          131604 kB
Active:           351564 kB
Mem:          3.8G       3.7G       128M       5.7M        21M       3.2G

MemTotal:        4016004 kB
MemFree:          131480 kB
Active:           351584 kB
Mem:          3.8G       3.7G       128M       5.7M        21M       3.2G

MemTotal:        4016004 kB
MemFree:          131356 kB
Active:           351584 kB
Mem:          3.8G       3.7G       128M       5.7M        21M       3.2G

MemTotal:        4016004 kB
MemFree:          131728 kB
Active:           351568 kB
Mem:          3.8G       3.7G       128M       5.7M        21M       3.2G

MemTotal:        4016004 kB
MemFree:          131480 kB
Active:           351592 kB
Mem:          3.8G       3.7G       128M       5.7M        21M       3.2G

MemTotal:        4016004 kB
MemFree:          131604 kB
Active:           351604 kB
Mem:          3.8G       3.7G       128M       5.7M        21M       3.2G

MemTotal:        4016004 kB
MemFree:          131108 kB
Active:           351608 kB
Mem:          3.8G       3.7G       128M       5.7M        21M       3.2G

MemTotal:        4016004 kB
MemFree:          131604 kB
Active:           351608 kB
Mem:          3.8G       3.7G       128M       5.7M        21M       3.2G

MemTotal:        4016004 kB
MemFree:          131728 kB
Active:           351584 kB
Mem:          3.8G       3.7G       128M       5.7M        21M       3.2G

MemTotal:        4016004 kB
MemFree:          131976 kB
Active:           351604 kB
Mem:          3.8G       3.7G       128M       5.7M        21M       3.2G

MemTotal:        4016004 kB
MemFree:          131852 kB
Active:           351604 kB
Mem:          3.8G       3.7G       128M       5.7M        21M       3.2G

MemTotal:        4016004 kB
MemFree:          131852 kB
Active:           351580 kB
Mem:          3.8G       3.7G       128M       5.7M        21M       3.2G

MemTotal:        4016004 kB
MemFree:          131728 kB
Active:           351604 kB
Mem:          3.8G       3.7G       128M       5.7M        21M       3.2G

MemTotal:        4016004 kB
MemFree:          131852 kB
Active:           351596 kB
Mem:          3.8G       3.7G       128M       5.7M        21M       3.2G

MemTotal:        4016004 kB
MemFree:          131852 kB
Active:           351612 kB
Mem:          3.8G       3.7G       128M       5.7M        21M       3.2G

MemTotal:        4016004 kB
MemFree:          131852 kB
Active:           351580 kB
Mem:          3.8G       3.7G       128M       5.7M        21M       3.2G

MemTotal:        4016004 kB
MemFree:          131852 kB
Active:           351600 kB
Mem:          3.8G       3.7G       128M       5.7M        21M       3.2G

MemTotal:        4016004 kB
MemFree:          131728 kB
Active:           351576 kB
Mem:          3.8G       3.7G       128M       5.7M        21M       3.2G

MemTotal:        4016004 kB
MemFree:          131604 kB
Active:           351600 kB
Mem:          3.8G       3.7G       128M       5.7M        21M       3.2G

MemTotal:        4016004 kB
MemFree:          131604 kB
Active:           351576 kB
Mem:          3.8G       3.7G       128M       5.7M        21M       3.2G

MemTotal:        4016004 kB
MemFree:          131480 kB
Active:           351612 kB
Mem:          3.8G       3.7G       128M       5.7M        21M       3.2G

MemTotal:        4016004 kB
MemFree:          131604 kB
Active:           351576 kB
Mem:          3.8G       3.7G       128M       5.7M        21M       3.2G

MemTotal:        4016004 kB
MemFree:          131480 kB
Active:           351616 kB
Mem:          3.8G       3.7G       128M       5.7M        21M       3.2G

MemTotal:        4016004 kB
MemFree:          131480 kB
Active:           351572 kB
Mem:          3.8G       3.7G       128M       5.7M        21M       3.2G

MemTotal:        4016004 kB
MemFree:          131480 kB
Active:           351612 kB
Mem:          3.8G       3.7G       128M       5.7M        21M       3.2G

MemTotal:        4016004 kB
MemFree:          131464 kB
Active:           351584 kB
Mem:          3.8G       3.7G       128M       5.7M        21M       3.2G

MemTotal:        4016004 kB
MemFree:          131604 kB
Active:           351624 kB
Mem:          3.8G       3.7G       128M       5.7M        21M       3.2G

MemTotal:        4016004 kB
MemFree:          131796 kB
Active:           351620 kB
Mem:          3.8G       3.7G       128M       5.7M        21M       3.2G

MemTotal:        4016004 kB
MemFree:          131920 kB
Active:           351592 kB
Mem:          3.8G       3.7G       128M       5.7M        21M       3.2G

MemTotal:        4016004 kB
MemFree:          131920 kB
Active:           351620 kB
Mem:          3.8G       3.7G       128M       5.7M        21M       3.2G

MemTotal:        4016004 kB
MemFree:          131796 kB
Active:           351636 kB
Mem:          3.8G       3.7G       128M       5.7M        21M       3.2G

MemTotal:        4016004 kB
MemFree:          132028 kB
Active:           351640 kB
Mem:          3.8G       3.7G       128M       5.7M        21M       3.2G

MemTotal:        4016004 kB
MemFree:          131796 kB
Active:           351620 kB
Mem:          3.8G       3.7G       128M       5.7M        21M       3.2G

MemTotal:        4016004 kB
MemFree:          131780 kB
Active:           351608 kB
Mem:          3.8G       3.7G       128M       5.7M        21M       3.2G

MemTotal:        4016004 kB
MemFree:          131796 kB
Active:           351632 kB
Mem:          3.8G       3.7G       128M       5.7M        21M       3.2G

MemTotal:        4016004 kB
MemFree:          131656 kB
Active:           351604 kB
Mem:          3.8G       3.7G       128M       5.7M        21M       3.2G

MemTotal:        4016004 kB
MemFree:          131284 kB
Active:           351660 kB
Mem:          3.8G       3.7G       128M       5.7M        21M       3.2G

MemTotal:        4016004 kB
MemFree:          131548 kB
Active:           351644 kB
Mem:          3.8G       3.7G       128M       5.7M        21M       3.2G

MemTotal:        4016004 kB
MemFree:          131656 kB
Active:           351656 kB
Mem:          3.8G       3.7G       128M       5.7M        21M       3.2G

MemTotal:        4016004 kB
MemFree:          131656 kB
Active:           351628 kB
Mem:          3.8G       3.7G       128M       5.7M        21M       3.2G

MemTotal:        4016004 kB
MemFree:          131656 kB
Active:           351648 kB
Mem:          3.8G       3.7G       128M       5.7M        21M       3.2G

MemTotal:        4016004 kB
MemFree:          131796 kB
Active:           351620 kB
Mem:          3.8G       3.7G       128M       5.7M        21M       3.2G

MemTotal:        4016004 kB
MemFree:          131764 kB
Active:           351656 kB
Mem:          3.8G       3.7G       128M       5.7M        21M       3.2G

MemTotal:        4016004 kB
MemFree:          131780 kB
Active:           351660 kB
Mem:          3.8G       3.7G       128M       5.7M        21M       3.2G

MemTotal:        4016004 kB
MemFree:          131556 kB
Active:           351776 kB
Mem:          3.8G       3.7G       128M       5.7M        21M       3.2G

MemTotal:        4016004 kB
MemFree:          131580 kB
Active:           351804 kB
Mem:          3.8G       3.7G       128M       5.7M        21M       3.2G

MemTotal:        4016004 kB
MemFree:          131672 kB
Active:           351676 kB
Mem:          3.8G       3.7G       128M       5.7M        21M       3.2G

MemTotal:        4016004 kB
MemFree:          131596 kB
Active:           351780 kB
Mem:          3.8G       3.7G       128M       5.7M        21M       3.2G

MemTotal:        4016004 kB
MemFree:          131564 kB
Active:           351624 kB
Mem:          3.8G       3.7G       128M       5.7M        21M       3.2G

MemTotal:        4016004 kB
MemFree:          131796 kB
Active:           351648 kB
Mem:          3.8G       3.7G       128M       5.7M        21M       3.2G

MemTotal:        4016004 kB
MemFree:          131284 kB
Active:           351692 kB
Mem:          3.8G       3.7G       128M       5.7M        21M       3.2G

MemTotal:        4016004 kB
MemFree:          131640 kB
Active:           351684 kB
Mem:          3.8G       3.7G       128M       5.7M        21M       3.2G

MemTotal:        4016004 kB
MemFree:          131780 kB
Active:           351676 kB
Mem:          3.8G       3.7G       128M       5.7M        21M       3.2G

MemTotal:        4016004 kB
MemFree:          131780 kB
Active:           351692 kB
Mem:          3.8G       3.7G       128M       5.7M        21M       3.2G

MemTotal:        4016004 kB
MemFree:          131656 kB
Active:           351644 kB
Mem:          3.8G       3.7G       128M       5.7M        21M       3.2G

MemTotal:        4016004 kB
MemFree:          131580 kB
Active:           351812 kB
Mem:          3.8G       3.7G       128M       5.7M        21M       3.2G

MemTotal:        4016004 kB
MemFree:          131580 kB
Active:           351828 kB
Mem:          3.8G       3.7G       128M       5.7M        21M       3.2G

MemTotal:        4016004 kB
MemFree:          131532 kB
Active:           351664 kB
Mem:          3.8G       3.7G       128M       5.7M        21M       3.2G

MemTotal:        4016004 kB
MemFree:          131532 kB
Active:           351672 kB
Mem:          3.8G       3.7G       128M       5.7M        21M       3.2G

MemTotal:        4016004 kB
MemFree:          131656 kB
Active:           351660 kB
Mem:          3.8G       3.7G       128M       5.7M        21M       3.2G

MemTotal:        4016004 kB
MemFree:          132324 kB
Active:           351800 kB
Mem:          3.8G       3.7G       128M       5.7M        21M       3.2G

MemTotal:        4016004 kB
MemFree:          131640 kB
Active:           351792 kB
Mem:          3.8G       3.7G       128M       5.7M        21M       3.2G

MemTotal:        4016004 kB
MemFree:          131440 kB
Active:           351892 kB
Mem:          3.8G       3.7G       128M       5.7M        21M       3.2G

MemTotal:        4016004 kB
MemFree:          131316 kB
Active:           352076 kB
Mem:          3.8G       3.7G       128M       5.7M        21M       3.2G

MemTotal:        4016004 kB
MemFree:          132104 kB
Active:           351812 kB
Mem:          3.8G       3.7G       128M       5.7M        21M       3.2G

MemTotal:        4016004 kB
MemFree:          131840 kB
Active:           351868 kB
Mem:          3.8G       3.7G       129M       5.7M        21M       3.2G

MemTotal:        4016004 kB
MemFree:          131996 kB
Active:           351824 kB
Mem:          3.8G       3.7G       129M       5.7M        21M       3.2G

MemTotal:        4016004 kB
MemFree:          132152 kB
Active:           351904 kB
Mem:          3.8G       3.7G       128M       5.7M        21M       3.2G

MemTotal:        4016004 kB
MemFree:          131904 kB
Active:           351928 kB
Mem:          3.8G       3.7G       128M       5.7M        21M       3.2G

MemTotal:        4016004 kB
MemFree:          132028 kB
Active:           351948 kB
Mem:          3.8G       3.7G       128M       5.7M        21M       3.2G

MemTotal:        4016004 kB
MemFree:          132028 kB
Active:           351912 kB
Mem:          3.8G       3.7G       128M       5.7M        21M       3.2G

MemTotal:        4016004 kB
MemFree:          131904 kB
Active:           351924 kB
Mem:          3.8G       3.7G       128M       5.7M        21M       3.2G

MemTotal:        4016004 kB
MemFree:          131448 kB
Active:           352044 kB
Mem:          3.8G       3.7G       128M       5.7M        21M       3.2G

MemTotal:        4016004 kB
MemFree:          131856 kB
Active:           351836 kB
Mem:          3.8G       3.7G       128M       5.7M        21M       3.2G

MemTotal:        4016004 kB
MemFree:          131484 kB
Active:           351864 kB
Mem:          3.8G       3.7G       128M       5.7M        21M       3.2G

MemTotal:        4016004 kB
MemFree:          130972 kB
Active:           351952 kB
Mem:          3.8G       3.7G       128M       5.7M        21M       3.2G

MemTotal:        4016004 kB
MemFree:          131316 kB
Active:           351944 kB
Mem:          3.8G       3.7G       128M       5.7M        21M       3.2G

MemTotal:        4016004 kB
MemFree:          131464 kB
Active:           351944 kB
Mem:          3.8G       3.7G       128M       5.7M        21M       3.2G

MemTotal:        4016004 kB
MemFree:          131464 kB
Active:           351948 kB
Mem:          3.8G       3.7G       128M       5.7M        21M       3.2G

MemTotal:        4016004 kB
MemFree:          131480 kB
Active:           351796 kB
Mem:          3.8G       3.7G       128M       5.7M        21M       3.2G

MemTotal:        4016004 kB
MemFree:          131224 kB
Active:           351920 kB
Mem:          3.8G       3.7G       128M       5.7M        21M       3.2G

MemTotal:        4016004 kB
MemFree:          131360 kB
Active:           351844 kB
Mem:          3.8G       3.7G       128M       5.7M        21M       3.2G

MemTotal:        4016004 kB
MemFree:          131360 kB
Active:           351832 kB
Mem:          3.8G       3.7G       128M       5.7M        21M       3.2G

MemTotal:        4016004 kB
MemFree:          131136 kB
Active:           351964 kB
Mem:          3.8G       3.7G       128M       5.7M        21M       3.2G

MemTotal:        4016004 kB
MemFree:          131356 kB
Active:           351804 kB
Mem:          3.8G       3.7G       128M       5.7M        21M       3.2G

MemTotal:        4016004 kB
MemFree:          131620 kB
Active:           351928 kB
Mem:          3.8G       3.7G       128M       5.7M        21M       3.2G

MemTotal:        4016004 kB
MemFree:          131580 kB
Active:           351780 kB
Mem:          3.8G       3.7G       128M       5.7M        21M       3.2G

MemTotal:        4016004 kB
MemFree:          131620 kB
Active:           351820 kB
Mem:          3.8G       3.7G       128M       5.7M        21M       3.2G

MemTotal:        4016004 kB
MemFree:          131528 kB
Active:           351944 kB
Mem:          3.8G       3.7G       128M       5.7M        21M       3.2G

MemTotal:        4016004 kB
MemFree:          131136 kB
Active:           351988 kB
Mem:          3.8G       3.7G       128M       5.7M        21M       3.2G

MemTotal:        4016004 kB
MemFree:          131004 kB
Active:           351852 kB
Mem:          3.8G       3.7G       128M       5.7M        21M       3.2G

MemTotal:        4016004 kB
MemFree:          131484 kB
Active:           351772 kB
Mem:          3.8G       3.7G       128M       5.7M        21M       3.2G

MemTotal:        4016004 kB
MemFree:          131580 kB
Active:           351976 kB
Mem:          3.8G       3.7G       128M       5.7M        21M       3.2G

MemTotal:        4016004 kB
MemFree:          131596 kB
Active:           352000 kB
Mem:          3.8G       3.7G       128M       5.7M        21M       3.2G

MemTotal:        4016004 kB
MemFree:          131332 kB
Active:           351956 kB
Mem:          3.8G       3.7G       128M       5.7M        21M       3.2G

MemTotal:        4016004 kB
MemFree:          131224 kB
Active:           352104 kB
Mem:          3.8G       3.7G       128M       5.7M        21M       3.2G

MemTotal:        4016004 kB
MemFree:          131356 kB
Active:           352108 kB
Mem:          3.8G       3.7G       128M       5.7M        21M       3.2G

MemTotal:        4016004 kB
MemFree:          131384 kB
Active:           351964 kB
Mem:          3.8G       3.7G       128M       5.7M        21M       3.2G

MemTotal:        4016004 kB
MemFree:          131500 kB
Active:           351864 kB
Mem:          3.8G       3.7G       128M       5.7M        21M       3.2G

MemTotal:        4016004 kB
MemFree:          131608 kB
Active:           351876 kB
Mem:          3.8G       3.7G       128M       5.7M        21M       3.2G

MemTotal:        4016004 kB
MemFree:          131556 kB
Active:           352012 kB
Mem:          3.8G       3.7G       128M       5.7M        21M       3.2G

MemTotal:        4016004 kB
MemFree:          131472 kB
Active:           351840 kB
Mem:          3.8G       3.7G       128M       5.7M        21M       3.2G

MemTotal:        4016004 kB
MemFree:          131532 kB
Active:           351936 kB
Mem:          3.8G       3.7G       128M       5.7M        21M       3.2G

MemTotal:        4016004 kB
MemFree:          131604 kB
Active:           351828 kB
Mem:          3.8G       3.7G       128M       5.7M        21M       3.2G

MemTotal:        4016004 kB
MemFree:          131732 kB
Active:           351780 kB
Mem:          3.8G       3.7G       128M       5.7M        21M       3.2G

MemTotal:        4016004 kB
MemFree:          131484 kB
Active:           351708 kB
Mem:          3.8G       3.7G       128M       5.7M        21M       3.2G

MemTotal:        4016004 kB
MemFree:          131484 kB
Active:           351840 kB
Mem:          3.8G       3.7G       128M       5.7M        21M       3.2G

MemTotal:        4016004 kB
MemFree:          131500 kB
Active:           351848 kB
Mem:          3.8G       3.7G       128M       5.7M        21M       3.2G

MemTotal:        4016004 kB
MemFree:          131608 kB
Active:           351728 kB
Mem:          3.8G       3.7G       128M       5.7M        21M       3.2G

MemTotal:        4016004 kB
MemFree:          131480 kB
Active:           351884 kB
Mem:          3.8G       3.7G       128M       5.7M        21M       3.2G

MemTotal:        4016004 kB
MemFree:          131308 kB
Active:           351956 kB
Mem:          3.8G       3.7G       128M       5.7M        21M       3.2G

MemTotal:        4016004 kB
MemFree:          131332 kB
Active:           352036 kB
Mem:          3.8G       3.7G       128M       5.7M        21M       3.2G

MemTotal:        4016004 kB
MemFree:          131448 kB
Active:           351868 kB
Mem:          3.8G       3.7G       128M       5.7M        21M       3.2G

MemTotal:        4016004 kB
MemFree:          131500 kB
Active:           351720 kB
Mem:          3.8G       3.7G       128M       5.7M        21M       3.2G

MemTotal:        4016004 kB
MemFree:          131376 kB
Active:           351784 kB
Mem:          3.8G       3.7G       128M       5.7M        21M       3.2G

MemTotal:        4016004 kB
MemFree:          131360 kB
Active:           351808 kB
Mem:          3.8G       3.7G       128M       5.7M        21M       3.2G

MemTotal:        4016004 kB
MemFree:          131996 kB
Active:           351748 kB
Mem:          3.8G       3.7G       128M       5.7M        21M       3.2G

MemTotal:        4016004 kB
MemFree:          131732 kB
Active:           351724 kB
Mem:          3.8G       3.7G       128M       5.7M        21M       3.2G

MemTotal:        4016004 kB
MemFree:          131376 kB
Active:           351964 kB
Mem:          3.8G       3.7G       128M       5.7M        21M       3.2G

MemTotal:        4016004 kB
MemFree:          131496 kB
Active:           352036 kB
Mem:          3.8G       3.7G       128M       5.7M        21M       3.2G

MemTotal:        4016004 kB
MemFree:          131408 kB
Active:           351916 kB
Mem:          3.8G       3.7G       128M       5.7M        21M       3.2G

MemTotal:        4016004 kB
MemFree:          131548 kB
Active:           351968 kB
Mem:          3.8G       3.7G       128M       5.7M        21M       3.2G

MemTotal:        4016004 kB
MemFree:          131300 kB
Active:           352108 kB
Mem:          3.8G       3.7G       128M       5.7M        21M       3.2G

MemTotal:        4016004 kB
MemFree:          131500 kB
Active:           351884 kB
Mem:          3.8G       3.7G       128M       5.7M        21M       3.2G

MemTotal:        4016004 kB
MemFree:          131608 kB
Active:           351780 kB
Mem:          3.8G       3.7G       128M       5.7M        21M       3.2G

MemTotal:        4016004 kB
MemFree:          131608 kB
Active:           351768 kB
Mem:          3.8G       3.7G       128M       5.7M        21M       3.2G

MemTotal:        4016004 kB
MemFree:          131128 kB
Active:           351788 kB
Mem:          3.8G       3.7G       127M       5.7M        21M       3.2G

MemTotal:        4016004 kB
MemFree:          131624 kB
Active:           351788 kB
Mem:          3.8G       3.7G       128M       5.7M        21M       3.2G

MemTotal:        4016004 kB
MemFree:          131252 kB
Active:           351760 kB
Mem:          3.8G       3.7G       128M       5.7M        21M       3.2G

MemTotal:        4016004 kB
MemFree:          131252 kB
Active:           351780 kB
Mem:          3.8G       3.7G       127M       5.7M        21M       3.2G

MemTotal:        4016004 kB
MemFree:          131236 kB
Active:           351848 kB
Mem:          3.8G       3.7G       128M       5.7M        21M       3.2G

MemTotal:        4016004 kB
MemFree:          131376 kB
Active:           351852 kB
Mem:          3.8G       3.7G       128M       5.7M        21M       3.2G

MemTotal:        4016004 kB
MemFree:          131500 kB
Active:           351760 kB
Mem:          3.8G       3.7G       128M       5.7M        21M       3.2G

MemTotal:        4016004 kB
MemFree:          131360 kB
Active:           351788 kB
Mem:          3.8G       3.7G       128M       5.7M        21M       3.2G

MemTotal:        4016004 kB
MemFree:          131484 kB
Active:           351804 kB
Mem:          3.8G       3.7G       128M       5.7M        21M       3.2G

MemTotal:        4016004 kB
MemFree:          131484 kB
Active:           351920 kB
Mem:          3.8G       3.7G       128M       5.7M        21M       3.2G

MemTotal:        4016004 kB
MemFree:          131236 kB
Active:           351820 kB
Mem:          3.8G       3.7G       128M       5.7M        21M       3.2G

MemTotal:        4016004 kB
MemFree:          131408 kB
Active:           351908 kB
Mem:          3.8G       3.7G       128M       5.7M        21M       3.2G

MemTotal:        4016004 kB
MemFree:          131408 kB
Active:           351904 kB
Mem:          3.8G       3.7G       128M       5.7M        21M       3.2G

MemTotal:        4016004 kB
MemFree:          131284 kB
Active:           351936 kB
Mem:          3.8G       3.7G       128M       5.7M        21M       3.2G

MemTotal:        4016004 kB
MemFree:          131284 kB
Active:           351916 kB
Mem:          3.8G       3.7G       128M       5.7M        21M       3.2G

MemTotal:        4016004 kB
MemFree:          130788 kB
Active:           351952 kB
Mem:          3.8G       3.7G       127M       5.7M        21M       3.2G

MemTotal:        4016004 kB
MemFree:          131160 kB
Active:           351940 kB
Mem:          3.8G       3.7G       128M       5.7M        21M       3.2G

MemTotal:        4016004 kB
MemFree:          130912 kB
Active:           351952 kB
Mem:          3.8G       3.7G       127M       5.7M        21M       3.2G

MemTotal:        4016004 kB
MemFree:          131160 kB
Active:           351928 kB
Mem:          3.8G       3.7G       128M       5.7M        21M       3.2G

MemTotal:        4016004 kB
MemFree:          131408 kB
Active:           351932 kB
Mem:          3.8G       3.7G       128M       5.7M        21M       3.2G

MemTotal:        4016004 kB
MemFree:          131532 kB
Active:           351944 kB
Mem:          3.8G       3.7G       128M       5.7M        21M       3.2G

MemTotal:        4016004 kB
MemFree:          131532 kB
Active:           351912 kB
Mem:          3.8G       3.7G       128M       5.7M        21M       3.2G

MemTotal:        4016004 kB
MemFree:          131408 kB
Active:           351928 kB
Mem:          3.8G       3.7G       128M       5.7M        21M       3.2G

MemTotal:        4016004 kB
MemFree:          131408 kB
Active:           351936 kB
Mem:          3.8G       3.7G       128M       5.7M        21M       3.2G

MemTotal:        4016004 kB
MemFree:          131532 kB
Active:           351964 kB
Mem:          3.8G       3.7G       128M       5.7M        21M       3.2G

MemTotal:        4016004 kB
MemFree:          131408 kB
Active:           351964 kB
Mem:          3.8G       3.7G       128M       5.7M        21M       3.2G

MemTotal:        4016004 kB
MemFree:          130400 kB
Active:           352064 kB
Mem:          3.8G       3.7G       127M       5.7M        21M       3.2G

MemTotal:        4016004 kB
MemFree:          130772 kB
Active:           352064 kB
Mem:          3.8G       3.7G       127M       5.7M        21M       3.2G

MemTotal:        4016004 kB
MemFree:          130648 kB
Active:           352052 kB
Mem:          3.8G       3.7G       127M       5.7M        21M       3.2G

MemTotal:        4016004 kB
MemFree:          130648 kB
Active:           352084 kB
Mem:          3.8G       3.7G       127M       5.7M        21M       3.2G

MemTotal:        4016004 kB
MemFree:          131020 kB
Active:           352056 kB
Mem:          3.8G       3.7G       127M       5.7M        21M       3.2G

MemTotal:        4016004 kB
MemFree:          130896 kB
Active:           352064 kB
Mem:          3.8G       3.7G       127M       5.7M        21M       3.2G

MemTotal:        4016004 kB
MemFree:          130896 kB
Active:           352048 kB
Mem:          3.8G       3.7G       127M       5.7M        21M       3.2G

MemTotal:        4016004 kB
MemFree:          130896 kB
Active:           352044 kB
Mem:          3.8G       3.7G       127M       5.7M        21M       3.2G

MemTotal:        4016004 kB
MemFree:          130896 kB
Active:           352080 kB
Mem:          3.8G       3.7G       127M       5.7M        21M       3.2G

MemTotal:        4016004 kB
MemFree:          130772 kB
Active:           352080 kB
Mem:          3.8G       3.7G       127M       5.7M        21M       3.2G

MemTotal:        4016004 kB
MemFree:          130896 kB
Active:           352084 kB
Mem:          3.8G       3.7G       127M       5.7M        21M       3.2G

MemTotal:        4016004 kB
MemFree:          131020 kB
Active:           352040 kB
Mem:          3.8G       3.7G       127M       5.7M        21M       3.2G

MemTotal:        4016004 kB
MemFree:          131020 kB
Active:           352064 kB
Mem:          3.8G       3.7G       127M       5.7M        21M       3.2G

MemTotal:        4016004 kB
MemFree:          130524 kB
Active:           352096 kB
Mem:          3.8G       3.7G       127M       5.7M        21M       3.2G

MemTotal:        4016004 kB
MemFree:          130896 kB
Active:           352076 kB
Mem:          3.8G       3.7G       127M       5.7M        21M       3.2G

MemTotal:        4016004 kB
MemFree:          131020 kB
Active:           352100 kB
Mem:          3.8G       3.7G       127M       5.7M        21M       3.2G

MemTotal:        4016004 kB
MemFree:          130896 kB
Active:           352064 kB
Mem:          3.8G       3.7G       127M       5.7M        21M       3.2G

MemTotal:        4016004 kB
MemFree:          130896 kB
Active:           352048 kB
Mem:          3.8G       3.7G       127M       5.7M        21M       3.2G

MemTotal:        4016004 kB
MemFree:          130772 kB
Active:           352080 kB
Mem:          3.8G       3.7G       127M       5.7M        21M       3.2G

MemTotal:        4016004 kB
MemFree:          130648 kB
Active:           352060 kB
Mem:          3.8G       3.7G       127M       5.7M        21M       3.2G

MemTotal:        4016004 kB
MemFree:          130772 kB
Active:           352068 kB
Mem:          3.8G       3.7G       127M       5.7M        21M       3.2G

MemTotal:        4016004 kB
MemFree:          130772 kB
Active:           352056 kB
Mem:          3.8G       3.7G       127M       5.7M        21M       3.2G

MemTotal:        4016004 kB
MemFree:          130648 kB
Active:           352088 kB
Mem:          3.8G       3.7G       127M       5.7M        21M       3.2G

MemTotal:        4016004 kB
MemFree:          130648 kB
Active:           352068 kB
Mem:          3.8G       3.7G       127M       5.7M        21M       3.2G

MemTotal:        4016004 kB
MemFree:          130896 kB
Active:           352112 kB
Mem:          3.8G       3.7G       127M       5.7M        21M       3.2G

MemTotal:        4016004 kB
MemFree:          130896 kB
Active:           352080 kB
Mem:          3.8G       3.7G       127M       5.7M        21M       3.2G

MemTotal:        4016004 kB
MemFree:          130276 kB
Active:           352116 kB
Mem:          3.8G       3.7G       127M       5.7M        21M       3.2G

MemTotal:        4016004 kB
MemFree:          130896 kB
Active:           352092 kB
Mem:          3.8G       3.7G       127M       5.7M        21M       3.2G

MemTotal:        4016004 kB
MemFree:          131392 kB
Active:           352084 kB
Mem:          3.8G       3.7G       128M       5.7M        21M       3.2G

MemTotal:        4016004 kB
MemFree:          131932 kB
Active:           351672 kB
Mem:          3.8G       3.7G       128M       5.7M        21M       3.2G

MemTotal:        4016004 kB
MemFree:          131932 kB
Active:           351680 kB
Mem:          3.8G       3.7G       128M       5.7M        21M       3.2G

MemTotal:        4016004 kB
MemFree:          132076 kB
Active:           351696 kB
Mem:          3.8G       3.7G       129M       5.7M        21M       3.2G

MemTotal:        4016004 kB
MemFree:          131704 kB
Active:           351712 kB
Mem:          3.8G       3.7G       128M       5.7M        21M       3.2G

MemTotal:        4016004 kB
MemFree:          132324 kB
Active:           351712 kB
Mem:          3.8G       3.7G       129M       5.7M        21M       3.2G

MemTotal:        4016004 kB
MemFree:          132820 kB
Active:           351700 kB
Mem:          3.8G       3.7G       129M       5.7M        21M       3.2G

MemTotal:        4016004 kB
MemFree:          132076 kB
Active:           351688 kB
Mem:          3.8G       3.7G       129M       5.7M        21M       3.2G

MemTotal:        4016004 kB
MemFree:          132324 kB
Active:           351712 kB
Mem:          3.8G       3.7G       129M       5.7M        21M       3.2G

MemTotal:        4016004 kB
MemFree:          132696 kB
Active:           351720 kB
Mem:          3.8G       3.7G       129M       5.7M        21M       3.2G

MemTotal:        4016004 kB
MemFree:          132324 kB
Active:           351728 kB
Mem:          3.8G       3.7G       129M       5.7M        21M       3.2G

MemTotal:        4016004 kB
MemFree:          132076 kB
Active:           351732 kB
Mem:          3.8G       3.7G       129M       5.7M        21M       3.2G

MemTotal:        4016004 kB
MemFree:          132324 kB
Active:           351720 kB
Mem:          3.8G       3.7G       129M       5.7M        21M       3.2G

MemTotal:        4016004 kB
MemFree:          132076 kB
Active:           351744 kB
Mem:          3.8G       3.7G       129M       5.7M        21M       3.2G

MemTotal:        4016004 kB
MemFree:          132696 kB
Active:           351728 kB
Mem:          3.8G       3.7G       129M       5.7M        21M       3.2G

MemTotal:        4016004 kB
MemFree:          132944 kB
Active:           351744 kB
Mem:          3.8G       3.7G       129M       5.7M        21M       3.2G

MemTotal:        4016004 kB
MemFree:          132944 kB
Active:           351688 kB
Mem:          3.8G       3.7G       129M       5.7M        21M       3.2G

MemTotal:        4016004 kB
MemFree:          132820 kB
Active:           351712 kB
Mem:          3.8G       3.7G       129M       5.7M        21M       3.2G

MemTotal:        4016004 kB
MemFree:          132324 kB
Active:           351748 kB
Mem:          3.8G       3.7G       129M       5.7M        21M       3.2G

MemTotal:        4016004 kB
MemFree:          132696 kB
Active:           351716 kB
Mem:          3.8G       3.7G       129M       5.7M        21M       3.2G

MemTotal:        4016004 kB
MemFree:          132572 kB
Active:           351724 kB
Mem:          3.8G       3.7G       129M       5.7M        21M       3.2G

MemTotal:        4016004 kB
MemFree:          132696 kB
Active:           351736 kB
Mem:          3.8G       3.7G       129M       5.7M        21M       3.2G

MemTotal:        4016004 kB
MemFree:          132696 kB
Active:           351748 kB
Mem:          3.8G       3.7G       129M       5.7M        21M       3.2G

MemTotal:        4016004 kB
MemFree:          132836 kB
Active:           351700 kB
Mem:          3.8G       3.7G       129M       5.7M        21M       3.2G

MemTotal:        4016004 kB
MemFree:          132588 kB
Active:           351756 kB
Mem:          3.8G       3.7G       129M       5.7M        21M       3.2G

MemTotal:        4016004 kB
MemFree:          132464 kB
Active:           351728 kB
Mem:          3.8G       3.7G       129M       5.7M        21M       3.2G

MemTotal:        4016004 kB
MemFree:          132464 kB
Active:           351760 kB
Mem:          3.8G       3.7G       129M       5.7M        21M       3.2G

MemTotal:        4016004 kB
MemFree:          132588 kB
Active:           351716 kB
Mem:          3.8G       3.7G       129M       5.7M        21M       3.2G

MemTotal:        4016004 kB
MemFree:          132216 kB
Active:           351776 kB
Mem:          3.8G       3.7G       129M       5.7M        21M       3.2G

MemTotal:        4016004 kB
MemFree:          132340 kB
Active:           351728 kB
Mem:          3.8G       3.7G       129M       5.7M        21M       3.2G

MemTotal:        4016004 kB
MemFree:          132340 kB
Active:           351728 kB
Mem:          3.8G       3.7G       129M       5.7M        21M       3.2G

MemTotal:        4016004 kB
MemFree:          132464 kB
Active:           351748 kB
Mem:          3.8G       3.7G       129M       5.7M        21M       3.2G

MemTotal:        4016004 kB
MemFree:          132464 kB
Active:           351768 kB
Mem:          3.8G       3.7G       129M       5.7M        21M       3.2G

MemTotal:        4016004 kB
MemFree:          132340 kB
Active:           351756 kB
