MemTotal:        4016004 kB
MemFree:         3218800 kB
Active:           444684 kB
Mem:          3.8G       778M       3.1G       5.7M        52M       323M

MemTotal:        4016004 kB
MemFree:         3218220 kB
Active:           445068 kB
Mem:          3.8G       779M       3.1G       5.7M        52M       323M

MemTotal:        4016004 kB
MemFree:         3218220 kB
Active:           445132 kB
Mem:          3.8G       779M       3.1G       5.7M        52M       323M

MemTotal:        4016004 kB
MemFree:         3218344 kB
Active:           445152 kB
Mem:          3.8G       779M       3.1G       5.7M        52M       323M

MemTotal:        4016004 kB
MemFree:         3218220 kB
Active:           445140 kB
Mem:          3.8G       779M       3.1G       5.7M        52M       323M

MemTotal:        4016004 kB
MemFree:         3217956 kB
Active:           445184 kB
Mem:          3.8G       779M       3.1G       5.7M        52M       323M

MemTotal:        4016004 kB
MemFree:         3218312 kB
Active:           445152 kB
Mem:          3.8G       779M       3.1G       5.7M        52M       323M

MemTotal:        4016004 kB
MemFree:         3218172 kB
Active:           445172 kB
Mem:          3.8G       778M       3.1G       5.7M        52M       323M

MemTotal:        4016004 kB
MemFree:         3217932 kB
Active:           445184 kB
Mem:          3.8G       779M       3.1G       5.7M        52M       323M

MemTotal:        4016004 kB
MemFree:         3217908 kB
Active:           445180 kB
Mem:          3.8G       779M       3.1G       5.7M        52M       323M

MemTotal:        4016004 kB
MemFree:         3218016 kB
Active:           445184 kB
Mem:          3.8G       779M       3.1G       5.7M        52M       323M

MemTotal:        4016004 kB
MemFree:         3218016 kB
Active:           445184 kB
Mem:          3.8G       779M       3.1G       5.7M        52M       323M

MemTotal:        4016004 kB
MemFree:         3218016 kB
Active:           445128 kB
Mem:          3.8G       779M       3.1G       5.7M        52M       323M

MemTotal:        4016004 kB
MemFree:         3218264 kB
Active:           445168 kB
Mem:          3.8G       779M       3.1G       5.7M        52M       323M

MemTotal:        4016004 kB
MemFree:         3220064 kB
Active:           443156 kB
Mem:          3.8G       777M       3.1G       5.7M        52M       323M

MemTotal:        4016004 kB
MemFree:         3219568 kB
Active:           443164 kB
Mem:          3.8G       777M       3.1G       5.7M        52M       323M

MemTotal:        4016004 kB
MemFree:         3219692 kB
Active:           443164 kB
Mem:          3.8G       777M       3.1G       5.7M        52M       323M

MemTotal:        4016004 kB
MemFree:         3219940 kB
Active:           443120 kB
Mem:          3.8G       777M       3.1G       5.7M        52M       323M

MemTotal:        4016004 kB
MemFree:         3219940 kB
Active:           443156 kB
Mem:          3.8G       777M       3.1G       5.7M        52M       323M

MemTotal:        4016004 kB
MemFree:         3219708 kB
Active:           443120 kB
Mem:          3.8G       777M       3.1G       5.7M        52M       323M

MemTotal:        4016004 kB
MemFree:         3219956 kB
Active:           443156 kB
Mem:          3.8G       777M       3.1G       5.7M        52M       323M

MemTotal:        4016004 kB
MemFree:         3219832 kB
Active:           443128 kB
Mem:          3.8G       777M       3.1G       5.7M        52M       323M

MemTotal:        4016004 kB
MemFree:         3219956 kB
Active:           443164 kB
Mem:          3.8G       777M       3.1G       5.7M        52M       323M

MemTotal:        4016004 kB
MemFree:         3219768 kB
Active:           441100 kB
Mem:          3.8G       777M       3.1G       5.7M        52M       323M

MemTotal:        4016004 kB
MemFree:         3220140 kB
Active:           443184 kB
Mem:          3.8G       777M       3.1G       5.7M        52M       323M

MemTotal:        4016004 kB
MemFree:         3220140 kB
Active:           443160 kB
Mem:          3.8G       777M       3.1G       5.7M        52M       323M

MemTotal:        4016004 kB
MemFree:         3220264 kB
Active:           443136 kB
Mem:          3.8G       777M       3.1G       5.7M        52M       323M

MemTotal:        4016004 kB
MemFree:         3220124 kB
Active:           443140 kB
Mem:          3.8G       777M       3.1G       5.7M        52M       323M

MemTotal:        4016004 kB
MemFree:         3219736 kB
Active:           443200 kB
Mem:          3.8G       777M       3.1G       5.7M        52M       323M

MemTotal:        4016004 kB
MemFree:         3220108 kB
Active:           443160 kB
Mem:          3.8G       777M       3.1G       5.7M        52M       323M

MemTotal:        4016004 kB
MemFree:         3220264 kB
Active:           443184 kB
Mem:          3.8G       777M       3.1G       5.7M        52M       323M

MemTotal:        4016004 kB
MemFree:         3220512 kB
Active:           443144 kB
Mem:          3.8G       776M       3.1G       5.7M        52M       323M

MemTotal:        4016004 kB
MemFree:         3220140 kB
Active:           443176 kB
Mem:          3.8G       777M       3.1G       5.7M        52M       323M

MemTotal:        4016004 kB
MemFree:         3218092 kB
Active:           443164 kB
Mem:          3.8G       779M       3.1G       5.7M        52M       323M

MemTotal:        4016004 kB
MemFree:         3218092 kB
Active:           443192 kB
Mem:          3.8G       779M       3.1G       5.7M        52M       323M

MemTotal:        4016004 kB
MemFree:         3218216 kB
Active:           445188 kB
Mem:          3.8G       779M       3.1G       5.7M        52M       323M

MemTotal:        4016004 kB
MemFree:         3218092 kB
Active:           445244 kB
Mem:          3.8G       779M       3.1G       5.7M        52M       323M

MemTotal:        4016004 kB
MemFree:         3218216 kB
Active:           445236 kB
Mem:          3.8G       779M       3.1G       5.7M        52M       323M

MemTotal:        4016004 kB
MemFree:         3218216 kB
Active:           445216 kB
Mem:          3.8G       779M       3.1G       5.7M        52M       323M

MemTotal:        4016004 kB
MemFree:         3217596 kB
Active:           445248 kB
Mem:          3.8G       779M       3.1G       5.7M        52M       323M

MemTotal:        4016004 kB
MemFree:         3217844 kB
Active:           445224 kB
Mem:          3.8G       779M       3.1G       5.7M        52M       323M

MemTotal:        4016004 kB
MemFree:         3217968 kB
Active:           445248 kB
Mem:          3.8G       779M       3.1G       5.7M        52M       323M

MemTotal:        4016004 kB
MemFree:         3217596 kB
Active:           445268 kB
Mem:          3.8G       779M       3.1G       5.7M        52M       323M

MemTotal:        4016004 kB
MemFree:         3217844 kB
Active:           445220 kB
Mem:          3.8G       779M       3.1G       5.7M        52M       323M

MemTotal:        4016004 kB
MemFree:         3217968 kB
Active:           445248 kB
Mem:          3.8G       779M       3.1G       5.7M        52M       323M

MemTotal:        4016004 kB
MemFree:         3217844 kB
Active:           445228 kB
Mem:          3.8G       779M       3.1G       5.7M        52M       323M

MemTotal:        4016004 kB
MemFree:         3218216 kB
Active:           445228 kB
Mem:          3.8G       779M       3.1G       5.7M        52M       323M

MemTotal:        4016004 kB
MemFree:         3218216 kB
Active:           445276 kB
Mem:          3.8G       779M       3.1G       5.7M        52M       323M

MemTotal:        4016004 kB
MemFree:         3218464 kB
Active:           445232 kB
Mem:          3.8G       778M       3.1G       5.7M        52M       323M

MemTotal:        4016004 kB
MemFree:         3217968 kB
Active:           445292 kB
Mem:          3.8G       779M       3.1G       5.7M        52M       323M

MemTotal:        4016004 kB
MemFree:         3217968 kB
Active:           445288 kB
Mem:          3.8G       779M       3.1G       5.7M        52M       323M

MemTotal:        4016004 kB
MemFree:         3217596 kB
Active:           445292 kB
Mem:          3.8G       779M       3.1G       5.7M        52M       323M

MemTotal:        4016004 kB
MemFree:         3217936 kB
Active:           445296 kB
Mem:          3.8G       779M       3.1G       5.7M        52M       323M

MemTotal:        4016004 kB
MemFree:         3215872 kB
Active:           445236 kB
Mem:          3.8G       780M       3.1G       5.7M        52M       323M

MemTotal:        4016004 kB
MemFree:         3215748 kB
Active:           447308 kB
Mem:          3.8G       781M       3.1G       5.7M        52M       323M

MemTotal:        4016004 kB
MemFree:         3215980 kB
Active:           447288 kB
Mem:          3.8G       781M       3.1G       5.7M        52M       323M

MemTotal:        4016004 kB
MemFree:         3216352 kB
Active:           447336 kB
Mem:          3.8G       781M       3.1G       5.7M        52M       323M

MemTotal:        4016004 kB
MemFree:         3216212 kB
Active:           447308 kB
Mem:          3.8G       781M       3.1G       5.7M        52M       323M

MemTotal:        4016004 kB
MemFree:         3216444 kB
Active:           447296 kB
Mem:          3.8G       781M       3.1G       5.7M        52M       323M

MemTotal:        4016004 kB
MemFree:         3216196 kB
Active:           447304 kB
Mem:          3.8G       780M       3.1G       5.7M        52M       323M

MemTotal:        4016004 kB
MemFree:         3216444 kB
Active:           447332 kB
Mem:          3.8G       780M       3.1G       5.7M        52M       323M

MemTotal:        4016004 kB
MemFree:         3215948 kB
Active:           447344 kB
Mem:          3.8G       781M       3.1G       5.7M        52M       323M

MemTotal:        4016004 kB
MemFree:         3216072 kB
Active:           447336 kB
Mem:          3.8G       781M       3.1G       5.7M        52M       323M

MemTotal:        4016004 kB
MemFree:         3215700 kB
Active:           447352 kB
Mem:          3.8G       781M       3.1G       5.7M        52M       323M

MemTotal:        4016004 kB
MemFree:         3215700 kB
Active:           447312 kB
Mem:          3.8G       781M       3.1G       5.7M        52M       323M

MemTotal:        4016004 kB
MemFree:         3215956 kB
Active:           447300 kB
Mem:          3.8G       781M       3.1G       5.7M        52M       323M

MemTotal:        4016004 kB
MemFree:         3215832 kB
Active:           447352 kB
Mem:          3.8G       781M       3.1G       5.7M        52M       323M

MemTotal:        4016004 kB
MemFree:         3215540 kB
Active:           447352 kB
Mem:          3.8G       781M       3.1G       5.7M        52M       323M

MemTotal:        4016004 kB
MemFree:         3215912 kB
Active:           447300 kB
Mem:          3.8G       781M       3.1G       5.7M        52M       323M

MemTotal:        4016004 kB
MemFree:         3216036 kB
Active:           447320 kB
Mem:          3.8G       781M       3.1G       5.7M        52M       323M

MemTotal:        4016004 kB
MemFree:         3215788 kB
Active:           447356 kB
Mem:          3.8G       781M       3.1G       5.7M        52M       323M

MemTotal:        4016004 kB
MemFree:         3206276 kB
Active:           455256 kB
Mem:          3.8G       790M       3.1G       5.7M        60M       323M

MemTotal:        4016004 kB
MemFree:         3206416 kB
Active:           455120 kB
Mem:          3.8G       790M       3.1G       5.7M        60M       323M

MemTotal:        4016004 kB
MemFree:         3206788 kB
Active:           455136 kB
Mem:          3.8G       790M       3.1G       5.7M        60M       323M

MemTotal:        4016004 kB
MemFree:         3206664 kB
Active:           455144 kB
Mem:          3.8G       790M       3.1G       5.7M        60M       323M

MemTotal:        4016004 kB
MemFree:         3206168 kB
Active:           455152 kB
Mem:          3.8G       790M       3.1G       5.7M        60M       323M

MemTotal:        4016004 kB
MemFree:         3206384 kB
Active:           455124 kB
Mem:          3.8G       790M       3.1G       5.7M        60M       323M

MemTotal:        4016004 kB
MemFree:         3206244 kB
Active:           455152 kB
Mem:          3.8G       790M       3.1G       5.7M        60M       323M

MemTotal:        4016004 kB
MemFree:         3206120 kB
Active:           455148 kB
Mem:          3.8G       791M       3.1G       5.7M        60M       323M

MemTotal:        4016004 kB
MemFree:         3206152 kB
Active:           455120 kB
Mem:          3.8G       790M       3.1G       5.7M        60M       323M

MemTotal:        4016004 kB
MemFree:         3206028 kB
Active:           455148 kB
Mem:          3.8G       790M       3.1G       5.7M        60M       323M

MemTotal:        4016004 kB
MemFree:         3206276 kB
Active:           455160 kB
Mem:          3.8G       790M       3.1G       5.7M        60M       323M

MemTotal:        4016004 kB
MemFree:         3206648 kB
Active:           455108 kB
Mem:          3.8G       790M       3.1G       5.7M        60M       323M

MemTotal:        4016004 kB
MemFree:         3206648 kB
Active:           455124 kB
Mem:          3.8G       790M       3.1G       5.7M        60M       323M

MemTotal:        4016004 kB
MemFree:         3206400 kB
Active:           455172 kB
Mem:          3.8G       790M       3.1G       5.7M        60M       323M

MemTotal:        4016004 kB
MemFree:         3206448 kB
Active:           455172 kB
Mem:          3.8G       790M       3.1G       5.7M        60M       323M

MemTotal:        4016004 kB
MemFree:         3206696 kB
Active:           455144 kB
Mem:          3.8G       790M       3.1G       5.7M        60M       323M

MemTotal:        4016004 kB
MemFree:         3206200 kB
Active:           455172 kB
Mem:          3.8G       790M       3.1G       5.7M        60M       323M

MemTotal:        4016004 kB
MemFree:         3206572 kB
Active:           455148 kB
Mem:          3.8G       790M       3.1G       5.7M        60M       323M

MemTotal:        4016004 kB
MemFree:         3206820 kB
Active:           455140 kB
Mem:          3.8G       790M       3.1G       5.7M        60M       323M

MemTotal:        4016004 kB
MemFree:         3206928 kB
Active:           455136 kB
Mem:          3.8G       790M       3.1G       5.7M        60M       323M

MemTotal:        4016004 kB
MemFree:         3206804 kB
Active:           455172 kB
Mem:          3.8G       790M       3.1G       5.7M        60M       323M

MemTotal:        4016004 kB
MemFree:         3206928 kB
Active:           455160 kB
Mem:          3.8G       790M       3.1G       5.7M        60M       323M

MemTotal:        4016004 kB
MemFree:         3206864 kB
Active:           453144 kB
Mem:          3.8G       790M       3.1G       5.7M        60M       323M

MemTotal:        4016004 kB
MemFree:         3206740 kB
Active:           453124 kB
Mem:          3.8G       790M       3.1G       5.7M        60M       323M

MemTotal:        4016004 kB
MemFree:         3207004 kB
Active:           453108 kB
Mem:          3.8G       790M       3.1G       5.7M        60M       323M

MemTotal:        4016004 kB
MemFree:         3207128 kB
Active:           455156 kB
Mem:          3.8G       790M       3.1G       5.7M        60M       323M

MemTotal:        4016004 kB
MemFree:         3207128 kB
Active:           455176 kB
Mem:          3.8G       790M       3.1G       5.7M        60M       323M

MemTotal:        4016004 kB
MemFree:         3206880 kB
Active:           455172 kB
Mem:          3.8G       790M       3.1G       5.7M        60M       323M

MemTotal:        4016004 kB
MemFree:         3206740 kB
Active:           455184 kB
Mem:          3.8G       790M       3.1G       5.7M        60M       323M

MemTotal:        4016004 kB
MemFree:         3206256 kB
Active:           455460 kB
Mem:          3.8G       791M       3.1G       5.7M        60M       323M

MemTotal:        4016004 kB
MemFree:         3160644 kB
Active:           456956 kB
Mem:          3.8G       836M       3.0G       5.7M        60M       367M

MemTotal:        4016004 kB
MemFree:         3113736 kB
Active:           456924 kB
Mem:          3.8G       881M       3.0G       5.7M        60M       412M

MemTotal:        4016004 kB
MemFree:         3066252 kB
Active:           454924 kB
Mem:          3.8G       928M       2.9G       5.7M        60M       457M

MemTotal:        4016004 kB
MemFree:         3019748 kB
Active:           456948 kB
Mem:          3.8G       973M       2.9G       5.7M        60M       502M

MemTotal:        4016004 kB
MemFree:         2972284 kB
Active:           456992 kB
Mem:          3.8G       1.0G       2.8G       5.7M        60M       547M

MemTotal:        4016004 kB
MemFree:         2925548 kB
Active:           456992 kB
Mem:          3.8G       1.0G       2.8G       5.7M        60M       593M

MemTotal:        4016004 kB
MemFree:         2876828 kB
Active:           457000 kB
Mem:          3.8G       1.1G       2.7G       5.7M        60M       639M

MemTotal:        4016004 kB
MemFree:         2830760 kB
Active:           456996 kB
Mem:          3.8G       1.1G       2.7G       5.7M        60M       683M

MemTotal:        4016004 kB
MemFree:         2782452 kB
Active:           457016 kB
Mem:          3.8G       1.2G       2.7G       5.7M        60M       729M

MemTotal:        4016004 kB
MemFree:         2735412 kB
Active:           457016 kB
Mem:          3.8G       1.2G       2.6G       5.7M        60M       775M

MemTotal:        4016004 kB
MemFree:         2688572 kB
Active:           456964 kB
Mem:          3.8G       1.3G       2.6G       5.7M        60M       820M

MemTotal:        4016004 kB
MemFree:         2641464 kB
Active:           456996 kB
Mem:          3.8G       1.3G       2.5G       5.7M        60M       866M

MemTotal:        4016004 kB
MemFree:         2594144 kB
Active:           457028 kB
Mem:          3.8G       1.4G       2.5G       5.7M        60M       910M

MemTotal:        4016004 kB
MemFree:         2548060 kB
Active:           457016 kB
Mem:          3.8G       1.4G       2.4G       5.7M        60M       954M

MemTotal:        4016004 kB
MemFree:         2500480 kB
Active:           457028 kB
Mem:          3.8G       1.4G       2.4G       5.7M        60M       1.0G

MemTotal:        4016004 kB
MemFree:         2453844 kB
Active:           457012 kB
Mem:          3.8G       1.5G       2.3G       5.7M        60M       1.0G

MemTotal:        4016004 kB
MemFree:         2406876 kB
Active:           457032 kB
Mem:          3.8G       1.5G       2.3G       5.7M        60M       1.1G

MemTotal:        4016004 kB
MemFree:         2359500 kB
Active:           457044 kB
Mem:          3.8G       1.6G       2.2G       5.7M        60M       1.1G

MemTotal:        4016004 kB
MemFree:         2313212 kB
Active:           457028 kB
Mem:          3.8G       1.6G       2.2G       5.7M        60M       1.2G

MemTotal:        4016004 kB
MemFree:         2266752 kB
Active:           457076 kB
Mem:          3.8G       1.7G       2.2G       5.7M        60M       1.2G

MemTotal:        4016004 kB
MemFree:         2218932 kB
Active:           457076 kB
Mem:          3.8G       1.7G       2.1G       5.7M        60M       1.2G

MemTotal:        4016004 kB
MemFree:         2171964 kB
Active:           457084 kB
Mem:          3.8G       1.8G       2.1G       5.7M        60M       1.3G

MemTotal:        4016004 kB
MemFree:         2126188 kB
Active:           457072 kB
Mem:          3.8G       1.8G       2.0G       5.7M        60M       1.3G

MemTotal:        4016004 kB
MemFree:         2079996 kB
Active:           457116 kB
Mem:          3.8G       1.8G       2.0G       5.7M        60M       1.4G

MemTotal:        4016004 kB
MemFree:         2031444 kB
Active:           457160 kB
Mem:          3.8G       1.9G       1.9G       5.7M        60M       1.4G

MemTotal:        4016004 kB
MemFree:         1984276 kB
Active:           457160 kB
Mem:          3.8G       1.9G       1.9G       5.7M        60M       1.5G

MemTotal:        4016004 kB
MemFree:         1984292 kB
Active:           457180 kB
Mem:          3.8G       1.9G       1.9G       5.7M        60M       1.5G

MemTotal:        4016004 kB
MemFree:         1965684 kB
Active:           457192 kB
Mem:          3.8G       2.0G       1.9G       5.7M        60M       1.5G

MemTotal:        4016004 kB
MemFree:         1919196 kB
Active:           457196 kB
Mem:          3.8G       2.0G       1.8G       5.7M        60M       1.5G

MemTotal:        4016004 kB
MemFree:         1871732 kB
Active:           457148 kB
Mem:          3.8G       2.0G       1.8G       5.7M        60M       1.6G

MemTotal:        4016004 kB
MemFree:         1826360 kB
Active:           457156 kB
Mem:          3.8G       2.1G       1.7G       5.7M        60M       1.6G

MemTotal:        4016004 kB
MemFree:         1779516 kB
Active:           457184 kB
Mem:          3.8G       2.1G       1.7G       5.7M        60M       1.7G

MemTotal:        4016004 kB
MemFree:         1731896 kB
Active:           455248 kB
Mem:          3.8G       2.2G       1.7G       5.7M        60M       1.7G

MemTotal:        4016004 kB
MemFree:         1685628 kB
Active:           457260 kB
Mem:          3.8G       2.2G       1.6G       5.7M        60M       1.7G

MemTotal:        4016004 kB
MemFree:         1638872 kB
Active:           457268 kB
Mem:          3.8G       2.3G       1.6G       5.7M        60M       1.8G

MemTotal:        4016004 kB
MemFree:         1592336 kB
Active:           457300 kB
Mem:          3.8G       2.3G       1.5G       5.7M        60M       1.8G

MemTotal:        4016004 kB
MemFree:         1562556 kB
Active:           457328 kB
Mem:          3.8G       2.3G       1.5G       5.7M        60M       1.9G

MemTotal:        4016004 kB
MemFree:         1516440 kB
Active:           457340 kB
Mem:          3.8G       2.4G       1.4G       5.7M        60M       1.9G

MemTotal:        4016004 kB
MemFree:         1468960 kB
Active:           457340 kB
Mem:          3.8G       2.4G       1.4G       5.7M        60M       1.9G

MemTotal:        4016004 kB
MemFree:         1422300 kB
Active:           457348 kB
Mem:          3.8G       2.5G       1.4G       5.7M        60M       2.0G

MemTotal:        4016004 kB
MemFree:         1376076 kB
Active:           457368 kB
Mem:          3.8G       2.5G       1.3G       5.7M        60M       2.0G

MemTotal:        4016004 kB
MemFree:         1364232 kB
Active:           457388 kB
Mem:          3.8G       2.5G       1.3G       5.7M        60M       2.0G

MemTotal:        4016004 kB
MemFree:         1322968 kB
Active:           455388 kB
Mem:          3.8G       2.6G       1.3G       5.7M        60M       2.1G

MemTotal:        4016004 kB
MemFree:         1277612 kB
Active:           457416 kB
Mem:          3.8G       2.6G       1.2G       5.7M        60M       2.1G

MemTotal:        4016004 kB
MemFree:         1229760 kB
Active:           457448 kB
Mem:          3.8G       2.7G       1.2G       5.7M        60M       2.2G

MemTotal:        4016004 kB
MemFree:         1183412 kB
Active:           457460 kB
Mem:          3.8G       2.7G       1.1G       5.7M        60M       2.2G

MemTotal:        4016004 kB
MemFree:         1135408 kB
Active:           457464 kB
Mem:          3.8G       2.7G       1.1G       5.7M        60M       2.3G

MemTotal:        4016004 kB
MemFree:         1097044 kB
Active:           457484 kB
Mem:          3.8G       2.8G       1.0G       5.7M        60M       2.3G

MemTotal:        4016004 kB
MemFree:         1051268 kB
Active:           457480 kB
Mem:          3.8G       2.8G       1.0G       5.7M        60M       2.3G

MemTotal:        4016004 kB
MemFree:         1005168 kB
Active:           457504 kB
Mem:          3.8G       2.9G       981M       5.7M        60M       2.4G

MemTotal:        4016004 kB
MemFree:          958336 kB
Active:           457504 kB
Mem:          3.8G       2.9G       935M       5.7M        60M       2.4G

MemTotal:        4016004 kB
MemFree:          911028 kB
Active:           457532 kB
Mem:          3.8G       3.0G       889M       5.7M        60M       2.5G

MemTotal:        4016004 kB
MemFree:          879856 kB
Active:           457552 kB
Mem:          3.8G       3.0G       858M       5.7M        60M       2.5G

MemTotal:        4016004 kB
MemFree:          834128 kB
Active:           457520 kB
Mem:          3.8G       3.0G       813M       5.7M        60M       2.5G

MemTotal:        4016004 kB
MemFree:          786080 kB
Active:           457564 kB
Mem:          3.8G       3.1G       766M       5.7M        60M       2.6G

MemTotal:        4016004 kB
MemFree:          739020 kB
Active:           457580 kB
Mem:          3.8G       3.1G       720M       5.7M        60M       2.6G

MemTotal:        4016004 kB
MemFree:          692132 kB
Active:           457584 kB
Mem:          3.8G       3.2G       675M       5.7M        60M       2.7G

MemTotal:        4016004 kB
MemFree:          674340 kB
Active:           457552 kB
Mem:          3.8G       3.2G       658M       5.7M        60M       2.7G

MemTotal:        4016004 kB
MemFree:          663312 kB
Active:           457584 kB
Mem:          3.8G       3.2G       647M       5.7M        60M       2.7G

MemTotal:        4016004 kB
MemFree:          617500 kB
Active:           457592 kB
Mem:          3.8G       3.2G       602M       5.7M        60M       2.7G

MemTotal:        4016004 kB
MemFree:          571604 kB
Active:           457564 kB
Mem:          3.8G       3.3G       557M       5.7M        60M       2.8G

MemTotal:        4016004 kB
MemFree:          524264 kB
Active:           457592 kB
Mem:          3.8G       3.3G       510M       5.7M        60M       2.8G

MemTotal:        4016004 kB
MemFree:          477900 kB
Active:           457560 kB
Mem:          3.8G       3.4G       465M       5.7M        60M       2.9G

MemTotal:        4016004 kB
MemFree:          430064 kB
Active:           457584 kB
Mem:          3.8G       3.4G       419M       5.7M        60M       2.9G

MemTotal:        4016004 kB
MemFree:          384784 kB
Active:           457608 kB
Mem:          3.8G       3.5G       374M       5.7M        60M       3.0G

MemTotal:        4016004 kB
MemFree:          336592 kB
Active:           457620 kB
Mem:          3.8G       3.5G       327M       5.7M        60M       3.0G

MemTotal:        4016004 kB
MemFree:          290648 kB
Active:           457620 kB
Mem:          3.8G       3.6G       283M       5.7M        60M       3.1G

MemTotal:        4016004 kB
MemFree:          244320 kB
Active:           457592 kB
Mem:          3.8G       3.6G       238M       5.7M        60M       3.1G

MemTotal:        4016004 kB
MemFree:          195940 kB
Active:           457624 kB
Mem:          3.8G       3.6G       191M       5.7M        60M       3.1G

MemTotal:        4016004 kB
MemFree:          149392 kB
Active:           457604 kB
Mem:          3.8G       3.7G       145M       5.7M        60M       3.2G

MemTotal:        4016004 kB
MemFree:          127296 kB
Active:           455840 kB
Mem:          3.8G       3.7G       122M       5.7M        38M       3.2G

MemTotal:        4016004 kB
MemFree:          132236 kB
Active:           465084 kB
Mem:          3.8G       3.7G       128M       5.7M        28M       3.2G

MemTotal:        4016004 kB
MemFree:          112412 kB
Active:           480464 kB
Mem:          3.8G       3.7G       107M       5.7M        27M       3.3G

MemTotal:        4016004 kB
MemFree:          128504 kB
Active:           511452 kB
Mem:          3.8G       3.7G       114M       5.7M        27M       3.2G

MemTotal:        4016004 kB
MemFree:          111408 kB
Active:           506664 kB
Mem:          3.8G       3.7G       107M       5.7M        27M       3.3G

MemTotal:        4016004 kB
MemFree:          130836 kB
Active:           498168 kB
Mem:          3.8G       3.7G       127M       5.7M        27M       3.2G

MemTotal:        4016004 kB
MemFree:          132096 kB
Active:           492352 kB
Mem:          3.8G       3.7G       128M       5.7M        27M       3.2G

MemTotal:        4016004 kB
MemFree:          122704 kB
Active:           488936 kB
Mem:          3.8G       3.7G       119M       5.7M        27M       3.2G

MemTotal:        4016004 kB
MemFree:          123040 kB
Active:           481812 kB
Mem:          3.8G       3.7G       118M       5.7M        27M       3.2G

MemTotal:        4016004 kB
MemFree:          130772 kB
Active:           475812 kB
Mem:          3.8G       3.7G       127M       5.7M        27M       3.2G

MemTotal:        4016004 kB
MemFree:          119584 kB
Active:           472572 kB
Mem:          3.8G       3.7G       116M       5.7M        27M       3.2G

MemTotal:        4016004 kB
MemFree:          134592 kB
Active:           468356 kB
Mem:          3.8G       3.7G       130M       5.7M        27M       3.2G

MemTotal:        4016004 kB
MemFree:          123212 kB
Active:           466348 kB
Mem:          3.8G       3.7G       119M       5.7M        27M       3.2G

MemTotal:        4016004 kB
MemFree:          113304 kB
Active:           465068 kB
Mem:          3.8G       3.7G       108M       5.7M        27M       3.3G

MemTotal:        4016004 kB
MemFree:          117548 kB
Active:           464556 kB
Mem:          3.8G       3.7G       114M       5.7M        27M       3.2G

MemTotal:        4016004 kB
MemFree:          113436 kB
Active:           463020 kB
Mem:          3.8G       3.7G       110M       5.7M        27M       3.3G

MemTotal:        4016004 kB
MemFree:          125788 kB
Active:           459912 kB
Mem:          3.8G       3.7G       122M       5.7M        27M       3.2G

MemTotal:        4016004 kB
MemFree:          130776 kB
Active:           458088 kB
Mem:          3.8G       3.7G       126M       5.7M        27M       3.2G

MemTotal:        4016004 kB
MemFree:          121504 kB
Active:           456964 kB
Mem:          3.8G       3.7G       118M       5.7M        27M       3.2G

MemTotal:        4016004 kB
MemFree:          123320 kB
Active:           455204 kB
Mem:          3.8G       3.7G       119M       5.7M        27M       3.2G

MemTotal:        4016004 kB
MemFree:          124972 kB
Active:           454004 kB
Mem:          3.8G       3.7G       121M       5.7M        27M       3.2G

MemTotal:        4016004 kB
MemFree:          136144 kB
Active:           454812 kB
Mem:          3.8G       3.7G       132M       5.7M        27M       3.2G

MemTotal:        4016004 kB
MemFree:          136092 kB
Active:           454816 kB
Mem:          3.8G       3.7G       132M       5.7M        27M       3.2G

MemTotal:        4016004 kB
MemFree:          106564 kB
Active:           454828 kB
Mem:          3.8G       3.7G       103M       5.7M        27M       3.3G

MemTotal:        4016004 kB
MemFree:          121472 kB
Active:           450260 kB
Mem:          3.8G       3.7G       117M       5.7M        27M       3.2G

MemTotal:        4016004 kB
MemFree:          109456 kB
Active:           447044 kB
Mem:          3.8G       3.7G       106M       5.7M        27M       3.3G

MemTotal:        4016004 kB
MemFree:          118288 kB
Active:           445348 kB
Mem:          3.8G       3.7G       114M       5.7M        27M       3.2G

MemTotal:        4016004 kB
MemFree:          106892 kB
Active:           444196 kB
Mem:          3.8G       3.7G       103M       5.7M        27M       3.3G

MemTotal:        4016004 kB
MemFree:          133548 kB
Active:           439888 kB
Mem:          3.8G       3.7G       129M       5.7M        27M       3.2G

MemTotal:        4016004 kB
MemFree:          130616 kB
Active:           438176 kB
Mem:          3.8G       3.7G       126M       5.7M        27M       3.2G

MemTotal:        4016004 kB
MemFree:          131264 kB
Active:           436264 kB
Mem:          3.8G       3.7G       127M       5.7M        27M       3.2G

MemTotal:        4016004 kB
MemFree:          136020 kB
Active:           436656 kB
Mem:          3.8G       3.7G       132M       5.7M        27M       3.2G

MemTotal:        4016004 kB
MemFree:          136176 kB
Active:           436564 kB
Mem:          3.8G       3.7G       132M       5.7M        27M       3.2G

MemTotal:        4016004 kB
MemFree:          136032 kB
Active:           436556 kB
Mem:          3.8G       3.7G       132M       5.7M        27M       3.2G

MemTotal:        4016004 kB
MemFree:          108168 kB
Active:           436564 kB
Mem:          3.8G       3.7G       105M       5.7M        27M       3.3G

MemTotal:        4016004 kB
MemFree:          134788 kB
Active:           434348 kB
Mem:          3.8G       3.7G       131M       5.7M        27M       3.2G

MemTotal:        4016004 kB
MemFree:          140760 kB
Active:           430204 kB
Mem:          3.8G       3.7G       136M       5.7M        27M       3.2G

MemTotal:        4016004 kB
MemFree:          131224 kB
Active:           429196 kB
Mem:          3.8G       3.7G       127M       5.7M        27M       3.2G

MemTotal:        4016004 kB
MemFree:          119844 kB
Active:           428044 kB
Mem:          3.8G       3.7G       117M       5.7M        27M       3.2G

MemTotal:        4016004 kB
MemFree:          110308 kB
Active:           426756 kB
Mem:          3.8G       3.7G       106M       5.7M        27M       3.3G

MemTotal:        4016004 kB
MemFree:          122984 kB
Active:           424984 kB
Mem:          3.8G       3.7G       118M       5.7M        27M       3.2G

MemTotal:        4016004 kB
MemFree:          112656 kB
Active:           423832 kB
Mem:          3.8G       3.7G       109M       5.7M        27M       3.2G

MemTotal:        4016004 kB
MemFree:          128224 kB
Active:           423332 kB
Mem:          3.8G       3.7G       124M       5.7M        27M       3.2G

MemTotal:        4016004 kB
MemFree:          117772 kB
Active:           423208 kB
Mem:          3.8G       3.7G       114M       5.7M        27M       3.2G

MemTotal:        4016004 kB
MemFree:          108112 kB
Active:           422016 kB
Mem:          3.8G       3.7G       105M       5.7M        27M       3.3G

MemTotal:        4016004 kB
MemFree:          122400 kB
Active:           420252 kB
Mem:          3.8G       3.7G       119M       5.7M        27M       3.2G

MemTotal:        4016004 kB
MemFree:          141384 kB
Active:           418076 kB
Mem:          3.8G       3.7G       137M       5.7M        27M       3.2G

MemTotal:        4016004 kB
MemFree:          130232 kB
Active:           418084 kB
Mem:          3.8G       3.7G       126M       5.7M        27M       3.2G

MemTotal:        4016004 kB
MemFree:          135852 kB
Active:           415928 kB
Mem:          3.8G       3.7G       132M       5.7M        27M       3.2G

MemTotal:        4016004 kB
MemFree:          126864 kB
Active:           414912 kB
Mem:          3.8G       3.7G       122M       5.7M        27M       3.2G

MemTotal:        4016004 kB
MemFree:          115512 kB
Active:           413636 kB
Mem:          3.8G       3.7G       112M       5.7M        27M       3.2G

MemTotal:        4016004 kB
MemFree:          116364 kB
Active:           411704 kB
Mem:          3.8G       3.7G       112M       5.7M        27M       3.2G

MemTotal:        4016004 kB
MemFree:          104968 kB
Active:           410552 kB
Mem:          3.8G       3.7G       124M       5.7M        27M       3.2G

MemTotal:        4016004 kB
MemFree:          108592 kB
Active:           408656 kB
Mem:          3.8G       3.7G       104M       5.7M        27M       3.3G

MemTotal:        4016004 kB
MemFree:          115424 kB
Active:           405020 kB
Mem:          3.8G       3.7G       111M       5.7M        27M       3.2G

MemTotal:        4016004 kB
MemFree:          106560 kB
Active:           403868 kB
Mem:          3.8G       3.7G       103M       5.7M        27M       3.3G

MemTotal:        4016004 kB
MemFree:          134396 kB
Active:           401184 kB
Mem:          3.8G       3.7G       131M       5.7M        27M       3.2G

MemTotal:        4016004 kB
MemFree:          128212 kB
Active:           399880 kB
Mem:          3.8G       3.7G       124M       5.7M        27M       3.2G

MemTotal:        4016004 kB
MemFree:          111540 kB
Active:           398720 kB
Mem:          3.8G       3.7G       108M       5.7M        27M       3.2G

MemTotal:        4016004 kB
MemFree:          130404 kB
Active:           396536 kB
Mem:          3.8G       3.7G       125M       5.7M        27M       3.2G

MemTotal:        4016004 kB
MemFree:          106640 kB
Active:           395844 kB
Mem:          3.8G       3.7G       103M       5.7M        27M       3.3G

MemTotal:        4016004 kB
MemFree:          132812 kB
Active:           393524 kB
Mem:          3.8G       3.7G       128M       5.7M        27M       3.2G

MemTotal:        4016004 kB
MemFree:          129984 kB
Active:           392400 kB
Mem:          3.8G       3.7G       126M       5.7M        27M       3.2G

MemTotal:        4016004 kB
MemFree:          130256 kB
Active:           392228 kB
Mem:          3.8G       3.7G       126M       5.7M        27M       3.2G

MemTotal:        4016004 kB
MemFree:          129452 kB
Active:           392272 kB
Mem:          3.8G       3.7G       126M       5.7M        27M       3.2G

MemTotal:        4016004 kB
MemFree:          108200 kB
Active:           392264 kB
Mem:          3.8G       3.7G       105M       5.7M        27M       3.3G

MemTotal:        4016004 kB
MemFree:          134712 kB
Active:           389408 kB
Mem:          3.8G       3.7G       130M       5.7M        27M       3.2G

MemTotal:        4016004 kB
MemFree:          104788 kB
Active:           389220 kB
Mem:          3.8G       3.7G       124M       5.7M        27M       3.2G

MemTotal:        4016004 kB
MemFree:          107652 kB
Active:           389272 kB
Mem:          3.8G       3.7G       104M       5.7M        27M       3.3G

MemTotal:        4016004 kB
MemFree:          132624 kB
Active:           389236 kB
Mem:          3.8G       3.7G       128M       5.7M        27M       3.2G

MemTotal:        4016004 kB
MemFree:          132636 kB
Active:           389276 kB
Mem:          3.8G       3.7G       128M       5.7M        27M       3.2G

MemTotal:        4016004 kB
MemFree:          123424 kB
Active:           390332 kB
Mem:          3.8G       3.7G       119M       5.7M        27M       3.2G

MemTotal:        4016004 kB
MemFree:          130780 kB
Active:           390344 kB
Mem:          3.8G       3.7G       127M       5.7M        27M       3.2G

MemTotal:        4016004 kB
MemFree:          131092 kB
Active:           390340 kB
Mem:          3.8G       3.7G       128M       5.7M        27M       3.2G

MemTotal:        4016004 kB
MemFree:          131156 kB
Active:           390348 kB
Mem:          3.8G       3.7G       128M       5.7M        27M       3.2G

MemTotal:        4016004 kB
MemFree:          122256 kB
Active:           390184 kB
Mem:          3.8G       3.7G       118M       5.7M        27M       3.2G

MemTotal:        4016004 kB
MemFree:          106056 kB
Active:           390116 kB
Mem:          3.8G       3.7G       103M       5.7M        27M       3.3G

MemTotal:        4016004 kB
MemFree:          131132 kB
Active:           390008 kB
Mem:          3.8G       3.7G       128M       5.7M        27M       3.2G

MemTotal:        4016004 kB
MemFree:          131244 kB
Active:           390012 kB
Mem:          3.8G       3.7G       127M       5.7M        27M       3.2G

MemTotal:        4016004 kB
MemFree:          127212 kB
Active:           390000 kB
Mem:          3.8G       3.7G       123M       5.7M        27M       3.2G

MemTotal:        4016004 kB
MemFree:          118228 kB
Active:           389996 kB
Mem:          3.8G       3.7G       114M       5.7M        27M       3.2G

MemTotal:        4016004 kB
MemFree:          118920 kB
Active:           390432 kB
Mem:          3.8G       3.7G       115M       5.7M        27M       3.2G

MemTotal:        4016004 kB
MemFree:          109524 kB
Active:           390292 kB
Mem:          3.8G       3.7G       105M       5.7M        27M       3.3G

MemTotal:        4016004 kB
MemFree:          114992 kB
Active:           390316 kB
Mem:          3.8G       3.7G       111M       5.7M        27M       3.2G

MemTotal:        4016004 kB
MemFree:          105596 kB
Active:           390316 kB
Mem:          3.8G       3.7G       124M       5.7M        27M       3.2G

MemTotal:        4016004 kB
MemFree:          129664 kB
Active:           390072 kB
Mem:          3.8G       3.7G       125M       5.7M        27M       3.2G

MemTotal:        4016004 kB
MemFree:          107420 kB
Active:           390036 kB
Mem:          3.8G       3.7G       103M       5.7M        27M       3.3G

MemTotal:        4016004 kB
MemFree:          127792 kB
Active:           390084 kB
Mem:          3.8G       3.7G       120M       5.7M        27M       3.2G

MemTotal:        4016004 kB
MemFree:          122124 kB
Active:           390108 kB
Mem:          3.8G       3.7G       119M       5.7M        27M       3.2G

MemTotal:        4016004 kB
MemFree:          111752 kB
Active:           390088 kB
Mem:          3.8G       3.7G       108M       5.7M        27M       3.2G

MemTotal:        4016004 kB
MemFree:          125932 kB
Active:           390072 kB
Mem:          3.8G       3.7G       122M       5.7M        27M       3.2G

MemTotal:        4016004 kB
MemFree:          108188 kB
Active:           389716 kB
Mem:          3.8G       3.7G       105M       5.7M        27M       3.2G

MemTotal:        4016004 kB
MemFree:          134020 kB
Active:           389708 kB
Mem:          3.8G       3.7G       131M       5.7M        27M       3.2G

MemTotal:        4016004 kB
MemFree:          109536 kB
Active:           389716 kB
Mem:          3.8G       3.7G       105M       5.7M        27M       3.2G

MemTotal:        4016004 kB
MemFree:          117004 kB
Active:           389676 kB
Mem:          3.8G       3.7G       113M       5.7M        27M       3.2G

MemTotal:        4016004 kB
MemFree:          127988 kB
Active:           389676 kB
Mem:          3.8G       3.7G       125M       5.7M        27M       3.2G

MemTotal:        4016004 kB
MemFree:          124732 kB
Active:           389704 kB
Mem:          3.8G       3.7G       121M       5.7M        27M       3.2G

MemTotal:        4016004 kB
MemFree:          125424 kB
Active:           389724 kB
Mem:          3.8G       3.7G       121M       5.7M        27M       3.2G

MemTotal:        4016004 kB
MemFree:          127500 kB
Active:           389736 kB
Mem:          3.8G       3.7G       123M       5.7M        27M       3.2G

MemTotal:        4016004 kB
MemFree:          105440 kB
Active:           389736 kB
Mem:          3.8G       3.7G       102M       5.7M        27M       3.3G

MemTotal:        4016004 kB
MemFree:          125884 kB
Active:           387252 kB
Mem:          3.8G       3.7G       121M       5.7M        27M       3.2G

MemTotal:        4016004 kB
MemFree:          127736 kB
Active:           387252 kB
Mem:          3.8G       3.7G       124M       5.7M        27M       3.2G

MemTotal:        4016004 kB
MemFree:          116012 kB
Active:           387264 kB
Mem:          3.8G       3.7G       110M       5.7M        27M       3.2G

MemTotal:        4016004 kB
MemFree:          126876 kB
Active:           387384 kB
Mem:          3.8G       3.7G       123M       5.7M        27M       3.2G

MemTotal:        4016004 kB
MemFree:          117564 kB
Active:           387352 kB
Mem:          3.8G       3.7G       114M       5.7M        27M       3.2G

MemTotal:        4016004 kB
MemFree:          106036 kB
Active:           387352 kB
Mem:          3.8G       3.7G       103M       5.7M        27M       3.3G

MemTotal:        4016004 kB
MemFree:          107916 kB
Active:           387392 kB
Mem:          3.8G       3.7G       104M       5.7M        27M       3.2G

MemTotal:        4016004 kB
MemFree:          107780 kB
Active:           387152 kB
Mem:          3.8G       3.7G       104M       5.7M        27M       3.2G

MemTotal:        4016004 kB
MemFree:          113980 kB
Active:           382860 kB
Mem:          3.8G       3.7G       110M       5.7M        27M       3.2G

MemTotal:        4016004 kB
MemFree:          125832 kB
Active:           382600 kB
Mem:          3.8G       3.7G       122M       5.7M        27M       3.2G

MemTotal:        4016004 kB
MemFree:          129468 kB
Active:           382468 kB
Mem:          3.8G       3.7G       126M       5.7M        27M       3.2G

MemTotal:        4016004 kB
MemFree:          129468 kB
Active:           382728 kB
Mem:          3.8G       3.7G       126M       5.7M        27M       3.2G

MemTotal:        4016004 kB
MemFree:          110308 kB
Active:           382720 kB
Mem:          3.8G       3.7G       106M       5.7M        28M       3.2G

MemTotal:        4016004 kB
MemFree:          124704 kB
Active:           382616 kB
Mem:          3.8G       3.7G       125M       5.7M        28M       3.2G

MemTotal:        4016004 kB
MemFree:          135140 kB
Active:           382748 kB
Mem:          3.8G       3.7G       131M       5.7M        28M       3.2G

MemTotal:        4016004 kB
MemFree:          126496 kB
Active:           382536 kB
Mem:          3.8G       3.7G       122M       5.7M        28M       3.2G

MemTotal:        4016004 kB
MemFree:          110744 kB
Active:           382644 kB
Mem:          3.8G       3.7G       108M       5.7M        28M       3.2G

MemTotal:        4016004 kB
MemFree:          134328 kB
Active:           382104 kB
Mem:          3.8G       3.7G       130M       5.7M        28M       3.2G

MemTotal:        4016004 kB
MemFree:          138000 kB
Active:           381936 kB
Mem:          3.8G       3.7G       134M       5.7M        28M       3.2G

MemTotal:        4016004 kB
MemFree:          139364 kB
Active:           381896 kB
Mem:          3.8G       3.7G       135M       5.7M        28M       3.2G

MemTotal:        4016004 kB
MemFree:          134136 kB
Active:           381864 kB
Mem:          3.8G       3.7G       130M       5.7M        28M       3.2G

MemTotal:        4016004 kB
MemFree:          123920 kB
Active:           382068 kB
Mem:          3.8G       3.7G       120M       5.7M        28M       3.2G

MemTotal:        4016004 kB
MemFree:          130364 kB
Active:           381772 kB
Mem:          3.8G       3.7G       126M       5.7M        28M       3.2G

MemTotal:        4016004 kB
MemFree:          119496 kB
Active:           382016 kB
Mem:          3.8G       3.7G       115M       5.7M        28M       3.2G

MemTotal:        4016004 kB
MemFree:          108208 kB
Active:           382032 kB
Mem:          3.8G       3.7G       104M       5.7M        28M       3.2G

MemTotal:        4016004 kB
MemFree:          114652 kB
Active:           382080 kB
Mem:          3.8G       3.7G       111M       5.7M        28M       3.2G

MemTotal:        4016004 kB
MemFree:          106608 kB
Active:           380276 kB
Mem:          3.8G       3.7G       103M       5.7M        28M       3.2G

MemTotal:        4016004 kB
MemFree:          131916 kB
Active:           379964 kB
Mem:          3.8G       3.7G       128M       5.7M        28M       3.2G

MemTotal:        4016004 kB
MemFree:          136804 kB
Active:           381372 kB
Mem:          3.8G       3.7G       132M       5.7M        28M       3.2G

MemTotal:        4016004 kB
MemFree:          124668 kB
Active:           381284 kB
Mem:          3.8G       3.7G       120M       5.7M        28M       3.2G

MemTotal:        4016004 kB
MemFree:          108748 kB
Active:           381248 kB
Mem:          3.8G       3.7G       105M       5.7M        28M       3.2G

MemTotal:        4016004 kB
MemFree:          133936 kB
Active:           381072 kB
Mem:          3.8G       3.7G       129M       5.7M        28M       3.2G

MemTotal:        4016004 kB
MemFree:          122484 kB
Active:           381000 kB
Mem:          3.8G       3.7G       119M       5.7M        28M       3.2G

MemTotal:        4016004 kB
MemFree:          130680 kB
Active:           380992 kB
Mem:          3.8G       3.7G       126M       5.7M        28M       3.2G

MemTotal:        4016004 kB
MemFree:          119176 kB
Active:           380968 kB
Mem:          3.8G       3.7G       115M       5.7M        28M       3.2G

MemTotal:        4016004 kB
MemFree:          109144 kB
Active:           381008 kB
Mem:          3.8G       3.7G       106M       5.7M        28M       3.2G

MemTotal:        4016004 kB
MemFree:          112524 kB
Active:           371856 kB
Mem:          3.8G       3.7G       109M       5.7M        28M       3.2G

MemTotal:        4016004 kB
MemFree:          125560 kB
Active:           371864 kB
Mem:          3.8G       3.7G       121M       5.7M        28M       3.2G

MemTotal:        4016004 kB
MemFree:          113304 kB
Active:           371848 kB
Mem:          3.8G       3.7G       109M       5.7M        28M       3.2G

MemTotal:        4016004 kB
MemFree:          106144 kB
Active:           372000 kB
Mem:          3.8G       3.7G       102M       5.7M        28M       3.2G

MemTotal:        4016004 kB
MemFree:          106888 kB
Active:           373904 kB
Mem:          3.8G       3.7G       103M       5.7M        28M       3.2G

MemTotal:        4016004 kB
MemFree:          114496 kB
Active:           372836 kB
Mem:          3.8G       3.7G       110M       5.7M        28M       3.2G

MemTotal:        4016004 kB
MemFree:          127704 kB
Active:           372848 kB
Mem:          3.8G       3.7G       123M       5.7M        28M       3.2G

MemTotal:        4016004 kB
MemFree:          133292 kB
Active:           372844 kB
Mem:          3.8G       3.7G       129M       5.7M        28M       3.2G

MemTotal:        4016004 kB
MemFree:          130380 kB
Active:           372560 kB
Mem:          3.8G       3.7G       126M       5.7M        28M       3.2G

MemTotal:        4016004 kB
MemFree:          137948 kB
Active:           369540 kB
Mem:          3.8G       3.7G       134M       5.7M        28M       3.2G

MemTotal:        4016004 kB
MemFree:          127116 kB
Active:           369544 kB
Mem:          3.8G       3.7G       123M       5.7M        28M       3.2G

MemTotal:        4016004 kB
MemFree:          116728 kB
Active:           369564 kB
Mem:          3.8G       3.7G       113M       5.7M        28M       3.2G

MemTotal:        4016004 kB
MemFree:          123436 kB
Active:           369556 kB
Mem:          3.8G       3.7G       119M       5.7M        28M       3.2G

MemTotal:        4016004 kB
MemFree:          112180 kB
Active:           369564 kB
Mem:          3.8G       3.7G       109M       5.7M        28M       3.2G

MemTotal:        4016004 kB
MemFree:          125984 kB
Active:           369552 kB
Mem:          3.8G       3.7G       122M       5.7M        28M       3.2G

MemTotal:        4016004 kB
MemFree:          126744 kB
Active:           369512 kB
Mem:          3.8G       3.7G       122M       5.7M        28M       3.2G

MemTotal:        4016004 kB
MemFree:          118404 kB
Active:           369568 kB
Mem:          3.8G       3.7G       115M       5.7M        28M       3.2G

MemTotal:        4016004 kB
MemFree:          119036 kB
Active:           369560 kB
Mem:          3.8G       3.7G       115M       5.7M        28M       3.2G

MemTotal:        4016004 kB
MemFree:          106604 kB
Active:           369556 kB
Mem:          3.8G       3.7G       103M       5.7M        28M       3.2G

MemTotal:        4016004 kB
MemFree:          109640 kB
Active:           369580 kB
Mem:          3.8G       3.7G       106M       5.7M        28M       3.2G

MemTotal:        4016004 kB
MemFree:          134696 kB
Active:           369528 kB
Mem:          3.8G       3.7G       131M       5.7M        28M       3.2G

MemTotal:        4016004 kB
MemFree:          121096 kB
Active:           369576 kB
Mem:          3.8G       3.7G       118M       5.7M        28M       3.2G

MemTotal:        4016004 kB
MemFree:          138748 kB
Active:           367940 kB
Mem:          3.8G       3.7G       134M       5.7M        28M       3.2G

MemTotal:        4016004 kB
MemFree:          127848 kB
Active:           367952 kB
Mem:          3.8G       3.7G       124M       5.7M        28M       3.2G

MemTotal:        4016004 kB
MemFree:          117708 kB
Active:           367940 kB
Mem:          3.8G       3.7G       114M       5.7M        28M       3.2G

MemTotal:        4016004 kB
MemFree:          124168 kB
Active:           367952 kB
Mem:          3.8G       3.7G       120M       5.7M        28M       3.2G

MemTotal:        4016004 kB
MemFree:          113656 kB
Active:           367964 kB
Mem:          3.8G       3.7G       110M       5.7M        28M       3.2G

MemTotal:        4016004 kB
MemFree:          116772 kB
Active:           367964 kB
Mem:          3.8G       3.7G       112M       5.7M        28M       3.2G

MemTotal:        4016004 kB
MemFree:          117436 kB
Active:           367972 kB
Mem:          3.8G       3.7G       113M       5.7M        28M       3.2G

MemTotal:        4016004 kB
MemFree:          108564 kB
Active:           367972 kB
Mem:          3.8G       3.7G       105M       5.7M        28M       3.2G

MemTotal:        4016004 kB
MemFree:          110080 kB
Active:           367972 kB
Mem:          3.8G       3.7G       107M       5.7M        28M       3.2G

MemTotal:        4016004 kB
MemFree:          120684 kB
Active:           367968 kB
Mem:          3.8G       3.7G       117M       5.7M        28M       3.2G

MemTotal:        4016004 kB
MemFree:          114600 kB
Active:           367992 kB
Mem:          3.8G       3.7G       110M       5.7M        28M       3.2G

MemTotal:        4016004 kB
MemFree:          127360 kB
Active:           368000 kB
Mem:          3.8G       3.7G       123M       5.7M        28M       3.2G

MemTotal:        4016004 kB
MemFree:          117120 kB
Active:           368000 kB
Mem:          3.8G       3.7G       114M       5.7M        28M       3.2G

MemTotal:        4016004 kB
MemFree:          107088 kB
Active:           368004 kB
Mem:          3.8G       3.7G       103M       5.7M        28M       3.2G

MemTotal:        4016004 kB
MemFree:          108108 kB
Active:           368012 kB
Mem:          3.8G       3.7G       105M       5.7M        28M       3.2G

MemTotal:        4016004 kB
MemFree:          118804 kB
Active:           364640 kB
Mem:          3.8G       3.7G       115M       5.7M        28M       3.2G

MemTotal:        4016004 kB
MemFree:          108168 kB
Active:           364672 kB
Mem:          3.8G       3.7G       104M       5.7M        28M       3.2G

MemTotal:        4016004 kB
MemFree:          133692 kB
Active:           364684 kB
Mem:          3.8G       3.7G       129M       5.7M        28M       3.2G

MemTotal:        4016004 kB
MemFree:          123320 kB
Active:           364684 kB
Mem:          3.8G       3.7G       120M       5.7M        28M       3.2G

MemTotal:        4016004 kB
MemFree:          117820 kB
Active:           364696 kB
Mem:          3.8G       3.7G       114M       5.7M        28M       3.2G

MemTotal:        4016004 kB
MemFree:          117792 kB
Active:           364700 kB
Mem:          3.8G       3.7G       115M       5.7M        28M       3.2G

MemTotal:        4016004 kB
MemFree:          118456 kB
Active:           364664 kB
Mem:          3.8G       3.7G       115M       5.7M        28M       3.2G

MemTotal:        4016004 kB
MemFree:          134628 kB
Active:           364704 kB
Mem:          3.8G       3.7G       130M       5.7M        28M       3.2G

MemTotal:        4016004 kB
MemFree:          123992 kB
Active:           364704 kB
Mem:          3.8G       3.7G       120M       5.7M        28M       3.2G

MemTotal:        4016004 kB
MemFree:          124624 kB
Active:           364672 kB
Mem:          3.8G       3.7G       121M       5.7M        28M       3.2G

MemTotal:        4016004 kB
MemFree:          113988 kB
Active:           364700 kB
Mem:          3.8G       3.7G       110M       5.7M        28M       3.2G

MemTotal:        4016004 kB
MemFree:          121936 kB
Active:           364692 kB
Mem:          3.8G       3.7G       117M       5.7M        28M       3.2G

MemTotal:        4016004 kB
MemFree:          110788 kB
Active:           364708 kB
Mem:          3.8G       3.7G       107M       5.7M        28M       3.2G

MemTotal:        4016004 kB
MemFree:          124828 kB
Active:           364712 kB
Mem:          3.8G       3.7G       125M       5.7M        28M       3.2G

MemTotal:        4016004 kB
MemFree:          125636 kB
Active:           364708 kB
Mem:          3.8G       3.7G       122M       5.7M        28M       3.2G

MemTotal:        4016004 kB
MemFree:          145328 kB
Active:           364672 kB
Mem:          3.8G       3.7G       141M       5.7M        28M       3.2G

MemTotal:        4016004 kB
MemFree:          134708 kB
Active:           364716 kB
Mem:          3.8G       3.7G       130M       5.7M        28M       3.2G

MemTotal:        4016004 kB
MemFree:          126308 kB
Active:           362056 kB
Mem:          3.8G       3.7G       122M       5.7M        28M       3.2G

MemTotal:        4016004 kB
MemFree:          127404 kB
Active:           362032 kB
Mem:          3.8G       3.7G       123M       5.7M        28M       3.2G

MemTotal:        4016004 kB
MemFree:          143120 kB
Active:           362064 kB
Mem:          3.8G       3.7G       139M       5.7M        28M       3.2G

MemTotal:        4016004 kB
MemFree:          140904 kB
Active:           362080 kB
Mem:          3.8G       3.7G       137M       5.7M        28M       3.2G

MemTotal:        4016004 kB
MemFree:          107756 kB
Active:           362076 kB
Mem:          3.8G       3.7G       104M       5.7M        28M       3.2G

MemTotal:        4016004 kB
MemFree:          114268 kB
Active:           362096 kB
Mem:          3.8G       3.7G       110M       5.7M        28M       3.2G

MemTotal:        4016004 kB
MemFree:          127452 kB
Active:           362096 kB
Mem:          3.8G       3.7G       123M       5.7M        28M       3.2G

MemTotal:        4016004 kB
MemFree:          138376 kB
Active:           362052 kB
Mem:          3.8G       3.7G       134M       5.7M        28M       3.2G

MemTotal:        4016004 kB
MemFree:          128368 kB
Active:           363308 kB
Mem:          3.8G       3.7G       124M       5.7M        28M       3.2G

MemTotal:        4016004 kB
MemFree:          129496 kB
Active:           363312 kB
Mem:          3.8G       3.7G       125M       5.7M        28M       3.2G

MemTotal:        4016004 kB
MemFree:          130516 kB
Active:           363356 kB
Mem:          3.8G       3.7G       126M       5.7M        28M       3.2G

MemTotal:        4016004 kB
MemFree:          130744 kB
Active:           363212 kB
Mem:          3.8G       3.7G       127M       5.7M        28M       3.2G

MemTotal:        4016004 kB
MemFree:          127968 kB
Active:           363232 kB
Mem:          3.8G       3.7G       124M       5.7M        28M       3.2G

MemTotal:        4016004 kB
MemFree:          129064 kB
Active:           363236 kB
Mem:          3.8G       3.7G       124M       5.7M        28M       3.2G

MemTotal:        4016004 kB
MemFree:          136316 kB
Active:           363244 kB
Mem:          3.8G       3.7G       132M       5.7M        28M       3.2G

MemTotal:        4016004 kB
MemFree:          108244 kB
Active:           363256 kB
Mem:          3.8G       3.7G       105M       5.7M        28M       3.2G

MemTotal:        4016004 kB
MemFree:          106216 kB
Active:           363216 kB
Mem:          3.8G       3.7G       103M       5.7M        28M       3.2G

MemTotal:        4016004 kB
MemFree:          128380 kB
Active:           363224 kB
Mem:          3.8G       3.7G       125M       5.7M        28M       3.2G

MemTotal:        4016004 kB
MemFree:          128272 kB
Active:           363248 kB
Mem:          3.8G       3.7G       125M       5.7M        28M       3.2G

MemTotal:        4016004 kB
MemFree:          126792 kB
Active:           363244 kB
Mem:          3.8G       3.7G       122M       5.7M        28M       3.2G

MemTotal:        4016004 kB
MemFree:          109320 kB
Active:           363264 kB
Mem:          3.8G       3.7G       106M       5.7M        28M       3.2G

MemTotal:        4016004 kB
MemFree:          125656 kB
Active:           360160 kB
Mem:          3.8G       3.7G       122M       5.7M        28M       3.2G

MemTotal:        4016004 kB
MemFree:          126412 kB
Active:           360176 kB
Mem:          3.8G       3.7G       123M       5.7M        28M       3.2G

MemTotal:        4016004 kB
MemFree:          122148 kB
Active:           360216 kB
Mem:          3.8G       3.7G       118M       5.7M        28M       3.2G

MemTotal:        4016004 kB
MemFree:          111264 kB
Active:           360220 kB
Mem:          3.8G       3.7G       107M       5.7M        28M       3.2G

MemTotal:        4016004 kB
MemFree:          112516 kB
Active:           360224 kB
Mem:          3.8G       3.7G       109M       5.7M        28M       3.2G

MemTotal:        4016004 kB
MemFree:          119240 kB
Active:           360224 kB
Mem:          3.8G       3.7G       115M       5.7M        28M       3.2G

MemTotal:        4016004 kB
MemFree:          124024 kB
Active:           360240 kB
Mem:          3.8G       3.7G       120M       5.7M        28M       3.2G

MemTotal:        4016004 kB
MemFree:          125064 kB
Active:           360256 kB
Mem:          3.8G       3.7G       131M       5.7M        28M       3.2G

MemTotal:        4016004 kB
MemFree:          136708 kB
Active:           360256 kB
Mem:          3.8G       3.7G       133M       5.7M        28M       3.2G

MemTotal:        4016004 kB
MemFree:          127100 kB
Active:           360248 kB
Mem:          3.8G       3.7G       124M       5.7M        28M       3.2G

MemTotal:        4016004 kB
MemFree:          116940 kB
Active:           360244 kB
Mem:          3.8G       3.7G       114M       5.7M        28M       3.2G

MemTotal:        4016004 kB
MemFree:          106412 kB
Active:           360256 kB
Mem:          3.8G       3.7G       103M       5.7M        28M       3.2G

MemTotal:        4016004 kB
MemFree:          125376 kB
Active:           360224 kB
Mem:          3.8G       3.7G       122M       5.7M        28M       3.2G

MemTotal:        4016004 kB
MemFree:          127020 kB
Active:           360136 kB
Mem:          3.8G       3.7G       123M       5.7M        28M       3.2G

MemTotal:        4016004 kB
MemFree:          128216 kB
Active:           360148 kB
Mem:          3.8G       3.7G       125M       5.7M        28M       3.2G

MemTotal:        4016004 kB
MemFree:          122256 kB
Active:           360160 kB
Mem:          3.8G       3.7G       118M       5.7M        28M       3.2G

MemTotal:        4016004 kB
MemFree:          111624 kB
Active:           360172 kB
Mem:          3.8G       3.7G       108M       5.7M        28M       3.2G

MemTotal:        4016004 kB
MemFree:          130244 kB
Active:           360148 kB
Mem:          3.8G       3.7G       126M       5.7M        28M       3.2G

MemTotal:        4016004 kB
MemFree:          128416 kB
Active:           360180 kB
Mem:          3.8G       3.7G       125M       5.7M        28M       3.2G

MemTotal:        4016004 kB
MemFree:          130740 kB
Active:           360148 kB
Mem:          3.8G       3.7G       127M       5.7M        28M       3.2G

MemTotal:        4016004 kB
MemFree:          126572 kB
Active:           360184 kB
Mem:          3.8G       3.7G       122M       5.7M        28M       3.2G

MemTotal:        4016004 kB
MemFree:          131680 kB
Active:           360200 kB
Mem:          3.8G       3.7G       127M       5.7M        28M       3.2G

MemTotal:        4016004 kB
MemFree:          121056 kB
Active:           360204 kB
Mem:          3.8G       3.7G       116M       5.7M        28M       3.2G

MemTotal:        4016004 kB
MemFree:          122556 kB
Active:           360176 kB
Mem:          3.8G       3.7G       118M       5.7M        28M       3.2G

MemTotal:        4016004 kB
MemFree:          129484 kB
Active:           359876 kB
Mem:          3.8G       3.7G       125M       5.7M        28M       3.2G

MemTotal:        4016004 kB
MemFree:          119096 kB
Active:           359848 kB
Mem:          3.8G       3.7G       115M       5.7M        28M       3.2G

MemTotal:        4016004 kB
MemFree:          120768 kB
Active:           359876 kB
Mem:          3.8G       3.7G       117M       5.7M        28M       3.2G

MemTotal:        4016004 kB
MemFree:          110564 kB
Active:           359832 kB
Mem:          3.8G       3.7G       107M       5.7M        28M       3.2G

MemTotal:        4016004 kB
MemFree:          135268 kB
Active:           359856 kB
Mem:          3.8G       3.7G       131M       5.7M        28M       3.2G

MemTotal:        4016004 kB
MemFree:          123900 kB
Active:           359884 kB
Mem:          3.8G       3.7G       120M       5.7M        28M       3.2G

MemTotal:        4016004 kB
MemFree:          125060 kB
Active:           359904 kB
Mem:          3.8G       3.7G       121M       5.7M        28M       3.2G

MemTotal:        4016004 kB
MemFree:          111360 kB
Active:           359908 kB
Mem:          3.8G       3.7G       108M       5.7M        28M       3.2G

MemTotal:        4016004 kB
MemFree:          108708 kB
Active:           359908 kB
Mem:          3.8G       3.7G       105M       5.7M        28M       3.2G

MemTotal:        4016004 kB
MemFree:          134544 kB
Active:           359884 kB
Mem:          3.8G       3.7G       130M       5.7M        28M       3.2G

MemTotal:        4016004 kB
MemFree:          141144 kB
Active:           359912 kB
Mem:          3.8G       3.7G       136M       5.7M        28M       3.2G

MemTotal:        4016004 kB
MemFree:          131112 kB
Active:           359884 kB
Mem:          3.8G       3.7G       127M       5.7M        28M       3.2G

MemTotal:        4016004 kB
MemFree:          121840 kB
Active:           359928 kB
Mem:          3.8G       3.7G       118M       5.7M        28M       3.2G

MemTotal:        4016004 kB
MemFree:          128920 kB
Active:           359932 kB
Mem:          3.8G       3.7G       124M       5.7M        28M       3.2G

MemTotal:        4016004 kB
MemFree:          118160 kB
Active:           359888 kB
Mem:          3.8G       3.7G       114M       5.7M        28M       3.2G

MemTotal:        4016004 kB
MemFree:          107852 kB
Active:           359916 kB
Mem:          3.8G       3.7G       105M       5.7M        28M       3.2G

MemTotal:        4016004 kB
MemFree:          117492 kB
Active:           359912 kB
Mem:          3.8G       3.7G       113M       5.7M        28M       3.2G

MemTotal:        4016004 kB
MemFree:          127124 kB
Active:           359940 kB
Mem:          3.8G       3.7G       123M       5.7M        28M       3.2G

MemTotal:        4016004 kB
MemFree:          126508 kB
Active:           359944 kB
Mem:          3.8G       3.7G       123M       5.7M        28M       3.2G

MemTotal:        4016004 kB
MemFree:          126864 kB
Active:           359952 kB
Mem:          3.8G       3.7G       123M       5.7M        28M       3.2G

MemTotal:        4016004 kB
MemFree:          122236 kB
Active:           359908 kB
Mem:          3.8G       3.7G       118M       5.7M        28M       3.2G

MemTotal:        4016004 kB
MemFree:          111584 kB
Active:           359956 kB
Mem:          3.8G       3.7G       108M       5.7M        28M       3.2G

MemTotal:        4016004 kB
MemFree:          125236 kB
Active:           359952 kB
Mem:          3.8G       3.7G       121M       5.7M        28M       3.2G

MemTotal:        4016004 kB
MemFree:          108896 kB
Active:           359968 kB
Mem:          3.8G       3.7G       105M       5.7M        28M       3.2G

MemTotal:        4016004 kB
MemFree:          133584 kB
Active:           359976 kB
Mem:          3.8G       3.7G       129M       5.7M        28M       3.2G

MemTotal:        4016004 kB
MemFree:          134232 kB
Active:           359964 kB
Mem:          3.8G       3.7G       130M       5.7M        28M       3.2G

MemTotal:        4016004 kB
MemFree:          124696 kB
Active:           359960 kB
Mem:          3.8G       3.7G       122M       5.7M        28M       3.2G

MemTotal:        4016004 kB
MemFree:          131216 kB
Active:           359976 kB
Mem:          3.8G       3.7G       150M       5.7M        28M       3.2G

MemTotal:        4016004 kB
MemFree:          108728 kB
Active:           359992 kB
Mem:          3.8G       3.7G       106M       5.7M        28M       3.2G

MemTotal:        4016004 kB
MemFree:          122132 kB
Active:           359976 kB
Mem:          3.8G       3.7G       118M       5.7M        28M       3.2G

MemTotal:        4016004 kB
MemFree:          111248 kB
Active:           359988 kB
Mem:          3.8G       3.7G       108M       5.7M        28M       3.2G

MemTotal:        4016004 kB
MemFree:          129968 kB
Active:           359652 kB
Mem:          3.8G       3.7G       126M       5.7M        28M       3.2G

MemTotal:        4016004 kB
MemFree:          129940 kB
Active:           359632 kB
Mem:          3.8G       3.7G       126M       5.7M        28M       3.2G

MemTotal:        4016004 kB
MemFree:          129444 kB
Active:           359692 kB
Mem:          3.8G       3.7G       126M       5.7M        28M       3.2G

MemTotal:        4016004 kB
MemFree:          129816 kB
Active:           359704 kB
Mem:          3.8G       3.7G       126M       5.7M        28M       3.2G

MemTotal:        4016004 kB
MemFree:          129320 kB
Active:           359668 kB
Mem:          3.8G       3.7G       126M       5.7M        28M       3.2G

MemTotal:        4016004 kB
MemFree:          128616 kB
Active:           359720 kB
Mem:          3.8G       3.7G       125M       5.7M        28M       3.2G

MemTotal:        4016004 kB
MemFree:          128864 kB
Active:           359736 kB
Mem:          3.8G       3.7G       125M       5.7M        28M       3.2G

MemTotal:        4016004 kB
MemFree:          128776 kB
Active:           359736 kB
Mem:          3.8G       3.7G       125M       5.7M        28M       3.2G

MemTotal:        4016004 kB
MemFree:          129256 kB
Active:           359716 kB
Mem:          3.8G       3.7G       126M       5.7M        28M       3.2G

MemTotal:        4016004 kB
MemFree:          129008 kB
Active:           359740 kB
Mem:          3.8G       3.7G       125M       5.7M        28M       3.2G

MemTotal:        4016004 kB
MemFree:          129132 kB
Active:           359740 kB
Mem:          3.8G       3.7G       126M       5.7M        28M       3.2G

MemTotal:        4016004 kB
MemFree:          129752 kB
Active:           359700 kB
Mem:          3.8G       3.7G       126M       5.7M        28M       3.2G

MemTotal:        4016004 kB
MemFree:          129876 kB
Active:           359740 kB
Mem:          3.8G       3.7G       126M       5.7M        28M       3.2G

MemTotal:        4016004 kB
MemFree:          129876 kB
Active:           359728 kB
Mem:          3.8G       3.7G       126M       5.7M        28M       3.2G

MemTotal:        4016004 kB
MemFree:          129752 kB
Active:           359744 kB
Mem:          3.8G       3.7G       126M       5.7M        28M       3.2G

MemTotal:        4016004 kB
MemFree:          129752 kB
Active:           359704 kB
Mem:          3.8G       3.7G       126M       5.7M        28M       3.2G

MemTotal:        4016004 kB
MemFree:          130124 kB
Active:           359732 kB
Mem:          3.8G       3.7G       127M       5.7M        28M       3.2G

MemTotal:        4016004 kB
MemFree:          130124 kB
Active:           359752 kB
Mem:          3.8G       3.7G       126M       5.7M        28M       3.2G

MemTotal:        4016004 kB
MemFree:          129504 kB
Active:           359760 kB
Mem:          3.8G       3.7G       126M       5.7M        28M       3.2G

MemTotal:        4016004 kB
MemFree:          129132 kB
Active:           359756 kB
Mem:          3.8G       3.7G       125M       5.7M        28M       3.2G

MemTotal:        4016004 kB
MemFree:          129380 kB
Active:           359768 kB
Mem:          3.8G       3.7G       126M       5.7M        28M       3.2G

MemTotal:        4016004 kB
MemFree:          129256 kB
Active:           359748 kB
Mem:          3.8G       3.7G       126M       5.7M        28M       3.2G

MemTotal:        4016004 kB
MemFree:          129380 kB
Active:           359732 kB
Mem:          3.8G       3.7G       126M       5.7M        28M       3.2G

MemTotal:        4016004 kB
MemFree:          129256 kB
Active:           359752 kB
Mem:          3.8G       3.7G       125M       5.7M        28M       3.2G

MemTotal:        4016004 kB
MemFree:          129256 kB
Active:           359788 kB
Mem:          3.8G       3.7G       126M       5.7M        28M       3.2G

MemTotal:        4016004 kB
MemFree:          129628 kB
Active:           359788 kB
Mem:          3.8G       3.7G       126M       5.7M        28M       3.2G

MemTotal:        4016004 kB
MemFree:          129876 kB
Active:           359736 kB
Mem:          3.8G       3.7G       126M       5.7M        28M       3.2G

MemTotal:        4016004 kB
MemFree:          129380 kB
Active:           359780 kB
Mem:          3.8G       3.7G       126M       5.7M        28M       3.2G

MemTotal:        4016004 kB
MemFree:          129876 kB
Active:           359728 kB
Mem:          3.8G       3.7G       126M       5.7M        28M       3.2G

MemTotal:        4016004 kB
MemFree:          129504 kB
Active:           359764 kB
Mem:          3.8G       3.7G       126M       5.7M        28M       3.2G

MemTotal:        4016004 kB
MemFree:          129752 kB
Active:           359780 kB
Mem:          3.8G       3.7G       126M       5.7M        28M       3.2G

MemTotal:        4016004 kB
MemFree:          129752 kB
Active:           359776 kB
Mem:          3.8G       3.7G       126M       5.7M        28M       3.2G

MemTotal:        4016004 kB
MemFree:          129628 kB
Active:           359780 kB
Mem:          3.8G       3.7G       126M       5.7M        28M       3.2G

MemTotal:        4016004 kB
MemFree:          129256 kB
Active:           359764 kB
Mem:          3.8G       3.7G       126M       5.7M        28M       3.2G

MemTotal:        4016004 kB
MemFree:          129752 kB
Active:           359776 kB
Mem:          3.8G       3.7G       126M       5.7M        28M       3.2G

MemTotal:        4016004 kB
MemFree:          129612 kB
Active:           359820 kB
Mem:          3.8G       3.7G       126M       5.7M        28M       3.2G

MemTotal:        4016004 kB
MemFree:          129488 kB
Active:           359792 kB
Mem:          3.8G       3.7G       126M       5.7M        28M       3.2G

MemTotal:        4016004 kB
MemFree:          129364 kB
Active:           359772 kB
Mem:          3.8G       3.7G       126M       5.7M        28M       3.2G

MemTotal:        4016004 kB
MemFree:          128728 kB
Active:           359880 kB
Mem:          3.8G       3.7G       125M       5.7M        28M       3.2G

MemTotal:        4016004 kB
MemFree:          129224 kB
Active:           359884 kB
Mem:          3.8G       3.7G       125M       5.7M        28M       3.2G

MemTotal:        4016004 kB
MemFree:          128604 kB
Active:           359892 kB
Mem:          3.8G       3.7G       125M       5.7M        28M       3.2G

MemTotal:        4016004 kB
MemFree:          128604 kB
Active:           359864 kB
Mem:          3.8G       3.7G       125M       5.7M        28M       3.2G

MemTotal:        4016004 kB
MemFree:          128976 kB
Active:           359900 kB
Mem:          3.8G       3.7G       125M       5.7M        28M       3.2G

MemTotal:        4016004 kB
MemFree:          129100 kB
Active:           359844 kB
Mem:          3.8G       3.7G       126M       5.7M        28M       3.2G

MemTotal:        4016004 kB
MemFree:          129596 kB
Active:           359848 kB
Mem:          3.8G       3.7G       126M       5.7M        28M       3.2G

MemTotal:        4016004 kB
MemFree:          129224 kB
Active:           359860 kB
Mem:          3.8G       3.7G       126M       5.7M        28M       3.2G

MemTotal:        4016004 kB
MemFree:          129224 kB
Active:           359864 kB
Mem:          3.8G       3.7G       126M       5.7M        28M       3.2G

MemTotal:        4016004 kB
MemFree:          129224 kB
Active:           359888 kB
Mem:          3.8G       3.7G       126M       5.7M        28M       3.2G

MemTotal:        4016004 kB
MemFree:          129472 kB
Active:           359856 kB
Mem:          3.8G       3.7G       126M       5.7M        28M       3.2G

MemTotal:        4016004 kB
MemFree:          129348 kB
Active:           359872 kB
Mem:          3.8G       3.7G       126M       5.7M        28M       3.2G

MemTotal:        4016004 kB
MemFree:          129348 kB
Active:           359888 kB
Mem:          3.8G       3.7G       126M       5.7M        28M       3.2G

MemTotal:        4016004 kB
MemFree:          128852 kB
Active:           359916 kB
Mem:          3.8G       3.7G       125M       5.7M        28M       3.2G

MemTotal:        4016004 kB
MemFree:          129356 kB
Active:           359916 kB
Mem:          3.8G       3.7G       126M       5.7M        28M       3.2G

MemTotal:        4016004 kB
MemFree:          129240 kB
Active:           359916 kB
Mem:          3.8G       3.7G       126M       5.7M        28M       3.2G

MemTotal:        4016004 kB
MemFree:          129256 kB
Active:           359900 kB
Mem:          3.8G       3.7G       126M       5.7M        28M       3.2G

MemTotal:        4016004 kB
MemFree:          129256 kB
Active:           359852 kB
Mem:          3.8G       3.7G       125M       5.7M        28M       3.2G

MemTotal:        4016004 kB
MemFree:          129256 kB
Active:           359876 kB
Mem:          3.8G       3.7G       125M       5.7M        28M       3.2G

MemTotal:        4016004 kB
MemFree:          129008 kB
Active:           359900 kB
Mem:          3.8G       3.7G       126M       5.7M        28M       3.2G

MemTotal:        4016004 kB
MemFree:          129132 kB
Active:           359896 kB
Mem:          3.8G       3.7G       125M       5.7M        28M       3.2G

MemTotal:        4016004 kB
MemFree:          129008 kB
Active:           359916 kB
Mem:          3.8G       3.7G       125M       5.7M        28M       3.2G

MemTotal:        4016004 kB
MemFree:          129256 kB
Active:           359908 kB
Mem:          3.8G       3.7G       125M       5.7M        28M       3.2G

MemTotal:        4016004 kB
MemFree:          128760 kB
Active:           359920 kB
Mem:          3.8G       3.7G       125M       5.7M        28M       3.2G

MemTotal:        4016004 kB
MemFree:          129132 kB
Active:           359920 kB
Mem:          3.8G       3.7G       126M       5.7M        28M       3.2G

MemTotal:        4016004 kB
MemFree:          128760 kB
Active:           359924 kB
Mem:          3.8G       3.7G       126M       5.7M        28M       3.2G

MemTotal:        4016004 kB
MemFree:          129256 kB
Active:           359872 kB
Mem:          3.8G       3.7G       125M       5.7M        28M       3.2G

MemTotal:        4016004 kB
MemFree:          129132 kB
Active:           359880 kB
Mem:          3.8G       3.7G       125M       5.7M        28M       3.2G

MemTotal:        4016004 kB
MemFree:          128636 kB
Active:           359932 kB
Mem:          3.8G       3.7G       125M       5.7M        28M       3.2G

MemTotal:        4016004 kB
MemFree:          129132 kB
Active:           359924 kB
Mem:          3.8G       3.7G       126M       5.7M        28M       3.2G

MemTotal:        4016004 kB
MemFree:          129132 kB
Active:           359892 kB
Mem:          3.8G       3.7G       126M       5.7M        28M       3.2G

MemTotal:        4016004 kB
MemFree:          129132 kB
Active:           359884 kB
Mem:          3.8G       3.7G       126M       5.7M        28M       3.2G

MemTotal:        4016004 kB
MemFree:          129504 kB
Active:           359940 kB
Mem:          3.8G       3.7G       126M       5.7M        28M       3.2G

MemTotal:        4016004 kB
MemFree:          129132 kB
Active:           359944 kB
Mem:          3.8G       3.7G       126M       5.7M        28M       3.2G

MemTotal:        4016004 kB
MemFree:          129256 kB
Active:           359912 kB
Mem:          3.8G       3.7G       125M       5.7M        28M       3.2G

MemTotal:        4016004 kB
MemFree:          128760 kB
Active:           359956 kB
Mem:          3.8G       3.7G       126M       5.7M        28M       3.2G

MemTotal:        4016004 kB
MemFree:          129504 kB
Active:           359952 kB
Mem:          3.8G       3.7G       126M       5.7M        28M       3.2G

MemTotal:        4016004 kB
MemFree:          129256 kB
Active:           359952 kB
Mem:          3.8G       3.7G       126M       5.7M        28M       3.2G

MemTotal:        4016004 kB
MemFree:          129876 kB
Active:           359900 kB
Mem:          3.8G       3.7G       126M       5.7M        28M       3.2G

MemTotal:        4016004 kB
MemFree:          129256 kB
Active:           359904 kB
Mem:          3.8G       3.7G       126M       5.7M        28M       3.2G

MemTotal:        4016004 kB
MemFree:          129504 kB
Active:           359912 kB
Mem:          3.8G       3.7G       126M       5.7M        28M       3.2G

MemTotal:        4016004 kB
MemFree:          129256 kB
Active:           359968 kB
Mem:          3.8G       3.7G       126M       5.7M        28M       3.2G

MemTotal:        4016004 kB
MemFree:          129256 kB
Active:           359932 kB
Mem:          3.8G       3.7G       126M       5.7M        28M       3.2G

MemTotal:        4016004 kB
MemFree:          129132 kB
Active:           359932 kB
Mem:          3.8G       3.7G       125M       5.7M        28M       3.2G

MemTotal:        4016004 kB
MemFree:          128760 kB
Active:           359972 kB
Mem:          3.8G       3.7G       125M       5.7M        28M       3.2G

MemTotal:        4016004 kB
MemFree:          128884 kB
Active:           359972 kB
Mem:          3.8G       3.7G       126M       5.7M        28M       3.2G

MemTotal:        4016004 kB
MemFree:          129380 kB
Active:           359912 kB
Mem:          3.8G       3.7G       126M       5.7M        28M       3.2G

MemTotal:        4016004 kB
MemFree:          129132 kB
Active:           359968 kB
Mem:          3.8G       3.7G       126M       5.7M        28M       3.2G

MemTotal:        4016004 kB
MemFree:          129380 kB
Active:           359924 kB
Mem:          3.8G       3.7G       126M       5.7M        28M       3.2G

MemTotal:        4016004 kB
MemFree:          129504 kB
Active:           359972 kB
Mem:          3.8G       3.7G       126M       5.7M        28M       3.2G

MemTotal:        4016004 kB
MemFree:          129752 kB
Active:           359964 kB
Mem:          3.8G       3.7G       126M       5.7M        28M       3.2G

MemTotal:        4016004 kB
MemFree:          129256 kB
Active:           359972 kB
Mem:          3.8G       3.7G       126M       5.7M        28M       3.2G

MemTotal:        4016004 kB
MemFree:          129256 kB
Active:           359964 kB
Mem:          3.8G       3.7G       126M       5.7M        28M       3.2G

MemTotal:        4016004 kB
MemFree:          128512 kB
Active:           359988 kB
Mem:          3.8G       3.7G       125M       5.7M        28M       3.2G

MemTotal:        4016004 kB
MemFree:          128388 kB
Active:           359988 kB
Mem:          3.8G       3.7G       125M       5.7M        28M       3.2G

MemTotal:        4016004 kB
MemFree:          128884 kB
Active:           359948 kB
Mem:          3.8G       3.7G       125M       5.7M        28M       3.2G

MemTotal:        4016004 kB
MemFree:          129008 kB
Active:           359988 kB
Mem:          3.8G       3.7G       125M       5.7M        28M       3.2G

MemTotal:        4016004 kB
MemFree:          128636 kB
Active:           359996 kB
Mem:          3.8G       3.7G       125M       5.7M        28M       3.2G

MemTotal:        4016004 kB
MemFree:          129008 kB
Active:           359992 kB
Mem:          3.8G       3.7G       125M       5.7M        28M       3.2G

MemTotal:        4016004 kB
MemFree:          129008 kB
Active:           359952 kB
Mem:          3.8G       3.7G       125M       5.7M        28M       3.2G

MemTotal:        4016004 kB
MemFree:          129008 kB
Active:           359952 kB
Mem:          3.8G       3.7G       125M       5.7M        28M       3.2G

MemTotal:        4016004 kB
MemFree:          128884 kB
Active:           359988 kB
Mem:          3.8G       3.7G       125M       5.7M        28M       3.2G

MemTotal:        4016004 kB
MemFree:          129008 kB
Active:           359992 kB
Mem:          3.8G       3.7G       125M       5.7M        28M       3.2G

MemTotal:        4016004 kB
MemFree:          128884 kB
Active:           360000 kB
Mem:          3.8G       3.7G       125M       5.7M        28M       3.2G

MemTotal:        4016004 kB
MemFree:          129008 kB
Active:           360004 kB
Mem:          3.8G       3.7G       125M       5.7M        28M       3.2G

MemTotal:        4016004 kB
MemFree:          129132 kB
Active:           359996 kB
Mem:          3.8G       3.7G       125M       5.7M        28M       3.2G

MemTotal:        4016004 kB
MemFree:          128884 kB
Active:           360012 kB
Mem:          3.8G       3.7G       125M       5.7M        28M       3.2G

MemTotal:        4016004 kB
MemFree:          128760 kB
Active:           359972 kB
Mem:          3.8G       3.7G       125M       5.7M        28M       3.2G

MemTotal:        4016004 kB
MemFree:          129132 kB
Active:           360000 kB
Mem:          3.8G       3.7G       125M       5.7M        28M       3.2G

MemTotal:        4016004 kB
MemFree:          129132 kB
Active:           359988 kB
Mem:          3.8G       3.7G       126M       5.7M        28M       3.2G

MemTotal:        4016004 kB
MemFree:          129132 kB
Active:           359964 kB
Mem:          3.8G       3.7G       126M       5.7M        28M       3.2G

MemTotal:        4016004 kB
MemFree:          129132 kB
Active:           359976 kB
Mem:          3.8G       3.7G       125M       5.7M        28M       3.2G

MemTotal:        4016004 kB
MemFree:          129132 kB
Active:           359988 kB
Mem:          3.8G       3.7G       125M       5.7M        28M       3.2G

MemTotal:        4016004 kB
MemFree:          129008 kB
Active:           359980 kB
Mem:          3.8G       3.7G       125M       5.7M        28M       3.2G

MemTotal:        4016004 kB
MemFree:          128264 kB
Active:           360024 kB
Mem:          3.8G       3.7G       125M       5.7M        28M       3.2G

MemTotal:        4016004 kB
MemFree:          128512 kB
Active:           359988 kB
Mem:          3.8G       3.7G       125M       5.7M        28M       3.2G

MemTotal:        4016004 kB
MemFree:          128760 kB
Active:           360016 kB
Mem:          3.8G       3.7G       125M       5.7M        28M       3.2G

MemTotal:        4016004 kB
MemFree:          129256 kB
Active:           360036 kB
Mem:          3.8G       3.7G       126M       5.7M        28M       3.2G

MemTotal:        4016004 kB
MemFree:          129504 kB
Active:           359988 kB
Mem:          3.8G       3.7G       126M       5.7M        28M       3.2G

MemTotal:        4016004 kB
MemFree:          129132 kB
Active:           359980 kB
Mem:          3.8G       3.7G       125M       5.7M        28M       3.2G

MemTotal:        4016004 kB
MemFree:          128636 kB
Active:           360036 kB
Mem:          3.8G       3.7G       125M       5.7M        28M       3.2G

MemTotal:        4016004 kB
MemFree:          129132 kB
Active:           359992 kB
Mem:          3.8G       3.7G       125M       5.7M        28M       3.2G

MemTotal:        4016004 kB
MemFree:          129132 kB
Active:           360028 kB
Mem:          3.8G       3.7G       126M       5.7M        28M       3.2G

MemTotal:        4016004 kB
MemFree:          128884 kB
Active:           360024 kB
Mem:          3.8G       3.7G       125M       5.7M        28M       3.2G

MemTotal:        4016004 kB
MemFree:          128884 kB
Active:           360020 kB
Mem:          3.8G       3.7G       125M       5.7M        28M       3.2G

MemTotal:        4016004 kB
MemFree:          129132 kB
Active:           360028 kB
Mem:          3.8G       3.7G       126M       5.7M        28M       3.2G

MemTotal:        4016004 kB
MemFree:          129008 kB
Active:           360012 kB
Mem:          3.8G       3.7G       125M       5.7M        28M       3.2G

MemTotal:        4016004 kB
MemFree:          129256 kB
Active:           360012 kB
Mem:          3.8G       3.7G       126M       5.7M        28M       3.2G

MemTotal:        4016004 kB
MemFree:          129628 kB
Active:           359984 kB
Mem:          3.8G       3.7G       126M       5.7M        28M       3.2G

MemTotal:        4016004 kB
MemFree:          129132 kB
Active:           360012 kB
Mem:          3.8G       3.7G       125M       5.7M        28M       3.2G

MemTotal:        4016004 kB
MemFree:          129132 kB
Active:           360056 kB
Mem:          3.8G       3.7G       125M       5.7M        28M       3.2G

MemTotal:        4016004 kB
MemFree:          129380 kB
Active:           360052 kB
Mem:          3.8G       3.7G       126M       5.7M        28M       3.2G

MemTotal:        4016004 kB
MemFree:          129380 kB
Active:           360060 kB
Mem:          3.8G       3.7G       126M       5.7M        28M       3.2G

MemTotal:        4016004 kB
MemFree:          129380 kB
Active:           360016 kB
Mem:          3.8G       3.7G       126M       5.7M        28M       3.2G

MemTotal:        4016004 kB
MemFree:          129132 kB
Active:           360016 kB
Mem:          3.8G       3.7G       125M       5.7M        28M       3.2G

MemTotal:        4016004 kB
MemFree:          129132 kB
Active:           360040 kB
Mem:          3.8G       3.7G       125M       5.7M        28M       3.2G

MemTotal:        4016004 kB
MemFree:          129132 kB
Active:           360076 kB
Mem:          3.8G       3.7G       126M       5.7M        28M       3.2G

MemTotal:        4016004 kB
MemFree:          129628 kB
Active:           360068 kB
Mem:          3.8G       3.7G       126M       5.7M        28M       3.2G

MemTotal:        4016004 kB
MemFree:          129256 kB
Active:           360088 kB
Mem:          3.8G       3.7G       125M       5.7M        28M       3.2G

MemTotal:        4016004 kB
MemFree:          128512 kB
Active:           360088 kB
Mem:          3.8G       3.7G       125M       5.7M        28M       3.2G

MemTotal:        4016004 kB
MemFree:          127892 kB
Active:           360088 kB
Mem:          3.8G       3.7G       124M       5.7M        28M       3.2G

MemTotal:        4016004 kB
MemFree:          127892 kB
Active:           360056 kB
Mem:          3.8G       3.7G       124M       5.7M        28M       3.2G

MemTotal:        4016004 kB
MemFree:          128140 kB
Active:           360072 kB
Mem:          3.8G       3.7G       125M       5.7M        28M       3.2G

MemTotal:        4016004 kB
MemFree:          128636 kB
Active:           360080 kB
Mem:          3.8G       3.7G       125M       5.7M        28M       3.2G

MemTotal:        4016004 kB
MemFree:          128512 kB
Active:           360084 kB
Mem:          3.8G       3.7G       125M       5.7M        28M       3.2G

MemTotal:        4016004 kB
MemFree:          128512 kB
Active:           360040 kB
Mem:          3.8G       3.7G       125M       5.7M        28M       3.2G

MemTotal:        4016004 kB
MemFree:          128760 kB
Active:           360084 kB
Mem:          3.8G       3.7G       125M       5.7M        28M       3.2G

MemTotal:        4016004 kB
MemFree:          128512 kB
Active:           360072 kB
Mem:          3.8G       3.7G       125M       5.7M        28M       3.2G

MemTotal:        4016004 kB
MemFree:          128512 kB
Active:           360104 kB
Mem:          3.8G       3.7G       125M       5.7M        28M       3.2G

MemTotal:        4016004 kB
MemFree:          129132 kB
Active:           360052 kB
Mem:          3.8G       3.7G       126M       5.7M        28M       3.2G

MemTotal:        4016004 kB
MemFree:          129132 kB
Active:           360092 kB
Mem:          3.8G       3.7G       126M       5.7M        28M       3.2G

MemTotal:        4016004 kB
MemFree:          129504 kB
Active:           360084 kB
Mem:          3.8G       3.7G       126M       5.7M        28M       3.2G

MemTotal:        4016004 kB
MemFree:          129256 kB
Active:           360084 kB
Mem:          3.8G       3.7G       126M       5.7M        28M       3.2G

MemTotal:        4016004 kB
MemFree:          129380 kB
Active:           360060 kB
Mem:          3.8G       3.7G       126M       5.7M        28M       3.2G

MemTotal:        4016004 kB
MemFree:          129008 kB
Active:           360116 kB
Mem:          3.8G       3.7G       125M       5.7M        28M       3.2G

MemTotal:        4016004 kB
MemFree:          129256 kB
Active:           360112 kB
Mem:          3.8G       3.7G       125M       5.7M        28M       3.2G

MemTotal:        4016004 kB
MemFree:          129132 kB
Active:           360096 kB
Mem:          3.8G       3.7G       125M       5.7M        28M       3.2G

MemTotal:        4016004 kB
MemFree:          129008 kB
Active:           360116 kB
Mem:          3.8G       3.7G       125M       5.7M        28M       3.2G

MemTotal:        4016004 kB
MemFree:          129380 kB
Active:           360124 kB
Mem:          3.8G       3.7G       126M       5.7M        28M       3.2G

MemTotal:        4016004 kB
MemFree:          129380 kB
Active:           360064 kB
Mem:          3.8G       3.7G       126M       5.7M        28M       3.2G

MemTotal:        4016004 kB
MemFree:          129380 kB
Active:           360116 kB
Mem:          3.8G       3.7G       126M       5.7M        28M       3.2G

MemTotal:        4016004 kB
MemFree:          129628 kB
Active:           360124 kB
Mem:          3.8G       3.7G       126M       5.7M        28M       3.2G

MemTotal:        4016004 kB
MemFree:          129132 kB
Active:           360124 kB
Mem:          3.8G       3.7G       126M       5.7M        28M       3.2G

MemTotal:        4016004 kB
MemFree:          129504 kB
Active:           360092 kB
Mem:          3.8G       3.7G       126M       5.7M        28M       3.2G

MemTotal:        4016004 kB
MemFree:          129380 kB
Active:           360136 kB
Mem:          3.8G       3.7G       126M       5.7M        28M       3.2G

MemTotal:        4016004 kB
MemFree:          129008 kB
Active:           360084 kB
Mem:          3.8G       3.7G       126M       5.7M        28M       3.2G

MemTotal:        4016004 kB
MemFree:          128512 kB
Active:           360124 kB
Mem:          3.8G       3.7G       125M       5.7M        28M       3.2G

MemTotal:        4016004 kB
MemFree:          128884 kB
Active:           360144 kB
Mem:          3.8G       3.7G       125M       5.7M        28M       3.2G

MemTotal:        4016004 kB
MemFree:          129256 kB
Active:           360144 kB
Mem:          3.8G       3.7G       126M       5.7M        28M       3.2G

MemTotal:        4016004 kB
MemFree:          129628 kB
Active:           360140 kB
Mem:          3.8G       3.7G       126M       5.7M        28M       3.2G

MemTotal:        4016004 kB
MemFree:          129132 kB
Active:           360108 kB
Mem:          3.8G       3.7G       125M       5.7M        28M       3.2G

MemTotal:        4016004 kB
MemFree:          129132 kB
Active:           360092 kB
Mem:          3.8G       3.7G       126M       5.7M        28M       3.2G

MemTotal:        4016004 kB
MemFree:          129008 kB
Active:           360120 kB
Mem:          3.8G       3.7G       125M       5.7M        28M       3.2G

MemTotal:        4016004 kB
MemFree:          129008 kB
Active:           360156 kB
Mem:          3.8G       3.7G       126M       5.7M        28M       3.2G

MemTotal:        4016004 kB
MemFree:          129132 kB
Active:           360144 kB
Mem:          3.8G       3.7G       125M       5.7M        28M       3.2G

MemTotal:        4016004 kB
MemFree:          129008 kB
Active:           360132 kB
Mem:          3.8G       3.7G       125M       5.7M        28M       3.2G

MemTotal:        4016004 kB
MemFree:          129380 kB
Active:           360160 kB
Mem:          3.8G       3.7G       126M       5.7M        28M       3.2G

MemTotal:        4016004 kB
MemFree:          129380 kB
Active:           360172 kB
Mem:          3.8G       3.7G       126M       5.7M        28M       3.2G

MemTotal:        4016004 kB
MemFree:          129380 kB
Active:           360172 kB
Mem:          3.8G       3.7G       126M       5.7M        28M       3.2G

MemTotal:        4016004 kB
MemFree:          129628 kB
Active:           360160 kB
Mem:          3.8G       3.7G       126M       5.7M        28M       3.2G

MemTotal:        4016004 kB
MemFree:          129504 kB
Active:           360172 kB
Mem:          3.8G       3.7G       126M       5.7M        28M       3.2G

MemTotal:        4016004 kB
MemFree:          129504 kB
Active:           360172 kB
Mem:          3.8G       3.7G       126M       5.7M        28M       3.2G

MemTotal:        4016004 kB
MemFree:          129132 kB
Active:           360124 kB
Mem:          3.8G       3.7G       125M       5.7M        28M       3.2G

MemTotal:        4016004 kB
MemFree:          128760 kB
Active:           360184 kB
Mem:          3.8G       3.7G       125M       5.7M        28M       3.2G

MemTotal:        4016004 kB
MemFree:          128512 kB
Active:           360180 kB
Mem:          3.8G       3.7G       125M       5.7M        28M       3.2G

MemTotal:        4016004 kB
MemFree:          129132 kB
Active:           360132 kB
Mem:          3.8G       3.7G       125M       5.7M        28M       3.2G

MemTotal:        4016004 kB
MemFree:          128884 kB
Active:           360148 kB
Mem:          3.8G       3.7G       125M       5.7M        28M       3.2G

MemTotal:        4016004 kB
MemFree:          129132 kB
Active:           360160 kB
Mem:          3.8G       3.7G       125M       5.7M        28M       3.2G

MemTotal:        4016004 kB
MemFree:          128884 kB
Active:           360180 kB
Mem:          3.8G       3.7G       126M       5.7M        28M       3.2G

MemTotal:        4016004 kB
MemFree:          129132 kB
Active:           360156 kB
Mem:          3.8G       3.7G       126M       5.7M        28M       3.2G

MemTotal:        4016004 kB
MemFree:          129132 kB
Active:           360140 kB
Mem:          3.8G       3.7G       125M       5.7M        28M       3.2G

MemTotal:        4016004 kB
MemFree:          128760 kB
Active:           360184 kB
Mem:          3.8G       3.7G       125M       5.7M        28M       3.2G

MemTotal:        4016004 kB
MemFree:          129008 kB
Active:           360208 kB
Mem:          3.8G       3.7G       125M       5.7M        28M       3.2G

MemTotal:        4016004 kB
MemFree:          129008 kB
Active:           360156 kB
