MemTotal:        4016004 kB
MemFree:         3234436 kB
Active:           423788 kB
Mem:          3.8G       763M       3.1G       5.7M        62M       317M

MemTotal:        4016004 kB
MemFree:         3234900 kB
Active:           423560 kB
Mem:          3.8G       762M       3.1G       5.7M        62M       317M

MemTotal:        4016004 kB
MemFree:         3235024 kB
Active:           423636 kB
Mem:          3.8G       762M       3.1G       5.7M        62M       317M

MemTotal:        4016004 kB
MemFree:         3235520 kB
Active:           423628 kB
Mem:          3.8G       762M       3.1G       5.7M        62M       317M

MemTotal:        4016004 kB
MemFree:         3235628 kB
Active:           423636 kB
Mem:          3.8G       762M       3.1G       5.7M        62M       317M

MemTotal:        4016004 kB
MemFree:         3235240 kB
Active:           423660 kB
Mem:          3.8G       762M       3.1G       5.7M        62M       317M

MemTotal:        4016004 kB
MemFree:         3235116 kB
Active:           423676 kB
Mem:          3.8G       762M       3.1G       5.7M        62M       317M

MemTotal:        4016004 kB
MemFree:         3235472 kB
Active:           423672 kB
Mem:          3.8G       762M       3.1G       5.7M        62M       317M

MemTotal:        4016004 kB
MemFree:         3235208 kB
Active:           423636 kB
Mem:          3.8G       762M       3.1G       5.7M        62M       317M

MemTotal:        4016004 kB
MemFree:         3235208 kB
Active:           423640 kB
Mem:          3.8G       762M       3.1G       5.7M        62M       317M

MemTotal:        4016004 kB
MemFree:         3235440 kB
Active:           423648 kB
Mem:          3.8G       762M       3.1G       5.7M        62M       317M

MemTotal:        4016004 kB
MemFree:         3235672 kB
Active:           423660 kB
Mem:          3.8G       762M       3.1G       5.7M        62M       317M

MemTotal:        4016004 kB
MemFree:         3235284 kB
Active:           423684 kB
Mem:          3.8G       762M       3.1G       5.7M        62M       317M

MemTotal:        4016004 kB
MemFree:         3234912 kB
Active:           423684 kB
Mem:          3.8G       762M       3.1G       5.7M        62M       317M

MemTotal:        4016004 kB
MemFree:         3235144 kB
Active:           423640 kB
Mem:          3.8G       762M       3.1G       5.7M        62M       317M

MemTotal:        4016004 kB
MemFree:         3235144 kB
Active:           423652 kB
Mem:          3.8G       762M       3.1G       5.7M        62M       317M

MemTotal:        4016004 kB
MemFree:         3234804 kB
Active:           423648 kB
Mem:          3.8G       762M       3.1G       5.7M        62M       317M

MemTotal:        4016004 kB
MemFree:         3235548 kB
Active:           423640 kB
Mem:          3.8G       762M       3.1G       5.7M        62M       317M

MemTotal:        4016004 kB
MemFree:         3235424 kB
Active:           423648 kB
Mem:          3.8G       762M       3.1G       5.7M        62M       317M

MemTotal:        4016004 kB
MemFree:         3235424 kB
Active:           423688 kB
Mem:          3.8G       762M       3.1G       5.7M        62M       317M

MemTotal:        4016004 kB
MemFree:         3235796 kB
Active:           423680 kB
Mem:          3.8G       761M       3.1G       5.7M        62M       317M

MemTotal:        4016004 kB
MemFree:         3235796 kB
Active:           423676 kB
Mem:          3.8G       761M       3.1G       5.7M        62M       317M

MemTotal:        4016004 kB
MemFree:         3236168 kB
Active:           423688 kB
Mem:          3.8G       761M       3.1G       5.7M        62M       317M

MemTotal:        4016004 kB
MemFree:         3235672 kB
Active:           423696 kB
Mem:          3.8G       762M       3.1G       5.7M        62M       317M

MemTotal:        4016004 kB
MemFree:         3235548 kB
Active:           423668 kB
Mem:          3.8G       762M       3.1G       5.7M        62M       317M

MemTotal:        4016004 kB
MemFree:         3235548 kB
Active:           423676 kB
Mem:          3.8G       762M       3.1G       5.7M        62M       317M

MemTotal:        4016004 kB
MemFree:         3235672 kB
Active:           423684 kB
Mem:          3.8G       762M       3.1G       5.7M        62M       317M

MemTotal:        4016004 kB
MemFree:         3235672 kB
Active:           423688 kB
Mem:          3.8G       761M       3.1G       5.7M        62M       317M

MemTotal:        4016004 kB
MemFree:         3236152 kB
Active:           423676 kB
Mem:          3.8G       762M       3.1G       5.7M        62M       317M

MemTotal:        4016004 kB
MemFree:         3235516 kB
Active:           423708 kB
Mem:          3.8G       762M       3.1G       5.7M        62M       317M

MemTotal:        4016004 kB
MemFree:         3235376 kB
Active:           423708 kB
Mem:          3.8G       762M       3.1G       5.7M        62M       317M

MemTotal:        4016004 kB
MemFree:         3235004 kB
Active:           423708 kB
Mem:          3.8G       762M       3.1G       5.7M        62M       317M

MemTotal:        4016004 kB
MemFree:         3235376 kB
Active:           423684 kB
Mem:          3.8G       762M       3.1G       5.7M        62M       317M

MemTotal:        4016004 kB
MemFree:         3235484 kB
Active:           423684 kB
Mem:          3.8G       762M       3.1G       5.7M        62M       317M

MemTotal:        4016004 kB
MemFree:         3234848 kB
Active:           423708 kB
Mem:          3.8G       762M       3.1G       5.7M        62M       317M

MemTotal:        4016004 kB
MemFree:         3233280 kB
Active:           423692 kB
Mem:          3.8G       764M       3.1G       5.7M        62M       317M

MemTotal:        4016004 kB
MemFree:         3233512 kB
Active:           425720 kB
Mem:          3.8G       764M       3.1G       5.7M        62M       317M

MemTotal:        4016004 kB
MemFree:         3233112 kB
Active:           425744 kB
Mem:          3.8G       764M       3.1G       5.7M        62M       317M

MemTotal:        4016004 kB
MemFree:         3233484 kB
Active:           425744 kB
Mem:          3.8G       764M       3.1G       5.7M        62M       317M

MemTotal:        4016004 kB
MemFree:         3233608 kB
Active:           425708 kB
Mem:          3.8G       764M       3.1G       5.7M        62M       317M

MemTotal:        4016004 kB
MemFree:         3233484 kB
Active:           425748 kB
Mem:          3.8G       764M       3.1G       5.7M        62M       317M

MemTotal:        4016004 kB
MemFree:         3233236 kB
Active:           425744 kB
Mem:          3.8G       764M       3.1G       5.7M        62M       317M

MemTotal:        4016004 kB
MemFree:         3233236 kB
Active:           425744 kB
Mem:          3.8G       764M       3.1G       5.7M        62M       317M

MemTotal:        4016004 kB
MemFree:         3233360 kB
Active:           425736 kB
Mem:          3.8G       764M       3.1G       5.7M        62M       317M

MemTotal:        4016004 kB
MemFree:         3233564 kB
Active:           425728 kB
Mem:          3.8G       764M       3.1G       5.7M        62M       317M

MemTotal:        4016004 kB
MemFree:         3233564 kB
Active:           425716 kB
Mem:          3.8G       764M       3.1G       5.7M        62M       317M

MemTotal:        4016004 kB
MemFree:         3233316 kB
Active:           425708 kB
Mem:          3.8G       764M       3.1G       5.7M        62M       317M

MemTotal:        4016004 kB
MemFree:         3233316 kB
Active:           425752 kB
Mem:          3.8G       764M       3.1G       5.7M        62M       317M

MemTotal:        4016004 kB
MemFree:         3233332 kB
Active:           425752 kB
Mem:          3.8G       764M       3.1G       5.7M        62M       317M

MemTotal:        4016004 kB
MemFree:         3233704 kB
Active:           425760 kB
Mem:          3.8G       764M       3.1G       5.7M        62M       317M

MemTotal:        4016004 kB
MemFree:         3233456 kB
Active:           425756 kB
Mem:          3.8G       763M       3.1G       5.7M        62M       317M

MemTotal:        4016004 kB
MemFree:         3233456 kB
Active:           425732 kB
Mem:          3.8G       764M       3.1G       5.7M        62M       317M

MemTotal:        4016004 kB
MemFree:         3233084 kB
Active:           425780 kB
Mem:          3.8G       764M       3.1G       5.7M        62M       317M

MemTotal:        4016004 kB
MemFree:         3232960 kB
Active:           425772 kB
Mem:          3.8G       764M       3.1G       5.7M        62M       317M

MemTotal:        4016004 kB
MemFree:         3232960 kB
Active:           425776 kB
Mem:          3.8G       764M       3.1G       5.7M        62M       317M

MemTotal:        4016004 kB
MemFree:         3232648 kB
Active:           423748 kB
Mem:          3.8G       764M       3.1G       5.7M        62M       317M

MemTotal:        4016004 kB
MemFree:         3232988 kB
Active:           425748 kB
Mem:          3.8G       764M       3.1G       5.7M        62M       317M

MemTotal:        4016004 kB
MemFree:         3232944 kB
Active:           425748 kB
Mem:          3.8G       764M       3.1G       5.7M        62M       317M

MemTotal:        4016004 kB
MemFree:         3232696 kB
Active:           425804 kB
Mem:          3.8G       764M       3.1G       5.7M        62M       317M

MemTotal:        4016004 kB
MemFree:         3233192 kB
Active:           425752 kB
Mem:          3.8G       764M       3.1G       5.7M        62M       317M

MemTotal:        4016004 kB
MemFree:         3233548 kB
Active:           425804 kB
Mem:          3.8G       764M       3.1G       5.7M        62M       317M

MemTotal:        4016004 kB
MemFree:         3233532 kB
Active:           425796 kB
Mem:          3.8G       764M       3.1G       5.7M        62M       317M

MemTotal:        4016004 kB
MemFree:         3233268 kB
Active:           425808 kB
Mem:          3.8G       764M       3.1G       5.7M        62M       317M

MemTotal:        4016004 kB
MemFree:         3233144 kB
Active:           425792 kB
Mem:          3.8G       764M       3.1G       5.7M        62M       317M

MemTotal:        4016004 kB
MemFree:         3233004 kB
Active:           425788 kB
Mem:          3.8G       764M       3.1G       5.7M        62M       317M

MemTotal:        4016004 kB
MemFree:         3233128 kB
Active:           425788 kB
Mem:          3.8G       764M       3.1G       5.7M        62M       317M

MemTotal:        4016004 kB
MemFree:         3232740 kB
Active:           425816 kB
Mem:          3.8G       764M       3.1G       5.7M        62M       317M

MemTotal:        4016004 kB
MemFree:         3233096 kB
Active:           425812 kB
Mem:          3.8G       764M       3.1G       5.7M        62M       317M

MemTotal:        4016004 kB
MemFree:         3233080 kB
Active:           425800 kB
Mem:          3.8G       764M       3.1G       5.7M        62M       317M

MemTotal:        4016004 kB
MemFree:         3233064 kB
Active:           425804 kB
Mem:          3.8G       764M       3.1G       5.7M        62M       317M

MemTotal:        4016004 kB
MemFree:         3233048 kB
Active:           425800 kB
Mem:          3.8G       764M       3.1G       5.7M        62M       317M

MemTotal:        4016004 kB
MemFree:         3233280 kB
Active:           425792 kB
Mem:          3.8G       764M       3.1G       5.7M        62M       317M

MemTotal:        4016004 kB
MemFree:         3233404 kB
Active:           425784 kB
Mem:          3.8G       764M       3.1G       5.7M        62M       317M

MemTotal:        4016004 kB
MemFree:         3233080 kB
Active:           425828 kB
Mem:          3.8G       764M       3.1G       5.7M        62M       317M

MemTotal:        4016004 kB
MemFree:         3233328 kB
Active:           425816 kB
Mem:          3.8G       764M       3.1G       5.7M        62M       317M

MemTotal:        4016004 kB
MemFree:         3233452 kB
Active:           425812 kB
Mem:          3.8G       764M       3.1G       5.7M        62M       317M

MemTotal:        4016004 kB
MemFree:         3233452 kB
Active:           425804 kB
Mem:          3.8G       764M       3.1G       5.7M        62M       317M

MemTotal:        4016004 kB
MemFree:         3233452 kB
Active:           425832 kB
Mem:          3.8G       764M       3.1G       5.7M        62M       317M

MemTotal:        4016004 kB
MemFree:         3233452 kB
Active:           425780 kB
Mem:          3.8G       764M       3.1G       5.7M        62M       317M

MemTotal:        4016004 kB
MemFree:         3233452 kB
Active:           425832 kB
Mem:          3.8G       764M       3.1G       5.7M        62M       317M

MemTotal:        4016004 kB
MemFree:         3233452 kB
Active:           425824 kB
Mem:          3.8G       764M       3.1G       5.7M        62M       317M

MemTotal:        4016004 kB
MemFree:         3233560 kB
Active:           425816 kB
Mem:          3.8G       764M       3.1G       5.7M        62M       317M

MemTotal:        4016004 kB
MemFree:         3233048 kB
Active:           425840 kB
Mem:          3.8G       764M       3.1G       5.7M        62M       317M

MemTotal:        4016004 kB
MemFree:         3233296 kB
Active:           425824 kB
Mem:          3.8G       764M       3.1G       5.7M        62M       317M

MemTotal:        4016004 kB
MemFree:         3233404 kB
Active:           425824 kB
Mem:          3.8G       764M       3.1G       5.7M        62M       317M

MemTotal:        4016004 kB
MemFree:         3233484 kB
Active:           425840 kB
Mem:          3.8G       764M       3.1G       5.7M        62M       317M

MemTotal:        4016004 kB
MemFree:         3233484 kB
Active:           425836 kB
Mem:          3.8G       764M       3.1G       5.7M        62M       317M

MemTotal:        4016004 kB
MemFree:         3233112 kB
Active:           425836 kB
Mem:          3.8G       764M       3.1G       5.7M        62M       317M

MemTotal:        4016004 kB
MemFree:         3233112 kB
Active:           425836 kB
Mem:          3.8G       764M       3.1G       5.7M        62M       317M

MemTotal:        4016004 kB
MemFree:         3233236 kB
Active:           425844 kB
Mem:          3.8G       764M       3.1G       5.7M        62M       317M

MemTotal:        4016004 kB
MemFree:         3233408 kB
Active:           425864 kB
Mem:          3.8G       764M       3.1G       5.7M        62M       317M

MemTotal:        4016004 kB
MemFree:         3233036 kB
Active:           425864 kB
Mem:          3.8G       764M       3.1G       5.7M        62M       317M

MemTotal:        4016004 kB
MemFree:         3233160 kB
Active:           425852 kB
Mem:          3.8G       764M       3.1G       5.7M        62M       317M

MemTotal:        4016004 kB
MemFree:         3233284 kB
Active:           425864 kB
Mem:          3.8G       764M       3.1G       5.7M        62M       317M

MemTotal:        4016004 kB
MemFree:         3233160 kB
Active:           425864 kB
Mem:          3.8G       764M       3.1G       5.7M        62M       317M

MemTotal:        4016004 kB
MemFree:         3231236 kB
Active:           425816 kB
Mem:          3.8G       766M       3.1G       5.7M        62M       317M

MemTotal:        4016004 kB
MemFree:         3230988 kB
Active:           427896 kB
Mem:          3.8G       766M       3.1G       5.7M        62M       317M

MemTotal:        4016004 kB
MemFree:         3231236 kB
Active:           427860 kB
Mem:          3.8G       766M       3.1G       5.7M        62M       317M

MemTotal:        4016004 kB
MemFree:         3231360 kB
Active:           427884 kB
Mem:          3.8G       766M       3.1G       5.7M        62M       317M

MemTotal:        4016004 kB
MemFree:         3231204 kB
Active:           427880 kB
Mem:          3.8G       766M       3.1G       5.7M        62M       317M

MemTotal:        4016004 kB
MemFree:         3231264 kB
Active:           428244 kB
Mem:          3.8G       766M       3.1G       5.7M        62M       317M

MemTotal:        4016004 kB
MemFree:         3186400 kB
Active:           429072 kB
Mem:          3.8G       810M       3.0G       5.7M        62M       360M

MemTotal:        4016004 kB
MemFree:         3139912 kB
Active:           429080 kB
Mem:          3.8G       856M       3.0G       5.7M        62M       405M

MemTotal:        4016004 kB
MemFree:         3094044 kB
Active:           429096 kB
Mem:          3.8G       901M       2.9G       5.7M        62M       449M

MemTotal:        4016004 kB
MemFree:         3046300 kB
Active:           429104 kB
Mem:          3.8G       946M       2.9G       5.7M        62M       494M

MemTotal:        4016004 kB
MemFree:         2999920 kB
Active:           429096 kB
Mem:          3.8G       992M       2.9G       5.7M        62M       539M

MemTotal:        4016004 kB
MemFree:         2954176 kB
Active:           429100 kB
Mem:          3.8G       1.0G       2.8G       5.7M        62M       583M

MemTotal:        4016004 kB
MemFree:         2908572 kB
Active:           429112 kB
Mem:          3.8G       1.1G       2.8G       5.7M        62M       627M

MemTotal:        4016004 kB
MemFree:         2861860 kB
Active:           429076 kB
Mem:          3.8G       1.1G       2.7G       5.7M        62M       672M

MemTotal:        4016004 kB
MemFree:         2816100 kB
Active:           429116 kB
Mem:          3.8G       1.1G       2.7G       5.7M        62M       716M

MemTotal:        4016004 kB
MemFree:         2769280 kB
Active:           429124 kB
Mem:          3.8G       1.2G       2.6G       5.7M        62M       761M

MemTotal:        4016004 kB
MemFree:         2722612 kB
Active:           429124 kB
Mem:          3.8G       1.2G       2.6G       5.7M        62M       806M

MemTotal:        4016004 kB
MemFree:         2695580 kB
Active:           429120 kB
Mem:          3.8G       1.3G       2.6G       5.7M        62M       832M

MemTotal:        4016004 kB
MemFree:         2650008 kB
Active:           429136 kB
Mem:          3.8G       1.3G       2.5G       5.7M        62M       876M

MemTotal:        4016004 kB
MemFree:         2603272 kB
Active:           429136 kB
Mem:          3.8G       1.3G       2.5G       5.7M        62M       921M

MemTotal:        4016004 kB
MemFree:         2557324 kB
Active:           429140 kB
Mem:          3.8G       1.4G       2.4G       5.7M        62M       965M

MemTotal:        4016004 kB
MemFree:         2509384 kB
Active:           429140 kB
Mem:          3.8G       1.4G       2.4G       5.7M        62M       1.0G

MemTotal:        4016004 kB
MemFree:         2480736 kB
Active:           429148 kB
Mem:          3.8G       1.5G       2.4G       5.7M        62M       1.0G

MemTotal:        4016004 kB
MemFree:         2434912 kB
Active:           429188 kB
Mem:          3.8G       1.5G       2.3G       5.7M        62M       1.1G

MemTotal:        4016004 kB
MemFree:         2388688 kB
Active:           429188 kB
Mem:          3.8G       1.6G       2.3G       5.7M        62M       1.1G

MemTotal:        4016004 kB
MemFree:         2342720 kB
Active:           429192 kB
Mem:          3.8G       1.6G       2.2G       5.7M        62M       1.1G

MemTotal:        4016004 kB
MemFree:         2296496 kB
Active:           429192 kB
Mem:          3.8G       1.6G       2.2G       5.7M        62M       1.2G

MemTotal:        4016004 kB
MemFree:         2249248 kB
Active:           429152 kB
Mem:          3.8G       1.7G       2.1G       5.7M        62M       1.2G

MemTotal:        4016004 kB
MemFree:         2202528 kB
Active:           429200 kB
Mem:          3.8G       1.7G       2.1G       5.7M        62M       1.3G

MemTotal:        4016004 kB
MemFree:         2157048 kB
Active:           429196 kB
Mem:          3.8G       1.8G       2.1G       5.7M        62M       1.3G

MemTotal:        4016004 kB
MemFree:         2110644 kB
Active:           429212 kB
Mem:          3.8G       1.8G       2.0G       5.7M        62M       1.4G

MemTotal:        4016004 kB
MemFree:         2064328 kB
Active:           429216 kB
Mem:          3.8G       1.9G       2.0G       5.7M        62M       1.4G

MemTotal:        4016004 kB
MemFree:         2063868 kB
Active:           429212 kB
Mem:          3.8G       1.9G       2.0G       5.7M        62M       1.4G

MemTotal:        4016004 kB
MemFree:         2049472 kB
Active:           429172 kB
Mem:          3.8G       1.9G       2.0G       5.7M        62M       1.4G

MemTotal:        4016004 kB
MemFree:         2003216 kB
Active:           429212 kB
Mem:          3.8G       1.9G       1.9G       5.7M        62M       1.5G

MemTotal:        4016004 kB
MemFree:         1956836 kB
Active:           429224 kB
Mem:          3.8G       2.0G       1.9G       5.7M        62M       1.5G

MemTotal:        4016004 kB
MemFree:         1911180 kB
Active:           429200 kB
Mem:          3.8G       2.0G       1.8G       5.7M        62M       1.5G

MemTotal:        4016004 kB
MemFree:         1910216 kB
Active:           429212 kB
Mem:          3.8G       2.0G       1.8G       5.7M        62M       1.5G

MemTotal:        4016004 kB
MemFree:         1910752 kB
Active:           429216 kB
Mem:          3.8G       2.0G       1.8G       5.7M        62M       1.5G

MemTotal:        4016004 kB
MemFree:         1864644 kB
Active:           429252 kB
Mem:          3.8G       2.1G       1.8G       5.7M        62M       1.6G

MemTotal:        4016004 kB
MemFree:         1819380 kB
Active:           429380 kB
Mem:          3.8G       2.1G       1.7G       5.7M        62M       1.6G

MemTotal:        4016004 kB
MemFree:         1773264 kB
Active:           429384 kB
Mem:          3.8G       2.1G       1.7G       5.7M        62M       1.7G

MemTotal:        4016004 kB
MemFree:         1726792 kB
Active:           429384 kB
Mem:          3.8G       2.2G       1.6G       5.7M        62M       1.7G

MemTotal:        4016004 kB
MemFree:         1679932 kB
Active:           429392 kB
Mem:          3.8G       2.2G       1.6G       5.7M        62M       1.8G

MemTotal:        4016004 kB
MemFree:         1633600 kB
Active:           429380 kB
Mem:          3.8G       2.3G       1.6G       5.7M        62M       1.8G

MemTotal:        4016004 kB
MemFree:         1586724 kB
Active:           429384 kB
Mem:          3.8G       2.3G       1.5G       5.7M        62M       1.9G

MemTotal:        4016004 kB
MemFree:         1540708 kB
Active:           429396 kB
Mem:          3.8G       2.4G       1.5G       5.7M        62M       1.9G

MemTotal:        4016004 kB
MemFree:         1514140 kB
Active:           429408 kB
Mem:          3.8G       2.4G       1.4G       5.7M        62M       1.9G

MemTotal:        4016004 kB
MemFree:         1497452 kB
Active:           429388 kB
Mem:          3.8G       2.4G       1.4G       5.7M        62M       1.9G

MemTotal:        4016004 kB
MemFree:         1451600 kB
Active:           429412 kB
Mem:          3.8G       2.4G       1.4G       5.7M        62M       2.0G

MemTotal:        4016004 kB
MemFree:         1404740 kB
Active:           429364 kB
Mem:          3.8G       2.5G       1.3G       5.7M        62M       2.0G

MemTotal:        4016004 kB
MemFree:         1358176 kB
Active:           429416 kB
Mem:          3.8G       2.5G       1.3G       5.7M        62M       2.1G

MemTotal:        4016004 kB
MemFree:         1333012 kB
Active:           429392 kB
Mem:          3.8G       2.6G       1.3G       5.7M        62M       2.1G

MemTotal:        4016004 kB
MemFree:         1332460 kB
Active:           429376 kB
Mem:          3.8G       2.6G       1.3G       5.7M        62M       2.1G

MemTotal:        4016004 kB
MemFree:         1308160 kB
Active:           429436 kB
Mem:          3.8G       2.6G       1.2G       5.7M        62M       2.1G

MemTotal:        4016004 kB
MemFree:         1263016 kB
Active:           429440 kB
Mem:          3.8G       2.6G       1.2G       5.7M        62M       2.2G

MemTotal:        4016004 kB
MemFree:         1215848 kB
Active:           429444 kB
Mem:          3.8G       2.7G       1.2G       5.7M        62M       2.2G

MemTotal:        4016004 kB
MemFree:         1169608 kB
Active:           429448 kB
Mem:          3.8G       2.7G       1.1G       5.7M        62M       2.2G

MemTotal:        4016004 kB
MemFree:         1123508 kB
Active:           429456 kB
Mem:          3.8G       2.8G       1.1G       5.7M        62M       2.3G

MemTotal:        4016004 kB
MemFree:         1076168 kB
Active:           429404 kB
Mem:          3.8G       2.8G       1.0G       5.7M        62M       2.3G

MemTotal:        4016004 kB
MemFree:         1029820 kB
Active:           429560 kB
Mem:          3.8G       2.8G       1.0G       5.7M        62M       2.4G

MemTotal:        4016004 kB
MemFree:          983472 kB
Active:           429564 kB
Mem:          3.8G       2.9G       960M       5.7M        62M       2.4G

MemTotal:        4016004 kB
MemFree:          955724 kB
Active:           429568 kB
Mem:          3.8G       2.9G       932M       5.7M        62M       2.4G

MemTotal:        4016004 kB
MemFree:          928164 kB
Active:           429524 kB
Mem:          3.8G       2.9G       905M       5.7M        62M       2.5G

MemTotal:        4016004 kB
MemFree:          882376 kB
Active:           429536 kB
Mem:          3.8G       3.0G       861M       5.7M        62M       2.5G

MemTotal:        4016004 kB
MemFree:          835392 kB
Active:           429584 kB
Mem:          3.8G       3.0G       815M       5.7M        62M       2.6G

MemTotal:        4016004 kB
MemFree:          788176 kB
Active:           429584 kB
Mem:          3.8G       3.1G       769M       5.7M        62M       2.6G

MemTotal:        4016004 kB
MemFree:          742828 kB
Active:           429588 kB
Mem:          3.8G       3.1G       724M       5.7M        62M       2.6G

MemTotal:        4016004 kB
MemFree:          719964 kB
Active:           429556 kB
Mem:          3.8G       3.1G       702M       5.7M        62M       2.7G

MemTotal:        4016004 kB
MemFree:          719392 kB
Active:           429572 kB
Mem:          3.8G       3.1G       702M       5.7M        62M       2.7G

MemTotal:        4016004 kB
MemFree:          718712 kB
Active:           427580 kB
Mem:          3.8G       3.1G       701M       5.7M        62M       2.7G

MemTotal:        4016004 kB
MemFree:          697040 kB
Active:           429776 kB
Mem:          3.8G       3.2G       680M       5.7M        62M       2.7G

MemTotal:        4016004 kB
MemFree:          651608 kB
Active:           429636 kB
Mem:          3.8G       3.2G       635M       5.7M        62M       2.7G

MemTotal:        4016004 kB
MemFree:          604500 kB
Active:           429636 kB
Mem:          3.8G       3.3G       590M       5.7M        62M       2.8G

MemTotal:        4016004 kB
MemFree:          557904 kB
Active:           429644 kB
Mem:          3.8G       3.3G       544M       5.7M        62M       2.8G

MemTotal:        4016004 kB
MemFree:          512052 kB
Active:           429596 kB
Mem:          3.8G       3.3G       499M       5.7M        62M       2.9G

MemTotal:        4016004 kB
MemFree:          465564 kB
Active:           429620 kB
Mem:          3.8G       3.4G       454M       5.7M        62M       2.9G

MemTotal:        4016004 kB
MemFree:          419236 kB
Active:           429632 kB
Mem:          3.8G       3.4G       408M       5.7M        62M       3.0G

MemTotal:        4016004 kB
MemFree:          397672 kB
Active:           429648 kB
Mem:          3.8G       3.5G       388M       5.7M        62M       3.0G

MemTotal:        4016004 kB
MemFree:          397424 kB
Active:           429652 kB
Mem:          3.8G       3.5G       387M       5.7M        62M       3.0G

MemTotal:        4016004 kB
MemFree:          363112 kB
Active:           429616 kB
Mem:          3.8G       3.5G       354M       5.7M        62M       3.0G

MemTotal:        4016004 kB
MemFree:          316540 kB
Active:           429612 kB
Mem:          3.8G       3.5G       308M       5.7M        62M       3.0G

MemTotal:        4016004 kB
MemFree:          270424 kB
Active:           429668 kB
Mem:          3.8G       3.6G       263M       5.7M        62M       3.1G

MemTotal:        4016004 kB
MemFree:          224216 kB
Active:           429668 kB
Mem:          3.8G       3.6G       218M       5.7M        62M       3.1G

MemTotal:        4016004 kB
MemFree:          177852 kB
Active:           429520 kB
Mem:          3.8G       3.7G       172M       5.7M        62M       3.2G

MemTotal:        4016004 kB
MemFree:          131376 kB
Active:           429508 kB
Mem:          3.8G       3.7G       127M       5.7M        62M       3.2G

MemTotal:        4016004 kB
MemFree:          153120 kB
Active:           439508 kB
Mem:          3.8G       3.7G       104M       5.7M        27M       3.3G

MemTotal:        4016004 kB
MemFree:          107208 kB
Active:           455696 kB
Mem:          3.8G       3.7G       104M       5.7M        27M       3.3G

MemTotal:        4016004 kB
MemFree:          141768 kB
Active:           491612 kB
Mem:          3.8G       3.7G       134M       5.7M        27M       3.2G

MemTotal:        4016004 kB
MemFree:          132652 kB
Active:           484348 kB
Mem:          3.8G       3.7G       129M       5.7M        27M       3.3G

MemTotal:        4016004 kB
MemFree:          116904 kB
Active:           479264 kB
Mem:          3.8G       3.7G       113M       5.7M        27M       3.3G

MemTotal:        4016004 kB
MemFree:          106268 kB
Active:           471988 kB
Mem:          3.8G       3.7G       103M       5.7M        27M       3.3G

MemTotal:        4016004 kB
MemFree:          107520 kB
Active:           464068 kB
Mem:          3.8G       3.7G       104M       5.7M        27M       3.3G

MemTotal:        4016004 kB
MemFree:          133140 kB
Active:           455368 kB
Mem:          3.8G       3.7G       129M       5.7M        27M       3.3G

MemTotal:        4016004 kB
MemFree:          129708 kB
Active:           450388 kB
Mem:          3.8G       3.7G       126M       5.7M        27M       3.3G

MemTotal:        4016004 kB
MemFree:          132496 kB
Active:           446292 kB
Mem:          3.8G       3.7G       128M       5.7M        27M       3.3G

MemTotal:        4016004 kB
MemFree:          137984 kB
Active:           444372 kB
Mem:          3.8G       3.7G       134M       5.7M        27M       3.2G

MemTotal:        4016004 kB
MemFree:          139980 kB
Active:           442600 kB
Mem:          3.8G       3.7G       136M       5.7M        27M       3.2G

MemTotal:        4016004 kB
MemFree:          128928 kB
Active:           443228 kB
Mem:          3.8G       3.7G       125M       5.7M        27M       3.3G

MemTotal:        4016004 kB
MemFree:          118468 kB
Active:           442076 kB
Mem:          3.8G       3.7G       115M       5.7M        27M       3.3G

MemTotal:        4016004 kB
MemFree:          119372 kB
Active:           440164 kB
Mem:          3.8G       3.7G       116M       5.7M        27M       3.3G

MemTotal:        4016004 kB
MemFree:          123496 kB
Active:           438244 kB
Mem:          3.8G       3.7G       120M       5.7M        27M       3.3G

MemTotal:        4016004 kB
MemFree:          125928 kB
Active:           436844 kB
Mem:          3.8G       3.7G       122M       5.7M        27M       3.3G

MemTotal:        4016004 kB
MemFree:          122340 kB
Active:           435056 kB
Mem:          3.8G       3.7G       118M       5.7M        27M       3.3G

MemTotal:        4016004 kB
MemFree:          105720 kB
Active:           434044 kB
Mem:          3.8G       3.7G       102M       5.7M        27M       3.3G

MemTotal:        4016004 kB
MemFree:          125448 kB
Active:           431876 kB
Mem:          3.8G       3.7G       122M       5.7M        27M       3.3G

MemTotal:        4016004 kB
MemFree:          127324 kB
Active:           430084 kB
Mem:          3.8G       3.7G       123M       5.7M        27M       3.3G

MemTotal:        4016004 kB
MemFree:          112432 kB
Active:           428932 kB
Mem:          3.8G       3.7G       109M       5.7M        27M       3.3G

MemTotal:        4016004 kB
MemFree:          117876 kB
Active:           426896 kB
Mem:          3.8G       3.7G       114M       5.7M        27M       3.3G

MemTotal:        4016004 kB
MemFree:          107932 kB
Active:           423812 kB
Mem:          3.8G       3.7G       103M       5.7M        27M       3.3G

MemTotal:        4016004 kB
MemFree:          125916 kB
Active:           419732 kB
Mem:          3.8G       3.7G       122M       5.7M        27M       3.3G

MemTotal:        4016004 kB
MemFree:          133172 kB
Active:           417688 kB
Mem:          3.8G       3.7G       129M       5.7M        27M       3.3G

MemTotal:        4016004 kB
MemFree:          141020 kB
Active:           415520 kB
Mem:          3.8G       3.7G       136M       5.7M        27M       3.2G

MemTotal:        4016004 kB
MemFree:          130168 kB
Active:           414496 kB
Mem:          3.8G       3.7G       127M       5.7M        27M       3.3G

MemTotal:        4016004 kB
MemFree:          121024 kB
Active:           413356 kB
Mem:          3.8G       3.7G       117M       5.7M        27M       3.3G

MemTotal:        4016004 kB
MemFree:          121660 kB
Active:           411436 kB
Mem:          3.8G       3.7G       118M       5.7M        27M       3.3G

MemTotal:        4016004 kB
MemFree:          113332 kB
Active:           410288 kB
Mem:          3.8G       3.7G       109M       5.7M        27M       3.3G

MemTotal:        4016004 kB
MemFree:          126736 kB
Active:           408504 kB
Mem:          3.8G       3.7G       123M       5.7M        27M       3.3G

MemTotal:        4016004 kB
MemFree:          121380 kB
Active:           405560 kB
Mem:          3.8G       3.7G       118M       5.7M        27M       3.3G

MemTotal:        4016004 kB
MemFree:          128152 kB
Active:           403904 kB
Mem:          3.8G       3.7G       124M       5.7M        27M       3.3G

MemTotal:        4016004 kB
MemFree:          122288 kB
Active:           402500 kB
Mem:          3.8G       3.7G       119M       5.7M        27M       3.3G

MemTotal:        4016004 kB
MemFree:          125500 kB
Active:           401100 kB
Mem:          3.8G       3.7G       122M       5.7M        27M       3.3G

MemTotal:        4016004 kB
MemFree:          120428 kB
Active:           399564 kB
Mem:          3.8G       3.7G       116M       5.7M        27M       3.3G

MemTotal:        4016004 kB
MemFree:          122812 kB
Active:           398540 kB
Mem:          3.8G       3.7G       119M       5.7M        27M       3.3G

MemTotal:        4016004 kB
MemFree:          121448 kB
Active:           397468 kB
Mem:          3.8G       3.7G       118M       5.7M        27M       3.3G

MemTotal:        4016004 kB
MemFree:          106196 kB
Active:           396504 kB
Mem:          3.8G       3.7G       103M       5.7M        27M       3.3G

MemTotal:        4016004 kB
MemFree:          132476 kB
Active:           394332 kB
Mem:          3.8G       3.7G       129M       5.7M        27M       3.3G

MemTotal:        4016004 kB
MemFree:          117940 kB
Active:           393172 kB
Mem:          3.8G       3.7G       114M       5.7M        27M       3.3G

MemTotal:        4016004 kB
MemFree:          121184 kB
Active:           391900 kB
Mem:          3.8G       3.7G       117M       5.7M        27M       3.3G

MemTotal:        4016004 kB
MemFree:          110968 kB
Active:           390632 kB
Mem:          3.8G       3.7G       107M       5.7M        27M       3.3G

MemTotal:        4016004 kB
MemFree:          123612 kB
Active:           388852 kB
Mem:          3.8G       3.7G       120M       5.7M        27M       3.3G

MemTotal:        4016004 kB
MemFree:          125392 kB
Active:           386804 kB
Mem:          3.8G       3.7G       122M       5.7M        27M       3.3G

MemTotal:        4016004 kB
MemFree:          127224 kB
Active:           385012 kB
Mem:          3.8G       3.7G       124M       5.7M        27M       3.3G

MemTotal:        4016004 kB
MemFree:          123548 kB
Active:           383348 kB
Mem:          3.8G       3.7G       119M       5.7M        27M       3.3G

MemTotal:        4016004 kB
MemFree:          106000 kB
Active:           382464 kB
Mem:          3.8G       3.7G       103M       5.7M        27M       3.3G

MemTotal:        4016004 kB
MemFree:          125588 kB
Active:           380176 kB
Mem:          3.8G       3.7G       121M       5.7M        27M       3.3G

MemTotal:        4016004 kB
MemFree:          106668 kB
Active:           379288 kB
Mem:          3.8G       3.7G       104M       5.7M        27M       3.3G

MemTotal:        4016004 kB
MemFree:          126564 kB
Active:           377112 kB
Mem:          3.8G       3.7G       123M       5.7M        27M       3.3G

MemTotal:        4016004 kB
MemFree:          128312 kB
Active:           375960 kB
Mem:          3.8G       3.7G       124M       5.7M        27M       3.3G

MemTotal:        4016004 kB
MemFree:          119568 kB
Active:           374816 kB
Mem:          3.8G       3.7G       115M       5.7M        27M       3.3G

MemTotal:        4016004 kB
MemFree:          123316 kB
Active:           373408 kB
Mem:          3.8G       3.7G       120M       5.7M        27M       3.3G

MemTotal:        4016004 kB
MemFree:          114168 kB
Active:           373280 kB
Mem:          3.8G       3.7G       110M       5.7M        27M       3.3G

MemTotal:        4016004 kB
MemFree:          127700 kB
Active:           373284 kB
Mem:          3.8G       3.7G       124M       5.7M        27M       3.3G

MemTotal:        4016004 kB
MemFree:          120096 kB
Active:           373284 kB
Mem:          3.8G       3.7G       116M       5.7M        27M       3.3G

MemTotal:        4016004 kB
MemFree:          118872 kB
Active:           373284 kB
Mem:          3.8G       3.7G       115M       5.7M        27M       3.3G

MemTotal:        4016004 kB
MemFree:          110836 kB
Active:           373292 kB
Mem:          3.8G       3.7G       107M       5.7M        27M       3.3G

MemTotal:        4016004 kB
MemFree:          119244 kB
Active:           373292 kB
Mem:          3.8G       3.7G       115M       5.7M        27M       3.3G

MemTotal:        4016004 kB
MemFree:          111348 kB
Active:           373240 kB
Mem:          3.8G       3.7G       107M       5.7M        27M       3.3G

MemTotal:        4016004 kB
MemFree:          118916 kB
Active:           373312 kB
Mem:          3.8G       3.7G       115M       5.7M        27M       3.3G

MemTotal:        4016004 kB
MemFree:          119408 kB
Active:           373340 kB
Mem:          3.8G       3.7G       116M       5.7M        27M       3.3G

MemTotal:        4016004 kB
MemFree:          113180 kB
Active:           370784 kB
Mem:          3.8G       3.7G       110M       5.7M        27M       3.3G

MemTotal:        4016004 kB
MemFree:          126568 kB
Active:           370508 kB
Mem:          3.8G       3.7G       122M       5.7M        27M       3.3G

MemTotal:        4016004 kB
MemFree:          121976 kB
Active:           370560 kB
Mem:          3.8G       3.7G       119M       5.7M        27M       3.3G

MemTotal:        4016004 kB
MemFree:          134064 kB
Active:           370560 kB
Mem:          3.8G       3.7G       129M       5.7M        27M       3.2G

MemTotal:        4016004 kB
MemFree:          123444 kB
Active:           370568 kB
Mem:          3.8G       3.7G       120M       5.7M        27M       3.3G

MemTotal:        4016004 kB
MemFree:          126520 kB
Active:           370560 kB
Mem:          3.8G       3.7G       123M       5.7M        27M       3.3G

MemTotal:        4016004 kB
MemFree:          123160 kB
Active:           370472 kB
Mem:          3.8G       3.7G       119M       5.7M        27M       3.3G

MemTotal:        4016004 kB
MemFree:          125192 kB
Active:           370484 kB
Mem:          3.8G       3.7G       121M       5.7M        27M       3.3G

MemTotal:        4016004 kB
MemFree:          127092 kB
Active:           370456 kB
Mem:          3.8G       3.7G       123M       5.7M        27M       3.3G

MemTotal:        4016004 kB
MemFree:          120124 kB
Active:           370464 kB
Mem:          3.8G       3.7G       116M       5.7M        27M       3.3G

MemTotal:        4016004 kB
MemFree:          110480 kB
Active:           370332 kB
Mem:          3.8G       3.7G       107M       5.7M        27M       3.3G

MemTotal:        4016004 kB
MemFree:          112600 kB
Active:           370340 kB
Mem:          3.8G       3.7G       109M       5.7M        27M       3.3G

MemTotal:        4016004 kB
MemFree:          130984 kB
Active:           370356 kB
Mem:          3.8G       3.7G       127M       5.7M        27M       3.2G

MemTotal:        4016004 kB
MemFree:          135856 kB
Active:           370232 kB
Mem:          3.8G       3.7G       132M       5.7M        27M       3.2G

MemTotal:        4016004 kB
MemFree:          136152 kB
Active:           370248 kB
Mem:          3.8G       3.7G       132M       5.7M        27M       3.2G

MemTotal:        4016004 kB
MemFree:          136248 kB
Active:           370200 kB
Mem:          3.8G       3.7G       132M       5.7M        27M       3.2G

MemTotal:        4016004 kB
MemFree:          127076 kB
Active:           370260 kB
Mem:          3.8G       3.7G       123M       5.7M        27M       3.3G

MemTotal:        4016004 kB
MemFree:          118028 kB
Active:           370260 kB
Mem:          3.8G       3.7G       114M       5.7M        27M       3.3G

MemTotal:        4016004 kB
MemFree:          116488 kB
Active:           371276 kB
Mem:          3.8G       3.7G       113M       5.7M        27M       3.3G

MemTotal:        4016004 kB
MemFree:          124808 kB
Active:           371252 kB
Mem:          3.8G       3.7G       121M       5.7M        27M       3.3G

MemTotal:        4016004 kB
MemFree:          114208 kB
Active:           371272 kB
Mem:          3.8G       3.7G       110M       5.7M        27M       3.3G

MemTotal:        4016004 kB
MemFree:          104884 kB
Active:           371272 kB
Mem:          3.8G       3.7G       109M       5.7M        27M       3.3G

MemTotal:        4016004 kB
MemFree:          125304 kB
Active:           370308 kB
Mem:          3.8G       3.7G       121M       5.7M        28M       3.3G

MemTotal:        4016004 kB
MemFree:          126348 kB
Active:           370312 kB
Mem:          3.8G       3.7G       123M       5.7M        28M       3.3G

MemTotal:        4016004 kB
MemFree:          126268 kB
Active:           370320 kB
Mem:          3.8G       3.7G       123M       5.7M        28M       3.3G

MemTotal:        4016004 kB
MemFree:          126644 kB
Active:           370304 kB
Mem:          3.8G       3.7G       123M       5.7M        28M       3.3G

MemTotal:        4016004 kB
MemFree:          111208 kB
Active:           369868 kB
Mem:          3.8G       3.7G       108M       5.7M        28M       3.3G

MemTotal:        4016004 kB
MemFree:          125360 kB
Active:           369728 kB
Mem:          3.8G       3.7G       122M       5.7M        28M       3.3G

MemTotal:        4016004 kB
MemFree:          123052 kB
Active:           369728 kB
Mem:          3.8G       3.7G       119M       5.7M        28M       3.3G

MemTotal:        4016004 kB
MemFree:          122904 kB
Active:           369732 kB
Mem:          3.8G       3.7G       119M       5.7M        28M       3.3G

MemTotal:        4016004 kB
MemFree:          123272 kB
Active:           369744 kB
Mem:          3.8G       3.7G       120M       5.7M        28M       3.3G

MemTotal:        4016004 kB
MemFree:          107636 kB
Active:           369736 kB
Mem:          3.8G       3.7G       104M       5.7M        28M       3.3G

MemTotal:        4016004 kB
MemFree:          123732 kB
Active:           369748 kB
Mem:          3.8G       3.7G       119M       5.7M        28M       3.3G

MemTotal:        4016004 kB
MemFree:          127948 kB
Active:           367400 kB
Mem:          3.8G       3.7G       124M       5.7M        28M       3.3G

MemTotal:        4016004 kB
MemFree:          124448 kB
Active:           367300 kB
Mem:          3.8G       3.7G       121M       5.7M        28M       3.3G

MemTotal:        4016004 kB
MemFree:          104848 kB
Active:           367356 kB
Mem:          3.8G       3.7G       107M       5.7M        28M       3.3G

MemTotal:        4016004 kB
MemFree:          124980 kB
Active:           367352 kB
Mem:          3.8G       3.7G       121M       5.7M        28M       3.3G

MemTotal:        4016004 kB
MemFree:          127740 kB
Active:           367348 kB
Mem:          3.8G       3.7G       124M       5.7M        28M       3.3G

MemTotal:        4016004 kB
MemFree:          116320 kB
Active:           368992 kB
Mem:          3.8G       3.7G       113M       5.7M        28M       3.3G

MemTotal:        4016004 kB
MemFree:          122272 kB
Active:           368868 kB
Mem:          3.8G       3.7G       119M       5.7M        28M       3.3G

MemTotal:        4016004 kB
MemFree:          128892 kB
Active:           366176 kB
Mem:          3.8G       3.7G       125M       5.7M        28M       3.2G

MemTotal:        4016004 kB
MemFree:          133556 kB
Active:           365900 kB
Mem:          3.8G       3.7G       129M       5.7M        28M       3.2G

MemTotal:        4016004 kB
MemFree:          109200 kB
Active:           365900 kB
Mem:          3.8G       3.7G       106M       5.7M        28M       3.3G

MemTotal:        4016004 kB
MemFree:          125528 kB
Active:           365908 kB
Mem:          3.8G       3.7G       121M       5.7M        28M       3.3G

MemTotal:        4016004 kB
MemFree:          120468 kB
Active:           365928 kB
Mem:          3.8G       3.7G       117M       5.7M        28M       3.3G

MemTotal:        4016004 kB
MemFree:          125996 kB
Active:           365932 kB
Mem:          3.8G       3.7G       122M       5.7M        28M       3.2G

MemTotal:        4016004 kB
MemFree:          104648 kB
Active:           365932 kB
Mem:          3.8G       3.7G       108M       5.7M        28M       3.3G

MemTotal:        4016004 kB
MemFree:          124508 kB
Active:           365940 kB
Mem:          3.8G       3.7G       121M       5.7M        28M       3.3G

MemTotal:        4016004 kB
MemFree:          127244 kB
Active:           365936 kB
Mem:          3.8G       3.7G       123M       5.7M        28M       3.2G

MemTotal:        4016004 kB
MemFree:          117276 kB
Active:           365940 kB
Mem:          3.8G       3.7G       114M       5.7M        28M       3.3G

MemTotal:        4016004 kB
MemFree:          127288 kB
Active:           361696 kB
Mem:          3.8G       3.7G       124M       5.7M        28M       3.2G

MemTotal:        4016004 kB
MemFree:          122540 kB
Active:           361504 kB
Mem:          3.8G       3.7G       119M       5.7M        28M       3.3G

MemTotal:        4016004 kB
MemFree:          125224 kB
Active:           361520 kB
Mem:          3.8G       3.7G       122M       5.7M        28M       3.2G

MemTotal:        4016004 kB
MemFree:          120876 kB
Active:           361464 kB
Mem:          3.8G       3.7G       117M       5.7M        28M       3.3G

MemTotal:        4016004 kB
MemFree:          110404 kB
Active:           361520 kB
Mem:          3.8G       3.7G       107M       5.7M        28M       3.3G

MemTotal:        4016004 kB
MemFree:          128856 kB
Active:           361528 kB
Mem:          3.8G       3.7G       124M       5.7M        28M       3.2G

MemTotal:        4016004 kB
MemFree:          119572 kB
Active:           361540 kB
Mem:          3.8G       3.7G       116M       5.7M        28M       3.3G

MemTotal:        4016004 kB
MemFree:          127788 kB
Active:           361540 kB
Mem:          3.8G       3.7G       124M       5.7M        28M       3.2G

MemTotal:        4016004 kB
MemFree:          120176 kB
Active:           361544 kB
Mem:          3.8G       3.7G       117M       5.7M        28M       3.3G

MemTotal:        4016004 kB
MemFree:          125248 kB
Active:           360716 kB
Mem:          3.8G       3.7G       121M       5.7M        28M       3.2G

MemTotal:        4016004 kB
MemFree:          121224 kB
Active:           360612 kB
Mem:          3.8G       3.7G       117M       5.7M        28M       3.3G

MemTotal:        4016004 kB
MemFree:          124832 kB
Active:           360592 kB
Mem:          3.8G       3.7G       121M       5.7M        28M       3.2G

MemTotal:        4016004 kB
MemFree:          116784 kB
Active:           360600 kB
Mem:          3.8G       3.7G       124M       5.7M        28M       3.2G

MemTotal:        4016004 kB
MemFree:          121408 kB
Active:           360624 kB
Mem:          3.8G       3.7G       118M       5.7M        28M       3.3G

MemTotal:        4016004 kB
MemFree:          125444 kB
Active:           360608 kB
Mem:          3.8G       3.7G       121M       5.7M        28M       3.2G

MemTotal:        4016004 kB
MemFree:          121136 kB
Active:           360636 kB
Mem:          3.8G       3.7G       117M       5.7M        28M       3.3G

MemTotal:        4016004 kB
MemFree:          118364 kB
Active:           360608 kB
Mem:          3.8G       3.7G       115M       5.7M        28M       3.3G

MemTotal:        4016004 kB
MemFree:          118140 kB
Active:           360648 kB
Mem:          3.8G       3.7G       114M       5.7M        28M       3.3G

MemTotal:        4016004 kB
MemFree:          126040 kB
Active:           357120 kB
Mem:          3.8G       3.7G       122M       5.7M        28M       3.2G

MemTotal:        4016004 kB
MemFree:          122672 kB
Active:           356988 kB
Mem:          3.8G       3.7G       119M       5.7M        28M       3.2G

MemTotal:        4016004 kB
MemFree:          116632 kB
Active:           356932 kB
Mem:          3.8G       3.7G       113M       5.7M        28M       3.3G

MemTotal:        4016004 kB
MemFree:          131348 kB
Active:           356980 kB
Mem:          3.8G       3.7G       127M       5.7M        28M       3.2G

MemTotal:        4016004 kB
MemFree:          114236 kB
Active:           356996 kB
Mem:          3.8G       3.7G       111M       5.7M        28M       3.3G

MemTotal:        4016004 kB
MemFree:          105084 kB
Active:           356972 kB
Mem:          3.8G       3.7G       102M       5.7M        28M       3.3G

MemTotal:        4016004 kB
MemFree:          104968 kB
Active:           357004 kB
Mem:          3.8G       3.7G       110M       5.7M        28M       3.3G

MemTotal:        4016004 kB
MemFree:          124484 kB
Active:           357012 kB
Mem:          3.8G       3.7G       120M       5.7M        28M       3.2G

MemTotal:        4016004 kB
MemFree:          126896 kB
Active:           356968 kB
Mem:          3.8G       3.7G       123M       5.7M        28M       3.2G

MemTotal:        4016004 kB
MemFree:          123260 kB
Active:           356160 kB
Mem:          3.8G       3.7G       119M       5.7M        28M       3.2G

MemTotal:        4016004 kB
MemFree:          127712 kB
Active:           356032 kB
Mem:          3.8G       3.7G       124M       5.7M        28M       3.2G

MemTotal:        4016004 kB
MemFree:          122176 kB
Active:           356028 kB
Mem:          3.8G       3.7G       118M       5.7M        28M       3.2G

MemTotal:        4016004 kB
MemFree:          111116 kB
Active:           356024 kB
Mem:          3.8G       3.7G       107M       5.7M        28M       3.3G

MemTotal:        4016004 kB
MemFree:          126484 kB
Active:           356048 kB
Mem:          3.8G       3.7G       123M       5.7M        28M       3.2G

MemTotal:        4016004 kB
MemFree:          126840 kB
Active:           356052 kB
Mem:          3.8G       3.7G       123M       5.7M        28M       3.2G

MemTotal:        4016004 kB
MemFree:          124296 kB
Active:           356056 kB
Mem:          3.8G       3.7G       120M       5.7M        28M       3.2G

MemTotal:        4016004 kB
MemFree:          123404 kB
Active:           356060 kB
Mem:          3.8G       3.7G       120M       5.7M        28M       3.2G

MemTotal:        4016004 kB
MemFree:          125948 kB
Active:           356020 kB
Mem:          3.8G       3.7G       122M       5.7M        28M       3.2G

MemTotal:        4016004 kB
MemFree:          136340 kB
Active:           356048 kB
Mem:          3.8G       3.7G       132M       5.7M        28M       3.2G

MemTotal:        4016004 kB
MemFree:          126312 kB
Active:           356120 kB
Mem:          3.8G       3.7G       123M       5.7M        28M       3.2G

MemTotal:        4016004 kB
MemFree:          121072 kB
Active:           353728 kB
Mem:          3.8G       3.7G       117M       5.7M        28M       3.2G

MemTotal:        4016004 kB
MemFree:          147152 kB
Active:           353608 kB
Mem:          3.8G       3.7G       143M       5.7M        28M       3.2G

MemTotal:        4016004 kB
MemFree:          125856 kB
Active:           353628 kB
Mem:          3.8G       3.7G       121M       5.7M        28M       3.2G

MemTotal:        4016004 kB
MemFree:          135988 kB
Active:           353624 kB
Mem:          3.8G       3.7G       132M       5.7M        28M       3.2G

MemTotal:        4016004 kB
MemFree:          129268 kB
Active:           353576 kB
Mem:          3.8G       3.7G       125M       5.7M        28M       3.2G

MemTotal:        4016004 kB
MemFree:          124956 kB
Active:           353632 kB
Mem:          3.8G       3.7G       120M       5.7M        28M       3.2G

MemTotal:        4016004 kB
MemFree:          126428 kB
Active:           353644 kB
Mem:          3.8G       3.7G       126M       5.7M        28M       3.2G

MemTotal:        4016004 kB
MemFree:          119736 kB
Active:           353644 kB
Mem:          3.8G       3.7G       116M       5.7M        28M       3.3G

MemTotal:        4016004 kB
MemFree:          127732 kB
Active:           353640 kB
Mem:          3.8G       3.7G       124M       5.7M        28M       3.2G

MemTotal:        4016004 kB
MemFree:          123292 kB
Active:           353600 kB
Mem:          3.8G       3.7G       120M       5.7M        28M       3.2G

MemTotal:        4016004 kB
MemFree:          126648 kB
Active:           353644 kB
Mem:          3.8G       3.7G       122M       5.7M        28M       3.2G

MemTotal:        4016004 kB
MemFree:          123588 kB
Active:           353644 kB
Mem:          3.8G       3.7G       119M       5.7M        28M       3.2G

MemTotal:        4016004 kB
MemFree:          116104 kB
Active:           353664 kB
Mem:          3.8G       3.7G       113M       5.7M        28M       3.3G

MemTotal:        4016004 kB
MemFree:          135772 kB
Active:           351824 kB
Mem:          3.8G       3.7G       132M       5.7M        28M       3.2G

MemTotal:        4016004 kB
MemFree:          111316 kB
Active:           351612 kB
Mem:          3.8G       3.7G       108M       5.7M        28M       3.3G

MemTotal:        4016004 kB
MemFree:          125464 kB
Active:           351624 kB
Mem:          3.8G       3.7G       122M       5.7M        28M       3.2G

MemTotal:        4016004 kB
MemFree:          121000 kB
Active:           351628 kB
Mem:          3.8G       3.7G       117M       5.7M        28M       3.2G

MemTotal:        4016004 kB
MemFree:          120304 kB
Active:           351580 kB
Mem:          3.8G       3.7G       117M       5.7M        28M       3.2G

MemTotal:        4016004 kB
MemFree:          114408 kB
Active:           351584 kB
Mem:          3.8G       3.7G       110M       5.7M        28M       3.3G

MemTotal:        4016004 kB
MemFree:          128636 kB
Active:           351588 kB
Mem:          3.8G       3.7G       125M       5.7M        28M       3.2G

MemTotal:        4016004 kB
MemFree:          112696 kB
Active:           351636 kB
Mem:          3.8G       3.7G       109M       5.7M        28M       3.3G

MemTotal:        4016004 kB
MemFree:          127032 kB
Active:           351640 kB
Mem:          3.8G       3.7G       123M       5.7M        28M       3.2G

MemTotal:        4016004 kB
MemFree:          109964 kB
Active:           351656 kB
Mem:          3.8G       3.7G       106M       5.7M        28M       3.3G

MemTotal:        4016004 kB
MemFree:          115740 kB
Active:           351656 kB
Mem:          3.8G       3.7G       112M       5.7M        28M       3.3G

MemTotal:        4016004 kB
MemFree:          104928 kB
Active:           351648 kB
Mem:          3.8G       3.7G       108M       5.7M        28M       3.3G

MemTotal:        4016004 kB
MemFree:          130704 kB
Active:           351400 kB
Mem:          3.8G       3.7G       127M       5.7M        28M       3.2G

MemTotal:        4016004 kB
MemFree:          115944 kB
Active:           351400 kB
Mem:          3.8G       3.7G       112M       5.7M        28M       3.3G

MemTotal:        4016004 kB
MemFree:          114652 kB
Active:           351568 kB
Mem:          3.8G       3.7G       111M       5.7M        28M       3.3G

MemTotal:        4016004 kB
MemFree:          119748 kB
Active:           351424 kB
Mem:          3.8G       3.7G       117M       5.7M        28M       3.2G

MemTotal:        4016004 kB
MemFree:          126608 kB
Active:           348020 kB
Mem:          3.8G       3.7G       122M       5.7M        28M       3.2G

MemTotal:        4016004 kB
MemFree:          128620 kB
Active:           348020 kB
Mem:          3.8G       3.7G       124M       5.7M        28M       3.2G

MemTotal:        4016004 kB
MemFree:          119192 kB
Active:           348020 kB
Mem:          3.8G       3.7G       116M       5.7M        28M       3.2G

MemTotal:        4016004 kB
MemFree:          126196 kB
Active:           348020 kB
Mem:          3.8G       3.7G       122M       5.7M        28M       3.2G

MemTotal:        4016004 kB
MemFree:          122332 kB
Active:           348020 kB
Mem:          3.8G       3.7G       118M       5.7M        28M       3.2G

MemTotal:        4016004 kB
MemFree:          125792 kB
Active:           348028 kB
Mem:          3.8G       3.7G       121M       5.7M        28M       3.2G

MemTotal:        4016004 kB
MemFree:          122616 kB
Active:           348028 kB
Mem:          3.8G       3.7G       119M       5.7M        28M       3.2G

MemTotal:        4016004 kB
MemFree:          126688 kB
Active:           348040 kB
Mem:          3.8G       3.7G       122M       5.7M        28M       3.2G

MemTotal:        4016004 kB
MemFree:          123560 kB
Active:           348040 kB
Mem:          3.8G       3.7G       119M       5.7M        28M       3.2G

MemTotal:        4016004 kB
MemFree:          125680 kB
Active:           348040 kB
Mem:          3.8G       3.7G       122M       5.7M        28M       3.2G

MemTotal:        4016004 kB
MemFree:          129196 kB
Active:           348040 kB
Mem:          3.8G       3.7G       125M       5.7M        28M       3.2G

MemTotal:        4016004 kB
MemFree:          128484 kB
Active:           348056 kB
Mem:          3.8G       3.7G       125M       5.7M        28M       3.2G

MemTotal:        4016004 kB
MemFree:          117360 kB
Active:           348064 kB
Mem:          3.8G       3.7G       114M       5.7M        28M       3.2G

MemTotal:        4016004 kB
MemFree:          107456 kB
Active:           348064 kB
Mem:          3.8G       3.7G       104M       5.7M        28M       3.3G

MemTotal:        4016004 kB
MemFree:          109736 kB
Active:           348064 kB
Mem:          3.8G       3.7G       106M       5.7M        28M       3.3G

MemTotal:        4016004 kB
MemFree:          114600 kB
Active:           348064 kB
Mem:          3.8G       3.7G       111M       5.7M        28M       3.3G

MemTotal:        4016004 kB
MemFree:          127820 kB
Active:           347860 kB
Mem:          3.8G       3.7G       124M       5.7M        28M       3.2G

MemTotal:        4016004 kB
MemFree:          145084 kB
Active:           347868 kB
Mem:          3.8G       3.7G       141M       5.7M        28M       3.2G

MemTotal:        4016004 kB
MemFree:          136484 kB
Active:           347572 kB
Mem:          3.8G       3.7G       133M       5.7M        28M       3.2G

MemTotal:        4016004 kB
MemFree:          137084 kB
Active:           347504 kB
Mem:          3.8G       3.7G       134M       5.7M        28M       3.2G

MemTotal:        4016004 kB
MemFree:          137332 kB
Active:           347504 kB
Mem:          3.8G       3.7G       133M       5.7M        28M       3.2G

MemTotal:        4016004 kB
MemFree:          137332 kB
Active:           347548 kB
Mem:          3.8G       3.7G       133M       5.7M        28M       3.2G

MemTotal:        4016004 kB
MemFree:          137208 kB
Active:           347536 kB
Mem:          3.8G       3.7G       133M       5.7M        28M       3.2G

MemTotal:        4016004 kB
MemFree:          137208 kB
Active:           347568 kB
Mem:          3.8G       3.7G       133M       5.7M        28M       3.2G

MemTotal:        4016004 kB
MemFree:          137456 kB
Active:           347572 kB
Mem:          3.8G       3.7G       133M       5.7M        28M       3.2G

MemTotal:        4016004 kB
MemFree:          137580 kB
Active:           347564 kB
Mem:          3.8G       3.7G       134M       5.7M        28M       3.2G

MemTotal:        4016004 kB
MemFree:          137456 kB
Active:           347528 kB
Mem:          3.8G       3.7G       133M       5.7M        28M       3.2G

MemTotal:        4016004 kB
MemFree:          137580 kB
Active:           347564 kB
Mem:          3.8G       3.7G       133M       5.7M        28M       3.2G

MemTotal:        4016004 kB
MemFree:          137580 kB
Active:           347568 kB
Mem:          3.8G       3.7G       134M       5.7M        28M       3.2G

MemTotal:        4016004 kB
MemFree:          137332 kB
Active:           347560 kB
Mem:          3.8G       3.7G       133M       5.7M        28M       3.2G

MemTotal:        4016004 kB
MemFree:          137084 kB
Active:           347556 kB
Mem:          3.8G       3.7G       133M       5.7M        28M       3.2G

MemTotal:        4016004 kB
MemFree:          137084 kB
Active:           347572 kB
Mem:          3.8G       3.7G       133M       5.7M        28M       3.2G

MemTotal:        4016004 kB
MemFree:          137084 kB
Active:           347572 kB
Mem:          3.8G       3.7G       133M       5.7M        28M       3.2G

MemTotal:        4016004 kB
MemFree:          137332 kB
Active:           347584 kB
Mem:          3.8G       3.7G       133M       5.7M        28M       3.2G

MemTotal:        4016004 kB
MemFree:          137332 kB
Active:           347572 kB
Mem:          3.8G       3.7G       134M       5.7M        28M       3.2G

MemTotal:        4016004 kB
MemFree:          137208 kB
Active:           347588 kB
Mem:          3.8G       3.7G       133M       5.7M        28M       3.2G

MemTotal:        4016004 kB
MemFree:          137208 kB
Active:           347572 kB
Mem:          3.8G       3.7G       133M       5.7M        28M       3.2G

MemTotal:        4016004 kB
MemFree:          137208 kB
Active:           347592 kB
Mem:          3.8G       3.7G       133M       5.7M        28M       3.2G

MemTotal:        4016004 kB
MemFree:          137456 kB
Active:           347592 kB
Mem:          3.8G       3.7G       134M       5.7M        28M       3.2G

MemTotal:        4016004 kB
MemFree:          137456 kB
Active:           347592 kB
Mem:          3.8G       3.7G       133M       5.7M        28M       3.2G

MemTotal:        4016004 kB
MemFree:          137456 kB
Active:           347592 kB
Mem:          3.8G       3.7G       133M       5.7M        28M       3.2G

MemTotal:        4016004 kB
MemFree:          137208 kB
Active:           347592 kB
Mem:          3.8G       3.7G       133M       5.7M        28M       3.2G

MemTotal:        4016004 kB
MemFree:          136732 kB
Active:           347620 kB
Mem:          3.8G       3.7G       133M       5.7M        28M       3.2G

MemTotal:        4016004 kB
MemFree:          136888 kB
Active:           347632 kB
Mem:          3.8G       3.7G       133M       5.7M        28M       3.2G

MemTotal:        4016004 kB
MemFree:          136952 kB
Active:           347580 kB
Mem:          3.8G       3.7G       133M       5.7M        28M       3.2G

MemTotal:        4016004 kB
MemFree:          137272 kB
Active:           347576 kB
Mem:          3.8G       3.7G       133M       5.7M        28M       3.2G

MemTotal:        4016004 kB
MemFree:          137676 kB
Active:           347624 kB
Mem:          3.8G       3.7G       134M       5.7M        28M       3.2G

MemTotal:        4016004 kB
MemFree:          137552 kB
Active:           347632 kB
Mem:          3.8G       3.7G       133M       5.7M        28M       3.2G

MemTotal:        4016004 kB
MemFree:          137552 kB
Active:           347584 kB
Mem:          3.8G       3.7G       133M       5.7M        28M       3.2G

MemTotal:        4016004 kB
MemFree:          137056 kB
Active:           347632 kB
Mem:          3.8G       3.7G       133M       5.7M        28M       3.2G

MemTotal:        4016004 kB
MemFree:          137180 kB
Active:           347628 kB
Mem:          3.8G       3.7G       133M       5.7M        28M       3.2G

MemTotal:        4016004 kB
MemFree:          137180 kB
Active:           347616 kB
Mem:          3.8G       3.7G       133M       5.7M        28M       3.2G

MemTotal:        4016004 kB
MemFree:          137180 kB
Active:           347600 kB
Mem:          3.8G       3.7G       133M       5.7M        28M       3.2G

MemTotal:        4016004 kB
MemFree:          137056 kB
Active:           347636 kB
Mem:          3.8G       3.7G       133M       5.7M        28M       3.2G

MemTotal:        4016004 kB
MemFree:          137180 kB
Active:           347644 kB
Mem:          3.8G       3.7G       133M       5.7M        28M       3.2G

MemTotal:        4016004 kB
MemFree:          137428 kB
Active:           347636 kB
Mem:          3.8G       3.7G       133M       5.7M        28M       3.2G

MemTotal:        4016004 kB
MemFree:          137428 kB
Active:           347596 kB
Mem:          3.8G       3.7G       134M       5.7M        28M       3.2G

MemTotal:        4016004 kB
MemFree:          137180 kB
Active:           347592 kB
Mem:          3.8G       3.7G       133M       5.7M        28M       3.2G

MemTotal:        4016004 kB
MemFree:          137180 kB
Active:           347632 kB
Mem:          3.8G       3.7G       133M       5.7M        28M       3.2G

MemTotal:        4016004 kB
MemFree:          137180 kB
Active:           347600 kB
Mem:          3.8G       3.7G       133M       5.7M        28M       3.2G

MemTotal:        4016004 kB
MemFree:          137180 kB
Active:           347608 kB
Mem:          3.8G       3.7G       133M       5.7M        28M       3.2G

MemTotal:        4016004 kB
MemFree:          137056 kB
Active:           347600 kB
Mem:          3.8G       3.7G       133M       5.7M        28M       3.2G

MemTotal:        4016004 kB
MemFree:          137180 kB
Active:           347648 kB
Mem:          3.8G       3.7G       133M       5.7M        28M       3.2G

MemTotal:        4016004 kB
MemFree:          137180 kB
Active:           347600 kB
Mem:          3.8G       3.7G       133M       5.7M        28M       3.2G

MemTotal:        4016004 kB
MemFree:          137056 kB
Active:           347612 kB
Mem:          3.8G       3.7G       133M       5.7M        28M       3.2G

MemTotal:        4016004 kB
MemFree:          137056 kB
Active:           347600 kB
Mem:          3.8G       3.7G       133M       5.7M        28M       3.2G

MemTotal:        4016004 kB
MemFree:          137428 kB
Active:           347608 kB
Mem:          3.8G       3.7G       133M       5.7M        28M       3.2G

MemTotal:        4016004 kB
MemFree:          137304 kB
Active:           347660 kB
Mem:          3.8G       3.7G       133M       5.7M        28M       3.2G

MemTotal:        4016004 kB
MemFree:          137304 kB
Active:           347640 kB
Mem:          3.8G       3.7G       133M       5.7M        28M       3.2G

MemTotal:        4016004 kB
MemFree:          137180 kB
Active:           347656 kB
Mem:          3.8G       3.7G       133M       5.7M        28M       3.2G

MemTotal:        4016004 kB
MemFree:          137304 kB
Active:           347664 kB
Mem:          3.8G       3.7G       133M       5.7M        28M       3.2G

MemTotal:        4016004 kB
MemFree:          137428 kB
Active:           347664 kB
Mem:          3.8G       3.7G       133M       5.7M        28M       3.2G

MemTotal:        4016004 kB
MemFree:          137304 kB
Active:           347616 kB
Mem:          3.8G       3.7G       133M       5.7M        28M       3.2G

MemTotal:        4016004 kB
MemFree:          137428 kB
Active:           347672 kB
Mem:          3.8G       3.7G       133M       5.7M        28M       3.2G

MemTotal:        4016004 kB
MemFree:          137304 kB
Active:           347620 kB
Mem:          3.8G       3.7G       133M       5.7M        28M       3.2G

MemTotal:        4016004 kB
MemFree:          137304 kB
Active:           347620 kB
Mem:          3.8G       3.7G       134M       5.7M        28M       3.2G

MemTotal:        4016004 kB
MemFree:          137304 kB
Active:           347624 kB
Mem:          3.8G       3.7G       133M       5.7M        28M       3.2G

MemTotal:        4016004 kB
MemFree:          137180 kB
Active:           347620 kB
Mem:          3.8G       3.7G       133M       5.7M        28M       3.2G

MemTotal:        4016004 kB
MemFree:          137304 kB
Active:           347652 kB
Mem:          3.8G       3.7G       133M       5.7M        28M       3.2G

MemTotal:        4016004 kB
MemFree:          137552 kB
Active:           347684 kB
Mem:          3.8G       3.7G       134M       5.7M        28M       3.2G

MemTotal:        4016004 kB
MemFree:          137552 kB
Active:           347632 kB
Mem:          3.8G       3.7G       134M       5.7M        28M       3.2G

MemTotal:        4016004 kB
MemFree:          137552 kB
Active:           347672 kB
Mem:          3.8G       3.7G       133M       5.7M        28M       3.2G

MemTotal:        4016004 kB
MemFree:          137180 kB
Active:           347684 kB
Mem:          3.8G       3.7G       133M       5.7M        28M       3.2G

MemTotal:        4016004 kB
MemFree:          137180 kB
Active:           347636 kB
Mem:          3.8G       3.7G       133M       5.7M        28M       3.2G

MemTotal:        4016004 kB
MemFree:          137056 kB
Active:           347692 kB
Mem:          3.8G       3.7G       133M       5.7M        28M       3.2G

MemTotal:        4016004 kB
MemFree:          137056 kB
Active:           347644 kB
Mem:          3.8G       3.7G       133M       5.7M        28M       3.2G

MemTotal:        4016004 kB
MemFree:          137056 kB
Active:           347692 kB
Mem:          3.8G       3.7G       133M       5.7M        28M       3.2G

MemTotal:        4016004 kB
MemFree:          137180 kB
Active:           347648 kB
Mem:          3.8G       3.7G       133M       5.7M        28M       3.2G

MemTotal:        4016004 kB
MemFree:          137304 kB
Active:           347704 kB
Mem:          3.8G       3.7G       133M       5.7M        28M       3.2G

MemTotal:        4016004 kB
MemFree:          137304 kB
Active:           347656 kB
Mem:          3.8G       3.7G       133M       5.7M        28M       3.2G

MemTotal:        4016004 kB
MemFree:          137428 kB
Active:           347704 kB
Mem:          3.8G       3.7G       134M       5.7M        28M       3.2G

MemTotal:        4016004 kB
MemFree:          137304 kB
Active:           347656 kB
Mem:          3.8G       3.7G       133M       5.7M        28M       3.2G

MemTotal:        4016004 kB
MemFree:          137552 kB
Active:           347712 kB
Mem:          3.8G       3.7G       133M       5.7M        28M       3.2G

MemTotal:        4016004 kB
MemFree:          137428 kB
Active:           347716 kB
Mem:          3.8G       3.7G       133M       5.7M        28M       3.2G

MemTotal:        4016004 kB
MemFree:          137428 kB
Active:           347668 kB
Mem:          3.8G       3.7G       133M       5.7M        28M       3.2G

MemTotal:        4016004 kB
MemFree:          137428 kB
Active:           347716 kB
Mem:          3.8G       3.7G       134M       5.7M        28M       3.2G

MemTotal:        4016004 kB
MemFree:          137304 kB
Active:           347712 kB
Mem:          3.8G       3.7G       133M       5.7M        28M       3.2G

MemTotal:        4016004 kB
MemFree:          137180 kB
Active:           347716 kB
Mem:          3.8G       3.7G       133M       5.7M        28M       3.2G

MemTotal:        4016004 kB
MemFree:          137180 kB
Active:           347724 kB
Mem:          3.8G       3.7G       134M       5.7M        28M       3.2G

MemTotal:        4016004 kB
MemFree:          137428 kB
Active:           347684 kB
Mem:          3.8G       3.7G       133M       5.7M        28M       3.2G

MemTotal:        4016004 kB
MemFree:          137552 kB
Active:           347720 kB
Mem:          3.8G       3.7G       133M       5.7M        28M       3.2G

MemTotal:        4016004 kB
MemFree:          137304 kB
Active:           347680 kB
Mem:          3.8G       3.7G       133M       5.7M        28M       3.2G

MemTotal:        4016004 kB
MemFree:          137428 kB
Active:           347732 kB
Mem:          3.8G       3.7G       133M       5.7M        28M       3.2G

MemTotal:        4016004 kB
MemFree:          137428 kB
Active:           347684 kB
Mem:          3.8G       3.7G       133M       5.7M        28M       3.2G

MemTotal:        4016004 kB
MemFree:          137552 kB
Active:           347748 kB
Mem:          3.8G       3.7G       133M       5.7M        28M       3.2G

MemTotal:        4016004 kB
MemFree:          137552 kB
Active:           347704 kB
Mem:          3.8G       3.7G       133M       5.7M        28M       3.2G

MemTotal:        4016004 kB
MemFree:          137428 kB
Active:           347692 kB
Mem:          3.8G       3.7G       133M       5.7M        28M       3.2G

MemTotal:        4016004 kB
MemFree:          137304 kB
Active:           347720 kB
Mem:          3.8G       3.7G       133M       5.7M        28M       3.2G

MemTotal:        4016004 kB
MemFree:          137180 kB
Active:           347744 kB
Mem:          3.8G       3.7G       133M       5.7M        28M       3.2G

MemTotal:        4016004 kB
MemFree:          137056 kB
Active:           347736 kB
Mem:          3.8G       3.7G       133M       5.7M        28M       3.2G

MemTotal:        4016004 kB
MemFree:          137180 kB
Active:           347696 kB
Mem:          3.8G       3.7G       133M       5.7M        28M       3.2G

MemTotal:        4016004 kB
MemFree:          137180 kB
Active:           347732 kB
Mem:          3.8G       3.7G       133M       5.7M        28M       3.2G

MemTotal:        4016004 kB
MemFree:          137180 kB
Active:           347704 kB
Mem:          3.8G       3.7G       133M       5.7M        28M       3.2G

MemTotal:        4016004 kB
MemFree:          137180 kB
Active:           347864 kB
Mem:          3.8G       3.7G       133M       5.7M        28M       3.2G

MemTotal:        4016004 kB
MemFree:          136808 kB
Active:           347868 kB
Mem:          3.8G       3.7G       133M       5.7M        28M       3.2G

MemTotal:        4016004 kB
MemFree:          136296 kB
Active:           347924 kB
Mem:          3.8G       3.7G       133M       5.7M        28M       3.2G

MemTotal:        4016004 kB
MemFree:          136420 kB
Active:           347872 kB
Mem:          3.8G       3.7G       132M       5.7M        28M       3.2G

MemTotal:        4016004 kB
MemFree:          136172 kB
Active:           347876 kB
Mem:          3.8G       3.7G       132M       5.7M        28M       3.2G

MemTotal:        4016004 kB
MemFree:          136296 kB
Active:           347924 kB
Mem:          3.8G       3.7G       132M       5.7M        28M       3.2G

MemTotal:        4016004 kB
MemFree:          136296 kB
Active:           347916 kB
Mem:          3.8G       3.7G       132M       5.7M        28M       3.2G

MemTotal:        4016004 kB
MemFree:          136172 kB
Active:           347928 kB
Mem:          3.8G       3.7G       132M       5.7M        28M       3.2G

MemTotal:        4016004 kB
MemFree:          136048 kB
Active:           347880 kB
Mem:          3.8G       3.7G       132M       5.7M        28M       3.2G

MemTotal:        4016004 kB
MemFree:          135800 kB
Active:           347928 kB
Mem:          3.8G       3.7G       132M       5.7M        28M       3.2G

MemTotal:        4016004 kB
MemFree:          135676 kB
Active:           347940 kB
Mem:          3.8G       3.7G       132M       5.7M        28M       3.2G

MemTotal:        4016004 kB
MemFree:          135676 kB
Active:           347932 kB
Mem:          3.8G       3.7G       131M       5.7M        28M       3.2G

MemTotal:        4016004 kB
MemFree:          135676 kB
Active:           347888 kB
Mem:          3.8G       3.7G       132M       5.7M        28M       3.2G

MemTotal:        4016004 kB
MemFree:          135800 kB
Active:           347924 kB
Mem:          3.8G       3.7G       132M       5.7M        28M       3.2G

MemTotal:        4016004 kB
MemFree:          135676 kB
Active:           347940 kB
Mem:          3.8G       3.7G       132M       5.7M        28M       3.2G

MemTotal:        4016004 kB
MemFree:          135924 kB
Active:           347940 kB
Mem:          3.8G       3.7G       132M       5.7M        28M       3.2G

MemTotal:        4016004 kB
MemFree:          135800 kB
Active:           347896 kB
Mem:          3.8G       3.7G       132M       5.7M        28M       3.2G

MemTotal:        4016004 kB
MemFree:          136172 kB
Active:           347928 kB
Mem:          3.8G       3.7G       132M       5.7M        28M       3.2G

MemTotal:        4016004 kB
MemFree:          136188 kB
Active:           347920 kB
Mem:          3.8G       3.7G       132M       5.7M        28M       3.2G

MemTotal:        4016004 kB
MemFree:          136188 kB
Active:           347888 kB
Mem:          3.8G       3.7G       133M       5.7M        28M       3.2G

MemTotal:        4016004 kB
MemFree:          136188 kB
Active:           347940 kB
Mem:          3.8G       3.7G       132M       5.7M        28M       3.2G

MemTotal:        4016004 kB
MemFree:          136188 kB
Active:           347924 kB
Mem:          3.8G       3.7G       132M       5.7M        28M       3.2G

MemTotal:        4016004 kB
MemFree:          136188 kB
Active:           347896 kB
Mem:          3.8G       3.7G       132M       5.7M        28M       3.2G

MemTotal:        4016004 kB
MemFree:          135692 kB
Active:           347896 kB
Mem:          3.8G       3.7G       132M       5.7M        28M       3.2G

MemTotal:        4016004 kB
MemFree:          135692 kB
Active:           347900 kB
Mem:          3.8G       3.7G       132M       5.7M        28M       3.2G

MemTotal:        4016004 kB
MemFree:          135692 kB
Active:           347948 kB
Mem:          3.8G       3.7G       132M       5.7M        28M       3.2G

MemTotal:        4016004 kB
MemFree:          136064 kB
Active:           347960 kB
Mem:          3.8G       3.7G       132M       5.7M        28M       3.2G

MemTotal:        4016004 kB
MemFree:          135816 kB
Active:           347908 kB
Mem:          3.8G       3.7G       132M       5.7M        28M       3.2G

MemTotal:        4016004 kB
MemFree:          135940 kB
Active:           347908 kB
Mem:          3.8G       3.7G       132M       5.7M        28M       3.2G

MemTotal:        4016004 kB
MemFree:          135940 kB
Active:           347964 kB
Mem:          3.8G       3.7G       132M       5.7M        28M       3.2G

MemTotal:        4016004 kB
MemFree:          135940 kB
Active:           347916 kB
Mem:          3.8G       3.7G       132M       5.7M        28M       3.2G

MemTotal:        4016004 kB
MemFree:          136064 kB
Active:           347920 kB
Mem:          3.8G       3.7G       132M       5.7M        28M       3.2G

MemTotal:        4016004 kB
MemFree:          135940 kB
Active:           347956 kB
Mem:          3.8G       3.7G       132M       5.7M        28M       3.2G

MemTotal:        4016004 kB
MemFree:          136064 kB
Active:           347976 kB
Mem:          3.8G       3.7G       132M       5.7M        28M       3.2G

MemTotal:        4016004 kB
MemFree:          135692 kB
Active:           347972 kB
Mem:          3.8G       3.7G       132M       5.7M        28M       3.2G

MemTotal:        4016004 kB
MemFree:          135816 kB
Active:           347984 kB
Mem:          3.8G       3.7G       132M       5.7M        28M       3.2G

MemTotal:        4016004 kB
MemFree:          135816 kB
Active:           347952 kB
Mem:          3.8G       3.7G       132M       5.7M        28M       3.2G

MemTotal:        4016004 kB
MemFree:          135692 kB
Active:           347964 kB
Mem:          3.8G       3.7G       132M       5.7M        28M       3.2G

MemTotal:        4016004 kB
MemFree:          135816 kB
Active:           347976 kB
Mem:          3.8G       3.7G       132M       5.7M        28M       3.2G

MemTotal:        4016004 kB
MemFree:          136064 kB
Active:           347976 kB
Mem:          3.8G       3.7G       132M       5.7M        28M       3.2G

MemTotal:        4016004 kB
MemFree:          136064 kB
Active:           347964 kB
Mem:          3.8G       3.7G       132M       5.7M        28M       3.2G

MemTotal:        4016004 kB
MemFree:          136064 kB
Active:           347976 kB
Mem:          3.8G       3.7G       132M       5.7M        28M       3.2G

MemTotal:        4016004 kB
MemFree:          135692 kB
Active:           347940 kB
Mem:          3.8G       3.7G       132M       5.7M        28M       3.2G

MemTotal:        4016004 kB
MemFree:          135692 kB
Active:           347988 kB
Mem:          3.8G       3.7G       132M       5.7M        28M       3.2G

MemTotal:        4016004 kB
MemFree:          135692 kB
Active:           347956 kB
Mem:          3.8G       3.7G       132M       5.7M        28M       3.2G

MemTotal:        4016004 kB
MemFree:          135692 kB
Active:           348000 kB
Mem:          3.8G       3.7G       132M       5.7M        28M       3.2G

MemTotal:        4016004 kB
MemFree:          135692 kB
Active:           347948 kB
Mem:          3.8G       3.7G       132M       5.7M        28M       3.2G

MemTotal:        4016004 kB
MemFree:          135848 kB
Active:           347996 kB
Mem:          3.8G       3.7G       132M       5.7M        28M       3.2G

MemTotal:        4016004 kB
MemFree:          135848 kB
Active:           347952 kB
Mem:          3.8G       3.7G       132M       5.7M        28M       3.2G

MemTotal:        4016004 kB
MemFree:          135848 kB
Active:           348008 kB
Mem:          3.8G       3.7G       132M       5.7M        28M       3.2G

MemTotal:        4016004 kB
MemFree:          135848 kB
Active:           347956 kB
Mem:          3.8G       3.7G       132M       5.7M        28M       3.2G

MemTotal:        4016004 kB
MemFree:          135848 kB
Active:           348008 kB
Mem:          3.8G       3.7G       132M       5.7M        28M       3.2G

MemTotal:        4016004 kB
MemFree:          135848 kB
Active:           348008 kB
Mem:          3.8G       3.7G       132M       5.7M        28M       3.2G

MemTotal:        4016004 kB
MemFree:          135724 kB
Active:           348004 kB
Mem:          3.8G       3.7G       132M       5.7M        28M       3.2G

MemTotal:        4016004 kB
MemFree:          135848 kB
Active:           348004 kB
Mem:          3.8G       3.7G       132M       5.7M        28M       3.2G

MemTotal:        4016004 kB
MemFree:          135724 kB
Active:           348016 kB
Mem:          3.8G       3.7G       132M       5.7M        28M       3.2G

MemTotal:        4016004 kB
MemFree:          136096 kB
Active:           348004 kB
Mem:          3.8G       3.7G       132M       5.7M        28M       3.2G

MemTotal:        4016004 kB
MemFree:          135848 kB
Active:           348008 kB
Mem:          3.8G       3.7G       132M       5.7M        28M       3.2G

MemTotal:        4016004 kB
MemFree:          136220 kB
Active:           348016 kB
Mem:          3.8G       3.7G       132M       5.7M        28M       3.2G

MemTotal:        4016004 kB
MemFree:          136220 kB
Active:           348016 kB
Mem:          3.8G       3.7G       132M       5.7M        28M       3.2G

MemTotal:        4016004 kB
MemFree:          136220 kB
Active:           348024 kB
Mem:          3.8G       3.7G       132M       5.7M        28M       3.2G

MemTotal:        4016004 kB
MemFree:          136096 kB
Active:           348016 kB
Mem:          3.8G       3.7G       132M       5.7M        28M       3.2G

MemTotal:        4016004 kB
MemFree:          136096 kB
Active:           348016 kB
Mem:          3.8G       3.7G       132M       5.7M        28M       3.2G

MemTotal:        4016004 kB
MemFree:          136220 kB
Active:           347980 kB
Mem:          3.8G       3.7G       132M       5.7M        28M       3.2G

MemTotal:        4016004 kB
MemFree:          135724 kB
Active:           347992 kB
Mem:          3.8G       3.7G       132M       5.7M        28M       3.2G

MemTotal:        4016004 kB
MemFree:          135724 kB
Active:           348032 kB
Mem:          3.8G       3.7G       132M       5.7M        28M       3.2G

MemTotal:        4016004 kB
MemFree:          135724 kB
Active:           348036 kB
Mem:          3.8G       3.7G       132M       5.7M        28M       3.2G

MemTotal:        4016004 kB
MemFree:          135848 kB
Active:           347988 kB
Mem:          3.8G       3.7G       132M       5.7M        28M       3.2G

MemTotal:        4016004 kB
MemFree:          135972 kB
Active:           348036 kB
Mem:          3.8G       3.7G       132M       5.7M        28M       3.2G

MemTotal:        4016004 kB
MemFree:          135972 kB
Active:           348032 kB
Mem:          3.8G       3.7G       132M       5.7M        28M       3.2G

MemTotal:        4016004 kB
MemFree:          135972 kB
Active:           348012 kB
Mem:          3.8G       3.7G       132M       5.7M        28M       3.2G

MemTotal:        4016004 kB
MemFree:          135972 kB
Active:           348040 kB
Mem:          3.8G       3.7G       132M       5.7M        28M       3.2G

MemTotal:        4016004 kB
MemFree:          136220 kB
Active:           347996 kB
Mem:          3.8G       3.7G       132M       5.7M        28M       3.2G

MemTotal:        4016004 kB
MemFree:          135972 kB
Active:           348044 kB
Mem:          3.8G       3.7G       132M       5.7M        28M       3.2G

MemTotal:        4016004 kB
MemFree:          136096 kB
Active:           348028 kB
Mem:          3.8G       3.7G       132M       5.7M        28M       3.2G

MemTotal:        4016004 kB
MemFree:          135724 kB
Active:           348048 kB
Mem:          3.8G       3.7G       132M       5.7M        28M       3.2G

MemTotal:        4016004 kB
MemFree:          135600 kB
Active:           348000 kB
Mem:          3.8G       3.7G       131M       5.7M        28M       3.2G

MemTotal:        4016004 kB
MemFree:          135724 kB
Active:           348056 kB
Mem:          3.8G       3.7G       132M       5.7M        28M       3.2G

MemTotal:        4016004 kB
MemFree:          135724 kB
Active:           348052 kB
Mem:          3.8G       3.7G       132M       5.7M        28M       3.2G

MemTotal:        4016004 kB
MemFree:          135724 kB
Active:           348004 kB
Mem:          3.8G       3.7G       132M       5.7M        28M       3.2G

MemTotal:        4016004 kB
MemFree:          135600 kB
Active:           348012 kB
Mem:          3.8G       3.7G       132M       5.7M        28M       3.2G

MemTotal:        4016004 kB
MemFree:          135848 kB
Active:           348008 kB
Mem:          3.8G       3.7G       132M       5.7M        28M       3.2G

MemTotal:        4016004 kB
MemFree:          135724 kB
Active:           348064 kB
Mem:          3.8G       3.7G       132M       5.7M        28M       3.2G

MemTotal:        4016004 kB
MemFree:          135972 kB
Active:           348020 kB
Mem:          3.8G       3.7G       132M       5.7M        28M       3.2G

MemTotal:        4016004 kB
MemFree:          135972 kB
Active:           348016 kB
Mem:          3.8G       3.7G       132M       5.7M        28M       3.2G

MemTotal:        4016004 kB
MemFree:          135972 kB
Active:           348052 kB
Mem:          3.8G       3.7G       132M       5.7M        28M       3.2G

MemTotal:        4016004 kB
MemFree:          136096 kB
Active:           348068 kB
Mem:          3.8G       3.7G       132M       5.7M        28M       3.2G

MemTotal:        4016004 kB
MemFree:          135972 kB
Active:           348068 kB
Mem:          3.8G       3.7G       132M       5.7M        28M       3.2G

MemTotal:        4016004 kB
MemFree:          136096 kB
Active:           348016 kB
Mem:          3.8G       3.7G       132M       5.7M        28M       3.2G

MemTotal:        4016004 kB
MemFree:          135724 kB
Active:           348072 kB
Mem:          3.8G       3.7G       132M       5.7M        28M       3.2G

MemTotal:        4016004 kB
MemFree:          135724 kB
Active:           348072 kB
Mem:          3.8G       3.7G       132M       5.7M        28M       3.2G

MemTotal:        4016004 kB
MemFree:          134980 kB
Active:           348192 kB
Mem:          3.8G       3.7G       131M       5.7M        28M       3.2G

MemTotal:        4016004 kB
MemFree:          135476 kB
Active:           348188 kB
Mem:          3.8G       3.7G       132M       5.7M        28M       3.2G

MemTotal:        4016004 kB
MemFree:          135476 kB
Active:           348152 kB
Mem:          3.8G       3.7G       132M       5.7M        28M       3.2G

MemTotal:        4016004 kB
MemFree:          135476 kB
Active:           348200 kB
Mem:          3.8G       3.7G       132M       5.7M        28M       3.2G

MemTotal:        4016004 kB
MemFree:          135600 kB
Active:           348204 kB
Mem:          3.8G       3.7G       131M       5.7M        28M       3.2G

MemTotal:        4016004 kB
MemFree:          135476 kB
Active:           348200 kB
Mem:          3.8G       3.7G       131M       5.7M        28M       3.2G

MemTotal:        4016004 kB
MemFree:          135476 kB
Active:           348196 kB
Mem:          3.8G       3.7G       131M       5.7M        28M       3.2G

MemTotal:        4016004 kB
MemFree:          135228 kB
Active:           348156 kB
Mem:          3.8G       3.7G       131M       5.7M        28M       3.2G

MemTotal:        4016004 kB
MemFree:          135104 kB
Active:           348156 kB
Mem:          3.8G       3.7G       131M       5.7M        28M       3.2G

MemTotal:        4016004 kB
MemFree:          135104 kB
Active:           348184 kB
Mem:          3.8G       3.7G       131M       5.7M        28M       3.2G

MemTotal:        4016004 kB
MemFree:          135228 kB
Active:           348208 kB
Mem:          3.8G       3.7G       131M       5.7M        28M       3.2G

MemTotal:        4016004 kB
MemFree:          135228 kB
Active:           348192 kB
Mem:          3.8G       3.7G       131M       5.7M        28M       3.2G

MemTotal:        4016004 kB
MemFree:          135352 kB
Active:           348168 kB
Mem:          3.8G       3.7G       131M       5.7M        28M       3.2G

MemTotal:        4016004 kB
MemFree:          135228 kB
Active:           348192 kB
Mem:          3.8G       3.7G       131M       5.7M        28M       3.2G

MemTotal:        4016004 kB
MemFree:          135352 kB
Active:           348216 kB
Mem:          3.8G       3.7G       131M       5.7M        28M       3.2G

MemTotal:        4016004 kB
MemFree:          135228 kB
Active:           348212 kB
Mem:          3.8G       3.7G       131M       5.7M        28M       3.2G

MemTotal:        4016004 kB
MemFree:          134980 kB
Active:           348176 kB
Mem:          3.8G       3.7G       131M       5.7M        28M       3.2G

MemTotal:        4016004 kB
MemFree:          135104 kB
Active:           348204 kB
Mem:          3.8G       3.7G       131M       5.7M        28M       3.2G

MemTotal:        4016004 kB
MemFree:          135104 kB
Active:           348172 kB
Mem:          3.8G       3.7G       131M       5.7M        28M       3.2G

MemTotal:        4016004 kB
MemFree:          135104 kB
Active:           348228 kB
Mem:          3.8G       3.7G       131M       5.7M        28M       3.2G

MemTotal:        4016004 kB
MemFree:          135228 kB
Active:           348224 kB
Mem:          3.8G       3.7G       131M       5.7M        28M       3.2G

MemTotal:        4016004 kB
MemFree:          134980 kB
Active:           348212 kB
Mem:          3.8G       3.7G       131M       5.7M        28M       3.2G

MemTotal:        4016004 kB
MemFree:          135104 kB
Active:           348232 kB
Mem:          3.8G       3.7G       131M       5.7M        28M       3.2G

MemTotal:        4016004 kB
MemFree:          135352 kB
Active:           348228 kB
Mem:          3.8G       3.7G       131M       5.7M        28M       3.2G

MemTotal:        4016004 kB
MemFree:          135476 kB
Active:           348184 kB
Mem:          3.8G       3.7G       131M       5.7M        28M       3.2G

MemTotal:        4016004 kB
MemFree:          135476 kB
Active:           348180 kB
Mem:          3.8G       3.7G       132M       5.7M        28M       3.2G

MemTotal:        4016004 kB
MemFree:          135352 kB
Active:           348224 kB
Mem:          3.8G       3.7G       131M       5.7M        28M       3.2G

MemTotal:        4016004 kB
MemFree:          135352 kB
Active:           348188 kB
Mem:          3.8G       3.7G       131M       5.7M        28M       3.2G

MemTotal:        4016004 kB
MemFree:          135476 kB
Active:           348184 kB
Mem:          3.8G       3.7G       131M       5.7M        28M       3.2G

MemTotal:        4016004 kB
MemFree:          135104 kB
Active:           348208 kB
Mem:          3.8G       3.7G       131M       5.7M        28M       3.2G

MemTotal:        4016004 kB
MemFree:          135416 kB
Active:           347992 kB
Mem:          3.8G       3.7G       131M       5.7M        28M       3.2G

MemTotal:        4016004 kB
MemFree:          134796 kB
Active:           347940 kB
Mem:          3.8G       3.7G       131M       5.7M        28M       3.2G

MemTotal:        4016004 kB
MemFree:          134796 kB
Active:           347944 kB
Mem:          3.8G       3.7G       131M       5.7M        28M       3.2G

MemTotal:        4016004 kB
MemFree:          134796 kB
Active:           347960 kB
Mem:          3.8G       3.7G       131M       5.7M        28M       3.2G

MemTotal:        4016004 kB
MemFree:          134672 kB
Active:           347996 kB
Mem:          3.8G       3.7G       131M       5.7M        28M       3.2G

MemTotal:        4016004 kB
MemFree:          134672 kB
Active:           347960 kB
Mem:          3.8G       3.7G       131M       5.7M        28M       3.2G

MemTotal:        4016004 kB
MemFree:          134672 kB
Active:           347964 kB
Mem:          3.8G       3.7G       131M       5.7M        28M       3.2G

MemTotal:        4016004 kB
MemFree:          134796 kB
Active:           347968 kB
Mem:          3.8G       3.7G       131M       5.7M        28M       3.2G

MemTotal:        4016004 kB
MemFree:          134828 kB
Active:           347964 kB
Mem:          3.8G       3.7G       131M       5.7M        28M       3.2G

MemTotal:        4016004 kB
MemFree:          134828 kB
Active:           347968 kB
Mem:          3.8G       3.7G       131M       5.7M        28M       3.2G

MemTotal:        4016004 kB
MemFree:          134952 kB
Active:           347968 kB
Mem:          3.8G       3.7G       131M       5.7M        28M       3.2G

MemTotal:        4016004 kB
MemFree:          134828 kB
Active:           348008 kB
Mem:          3.8G       3.7G       131M       5.7M        28M       3.2G

MemTotal:        4016004 kB
MemFree:          134952 kB
Active:           348008 kB
Mem:          3.8G       3.7G       131M       5.7M        28M       3.2G

MemTotal:        4016004 kB
MemFree:          134580 kB
Active:           348032 kB
Mem:          3.8G       3.7G       131M       5.7M        28M       3.2G

MemTotal:        4016004 kB
MemFree:          135200 kB
Active:           348016 kB
Mem:          3.8G       3.7G       131M       5.7M        28M       3.2G

MemTotal:        4016004 kB
MemFree:          135076 kB
Active:           348012 kB
Mem:          3.8G       3.7G       131M       5.7M        28M       3.2G

MemTotal:        4016004 kB
MemFree:          135200 kB
Active:           348016 kB
Mem:          3.8G       3.7G       131M       5.7M        28M       3.2G

MemTotal:        4016004 kB
MemFree:          135200 kB
Active:           348016 kB
Mem:          3.8G       3.7G       132M       5.7M        28M       3.2G

MemTotal:        4016004 kB
MemFree:          135572 kB
Active:           348016 kB
Mem:          3.8G       3.7G       132M       5.7M        28M       3.2G

MemTotal:        4016004 kB
MemFree:          135448 kB
Active:           348032 kB
Mem:          3.8G       3.7G       132M       5.7M        28M       3.2G

MemTotal:        4016004 kB
MemFree:          135448 kB
Active:           348028 kB
Mem:          3.8G       3.7G       132M       5.7M        28M       3.2G

MemTotal:        4016004 kB
MemFree:          135200 kB
Active:           347984 kB
Mem:          3.8G       3.7G       132M       5.7M        28M       3.2G

MemTotal:        4016004 kB
MemFree:          135200 kB
Active:           347984 kB
Mem:          3.8G       3.7G       132M       5.7M        28M       3.2G

MemTotal:        4016004 kB
MemFree:          135200 kB
Active:           348036 kB
Mem:          3.8G       3.7G       132M       5.7M        28M       3.2G

MemTotal:        4016004 kB
MemFree:          135324 kB
Active:           348028 kB
Mem:          3.8G       3.7G       132M       5.7M        28M       3.2G

MemTotal:        4016004 kB
MemFree:          134828 kB
Active:           348052 kB
Mem:          3.8G       3.7G       131M       5.7M        28M       3.2G

MemTotal:        4016004 kB
MemFree:          135324 kB
Active:           348028 kB
Mem:          3.8G       3.7G       132M       5.7M        28M       3.2G

MemTotal:        4016004 kB
MemFree:          134952 kB
Active:           348064 kB
Mem:          3.8G       3.7G       132M       5.7M        28M       3.2G

MemTotal:        4016004 kB
MemFree:          134952 kB
Active:           348064 kB
Mem:          3.8G       3.7G       131M       5.7M        28M       3.2G

MemTotal:        4016004 kB
MemFree:          134952 kB
Active:           348064 kB
Mem:          3.8G       3.7G       131M       5.7M        28M       3.2G

MemTotal:        4016004 kB
MemFree:          135076 kB
Active:           348008 kB
Mem:          3.8G       3.7G       131M       5.7M        28M       3.2G

MemTotal:        4016004 kB
MemFree:          135200 kB
Active:           348016 kB
Mem:          3.8G       3.7G       131M       5.7M        28M       3.2G

MemTotal:        4016004 kB
MemFree:          134952 kB
Active:           348064 kB
